[2025-06-03T16:00:26.684+0530][0.011s] Using G1
[2025-06-03T16:00:26.688+0530][0.015s] Version: 17.0.8+9-LTS-211 (release)
[2025-06-03T16:00:26.688+0530][0.015s] CPUs: 8 total, 8 available
[2025-06-03T16:00:26.688+0530][0.015s] Memory: 16384M
[2025-06-03T16:00:26.688+0530][0.015s] Large Page Support: Disabled
[2025-06-03T16:00:26.688+0530][0.015s] NUMA Support: Disabled
[2025-06-03T16:00:26.688+0530][0.015s] Compressed Oops: Enabled (Zero based)
[2025-06-03T16:00:26.688+0530][0.015s] Heap Region Size: 1M
[2025-06-03T16:00:26.688+0530][0.015s] Heap Min Capacity: 512M
[2025-06-03T16:00:26.688+0530][0.015s] Heap Initial Capacity: 512M
[2025-06-03T16:00:26.688+0530][0.015s] Heap Max Capacity: 512M
[2025-06-03T16:00:26.688+0530][0.015s] Pre-touch: Disabled
[2025-06-03T16:00:26.688+0530][0.015s] Parallel Workers: 8
[2025-06-03T16:00:26.688+0530][0.015s] Concurrent Workers: 2
[2025-06-03T16:00:26.688+0530][0.015s] Concurrent Refinement Workers: 8
[2025-06-03T16:00:26.688+0530][0.015s] Periodic GC: Disabled
[2025-06-03T16:00:26.696+0530][0.024s] CDS archive(s) mapped at: [0x0000000121000000-0x0000000121be4000-0x0000000121be4000), size 12468224, SharedBaseAddress: 0x0000000121000000, ArchiveRelocationMode: 1.
[2025-06-03T16:00:26.696+0530][0.024s] Compressed class space mapped at: 0x0000000122000000-0x0000000129000000, reserved size: 117440512
[2025-06-03T16:00:26.696+0530][0.024s] Narrow klass base: 0x0000000121000000, Narrow klass shift: 0, Narrow klass range: 0x100000000
[2025-06-03T16:00:27.230+0530][0.557s] GC(0) Pause Young (Normal) (G1 Evacuation Pause)
[2025-06-03T16:00:27.230+0530][0.557s] GC(0) Using 8 workers of 8 for evacuation
[2025-06-03T16:00:27.233+0530][0.559s] GC(0) Skipped phase 1 of Reference Processing: no references
[2025-06-03T16:00:27.233+0530][0.559s] GC(0) ReferenceProcessor::execute queues: 1, RefProcThreadModel::Single, marks_oops_alive: false
[2025-06-03T16:00:27.233+0530][0.559s] GC(0) Skipped phase 3 of Reference Processing: no references
[2025-06-03T16:00:27.233+0530][0.559s] GC(0) ReferenceProcessor::execute queues: 1, RefProcThreadModel::Single, marks_oops_alive: false
[2025-06-03T16:00:27.233+0530][0.560s] GC(0)   Pre Evacuate Collection Set: 0.1ms
[2025-06-03T16:00:27.233+0530][0.560s] GC(0)   Merge Heap Roots: 0.1ms
[2025-06-03T16:00:27.233+0530][0.560s] GC(0)   Evacuate Collection Set: 1.9ms
[2025-06-03T16:00:27.233+0530][0.560s] GC(0)   Post Evacuate Collection Set: 0.4ms
[2025-06-03T16:00:27.233+0530][0.560s] GC(0)   Other: 0.6ms
[2025-06-03T16:00:27.233+0530][0.560s] GC(0) Eden regions: 25->0(45)
[2025-06-03T16:00:27.233+0530][0.560s] GC(0) Survivor regions: 0->3(4)
[2025-06-03T16:00:27.233+0530][0.560s] GC(0) Old regions: 0->0
[2025-06-03T16:00:27.233+0530][0.560s] GC(0) Archive regions: 2->2
[2025-06-03T16:00:27.233+0530][0.560s] GC(0) Humongous regions: 0->0
[2025-06-03T16:00:27.233+0530][0.560s] GC(0) Metaspace: 5644K(5952K)->5644K(5952K) NonClass: 4960K(5120K)->4960K(5120K) Class: 683K(832K)->683K(832K)
[2025-06-03T16:00:27.233+0530][0.560s] GC(0) Pause Young (Normal) (G1 Evacuation Pause) 25M->3M(512M) 3.201ms
[2025-06-03T16:00:27.233+0530][0.560s] GC(0) User=0.01s Sys=0.00s Real=0.00s
[2025-06-03T16:00:28.010+0530][1.335s] GC(1) Pause Young (Normal) (G1 Evacuation Pause)
[2025-06-03T16:00:28.010+0530][1.335s] GC(1) Using 8 workers of 8 for evacuation
[2025-06-03T16:00:28.015+0530][1.340s] GC(1) Skipped phase 1 of Reference Processing: no references
[2025-06-03T16:00:28.015+0530][1.340s] GC(1) ReferenceProcessor::execute queues: 2, RefProcThreadModel::Multi, marks_oops_alive: false
[2025-06-03T16:00:28.015+0530][1.341s] GC(1) Skipped phase 3 of Reference Processing: no references
[2025-06-03T16:00:28.015+0530][1.341s] GC(1) ReferenceProcessor::execute queues: 2, RefProcThreadModel::Multi, marks_oops_alive: false
[2025-06-03T16:00:28.016+0530][1.341s] GC(1)   Pre Evacuate Collection Set: 0.1ms
[2025-06-03T16:00:28.016+0530][1.341s] GC(1)   Merge Heap Roots: 0.0ms
[2025-06-03T16:00:28.016+0530][1.341s] GC(1)   Evacuate Collection Set: 5.0ms
[2025-06-03T16:00:28.016+0530][1.341s] GC(1)   Post Evacuate Collection Set: 0.7ms
[2025-06-03T16:00:28.016+0530][1.341s] GC(1)   Other: 0.1ms
[2025-06-03T16:00:28.016+0530][1.341s] GC(1) Eden regions: 45->0(132)
[2025-06-03T16:00:28.016+0530][1.341s] GC(1) Survivor regions: 3->5(6)
[2025-06-03T16:00:28.016+0530][1.341s] GC(1) Old regions: 0->0
[2025-06-03T16:00:28.016+0530][1.341s] GC(1) Archive regions: 2->2
[2025-06-03T16:00:28.016+0530][1.341s] GC(1) Humongous regions: 0->0
[2025-06-03T16:00:28.016+0530][1.341s] GC(1) Metaspace: 12774K(13120K)->12774K(13120K) NonClass: 11082K(11264K)->11082K(11264K) Class: 1691K(1856K)->1691K(1856K)
[2025-06-03T16:00:28.016+0530][1.341s] GC(1) Pause Young (Normal) (G1 Evacuation Pause) 48M->5M(512M) 6.048ms
[2025-06-03T16:00:28.016+0530][1.341s] GC(1) User=0.04s Sys=0.00s Real=0.00s
[2025-06-03T16:00:30.077+0530][3.400s] GC(2) Pause Young (Normal) (G1 Evacuation Pause)
[2025-06-03T16:00:30.077+0530][3.400s] GC(2) Using 8 workers of 8 for evacuation
[2025-06-03T16:00:30.094+0530][3.416s] GC(2) Skipped phase 1 of Reference Processing: no references
[2025-06-03T16:00:30.094+0530][3.416s] GC(2) ReferenceProcessor::execute queues: 2, RefProcThreadModel::Multi, marks_oops_alive: false
[2025-06-03T16:00:30.094+0530][3.417s] GC(2) Skipped phase 3 of Reference Processing: no references
[2025-06-03T16:00:30.094+0530][3.417s] GC(2) ReferenceProcessor::execute queues: 1, RefProcThreadModel::Single, marks_oops_alive: false
[2025-06-03T16:00:30.095+0530][3.417s] GC(2)   Pre Evacuate Collection Set: 0.1ms
[2025-06-03T16:00:30.095+0530][3.417s] GC(2)   Merge Heap Roots: 0.1ms
[2025-06-03T16:00:30.095+0530][3.417s] GC(2)   Evacuate Collection Set: 16.2ms
[2025-06-03T16:00:30.095+0530][3.417s] GC(2)   Post Evacuate Collection Set: 0.9ms
[2025-06-03T16:00:30.095+0530][3.417s] GC(2)   Other: 0.3ms
[2025-06-03T16:00:30.095+0530][3.417s] GC(2) Eden regions: 132->0(298)
[2025-06-03T16:00:30.095+0530][3.417s] GC(2) Survivor regions: 5->9(18)
[2025-06-03T16:00:30.095+0530][3.417s] GC(2) Old regions: 0->0
[2025-06-03T16:00:30.095+0530][3.417s] GC(2) Archive regions: 2->2
[2025-06-03T16:00:30.095+0530][3.417s] GC(2) Humongous regions: 0->0
[2025-06-03T16:00:30.095+0530][3.417s] GC(2) Metaspace: 14747K(15104K)->14747K(15104K) NonClass: 12810K(12992K)->12810K(12992K) Class: 1937K(2112K)->1937K(2112K)
[2025-06-03T16:00:30.095+0530][3.417s] GC(2) Pause Young (Normal) (G1 Evacuation Pause) 137M->9M(512M) 17.693ms
[2025-06-03T16:00:30.095+0530][3.417s] GC(2) User=0.05s Sys=0.03s Real=0.02s
[2025-06-03T16:00:33.747+0530][7.064s] GC(3) Pause Young (Normal) (G1 Evacuation Pause)
[2025-06-03T16:00:33.747+0530][7.064s] GC(3) Using 8 workers of 8 for evacuation
[2025-06-03T16:00:33.807+0530][7.125s] GC(3) Skipped phase 1 of Reference Processing: no references
[2025-06-03T16:00:33.807+0530][7.125s] GC(3) ReferenceProcessor::execute queues: 2, RefProcThreadModel::Multi, marks_oops_alive: false
[2025-06-03T16:00:33.808+0530][7.125s] GC(3) Skipped phase 3 of Reference Processing: no references
[2025-06-03T16:00:33.808+0530][7.125s] GC(3) ReferenceProcessor::execute queues: 1, RefProcThreadModel::Single, marks_oops_alive: false
[2025-06-03T16:00:33.808+0530][7.126s] GC(3)   Pre Evacuate Collection Set: 0.1ms
[2025-06-03T16:00:33.808+0530][7.126s] GC(3)   Merge Heap Roots: 0.1ms
[2025-06-03T16:00:33.808+0530][7.126s] GC(3)   Evacuate Collection Set: 60.1ms
[2025-06-03T16:00:33.808+0530][7.126s] GC(3)   Post Evacuate Collection Set: 0.9ms
[2025-06-03T16:00:33.808+0530][7.126s] GC(3)   Other: 0.2ms
[2025-06-03T16:00:33.808+0530][7.126s] GC(3) Eden regions: 298->0(288)
[2025-06-03T16:00:33.808+0530][7.126s] GC(3) Survivor regions: 9->19(39)
[2025-06-03T16:00:33.808+0530][7.126s] GC(3) Old regions: 0->0
[2025-06-03T16:00:33.808+0530][7.126s] GC(3) Archive regions: 2->2
[2025-06-03T16:00:33.808+0530][7.126s] GC(3) Humongous regions: 0->0
[2025-06-03T16:00:33.808+0530][7.126s] GC(3) Metaspace: 14758K(15104K)->14758K(15104K) NonClass: 12821K(12992K)->12821K(12992K) Class: 1937K(2112K)->1937K(2112K)
[2025-06-03T16:00:33.808+0530][7.126s] GC(3) Pause Young (Normal) (G1 Evacuation Pause) 307M->19M(512M) 61.530ms
[2025-06-03T16:00:33.808+0530][7.126s] GC(3) User=0.15s Sys=0.08s Real=0.06s
[2025-06-03T16:00:37.377+0530][10.691s] GC(4) Pause Young (Normal) (G1 Evacuation Pause)
[2025-06-03T16:00:37.378+0530][10.692s] GC(4) Using 8 workers of 8 for evacuation
[2025-06-03T16:00:37.462+0530][10.776s] GC(4) Skipped phase 1 of Reference Processing: no references
[2025-06-03T16:00:37.462+0530][10.776s] GC(4) ReferenceProcessor::execute queues: 2, RefProcThreadModel::Multi, marks_oops_alive: false
[2025-06-03T16:00:37.462+0530][10.776s] GC(4) Skipped phase 3 of Reference Processing: no references
[2025-06-03T16:00:37.462+0530][10.776s] GC(4) ReferenceProcessor::execute queues: 1, RefProcThreadModel::Single, marks_oops_alive: false
[2025-06-03T16:00:37.463+0530][10.777s] GC(4)   Pre Evacuate Collection Set: 0.1ms
[2025-06-03T16:00:37.463+0530][10.777s] GC(4)   Merge Heap Roots: 0.1ms
[2025-06-03T16:00:37.463+0530][10.777s] GC(4)   Evacuate Collection Set: 83.1ms
[2025-06-03T16:00:37.463+0530][10.777s] GC(4)   Post Evacuate Collection Set: 1.1ms
[2025-06-03T16:00:37.463+0530][10.777s] GC(4)   Other: 1.6ms
[2025-06-03T16:00:37.463+0530][10.777s] GC(4) Eden regions: 288->0(277)
[2025-06-03T16:00:37.463+0530][10.777s] GC(4) Survivor regions: 19->30(39)
[2025-06-03T16:00:37.463+0530][10.777s] GC(4) Old regions: 0->0
[2025-06-03T16:00:37.463+0530][10.777s] GC(4) Archive regions: 2->2
[2025-06-03T16:00:37.463+0530][10.777s] GC(4) Humongous regions: 0->0
[2025-06-03T16:00:37.463+0530][10.777s] GC(4) Metaspace: 14758K(15104K)->14758K(15104K) NonClass: 12821K(12992K)->12821K(12992K) Class: 1937K(2112K)->1937K(2112K)
[2025-06-03T16:00:37.463+0530][10.777s] GC(4) Pause Young (Normal) (G1 Evacuation Pause) 307M->30M(512M) 86.109ms
[2025-06-03T16:00:37.463+0530][10.777s] GC(4) User=0.26s Sys=0.11s Real=0.09s
[2025-06-03T16:00:41.023+0530][14.334s] GC(5) Pause Young (Normal) (G1 Evacuation Pause)
[2025-06-03T16:00:41.023+0530][14.334s] GC(5) Using 8 workers of 8 for evacuation
[2025-06-03T16:00:41.140+0530][14.451s] GC(5) Skipped phase 1 of Reference Processing: no references
[2025-06-03T16:00:41.140+0530][14.451s] GC(5) Skipped phase 2 of Reference Processing: no references
[2025-06-03T16:00:41.140+0530][14.451s] GC(5) Skipped phase 3 of Reference Processing: no references
[2025-06-03T16:00:41.140+0530][14.451s] GC(5) Skipped phase 4 of Reference Processing: no references
[2025-06-03T16:00:41.140+0530][14.452s] GC(5)   Pre Evacuate Collection Set: 0.1ms
[2025-06-03T16:00:41.141+0530][14.452s] GC(5)   Merge Heap Roots: 0.1ms
[2025-06-03T16:00:41.141+0530][14.452s] GC(5)   Evacuate Collection Set: 116.0ms
[2025-06-03T16:00:41.141+0530][14.452s] GC(5)   Post Evacuate Collection Set: 0.8ms
[2025-06-03T16:00:41.141+0530][14.452s] GC(5)   Other: 0.2ms
[2025-06-03T16:00:41.141+0530][14.452s] GC(5) Eden regions: 277->0(284)
[2025-06-03T16:00:41.141+0530][14.452s] GC(5) Survivor regions: 30->23(39)
[2025-06-03T16:00:41.141+0530][14.452s] GC(5) Old regions: 0->19
[2025-06-03T16:00:41.141+0530][14.452s] GC(5) Archive regions: 2->2
[2025-06-03T16:00:41.141+0530][14.452s] GC(5) Humongous regions: 0->0
[2025-06-03T16:00:41.141+0530][14.452s] GC(5) Metaspace: 14758K(15104K)->14758K(15104K) NonClass: 12821K(12992K)->12821K(12992K) Class: 1937K(2112K)->1937K(2112K)
[2025-06-03T16:00:41.141+0530][14.452s] GC(5) Pause Young (Normal) (G1 Evacuation Pause) 307M->42M(512M) 117.273ms
[2025-06-03T16:00:41.141+0530][14.452s] GC(5) User=0.35s Sys=0.16s Real=0.12s
[2025-06-03T16:00:44.938+0530][18.247s] GC(6) Pause Young (Normal) (G1 Evacuation Pause)
[2025-06-03T16:00:44.938+0530][18.247s] GC(6) Using 8 workers of 8 for evacuation
[2025-06-03T16:00:45.032+0530][18.340s] GC(6) Skipped phase 1 of Reference Processing: no references
[2025-06-03T16:00:45.032+0530][18.340s] GC(6) Skipped phase 2 of Reference Processing: no references
[2025-06-03T16:00:45.032+0530][18.340s] GC(6) Skipped phase 3 of Reference Processing: no references
[2025-06-03T16:00:45.032+0530][18.340s] GC(6) Skipped phase 4 of Reference Processing: no references
[2025-06-03T16:00:45.032+0530][18.341s] GC(6)   Pre Evacuate Collection Set: 0.1ms
[2025-06-03T16:00:45.032+0530][18.341s] GC(6)   Merge Heap Roots: 0.1ms
[2025-06-03T16:00:45.032+0530][18.341s] GC(6)   Evacuate Collection Set: 93.4ms
[2025-06-03T16:00:45.032+0530][18.341s] GC(6)   Post Evacuate Collection Set: 0.5ms
[2025-06-03T16:00:45.032+0530][18.341s] GC(6)   Other: 0.2ms
[2025-06-03T16:00:45.032+0530][18.341s] GC(6) Eden regions: 284->0(284)
[2025-06-03T16:00:45.032+0530][18.341s] GC(6) Survivor regions: 23->23(39)
[2025-06-03T16:00:45.032+0530][18.341s] GC(6) Old regions: 19->30
[2025-06-03T16:00:45.032+0530][18.341s] GC(6) Archive regions: 2->2
[2025-06-03T16:00:45.033+0530][18.341s] GC(6) Humongous regions: 0->0
[2025-06-03T16:00:45.033+0530][18.341s] GC(6) Metaspace: 14758K(15104K)->14758K(15104K) NonClass: 12821K(12992K)->12821K(12992K) Class: 1937K(2112K)->1937K(2112K)
[2025-06-03T16:00:45.033+0530][18.341s] GC(6) Pause Young (Normal) (G1 Evacuation Pause) 326M->53M(512M) 94.562ms
[2025-06-03T16:00:45.033+0530][18.341s] GC(6) User=0.22s Sys=0.07s Real=0.10s
[2025-06-03T16:00:49.273+0530][22.580s] GC(7) Pause Young (Normal) (G1 Evacuation Pause)
[2025-06-03T16:00:49.273+0530][22.580s] GC(7) Using 8 workers of 8 for evacuation
[2025-06-03T16:00:49.367+0530][22.674s] GC(7) Skipped phase 1 of Reference Processing: no references
[2025-06-03T16:00:49.367+0530][22.674s] GC(7) ReferenceProcessor::execute queues: 1, RefProcThreadModel::Single, marks_oops_alive: false
[2025-06-03T16:00:49.367+0530][22.674s] GC(7) Skipped phase 3 of Reference Processing: no references
[2025-06-03T16:00:49.367+0530][22.674s] GC(7) ReferenceProcessor::execute queues: 1, RefProcThreadModel::Single, marks_oops_alive: false
[2025-06-03T16:00:49.368+0530][22.674s] GC(7)   Pre Evacuate Collection Set: 0.1ms
[2025-06-03T16:00:49.368+0530][22.675s] GC(7)   Merge Heap Roots: 0.1ms
[2025-06-03T16:00:49.368+0530][22.675s] GC(7)   Evacuate Collection Set: 94.0ms
[2025-06-03T16:00:49.368+0530][22.675s] GC(7)   Post Evacuate Collection Set: 0.5ms
[2025-06-03T16:00:49.368+0530][22.675s] GC(7)   Other: 0.2ms
[2025-06-03T16:00:49.368+0530][22.675s] GC(7) Eden regions: 284->0(283)
[2025-06-03T16:00:49.368+0530][22.675s] GC(7) Survivor regions: 23->24(39)
[2025-06-03T16:00:49.368+0530][22.675s] GC(7) Old regions: 30->41
[2025-06-03T16:00:49.368+0530][22.675s] GC(7) Archive regions: 2->2
[2025-06-03T16:00:49.368+0530][22.675s] GC(7) Humongous regions: 0->0
[2025-06-03T16:00:49.368+0530][22.675s] GC(7) Metaspace: 16658K(17024K)->16658K(17024K) NonClass: 14514K(14720K)->14514K(14720K) Class: 2144K(2304K)->2144K(2304K)
[2025-06-03T16:00:49.368+0530][22.675s] GC(7) Pause Young (Normal) (G1 Evacuation Pause) 337M->65M(512M) 94.942ms
[2025-06-03T16:00:49.368+0530][22.675s] GC(7) User=0.40s Sys=0.08s Real=0.09s
[2025-06-03T16:00:54.224+0530][27.529s] GC(8) Pause Young (Normal) (G1 Evacuation Pause)
[2025-06-03T16:00:54.224+0530][27.529s] GC(8) Using 8 workers of 8 for evacuation
[2025-06-03T16:00:54.314+0530][27.619s] GC(8) Skipped phase 1 of Reference Processing: no references
[2025-06-03T16:00:54.314+0530][27.620s] GC(8) ReferenceProcessor::execute queues: 1, RefProcThreadModel::Single, marks_oops_alive: false
[2025-06-03T16:00:54.315+0530][27.620s] GC(8) Skipped phase 3 of Reference Processing: no references
[2025-06-03T16:00:54.315+0530][27.620s] GC(8) ReferenceProcessor::execute queues: 1, RefProcThreadModel::Single, marks_oops_alive: false
[2025-06-03T16:00:54.315+0530][27.620s] GC(8)   Pre Evacuate Collection Set: 0.1ms
[2025-06-03T16:00:54.315+0530][27.620s] GC(8)   Merge Heap Roots: 0.1ms
[2025-06-03T16:00:54.315+0530][27.620s] GC(8)   Evacuate Collection Set: 90.6ms
[2025-06-03T16:00:54.315+0530][27.620s] GC(8)   Post Evacuate Collection Set: 0.6ms
[2025-06-03T16:00:54.315+0530][27.620s] GC(8)   Other: 0.2ms
[2025-06-03T16:00:54.315+0530][27.620s] GC(8) Eden regions: 283->0(282)
[2025-06-03T16:00:54.315+0530][27.620s] GC(8) Survivor regions: 24->25(39)
[2025-06-03T16:00:54.315+0530][27.620s] GC(8) Old regions: 41->53
[2025-06-03T16:00:54.315+0530][27.620s] GC(8) Archive regions: 2->2
[2025-06-03T16:00:54.315+0530][27.620s] GC(8) Humongous regions: 0->0
[2025-06-03T16:00:54.315+0530][27.620s] GC(8) Metaspace: 20161K(20608K)->20161K(20608K) NonClass: 17583K(17792K)->17583K(17792K) Class: 2578K(2816K)->2578K(2816K)
[2025-06-03T16:00:54.315+0530][27.620s] GC(8) Pause Young (Normal) (G1 Evacuation Pause) 348M->78M(512M) 91.699ms
[2025-06-03T16:00:54.315+0530][27.620s] GC(8) User=0.23s Sys=0.06s Real=0.09s
[2025-06-03T16:00:58.393+0530][31.697s] GC(9) Pause Young (Normal) (G1 Evacuation Pause)
[2025-06-03T16:00:58.393+0530][31.697s] GC(9) Using 8 workers of 8 for evacuation
[2025-06-03T16:00:58.483+0530][31.787s] GC(9) Skipped phase 1 of Reference Processing: no references
[2025-06-03T16:00:58.483+0530][31.787s] GC(9) ReferenceProcessor::execute queues: 1, RefProcThreadModel::Single, marks_oops_alive: false
[2025-06-03T16:00:58.483+0530][31.787s] GC(9) Skipped phase 3 of Reference Processing: no references
[2025-06-03T16:00:58.483+0530][31.787s] GC(9) ReferenceProcessor::execute queues: 1, RefProcThreadModel::Single, marks_oops_alive: false
[2025-06-03T16:00:58.483+0530][31.787s] GC(9)   Pre Evacuate Collection Set: 0.1ms
[2025-06-03T16:00:58.483+0530][31.787s] GC(9)   Merge Heap Roots: 0.1ms
[2025-06-03T16:00:58.483+0530][31.787s] GC(9)   Evacuate Collection Set: 89.7ms
[2025-06-03T16:00:58.483+0530][31.787s] GC(9)   Post Evacuate Collection Set: 0.5ms
[2025-06-03T16:00:58.483+0530][31.787s] GC(9)   Other: 0.2ms
[2025-06-03T16:00:58.483+0530][31.787s] GC(9) Eden regions: 282->0(282)
[2025-06-03T16:00:58.483+0530][31.787s] GC(9) Survivor regions: 25->25(39)
[2025-06-03T16:00:58.483+0530][31.787s] GC(9) Old regions: 53->65
[2025-06-03T16:00:58.483+0530][31.787s] GC(9) Archive regions: 2->2
[2025-06-03T16:00:58.483+0530][31.787s] GC(9) Humongous regions: 0->0
[2025-06-03T16:00:58.483+0530][31.787s] GC(9) Metaspace: 20210K(20736K)->20210K(20736K) NonClass: 17630K(17920K)->17630K(17920K) Class: 2579K(2816K)->2579K(2816K)
[2025-06-03T16:00:58.483+0530][31.787s] GC(9) Pause Young (Normal) (G1 Evacuation Pause) 360M->90M(512M) 90.734ms
[2025-06-03T16:00:58.483+0530][31.787s] GC(9) User=0.22s Sys=0.07s Real=0.09s
[2025-06-03T16:01:02.241+0530][35.544s] GC(10) Pause Young (Normal) (G1 Evacuation Pause)
[2025-06-03T16:01:02.241+0530][35.544s] GC(10) Using 8 workers of 8 for evacuation
[2025-06-03T16:01:02.333+0530][35.637s] GC(10) Skipped phase 1 of Reference Processing: no references
[2025-06-03T16:01:02.333+0530][35.637s] GC(10) Skipped phase 2 of Reference Processing: no references
[2025-06-03T16:01:02.333+0530][35.637s] GC(10) Skipped phase 3 of Reference Processing: no references
[2025-06-03T16:01:02.333+0530][35.637s] GC(10) Skipped phase 4 of Reference Processing: no references
[2025-06-03T16:01:02.334+0530][35.637s] GC(10)   Pre Evacuate Collection Set: 0.1ms
[2025-06-03T16:01:02.334+0530][35.637s] GC(10)   Merge Heap Roots: 0.1ms
[2025-06-03T16:01:02.334+0530][35.637s] GC(10)   Evacuate Collection Set: 92.1ms
[2025-06-03T16:01:02.334+0530][35.637s] GC(10)   Post Evacuate Collection Set: 0.5ms
[2025-06-03T16:01:02.334+0530][35.637s] GC(10)   Other: 0.2ms
[2025-06-03T16:01:02.334+0530][35.637s] GC(10) Eden regions: 282->0(283)
[2025-06-03T16:01:02.334+0530][35.637s] GC(10) Survivor regions: 25->24(39)
[2025-06-03T16:01:02.334+0530][35.637s] GC(10) Old regions: 65->78
[2025-06-03T16:01:02.334+0530][35.637s] GC(10) Archive regions: 2->2
[2025-06-03T16:01:02.334+0530][35.637s] GC(10) Humongous regions: 0->0
[2025-06-03T16:01:02.334+0530][35.637s] GC(10) Metaspace: 20251K(20736K)->20251K(20736K) NonClass: 17672K(17920K)->17672K(17920K) Class: 2579K(2816K)->2579K(2816K)
[2025-06-03T16:01:02.334+0530][35.637s] GC(10) Pause Young (Normal) (G1 Evacuation Pause) 372M->102M(512M) 93.074ms
[2025-06-03T16:01:02.334+0530][35.637s] GC(10) User=0.21s Sys=0.07s Real=0.09s
[2025-06-03T16:01:06.325+0530][39.628s] GC(11) Pause Young (Normal) (G1 Evacuation Pause)
[2025-06-03T16:01:06.325+0530][39.628s] GC(11) Using 8 workers of 8 for evacuation
[2025-06-03T16:01:06.421+0530][39.723s] GC(11) Skipped phase 1 of Reference Processing: no references
[2025-06-03T16:01:06.421+0530][39.723s] GC(11) Skipped phase 2 of Reference Processing: no references
[2025-06-03T16:01:06.421+0530][39.723s] GC(11) Skipped phase 3 of Reference Processing: no references
[2025-06-03T16:01:06.421+0530][39.723s] GC(11) Skipped phase 4 of Reference Processing: no references
[2025-06-03T16:01:06.421+0530][39.724s] GC(11)   Pre Evacuate Collection Set: 0.1ms
[2025-06-03T16:01:06.421+0530][39.724s] GC(11)   Merge Heap Roots: 0.1ms
[2025-06-03T16:01:06.421+0530][39.724s] GC(11)   Evacuate Collection Set: 95.2ms
[2025-06-03T16:01:06.421+0530][39.724s] GC(11)   Post Evacuate Collection Set: 0.5ms
[2025-06-03T16:01:06.421+0530][39.724s] GC(11)   Other: 0.2ms
[2025-06-03T16:01:06.421+0530][39.724s] GC(11) Eden regions: 283->0(282)
[2025-06-03T16:01:06.421+0530][39.724s] GC(11) Survivor regions: 24->25(39)
[2025-06-03T16:01:06.421+0530][39.724s] GC(11) Old regions: 78->90
[2025-06-03T16:01:06.421+0530][39.724s] GC(11) Archive regions: 2->2
[2025-06-03T16:01:06.421+0530][39.724s] GC(11) Humongous regions: 0->0
[2025-06-03T16:01:06.421+0530][39.724s] GC(11) Metaspace: 20289K(20800K)->20289K(20800K) NonClass: 17706K(17984K)->17706K(17984K) Class: 2582K(2816K)->2582K(2816K)
[2025-06-03T16:01:06.421+0530][39.724s] GC(11) Pause Young (Normal) (G1 Evacuation Pause) 385M->115M(512M) 96.261ms
[2025-06-03T16:01:06.421+0530][39.724s] GC(11) User=0.21s Sys=0.05s Real=0.10s
[2025-06-03T16:01:10.187+0530][43.489s] GC(12) Pause Young (Normal) (G1 Evacuation Pause)
[2025-06-03T16:01:10.187+0530][43.489s] GC(12) Using 8 workers of 8 for evacuation
[2025-06-03T16:01:10.282+0530][43.584s] GC(12) Skipped phase 1 of Reference Processing: no references
[2025-06-03T16:01:10.282+0530][43.584s] GC(12) Skipped phase 2 of Reference Processing: no references
[2025-06-03T16:01:10.282+0530][43.584s] GC(12) Skipped phase 3 of Reference Processing: no references
[2025-06-03T16:01:10.282+0530][43.584s] GC(12) Skipped phase 4 of Reference Processing: no references
[2025-06-03T16:01:10.283+0530][43.585s] GC(12)   Pre Evacuate Collection Set: 0.1ms
[2025-06-03T16:01:10.283+0530][43.585s] GC(12)   Merge Heap Roots: 0.1ms
[2025-06-03T16:01:10.283+0530][43.585s] GC(12)   Evacuate Collection Set: 94.7ms
[2025-06-03T16:01:10.283+0530][43.585s] GC(12)   Post Evacuate Collection Set: 0.4ms
[2025-06-03T16:01:10.283+0530][43.585s] GC(12)   Other: 0.2ms
[2025-06-03T16:01:10.283+0530][43.585s] GC(12) Eden regions: 282->0(282)
[2025-06-03T16:01:10.283+0530][43.585s] GC(12) Survivor regions: 25->25(39)
[2025-06-03T16:01:10.283+0530][43.585s] GC(12) Old regions: 90->102
[2025-06-03T16:01:10.283+0530][43.585s] GC(12) Archive regions: 2->2
[2025-06-03T16:01:10.283+0530][43.585s] GC(12) Humongous regions: 0->0
[2025-06-03T16:01:10.283+0530][43.585s] GC(12) Metaspace: 20341K(20800K)->20341K(20800K) NonClass: 17756K(17984K)->17756K(17984K) Class: 2585K(2816K)->2585K(2816K)
[2025-06-03T16:01:10.283+0530][43.585s] GC(12) Pause Young (Normal) (G1 Evacuation Pause) 397M->127M(512M) 95.590ms
[2025-06-03T16:01:10.283+0530][43.585s] GC(12) User=0.22s Sys=0.07s Real=0.10s
[2025-06-03T16:01:14.350+0530][47.652s] GC(13) Pause Young (Normal) (G1 Evacuation Pause)
[2025-06-03T16:01:14.351+0530][47.652s] GC(13) Using 8 workers of 8 for evacuation
[2025-06-03T16:01:14.447+0530][47.749s] GC(13) Skipped phase 1 of Reference Processing: no references
[2025-06-03T16:01:14.447+0530][47.749s] GC(13) Skipped phase 2 of Reference Processing: no references
[2025-06-03T16:01:14.447+0530][47.749s] GC(13) Skipped phase 3 of Reference Processing: no references
[2025-06-03T16:01:14.447+0530][47.749s] GC(13) Skipped phase 4 of Reference Processing: no references
[2025-06-03T16:01:14.448+0530][47.750s] GC(13)   Pre Evacuate Collection Set: 0.2ms
[2025-06-03T16:01:14.448+0530][47.750s] GC(13)   Merge Heap Roots: 0.1ms
[2025-06-03T16:01:14.448+0530][47.750s] GC(13)   Evacuate Collection Set: 96.5ms
[2025-06-03T16:01:14.448+0530][47.750s] GC(13)   Post Evacuate Collection Set: 0.4ms
[2025-06-03T16:01:14.448+0530][47.750s] GC(13)   Other: 0.3ms
[2025-06-03T16:01:14.448+0530][47.750s] GC(13) Eden regions: 282->0(281)
[2025-06-03T16:01:14.448+0530][47.750s] GC(13) Survivor regions: 25->26(39)
[2025-06-03T16:01:14.448+0530][47.750s] GC(13) Old regions: 102->115
[2025-06-03T16:01:14.448+0530][47.750s] GC(13) Archive regions: 2->2
[2025-06-03T16:01:14.448+0530][47.750s] GC(13) Humongous regions: 0->0
[2025-06-03T16:01:14.448+0530][47.750s] GC(13) Metaspace: 20359K(20800K)->20359K(20800K) NonClass: 17774K(17984K)->17774K(17984K) Class: 2585K(2816K)->2585K(2816K)
[2025-06-03T16:01:14.448+0530][47.750s] GC(13) Pause Young (Normal) (G1 Evacuation Pause) 409M->140M(512M) 97.520ms
[2025-06-03T16:01:14.448+0530][47.750s] GC(13) User=0.22s Sys=0.06s Real=0.09s
[2025-06-03T16:01:18.398+0530][51.700s] GC(14) Pause Young (Normal) (G1 Evacuation Pause)
[2025-06-03T16:01:18.398+0530][51.700s] GC(14) Using 8 workers of 8 for evacuation
[2025-06-03T16:01:18.497+0530][51.798s] GC(14) Skipped phase 1 of Reference Processing: no references
[2025-06-03T16:01:18.497+0530][51.798s] GC(14) Skipped phase 2 of Reference Processing: no references
[2025-06-03T16:01:18.497+0530][51.798s] GC(14) Skipped phase 3 of Reference Processing: no references
[2025-06-03T16:01:18.497+0530][51.798s] GC(14) Skipped phase 4 of Reference Processing: no references
[2025-06-03T16:01:18.497+0530][51.799s] GC(14)   Pre Evacuate Collection Set: 0.1ms
[2025-06-03T16:01:18.497+0530][51.799s] GC(14)   Merge Heap Roots: 0.1ms
[2025-06-03T16:01:18.497+0530][51.799s] GC(14)   Evacuate Collection Set: 98.4ms
[2025-06-03T16:01:18.497+0530][51.799s] GC(14)   Post Evacuate Collection Set: 0.4ms
[2025-06-03T16:01:18.497+0530][51.799s] GC(14)   Other: 0.2ms
[2025-06-03T16:01:18.497+0530][51.799s] GC(14) Eden regions: 281->0(280)
[2025-06-03T16:01:18.497+0530][51.799s] GC(14) Survivor regions: 26->24(39)
[2025-06-03T16:01:18.497+0530][51.799s] GC(14) Old regions: 115->127
[2025-06-03T16:01:18.497+0530][51.799s] GC(14) Archive regions: 2->2
[2025-06-03T16:01:18.497+0530][51.799s] GC(14) Humongous regions: 0->0
[2025-06-03T16:01:18.497+0530][51.799s] GC(14) Metaspace: 20376K(20864K)->20376K(20864K) NonClass: 17791K(18048K)->17791K(18048K) Class: 2585K(2816K)->2585K(2816K)
[2025-06-03T16:01:18.497+0530][51.799s] GC(14) Pause Young (Normal) (G1 Evacuation Pause) 421M->151M(512M) 99.283ms
[2025-06-03T16:01:18.497+0530][51.799s] GC(14) User=0.22s Sys=0.07s Real=0.10s
[2025-06-03T16:01:23.204+0530][56.506s] GC(15) Pause Young (Normal) (G1 Evacuation Pause)
[2025-06-03T16:01:23.204+0530][56.506s] GC(15) Using 8 workers of 8 for evacuation
[2025-06-03T16:01:23.301+0530][56.603s] GC(15) Skipped phase 1 of Reference Processing: no references
[2025-06-03T16:01:23.301+0530][56.603s] GC(15) Skipped phase 2 of Reference Processing: no references
[2025-06-03T16:01:23.301+0530][56.603s] GC(15) Skipped phase 3 of Reference Processing: no references
[2025-06-03T16:01:23.301+0530][56.603s] GC(15) Skipped phase 4 of Reference Processing: no references
[2025-06-03T16:01:23.302+0530][56.603s] GC(15)   Pre Evacuate Collection Set: 0.1ms
[2025-06-03T16:01:23.302+0530][56.603s] GC(15)   Merge Heap Roots: 0.1ms
[2025-06-03T16:01:23.302+0530][56.603s] GC(15)   Evacuate Collection Set: 96.4ms
[2025-06-03T16:01:23.302+0530][56.603s] GC(15)   Post Evacuate Collection Set: 0.4ms
[2025-06-03T16:01:23.302+0530][56.603s] GC(15)   Other: 0.3ms
[2025-06-03T16:01:23.302+0530][56.603s] GC(15) Eden regions: 280->0(269)
[2025-06-03T16:01:23.302+0530][56.603s] GC(15) Survivor regions: 24->25(38)
[2025-06-03T16:01:23.302+0530][56.603s] GC(15) Old regions: 127->139
[2025-06-03T16:01:23.302+0530][56.603s] GC(15) Archive regions: 2->2
[2025-06-03T16:01:23.302+0530][56.603s] GC(15) Humongous regions: 0->0
[2025-06-03T16:01:23.302+0530][56.603s] GC(15) Metaspace: 20392K(20864K)->20392K(20864K) NonClass: 17807K(18048K)->17807K(18048K) Class: 2585K(2816K)->2585K(2816K)
[2025-06-03T16:01:23.302+0530][56.603s] GC(15) Pause Young (Normal) (G1 Evacuation Pause) 431M->164M(512M) 97.405ms
[2025-06-03T16:01:23.302+0530][56.603s] GC(15) User=0.22s Sys=0.06s Real=0.10s
[2025-06-03T16:01:33.257+0530][66.558s] GC(16) Pause Young (Normal) (G1 Evacuation Pause)
[2025-06-03T16:01:33.257+0530][66.558s] GC(16) Using 8 workers of 8 for evacuation
[2025-06-03T16:01:33.351+0530][66.652s] GC(16) Skipped phase 1 of Reference Processing: no references
[2025-06-03T16:01:33.351+0530][66.652s] GC(16) Skipped phase 2 of Reference Processing: no references
[2025-06-03T16:01:33.351+0530][66.652s] GC(16) Skipped phase 3 of Reference Processing: no references
[2025-06-03T16:01:33.351+0530][66.652s] GC(16) Skipped phase 4 of Reference Processing: no references
[2025-06-03T16:01:33.351+0530][66.653s] GC(16)   Pre Evacuate Collection Set: 0.1ms
[2025-06-03T16:01:33.351+0530][66.653s] GC(16)   Merge Heap Roots: 0.1ms
[2025-06-03T16:01:33.351+0530][66.653s] GC(16)   Evacuate Collection Set: 93.6ms
[2025-06-03T16:01:33.351+0530][66.653s] GC(16)   Post Evacuate Collection Set: 0.5ms
[2025-06-03T16:01:33.351+0530][66.653s] GC(16)   Other: 0.3ms
[2025-06-03T16:01:33.351+0530][66.653s] GC(16) Eden regions: 269->0(258)
[2025-06-03T16:01:33.351+0530][66.653s] GC(16) Survivor regions: 25->24(37)
[2025-06-03T16:01:33.351+0530][66.653s] GC(16) Old regions: 139->152
[2025-06-03T16:01:33.351+0530][66.653s] GC(16) Archive regions: 2->2
[2025-06-03T16:01:33.351+0530][66.653s] GC(16) Humongous regions: 0->0
[2025-06-03T16:01:33.351+0530][66.653s] GC(16) Metaspace: 20452K(20928K)->20452K(20928K) NonClass: 17867K(18112K)->17867K(18112K) Class: 2585K(2816K)->2585K(2816K)
[2025-06-03T16:01:33.351+0530][66.653s] GC(16) Pause Young (Normal) (G1 Evacuation Pause) 433M->175M(512M) 94.783ms
[2025-06-03T16:01:33.351+0530][66.653s] GC(16) User=0.21s Sys=0.07s Real=0.10s
[2025-06-03T16:01:42.850+0530][76.151s] GC(17) Pause Young (Normal) (G1 Evacuation Pause)
[2025-06-03T16:01:42.850+0530][76.151s] GC(17) Using 8 workers of 8 for evacuation
[2025-06-03T16:01:42.948+0530][76.249s] GC(17) Skipped phase 1 of Reference Processing: no references
[2025-06-03T16:01:42.948+0530][76.249s] GC(17) Skipped phase 2 of Reference Processing: no references
[2025-06-03T16:01:42.948+0530][76.249s] GC(17) Skipped phase 3 of Reference Processing: no references
[2025-06-03T16:01:42.948+0530][76.249s] GC(17) Skipped phase 4 of Reference Processing: no references
[2025-06-03T16:01:42.948+0530][76.250s] GC(17)   Pre Evacuate Collection Set: 0.2ms
[2025-06-03T16:01:42.949+0530][76.250s] GC(17)   Merge Heap Roots: 0.1ms
[2025-06-03T16:01:42.949+0530][76.250s] GC(17)   Evacuate Collection Set: 97.5ms
[2025-06-03T16:01:42.949+0530][76.250s] GC(17)   Post Evacuate Collection Set: 0.5ms
[2025-06-03T16:01:42.949+0530][76.250s] GC(17)   Other: 0.2ms
[2025-06-03T16:01:42.949+0530][76.250s] GC(17) Eden regions: 258->0(246)
[2025-06-03T16:01:42.949+0530][76.250s] GC(17) Survivor regions: 24->24(36)
[2025-06-03T16:01:42.949+0530][76.250s] GC(17) Old regions: 152->164
[2025-06-03T16:01:42.949+0530][76.250s] GC(17) Archive regions: 2->2
[2025-06-03T16:01:42.949+0530][76.250s] GC(17) Humongous regions: 0->0
[2025-06-03T16:01:42.949+0530][76.250s] GC(17) Metaspace: 20478K(20928K)->20478K(20928K) NonClass: 17893K(18112K)->17893K(18112K) Class: 2585K(2816K)->2585K(2816K)
[2025-06-03T16:01:42.949+0530][76.250s] GC(17) Pause Young (Normal) (G1 Evacuation Pause) 433M->188M(512M) 98.657ms
[2025-06-03T16:01:42.949+0530][76.250s] GC(17) User=0.22s Sys=0.05s Real=0.09s
[2025-06-03T16:01:52.209+0530][85.510s] GC(18) Pause Young (Normal) (G1 Evacuation Pause)
[2025-06-03T16:01:52.209+0530][85.510s] GC(18) Using 8 workers of 8 for evacuation
[2025-06-03T16:01:52.296+0530][85.597s] GC(18) Skipped phase 1 of Reference Processing: no references
[2025-06-03T16:01:52.296+0530][85.597s] GC(18) Skipped phase 2 of Reference Processing: no references
[2025-06-03T16:01:52.296+0530][85.597s] GC(18) Skipped phase 3 of Reference Processing: no references
[2025-06-03T16:01:52.296+0530][85.597s] GC(18) Skipped phase 4 of Reference Processing: no references
[2025-06-03T16:01:52.296+0530][85.597s] GC(18)   Pre Evacuate Collection Set: 0.1ms
[2025-06-03T16:01:52.296+0530][85.597s] GC(18)   Merge Heap Roots: 0.1ms
[2025-06-03T16:01:52.296+0530][85.598s] GC(18)   Evacuate Collection Set: 86.3ms
[2025-06-03T16:01:52.296+0530][85.598s] GC(18)   Post Evacuate Collection Set: 0.4ms
[2025-06-03T16:01:52.296+0530][85.598s] GC(18)   Other: 0.2ms
[2025-06-03T16:01:52.296+0530][85.598s] GC(18) Eden regions: 246->0(239)
[2025-06-03T16:01:52.296+0530][85.598s] GC(18) Survivor regions: 24->22(34)
[2025-06-03T16:01:52.296+0530][85.598s] GC(18) Old regions: 164->175
[2025-06-03T16:01:52.296+0530][85.598s] GC(18) Archive regions: 2->2
[2025-06-03T16:01:52.296+0530][85.598s] GC(18) Humongous regions: 0->0
[2025-06-03T16:01:52.296+0530][85.598s] GC(18) Metaspace: 20505K(20992K)->20505K(20992K) NonClass: 17920K(18176K)->17920K(18176K) Class: 2585K(2816K)->2585K(2816K)
[2025-06-03T16:01:52.296+0530][85.598s] GC(18) Pause Young (Normal) (G1 Evacuation Pause) 434M->197M(512M) 87.323ms
[2025-06-03T16:01:52.296+0530][85.598s] GC(18) User=0.19s Sys=0.06s Real=0.09s
[2025-06-03T16:02:05.260+0530][98.561s] GC(19) Pause Young (Normal) (G1 Evacuation Pause)
[2025-06-03T16:02:05.260+0530][98.561s] GC(19) Using 8 workers of 8 for evacuation
[2025-06-03T16:02:05.343+0530][98.644s] GC(19) Skipped phase 1 of Reference Processing: no references
[2025-06-03T16:02:05.343+0530][98.644s] GC(19) Skipped phase 2 of Reference Processing: no references
[2025-06-03T16:02:05.343+0530][98.644s] GC(19) Skipped phase 3 of Reference Processing: no references
[2025-06-03T16:02:05.343+0530][98.644s] GC(19) Skipped phase 4 of Reference Processing: no references
[2025-06-03T16:02:05.343+0530][98.645s] GC(19)   Pre Evacuate Collection Set: 0.1ms
[2025-06-03T16:02:05.343+0530][98.645s] GC(19)   Merge Heap Roots: 0.1ms
[2025-06-03T16:02:05.343+0530][98.645s] GC(19)   Evacuate Collection Set: 82.8ms
[2025-06-03T16:02:05.343+0530][98.645s] GC(19)   Post Evacuate Collection Set: 0.4ms
[2025-06-03T16:02:05.343+0530][98.645s] GC(19)   Other: 0.2ms
[2025-06-03T16:02:05.343+0530][98.645s] GC(19) Eden regions: 239->0(230)
[2025-06-03T16:02:05.343+0530][98.645s] GC(19) Survivor regions: 22->21(33)
[2025-06-03T16:02:05.343+0530][98.645s] GC(19) Old regions: 175->186
[2025-06-03T16:02:05.343+0530][98.645s] GC(19) Archive regions: 2->2
[2025-06-03T16:02:05.343+0530][98.645s] GC(19) Humongous regions: 0->0
[2025-06-03T16:02:05.343+0530][98.645s] GC(19) Metaspace: 20508K(20992K)->20508K(20992K) NonClass: 17923K(18176K)->17923K(18176K) Class: 2585K(2816K)->2585K(2816K)
[2025-06-03T16:02:05.343+0530][98.645s] GC(19) Pause Young (Normal) (G1 Evacuation Pause) 436M->207M(512M) 83.796ms
[2025-06-03T16:02:05.343+0530][98.645s] GC(19) User=0.20s Sys=0.07s Real=0.08s
[2025-06-03T16:02:09.296+0530][102.598s] GC(20) Pause Young (Normal) (G1 Evacuation Pause)
[2025-06-03T16:02:09.296+0530][102.598s] GC(20) Using 8 workers of 8 for evacuation
[2025-06-03T16:02:09.380+0530][102.681s] GC(20) Skipped phase 1 of Reference Processing: no references
[2025-06-03T16:02:09.380+0530][102.681s] GC(20) Skipped phase 2 of Reference Processing: no references
[2025-06-03T16:02:09.380+0530][102.681s] GC(20) Skipped phase 3 of Reference Processing: no references
[2025-06-03T16:02:09.380+0530][102.681s] GC(20) Skipped phase 4 of Reference Processing: no references
[2025-06-03T16:02:09.381+0530][102.682s] GC(20)   Pre Evacuate Collection Set: 0.1ms
[2025-06-03T16:02:09.381+0530][102.682s] GC(20)   Merge Heap Roots: 0.1ms
[2025-06-03T16:02:09.381+0530][102.682s] GC(20)   Evacuate Collection Set: 83.4ms
[2025-06-03T16:02:09.381+0530][102.682s] GC(20)   Post Evacuate Collection Set: 0.7ms
[2025-06-03T16:02:09.381+0530][102.682s] GC(20)   Other: 0.2ms
[2025-06-03T16:02:09.381+0530][102.682s] GC(20) Eden regions: 230->0(219)
[2025-06-03T16:02:09.381+0530][102.682s] GC(20) Survivor regions: 21->21(32)
[2025-06-03T16:02:09.381+0530][102.682s] GC(20) Old regions: 186->197
[2025-06-03T16:02:09.381+0530][102.682s] GC(20) Archive regions: 2->2
[2025-06-03T16:02:09.381+0530][102.682s] GC(20) Humongous regions: 0->0
[2025-06-03T16:02:09.381+0530][102.682s] GC(20) Metaspace: 20508K(20992K)->20508K(20992K) NonClass: 17923K(18176K)->17923K(18176K) Class: 2585K(2816K)->2585K(2816K)
[2025-06-03T16:02:09.381+0530][102.682s] GC(20) Pause Young (Normal) (G1 Evacuation Pause) 437M->218M(512M) 84.648ms
[2025-06-03T16:02:09.381+0530][102.682s] GC(20) User=0.20s Sys=0.07s Real=0.09s
[2025-06-03T16:02:17.209+0530][110.511s] GC(21) Pause Young (Normal) (G1 Evacuation Pause)
[2025-06-03T16:02:17.209+0530][110.511s] GC(21) Using 8 workers of 8 for evacuation
[2025-06-03T16:02:17.285+0530][110.586s] GC(21) Skipped phase 1 of Reference Processing: no references
[2025-06-03T16:02:17.285+0530][110.586s] GC(21) Skipped phase 2 of Reference Processing: no references
[2025-06-03T16:02:17.285+0530][110.586s] GC(21) Skipped phase 3 of Reference Processing: no references
[2025-06-03T16:02:17.285+0530][110.586s] GC(21) Skipped phase 4 of Reference Processing: no references
[2025-06-03T16:02:17.285+0530][110.587s] GC(21)   Pre Evacuate Collection Set: 0.1ms
[2025-06-03T16:02:17.285+0530][110.587s] GC(21)   Merge Heap Roots: 0.1ms
[2025-06-03T16:02:17.285+0530][110.587s] GC(21)   Evacuate Collection Set: 75.4ms
[2025-06-03T16:02:17.285+0530][110.587s] GC(21)   Post Evacuate Collection Set: 0.5ms
[2025-06-03T16:02:17.285+0530][110.587s] GC(21)   Other: 0.3ms
[2025-06-03T16:02:17.285+0530][110.587s] GC(21) Eden regions: 219->0(210)
[2025-06-03T16:02:17.285+0530][110.587s] GC(21) Survivor regions: 21->20(30)
[2025-06-03T16:02:17.285+0530][110.587s] GC(21) Old regions: 197->208
[2025-06-03T16:02:17.285+0530][110.587s] GC(21) Archive regions: 2->2
[2025-06-03T16:02:17.285+0530][110.587s] GC(21) Humongous regions: 0->0
[2025-06-03T16:02:17.285+0530][110.587s] GC(21) Metaspace: 20524K(20992K)->20524K(20992K) NonClass: 17939K(18176K)->17939K(18176K) Class: 2585K(2816K)->2585K(2816K)
[2025-06-03T16:02:17.285+0530][110.587s] GC(21) Pause Young (Normal) (G1 Evacuation Pause) 437M->228M(512M) 76.430ms
[2025-06-03T16:02:17.285+0530][110.587s] GC(21) User=0.18s Sys=0.06s Real=0.08s
[2025-06-03T16:02:26.107+0530][119.409s] GC(22) Pause Young (Normal) (G1 Evacuation Pause)
[2025-06-03T16:02:26.108+0530][119.409s] GC(22) Using 8 workers of 8 for evacuation
[2025-06-03T16:02:26.182+0530][119.484s] GC(22) Skipped phase 1 of Reference Processing: no references
[2025-06-03T16:02:26.182+0530][119.484s] GC(22) Skipped phase 2 of Reference Processing: no references
[2025-06-03T16:02:26.182+0530][119.484s] GC(22) Skipped phase 3 of Reference Processing: no references
[2025-06-03T16:02:26.182+0530][119.484s] GC(22) Skipped phase 4 of Reference Processing: no references
[2025-06-03T16:02:26.182+0530][119.484s] GC(22)   Pre Evacuate Collection Set: 0.1ms
[2025-06-03T16:02:26.182+0530][119.484s] GC(22)   Merge Heap Roots: 0.1ms
[2025-06-03T16:02:26.183+0530][119.484s] GC(22)   Evacuate Collection Set: 74.1ms
[2025-06-03T16:02:26.183+0530][119.484s] GC(22)   Post Evacuate Collection Set: 0.5ms
[2025-06-03T16:02:26.183+0530][119.484s] GC(22)   Other: 0.2ms
[2025-06-03T16:02:26.183+0530][119.484s] GC(22) Eden regions: 210->0(202)
[2025-06-03T16:02:26.183+0530][119.484s] GC(22) Survivor regions: 20->19(29)
[2025-06-03T16:02:26.183+0530][119.484s] GC(22) Old regions: 208->218
[2025-06-03T16:02:26.183+0530][119.484s] GC(22) Archive regions: 2->2
[2025-06-03T16:02:26.183+0530][119.484s] GC(22) Humongous regions: 0->0
[2025-06-03T16:02:26.183+0530][119.484s] GC(22) Metaspace: 20526K(20992K)->20526K(20992K) NonClass: 17941K(18176K)->17941K(18176K) Class: 2585K(2816K)->2585K(2816K)
[2025-06-03T16:02:26.183+0530][119.484s] GC(22) Pause Young (Normal) (G1 Evacuation Pause) 438M->236M(512M) 75.151ms
[2025-06-03T16:02:26.183+0530][119.484s] GC(22) User=0.18s Sys=0.06s Real=0.08s
[2025-06-03T16:02:42.898+0530][136.200s] GC(23) Pause Young (Normal) (G1 Evacuation Pause)
[2025-06-03T16:02:42.898+0530][136.200s] GC(23) Using 8 workers of 8 for evacuation
[2025-06-03T16:02:42.969+0530][136.271s] GC(23) Skipped phase 1 of Reference Processing: no references
[2025-06-03T16:02:42.969+0530][136.271s] GC(23) Skipped phase 2 of Reference Processing: no references
[2025-06-03T16:02:42.969+0530][136.271s] GC(23) Skipped phase 3 of Reference Processing: no references
[2025-06-03T16:02:42.969+0530][136.271s] GC(23) Skipped phase 4 of Reference Processing: no references
[2025-06-03T16:02:42.970+0530][136.272s] GC(23)   Pre Evacuate Collection Set: 0.1ms
[2025-06-03T16:02:42.970+0530][136.272s] GC(23)   Merge Heap Roots: 0.1ms
[2025-06-03T16:02:42.970+0530][136.272s] GC(23)   Evacuate Collection Set: 71.1ms
[2025-06-03T16:02:42.970+0530][136.272s] GC(23)   Post Evacuate Collection Set: 0.5ms
[2025-06-03T16:02:42.970+0530][136.272s] GC(23)   Other: 0.2ms
[2025-06-03T16:02:42.970+0530][136.272s] GC(23) Eden regions: 202->0(195)
[2025-06-03T16:02:42.970+0530][136.272s] GC(23) Survivor regions: 19->18(28)
[2025-06-03T16:02:42.970+0530][136.272s] GC(23) Old regions: 218->227
[2025-06-03T16:02:42.970+0530][136.272s] GC(23) Archive regions: 2->2
[2025-06-03T16:02:42.970+0530][136.272s] GC(23) Humongous regions: 0->0
[2025-06-03T16:02:42.970+0530][136.272s] GC(23) Metaspace: 20529K(20992K)->20529K(20992K) NonClass: 17944K(18176K)->17944K(18176K) Class: 2585K(2816K)->2585K(2816K)
[2025-06-03T16:02:42.970+0530][136.272s] GC(23) Pause Young (Normal) (G1 Evacuation Pause) 438M->245M(512M) 72.139ms
[2025-06-03T16:02:42.970+0530][136.272s] GC(23) User=0.17s Sys=0.06s Real=0.08s
[2025-06-03T16:02:50.722+0530][144.024s] GC(24) Pause Young (Normal) (G1 Evacuation Pause)
[2025-06-03T16:02:50.722+0530][144.024s] GC(24) Using 8 workers of 8 for evacuation
[2025-06-03T16:02:50.790+0530][144.092s] GC(24) Skipped phase 1 of Reference Processing: no references
[2025-06-03T16:02:50.790+0530][144.092s] GC(24) Skipped phase 2 of Reference Processing: no references
[2025-06-03T16:02:50.790+0530][144.092s] GC(24) Skipped phase 3 of Reference Processing: no references
[2025-06-03T16:02:50.790+0530][144.092s] GC(24) Skipped phase 4 of Reference Processing: no references
[2025-06-03T16:02:50.790+0530][144.092s] GC(24)   Pre Evacuate Collection Set: 0.1ms
[2025-06-03T16:02:50.790+0530][144.092s] GC(24)   Merge Heap Roots: 0.1ms
[2025-06-03T16:02:50.790+0530][144.092s] GC(24)   Evacuate Collection Set: 67.7ms
[2025-06-03T16:02:50.790+0530][144.092s] GC(24)   Post Evacuate Collection Set: 0.4ms
[2025-06-03T16:02:50.790+0530][144.092s] GC(24)   Other: 0.2ms
[2025-06-03T16:02:50.790+0530][144.092s] GC(24) Eden regions: 195->0(188)
[2025-06-03T16:02:50.790+0530][144.092s] GC(24) Survivor regions: 18->17(27)
[2025-06-03T16:02:50.790+0530][144.092s] GC(24) Old regions: 227->236
[2025-06-03T16:02:50.790+0530][144.092s] GC(24) Archive regions: 2->2
[2025-06-03T16:02:50.790+0530][144.092s] GC(24) Humongous regions: 0->0
[2025-06-03T16:02:50.790+0530][144.092s] GC(24) Metaspace: 20530K(20992K)->20530K(20992K) NonClass: 17945K(18176K)->17945K(18176K) Class: 2585K(2816K)->2585K(2816K)
[2025-06-03T16:02:50.790+0530][144.092s] GC(24) Pause Young (Normal) (G1 Evacuation Pause) 440M->253M(512M) 68.623ms
[2025-06-03T16:02:50.790+0530][144.092s] GC(24) User=0.16s Sys=0.05s Real=0.07s
[2025-06-03T16:03:02.355+0530][155.657s] GC(25) Pause Young (Concurrent Start) (G1 Evacuation Pause)
[2025-06-03T16:03:02.355+0530][155.657s] GC(25) Using 8 workers of 8 for evacuation
[2025-06-03T16:03:02.421+0530][155.723s] GC(25) Skipped phase 1 of Reference Processing: no references
[2025-06-03T16:03:02.421+0530][155.723s] GC(25) Skipped phase 2 of Reference Processing: no references
[2025-06-03T16:03:02.421+0530][155.724s] GC(25) Skipped phase 3 of Reference Processing: no references
[2025-06-03T16:03:02.421+0530][155.724s] GC(25) Skipped phase 4 of Reference Processing: no references
[2025-06-03T16:03:02.422+0530][155.724s] GC(25)   Pre Evacuate Collection Set: 0.1ms
[2025-06-03T16:03:02.422+0530][155.724s] GC(25)   Merge Heap Roots: 0.1ms
[2025-06-03T16:03:02.422+0530][155.724s] GC(25)   Evacuate Collection Set: 65.6ms
[2025-06-03T16:03:02.422+0530][155.724s] GC(25)   Post Evacuate Collection Set: 0.4ms
[2025-06-03T16:03:02.422+0530][155.724s] GC(25)   Other: 0.4ms
[2025-06-03T16:03:02.422+0530][155.724s] GC(25) Eden regions: 188->0(179)
[2025-06-03T16:03:02.422+0530][155.724s] GC(25) Survivor regions: 17->17(26)
[2025-06-03T16:03:02.422+0530][155.724s] GC(25) Old regions: 236->245
[2025-06-03T16:03:02.422+0530][155.724s] GC(25) Archive regions: 2->2
[2025-06-03T16:03:02.422+0530][155.724s] GC(25) Humongous regions: 0->0
[2025-06-03T16:03:02.422+0530][155.724s] GC(25) Metaspace: 20533K(20992K)->20533K(20992K) NonClass: 17948K(18176K)->17948K(18176K) Class: 2585K(2816K)->2585K(2816K)
[2025-06-03T16:03:02.422+0530][155.724s] GC(25) Pause Young (Concurrent Start) (G1 Evacuation Pause) 441M->261M(512M) 66.760ms
[2025-06-03T16:03:02.422+0530][155.724s] GC(25) User=0.16s Sys=0.04s Real=0.07s
[2025-06-03T16:03:02.422+0530][155.724s] GC(26) Concurrent Mark Cycle
[2025-06-03T16:03:02.422+0530][155.724s] GC(26) Concurrent Clear Claimed Marks
[2025-06-03T16:03:02.422+0530][155.724s] GC(26) Concurrent Clear Claimed Marks 0.040ms
[2025-06-03T16:03:02.422+0530][155.724s] GC(26) Concurrent Scan Root Regions
[2025-06-03T16:03:02.431+0530][155.733s] GC(26) Concurrent Scan Root Regions 9.195ms
[2025-06-03T16:03:02.431+0530][155.734s] GC(26) Concurrent Mark
[2025-06-03T16:03:02.431+0530][155.734s] GC(26) Concurrent Mark From Roots
[2025-06-03T16:03:02.431+0530][155.734s] GC(26) Using 2 workers of 2 for marking
[2025-06-03T16:03:02.679+0530][155.981s] GC(26) Concurrent Mark From Roots 247.663ms
[2025-06-03T16:03:02.679+0530][155.981s] GC(26) Concurrent Preclean
[2025-06-03T16:03:02.679+0530][155.981s] GC(26) Preclean SoftReferences 0.023ms
[2025-06-03T16:03:02.679+0530][155.981s] GC(26) Preclean WeakReferences 0.076ms
[2025-06-03T16:03:02.679+0530][155.981s] GC(26) Preclean FinalReferences 0.003ms
[2025-06-03T16:03:02.679+0530][155.981s] GC(26) Preclean PhantomReferences 0.017ms
[2025-06-03T16:03:02.679+0530][155.981s] GC(26) Concurrent Preclean 0.185ms
[2025-06-03T16:03:02.679+0530][155.982s] GC(26) Pause Remark
[2025-06-03T16:03:02.680+0530][155.982s] GC(26) Skipped phase 1 of Reference Processing: no references
[2025-06-03T16:03:02.680+0530][155.982s] GC(26) Skipped phase 2 of Reference Processing: no references
[2025-06-03T16:03:02.680+0530][155.982s] GC(26) Skipped phase 3 of Reference Processing: no references
[2025-06-03T16:03:02.680+0530][155.982s] GC(26) Skipped phase 4 of Reference Processing: no references
[2025-06-03T16:03:02.681+0530][155.984s] GC(26) Pause Remark 266M->266M(512M) 2.124ms
[2025-06-03T16:03:02.682+0530][155.984s] GC(26) User=0.00s Sys=0.00s Real=0.01s
[2025-06-03T16:03:02.682+0530][155.984s] GC(26) Concurrent Mark 250.316ms
[2025-06-03T16:03:02.682+0530][155.984s] GC(26) Concurrent Rebuild Remembered Sets
[2025-06-03T16:03:02.822+0530][156.125s] GC(26) Concurrent Rebuild Remembered Sets 140.785ms
[2025-06-03T16:03:02.823+0530][156.125s] GC(26) Pause Cleanup
[2025-06-03T16:03:02.823+0530][156.125s] GC(26) Pause Cleanup 269M->269M(512M) 0.183ms
[2025-06-03T16:03:02.823+0530][156.125s] GC(26) User=0.00s Sys=0.00s Real=0.00s
[2025-06-03T16:03:02.823+0530][156.125s] GC(26) Concurrent Cleanup for Next Mark
[2025-06-03T16:03:02.825+0530][156.128s] GC(26) Concurrent Cleanup for Next Mark 2.393ms
[2025-06-03T16:03:02.825+0530][156.128s] GC(26) Concurrent Mark Cycle 403.383ms
[2025-06-03T16:03:08.103+0530][161.405s] GC(27) Pause Young (Prepare Mixed) (G1 Evacuation Pause)
[2025-06-03T16:03:08.103+0530][161.405s] GC(27) Using 8 workers of 8 for evacuation
[2025-06-03T16:03:08.166+0530][161.469s] GC(27) Skipped phase 1 of Reference Processing: no references
[2025-06-03T16:03:08.166+0530][161.469s] GC(27) Skipped phase 2 of Reference Processing: no references
[2025-06-03T16:03:08.166+0530][161.469s] GC(27) Skipped phase 3 of Reference Processing: no references
[2025-06-03T16:03:08.166+0530][161.469s] GC(27) Skipped phase 4 of Reference Processing: no references
[2025-06-03T16:03:08.167+0530][161.469s] GC(27)   Pre Evacuate Collection Set: 0.1ms
[2025-06-03T16:03:08.167+0530][161.469s] GC(27)   Merge Heap Roots: 0.1ms
[2025-06-03T16:03:08.167+0530][161.469s] GC(27)   Evacuate Collection Set: 63.0ms
[2025-06-03T16:03:08.167+0530][161.469s] GC(27)   Post Evacuate Collection Set: 0.4ms
[2025-06-03T16:03:08.167+0530][161.469s] GC(27)   Other: 0.2ms
[2025-06-03T16:03:08.167+0530][161.469s] GC(27) Eden regions: 179->0(9)
[2025-06-03T16:03:08.167+0530][161.469s] GC(27) Survivor regions: 17->16(25)
[2025-06-03T16:03:08.167+0530][161.469s] GC(27) Old regions: 245->253
[2025-06-03T16:03:08.167+0530][161.469s] GC(27) Archive regions: 2->2
[2025-06-03T16:03:08.167+0530][161.469s] GC(27) Humongous regions: 0->0
[2025-06-03T16:03:08.167+0530][161.469s] GC(27) Metaspace: 20533K(20992K)->20533K(20992K) NonClass: 17948K(18176K)->17948K(18176K) Class: 2585K(2816K)->2585K(2816K)
[2025-06-03T16:03:08.167+0530][161.469s] GC(27) Pause Young (Prepare Mixed) (G1 Evacuation Pause) 440M->269M(512M) 63.937ms
[2025-06-03T16:03:08.167+0530][161.469s] GC(27) User=0.15s Sys=0.05s Real=0.06s
[2025-06-03T16:03:08.282+0530][161.584s] GC(28) Pause Young (Mixed) (G1 Evacuation Pause)
[2025-06-03T16:03:08.282+0530][161.584s] GC(28) Using 8 workers of 8 for evacuation
[2025-06-03T16:03:08.326+0530][161.629s] GC(28) Skipped phase 1 of Reference Processing: no references
[2025-06-03T16:03:08.326+0530][161.629s] GC(28) Skipped phase 2 of Reference Processing: no references
[2025-06-03T16:03:08.327+0530][161.629s] GC(28) Skipped phase 3 of Reference Processing: no references
[2025-06-03T16:03:08.327+0530][161.629s] GC(28) Skipped phase 4 of Reference Processing: no references
[2025-06-03T16:03:08.327+0530][161.629s] GC(28)   Pre Evacuate Collection Set: 0.1ms
[2025-06-03T16:03:08.327+0530][161.629s] GC(28)   Merge Heap Roots: 0.0ms
[2025-06-03T16:03:08.327+0530][161.629s] GC(28)   Evacuate Collection Set: 44.2ms
[2025-06-03T16:03:08.327+0530][161.629s] GC(28)   Post Evacuate Collection Set: 0.4ms
[2025-06-03T16:03:08.327+0530][161.629s] GC(28)   Other: 0.2ms
[2025-06-03T16:03:08.327+0530][161.629s] GC(28) Eden regions: 9->0(175)
[2025-06-03T16:03:08.327+0530][161.629s] GC(28) Survivor regions: 16->3(4)
[2025-06-03T16:03:08.327+0530][161.629s] GC(28) Old regions: 253->264
[2025-06-03T16:03:08.327+0530][161.629s] GC(28) Archive regions: 2->2
[2025-06-03T16:03:08.327+0530][161.629s] GC(28) Humongous regions: 0->0
[2025-06-03T16:03:08.327+0530][161.629s] GC(28) Metaspace: 20533K(20992K)->20533K(20992K) NonClass: 17948K(18176K)->17948K(18176K) Class: 2585K(2816K)->2585K(2816K)
[2025-06-03T16:03:08.327+0530][161.629s] GC(28) Pause Young (Mixed) (G1 Evacuation Pause) 278M->267M(512M) 45.005ms
[2025-06-03T16:03:08.327+0530][161.629s] GC(28) User=0.13s Sys=0.03s Real=0.04s
[2025-06-03T16:03:20.852+0530][174.154s] GC(29) Pause Young (Concurrent Start) (G1 Evacuation Pause)
[2025-06-03T16:03:20.852+0530][174.154s] GC(29) Using 8 workers of 8 for evacuation
[2025-06-03T16:03:20.875+0530][174.178s] GC(29) Skipped phase 1 of Reference Processing: no references
[2025-06-03T16:03:20.875+0530][174.178s] GC(29) Skipped phase 2 of Reference Processing: no references
[2025-06-03T16:03:20.875+0530][174.178s] GC(29) Skipped phase 3 of Reference Processing: no references
[2025-06-03T16:03:20.875+0530][174.178s] GC(29) Skipped phase 4 of Reference Processing: no references
[2025-06-03T16:03:20.876+0530][174.178s] GC(29)   Pre Evacuate Collection Set: 0.1ms
[2025-06-03T16:03:20.876+0530][174.178s] GC(29)   Merge Heap Roots: 0.1ms
[2025-06-03T16:03:20.876+0530][174.178s] GC(29)   Evacuate Collection Set: 23.2ms
[2025-06-03T16:03:20.876+0530][174.178s] GC(29)   Post Evacuate Collection Set: 0.5ms
[2025-06-03T16:03:20.876+0530][174.179s] GC(29)   Other: 0.3ms
[2025-06-03T16:03:20.876+0530][174.179s] GC(29) Eden regions: 175->0(170)
[2025-06-03T16:03:20.876+0530][174.179s] GC(29) Survivor regions: 3->8(23)
[2025-06-03T16:03:20.876+0530][174.179s] GC(29) Old regions: 264->264
[2025-06-03T16:03:20.876+0530][174.179s] GC(29) Archive regions: 2->2
[2025-06-03T16:03:20.876+0530][174.179s] GC(29) Humongous regions: 0->0
[2025-06-03T16:03:20.876+0530][174.179s] GC(29) Metaspace: 20533K(20992K)->20533K(20992K) NonClass: 17948K(18176K)->17948K(18176K) Class: 2585K(2816K)->2585K(2816K)
[2025-06-03T16:03:20.876+0530][174.179s] GC(29) Pause Young (Concurrent Start) (G1 Evacuation Pause) 442M->272M(512M) 24.366ms
[2025-06-03T16:03:20.876+0530][174.179s] GC(29) User=0.05s Sys=0.02s Real=0.02s
[2025-06-03T16:03:20.876+0530][174.179s] GC(30) Concurrent Mark Cycle
[2025-06-03T16:03:20.876+0530][174.179s] GC(30) Concurrent Clear Claimed Marks
[2025-06-03T16:03:20.876+0530][174.179s] GC(30) Concurrent Clear Claimed Marks 0.055ms
[2025-06-03T16:03:20.876+0530][174.179s] GC(30) Concurrent Scan Root Regions
[2025-06-03T16:03:20.879+0530][174.182s] GC(30) Concurrent Scan Root Regions 3.084ms
[2025-06-03T16:03:20.879+0530][174.182s] GC(30) Concurrent Mark
[2025-06-03T16:03:20.880+0530][174.182s] GC(30) Concurrent Mark From Roots
[2025-06-03T16:03:20.880+0530][174.182s] GC(30) Using 2 workers of 2 for marking
[2025-06-03T16:03:21.202+0530][174.505s] GC(30) Concurrent Mark From Roots 322.576ms
[2025-06-03T16:03:21.202+0530][174.505s] GC(30) Concurrent Preclean
[2025-06-03T16:03:21.202+0530][174.505s] GC(30) Preclean SoftReferences 0.007ms
[2025-06-03T16:03:21.202+0530][174.505s] GC(30) Preclean WeakReferences 0.069ms
[2025-06-03T16:03:21.202+0530][174.505s] GC(30) Preclean FinalReferences 0.004ms
[2025-06-03T16:03:21.202+0530][174.505s] GC(30) Preclean PhantomReferences 0.018ms
[2025-06-03T16:03:21.202+0530][174.505s] GC(30) Concurrent Preclean 0.178ms
[2025-06-03T16:03:21.202+0530][174.505s] GC(30) Pause Remark
[2025-06-03T16:03:21.203+0530][174.505s] GC(30) Skipped phase 1 of Reference Processing: no references
[2025-06-03T16:03:21.203+0530][174.505s] GC(30) Skipped phase 2 of Reference Processing: no references
[2025-06-03T16:03:21.203+0530][174.505s] GC(30) Skipped phase 3 of Reference Processing: no references
[2025-06-03T16:03:21.203+0530][174.505s] GC(30) Skipped phase 4 of Reference Processing: no references
[2025-06-03T16:03:21.205+0530][174.508s] GC(30) Pause Remark 290M->290M(512M) 2.604ms
[2025-06-03T16:03:21.205+0530][174.508s] GC(30) User=0.01s Sys=0.00s Real=0.00s
[2025-06-03T16:03:21.205+0530][174.508s] GC(30) Concurrent Mark 325.693ms
[2025-06-03T16:03:21.205+0530][174.508s] GC(30) Concurrent Rebuild Remembered Sets
[2025-06-03T16:03:21.390+0530][174.692s] GC(30) Concurrent Rebuild Remembered Sets 184.425ms
[2025-06-03T16:03:21.390+0530][174.692s] GC(30) Pause Cleanup
[2025-06-03T16:03:21.390+0530][174.693s] GC(30) Pause Cleanup 303M->303M(512M) 0.139ms
[2025-06-03T16:03:21.390+0530][174.693s] GC(30) User=0.00s Sys=0.00s Real=0.00s
[2025-06-03T16:03:21.390+0530][174.693s] GC(30) Concurrent Cleanup for Next Mark
[2025-06-03T16:03:21.392+0530][174.694s] GC(30) Concurrent Cleanup for Next Mark 1.773ms
[2025-06-03T16:03:21.392+0530][174.694s] GC(30) Concurrent Mark Cycle 515.672ms
[2025-06-03T16:03:23.490+0530][176.792s] GC(31) Pause Young (Prepare Mixed) (G1 Evacuation Pause)
[2025-06-03T16:03:23.490+0530][176.792s] GC(31) Using 8 workers of 8 for evacuation
[2025-06-03T16:03:23.531+0530][176.834s] GC(31) Skipped phase 1 of Reference Processing: no references
[2025-06-03T16:03:23.532+0530][176.834s] GC(31) Skipped phase 2 of Reference Processing: no references
[2025-06-03T16:03:23.532+0530][176.834s] GC(31) Skipped phase 3 of Reference Processing: no references
[2025-06-03T16:03:23.532+0530][176.834s] GC(31) Skipped phase 4 of Reference Processing: no references
[2025-06-03T16:03:23.532+0530][176.834s] GC(31)   Pre Evacuate Collection Set: 0.1ms
[2025-06-03T16:03:23.532+0530][176.834s] GC(31)   Merge Heap Roots: 0.1ms
[2025-06-03T16:03:23.532+0530][176.834s] GC(31)   Evacuate Collection Set: 41.4ms
[2025-06-03T16:03:23.532+0530][176.835s] GC(31)   Post Evacuate Collection Set: 0.4ms
[2025-06-03T16:03:23.532+0530][176.835s] GC(31)   Other: 0.2ms
[2025-06-03T16:03:23.532+0530][176.835s] GC(31) Eden regions: 170->0(10)
[2025-06-03T16:03:23.532+0530][176.835s] GC(31) Survivor regions: 8->15(23)
[2025-06-03T16:03:23.532+0530][176.835s] GC(31) Old regions: 264->264
[2025-06-03T16:03:23.532+0530][176.835s] GC(31) Archive regions: 2->2
[2025-06-03T16:03:23.532+0530][176.835s] GC(31) Humongous regions: 0->0
[2025-06-03T16:03:23.532+0530][176.835s] GC(31) Metaspace: 20535K(20992K)->20535K(20992K) NonClass: 17950K(18176K)->17950K(18176K) Class: 2585K(2816K)->2585K(2816K)
[2025-06-03T16:03:23.532+0530][176.835s] GC(31) Pause Young (Prepare Mixed) (G1 Evacuation Pause) 442M->279M(512M) 42.330ms
[2025-06-03T16:03:23.532+0530][176.835s] GC(31) User=0.10s Sys=0.03s Real=0.04s
[2025-06-03T16:03:23.659+0530][176.962s] GC(32) Pause Young (Mixed) (G1 Evacuation Pause)
[2025-06-03T16:03:23.659+0530][176.962s] GC(32) Using 8 workers of 8 for evacuation
[2025-06-03T16:03:23.702+0530][177.004s] GC(32) Skipped phase 1 of Reference Processing: no references
[2025-06-03T16:03:23.702+0530][177.004s] GC(32) Skipped phase 2 of Reference Processing: no references
[2025-06-03T16:03:23.702+0530][177.004s] GC(32) Skipped phase 3 of Reference Processing: no references
[2025-06-03T16:03:23.702+0530][177.005s] GC(32) Skipped phase 4 of Reference Processing: no references
[2025-06-03T16:03:23.702+0530][177.005s] GC(32)   Pre Evacuate Collection Set: 0.1ms
[2025-06-03T16:03:23.702+0530][177.005s] GC(32)   Merge Heap Roots: 0.0ms
[2025-06-03T16:03:23.702+0530][177.005s] GC(32)   Evacuate Collection Set: 42.6ms
[2025-06-03T16:03:23.702+0530][177.005s] GC(32)   Post Evacuate Collection Set: 0.4ms
[2025-06-03T16:03:23.702+0530][177.005s] GC(32)   Other: 0.2ms
[2025-06-03T16:03:23.702+0530][177.005s] GC(32) Eden regions: 10->0(166)
[2025-06-03T16:03:23.702+0530][177.005s] GC(32) Survivor regions: 15->2(4)
[2025-06-03T16:03:23.702+0530][177.005s] GC(32) Old regions: 264->275
[2025-06-03T16:03:23.702+0530][177.005s] GC(32) Archive regions: 2->2
[2025-06-03T16:03:23.702+0530][177.005s] GC(32) Humongous regions: 0->0
[2025-06-03T16:03:23.702+0530][177.005s] GC(32) Metaspace: 20535K(20992K)->20535K(20992K) NonClass: 17950K(18176K)->17950K(18176K) Class: 2585K(2816K)->2585K(2816K)
[2025-06-03T16:03:23.702+0530][177.005s] GC(32) Pause Young (Mixed) (G1 Evacuation Pause) 289M->277M(512M) 43.341ms
[2025-06-03T16:03:23.702+0530][177.005s] GC(32) User=0.11s Sys=0.03s Real=0.05s
[2025-06-03T16:03:25.994+0530][179.297s] GC(33) Pause Young (Concurrent Start) (G1 Evacuation Pause)
[2025-06-03T16:03:25.994+0530][179.297s] GC(33) Using 8 workers of 8 for evacuation
[2025-06-03T16:03:26.016+0530][179.318s] GC(33) Skipped phase 1 of Reference Processing: no references
[2025-06-03T16:03:26.016+0530][179.318s] GC(33) Skipped phase 2 of Reference Processing: no references
[2025-06-03T16:03:26.016+0530][179.318s] GC(33) Skipped phase 3 of Reference Processing: no references
[2025-06-03T16:03:26.016+0530][179.318s] GC(33) Skipped phase 4 of Reference Processing: no references
[2025-06-03T16:03:26.016+0530][179.319s] GC(33)   Pre Evacuate Collection Set: 0.1ms
[2025-06-03T16:03:26.016+0530][179.319s] GC(33)   Merge Heap Roots: 0.0ms
[2025-06-03T16:03:26.016+0530][179.319s] GC(33)   Evacuate Collection Set: 21.3ms
[2025-06-03T16:03:26.016+0530][179.319s] GC(33)   Post Evacuate Collection Set: 0.4ms
[2025-06-03T16:03:26.016+0530][179.319s] GC(33)   Other: 0.2ms
[2025-06-03T16:03:26.016+0530][179.319s] GC(33) Eden regions: 166->0(160)
[2025-06-03T16:03:26.016+0530][179.319s] GC(33) Survivor regions: 2->8(21)
[2025-06-03T16:03:26.016+0530][179.319s] GC(33) Old regions: 275->275
[2025-06-03T16:03:26.016+0530][179.319s] GC(33) Archive regions: 2->2
[2025-06-03T16:03:26.016+0530][179.319s] GC(33) Humongous regions: 0->0
[2025-06-03T16:03:26.016+0530][179.319s] GC(33) Metaspace: 20535K(20992K)->20535K(20992K) NonClass: 17950K(18176K)->17950K(18176K) Class: 2585K(2816K)->2585K(2816K)
[2025-06-03T16:03:26.016+0530][179.319s] GC(33) Pause Young (Concurrent Start) (G1 Evacuation Pause) 443M->282M(512M) 22.219ms
[2025-06-03T16:03:26.016+0530][179.319s] GC(33) User=0.05s Sys=0.01s Real=0.02s
[2025-06-03T16:03:26.016+0530][179.319s] GC(34) Concurrent Mark Cycle
[2025-06-03T16:03:26.016+0530][179.319s] GC(34) Concurrent Clear Claimed Marks
[2025-06-03T16:03:26.016+0530][179.319s] GC(34) Concurrent Clear Claimed Marks 0.035ms
[2025-06-03T16:03:26.016+0530][179.319s] GC(34) Concurrent Scan Root Regions
[2025-06-03T16:03:26.020+0530][179.323s] GC(34) Concurrent Scan Root Regions 3.471ms
[2025-06-03T16:03:26.020+0530][179.323s] GC(34) Concurrent Mark
[2025-06-03T16:03:26.020+0530][179.323s] GC(34) Concurrent Mark From Roots
[2025-06-03T16:03:26.020+0530][179.323s] GC(34) Using 2 workers of 2 for marking
[2025-06-03T16:03:26.383+0530][179.685s] GC(34) Concurrent Mark From Roots 362.875ms
[2025-06-03T16:03:26.383+0530][179.686s] GC(34) Concurrent Preclean
[2025-06-03T16:03:26.383+0530][179.686s] GC(34) Preclean SoftReferences 0.007ms
[2025-06-03T16:03:26.383+0530][179.686s] GC(34) Preclean WeakReferences 0.072ms
[2025-06-03T16:03:26.383+0530][179.686s] GC(34) Preclean FinalReferences 0.004ms
[2025-06-03T16:03:26.383+0530][179.686s] GC(34) Preclean PhantomReferences 0.017ms
[2025-06-03T16:03:26.383+0530][179.686s] GC(34) Concurrent Preclean 0.172ms
[2025-06-03T16:03:26.383+0530][179.686s] GC(34) Pause Remark
[2025-06-03T16:03:26.384+0530][179.686s] GC(34) Skipped phase 1 of Reference Processing: no references
[2025-06-03T16:03:26.384+0530][179.686s] GC(34) Skipped phase 2 of Reference Processing: no references
[2025-06-03T16:03:26.384+0530][179.686s] GC(34) Skipped phase 3 of Reference Processing: no references
[2025-06-03T16:03:26.384+0530][179.686s] GC(34) Skipped phase 4 of Reference Processing: no references
[2025-06-03T16:03:26.385+0530][179.688s] GC(34) Pause Remark 306M->306M(512M) 1.997ms
[2025-06-03T16:03:26.385+0530][179.688s] GC(34) User=0.01s Sys=0.00s Real=0.00s
[2025-06-03T16:03:26.385+0530][179.688s] GC(34) Concurrent Mark 365.401ms
[2025-06-03T16:03:26.385+0530][179.688s] GC(34) Concurrent Rebuild Remembered Sets
[2025-06-03T16:03:26.558+0530][179.860s] GC(34) Concurrent Rebuild Remembered Sets 172.328ms
[2025-06-03T16:03:26.558+0530][179.861s] GC(34) Pause Cleanup
[2025-06-03T16:03:26.558+0530][179.861s] GC(34) Pause Cleanup 318M->318M(512M) 0.148ms
[2025-06-03T16:03:26.558+0530][179.861s] GC(34) User=0.00s Sys=0.00s Real=0.00s
[2025-06-03T16:03:26.558+0530][179.861s] GC(34) Concurrent Cleanup for Next Mark
[2025-06-03T16:03:26.559+0530][179.861s] GC(34) Concurrent Cleanup for Next Mark 0.651ms
[2025-06-03T16:03:26.559+0530][179.862s] GC(34) Concurrent Mark Cycle 542.547ms
[2025-06-03T16:03:30.244+0530][183.547s] GC(35) Pause Young (Prepare Mixed) (G1 Evacuation Pause)
[2025-06-03T16:03:30.244+0530][183.547s] GC(35) Using 8 workers of 8 for evacuation
[2025-06-03T16:03:30.283+0530][183.586s] GC(35) Skipped phase 1 of Reference Processing: no references
[2025-06-03T16:03:30.283+0530][183.586s] GC(35) Skipped phase 2 of Reference Processing: no references
[2025-06-03T16:03:30.283+0530][183.586s] GC(35) Skipped phase 3 of Reference Processing: no references
[2025-06-03T16:03:30.283+0530][183.586s] GC(35) Skipped phase 4 of Reference Processing: no references
[2025-06-03T16:03:30.284+0530][183.586s] GC(35)   Pre Evacuate Collection Set: 0.1ms
[2025-06-03T16:03:30.284+0530][183.586s] GC(35)   Merge Heap Roots: 0.1ms
[2025-06-03T16:03:30.284+0530][183.586s] GC(35)   Evacuate Collection Set: 38.6ms
[2025-06-03T16:03:30.284+0530][183.586s] GC(35)   Post Evacuate Collection Set: 0.4ms
[2025-06-03T16:03:30.284+0530][183.586s] GC(35)   Other: 0.2ms
[2025-06-03T16:03:30.284+0530][183.586s] GC(35) Eden regions: 160->0(11)
[2025-06-03T16:03:30.284+0530][183.586s] GC(35) Survivor regions: 8->14(21)
[2025-06-03T16:03:30.284+0530][183.586s] GC(35) Old regions: 275->275
[2025-06-03T16:03:30.284+0530][183.586s] GC(35) Archive regions: 2->2
[2025-06-03T16:03:30.284+0530][183.586s] GC(35) Humongous regions: 0->0
[2025-06-03T16:03:30.284+0530][183.586s] GC(35) Metaspace: 20535K(20992K)->20535K(20992K) NonClass: 17950K(18176K)->17950K(18176K) Class: 2585K(2816K)->2585K(2816K)
[2025-06-03T16:03:30.284+0530][183.586s] GC(35) Pause Young (Prepare Mixed) (G1 Evacuation Pause) 442M->289M(512M) 39.513ms
[2025-06-03T16:03:30.284+0530][183.586s] GC(35) User=0.09s Sys=0.03s Real=0.04s
[2025-06-03T16:03:30.435+0530][183.738s] GC(36) Pause Young (Mixed) (G1 Evacuation Pause)
[2025-06-03T16:03:30.435+0530][183.738s] GC(36) Using 8 workers of 8 for evacuation
[2025-06-03T16:03:30.501+0530][183.804s] GC(36) Skipped phase 1 of Reference Processing: no references
[2025-06-03T16:03:30.502+0530][183.804s] GC(36) Skipped phase 2 of Reference Processing: no references
[2025-06-03T16:03:30.502+0530][183.804s] GC(36) Skipped phase 3 of Reference Processing: no references
[2025-06-03T16:03:30.502+0530][183.804s] GC(36) Skipped phase 4 of Reference Processing: no references
[2025-06-03T16:03:30.502+0530][183.805s] GC(36)   Pre Evacuate Collection Set: 0.1ms
[2025-06-03T16:03:30.502+0530][183.805s] GC(36)   Merge Heap Roots: 0.1ms
[2025-06-03T16:03:30.502+0530][183.805s] GC(36)   Evacuate Collection Set: 65.8ms
[2025-06-03T16:03:30.502+0530][183.805s] GC(36)   Post Evacuate Collection Set: 0.6ms
[2025-06-03T16:03:30.502+0530][183.805s] GC(36)   Other: 0.2ms
[2025-06-03T16:03:30.502+0530][183.805s] GC(36) Eden regions: 11->0(155)
[2025-06-03T16:03:30.502+0530][183.805s] GC(36) Survivor regions: 14->2(4)
[2025-06-03T16:03:30.502+0530][183.805s] GC(36) Old regions: 275->286
[2025-06-03T16:03:30.502+0530][183.805s] GC(36) Archive regions: 2->2
[2025-06-03T16:03:30.502+0530][183.805s] GC(36) Humongous regions: 0->0
[2025-06-03T16:03:30.502+0530][183.805s] GC(36) Metaspace: 20535K(20992K)->20535K(20992K) NonClass: 17950K(18176K)->17950K(18176K) Class: 2585K(2816K)->2585K(2816K)
[2025-06-03T16:03:30.502+0530][183.805s] GC(36) Pause Young (Mixed) (G1 Evacuation Pause) 300M->288M(512M) 67.047ms
[2025-06-03T16:03:30.502+0530][183.805s] GC(36) User=0.12s Sys=0.02s Real=0.07s
[2025-06-03T16:03:32.569+0530][185.872s] GC(37) Pause Young (Concurrent Start) (G1 Evacuation Pause)
[2025-06-03T16:03:32.569+0530][185.872s] GC(37) Using 8 workers of 8 for evacuation
[2025-06-03T16:03:32.592+0530][185.895s] GC(37) Skipped phase 1 of Reference Processing: no references
[2025-06-03T16:03:32.593+0530][185.895s] GC(37) Skipped phase 2 of Reference Processing: no references
[2025-06-03T16:03:32.593+0530][185.895s] GC(37) Skipped phase 3 of Reference Processing: no references
[2025-06-03T16:03:32.593+0530][185.895s] GC(37) Skipped phase 4 of Reference Processing: no references
[2025-06-03T16:03:32.593+0530][185.896s] GC(37)   Pre Evacuate Collection Set: 0.2ms
[2025-06-03T16:03:32.593+0530][185.896s] GC(37)   Merge Heap Roots: 0.1ms
[2025-06-03T16:03:32.593+0530][185.896s] GC(37)   Evacuate Collection Set: 22.8ms
[2025-06-03T16:03:32.593+0530][185.896s] GC(37)   Post Evacuate Collection Set: 0.5ms
[2025-06-03T16:03:32.593+0530][185.896s] GC(37)   Other: 0.2ms
[2025-06-03T16:03:32.593+0530][185.896s] GC(37) Eden regions: 155->0(151)
[2025-06-03T16:03:32.593+0530][185.896s] GC(37) Survivor regions: 2->7(20)
[2025-06-03T16:03:32.593+0530][185.896s] GC(37) Old regions: 286->286
[2025-06-03T16:03:32.593+0530][185.896s] GC(37) Archive regions: 2->2
[2025-06-03T16:03:32.593+0530][185.896s] GC(37) Humongous regions: 0->0
[2025-06-03T16:03:32.593+0530][185.896s] GC(37) Metaspace: 20535K(20992K)->20535K(20992K) NonClass: 17950K(18176K)->17950K(18176K) Class: 2585K(2816K)->2585K(2816K)
[2025-06-03T16:03:32.593+0530][185.896s] GC(37) Pause Young (Concurrent Start) (G1 Evacuation Pause) 443M->293M(512M) 23.905ms
[2025-06-03T16:03:32.593+0530][185.896s] GC(37) User=0.06s Sys=0.01s Real=0.03s
[2025-06-03T16:03:32.593+0530][185.896s] GC(38) Concurrent Mark Cycle
[2025-06-03T16:03:32.593+0530][185.896s] GC(38) Concurrent Clear Claimed Marks
[2025-06-03T16:03:32.593+0530][185.896s] GC(38) Concurrent Clear Claimed Marks 0.078ms
[2025-06-03T16:03:32.593+0530][185.896s] GC(38) Concurrent Scan Root Regions
[2025-06-03T16:03:32.598+0530][185.901s] GC(38) Concurrent Scan Root Regions 4.882ms
[2025-06-03T16:03:32.598+0530][185.901s] GC(38) Concurrent Mark
[2025-06-03T16:03:32.598+0530][185.901s] GC(38) Concurrent Mark From Roots
[2025-06-03T16:03:32.598+0530][185.901s] GC(38) Using 2 workers of 2 for marking
[2025-06-03T16:03:32.987+0530][186.290s] GC(38) Concurrent Mark From Roots 388.510ms
[2025-06-03T16:03:32.987+0530][186.290s] GC(38) Concurrent Preclean
[2025-06-03T16:03:32.987+0530][186.290s] GC(38) Preclean SoftReferences 0.006ms
[2025-06-03T16:03:32.987+0530][186.290s] GC(38) Preclean WeakReferences 0.089ms
[2025-06-03T16:03:32.987+0530][186.290s] GC(38) Preclean FinalReferences 0.004ms
[2025-06-03T16:03:32.987+0530][186.290s] GC(38) Preclean PhantomReferences 0.027ms
[2025-06-03T16:03:32.987+0530][186.290s] GC(38) Concurrent Preclean 0.239ms
[2025-06-03T16:03:32.987+0530][186.290s] GC(38) Pause Remark
[2025-06-03T16:03:32.987+0530][186.290s] GC(38) Skipped phase 1 of Reference Processing: no references
[2025-06-03T16:03:32.988+0530][186.290s] GC(38) Skipped phase 2 of Reference Processing: no references
[2025-06-03T16:03:32.988+0530][186.290s] GC(38) Skipped phase 3 of Reference Processing: no references
[2025-06-03T16:03:32.988+0530][186.290s] GC(38) Skipped phase 4 of Reference Processing: no references
[2025-06-03T16:03:32.989+0530][186.292s] GC(38) Pause Remark 319M->319M(512M) 1.963ms
[2025-06-03T16:03:32.989+0530][186.292s] GC(38) User=0.00s Sys=0.00s Real=0.00s
[2025-06-03T16:03:32.989+0530][186.292s] GC(38) Concurrent Mark 391.083ms
[2025-06-03T16:03:32.989+0530][186.292s] GC(38) Concurrent Rebuild Remembered Sets
[2025-06-03T16:03:33.174+0530][186.476s] GC(38) Concurrent Rebuild Remembered Sets 184.216ms
[2025-06-03T16:03:33.174+0530][186.477s] GC(38) Pause Cleanup
[2025-06-03T16:03:33.174+0530][186.477s] GC(38) Pause Cleanup 332M->332M(512M) 0.163ms
[2025-06-03T16:03:33.174+0530][186.477s] GC(38) User=0.00s Sys=0.00s Real=0.00s
[2025-06-03T16:03:33.174+0530][186.477s] GC(38) Concurrent Cleanup for Next Mark
[2025-06-03T16:03:33.175+0530][186.477s] GC(38) Concurrent Cleanup for Next Mark 0.576ms
[2025-06-03T16:03:33.175+0530][186.477s] GC(38) Concurrent Mark Cycle 581.538ms
[2025-06-03T16:03:34.807+0530][188.110s] GC(39) Pause Young (Prepare Mixed) (G1 Evacuation Pause)
[2025-06-03T16:03:34.807+0530][188.110s] GC(39) Using 8 workers of 8 for evacuation
[2025-06-03T16:03:34.845+0530][188.148s] GC(39) Skipped phase 1 of Reference Processing: no references
[2025-06-03T16:03:34.845+0530][188.148s] GC(39) Skipped phase 2 of Reference Processing: no references
[2025-06-03T16:03:34.845+0530][188.148s] GC(39) Skipped phase 3 of Reference Processing: no references
[2025-06-03T16:03:34.845+0530][188.148s] GC(39) Skipped phase 4 of Reference Processing: no references
[2025-06-03T16:03:34.845+0530][188.148s] GC(39)   Pre Evacuate Collection Set: 0.1ms
[2025-06-03T16:03:34.845+0530][188.148s] GC(39)   Merge Heap Roots: 0.1ms
[2025-06-03T16:03:34.845+0530][188.148s] GC(39)   Evacuate Collection Set: 37.1ms
[2025-06-03T16:03:34.845+0530][188.148s] GC(39)   Post Evacuate Collection Set: 0.4ms
[2025-06-03T16:03:34.845+0530][188.148s] GC(39)   Other: 0.2ms
[2025-06-03T16:03:34.845+0530][188.148s] GC(39) Eden regions: 151->0(11)
[2025-06-03T16:03:34.845+0530][188.148s] GC(39) Survivor regions: 7->14(20)
[2025-06-03T16:03:34.845+0530][188.148s] GC(39) Old regions: 286->286
[2025-06-03T16:03:34.845+0530][188.148s] GC(39) Archive regions: 2->2
[2025-06-03T16:03:34.845+0530][188.148s] GC(39) Humongous regions: 0->0
[2025-06-03T16:03:34.845+0530][188.148s] GC(39) Metaspace: 20535K(20992K)->20535K(20992K) NonClass: 17950K(18176K)->17950K(18176K) Class: 2585K(2816K)->2585K(2816K)
[2025-06-03T16:03:34.845+0530][188.148s] GC(39) Pause Young (Prepare Mixed) (G1 Evacuation Pause) 444M->299M(512M) 37.908ms
[2025-06-03T16:03:34.845+0530][188.148s] GC(39) User=0.09s Sys=0.02s Real=0.04s
[2025-06-03T16:03:34.986+0530][188.289s] GC(40) Pause Young (Mixed) (G1 Evacuation Pause)
[2025-06-03T16:03:34.986+0530][188.289s] GC(40) Using 8 workers of 8 for evacuation
[2025-06-03T16:03:35.024+0530][188.326s] GC(40) Skipped phase 1 of Reference Processing: no references
[2025-06-03T16:03:35.024+0530][188.326s] GC(40) Skipped phase 2 of Reference Processing: no references
[2025-06-03T16:03:35.024+0530][188.327s] GC(40) Skipped phase 3 of Reference Processing: no references
[2025-06-03T16:03:35.024+0530][188.327s] GC(40) Skipped phase 4 of Reference Processing: no references
[2025-06-03T16:03:35.024+0530][188.327s] GC(40)   Pre Evacuate Collection Set: 0.1ms
[2025-06-03T16:03:35.024+0530][188.327s] GC(40)   Merge Heap Roots: 0.0ms
[2025-06-03T16:03:35.024+0530][188.327s] GC(40)   Evacuate Collection Set: 37.2ms
[2025-06-03T16:03:35.024+0530][188.327s] GC(40)   Post Evacuate Collection Set: 0.4ms
[2025-06-03T16:03:35.024+0530][188.327s] GC(40)   Other: 0.2ms
[2025-06-03T16:03:35.024+0530][188.327s] GC(40) Eden regions: 11->0(146)
[2025-06-03T16:03:35.024+0530][188.327s] GC(40) Survivor regions: 14->2(4)
[2025-06-03T16:03:35.024+0530][188.327s] GC(40) Old regions: 286->296
[2025-06-03T16:03:35.024+0530][188.327s] GC(40) Archive regions: 2->2
[2025-06-03T16:03:35.024+0530][188.327s] GC(40) Humongous regions: 0->0
[2025-06-03T16:03:35.024+0530][188.327s] GC(40) Metaspace: 20535K(20992K)->20535K(20992K) NonClass: 17950K(18176K)->17950K(18176K) Class: 2585K(2816K)->2585K(2816K)
[2025-06-03T16:03:35.024+0530][188.327s] GC(40) Pause Young (Mixed) (G1 Evacuation Pause) 310M->298M(512M) 38.065ms
[2025-06-03T16:03:35.024+0530][188.327s] GC(40) User=0.11s Sys=0.03s Real=0.04s
[2025-06-03T16:03:37.180+0530][190.483s] GC(41) Pause Young (Normal) (G1 Evacuation Pause)
[2025-06-03T16:03:37.180+0530][190.483s] GC(41) Using 8 workers of 8 for evacuation
[2025-06-03T16:03:37.199+0530][190.502s] GC(41) Skipped phase 1 of Reference Processing: no references
[2025-06-03T16:03:37.199+0530][190.502s] GC(41) Skipped phase 2 of Reference Processing: no references
[2025-06-03T16:03:37.199+0530][190.502s] GC(41) Skipped phase 3 of Reference Processing: no references
[2025-06-03T16:03:37.199+0530][190.502s] GC(41) Skipped phase 4 of Reference Processing: no references
[2025-06-03T16:03:37.200+0530][190.502s] GC(41)   Pre Evacuate Collection Set: 0.1ms
[2025-06-03T16:03:37.200+0530][190.502s] GC(41)   Merge Heap Roots: 0.1ms
[2025-06-03T16:03:37.200+0530][190.502s] GC(41)   Evacuate Collection Set: 18.9ms
[2025-06-03T16:03:37.200+0530][190.502s] GC(41)   Post Evacuate Collection Set: 0.4ms
[2025-06-03T16:03:37.200+0530][190.502s] GC(41)   Other: 0.2ms
[2025-06-03T16:03:37.200+0530][190.502s] GC(41) Eden regions: 146->0(142)
[2025-06-03T16:03:37.200+0530][190.502s] GC(41) Survivor regions: 2->7(19)
[2025-06-03T16:03:37.200+0530][190.503s] GC(41) Old regions: 296->296
[2025-06-03T16:03:37.200+0530][190.503s] GC(41) Archive regions: 2->2
[2025-06-03T16:03:37.200+0530][190.503s] GC(41) Humongous regions: 0->0
[2025-06-03T16:03:37.200+0530][190.503s] GC(41) Metaspace: 20535K(20992K)->20535K(20992K) NonClass: 17950K(18176K)->17950K(18176K) Class: 2585K(2816K)->2585K(2816K)
[2025-06-03T16:03:37.200+0530][190.503s] GC(41) Pause Young (Normal) (G1 Evacuation Pause) 444M->303M(512M) 19.776ms
[2025-06-03T16:03:37.200+0530][190.503s] GC(41) User=0.05s Sys=0.01s Real=0.02s
[2025-06-03T16:03:39.245+0530][192.548s] GC(42) Pause Young (Normal) (G1 Evacuation Pause)
[2025-06-03T16:03:39.245+0530][192.548s] GC(42) Using 8 workers of 8 for evacuation
[2025-06-03T16:03:39.279+0530][192.582s] GC(42) Skipped phase 1 of Reference Processing: no references
[2025-06-03T16:03:39.279+0530][192.582s] GC(42) Skipped phase 2 of Reference Processing: no references
[2025-06-03T16:03:39.279+0530][192.582s] GC(42) Skipped phase 3 of Reference Processing: no references
[2025-06-03T16:03:39.279+0530][192.582s] GC(42) Skipped phase 4 of Reference Processing: no references
[2025-06-03T16:03:39.279+0530][192.582s] GC(42)   Pre Evacuate Collection Set: 0.1ms
[2025-06-03T16:03:39.279+0530][192.582s] GC(42)   Merge Heap Roots: 0.0ms
[2025-06-03T16:03:39.279+0530][192.582s] GC(42)   Evacuate Collection Set: 33.4ms
[2025-06-03T16:03:39.279+0530][192.582s] GC(42)   Post Evacuate Collection Set: 0.5ms
[2025-06-03T16:03:39.279+0530][192.582s] GC(42)   Other: 0.2ms
[2025-06-03T16:03:39.279+0530][192.582s] GC(42) Eden regions: 142->0(136)
[2025-06-03T16:03:39.279+0530][192.582s] GC(42) Survivor regions: 7->13(19)
[2025-06-03T16:03:39.279+0530][192.582s] GC(42) Old regions: 296->296
[2025-06-03T16:03:39.279+0530][192.582s] GC(42) Archive regions: 2->2
[2025-06-03T16:03:39.279+0530][192.582s] GC(42) Humongous regions: 0->0
[2025-06-03T16:03:39.279+0530][192.582s] GC(42) Metaspace: 20535K(20992K)->20535K(20992K) NonClass: 17950K(18176K)->17950K(18176K) Class: 2585K(2816K)->2585K(2816K)
[2025-06-03T16:03:39.279+0530][192.582s] GC(42) Pause Young (Normal) (G1 Evacuation Pause) 445M->308M(512M) 34.346ms
[2025-06-03T16:03:39.280+0530][192.582s] GC(42) User=0.09s Sys=0.03s Real=0.04s
[2025-06-03T16:03:41.062+0530][194.365s] GC(43) Pause Young (Concurrent Start) (G1 Evacuation Pause)
[2025-06-03T16:03:41.062+0530][194.365s] GC(43) Using 8 workers of 8 for evacuation
[2025-06-03T16:03:41.112+0530][194.415s] GC(43) Skipped phase 1 of Reference Processing: no references
[2025-06-03T16:03:41.112+0530][194.415s] GC(43) Skipped phase 2 of Reference Processing: no references
[2025-06-03T16:03:41.112+0530][194.415s] GC(43) Skipped phase 3 of Reference Processing: no references
[2025-06-03T16:03:41.112+0530][194.415s] GC(43) Skipped phase 4 of Reference Processing: no references
[2025-06-03T16:03:41.113+0530][194.415s] GC(43)   Pre Evacuate Collection Set: 0.1ms
[2025-06-03T16:03:41.113+0530][194.416s] GC(43)   Merge Heap Roots: 0.0ms
[2025-06-03T16:03:41.113+0530][194.416s] GC(43)   Evacuate Collection Set: 49.9ms
[2025-06-03T16:03:41.113+0530][194.416s] GC(43)   Post Evacuate Collection Set: 0.6ms
[2025-06-03T16:03:41.113+0530][194.416s] GC(43)   Other: 0.2ms
[2025-06-03T16:03:41.113+0530][194.416s] GC(43) Eden regions: 136->0(132)
[2025-06-03T16:03:41.113+0530][194.416s] GC(43) Survivor regions: 13->12(19)
[2025-06-03T16:03:41.113+0530][194.416s] GC(43) Old regions: 296->302
[2025-06-03T16:03:41.113+0530][194.416s] GC(43) Archive regions: 2->2
[2025-06-03T16:03:41.113+0530][194.416s] GC(43) Humongous regions: 0->0
[2025-06-03T16:03:41.113+0530][194.416s] GC(43) Metaspace: 20535K(20992K)->20535K(20992K) NonClass: 17950K(18176K)->17950K(18176K) Class: 2585K(2816K)->2585K(2816K)
[2025-06-03T16:03:41.113+0530][194.416s] GC(43) Pause Young (Concurrent Start) (G1 Evacuation Pause) 444M->314M(512M) 51.015ms
[2025-06-03T16:03:41.113+0530][194.416s] GC(43) User=0.11s Sys=0.02s Real=0.05s
[2025-06-03T16:03:41.113+0530][194.416s] GC(44) Concurrent Mark Cycle
[2025-06-03T16:03:41.113+0530][194.416s] GC(44) Concurrent Clear Claimed Marks
[2025-06-03T16:03:41.113+0530][194.416s] GC(44) Concurrent Clear Claimed Marks 0.071ms
[2025-06-03T16:03:41.113+0530][194.416s] GC(44) Concurrent Scan Root Regions
[2025-06-03T16:03:41.122+0530][194.425s] GC(44) Concurrent Scan Root Regions 8.483ms
[2025-06-03T16:03:41.122+0530][194.425s] GC(44) Concurrent Mark
[2025-06-03T16:03:41.122+0530][194.425s] GC(44) Concurrent Mark From Roots
[2025-06-03T16:03:41.122+0530][194.425s] GC(44) Using 2 workers of 2 for marking
[2025-06-03T16:03:41.524+0530][194.827s] GC(44) Concurrent Mark From Roots 402.355ms
[2025-06-03T16:03:41.524+0530][194.827s] GC(44) Concurrent Preclean
[2025-06-03T16:03:41.524+0530][194.827s] GC(44) Preclean SoftReferences 0.006ms
[2025-06-03T16:03:41.524+0530][194.827s] GC(44) Preclean WeakReferences 0.083ms
[2025-06-03T16:03:41.524+0530][194.827s] GC(44) Preclean FinalReferences 0.004ms
[2025-06-03T16:03:41.524+0530][194.827s] GC(44) Preclean PhantomReferences 0.016ms
[2025-06-03T16:03:41.524+0530][194.827s] GC(44) Concurrent Preclean 0.178ms
[2025-06-03T16:03:41.524+0530][194.827s] GC(44) Pause Remark
[2025-06-03T16:03:41.525+0530][194.828s] GC(44) Skipped phase 1 of Reference Processing: no references
[2025-06-03T16:03:41.525+0530][194.828s] GC(44) Skipped phase 2 of Reference Processing: no references
[2025-06-03T16:03:41.525+0530][194.828s] GC(44) Skipped phase 3 of Reference Processing: no references
[2025-06-03T16:03:41.525+0530][194.828s] GC(44) Skipped phase 4 of Reference Processing: no references
[2025-06-03T16:03:41.527+0530][194.830s] GC(44) Pause Remark 340M->340M(512M) 2.688ms
[2025-06-03T16:03:41.527+0530][194.830s] GC(44) User=0.01s Sys=0.00s Real=0.00s
[2025-06-03T16:03:41.527+0530][194.830s] GC(44) Concurrent Mark 405.651ms
[2025-06-03T16:03:41.527+0530][194.830s] GC(44) Concurrent Rebuild Remembered Sets
[2025-06-03T16:03:41.735+0530][195.037s] GC(44) Concurrent Rebuild Remembered Sets 207.108ms
[2025-06-03T16:03:41.735+0530][195.038s] GC(44) Pause Cleanup
[2025-06-03T16:03:41.735+0530][195.038s] GC(44) Pause Cleanup 354M->354M(512M) 0.140ms
[2025-06-03T16:03:41.735+0530][195.038s] GC(44) User=0.00s Sys=0.00s Real=0.00s
[2025-06-03T16:03:41.735+0530][195.038s] GC(44) Concurrent Cleanup for Next Mark
[2025-06-03T16:03:41.736+0530][195.038s] GC(44) Concurrent Cleanup for Next Mark 0.602ms
[2025-06-03T16:03:41.736+0530][195.038s] GC(44) Concurrent Mark Cycle 622.577ms
[2025-06-03T16:03:43.086+0530][196.388s] GC(45) Pause Young (Prepare Mixed) (G1 Evacuation Pause)
[2025-06-03T16:03:43.086+0530][196.388s] GC(45) Using 8 workers of 8 for evacuation
[2025-06-03T16:03:43.133+0530][196.435s] GC(45) Skipped phase 1 of Reference Processing: no references
[2025-06-03T16:03:43.133+0530][196.435s] GC(45) Skipped phase 2 of Reference Processing: no references
[2025-06-03T16:03:43.133+0530][196.436s] GC(45) Skipped phase 3 of Reference Processing: no references
[2025-06-03T16:03:43.133+0530][196.436s] GC(45) Skipped phase 4 of Reference Processing: no references
[2025-06-03T16:03:43.133+0530][196.436s] GC(45)   Pre Evacuate Collection Set: 0.1ms
[2025-06-03T16:03:43.133+0530][196.436s] GC(45)   Merge Heap Roots: 0.1ms
[2025-06-03T16:03:43.133+0530][196.436s] GC(45)   Evacuate Collection Set: 46.7ms
[2025-06-03T16:03:43.133+0530][196.436s] GC(45)   Post Evacuate Collection Set: 0.4ms
[2025-06-03T16:03:43.133+0530][196.436s] GC(45)   Other: 0.2ms
[2025-06-03T16:03:43.133+0530][196.436s] GC(45) Eden regions: 132->0(13)
[2025-06-03T16:03:43.133+0530][196.436s] GC(45) Survivor regions: 12->12(18)
[2025-06-03T16:03:43.133+0530][196.436s] GC(45) Old regions: 302->308
[2025-06-03T16:03:43.133+0530][196.436s] GC(45) Archive regions: 2->2
[2025-06-03T16:03:43.133+0530][196.436s] GC(45) Humongous regions: 0->0
[2025-06-03T16:03:43.133+0530][196.436s] GC(45) Metaspace: 20535K(20992K)->20535K(20992K) NonClass: 17950K(18176K)->17950K(18176K) Class: 2585K(2816K)->2585K(2816K)
[2025-06-03T16:03:43.133+0530][196.436s] GC(45) Pause Young (Prepare Mixed) (G1 Evacuation Pause) 446M->320M(512M) 47.545ms
[2025-06-03T16:03:43.133+0530][196.436s] GC(45) User=0.12s Sys=0.03s Real=0.05s
[2025-06-03T16:03:43.316+0530][196.619s] GC(46) Pause Young (Mixed) (G1 Evacuation Pause)
[2025-06-03T16:03:43.316+0530][196.619s] GC(46) Using 8 workers of 8 for evacuation
[2025-06-03T16:03:43.353+0530][196.656s] GC(46) Skipped phase 1 of Reference Processing: no references
[2025-06-03T16:03:43.353+0530][196.656s] GC(46) Skipped phase 2 of Reference Processing: no references
[2025-06-03T16:03:43.353+0530][196.656s] GC(46) Skipped phase 3 of Reference Processing: no references
[2025-06-03T16:03:43.353+0530][196.656s] GC(46) Skipped phase 4 of Reference Processing: no references
[2025-06-03T16:03:43.353+0530][196.656s] GC(46)   Pre Evacuate Collection Set: 0.1ms
[2025-06-03T16:03:43.353+0530][196.656s] GC(46)   Merge Heap Roots: 0.0ms
[2025-06-03T16:03:43.353+0530][196.656s] GC(46)   Evacuate Collection Set: 36.1ms
[2025-06-03T16:03:43.353+0530][196.656s] GC(46)   Post Evacuate Collection Set: 0.3ms
[2025-06-03T16:03:43.353+0530][196.656s] GC(46)   Other: 0.2ms
[2025-06-03T16:03:43.353+0530][196.656s] GC(46) Eden regions: 13->0(127)
[2025-06-03T16:03:43.353+0530][196.656s] GC(46) Survivor regions: 12->2(4)
[2025-06-03T16:03:43.353+0530][196.656s] GC(46) Old regions: 308->317
[2025-06-03T16:03:43.353+0530][196.656s] GC(46) Archive regions: 2->2
[2025-06-03T16:03:43.353+0530][196.656s] GC(46) Humongous regions: 0->0
[2025-06-03T16:03:43.353+0530][196.656s] GC(46) Metaspace: 20535K(20992K)->20535K(20992K) NonClass: 17950K(18176K)->17950K(18176K) Class: 2585K(2816K)->2585K(2816K)
[2025-06-03T16:03:43.353+0530][196.656s] GC(46) Pause Young (Mixed) (G1 Evacuation Pause) 333M->319M(512M) 36.868ms
[2025-06-03T16:03:43.353+0530][196.656s] GC(46) User=0.10s Sys=0.02s Real=0.04s
[2025-06-03T16:03:45.203+0530][198.505s] GC(47) Pause Young (Normal) (G1 Evacuation Pause)
[2025-06-03T16:03:45.203+0530][198.506s] GC(47) Using 8 workers of 8 for evacuation
[2025-06-03T16:03:45.220+0530][198.523s] GC(47) Skipped phase 1 of Reference Processing: no references
[2025-06-03T16:03:45.220+0530][198.523s] GC(47) Skipped phase 2 of Reference Processing: no references
[2025-06-03T16:03:45.220+0530][198.523s] GC(47) Skipped phase 3 of Reference Processing: no references
[2025-06-03T16:03:45.220+0530][198.523s] GC(47) Skipped phase 4 of Reference Processing: no references
[2025-06-03T16:03:45.220+0530][198.523s] GC(47)   Pre Evacuate Collection Set: 0.1ms
[2025-06-03T16:03:45.220+0530][198.523s] GC(47)   Merge Heap Roots: 0.0ms
[2025-06-03T16:03:45.220+0530][198.523s] GC(47)   Evacuate Collection Set: 17.1ms
[2025-06-03T16:03:45.221+0530][198.523s] GC(47)   Post Evacuate Collection Set: 0.5ms
[2025-06-03T16:03:45.221+0530][198.523s] GC(47)   Other: 0.2ms
[2025-06-03T16:03:45.221+0530][198.523s] GC(47) Eden regions: 127->0(123)
[2025-06-03T16:03:45.221+0530][198.523s] GC(47) Survivor regions: 2->6(17)
[2025-06-03T16:03:45.221+0530][198.523s] GC(47) Old regions: 317->317
[2025-06-03T16:03:45.221+0530][198.523s] GC(47) Archive regions: 2->2
[2025-06-03T16:03:45.221+0530][198.523s] GC(47) Humongous regions: 0->0
[2025-06-03T16:03:45.221+0530][198.524s] GC(47) Metaspace: 20535K(20992K)->20535K(20992K) NonClass: 17950K(18176K)->17950K(18176K) Class: 2585K(2816K)->2585K(2816K)
[2025-06-03T16:03:45.221+0530][198.524s] GC(47) Pause Young (Normal) (G1 Evacuation Pause) 446M->323M(512M) 18.052ms
[2025-06-03T16:03:45.221+0530][198.524s] GC(47) User=0.05s Sys=0.01s Real=0.02s
[2025-06-03T16:03:47.013+0530][200.316s] GC(48) Pause Young (Normal) (G1 Evacuation Pause)
[2025-06-03T16:03:47.014+0530][200.316s] GC(48) Using 8 workers of 8 for evacuation
[2025-06-03T16:03:47.044+0530][200.347s] GC(48) Skipped phase 1 of Reference Processing: no references
[2025-06-03T16:03:47.044+0530][200.347s] GC(48) Skipped phase 2 of Reference Processing: no references
[2025-06-03T16:03:47.044+0530][200.347s] GC(48) Skipped phase 3 of Reference Processing: no references
[2025-06-03T16:03:47.044+0530][200.347s] GC(48) Skipped phase 4 of Reference Processing: no references
[2025-06-03T16:03:47.045+0530][200.348s] GC(48)   Pre Evacuate Collection Set: 0.1ms
[2025-06-03T16:03:47.045+0530][200.348s] GC(48)   Merge Heap Roots: 0.0ms
[2025-06-03T16:03:47.045+0530][200.348s] GC(48)   Evacuate Collection Set: 30.5ms
[2025-06-03T16:03:47.045+0530][200.348s] GC(48)   Post Evacuate Collection Set: 0.4ms
[2025-06-03T16:03:47.045+0530][200.348s] GC(48)   Other: 0.2ms
[2025-06-03T16:03:47.045+0530][200.348s] GC(48) Eden regions: 123->0(119)
[2025-06-03T16:03:47.045+0530][200.348s] GC(48) Survivor regions: 6->11(17)
[2025-06-03T16:03:47.045+0530][200.348s] GC(48) Old regions: 317->317
[2025-06-03T16:03:47.045+0530][200.348s] GC(48) Archive regions: 2->2
[2025-06-03T16:03:47.045+0530][200.348s] GC(48) Humongous regions: 0->0
[2025-06-03T16:03:47.045+0530][200.348s] GC(48) Metaspace: 20535K(20992K)->20535K(20992K) NonClass: 17950K(18176K)->17950K(18176K) Class: 2585K(2816K)->2585K(2816K)
[2025-06-03T16:03:47.045+0530][200.348s] GC(48) Pause Young (Normal) (G1 Evacuation Pause) 446M->328M(512M) 31.411ms
[2025-06-03T16:03:47.045+0530][200.348s] GC(48) User=0.07s Sys=0.02s Real=0.03s
[2025-06-03T16:03:48.743+0530][202.046s] GC(49) Pause Young (Concurrent Start) (G1 Evacuation Pause)
[2025-06-03T16:03:48.743+0530][202.046s] GC(49) Using 8 workers of 8 for evacuation
[2025-06-03T16:03:48.787+0530][202.090s] GC(49) Skipped phase 1 of Reference Processing: no references
[2025-06-03T16:03:48.787+0530][202.090s] GC(49) Skipped phase 2 of Reference Processing: no references
[2025-06-03T16:03:48.787+0530][202.090s] GC(49) Skipped phase 3 of Reference Processing: no references
[2025-06-03T16:03:48.787+0530][202.090s] GC(49) Skipped phase 4 of Reference Processing: no references
[2025-06-03T16:03:48.788+0530][202.091s] GC(49)   Pre Evacuate Collection Set: 0.1ms
[2025-06-03T16:03:48.788+0530][202.091s] GC(49)   Merge Heap Roots: 0.1ms
[2025-06-03T16:03:48.788+0530][202.091s] GC(49)   Evacuate Collection Set: 44.1ms
[2025-06-03T16:03:48.788+0530][202.091s] GC(49)   Post Evacuate Collection Set: 0.4ms
[2025-06-03T16:03:48.788+0530][202.091s] GC(49)   Other: 0.2ms
[2025-06-03T16:03:48.788+0530][202.091s] GC(49) Eden regions: 119->0(114)
[2025-06-03T16:03:48.788+0530][202.091s] GC(49) Survivor regions: 11->10(17)
[2025-06-03T16:03:48.788+0530][202.091s] GC(49) Old regions: 317->323
[2025-06-03T16:03:48.788+0530][202.091s] GC(49) Archive regions: 2->2
[2025-06-03T16:03:48.788+0530][202.091s] GC(49) Humongous regions: 0->0
[2025-06-03T16:03:48.788+0530][202.091s] GC(49) Metaspace: 20535K(20992K)->20535K(20992K) NonClass: 17950K(18176K)->17950K(18176K) Class: 2585K(2816K)->2585K(2816K)
[2025-06-03T16:03:48.788+0530][202.091s] GC(49) Pause Young (Concurrent Start) (G1 Evacuation Pause) 447M->333M(512M) 45.059ms
[2025-06-03T16:03:48.788+0530][202.091s] GC(49) User=0.11s Sys=0.02s Real=0.04s
[2025-06-03T16:03:48.788+0530][202.091s] GC(50) Concurrent Mark Cycle
[2025-06-03T16:03:48.788+0530][202.091s] GC(50) Concurrent Clear Claimed Marks
[2025-06-03T16:03:48.788+0530][202.091s] GC(50) Concurrent Clear Claimed Marks 0.063ms
[2025-06-03T16:03:48.788+0530][202.091s] GC(50) Concurrent Scan Root Regions
[2025-06-03T16:03:48.797+0530][202.099s] GC(50) Concurrent Scan Root Regions 8.229ms
[2025-06-03T16:03:48.797+0530][202.100s] GC(50) Concurrent Mark
[2025-06-03T16:03:48.797+0530][202.100s] GC(50) Concurrent Mark From Roots
[2025-06-03T16:03:48.797+0530][202.100s] GC(50) Using 2 workers of 2 for marking
[2025-06-03T16:03:49.219+0530][202.521s] GC(50) Concurrent Mark From Roots 421.883ms
[2025-06-03T16:03:49.219+0530][202.522s] GC(50) Concurrent Preclean
[2025-06-03T16:03:49.219+0530][202.522s] GC(50) Preclean SoftReferences 0.169ms
[2025-06-03T16:03:49.219+0530][202.522s] GC(50) Preclean WeakReferences 0.085ms
[2025-06-03T16:03:49.219+0530][202.522s] GC(50) Preclean FinalReferences 0.004ms
[2025-06-03T16:03:49.219+0530][202.522s] GC(50) Preclean PhantomReferences 0.016ms
[2025-06-03T16:03:49.219+0530][202.522s] GC(50) Concurrent Preclean 0.358ms
[2025-06-03T16:03:49.219+0530][202.522s] GC(50) Pause Remark
[2025-06-03T16:03:49.219+0530][202.522s] GC(50) ReferenceProcessor::execute queues: 8, RefProcThreadModel::Multi, marks_oops_alive: true
[2025-06-03T16:03:49.219+0530][202.522s] GC(50) ReferenceProcessor::execute queues: 2, RefProcThreadModel::Multi, marks_oops_alive: false
[2025-06-03T16:03:49.220+0530][202.523s] GC(50) Skipped phase 3 of Reference Processing: no references
[2025-06-03T16:03:49.220+0530][202.523s] GC(50) Skipped phase 4 of Reference Processing: no references
[2025-06-03T16:03:49.223+0530][202.526s] GC(50) Pause Remark 360M->360M(512M) 4.259ms
[2025-06-03T16:03:49.223+0530][202.526s] GC(50) User=0.01s Sys=0.01s Real=0.01s
[2025-06-03T16:03:49.224+0530][202.526s] GC(50) Concurrent Mark 426.913ms
[2025-06-03T16:03:49.224+0530][202.527s] GC(50) Concurrent Rebuild Remembered Sets
[2025-06-03T16:03:49.443+0530][202.746s] GC(50) Concurrent Rebuild Remembered Sets 219.101ms
[2025-06-03T16:03:49.443+0530][202.746s] GC(50) Pause Cleanup
[2025-06-03T16:03:49.443+0530][202.746s] GC(50) Pause Cleanup 375M->375M(512M) 0.146ms
[2025-06-03T16:03:49.443+0530][202.746s] GC(50) User=0.00s Sys=0.00s Real=0.00s
[2025-06-03T16:03:49.443+0530][202.746s] GC(50) Concurrent Cleanup for Next Mark
[2025-06-03T16:03:49.444+0530][202.747s] GC(50) Concurrent Cleanup for Next Mark 0.618ms
[2025-06-03T16:03:49.444+0530][202.747s] GC(50) Concurrent Mark Cycle 655.557ms
[2025-06-03T16:03:50.420+0530][203.723s] GC(51) Pause Young (Prepare Mixed) (G1 Evacuation Pause)
[2025-06-03T16:03:50.420+0530][203.723s] GC(51) Using 8 workers of 8 for evacuation
[2025-06-03T16:03:50.461+0530][203.764s] GC(51) Skipped phase 1 of Reference Processing: no references
[2025-06-03T16:03:50.461+0530][203.764s] GC(51) ReferenceProcessor::execute queues: 1, RefProcThreadModel::Single, marks_oops_alive: false
[2025-06-03T16:03:50.461+0530][203.764s] GC(51) Skipped phase 3 of Reference Processing: no references
[2025-06-03T16:03:50.461+0530][203.764s] GC(51) Skipped phase 4 of Reference Processing: no references
[2025-06-03T16:03:50.461+0530][203.764s] GC(51)   Pre Evacuate Collection Set: 0.1ms
[2025-06-03T16:03:50.461+0530][203.764s] GC(51)   Merge Heap Roots: 0.1ms
[2025-06-03T16:03:50.461+0530][203.764s] GC(51)   Evacuate Collection Set: 40.9ms
[2025-06-03T16:03:50.462+0530][203.765s] GC(51)   Post Evacuate Collection Set: 0.4ms
[2025-06-03T16:03:50.462+0530][203.765s] GC(51)   Other: 0.2ms
[2025-06-03T16:03:50.462+0530][203.765s] GC(51) Eden regions: 114->0(14)
[2025-06-03T16:03:50.462+0530][203.765s] GC(51) Survivor regions: 10->11(16)
[2025-06-03T16:03:50.462+0530][203.765s] GC(51) Old regions: 323->328
[2025-06-03T16:03:50.462+0530][203.765s] GC(51) Archive regions: 2->2
[2025-06-03T16:03:50.462+0530][203.765s] GC(51) Humongous regions: 0->0
[2025-06-03T16:03:50.462+0530][203.765s] GC(51) Metaspace: 20274K(20992K)->20274K(20992K) NonClass: 17747K(18176K)->17747K(18176K) Class: 2527K(2816K)->2527K(2816K)
[2025-06-03T16:03:50.462+0530][203.765s] GC(51) Pause Young (Prepare Mixed) (G1 Evacuation Pause) 447M->338M(512M) 41.854ms
[2025-06-03T16:03:50.462+0530][203.765s] GC(51) User=0.10s Sys=0.03s Real=0.04s
[2025-06-03T16:03:50.640+0530][203.943s] GC(52) Pause Young (Mixed) (G1 Evacuation Pause)
[2025-06-03T16:03:50.640+0530][203.943s] GC(52) Using 8 workers of 8 for evacuation
[2025-06-03T16:03:50.670+0530][203.973s] GC(52) Skipped phase 1 of Reference Processing: no references
[2025-06-03T16:03:50.670+0530][203.973s] GC(52) Skipped phase 2 of Reference Processing: no references
[2025-06-03T16:03:50.670+0530][203.973s] GC(52) Skipped phase 3 of Reference Processing: no references
[2025-06-03T16:03:50.670+0530][203.973s] GC(52) Skipped phase 4 of Reference Processing: no references
[2025-06-03T16:03:50.671+0530][203.974s] GC(52)   Pre Evacuate Collection Set: 0.1ms
[2025-06-03T16:03:50.671+0530][203.974s] GC(52)   Merge Heap Roots: 0.0ms
[2025-06-03T16:03:50.671+0530][203.974s] GC(52)   Evacuate Collection Set: 30.0ms
[2025-06-03T16:03:50.671+0530][203.974s] GC(52)   Post Evacuate Collection Set: 0.4ms
[2025-06-03T16:03:50.671+0530][203.974s] GC(52)   Other: 0.2ms
[2025-06-03T16:03:50.671+0530][203.974s] GC(52) Eden regions: 14->0(110)
[2025-06-03T16:03:50.671+0530][203.974s] GC(52) Survivor regions: 11->2(4)
[2025-06-03T16:03:50.671+0530][203.974s] GC(52) Old regions: 328->336
[2025-06-03T16:03:50.671+0530][203.974s] GC(52) Archive regions: 2->2
[2025-06-03T16:03:50.671+0530][203.974s] GC(52) Humongous regions: 0->0
[2025-06-03T16:03:50.671+0530][203.974s] GC(52) Metaspace: 20274K(20992K)->20274K(20992K) NonClass: 17747K(18176K)->17747K(18176K) Class: 2527K(2816K)->2527K(2816K)
[2025-06-03T16:03:50.671+0530][203.974s] GC(52) Pause Young (Mixed) (G1 Evacuation Pause) 352M->338M(512M) 30.829ms
[2025-06-03T16:03:50.671+0530][203.974s] GC(52) User=0.08s Sys=0.01s Real=0.03s
[2025-06-03T16:03:52.138+0530][205.441s] GC(53) Pause Young (Normal) (G1 Evacuation Pause)
[2025-06-03T16:03:52.138+0530][205.441s] GC(53) Using 8 workers of 8 for evacuation
[2025-06-03T16:03:52.153+0530][205.456s] GC(53) Skipped phase 1 of Reference Processing: no references
[2025-06-03T16:03:52.153+0530][205.456s] GC(53) Skipped phase 2 of Reference Processing: no references
[2025-06-03T16:03:52.153+0530][205.456s] GC(53) Skipped phase 3 of Reference Processing: no references
[2025-06-03T16:03:52.153+0530][205.456s] GC(53) Skipped phase 4 of Reference Processing: no references
[2025-06-03T16:03:52.153+0530][205.456s] GC(53)   Pre Evacuate Collection Set: 0.1ms
[2025-06-03T16:03:52.153+0530][205.456s] GC(53)   Merge Heap Roots: 0.1ms
[2025-06-03T16:03:52.153+0530][205.456s] GC(53)   Evacuate Collection Set: 14.9ms
[2025-06-03T16:03:52.153+0530][205.456s] GC(53)   Post Evacuate Collection Set: 0.4ms
[2025-06-03T16:03:52.153+0530][205.456s] GC(53)   Other: 0.2ms
[2025-06-03T16:03:52.153+0530][205.456s] GC(53) Eden regions: 110->0(106)
[2025-06-03T16:03:52.153+0530][205.456s] GC(53) Survivor regions: 2->6(14)
[2025-06-03T16:03:52.153+0530][205.456s] GC(53) Old regions: 336->336
[2025-06-03T16:03:52.153+0530][205.456s] GC(53) Archive regions: 2->2
[2025-06-03T16:03:52.153+0530][205.456s] GC(53) Humongous regions: 0->0
[2025-06-03T16:03:52.153+0530][205.456s] GC(53) Metaspace: 20274K(20992K)->20274K(20992K) NonClass: 17747K(18176K)->17747K(18176K) Class: 2527K(2816K)->2527K(2816K)
[2025-06-03T16:03:52.154+0530][205.457s] GC(53) Pause Young (Normal) (G1 Evacuation Pause) 448M->341M(512M) 15.795ms
[2025-06-03T16:03:52.154+0530][205.457s] GC(53) User=0.04s Sys=0.01s Real=0.02s
[2025-06-03T16:03:53.573+0530][206.876s] GC(54) Pause Young (Normal) (G1 Evacuation Pause)
[2025-06-03T16:03:53.573+0530][206.876s] GC(54) Using 8 workers of 8 for evacuation
[2025-06-03T16:03:53.600+0530][206.903s] GC(54) Skipped phase 1 of Reference Processing: no references
[2025-06-03T16:03:53.600+0530][206.903s] GC(54) Skipped phase 2 of Reference Processing: no references
[2025-06-03T16:03:53.600+0530][206.903s] GC(54) Skipped phase 3 of Reference Processing: no references
[2025-06-03T16:03:53.600+0530][206.903s] GC(54) Skipped phase 4 of Reference Processing: no references
[2025-06-03T16:03:53.600+0530][206.903s] GC(54)   Pre Evacuate Collection Set: 0.1ms
[2025-06-03T16:03:53.600+0530][206.903s] GC(54)   Merge Heap Roots: 0.1ms
[2025-06-03T16:03:53.600+0530][206.903s] GC(54)   Evacuate Collection Set: 26.3ms
[2025-06-03T16:03:53.600+0530][206.903s] GC(54)   Post Evacuate Collection Set: 0.4ms
[2025-06-03T16:03:53.600+0530][206.903s] GC(54)   Other: 0.2ms
[2025-06-03T16:03:53.600+0530][206.903s] GC(54) Eden regions: 106->0(102)
[2025-06-03T16:03:53.600+0530][206.903s] GC(54) Survivor regions: 6->10(14)
[2025-06-03T16:03:53.600+0530][206.903s] GC(54) Old regions: 336->336
[2025-06-03T16:03:53.600+0530][206.903s] GC(54) Archive regions: 2->2
[2025-06-03T16:03:53.600+0530][206.903s] GC(54) Humongous regions: 0->0
[2025-06-03T16:03:53.600+0530][206.903s] GC(54) Metaspace: 20274K(20992K)->20274K(20992K) NonClass: 17747K(18176K)->17747K(18176K) Class: 2527K(2816K)->2527K(2816K)
[2025-06-03T16:03:53.600+0530][206.903s] GC(54) Pause Young (Normal) (G1 Evacuation Pause) 447M->346M(512M) 27.174ms
[2025-06-03T16:03:53.600+0530][206.903s] GC(54) User=0.06s Sys=0.02s Real=0.03s
[2025-06-03T16:03:54.933+0530][208.236s] GC(55) Pause Young (Concurrent Start) (G1 Evacuation Pause)
[2025-06-03T16:03:54.933+0530][208.236s] GC(55) Using 8 workers of 8 for evacuation
[2025-06-03T16:03:54.971+0530][208.274s] GC(55) Skipped phase 1 of Reference Processing: no references
[2025-06-03T16:03:54.971+0530][208.274s] GC(55) Skipped phase 2 of Reference Processing: no references
[2025-06-03T16:03:54.971+0530][208.274s] GC(55) Skipped phase 3 of Reference Processing: no references
[2025-06-03T16:03:54.971+0530][208.274s] GC(55) Skipped phase 4 of Reference Processing: no references
[2025-06-03T16:03:54.971+0530][208.274s] GC(55)   Pre Evacuate Collection Set: 0.1ms
[2025-06-03T16:03:54.971+0530][208.274s] GC(55)   Merge Heap Roots: 0.1ms
[2025-06-03T16:03:54.971+0530][208.274s] GC(55)   Evacuate Collection Set: 37.6ms
[2025-06-03T16:03:54.971+0530][208.274s] GC(55)   Post Evacuate Collection Set: 0.4ms
[2025-06-03T16:03:54.971+0530][208.275s] GC(55)   Other: 0.2ms
[2025-06-03T16:03:54.971+0530][208.275s] GC(55) Eden regions: 102->0(99)
[2025-06-03T16:03:54.971+0530][208.275s] GC(55) Survivor regions: 10->9(14)
[2025-06-03T16:03:54.971+0530][208.275s] GC(55) Old regions: 336->341
[2025-06-03T16:03:54.972+0530][208.275s] GC(55) Archive regions: 2->2
[2025-06-03T16:03:54.972+0530][208.275s] GC(55) Humongous regions: 0->0
[2025-06-03T16:03:54.972+0530][208.275s] GC(55) Metaspace: 20274K(20992K)->20274K(20992K) NonClass: 17747K(18176K)->17747K(18176K) Class: 2527K(2816K)->2527K(2816K)
[2025-06-03T16:03:54.972+0530][208.275s] GC(55) Pause Young (Concurrent Start) (G1 Evacuation Pause) 448M->350M(512M) 38.524ms
[2025-06-03T16:03:54.972+0530][208.275s] GC(55) User=0.09s Sys=0.02s Real=0.04s
[2025-06-03T16:03:54.972+0530][208.275s] GC(56) Concurrent Mark Cycle
[2025-06-03T16:03:54.972+0530][208.275s] GC(56) Concurrent Clear Claimed Marks
[2025-06-03T16:03:54.972+0530][208.275s] GC(56) Concurrent Clear Claimed Marks 0.034ms
[2025-06-03T16:03:54.972+0530][208.275s] GC(56) Concurrent Scan Root Regions
[2025-06-03T16:03:54.979+0530][208.282s] GC(56) Concurrent Scan Root Regions 7.586ms
[2025-06-03T16:03:54.979+0530][208.282s] GC(56) Concurrent Mark
[2025-06-03T16:03:54.980+0530][208.283s] GC(56) Concurrent Mark From Roots
[2025-06-03T16:03:54.980+0530][208.283s] GC(56) Using 2 workers of 2 for marking
[2025-06-03T16:03:55.395+0530][208.698s] GC(56) Concurrent Mark From Roots 415.805ms
[2025-06-03T16:03:55.396+0530][208.699s] GC(56) Concurrent Preclean
[2025-06-03T16:03:55.396+0530][208.699s] GC(56) Preclean SoftReferences 0.099ms
[2025-06-03T16:03:55.396+0530][208.700s] GC(56) Preclean WeakReferences 0.098ms
[2025-06-03T16:03:55.397+0530][208.700s] GC(56) Preclean FinalReferences 0.007ms
[2025-06-03T16:03:55.397+0530][208.700s] GC(56) Preclean PhantomReferences 0.025ms
[2025-06-03T16:03:55.397+0530][208.700s] GC(56) Concurrent Preclean 0.491ms
[2025-06-03T16:03:55.397+0530][208.700s] GC(56) Pause Remark
[2025-06-03T16:03:55.397+0530][208.700s] GC(56) ReferenceProcessor::execute queues: 8, RefProcThreadModel::Multi, marks_oops_alive: true
[2025-06-03T16:03:55.397+0530][208.700s] GC(56) ReferenceProcessor::execute queues: 1, RefProcThreadModel::Single, marks_oops_alive: false
[2025-06-03T16:03:55.397+0530][208.700s] GC(56) Skipped phase 3 of Reference Processing: no references
[2025-06-03T16:03:55.397+0530][208.700s] GC(56) Skipped phase 4 of Reference Processing: no references
[2025-06-03T16:03:55.399+0530][208.702s] GC(56) Pause Remark 381M->381M(512M) 2.496ms
[2025-06-03T16:03:55.399+0530][208.702s] GC(56) User=0.01s Sys=0.00s Real=0.00s
[2025-06-03T16:03:55.400+0530][208.703s] GC(56) Concurrent Mark 420.135ms
[2025-06-03T16:03:55.400+0530][208.703s] GC(56) Concurrent Rebuild Remembered Sets
[2025-06-03T16:03:55.647+0530][208.950s] GC(56) Concurrent Rebuild Remembered Sets 247.536ms
[2025-06-03T16:03:55.647+0530][208.950s] GC(56) Pause Cleanup
[2025-06-03T16:03:55.647+0530][208.951s] GC(56) Pause Cleanup 397M->397M(512M) 0.154ms
[2025-06-03T16:03:55.647+0530][208.951s] GC(56) User=0.00s Sys=0.00s Real=0.00s
[2025-06-03T16:03:55.648+0530][208.951s] GC(56) Concurrent Cleanup for Next Mark
[2025-06-03T16:03:55.648+0530][208.951s] GC(56) Concurrent Cleanup for Next Mark 0.561ms
[2025-06-03T16:03:55.648+0530][208.951s] GC(56) Concurrent Mark Cycle 676.473ms
[2025-06-03T16:03:56.350+0530][209.653s] GC(57) Pause Young (Prepare Mixed) (G1 Evacuation Pause)
[2025-06-03T16:03:56.350+0530][209.653s] GC(57) Using 8 workers of 8 for evacuation
[2025-06-03T16:03:56.385+0530][209.688s] GC(57) Skipped phase 1 of Reference Processing: no references
[2025-06-03T16:03:56.385+0530][209.688s] GC(57) Skipped phase 2 of Reference Processing: no references
[2025-06-03T16:03:56.385+0530][209.688s] GC(57) Skipped phase 3 of Reference Processing: no references
[2025-06-03T16:03:56.385+0530][209.688s] GC(57) Skipped phase 4 of Reference Processing: no references
[2025-06-03T16:03:56.385+0530][209.688s] GC(57)   Pre Evacuate Collection Set: 0.1ms
[2025-06-03T16:03:56.385+0530][209.688s] GC(57)   Merge Heap Roots: 0.0ms
[2025-06-03T16:03:56.385+0530][209.688s] GC(57)   Evacuate Collection Set: 35.0ms
[2025-06-03T16:03:56.385+0530][209.688s] GC(57)   Post Evacuate Collection Set: 0.4ms
[2025-06-03T16:03:56.385+0530][209.688s] GC(57)   Other: 0.2ms
[2025-06-03T16:03:56.385+0530][209.688s] GC(57) Eden regions: 99->0(16)
[2025-06-03T16:03:56.385+0530][209.688s] GC(57) Survivor regions: 9->9(14)
[2025-06-03T16:03:56.385+0530][209.688s] GC(57) Old regions: 341->346
[2025-06-03T16:03:56.385+0530][209.688s] GC(57) Archive regions: 2->2
[2025-06-03T16:03:56.385+0530][209.688s] GC(57) Humongous regions: 0->0
[2025-06-03T16:03:56.385+0530][209.688s] GC(57) Metaspace: 20274K(20992K)->20274K(20992K) NonClass: 17747K(18176K)->17747K(18176K) Class: 2527K(2816K)->2527K(2816K)
[2025-06-03T16:03:56.385+0530][209.689s] GC(57) Pause Young (Prepare Mixed) (G1 Evacuation Pause) 449M->355M(512M) 35.911ms
[2025-06-03T16:03:56.385+0530][209.689s] GC(57) User=0.09s Sys=0.03s Real=0.03s
[2025-06-03T16:03:56.592+0530][209.895s] GC(58) Pause Young (Mixed) (G1 Evacuation Pause)
[2025-06-03T16:03:56.592+0530][209.895s] GC(58) Using 8 workers of 8 for evacuation
[2025-06-03T16:03:56.618+0530][209.921s] GC(58) Skipped phase 1 of Reference Processing: no references
[2025-06-03T16:03:56.618+0530][209.921s] GC(58) Skipped phase 2 of Reference Processing: no references
[2025-06-03T16:03:56.618+0530][209.921s] GC(58) Skipped phase 3 of Reference Processing: no references
[2025-06-03T16:03:56.618+0530][209.921s] GC(58) Skipped phase 4 of Reference Processing: no references
[2025-06-03T16:03:56.618+0530][209.921s] GC(58)   Pre Evacuate Collection Set: 0.1ms
[2025-06-03T16:03:56.618+0530][209.921s] GC(58)   Merge Heap Roots: 0.0ms
[2025-06-03T16:03:56.618+0530][209.921s] GC(58)   Evacuate Collection Set: 25.4ms
[2025-06-03T16:03:56.618+0530][209.922s] GC(58)   Post Evacuate Collection Set: 0.4ms
[2025-06-03T16:03:56.618+0530][209.922s] GC(58)   Other: 0.2ms
[2025-06-03T16:03:56.618+0530][209.922s] GC(58) Eden regions: 16->0(94)
[2025-06-03T16:03:56.618+0530][209.922s] GC(58) Survivor regions: 9->2(4)
[2025-06-03T16:03:56.618+0530][209.922s] GC(58) Old regions: 346->353
[2025-06-03T16:03:56.618+0530][209.922s] GC(58) Archive regions: 2->2
[2025-06-03T16:03:56.618+0530][209.922s] GC(58) Humongous regions: 0->0
[2025-06-03T16:03:56.619+0530][209.922s] GC(58) Metaspace: 20274K(20992K)->20274K(20992K) NonClass: 17747K(18176K)->17747K(18176K) Class: 2527K(2816K)->2527K(2816K)
[2025-06-03T16:03:56.619+0530][209.922s] GC(58) Pause Young (Mixed) (G1 Evacuation Pause) 371M->354M(512M) 26.275ms
[2025-06-03T16:03:56.619+0530][209.922s] GC(58) User=0.08s Sys=0.02s Real=0.02s
[2025-06-03T16:03:57.878+0530][211.181s] GC(59) Pause Young (Normal) (G1 Evacuation Pause)
[2025-06-03T16:03:57.878+0530][211.181s] GC(59) Using 8 workers of 8 for evacuation
[2025-06-03T16:03:57.891+0530][211.194s] GC(59) Skipped phase 1 of Reference Processing: no references
[2025-06-03T16:03:57.891+0530][211.195s] GC(59) Skipped phase 2 of Reference Processing: no references
[2025-06-03T16:03:57.891+0530][211.195s] GC(59) Skipped phase 3 of Reference Processing: no references
[2025-06-03T16:03:57.891+0530][211.195s] GC(59) Skipped phase 4 of Reference Processing: no references
[2025-06-03T16:03:57.892+0530][211.195s] GC(59)   Pre Evacuate Collection Set: 0.1ms
[2025-06-03T16:03:57.892+0530][211.195s] GC(59)   Merge Heap Roots: 0.0ms
[2025-06-03T16:03:57.892+0530][211.195s] GC(59)   Evacuate Collection Set: 13.3ms
[2025-06-03T16:03:57.892+0530][211.195s] GC(59)   Post Evacuate Collection Set: 0.4ms
[2025-06-03T16:03:57.892+0530][211.195s] GC(59)   Other: 0.2ms
[2025-06-03T16:03:57.892+0530][211.195s] GC(59) Eden regions: 94->0(91)
[2025-06-03T16:03:57.892+0530][211.195s] GC(59) Survivor regions: 2->5(12)
[2025-06-03T16:03:57.892+0530][211.195s] GC(59) Old regions: 353->353
[2025-06-03T16:03:57.892+0530][211.195s] GC(59) Archive regions: 2->2
[2025-06-03T16:03:57.892+0530][211.195s] GC(59) Humongous regions: 0->0
[2025-06-03T16:03:57.892+0530][211.195s] GC(59) Metaspace: 20274K(20992K)->20274K(20992K) NonClass: 17747K(18176K)->17747K(18176K) Class: 2527K(2816K)->2527K(2816K)
[2025-06-03T16:03:57.892+0530][211.195s] GC(59) Pause Young (Normal) (G1 Evacuation Pause) 448M->357M(512M) 14.089ms
[2025-06-03T16:03:57.892+0530][211.195s] GC(59) User=0.03s Sys=0.01s Real=0.02s
[2025-06-03T16:03:59.078+0530][212.381s] GC(60) Pause Young (Normal) (G1 Evacuation Pause)
[2025-06-03T16:03:59.078+0530][212.381s] GC(60) Using 8 workers of 8 for evacuation
[2025-06-03T16:03:59.101+0530][212.404s] GC(60) Skipped phase 1 of Reference Processing: no references
[2025-06-03T16:03:59.101+0530][212.404s] GC(60) Skipped phase 2 of Reference Processing: no references
[2025-06-03T16:03:59.101+0530][212.404s] GC(60) Skipped phase 3 of Reference Processing: no references
[2025-06-03T16:03:59.101+0530][212.404s] GC(60) Skipped phase 4 of Reference Processing: no references
[2025-06-03T16:03:59.102+0530][212.405s] GC(60)   Pre Evacuate Collection Set: 0.1ms
[2025-06-03T16:03:59.102+0530][212.405s] GC(60)   Merge Heap Roots: 0.0ms
[2025-06-03T16:03:59.102+0530][212.405s] GC(60)   Evacuate Collection Set: 23.1ms
[2025-06-03T16:03:59.102+0530][212.405s] GC(60)   Post Evacuate Collection Set: 0.5ms
[2025-06-03T16:03:59.102+0530][212.405s] GC(60)   Other: 0.2ms
[2025-06-03T16:03:59.102+0530][212.405s] GC(60) Eden regions: 91->0(87)
[2025-06-03T16:03:59.102+0530][212.405s] GC(60) Survivor regions: 5->9(12)
[2025-06-03T16:03:59.102+0530][212.405s] GC(60) Old regions: 353->353
[2025-06-03T16:03:59.102+0530][212.405s] GC(60) Archive regions: 2->2
[2025-06-03T16:03:59.102+0530][212.405s] GC(60) Humongous regions: 0->0
[2025-06-03T16:03:59.102+0530][212.405s] GC(60) Metaspace: 20274K(20992K)->20274K(20992K) NonClass: 17747K(18176K)->17747K(18176K) Class: 2527K(2816K)->2527K(2816K)
[2025-06-03T16:03:59.102+0530][212.405s] GC(60) Pause Young (Normal) (G1 Evacuation Pause) 448M->361M(512M) 24.083ms
[2025-06-03T16:03:59.102+0530][212.405s] GC(60) User=0.06s Sys=0.02s Real=0.03s
[2025-06-03T16:04:00.232+0530][213.535s] GC(61) Pause Young (Concurrent Start) (G1 Evacuation Pause)
[2025-06-03T16:04:00.232+0530][213.535s] GC(61) Using 8 workers of 8 for evacuation
[2025-06-03T16:04:00.265+0530][213.568s] GC(61) Skipped phase 1 of Reference Processing: no references
[2025-06-03T16:04:00.265+0530][213.568s] GC(61) Skipped phase 2 of Reference Processing: no references
[2025-06-03T16:04:00.265+0530][213.568s] GC(61) Skipped phase 3 of Reference Processing: no references
[2025-06-03T16:04:00.265+0530][213.568s] GC(61) Skipped phase 4 of Reference Processing: no references
[2025-06-03T16:04:00.265+0530][213.568s] GC(61)   Pre Evacuate Collection Set: 0.1ms
[2025-06-03T16:04:00.265+0530][213.568s] GC(61)   Merge Heap Roots: 0.0ms
[2025-06-03T16:04:00.265+0530][213.568s] GC(61)   Evacuate Collection Set: 32.2ms
[2025-06-03T16:04:00.265+0530][213.568s] GC(61)   Post Evacuate Collection Set: 0.4ms
[2025-06-03T16:04:00.265+0530][213.568s] GC(61)   Other: 0.2ms
[2025-06-03T16:04:00.265+0530][213.568s] GC(61) Eden regions: 87->0(85)
[2025-06-03T16:04:00.265+0530][213.568s] GC(61) Survivor regions: 9->8(12)
[2025-06-03T16:04:00.265+0530][213.568s] GC(61) Old regions: 353->357
[2025-06-03T16:04:00.265+0530][213.568s] GC(61) Archive regions: 2->2
[2025-06-03T16:04:00.265+0530][213.568s] GC(61) Humongous regions: 0->0
[2025-06-03T16:04:00.265+0530][213.568s] GC(61) Metaspace: 20274K(20992K)->20274K(20992K) NonClass: 17747K(18176K)->17747K(18176K) Class: 2527K(2816K)->2527K(2816K)
[2025-06-03T16:04:00.265+0530][213.569s] GC(61) Pause Young (Concurrent Start) (G1 Evacuation Pause) 448M->365M(512M) 33.095ms
[2025-06-03T16:04:00.265+0530][213.569s] GC(61) User=0.08s Sys=0.02s Real=0.03s
[2025-06-03T16:04:00.265+0530][213.569s] GC(62) Concurrent Mark Cycle
[2025-06-03T16:04:00.266+0530][213.569s] GC(62) Concurrent Clear Claimed Marks
[2025-06-03T16:04:00.266+0530][213.569s] GC(62) Concurrent Clear Claimed Marks 0.033ms
[2025-06-03T16:04:00.266+0530][213.569s] GC(62) Concurrent Scan Root Regions
[2025-06-03T16:04:00.271+0530][213.574s] GC(62) Concurrent Scan Root Regions 5.505ms
[2025-06-03T16:04:00.271+0530][213.574s] GC(62) Concurrent Mark
[2025-06-03T16:04:00.271+0530][213.574s] GC(62) Concurrent Mark From Roots
[2025-06-03T16:04:00.271+0530][213.574s] GC(62) Using 2 workers of 2 for marking
[2025-06-03T16:04:00.704+0530][214.008s] GC(62) Concurrent Mark From Roots 433.352ms
[2025-06-03T16:04:00.705+0530][214.008s] GC(62) Concurrent Preclean
[2025-06-03T16:04:00.705+0530][214.008s] GC(62) Preclean SoftReferences 0.030ms
[2025-06-03T16:04:00.705+0530][214.008s] GC(62) Preclean WeakReferences 0.061ms
[2025-06-03T16:04:00.705+0530][214.008s] GC(62) Preclean FinalReferences 0.004ms
[2025-06-03T16:04:00.705+0530][214.008s] GC(62) Preclean PhantomReferences 0.016ms
[2025-06-03T16:04:00.705+0530][214.008s] GC(62) Concurrent Preclean 0.197ms
[2025-06-03T16:04:00.705+0530][214.008s] GC(62) Pause Remark
[2025-06-03T16:04:00.705+0530][214.008s] GC(62) Skipped phase 1 of Reference Processing: no references
[2025-06-03T16:04:00.705+0530][214.008s] GC(62) Skipped phase 2 of Reference Processing: no references
[2025-06-03T16:04:00.705+0530][214.008s] GC(62) Skipped phase 3 of Reference Processing: no references
[2025-06-03T16:04:00.705+0530][214.008s] GC(62) Skipped phase 4 of Reference Processing: no references
[2025-06-03T16:04:00.707+0530][214.010s] GC(62) Pause Remark 396M->396M(512M) 1.970ms
[2025-06-03T16:04:00.707+0530][214.010s] GC(62) User=0.01s Sys=0.00s Real=0.00s
[2025-06-03T16:04:00.707+0530][214.010s] GC(62) Concurrent Mark 435.869ms
[2025-06-03T16:04:00.707+0530][214.010s] GC(62) Concurrent Rebuild Remembered Sets
[2025-06-03T16:04:00.935+0530][214.238s] GC(62) Concurrent Rebuild Remembered Sets 227.933ms
[2025-06-03T16:04:00.935+0530][214.238s] GC(62) Pause Cleanup
[2025-06-03T16:04:00.935+0530][214.238s] GC(62) Pause Cleanup 413M->413M(512M) 0.205ms
[2025-06-03T16:04:00.935+0530][214.239s] GC(62) User=0.00s Sys=0.00s Real=0.00s
[2025-06-03T16:04:00.935+0530][214.239s] GC(62) Concurrent Cleanup for Next Mark
[2025-06-03T16:04:00.936+0530][214.239s] GC(62) Concurrent Cleanup for Next Mark 0.612ms
[2025-06-03T16:04:00.936+0530][214.239s] GC(62) Concurrent Mark Cycle 670.617ms
[2025-06-03T16:04:01.426+0530][214.729s] GC(63) Pause Young (Prepare Mixed) (G1 Evacuation Pause)
[2025-06-03T16:04:01.426+0530][214.729s] GC(63) Using 8 workers of 8 for evacuation
[2025-06-03T16:04:01.456+0530][214.759s] GC(63) Skipped phase 1 of Reference Processing: no references
[2025-06-03T16:04:01.456+0530][214.759s] GC(63) Skipped phase 2 of Reference Processing: no references
[2025-06-03T16:04:01.456+0530][214.759s] GC(63) Skipped phase 3 of Reference Processing: no references
[2025-06-03T16:04:01.456+0530][214.759s] GC(63) Skipped phase 4 of Reference Processing: no references
[2025-06-03T16:04:01.456+0530][214.759s] GC(63)   Pre Evacuate Collection Set: 0.1ms
[2025-06-03T16:04:01.456+0530][214.760s] GC(63)   Merge Heap Roots: 0.0ms
[2025-06-03T16:04:01.456+0530][214.760s] GC(63)   Evacuate Collection Set: 30.1ms
[2025-06-03T16:04:01.456+0530][214.760s] GC(63)   Post Evacuate Collection Set: 0.4ms
[2025-06-03T16:04:01.456+0530][214.760s] GC(63)   Other: 0.2ms
[2025-06-03T16:04:01.456+0530][214.760s] GC(63) Eden regions: 85->0(17)
[2025-06-03T16:04:01.456+0530][214.760s] GC(63) Survivor regions: 8->8(12)
[2025-06-03T16:04:01.456+0530][214.760s] GC(63) Old regions: 357->361
[2025-06-03T16:04:01.456+0530][214.760s] GC(63) Archive regions: 2->2
[2025-06-03T16:04:01.456+0530][214.760s] GC(63) Humongous regions: 0->0
[2025-06-03T16:04:01.456+0530][214.760s] GC(63) Metaspace: 20274K(20992K)->20274K(20992K) NonClass: 17747K(18176K)->17747K(18176K) Class: 2527K(2816K)->2527K(2816K)
[2025-06-03T16:04:01.456+0530][214.760s] GC(63) Pause Young (Prepare Mixed) (G1 Evacuation Pause) 450M->368M(512M) 30.918ms
[2025-06-03T16:04:01.457+0530][214.760s] GC(63) User=0.08s Sys=0.03s Real=0.03s
[2025-06-03T16:04:01.667+0530][214.970s] GC(64) Pause Young (Mixed) (G1 Evacuation Pause)
[2025-06-03T16:04:01.667+0530][214.970s] GC(64) Using 8 workers of 8 for evacuation
[2025-06-03T16:04:01.691+0530][214.994s] GC(64) Skipped phase 1 of Reference Processing: no references
[2025-06-03T16:04:01.691+0530][214.994s] GC(64) Skipped phase 2 of Reference Processing: no references
[2025-06-03T16:04:01.691+0530][214.994s] GC(64) Skipped phase 3 of Reference Processing: no references
[2025-06-03T16:04:01.691+0530][214.994s] GC(64) Skipped phase 4 of Reference Processing: no references
[2025-06-03T16:04:01.691+0530][214.994s] GC(64)   Pre Evacuate Collection Set: 0.1ms
[2025-06-03T16:04:01.691+0530][214.994s] GC(64)   Merge Heap Roots: 0.0ms
[2025-06-03T16:04:01.691+0530][214.994s] GC(64)   Evacuate Collection Set: 23.3ms
[2025-06-03T16:04:01.691+0530][214.994s] GC(64)   Post Evacuate Collection Set: 0.3ms
[2025-06-03T16:04:01.691+0530][214.994s] GC(64)   Other: 0.2ms
[2025-06-03T16:04:01.691+0530][214.994s] GC(64) Eden regions: 17->0(81)
[2025-06-03T16:04:01.691+0530][214.994s] GC(64) Survivor regions: 8->2(4)
[2025-06-03T16:04:01.691+0530][214.994s] GC(64) Old regions: 361->367
[2025-06-03T16:04:01.691+0530][214.994s] GC(64) Archive regions: 2->2
[2025-06-03T16:04:01.691+0530][214.994s] GC(64) Humongous regions: 0->0
[2025-06-03T16:04:01.691+0530][214.994s] GC(64) Metaspace: 20274K(20992K)->20274K(20992K) NonClass: 17747K(18176K)->17747K(18176K) Class: 2527K(2816K)->2527K(2816K)
[2025-06-03T16:04:01.691+0530][214.994s] GC(64) Pause Young (Mixed) (G1 Evacuation Pause) 385M->369M(512M) 24.169ms
[2025-06-03T16:04:01.691+0530][214.994s] GC(64) User=0.07s Sys=0.01s Real=0.03s
[2025-06-03T16:04:02.775+0530][216.078s] GC(65) Pause Young (Normal) (G1 Evacuation Pause)
[2025-06-03T16:04:02.775+0530][216.078s] GC(65) Using 8 workers of 8 for evacuation
[2025-06-03T16:04:02.787+0530][216.090s] GC(65) Skipped phase 1 of Reference Processing: no references
[2025-06-03T16:04:02.787+0530][216.090s] GC(65) Skipped phase 2 of Reference Processing: no references
[2025-06-03T16:04:02.787+0530][216.090s] GC(65) Skipped phase 3 of Reference Processing: no references
[2025-06-03T16:04:02.787+0530][216.090s] GC(65) Skipped phase 4 of Reference Processing: no references
[2025-06-03T16:04:02.787+0530][216.090s] GC(65)   Pre Evacuate Collection Set: 0.1ms
[2025-06-03T16:04:02.787+0530][216.090s] GC(65)   Merge Heap Roots: 0.0ms
[2025-06-03T16:04:02.787+0530][216.090s] GC(65)   Evacuate Collection Set: 11.9ms
[2025-06-03T16:04:02.787+0530][216.090s] GC(65)   Post Evacuate Collection Set: 0.4ms
[2025-06-03T16:04:02.787+0530][216.090s] GC(65)   Other: 0.2ms
[2025-06-03T16:04:02.787+0530][216.090s] GC(65) Eden regions: 81->0(78)
[2025-06-03T16:04:02.787+0530][216.090s] GC(65) Survivor regions: 2->5(11)
[2025-06-03T16:04:02.787+0530][216.090s] GC(65) Old regions: 367->367
[2025-06-03T16:04:02.787+0530][216.090s] GC(65) Archive regions: 2->2
[2025-06-03T16:04:02.787+0530][216.090s] GC(65) Humongous regions: 0->0
[2025-06-03T16:04:02.787+0530][216.090s] GC(65) Metaspace: 20274K(20992K)->20274K(20992K) NonClass: 17747K(18176K)->17747K(18176K) Class: 2527K(2816K)->2527K(2816K)
[2025-06-03T16:04:02.787+0530][216.090s] GC(65) Pause Young (Normal) (G1 Evacuation Pause) 450M->371M(512M) 12.696ms
[2025-06-03T16:04:02.787+0530][216.090s] GC(65) User=0.03s Sys=0.00s Real=0.01s
[2025-06-03T16:04:03.813+0530][217.116s] GC(66) Pause Young (Normal) (G1 Evacuation Pause)
[2025-06-03T16:04:03.813+0530][217.116s] GC(66) Using 8 workers of 8 for evacuation
[2025-06-03T16:04:03.834+0530][217.137s] GC(66) Skipped phase 1 of Reference Processing: no references
[2025-06-03T16:04:03.834+0530][217.137s] GC(66) Skipped phase 2 of Reference Processing: no references
[2025-06-03T16:04:03.834+0530][217.137s] GC(66) Skipped phase 3 of Reference Processing: no references
[2025-06-03T16:04:03.834+0530][217.137s] GC(66) Skipped phase 4 of Reference Processing: no references
[2025-06-03T16:04:03.834+0530][217.137s] GC(66)   Pre Evacuate Collection Set: 0.1ms
[2025-06-03T16:04:03.834+0530][217.137s] GC(66)   Merge Heap Roots: 0.0ms
[2025-06-03T16:04:03.834+0530][217.137s] GC(66)   Evacuate Collection Set: 20.6ms
[2025-06-03T16:04:03.834+0530][217.137s] GC(66)   Post Evacuate Collection Set: 0.4ms
[2025-06-03T16:04:03.834+0530][217.137s] GC(66)   Other: 0.2ms
[2025-06-03T16:04:03.834+0530][217.137s] GC(66) Eden regions: 78->0(75)
[2025-06-03T16:04:03.834+0530][217.137s] GC(66) Survivor regions: 5->8(11)
[2025-06-03T16:04:03.834+0530][217.137s] GC(66) Old regions: 367->367
[2025-06-03T16:04:03.834+0530][217.137s] GC(66) Archive regions: 2->2
[2025-06-03T16:04:03.834+0530][217.137s] GC(66) Humongous regions: 0->0
[2025-06-03T16:04:03.834+0530][217.137s] GC(66) Metaspace: 20274K(20992K)->20274K(20992K) NonClass: 17747K(18176K)->17747K(18176K) Class: 2527K(2816K)->2527K(2816K)
[2025-06-03T16:04:03.834+0530][217.137s] GC(66) Pause Young (Normal) (G1 Evacuation Pause) 449M->374M(512M) 21.455ms
[2025-06-03T16:04:03.834+0530][217.137s] GC(66) User=0.05s Sys=0.02s Real=0.02s
[2025-06-03T16:04:04.812+0530][218.116s] GC(67) Pause Young (Concurrent Start) (G1 Evacuation Pause)
[2025-06-03T16:04:04.813+0530][218.116s] GC(67) Using 8 workers of 8 for evacuation
[2025-06-03T16:04:04.842+0530][218.145s] GC(67) Skipped phase 1 of Reference Processing: no references
[2025-06-03T16:04:04.842+0530][218.145s] GC(67) Skipped phase 2 of Reference Processing: no references
[2025-06-03T16:04:04.842+0530][218.145s] GC(67) Skipped phase 3 of Reference Processing: no references
[2025-06-03T16:04:04.842+0530][218.145s] GC(67) Skipped phase 4 of Reference Processing: no references
[2025-06-03T16:04:04.842+0530][218.145s] GC(67)   Pre Evacuate Collection Set: 0.1ms
[2025-06-03T16:04:04.842+0530][218.145s] GC(67)   Merge Heap Roots: 0.0ms
[2025-06-03T16:04:04.842+0530][218.145s] GC(67)   Evacuate Collection Set: 28.7ms
[2025-06-03T16:04:04.842+0530][218.145s] GC(67)   Post Evacuate Collection Set: 0.5ms
[2025-06-03T16:04:04.842+0530][218.145s] GC(67)   Other: 0.3ms
[2025-06-03T16:04:04.842+0530][218.145s] GC(67) Eden regions: 75->0(73)
[2025-06-03T16:04:04.842+0530][218.145s] GC(67) Survivor regions: 8->7(11)
[2025-06-03T16:04:04.842+0530][218.145s] GC(67) Old regions: 367->371
[2025-06-03T16:04:04.842+0530][218.145s] GC(67) Archive regions: 2->2
[2025-06-03T16:04:04.842+0530][218.145s] GC(67) Humongous regions: 0->0
[2025-06-03T16:04:04.842+0530][218.145s] GC(67) Metaspace: 20274K(20992K)->20274K(20992K) NonClass: 17747K(18176K)->17747K(18176K) Class: 2527K(2816K)->2527K(2816K)
[2025-06-03T16:04:04.842+0530][218.145s] GC(67) Pause Young (Concurrent Start) (G1 Evacuation Pause) 449M->378M(512M) 29.714ms
[2025-06-03T16:04:04.842+0530][218.145s] GC(67) User=0.07s Sys=0.02s Real=0.03s
[2025-06-03T16:04:04.842+0530][218.146s] GC(68) Concurrent Mark Cycle
[2025-06-03T16:04:04.842+0530][218.146s] GC(68) Concurrent Clear Claimed Marks
[2025-06-03T16:04:04.842+0530][218.146s] GC(68) Concurrent Clear Claimed Marks 0.036ms
[2025-06-03T16:04:04.842+0530][218.146s] GC(68) Concurrent Scan Root Regions
[2025-06-03T16:04:04.847+0530][218.150s] GC(68) Concurrent Scan Root Regions 4.837ms
[2025-06-03T16:04:04.847+0530][218.150s] GC(68) Concurrent Mark
[2025-06-03T16:04:04.847+0530][218.151s] GC(68) Concurrent Mark From Roots
[2025-06-03T16:04:04.847+0530][218.151s] GC(68) Using 2 workers of 2 for marking
[2025-06-03T16:04:05.312+0530][218.615s] GC(68) Concurrent Mark From Roots 464.332ms
[2025-06-03T16:04:05.312+0530][218.615s] GC(68) Concurrent Preclean
[2025-06-03T16:04:05.312+0530][218.615s] GC(68) Preclean SoftReferences 0.030ms
[2025-06-03T16:04:05.312+0530][218.615s] GC(68) Preclean WeakReferences 0.060ms
[2025-06-03T16:04:05.312+0530][218.615s] GC(68) Preclean FinalReferences 0.004ms
[2025-06-03T16:04:05.312+0530][218.615s] GC(68) Preclean PhantomReferences 0.017ms
[2025-06-03T16:04:05.312+0530][218.615s] GC(68) Concurrent Preclean 0.188ms
[2025-06-03T16:04:05.312+0530][218.615s] GC(68) Pause Remark
[2025-06-03T16:04:05.312+0530][218.615s] GC(68) Skipped phase 1 of Reference Processing: no references
[2025-06-03T16:04:05.312+0530][218.615s] GC(68) Skipped phase 2 of Reference Processing: no references
[2025-06-03T16:04:05.312+0530][218.615s] GC(68) Skipped phase 3 of Reference Processing: no references
[2025-06-03T16:04:05.312+0530][218.615s] GC(68) Skipped phase 4 of Reference Processing: no references
[2025-06-03T16:04:05.314+0530][218.617s] GC(68) Pause Remark 412M->412M(512M) 1.909ms
[2025-06-03T16:04:05.314+0530][218.617s] GC(68) User=0.00s Sys=0.00s Real=0.00s
[2025-06-03T16:04:05.314+0530][218.617s] GC(68) Concurrent Mark 466.740ms
[2025-06-03T16:04:05.314+0530][218.617s] GC(68) Concurrent Rebuild Remembered Sets
[2025-06-03T16:04:05.547+0530][218.850s] GC(68) Concurrent Rebuild Remembered Sets 233.108ms
[2025-06-03T16:04:05.547+0530][218.851s] GC(68) Pause Cleanup
[2025-06-03T16:04:05.548+0530][218.851s] GC(68) Pause Cleanup 429M->429M(512M) 0.182ms
[2025-06-03T16:04:05.548+0530][218.851s] GC(68) User=0.00s Sys=0.00s Real=0.00s
[2025-06-03T16:04:05.548+0530][218.851s] GC(68) Concurrent Cleanup for Next Mark
[2025-06-03T16:04:05.548+0530][218.851s] GC(68) Concurrent Cleanup for Next Mark 0.548ms
[2025-06-03T16:04:05.548+0530][218.851s] GC(68) Concurrent Mark Cycle 705.936ms
[2025-06-03T16:04:05.842+0530][219.146s] GC(69) Pause Young (Prepare Mixed) (G1 Evacuation Pause)
[2025-06-03T16:04:05.842+0530][219.146s] GC(69) Using 8 workers of 8 for evacuation
[2025-06-03T16:04:05.869+0530][219.172s] GC(69) Skipped phase 1 of Reference Processing: no references
[2025-06-03T16:04:05.869+0530][219.172s] GC(69) Skipped phase 2 of Reference Processing: no references
[2025-06-03T16:04:05.869+0530][219.172s] GC(69) Skipped phase 3 of Reference Processing: no references
[2025-06-03T16:04:05.869+0530][219.172s] GC(69) Skipped phase 4 of Reference Processing: no references
[2025-06-03T16:04:05.869+0530][219.173s] GC(69)   Pre Evacuate Collection Set: 0.1ms
[2025-06-03T16:04:05.870+0530][219.173s] GC(69)   Merge Heap Roots: 0.1ms
[2025-06-03T16:04:05.870+0530][219.173s] GC(69)   Evacuate Collection Set: 26.4ms
[2025-06-03T16:04:05.870+0530][219.173s] GC(69)   Post Evacuate Collection Set: 0.5ms
[2025-06-03T16:04:05.870+0530][219.173s] GC(69)   Other: 0.2ms
[2025-06-03T16:04:05.870+0530][219.173s] GC(69) Eden regions: 73->0(18)
[2025-06-03T16:04:05.870+0530][219.173s] GC(69) Survivor regions: 7->7(10)
[2025-06-03T16:04:05.870+0530][219.173s] GC(69) Old regions: 371->374
[2025-06-03T16:04:05.870+0530][219.173s] GC(69) Archive regions: 2->2
[2025-06-03T16:04:05.870+0530][219.173s] GC(69) Humongous regions: 0->0
[2025-06-03T16:04:05.870+0530][219.173s] GC(69) Metaspace: 20274K(20992K)->20274K(20992K) NonClass: 17747K(18176K)->17747K(18176K) Class: 2527K(2816K)->2527K(2816K)
[2025-06-03T16:04:05.870+0530][219.173s] GC(69) Pause Young (Prepare Mixed) (G1 Evacuation Pause) 451M->381M(512M) 27.304ms
[2025-06-03T16:04:05.870+0530][219.173s] GC(69) User=0.06s Sys=0.02s Real=0.03s
[2025-06-03T16:04:06.099+0530][219.403s] GC(70) Pause Young (Mixed) (G1 Evacuation Pause)
[2025-06-03T16:04:06.099+0530][219.403s] GC(70) Using 8 workers of 8 for evacuation
[2025-06-03T16:04:06.119+0530][219.423s] GC(70) Skipped phase 1 of Reference Processing: no references
[2025-06-03T16:04:06.119+0530][219.423s] GC(70) Skipped phase 2 of Reference Processing: no references
[2025-06-03T16:04:06.119+0530][219.423s] GC(70) Skipped phase 3 of Reference Processing: no references
[2025-06-03T16:04:06.119+0530][219.423s] GC(70) Skipped phase 4 of Reference Processing: no references
[2025-06-03T16:04:06.120+0530][219.423s] GC(70)   Pre Evacuate Collection Set: 0.1ms
[2025-06-03T16:04:06.120+0530][219.423s] GC(70)   Merge Heap Roots: 0.1ms
[2025-06-03T16:04:06.120+0530][219.423s] GC(70)   Evacuate Collection Set: 19.7ms
[2025-06-03T16:04:06.120+0530][219.423s] GC(70)   Post Evacuate Collection Set: 0.3ms
[2025-06-03T16:04:06.120+0530][219.423s] GC(70)   Other: 0.2ms
[2025-06-03T16:04:06.120+0530][219.423s] GC(70) Eden regions: 18->0(69)
[2025-06-03T16:04:06.120+0530][219.423s] GC(70) Survivor regions: 7->2(4)
[2025-06-03T16:04:06.120+0530][219.423s] GC(70) Old regions: 374->380
[2025-06-03T16:04:06.120+0530][219.423s] GC(70) Archive regions: 2->2
[2025-06-03T16:04:06.120+0530][219.423s] GC(70) Humongous regions: 0->0
[2025-06-03T16:04:06.120+0530][219.423s] GC(70) Metaspace: 20274K(20992K)->20274K(20992K) NonClass: 17747K(18176K)->17747K(18176K) Class: 2527K(2816K)->2527K(2816K)
[2025-06-03T16:04:06.120+0530][219.423s] GC(70) Pause Young (Mixed) (G1 Evacuation Pause) 399M->381M(512M) 20.551ms
[2025-06-03T16:04:06.120+0530][219.423s] GC(70) User=0.05s Sys=0.01s Real=0.03s
[2025-06-03T16:04:07.026+0530][220.330s] GC(71) Pause Young (Normal) (G1 Evacuation Pause)
[2025-06-03T16:04:07.026+0530][220.330s] GC(71) Using 8 workers of 8 for evacuation
[2025-06-03T16:04:07.037+0530][220.341s] GC(71) Skipped phase 1 of Reference Processing: no references
[2025-06-03T16:04:07.037+0530][220.341s] GC(71) Skipped phase 2 of Reference Processing: no references
[2025-06-03T16:04:07.037+0530][220.341s] GC(71) Skipped phase 3 of Reference Processing: no references
[2025-06-03T16:04:07.037+0530][220.341s] GC(71) Skipped phase 4 of Reference Processing: no references
[2025-06-03T16:04:07.038+0530][220.341s] GC(71)   Pre Evacuate Collection Set: 0.1ms
[2025-06-03T16:04:07.038+0530][220.341s] GC(71)   Merge Heap Roots: 0.0ms
[2025-06-03T16:04:07.038+0530][220.341s] GC(71)   Evacuate Collection Set: 10.7ms
[2025-06-03T16:04:07.038+0530][220.341s] GC(71)   Post Evacuate Collection Set: 0.4ms
[2025-06-03T16:04:07.038+0530][220.341s] GC(71)   Other: 0.2ms
[2025-06-03T16:04:07.038+0530][220.341s] GC(71) Eden regions: 69->0(67)
[2025-06-03T16:04:07.038+0530][220.341s] GC(71) Survivor regions: 2->4(9)
[2025-06-03T16:04:07.038+0530][220.341s] GC(71) Old regions: 380->380
[2025-06-03T16:04:07.038+0530][220.341s] GC(71) Archive regions: 2->2
[2025-06-03T16:04:07.038+0530][220.341s] GC(71) Humongous regions: 0->0
[2025-06-03T16:04:07.038+0530][220.341s] GC(71) Metaspace: 20274K(20992K)->20274K(20992K) NonClass: 17747K(18176K)->17747K(18176K) Class: 2527K(2816K)->2527K(2816K)
[2025-06-03T16:04:07.038+0530][220.341s] GC(71) Pause Young (Normal) (G1 Evacuation Pause) 450M->383M(512M) 11.546ms
[2025-06-03T16:04:07.038+0530][220.341s] GC(71) User=0.03s Sys=0.01s Real=0.01s
[2025-06-03T16:04:07.946+0530][221.250s] GC(72) Pause Young (Normal) (G1 Evacuation Pause)
[2025-06-03T16:04:07.947+0530][221.250s] GC(72) Using 8 workers of 8 for evacuation
[2025-06-03T16:04:07.965+0530][221.268s] GC(72) Skipped phase 1 of Reference Processing: no references
[2025-06-03T16:04:07.965+0530][221.268s] GC(72) Skipped phase 2 of Reference Processing: no references
[2025-06-03T16:04:07.965+0530][221.268s] GC(72) Skipped phase 3 of Reference Processing: no references
[2025-06-03T16:04:07.965+0530][221.268s] GC(72) Skipped phase 4 of Reference Processing: no references
[2025-06-03T16:04:07.965+0530][221.268s] GC(72)   Pre Evacuate Collection Set: 0.1ms
[2025-06-03T16:04:07.965+0530][221.268s] GC(72)   Merge Heap Roots: 0.1ms
[2025-06-03T16:04:07.965+0530][221.268s] GC(72)   Evacuate Collection Set: 17.8ms
[2025-06-03T16:04:07.965+0530][221.268s] GC(72)   Post Evacuate Collection Set: 0.4ms
[2025-06-03T16:04:07.965+0530][221.268s] GC(72)   Other: 0.3ms
[2025-06-03T16:04:07.965+0530][221.268s] GC(72) Eden regions: 67->0(64)
[2025-06-03T16:04:07.965+0530][221.268s] GC(72) Survivor regions: 4->7(9)
[2025-06-03T16:04:07.965+0530][221.268s] GC(72) Old regions: 380->380
[2025-06-03T16:04:07.965+0530][221.268s] GC(72) Archive regions: 2->2
[2025-06-03T16:04:07.965+0530][221.268s] GC(72) Humongous regions: 0->0
[2025-06-03T16:04:07.965+0530][221.268s] GC(72) Metaspace: 20274K(20992K)->20274K(20992K) NonClass: 17747K(18176K)->17747K(18176K) Class: 2527K(2816K)->2527K(2816K)
[2025-06-03T16:04:07.965+0530][221.268s] GC(72) Pause Young (Normal) (G1 Evacuation Pause) 450M->386M(512M) 18.771ms
[2025-06-03T16:04:07.965+0530][221.269s] GC(72) User=0.05s Sys=0.01s Real=0.02s
[2025-06-03T16:04:08.796+0530][222.099s] GC(73) Pause Young (Concurrent Start) (G1 Evacuation Pause)
[2025-06-03T16:04:08.796+0530][222.099s] GC(73) Using 8 workers of 8 for evacuation
[2025-06-03T16:04:08.821+0530][222.125s] GC(73) Skipped phase 1 of Reference Processing: no references
[2025-06-03T16:04:08.821+0530][222.125s] GC(73) Skipped phase 2 of Reference Processing: no references
[2025-06-03T16:04:08.821+0530][222.125s] GC(73) Skipped phase 3 of Reference Processing: no references
[2025-06-03T16:04:08.821+0530][222.125s] GC(73) Skipped phase 4 of Reference Processing: no references
[2025-06-03T16:04:08.822+0530][222.125s] GC(73)   Pre Evacuate Collection Set: 0.1ms
[2025-06-03T16:04:08.822+0530][222.125s] GC(73)   Merge Heap Roots: 0.1ms
[2025-06-03T16:04:08.822+0530][222.125s] GC(73)   Evacuate Collection Set: 24.9ms
[2025-06-03T16:04:08.822+0530][222.125s] GC(73)   Post Evacuate Collection Set: 0.3ms
[2025-06-03T16:04:08.822+0530][222.125s] GC(73)   Other: 0.2ms
[2025-06-03T16:04:08.822+0530][222.125s] GC(73) Eden regions: 64->0(63)
[2025-06-03T16:04:08.822+0530][222.125s] GC(73) Survivor regions: 7->6(9)
[2025-06-03T16:04:08.822+0530][222.125s] GC(73) Old regions: 380->383
[2025-06-03T16:04:08.822+0530][222.125s] GC(73) Archive regions: 2->2
[2025-06-03T16:04:08.822+0530][222.125s] GC(73) Humongous regions: 0->0
[2025-06-03T16:04:08.822+0530][222.125s] GC(73) Metaspace: 20274K(20992K)->20274K(20992K) NonClass: 17747K(18176K)->17747K(18176K) Class: 2527K(2816K)->2527K(2816K)
[2025-06-03T16:04:08.822+0530][222.125s] GC(73) Pause Young (Concurrent Start) (G1 Evacuation Pause) 450M->389M(512M) 25.748ms
[2025-06-03T16:04:08.822+0530][222.125s] GC(73) User=0.07s Sys=0.02s Real=0.03s
[2025-06-03T16:04:08.822+0530][222.125s] GC(74) Concurrent Mark Cycle
[2025-06-03T16:04:08.822+0530][222.125s] GC(74) Concurrent Clear Claimed Marks
[2025-06-03T16:04:08.822+0530][222.125s] GC(74) Concurrent Clear Claimed Marks 0.039ms
[2025-06-03T16:04:08.822+0530][222.125s] GC(74) Concurrent Scan Root Regions
[2025-06-03T16:04:08.826+0530][222.129s] GC(74) Concurrent Scan Root Regions 3.908ms
[2025-06-03T16:04:08.826+0530][222.129s] GC(74) Concurrent Mark
[2025-06-03T16:04:08.826+0530][222.129s] GC(74) Concurrent Mark From Roots
[2025-06-03T16:04:08.826+0530][222.129s] GC(74) Using 2 workers of 2 for marking
[2025-06-03T16:04:09.287+0530][222.590s] GC(74) Concurrent Mark From Roots 460.475ms
[2025-06-03T16:04:09.287+0530][222.590s] GC(74) Concurrent Preclean
[2025-06-03T16:04:09.287+0530][222.590s] GC(74) Preclean SoftReferences 0.029ms
[2025-06-03T16:04:09.287+0530][222.590s] GC(74) Preclean WeakReferences 0.062ms
[2025-06-03T16:04:09.287+0530][222.590s] GC(74) Preclean FinalReferences 0.004ms
[2025-06-03T16:04:09.287+0530][222.590s] GC(74) Preclean PhantomReferences 0.017ms
[2025-06-03T16:04:09.287+0530][222.590s] GC(74) Concurrent Preclean 0.182ms
[2025-06-03T16:04:09.287+0530][222.590s] GC(74) Pause Remark
[2025-06-03T16:04:09.287+0530][222.590s] GC(74) Skipped phase 1 of Reference Processing: no references
[2025-06-03T16:04:09.287+0530][222.590s] GC(74) Skipped phase 2 of Reference Processing: no references
[2025-06-03T16:04:09.287+0530][222.590s] GC(74) Skipped phase 3 of Reference Processing: no references
[2025-06-03T16:04:09.287+0530][222.590s] GC(74) Skipped phase 4 of Reference Processing: no references
[2025-06-03T16:04:09.289+0530][222.592s] GC(74) Pause Remark 422M->422M(512M) 1.903ms
[2025-06-03T16:04:09.289+0530][222.592s] GC(74) User=0.01s Sys=0.00s Real=0.00s
[2025-06-03T16:04:09.289+0530][222.592s] GC(74) Concurrent Mark 462.847ms
[2025-06-03T16:04:09.289+0530][222.592s] GC(74) Concurrent Rebuild Remembered Sets
[2025-06-03T16:04:09.534+0530][222.837s] GC(74) Concurrent Rebuild Remembered Sets 244.669ms
[2025-06-03T16:04:09.534+0530][222.837s] GC(74) Pause Cleanup
[2025-06-03T16:04:09.534+0530][222.837s] GC(74) Pause Cleanup 440M->440M(512M) 0.157ms
[2025-06-03T16:04:09.534+0530][222.837s] GC(74) User=0.00s Sys=0.00s Real=0.00s
[2025-06-03T16:04:09.534+0530][222.837s] GC(74) Concurrent Cleanup for Next Mark
[2025-06-03T16:04:09.535+0530][222.838s] GC(74) Concurrent Cleanup for Next Mark 0.613ms
[2025-06-03T16:04:09.535+0530][222.838s] GC(74) Concurrent Mark Cycle 712.668ms
[2025-06-03T16:04:09.688+0530][222.991s] GC(75) Pause Young (Prepare Mixed) (G1 Evacuation Pause)
[2025-06-03T16:04:09.688+0530][222.991s] GC(75) Using 8 workers of 8 for evacuation
[2025-06-03T16:04:09.710+0530][223.014s] GC(75) Skipped phase 1 of Reference Processing: no references
[2025-06-03T16:04:09.710+0530][223.014s] GC(75) Skipped phase 2 of Reference Processing: no references
[2025-06-03T16:04:09.710+0530][223.014s] GC(75) Skipped phase 3 of Reference Processing: no references
[2025-06-03T16:04:09.710+0530][223.014s] GC(75) Skipped phase 4 of Reference Processing: no references
[2025-06-03T16:04:09.711+0530][223.014s] GC(75)   Pre Evacuate Collection Set: 0.1ms
[2025-06-03T16:04:09.711+0530][223.014s] GC(75)   Merge Heap Roots: 0.0ms
[2025-06-03T16:04:09.711+0530][223.014s] GC(75)   Evacuate Collection Set: 22.4ms
[2025-06-03T16:04:09.711+0530][223.014s] GC(75)   Post Evacuate Collection Set: 0.4ms
[2025-06-03T16:04:09.711+0530][223.014s] GC(75)   Other: 0.2ms
[2025-06-03T16:04:09.711+0530][223.014s] GC(75) Eden regions: 63->0(19)
[2025-06-03T16:04:09.711+0530][223.014s] GC(75) Survivor regions: 6->6(9)
[2025-06-03T16:04:09.711+0530][223.014s] GC(75) Old regions: 383->386
[2025-06-03T16:04:09.711+0530][223.014s] GC(75) Archive regions: 2->2
[2025-06-03T16:04:09.711+0530][223.014s] GC(75) Humongous regions: 0->0
[2025-06-03T16:04:09.711+0530][223.014s] GC(75) Metaspace: 20274K(20992K)->20274K(20992K) NonClass: 17747K(18176K)->17747K(18176K) Class: 2527K(2816K)->2527K(2816K)
[2025-06-03T16:04:09.711+0530][223.014s] GC(75) Pause Young (Prepare Mixed) (G1 Evacuation Pause) 452M->392M(512M) 23.244ms
[2025-06-03T16:04:09.711+0530][223.014s] GC(75) User=0.06s Sys=0.02s Real=0.03s
[2025-06-03T16:04:09.956+0530][223.259s] GC(76) Pause Young (Mixed) (G1 Evacuation Pause)
[2025-06-03T16:04:09.956+0530][223.260s] GC(76) Using 8 workers of 8 for evacuation
[2025-06-03T16:04:09.973+0530][223.277s] GC(76) Skipped phase 1 of Reference Processing: no references
[2025-06-03T16:04:09.973+0530][223.277s] GC(76) Skipped phase 2 of Reference Processing: no references
[2025-06-03T16:04:09.973+0530][223.277s] GC(76) Skipped phase 3 of Reference Processing: no references
[2025-06-03T16:04:09.973+0530][223.277s] GC(76) Skipped phase 4 of Reference Processing: no references
[2025-06-03T16:04:09.974+0530][223.277s] GC(76)   Pre Evacuate Collection Set: 0.1ms
[2025-06-03T16:04:09.974+0530][223.277s] GC(76)   Merge Heap Roots: 0.0ms
[2025-06-03T16:04:09.974+0530][223.277s] GC(76)   Evacuate Collection Set: 16.9ms
[2025-06-03T16:04:09.974+0530][223.277s] GC(76)   Post Evacuate Collection Set: 0.4ms
[2025-06-03T16:04:09.974+0530][223.277s] GC(76)   Other: 0.2ms
[2025-06-03T16:04:09.974+0530][223.277s] GC(76) Eden regions: 19->0(60)
[2025-06-03T16:04:09.974+0530][223.277s] GC(76) Survivor regions: 6->2(4)
[2025-06-03T16:04:09.974+0530][223.277s] GC(76) Old regions: 386->390
[2025-06-03T16:04:09.974+0530][223.277s] GC(76) Archive regions: 2->2
[2025-06-03T16:04:09.974+0530][223.277s] GC(76) Humongous regions: 0->0
[2025-06-03T16:04:09.974+0530][223.277s] GC(76) Metaspace: 20274K(20992K)->20274K(20992K) NonClass: 17747K(18176K)->17747K(18176K) Class: 2527K(2816K)->2527K(2816K)
[2025-06-03T16:04:09.974+0530][223.277s] GC(76) Pause Young (Mixed) (G1 Evacuation Pause) 411M->392M(512M) 17.738ms
[2025-06-03T16:04:09.974+0530][223.277s] GC(76) User=0.05s Sys=0.00s Real=0.02s
[2025-06-03T16:04:10.752+0530][224.055s] GC(77) Pause Young (Normal) (G1 Evacuation Pause)
[2025-06-03T16:04:10.752+0530][224.055s] GC(77) Using 8 workers of 8 for evacuation
[2025-06-03T16:04:10.762+0530][224.065s] GC(77) Skipped phase 1 of Reference Processing: no references
[2025-06-03T16:04:10.762+0530][224.065s] GC(77) Skipped phase 2 of Reference Processing: no references
[2025-06-03T16:04:10.762+0530][224.065s] GC(77) Skipped phase 3 of Reference Processing: no references
[2025-06-03T16:04:10.762+0530][224.065s] GC(77) Skipped phase 4 of Reference Processing: no references
[2025-06-03T16:04:10.762+0530][224.066s] GC(77)   Pre Evacuate Collection Set: 0.1ms
[2025-06-03T16:04:10.762+0530][224.066s] GC(77)   Merge Heap Roots: 0.0ms
[2025-06-03T16:04:10.762+0530][224.066s] GC(77)   Evacuate Collection Set: 9.9ms
[2025-06-03T16:04:10.762+0530][224.066s] GC(77)   Post Evacuate Collection Set: 0.4ms
[2025-06-03T16:04:10.762+0530][224.066s] GC(77)   Other: 0.2ms
[2025-06-03T16:04:10.762+0530][224.066s] GC(77) Eden regions: 60->0(58)
[2025-06-03T16:04:10.762+0530][224.066s] GC(77) Survivor regions: 2->4(8)
[2025-06-03T16:04:10.762+0530][224.066s] GC(77) Old regions: 390->390
[2025-06-03T16:04:10.762+0530][224.066s] GC(77) Archive regions: 2->2
[2025-06-03T16:04:10.762+0530][224.066s] GC(77) Humongous regions: 0->0
[2025-06-03T16:04:10.762+0530][224.066s] GC(77) Metaspace: 20274K(20992K)->20274K(20992K) NonClass: 17747K(18176K)->17747K(18176K) Class: 2527K(2816K)->2527K(2816K)
[2025-06-03T16:04:10.762+0530][224.066s] GC(77) Pause Young (Normal) (G1 Evacuation Pause) 452M->394M(512M) 10.692ms
[2025-06-03T16:04:10.762+0530][224.066s] GC(77) User=0.03s Sys=0.01s Real=0.01s
[2025-06-03T16:04:11.530+0530][224.833s] GC(78) Pause Young (Normal) (G1 Evacuation Pause)
[2025-06-03T16:04:11.530+0530][224.833s] GC(78) Using 8 workers of 8 for evacuation
[2025-06-03T16:04:11.546+0530][224.850s] GC(78) Skipped phase 1 of Reference Processing: no references
[2025-06-03T16:04:11.546+0530][224.850s] GC(78) Skipped phase 2 of Reference Processing: no references
[2025-06-03T16:04:11.546+0530][224.850s] GC(78) Skipped phase 3 of Reference Processing: no references
[2025-06-03T16:04:11.546+0530][224.850s] GC(78) Skipped phase 4 of Reference Processing: no references
[2025-06-03T16:04:11.547+0530][224.850s] GC(78)   Pre Evacuate Collection Set: 0.1ms
[2025-06-03T16:04:11.547+0530][224.850s] GC(78)   Merge Heap Roots: 0.0ms
[2025-06-03T16:04:11.547+0530][224.850s] GC(78)   Evacuate Collection Set: 16.1ms
[2025-06-03T16:04:11.547+0530][224.850s] GC(78)   Post Evacuate Collection Set: 0.5ms
[2025-06-03T16:04:11.547+0530][224.850s] GC(78)   Other: 0.2ms
[2025-06-03T16:04:11.547+0530][224.850s] GC(78) Eden regions: 58->0(56)
[2025-06-03T16:04:11.547+0530][224.850s] GC(78) Survivor regions: 4->6(8)
[2025-06-03T16:04:11.547+0530][224.850s] GC(78) Old regions: 390->390
[2025-06-03T16:04:11.547+0530][224.850s] GC(78) Archive regions: 2->2
[2025-06-03T16:04:11.547+0530][224.850s] GC(78) Humongous regions: 0->0
[2025-06-03T16:04:11.547+0530][224.850s] GC(78) Metaspace: 20274K(20992K)->20274K(20992K) NonClass: 17747K(18176K)->17747K(18176K) Class: 2527K(2816K)->2527K(2816K)
[2025-06-03T16:04:11.547+0530][224.850s] GC(78) Pause Young (Normal) (G1 Evacuation Pause) 452M->396M(512M) 16.963ms
[2025-06-03T16:04:11.547+0530][224.850s] GC(78) User=0.04s Sys=0.01s Real=0.01s
[2025-06-03T16:04:12.276+0530][225.579s] GC(79) Pause Young (Concurrent Start) (G1 Evacuation Pause)
[2025-06-03T16:04:12.276+0530][225.579s] GC(79) Using 8 workers of 8 for evacuation
[2025-06-03T16:04:12.298+0530][225.602s] GC(79) Skipped phase 1 of Reference Processing: no references
[2025-06-03T16:04:12.298+0530][225.602s] GC(79) Skipped phase 2 of Reference Processing: no references
[2025-06-03T16:04:12.298+0530][225.602s] GC(79) Skipped phase 3 of Reference Processing: no references
[2025-06-03T16:04:12.298+0530][225.602s] GC(79) Skipped phase 4 of Reference Processing: no references
[2025-06-03T16:04:12.299+0530][225.602s] GC(79)   Pre Evacuate Collection Set: 0.1ms
[2025-06-03T16:04:12.299+0530][225.602s] GC(79)   Merge Heap Roots: 0.0ms
[2025-06-03T16:04:12.299+0530][225.602s] GC(79)   Evacuate Collection Set: 22.5ms
[2025-06-03T16:04:12.299+0530][225.602s] GC(79)   Post Evacuate Collection Set: 0.4ms
[2025-06-03T16:04:12.299+0530][225.602s] GC(79)   Other: 0.2ms
[2025-06-03T16:04:12.299+0530][225.602s] GC(79) Eden regions: 56->0(54)
[2025-06-03T16:04:12.299+0530][225.602s] GC(79) Survivor regions: 6->5(8)
[2025-06-03T16:04:12.299+0530][225.602s] GC(79) Old regions: 390->393
[2025-06-03T16:04:12.299+0530][225.602s] GC(79) Archive regions: 2->2
[2025-06-03T16:04:12.299+0530][225.602s] GC(79) Humongous regions: 0->0
[2025-06-03T16:04:12.299+0530][225.602s] GC(79) Metaspace: 20274K(20992K)->20274K(20992K) NonClass: 17747K(18176K)->17747K(18176K) Class: 2527K(2816K)->2527K(2816K)
[2025-06-03T16:04:12.299+0530][225.602s] GC(79) Pause Young (Concurrent Start) (G1 Evacuation Pause) 452M->398M(512M) 23.354ms
[2025-06-03T16:04:12.299+0530][225.602s] GC(79) User=0.05s Sys=0.02s Real=0.02s
[2025-06-03T16:04:12.299+0530][225.602s] GC(80) Concurrent Mark Cycle
[2025-06-03T16:04:12.299+0530][225.602s] GC(80) Concurrent Clear Claimed Marks
[2025-06-03T16:04:12.299+0530][225.602s] GC(80) Concurrent Clear Claimed Marks 0.033ms
[2025-06-03T16:04:12.299+0530][225.602s] GC(80) Concurrent Scan Root Regions
[2025-06-03T16:04:12.303+0530][225.606s] GC(80) Concurrent Scan Root Regions 3.976ms
[2025-06-03T16:04:12.303+0530][225.606s] GC(80) Concurrent Mark
[2025-06-03T16:04:12.303+0530][225.607s] GC(80) Concurrent Mark From Roots
[2025-06-03T16:04:12.303+0530][225.607s] GC(80) Using 2 workers of 2 for marking
[2025-06-03T16:04:12.830+0530][226.133s] GC(80) Concurrent Mark From Roots 526.784ms
[2025-06-03T16:04:12.830+0530][226.133s] GC(80) Concurrent Preclean
[2025-06-03T16:04:12.830+0530][226.133s] GC(80) Preclean SoftReferences 0.034ms
[2025-06-03T16:04:12.830+0530][226.133s] GC(80) Preclean WeakReferences 0.068ms
[2025-06-03T16:04:12.830+0530][226.134s] GC(80) Preclean FinalReferences 0.004ms
[2025-06-03T16:04:12.830+0530][226.134s] GC(80) Preclean PhantomReferences 0.020ms
[2025-06-03T16:04:12.830+0530][226.134s] GC(80) Concurrent Preclean 0.204ms
[2025-06-03T16:04:12.830+0530][226.134s] GC(80) Pause Remark
[2025-06-03T16:04:12.831+0530][226.134s] GC(80) Skipped phase 1 of Reference Processing: no references
[2025-06-03T16:04:12.831+0530][226.134s] GC(80) Skipped phase 2 of Reference Processing: no references
[2025-06-03T16:04:12.831+0530][226.134s] GC(80) Skipped phase 3 of Reference Processing: no references
[2025-06-03T16:04:12.831+0530][226.134s] GC(80) Skipped phase 4 of Reference Processing: no references
[2025-06-03T16:04:12.833+0530][226.136s] GC(80) Pause Remark 434M->434M(512M) 2.414ms
[2025-06-03T16:04:12.833+0530][226.136s] GC(80) User=0.01s Sys=0.00s Real=0.00s
[2025-06-03T16:04:12.833+0530][226.136s] GC(80) Concurrent Mark 529.833ms
[2025-06-03T16:04:12.833+0530][226.136s] GC(80) Concurrent Rebuild Remembered Sets
[2025-06-03T16:04:13.083+0530][226.386s] GC(80) Concurrent Rebuild Remembered Sets 249.789ms
[2025-06-03T16:04:13.083+0530][226.386s] GC(80) Pause Cleanup
[2025-06-03T16:04:13.083+0530][226.386s] GC(80) Pause Cleanup 452M->452M(512M) 0.162ms
[2025-06-03T16:04:13.083+0530][226.387s] GC(80) User=0.00s Sys=0.00s Real=0.00s
[2025-06-03T16:04:13.083+0530][226.387s] GC(80) Concurrent Cleanup for Next Mark
[2025-06-03T16:04:13.084+0530][226.387s] GC(80) Concurrent Cleanup for Next Mark 0.814ms
[2025-06-03T16:04:13.084+0530][226.387s] GC(80) Concurrent Mark Cycle 785.088ms
[2025-06-03T16:04:13.094+0530][226.397s] GC(81) Pause Young (Prepare Mixed) (G1 Evacuation Pause)
[2025-06-03T16:04:13.094+0530][226.397s] GC(81) Using 8 workers of 8 for evacuation
[2025-06-03T16:04:13.113+0530][226.417s] GC(81) Skipped phase 1 of Reference Processing: no references
[2025-06-03T16:04:13.114+0530][226.417s] GC(81) Skipped phase 2 of Reference Processing: no references
[2025-06-03T16:04:13.114+0530][226.417s] GC(81) Skipped phase 3 of Reference Processing: no references
[2025-06-03T16:04:13.114+0530][226.417s] GC(81) Skipped phase 4 of Reference Processing: no references
[2025-06-03T16:04:13.114+0530][226.417s] GC(81)   Pre Evacuate Collection Set: 0.1ms
[2025-06-03T16:04:13.114+0530][226.417s] GC(81)   Merge Heap Roots: 0.0ms
[2025-06-03T16:04:13.114+0530][226.417s] GC(81)   Evacuate Collection Set: 19.5ms
[2025-06-03T16:04:13.114+0530][226.417s] GC(81)   Post Evacuate Collection Set: 0.4ms
[2025-06-03T16:04:13.114+0530][226.417s] GC(81)   Other: 0.2ms
[2025-06-03T16:04:13.114+0530][226.417s] GC(81) Eden regions: 54->0(20)
[2025-06-03T16:04:13.114+0530][226.417s] GC(81) Survivor regions: 5->5(8)
[2025-06-03T16:04:13.114+0530][226.417s] GC(81) Old regions: 393->396
[2025-06-03T16:04:13.114+0530][226.417s] GC(81) Archive regions: 2->2
[2025-06-03T16:04:13.114+0530][226.417s] GC(81) Humongous regions: 0->0
[2025-06-03T16:04:13.114+0530][226.417s] GC(81) Metaspace: 20274K(20992K)->20274K(20992K) NonClass: 17747K(18176K)->17747K(18176K) Class: 2527K(2816K)->2527K(2816K)
[2025-06-03T16:04:13.114+0530][226.417s] GC(81) Pause Young (Prepare Mixed) (G1 Evacuation Pause) 452M->401M(512M) 20.333ms
[2025-06-03T16:04:13.114+0530][226.417s] GC(81) User=0.05s Sys=0.02s Real=0.02s
[2025-06-03T16:04:13.374+0530][226.678s] GC(82) Pause Young (Mixed) (G1 Evacuation Pause)
[2025-06-03T16:04:13.375+0530][226.678s] GC(82) Using 8 workers of 8 for evacuation
[2025-06-03T16:04:13.391+0530][226.694s] GC(82) Skipped phase 1 of Reference Processing: no references
[2025-06-03T16:04:13.391+0530][226.694s] GC(82) Skipped phase 2 of Reference Processing: no references
[2025-06-03T16:04:13.391+0530][226.694s] GC(82) Skipped phase 3 of Reference Processing: no references
[2025-06-03T16:04:13.391+0530][226.694s] GC(82) Skipped phase 4 of Reference Processing: no references
[2025-06-03T16:04:13.391+0530][226.695s] GC(82)   Pre Evacuate Collection Set: 0.1ms
[2025-06-03T16:04:13.391+0530][226.695s] GC(82)   Merge Heap Roots: 0.0ms
[2025-06-03T16:04:13.391+0530][226.695s] GC(82)   Evacuate Collection Set: 16.1ms
[2025-06-03T16:04:13.391+0530][226.695s] GC(82)   Post Evacuate Collection Set: 0.4ms
[2025-06-03T16:04:13.391+0530][226.695s] GC(82)   Other: 0.2ms
[2025-06-03T16:04:13.391+0530][226.695s] GC(82) Eden regions: 20->0(51)
[2025-06-03T16:04:13.391+0530][226.695s] GC(82) Survivor regions: 5->2(4)
[2025-06-03T16:04:13.391+0530][226.695s] GC(82) Old regions: 396->400
[2025-06-03T16:04:13.391+0530][226.695s] GC(82) Archive regions: 2->2
[2025-06-03T16:04:13.391+0530][226.695s] GC(82) Humongous regions: 0->0
[2025-06-03T16:04:13.391+0530][226.695s] GC(82) Metaspace: 20274K(20992K)->20274K(20992K) NonClass: 17747K(18176K)->17747K(18176K) Class: 2527K(2816K)->2527K(2816K)
[2025-06-03T16:04:13.391+0530][226.695s] GC(82) Pause Young (Mixed) (G1 Evacuation Pause) 421M->401M(512M) 16.977ms
[2025-06-03T16:04:13.391+0530][226.695s] GC(82) User=0.05s Sys=0.01s Real=0.02s
[2025-06-03T16:04:14.057+0530][227.360s] GC(83) Pause Young (Normal) (G1 Evacuation Pause)
[2025-06-03T16:04:14.057+0530][227.360s] GC(83) Using 8 workers of 8 for evacuation
[2025-06-03T16:04:14.066+0530][227.369s] GC(83) Skipped phase 1 of Reference Processing: no references
[2025-06-03T16:04:14.066+0530][227.369s] GC(83) Skipped phase 2 of Reference Processing: no references
[2025-06-03T16:04:14.066+0530][227.369s] GC(83) Skipped phase 3 of Reference Processing: no references
[2025-06-03T16:04:14.066+0530][227.369s] GC(83) Skipped phase 4 of Reference Processing: no references
[2025-06-03T16:04:14.066+0530][227.369s] GC(83)   Pre Evacuate Collection Set: 0.1ms
[2025-06-03T16:04:14.066+0530][227.369s] GC(83)   Merge Heap Roots: 0.0ms
[2025-06-03T16:04:14.066+0530][227.369s] GC(83)   Evacuate Collection Set: 8.9ms
[2025-06-03T16:04:14.066+0530][227.369s] GC(83)   Post Evacuate Collection Set: 0.3ms
[2025-06-03T16:04:14.066+0530][227.369s] GC(83)   Other: 0.2ms
[2025-06-03T16:04:14.066+0530][227.369s] GC(83) Eden regions: 51->0(49)
[2025-06-03T16:04:14.066+0530][227.369s] GC(83) Survivor regions: 2->4(7)
[2025-06-03T16:04:14.066+0530][227.369s] GC(83) Old regions: 400->400
[2025-06-03T16:04:14.066+0530][227.370s] GC(83) Archive regions: 2->2
[2025-06-03T16:04:14.066+0530][227.370s] GC(83) Humongous regions: 0->0
[2025-06-03T16:04:14.066+0530][227.370s] GC(83) Metaspace: 20274K(20992K)->20274K(20992K) NonClass: 17747K(18176K)->17747K(18176K) Class: 2527K(2816K)->2527K(2816K)
[2025-06-03T16:04:14.066+0530][227.370s] GC(83) Pause Young (Normal) (G1 Evacuation Pause) 452M->403M(512M) 9.682ms
[2025-06-03T16:04:14.066+0530][227.370s] GC(83) User=0.02s Sys=0.00s Real=0.01s
[2025-06-03T16:04:14.699+0530][228.002s] GC(84) Pause Young (Normal) (G1 Evacuation Pause)
[2025-06-03T16:04:14.699+0530][228.002s] GC(84) Using 8 workers of 8 for evacuation
[2025-06-03T16:04:14.713+0530][228.016s] GC(84) Skipped phase 1 of Reference Processing: no references
[2025-06-03T16:04:14.713+0530][228.016s] GC(84) Skipped phase 2 of Reference Processing: no references
[2025-06-03T16:04:14.713+0530][228.016s] GC(84) Skipped phase 3 of Reference Processing: no references
[2025-06-03T16:04:14.713+0530][228.017s] GC(84) Skipped phase 4 of Reference Processing: no references
[2025-06-03T16:04:14.713+0530][228.017s] GC(84)   Pre Evacuate Collection Set: 0.1ms
[2025-06-03T16:04:14.713+0530][228.017s] GC(84)   Merge Heap Roots: 0.0ms
[2025-06-03T16:04:14.713+0530][228.017s] GC(84)   Evacuate Collection Set: 14.0ms
[2025-06-03T16:04:14.713+0530][228.017s] GC(84)   Post Evacuate Collection Set: 0.4ms
[2025-06-03T16:04:14.714+0530][228.017s] GC(84)   Other: 0.2ms
[2025-06-03T16:04:14.714+0530][228.017s] GC(84) Eden regions: 49->0(48)
[2025-06-03T16:04:14.714+0530][228.017s] GC(84) Survivor regions: 4->5(7)
[2025-06-03T16:04:14.714+0530][228.017s] GC(84) Old regions: 400->400
[2025-06-03T16:04:14.714+0530][228.017s] GC(84) Archive regions: 2->2
[2025-06-03T16:04:14.714+0530][228.017s] GC(84) Humongous regions: 0->0
[2025-06-03T16:04:14.714+0530][228.017s] GC(84) Metaspace: 20274K(20992K)->20274K(20992K) NonClass: 17747K(18176K)->17747K(18176K) Class: 2527K(2816K)->2527K(2816K)
[2025-06-03T16:04:14.714+0530][228.017s] GC(84) Pause Young (Normal) (G1 Evacuation Pause) 452M->405M(512M) 14.841ms
[2025-06-03T16:04:14.714+0530][228.017s] GC(84) User=0.04s Sys=0.01s Real=0.02s
[2025-06-03T16:04:15.338+0530][228.641s] GC(85) Pause Young (Concurrent Start) (G1 Evacuation Pause)
[2025-06-03T16:04:15.338+0530][228.641s] GC(85) Using 8 workers of 8 for evacuation
[2025-06-03T16:04:15.357+0530][228.660s] GC(85) Skipped phase 1 of Reference Processing: no references
[2025-06-03T16:04:15.357+0530][228.661s] GC(85) Skipped phase 2 of Reference Processing: no references
[2025-06-03T16:04:15.357+0530][228.661s] GC(85) Skipped phase 3 of Reference Processing: no references
[2025-06-03T16:04:15.357+0530][228.661s] GC(85) Skipped phase 4 of Reference Processing: no references
[2025-06-03T16:04:15.357+0530][228.661s] GC(85)   Pre Evacuate Collection Set: 0.1ms
[2025-06-03T16:04:15.357+0530][228.661s] GC(85)   Merge Heap Roots: 0.0ms
[2025-06-03T16:04:15.358+0530][228.661s] GC(85)   Evacuate Collection Set: 19.1ms
[2025-06-03T16:04:15.358+0530][228.661s] GC(85)   Post Evacuate Collection Set: 0.4ms
[2025-06-03T16:04:15.358+0530][228.661s] GC(85)   Other: 0.3ms
[2025-06-03T16:04:15.358+0530][228.661s] GC(85) Eden regions: 48->0(45)
[2025-06-03T16:04:15.358+0530][228.661s] GC(85) Survivor regions: 5->5(7)
[2025-06-03T16:04:15.358+0530][228.661s] GC(85) Old regions: 400->403
[2025-06-03T16:04:15.358+0530][228.661s] GC(85) Archive regions: 2->2
[2025-06-03T16:04:15.358+0530][228.661s] GC(85) Humongous regions: 0->0
[2025-06-03T16:04:15.358+0530][228.661s] GC(85) Metaspace: 20274K(20992K)->20274K(20992K) NonClass: 17747K(18176K)->17747K(18176K) Class: 2527K(2816K)->2527K(2816K)
[2025-06-03T16:04:15.358+0530][228.661s] GC(85) Pause Young (Concurrent Start) (G1 Evacuation Pause) 453M->407M(512M) 19.961ms
[2025-06-03T16:04:15.358+0530][228.661s] GC(85) User=0.05s Sys=0.01s Real=0.02s
[2025-06-03T16:04:15.358+0530][228.661s] GC(86) Concurrent Mark Cycle
[2025-06-03T16:04:15.358+0530][228.661s] GC(86) Concurrent Clear Claimed Marks
[2025-06-03T16:04:15.358+0530][228.661s] GC(86) Concurrent Clear Claimed Marks 0.030ms
[2025-06-03T16:04:15.358+0530][228.661s] GC(86) Concurrent Scan Root Regions
[2025-06-03T16:04:15.361+0530][228.664s] GC(86) Concurrent Scan Root Regions 3.122ms
[2025-06-03T16:04:15.361+0530][228.664s] GC(86) Concurrent Mark
[2025-06-03T16:04:15.361+0530][228.664s] GC(86) Concurrent Mark From Roots
[2025-06-03T16:04:15.361+0530][228.664s] GC(86) Using 2 workers of 2 for marking
[2025-06-03T16:04:15.851+0530][229.155s] GC(86) Concurrent Mark From Roots 490.455ms
[2025-06-03T16:04:15.851+0530][229.155s] GC(86) Concurrent Preclean
[2025-06-03T16:04:15.852+0530][229.155s] GC(86) Preclean SoftReferences 0.028ms
[2025-06-03T16:04:15.852+0530][229.155s] GC(86) Preclean WeakReferences 0.060ms
[2025-06-03T16:04:15.852+0530][229.155s] GC(86) Preclean FinalReferences 0.004ms
[2025-06-03T16:04:15.852+0530][229.155s] GC(86) Preclean PhantomReferences 0.016ms
[2025-06-03T16:04:15.852+0530][229.155s] GC(86) Concurrent Preclean 0.185ms
[2025-06-03T16:04:15.852+0530][229.155s] GC(86) Pause Remark
[2025-06-03T16:04:15.852+0530][229.155s] GC(86) Skipped phase 1 of Reference Processing: no references
[2025-06-03T16:04:15.852+0530][229.155s] GC(86) Skipped phase 2 of Reference Processing: no references
[2025-06-03T16:04:15.852+0530][229.155s] GC(86) Skipped phase 3 of Reference Processing: no references
[2025-06-03T16:04:15.852+0530][229.155s] GC(86) Skipped phase 4 of Reference Processing: no references
[2025-06-03T16:04:15.854+0530][229.157s] GC(86) Pause Remark 443M->443M(512M) 2.124ms
[2025-06-03T16:04:15.854+0530][229.157s] GC(86) User=0.00s Sys=0.00s Real=0.00s
[2025-06-03T16:04:15.854+0530][229.157s] GC(86) Concurrent Mark 493.115ms
[2025-06-03T16:04:15.854+0530][229.157s] GC(86) Concurrent Rebuild Remembered Sets
[2025-06-03T16:04:15.975+0530][229.279s] GC(87) Pause Young (Normal) (G1 Evacuation Pause)
[2025-06-03T16:04:15.975+0530][229.279s] GC(87) Using 8 workers of 8 for evacuation
[2025-06-03T16:04:15.992+0530][229.296s] GC(87) Skipped phase 1 of Reference Processing: no references
[2025-06-03T16:04:15.992+0530][229.296s] GC(87) Skipped phase 2 of Reference Processing: no references
[2025-06-03T16:04:15.992+0530][229.296s] GC(87) Skipped phase 3 of Reference Processing: no references
[2025-06-03T16:04:15.992+0530][229.296s] GC(87) Skipped phase 4 of Reference Processing: no references
[2025-06-03T16:04:15.993+0530][229.296s] GC(87)   Pre Evacuate Collection Set: 0.1ms
[2025-06-03T16:04:15.993+0530][229.296s] GC(87)   Merge Heap Roots: 0.0ms
[2025-06-03T16:04:15.993+0530][229.296s] GC(87)   Evacuate Collection Set: 16.5ms
[2025-06-03T16:04:15.993+0530][229.296s] GC(87)   Post Evacuate Collection Set: 0.5ms
[2025-06-03T16:04:15.993+0530][229.296s] GC(87)   Other: 0.2ms
[2025-06-03T16:04:15.993+0530][229.296s] GC(87) Eden regions: 45->0(44)
[2025-06-03T16:04:15.993+0530][229.296s] GC(87) Survivor regions: 5->4(7)
[2025-06-03T16:04:15.993+0530][229.296s] GC(87) Old regions: 403->405
[2025-06-03T16:04:15.993+0530][229.296s] GC(87) Archive regions: 2->2
[2025-06-03T16:04:15.993+0530][229.296s] GC(87) Humongous regions: 0->0
[2025-06-03T16:04:15.993+0530][229.296s] GC(87) Metaspace: 20274K(20992K)->20274K(20992K) NonClass: 17747K(18176K)->17747K(18176K) Class: 2527K(2816K)->2527K(2816K)
[2025-06-03T16:04:15.993+0530][229.296s] GC(87) Pause Young (Normal) (G1 Evacuation Pause) 452M->409M(512M) 17.460ms
[2025-06-03T16:04:15.993+0530][229.296s] GC(87) User=0.04s Sys=0.01s Real=0.02s
[2025-06-03T16:04:16.125+0530][229.429s] GC(86) Concurrent Rebuild Remembered Sets 271.351ms
[2025-06-03T16:04:16.126+0530][229.429s] GC(86) Pause Cleanup
[2025-06-03T16:04:16.126+0530][229.429s] GC(86) Pause Cleanup 419M->419M(512M) 0.215ms
[2025-06-03T16:04:16.126+0530][229.429s] GC(86) User=0.00s Sys=0.00s Real=0.00s
[2025-06-03T16:04:16.126+0530][229.429s] GC(86) Concurrent Cleanup for Next Mark
[2025-06-03T16:04:16.127+0530][229.430s] GC(86) Concurrent Cleanup for Next Mark 0.603ms
[2025-06-03T16:04:16.127+0530][229.430s] GC(86) Concurrent Mark Cycle 768.890ms
[2025-06-03T16:04:16.574+0530][229.877s] GC(88) Pause Young (Prepare Mixed) (G1 Evacuation Pause)
[2025-06-03T16:04:16.574+0530][229.877s] GC(88) Using 8 workers of 8 for evacuation
[2025-06-03T16:04:16.590+0530][229.894s] GC(88) Skipped phase 1 of Reference Processing: no references
[2025-06-03T16:04:16.591+0530][229.894s] GC(88) Skipped phase 2 of Reference Processing: no references
[2025-06-03T16:04:16.591+0530][229.894s] GC(88) Skipped phase 3 of Reference Processing: no references
[2025-06-03T16:04:16.591+0530][229.894s] GC(88) Skipped phase 4 of Reference Processing: no references
[2025-06-03T16:04:16.591+0530][229.894s] GC(88)   Pre Evacuate Collection Set: 0.1ms
[2025-06-03T16:04:16.591+0530][229.894s] GC(88)   Merge Heap Roots: 0.1ms
[2025-06-03T16:04:16.591+0530][229.894s] GC(88)   Evacuate Collection Set: 16.2ms
[2025-06-03T16:04:16.591+0530][229.894s] GC(88)   Post Evacuate Collection Set: 0.3ms
[2025-06-03T16:04:16.591+0530][229.894s] GC(88)   Other: 0.2ms
[2025-06-03T16:04:16.591+0530][229.894s] GC(88) Eden regions: 44->0(21)
[2025-06-03T16:04:16.591+0530][229.894s] GC(88) Survivor regions: 4->4(6)
[2025-06-03T16:04:16.591+0530][229.894s] GC(88) Old regions: 405->407
[2025-06-03T16:04:16.591+0530][229.894s] GC(88) Archive regions: 2->2
[2025-06-03T16:04:16.591+0530][229.894s] GC(88) Humongous regions: 0->0
[2025-06-03T16:04:16.591+0530][229.894s] GC(88) Metaspace: 20274K(20992K)->20274K(20992K) NonClass: 17747K(18176K)->17747K(18176K) Class: 2527K(2816K)->2527K(2816K)
[2025-06-03T16:04:16.591+0530][229.894s] GC(88) Pause Young (Prepare Mixed) (G1 Evacuation Pause) 453M->411M(512M) 17.023ms
[2025-06-03T16:04:16.591+0530][229.894s] GC(88) User=0.04s Sys=0.01s Real=0.02s
[2025-06-03T16:04:16.860+0530][230.163s] GC(89) Pause Young (Mixed) (G1 Evacuation Pause)
[2025-06-03T16:04:16.860+0530][230.163s] GC(89) Using 8 workers of 8 for evacuation
[2025-06-03T16:04:16.873+0530][230.177s] GC(89) Skipped phase 1 of Reference Processing: no references
[2025-06-03T16:04:16.873+0530][230.177s] GC(89) Skipped phase 2 of Reference Processing: no references
[2025-06-03T16:04:16.873+0530][230.177s] GC(89) Skipped phase 3 of Reference Processing: no references
[2025-06-03T16:04:16.873+0530][230.177s] GC(89) Skipped phase 4 of Reference Processing: no references
[2025-06-03T16:04:16.874+0530][230.177s] GC(89)   Pre Evacuate Collection Set: 0.1ms
[2025-06-03T16:04:16.874+0530][230.177s] GC(89)   Merge Heap Roots: 0.0ms
[2025-06-03T16:04:16.874+0530][230.177s] GC(89)   Evacuate Collection Set: 13.3ms
[2025-06-03T16:04:16.874+0530][230.177s] GC(89)   Post Evacuate Collection Set: 0.4ms
[2025-06-03T16:04:16.874+0530][230.177s] GC(89)   Other: 0.2ms
[2025-06-03T16:04:16.874+0530][230.177s] GC(89) Eden regions: 21->0(43)
[2025-06-03T16:04:16.874+0530][230.177s] GC(89) Survivor regions: 4->3(4)
[2025-06-03T16:04:16.874+0530][230.177s] GC(89) Old regions: 407->408
[2025-06-03T16:04:16.874+0530][230.177s] GC(89) Archive regions: 2->2
[2025-06-03T16:04:16.874+0530][230.177s] GC(89) Humongous regions: 0->0
[2025-06-03T16:04:16.874+0530][230.177s] GC(89) Metaspace: 20274K(20992K)->20274K(20992K) NonClass: 17747K(18176K)->17747K(18176K) Class: 2527K(2816K)->2527K(2816K)
[2025-06-03T16:04:16.874+0530][230.177s] GC(89) Pause Young (Mixed) (G1 Evacuation Pause) 432M->411M(512M) 14.176ms
[2025-06-03T16:04:16.874+0530][230.177s] GC(89) User=0.05s Sys=0.01s Real=0.01s
[2025-06-03T16:04:17.435+0530][230.739s] GC(90) Pause Young (Normal) (G1 Evacuation Pause)
[2025-06-03T16:04:17.435+0530][230.739s] GC(90) Using 8 workers of 8 for evacuation
[2025-06-03T16:04:17.448+0530][230.752s] GC(90) Skipped phase 1 of Reference Processing: no references
[2025-06-03T16:04:17.448+0530][230.752s] GC(90) Skipped phase 2 of Reference Processing: no references
[2025-06-03T16:04:17.448+0530][230.752s] GC(90) Skipped phase 3 of Reference Processing: no references
[2025-06-03T16:04:17.448+0530][230.752s] GC(90) Skipped phase 4 of Reference Processing: no references
[2025-06-03T16:04:17.449+0530][230.752s] GC(90)   Pre Evacuate Collection Set: 0.1ms
[2025-06-03T16:04:17.449+0530][230.752s] GC(90)   Merge Heap Roots: 0.0ms
[2025-06-03T16:04:17.449+0530][230.752s] GC(90)   Evacuate Collection Set: 12.6ms
[2025-06-03T16:04:17.449+0530][230.752s] GC(90)   Post Evacuate Collection Set: 0.4ms
[2025-06-03T16:04:17.449+0530][230.752s] GC(90)   Other: 0.2ms
[2025-06-03T16:04:17.449+0530][230.752s] GC(90) Eden regions: 43->0(40)
[2025-06-03T16:04:17.449+0530][230.752s] GC(90) Survivor regions: 3->5(6)
[2025-06-03T16:04:17.449+0530][230.752s] GC(90) Old regions: 408->408
[2025-06-03T16:04:17.449+0530][230.752s] GC(90) Archive regions: 2->2
[2025-06-03T16:04:17.449+0530][230.752s] GC(90) Humongous regions: 0->0
[2025-06-03T16:04:17.449+0530][230.752s] GC(90) Metaspace: 20274K(20992K)->20274K(20992K) NonClass: 17747K(18176K)->17747K(18176K) Class: 2527K(2816K)->2527K(2816K)
[2025-06-03T16:04:17.449+0530][230.752s] GC(90) Pause Young (Normal) (G1 Evacuation Pause) 454M->413M(512M) 13.412ms
[2025-06-03T16:04:17.449+0530][230.752s] GC(90) User=0.04s Sys=0.01s Real=0.01s
[2025-06-03T16:04:17.995+0530][231.298s] GC(91) Pause Young (Normal) (G1 Evacuation Pause)
[2025-06-03T16:04:17.995+0530][231.299s] GC(91) Using 8 workers of 8 for evacuation
[2025-06-03T16:04:18.012+0530][231.315s] GC(91) Skipped phase 1 of Reference Processing: no references
[2025-06-03T16:04:18.012+0530][231.316s] GC(91) Skipped phase 2 of Reference Processing: no references
[2025-06-03T16:04:18.012+0530][231.316s] GC(91) Skipped phase 3 of Reference Processing: no references
[2025-06-03T16:04:18.012+0530][231.316s] GC(91) Skipped phase 4 of Reference Processing: no references
[2025-06-03T16:04:18.012+0530][231.316s] GC(91)   Pre Evacuate Collection Set: 0.1ms
[2025-06-03T16:04:18.013+0530][231.316s] GC(91)   Merge Heap Roots: 0.0ms
[2025-06-03T16:04:18.013+0530][231.316s] GC(91)   Evacuate Collection Set: 16.7ms
[2025-06-03T16:04:18.013+0530][231.316s] GC(91)   Post Evacuate Collection Set: 0.4ms
[2025-06-03T16:04:18.013+0530][231.316s] GC(91)   Other: 0.2ms
[2025-06-03T16:04:18.013+0530][231.316s] GC(91) Eden regions: 40->0(38)
[2025-06-03T16:04:18.013+0530][231.316s] GC(91) Survivor regions: 5->5(6)
[2025-06-03T16:04:18.013+0530][231.316s] GC(91) Old regions: 408->410
[2025-06-03T16:04:18.013+0530][231.316s] GC(91) Archive regions: 2->2
[2025-06-03T16:04:18.013+0530][231.316s] GC(91) Humongous regions: 0->0
[2025-06-03T16:04:18.013+0530][231.316s] GC(91) Metaspace: 20274K(20992K)->20274K(20992K) NonClass: 17747K(18176K)->17747K(18176K) Class: 2527K(2816K)->2527K(2816K)
[2025-06-03T16:04:18.013+0530][231.316s] GC(91) Pause Young (Normal) (G1 Evacuation Pause) 453M->414M(512M) 17.651ms
[2025-06-03T16:04:18.013+0530][231.316s] GC(91) User=0.04s Sys=0.01s Real=0.02s
[2025-06-03T16:04:18.502+0530][231.806s] GC(92) Pause Young (Concurrent Start) (G1 Evacuation Pause)
[2025-06-03T16:04:18.502+0530][231.806s] GC(92) Using 8 workers of 8 for evacuation
[2025-06-03T16:04:18.519+0530][231.823s] GC(92) Skipped phase 1 of Reference Processing: no references
[2025-06-03T16:04:18.519+0530][231.823s] GC(92) Skipped phase 2 of Reference Processing: no references
[2025-06-03T16:04:18.519+0530][231.823s] GC(92) Skipped phase 3 of Reference Processing: no references
[2025-06-03T16:04:18.519+0530][231.823s] GC(92) Skipped phase 4 of Reference Processing: no references
[2025-06-03T16:04:18.520+0530][231.823s] GC(92)   Pre Evacuate Collection Set: 0.1ms
[2025-06-03T16:04:18.520+0530][231.823s] GC(92)   Merge Heap Roots: 0.0ms
[2025-06-03T16:04:18.520+0530][231.823s] GC(92)   Evacuate Collection Set: 16.6ms
[2025-06-03T16:04:18.520+0530][231.823s] GC(92)   Post Evacuate Collection Set: 0.4ms
[2025-06-03T16:04:18.520+0530][231.823s] GC(92)   Other: 0.2ms
[2025-06-03T16:04:18.520+0530][231.823s] GC(92) Eden regions: 38->0(38)
[2025-06-03T16:04:18.520+0530][231.823s] GC(92) Survivor regions: 5->4(6)
[2025-06-03T16:04:18.520+0530][231.823s] GC(92) Old regions: 410->412
[2025-06-03T16:04:18.520+0530][231.823s] GC(92) Archive regions: 2->2
[2025-06-03T16:04:18.520+0530][231.823s] GC(92) Humongous regions: 0->0
[2025-06-03T16:04:18.520+0530][231.823s] GC(92) Metaspace: 20274K(20992K)->20274K(20992K) NonClass: 17747K(18176K)->17747K(18176K) Class: 2527K(2816K)->2527K(2816K)
[2025-06-03T16:04:18.520+0530][231.823s] GC(92) Pause Young (Concurrent Start) (G1 Evacuation Pause) 452M->416M(512M) 17.454ms
[2025-06-03T16:04:18.520+0530][231.823s] GC(92) User=0.04s Sys=0.01s Real=0.02s
[2025-06-03T16:04:18.520+0530][231.823s] GC(93) Concurrent Mark Cycle
[2025-06-03T16:04:18.520+0530][231.823s] GC(93) Concurrent Clear Claimed Marks
[2025-06-03T16:04:18.520+0530][231.823s] GC(93) Concurrent Clear Claimed Marks 0.092ms
[2025-06-03T16:04:18.520+0530][231.823s] GC(93) Concurrent Scan Root Regions
[2025-06-03T16:04:18.523+0530][231.827s] GC(93) Concurrent Scan Root Regions 3.243ms
[2025-06-03T16:04:18.523+0530][231.827s] GC(93) Concurrent Mark
[2025-06-03T16:04:18.523+0530][231.827s] GC(93) Concurrent Mark From Roots
[2025-06-03T16:04:18.523+0530][231.827s] GC(93) Using 2 workers of 2 for marking
[2025-06-03T16:04:19.030+0530][232.334s] GC(93) Concurrent Mark From Roots 507.059ms
[2025-06-03T16:04:19.030+0530][232.334s] GC(93) Concurrent Preclean
[2025-06-03T16:04:19.030+0530][232.334s] GC(93) Preclean SoftReferences 0.031ms
[2025-06-03T16:04:19.031+0530][232.334s] GC(93) Preclean WeakReferences 0.065ms
[2025-06-03T16:04:19.031+0530][232.334s] GC(93) Preclean FinalReferences 0.004ms
[2025-06-03T16:04:19.031+0530][232.334s] GC(93) Preclean PhantomReferences 0.018ms
[2025-06-03T16:04:19.031+0530][232.334s] GC(93) Concurrent Preclean 0.193ms
[2025-06-03T16:04:19.031+0530][232.334s] GC(93) Pause Remark
[2025-06-03T16:04:19.031+0530][232.334s] GC(93) Skipped phase 1 of Reference Processing: no references
[2025-06-03T16:04:19.031+0530][232.334s] GC(93) Skipped phase 2 of Reference Processing: no references
[2025-06-03T16:04:19.031+0530][232.334s] GC(93) Skipped phase 3 of Reference Processing: no references
[2025-06-03T16:04:19.031+0530][232.335s] GC(93) Skipped phase 4 of Reference Processing: no references
[2025-06-03T16:04:19.033+0530][232.336s] GC(93) Pause Remark 453M->453M(512M) 2.025ms
[2025-06-03T16:04:19.033+0530][232.336s] GC(93) User=0.00s Sys=0.00s Real=0.00s
[2025-06-03T16:04:19.033+0530][232.336s] GC(93) Concurrent Mark 509.593ms
[2025-06-03T16:04:19.033+0530][232.336s] GC(93) Concurrent Rebuild Remembered Sets
[2025-06-03T16:04:19.050+0530][232.354s] GC(94) Pause Young (Normal) (G1 Evacuation Pause)
[2025-06-03T16:04:19.051+0530][232.354s] GC(94) Using 8 workers of 8 for evacuation
[2025-06-03T16:04:19.064+0530][232.368s] GC(94) Skipped phase 1 of Reference Processing: no references
[2025-06-03T16:04:19.065+0530][232.368s] GC(94) Skipped phase 2 of Reference Processing: no references
[2025-06-03T16:04:19.065+0530][232.368s] GC(94) Skipped phase 3 of Reference Processing: no references
[2025-06-03T16:04:19.065+0530][232.368s] GC(94) Skipped phase 4 of Reference Processing: no references
[2025-06-03T16:04:19.065+0530][232.368s] GC(94)   Pre Evacuate Collection Set: 0.1ms
[2025-06-03T16:04:19.065+0530][232.368s] GC(94)   Merge Heap Roots: 0.0ms
[2025-06-03T16:04:19.065+0530][232.368s] GC(94)   Evacuate Collection Set: 13.7ms
[2025-06-03T16:04:19.065+0530][232.368s] GC(94)   Post Evacuate Collection Set: 0.4ms
[2025-06-03T16:04:19.065+0530][232.368s] GC(94)   Other: 0.2ms
[2025-06-03T16:04:19.065+0530][232.368s] GC(94) Eden regions: 38->0(36)
[2025-06-03T16:04:19.065+0530][232.368s] GC(94) Survivor regions: 4->4(6)
[2025-06-03T16:04:19.065+0530][232.368s] GC(94) Old regions: 412->414
[2025-06-03T16:04:19.065+0530][232.368s] GC(94) Archive regions: 2->2
[2025-06-03T16:04:19.065+0530][232.368s] GC(94) Humongous regions: 0->0
[2025-06-03T16:04:19.065+0530][232.368s] GC(94) Metaspace: 20274K(20992K)->20274K(20992K) NonClass: 17747K(18176K)->17747K(18176K) Class: 2527K(2816K)->2527K(2816K)
[2025-06-03T16:04:19.065+0530][232.369s] GC(94) Pause Young (Normal) (G1 Evacuation Pause) 454M->418M(512M) 14.648ms
[2025-06-03T16:04:19.065+0530][232.369s] GC(94) User=0.03s Sys=0.00s Real=0.01s
[2025-06-03T16:04:19.309+0530][232.612s] GC(93) Concurrent Rebuild Remembered Sets 275.905ms
[2025-06-03T16:04:19.309+0530][232.612s] GC(93) Pause Cleanup
[2025-06-03T16:04:19.309+0530][232.613s] GC(93) Pause Cleanup 435M->435M(512M) 0.149ms
[2025-06-03T16:04:19.309+0530][232.613s] GC(93) User=0.00s Sys=0.00s Real=0.00s
[2025-06-03T16:04:19.309+0530][232.613s] GC(93) Concurrent Cleanup for Next Mark
[2025-06-03T16:04:19.310+0530][232.613s] GC(93) Concurrent Cleanup for Next Mark 0.540ms
[2025-06-03T16:04:19.310+0530][232.613s] GC(93) Concurrent Mark Cycle 789.994ms
[2025-06-03T16:04:19.559+0530][232.863s] GC(95) Pause Young (Prepare Mixed) (G1 Evacuation Pause)
[2025-06-03T16:04:19.559+0530][232.863s] GC(95) Using 8 workers of 8 for evacuation
[2025-06-03T16:04:19.573+0530][232.877s] GC(95) Skipped phase 1 of Reference Processing: no references
[2025-06-03T16:04:19.573+0530][232.877s] GC(95) Skipped phase 2 of Reference Processing: no references
[2025-06-03T16:04:19.573+0530][232.877s] GC(95) Skipped phase 3 of Reference Processing: no references
[2025-06-03T16:04:19.573+0530][232.877s] GC(95) Skipped phase 4 of Reference Processing: no references
[2025-06-03T16:04:19.574+0530][232.877s] GC(95)   Pre Evacuate Collection Set: 0.1ms
[2025-06-03T16:04:19.574+0530][232.877s] GC(95)   Merge Heap Roots: 0.0ms
[2025-06-03T16:04:19.574+0530][232.877s] GC(95)   Evacuate Collection Set: 13.6ms
[2025-06-03T16:04:19.574+0530][232.877s] GC(95)   Post Evacuate Collection Set: 0.4ms
[2025-06-03T16:04:19.574+0530][232.877s] GC(95)   Other: 0.2ms
[2025-06-03T16:04:19.574+0530][232.877s] GC(95) Eden regions: 36->0(21)
[2025-06-03T16:04:19.574+0530][232.877s] GC(95) Survivor regions: 4->4(5)
[2025-06-03T16:04:19.574+0530][232.877s] GC(95) Old regions: 414->416
[2025-06-03T16:04:19.574+0530][232.877s] GC(95) Archive regions: 2->2
[2025-06-03T16:04:19.574+0530][232.877s] GC(95) Humongous regions: 0->0
[2025-06-03T16:04:19.574+0530][232.877s] GC(95) Metaspace: 20274K(20992K)->20274K(20992K) NonClass: 17747K(18176K)->17747K(18176K) Class: 2527K(2816K)->2527K(2816K)
[2025-06-03T16:04:19.574+0530][232.877s] GC(95) Pause Young (Prepare Mixed) (G1 Evacuation Pause) 454M->419M(512M) 14.360ms
[2025-06-03T16:04:19.574+0530][232.877s] GC(95) User=0.04s Sys=0.02s Real=0.02s
[2025-06-03T16:04:19.843+0530][233.146s] GC(96) Pause Young (Mixed) (G1 Evacuation Pause)
[2025-06-03T16:04:19.843+0530][233.146s] GC(96) Using 8 workers of 8 for evacuation
[2025-06-03T16:04:19.855+0530][233.159s] GC(96) Skipped phase 1 of Reference Processing: no references
[2025-06-03T16:04:19.855+0530][233.159s] GC(96) Skipped phase 2 of Reference Processing: no references
[2025-06-03T16:04:19.855+0530][233.159s] GC(96) Skipped phase 3 of Reference Processing: no references
[2025-06-03T16:04:19.855+0530][233.159s] GC(96) Skipped phase 4 of Reference Processing: no references
[2025-06-03T16:04:19.856+0530][233.159s] GC(96)   Pre Evacuate Collection Set: 0.1ms
[2025-06-03T16:04:19.856+0530][233.159s] GC(96)   Merge Heap Roots: 0.0ms
[2025-06-03T16:04:19.856+0530][233.159s] GC(96)   Evacuate Collection Set: 12.2ms
[2025-06-03T16:04:19.856+0530][233.159s] GC(96)   Post Evacuate Collection Set: 0.3ms
[2025-06-03T16:04:19.856+0530][233.159s] GC(96)   Other: 0.2ms
[2025-06-03T16:04:19.856+0530][233.159s] GC(96) Eden regions: 21->0(34)
[2025-06-03T16:04:19.856+0530][233.159s] GC(96) Survivor regions: 4->3(4)
[2025-06-03T16:04:19.856+0530][233.159s] GC(96) Old regions: 416->417
[2025-06-03T16:04:19.856+0530][233.159s] GC(96) Archive regions: 2->2
[2025-06-03T16:04:19.856+0530][233.159s] GC(96) Humongous regions: 0->0
[2025-06-03T16:04:19.856+0530][233.159s] GC(96) Metaspace: 20274K(20992K)->20274K(20992K) NonClass: 17747K(18176K)->17747K(18176K) Class: 2527K(2816K)->2527K(2816K)
[2025-06-03T16:04:19.856+0530][233.159s] GC(96) Pause Young (Mixed) (G1 Evacuation Pause) 440M->419M(512M) 13.007ms
[2025-06-03T16:04:19.856+0530][233.159s] GC(96) User=0.05s Sys=0.01s Real=0.01s
[2025-06-03T16:04:20.298+0530][233.601s] GC(97) Pause Young (Normal) (G1 Evacuation Pause)
[2025-06-03T16:04:20.298+0530][233.601s] GC(97) Using 8 workers of 8 for evacuation
[2025-06-03T16:04:20.308+0530][233.612s] GC(97) Skipped phase 1 of Reference Processing: no references
[2025-06-03T16:04:20.308+0530][233.612s] GC(97) Skipped phase 2 of Reference Processing: no references
[2025-06-03T16:04:20.308+0530][233.612s] GC(97) Skipped phase 3 of Reference Processing: no references
[2025-06-03T16:04:20.308+0530][233.612s] GC(97) Skipped phase 4 of Reference Processing: no references
[2025-06-03T16:04:20.309+0530][233.612s] GC(97)   Pre Evacuate Collection Set: 0.1ms
[2025-06-03T16:04:20.309+0530][233.612s] GC(97)   Merge Heap Roots: 0.0ms
[2025-06-03T16:04:20.309+0530][233.612s] GC(97)   Evacuate Collection Set: 10.5ms
[2025-06-03T16:04:20.309+0530][233.612s] GC(97)   Post Evacuate Collection Set: 0.3ms
[2025-06-03T16:04:20.309+0530][233.612s] GC(97)   Other: 0.2ms
[2025-06-03T16:04:20.309+0530][233.612s] GC(97) Eden regions: 34->0(33)
[2025-06-03T16:04:20.309+0530][233.612s] GC(97) Survivor regions: 3->4(5)
[2025-06-03T16:04:20.309+0530][233.612s] GC(97) Old regions: 417->417
[2025-06-03T16:04:20.309+0530][233.612s] GC(97) Archive regions: 2->2
[2025-06-03T16:04:20.309+0530][233.612s] GC(97) Humongous regions: 0->0
[2025-06-03T16:04:20.309+0530][233.612s] GC(97) Metaspace: 20274K(20992K)->20274K(20992K) NonClass: 17747K(18176K)->17747K(18176K) Class: 2527K(2816K)->2527K(2816K)
[2025-06-03T16:04:20.309+0530][233.612s] GC(97) Pause Young (Normal) (G1 Evacuation Pause) 453M->421M(512M) 11.201ms
[2025-06-03T16:04:20.309+0530][233.612s] GC(97) User=0.03s Sys=0.01s Real=0.01s
[2025-06-03T16:04:20.738+0530][234.041s] GC(98) Pause Young (Normal) (G1 Evacuation Pause)
[2025-06-03T16:04:20.738+0530][234.042s] GC(98) Using 8 workers of 8 for evacuation
[2025-06-03T16:04:20.752+0530][234.056s] GC(98) Skipped phase 1 of Reference Processing: no references
[2025-06-03T16:04:20.752+0530][234.056s] GC(98) Skipped phase 2 of Reference Processing: no references
[2025-06-03T16:04:20.752+0530][234.056s] GC(98) Skipped phase 3 of Reference Processing: no references
[2025-06-03T16:04:20.752+0530][234.056s] GC(98) Skipped phase 4 of Reference Processing: no references
[2025-06-03T16:04:20.753+0530][234.056s] GC(98)   Pre Evacuate Collection Set: 0.1ms
[2025-06-03T16:04:20.753+0530][234.056s] GC(98)   Merge Heap Roots: 0.0ms
[2025-06-03T16:04:20.753+0530][234.056s] GC(98)   Evacuate Collection Set: 14.1ms
[2025-06-03T16:04:20.753+0530][234.056s] GC(98)   Post Evacuate Collection Set: 0.4ms
[2025-06-03T16:04:20.753+0530][234.056s] GC(98)   Other: 0.2ms
[2025-06-03T16:04:20.753+0530][234.056s] GC(98) Eden regions: 33->0(32)
[2025-06-03T16:04:20.753+0530][234.056s] GC(98) Survivor regions: 4->4(5)
[2025-06-03T16:04:20.753+0530][234.056s] GC(98) Old regions: 417->418
[2025-06-03T16:04:20.753+0530][234.056s] GC(98) Archive regions: 2->2
[2025-06-03T16:04:20.753+0530][234.056s] GC(98) Humongous regions: 0->0
[2025-06-03T16:04:20.753+0530][234.056s] GC(98) Metaspace: 20274K(20992K)->20274K(20992K) NonClass: 17747K(18176K)->17747K(18176K) Class: 2527K(2816K)->2527K(2816K)
[2025-06-03T16:04:20.753+0530][234.056s] GC(98) Pause Young (Normal) (G1 Evacuation Pause) 454M->422M(512M) 14.979ms
[2025-06-03T16:04:20.753+0530][234.057s] GC(98) User=0.04s Sys=0.00s Real=0.02s
[2025-06-03T16:04:23.145+0530][236.449s] GC(99) Pause Young (Concurrent Start) (G1 Evacuation Pause)
[2025-06-03T16:04:23.145+0530][236.449s] GC(99) Using 8 workers of 8 for evacuation
[2025-06-03T16:04:23.161+0530][236.465s] GC(99) Skipped phase 1 of Reference Processing: no references
[2025-06-03T16:04:23.161+0530][236.465s] GC(99) Skipped phase 2 of Reference Processing: no references
[2025-06-03T16:04:23.161+0530][236.465s] GC(99) Skipped phase 3 of Reference Processing: no references
[2025-06-03T16:04:23.161+0530][236.465s] GC(99) Skipped phase 4 of Reference Processing: no references
[2025-06-03T16:04:23.162+0530][236.465s] GC(99)   Pre Evacuate Collection Set: 0.1ms
[2025-06-03T16:04:23.162+0530][236.465s] GC(99)   Merge Heap Roots: 0.1ms
[2025-06-03T16:04:23.162+0530][236.465s] GC(99)   Evacuate Collection Set: 15.6ms
[2025-06-03T16:04:23.162+0530][236.465s] GC(99)   Post Evacuate Collection Set: 0.5ms
[2025-06-03T16:04:23.162+0530][236.465s] GC(99)   Other: 0.3ms
[2025-06-03T16:04:23.162+0530][236.465s] GC(99) Eden regions: 32->0(31)
[2025-06-03T16:04:23.162+0530][236.465s] GC(99) Survivor regions: 4->3(5)
[2025-06-03T16:04:23.162+0530][236.465s] GC(99) Old regions: 418->421
[2025-06-03T16:04:23.162+0530][236.465s] GC(99) Archive regions: 2->2
[2025-06-03T16:04:23.162+0530][236.465s] GC(99) Humongous regions: 0->0
[2025-06-03T16:04:23.162+0530][236.465s] GC(99) Metaspace: 20274K(20992K)->20274K(20992K) NonClass: 17747K(18176K)->17747K(18176K) Class: 2527K(2816K)->2527K(2816K)
[2025-06-03T16:04:23.162+0530][236.465s] GC(99) Pause Young (Concurrent Start) (G1 Evacuation Pause) 454M->424M(512M) 16.605ms
[2025-06-03T16:04:23.162+0530][236.465s] GC(99) User=0.04s Sys=0.01s Real=0.02s
[2025-06-03T16:04:23.162+0530][236.465s] GC(100) Concurrent Mark Cycle
[2025-06-03T16:04:23.162+0530][236.465s] GC(100) Concurrent Clear Claimed Marks
[2025-06-03T16:04:23.162+0530][236.465s] GC(100) Concurrent Clear Claimed Marks 0.048ms
[2025-06-03T16:04:23.162+0530][236.465s] GC(100) Concurrent Scan Root Regions
[2025-06-03T16:04:23.164+0530][236.468s] GC(100) Concurrent Scan Root Regions 2.208ms
[2025-06-03T16:04:23.164+0530][236.468s] GC(100) Concurrent Mark
[2025-06-03T16:04:23.164+0530][236.468s] GC(100) Concurrent Mark From Roots
[2025-06-03T16:04:23.164+0530][236.468s] GC(100) Using 2 workers of 2 for marking
[2025-06-03T16:04:23.610+0530][236.914s] GC(100) Concurrent Mark From Roots 445.947ms
[2025-06-03T16:04:23.610+0530][236.914s] GC(100) Concurrent Preclean
[2025-06-03T16:04:23.610+0530][236.914s] GC(100) Preclean SoftReferences 0.040ms
[2025-06-03T16:04:23.610+0530][236.914s] GC(100) Preclean WeakReferences 0.064ms
[2025-06-03T16:04:23.610+0530][236.914s] GC(100) Preclean FinalReferences 0.006ms
[2025-06-03T16:04:23.610+0530][236.914s] GC(100) Preclean PhantomReferences 0.017ms
[2025-06-03T16:04:23.610+0530][236.914s] GC(100) Concurrent Preclean 0.255ms
[2025-06-03T16:04:23.611+0530][236.914s] GC(100) Pause Remark
[2025-06-03T16:04:23.611+0530][236.914s] GC(100) Skipped phase 1 of Reference Processing: no references
[2025-06-03T16:04:23.611+0530][236.914s] GC(100) Skipped phase 2 of Reference Processing: no references
[2025-06-03T16:04:23.611+0530][236.914s] GC(100) Skipped phase 3 of Reference Processing: no references
[2025-06-03T16:04:23.611+0530][236.915s] GC(100) Skipped phase 4 of Reference Processing: no references
[2025-06-03T16:04:23.613+0530][236.916s] GC(100) Pause Remark 431M->431M(512M) 2.099ms
[2025-06-03T16:04:23.613+0530][236.916s] GC(100) User=0.00s Sys=0.00s Real=0.00s
[2025-06-03T16:04:23.613+0530][236.916s] GC(100) Concurrent Mark 448.671ms
[2025-06-03T16:04:23.613+0530][236.916s] GC(100) Concurrent Rebuild Remembered Sets
[2025-06-03T16:04:23.847+0530][237.150s] GC(100) Concurrent Rebuild Remembered Sets 233.802ms
[2025-06-03T16:04:23.847+0530][237.150s] GC(100) Pause Cleanup
[2025-06-03T16:04:23.847+0530][237.151s] GC(100) Pause Cleanup 435M->435M(512M) 0.138ms
[2025-06-03T16:04:23.847+0530][237.151s] GC(100) User=0.00s Sys=0.00s Real=0.00s
[2025-06-03T16:04:23.847+0530][237.151s] GC(100) Concurrent Cleanup for Next Mark
[2025-06-03T16:04:23.848+0530][237.151s] GC(100) Concurrent Cleanup for Next Mark 0.493ms
[2025-06-03T16:04:23.848+0530][237.151s] GC(100) Concurrent Mark Cycle 685.776ms
[2025-06-03T16:04:25.551+0530][238.855s] GC(101) Pause Young (Prepare Mixed) (G1 Evacuation Pause)
[2025-06-03T16:04:25.552+0530][238.855s] GC(101) Using 8 workers of 8 for evacuation
[2025-06-03T16:04:25.565+0530][238.868s] GC(101) Skipped phase 1 of Reference Processing: no references
[2025-06-03T16:04:25.565+0530][238.868s] GC(101) Skipped phase 2 of Reference Processing: no references
[2025-06-03T16:04:25.565+0530][238.868s] GC(101) Skipped phase 3 of Reference Processing: no references
[2025-06-03T16:04:25.565+0530][238.868s] GC(101) Skipped phase 4 of Reference Processing: no references
[2025-06-03T16:04:25.565+0530][238.869s] GC(101)   Pre Evacuate Collection Set: 0.1ms
[2025-06-03T16:04:25.565+0530][238.869s] GC(101)   Merge Heap Roots: 0.1ms
[2025-06-03T16:04:25.565+0530][238.869s] GC(101)   Evacuate Collection Set: 12.7ms
[2025-06-03T16:04:25.565+0530][238.869s] GC(101)   Post Evacuate Collection Set: 0.4ms
[2025-06-03T16:04:25.565+0530][238.869s] GC(101)   Other: 0.3ms
[2025-06-03T16:04:25.565+0530][238.869s] GC(101) Eden regions: 31->0(22)
[2025-06-03T16:04:25.565+0530][238.869s] GC(101) Survivor regions: 3->3(5)
[2025-06-03T16:04:25.565+0530][238.869s] GC(101) Old regions: 421->422
[2025-06-03T16:04:25.565+0530][238.869s] GC(101) Archive regions: 2->2
[2025-06-03T16:04:25.565+0530][238.869s] GC(101) Humongous regions: 0->0
[2025-06-03T16:04:25.565+0530][238.869s] GC(101) Metaspace: 20274K(20992K)->20274K(20992K) NonClass: 17747K(18176K)->17747K(18176K) Class: 2527K(2816K)->2527K(2816K)
[2025-06-03T16:04:25.565+0530][238.869s] GC(101) Pause Young (Prepare Mixed) (G1 Evacuation Pause) 455M->425M(512M) 13.782ms
[2025-06-03T16:04:25.565+0530][238.869s] GC(101) User=0.03s Sys=0.01s Real=0.01s
[2025-06-03T16:04:27.207+0530][240.510s] GC(102) Pause Young (Mixed) (G1 Evacuation Pause)
[2025-06-03T16:04:27.207+0530][240.510s] GC(102) Using 8 workers of 8 for evacuation
[2025-06-03T16:04:27.218+0530][240.522s] GC(102) Skipped phase 1 of Reference Processing: no references
[2025-06-03T16:04:27.218+0530][240.522s] GC(102) Skipped phase 2 of Reference Processing: no references
[2025-06-03T16:04:27.218+0530][240.522s] GC(102) Skipped phase 3 of Reference Processing: no references
[2025-06-03T16:04:27.218+0530][240.522s] GC(102) Skipped phase 4 of Reference Processing: no references
[2025-06-03T16:04:27.219+0530][240.522s] GC(102)   Pre Evacuate Collection Set: 0.1ms
[2025-06-03T16:04:27.219+0530][240.522s] GC(102)   Merge Heap Roots: 0.1ms
[2025-06-03T16:04:27.219+0530][240.522s] GC(102)   Evacuate Collection Set: 11.4ms
[2025-06-03T16:04:27.219+0530][240.522s] GC(102)   Post Evacuate Collection Set: 0.3ms
[2025-06-03T16:04:27.219+0530][240.522s] GC(102)   Other: 0.2ms
[2025-06-03T16:04:27.219+0530][240.522s] GC(102) Eden regions: 22->0(29)
[2025-06-03T16:04:27.219+0530][240.522s] GC(102) Survivor regions: 3->3(4)
[2025-06-03T16:04:27.219+0530][240.522s] GC(102) Old regions: 422->423
[2025-06-03T16:04:27.219+0530][240.522s] GC(102) Archive regions: 2->2
[2025-06-03T16:04:27.219+0530][240.522s] GC(102) Humongous regions: 0->0
[2025-06-03T16:04:27.219+0530][240.522s] GC(102) Metaspace: 20274K(20992K)->20274K(20992K) NonClass: 17747K(18176K)->17747K(18176K) Class: 2527K(2816K)->2527K(2816K)
[2025-06-03T16:04:27.219+0530][240.523s] GC(102) Pause Young (Mixed) (G1 Evacuation Pause) 447M->425M(512M) 12.294ms
[2025-06-03T16:04:27.219+0530][240.523s] GC(102) User=0.05s Sys=0.01s Real=0.01s
[2025-06-03T16:04:29.002+0530][242.305s] GC(103) Pause Young (Concurrent Start) (G1 Evacuation Pause)
[2025-06-03T16:04:29.002+0530][242.305s] GC(103) Using 8 workers of 8 for evacuation
[2025-06-03T16:04:29.013+0530][242.317s] GC(103) Skipped phase 1 of Reference Processing: no references
[2025-06-03T16:04:29.013+0530][242.317s] GC(103) Skipped phase 2 of Reference Processing: no references
[2025-06-03T16:04:29.013+0530][242.317s] GC(103) Skipped phase 3 of Reference Processing: no references
[2025-06-03T16:04:29.013+0530][242.317s] GC(103) Skipped phase 4 of Reference Processing: no references
[2025-06-03T16:04:29.014+0530][242.317s] GC(103)   Pre Evacuate Collection Set: 0.1ms
[2025-06-03T16:04:29.014+0530][242.317s] GC(103)   Merge Heap Roots: 0.1ms
[2025-06-03T16:04:29.014+0530][242.317s] GC(103)   Evacuate Collection Set: 10.9ms
[2025-06-03T16:04:29.014+0530][242.317s] GC(103)   Post Evacuate Collection Set: 0.5ms
[2025-06-03T16:04:29.014+0530][242.317s] GC(103)   Other: 0.2ms
[2025-06-03T16:04:29.014+0530][242.317s] GC(103) Eden regions: 29->0(28)
[2025-06-03T16:04:29.014+0530][242.317s] GC(103) Survivor regions: 3->3(4)
[2025-06-03T16:04:29.014+0530][242.317s] GC(103) Old regions: 423->424
[2025-06-03T16:04:29.014+0530][242.317s] GC(103) Archive regions: 2->2
[2025-06-03T16:04:29.014+0530][242.317s] GC(103) Humongous regions: 0->0
[2025-06-03T16:04:29.014+0530][242.317s] GC(103) Metaspace: 20274K(20992K)->20274K(20992K) NonClass: 17747K(18176K)->17747K(18176K) Class: 2527K(2816K)->2527K(2816K)
[2025-06-03T16:04:29.014+0530][242.317s] GC(103) Pause Young (Concurrent Start) (G1 Evacuation Pause) 454M->427M(512M) 11.867ms
[2025-06-03T16:04:29.014+0530][242.317s] GC(103) User=0.03s Sys=0.01s Real=0.01s
[2025-06-03T16:04:29.014+0530][242.317s] GC(104) Concurrent Mark Cycle
[2025-06-03T16:04:29.014+0530][242.317s] GC(104) Concurrent Clear Claimed Marks
[2025-06-03T16:04:29.014+0530][242.317s] GC(104) Concurrent Clear Claimed Marks 0.034ms
[2025-06-03T16:04:29.014+0530][242.317s] GC(104) Concurrent Scan Root Regions
[2025-06-03T16:04:29.015+0530][242.319s] GC(104) Concurrent Scan Root Regions 1.591ms
[2025-06-03T16:04:29.015+0530][242.319s] GC(104) Concurrent Mark
[2025-06-03T16:04:29.016+0530][242.319s] GC(104) Concurrent Mark From Roots
[2025-06-03T16:04:29.016+0530][242.319s] GC(104) Using 2 workers of 2 for marking
[2025-06-03T16:04:29.448+0530][242.752s] GC(104) Concurrent Mark From Roots 432.613ms
[2025-06-03T16:04:29.448+0530][242.752s] GC(104) Concurrent Preclean
[2025-06-03T16:04:29.448+0530][242.752s] GC(104) Preclean SoftReferences 0.029ms
[2025-06-03T16:04:29.448+0530][242.752s] GC(104) Preclean WeakReferences 0.059ms
[2025-06-03T16:04:29.448+0530][242.752s] GC(104) Preclean FinalReferences 0.004ms
[2025-06-03T16:04:29.448+0530][242.752s] GC(104) Preclean PhantomReferences 0.016ms
[2025-06-03T16:04:29.448+0530][242.752s] GC(104) Concurrent Preclean 0.178ms
[2025-06-03T16:04:29.448+0530][242.752s] GC(104) Pause Remark
[2025-06-03T16:04:29.449+0530][242.752s] GC(104) Skipped phase 1 of Reference Processing: no references
[2025-06-03T16:04:29.449+0530][242.752s] GC(104) Skipped phase 2 of Reference Processing: no references
[2025-06-03T16:04:29.449+0530][242.752s] GC(104) Skipped phase 3 of Reference Processing: no references
[2025-06-03T16:04:29.449+0530][242.752s] GC(104) Skipped phase 4 of Reference Processing: no references
[2025-06-03T16:04:29.450+0530][242.754s] GC(104) Pause Remark 435M->435M(512M) 1.861ms
[2025-06-03T16:04:29.450+0530][242.754s] GC(104) User=0.01s Sys=0.01s Real=0.01s
[2025-06-03T16:04:29.450+0530][242.754s] GC(104) Concurrent Mark 434.975ms
[2025-06-03T16:04:29.451+0530][242.754s] GC(104) Concurrent Rebuild Remembered Sets
[2025-06-03T16:04:29.680+0530][242.983s] GC(104) Concurrent Rebuild Remembered Sets 229.045ms
[2025-06-03T16:04:29.680+0530][242.983s] GC(104) Pause Cleanup
[2025-06-03T16:04:29.680+0530][242.984s] GC(104) Pause Cleanup 440M->440M(512M) 0.178ms
[2025-06-03T16:04:29.680+0530][242.984s] GC(104) User=0.00s Sys=0.00s Real=0.00s
[2025-06-03T16:04:29.680+0530][242.984s] GC(104) Concurrent Cleanup for Next Mark
[2025-06-03T16:04:29.681+0530][242.984s] GC(104) Concurrent Cleanup for Next Mark 0.483ms
[2025-06-03T16:04:29.681+0530][242.984s] GC(104) Concurrent Mark Cycle 666.809ms
[2025-06-03T16:04:30.646+0530][243.949s] GC(105) Pause Young (Prepare Mixed) (G1 Evacuation Pause)
[2025-06-03T16:04:30.646+0530][243.949s] GC(105) Using 8 workers of 8 for evacuation
[2025-06-03T16:04:30.656+0530][243.960s] GC(105) Skipped phase 1 of Reference Processing: no references
[2025-06-03T16:04:30.656+0530][243.960s] GC(105) Skipped phase 2 of Reference Processing: no references
[2025-06-03T16:04:30.656+0530][243.960s] GC(105) Skipped phase 3 of Reference Processing: no references
[2025-06-03T16:04:30.656+0530][243.960s] GC(105) Skipped phase 4 of Reference Processing: no references
[2025-06-03T16:04:30.657+0530][243.960s] GC(105)   Pre Evacuate Collection Set: 0.1ms
[2025-06-03T16:04:30.657+0530][243.960s] GC(105)   Merge Heap Roots: 0.1ms
[2025-06-03T16:04:30.657+0530][243.960s] GC(105)   Evacuate Collection Set: 10.3ms
[2025-06-03T16:04:30.657+0530][243.960s] GC(105)   Post Evacuate Collection Set: 0.4ms
[2025-06-03T16:04:30.657+0530][243.960s] GC(105)   Other: 0.2ms
[2025-06-03T16:04:30.657+0530][243.960s] GC(105) Eden regions: 28->0(22)
[2025-06-03T16:04:30.657+0530][243.960s] GC(105) Survivor regions: 3->3(4)
[2025-06-03T16:04:30.657+0530][243.960s] GC(105) Old regions: 424->425
[2025-06-03T16:04:30.657+0530][243.960s] GC(105) Archive regions: 2->2
[2025-06-03T16:04:30.657+0530][243.960s] GC(105) Humongous regions: 0->0
[2025-06-03T16:04:30.657+0530][243.960s] GC(105) Metaspace: 20274K(20992K)->20274K(20992K) NonClass: 17747K(18176K)->17747K(18176K) Class: 2527K(2816K)->2527K(2816K)
[2025-06-03T16:04:30.657+0530][243.960s] GC(105) Pause Young (Prepare Mixed) (G1 Evacuation Pause) 455M->428M(512M) 11.216ms
[2025-06-03T16:04:30.657+0530][243.960s] GC(105) User=0.03s Sys=0.01s Real=0.01s
[2025-06-03T16:04:32.050+0530][245.353s] GC(106) Pause Young (Mixed) (G1 Evacuation Pause)
[2025-06-03T16:04:32.050+0530][245.353s] GC(106) Using 8 workers of 8 for evacuation
[2025-06-03T16:04:32.061+0530][245.365s] GC(106) Skipped phase 1 of Reference Processing: no references
[2025-06-03T16:04:32.061+0530][245.365s] GC(106) Skipped phase 2 of Reference Processing: no references
[2025-06-03T16:04:32.061+0530][245.365s] GC(106) Skipped phase 3 of Reference Processing: no references
[2025-06-03T16:04:32.061+0530][245.365s] GC(106) Skipped phase 4 of Reference Processing: no references
[2025-06-03T16:04:32.062+0530][245.365s] GC(106)   Pre Evacuate Collection Set: 0.1ms
[2025-06-03T16:04:32.062+0530][245.365s] GC(106)   Merge Heap Roots: 0.1ms
[2025-06-03T16:04:32.062+0530][245.365s] GC(106)   Evacuate Collection Set: 11.3ms
[2025-06-03T16:04:32.062+0530][245.365s] GC(106)   Post Evacuate Collection Set: 0.4ms
[2025-06-03T16:04:32.062+0530][245.366s] GC(106)   Other: 0.2ms
[2025-06-03T16:04:32.062+0530][245.366s] GC(106) Eden regions: 22->0(26)
[2025-06-03T16:04:32.062+0530][245.366s] GC(106) Survivor regions: 3->3(4)
[2025-06-03T16:04:32.062+0530][245.366s] GC(106) Old regions: 425->426
[2025-06-03T16:04:32.062+0530][245.366s] GC(106) Archive regions: 2->2
[2025-06-03T16:04:32.062+0530][245.366s] GC(106) Humongous regions: 0->0
[2025-06-03T16:04:32.062+0530][245.366s] GC(106) Metaspace: 20274K(20992K)->20274K(20992K) NonClass: 17747K(18176K)->17747K(18176K) Class: 2527K(2816K)->2527K(2816K)
[2025-06-03T16:04:32.062+0530][245.366s] GC(106) Pause Young (Mixed) (G1 Evacuation Pause) 450M->428M(512M) 12.190ms
[2025-06-03T16:04:32.062+0530][245.366s] GC(106) User=0.05s Sys=0.01s Real=0.01s
[2025-06-03T16:04:33.655+0530][246.959s] GC(107) Pause Young (Concurrent Start) (G1 Evacuation Pause)
[2025-06-03T16:04:33.655+0530][246.959s] GC(107) Using 8 workers of 8 for evacuation
[2025-06-03T16:04:33.664+0530][246.968s] GC(107) Skipped phase 1 of Reference Processing: no references
[2025-06-03T16:04:33.664+0530][246.968s] GC(107) Skipped phase 2 of Reference Processing: no references
[2025-06-03T16:04:33.664+0530][246.968s] GC(107) Skipped phase 3 of Reference Processing: no references
[2025-06-03T16:04:33.664+0530][246.968s] GC(107) Skipped phase 4 of Reference Processing: no references
[2025-06-03T16:04:33.664+0530][246.968s] GC(107)   Pre Evacuate Collection Set: 0.1ms
[2025-06-03T16:04:33.664+0530][246.968s] GC(107)   Merge Heap Roots: 0.0ms
[2025-06-03T16:04:33.664+0530][246.968s] GC(107)   Evacuate Collection Set: 8.4ms
[2025-06-03T16:04:33.664+0530][246.968s] GC(107)   Post Evacuate Collection Set: 0.4ms
[2025-06-03T16:04:33.664+0530][246.968s] GC(107)   Other: 0.2ms
[2025-06-03T16:04:33.664+0530][246.968s] GC(107) Eden regions: 26->0(24)
[2025-06-03T16:04:33.664+0530][246.968s] GC(107) Survivor regions: 3->4(4)
[2025-06-03T16:04:33.664+0530][246.968s] GC(107) Old regions: 426->426
[2025-06-03T16:04:33.664+0530][246.968s] GC(107) Archive regions: 2->2
[2025-06-03T16:04:33.664+0530][246.968s] GC(107) Humongous regions: 0->0
[2025-06-03T16:04:33.664+0530][246.968s] GC(107) Metaspace: 20274K(20992K)->20274K(20992K) NonClass: 17747K(18176K)->17747K(18176K) Class: 2527K(2816K)->2527K(2816K)
[2025-06-03T16:04:33.665+0530][246.968s] GC(107) Pause Young (Concurrent Start) (G1 Evacuation Pause) 454M->429M(512M) 9.319ms
[2025-06-03T16:04:33.665+0530][246.968s] GC(107) User=0.03s Sys=0.01s Real=0.01s
[2025-06-03T16:04:33.665+0530][246.968s] GC(108) Concurrent Mark Cycle
[2025-06-03T16:04:33.665+0530][246.968s] GC(108) Concurrent Clear Claimed Marks
[2025-06-03T16:04:33.665+0530][246.968s] GC(108) Concurrent Clear Claimed Marks 0.031ms
[2025-06-03T16:04:33.665+0530][246.968s] GC(108) Concurrent Scan Root Regions
[2025-06-03T16:04:33.666+0530][246.970s] GC(108) Concurrent Scan Root Regions 1.632ms
[2025-06-03T16:04:33.666+0530][246.970s] GC(108) Concurrent Mark
[2025-06-03T16:04:33.666+0530][246.970s] GC(108) Concurrent Mark From Roots
[2025-06-03T16:04:33.666+0530][246.970s] GC(108) Using 2 workers of 2 for marking
[2025-06-03T16:04:34.103+0530][247.406s] GC(108) Concurrent Mark From Roots 436.208ms
[2025-06-03T16:04:34.103+0530][247.406s] GC(108) Concurrent Preclean
[2025-06-03T16:04:34.103+0530][247.406s] GC(108) Preclean SoftReferences 0.029ms
[2025-06-03T16:04:34.103+0530][247.406s] GC(108) Preclean WeakReferences 0.053ms
[2025-06-03T16:04:34.103+0530][247.406s] GC(108) Preclean FinalReferences 0.004ms
[2025-06-03T16:04:34.103+0530][247.406s] GC(108) Preclean PhantomReferences 0.016ms
[2025-06-03T16:04:34.103+0530][247.406s] GC(108) Concurrent Preclean 0.168ms
[2025-06-03T16:04:34.103+0530][247.407s] GC(108) Pause Remark
[2025-06-03T16:04:34.103+0530][247.407s] GC(108) Skipped phase 1 of Reference Processing: no references
[2025-06-03T16:04:34.103+0530][247.407s] GC(108) Skipped phase 2 of Reference Processing: no references
[2025-06-03T16:04:34.103+0530][247.407s] GC(108) Skipped phase 3 of Reference Processing: no references
[2025-06-03T16:04:34.103+0530][247.407s] GC(108) Skipped phase 4 of Reference Processing: no references
[2025-06-03T16:04:34.105+0530][247.409s] GC(108) Pause Remark 437M->437M(512M) 2.005ms
[2025-06-03T16:04:34.105+0530][247.409s] GC(108) User=0.01s Sys=0.00s Real=0.00s
[2025-06-03T16:04:34.105+0530][247.409s] GC(108) Concurrent Mark 438.764ms
[2025-06-03T16:04:34.105+0530][247.409s] GC(108) Concurrent Rebuild Remembered Sets
[2025-06-03T16:04:34.333+0530][247.637s] GC(108) Concurrent Rebuild Remembered Sets 228.097ms
[2025-06-03T16:04:34.333+0530][247.637s] GC(108) Pause Cleanup
[2025-06-03T16:04:34.334+0530][247.637s] GC(108) Pause Cleanup 441M->441M(512M) 0.224ms
[2025-06-03T16:04:34.334+0530][247.637s] GC(108) User=0.00s Sys=0.00s Real=0.00s
[2025-06-03T16:04:34.334+0530][247.637s] GC(108) Concurrent Cleanup for Next Mark
[2025-06-03T16:04:34.334+0530][247.638s] GC(108) Concurrent Cleanup for Next Mark 0.707ms
[2025-06-03T16:04:34.335+0530][247.638s] GC(108) Concurrent Mark Cycle 670.001ms
[2025-06-03T16:04:35.058+0530][248.362s] GC(109) Pause Young (Prepare Mixed) (G1 Evacuation Pause)
[2025-06-03T16:04:35.058+0530][248.362s] GC(109) Using 8 workers of 8 for evacuation
[2025-06-03T16:04:35.071+0530][248.374s] GC(109) Skipped phase 1 of Reference Processing: no references
[2025-06-03T16:04:35.071+0530][248.375s] GC(109) Skipped phase 2 of Reference Processing: no references
[2025-06-03T16:04:35.071+0530][248.375s] GC(109) Skipped phase 3 of Reference Processing: no references
[2025-06-03T16:04:35.071+0530][248.375s] GC(109) Skipped phase 4 of Reference Processing: no references
[2025-06-03T16:04:35.071+0530][248.375s] GC(109)   Pre Evacuate Collection Set: 0.1ms
[2025-06-03T16:04:35.071+0530][248.375s] GC(109)   Merge Heap Roots: 0.1ms
[2025-06-03T16:04:35.071+0530][248.375s] GC(109)   Evacuate Collection Set: 12.6ms
[2025-06-03T16:04:35.071+0530][248.375s] GC(109)   Post Evacuate Collection Set: 0.4ms
[2025-06-03T16:04:35.071+0530][248.375s] GC(109)   Other: 0.2ms
[2025-06-03T16:04:35.071+0530][248.375s] GC(109) Eden regions: 24->0(21)
[2025-06-03T16:04:35.071+0530][248.375s] GC(109) Survivor regions: 4->4(4)
[2025-06-03T16:04:35.071+0530][248.375s] GC(109) Old regions: 426->427
[2025-06-03T16:04:35.071+0530][248.375s] GC(109) Archive regions: 2->2
[2025-06-03T16:04:35.071+0530][248.375s] GC(109) Humongous regions: 0->0
[2025-06-03T16:04:35.071+0530][248.375s] GC(109) Metaspace: 20274K(20992K)->20274K(20992K) NonClass: 17747K(18176K)->17747K(18176K) Class: 2527K(2816K)->2527K(2816K)
[2025-06-03T16:04:35.071+0530][248.375s] GC(109) Pause Young (Prepare Mixed) (G1 Evacuation Pause) 453M->430M(512M) 13.529ms
[2025-06-03T16:04:35.071+0530][248.375s] GC(109) User=0.03s Sys=0.01s Real=0.02s
[2025-06-03T16:04:36.407+0530][249.711s] GC(110) Pause Young (Mixed) (G1 Evacuation Pause)
[2025-06-03T16:04:36.407+0530][249.711s] GC(110) Using 8 workers of 8 for evacuation
[2025-06-03T16:04:36.420+0530][249.724s] GC(110) Skipped phase 1 of Reference Processing: no references
[2025-06-03T16:04:36.420+0530][249.724s] GC(110) Skipped phase 2 of Reference Processing: no references
[2025-06-03T16:04:36.420+0530][249.724s] GC(110) Skipped phase 3 of Reference Processing: no references
[2025-06-03T16:04:36.420+0530][249.724s] GC(110) Skipped phase 4 of Reference Processing: no references
[2025-06-03T16:04:36.420+0530][249.724s] GC(110)   Pre Evacuate Collection Set: 0.1ms
[2025-06-03T16:04:36.420+0530][249.724s] GC(110)   Merge Heap Roots: 0.0ms
[2025-06-03T16:04:36.420+0530][249.724s] GC(110)   Evacuate Collection Set: 12.4ms
[2025-06-03T16:04:36.420+0530][249.724s] GC(110)   Post Evacuate Collection Set: 0.5ms
[2025-06-03T16:04:36.420+0530][249.724s] GC(110)   Other: 0.2ms
[2025-06-03T16:04:36.421+0530][249.724s] GC(110) Eden regions: 21->0(23)
[2025-06-03T16:04:36.421+0530][249.724s] GC(110) Survivor regions: 4->3(4)
[2025-06-03T16:04:36.421+0530][249.724s] GC(110) Old regions: 427->429
[2025-06-03T16:04:36.421+0530][249.724s] GC(110) Archive regions: 2->2
[2025-06-03T16:04:36.421+0530][249.724s] GC(110) Humongous regions: 0->0
[2025-06-03T16:04:36.421+0530][249.724s] GC(110) Metaspace: 20274K(20992K)->20274K(20992K) NonClass: 17747K(18176K)->17747K(18176K) Class: 2527K(2816K)->2527K(2816K)
[2025-06-03T16:04:36.421+0530][249.724s] GC(110) Pause Young (Mixed) (G1 Evacuation Pause) 451M->431M(512M) 13.377ms
[2025-06-03T16:04:36.421+0530][249.724s] GC(110) User=0.04s Sys=0.01s Real=0.02s
[2025-06-03T16:04:38.195+0530][251.499s] GC(111) Pause Young (Concurrent Start) (G1 Evacuation Pause)
[2025-06-03T16:04:38.195+0530][251.499s] GC(111) Using 8 workers of 8 for evacuation
[2025-06-03T16:04:38.206+0530][251.509s] GC(111) Skipped phase 1 of Reference Processing: no references
[2025-06-03T16:04:38.206+0530][251.509s] GC(111) Skipped phase 2 of Reference Processing: no references
[2025-06-03T16:04:38.206+0530][251.509s] GC(111) Skipped phase 3 of Reference Processing: no references
[2025-06-03T16:04:38.206+0530][251.510s] GC(111) Skipped phase 4 of Reference Processing: no references
[2025-06-03T16:04:38.206+0530][251.510s] GC(111)   Pre Evacuate Collection Set: 0.1ms
[2025-06-03T16:04:38.206+0530][251.510s] GC(111)   Merge Heap Roots: 0.1ms
[2025-06-03T16:04:38.206+0530][251.510s] GC(111)   Evacuate Collection Set: 10.1ms
[2025-06-03T16:04:38.206+0530][251.510s] GC(111)   Post Evacuate Collection Set: 0.5ms
[2025-06-03T16:04:38.206+0530][251.510s] GC(111)   Other: 0.3ms
[2025-06-03T16:04:38.206+0530][251.510s] GC(111) Eden regions: 23->0(23)
[2025-06-03T16:04:38.206+0530][251.510s] GC(111) Survivor regions: 3->3(4)
[2025-06-03T16:04:38.206+0530][251.510s] GC(111) Old regions: 429->429
[2025-06-03T16:04:38.206+0530][251.510s] GC(111) Archive regions: 2->2
[2025-06-03T16:04:38.206+0530][251.510s] GC(111) Humongous regions: 0->0
[2025-06-03T16:04:38.206+0530][251.510s] GC(111) Metaspace: 20274K(20992K)->20274K(20992K) NonClass: 17747K(18176K)->17747K(18176K) Class: 2527K(2816K)->2527K(2816K)
[2025-06-03T16:04:38.206+0530][251.510s] GC(111) Pause Young (Concurrent Start) (G1 Evacuation Pause) 454M->432M(512M) 11.103ms
[2025-06-03T16:04:38.206+0530][251.510s] GC(111) User=0.03s Sys=0.01s Real=0.01s
[2025-06-03T16:04:38.206+0530][251.510s] GC(112) Concurrent Mark Cycle
[2025-06-03T16:04:38.206+0530][251.510s] GC(112) Concurrent Clear Claimed Marks
[2025-06-03T16:04:38.206+0530][251.510s] GC(112) Concurrent Clear Claimed Marks 0.032ms
[2025-06-03T16:04:38.206+0530][251.510s] GC(112) Concurrent Scan Root Regions
[2025-06-03T16:04:38.208+0530][251.512s] GC(112) Concurrent Scan Root Regions 1.788ms
[2025-06-03T16:04:38.208+0530][251.512s] GC(112) Concurrent Mark
[2025-06-03T16:04:38.208+0530][251.512s] GC(112) Concurrent Mark From Roots
[2025-06-03T16:04:38.208+0530][251.512s] GC(112) Using 2 workers of 2 for marking
[2025-06-03T16:04:38.652+0530][251.956s] GC(112) Concurrent Mark From Roots 443.793ms
[2025-06-03T16:04:38.652+0530][251.956s] GC(112) Concurrent Preclean
[2025-06-03T16:04:38.652+0530][251.956s] GC(112) Preclean SoftReferences 0.027ms
[2025-06-03T16:04:38.652+0530][251.956s] GC(112) Preclean WeakReferences 0.058ms
[2025-06-03T16:04:38.652+0530][251.956s] GC(112) Preclean FinalReferences 0.004ms
[2025-06-03T16:04:38.652+0530][251.956s] GC(112) Preclean PhantomReferences 0.016ms
[2025-06-03T16:04:38.652+0530][251.956s] GC(112) Concurrent Preclean 0.174ms
[2025-06-03T16:04:38.652+0530][251.956s] GC(112) Pause Remark
[2025-06-03T16:04:38.653+0530][251.956s] GC(112) Skipped phase 1 of Reference Processing: no references
[2025-06-03T16:04:38.653+0530][251.956s] GC(112) Skipped phase 2 of Reference Processing: no references
[2025-06-03T16:04:38.653+0530][251.956s] GC(112) Skipped phase 3 of Reference Processing: no references
[2025-06-03T16:04:38.653+0530][251.956s] GC(112) Skipped phase 4 of Reference Processing: no references
[2025-06-03T16:04:38.654+0530][251.958s] GC(112) Pause Remark 440M->440M(512M) 1.813ms
[2025-06-03T16:04:38.654+0530][251.958s] GC(112) User=0.01s Sys=0.00s Real=0.00s
[2025-06-03T16:04:38.654+0530][251.958s] GC(112) Concurrent Mark 446.087ms
[2025-06-03T16:04:38.654+0530][251.958s] GC(112) Concurrent Rebuild Remembered Sets
[2025-06-03T16:04:38.883+0530][252.187s] GC(112) Concurrent Rebuild Remembered Sets 228.781ms
[2025-06-03T16:04:38.883+0530][252.187s] GC(112) Pause Cleanup
[2025-06-03T16:04:38.884+0530][252.187s] GC(112) Pause Cleanup 444M->444M(512M) 0.177ms
[2025-06-03T16:04:38.884+0530][252.187s] GC(112) User=0.00s Sys=0.00s Real=0.00s
[2025-06-03T16:04:38.884+0530][252.187s] GC(112) Concurrent Cleanup for Next Mark
[2025-06-03T16:04:38.884+0530][252.188s] GC(112) Concurrent Cleanup for Next Mark 0.527ms
[2025-06-03T16:04:38.884+0530][252.188s] GC(112) Concurrent Mark Cycle 677.817ms
[2025-06-03T16:04:39.598+0530][252.901s] GC(113) Pause Young (Prepare Mixed) (G1 Evacuation Pause)
[2025-06-03T16:04:39.598+0530][252.901s] GC(113) Using 8 workers of 8 for evacuation
[2025-06-03T16:04:39.610+0530][252.914s] GC(113) Skipped phase 1 of Reference Processing: no references
[2025-06-03T16:04:39.610+0530][252.914s] GC(113) Skipped phase 2 of Reference Processing: no references
[2025-06-03T16:04:39.610+0530][252.914s] GC(113) Skipped phase 3 of Reference Processing: no references
[2025-06-03T16:04:39.610+0530][252.914s] GC(113) Skipped phase 4 of Reference Processing: no references
[2025-06-03T16:04:39.610+0530][252.914s] GC(113)   Pre Evacuate Collection Set: 0.1ms
[2025-06-03T16:04:39.610+0530][252.914s] GC(113)   Merge Heap Roots: 0.0ms
[2025-06-03T16:04:39.610+0530][252.914s] GC(113)   Evacuate Collection Set: 11.9ms
[2025-06-03T16:04:39.610+0530][252.914s] GC(113)   Post Evacuate Collection Set: 0.5ms
[2025-06-03T16:04:39.610+0530][252.914s] GC(113)   Other: 0.2ms
[2025-06-03T16:04:39.610+0530][252.914s] GC(113) Eden regions: 23->0(22)
[2025-06-03T16:04:39.610+0530][252.914s] GC(113) Survivor regions: 3->3(4)
[2025-06-03T16:04:39.610+0530][252.914s] GC(113) Old regions: 429->430
[2025-06-03T16:04:39.610+0530][252.914s] GC(113) Archive regions: 2->2
[2025-06-03T16:04:39.610+0530][252.914s] GC(113) Humongous regions: 0->0
[2025-06-03T16:04:39.610+0530][252.914s] GC(113) Metaspace: 20274K(20992K)->20274K(20992K) NonClass: 17747K(18176K)->17747K(18176K) Class: 2527K(2816K)->2527K(2816K)
[2025-06-03T16:04:39.610+0530][252.914s] GC(113) Pause Young (Prepare Mixed) (G1 Evacuation Pause) 455M->433M(512M) 12.857ms
[2025-06-03T16:04:39.611+0530][252.914s] GC(113) User=0.04s Sys=0.01s Real=0.02s
[2025-06-03T16:04:41.002+0530][254.306s] GC(114) Pause Young (Mixed) (G1 Evacuation Pause)
[2025-06-03T16:04:41.002+0530][254.306s] GC(114) Using 8 workers of 8 for evacuation
[2025-06-03T16:04:41.015+0530][254.318s] GC(114) Skipped phase 1 of Reference Processing: no references
[2025-06-03T16:04:41.015+0530][254.319s] GC(114) Skipped phase 2 of Reference Processing: no references
[2025-06-03T16:04:41.015+0530][254.319s] GC(114) Skipped phase 3 of Reference Processing: no references
[2025-06-03T16:04:41.015+0530][254.319s] GC(114) Skipped phase 4 of Reference Processing: no references
[2025-06-03T16:04:41.015+0530][254.319s] GC(114)   Pre Evacuate Collection Set: 0.1ms
[2025-06-03T16:04:41.015+0530][254.319s] GC(114)   Merge Heap Roots: 0.1ms
[2025-06-03T16:04:41.015+0530][254.319s] GC(114)   Evacuate Collection Set: 12.6ms
[2025-06-03T16:04:41.015+0530][254.319s] GC(114)   Post Evacuate Collection Set: 0.4ms
[2025-06-03T16:04:41.015+0530][254.319s] GC(114)   Other: 0.2ms
[2025-06-03T16:04:41.015+0530][254.319s] GC(114) Eden regions: 22->0(21)
[2025-06-03T16:04:41.015+0530][254.319s] GC(114) Survivor regions: 3->4(4)
[2025-06-03T16:04:41.015+0530][254.319s] GC(114) Old regions: 430->430
[2025-06-03T16:04:41.015+0530][254.319s] GC(114) Archive regions: 2->2
[2025-06-03T16:04:41.015+0530][254.319s] GC(114) Humongous regions: 0->0
[2025-06-03T16:04:41.015+0530][254.319s] GC(114) Metaspace: 20274K(20992K)->20274K(20992K) NonClass: 17747K(18176K)->17747K(18176K) Class: 2527K(2816K)->2527K(2816K)
[2025-06-03T16:04:41.015+0530][254.319s] GC(114) Pause Young (Mixed) (G1 Evacuation Pause) 455M->433M(512M) 13.555ms
[2025-06-03T16:04:41.015+0530][254.319s] GC(114) User=0.05s Sys=0.01s Real=0.01s
[2025-06-03T16:04:42.347+0530][255.651s] GC(115) Pause Young (Concurrent Start) (G1 Evacuation Pause)
[2025-06-03T16:04:42.347+0530][255.651s] GC(115) Using 8 workers of 8 for evacuation
[2025-06-03T16:04:42.359+0530][255.663s] GC(115) Skipped phase 1 of Reference Processing: no references
[2025-06-03T16:04:42.359+0530][255.663s] GC(115) Skipped phase 2 of Reference Processing: no references
[2025-06-03T16:04:42.359+0530][255.663s] GC(115) Skipped phase 3 of Reference Processing: no references
[2025-06-03T16:04:42.359+0530][255.663s] GC(115) Skipped phase 4 of Reference Processing: no references
[2025-06-03T16:04:42.359+0530][255.663s] GC(115)   Pre Evacuate Collection Set: 0.1ms
[2025-06-03T16:04:42.359+0530][255.663s] GC(115)   Merge Heap Roots: 0.1ms
[2025-06-03T16:04:42.359+0530][255.663s] GC(115)   Evacuate Collection Set: 11.5ms
[2025-06-03T16:04:42.359+0530][255.663s] GC(115)   Post Evacuate Collection Set: 0.4ms
[2025-06-03T16:04:42.360+0530][255.663s] GC(115)   Other: 0.3ms
[2025-06-03T16:04:42.360+0530][255.663s] GC(115) Eden regions: 21->0(22)
[2025-06-03T16:04:42.360+0530][255.663s] GC(115) Survivor regions: 4->3(4)
[2025-06-03T16:04:42.360+0530][255.663s] GC(115) Old regions: 430->431
[2025-06-03T16:04:42.360+0530][255.663s] GC(115) Archive regions: 2->2
[2025-06-03T16:04:42.360+0530][255.663s] GC(115) Humongous regions: 0->0
[2025-06-03T16:04:42.360+0530][255.663s] GC(115) Metaspace: 20275K(20992K)->20275K(20992K) NonClass: 17747K(18176K)->17747K(18176K) Class: 2527K(2816K)->2527K(2816K)
[2025-06-03T16:04:42.360+0530][255.663s] GC(115) Pause Young (Concurrent Start) (G1 Evacuation Pause) 454M->434M(512M) 12.490ms
[2025-06-03T16:04:42.360+0530][255.663s] GC(115) User=0.03s Sys=0.01s Real=0.02s
[2025-06-03T16:04:42.360+0530][255.663s] GC(116) Concurrent Mark Cycle
[2025-06-03T16:04:42.360+0530][255.664s] GC(116) Concurrent Clear Claimed Marks
[2025-06-03T16:04:42.360+0530][255.664s] GC(116) Concurrent Clear Claimed Marks 0.051ms
[2025-06-03T16:04:42.360+0530][255.664s] GC(116) Concurrent Scan Root Regions
[2025-06-03T16:04:42.361+0530][255.665s] GC(116) Concurrent Scan Root Regions 1.547ms
[2025-06-03T16:04:42.361+0530][255.665s] GC(116) Concurrent Mark
[2025-06-03T16:04:42.361+0530][255.665s] GC(116) Concurrent Mark From Roots
[2025-06-03T16:04:42.361+0530][255.665s] GC(116) Using 2 workers of 2 for marking
[2025-06-03T16:04:42.818+0530][256.122s] GC(116) Concurrent Mark From Roots 456.468ms
[2025-06-03T16:04:42.818+0530][256.122s] GC(116) Concurrent Preclean
[2025-06-03T16:04:42.818+0530][256.122s] GC(116) Preclean SoftReferences 0.031ms
[2025-06-03T16:04:42.818+0530][256.122s] GC(116) Preclean WeakReferences 0.060ms
[2025-06-03T16:04:42.818+0530][256.122s] GC(116) Preclean FinalReferences 0.004ms
[2025-06-03T16:04:42.818+0530][256.122s] GC(116) Preclean PhantomReferences 0.016ms
[2025-06-03T16:04:42.818+0530][256.122s] GC(116) Concurrent Preclean 0.176ms
[2025-06-03T16:04:42.818+0530][256.122s] GC(116) Pause Remark
[2025-06-03T16:04:42.818+0530][256.122s] GC(116) ReferenceProcessor::execute queues: 8, RefProcThreadModel::Multi, marks_oops_alive: true
[2025-06-03T16:04:42.819+0530][256.122s] GC(116) ReferenceProcessor::execute queues: 1, RefProcThreadModel::Single, marks_oops_alive: false
[2025-06-03T16:04:42.819+0530][256.122s] GC(116) Skipped phase 3 of Reference Processing: no references
[2025-06-03T16:04:42.819+0530][256.122s] GC(116) Skipped phase 4 of Reference Processing: no references
[2025-06-03T16:04:42.820+0530][256.124s] GC(116) Pause Remark 443M->443M(512M) 2.171ms
[2025-06-03T16:04:42.820+0530][256.124s] GC(116) User=0.01s Sys=0.00s Real=0.01s
[2025-06-03T16:04:42.821+0530][256.124s] GC(116) Concurrent Mark 459.187ms
[2025-06-03T16:04:42.821+0530][256.124s] GC(116) Concurrent Rebuild Remembered Sets
[2025-06-03T16:04:43.049+0530][256.353s] GC(116) Concurrent Rebuild Remembered Sets 228.514ms
[2025-06-03T16:04:43.049+0530][256.353s] GC(116) Pause Cleanup
[2025-06-03T16:04:43.049+0530][256.353s] GC(116) Pause Cleanup 447M->447M(512M) 0.153ms
[2025-06-03T16:04:43.049+0530][256.353s] GC(116) User=0.00s Sys=0.00s Real=0.00s
[2025-06-03T16:04:43.050+0530][256.353s] GC(116) Concurrent Cleanup for Next Mark
[2025-06-03T16:04:43.050+0530][256.354s] GC(116) Concurrent Cleanup for Next Mark 0.811ms
[2025-06-03T16:04:43.050+0530][256.354s] GC(116) Concurrent Mark Cycle 690.688ms
[2025-06-03T16:04:43.646+0530][256.950s] GC(117) Pause Young (Prepare Mixed) (G1 Evacuation Pause)
[2025-06-03T16:04:43.646+0530][256.950s] GC(117) Using 8 workers of 8 for evacuation
[2025-06-03T16:04:43.658+0530][256.962s] GC(117) Skipped phase 1 of Reference Processing: no references
[2025-06-03T16:04:43.658+0530][256.962s] GC(117) Skipped phase 2 of Reference Processing: no references
[2025-06-03T16:04:43.658+0530][256.962s] GC(117) Skipped phase 3 of Reference Processing: no references
[2025-06-03T16:04:43.658+0530][256.962s] GC(117) Skipped phase 4 of Reference Processing: no references
[2025-06-03T16:04:43.658+0530][256.962s] GC(117)   Pre Evacuate Collection Set: 0.1ms
[2025-06-03T16:04:43.658+0530][256.962s] GC(117)   Merge Heap Roots: 0.1ms
[2025-06-03T16:04:43.658+0530][256.962s] GC(117)   Evacuate Collection Set: 11.7ms
[2025-06-03T16:04:43.658+0530][256.962s] GC(117)   Post Evacuate Collection Set: 0.5ms
[2025-06-03T16:04:43.658+0530][256.962s] GC(117)   Other: 0.2ms
[2025-06-03T16:04:43.659+0530][256.962s] GC(117) Eden regions: 22->0(22)
[2025-06-03T16:04:43.659+0530][256.962s] GC(117) Survivor regions: 3->3(4)
[2025-06-03T16:04:43.659+0530][256.962s] GC(117) Old regions: 431->432
[2025-06-03T16:04:43.659+0530][256.962s] GC(117) Archive regions: 2->2
[2025-06-03T16:04:43.659+0530][256.962s] GC(117) Humongous regions: 0->0
[2025-06-03T16:04:43.659+0530][256.962s] GC(117) Metaspace: 20275K(20992K)->20275K(20992K) NonClass: 17747K(18176K)->17747K(18176K) Class: 2527K(2816K)->2527K(2816K)
[2025-06-03T16:04:43.659+0530][256.962s] GC(117) Pause Young (Prepare Mixed) (G1 Evacuation Pause) 456M->435M(512M) 12.702ms
[2025-06-03T16:04:43.659+0530][256.962s] GC(117) User=0.03s Sys=0.00s Real=0.01s
[2025-06-03T16:04:45.052+0530][258.355s] GC(118) Pause Young (Mixed) (G1 Evacuation Pause)
[2025-06-03T16:04:45.052+0530][258.355s] GC(118) Using 8 workers of 8 for evacuation
[2025-06-03T16:04:45.063+0530][258.367s] GC(118) Skipped phase 1 of Reference Processing: no references
[2025-06-03T16:04:45.063+0530][258.367s] GC(118) Skipped phase 2 of Reference Processing: no references
[2025-06-03T16:04:45.063+0530][258.367s] GC(118) Skipped phase 3 of Reference Processing: no references
[2025-06-03T16:04:45.063+0530][258.367s] GC(118) Skipped phase 4 of Reference Processing: no references
[2025-06-03T16:04:45.064+0530][258.368s] GC(118)   Pre Evacuate Collection Set: 0.1ms
[2025-06-03T16:04:45.064+0530][258.368s] GC(118)   Merge Heap Roots: 0.1ms
[2025-06-03T16:04:45.064+0530][258.368s] GC(118)   Evacuate Collection Set: 11.4ms
[2025-06-03T16:04:45.064+0530][258.368s] GC(118)   Post Evacuate Collection Set: 0.5ms
[2025-06-03T16:04:45.064+0530][258.368s] GC(118)   Other: 0.2ms
[2025-06-03T16:04:45.064+0530][258.368s] GC(118) Eden regions: 22->0(22)
[2025-06-03T16:04:45.064+0530][258.368s] GC(118) Survivor regions: 3->3(4)
[2025-06-03T16:04:45.064+0530][258.368s] GC(118) Old regions: 432->433
[2025-06-03T16:04:45.064+0530][258.368s] GC(118) Archive regions: 2->2
[2025-06-03T16:04:45.064+0530][258.368s] GC(118) Humongous regions: 0->0
[2025-06-03T16:04:45.064+0530][258.368s] GC(118) Metaspace: 20275K(20992K)->20275K(20992K) NonClass: 17747K(18176K)->17747K(18176K) Class: 2527K(2816K)->2527K(2816K)
[2025-06-03T16:04:45.064+0530][258.368s] GC(118) Pause Young (Mixed) (G1 Evacuation Pause) 457M->436M(512M) 12.390ms
[2025-06-03T16:04:45.064+0530][258.368s] GC(118) User=0.05s Sys=0.00s Real=0.01s
[2025-06-03T16:04:46.493+0530][259.796s] GC(119) Pause Young (Concurrent Start) (G1 Evacuation Pause)
[2025-06-03T16:04:46.493+0530][259.796s] GC(119) Using 8 workers of 8 for evacuation
[2025-06-03T16:04:46.506+0530][259.809s] GC(119) Skipped phase 1 of Reference Processing: no references
[2025-06-03T16:04:46.506+0530][259.809s] GC(119) Skipped phase 2 of Reference Processing: no references
[2025-06-03T16:04:46.506+0530][259.809s] GC(119) Skipped phase 3 of Reference Processing: no references
[2025-06-03T16:04:46.506+0530][259.809s] GC(119) Skipped phase 4 of Reference Processing: no references
[2025-06-03T16:04:46.506+0530][259.810s] GC(119)   Pre Evacuate Collection Set: 0.1ms
[2025-06-03T16:04:46.506+0530][259.810s] GC(119)   Merge Heap Roots: 0.1ms
[2025-06-03T16:04:46.506+0530][259.810s] GC(119)   Evacuate Collection Set: 12.6ms
[2025-06-03T16:04:46.506+0530][259.810s] GC(119)   Post Evacuate Collection Set: 0.4ms
[2025-06-03T16:04:46.506+0530][259.810s] GC(119)   Other: 0.3ms
[2025-06-03T16:04:46.506+0530][259.810s] GC(119) Eden regions: 22->0(22)
[2025-06-03T16:04:46.506+0530][259.810s] GC(119) Survivor regions: 3->3(4)
[2025-06-03T16:04:46.506+0530][259.810s] GC(119) Old regions: 433->434
[2025-06-03T16:04:46.506+0530][259.810s] GC(119) Archive regions: 2->2
[2025-06-03T16:04:46.506+0530][259.810s] GC(119) Humongous regions: 0->0
[2025-06-03T16:04:46.506+0530][259.810s] GC(119) Metaspace: 20275K(20992K)->20275K(20992K) NonClass: 17747K(18176K)->17747K(18176K) Class: 2527K(2816K)->2527K(2816K)
[2025-06-03T16:04:46.506+0530][259.810s] GC(119) Pause Young (Concurrent Start) (G1 Evacuation Pause) 458M->437M(512M) 13.589ms
[2025-06-03T16:04:46.506+0530][259.810s] GC(119) User=0.03s Sys=0.01s Real=0.01s
[2025-06-03T16:04:46.506+0530][259.810s] GC(120) Concurrent Mark Cycle
[2025-06-03T16:04:46.506+0530][259.810s] GC(120) Concurrent Clear Claimed Marks
[2025-06-03T16:04:46.506+0530][259.810s] GC(120) Concurrent Clear Claimed Marks 0.034ms
[2025-06-03T16:04:46.506+0530][259.810s] GC(120) Concurrent Scan Root Regions
[2025-06-03T16:04:46.508+0530][259.812s] GC(120) Concurrent Scan Root Regions 1.604ms
[2025-06-03T16:04:46.508+0530][259.812s] GC(120) Concurrent Mark
[2025-06-03T16:04:46.508+0530][259.812s] GC(120) Concurrent Mark From Roots
[2025-06-03T16:04:46.508+0530][259.812s] GC(120) Using 2 workers of 2 for marking
[2025-06-03T16:04:46.947+0530][260.251s] GC(120) Concurrent Mark From Roots 438.770ms
[2025-06-03T16:04:46.947+0530][260.251s] GC(120) Concurrent Preclean
[2025-06-03T16:04:46.947+0530][260.251s] GC(120) Preclean SoftReferences 0.029ms
[2025-06-03T16:04:46.947+0530][260.251s] GC(120) Preclean WeakReferences 0.062ms
[2025-06-03T16:04:46.947+0530][260.251s] GC(120) Preclean FinalReferences 0.004ms
[2025-06-03T16:04:46.947+0530][260.251s] GC(120) Preclean PhantomReferences 0.016ms
[2025-06-03T16:04:46.947+0530][260.251s] GC(120) Concurrent Preclean 0.177ms
[2025-06-03T16:04:46.947+0530][260.251s] GC(120) Pause Remark
[2025-06-03T16:04:46.947+0530][260.251s] GC(120) Skipped phase 1 of Reference Processing: no references
[2025-06-03T16:04:46.947+0530][260.251s] GC(120) Skipped phase 2 of Reference Processing: no references
[2025-06-03T16:04:46.947+0530][260.251s] GC(120) Skipped phase 3 of Reference Processing: no references
[2025-06-03T16:04:46.947+0530][260.251s] GC(120) Skipped phase 4 of Reference Processing: no references
[2025-06-03T16:04:46.949+0530][260.253s] GC(120) Pause Remark 445M->445M(512M) 1.881ms
[2025-06-03T16:04:46.949+0530][260.253s] GC(120) User=0.01s Sys=0.00s Real=0.00s
[2025-06-03T16:04:46.949+0530][260.253s] GC(120) Concurrent Mark 441.165ms
[2025-06-03T16:04:46.949+0530][260.253s] GC(120) Concurrent Rebuild Remembered Sets
[2025-06-03T16:04:47.180+0530][260.484s] GC(120) Concurrent Rebuild Remembered Sets 230.532ms
[2025-06-03T16:04:47.180+0530][260.484s] GC(120) Pause Cleanup
[2025-06-03T16:04:47.180+0530][260.484s] GC(120) Pause Cleanup 449M->449M(512M) 0.185ms
[2025-06-03T16:04:47.180+0530][260.484s] GC(120) User=0.00s Sys=0.00s Real=0.00s
[2025-06-03T16:04:47.180+0530][260.484s] GC(120) Concurrent Cleanup for Next Mark
[2025-06-03T16:04:47.181+0530][260.485s] GC(120) Concurrent Cleanup for Next Mark 0.533ms
[2025-06-03T16:04:47.181+0530][260.485s] GC(120) Concurrent Mark Cycle 674.571ms
[2025-06-03T16:04:47.851+0530][261.155s] GC(121) Pause Young (Prepare Mixed) (G1 Evacuation Pause)
[2025-06-03T16:04:47.851+0530][261.155s] GC(121) Using 8 workers of 8 for evacuation
[2025-06-03T16:04:47.863+0530][261.167s] GC(121) Skipped phase 1 of Reference Processing: no references
[2025-06-03T16:04:47.863+0530][261.167s] GC(121) Skipped phase 2 of Reference Processing: no references
[2025-06-03T16:04:47.863+0530][261.167s] GC(121) Skipped phase 3 of Reference Processing: no references
[2025-06-03T16:04:47.863+0530][261.167s] GC(121) Skipped phase 4 of Reference Processing: no references
[2025-06-03T16:04:47.863+0530][261.167s] GC(121)   Pre Evacuate Collection Set: 0.1ms
[2025-06-03T16:04:47.863+0530][261.167s] GC(121)   Merge Heap Roots: 0.1ms
[2025-06-03T16:04:47.863+0530][261.167s] GC(121)   Evacuate Collection Set: 11.3ms
[2025-06-03T16:04:47.863+0530][261.167s] GC(121)   Post Evacuate Collection Set: 0.5ms
[2025-06-03T16:04:47.863+0530][261.167s] GC(121)   Other: 0.2ms
[2025-06-03T16:04:47.863+0530][261.167s] GC(121) Eden regions: 22->0(22)
[2025-06-03T16:04:47.864+0530][261.167s] GC(121) Survivor regions: 3->3(4)
[2025-06-03T16:04:47.864+0530][261.167s] GC(121) Old regions: 434->435
[2025-06-03T16:04:47.864+0530][261.167s] GC(121) Archive regions: 2->2
[2025-06-03T16:04:47.864+0530][261.167s] GC(121) Humongous regions: 0->0
[2025-06-03T16:04:47.864+0530][261.167s] GC(121) Metaspace: 20275K(20992K)->20275K(20992K) NonClass: 17747K(18176K)->17747K(18176K) Class: 2527K(2816K)->2527K(2816K)
[2025-06-03T16:04:47.864+0530][261.167s] GC(121) Pause Young (Prepare Mixed) (G1 Evacuation Pause) 459M->438M(512M) 12.336ms
[2025-06-03T16:04:47.864+0530][261.168s] GC(121) User=0.03s Sys=0.00s Real=0.01s
[2025-06-03T16:04:49.655+0530][262.959s] GC(122) Pause Young (Mixed) (G1 Evacuation Pause)
[2025-06-03T16:04:49.655+0530][262.959s] GC(122) Using 8 workers of 8 for evacuation
[2025-06-03T16:04:49.666+0530][262.970s] GC(122) Skipped phase 1 of Reference Processing: no references
[2025-06-03T16:04:49.666+0530][262.970s] GC(122) Skipped phase 2 of Reference Processing: no references
[2025-06-03T16:04:49.666+0530][262.970s] GC(122) Skipped phase 3 of Reference Processing: no references
[2025-06-03T16:04:49.666+0530][262.970s] GC(122) Skipped phase 4 of Reference Processing: no references
[2025-06-03T16:04:49.666+0530][262.970s] GC(122)   Pre Evacuate Collection Set: 0.1ms
[2025-06-03T16:04:49.666+0530][262.970s] GC(122)   Merge Heap Roots: 0.0ms
[2025-06-03T16:04:49.666+0530][262.970s] GC(122)   Evacuate Collection Set: 10.5ms
[2025-06-03T16:04:49.666+0530][262.970s] GC(122)   Post Evacuate Collection Set: 0.4ms
[2025-06-03T16:04:49.666+0530][262.970s] GC(122)   Other: 0.2ms
[2025-06-03T16:04:49.667+0530][262.970s] GC(122) Eden regions: 22->0(22)
[2025-06-03T16:04:49.667+0530][262.970s] GC(122) Survivor regions: 3->3(4)
[2025-06-03T16:04:49.667+0530][262.970s] GC(122) Old regions: 435->435
[2025-06-03T16:04:49.667+0530][262.970s] GC(122) Archive regions: 2->2
[2025-06-03T16:04:49.667+0530][262.970s] GC(122) Humongous regions: 0->0
[2025-06-03T16:04:49.667+0530][262.970s] GC(122) Metaspace: 20275K(20992K)->20275K(20992K) NonClass: 17747K(18176K)->17747K(18176K) Class: 2527K(2816K)->2527K(2816K)
[2025-06-03T16:04:49.667+0530][262.971s] GC(122) Pause Young (Mixed) (G1 Evacuation Pause) 460M->438M(512M) 11.343ms
[2025-06-03T16:04:49.667+0530][262.971s] GC(122) User=0.03s Sys=0.01s Real=0.01s
[2025-06-03T16:04:51.649+0530][264.953s] GC(123) Pause Young (Concurrent Start) (G1 Evacuation Pause)
[2025-06-03T16:04:51.649+0530][264.953s] GC(123) Using 8 workers of 8 for evacuation
[2025-06-03T16:04:51.660+0530][264.964s] GC(123) Skipped phase 1 of Reference Processing: no references
[2025-06-03T16:04:51.660+0530][264.964s] GC(123) Skipped phase 2 of Reference Processing: no references
[2025-06-03T16:04:51.660+0530][264.964s] GC(123) Skipped phase 3 of Reference Processing: no references
[2025-06-03T16:04:51.660+0530][264.964s] GC(123) Skipped phase 4 of Reference Processing: no references
[2025-06-03T16:04:51.661+0530][264.965s] GC(123)   Pre Evacuate Collection Set: 0.2ms
[2025-06-03T16:04:51.661+0530][264.965s] GC(123)   Merge Heap Roots: 0.1ms
[2025-06-03T16:04:51.661+0530][264.965s] GC(123)   Evacuate Collection Set: 11.2ms
[2025-06-03T16:04:51.661+0530][264.965s] GC(123)   Post Evacuate Collection Set: 0.5ms
[2025-06-03T16:04:51.661+0530][264.965s] GC(123)   Other: 0.3ms
[2025-06-03T16:04:51.661+0530][264.965s] GC(123) Eden regions: 22->0(22)
[2025-06-03T16:04:51.661+0530][264.965s] GC(123) Survivor regions: 3->3(4)
[2025-06-03T16:04:51.661+0530][264.965s] GC(123) Old regions: 435->436
[2025-06-03T16:04:51.661+0530][264.965s] GC(123) Archive regions: 2->2
[2025-06-03T16:04:51.661+0530][264.965s] GC(123) Humongous regions: 0->0
[2025-06-03T16:04:51.661+0530][264.965s] GC(123) Metaspace: 20275K(20992K)->20275K(20992K) NonClass: 17747K(18176K)->17747K(18176K) Class: 2527K(2816K)->2527K(2816K)
[2025-06-03T16:04:51.661+0530][264.965s] GC(123) Pause Young (Concurrent Start) (G1 Evacuation Pause) 460M->439M(512M) 12.377ms
[2025-06-03T16:04:51.661+0530][264.965s] GC(123) User=0.03s Sys=0.01s Real=0.02s
[2025-06-03T16:04:51.661+0530][264.965s] GC(124) Concurrent Mark Cycle
[2025-06-03T16:04:51.661+0530][264.965s] GC(124) Concurrent Clear Claimed Marks
[2025-06-03T16:04:51.661+0530][264.965s] GC(124) Concurrent Clear Claimed Marks 0.033ms
[2025-06-03T16:04:51.661+0530][264.965s] GC(124) Concurrent Scan Root Regions
[2025-06-03T16:04:51.663+0530][264.967s] GC(124) Concurrent Scan Root Regions 1.630ms
[2025-06-03T16:04:51.663+0530][264.967s] GC(124) Concurrent Mark
[2025-06-03T16:04:51.663+0530][264.967s] GC(124) Concurrent Mark From Roots
[2025-06-03T16:04:51.663+0530][264.967s] GC(124) Using 2 workers of 2 for marking
[2025-06-03T16:04:52.118+0530][265.422s] GC(124) Concurrent Mark From Roots 454.619ms
[2025-06-03T16:04:52.118+0530][265.422s] GC(124) Concurrent Preclean
[2025-06-03T16:04:52.118+0530][265.422s] GC(124) Preclean SoftReferences 0.030ms
[2025-06-03T16:04:52.118+0530][265.422s] GC(124) Preclean WeakReferences 0.060ms
[2025-06-03T16:04:52.118+0530][265.422s] GC(124) Preclean FinalReferences 0.004ms
[2025-06-03T16:04:52.118+0530][265.422s] GC(124) Preclean PhantomReferences 0.017ms
[2025-06-03T16:04:52.118+0530][265.422s] GC(124) Concurrent Preclean 0.182ms
[2025-06-03T16:04:52.118+0530][265.422s] GC(124) Pause Remark
[2025-06-03T16:04:52.118+0530][265.422s] GC(124) Skipped phase 1 of Reference Processing: no references
[2025-06-03T16:04:52.118+0530][265.422s] GC(124) Skipped phase 2 of Reference Processing: no references
[2025-06-03T16:04:52.118+0530][265.422s] GC(124) Skipped phase 3 of Reference Processing: no references
[2025-06-03T16:04:52.118+0530][265.422s] GC(124) Skipped phase 4 of Reference Processing: no references
[2025-06-03T16:04:52.120+0530][265.424s] GC(124) Pause Remark 447M->447M(512M) 1.972ms
[2025-06-03T16:04:52.120+0530][265.424s] GC(124) User=0.01s Sys=0.00s Real=0.01s
[2025-06-03T16:04:52.120+0530][265.424s] GC(124) Concurrent Mark 457.122ms
[2025-06-03T16:04:52.120+0530][265.424s] GC(124) Concurrent Rebuild Remembered Sets
[2025-06-03T16:04:52.358+0530][265.662s] GC(124) Concurrent Rebuild Remembered Sets 238.215ms
[2025-06-03T16:04:52.359+0530][265.663s] GC(124) Pause Cleanup
[2025-06-03T16:04:52.359+0530][265.663s] GC(124) Pause Cleanup 451M->451M(512M) 0.170ms
[2025-06-03T16:04:52.359+0530][265.663s] GC(124) User=0.00s Sys=0.00s Real=0.00s
[2025-06-03T16:04:52.359+0530][265.663s] GC(124) Concurrent Cleanup for Next Mark
[2025-06-03T16:04:52.359+0530][265.663s] GC(124) Concurrent Cleanup for Next Mark 0.511ms
[2025-06-03T16:04:52.359+0530][265.663s] GC(124) Concurrent Mark Cycle 698.255ms
[2025-06-03T16:04:53.201+0530][266.505s] GC(125) Pause Young (Prepare Mixed) (G1 Evacuation Pause)
[2025-06-03T16:04:53.201+0530][266.505s] GC(125) Using 8 workers of 8 for evacuation
[2025-06-03T16:04:53.214+0530][266.518s] GC(125) Skipped phase 1 of Reference Processing: no references
[2025-06-03T16:04:53.214+0530][266.518s] GC(125) Skipped phase 2 of Reference Processing: no references
[2025-06-03T16:04:53.214+0530][266.518s] GC(125) Skipped phase 3 of Reference Processing: no references
[2025-06-03T16:04:53.214+0530][266.518s] GC(125) Skipped phase 4 of Reference Processing: no references
[2025-06-03T16:04:53.214+0530][266.518s] GC(125)   Pre Evacuate Collection Set: 0.1ms
[2025-06-03T16:04:53.214+0530][266.518s] GC(125)   Merge Heap Roots: 0.1ms
[2025-06-03T16:04:53.214+0530][266.518s] GC(125)   Evacuate Collection Set: 11.9ms
[2025-06-03T16:04:53.214+0530][266.518s] GC(125)   Post Evacuate Collection Set: 0.4ms
[2025-06-03T16:04:53.214+0530][266.518s] GC(125)   Other: 0.2ms
[2025-06-03T16:04:53.214+0530][266.518s] GC(125) Eden regions: 22->0(22)
[2025-06-03T16:04:53.214+0530][266.518s] GC(125) Survivor regions: 3->3(4)
[2025-06-03T16:04:53.214+0530][266.518s] GC(125) Old regions: 436->437
[2025-06-03T16:04:53.214+0530][266.518s] GC(125) Archive regions: 2->2
[2025-06-03T16:04:53.214+0530][266.518s] GC(125) Humongous regions: 0->0
[2025-06-03T16:04:53.214+0530][266.518s] GC(125) Metaspace: 20275K(20992K)->20275K(20992K) NonClass: 17747K(18176K)->17747K(18176K) Class: 2527K(2816K)->2527K(2816K)
[2025-06-03T16:04:53.214+0530][266.518s] GC(125) Pause Young (Prepare Mixed) (G1 Evacuation Pause) 461M->440M(512M) 12.807ms
[2025-06-03T16:04:53.214+0530][266.518s] GC(125) User=0.03s Sys=0.00s Real=0.01s
[2025-06-03T16:04:55.052+0530][268.356s] GC(126) Pause Young (Mixed) (G1 Evacuation Pause)
[2025-06-03T16:04:55.052+0530][268.356s] GC(126) Using 8 workers of 8 for evacuation
[2025-06-03T16:04:55.064+0530][268.368s] GC(126) Skipped phase 1 of Reference Processing: no references
[2025-06-03T16:04:55.064+0530][268.368s] GC(126) Skipped phase 2 of Reference Processing: no references
[2025-06-03T16:04:55.064+0530][268.368s] GC(126) Skipped phase 3 of Reference Processing: no references
[2025-06-03T16:04:55.064+0530][268.368s] GC(126) Skipped phase 4 of Reference Processing: no references
[2025-06-03T16:04:55.065+0530][268.369s] GC(126)   Pre Evacuate Collection Set: 0.1ms
[2025-06-03T16:04:55.065+0530][268.369s] GC(126)   Merge Heap Roots: 0.1ms
[2025-06-03T16:04:55.065+0530][268.369s] GC(126)   Evacuate Collection Set: 11.9ms
[2025-06-03T16:04:55.065+0530][268.369s] GC(126)   Post Evacuate Collection Set: 0.3ms
[2025-06-03T16:04:55.065+0530][268.369s] GC(126)   Other: 0.2ms
[2025-06-03T16:04:55.065+0530][268.369s] GC(126) Eden regions: 22->0(22)
[2025-06-03T16:04:55.065+0530][268.369s] GC(126) Survivor regions: 3->3(4)
[2025-06-03T16:04:55.065+0530][268.369s] GC(126) Old regions: 437->438
[2025-06-03T16:04:55.065+0530][268.369s] GC(126) Archive regions: 2->2
[2025-06-03T16:04:55.065+0530][268.369s] GC(126) Humongous regions: 0->0
[2025-06-03T16:04:55.065+0530][268.369s] GC(126) Metaspace: 20275K(20992K)->20275K(20992K) NonClass: 17747K(18176K)->17747K(18176K) Class: 2527K(2816K)->2527K(2816K)
[2025-06-03T16:04:55.065+0530][268.369s] GC(126) Pause Young (Mixed) (G1 Evacuation Pause) 462M->441M(512M) 12.767ms
[2025-06-03T16:04:55.065+0530][268.369s] GC(126) User=0.04s Sys=0.01s Real=0.01s
[2025-06-03T16:04:56.903+0530][270.207s] GC(127) Pause Young (Concurrent Start) (G1 Evacuation Pause)
[2025-06-03T16:04:56.903+0530][270.207s] GC(127) Using 8 workers of 8 for evacuation
[2025-06-03T16:04:56.914+0530][270.218s] GC(127) Skipped phase 1 of Reference Processing: no references
[2025-06-03T16:04:56.914+0530][270.218s] GC(127) Skipped phase 2 of Reference Processing: no references
[2025-06-03T16:04:56.914+0530][270.218s] GC(127) Skipped phase 3 of Reference Processing: no references
[2025-06-03T16:04:56.914+0530][270.218s] GC(127) Skipped phase 4 of Reference Processing: no references
[2025-06-03T16:04:56.915+0530][270.219s] GC(127)   Pre Evacuate Collection Set: 0.1ms
[2025-06-03T16:04:56.915+0530][270.219s] GC(127)   Merge Heap Roots: 0.1ms
[2025-06-03T16:04:56.915+0530][270.219s] GC(127)   Evacuate Collection Set: 11.5ms
[2025-06-03T16:04:56.915+0530][270.219s] GC(127)   Post Evacuate Collection Set: 0.4ms
[2025-06-03T16:04:56.915+0530][270.219s] GC(127)   Other: 0.2ms
[2025-06-03T16:04:56.915+0530][270.219s] GC(127) Eden regions: 22->0(22)
[2025-06-03T16:04:56.915+0530][270.219s] GC(127) Survivor regions: 3->3(4)
[2025-06-03T16:04:56.915+0530][270.219s] GC(127) Old regions: 438->439
[2025-06-03T16:04:56.915+0530][270.219s] GC(127) Archive regions: 2->2
[2025-06-03T16:04:56.915+0530][270.219s] GC(127) Humongous regions: 0->0
[2025-06-03T16:04:56.915+0530][270.219s] GC(127) Metaspace: 20277K(20992K)->20277K(20992K) NonClass: 17749K(18176K)->17749K(18176K) Class: 2527K(2816K)->2527K(2816K)
[2025-06-03T16:04:56.915+0530][270.219s] GC(127) Pause Young (Concurrent Start) (G1 Evacuation Pause) 463M->442M(512M) 12.402ms
[2025-06-03T16:04:56.915+0530][270.219s] GC(127) User=0.03s Sys=0.00s Real=0.01s
[2025-06-03T16:04:56.915+0530][270.219s] GC(128) Concurrent Mark Cycle
[2025-06-03T16:04:56.915+0530][270.219s] GC(128) Concurrent Clear Claimed Marks
[2025-06-03T16:04:56.915+0530][270.219s] GC(128) Concurrent Clear Claimed Marks 0.024ms
[2025-06-03T16:04:56.915+0530][270.219s] GC(128) Concurrent Scan Root Regions
[2025-06-03T16:04:56.917+0530][270.221s] GC(128) Concurrent Scan Root Regions 1.509ms
[2025-06-03T16:04:56.917+0530][270.221s] GC(128) Concurrent Mark
[2025-06-03T16:04:56.917+0530][270.221s] GC(128) Concurrent Mark From Roots
[2025-06-03T16:04:56.917+0530][270.221s] GC(128) Using 2 workers of 2 for marking
[2025-06-03T16:04:57.372+0530][270.676s] GC(128) Concurrent Mark From Roots 455.231ms
[2025-06-03T16:04:57.372+0530][270.676s] GC(128) Concurrent Preclean
[2025-06-03T16:04:57.372+0530][270.676s] GC(128) Preclean SoftReferences 0.029ms
[2025-06-03T16:04:57.372+0530][270.676s] GC(128) Preclean WeakReferences 0.059ms
[2025-06-03T16:04:57.372+0530][270.676s] GC(128) Preclean FinalReferences 0.004ms
[2025-06-03T16:04:57.372+0530][270.676s] GC(128) Preclean PhantomReferences 0.016ms
[2025-06-03T16:04:57.372+0530][270.676s] GC(128) Concurrent Preclean 0.175ms
[2025-06-03T16:04:57.372+0530][270.676s] GC(128) Pause Remark
[2025-06-03T16:04:57.373+0530][270.677s] GC(128) Skipped phase 1 of Reference Processing: no references
[2025-06-03T16:04:57.373+0530][270.677s] GC(128) Skipped phase 2 of Reference Processing: no references
[2025-06-03T16:04:57.373+0530][270.677s] GC(128) Skipped phase 3 of Reference Processing: no references
[2025-06-03T16:04:57.373+0530][270.677s] GC(128) Skipped phase 4 of Reference Processing: no references
[2025-06-03T16:04:57.374+0530][270.678s] GC(128) Pause Remark 449M->449M(512M) 2.138ms
[2025-06-03T16:04:57.375+0530][270.679s] GC(128) User=0.00s Sys=0.00s Real=0.00s
[2025-06-03T16:04:57.375+0530][270.679s] GC(128) Concurrent Mark 457.944ms
[2025-06-03T16:04:57.375+0530][270.679s] GC(128) Concurrent Rebuild Remembered Sets
[2025-06-03T16:04:57.617+0530][270.921s] GC(128) Concurrent Rebuild Remembered Sets 241.890ms
[2025-06-03T16:04:57.617+0530][270.921s] GC(128) Pause Cleanup
[2025-06-03T16:04:57.617+0530][270.921s] GC(128) Pause Cleanup 453M->453M(512M) 0.156ms
[2025-06-03T16:04:57.617+0530][270.921s] GC(128) User=0.00s Sys=0.00s Real=0.00s
[2025-06-03T16:04:57.617+0530][270.921s] GC(128) Concurrent Cleanup for Next Mark
[2025-06-03T16:04:57.617+0530][270.921s] GC(128) Concurrent Cleanup for Next Mark 0.518ms
[2025-06-03T16:04:57.617+0530][270.921s] GC(128) Concurrent Mark Cycle 702.456ms
[2025-06-03T16:04:58.455+0530][271.759s] GC(129) Pause Young (Prepare Mixed) (G1 Evacuation Pause)
[2025-06-03T16:04:58.455+0530][271.759s] GC(129) Using 8 workers of 8 for evacuation
[2025-06-03T16:04:58.467+0530][271.771s] GC(129) Skipped phase 1 of Reference Processing: no references
[2025-06-03T16:04:58.467+0530][271.771s] GC(129) Skipped phase 2 of Reference Processing: no references
[2025-06-03T16:04:58.467+0530][271.771s] GC(129) Skipped phase 3 of Reference Processing: no references
[2025-06-03T16:04:58.467+0530][271.771s] GC(129) Skipped phase 4 of Reference Processing: no references
[2025-06-03T16:04:58.467+0530][271.771s] GC(129)   Pre Evacuate Collection Set: 0.1ms
[2025-06-03T16:04:58.467+0530][271.771s] GC(129)   Merge Heap Roots: 0.1ms
[2025-06-03T16:04:58.467+0530][271.771s] GC(129)   Evacuate Collection Set: 11.6ms
[2025-06-03T16:04:58.467+0530][271.771s] GC(129)   Post Evacuate Collection Set: 0.4ms
[2025-06-03T16:04:58.467+0530][271.771s] GC(129)   Other: 0.2ms
[2025-06-03T16:04:58.467+0530][271.771s] GC(129) Eden regions: 22->0(22)
[2025-06-03T16:04:58.467+0530][271.771s] GC(129) Survivor regions: 3->3(4)
[2025-06-03T16:04:58.467+0530][271.771s] GC(129) Old regions: 439->440
[2025-06-03T16:04:58.467+0530][271.771s] GC(129) Archive regions: 2->2
[2025-06-03T16:04:58.467+0530][271.771s] GC(129) Humongous regions: 0->0
[2025-06-03T16:04:58.467+0530][271.771s] GC(129) Metaspace: 20277K(20992K)->20277K(20992K) NonClass: 17749K(18176K)->17749K(18176K) Class: 2527K(2816K)->2527K(2816K)
[2025-06-03T16:04:58.467+0530][271.771s] GC(129) Pause Young (Prepare Mixed) (G1 Evacuation Pause) 464M->443M(512M) 12.489ms
[2025-06-03T16:04:58.467+0530][271.772s] GC(129) User=0.03s Sys=0.01s Real=0.01s
[2025-06-03T16:05:00.307+0530][273.611s] GC(130) Pause Young (Mixed) (G1 Evacuation Pause)
[2025-06-03T16:05:00.307+0530][273.611s] GC(130) Using 8 workers of 8 for evacuation
[2025-06-03T16:05:00.319+0530][273.623s] GC(130) Skipped phase 1 of Reference Processing: no references
[2025-06-03T16:05:00.319+0530][273.623s] GC(130) Skipped phase 2 of Reference Processing: no references
[2025-06-03T16:05:00.319+0530][273.623s] GC(130) Skipped phase 3 of Reference Processing: no references
[2025-06-03T16:05:00.319+0530][273.623s] GC(130) Skipped phase 4 of Reference Processing: no references
[2025-06-03T16:05:00.319+0530][273.623s] GC(130)   Pre Evacuate Collection Set: 0.1ms
[2025-06-03T16:05:00.319+0530][273.623s] GC(130)   Merge Heap Roots: 0.1ms
[2025-06-03T16:05:00.319+0530][273.623s] GC(130)   Evacuate Collection Set: 11.5ms
[2025-06-03T16:05:00.319+0530][273.623s] GC(130)   Post Evacuate Collection Set: 0.5ms
[2025-06-03T16:05:00.319+0530][273.623s] GC(130)   Other: 0.2ms
[2025-06-03T16:05:00.319+0530][273.623s] GC(130) Eden regions: 22->0(22)
[2025-06-03T16:05:00.319+0530][273.623s] GC(130) Survivor regions: 3->3(4)
[2025-06-03T16:05:00.319+0530][273.623s] GC(130) Old regions: 440->441
[2025-06-03T16:05:00.319+0530][273.623s] GC(130) Archive regions: 2->2
[2025-06-03T16:05:00.319+0530][273.623s] GC(130) Humongous regions: 0->0
[2025-06-03T16:05:00.319+0530][273.623s] GC(130) Metaspace: 20277K(20992K)->20277K(20992K) NonClass: 17749K(18176K)->17749K(18176K) Class: 2527K(2816K)->2527K(2816K)
[2025-06-03T16:05:00.319+0530][273.623s] GC(130) Pause Young (Mixed) (G1 Evacuation Pause) 465M->443M(512M) 12.486ms
[2025-06-03T16:05:00.319+0530][273.623s] GC(130) User=0.04s Sys=0.01s Real=0.01s
[2025-06-03T16:05:02.157+0530][275.461s] GC(131) Pause Young (Concurrent Start) (G1 Evacuation Pause)
[2025-06-03T16:05:02.157+0530][275.461s] GC(131) Using 8 workers of 8 for evacuation
[2025-06-03T16:05:02.169+0530][275.473s] GC(131) Skipped phase 1 of Reference Processing: no references
[2025-06-03T16:05:02.169+0530][275.473s] GC(131) Skipped phase 2 of Reference Processing: no references
[2025-06-03T16:05:02.169+0530][275.473s] GC(131) Skipped phase 3 of Reference Processing: no references
[2025-06-03T16:05:02.169+0530][275.473s] GC(131) Skipped phase 4 of Reference Processing: no references
[2025-06-03T16:05:02.169+0530][275.473s] GC(131)   Pre Evacuate Collection Set: 0.1ms
[2025-06-03T16:05:02.169+0530][275.473s] GC(131)   Merge Heap Roots: 0.1ms
[2025-06-03T16:05:02.169+0530][275.473s] GC(131)   Evacuate Collection Set: 11.5ms
[2025-06-03T16:05:02.169+0530][275.473s] GC(131)   Post Evacuate Collection Set: 0.4ms
[2025-06-03T16:05:02.169+0530][275.473s] GC(131)   Other: 0.3ms
[2025-06-03T16:05:02.169+0530][275.473s] GC(131) Eden regions: 22->0(22)
[2025-06-03T16:05:02.169+0530][275.473s] GC(131) Survivor regions: 3->3(4)
[2025-06-03T16:05:02.169+0530][275.473s] GC(131) Old regions: 441->442
[2025-06-03T16:05:02.169+0530][275.473s] GC(131) Archive regions: 2->2
[2025-06-03T16:05:02.169+0530][275.473s] GC(131) Humongous regions: 0->0
[2025-06-03T16:05:02.169+0530][275.473s] GC(131) Metaspace: 20277K(20992K)->20277K(20992K) NonClass: 17749K(18176K)->17749K(18176K) Class: 2527K(2816K)->2527K(2816K)
[2025-06-03T16:05:02.169+0530][275.473s] GC(131) Pause Young (Concurrent Start) (G1 Evacuation Pause) 465M->444M(512M) 12.471ms
[2025-06-03T16:05:02.169+0530][275.474s] GC(131) User=0.03s Sys=0.01s Real=0.01s
[2025-06-03T16:05:02.169+0530][275.474s] GC(132) Concurrent Mark Cycle
[2025-06-03T16:05:02.170+0530][275.474s] GC(132) Concurrent Clear Claimed Marks
[2025-06-03T16:05:02.170+0530][275.474s] GC(132) Concurrent Clear Claimed Marks 0.040ms
[2025-06-03T16:05:02.170+0530][275.474s] GC(132) Concurrent Scan Root Regions
[2025-06-03T16:05:02.171+0530][275.475s] GC(132) Concurrent Scan Root Regions 1.522ms
[2025-06-03T16:05:02.171+0530][275.475s] GC(132) Concurrent Mark
[2025-06-03T16:05:02.171+0530][275.475s] GC(132) Concurrent Mark From Roots
[2025-06-03T16:05:02.171+0530][275.475s] GC(132) Using 2 workers of 2 for marking
[2025-06-03T16:05:02.631+0530][275.935s] GC(132) Concurrent Mark From Roots 459.463ms
[2025-06-03T16:05:02.631+0530][275.935s] GC(132) Concurrent Preclean
[2025-06-03T16:05:02.631+0530][275.935s] GC(132) Preclean SoftReferences 0.031ms
[2025-06-03T16:05:02.631+0530][275.935s] GC(132) Preclean WeakReferences 0.061ms
[2025-06-03T16:05:02.631+0530][275.935s] GC(132) Preclean FinalReferences 0.004ms
[2025-06-03T16:05:02.631+0530][275.935s] GC(132) Preclean PhantomReferences 0.016ms
[2025-06-03T16:05:02.631+0530][275.935s] GC(132) Concurrent Preclean 0.236ms
[2025-06-03T16:05:02.631+0530][275.935s] GC(132) Pause Remark
[2025-06-03T16:05:02.631+0530][275.935s] GC(132) Skipped phase 1 of Reference Processing: no references
[2025-06-03T16:05:02.631+0530][275.935s] GC(132) Skipped phase 2 of Reference Processing: no references
[2025-06-03T16:05:02.631+0530][275.935s] GC(132) Skipped phase 3 of Reference Processing: no references
[2025-06-03T16:05:02.631+0530][275.935s] GC(132) Skipped phase 4 of Reference Processing: no references
[2025-06-03T16:05:02.633+0530][275.937s] GC(132) Pause Remark 452M->452M(512M) 1.904ms
[2025-06-03T16:05:02.633+0530][275.937s] GC(132) User=0.01s Sys=0.00s Real=0.00s
[2025-06-03T16:05:02.633+0530][275.937s] GC(132) Concurrent Mark 461.902ms
[2025-06-03T16:05:02.633+0530][275.937s] GC(132) Concurrent Rebuild Remembered Sets
[2025-06-03T16:05:02.889+0530][276.193s] GC(132) Concurrent Rebuild Remembered Sets 256.160ms
[2025-06-03T16:05:02.889+0530][276.194s] GC(132) Pause Cleanup
[2025-06-03T16:05:02.890+0530][276.194s] GC(132) Pause Cleanup 455M->455M(512M) 0.208ms
[2025-06-03T16:05:02.890+0530][276.194s] GC(132) User=0.00s Sys=0.00s Real=0.01s
[2025-06-03T16:05:02.890+0530][276.194s] GC(132) Concurrent Cleanup for Next Mark
[2025-06-03T16:05:02.890+0530][276.194s] GC(132) Concurrent Cleanup for Next Mark 0.555ms
[2025-06-03T16:05:02.890+0530][276.194s] GC(132) Concurrent Mark Cycle 720.827ms
[2025-06-03T16:05:03.797+0530][277.101s] GC(133) Pause Young (Prepare Mixed) (G1 Evacuation Pause)
[2025-06-03T16:05:03.797+0530][277.101s] GC(133) Using 8 workers of 8 for evacuation
[2025-06-03T16:05:03.809+0530][277.113s] GC(133) Skipped phase 1 of Reference Processing: no references
[2025-06-03T16:05:03.809+0530][277.113s] GC(133) Skipped phase 2 of Reference Processing: no references
[2025-06-03T16:05:03.809+0530][277.113s] GC(133) Skipped phase 3 of Reference Processing: no references
[2025-06-03T16:05:03.809+0530][277.113s] GC(133) Skipped phase 4 of Reference Processing: no references
[2025-06-03T16:05:03.810+0530][277.114s] GC(133)   Pre Evacuate Collection Set: 0.1ms
[2025-06-03T16:05:03.810+0530][277.114s] GC(133)   Merge Heap Roots: 0.1ms
[2025-06-03T16:05:03.810+0530][277.114s] GC(133)   Evacuate Collection Set: 12.2ms
[2025-06-03T16:05:03.810+0530][277.114s] GC(133)   Post Evacuate Collection Set: 0.3ms
[2025-06-03T16:05:03.810+0530][277.114s] GC(133)   Other: 0.2ms
[2025-06-03T16:05:03.810+0530][277.114s] GC(133) Eden regions: 22->0(22)
[2025-06-03T16:05:03.810+0530][277.114s] GC(133) Survivor regions: 3->3(4)
[2025-06-03T16:05:03.810+0530][277.114s] GC(133) Old regions: 442->443
[2025-06-03T16:05:03.810+0530][277.114s] GC(133) Archive regions: 2->2
[2025-06-03T16:05:03.810+0530][277.114s] GC(133) Humongous regions: 0->0
[2025-06-03T16:05:03.810+0530][277.114s] GC(133) Metaspace: 20277K(20992K)->20277K(20992K) NonClass: 17749K(18176K)->17749K(18176K) Class: 2527K(2816K)->2527K(2816K)
[2025-06-03T16:05:03.810+0530][277.114s] GC(133) Pause Young (Prepare Mixed) (G1 Evacuation Pause) 466M->445M(512M) 12.984ms
[2025-06-03T16:05:03.810+0530][277.114s] GC(133) User=0.03s Sys=0.01s Real=0.02s
[2025-06-03T16:05:05.655+0530][278.959s] GC(134) Pause Young (Mixed) (G1 Evacuation Pause)
[2025-06-03T16:05:05.655+0530][278.959s] GC(134) Using 8 workers of 8 for evacuation
[2025-06-03T16:05:05.666+0530][278.970s] GC(134) Skipped phase 1 of Reference Processing: no references
[2025-06-03T16:05:05.666+0530][278.970s] GC(134) Skipped phase 2 of Reference Processing: no references
[2025-06-03T16:05:05.666+0530][278.970s] GC(134) Skipped phase 3 of Reference Processing: no references
[2025-06-03T16:05:05.666+0530][278.970s] GC(134) Skipped phase 4 of Reference Processing: no references
[2025-06-03T16:05:05.666+0530][278.970s] GC(134)   Pre Evacuate Collection Set: 0.1ms
[2025-06-03T16:05:05.666+0530][278.971s] GC(134)   Merge Heap Roots: 0.1ms
[2025-06-03T16:05:05.666+0530][278.971s] GC(134)   Evacuate Collection Set: 10.7ms
[2025-06-03T16:05:05.667+0530][278.971s] GC(134)   Post Evacuate Collection Set: 0.4ms
[2025-06-03T16:05:05.667+0530][278.971s] GC(134)   Other: 0.2ms
[2025-06-03T16:05:05.667+0530][278.971s] GC(134) Eden regions: 22->0(22)
[2025-06-03T16:05:05.667+0530][278.971s] GC(134) Survivor regions: 3->3(4)
[2025-06-03T16:05:05.667+0530][278.971s] GC(134) Old regions: 443->443
[2025-06-03T16:05:05.667+0530][278.971s] GC(134) Archive regions: 2->2
[2025-06-03T16:05:05.667+0530][278.971s] GC(134) Humongous regions: 0->0
[2025-06-03T16:05:05.667+0530][278.971s] GC(134) Metaspace: 20277K(20992K)->20277K(20992K) NonClass: 17749K(18176K)->17749K(18176K) Class: 2527K(2816K)->2527K(2816K)
[2025-06-03T16:05:05.667+0530][278.971s] GC(134) Pause Young (Mixed) (G1 Evacuation Pause) 467M->446M(512M) 11.740ms
[2025-06-03T16:05:05.667+0530][278.971s] GC(134) User=0.05s Sys=0.01s Real=0.01s
[2025-06-03T16:05:07.548+0530][280.852s] GC(135) Pause Young (Concurrent Start) (G1 Evacuation Pause)
[2025-06-03T16:05:07.548+0530][280.852s] GC(135) Using 8 workers of 8 for evacuation
[2025-06-03T16:05:07.560+0530][280.864s] GC(135) Skipped phase 1 of Reference Processing: no references
[2025-06-03T16:05:07.560+0530][280.864s] GC(135) Skipped phase 2 of Reference Processing: no references
[2025-06-03T16:05:07.560+0530][280.864s] GC(135) Skipped phase 3 of Reference Processing: no references
[2025-06-03T16:05:07.560+0530][280.864s] GC(135) Skipped phase 4 of Reference Processing: no references
[2025-06-03T16:05:07.560+0530][280.864s] GC(135)   Pre Evacuate Collection Set: 0.1ms
[2025-06-03T16:05:07.560+0530][280.864s] GC(135)   Merge Heap Roots: 0.1ms
[2025-06-03T16:05:07.560+0530][280.864s] GC(135)   Evacuate Collection Set: 11.6ms
[2025-06-03T16:05:07.560+0530][280.864s] GC(135)   Post Evacuate Collection Set: 0.4ms
[2025-06-03T16:05:07.560+0530][280.864s] GC(135)   Other: 0.3ms
[2025-06-03T16:05:07.560+0530][280.864s] GC(135) Eden regions: 22->0(22)
[2025-06-03T16:05:07.560+0530][280.864s] GC(135) Survivor regions: 3->3(4)
[2025-06-03T16:05:07.560+0530][280.864s] GC(135) Old regions: 443->444
[2025-06-03T16:05:07.560+0530][280.864s] GC(135) Archive regions: 2->2
[2025-06-03T16:05:07.560+0530][280.864s] GC(135) Humongous regions: 0->0
[2025-06-03T16:05:07.560+0530][280.864s] GC(135) Metaspace: 20277K(20992K)->20277K(20992K) NonClass: 17749K(18176K)->17749K(18176K) Class: 2527K(2816K)->2527K(2816K)
[2025-06-03T16:05:07.560+0530][280.864s] GC(135) Pause Young (Concurrent Start) (G1 Evacuation Pause) 468M->447M(512M) 12.533ms
[2025-06-03T16:05:07.560+0530][280.864s] GC(135) User=0.03s Sys=0.01s Real=0.02s
[2025-06-03T16:05:07.560+0530][280.864s] GC(136) Concurrent Mark Cycle
[2025-06-03T16:05:07.560+0530][280.864s] GC(136) Concurrent Clear Claimed Marks
[2025-06-03T16:05:07.560+0530][280.864s] GC(136) Concurrent Clear Claimed Marks 0.022ms
[2025-06-03T16:05:07.560+0530][280.864s] GC(136) Concurrent Scan Root Regions
[2025-06-03T16:05:07.562+0530][280.866s] GC(136) Concurrent Scan Root Regions 1.520ms
[2025-06-03T16:05:07.562+0530][280.866s] GC(136) Concurrent Mark
[2025-06-03T16:05:07.562+0530][280.866s] GC(136) Concurrent Mark From Roots
[2025-06-03T16:05:07.562+0530][280.866s] GC(136) Using 2 workers of 2 for marking
[2025-06-03T16:05:08.058+0530][281.362s] GC(136) Concurrent Mark From Roots 495.613ms
[2025-06-03T16:05:08.058+0530][281.362s] GC(136) Concurrent Preclean
[2025-06-03T16:05:08.058+0530][281.362s] GC(136) Preclean SoftReferences 0.029ms
[2025-06-03T16:05:08.058+0530][281.362s] GC(136) Preclean WeakReferences 0.052ms
[2025-06-03T16:05:08.058+0530][281.362s] GC(136) Preclean FinalReferences 0.004ms
[2025-06-03T16:05:08.058+0530][281.362s] GC(136) Preclean PhantomReferences 0.016ms
[2025-06-03T16:05:08.058+0530][281.362s] GC(136) Concurrent Preclean 0.167ms
[2025-06-03T16:05:08.058+0530][281.362s] GC(136) Pause Remark
[2025-06-03T16:05:08.058+0530][281.362s] GC(136) Skipped phase 1 of Reference Processing: no references
[2025-06-03T16:05:08.058+0530][281.362s] GC(136) Skipped phase 2 of Reference Processing: no references
[2025-06-03T16:05:08.058+0530][281.362s] GC(136) Skipped phase 3 of Reference Processing: no references
[2025-06-03T16:05:08.058+0530][281.362s] GC(136) Skipped phase 4 of Reference Processing: no references
[2025-06-03T16:05:08.060+0530][281.364s] GC(136) Pause Remark 456M->456M(512M) 2.148ms
[2025-06-03T16:05:08.060+0530][281.364s] GC(136) User=0.00s Sys=0.01s Real=0.01s
[2025-06-03T16:05:08.060+0530][281.364s] GC(136) Concurrent Mark 498.241ms
[2025-06-03T16:05:08.060+0530][281.364s] GC(136) Concurrent Rebuild Remembered Sets
[2025-06-03T16:05:08.307+0530][281.611s] GC(136) Concurrent Rebuild Remembered Sets 246.716ms
[2025-06-03T16:05:08.307+0530][281.611s] GC(136) Pause Cleanup
[2025-06-03T16:05:08.307+0530][281.611s] GC(136) Pause Cleanup 460M->460M(512M) 0.147ms
[2025-06-03T16:05:08.307+0530][281.611s] GC(136) User=0.00s Sys=0.00s Real=0.00s
[2025-06-03T16:05:08.307+0530][281.611s] GC(136) Concurrent Cleanup for Next Mark
[2025-06-03T16:05:08.308+0530][281.612s] GC(136) Concurrent Cleanup for Next Mark 0.956ms
[2025-06-03T16:05:08.308+0530][281.612s] GC(136) Concurrent Mark Cycle 747.984ms
[2025-06-03T16:05:08.895+0530][282.199s] GC(137) Pause Young (Prepare Mixed) (G1 Evacuation Pause)
[2025-06-03T16:05:08.895+0530][282.199s] GC(137) Using 8 workers of 8 for evacuation
[2025-06-03T16:05:08.908+0530][282.212s] GC(137) Skipped phase 1 of Reference Processing: no references
[2025-06-03T16:05:08.908+0530][282.212s] GC(137) Skipped phase 2 of Reference Processing: no references
[2025-06-03T16:05:08.908+0530][282.212s] GC(137) Skipped phase 3 of Reference Processing: no references
[2025-06-03T16:05:08.908+0530][282.212s] GC(137) Skipped phase 4 of Reference Processing: no references
[2025-06-03T16:05:08.908+0530][282.212s] GC(137)   Pre Evacuate Collection Set: 0.1ms
[2025-06-03T16:05:08.908+0530][282.212s] GC(137)   Merge Heap Roots: 0.1ms
[2025-06-03T16:05:08.908+0530][282.212s] GC(137)   Evacuate Collection Set: 12.1ms
[2025-06-03T16:05:08.908+0530][282.212s] GC(137)   Post Evacuate Collection Set: 0.5ms
[2025-06-03T16:05:08.908+0530][282.212s] GC(137)   Other: 0.3ms
[2025-06-03T16:05:08.908+0530][282.212s] GC(137) Eden regions: 22->0(22)
[2025-06-03T16:05:08.908+0530][282.212s] GC(137) Survivor regions: 3->3(4)
[2025-06-03T16:05:08.908+0530][282.212s] GC(137) Old regions: 444->445
[2025-06-03T16:05:08.908+0530][282.212s] GC(137) Archive regions: 2->2
[2025-06-03T16:05:08.908+0530][282.212s] GC(137) Humongous regions: 0->0
[2025-06-03T16:05:08.908+0530][282.212s] GC(137) Metaspace: 20277K(20992K)->20277K(20992K) NonClass: 17750K(18176K)->17750K(18176K) Class: 2527K(2816K)->2527K(2816K)
[2025-06-03T16:05:08.908+0530][282.212s] GC(137) Pause Young (Prepare Mixed) (G1 Evacuation Pause) 469M->448M(512M) 13.157ms
[2025-06-03T16:05:08.908+0530][282.212s] GC(137) User=0.04s Sys=0.01s Real=0.01s
[2025-06-03T16:05:10.306+0530][283.610s] GC(138) Pause Young (Mixed) (G1 Evacuation Pause)
[2025-06-03T16:05:10.306+0530][283.610s] GC(138) Using 8 workers of 8 for evacuation
[2025-06-03T16:05:10.317+0530][283.622s] GC(138) Skipped phase 1 of Reference Processing: no references
[2025-06-03T16:05:10.317+0530][283.622s] GC(138) Skipped phase 2 of Reference Processing: no references
[2025-06-03T16:05:10.317+0530][283.622s] GC(138) Skipped phase 3 of Reference Processing: no references
[2025-06-03T16:05:10.317+0530][283.622s] GC(138) Skipped phase 4 of Reference Processing: no references
[2025-06-03T16:05:10.318+0530][283.622s] GC(138)   Pre Evacuate Collection Set: 0.1ms
[2025-06-03T16:05:10.318+0530][283.622s] GC(138)   Merge Heap Roots: 0.1ms
[2025-06-03T16:05:10.318+0530][283.622s] GC(138)   Evacuate Collection Set: 11.4ms
[2025-06-03T16:05:10.318+0530][283.622s] GC(138)   Post Evacuate Collection Set: 0.5ms
[2025-06-03T16:05:10.318+0530][283.622s] GC(138)   Other: 0.2ms
[2025-06-03T16:05:10.318+0530][283.622s] GC(138) Eden regions: 22->0(22)
[2025-06-03T16:05:10.318+0530][283.622s] GC(138) Survivor regions: 3->3(4)
[2025-06-03T16:05:10.318+0530][283.622s] GC(138) Old regions: 445->446
[2025-06-03T16:05:10.318+0530][283.622s] GC(138) Archive regions: 2->2
[2025-06-03T16:05:10.318+0530][283.622s] GC(138) Humongous regions: 0->0
[2025-06-03T16:05:10.318+0530][283.622s] GC(138) Metaspace: 20277K(20992K)->20277K(20992K) NonClass: 17750K(18176K)->17750K(18176K) Class: 2527K(2816K)->2527K(2816K)
[2025-06-03T16:05:10.318+0530][283.622s] GC(138) Pause Young (Mixed) (G1 Evacuation Pause) 470M->448M(512M) 12.448ms
[2025-06-03T16:05:10.318+0530][283.622s] GC(138) User=0.04s Sys=0.01s Real=0.01s
[2025-06-03T16:05:11.742+0530][285.046s] GC(139) Pause Young (Concurrent Start) (G1 Evacuation Pause)
[2025-06-03T16:05:11.742+0530][285.047s] GC(139) Using 8 workers of 8 for evacuation
[2025-06-03T16:05:11.755+0530][285.060s] GC(139) Skipped phase 1 of Reference Processing: no references
[2025-06-03T16:05:11.755+0530][285.060s] GC(139) Skipped phase 2 of Reference Processing: no references
[2025-06-03T16:05:11.755+0530][285.060s] GC(139) Skipped phase 3 of Reference Processing: no references
[2025-06-03T16:05:11.755+0530][285.060s] GC(139) Skipped phase 4 of Reference Processing: no references
[2025-06-03T16:05:11.756+0530][285.060s] GC(139)   Pre Evacuate Collection Set: 0.1ms
[2025-06-03T16:05:11.756+0530][285.060s] GC(139)   Merge Heap Roots: 0.1ms
[2025-06-03T16:05:11.756+0530][285.060s] GC(139)   Evacuate Collection Set: 12.8ms
[2025-06-03T16:05:11.756+0530][285.060s] GC(139)   Post Evacuate Collection Set: 0.4ms
[2025-06-03T16:05:11.756+0530][285.060s] GC(139)   Other: 0.3ms
[2025-06-03T16:05:11.756+0530][285.060s] GC(139) Eden regions: 22->0(22)
[2025-06-03T16:05:11.756+0530][285.060s] GC(139) Survivor regions: 3->3(4)
[2025-06-03T16:05:11.756+0530][285.060s] GC(139) Old regions: 446->447
[2025-06-03T16:05:11.756+0530][285.060s] GC(139) Archive regions: 2->2
[2025-06-03T16:05:11.756+0530][285.060s] GC(139) Humongous regions: 0->0
[2025-06-03T16:05:11.756+0530][285.060s] GC(139) Metaspace: 20277K(20992K)->20277K(20992K) NonClass: 17750K(18176K)->17750K(18176K) Class: 2527K(2816K)->2527K(2816K)
[2025-06-03T16:05:11.756+0530][285.060s] GC(139) Pause Young (Concurrent Start) (G1 Evacuation Pause) 470M->449M(512M) 13.746ms
[2025-06-03T16:05:11.756+0530][285.060s] GC(139) User=0.04s Sys=0.01s Real=0.01s
[2025-06-03T16:05:11.756+0530][285.060s] GC(140) Concurrent Mark Cycle
[2025-06-03T16:05:11.756+0530][285.060s] GC(140) Concurrent Clear Claimed Marks
[2025-06-03T16:05:11.756+0530][285.060s] GC(140) Concurrent Clear Claimed Marks 0.031ms
[2025-06-03T16:05:11.756+0530][285.060s] GC(140) Concurrent Scan Root Regions
[2025-06-03T16:05:11.758+0530][285.062s] GC(140) Concurrent Scan Root Regions 1.542ms
[2025-06-03T16:05:11.758+0530][285.062s] GC(140) Concurrent Mark
[2025-06-03T16:05:11.758+0530][285.062s] GC(140) Concurrent Mark From Roots
[2025-06-03T16:05:11.758+0530][285.062s] GC(140) Using 2 workers of 2 for marking
[2025-06-03T16:05:12.220+0530][285.524s] GC(140) Concurrent Mark From Roots 462.349ms
[2025-06-03T16:05:12.220+0530][285.524s] GC(140) Concurrent Preclean
[2025-06-03T16:05:12.220+0530][285.524s] GC(140) Preclean SoftReferences 0.031ms
[2025-06-03T16:05:12.220+0530][285.524s] GC(140) Preclean WeakReferences 0.061ms
[2025-06-03T16:05:12.220+0530][285.525s] GC(140) Preclean FinalReferences 0.004ms
[2025-06-03T16:05:12.220+0530][285.525s] GC(140) Preclean PhantomReferences 0.016ms
[2025-06-03T16:05:12.220+0530][285.525s] GC(140) Concurrent Preclean 0.177ms
[2025-06-03T16:05:12.220+0530][285.525s] GC(140) Pause Remark
[2025-06-03T16:05:12.221+0530][285.525s] GC(140) Skipped phase 1 of Reference Processing: no references
[2025-06-03T16:05:12.221+0530][285.525s] GC(140) Skipped phase 2 of Reference Processing: no references
[2025-06-03T16:05:12.221+0530][285.525s] GC(140) Skipped phase 3 of Reference Processing: no references
[2025-06-03T16:05:12.221+0530][285.525s] GC(140) Skipped phase 4 of Reference Processing: no references
[2025-06-03T16:05:12.222+0530][285.527s] GC(140) Pause Remark 458M->458M(512M) 1.984ms
[2025-06-03T16:05:12.223+0530][285.527s] GC(140) User=0.00s Sys=0.00s Real=0.00s
[2025-06-03T16:05:12.223+0530][285.527s] GC(140) Concurrent Mark 464.911ms
[2025-06-03T16:05:12.223+0530][285.527s] GC(140) Concurrent Rebuild Remembered Sets
[2025-06-03T16:05:12.461+0530][285.765s] GC(140) Concurrent Rebuild Remembered Sets 237.937ms
[2025-06-03T16:05:12.461+0530][285.765s] GC(140) Pause Cleanup
[2025-06-03T16:05:12.461+0530][285.765s] GC(140) Pause Cleanup 463M->463M(512M) 0.183ms
[2025-06-03T16:05:12.461+0530][285.765s] GC(140) User=0.00s Sys=0.00s Real=0.00s
[2025-06-03T16:05:12.461+0530][285.765s] GC(140) Concurrent Cleanup for Next Mark
[2025-06-03T16:05:12.462+0530][285.766s] GC(140) Concurrent Cleanup for Next Mark 0.672ms
[2025-06-03T16:05:12.462+0530][285.766s] GC(140) Concurrent Mark Cycle 705.758ms
[2025-06-03T16:05:12.995+0530][286.300s] GC(141) Pause Young (Prepare Mixed) (G1 Evacuation Pause)
[2025-06-03T16:05:12.995+0530][286.300s] GC(141) Using 8 workers of 8 for evacuation
[2025-06-03T16:05:13.007+0530][286.312s] GC(141) Skipped phase 1 of Reference Processing: no references
[2025-06-03T16:05:13.007+0530][286.312s] GC(141) Skipped phase 2 of Reference Processing: no references
[2025-06-03T16:05:13.007+0530][286.312s] GC(141) Skipped phase 3 of Reference Processing: no references
[2025-06-03T16:05:13.007+0530][286.312s] GC(141) Skipped phase 4 of Reference Processing: no references
[2025-06-03T16:05:13.008+0530][286.312s] GC(141)   Pre Evacuate Collection Set: 0.1ms
[2025-06-03T16:05:13.008+0530][286.312s] GC(141)   Merge Heap Roots: 0.1ms
[2025-06-03T16:05:13.008+0530][286.312s] GC(141)   Evacuate Collection Set: 11.7ms
[2025-06-03T16:05:13.008+0530][286.312s] GC(141)   Post Evacuate Collection Set: 0.5ms
[2025-06-03T16:05:13.008+0530][286.312s] GC(141)   Other: 0.2ms
[2025-06-03T16:05:13.008+0530][286.312s] GC(141) Eden regions: 22->0(22)
[2025-06-03T16:05:13.008+0530][286.312s] GC(141) Survivor regions: 3->3(4)
[2025-06-03T16:05:13.008+0530][286.312s] GC(141) Old regions: 447->448
[2025-06-03T16:05:13.008+0530][286.312s] GC(141) Archive regions: 2->2
[2025-06-03T16:05:13.008+0530][286.312s] GC(141) Humongous regions: 0->0
[2025-06-03T16:05:13.008+0530][286.312s] GC(141) Metaspace: 20277K(20992K)->20277K(20992K) NonClass: 17750K(18176K)->17750K(18176K) Class: 2527K(2816K)->2527K(2816K)
[2025-06-03T16:05:13.008+0530][286.312s] GC(141) Pause Young (Prepare Mixed) (G1 Evacuation Pause) 471M->450M(512M) 12.695ms
[2025-06-03T16:05:13.008+0530][286.312s] GC(141) User=0.03s Sys=0.01s Real=0.01s
[2025-06-03T16:05:14.448+0530][287.752s] GC(142) Pause Young (Mixed) (G1 Evacuation Pause)
[2025-06-03T16:05:14.448+0530][287.752s] GC(142) Using 8 workers of 8 for evacuation
[2025-06-03T16:05:14.461+0530][287.765s] GC(142) Skipped phase 1 of Reference Processing: no references
[2025-06-03T16:05:14.461+0530][287.765s] GC(142) Skipped phase 2 of Reference Processing: no references
[2025-06-03T16:05:14.461+0530][287.765s] GC(142) Skipped phase 3 of Reference Processing: no references
[2025-06-03T16:05:14.461+0530][287.765s] GC(142) Skipped phase 4 of Reference Processing: no references
[2025-06-03T16:05:14.461+0530][287.765s] GC(142)   Pre Evacuate Collection Set: 0.1ms
[2025-06-03T16:05:14.461+0530][287.765s] GC(142)   Merge Heap Roots: 0.1ms
[2025-06-03T16:05:14.461+0530][287.765s] GC(142)   Evacuate Collection Set: 12.5ms
[2025-06-03T16:05:14.461+0530][287.765s] GC(142)   Post Evacuate Collection Set: 0.5ms
[2025-06-03T16:05:14.461+0530][287.765s] GC(142)   Other: 0.2ms
[2025-06-03T16:05:14.461+0530][287.765s] GC(142) Eden regions: 22->0(22)
[2025-06-03T16:05:14.461+0530][287.765s] GC(142) Survivor regions: 3->3(4)
[2025-06-03T16:05:14.461+0530][287.765s] GC(142) Old regions: 448->448
[2025-06-03T16:05:14.461+0530][287.765s] GC(142) Archive regions: 2->2
[2025-06-03T16:05:14.461+0530][287.765s] GC(142) Humongous regions: 0->0
[2025-06-03T16:05:14.461+0530][287.765s] GC(142) Metaspace: 20277K(20992K)->20277K(20992K) NonClass: 17750K(18176K)->17750K(18176K) Class: 2527K(2816K)->2527K(2816K)
[2025-06-03T16:05:14.461+0530][287.765s] GC(142) Pause Young (Mixed) (G1 Evacuation Pause) 472M->451M(512M) 13.522ms
[2025-06-03T16:05:14.461+0530][287.766s] GC(142) User=0.04s Sys=0.01s Real=0.02s
[2025-06-03T16:05:15.844+0530][289.149s] GC(143) Pause Young (Concurrent Start) (G1 Evacuation Pause)
[2025-06-03T16:05:15.845+0530][289.149s] GC(143) Using 8 workers of 8 for evacuation
[2025-06-03T16:05:15.856+0530][289.161s] GC(143) Skipped phase 1 of Reference Processing: no references
[2025-06-03T16:05:15.856+0530][289.161s] GC(143) Skipped phase 2 of Reference Processing: no references
[2025-06-03T16:05:15.856+0530][289.161s] GC(143) Skipped phase 3 of Reference Processing: no references
[2025-06-03T16:05:15.856+0530][289.161s] GC(143) Skipped phase 4 of Reference Processing: no references
[2025-06-03T16:05:15.857+0530][289.161s] GC(143)   Pre Evacuate Collection Set: 0.1ms
[2025-06-03T16:05:15.857+0530][289.161s] GC(143)   Merge Heap Roots: 0.1ms
[2025-06-03T16:05:15.857+0530][289.161s] GC(143)   Evacuate Collection Set: 11.6ms
[2025-06-03T16:05:15.857+0530][289.161s] GC(143)   Post Evacuate Collection Set: 0.5ms
[2025-06-03T16:05:15.857+0530][289.161s] GC(143)   Other: 0.2ms
[2025-06-03T16:05:15.857+0530][289.161s] GC(143) Eden regions: 22->0(22)
[2025-06-03T16:05:15.857+0530][289.161s] GC(143) Survivor regions: 3->3(4)
[2025-06-03T16:05:15.857+0530][289.161s] GC(143) Old regions: 448->449
[2025-06-03T16:05:15.857+0530][289.161s] GC(143) Archive regions: 2->2
[2025-06-03T16:05:15.857+0530][289.161s] GC(143) Humongous regions: 0->0
[2025-06-03T16:05:15.857+0530][289.161s] GC(143) Metaspace: 20277K(20992K)->20277K(20992K) NonClass: 17750K(18176K)->17750K(18176K) Class: 2527K(2816K)->2527K(2816K)
[2025-06-03T16:05:15.857+0530][289.161s] GC(143) Pause Young (Concurrent Start) (G1 Evacuation Pause) 473M->452M(512M) 12.607ms
[2025-06-03T16:05:15.857+0530][289.161s] GC(143) User=0.03s Sys=0.01s Real=0.01s
[2025-06-03T16:05:15.857+0530][289.161s] GC(144) Concurrent Mark Cycle
[2025-06-03T16:05:15.857+0530][289.161s] GC(144) Concurrent Clear Claimed Marks
[2025-06-03T16:05:15.857+0530][289.162s] GC(144) Concurrent Clear Claimed Marks 0.051ms
[2025-06-03T16:05:15.857+0530][289.162s] GC(144) Concurrent Scan Root Regions
[2025-06-03T16:05:15.859+0530][289.163s] GC(144) Concurrent Scan Root Regions 1.539ms
[2025-06-03T16:05:15.859+0530][289.163s] GC(144) Concurrent Mark
[2025-06-03T16:05:15.859+0530][289.163s] GC(144) Concurrent Mark From Roots
[2025-06-03T16:05:15.859+0530][289.163s] GC(144) Using 2 workers of 2 for marking
[2025-06-03T16:05:16.326+0530][289.630s] GC(144) Concurrent Mark From Roots 466.998ms
[2025-06-03T16:05:16.326+0530][289.630s] GC(144) Concurrent Preclean
[2025-06-03T16:05:16.326+0530][289.630s] GC(144) Preclean SoftReferences 0.030ms
[2025-06-03T16:05:16.326+0530][289.630s] GC(144) Preclean WeakReferences 0.061ms
[2025-06-03T16:05:16.326+0530][289.630s] GC(144) Preclean FinalReferences 0.003ms
[2025-06-03T16:05:16.326+0530][289.630s] GC(144) Preclean PhantomReferences 0.016ms
[2025-06-03T16:05:16.326+0530][289.630s] GC(144) Concurrent Preclean 0.175ms
[2025-06-03T16:05:16.326+0530][289.631s] GC(144) Pause Remark
[2025-06-03T16:05:16.326+0530][289.631s] GC(144) Skipped phase 1 of Reference Processing: no references
[2025-06-03T16:05:16.327+0530][289.631s] GC(144) Skipped phase 2 of Reference Processing: no references
[2025-06-03T16:05:16.327+0530][289.631s] GC(144) Skipped phase 3 of Reference Processing: no references
[2025-06-03T16:05:16.327+0530][289.631s] GC(144) Skipped phase 4 of Reference Processing: no references
[2025-06-03T16:05:16.328+0530][289.633s] GC(144) Pause Remark 461M->461M(512M) 1.989ms
[2025-06-03T16:05:16.328+0530][289.633s] GC(144) User=0.00s Sys=0.00s Real=0.00s
[2025-06-03T16:05:16.328+0530][289.633s] GC(144) Concurrent Mark 469.565ms
[2025-06-03T16:05:16.328+0530][289.633s] GC(144) Concurrent Rebuild Remembered Sets
[2025-06-03T16:05:16.566+0530][289.871s] GC(144) Concurrent Rebuild Remembered Sets 237.881ms
[2025-06-03T16:05:16.566+0530][289.871s] GC(144) Pause Cleanup
[2025-06-03T16:05:16.567+0530][289.871s] GC(144) Pause Cleanup 466M->466M(512M) 0.183ms
[2025-06-03T16:05:16.567+0530][289.871s] GC(144) User=0.00s Sys=0.00s Real=0.00s
[2025-06-03T16:05:16.567+0530][289.871s] GC(144) Concurrent Cleanup for Next Mark
[2025-06-03T16:05:16.568+0530][289.872s] GC(144) Concurrent Cleanup for Next Mark 0.693ms
[2025-06-03T16:05:16.568+0530][289.872s] GC(144) Concurrent Mark Cycle 710.440ms
[2025-06-03T16:05:17.142+0530][290.446s] GC(145) Pause Young (Prepare Mixed) (G1 Evacuation Pause)
[2025-06-03T16:05:17.142+0530][290.446s] GC(145) Using 8 workers of 8 for evacuation
[2025-06-03T16:05:17.155+0530][290.460s] GC(145) Skipped phase 1 of Reference Processing: no references
[2025-06-03T16:05:17.155+0530][290.460s] GC(145) Skipped phase 2 of Reference Processing: no references
[2025-06-03T16:05:17.155+0530][290.460s] GC(145) Skipped phase 3 of Reference Processing: no references
[2025-06-03T16:05:17.155+0530][290.460s] GC(145) Skipped phase 4 of Reference Processing: no references
[2025-06-03T16:05:17.156+0530][290.460s] GC(145)   Pre Evacuate Collection Set: 0.1ms
[2025-06-03T16:05:17.156+0530][290.460s] GC(145)   Merge Heap Roots: 0.1ms
[2025-06-03T16:05:17.156+0530][290.460s] GC(145)   Evacuate Collection Set: 13.1ms
[2025-06-03T16:05:17.156+0530][290.460s] GC(145)   Post Evacuate Collection Set: 0.4ms
[2025-06-03T16:05:17.156+0530][290.460s] GC(145)   Other: 0.3ms
[2025-06-03T16:05:17.156+0530][290.460s] GC(145) Eden regions: 22->0(22)
[2025-06-03T16:05:17.156+0530][290.460s] GC(145) Survivor regions: 3->3(4)
[2025-06-03T16:05:17.156+0530][290.460s] GC(145) Old regions: 449->450
[2025-06-03T16:05:17.156+0530][290.460s] GC(145) Archive regions: 2->2
[2025-06-03T16:05:17.156+0530][290.460s] GC(145) Humongous regions: 0->0
[2025-06-03T16:05:17.156+0530][290.460s] GC(145) Metaspace: 20277K(20992K)->20277K(20992K) NonClass: 17750K(18176K)->17750K(18176K) Class: 2527K(2816K)->2527K(2816K)
[2025-06-03T16:05:17.156+0530][290.460s] GC(145) Pause Young (Prepare Mixed) (G1 Evacuation Pause) 474M->453M(512M) 14.001ms
[2025-06-03T16:05:17.156+0530][290.460s] GC(145) User=0.03s Sys=0.01s Real=0.01s
[2025-06-03T16:05:18.748+0530][292.052s] GC(146) Pause Young (Mixed) (G1 Evacuation Pause)
[2025-06-03T16:05:18.748+0530][292.052s] GC(146) Using 8 workers of 8 for evacuation
[2025-06-03T16:05:18.760+0530][292.064s] GC(146) Skipped phase 1 of Reference Processing: no references
[2025-06-03T16:05:18.760+0530][292.064s] GC(146) Skipped phase 2 of Reference Processing: no references
[2025-06-03T16:05:18.760+0530][292.064s] GC(146) Skipped phase 3 of Reference Processing: no references
[2025-06-03T16:05:18.760+0530][292.064s] GC(146) Skipped phase 4 of Reference Processing: no references
[2025-06-03T16:05:18.760+0530][292.064s] GC(146)   Pre Evacuate Collection Set: 0.1ms
[2025-06-03T16:05:18.760+0530][292.065s] GC(146)   Merge Heap Roots: 0.0ms
[2025-06-03T16:05:18.760+0530][292.065s] GC(146)   Evacuate Collection Set: 11.9ms
[2025-06-03T16:05:18.760+0530][292.065s] GC(146)   Post Evacuate Collection Set: 0.4ms
[2025-06-03T16:05:18.760+0530][292.065s] GC(146)   Other: 0.2ms
[2025-06-03T16:05:18.760+0530][292.065s] GC(146) Eden regions: 22->0(22)
[2025-06-03T16:05:18.760+0530][292.065s] GC(146) Survivor regions: 3->3(4)
[2025-06-03T16:05:18.760+0530][292.065s] GC(146) Old regions: 450->451
[2025-06-03T16:05:18.760+0530][292.065s] GC(146) Archive regions: 2->2
[2025-06-03T16:05:18.760+0530][292.065s] GC(146) Humongous regions: 0->0
[2025-06-03T16:05:18.760+0530][292.065s] GC(146) Metaspace: 20277K(20992K)->20277K(20992K) NonClass: 17750K(18176K)->17750K(18176K) Class: 2527K(2816K)->2527K(2816K)
[2025-06-03T16:05:18.760+0530][292.065s] GC(146) Pause Young (Mixed) (G1 Evacuation Pause) 475M->454M(512M) 12.807ms
[2025-06-03T16:05:18.760+0530][292.065s] GC(146) User=0.05s Sys=0.01s Real=0.02s
[2025-06-03T16:05:20.626+0530][293.931s] GC(147) Pause Young (Concurrent Start) (G1 Evacuation Pause)
[2025-06-03T16:05:20.626+0530][293.931s] GC(147) Using 8 workers of 8 for evacuation
[2025-06-03T16:05:20.638+0530][293.942s] GC(147) Skipped phase 1 of Reference Processing: no references
[2025-06-03T16:05:20.638+0530][293.942s] GC(147) Skipped phase 2 of Reference Processing: no references
[2025-06-03T16:05:20.638+0530][293.943s] GC(147) Skipped phase 3 of Reference Processing: no references
[2025-06-03T16:05:20.638+0530][293.943s] GC(147) Skipped phase 4 of Reference Processing: no references
[2025-06-03T16:05:20.639+0530][293.943s] GC(147)   Pre Evacuate Collection Set: 0.1ms
[2025-06-03T16:05:20.639+0530][293.943s] GC(147)   Merge Heap Roots: 0.1ms
[2025-06-03T16:05:20.639+0530][293.943s] GC(147)   Evacuate Collection Set: 11.4ms
[2025-06-03T16:05:20.639+0530][293.943s] GC(147)   Post Evacuate Collection Set: 0.5ms
[2025-06-03T16:05:20.639+0530][293.943s] GC(147)   Other: 0.2ms
[2025-06-03T16:05:20.639+0530][293.943s] GC(147) Eden regions: 22->0(22)
[2025-06-03T16:05:20.639+0530][293.943s] GC(147) Survivor regions: 3->3(4)
[2025-06-03T16:05:20.639+0530][293.943s] GC(147) Old regions: 451->452
[2025-06-03T16:05:20.639+0530][293.943s] GC(147) Archive regions: 2->2
[2025-06-03T16:05:20.639+0530][293.943s] GC(147) Humongous regions: 0->0
[2025-06-03T16:05:20.639+0530][293.943s] GC(147) Metaspace: 20278K(20992K)->20278K(20992K) NonClass: 17750K(18176K)->17750K(18176K) Class: 2527K(2816K)->2527K(2816K)
[2025-06-03T16:05:20.639+0530][293.943s] GC(147) Pause Young (Concurrent Start) (G1 Evacuation Pause) 476M->455M(512M) 12.444ms
[2025-06-03T16:05:20.639+0530][293.943s] GC(147) User=0.03s Sys=0.00s Real=0.01s
[2025-06-03T16:05:20.639+0530][293.943s] GC(148) Concurrent Mark Cycle
[2025-06-03T16:05:20.639+0530][293.943s] GC(148) Concurrent Clear Claimed Marks
[2025-06-03T16:05:20.639+0530][293.943s] GC(148) Concurrent Clear Claimed Marks 0.039ms
[2025-06-03T16:05:20.639+0530][293.943s] GC(148) Concurrent Scan Root Regions
[2025-06-03T16:05:20.641+0530][293.945s] GC(148) Concurrent Scan Root Regions 1.553ms
[2025-06-03T16:05:20.641+0530][293.945s] GC(148) Concurrent Mark
[2025-06-03T16:05:20.641+0530][293.945s] GC(148) Concurrent Mark From Roots
[2025-06-03T16:05:20.641+0530][293.945s] GC(148) Using 2 workers of 2 for marking
[2025-06-03T16:05:21.110+0530][294.414s] GC(148) Concurrent Mark From Roots 469.417ms
[2025-06-03T16:05:21.110+0530][294.414s] GC(148) Concurrent Preclean
[2025-06-03T16:05:21.110+0530][294.414s] GC(148) Preclean SoftReferences 0.030ms
[2025-06-03T16:05:21.110+0530][294.415s] GC(148) Preclean WeakReferences 0.081ms
[2025-06-03T16:05:21.110+0530][294.415s] GC(148) Preclean FinalReferences 0.004ms
[2025-06-03T16:05:21.110+0530][294.415s] GC(148) Preclean PhantomReferences 0.016ms
[2025-06-03T16:05:21.110+0530][294.415s] GC(148) Concurrent Preclean 0.195ms
[2025-06-03T16:05:21.110+0530][294.415s] GC(148) Pause Remark
[2025-06-03T16:05:21.111+0530][294.415s] GC(148) Skipped phase 1 of Reference Processing: no references
[2025-06-03T16:05:21.111+0530][294.415s] GC(148) Skipped phase 2 of Reference Processing: no references
[2025-06-03T16:05:21.111+0530][294.415s] GC(148) Skipped phase 3 of Reference Processing: no references
[2025-06-03T16:05:21.111+0530][294.415s] GC(148) Skipped phase 4 of Reference Processing: no references
[2025-06-03T16:05:21.112+0530][294.417s] GC(148) Pause Remark 463M->463M(512M) 2.051ms
[2025-06-03T16:05:21.113+0530][294.417s] GC(148) User=0.01s Sys=0.00s Real=0.00s
[2025-06-03T16:05:21.113+0530][294.417s] GC(148) Concurrent Mark 472.059ms
[2025-06-03T16:05:21.113+0530][294.417s] GC(148) Concurrent Rebuild Remembered Sets
[2025-06-03T16:05:21.359+0530][294.664s] GC(148) Concurrent Rebuild Remembered Sets 246.604ms
[2025-06-03T16:05:21.359+0530][294.664s] GC(148) Pause Cleanup
[2025-06-03T16:05:21.360+0530][294.664s] GC(148) Pause Cleanup 467M->467M(512M) 0.251ms
[2025-06-03T16:05:21.360+0530][294.664s] GC(148) User=0.00s Sys=0.00s Real=0.01s
[2025-06-03T16:05:21.360+0530][294.664s] GC(148) Concurrent Cleanup for Next Mark
[2025-06-03T16:05:21.361+0530][294.665s] GC(148) Concurrent Cleanup for Next Mark 1.078ms
[2025-06-03T16:05:21.361+0530][294.665s] GC(148) Concurrent Mark Cycle 722.021ms
[2025-06-03T16:05:21.994+0530][295.298s] GC(149) Pause Young (Prepare Mixed) (G1 Evacuation Pause)
[2025-06-03T16:05:21.994+0530][295.298s] GC(149) Using 8 workers of 8 for evacuation
[2025-06-03T16:05:22.006+0530][295.310s] GC(149) Skipped phase 1 of Reference Processing: no references
[2025-06-03T16:05:22.006+0530][295.311s] GC(149) Skipped phase 2 of Reference Processing: no references
[2025-06-03T16:05:22.006+0530][295.311s] GC(149) Skipped phase 3 of Reference Processing: no references
[2025-06-03T16:05:22.006+0530][295.311s] GC(149) Skipped phase 4 of Reference Processing: no references
[2025-06-03T16:05:22.007+0530][295.311s] GC(149)   Pre Evacuate Collection Set: 0.1ms
[2025-06-03T16:05:22.007+0530][295.311s] GC(149)   Merge Heap Roots: 0.1ms
[2025-06-03T16:05:22.007+0530][295.311s] GC(149)   Evacuate Collection Set: 11.7ms
[2025-06-03T16:05:22.007+0530][295.311s] GC(149)   Post Evacuate Collection Set: 0.5ms
[2025-06-03T16:05:22.007+0530][295.311s] GC(149)   Other: 0.3ms
[2025-06-03T16:05:22.007+0530][295.311s] GC(149) Eden regions: 22->0(22)
[2025-06-03T16:05:22.007+0530][295.311s] GC(149) Survivor regions: 3->3(4)
[2025-06-03T16:05:22.007+0530][295.311s] GC(149) Old regions: 452->453
[2025-06-03T16:05:22.007+0530][295.311s] GC(149) Archive regions: 2->2
[2025-06-03T16:05:22.007+0530][295.311s] GC(149) Humongous regions: 0->0
[2025-06-03T16:05:22.007+0530][295.311s] GC(149) Metaspace: 20281K(20992K)->20281K(20992K) NonClass: 17753K(18176K)->17753K(18176K) Class: 2527K(2816K)->2527K(2816K)
[2025-06-03T16:05:22.007+0530][295.311s] GC(149) Pause Young (Prepare Mixed) (G1 Evacuation Pause) 477M->456M(512M) 12.795ms
[2025-06-03T16:05:22.007+0530][295.311s] GC(149) User=0.03s Sys=0.01s Real=0.01s
[2025-06-03T16:05:23.702+0530][297.006s] GC(150) Pause Young (Mixed) (G1 Evacuation Pause)
[2025-06-03T16:05:23.702+0530][297.006s] GC(150) Using 8 workers of 8 for evacuation
[2025-06-03T16:05:23.713+0530][297.018s] GC(150) Skipped phase 1 of Reference Processing: no references
[2025-06-03T16:05:23.713+0530][297.018s] GC(150) Skipped phase 2 of Reference Processing: no references
[2025-06-03T16:05:23.713+0530][297.018s] GC(150) Skipped phase 3 of Reference Processing: no references
[2025-06-03T16:05:23.713+0530][297.018s] GC(150) Skipped phase 4 of Reference Processing: no references
[2025-06-03T16:05:23.714+0530][297.018s] GC(150)   Pre Evacuate Collection Set: 0.1ms
[2025-06-03T16:05:23.714+0530][297.018s] GC(150)   Merge Heap Roots: 0.1ms
[2025-06-03T16:05:23.714+0530][297.018s] GC(150)   Evacuate Collection Set: 11.0ms
[2025-06-03T16:05:23.714+0530][297.018s] GC(150)   Post Evacuate Collection Set: 0.4ms
[2025-06-03T16:05:23.714+0530][297.018s] GC(150)   Other: 0.4ms
[2025-06-03T16:05:23.714+0530][297.018s] GC(150) Eden regions: 22->0(22)
[2025-06-03T16:05:23.714+0530][297.018s] GC(150) Survivor regions: 3->3(4)
[2025-06-03T16:05:23.714+0530][297.018s] GC(150) Old regions: 453->454
[2025-06-03T16:05:23.714+0530][297.018s] GC(150) Archive regions: 2->2
[2025-06-03T16:05:23.714+0530][297.018s] GC(150) Humongous regions: 0->0
[2025-06-03T16:05:23.714+0530][297.018s] GC(150) Metaspace: 20285K(20992K)->20285K(20992K) NonClass: 17757K(18176K)->17757K(18176K) Class: 2527K(2816K)->2527K(2816K)
[2025-06-03T16:05:23.714+0530][297.018s] GC(150) Pause Young (Mixed) (G1 Evacuation Pause) 478M->457M(512M) 12.101ms
[2025-06-03T16:05:23.714+0530][297.018s] GC(150) User=0.04s Sys=0.01s Real=0.01s
[2025-06-03T16:05:25.597+0530][298.901s] GC(151) Pause Young (Concurrent Start) (G1 Evacuation Pause)
[2025-06-03T16:05:25.597+0530][298.901s] GC(151) Using 8 workers of 8 for evacuation
[2025-06-03T16:05:25.610+0530][298.914s] GC(151) Skipped phase 1 of Reference Processing: no references
[2025-06-03T16:05:25.610+0530][298.914s] GC(151) Skipped phase 2 of Reference Processing: no references
[2025-06-03T16:05:25.610+0530][298.914s] GC(151) Skipped phase 3 of Reference Processing: no references
[2025-06-03T16:05:25.610+0530][298.914s] GC(151) Skipped phase 4 of Reference Processing: no references
[2025-06-03T16:05:25.610+0530][298.914s] GC(151)   Pre Evacuate Collection Set: 0.1ms
[2025-06-03T16:05:25.610+0530][298.914s] GC(151)   Merge Heap Roots: 0.1ms
[2025-06-03T16:05:25.610+0530][298.915s] GC(151)   Evacuate Collection Set: 12.3ms
[2025-06-03T16:05:25.610+0530][298.915s] GC(151)   Post Evacuate Collection Set: 0.4ms
[2025-06-03T16:05:25.610+0530][298.915s] GC(151)   Other: 0.3ms
[2025-06-03T16:05:25.610+0530][298.915s] GC(151) Eden regions: 22->0(22)
[2025-06-03T16:05:25.610+0530][298.915s] GC(151) Survivor regions: 3->3(4)
[2025-06-03T16:05:25.610+0530][298.915s] GC(151) Old regions: 454->455
[2025-06-03T16:05:25.610+0530][298.915s] GC(151) Archive regions: 2->2
[2025-06-03T16:05:25.610+0530][298.915s] GC(151) Humongous regions: 0->0
[2025-06-03T16:05:25.610+0530][298.915s] GC(151) Metaspace: 20285K(20992K)->20285K(20992K) NonClass: 17757K(18176K)->17757K(18176K) Class: 2527K(2816K)->2527K(2816K)
[2025-06-03T16:05:25.610+0530][298.915s] GC(151) Pause Young (Concurrent Start) (G1 Evacuation Pause) 479M->458M(512M) 13.346ms
[2025-06-03T16:05:25.610+0530][298.915s] GC(151) User=0.03s Sys=0.01s Real=0.02s
[2025-06-03T16:05:25.610+0530][298.915s] GC(152) Concurrent Mark Cycle
[2025-06-03T16:05:25.610+0530][298.915s] GC(152) Concurrent Clear Claimed Marks
[2025-06-03T16:05:25.610+0530][298.915s] GC(152) Concurrent Clear Claimed Marks 0.029ms
[2025-06-03T16:05:25.610+0530][298.915s] GC(152) Concurrent Scan Root Regions
[2025-06-03T16:05:25.612+0530][298.916s] GC(152) Concurrent Scan Root Regions 1.501ms
[2025-06-03T16:05:25.612+0530][298.916s] GC(152) Concurrent Mark
[2025-06-03T16:05:25.612+0530][298.916s] GC(152) Concurrent Mark From Roots
[2025-06-03T16:05:25.612+0530][298.916s] GC(152) Using 2 workers of 2 for marking
[2025-06-03T16:05:26.120+0530][299.425s] GC(152) Concurrent Mark From Roots 508.195ms
[2025-06-03T16:05:26.120+0530][299.425s] GC(152) Concurrent Preclean
[2025-06-03T16:05:26.120+0530][299.425s] GC(152) Preclean SoftReferences 0.029ms
[2025-06-03T16:05:26.120+0530][299.425s] GC(152) Preclean WeakReferences 0.071ms
[2025-06-03T16:05:26.120+0530][299.425s] GC(152) Preclean FinalReferences 0.004ms
[2025-06-03T16:05:26.120+0530][299.425s] GC(152) Preclean PhantomReferences 0.016ms
[2025-06-03T16:05:26.120+0530][299.425s] GC(152) Concurrent Preclean 0.188ms
[2025-06-03T16:05:26.121+0530][299.425s] GC(152) Pause Remark
[2025-06-03T16:05:26.121+0530][299.425s] GC(152) Skipped phase 1 of Reference Processing: no references
[2025-06-03T16:05:26.121+0530][299.425s] GC(152) Skipped phase 2 of Reference Processing: no references
[2025-06-03T16:05:26.121+0530][299.425s] GC(152) Skipped phase 3 of Reference Processing: no references
[2025-06-03T16:05:26.121+0530][299.425s] GC(152) Skipped phase 4 of Reference Processing: no references
[2025-06-03T16:05:26.122+0530][299.427s] GC(152) Pause Remark 466M->466M(512M) 1.918ms
[2025-06-03T16:05:26.123+0530][299.427s] GC(152) User=0.00s Sys=0.00s Real=0.00s
[2025-06-03T16:05:26.123+0530][299.427s] GC(152) Concurrent Mark 510.681ms
[2025-06-03T16:05:26.123+0530][299.427s] GC(152) Concurrent Rebuild Remembered Sets
[2025-06-03T16:05:26.365+0530][299.669s] GC(152) Concurrent Rebuild Remembered Sets 242.165ms
[2025-06-03T16:05:26.365+0530][299.669s] GC(152) Pause Cleanup
[2025-06-03T16:05:26.365+0530][299.670s] GC(152) Pause Cleanup 471M->471M(512M) 0.173ms
[2025-06-03T16:05:26.365+0530][299.670s] GC(152) User=0.00s Sys=0.00s Real=0.00s
[2025-06-03T16:05:26.365+0530][299.670s] GC(152) Concurrent Cleanup for Next Mark
[2025-06-03T16:05:26.366+0530][299.670s] GC(152) Concurrent Cleanup for Next Mark 0.683ms
[2025-06-03T16:05:26.366+0530][299.670s] GC(152) Concurrent Mark Cycle 755.663ms
[2025-06-03T16:05:26.944+0530][300.249s] GC(153) Pause Young (Prepare Mixed) (G1 Evacuation Pause)
[2025-06-03T16:05:26.944+0530][300.249s] GC(153) Using 8 workers of 8 for evacuation
[2025-06-03T16:05:26.957+0530][300.261s] GC(153) Skipped phase 1 of Reference Processing: no references
[2025-06-03T16:05:26.957+0530][300.261s] GC(153) Skipped phase 2 of Reference Processing: no references
[2025-06-03T16:05:26.957+0530][300.261s] GC(153) Skipped phase 3 of Reference Processing: no references
[2025-06-03T16:05:26.957+0530][300.261s] GC(153) Skipped phase 4 of Reference Processing: no references
[2025-06-03T16:05:26.957+0530][300.262s] GC(153)   Pre Evacuate Collection Set: 0.1ms
[2025-06-03T16:05:26.957+0530][300.262s] GC(153)   Merge Heap Roots: 0.1ms
[2025-06-03T16:05:26.957+0530][300.262s] GC(153)   Evacuate Collection Set: 12.2ms
[2025-06-03T16:05:26.957+0530][300.262s] GC(153)   Post Evacuate Collection Set: 0.5ms
[2025-06-03T16:05:26.957+0530][300.262s] GC(153)   Other: 0.3ms
[2025-06-03T16:05:26.957+0530][300.262s] GC(153) Eden regions: 22->0(22)
[2025-06-03T16:05:26.957+0530][300.262s] GC(153) Survivor regions: 3->3(4)
[2025-06-03T16:05:26.957+0530][300.262s] GC(153) Old regions: 455->456
[2025-06-03T16:05:26.957+0530][300.262s] GC(153) Archive regions: 2->2
[2025-06-03T16:05:26.957+0530][300.262s] GC(153) Humongous regions: 0->0
[2025-06-03T16:05:26.957+0530][300.262s] GC(153) Metaspace: 20285K(20992K)->20285K(20992K) NonClass: 17757K(18176K)->17757K(18176K) Class: 2527K(2816K)->2527K(2816K)
[2025-06-03T16:05:26.957+0530][300.262s] GC(153) Pause Young (Prepare Mixed) (G1 Evacuation Pause) 480M->459M(512M) 13.284ms
[2025-06-03T16:05:26.957+0530][300.262s] GC(153) User=0.03s Sys=0.02s Real=0.01s
[2025-06-03T16:05:28.350+0530][301.654s] GC(154) Pause Young (Mixed) (G1 Evacuation Pause)
[2025-06-03T16:05:28.350+0530][301.654s] GC(154) Using 8 workers of 8 for evacuation
[2025-06-03T16:05:28.362+0530][301.666s] GC(154) Skipped phase 1 of Reference Processing: no references
[2025-06-03T16:05:28.362+0530][301.666s] GC(154) Skipped phase 2 of Reference Processing: no references
[2025-06-03T16:05:28.362+0530][301.666s] GC(154) Skipped phase 3 of Reference Processing: no references
[2025-06-03T16:05:28.362+0530][301.666s] GC(154) Skipped phase 4 of Reference Processing: no references
[2025-06-03T16:05:28.362+0530][301.667s] GC(154)   Pre Evacuate Collection Set: 0.1ms
[2025-06-03T16:05:28.362+0530][301.667s] GC(154)   Merge Heap Roots: 0.1ms
[2025-06-03T16:05:28.362+0530][301.667s] GC(154)   Evacuate Collection Set: 11.8ms
[2025-06-03T16:05:28.362+0530][301.667s] GC(154)   Post Evacuate Collection Set: 0.4ms
[2025-06-03T16:05:28.362+0530][301.667s] GC(154)   Other: 0.2ms
[2025-06-03T16:05:28.362+0530][301.667s] GC(154) Eden regions: 22->0(22)
[2025-06-03T16:05:28.362+0530][301.667s] GC(154) Survivor regions: 3->3(4)
[2025-06-03T16:05:28.362+0530][301.667s] GC(154) Old regions: 456->456
[2025-06-03T16:05:28.362+0530][301.667s] GC(154) Archive regions: 2->2
[2025-06-03T16:05:28.362+0530][301.667s] GC(154) Humongous regions: 0->0
[2025-06-03T16:05:28.362+0530][301.667s] GC(154) Metaspace: 20285K(20992K)->20285K(20992K) NonClass: 17757K(18176K)->17757K(18176K) Class: 2527K(2816K)->2527K(2816K)
[2025-06-03T16:05:28.362+0530][301.667s] GC(154) Pause Young (Mixed) (G1 Evacuation Pause) 481M->459M(512M) 12.737ms
[2025-06-03T16:05:28.362+0530][301.667s] GC(154) User=0.04s Sys=0.01s Real=0.02s
[2025-06-03T16:05:29.794+0530][303.098s] GC(155) Pause Young (Concurrent Start) (G1 Evacuation Pause)
[2025-06-03T16:05:29.794+0530][303.099s] GC(155) Using 8 workers of 8 for evacuation
[2025-06-03T16:05:29.806+0530][303.111s] GC(155) Skipped phase 1 of Reference Processing: no references
[2025-06-03T16:05:29.806+0530][303.111s] GC(155) Skipped phase 2 of Reference Processing: no references
[2025-06-03T16:05:29.806+0530][303.111s] GC(155) Skipped phase 3 of Reference Processing: no references
[2025-06-03T16:05:29.806+0530][303.111s] GC(155) Skipped phase 4 of Reference Processing: no references
[2025-06-03T16:05:29.807+0530][303.111s] GC(155)   Pre Evacuate Collection Set: 0.1ms
[2025-06-03T16:05:29.807+0530][303.111s] GC(155)   Merge Heap Roots: 0.1ms
[2025-06-03T16:05:29.807+0530][303.111s] GC(155)   Evacuate Collection Set: 11.8ms
[2025-06-03T16:05:29.807+0530][303.111s] GC(155)   Post Evacuate Collection Set: 0.4ms
[2025-06-03T16:05:29.807+0530][303.111s] GC(155)   Other: 0.3ms
[2025-06-03T16:05:29.807+0530][303.111s] GC(155) Eden regions: 22->0(22)
[2025-06-03T16:05:29.807+0530][303.111s] GC(155) Survivor regions: 3->3(4)
[2025-06-03T16:05:29.807+0530][303.111s] GC(155) Old regions: 456->457
[2025-06-03T16:05:29.807+0530][303.111s] GC(155) Archive regions: 2->2
[2025-06-03T16:05:29.807+0530][303.111s] GC(155) Humongous regions: 0->0
[2025-06-03T16:05:29.807+0530][303.111s] GC(155) Metaspace: 20285K(20992K)->20285K(20992K) NonClass: 17757K(18176K)->17757K(18176K) Class: 2527K(2816K)->2527K(2816K)
[2025-06-03T16:05:29.807+0530][303.111s] GC(155) Pause Young (Concurrent Start) (G1 Evacuation Pause) 481M->460M(512M) 12.875ms
[2025-06-03T16:05:29.807+0530][303.111s] GC(155) User=0.03s Sys=0.01s Real=0.01s
[2025-06-03T16:05:29.807+0530][303.111s] GC(156) Concurrent Mark Cycle
[2025-06-03T16:05:29.807+0530][303.111s] GC(156) Concurrent Clear Claimed Marks
[2025-06-03T16:05:29.807+0530][303.112s] GC(156) Concurrent Clear Claimed Marks 0.051ms
[2025-06-03T16:05:29.807+0530][303.112s] GC(156) Concurrent Scan Root Regions
[2025-06-03T16:05:29.809+0530][303.113s] GC(156) Concurrent Scan Root Regions 1.591ms
[2025-06-03T16:05:29.809+0530][303.113s] GC(156) Concurrent Mark
[2025-06-03T16:05:29.809+0530][303.113s] GC(156) Concurrent Mark From Roots
[2025-06-03T16:05:29.809+0530][303.113s] GC(156) Using 2 workers of 2 for marking
[2025-06-03T16:05:30.268+0530][303.573s] GC(156) Concurrent Mark From Roots 459.550ms
[2025-06-03T16:05:30.268+0530][303.573s] GC(156) Concurrent Preclean
[2025-06-03T16:05:30.268+0530][303.573s] GC(156) Preclean SoftReferences 0.030ms
[2025-06-03T16:05:30.268+0530][303.573s] GC(156) Preclean WeakReferences 0.053ms
[2025-06-03T16:05:30.268+0530][303.573s] GC(156) Preclean FinalReferences 0.004ms
[2025-06-03T16:05:30.268+0530][303.573s] GC(156) Preclean PhantomReferences 0.016ms
[2025-06-03T16:05:30.269+0530][303.573s] GC(156) Concurrent Preclean 0.170ms
[2025-06-03T16:05:30.269+0530][303.573s] GC(156) Pause Remark
[2025-06-03T16:05:30.269+0530][303.573s] GC(156) Skipped phase 1 of Reference Processing: no references
[2025-06-03T16:05:30.269+0530][303.573s] GC(156) Skipped phase 2 of Reference Processing: no references
[2025-06-03T16:05:30.269+0530][303.573s] GC(156) Skipped phase 3 of Reference Processing: no references
[2025-06-03T16:05:30.269+0530][303.573s] GC(156) Skipped phase 4 of Reference Processing: no references
[2025-06-03T16:05:30.271+0530][303.575s] GC(156) Pause Remark 469M->469M(512M) 1.976ms
[2025-06-03T16:05:30.271+0530][303.575s] GC(156) User=0.01s Sys=0.00s Real=0.01s
[2025-06-03T16:05:30.271+0530][303.575s] GC(156) Concurrent Mark 462.082ms
[2025-06-03T16:05:30.271+0530][303.575s] GC(156) Concurrent Rebuild Remembered Sets
[2025-06-03T16:05:30.512+0530][303.817s] GC(156) Concurrent Rebuild Remembered Sets 241.578ms
[2025-06-03T16:05:30.513+0530][303.817s] GC(156) Pause Cleanup
[2025-06-03T16:05:30.513+0530][303.817s] GC(156) Pause Cleanup 474M->474M(512M) 0.168ms
[2025-06-03T16:05:30.513+0530][303.817s] GC(156) User=0.00s Sys=0.00s Real=0.00s
[2025-06-03T16:05:30.513+0530][303.817s] GC(156) Concurrent Cleanup for Next Mark
[2025-06-03T16:05:30.513+0530][303.818s] GC(156) Concurrent Cleanup for Next Mark 0.643ms
[2025-06-03T16:05:30.514+0530][303.818s] GC(156) Concurrent Mark Cycle 706.558ms
[2025-06-03T16:05:31.056+0530][304.360s] GC(157) Pause Young (Prepare Mixed) (G1 Evacuation Pause)
[2025-06-03T16:05:31.056+0530][304.360s] GC(157) Using 8 workers of 8 for evacuation
[2025-06-03T16:05:31.067+0530][304.372s] GC(157) Skipped phase 1 of Reference Processing: no references
[2025-06-03T16:05:31.067+0530][304.372s] GC(157) Skipped phase 2 of Reference Processing: no references
[2025-06-03T16:05:31.067+0530][304.372s] GC(157) Skipped phase 3 of Reference Processing: no references
[2025-06-03T16:05:31.067+0530][304.372s] GC(157) Skipped phase 4 of Reference Processing: no references
[2025-06-03T16:05:31.068+0530][304.372s] GC(157)   Pre Evacuate Collection Set: 0.1ms
[2025-06-03T16:05:31.068+0530][304.372s] GC(157)   Merge Heap Roots: 0.1ms
[2025-06-03T16:05:31.068+0530][304.372s] GC(157)   Evacuate Collection Set: 11.3ms
[2025-06-03T16:05:31.068+0530][304.372s] GC(157)   Post Evacuate Collection Set: 0.4ms
[2025-06-03T16:05:31.068+0530][304.372s] GC(157)   Other: 0.2ms
[2025-06-03T16:05:31.068+0530][304.372s] GC(157) Eden regions: 22->0(22)
[2025-06-03T16:05:31.068+0530][304.372s] GC(157) Survivor regions: 3->3(4)
[2025-06-03T16:05:31.068+0530][304.372s] GC(157) Old regions: 457->458
[2025-06-03T16:05:31.068+0530][304.372s] GC(157) Archive regions: 2->2
[2025-06-03T16:05:31.068+0530][304.372s] GC(157) Humongous regions: 0->0
[2025-06-03T16:05:31.068+0530][304.372s] GC(157) Metaspace: 20285K(20992K)->20285K(20992K) NonClass: 17757K(18176K)->17757K(18176K) Class: 2527K(2816K)->2527K(2816K)
[2025-06-03T16:05:31.068+0530][304.372s] GC(157) Pause Young (Prepare Mixed) (G1 Evacuation Pause) 482M->461M(512M) 12.246ms
[2025-06-03T16:05:31.068+0530][304.372s] GC(157) User=0.03s Sys=0.00s Real=0.01s
[2025-06-03T16:05:32.494+0530][305.799s] GC(158) Pause Young (Mixed) (G1 Evacuation Pause)
[2025-06-03T16:05:32.494+0530][305.799s] GC(158) Using 8 workers of 8 for evacuation
[2025-06-03T16:05:32.507+0530][305.811s] GC(158) Skipped phase 1 of Reference Processing: no references
[2025-06-03T16:05:32.507+0530][305.811s] GC(158) Skipped phase 2 of Reference Processing: no references
[2025-06-03T16:05:32.507+0530][305.811s] GC(158) Skipped phase 3 of Reference Processing: no references
[2025-06-03T16:05:32.507+0530][305.811s] GC(158) Skipped phase 4 of Reference Processing: no references
[2025-06-03T16:05:32.507+0530][305.812s] GC(158)   Pre Evacuate Collection Set: 0.1ms
[2025-06-03T16:05:32.507+0530][305.812s] GC(158)   Merge Heap Roots: 0.1ms
[2025-06-03T16:05:32.507+0530][305.812s] GC(158)   Evacuate Collection Set: 12.1ms
[2025-06-03T16:05:32.507+0530][305.812s] GC(158)   Post Evacuate Collection Set: 0.5ms
[2025-06-03T16:05:32.507+0530][305.812s] GC(158)   Other: 0.2ms
[2025-06-03T16:05:32.507+0530][305.812s] GC(158) Eden regions: 22->0(22)
[2025-06-03T16:05:32.507+0530][305.812s] GC(158) Survivor regions: 3->3(4)
[2025-06-03T16:05:32.507+0530][305.812s] GC(158) Old regions: 458->459
[2025-06-03T16:05:32.507+0530][305.812s] GC(158) Archive regions: 2->2
[2025-06-03T16:05:32.507+0530][305.812s] GC(158) Humongous regions: 0->0
[2025-06-03T16:05:32.507+0530][305.812s] GC(158) Metaspace: 20285K(20992K)->20285K(20992K) NonClass: 17757K(18176K)->17757K(18176K) Class: 2527K(2816K)->2527K(2816K)
[2025-06-03T16:05:32.507+0530][305.812s] GC(158) Pause Young (Mixed) (G1 Evacuation Pause) 483M->462M(512M) 13.090ms
[2025-06-03T16:05:32.507+0530][305.812s] GC(158) User=0.05s Sys=0.01s Real=0.01s
[2025-06-03T16:05:33.891+0530][307.196s] GC(159) Pause Young (Concurrent Start) (G1 Evacuation Pause)
[2025-06-03T16:05:33.891+0530][307.196s] GC(159) Using 8 workers of 8 for evacuation
[2025-06-03T16:05:33.905+0530][307.209s] GC(159) Skipped phase 1 of Reference Processing: no references
[2025-06-03T16:05:33.905+0530][307.209s] GC(159) Skipped phase 2 of Reference Processing: no references
[2025-06-03T16:05:33.905+0530][307.209s] GC(159) Skipped phase 3 of Reference Processing: no references
[2025-06-03T16:05:33.905+0530][307.209s] GC(159) Skipped phase 4 of Reference Processing: no references
[2025-06-03T16:05:33.905+0530][307.210s] GC(159)   Pre Evacuate Collection Set: 0.1ms
[2025-06-03T16:05:33.905+0530][307.210s] GC(159)   Merge Heap Roots: 0.1ms
[2025-06-03T16:05:33.905+0530][307.210s] GC(159)   Evacuate Collection Set: 12.9ms
[2025-06-03T16:05:33.905+0530][307.210s] GC(159)   Post Evacuate Collection Set: 0.4ms
[2025-06-03T16:05:33.905+0530][307.210s] GC(159)   Other: 0.3ms
[2025-06-03T16:05:33.905+0530][307.210s] GC(159) Eden regions: 22->0(22)
[2025-06-03T16:05:33.905+0530][307.210s] GC(159) Survivor regions: 3->3(4)
[2025-06-03T16:05:33.905+0530][307.210s] GC(159) Old regions: 459->460
[2025-06-03T16:05:33.905+0530][307.210s] GC(159) Archive regions: 2->2
[2025-06-03T16:05:33.905+0530][307.210s] GC(159) Humongous regions: 0->0
[2025-06-03T16:05:33.905+0530][307.210s] GC(159) Metaspace: 20285K(20992K)->20285K(20992K) NonClass: 17757K(18176K)->17757K(18176K) Class: 2527K(2816K)->2527K(2816K)
[2025-06-03T16:05:33.905+0530][307.210s] GC(159) Pause Young (Concurrent Start) (G1 Evacuation Pause) 484M->463M(512M) 13.896ms
[2025-06-03T16:05:33.905+0530][307.210s] GC(159) User=0.03s Sys=0.01s Real=0.01s
[2025-06-03T16:05:33.905+0530][307.210s] GC(160) Concurrent Mark Cycle
[2025-06-03T16:05:33.905+0530][307.210s] GC(160) Concurrent Clear Claimed Marks
[2025-06-03T16:05:33.905+0530][307.210s] GC(160) Concurrent Clear Claimed Marks 0.052ms
[2025-06-03T16:05:33.905+0530][307.210s] GC(160) Concurrent Scan Root Regions
[2025-06-03T16:05:33.907+0530][307.212s] GC(160) Concurrent Scan Root Regions 1.657ms
[2025-06-03T16:05:33.907+0530][307.212s] GC(160) Concurrent Mark
[2025-06-03T16:05:33.907+0530][307.212s] GC(160) Concurrent Mark From Roots
[2025-06-03T16:05:33.907+0530][307.212s] GC(160) Using 2 workers of 2 for marking
[2025-06-03T16:05:34.395+0530][307.700s] GC(160) Concurrent Mark From Roots 487.802ms
[2025-06-03T16:05:34.395+0530][307.700s] GC(160) Concurrent Preclean
[2025-06-03T16:05:34.395+0530][307.700s] GC(160) Preclean SoftReferences 0.028ms
[2025-06-03T16:05:34.395+0530][307.700s] GC(160) Preclean WeakReferences 0.059ms
[2025-06-03T16:05:34.395+0530][307.700s] GC(160) Preclean FinalReferences 0.004ms
[2025-06-03T16:05:34.395+0530][307.700s] GC(160) Preclean PhantomReferences 0.016ms
[2025-06-03T16:05:34.395+0530][307.700s] GC(160) Concurrent Preclean 0.174ms
[2025-06-03T16:05:34.395+0530][307.700s] GC(160) Pause Remark
[2025-06-03T16:05:34.396+0530][307.700s] GC(160) Skipped phase 1 of Reference Processing: no references
[2025-06-03T16:05:34.396+0530][307.700s] GC(160) Skipped phase 2 of Reference Processing: no references
[2025-06-03T16:05:34.396+0530][307.700s] GC(160) Skipped phase 3 of Reference Processing: no references
[2025-06-03T16:05:34.396+0530][307.700s] GC(160) Skipped phase 4 of Reference Processing: no references
[2025-06-03T16:05:34.397+0530][307.702s] GC(160) Pause Remark 472M->472M(512M) 1.756ms
[2025-06-03T16:05:34.397+0530][307.702s] GC(160) User=0.00s Sys=0.00s Real=0.00s
[2025-06-03T16:05:34.397+0530][307.702s] GC(160) Concurrent Mark 490.047ms
[2025-06-03T16:05:34.397+0530][307.702s] GC(160) Concurrent Rebuild Remembered Sets
[2025-06-03T16:05:34.644+0530][307.948s] GC(160) Concurrent Rebuild Remembered Sets 246.329ms
[2025-06-03T16:05:34.644+0530][307.948s] GC(160) Pause Cleanup
[2025-06-03T16:05:34.644+0530][307.949s] GC(160) Pause Cleanup 476M->476M(512M) 0.170ms
[2025-06-03T16:05:34.644+0530][307.949s] GC(160) User=0.00s Sys=0.00s Real=0.00s
[2025-06-03T16:05:34.644+0530][307.949s] GC(160) Concurrent Cleanup for Next Mark
[2025-06-03T16:05:34.645+0530][307.949s] GC(160) Concurrent Cleanup for Next Mark 0.487ms
[2025-06-03T16:05:34.645+0530][307.949s] GC(160) Concurrent Mark Cycle 739.186ms
[2025-06-03T16:05:35.195+0530][308.500s] GC(161) Pause Young (Prepare Mixed) (G1 Evacuation Pause)
[2025-06-03T16:05:35.195+0530][308.500s] GC(161) Using 8 workers of 8 for evacuation
[2025-06-03T16:05:35.208+0530][308.512s] GC(161) Skipped phase 1 of Reference Processing: no references
[2025-06-03T16:05:35.208+0530][308.512s] GC(161) Skipped phase 2 of Reference Processing: no references
[2025-06-03T16:05:35.208+0530][308.512s] GC(161) Skipped phase 3 of Reference Processing: no references
[2025-06-03T16:05:35.208+0530][308.512s] GC(161) Skipped phase 4 of Reference Processing: no references
[2025-06-03T16:05:35.208+0530][308.513s] GC(161)   Pre Evacuate Collection Set: 0.1ms
[2025-06-03T16:05:35.208+0530][308.513s] GC(161)   Merge Heap Roots: 0.1ms
[2025-06-03T16:05:35.208+0530][308.513s] GC(161)   Evacuate Collection Set: 12.2ms
[2025-06-03T16:05:35.208+0530][308.513s] GC(161)   Post Evacuate Collection Set: 0.5ms
[2025-06-03T16:05:35.208+0530][308.513s] GC(161)   Other: 0.2ms
[2025-06-03T16:05:35.208+0530][308.513s] GC(161) Eden regions: 22->0(22)
[2025-06-03T16:05:35.208+0530][308.513s] GC(161) Survivor regions: 3->3(4)
[2025-06-03T16:05:35.208+0530][308.513s] GC(161) Old regions: 460->461
[2025-06-03T16:05:35.208+0530][308.513s] GC(161) Archive regions: 2->2
[2025-06-03T16:05:35.208+0530][308.513s] GC(161) Humongous regions: 0->0
[2025-06-03T16:05:35.208+0530][308.513s] GC(161) Metaspace: 20285K(20992K)->20285K(20992K) NonClass: 17757K(18176K)->17757K(18176K) Class: 2527K(2816K)->2527K(2816K)
[2025-06-03T16:05:35.208+0530][308.513s] GC(161) Pause Young (Prepare Mixed) (G1 Evacuation Pause) 485M->464M(512M) 13.258ms
[2025-06-03T16:05:35.208+0530][308.513s] GC(161) User=0.04s Sys=0.01s Real=0.01s
[2025-06-03T16:05:36.755+0530][310.059s] GC(162) Pause Young (Mixed) (G1 Evacuation Pause)
[2025-06-03T16:05:36.755+0530][310.059s] GC(162) Using 8 workers of 8 for evacuation
[2025-06-03T16:05:36.767+0530][310.071s] GC(162) Skipped phase 1 of Reference Processing: no references
[2025-06-03T16:05:36.767+0530][310.071s] GC(162) Skipped phase 2 of Reference Processing: no references
[2025-06-03T16:05:36.767+0530][310.071s] GC(162) Skipped phase 3 of Reference Processing: no references
[2025-06-03T16:05:36.767+0530][310.071s] GC(162) Skipped phase 4 of Reference Processing: no references
[2025-06-03T16:05:36.767+0530][310.072s] GC(162)   Pre Evacuate Collection Set: 0.1ms
[2025-06-03T16:05:36.767+0530][310.072s] GC(162)   Merge Heap Roots: 0.1ms
[2025-06-03T16:05:36.767+0530][310.072s] GC(162)   Evacuate Collection Set: 11.6ms
[2025-06-03T16:05:36.767+0530][310.072s] GC(162)   Post Evacuate Collection Set: 0.5ms
[2025-06-03T16:05:36.767+0530][310.072s] GC(162)   Other: 0.2ms
[2025-06-03T16:05:36.767+0530][310.072s] GC(162) Eden regions: 22->0(22)
[2025-06-03T16:05:36.767+0530][310.072s] GC(162) Survivor regions: 3->3(4)
[2025-06-03T16:05:36.767+0530][310.072s] GC(162) Old regions: 461->462
[2025-06-03T16:05:36.767+0530][310.072s] GC(162) Archive regions: 2->2
[2025-06-03T16:05:36.767+0530][310.072s] GC(162) Humongous regions: 0->0
[2025-06-03T16:05:36.767+0530][310.072s] GC(162) Metaspace: 20285K(20992K)->20285K(20992K) NonClass: 17757K(18176K)->17757K(18176K) Class: 2527K(2816K)->2527K(2816K)
[2025-06-03T16:05:36.767+0530][310.072s] GC(162) Pause Young (Mixed) (G1 Evacuation Pause) 486M->465M(512M) 12.547ms
[2025-06-03T16:05:36.767+0530][310.072s] GC(162) User=0.04s Sys=0.01s Real=0.01s
[2025-06-03T16:05:38.596+0530][311.901s] GC(163) Pause Young (Concurrent Start) (G1 Evacuation Pause)
[2025-06-03T16:05:38.596+0530][311.901s] GC(163) Using 8 workers of 8 for evacuation
[2025-06-03T16:05:38.608+0530][311.912s] GC(163) Skipped phase 1 of Reference Processing: no references
[2025-06-03T16:05:38.608+0530][311.912s] GC(163) Skipped phase 2 of Reference Processing: no references
[2025-06-03T16:05:38.608+0530][311.912s] GC(163) Skipped phase 3 of Reference Processing: no references
[2025-06-03T16:05:38.608+0530][311.912s] GC(163) Skipped phase 4 of Reference Processing: no references
[2025-06-03T16:05:38.608+0530][311.913s] GC(163)   Pre Evacuate Collection Set: 0.1ms
[2025-06-03T16:05:38.608+0530][311.913s] GC(163)   Merge Heap Roots: 0.1ms
[2025-06-03T16:05:38.608+0530][311.913s] GC(163)   Evacuate Collection Set: 11.3ms
[2025-06-03T16:05:38.608+0530][311.913s] GC(163)   Post Evacuate Collection Set: 0.4ms
[2025-06-03T16:05:38.608+0530][311.913s] GC(163)   Other: 0.3ms
[2025-06-03T16:05:38.608+0530][311.913s] GC(163) Eden regions: 22->0(22)
[2025-06-03T16:05:38.608+0530][311.913s] GC(163) Survivor regions: 3->3(4)
[2025-06-03T16:05:38.608+0530][311.913s] GC(163) Old regions: 462->463
[2025-06-03T16:05:38.608+0530][311.913s] GC(163) Archive regions: 2->2
[2025-06-03T16:05:38.608+0530][311.913s] GC(163) Humongous regions: 0->0
[2025-06-03T16:05:38.608+0530][311.913s] GC(163) Metaspace: 20285K(20992K)->20285K(20992K) NonClass: 17757K(18176K)->17757K(18176K) Class: 2527K(2816K)->2527K(2816K)
[2025-06-03T16:05:38.608+0530][311.913s] GC(163) Pause Young (Concurrent Start) (G1 Evacuation Pause) 487M->466M(512M) 12.268ms
[2025-06-03T16:05:38.608+0530][311.913s] GC(163) User=0.03s Sys=0.01s Real=0.01s
[2025-06-03T16:05:38.608+0530][311.913s] GC(164) Concurrent Mark Cycle
[2025-06-03T16:05:38.608+0530][311.913s] GC(164) Concurrent Clear Claimed Marks
[2025-06-03T16:05:38.608+0530][311.913s] GC(164) Concurrent Clear Claimed Marks 0.031ms
[2025-06-03T16:05:38.608+0530][311.913s] GC(164) Concurrent Scan Root Regions
[2025-06-03T16:05:38.610+0530][311.915s] GC(164) Concurrent Scan Root Regions 1.559ms
[2025-06-03T16:05:38.610+0530][311.915s] GC(164) Concurrent Mark
[2025-06-03T16:05:38.610+0530][311.915s] GC(164) Concurrent Mark From Roots
[2025-06-03T16:05:38.610+0530][311.915s] GC(164) Using 2 workers of 2 for marking
[2025-06-03T16:05:39.109+0530][312.414s] GC(164) Concurrent Mark From Roots 498.795ms
[2025-06-03T16:05:39.109+0530][312.414s] GC(164) Concurrent Preclean
[2025-06-03T16:05:39.109+0530][312.414s] GC(164) Preclean SoftReferences 0.028ms
[2025-06-03T16:05:39.109+0530][312.414s] GC(164) Preclean WeakReferences 0.082ms
[2025-06-03T16:05:39.109+0530][312.414s] GC(164) Preclean FinalReferences 0.004ms
[2025-06-03T16:05:39.109+0530][312.414s] GC(164) Preclean PhantomReferences 0.016ms
[2025-06-03T16:05:39.109+0530][312.414s] GC(164) Concurrent Preclean 0.197ms
[2025-06-03T16:05:39.109+0530][312.414s] GC(164) Pause Remark
[2025-06-03T16:05:39.110+0530][312.414s] GC(164) Skipped phase 1 of Reference Processing: no references
[2025-06-03T16:05:39.110+0530][312.414s] GC(164) Skipped phase 2 of Reference Processing: no references
[2025-06-03T16:05:39.110+0530][312.414s] GC(164) Skipped phase 3 of Reference Processing: no references
[2025-06-03T16:05:39.110+0530][312.414s] GC(164) Skipped phase 4 of Reference Processing: no references
[2025-06-03T16:05:39.112+0530][312.416s] GC(164) Pause Remark 475M->475M(512M) 2.258ms
[2025-06-03T16:05:39.112+0530][312.416s] GC(164) User=0.01s Sys=0.00s Real=0.01s
[2025-06-03T16:05:39.112+0530][312.416s] GC(164) Concurrent Mark 501.646ms
[2025-06-03T16:05:39.112+0530][312.416s] GC(164) Concurrent Rebuild Remembered Sets
[2025-06-03T16:05:39.358+0530][312.662s] GC(164) Concurrent Rebuild Remembered Sets 245.962ms
[2025-06-03T16:05:39.358+0530][312.663s] GC(164) Pause Cleanup
[2025-06-03T16:05:39.358+0530][312.663s] GC(164) Pause Cleanup 480M->480M(512M) 0.160ms
[2025-06-03T16:05:39.358+0530][312.663s] GC(164) User=0.00s Sys=0.00s Real=0.00s
[2025-06-03T16:05:39.358+0530][312.663s] GC(164) Concurrent Cleanup for Next Mark
[2025-06-03T16:05:39.359+0530][312.664s] GC(164) Concurrent Cleanup for Next Mark 0.624ms
[2025-06-03T16:05:39.359+0530][312.664s] GC(164) Concurrent Mark Cycle 750.543ms
[2025-06-03T16:05:39.902+0530][313.206s] GC(165) Pause Young (Prepare Mixed) (G1 Evacuation Pause)
[2025-06-03T16:05:39.902+0530][313.206s] GC(165) Using 8 workers of 8 for evacuation
[2025-06-03T16:05:39.913+0530][313.218s] GC(165) Skipped phase 1 of Reference Processing: no references
[2025-06-03T16:05:39.913+0530][313.218s] GC(165) Skipped phase 2 of Reference Processing: no references
[2025-06-03T16:05:39.913+0530][313.218s] GC(165) Skipped phase 3 of Reference Processing: no references
[2025-06-03T16:05:39.913+0530][313.218s] GC(165) Skipped phase 4 of Reference Processing: no references
[2025-06-03T16:05:39.914+0530][313.218s] GC(165)   Pre Evacuate Collection Set: 0.1ms
[2025-06-03T16:05:39.914+0530][313.218s] GC(165)   Merge Heap Roots: 0.1ms
[2025-06-03T16:05:39.914+0530][313.218s] GC(165)   Evacuate Collection Set: 11.2ms
[2025-06-03T16:05:39.914+0530][313.218s] GC(165)   Post Evacuate Collection Set: 0.4ms
[2025-06-03T16:05:39.914+0530][313.218s] GC(165)   Other: 0.2ms
[2025-06-03T16:05:39.914+0530][313.218s] GC(165) Eden regions: 22->0(22)
[2025-06-03T16:05:39.914+0530][313.218s] GC(165) Survivor regions: 3->3(4)
[2025-06-03T16:05:39.914+0530][313.218s] GC(165) Old regions: 463->464
[2025-06-03T16:05:39.914+0530][313.218s] GC(165) Archive regions: 2->2
[2025-06-03T16:05:39.914+0530][313.218s] GC(165) Humongous regions: 0->0
[2025-06-03T16:05:39.914+0530][313.218s] GC(165) Metaspace: 20285K(20992K)->20285K(20992K) NonClass: 17757K(18176K)->17757K(18176K) Class: 2527K(2816K)->2527K(2816K)
[2025-06-03T16:05:39.914+0530][313.218s] GC(165) Pause Young (Prepare Mixed) (G1 Evacuation Pause) 488M->467M(512M) 12.087ms
[2025-06-03T16:05:39.914+0530][313.218s] GC(165) User=0.03s Sys=0.01s Real=0.01s
[2025-06-03T16:05:41.302+0530][314.607s] GC(166) Pause Young (Mixed) (G1 Evacuation Pause)
[2025-06-03T16:05:41.302+0530][314.607s] GC(166) Using 8 workers of 8 for evacuation
[2025-06-03T16:05:41.314+0530][314.619s] GC(166) Skipped phase 1 of Reference Processing: no references
[2025-06-03T16:05:41.314+0530][314.619s] GC(166) Skipped phase 2 of Reference Processing: no references
[2025-06-03T16:05:41.314+0530][314.619s] GC(166) Skipped phase 3 of Reference Processing: no references
[2025-06-03T16:05:41.314+0530][314.619s] GC(166) Skipped phase 4 of Reference Processing: no references
[2025-06-03T16:05:41.315+0530][314.619s] GC(166)   Pre Evacuate Collection Set: 0.1ms
[2025-06-03T16:05:41.315+0530][314.619s] GC(166)   Merge Heap Roots: 0.1ms
[2025-06-03T16:05:41.315+0530][314.619s] GC(166)   Evacuate Collection Set: 11.5ms
[2025-06-03T16:05:41.315+0530][314.619s] GC(166)   Post Evacuate Collection Set: 0.4ms
[2025-06-03T16:05:41.315+0530][314.619s] GC(166)   Other: 0.3ms
[2025-06-03T16:05:41.315+0530][314.619s] GC(166) Eden regions: 22->0(22)
[2025-06-03T16:05:41.315+0530][314.619s] GC(166) Survivor regions: 3->3(4)
[2025-06-03T16:05:41.315+0530][314.620s] GC(166) Old regions: 464->465
[2025-06-03T16:05:41.315+0530][314.620s] GC(166) Archive regions: 2->2
[2025-06-03T16:05:41.315+0530][314.620s] GC(166) Humongous regions: 0->0
[2025-06-03T16:05:41.315+0530][314.620s] GC(166) Metaspace: 20285K(20992K)->20285K(20992K) NonClass: 17757K(18176K)->17757K(18176K) Class: 2527K(2816K)->2527K(2816K)
[2025-06-03T16:05:41.315+0530][314.620s] GC(166) Pause Young (Mixed) (G1 Evacuation Pause) 489M->468M(512M) 12.602ms
[2025-06-03T16:05:41.315+0530][314.620s] GC(166) User=0.03s Sys=0.01s Real=0.01s
[2025-06-03T16:05:42.698+0530][316.003s] GC(167) Pause Young (Concurrent Start) (G1 Evacuation Pause)
[2025-06-03T16:05:42.698+0530][316.003s] GC(167) Using 8 workers of 8 for evacuation
[2025-06-03T16:05:42.709+0530][316.013s] GC(167) Skipped phase 1 of Reference Processing: no references
[2025-06-03T16:05:42.709+0530][316.013s] GC(167) Skipped phase 2 of Reference Processing: no references
[2025-06-03T16:05:42.709+0530][316.013s] GC(167) Skipped phase 3 of Reference Processing: no references
[2025-06-03T16:05:42.709+0530][316.013s] GC(167) Skipped phase 4 of Reference Processing: no references
[2025-06-03T16:05:42.709+0530][316.014s] GC(167)   Pre Evacuate Collection Set: 0.1ms
[2025-06-03T16:05:42.709+0530][316.014s] GC(167)   Merge Heap Roots: 0.0ms
[2025-06-03T16:05:42.709+0530][316.014s] GC(167)   Evacuate Collection Set: 10.1ms
[2025-06-03T16:05:42.709+0530][316.014s] GC(167)   Post Evacuate Collection Set: 0.4ms
[2025-06-03T16:05:42.709+0530][316.014s] GC(167)   Other: 0.2ms
[2025-06-03T16:05:42.709+0530][316.014s] GC(167) Eden regions: 22->0(22)
[2025-06-03T16:05:42.709+0530][316.014s] GC(167) Survivor regions: 3->3(4)
[2025-06-03T16:05:42.709+0530][316.014s] GC(167) Old regions: 465->466
[2025-06-03T16:05:42.709+0530][316.014s] GC(167) Archive regions: 2->2
[2025-06-03T16:05:42.709+0530][316.014s] GC(167) Humongous regions: 0->0
[2025-06-03T16:05:42.709+0530][316.014s] GC(167) Metaspace: 20285K(20992K)->20285K(20992K) NonClass: 17757K(18176K)->17757K(18176K) Class: 2527K(2816K)->2527K(2816K)
[2025-06-03T16:05:42.709+0530][316.014s] GC(167) Pause Young (Concurrent Start) (G1 Evacuation Pause) 490M->468M(512M) 10.974ms
[2025-06-03T16:05:42.709+0530][316.014s] GC(167) User=0.03s Sys=0.01s Real=0.01s
[2025-06-03T16:05:42.709+0530][316.014s] GC(168) Concurrent Mark Cycle
[2025-06-03T16:05:42.709+0530][316.014s] GC(168) Concurrent Clear Claimed Marks
[2025-06-03T16:05:42.709+0530][316.014s] GC(168) Concurrent Clear Claimed Marks 0.041ms
[2025-06-03T16:05:42.709+0530][316.014s] GC(168) Concurrent Scan Root Regions
[2025-06-03T16:05:42.711+0530][316.016s] GC(168) Concurrent Scan Root Regions 1.640ms
[2025-06-03T16:05:42.711+0530][316.016s] GC(168) Concurrent Mark
[2025-06-03T16:05:42.711+0530][316.016s] GC(168) Concurrent Mark From Roots
[2025-06-03T16:05:42.711+0530][316.016s] GC(168) Using 2 workers of 2 for marking
[2025-06-03T16:05:43.186+0530][316.491s] GC(168) Concurrent Mark From Roots 475.078ms
[2025-06-03T16:05:43.186+0530][316.491s] GC(168) Concurrent Preclean
[2025-06-03T16:05:43.186+0530][316.491s] GC(168) Preclean SoftReferences 0.031ms
[2025-06-03T16:05:43.187+0530][316.491s] GC(168) Preclean WeakReferences 0.057ms
[2025-06-03T16:05:43.187+0530][316.491s] GC(168) Preclean FinalReferences 0.004ms
[2025-06-03T16:05:43.187+0530][316.491s] GC(168) Preclean PhantomReferences 0.016ms
[2025-06-03T16:05:43.187+0530][316.491s] GC(168) Concurrent Preclean 0.222ms
[2025-06-03T16:05:43.187+0530][316.491s] GC(168) Pause Remark
[2025-06-03T16:05:43.187+0530][316.492s] GC(168) Skipped phase 1 of Reference Processing: no references
[2025-06-03T16:05:43.187+0530][316.492s] GC(168) Skipped phase 2 of Reference Processing: no references
[2025-06-03T16:05:43.187+0530][316.492s] GC(168) Skipped phase 3 of Reference Processing: no references
[2025-06-03T16:05:43.187+0530][316.492s] GC(168) Skipped phase 4 of Reference Processing: no references
[2025-06-03T16:05:43.189+0530][316.493s] GC(168) Pause Remark 477M->477M(512M) 1.932ms
[2025-06-03T16:05:43.189+0530][316.493s] GC(168) User=0.01s Sys=0.00s Real=0.00s
[2025-06-03T16:05:43.189+0530][316.493s] GC(168) Concurrent Mark 477.584ms
[2025-06-03T16:05:43.189+0530][316.493s] GC(168) Concurrent Rebuild Remembered Sets
[2025-06-03T16:05:43.434+0530][316.739s] GC(168) Concurrent Rebuild Remembered Sets 245.188ms
[2025-06-03T16:05:43.434+0530][316.739s] GC(168) Pause Cleanup
[2025-06-03T16:05:43.434+0530][316.739s] GC(168) Pause Cleanup 481M->481M(512M) 0.150ms
[2025-06-03T16:05:43.434+0530][316.739s] GC(168) User=0.00s Sys=0.00s Real=0.00s
[2025-06-03T16:05:43.434+0530][316.739s] GC(168) Concurrent Cleanup for Next Mark
[2025-06-03T16:05:43.435+0530][316.740s] GC(168) Concurrent Cleanup for Next Mark 0.653ms
[2025-06-03T16:05:43.435+0530][316.740s] GC(168) Concurrent Mark Cycle 725.729ms
[2025-06-03T16:05:43.996+0530][317.301s] GC(169) Pause Young (Prepare Mixed) (G1 Evacuation Pause)
[2025-06-03T16:05:43.996+0530][317.301s] GC(169) Using 8 workers of 8 for evacuation
[2025-06-03T16:05:44.008+0530][317.313s] GC(169) Skipped phase 1 of Reference Processing: no references
[2025-06-03T16:05:44.008+0530][317.313s] GC(169) Skipped phase 2 of Reference Processing: no references
[2025-06-03T16:05:44.008+0530][317.313s] GC(169) Skipped phase 3 of Reference Processing: no references
[2025-06-03T16:05:44.008+0530][317.313s] GC(169) Skipped phase 4 of Reference Processing: no references
[2025-06-03T16:05:44.009+0530][317.314s] GC(169)   Pre Evacuate Collection Set: 0.1ms
[2025-06-03T16:05:44.009+0530][317.314s] GC(169)   Merge Heap Roots: 0.1ms
[2025-06-03T16:05:44.009+0530][317.314s] GC(169)   Evacuate Collection Set: 11.9ms
[2025-06-03T16:05:44.009+0530][317.314s] GC(169)   Post Evacuate Collection Set: 0.5ms
[2025-06-03T16:05:44.009+0530][317.314s] GC(169)   Other: 0.3ms
[2025-06-03T16:05:44.009+0530][317.314s] GC(169) Eden regions: 22->0(22)
[2025-06-03T16:05:44.009+0530][317.314s] GC(169) Survivor regions: 3->3(4)
[2025-06-03T16:05:44.009+0530][317.314s] GC(169) Old regions: 466->467
[2025-06-03T16:05:44.009+0530][317.314s] GC(169) Archive regions: 2->2
[2025-06-03T16:05:44.009+0530][317.314s] GC(169) Humongous regions: 0->0
[2025-06-03T16:05:44.009+0530][317.314s] GC(169) Metaspace: 20285K(20992K)->20285K(20992K) NonClass: 17757K(18176K)->17757K(18176K) Class: 2527K(2816K)->2527K(2816K)
[2025-06-03T16:05:44.009+0530][317.314s] GC(169) Pause Young (Prepare Mixed) (G1 Evacuation Pause) 490M->470M(512M) 12.980ms
[2025-06-03T16:05:44.009+0530][317.314s] GC(169) User=0.03s Sys=0.01s Real=0.01s
[2025-06-03T16:05:45.356+0530][318.661s] GC(170) Pause Young (Mixed) (G1 Evacuation Pause)
[2025-06-03T16:05:45.356+0530][318.661s] GC(170) Using 8 workers of 8 for evacuation
[2025-06-03T16:05:45.368+0530][318.673s] GC(170) Skipped phase 1 of Reference Processing: no references
[2025-06-03T16:05:45.368+0530][318.673s] GC(170) Skipped phase 2 of Reference Processing: no references
[2025-06-03T16:05:45.368+0530][318.673s] GC(170) Skipped phase 3 of Reference Processing: no references
[2025-06-03T16:05:45.368+0530][318.673s] GC(170) Skipped phase 4 of Reference Processing: no references
[2025-06-03T16:05:45.369+0530][318.673s] GC(170)   Pre Evacuate Collection Set: 0.1ms
[2025-06-03T16:05:45.369+0530][318.673s] GC(170)   Merge Heap Roots: 0.1ms
[2025-06-03T16:05:45.369+0530][318.673s] GC(170)   Evacuate Collection Set: 11.8ms
[2025-06-03T16:05:45.369+0530][318.673s] GC(170)   Post Evacuate Collection Set: 0.5ms
[2025-06-03T16:05:45.369+0530][318.673s] GC(170)   Other: 0.2ms
[2025-06-03T16:05:45.369+0530][318.673s] GC(170) Eden regions: 22->0(22)
[2025-06-03T16:05:45.369+0530][318.673s] GC(170) Survivor regions: 3->3(4)
[2025-06-03T16:05:45.369+0530][318.673s] GC(170) Old regions: 467->467
[2025-06-03T16:05:45.369+0530][318.673s] GC(170) Archive regions: 2->2
[2025-06-03T16:05:45.369+0530][318.673s] GC(170) Humongous regions: 0->0
[2025-06-03T16:05:45.369+0530][318.673s] GC(170) Metaspace: 20285K(20992K)->20285K(20992K) NonClass: 17757K(18176K)->17757K(18176K) Class: 2527K(2816K)->2527K(2816K)
[2025-06-03T16:05:45.369+0530][318.673s] GC(170) Pause Young (Mixed) (G1 Evacuation Pause) 492M->470M(512M) 12.826ms
[2025-06-03T16:05:45.369+0530][318.673s] GC(170) User=0.04s Sys=0.01s Real=0.01s
[2025-06-03T16:05:46.749+0530][320.054s] GC(171) Pause Young (Concurrent Start) (G1 Evacuation Pause)
[2025-06-03T16:05:46.749+0530][320.054s] GC(171) Using 8 workers of 8 for evacuation
[2025-06-03T16:05:46.761+0530][320.066s] GC(171) Skipped phase 1 of Reference Processing: no references
[2025-06-03T16:05:46.761+0530][320.066s] GC(171) Skipped phase 2 of Reference Processing: no references
[2025-06-03T16:05:46.761+0530][320.066s] GC(171) Skipped phase 3 of Reference Processing: no references
[2025-06-03T16:05:46.761+0530][320.066s] GC(171) Skipped phase 4 of Reference Processing: no references
[2025-06-03T16:05:46.762+0530][320.066s] GC(171)   Pre Evacuate Collection Set: 0.2ms
[2025-06-03T16:05:46.762+0530][320.066s] GC(171)   Merge Heap Roots: 0.1ms
[2025-06-03T16:05:46.762+0530][320.066s] GC(171)   Evacuate Collection Set: 11.9ms
[2025-06-03T16:05:46.762+0530][320.066s] GC(171)   Post Evacuate Collection Set: 0.4ms
[2025-06-03T16:05:46.762+0530][320.066s] GC(171)   Other: 0.3ms
[2025-06-03T16:05:46.762+0530][320.067s] GC(171) Eden regions: 22->0(22)
[2025-06-03T16:05:46.762+0530][320.067s] GC(171) Survivor regions: 3->3(4)
[2025-06-03T16:05:46.762+0530][320.067s] GC(171) Old regions: 467->468
[2025-06-03T16:05:46.762+0530][320.067s] GC(171) Archive regions: 2->2
[2025-06-03T16:05:46.762+0530][320.067s] GC(171) Humongous regions: 0->0
[2025-06-03T16:05:46.762+0530][320.067s] GC(171) Metaspace: 20285K(20992K)->20285K(20992K) NonClass: 17757K(18176K)->17757K(18176K) Class: 2527K(2816K)->2527K(2816K)
[2025-06-03T16:05:46.762+0530][320.067s] GC(171) Pause Young (Concurrent Start) (G1 Evacuation Pause) 492M->471M(512M) 12.858ms
[2025-06-03T16:05:46.762+0530][320.067s] GC(171) User=0.03s Sys=0.01s Real=0.02s
[2025-06-03T16:05:46.762+0530][320.067s] GC(172) Concurrent Mark Cycle
[2025-06-03T16:05:46.762+0530][320.067s] GC(172) Concurrent Clear Claimed Marks
[2025-06-03T16:05:46.762+0530][320.067s] GC(172) Concurrent Clear Claimed Marks 0.034ms
[2025-06-03T16:05:46.762+0530][320.067s] GC(172) Concurrent Scan Root Regions
[2025-06-03T16:05:46.764+0530][320.068s] GC(172) Concurrent Scan Root Regions 1.529ms
[2025-06-03T16:05:46.764+0530][320.068s] GC(172) Concurrent Mark
[2025-06-03T16:05:46.764+0530][320.068s] GC(172) Concurrent Mark From Roots
[2025-06-03T16:05:46.764+0530][320.068s] GC(172) Using 2 workers of 2 for marking
[2025-06-03T16:05:47.258+0530][320.562s] GC(172) Concurrent Mark From Roots 494.066ms
[2025-06-03T16:05:47.258+0530][320.562s] GC(172) Concurrent Preclean
[2025-06-03T16:05:47.258+0530][320.563s] GC(172) Preclean SoftReferences 0.030ms
[2025-06-03T16:05:47.258+0530][320.563s] GC(172) Preclean WeakReferences 0.063ms
[2025-06-03T16:05:47.258+0530][320.563s] GC(172) Preclean FinalReferences 0.004ms
[2025-06-03T16:05:47.258+0530][320.563s] GC(172) Preclean PhantomReferences 0.017ms
[2025-06-03T16:05:47.258+0530][320.563s] GC(172) Concurrent Preclean 0.187ms
[2025-06-03T16:05:47.258+0530][320.563s] GC(172) Pause Remark
[2025-06-03T16:05:47.258+0530][320.563s] GC(172) Skipped phase 1 of Reference Processing: no references
[2025-06-03T16:05:47.258+0530][320.563s] GC(172) Skipped phase 2 of Reference Processing: no references
[2025-06-03T16:05:47.258+0530][320.563s] GC(172) Skipped phase 3 of Reference Processing: no references
[2025-06-03T16:05:47.258+0530][320.563s] GC(172) Skipped phase 4 of Reference Processing: no references
[2025-06-03T16:05:47.260+0530][320.565s] GC(172) Pause Remark 479M->479M(512M) 2.021ms
[2025-06-03T16:05:47.260+0530][320.565s] GC(172) User=0.01s Sys=0.00s Real=0.01s
[2025-06-03T16:05:47.260+0530][320.565s] GC(172) Concurrent Mark 496.609ms
[2025-06-03T16:05:47.260+0530][320.565s] GC(172) Concurrent Rebuild Remembered Sets
[2025-06-03T16:05:47.517+0530][320.822s] GC(172) Concurrent Rebuild Remembered Sets 257.014ms
[2025-06-03T16:05:47.517+0530][320.822s] GC(172) Pause Cleanup
[2025-06-03T16:05:47.518+0530][320.822s] GC(172) Pause Cleanup 483M->483M(512M) 0.197ms
[2025-06-03T16:05:47.518+0530][320.822s] GC(172) User=0.00s Sys=0.00s Real=0.00s
[2025-06-03T16:05:47.518+0530][320.822s] GC(172) Concurrent Cleanup for Next Mark
[2025-06-03T16:05:47.518+0530][320.823s] GC(172) Concurrent Cleanup for Next Mark 0.678ms
[2025-06-03T16:05:47.518+0530][320.823s] GC(172) Concurrent Mark Cycle 756.529ms
[2025-06-03T16:05:48.346+0530][321.650s] GC(173) Pause Young (Prepare Mixed) (G1 Evacuation Pause)
[2025-06-03T16:05:48.346+0530][321.650s] GC(173) Using 8 workers of 8 for evacuation
[2025-06-03T16:05:48.358+0530][321.663s] GC(173) Skipped phase 1 of Reference Processing: no references
[2025-06-03T16:05:48.358+0530][321.663s] GC(173) Skipped phase 2 of Reference Processing: no references
[2025-06-03T16:05:48.358+0530][321.663s] GC(173) Skipped phase 3 of Reference Processing: no references
[2025-06-03T16:05:48.358+0530][321.663s] GC(173) Skipped phase 4 of Reference Processing: no references
[2025-06-03T16:05:48.359+0530][321.664s] GC(173)   Pre Evacuate Collection Set: 0.1ms
[2025-06-03T16:05:48.359+0530][321.664s] GC(173)   Merge Heap Roots: 0.1ms
[2025-06-03T16:05:48.359+0530][321.664s] GC(173)   Evacuate Collection Set: 12.4ms
[2025-06-03T16:05:48.359+0530][321.664s] GC(173)   Post Evacuate Collection Set: 0.4ms
[2025-06-03T16:05:48.359+0530][321.664s] GC(173)   Other: 0.2ms
[2025-06-03T16:05:48.359+0530][321.664s] GC(173) Eden regions: 22->0(22)
[2025-06-03T16:05:48.359+0530][321.664s] GC(173) Survivor regions: 3->3(4)
[2025-06-03T16:05:48.359+0530][321.664s] GC(173) Old regions: 468->469
[2025-06-03T16:05:48.359+0530][321.664s] GC(173) Archive regions: 2->2
[2025-06-03T16:05:48.359+0530][321.664s] GC(173) Humongous regions: 0->0
[2025-06-03T16:05:48.359+0530][321.664s] GC(173) Metaspace: 20285K(20992K)->20285K(20992K) NonClass: 17757K(18176K)->17757K(18176K) Class: 2527K(2816K)->2527K(2816K)
[2025-06-03T16:05:48.359+0530][321.664s] GC(173) Pause Young (Prepare Mixed) (G1 Evacuation Pause) 493M->472M(512M) 13.322ms
[2025-06-03T16:05:48.359+0530][321.664s] GC(173) User=0.03s Sys=0.01s Real=0.01s
[2025-06-03T16:05:50.107+0530][323.411s] GC(174) Pause Young (Mixed) (G1 Evacuation Pause)
[2025-06-03T16:05:50.107+0530][323.411s] GC(174) Using 8 workers of 8 for evacuation
[2025-06-03T16:05:50.119+0530][323.423s] GC(174) Skipped phase 1 of Reference Processing: no references
[2025-06-03T16:05:50.119+0530][323.423s] GC(174) Skipped phase 2 of Reference Processing: no references
[2025-06-03T16:05:50.119+0530][323.423s] GC(174) Skipped phase 3 of Reference Processing: no references
[2025-06-03T16:05:50.119+0530][323.423s] GC(174) Skipped phase 4 of Reference Processing: no references
[2025-06-03T16:05:50.119+0530][323.424s] GC(174)   Pre Evacuate Collection Set: 0.2ms
[2025-06-03T16:05:50.119+0530][323.424s] GC(174)   Merge Heap Roots: 0.1ms
[2025-06-03T16:05:50.119+0530][323.424s] GC(174)   Evacuate Collection Set: 11.5ms
[2025-06-03T16:05:50.119+0530][323.424s] GC(174)   Post Evacuate Collection Set: 0.4ms
[2025-06-03T16:05:50.119+0530][323.424s] GC(174)   Other: 0.2ms
[2025-06-03T16:05:50.119+0530][323.424s] GC(174) Eden regions: 22->0(22)
[2025-06-03T16:05:50.119+0530][323.424s] GC(174) Survivor regions: 3->3(4)
[2025-06-03T16:05:50.119+0530][323.424s] GC(174) Old regions: 469->470
[2025-06-03T16:05:50.119+0530][323.424s] GC(174) Archive regions: 2->2
[2025-06-03T16:05:50.119+0530][323.424s] GC(174) Humongous regions: 0->0
[2025-06-03T16:05:50.119+0530][323.424s] GC(174) Metaspace: 20285K(20992K)->20285K(20992K) NonClass: 17757K(18176K)->17757K(18176K) Class: 2527K(2816K)->2527K(2816K)
[2025-06-03T16:05:50.119+0530][323.424s] GC(174) Pause Young (Mixed) (G1 Evacuation Pause) 494M->473M(512M) 12.652ms
[2025-06-03T16:05:50.119+0530][323.424s] GC(174) User=0.03s Sys=0.01s Real=0.01s
[2025-06-03T16:05:51.894+0530][325.198s] GC(175) Pause Young (Concurrent Start) (G1 Evacuation Pause)
[2025-06-03T16:05:51.894+0530][325.198s] GC(175) Using 8 workers of 8 for evacuation
[2025-06-03T16:05:51.904+0530][325.209s] GC(175) Skipped phase 1 of Reference Processing: no references
[2025-06-03T16:05:51.904+0530][325.209s] GC(175) Skipped phase 2 of Reference Processing: no references
[2025-06-03T16:05:51.904+0530][325.209s] GC(175) Skipped phase 3 of Reference Processing: no references
[2025-06-03T16:05:51.904+0530][325.209s] GC(175) Skipped phase 4 of Reference Processing: no references
[2025-06-03T16:05:51.905+0530][325.210s] GC(175)   Pre Evacuate Collection Set: 0.1ms
[2025-06-03T16:05:51.905+0530][325.210s] GC(175)   Merge Heap Roots: 0.0ms
[2025-06-03T16:05:51.905+0530][325.210s] GC(175)   Evacuate Collection Set: 10.6ms
[2025-06-03T16:05:51.905+0530][325.210s] GC(175)   Post Evacuate Collection Set: 0.3ms
[2025-06-03T16:05:51.905+0530][325.210s] GC(175)   Other: 0.2ms
[2025-06-03T16:05:51.905+0530][325.210s] GC(175) Eden regions: 22->0(22)
[2025-06-03T16:05:51.905+0530][325.210s] GC(175) Survivor regions: 3->3(4)
[2025-06-03T16:05:51.905+0530][325.210s] GC(175) Old regions: 470->471
[2025-06-03T16:05:51.905+0530][325.210s] GC(175) Archive regions: 2->2
[2025-06-03T16:05:51.905+0530][325.210s] GC(175) Humongous regions: 0->0
[2025-06-03T16:05:51.905+0530][325.210s] GC(175) Metaspace: 20295K(20992K)->20295K(20992K) NonClass: 17766K(18176K)->17766K(18176K) Class: 2528K(2816K)->2528K(2816K)
[2025-06-03T16:05:51.905+0530][325.210s] GC(175) Pause Young (Concurrent Start) (G1 Evacuation Pause) 495M->474M(512M) 11.358ms
[2025-06-03T16:05:51.905+0530][325.210s] GC(175) User=0.05s Sys=0.01s Real=0.01s
[2025-06-03T16:05:51.905+0530][325.210s] GC(176) Concurrent Mark Cycle
[2025-06-03T16:05:51.905+0530][325.210s] GC(176) Concurrent Clear Claimed Marks
[2025-06-03T16:05:51.905+0530][325.210s] GC(176) Concurrent Clear Claimed Marks 0.035ms
[2025-06-03T16:05:51.905+0530][325.210s] GC(176) Concurrent Scan Root Regions
[2025-06-03T16:05:51.907+0530][325.212s] GC(176) Concurrent Scan Root Regions 2.009ms
[2025-06-03T16:05:51.907+0530][325.212s] GC(176) Concurrent Mark
[2025-06-03T16:05:51.907+0530][325.212s] GC(176) Concurrent Mark From Roots
[2025-06-03T16:05:51.907+0530][325.212s] GC(176) Using 2 workers of 2 for marking
[2025-06-03T16:05:52.411+0530][325.715s] GC(176) Concurrent Mark From Roots 503.310ms
[2025-06-03T16:05:52.411+0530][325.715s] GC(176) Concurrent Preclean
[2025-06-03T16:05:52.411+0530][325.715s] GC(176) Preclean SoftReferences 0.028ms
[2025-06-03T16:05:52.411+0530][325.716s] GC(176) Preclean WeakReferences 0.059ms
[2025-06-03T16:05:52.411+0530][325.716s] GC(176) Preclean FinalReferences 0.004ms
[2025-06-03T16:05:52.411+0530][325.716s] GC(176) Preclean PhantomReferences 0.016ms
[2025-06-03T16:05:52.411+0530][325.716s] GC(176) Concurrent Preclean 0.174ms
[2025-06-03T16:05:52.411+0530][325.716s] GC(176) Pause Remark
[2025-06-03T16:05:52.411+0530][325.716s] GC(176) Skipped phase 1 of Reference Processing: no references
[2025-06-03T16:05:52.411+0530][325.716s] GC(176) Skipped phase 2 of Reference Processing: no references
[2025-06-03T16:05:52.411+0530][325.716s] GC(176) Skipped phase 3 of Reference Processing: no references
[2025-06-03T16:05:52.411+0530][325.716s] GC(176) Skipped phase 4 of Reference Processing: no references
[2025-06-03T16:05:52.413+0530][325.718s] GC(176) Pause Remark 483M->483M(512M) 2.151ms
[2025-06-03T16:05:52.413+0530][325.718s] GC(176) User=0.01s Sys=0.01s Real=0.00s
[2025-06-03T16:05:52.413+0530][325.718s] GC(176) Concurrent Mark 506.015ms
[2025-06-03T16:05:52.413+0530][325.718s] GC(176) Concurrent Rebuild Remembered Sets
[2025-06-03T16:05:52.669+0530][325.974s] GC(176) Concurrent Rebuild Remembered Sets 256.220ms
[2025-06-03T16:05:52.670+0530][325.974s] GC(176) Pause Cleanup
[2025-06-03T16:05:52.670+0530][325.975s] GC(176) Pause Cleanup 487M->487M(512M) 0.151ms
[2025-06-03T16:05:52.670+0530][325.975s] GC(176) User=0.00s Sys=0.00s Real=0.00s
[2025-06-03T16:05:52.670+0530][325.975s] GC(176) Concurrent Cleanup for Next Mark
[2025-06-03T16:05:52.670+0530][325.975s] GC(176) Concurrent Cleanup for Next Mark 0.620ms
[2025-06-03T16:05:52.671+0530][325.975s] GC(176) Concurrent Mark Cycle 765.540ms
[2025-06-03T16:05:53.106+0530][326.410s] GC(177) Pause Young (Prepare Mixed) (G1 Evacuation Pause)
[2025-06-03T16:05:53.106+0530][326.410s] GC(177) Using 8 workers of 8 for evacuation
[2025-06-03T16:05:53.117+0530][326.422s] GC(177) Skipped phase 1 of Reference Processing: no references
[2025-06-03T16:05:53.117+0530][326.422s] GC(177) Skipped phase 2 of Reference Processing: no references
[2025-06-03T16:05:53.117+0530][326.422s] GC(177) Skipped phase 3 of Reference Processing: no references
[2025-06-03T16:05:53.117+0530][326.422s] GC(177) Skipped phase 4 of Reference Processing: no references
[2025-06-03T16:05:53.118+0530][326.422s] GC(177)   Pre Evacuate Collection Set: 0.1ms
[2025-06-03T16:05:53.118+0530][326.422s] GC(177)   Merge Heap Roots: 0.1ms
[2025-06-03T16:05:53.118+0530][326.423s] GC(177)   Evacuate Collection Set: 11.4ms
[2025-06-03T16:05:53.118+0530][326.423s] GC(177)   Post Evacuate Collection Set: 0.4ms
[2025-06-03T16:05:53.118+0530][326.423s] GC(177)   Other: 0.2ms
[2025-06-03T16:05:53.118+0530][326.423s] GC(177) Eden regions: 22->0(22)
[2025-06-03T16:05:53.118+0530][326.423s] GC(177) Survivor regions: 3->3(4)
[2025-06-03T16:05:53.118+0530][326.423s] GC(177) Old regions: 471->472
[2025-06-03T16:05:53.118+0530][326.423s] GC(177) Archive regions: 2->2
[2025-06-03T16:05:53.118+0530][326.423s] GC(177) Humongous regions: 0->0
[2025-06-03T16:05:53.118+0530][326.423s] GC(177) Metaspace: 20295K(20992K)->20295K(20992K) NonClass: 17766K(18176K)->17766K(18176K) Class: 2528K(2816K)->2528K(2816K)
[2025-06-03T16:05:53.118+0530][326.423s] GC(177) Pause Young (Prepare Mixed) (G1 Evacuation Pause) 496M->475M(512M) 12.228ms
[2025-06-03T16:05:53.118+0530][326.423s] GC(177) User=0.04s Sys=0.01s Real=0.01s
[2025-06-03T16:05:54.544+0530][327.849s] GC(178) Pause Young (Mixed) (G1 Evacuation Pause)
[2025-06-03T16:05:54.544+0530][327.849s] GC(178) Using 8 workers of 8 for evacuation
[2025-06-03T16:05:54.556+0530][327.861s] GC(178) Skipped phase 1 of Reference Processing: no references
[2025-06-03T16:05:54.557+0530][327.861s] GC(178) Skipped phase 2 of Reference Processing: no references
[2025-06-03T16:05:54.557+0530][327.861s] GC(178) Skipped phase 3 of Reference Processing: no references
[2025-06-03T16:05:54.557+0530][327.861s] GC(178) Skipped phase 4 of Reference Processing: no references
[2025-06-03T16:05:54.557+0530][327.862s] GC(178)   Pre Evacuate Collection Set: 0.1ms
[2025-06-03T16:05:54.557+0530][327.862s] GC(178)   Merge Heap Roots: 0.1ms
[2025-06-03T16:05:54.557+0530][327.862s] GC(178)   Evacuate Collection Set: 12.0ms
[2025-06-03T16:05:54.557+0530][327.862s] GC(178)   Post Evacuate Collection Set: 0.4ms
[2025-06-03T16:05:54.557+0530][327.862s] GC(178)   Other: 0.3ms
[2025-06-03T16:05:54.557+0530][327.862s] GC(178) Eden regions: 22->0(22)
[2025-06-03T16:05:54.557+0530][327.862s] GC(178) Survivor regions: 3->3(4)
[2025-06-03T16:05:54.557+0530][327.862s] GC(178) Old regions: 472->473
[2025-06-03T16:05:54.557+0530][327.862s] GC(178) Archive regions: 2->2
[2025-06-03T16:05:54.557+0530][327.862s] GC(178) Humongous regions: 0->0
[2025-06-03T16:05:54.557+0530][327.862s] GC(178) Metaspace: 20295K(20992K)->20295K(20992K) NonClass: 17766K(18176K)->17766K(18176K) Class: 2528K(2816K)->2528K(2816K)
[2025-06-03T16:05:54.557+0530][327.862s] GC(178) Pause Young (Mixed) (G1 Evacuation Pause) 497M->476M(512M) 13.068ms
[2025-06-03T16:05:54.557+0530][327.862s] GC(178) User=0.04s Sys=0.01s Real=0.01s
[2025-06-03T16:05:56.146+0530][329.451s] GC(179) Pause Young (Concurrent Start) (G1 Evacuation Pause)
[2025-06-03T16:05:56.146+0530][329.451s] GC(179) Using 8 workers of 8 for evacuation
[2025-06-03T16:05:56.158+0530][329.463s] GC(179) Skipped phase 1 of Reference Processing: no references
[2025-06-03T16:05:56.158+0530][329.463s] GC(179) Skipped phase 2 of Reference Processing: no references
[2025-06-03T16:05:56.158+0530][329.463s] GC(179) Skipped phase 3 of Reference Processing: no references
[2025-06-03T16:05:56.158+0530][329.463s] GC(179) Skipped phase 4 of Reference Processing: no references
[2025-06-03T16:05:56.159+0530][329.464s] GC(179)   Pre Evacuate Collection Set: 0.1ms
[2025-06-03T16:05:56.159+0530][329.464s] GC(179)   Merge Heap Roots: 0.1ms
[2025-06-03T16:05:56.159+0530][329.464s] GC(179)   Evacuate Collection Set: 11.8ms
[2025-06-03T16:05:56.159+0530][329.464s] GC(179)   Post Evacuate Collection Set: 0.4ms
[2025-06-03T16:05:56.159+0530][329.464s] GC(179)   Other: 0.3ms
[2025-06-03T16:05:56.159+0530][329.464s] GC(179) Eden regions: 22->0(22)
[2025-06-03T16:05:56.159+0530][329.464s] GC(179) Survivor regions: 3->3(4)
[2025-06-03T16:05:56.159+0530][329.464s] GC(179) Old regions: 473->474
[2025-06-03T16:05:56.159+0530][329.464s] GC(179) Archive regions: 2->2
[2025-06-03T16:05:56.159+0530][329.464s] GC(179) Humongous regions: 0->0
[2025-06-03T16:05:56.159+0530][329.464s] GC(179) Metaspace: 20295K(20992K)->20295K(20992K) NonClass: 17766K(18176K)->17766K(18176K) Class: 2528K(2816K)->2528K(2816K)
[2025-06-03T16:05:56.159+0530][329.464s] GC(179) Pause Young (Concurrent Start) (G1 Evacuation Pause) 498M->477M(512M) 12.783ms
[2025-06-03T16:05:56.159+0530][329.464s] GC(179) User=0.03s Sys=0.01s Real=0.01s
[2025-06-03T16:05:56.159+0530][329.464s] GC(180) Concurrent Mark Cycle
[2025-06-03T16:05:56.159+0530][329.464s] GC(180) Concurrent Clear Claimed Marks
[2025-06-03T16:05:56.159+0530][329.464s] GC(180) Concurrent Clear Claimed Marks 0.030ms
[2025-06-03T16:05:56.159+0530][329.464s] GC(180) Concurrent Scan Root Regions
[2025-06-03T16:05:56.161+0530][329.465s] GC(180) Concurrent Scan Root Regions 1.523ms
[2025-06-03T16:05:56.161+0530][329.466s] GC(180) Concurrent Mark
[2025-06-03T16:05:56.161+0530][329.466s] GC(180) Concurrent Mark From Roots
[2025-06-03T16:05:56.161+0530][329.466s] GC(180) Using 2 workers of 2 for marking
[2025-06-03T16:05:56.699+0530][330.004s] GC(180) Concurrent Mark From Roots 538.725ms
[2025-06-03T16:05:56.699+0530][330.004s] GC(180) Concurrent Preclean
[2025-06-03T16:05:56.700+0530][330.004s] GC(180) Preclean SoftReferences 0.031ms
[2025-06-03T16:05:56.700+0530][330.004s] GC(180) Preclean WeakReferences 0.074ms
[2025-06-03T16:05:56.700+0530][330.005s] GC(180) Preclean FinalReferences 0.004ms
[2025-06-03T16:05:56.700+0530][330.005s] GC(180) Preclean PhantomReferences 0.021ms
[2025-06-03T16:05:56.700+0530][330.005s] GC(180) Concurrent Preclean 0.212ms
[2025-06-03T16:05:56.700+0530][330.005s] GC(180) Pause Remark
[2025-06-03T16:05:56.700+0530][330.005s] GC(180) Skipped phase 1 of Reference Processing: no references
[2025-06-03T16:05:56.700+0530][330.005s] GC(180) Skipped phase 2 of Reference Processing: no references
[2025-06-03T16:05:56.700+0530][330.005s] GC(180) Skipped phase 3 of Reference Processing: no references
[2025-06-03T16:05:56.700+0530][330.005s] GC(180) Skipped phase 4 of Reference Processing: no references
[2025-06-03T16:05:56.702+0530][330.007s] GC(180) Pause Remark 485M->485M(512M) 2.049ms
[2025-06-03T16:05:56.702+0530][330.007s] GC(180) User=0.01s Sys=0.00s Real=0.00s
[2025-06-03T16:05:56.702+0530][330.007s] GC(180) Concurrent Mark 541.326ms
[2025-06-03T16:05:56.702+0530][330.007s] GC(180) Concurrent Rebuild Remembered Sets
[2025-06-03T16:05:56.969+0530][330.274s] GC(180) Concurrent Rebuild Remembered Sets 267.222ms
[2025-06-03T16:05:56.969+0530][330.274s] GC(180) Pause Cleanup
[2025-06-03T16:05:56.970+0530][330.275s] GC(180) Pause Cleanup 490M->490M(512M) 0.231ms
[2025-06-03T16:05:56.970+0530][330.275s] GC(180) User=0.00s Sys=0.00s Real=0.01s
[2025-06-03T16:05:56.970+0530][330.275s] GC(180) Concurrent Cleanup for Next Mark
[2025-06-03T16:05:56.970+0530][330.275s] GC(180) Concurrent Cleanup for Next Mark 0.585ms
[2025-06-03T16:05:56.970+0530][330.275s] GC(180) Concurrent Mark Cycle 811.374ms
[2025-06-03T16:05:57.796+0530][331.100s] GC(181) Pause Young (Prepare Mixed) (G1 Evacuation Pause)
[2025-06-03T16:05:57.796+0530][331.101s] GC(181) Using 8 workers of 8 for evacuation
[2025-06-03T16:05:57.808+0530][331.112s] GC(181) Skipped phase 1 of Reference Processing: no references
[2025-06-03T16:05:57.808+0530][331.113s] GC(181) Skipped phase 2 of Reference Processing: no references
[2025-06-03T16:05:57.808+0530][331.113s] GC(181) Skipped phase 3 of Reference Processing: no references
[2025-06-03T16:05:57.808+0530][331.113s] GC(181) Skipped phase 4 of Reference Processing: no references
[2025-06-03T16:05:57.808+0530][331.113s] GC(181)   Pre Evacuate Collection Set: 0.1ms
[2025-06-03T16:05:57.808+0530][331.113s] GC(181)   Merge Heap Roots: 0.1ms
[2025-06-03T16:05:57.808+0530][331.113s] GC(181)   Evacuate Collection Set: 11.6ms
[2025-06-03T16:05:57.808+0530][331.113s] GC(181)   Post Evacuate Collection Set: 0.3ms
[2025-06-03T16:05:57.808+0530][331.113s] GC(181)   Other: 0.2ms
[2025-06-03T16:05:57.808+0530][331.113s] GC(181) Eden regions: 22->0(22)
[2025-06-03T16:05:57.808+0530][331.113s] GC(181) Survivor regions: 3->3(4)
[2025-06-03T16:05:57.808+0530][331.113s] GC(181) Old regions: 474->475
[2025-06-03T16:05:57.808+0530][331.113s] GC(181) Archive regions: 2->2
[2025-06-03T16:05:57.808+0530][331.113s] GC(181) Humongous regions: 0->0
[2025-06-03T16:05:57.808+0530][331.113s] GC(181) Metaspace: 20295K(20992K)->20295K(20992K) NonClass: 17766K(18176K)->17766K(18176K) Class: 2528K(2816K)->2528K(2816K)
[2025-06-03T16:05:57.808+0530][331.113s] GC(181) Pause Young (Prepare Mixed) (G1 Evacuation Pause) 499M->478M(512M) 12.505ms
[2025-06-03T16:05:57.808+0530][331.113s] GC(181) User=0.03s Sys=0.01s Real=0.01s
[2025-06-03T16:05:59.797+0530][333.102s] GC(182) Pause Young (Mixed) (G1 Evacuation Pause)
[2025-06-03T16:05:59.797+0530][333.102s] GC(182) Using 8 workers of 8 for evacuation
[2025-06-03T16:05:59.810+0530][333.115s] GC(182) Skipped phase 1 of Reference Processing: no references
[2025-06-03T16:05:59.810+0530][333.115s] GC(182) Skipped phase 2 of Reference Processing: no references
[2025-06-03T16:05:59.810+0530][333.115s] GC(182) Skipped phase 3 of Reference Processing: no references
[2025-06-03T16:05:59.810+0530][333.115s] GC(182) Skipped phase 4 of Reference Processing: no references
[2025-06-03T16:05:59.810+0530][333.115s] GC(182)   Pre Evacuate Collection Set: 0.1ms
[2025-06-03T16:05:59.810+0530][333.115s] GC(182)   Merge Heap Roots: 0.1ms
[2025-06-03T16:05:59.810+0530][333.115s] GC(182)   Evacuate Collection Set: 12.3ms
[2025-06-03T16:05:59.810+0530][333.115s] GC(182)   Post Evacuate Collection Set: 0.4ms
[2025-06-03T16:05:59.810+0530][333.115s] GC(182)   Other: 0.2ms
[2025-06-03T16:05:59.810+0530][333.115s] GC(182) Eden regions: 22->0(22)
[2025-06-03T16:05:59.810+0530][333.115s] GC(182) Survivor regions: 3->3(4)
[2025-06-03T16:05:59.810+0530][333.115s] GC(182) Old regions: 475->476
[2025-06-03T16:05:59.810+0530][333.115s] GC(182) Archive regions: 2->2
[2025-06-03T16:05:59.810+0530][333.115s] GC(182) Humongous regions: 0->0
[2025-06-03T16:05:59.810+0530][333.115s] GC(182) Metaspace: 20295K(20992K)->20295K(20992K) NonClass: 17766K(18176K)->17766K(18176K) Class: 2528K(2816K)->2528K(2816K)
[2025-06-03T16:05:59.810+0530][333.115s] GC(182) Pause Young (Mixed) (G1 Evacuation Pause) 500M->478M(512M) 13.193ms
[2025-06-03T16:05:59.810+0530][333.115s] GC(182) User=0.04s Sys=0.00s Real=0.02s
[2025-06-03T16:06:01.799+0530][335.104s] GC(183) Pause Young (Concurrent Start) (G1 Evacuation Pause)
[2025-06-03T16:06:01.800+0530][335.105s] GC(183) Using 8 workers of 8 for evacuation
[2025-06-03T16:06:01.812+0530][335.117s] GC(183) Skipped phase 1 of Reference Processing: no references
[2025-06-03T16:06:01.812+0530][335.117s] GC(183) Skipped phase 2 of Reference Processing: no references
[2025-06-03T16:06:01.812+0530][335.117s] GC(183) Skipped phase 3 of Reference Processing: no references
[2025-06-03T16:06:01.812+0530][335.117s] GC(183) Skipped phase 4 of Reference Processing: no references
[2025-06-03T16:06:01.812+0530][335.117s] GC(183)   Pre Evacuate Collection Set: 0.2ms
[2025-06-03T16:06:01.812+0530][335.117s] GC(183)   Merge Heap Roots: 0.1ms
[2025-06-03T16:06:01.812+0530][335.117s] GC(183)   Evacuate Collection Set: 11.7ms
[2025-06-03T16:06:01.812+0530][335.117s] GC(183)   Post Evacuate Collection Set: 0.5ms
[2025-06-03T16:06:01.812+0530][335.117s] GC(183)   Other: 0.5ms
[2025-06-03T16:06:01.812+0530][335.117s] GC(183) Eden regions: 22->0(22)
[2025-06-03T16:06:01.812+0530][335.117s] GC(183) Survivor regions: 3->3(4)
[2025-06-03T16:06:01.812+0530][335.117s] GC(183) Old regions: 476->476
[2025-06-03T16:06:01.812+0530][335.117s] GC(183) Archive regions: 2->2
[2025-06-03T16:06:01.812+0530][335.117s] GC(183) Humongous regions: 0->0
[2025-06-03T16:06:01.812+0530][335.117s] GC(183) Metaspace: 20295K(20992K)->20295K(20992K) NonClass: 17766K(18176K)->17766K(18176K) Class: 2528K(2816K)->2528K(2816K)
[2025-06-03T16:06:01.812+0530][335.117s] GC(183) Pause Young (Concurrent Start) (G1 Evacuation Pause) 500M->479M(512M) 12.990ms
[2025-06-03T16:06:01.813+0530][335.117s] GC(183) User=0.03s Sys=0.01s Real=0.02s
[2025-06-03T16:06:01.813+0530][335.118s] GC(184) Concurrent Mark Cycle
[2025-06-03T16:06:01.813+0530][335.118s] GC(184) Concurrent Clear Claimed Marks
[2025-06-03T16:06:01.813+0530][335.118s] GC(184) Concurrent Clear Claimed Marks 0.045ms
[2025-06-03T16:06:01.813+0530][335.118s] GC(184) Concurrent Scan Root Regions
[2025-06-03T16:06:01.814+0530][335.119s] GC(184) Concurrent Scan Root Regions 1.599ms
[2025-06-03T16:06:01.814+0530][335.119s] GC(184) Concurrent Mark
[2025-06-03T16:06:01.814+0530][335.119s] GC(184) Concurrent Mark From Roots
[2025-06-03T16:06:01.814+0530][335.119s] GC(184) Using 2 workers of 2 for marking
[2025-06-03T16:06:02.327+0530][335.632s] GC(184) Concurrent Mark From Roots 512.980ms
[2025-06-03T16:06:02.327+0530][335.632s] GC(184) Concurrent Preclean
[2025-06-03T16:06:02.327+0530][335.632s] GC(184) Preclean SoftReferences 0.039ms
[2025-06-03T16:06:02.328+0530][335.633s] GC(184) Preclean WeakReferences 0.061ms
[2025-06-03T16:06:02.328+0530][335.633s] GC(184) Preclean FinalReferences 0.003ms
[2025-06-03T16:06:02.328+0530][335.633s] GC(184) Preclean PhantomReferences 0.016ms
[2025-06-03T16:06:02.328+0530][335.633s] GC(184) Concurrent Preclean 0.205ms
[2025-06-03T16:06:02.328+0530][335.633s] GC(184) Pause Remark
[2025-06-03T16:06:02.328+0530][335.633s] GC(184) Skipped phase 1 of Reference Processing: no references
[2025-06-03T16:06:02.328+0530][335.633s] GC(184) Skipped phase 2 of Reference Processing: no references
[2025-06-03T16:06:02.328+0530][335.633s] GC(184) Skipped phase 3 of Reference Processing: no references
[2025-06-03T16:06:02.328+0530][335.633s] GC(184) Skipped phase 4 of Reference Processing: no references
[2025-06-03T16:06:02.330+0530][335.635s] GC(184) Pause Remark 487M->487M(512M) 2.104ms
[2025-06-03T16:06:02.330+0530][335.635s] GC(184) User=0.00s Sys=0.00s Real=0.01s
[2025-06-03T16:06:02.330+0530][335.635s] GC(184) Concurrent Mark 515.659ms
[2025-06-03T16:06:02.330+0530][335.635s] GC(184) Concurrent Rebuild Remembered Sets
[2025-06-03T16:06:02.598+0530][335.903s] GC(184) Concurrent Rebuild Remembered Sets 267.795ms
[2025-06-03T16:06:02.598+0530][335.903s] GC(184) Pause Cleanup
[2025-06-03T16:06:02.598+0530][335.903s] GC(184) Pause Cleanup 491M->491M(512M) 0.139ms
[2025-06-03T16:06:02.598+0530][335.903s] GC(184) User=0.00s Sys=0.00s Real=0.00s
[2025-06-03T16:06:02.598+0530][335.903s] GC(184) Concurrent Cleanup for Next Mark
[2025-06-03T16:06:02.599+0530][335.904s] GC(184) Concurrent Cleanup for Next Mark 0.527ms
[2025-06-03T16:06:02.599+0530][335.904s] GC(184) Concurrent Mark Cycle 786.129ms
[2025-06-03T16:06:03.441+0530][336.746s] GC(185) Pause Young (Normal) (G1 Evacuation Pause)
[2025-06-03T16:06:03.441+0530][336.746s] GC(185) Using 8 workers of 8 for evacuation
[2025-06-03T16:06:03.454+0530][336.759s] GC(185) Skipped phase 1 of Reference Processing: no references
[2025-06-03T16:06:03.454+0530][336.759s] GC(185) Skipped phase 2 of Reference Processing: no references
[2025-06-03T16:06:03.454+0530][336.759s] GC(185) Skipped phase 3 of Reference Processing: no references
[2025-06-03T16:06:03.454+0530][336.759s] GC(185) Skipped phase 4 of Reference Processing: no references
[2025-06-03T16:06:03.454+0530][336.759s] GC(185)   Pre Evacuate Collection Set: 0.1ms
[2025-06-03T16:06:03.454+0530][336.759s] GC(185)   Merge Heap Roots: 0.0ms
[2025-06-03T16:06:03.454+0530][336.759s] GC(185)   Evacuate Collection Set: 12.3ms
[2025-06-03T16:06:03.454+0530][336.759s] GC(185)   Post Evacuate Collection Set: 0.4ms
[2025-06-03T16:06:03.454+0530][336.759s] GC(185)   Other: 0.3ms
[2025-06-03T16:06:03.454+0530][336.759s] GC(185) Eden regions: 22->0(22)
[2025-06-03T16:06:03.454+0530][336.759s] GC(185) Survivor regions: 3->3(4)
[2025-06-03T16:06:03.454+0530][336.759s] GC(185) Old regions: 476->477
[2025-06-03T16:06:03.454+0530][336.759s] GC(185) Archive regions: 2->2
[2025-06-03T16:06:03.454+0530][336.759s] GC(185) Humongous regions: 0->0
[2025-06-03T16:06:03.454+0530][336.759s] GC(185) Metaspace: 20295K(20992K)->20295K(20992K) NonClass: 17766K(18176K)->17766K(18176K) Class: 2528K(2816K)->2528K(2816K)
[2025-06-03T16:06:03.454+0530][336.759s] GC(185) Pause Young (Normal) (G1 Evacuation Pause) 501M->480M(512M) 13.135ms
[2025-06-03T16:06:03.454+0530][336.759s] GC(185) User=0.04s Sys=0.01s Real=0.01s
[2025-06-03T16:06:05.299+0530][338.604s] GC(186) Pause Young (Concurrent Start) (G1 Evacuation Pause)
[2025-06-03T16:06:05.300+0530][338.605s] GC(186) Using 8 workers of 8 for evacuation
[2025-06-03T16:06:05.311+0530][338.616s] GC(186) Skipped phase 1 of Reference Processing: no references
[2025-06-03T16:06:05.311+0530][338.616s] GC(186) Skipped phase 2 of Reference Processing: no references
[2025-06-03T16:06:05.311+0530][338.616s] GC(186) Skipped phase 3 of Reference Processing: no references
[2025-06-03T16:06:05.311+0530][338.616s] GC(186) Skipped phase 4 of Reference Processing: no references
[2025-06-03T16:06:05.312+0530][338.617s] GC(186)   Pre Evacuate Collection Set: 0.1ms
[2025-06-03T16:06:05.312+0530][338.617s] GC(186)   Merge Heap Roots: 0.0ms
[2025-06-03T16:06:05.312+0530][338.617s] GC(186)   Evacuate Collection Set: 11.5ms
[2025-06-03T16:06:05.312+0530][338.617s] GC(186)   Post Evacuate Collection Set: 0.5ms
[2025-06-03T16:06:05.312+0530][338.617s] GC(186)   Other: 0.2ms
[2025-06-03T16:06:05.312+0530][338.617s] GC(186) Eden regions: 22->0(22)
[2025-06-03T16:06:05.312+0530][338.617s] GC(186) Survivor regions: 3->3(4)
[2025-06-03T16:06:05.312+0530][338.617s] GC(186) Old regions: 477->478
[2025-06-03T16:06:05.312+0530][338.617s] GC(186) Archive regions: 2->2
[2025-06-03T16:06:05.312+0530][338.617s] GC(186) Humongous regions: 0->0
[2025-06-03T16:06:05.312+0530][338.617s] GC(186) Metaspace: 20295K(20992K)->20295K(20992K) NonClass: 17766K(18176K)->17766K(18176K) Class: 2528K(2816K)->2528K(2816K)
[2025-06-03T16:06:05.312+0530][338.617s] GC(186) Pause Young (Concurrent Start) (G1 Evacuation Pause) 502M->481M(512M) 12.420ms
[2025-06-03T16:06:05.312+0530][338.617s] GC(186) User=0.03s Sys=0.01s Real=0.02s
[2025-06-03T16:06:05.312+0530][338.617s] GC(187) Concurrent Mark Cycle
[2025-06-03T16:06:05.312+0530][338.617s] GC(187) Concurrent Clear Claimed Marks
[2025-06-03T16:06:05.312+0530][338.617s] GC(187) Concurrent Clear Claimed Marks 0.031ms
[2025-06-03T16:06:05.312+0530][338.617s] GC(187) Concurrent Scan Root Regions
[2025-06-03T16:06:05.314+0530][338.619s] GC(187) Concurrent Scan Root Regions 1.541ms
[2025-06-03T16:06:05.314+0530][338.619s] GC(187) Concurrent Mark
[2025-06-03T16:06:05.314+0530][338.619s] GC(187) Concurrent Mark From Roots
[2025-06-03T16:06:05.314+0530][338.619s] GC(187) Using 2 workers of 2 for marking
[2025-06-03T16:06:05.834+0530][339.139s] GC(187) Concurrent Mark From Roots 519.941ms
[2025-06-03T16:06:05.834+0530][339.139s] GC(187) Concurrent Preclean
[2025-06-03T16:06:05.834+0530][339.139s] GC(187) Preclean SoftReferences 0.029ms
[2025-06-03T16:06:05.834+0530][339.139s] GC(187) Preclean WeakReferences 0.057ms
[2025-06-03T16:06:05.834+0530][339.139s] GC(187) Preclean FinalReferences 0.004ms
[2025-06-03T16:06:05.834+0530][339.139s] GC(187) Preclean PhantomReferences 0.016ms
[2025-06-03T16:06:05.834+0530][339.139s] GC(187) Concurrent Preclean 0.170ms
[2025-06-03T16:06:05.834+0530][339.139s] GC(187) Pause Remark
[2025-06-03T16:06:05.834+0530][339.139s] GC(187) Skipped phase 1 of Reference Processing: no references
[2025-06-03T16:06:05.834+0530][339.139s] GC(187) Skipped phase 2 of Reference Processing: no references
[2025-06-03T16:06:05.834+0530][339.139s] GC(187) Skipped phase 3 of Reference Processing: no references
[2025-06-03T16:06:05.834+0530][339.139s] GC(187) Skipped phase 4 of Reference Processing: no references
[2025-06-03T16:06:05.836+0530][339.141s] GC(187) Pause Remark 490M->490M(512M) 2.058ms
[2025-06-03T16:06:05.836+0530][339.141s] GC(187) User=0.00s Sys=0.00s Real=0.00s
[2025-06-03T16:06:05.836+0530][339.141s] GC(187) Concurrent Mark 522.563ms
[2025-06-03T16:06:05.836+0530][339.141s] GC(187) Concurrent Rebuild Remembered Sets
[2025-06-03T16:06:06.097+0530][339.402s] GC(187) Concurrent Rebuild Remembered Sets 260.315ms
[2025-06-03T16:06:06.097+0530][339.402s] GC(187) Pause Cleanup
[2025-06-03T16:06:06.097+0530][339.402s] GC(187) Pause Cleanup 494M->494M(512M) 0.153ms
[2025-06-03T16:06:06.097+0530][339.402s] GC(187) User=0.00s Sys=0.00s Real=0.00s
[2025-06-03T16:06:06.097+0530][339.402s] GC(187) Concurrent Cleanup for Next Mark
[2025-06-03T16:06:06.097+0530][339.402s] GC(187) Concurrent Cleanup for Next Mark 0.527ms
[2025-06-03T16:06:06.098+0530][339.403s] GC(187) Concurrent Mark Cycle 785.557ms
[2025-06-03T16:06:06.891+0530][340.196s] GC(188) Pause Young (Normal) (G1 Evacuation Pause)
[2025-06-03T16:06:06.891+0530][340.196s] GC(188) Using 8 workers of 8 for evacuation
[2025-06-03T16:06:06.903+0530][340.208s] GC(188) Skipped phase 1 of Reference Processing: no references
[2025-06-03T16:06:06.903+0530][340.208s] GC(188) Skipped phase 2 of Reference Processing: no references
[2025-06-03T16:06:06.903+0530][340.208s] GC(188) Skipped phase 3 of Reference Processing: no references
[2025-06-03T16:06:06.903+0530][340.208s] GC(188) Skipped phase 4 of Reference Processing: no references
[2025-06-03T16:06:06.904+0530][340.209s] GC(188)   Pre Evacuate Collection Set: 0.1ms
[2025-06-03T16:06:06.904+0530][340.209s] GC(188)   Merge Heap Roots: 0.0ms
[2025-06-03T16:06:06.904+0530][340.209s] GC(188)   Evacuate Collection Set: 12.3ms
[2025-06-03T16:06:06.904+0530][340.209s] GC(188)   Post Evacuate Collection Set: 0.4ms
[2025-06-03T16:06:06.904+0530][340.209s] GC(188)   Other: 0.2ms
[2025-06-03T16:06:06.904+0530][340.209s] GC(188) Eden regions: 22->0(22)
[2025-06-03T16:06:06.904+0530][340.209s] GC(188) Survivor regions: 3->3(4)
[2025-06-03T16:06:06.904+0530][340.209s] GC(188) Old regions: 478->479
[2025-06-03T16:06:06.904+0530][340.209s] GC(188) Archive regions: 2->2
[2025-06-03T16:06:06.904+0530][340.209s] GC(188) Humongous regions: 0->0
[2025-06-03T16:06:06.904+0530][340.209s] GC(188) Metaspace: 20296K(20992K)->20296K(20992K) NonClass: 17767K(18176K)->17767K(18176K) Class: 2528K(2816K)->2528K(2816K)
[2025-06-03T16:06:06.904+0530][340.209s] GC(188) Pause Young (Normal) (G1 Evacuation Pause) 503M->482M(512M) 13.127ms
[2025-06-03T16:06:06.904+0530][340.209s] GC(188) User=0.04s Sys=0.01s Real=0.01s
[2025-06-03T16:06:08.704+0530][342.009s] GC(189) Pause Young (Concurrent Start) (G1 Evacuation Pause)
[2025-06-03T16:06:08.704+0530][342.009s] GC(189) Using 8 workers of 8 for evacuation
[2025-06-03T16:06:08.715+0530][342.020s] GC(189) Skipped phase 1 of Reference Processing: no references
[2025-06-03T16:06:08.715+0530][342.020s] GC(189) Skipped phase 2 of Reference Processing: no references
[2025-06-03T16:06:08.715+0530][342.020s] GC(189) Skipped phase 3 of Reference Processing: no references
[2025-06-03T16:06:08.715+0530][342.020s] GC(189) Skipped phase 4 of Reference Processing: no references
[2025-06-03T16:06:08.715+0530][342.020s] GC(189)   Pre Evacuate Collection Set: 0.1ms
[2025-06-03T16:06:08.715+0530][342.020s] GC(189)   Merge Heap Roots: 0.0ms
[2025-06-03T16:06:08.715+0530][342.020s] GC(189)   Evacuate Collection Set: 10.0ms
[2025-06-03T16:06:08.715+0530][342.020s] GC(189)   Post Evacuate Collection Set: 0.4ms
[2025-06-03T16:06:08.715+0530][342.020s] GC(189)   Other: 0.2ms
[2025-06-03T16:06:08.715+0530][342.020s] GC(189) Eden regions: 22->0(22)
[2025-06-03T16:06:08.715+0530][342.020s] GC(189) Survivor regions: 3->3(4)
[2025-06-03T16:06:08.715+0530][342.020s] GC(189) Old regions: 479->480
[2025-06-03T16:06:08.715+0530][342.020s] GC(189) Archive regions: 2->2
[2025-06-03T16:06:08.715+0530][342.020s] GC(189) Humongous regions: 0->0
[2025-06-03T16:06:08.715+0530][342.020s] GC(189) Metaspace: 20296K(20992K)->20296K(20992K) NonClass: 17767K(18176K)->17767K(18176K) Class: 2528K(2816K)->2528K(2816K)
[2025-06-03T16:06:08.715+0530][342.020s] GC(189) Pause Young (Concurrent Start) (G1 Evacuation Pause) 504M->483M(512M) 10.846ms
[2025-06-03T16:06:08.715+0530][342.020s] GC(189) User=0.03s Sys=0.01s Real=0.01s
[2025-06-03T16:06:08.715+0530][342.020s] GC(190) Concurrent Mark Cycle
[2025-06-03T16:06:08.715+0530][342.020s] GC(190) Concurrent Clear Claimed Marks
[2025-06-03T16:06:08.715+0530][342.020s] GC(190) Concurrent Clear Claimed Marks 0.023ms
[2025-06-03T16:06:08.715+0530][342.020s] GC(190) Concurrent Scan Root Regions
[2025-06-03T16:06:08.717+0530][342.022s] GC(190) Concurrent Scan Root Regions 1.552ms
[2025-06-03T16:06:08.717+0530][342.022s] GC(190) Concurrent Mark
[2025-06-03T16:06:08.717+0530][342.022s] GC(190) Concurrent Mark From Roots
[2025-06-03T16:06:08.717+0530][342.022s] GC(190) Using 2 workers of 2 for marking
[2025-06-03T16:06:09.241+0530][342.546s] GC(190) Concurrent Mark From Roots 523.689ms
[2025-06-03T16:06:09.241+0530][342.546s] GC(190) Concurrent Preclean
[2025-06-03T16:06:09.241+0530][342.546s] GC(190) Preclean SoftReferences 0.028ms
[2025-06-03T16:06:09.241+0530][342.546s] GC(190) Preclean WeakReferences 0.091ms
[2025-06-03T16:06:09.241+0530][342.546s] GC(190) Preclean FinalReferences 0.004ms
[2025-06-03T16:06:09.241+0530][342.546s] GC(190) Preclean PhantomReferences 0.016ms
[2025-06-03T16:06:09.241+0530][342.546s] GC(190) Concurrent Preclean 0.208ms
[2025-06-03T16:06:09.241+0530][342.546s] GC(190) Pause Remark
[2025-06-03T16:06:09.241+0530][342.546s] GC(190) Skipped phase 1 of Reference Processing: no references
[2025-06-03T16:06:09.241+0530][342.546s] GC(190) Skipped phase 2 of Reference Processing: no references
[2025-06-03T16:06:09.241+0530][342.546s] GC(190) Skipped phase 3 of Reference Processing: no references
[2025-06-03T16:06:09.241+0530][342.546s] GC(190) Skipped phase 4 of Reference Processing: no references
[2025-06-03T16:06:09.243+0530][342.548s] GC(190) Pause Remark 491M->491M(512M) 1.815ms
[2025-06-03T16:06:09.243+0530][342.548s] GC(190) User=0.00s Sys=0.00s Real=0.00s
[2025-06-03T16:06:09.243+0530][342.548s] GC(190) Concurrent Mark 526.060ms
[2025-06-03T16:06:09.243+0530][342.548s] GC(190) Concurrent Rebuild Remembered Sets
[2025-06-03T16:06:09.502+0530][342.807s] GC(190) Concurrent Rebuild Remembered Sets 258.572ms
[2025-06-03T16:06:09.502+0530][342.807s] GC(190) Pause Cleanup
[2025-06-03T16:06:09.502+0530][342.807s] GC(190) Pause Cleanup 495M->495M(512M) 0.171ms
[2025-06-03T16:06:09.502+0530][342.807s] GC(190) User=0.00s Sys=0.00s Real=0.00s
[2025-06-03T16:06:09.502+0530][342.807s] GC(190) Concurrent Cleanup for Next Mark
[2025-06-03T16:06:09.503+0530][342.808s] GC(190) Concurrent Cleanup for Next Mark 0.562ms
[2025-06-03T16:06:09.503+0530][342.808s] GC(190) Concurrent Mark Cycle 787.396ms
[2025-06-03T16:06:10.346+0530][343.651s] GC(191) Pause Young (Normal) (G1 Evacuation Pause)
[2025-06-03T16:06:10.346+0530][343.651s] GC(191) Using 8 workers of 8 for evacuation
[2025-06-03T16:06:10.358+0530][343.663s] GC(191) Skipped phase 1 of Reference Processing: no references
[2025-06-03T16:06:10.358+0530][343.663s] GC(191) Skipped phase 2 of Reference Processing: no references
[2025-06-03T16:06:10.358+0530][343.663s] GC(191) Skipped phase 3 of Reference Processing: no references
[2025-06-03T16:06:10.358+0530][343.663s] GC(191) Skipped phase 4 of Reference Processing: no references
[2025-06-03T16:06:10.359+0530][343.664s] GC(191)   Pre Evacuate Collection Set: 0.1ms
[2025-06-03T16:06:10.359+0530][343.664s] GC(191)   Merge Heap Roots: 0.1ms
[2025-06-03T16:06:10.359+0530][343.664s] GC(191)   Evacuate Collection Set: 11.9ms
[2025-06-03T16:06:10.359+0530][343.664s] GC(191)   Post Evacuate Collection Set: 0.4ms
[2025-06-03T16:06:10.359+0530][343.664s] GC(191)   Other: 0.2ms
[2025-06-03T16:06:10.359+0530][343.664s] GC(191) Eden regions: 22->0(22)
[2025-06-03T16:06:10.359+0530][343.664s] GC(191) Survivor regions: 3->3(4)
[2025-06-03T16:06:10.359+0530][343.664s] GC(191) Old regions: 480->481
[2025-06-03T16:06:10.359+0530][343.664s] GC(191) Archive regions: 2->2
[2025-06-03T16:06:10.359+0530][343.664s] GC(191) Humongous regions: 0->0
[2025-06-03T16:06:10.359+0530][343.664s] GC(191) Metaspace: 20296K(20992K)->20296K(20992K) NonClass: 17767K(18176K)->17767K(18176K) Class: 2528K(2816K)->2528K(2816K)
[2025-06-03T16:06:10.359+0530][343.664s] GC(191) Pause Young (Normal) (G1 Evacuation Pause) 505M->484M(512M) 12.843ms
[2025-06-03T16:06:10.359+0530][343.664s] GC(191) User=0.03s Sys=0.01s Real=0.01s
[2025-06-03T16:06:12.197+0530][345.502s] GC(192) Pause Young (Concurrent Start) (G1 Preventive Collection)
[2025-06-03T16:06:12.197+0530][345.502s] GC(192) Using 8 workers of 8 for evacuation
[2025-06-03T16:06:12.209+0530][345.514s] GC(192) Skipped phase 1 of Reference Processing: no references
[2025-06-03T16:06:12.209+0530][345.514s] GC(192) Skipped phase 2 of Reference Processing: no references
[2025-06-03T16:06:12.209+0530][345.514s] GC(192) Skipped phase 3 of Reference Processing: no references
[2025-06-03T16:06:12.209+0530][345.514s] GC(192) Skipped phase 4 of Reference Processing: no references
[2025-06-03T16:06:12.209+0530][345.514s] GC(192)   Pre Evacuate Collection Set: 0.1ms
[2025-06-03T16:06:12.209+0530][345.514s] GC(192)   Merge Heap Roots: 0.0ms
[2025-06-03T16:06:12.209+0530][345.514s] GC(192)   Evacuate Collection Set: 11.8ms
[2025-06-03T16:06:12.209+0530][345.514s] GC(192)   Post Evacuate Collection Set: 0.4ms
[2025-06-03T16:06:12.209+0530][345.514s] GC(192)   Other: 0.3ms
[2025-06-03T16:06:12.209+0530][345.514s] GC(192) Eden regions: 22->0(22)
[2025-06-03T16:06:12.209+0530][345.515s] GC(192) Survivor regions: 3->3(4)
[2025-06-03T16:06:12.209+0530][345.515s] GC(192) Old regions: 481->482
[2025-06-03T16:06:12.209+0530][345.515s] GC(192) Archive regions: 2->2
[2025-06-03T16:06:12.209+0530][345.515s] GC(192) Humongous regions: 0->0
[2025-06-03T16:06:12.209+0530][345.515s] GC(192) Metaspace: 20296K(20992K)->20296K(20992K) NonClass: 17767K(18176K)->17767K(18176K) Class: 2528K(2816K)->2528K(2816K)
[2025-06-03T16:06:12.209+0530][345.515s] GC(192) Pause Young (Concurrent Start) (G1 Preventive Collection) 506M->485M(512M) 12.767ms
[2025-06-03T16:06:12.209+0530][345.515s] GC(192) User=0.03s Sys=0.01s Real=0.01s
[2025-06-03T16:06:12.210+0530][345.515s] GC(193) Concurrent Mark Cycle
[2025-06-03T16:06:12.210+0530][345.515s] GC(193) Concurrent Clear Claimed Marks
[2025-06-03T16:06:12.210+0530][345.515s] GC(193) Concurrent Clear Claimed Marks 0.034ms
[2025-06-03T16:06:12.210+0530][345.515s] GC(193) Concurrent Scan Root Regions
[2025-06-03T16:06:12.211+0530][345.516s] GC(193) Concurrent Scan Root Regions 1.550ms
[2025-06-03T16:06:12.211+0530][345.516s] GC(193) Concurrent Mark
[2025-06-03T16:06:12.211+0530][345.516s] GC(193) Concurrent Mark From Roots
[2025-06-03T16:06:12.211+0530][345.516s] GC(193) Using 2 workers of 2 for marking
[2025-06-03T16:06:12.744+0530][346.050s] GC(193) Concurrent Mark From Roots 533.227ms
[2025-06-03T16:06:12.745+0530][346.050s] GC(193) Concurrent Preclean
[2025-06-03T16:06:12.745+0530][346.050s] GC(193) Preclean SoftReferences 0.042ms
[2025-06-03T16:06:12.745+0530][346.050s] GC(193) Preclean WeakReferences 0.092ms
[2025-06-03T16:06:12.745+0530][346.050s] GC(193) Preclean FinalReferences 0.006ms
[2025-06-03T16:06:12.745+0530][346.050s] GC(193) Preclean PhantomReferences 0.024ms
[2025-06-03T16:06:12.745+0530][346.050s] GC(193) Concurrent Preclean 0.380ms
[2025-06-03T16:06:12.745+0530][346.050s] GC(193) Pause Remark
[2025-06-03T16:06:12.745+0530][346.050s] GC(193) Skipped phase 1 of Reference Processing: no references
[2025-06-03T16:06:12.745+0530][346.050s] GC(193) Skipped phase 2 of Reference Processing: no references
[2025-06-03T16:06:12.745+0530][346.050s] GC(193) Skipped phase 3 of Reference Processing: no references
[2025-06-03T16:06:12.745+0530][346.051s] GC(193) Skipped phase 4 of Reference Processing: no references
[2025-06-03T16:06:12.748+0530][346.053s] GC(193) Pause Remark 494M->494M(512M) 2.736ms
[2025-06-03T16:06:12.748+0530][346.053s] GC(193) User=0.01s Sys=0.00s Real=0.00s
[2025-06-03T16:06:12.748+0530][346.053s] GC(193) Concurrent Mark 536.714ms
[2025-06-03T16:06:12.748+0530][346.053s] GC(193) Concurrent Rebuild Remembered Sets
[2025-06-03T16:06:13.011+0530][346.316s] GC(193) Concurrent Rebuild Remembered Sets 262.646ms
[2025-06-03T16:06:13.011+0530][346.316s] GC(193) Pause Cleanup
[2025-06-03T16:06:13.011+0530][346.316s] GC(193) Pause Cleanup 498M->498M(512M) 0.188ms
[2025-06-03T16:06:13.011+0530][346.316s] GC(193) User=0.00s Sys=0.00s Real=0.00s
[2025-06-03T16:06:13.011+0530][346.316s] GC(193) Concurrent Cleanup for Next Mark
[2025-06-03T16:06:13.012+0530][346.317s] GC(193) Concurrent Cleanup for Next Mark 0.704ms
[2025-06-03T16:06:13.012+0530][346.317s] GC(193) Concurrent Mark Cycle 802.345ms
[2025-06-03T16:06:13.551+0530][346.856s] GC(194) Pause Young (Normal) (G1 Preventive Collection)
[2025-06-03T16:06:13.551+0530][346.856s] GC(194) Using 8 workers of 8 for evacuation
[2025-06-03T16:06:13.563+0530][346.868s] GC(194) Skipped phase 1 of Reference Processing: no references
[2025-06-03T16:06:13.563+0530][346.868s] GC(194) Skipped phase 2 of Reference Processing: no references
[2025-06-03T16:06:13.563+0530][346.868s] GC(194) Skipped phase 3 of Reference Processing: no references
[2025-06-03T16:06:13.563+0530][346.868s] GC(194) Skipped phase 4 of Reference Processing: no references
[2025-06-03T16:06:13.563+0530][346.868s] GC(194)   Pre Evacuate Collection Set: 0.1ms
[2025-06-03T16:06:13.563+0530][346.868s] GC(194)   Merge Heap Roots: 0.1ms
[2025-06-03T16:06:13.563+0530][346.868s] GC(194)   Evacuate Collection Set: 11.2ms
[2025-06-03T16:06:13.563+0530][346.868s] GC(194)   Post Evacuate Collection Set: 0.4ms
[2025-06-03T16:06:13.563+0530][346.868s] GC(194)   Other: 0.2ms
[2025-06-03T16:06:13.563+0530][346.868s] GC(194) Eden regions: 21->0(22)
[2025-06-03T16:06:13.563+0530][346.868s] GC(194) Survivor regions: 3->3(4)
[2025-06-03T16:06:13.563+0530][346.868s] GC(194) Old regions: 482->483
[2025-06-03T16:06:13.563+0530][346.868s] GC(194) Archive regions: 2->2
[2025-06-03T16:06:13.563+0530][346.868s] GC(194) Humongous regions: 0->0
[2025-06-03T16:06:13.563+0530][346.868s] GC(194) Metaspace: 20296K(20992K)->20296K(20992K) NonClass: 17767K(18176K)->17767K(18176K) Class: 2528K(2816K)->2528K(2816K)
[2025-06-03T16:06:13.563+0530][346.868s] GC(194) Pause Young (Normal) (G1 Preventive Collection) 506M->486M(512M) 12.114ms
[2025-06-03T16:06:13.563+0530][346.868s] GC(194) User=0.03s Sys=0.01s Real=0.01s
[2025-06-03T16:06:14.849+0530][348.154s] GC(195) Pause Young (Concurrent Start) (G1 Preventive Collection)
[2025-06-03T16:06:14.849+0530][348.154s] GC(195) Using 8 workers of 8 for evacuation
[2025-06-03T16:06:14.860+0530][348.165s] GC(195) Skipped phase 1 of Reference Processing: no references
[2025-06-03T16:06:14.860+0530][348.165s] GC(195) Skipped phase 2 of Reference Processing: no references
[2025-06-03T16:06:14.860+0530][348.166s] GC(195) Skipped phase 3 of Reference Processing: no references
[2025-06-03T16:06:14.860+0530][348.166s] GC(195) Skipped phase 4 of Reference Processing: no references
[2025-06-03T16:06:14.861+0530][348.166s] GC(195)   Pre Evacuate Collection Set: 0.1ms
[2025-06-03T16:06:14.861+0530][348.166s] GC(195)   Merge Heap Roots: 0.1ms
[2025-06-03T16:06:14.861+0530][348.166s] GC(195)   Evacuate Collection Set: 10.8ms
[2025-06-03T16:06:14.861+0530][348.166s] GC(195)   Post Evacuate Collection Set: 0.5ms
[2025-06-03T16:06:14.861+0530][348.166s] GC(195)   Other: 0.3ms
[2025-06-03T16:06:14.861+0530][348.166s] GC(195) Eden regions: 20->0(22)
[2025-06-03T16:06:14.861+0530][348.166s] GC(195) Survivor regions: 3->3(4)
[2025-06-03T16:06:14.861+0530][348.166s] GC(195) Old regions: 483->484
[2025-06-03T16:06:14.861+0530][348.166s] GC(195) Archive regions: 2->2
[2025-06-03T16:06:14.861+0530][348.166s] GC(195) Humongous regions: 0->0
[2025-06-03T16:06:14.861+0530][348.166s] GC(195) Metaspace: 20296K(20992K)->20296K(20992K) NonClass: 17767K(18176K)->17767K(18176K) Class: 2528K(2816K)->2528K(2816K)
[2025-06-03T16:06:14.861+0530][348.166s] GC(195) Pause Young (Concurrent Start) (G1 Preventive Collection) 506M->487M(512M) 11.916ms
[2025-06-03T16:06:14.861+0530][348.166s] GC(195) User=0.02s Sys=0.00s Real=0.02s
[2025-06-03T16:06:14.861+0530][348.166s] GC(196) Concurrent Mark Cycle
[2025-06-03T16:06:14.861+0530][348.166s] GC(196) Concurrent Clear Claimed Marks
[2025-06-03T16:06:14.861+0530][348.166s] GC(196) Concurrent Clear Claimed Marks 0.032ms
[2025-06-03T16:06:14.861+0530][348.166s] GC(196) Concurrent Scan Root Regions
[2025-06-03T16:06:14.863+0530][348.168s] GC(196) Concurrent Scan Root Regions 1.516ms
[2025-06-03T16:06:14.863+0530][348.168s] GC(196) Concurrent Mark
[2025-06-03T16:06:14.863+0530][348.168s] GC(196) Concurrent Mark From Roots
[2025-06-03T16:06:14.863+0530][348.168s] GC(196) Using 2 workers of 2 for marking
[2025-06-03T16:06:15.369+0530][348.674s] GC(196) Concurrent Mark From Roots 505.861ms
[2025-06-03T16:06:15.369+0530][348.674s] GC(196) Concurrent Preclean
[2025-06-03T16:06:15.369+0530][348.674s] GC(196) Preclean SoftReferences 0.031ms
[2025-06-03T16:06:15.369+0530][348.674s] GC(196) Preclean WeakReferences 0.058ms
[2025-06-03T16:06:15.369+0530][348.674s] GC(196) Preclean FinalReferences 0.004ms
[2025-06-03T16:06:15.369+0530][348.674s] GC(196) Preclean PhantomReferences 0.018ms
[2025-06-03T16:06:15.369+0530][348.674s] GC(196) Concurrent Preclean 0.183ms
[2025-06-03T16:06:15.369+0530][348.674s] GC(196) Pause Remark
[2025-06-03T16:06:15.369+0530][348.674s] GC(196) ReferenceProcessor::execute queues: 8, RefProcThreadModel::Multi, marks_oops_alive: true
[2025-06-03T16:06:15.369+0530][348.675s] GC(196) ReferenceProcessor::execute queues: 1, RefProcThreadModel::Single, marks_oops_alive: false
[2025-06-03T16:06:15.369+0530][348.675s] GC(196) Skipped phase 3 of Reference Processing: no references
[2025-06-03T16:06:15.370+0530][348.675s] GC(196) Skipped phase 4 of Reference Processing: no references
[2025-06-03T16:06:15.372+0530][348.677s] GC(196) Pause Remark 496M->496M(512M) 3.063ms
[2025-06-03T16:06:15.372+0530][348.677s] GC(196) User=0.01s Sys=0.00s Real=0.01s
[2025-06-03T16:06:15.372+0530][348.677s] GC(196) Concurrent Mark 509.474ms
[2025-06-03T16:06:15.372+0530][348.677s] GC(196) Concurrent Rebuild Remembered Sets
[2025-06-03T16:06:15.641+0530][348.946s] GC(196) Concurrent Rebuild Remembered Sets 268.520ms
[2025-06-03T16:06:15.641+0530][348.946s] GC(196) Pause Cleanup
[2025-06-03T16:06:15.641+0530][348.946s] GC(196) Pause Cleanup 500M->500M(512M) 0.162ms
[2025-06-03T16:06:15.641+0530][348.946s] GC(196) User=0.01s Sys=0.00s Real=0.00s
[2025-06-03T16:06:15.641+0530][348.946s] GC(196) Concurrent Cleanup for Next Mark
[2025-06-03T16:06:15.642+0530][348.947s] GC(196) Concurrent Cleanup for Next Mark 0.725ms
[2025-06-03T16:06:15.642+0530][348.947s] GC(196) Concurrent Mark Cycle 780.862ms
[2025-06-03T16:06:15.956+0530][349.261s] GC(197) Pause Young (Normal) (G1 Preventive Collection)
[2025-06-03T16:06:15.956+0530][349.261s] GC(197) Using 8 workers of 8 for evacuation
[2025-06-03T16:06:15.966+0530][349.272s] GC(197) Skipped phase 1 of Reference Processing: no references
[2025-06-03T16:06:15.966+0530][349.272s] GC(197) ReferenceProcessor::execute queues: 1, RefProcThreadModel::Single, marks_oops_alive: false
[2025-06-03T16:06:15.967+0530][349.272s] GC(197) Skipped phase 3 of Reference Processing: no references
[2025-06-03T16:06:15.967+0530][349.272s] GC(197) Skipped phase 4 of Reference Processing: no references
[2025-06-03T16:06:15.967+0530][349.272s] GC(197)   Pre Evacuate Collection Set: 0.1ms
[2025-06-03T16:06:15.967+0530][349.272s] GC(197)   Merge Heap Roots: 0.1ms
[2025-06-03T16:06:15.967+0530][349.272s] GC(197)   Evacuate Collection Set: 9.9ms
[2025-06-03T16:06:15.967+0530][349.272s] GC(197)   Post Evacuate Collection Set: 0.6ms
[2025-06-03T16:06:15.967+0530][349.272s] GC(197)   Other: 0.2ms
[2025-06-03T16:06:15.967+0530][349.272s] GC(197) Eden regions: 19->0(22)
[2025-06-03T16:06:15.967+0530][349.272s] GC(197) Survivor regions: 3->3(4)
[2025-06-03T16:06:15.967+0530][349.272s] GC(197) Old regions: 484->485
[2025-06-03T16:06:15.967+0530][349.272s] GC(197) Archive regions: 2->2
[2025-06-03T16:06:15.967+0530][349.272s] GC(197) Humongous regions: 0->0
[2025-06-03T16:06:15.967+0530][349.272s] GC(197) Metaspace: 20285K(20992K)->20285K(20992K) NonClass: 17758K(18176K)->17758K(18176K) Class: 2527K(2816K)->2527K(2816K)
[2025-06-03T16:06:15.967+0530][349.272s] GC(197) Pause Young (Normal) (G1 Preventive Collection) 506M->487M(512M) 10.956ms
[2025-06-03T16:06:15.967+0530][349.272s] GC(197) User=0.03s Sys=0.00s Real=0.01s
[2025-06-03T16:06:17.254+0530][350.559s] GC(198) Pause Young (Concurrent Start) (G1 Preventive Collection)
[2025-06-03T16:06:17.254+0530][350.559s] GC(198) Using 8 workers of 8 for evacuation
[2025-06-03T16:06:17.264+0530][350.569s] GC(198) Skipped phase 1 of Reference Processing: no references
[2025-06-03T16:06:17.264+0530][350.569s] GC(198) ReferenceProcessor::execute queues: 1, RefProcThreadModel::Single, marks_oops_alive: false
[2025-06-03T16:06:17.264+0530][350.569s] GC(198) Skipped phase 3 of Reference Processing: no references
[2025-06-03T16:06:17.264+0530][350.569s] GC(198) Skipped phase 4 of Reference Processing: no references
[2025-06-03T16:06:17.265+0530][350.570s] GC(198)   Pre Evacuate Collection Set: 0.1ms
[2025-06-03T16:06:17.265+0530][350.570s] GC(198)   Merge Heap Roots: 0.0ms
[2025-06-03T16:06:17.265+0530][350.570s] GC(198)   Evacuate Collection Set: 10.2ms
[2025-06-03T16:06:17.265+0530][350.570s] GC(198)   Post Evacuate Collection Set: 0.3ms
[2025-06-03T16:06:17.265+0530][350.570s] GC(198)   Other: 0.2ms
[2025-06-03T16:06:17.265+0530][350.570s] GC(198) Eden regions: 18->0(22)
[2025-06-03T16:06:17.265+0530][350.570s] GC(198) Survivor regions: 3->3(4)
[2025-06-03T16:06:17.265+0530][350.570s] GC(198) Old regions: 485->486
[2025-06-03T16:06:17.265+0530][350.570s] GC(198) Archive regions: 2->2
[2025-06-03T16:06:17.265+0530][350.570s] GC(198) Humongous regions: 0->0
[2025-06-03T16:06:17.265+0530][350.570s] GC(198) Metaspace: 20285K(20992K)->20285K(20992K) NonClass: 17758K(18176K)->17758K(18176K) Class: 2527K(2816K)->2527K(2816K)
[2025-06-03T16:06:17.265+0530][350.570s] GC(198) Pause Young (Concurrent Start) (G1 Preventive Collection) 505M->488M(512M) 11.030ms
[2025-06-03T16:06:17.265+0530][350.570s] GC(198) User=0.03s Sys=0.01s Real=0.01s
[2025-06-03T16:06:17.265+0530][350.570s] GC(199) Concurrent Mark Cycle
[2025-06-03T16:06:17.265+0530][350.570s] GC(199) Concurrent Clear Claimed Marks
[2025-06-03T16:06:17.265+0530][350.570s] GC(199) Concurrent Clear Claimed Marks 0.024ms
[2025-06-03T16:06:17.265+0530][350.570s] GC(199) Concurrent Scan Root Regions
[2025-06-03T16:06:17.266+0530][350.572s] GC(199) Concurrent Scan Root Regions 1.470ms
[2025-06-03T16:06:17.266+0530][350.572s] GC(199) Concurrent Mark
[2025-06-03T16:06:17.266+0530][350.572s] GC(199) Concurrent Mark From Roots
[2025-06-03T16:06:17.266+0530][350.572s] GC(199) Using 2 workers of 2 for marking
[2025-06-03T16:06:17.816+0530][351.121s] GC(199) Concurrent Mark From Roots 549.461ms
[2025-06-03T16:06:17.816+0530][351.121s] GC(199) Concurrent Preclean
[2025-06-03T16:06:17.816+0530][351.121s] GC(199) Preclean SoftReferences 0.029ms
[2025-06-03T16:06:17.816+0530][351.121s] GC(199) Preclean WeakReferences 0.063ms
[2025-06-03T16:06:17.816+0530][351.121s] GC(199) Preclean FinalReferences 0.004ms
[2025-06-03T16:06:17.816+0530][351.121s] GC(199) Preclean PhantomReferences 0.018ms
[2025-06-03T16:06:17.816+0530][351.121s] GC(199) Concurrent Preclean 0.242ms
[2025-06-03T16:06:17.816+0530][351.122s] GC(199) Pause Remark
[2025-06-03T16:06:17.817+0530][351.122s] GC(199) Skipped phase 1 of Reference Processing: no references
[2025-06-03T16:06:17.817+0530][351.122s] GC(199) Skipped phase 2 of Reference Processing: no references
[2025-06-03T16:06:17.817+0530][351.122s] GC(199) Skipped phase 3 of Reference Processing: no references
[2025-06-03T16:06:17.817+0530][351.122s] GC(199) Skipped phase 4 of Reference Processing: no references
[2025-06-03T16:06:17.818+0530][351.124s] GC(199) Pause Remark 496M->496M(512M) 1.978ms
[2025-06-03T16:06:17.818+0530][351.124s] GC(199) User=0.01s Sys=0.00s Real=0.00s
[2025-06-03T16:06:17.818+0530][351.124s] GC(199) Concurrent Mark 552.075ms
[2025-06-03T16:06:17.818+0530][351.124s] GC(199) Concurrent Rebuild Remembered Sets
[2025-06-03T16:06:18.097+0530][351.402s] GC(199) Concurrent Rebuild Remembered Sets 278.590ms
[2025-06-03T16:06:18.097+0530][351.402s] GC(199) Pause Cleanup
[2025-06-03T16:06:18.097+0530][351.403s] GC(199) Pause Cleanup 500M->500M(512M) 0.156ms
[2025-06-03T16:06:18.097+0530][351.403s] GC(199) User=0.00s Sys=0.00s Real=0.00s
[2025-06-03T16:06:18.098+0530][351.403s] GC(199) Concurrent Cleanup for Next Mark
[2025-06-03T16:06:18.098+0530][351.403s] GC(199) Concurrent Cleanup for Next Mark 0.522ms
[2025-06-03T16:06:18.098+0530][351.403s] GC(199) Concurrent Mark Cycle 833.279ms
[2025-06-03T16:06:18.546+0530][351.852s] GC(200) Pause Young (Normal) (G1 Preventive Collection)
[2025-06-03T16:06:18.546+0530][351.852s] GC(200) Using 8 workers of 8 for evacuation
[2025-06-03T16:06:18.557+0530][351.862s] GC(200) Skipped phase 1 of Reference Processing: no references
[2025-06-03T16:06:18.557+0530][351.862s] GC(200) ReferenceProcessor::execute queues: 1, RefProcThreadModel::Single, marks_oops_alive: false
[2025-06-03T16:06:18.557+0530][351.863s] GC(200) Skipped phase 3 of Reference Processing: no references
[2025-06-03T16:06:18.557+0530][351.863s] GC(200) Skipped phase 4 of Reference Processing: no references
[2025-06-03T16:06:18.558+0530][351.863s] GC(200)   Pre Evacuate Collection Set: 0.1ms
[2025-06-03T16:06:18.558+0530][351.863s] GC(200)   Merge Heap Roots: 0.1ms
[2025-06-03T16:06:18.558+0530][351.863s] GC(200)   Evacuate Collection Set: 10.6ms
[2025-06-03T16:06:18.558+0530][351.863s] GC(200)   Post Evacuate Collection Set: 0.4ms
[2025-06-03T16:06:18.558+0530][351.863s] GC(200)   Other: 0.2ms
[2025-06-03T16:06:18.558+0530][351.863s] GC(200) Eden regions: 17->0(22)
[2025-06-03T16:06:18.558+0530][351.863s] GC(200) Survivor regions: 3->3(4)
[2025-06-03T16:06:18.558+0530][351.863s] GC(200) Old regions: 486->487
[2025-06-03T16:06:18.558+0530][351.863s] GC(200) Archive regions: 2->2
[2025-06-03T16:06:18.558+0530][351.863s] GC(200) Humongous regions: 0->0
[2025-06-03T16:06:18.558+0530][351.863s] GC(200) Metaspace: 20285K(20992K)->20285K(20992K) NonClass: 17758K(18176K)->17758K(18176K) Class: 2527K(2816K)->2527K(2816K)
[2025-06-03T16:06:18.558+0530][351.863s] GC(200) Pause Young (Normal) (G1 Preventive Collection) 505M->489M(512M) 11.460ms
[2025-06-03T16:06:18.558+0530][351.863s] GC(200) User=0.03s Sys=0.01s Real=0.01s
[2025-06-03T16:06:19.950+0530][353.255s] GC(201) Pause Young (Concurrent Start) (G1 Preventive Collection)
[2025-06-03T16:06:19.950+0530][353.255s] GC(201) Using 8 workers of 8 for evacuation
[2025-06-03T16:06:19.959+0530][353.264s] GC(201) Skipped phase 1 of Reference Processing: no references
[2025-06-03T16:06:19.959+0530][353.264s] GC(201) Skipped phase 2 of Reference Processing: no references
[2025-06-03T16:06:19.959+0530][353.264s] GC(201) Skipped phase 3 of Reference Processing: no references
[2025-06-03T16:06:19.959+0530][353.264s] GC(201) Skipped phase 4 of Reference Processing: no references
[2025-06-03T16:06:19.959+0530][353.265s] GC(201)   Pre Evacuate Collection Set: 0.1ms
[2025-06-03T16:06:19.959+0530][353.265s] GC(201)   Merge Heap Roots: 0.0ms
[2025-06-03T16:06:19.959+0530][353.265s] GC(201)   Evacuate Collection Set: 8.9ms
[2025-06-03T16:06:19.959+0530][353.265s] GC(201)   Post Evacuate Collection Set: 0.4ms
[2025-06-03T16:06:19.959+0530][353.265s] GC(201)   Other: 0.3ms
[2025-06-03T16:06:19.960+0530][353.265s] GC(201) Eden regions: 16->0(22)
[2025-06-03T16:06:19.960+0530][353.265s] GC(201) Survivor regions: 3->3(4)
[2025-06-03T16:06:19.960+0530][353.265s] GC(201) Old regions: 487->487
[2025-06-03T16:06:19.960+0530][353.265s] GC(201) Archive regions: 2->2
[2025-06-03T16:06:19.960+0530][353.265s] GC(201) Humongous regions: 0->0
[2025-06-03T16:06:19.960+0530][353.265s] GC(201) Metaspace: 20285K(20992K)->20285K(20992K) NonClass: 17758K(18176K)->17758K(18176K) Class: 2527K(2816K)->2527K(2816K)
[2025-06-03T16:06:19.960+0530][353.265s] GC(201) Pause Young (Concurrent Start) (G1 Preventive Collection) 505M->490M(512M) 9.869ms
[2025-06-03T16:06:19.960+0530][353.265s] GC(201) User=0.02s Sys=0.01s Real=0.01s
[2025-06-03T16:06:19.960+0530][353.265s] GC(202) Concurrent Mark Cycle
[2025-06-03T16:06:19.960+0530][353.265s] GC(202) Concurrent Clear Claimed Marks
[2025-06-03T16:06:19.960+0530][353.265s] GC(202) Concurrent Clear Claimed Marks 0.023ms
[2025-06-03T16:06:19.960+0530][353.265s] GC(202) Concurrent Scan Root Regions
[2025-06-03T16:06:19.961+0530][353.266s] GC(202) Concurrent Scan Root Regions 1.512ms
[2025-06-03T16:06:19.961+0530][353.267s] GC(202) Concurrent Mark
[2025-06-03T16:06:19.961+0530][353.267s] GC(202) Concurrent Mark From Roots
[2025-06-03T16:06:19.961+0530][353.267s] GC(202) Using 2 workers of 2 for marking
[2025-06-03T16:06:20.534+0530][353.839s] GC(202) Concurrent Mark From Roots 572.210ms
[2025-06-03T16:06:20.534+0530][353.839s] GC(202) Concurrent Preclean
[2025-06-03T16:06:20.534+0530][353.839s] GC(202) Preclean SoftReferences 0.030ms
[2025-06-03T16:06:20.534+0530][353.839s] GC(202) Preclean WeakReferences 0.054ms
[2025-06-03T16:06:20.534+0530][353.839s] GC(202) Preclean FinalReferences 0.004ms
[2025-06-03T16:06:20.534+0530][353.839s] GC(202) Preclean PhantomReferences 0.016ms
[2025-06-03T16:06:20.534+0530][353.839s] GC(202) Concurrent Preclean 0.184ms
[2025-06-03T16:06:20.534+0530][353.839s] GC(202) Pause Remark
[2025-06-03T16:06:20.534+0530][353.839s] GC(202) Skipped phase 1 of Reference Processing: no references
[2025-06-03T16:06:20.534+0530][353.839s] GC(202) Skipped phase 2 of Reference Processing: no references
[2025-06-03T16:06:20.534+0530][353.839s] GC(202) Skipped phase 3 of Reference Processing: no references
[2025-06-03T16:06:20.534+0530][353.839s] GC(202) Skipped phase 4 of Reference Processing: no references
[2025-06-03T16:06:20.536+0530][353.841s] GC(202) Pause Remark 498M->498M(512M) 2.017ms
[2025-06-03T16:06:20.537+0530][353.842s] GC(202) User=0.00s Sys=0.00s Real=0.00s
[2025-06-03T16:06:20.537+0530][353.842s] GC(202) Concurrent Mark 575.330ms
[2025-06-03T16:06:20.537+0530][353.842s] GC(202) Concurrent Rebuild Remembered Sets
[2025-06-03T16:06:20.832+0530][354.137s] GC(202) Concurrent Rebuild Remembered Sets 294.976ms
[2025-06-03T16:06:20.832+0530][354.137s] GC(202) Pause Cleanup
[2025-06-03T16:06:20.832+0530][354.137s] GC(202) Pause Cleanup 502M->502M(512M) 0.197ms
[2025-06-03T16:06:20.832+0530][354.137s] GC(202) User=0.00s Sys=0.00s Real=0.00s
[2025-06-03T16:06:20.832+0530][354.137s] GC(202) Concurrent Cleanup for Next Mark
[2025-06-03T16:06:20.833+0530][354.138s] GC(202) Concurrent Cleanup for Next Mark 0.494ms
[2025-06-03T16:06:20.833+0530][354.138s] GC(202) Concurrent Mark Cycle 872.947ms
[2025-06-03T16:06:21.148+0530][354.453s] GC(203) Pause Young (Normal) (G1 Preventive Collection)
[2025-06-03T16:06:21.148+0530][354.453s] GC(203) Using 8 workers of 8 for evacuation
[2025-06-03T16:06:21.161+0530][354.466s] GC(203) Skipped phase 1 of Reference Processing: no references
[2025-06-03T16:06:21.161+0530][354.466s] GC(203) Skipped phase 2 of Reference Processing: no references
[2025-06-03T16:06:21.161+0530][354.466s] GC(203) Skipped phase 3 of Reference Processing: no references
[2025-06-03T16:06:21.161+0530][354.466s] GC(203) Skipped phase 4 of Reference Processing: no references
[2025-06-03T16:06:21.162+0530][354.467s] GC(203)   Pre Evacuate Collection Set: 0.1ms
[2025-06-03T16:06:21.162+0530][354.467s] GC(203)   Merge Heap Roots: 0.0ms
[2025-06-03T16:06:21.162+0530][354.467s] GC(203)   Evacuate Collection Set: 13.2ms
[2025-06-03T16:06:21.162+0530][354.467s] GC(203)   Post Evacuate Collection Set: 0.4ms
[2025-06-03T16:06:21.162+0530][354.467s] GC(203)   Other: 0.2ms
[2025-06-03T16:06:21.162+0530][354.467s] GC(203) Eden regions: 16->0(22)
[2025-06-03T16:06:21.162+0530][354.467s] GC(203) Survivor regions: 3->3(4)
[2025-06-03T16:06:21.162+0530][354.467s] GC(203) Old regions: 487->488
[2025-06-03T16:06:21.162+0530][354.467s] GC(203) Archive regions: 2->2
[2025-06-03T16:06:21.162+0530][354.467s] GC(203) Humongous regions: 0->0
[2025-06-03T16:06:21.162+0530][354.467s] GC(203) Metaspace: 20285K(20992K)->20285K(20992K) NonClass: 17758K(18176K)->17758K(18176K) Class: 2527K(2816K)->2527K(2816K)
[2025-06-03T16:06:21.162+0530][354.467s] GC(203) Pause Young (Normal) (G1 Preventive Collection) 506M->490M(512M) 14.077ms
[2025-06-03T16:06:21.162+0530][354.467s] GC(203) User=0.02s Sys=0.00s Real=0.02s
[2025-06-03T16:06:22.547+0530][355.852s] GC(204) Pause Young (Concurrent Start) (G1 Preventive Collection)
[2025-06-03T16:06:22.547+0530][355.852s] GC(204) Using 8 workers of 8 for evacuation
[2025-06-03T16:06:22.557+0530][355.862s] GC(204) Skipped phase 1 of Reference Processing: no references
[2025-06-03T16:06:22.557+0530][355.862s] GC(204) Skipped phase 2 of Reference Processing: no references
[2025-06-03T16:06:22.557+0530][355.862s] GC(204) Skipped phase 3 of Reference Processing: no references
[2025-06-03T16:06:22.557+0530][355.862s] GC(204) Skipped phase 4 of Reference Processing: no references
[2025-06-03T16:06:22.557+0530][355.862s] GC(204)   Pre Evacuate Collection Set: 0.1ms
[2025-06-03T16:06:22.557+0530][355.863s] GC(204)   Merge Heap Roots: 0.0ms
[2025-06-03T16:06:22.557+0530][355.863s] GC(204)   Evacuate Collection Set: 9.3ms
[2025-06-03T16:06:22.557+0530][355.863s] GC(204)   Post Evacuate Collection Set: 0.4ms
[2025-06-03T16:06:22.557+0530][355.863s] GC(204)   Other: 0.3ms
[2025-06-03T16:06:22.557+0530][355.863s] GC(204) Eden regions: 16->0(22)
[2025-06-03T16:06:22.557+0530][355.863s] GC(204) Survivor regions: 3->3(3)
[2025-06-03T16:06:22.557+0530][355.863s] GC(204) Old regions: 488->488
[2025-06-03T16:06:22.557+0530][355.863s] GC(204) Archive regions: 2->2
[2025-06-03T16:06:22.557+0530][355.863s] GC(204) Humongous regions: 0->0
[2025-06-03T16:06:22.557+0530][355.863s] GC(204) Metaspace: 20285K(20992K)->20285K(20992K) NonClass: 17758K(18176K)->17758K(18176K) Class: 2527K(2816K)->2527K(2816K)
[2025-06-03T16:06:22.557+0530][355.863s] GC(204) Pause Young (Concurrent Start) (G1 Preventive Collection) 506M->491M(512M) 10.294ms
[2025-06-03T16:06:22.557+0530][355.863s] GC(204) User=0.03s Sys=0.01s Real=0.01s
[2025-06-03T16:06:22.557+0530][355.863s] GC(205) Concurrent Mark Cycle
[2025-06-03T16:06:22.558+0530][355.863s] GC(205) Concurrent Clear Claimed Marks
[2025-06-03T16:06:22.558+0530][355.863s] GC(205) Concurrent Clear Claimed Marks 0.030ms
[2025-06-03T16:06:22.558+0530][355.863s] GC(205) Concurrent Scan Root Regions
[2025-06-03T16:06:22.559+0530][355.864s] GC(205) Concurrent Scan Root Regions 1.309ms
[2025-06-03T16:06:22.559+0530][355.864s] GC(205) Concurrent Mark
[2025-06-03T16:06:22.559+0530][355.864s] GC(205) Concurrent Mark From Roots
[2025-06-03T16:06:22.559+0530][355.864s] GC(205) Using 2 workers of 2 for marking
[2025-06-03T16:06:23.210+0530][356.516s] GC(205) Concurrent Mark From Roots 651.486ms
[2025-06-03T16:06:23.210+0530][356.516s] GC(205) Concurrent Preclean
[2025-06-03T16:06:23.211+0530][356.516s] GC(205) Preclean SoftReferences 0.029ms
[2025-06-03T16:06:23.211+0530][356.516s] GC(205) Preclean WeakReferences 0.058ms
[2025-06-03T16:06:23.211+0530][356.516s] GC(205) Preclean FinalReferences 0.004ms
[2025-06-03T16:06:23.211+0530][356.516s] GC(205) Preclean PhantomReferences 0.016ms
[2025-06-03T16:06:23.211+0530][356.516s] GC(205) Concurrent Preclean 0.220ms
[2025-06-03T16:06:23.211+0530][356.516s] GC(205) Pause Remark
[2025-06-03T16:06:23.211+0530][356.516s] GC(205) Skipped phase 1 of Reference Processing: no references
[2025-06-03T16:06:23.211+0530][356.516s] GC(205) Skipped phase 2 of Reference Processing: no references
[2025-06-03T16:06:23.211+0530][356.516s] GC(205) Skipped phase 3 of Reference Processing: no references
[2025-06-03T16:06:23.211+0530][356.516s] GC(205) Skipped phase 4 of Reference Processing: no references
[2025-06-03T16:06:23.213+0530][356.518s] GC(205) Pause Remark 499M->499M(512M) 2.216ms
[2025-06-03T16:06:23.213+0530][356.518s] GC(205) User=0.00s Sys=0.00s Real=0.00s
[2025-06-03T16:06:23.213+0530][356.519s] GC(205) Concurrent Mark 654.376ms
[2025-06-03T16:06:23.213+0530][356.519s] GC(205) Concurrent Rebuild Remembered Sets
[2025-06-03T16:06:23.520+0530][356.825s] GC(205) Concurrent Rebuild Remembered Sets 306.216ms
[2025-06-03T16:06:23.520+0530][356.825s] GC(205) Pause Cleanup
[2025-06-03T16:06:23.520+0530][356.825s] GC(205) Pause Cleanup 503M->503M(512M) 0.155ms
[2025-06-03T16:06:23.521+0530][356.826s] GC(205) User=0.00s Sys=0.00s Real=0.00s
[2025-06-03T16:06:23.521+0530][356.826s] GC(205) Concurrent Cleanup for Next Mark
[2025-06-03T16:06:23.521+0530][356.827s] GC(205) Concurrent Cleanup for Next Mark 0.860ms
[2025-06-03T16:06:23.522+0530][356.827s] GC(205) Concurrent Mark Cycle 964.069ms
[2025-06-03T16:06:23.747+0530][357.052s] GC(206) Pause Young (Normal) (G1 Preventive Collection)
[2025-06-03T16:06:23.747+0530][357.052s] GC(206) Using 8 workers of 8 for evacuation
[2025-06-03T16:06:23.758+0530][357.063s] GC(206) Skipped phase 1 of Reference Processing: no references
[2025-06-03T16:06:23.758+0530][357.063s] GC(206) Skipped phase 2 of Reference Processing: no references
[2025-06-03T16:06:23.758+0530][357.063s] GC(206) Skipped phase 3 of Reference Processing: no references
[2025-06-03T16:06:23.758+0530][357.063s] GC(206) Skipped phase 4 of Reference Processing: no references
[2025-06-03T16:06:23.758+0530][357.064s] GC(206)   Pre Evacuate Collection Set: 0.1ms
[2025-06-03T16:06:23.758+0530][357.064s] GC(206)   Merge Heap Roots: 0.1ms
[2025-06-03T16:06:23.758+0530][357.064s] GC(206)   Evacuate Collection Set: 10.7ms
[2025-06-03T16:06:23.758+0530][357.064s] GC(206)   Post Evacuate Collection Set: 0.4ms
[2025-06-03T16:06:23.759+0530][357.064s] GC(206)   Other: 0.2ms
[2025-06-03T16:06:23.759+0530][357.064s] GC(206) Eden regions: 15->0(22)
[2025-06-03T16:06:23.759+0530][357.064s] GC(206) Survivor regions: 3->3(4)
[2025-06-03T16:06:23.759+0530][357.064s] GC(206) Old regions: 488->489
[2025-06-03T16:06:23.759+0530][357.064s] GC(206) Archive regions: 2->2
[2025-06-03T16:06:23.759+0530][357.064s] GC(206) Humongous regions: 0->0
[2025-06-03T16:06:23.759+0530][357.064s] GC(206) Metaspace: 20285K(20992K)->20285K(20992K) NonClass: 17758K(18176K)->17758K(18176K) Class: 2527K(2816K)->2527K(2816K)
[2025-06-03T16:06:23.759+0530][357.064s] GC(206) Pause Young (Normal) (G1 Preventive Collection) 506M->492M(512M) 11.608ms
[2025-06-03T16:06:23.759+0530][357.064s] GC(206) User=0.03s Sys=0.01s Real=0.01s
[2025-06-03T16:06:24.952+0530][358.257s] GC(207) Pause Young (Concurrent Start) (G1 Preventive Collection)
[2025-06-03T16:06:24.952+0530][358.257s] GC(207) Using 8 workers of 8 for evacuation
[2025-06-03T16:06:24.962+0530][358.268s] GC(207) Skipped phase 1 of Reference Processing: no references
[2025-06-03T16:06:24.962+0530][358.268s] GC(207) Skipped phase 2 of Reference Processing: no references
[2025-06-03T16:06:24.962+0530][358.268s] GC(207) Skipped phase 3 of Reference Processing: no references
[2025-06-03T16:06:24.962+0530][358.268s] GC(207) Skipped phase 4 of Reference Processing: no references
[2025-06-03T16:06:24.963+0530][358.268s] GC(207)   Pre Evacuate Collection Set: 0.1ms
[2025-06-03T16:06:24.963+0530][358.268s] GC(207)   Merge Heap Roots: 0.1ms
[2025-06-03T16:06:24.963+0530][358.268s] GC(207)   Evacuate Collection Set: 9.9ms
[2025-06-03T16:06:24.963+0530][358.268s] GC(207)   Post Evacuate Collection Set: 0.4ms
[2025-06-03T16:06:24.963+0530][358.268s] GC(207)   Other: 0.3ms
[2025-06-03T16:06:24.963+0530][358.268s] GC(207) Eden regions: 14->0(22)
[2025-06-03T16:06:24.963+0530][358.268s] GC(207) Survivor regions: 3->3(4)
[2025-06-03T16:06:24.963+0530][358.268s] GC(207) Old regions: 489->490
[2025-06-03T16:06:24.963+0530][358.268s] GC(207) Archive regions: 2->2
[2025-06-03T16:06:24.963+0530][358.268s] GC(207) Humongous regions: 0->0
[2025-06-03T16:06:24.963+0530][358.268s] GC(207) Metaspace: 20285K(20992K)->20285K(20992K) NonClass: 17758K(18176K)->17758K(18176K) Class: 2527K(2816K)->2527K(2816K)
[2025-06-03T16:06:24.963+0530][358.268s] GC(207) Pause Young (Concurrent Start) (G1 Preventive Collection) 506M->492M(512M) 10.927ms
[2025-06-03T16:06:24.963+0530][358.268s] GC(207) User=0.03s Sys=0.01s Real=0.01s
[2025-06-03T16:06:24.963+0530][358.268s] GC(208) Concurrent Mark Cycle
[2025-06-03T16:06:24.963+0530][358.268s] GC(208) Concurrent Clear Claimed Marks
[2025-06-03T16:06:24.963+0530][358.268s] GC(208) Concurrent Clear Claimed Marks 0.028ms
[2025-06-03T16:06:24.963+0530][358.268s] GC(208) Concurrent Scan Root Regions
[2025-06-03T16:06:24.964+0530][358.270s] GC(208) Concurrent Scan Root Regions 1.291ms
[2025-06-03T16:06:24.964+0530][358.270s] GC(208) Concurrent Mark
[2025-06-03T16:06:24.964+0530][358.270s] GC(208) Concurrent Mark From Roots
[2025-06-03T16:06:24.964+0530][358.270s] GC(208) Using 2 workers of 2 for marking
[2025-06-03T16:06:25.492+0530][358.798s] GC(208) Concurrent Mark From Roots 527.797ms
[2025-06-03T16:06:25.492+0530][358.798s] GC(208) Concurrent Preclean
[2025-06-03T16:06:25.492+0530][358.798s] GC(208) Preclean SoftReferences 0.029ms
[2025-06-03T16:06:25.492+0530][358.798s] GC(208) Preclean WeakReferences 0.063ms
[2025-06-03T16:06:25.492+0530][358.798s] GC(208) Preclean FinalReferences 0.004ms
[2025-06-03T16:06:25.492+0530][358.798s] GC(208) Preclean PhantomReferences 0.016ms
[2025-06-03T16:06:25.492+0530][358.798s] GC(208) Concurrent Preclean 0.186ms
[2025-06-03T16:06:25.493+0530][358.798s] GC(208) Pause Remark
[2025-06-03T16:06:25.493+0530][358.798s] GC(208) Skipped phase 1 of Reference Processing: no references
[2025-06-03T16:06:25.493+0530][358.798s] GC(208) Skipped phase 2 of Reference Processing: no references
[2025-06-03T16:06:25.493+0530][358.798s] GC(208) Skipped phase 3 of Reference Processing: no references
[2025-06-03T16:06:25.493+0530][358.798s] GC(208) Skipped phase 4 of Reference Processing: no references
[2025-06-03T16:06:25.495+0530][358.800s] GC(208) Pause Remark 501M->501M(512M) 1.953ms
[2025-06-03T16:06:25.495+0530][358.800s] GC(208) User=0.00s Sys=0.00s Real=0.00s
[2025-06-03T16:06:25.495+0530][358.800s] GC(208) Concurrent Mark 530.323ms
[2025-06-03T16:06:25.495+0530][358.800s] GC(208) Concurrent Rebuild Remembered Sets
[2025-06-03T16:06:25.766+0530][359.071s] GC(208) Concurrent Rebuild Remembered Sets 271.319ms
[2025-06-03T16:06:25.766+0530][359.072s] GC(208) Pause Cleanup
[2025-06-03T16:06:25.766+0530][359.072s] GC(208) Pause Cleanup 505M->505M(512M) 0.163ms
[2025-06-03T16:06:25.766+0530][359.072s] GC(208) User=0.00s Sys=0.00s Real=0.00s
[2025-06-03T16:06:25.767+0530][359.072s] GC(208) Concurrent Cleanup for Next Mark
[2025-06-03T16:06:25.767+0530][359.073s] GC(208) Concurrent Cleanup for Next Mark 0.686ms
[2025-06-03T16:06:25.767+0530][359.073s] GC(208) Concurrent Mark Cycle 804.277ms
[2025-06-03T16:06:25.791+0530][359.097s] GC(209) Pause Young (Normal) (G1 Preventive Collection)
[2025-06-03T16:06:25.791+0530][359.097s] GC(209) Using 8 workers of 8 for evacuation
[2025-06-03T16:06:25.803+0530][359.108s] GC(209) Skipped phase 1 of Reference Processing: no references
[2025-06-03T16:06:25.803+0530][359.108s] GC(209) Skipped phase 2 of Reference Processing: no references
[2025-06-03T16:06:25.803+0530][359.108s] GC(209) Skipped phase 3 of Reference Processing: no references
[2025-06-03T16:06:25.803+0530][359.108s] GC(209) Skipped phase 4 of Reference Processing: no references
[2025-06-03T16:06:25.803+0530][359.109s] GC(209)   Pre Evacuate Collection Set: 0.1ms
[2025-06-03T16:06:25.803+0530][359.109s] GC(209)   Merge Heap Roots: 0.1ms
[2025-06-03T16:06:25.803+0530][359.109s] GC(209)   Evacuate Collection Set: 11.1ms
[2025-06-03T16:06:25.803+0530][359.109s] GC(209)   Post Evacuate Collection Set: 0.4ms
[2025-06-03T16:06:25.803+0530][359.109s] GC(209)   Other: 0.2ms
[2025-06-03T16:06:25.803+0530][359.109s] GC(209) Eden regions: 13->0(22)
[2025-06-03T16:06:25.803+0530][359.109s] GC(209) Survivor regions: 3->3(4)
[2025-06-03T16:06:25.803+0530][359.109s] GC(209) Old regions: 490->490
[2025-06-03T16:06:25.803+0530][359.109s] GC(209) Archive regions: 2->2
[2025-06-03T16:06:25.803+0530][359.109s] GC(209) Humongous regions: 0->0
[2025-06-03T16:06:25.803+0530][359.109s] GC(209) Metaspace: 20285K(20992K)->20285K(20992K) NonClass: 17758K(18176K)->17758K(18176K) Class: 2527K(2816K)->2527K(2816K)
[2025-06-03T16:06:25.804+0530][359.109s] GC(209) Pause Young (Normal) (G1 Preventive Collection) 505M->493M(512M) 12.173ms
[2025-06-03T16:06:25.804+0530][359.109s] GC(209) User=0.03s Sys=0.01s Real=0.01s
[2025-06-03T16:06:26.800+0530][360.105s] GC(210) Pause Young (Concurrent Start) (G1 Preventive Collection)
[2025-06-03T16:06:26.800+0530][360.105s] GC(210) Using 8 workers of 8 for evacuation
[2025-06-03T16:06:26.810+0530][360.115s] GC(210) Skipped phase 1 of Reference Processing: no references
[2025-06-03T16:06:26.810+0530][360.115s] GC(210) Skipped phase 2 of Reference Processing: no references
[2025-06-03T16:06:26.810+0530][360.115s] GC(210) Skipped phase 3 of Reference Processing: no references
[2025-06-03T16:06:26.810+0530][360.115s] GC(210) Skipped phase 4 of Reference Processing: no references
[2025-06-03T16:06:26.810+0530][360.115s] GC(210)   Pre Evacuate Collection Set: 0.1ms
[2025-06-03T16:06:26.810+0530][360.115s] GC(210)   Merge Heap Roots: 0.1ms
[2025-06-03T16:06:26.810+0530][360.115s] GC(210)   Evacuate Collection Set: 9.3ms
[2025-06-03T16:06:26.810+0530][360.115s] GC(210)   Post Evacuate Collection Set: 0.3ms
[2025-06-03T16:06:26.810+0530][360.115s] GC(210)   Other: 0.2ms
[2025-06-03T16:06:26.810+0530][360.115s] GC(210) Eden regions: 13->0(22)
[2025-06-03T16:06:26.810+0530][360.115s] GC(210) Survivor regions: 3->3(4)
[2025-06-03T16:06:26.810+0530][360.115s] GC(210) Old regions: 490->491
[2025-06-03T16:06:26.810+0530][360.115s] GC(210) Archive regions: 2->2
[2025-06-03T16:06:26.810+0530][360.115s] GC(210) Humongous regions: 0->0
[2025-06-03T16:06:26.810+0530][360.115s] GC(210) Metaspace: 20285K(20992K)->20285K(20992K) NonClass: 17758K(18176K)->17758K(18176K) Class: 2527K(2816K)->2527K(2816K)
[2025-06-03T16:06:26.810+0530][360.115s] GC(210) Pause Young (Concurrent Start) (G1 Preventive Collection) 506M->493M(512M) 10.212ms
[2025-06-03T16:06:26.810+0530][360.115s] GC(210) User=0.02s Sys=0.01s Real=0.01s
[2025-06-03T16:06:26.810+0530][360.115s] GC(211) Concurrent Mark Cycle
[2025-06-03T16:06:26.810+0530][360.115s] GC(211) Concurrent Clear Claimed Marks
[2025-06-03T16:06:26.810+0530][360.116s] GC(211) Concurrent Clear Claimed Marks 0.062ms
[2025-06-03T16:06:26.810+0530][360.116s] GC(211) Concurrent Scan Root Regions
[2025-06-03T16:06:26.811+0530][360.117s] GC(211) Concurrent Scan Root Regions 1.225ms
[2025-06-03T16:06:26.812+0530][360.117s] GC(211) Concurrent Mark
[2025-06-03T16:06:26.812+0530][360.117s] GC(211) Concurrent Mark From Roots
[2025-06-03T16:06:26.812+0530][360.117s] GC(211) Using 2 workers of 2 for marking
[2025-06-03T16:06:27.340+0530][360.645s] GC(211) Concurrent Mark From Roots 528.140ms
[2025-06-03T16:06:27.340+0530][360.645s] GC(211) Concurrent Preclean
[2025-06-03T16:06:27.340+0530][360.645s] GC(211) Preclean SoftReferences 0.028ms
[2025-06-03T16:06:27.340+0530][360.645s] GC(211) Preclean WeakReferences 0.060ms
[2025-06-03T16:06:27.340+0530][360.645s] GC(211) Preclean FinalReferences 0.004ms
[2025-06-03T16:06:27.340+0530][360.645s] GC(211) Preclean PhantomReferences 0.016ms
[2025-06-03T16:06:27.340+0530][360.645s] GC(211) Concurrent Preclean 0.175ms
[2025-06-03T16:06:27.340+0530][360.645s] GC(211) Pause Remark
[2025-06-03T16:06:27.340+0530][360.646s] GC(211) Skipped phase 1 of Reference Processing: no references
[2025-06-03T16:06:27.340+0530][360.646s] GC(211) Skipped phase 2 of Reference Processing: no references
[2025-06-03T16:06:27.340+0530][360.646s] GC(211) Skipped phase 3 of Reference Processing: no references
[2025-06-03T16:06:27.340+0530][360.646s] GC(211) Skipped phase 4 of Reference Processing: no references
[2025-06-03T16:06:27.342+0530][360.647s] GC(211) Pause Remark 501M->501M(512M) 1.854ms
[2025-06-03T16:06:27.342+0530][360.647s] GC(211) User=0.01s Sys=0.00s Real=0.00s
[2025-06-03T16:06:27.342+0530][360.647s] GC(211) Concurrent Mark 530.480ms
[2025-06-03T16:06:27.342+0530][360.647s] GC(211) Concurrent Rebuild Remembered Sets
[2025-06-03T16:06:27.603+0530][360.909s] GC(211) Concurrent Rebuild Remembered Sets 261.157ms
[2025-06-03T16:06:27.603+0530][360.909s] GC(211) Pause Cleanup
[2025-06-03T16:06:27.603+0530][360.909s] GC(211) Pause Cleanup 506M->506M(512M) 0.147ms
[2025-06-03T16:06:27.604+0530][360.909s] GC(211) User=0.00s Sys=0.00s Real=0.00s
[2025-06-03T16:06:27.604+0530][360.909s] GC(211) Concurrent Cleanup for Next Mark
[2025-06-03T16:06:27.604+0530][360.909s] GC(211) Concurrent Cleanup for Next Mark 0.515ms
[2025-06-03T16:06:27.604+0530][360.909s] GC(211) Concurrent Mark Cycle 794.016ms
[2025-06-03T16:06:27.605+0530][360.911s] GC(212) Pause Young (Normal) (G1 Preventive Collection)
[2025-06-03T16:06:27.605+0530][360.911s] GC(212) Using 8 workers of 8 for evacuation
[2025-06-03T16:06:27.613+0530][360.919s] GC(212) Skipped phase 1 of Reference Processing: no references
[2025-06-03T16:06:27.613+0530][360.919s] GC(212) Skipped phase 2 of Reference Processing: no references
[2025-06-03T16:06:27.613+0530][360.919s] GC(212) Skipped phase 3 of Reference Processing: no references
[2025-06-03T16:06:27.613+0530][360.919s] GC(212) Skipped phase 4 of Reference Processing: no references
[2025-06-03T16:06:27.614+0530][360.919s] GC(212)   Pre Evacuate Collection Set: 0.1ms
[2025-06-03T16:06:27.614+0530][360.919s] GC(212)   Merge Heap Roots: 0.0ms
[2025-06-03T16:06:27.614+0530][360.919s] GC(212)   Evacuate Collection Set: 7.7ms
[2025-06-03T16:06:27.614+0530][360.919s] GC(212)   Post Evacuate Collection Set: 0.4ms
[2025-06-03T16:06:27.614+0530][360.919s] GC(212)   Other: 0.1ms
[2025-06-03T16:06:27.614+0530][360.919s] GC(212) Eden regions: 13->0(23)
[2025-06-03T16:06:27.614+0530][360.919s] GC(212) Survivor regions: 3->2(3)
[2025-06-03T16:06:27.614+0530][360.919s] GC(212) Old regions: 491->492
[2025-06-03T16:06:27.614+0530][360.919s] GC(212) Archive regions: 2->2
[2025-06-03T16:06:27.614+0530][360.919s] GC(212) Humongous regions: 0->0
[2025-06-03T16:06:27.614+0530][360.919s] GC(212) Metaspace: 20285K(20992K)->20285K(20992K) NonClass: 17758K(18176K)->17758K(18176K) Class: 2527K(2816K)->2527K(2816K)
[2025-06-03T16:06:27.614+0530][360.919s] GC(212) Pause Young (Normal) (G1 Preventive Collection) 506M->494M(512M) 8.502ms
[2025-06-03T16:06:27.614+0530][360.919s] GC(212) User=0.02s Sys=0.00s Real=0.01s
[2025-06-03T16:06:28.395+0530][361.700s] GC(213) Pause Young (Concurrent Start) (G1 Preventive Collection)
[2025-06-03T16:06:28.395+0530][361.700s] GC(213) Using 8 workers of 8 for evacuation
[2025-06-03T16:06:28.402+0530][361.708s] GC(213) Skipped phase 1 of Reference Processing: no references
[2025-06-03T16:06:28.403+0530][361.708s] GC(213) Skipped phase 2 of Reference Processing: no references
[2025-06-03T16:06:28.403+0530][361.708s] GC(213) Skipped phase 3 of Reference Processing: no references
[2025-06-03T16:06:28.403+0530][361.708s] GC(213) Skipped phase 4 of Reference Processing: no references
[2025-06-03T16:06:28.403+0530][361.708s] GC(213)   Pre Evacuate Collection Set: 0.1ms
[2025-06-03T16:06:28.403+0530][361.708s] GC(213)   Merge Heap Roots: 0.1ms
[2025-06-03T16:06:28.403+0530][361.708s] GC(213)   Evacuate Collection Set: 7.2ms
[2025-06-03T16:06:28.403+0530][361.708s] GC(213)   Post Evacuate Collection Set: 0.4ms
[2025-06-03T16:06:28.403+0530][361.708s] GC(213)   Other: 0.2ms
[2025-06-03T16:06:28.403+0530][361.708s] GC(213) Eden regions: 13->0(22)
[2025-06-03T16:06:28.403+0530][361.708s] GC(213) Survivor regions: 2->3(3)
[2025-06-03T16:06:28.403+0530][361.708s] GC(213) Old regions: 492->492
[2025-06-03T16:06:28.403+0530][361.708s] GC(213) Archive regions: 2->2
[2025-06-03T16:06:28.403+0530][361.708s] GC(213) Humongous regions: 0->0
[2025-06-03T16:06:28.403+0530][361.708s] GC(213) Metaspace: 20285K(20992K)->20285K(20992K) NonClass: 17758K(18176K)->17758K(18176K) Class: 2527K(2816K)->2527K(2816K)
[2025-06-03T16:06:28.403+0530][361.708s] GC(213) Pause Young (Concurrent Start) (G1 Preventive Collection) 507M->494M(512M) 8.230ms
[2025-06-03T16:06:28.403+0530][361.709s] GC(213) User=0.03s Sys=0.01s Real=0.01s
[2025-06-03T16:06:28.403+0530][361.709s] GC(214) Concurrent Mark Cycle
[2025-06-03T16:06:28.403+0530][361.709s] GC(214) Concurrent Clear Claimed Marks
[2025-06-03T16:06:28.403+0530][361.709s] GC(214) Concurrent Clear Claimed Marks 0.037ms
[2025-06-03T16:06:28.403+0530][361.709s] GC(214) Concurrent Scan Root Regions
[2025-06-03T16:06:28.405+0530][361.710s] GC(214) Concurrent Scan Root Regions 1.398ms
[2025-06-03T16:06:28.405+0530][361.710s] GC(214) Concurrent Mark
[2025-06-03T16:06:28.405+0530][361.710s] GC(214) Concurrent Mark From Roots
[2025-06-03T16:06:28.405+0530][361.710s] GC(214) Using 2 workers of 2 for marking
[2025-06-03T16:06:28.896+0530][362.201s] GC(214) Concurrent Mark From Roots 491.076ms
[2025-06-03T16:06:28.896+0530][362.201s] GC(214) Concurrent Preclean
[2025-06-03T16:06:28.896+0530][362.201s] GC(214) Preclean SoftReferences 0.028ms
[2025-06-03T16:06:28.896+0530][362.201s] GC(214) Preclean WeakReferences 0.060ms
[2025-06-03T16:06:28.896+0530][362.201s] GC(214) Preclean FinalReferences 0.004ms
[2025-06-03T16:06:28.896+0530][362.201s] GC(214) Preclean PhantomReferences 0.016ms
[2025-06-03T16:06:28.896+0530][362.201s] GC(214) Concurrent Preclean 0.174ms
[2025-06-03T16:06:28.896+0530][362.202s] GC(214) Pause Remark
[2025-06-03T16:06:28.896+0530][362.202s] GC(214) Skipped phase 1 of Reference Processing: no references
[2025-06-03T16:06:28.896+0530][362.202s] GC(214) Skipped phase 2 of Reference Processing: no references
[2025-06-03T16:06:28.896+0530][362.202s] GC(214) Skipped phase 3 of Reference Processing: no references
[2025-06-03T16:06:28.896+0530][362.202s] GC(214) Skipped phase 4 of Reference Processing: no references
[2025-06-03T16:06:28.898+0530][362.203s] GC(214) Pause Remark 504M->504M(512M) 1.910ms
[2025-06-03T16:06:28.898+0530][362.204s] GC(214) User=0.00s Sys=0.00s Real=0.00s
[2025-06-03T16:06:28.898+0530][362.204s] GC(214) Concurrent Mark 493.499ms
[2025-06-03T16:06:28.898+0530][362.204s] GC(214) Concurrent Rebuild Remembered Sets
[2025-06-03T16:06:28.997+0530][362.303s] GC(215) Pause Young (Normal) (G1 Preventive Collection)
[2025-06-03T16:06:28.997+0530][362.303s] GC(215) Using 8 workers of 8 for evacuation
[2025-06-03T16:06:29.003+0530][362.309s] GC(215) Skipped phase 1 of Reference Processing: no references
[2025-06-03T16:06:29.003+0530][362.309s] GC(215) Skipped phase 2 of Reference Processing: no references
[2025-06-03T16:06:29.003+0530][362.309s] GC(215) Skipped phase 3 of Reference Processing: no references
[2025-06-03T16:06:29.003+0530][362.309s] GC(215) Skipped phase 4 of Reference Processing: no references
[2025-06-03T16:06:29.004+0530][362.309s] GC(215)   Pre Evacuate Collection Set: 0.1ms
[2025-06-03T16:06:29.004+0530][362.309s] GC(215)   Merge Heap Roots: 0.0ms
[2025-06-03T16:06:29.004+0530][362.309s] GC(215)   Evacuate Collection Set: 5.7ms
[2025-06-03T16:06:29.004+0530][362.309s] GC(215)   Post Evacuate Collection Set: 0.3ms
[2025-06-03T16:06:29.004+0530][362.309s] GC(215)   Other: 0.2ms
[2025-06-03T16:06:29.004+0530][362.309s] GC(215) Eden regions: 11->0(22)
[2025-06-03T16:06:29.004+0530][362.309s] GC(215) Survivor regions: 3->3(4)
[2025-06-03T16:06:29.004+0530][362.309s] GC(215) Old regions: 492->492
[2025-06-03T16:06:29.004+0530][362.309s] GC(215) Archive regions: 2->2
[2025-06-03T16:06:29.004+0530][362.309s] GC(215) Humongous regions: 0->0
[2025-06-03T16:06:29.004+0530][362.309s] GC(215) Metaspace: 20285K(20992K)->20285K(20992K) NonClass: 17758K(18176K)->17758K(18176K) Class: 2527K(2816K)->2527K(2816K)
[2025-06-03T16:06:29.004+0530][362.309s] GC(215) Pause Young (Normal) (G1 Preventive Collection) 505M->495M(512M) 6.530ms
[2025-06-03T16:06:29.004+0530][362.309s] GC(215) User=0.03s Sys=0.00s Real=0.01s
[2025-06-03T16:06:29.172+0530][362.477s] GC(214) Concurrent Rebuild Remembered Sets 273.312ms
[2025-06-03T16:06:29.172+0530][362.477s] GC(214) Pause Cleanup
[2025-06-03T16:06:29.172+0530][362.477s] GC(214) Pause Cleanup 498M->498M(512M) 0.177ms
[2025-06-03T16:06:29.172+0530][362.477s] GC(214) User=0.00s Sys=0.00s Real=0.00s
[2025-06-03T16:06:29.172+0530][362.477s] GC(214) Concurrent Cleanup for Next Mark
[2025-06-03T16:06:29.173+0530][362.478s] GC(214) Concurrent Cleanup for Next Mark 0.672ms
[2025-06-03T16:06:29.173+0530][362.478s] GC(214) Concurrent Mark Cycle 769.604ms
[2025-06-03T16:06:29.705+0530][363.010s] GC(216) Pause Young (Normal) (G1 Preventive Collection)
[2025-06-03T16:06:29.705+0530][363.010s] GC(216) Using 8 workers of 8 for evacuation
[2025-06-03T16:06:29.711+0530][363.016s] GC(216) Skipped phase 1 of Reference Processing: no references
[2025-06-03T16:06:29.711+0530][363.016s] GC(216) Skipped phase 2 of Reference Processing: no references
[2025-06-03T16:06:29.711+0530][363.016s] GC(216) Skipped phase 3 of Reference Processing: no references
[2025-06-03T16:06:29.711+0530][363.016s] GC(216) Skipped phase 4 of Reference Processing: no references
[2025-06-03T16:06:29.711+0530][363.016s] GC(216)   Pre Evacuate Collection Set: 0.1ms
[2025-06-03T16:06:29.711+0530][363.016s] GC(216)   Merge Heap Roots: 0.1ms
[2025-06-03T16:06:29.711+0530][363.017s] GC(216)   Evacuate Collection Set: 5.5ms
[2025-06-03T16:06:29.711+0530][363.017s] GC(216)   Post Evacuate Collection Set: 0.4ms
[2025-06-03T16:06:29.711+0530][363.017s] GC(216)   Other: 0.2ms
[2025-06-03T16:06:29.711+0530][363.017s] GC(216) Eden regions: 11->0(22)
[2025-06-03T16:06:29.711+0530][363.017s] GC(216) Survivor regions: 3->3(4)
[2025-06-03T16:06:29.711+0530][363.017s] GC(216) Old regions: 492->493
[2025-06-03T16:06:29.711+0530][363.017s] GC(216) Archive regions: 2->2
[2025-06-03T16:06:29.711+0530][363.017s] GC(216) Humongous regions: 0->0
[2025-06-03T16:06:29.711+0530][363.017s] GC(216) Metaspace: 20285K(20992K)->20285K(20992K) NonClass: 17758K(18176K)->17758K(18176K) Class: 2527K(2816K)->2527K(2816K)
[2025-06-03T16:06:29.711+0530][363.017s] GC(216) Pause Young (Normal) (G1 Preventive Collection) 506M->495M(512M) 6.420ms
[2025-06-03T16:06:29.711+0530][363.017s] GC(216) User=0.04s Sys=0.00s Real=0.01s
[2025-06-03T16:06:30.346+0530][363.652s] GC(217) Pause Young (Concurrent Start) (G1 Preventive Collection)
[2025-06-03T16:06:30.346+0530][363.652s] GC(217) Using 8 workers of 8 for evacuation
[2025-06-03T16:06:30.354+0530][363.659s] GC(217) Skipped phase 1 of Reference Processing: no references
[2025-06-03T16:06:30.354+0530][363.659s] GC(217) Skipped phase 2 of Reference Processing: no references
[2025-06-03T16:06:30.354+0530][363.659s] GC(217) Skipped phase 3 of Reference Processing: no references
[2025-06-03T16:06:30.354+0530][363.659s] GC(217) Skipped phase 4 of Reference Processing: no references
[2025-06-03T16:06:30.354+0530][363.659s] GC(217)   Pre Evacuate Collection Set: 0.1ms
[2025-06-03T16:06:30.354+0530][363.659s] GC(217)   Merge Heap Roots: 0.1ms
[2025-06-03T16:06:30.354+0530][363.659s] GC(217)   Evacuate Collection Set: 6.8ms
[2025-06-03T16:06:30.354+0530][363.659s] GC(217)   Post Evacuate Collection Set: 0.4ms
[2025-06-03T16:06:30.354+0530][363.659s] GC(217)   Other: 0.2ms
[2025-06-03T16:06:30.354+0530][363.659s] GC(217) Eden regions: 10->0(22)
[2025-06-03T16:06:30.354+0530][363.659s] GC(217) Survivor regions: 3->3(4)
[2025-06-03T16:06:30.354+0530][363.659s] GC(217) Old regions: 493->493
[2025-06-03T16:06:30.354+0530][363.659s] GC(217) Archive regions: 2->2
[2025-06-03T16:06:30.354+0530][363.659s] GC(217) Humongous regions: 0->0
[2025-06-03T16:06:30.354+0530][363.659s] GC(217) Metaspace: 20285K(20992K)->20285K(20992K) NonClass: 17758K(18176K)->17758K(18176K) Class: 2527K(2816K)->2527K(2816K)
[2025-06-03T16:06:30.354+0530][363.660s] GC(217) Pause Young (Concurrent Start) (G1 Preventive Collection) 505M->496M(512M) 7.848ms
[2025-06-03T16:06:30.354+0530][363.660s] GC(217) User=0.04s Sys=0.01s Real=0.01s
[2025-06-03T16:06:30.354+0530][363.660s] GC(218) Concurrent Mark Cycle
[2025-06-03T16:06:30.354+0530][363.660s] GC(218) Concurrent Clear Claimed Marks
[2025-06-03T16:06:30.354+0530][363.660s] GC(218) Concurrent Clear Claimed Marks 0.046ms
[2025-06-03T16:06:30.354+0530][363.660s] GC(218) Concurrent Scan Root Regions
[2025-06-03T16:06:30.356+0530][363.661s] GC(218) Concurrent Scan Root Regions 1.400ms
[2025-06-03T16:06:30.356+0530][363.661s] GC(218) Concurrent Mark
[2025-06-03T16:06:30.356+0530][363.661s] GC(218) Concurrent Mark From Roots
[2025-06-03T16:06:30.356+0530][363.661s] GC(218) Using 2 workers of 2 for marking
[2025-06-03T16:06:30.869+0530][364.174s] GC(218) Concurrent Mark From Roots 513.260ms
[2025-06-03T16:06:30.869+0530][364.175s] GC(218) Concurrent Preclean
[2025-06-03T16:06:30.869+0530][364.175s] GC(218) Preclean SoftReferences 0.029ms
[2025-06-03T16:06:30.869+0530][364.175s] GC(218) Preclean WeakReferences 0.064ms
[2025-06-03T16:06:30.869+0530][364.175s] GC(218) Preclean FinalReferences 0.004ms
[2025-06-03T16:06:30.869+0530][364.175s] GC(218) Preclean PhantomReferences 0.017ms
[2025-06-03T16:06:30.869+0530][364.175s] GC(218) Concurrent Preclean 0.181ms
[2025-06-03T16:06:30.869+0530][364.175s] GC(218) Pause Remark
[2025-06-03T16:06:30.870+0530][364.175s] GC(218) Skipped phase 1 of Reference Processing: no references
[2025-06-03T16:06:30.870+0530][364.175s] GC(218) Skipped phase 2 of Reference Processing: no references
[2025-06-03T16:06:30.870+0530][364.175s] GC(218) Skipped phase 3 of Reference Processing: no references
[2025-06-03T16:06:30.870+0530][364.175s] GC(218) Skipped phase 4 of Reference Processing: no references
[2025-06-03T16:06:30.872+0530][364.177s] GC(218) Pause Remark 506M->506M(512M) 2.062ms
[2025-06-03T16:06:30.872+0530][364.177s] GC(218) User=0.01s Sys=0.00s Real=0.01s
[2025-06-03T16:06:30.872+0530][364.177s] GC(218) Concurrent Mark 515.881ms
[2025-06-03T16:06:30.872+0530][364.177s] GC(218) Concurrent Rebuild Remembered Sets
[2025-06-03T16:06:30.943+0530][364.249s] GC(219) Pause Young (Normal) (G1 Preventive Collection)
[2025-06-03T16:06:30.943+0530][364.249s] GC(219) Using 8 workers of 8 for evacuation
[2025-06-03T16:06:30.950+0530][364.255s] GC(219) Skipped phase 1 of Reference Processing: no references
[2025-06-03T16:06:30.950+0530][364.256s] GC(219) Skipped phase 2 of Reference Processing: no references
[2025-06-03T16:06:30.950+0530][364.256s] GC(219) Skipped phase 3 of Reference Processing: no references
[2025-06-03T16:06:30.950+0530][364.256s] GC(219) Skipped phase 4 of Reference Processing: no references
[2025-06-03T16:06:30.950+0530][364.256s] GC(219)   Pre Evacuate Collection Set: 0.1ms
[2025-06-03T16:06:30.950+0530][364.256s] GC(219)   Merge Heap Roots: 0.1ms
[2025-06-03T16:06:30.950+0530][364.256s] GC(219)   Evacuate Collection Set: 6.4ms
[2025-06-03T16:06:30.950+0530][364.256s] GC(219)   Post Evacuate Collection Set: 0.3ms
[2025-06-03T16:06:30.950+0530][364.256s] GC(219)   Other: 0.2ms
[2025-06-03T16:06:30.950+0530][364.256s] GC(219) Eden regions: 11->0(23)
[2025-06-03T16:06:30.950+0530][364.256s] GC(219) Survivor regions: 3->2(3)
[2025-06-03T16:06:30.950+0530][364.256s] GC(219) Old regions: 493->494
[2025-06-03T16:06:30.950+0530][364.256s] GC(219) Archive regions: 2->2
[2025-06-03T16:06:30.951+0530][364.256s] GC(219) Humongous regions: 0->0
[2025-06-03T16:06:30.951+0530][364.256s] GC(219) Metaspace: 20285K(20992K)->20285K(20992K) NonClass: 17758K(18176K)->17758K(18176K) Class: 2527K(2816K)->2527K(2816K)
[2025-06-03T16:06:30.951+0530][364.256s] GC(219) Pause Young (Normal) (G1 Preventive Collection) 507M->496M(512M) 7.140ms
[2025-06-03T16:06:30.951+0530][364.256s] GC(219) User=0.03s Sys=0.00s Real=0.01s
[2025-06-03T16:06:31.136+0530][364.441s] GC(218) Concurrent Rebuild Remembered Sets 264.146ms
[2025-06-03T16:06:31.136+0530][364.441s] GC(218) Pause Cleanup
[2025-06-03T16:06:31.136+0530][364.442s] GC(218) Pause Cleanup 499M->499M(512M) 0.265ms
[2025-06-03T16:06:31.136+0530][364.442s] GC(218) User=0.00s Sys=0.00s Real=0.00s
[2025-06-03T16:06:31.136+0530][364.442s] GC(218) Concurrent Cleanup for Next Mark
[2025-06-03T16:06:31.137+0530][364.443s] GC(218) Concurrent Cleanup for Next Mark 0.685ms
[2025-06-03T16:06:31.137+0530][364.443s] GC(218) Concurrent Mark Cycle 782.947ms
[2025-06-03T16:06:31.640+0530][364.945s] GC(220) Pause Young (Normal) (G1 Preventive Collection)
[2025-06-03T16:06:31.640+0530][364.946s] GC(220) Using 8 workers of 8 for evacuation
[2025-06-03T16:06:31.647+0530][364.953s] GC(220) Skipped phase 1 of Reference Processing: no references
[2025-06-03T16:06:31.647+0530][364.953s] GC(220) Skipped phase 2 of Reference Processing: no references
[2025-06-03T16:06:31.647+0530][364.953s] GC(220) Skipped phase 3 of Reference Processing: no references
[2025-06-03T16:06:31.647+0530][364.953s] GC(220) Skipped phase 4 of Reference Processing: no references
[2025-06-03T16:06:31.648+0530][364.953s] GC(220)   Pre Evacuate Collection Set: 0.1ms
[2025-06-03T16:06:31.648+0530][364.953s] GC(220)   Merge Heap Roots: 0.1ms
[2025-06-03T16:06:31.648+0530][364.953s] GC(220)   Evacuate Collection Set: 6.9ms
[2025-06-03T16:06:31.648+0530][364.953s] GC(220)   Post Evacuate Collection Set: 0.4ms
[2025-06-03T16:06:31.648+0530][364.953s] GC(220)   Other: 0.2ms
[2025-06-03T16:06:31.648+0530][364.953s] GC(220) Eden regions: 11->0(22)
[2025-06-03T16:06:31.648+0530][364.953s] GC(220) Survivor regions: 2->3(3)
[2025-06-03T16:06:31.648+0530][364.953s] GC(220) Old regions: 494->494
[2025-06-03T16:06:31.648+0530][364.953s] GC(220) Archive regions: 2->2
[2025-06-03T16:06:31.648+0530][364.953s] GC(220) Humongous regions: 0->0
[2025-06-03T16:06:31.648+0530][364.953s] GC(220) Metaspace: 20285K(20992K)->20285K(20992K) NonClass: 17758K(18176K)->17758K(18176K) Class: 2527K(2816K)->2527K(2816K)
[2025-06-03T16:06:31.648+0530][364.953s] GC(220) Pause Young (Normal) (G1 Preventive Collection) 507M->497M(512M) 7.774ms
[2025-06-03T16:06:31.648+0530][364.953s] GC(220) User=0.03s Sys=0.01s Real=0.00s
[2025-06-03T16:06:32.198+0530][365.503s] GC(221) Pause Young (Concurrent Start) (G1 Preventive Collection)
[2025-06-03T16:06:32.198+0530][365.503s] GC(221) Using 8 workers of 8 for evacuation
[2025-06-03T16:06:32.205+0530][365.511s] GC(221) Skipped phase 1 of Reference Processing: no references
[2025-06-03T16:06:32.205+0530][365.511s] GC(221) Skipped phase 2 of Reference Processing: no references
[2025-06-03T16:06:32.205+0530][365.511s] GC(221) Skipped phase 3 of Reference Processing: no references
[2025-06-03T16:06:32.205+0530][365.511s] GC(221) Skipped phase 4 of Reference Processing: no references
[2025-06-03T16:06:32.206+0530][365.511s] GC(221)   Pre Evacuate Collection Set: 0.1ms
[2025-06-03T16:06:32.206+0530][365.511s] GC(221)   Merge Heap Roots: 0.0ms
[2025-06-03T16:06:32.206+0530][365.511s] GC(221)   Evacuate Collection Set: 6.9ms
[2025-06-03T16:06:32.206+0530][365.511s] GC(221)   Post Evacuate Collection Set: 0.4ms
[2025-06-03T16:06:32.206+0530][365.511s] GC(221)   Other: 0.2ms
[2025-06-03T16:06:32.206+0530][365.511s] GC(221) Eden regions: 9->0(22)
[2025-06-03T16:06:32.206+0530][365.511s] GC(221) Survivor regions: 3->3(4)
[2025-06-03T16:06:32.206+0530][365.511s] GC(221) Old regions: 494->495
[2025-06-03T16:06:32.206+0530][365.511s] GC(221) Archive regions: 2->2
[2025-06-03T16:06:32.206+0530][365.511s] GC(221) Humongous regions: 0->0
[2025-06-03T16:06:32.206+0530][365.511s] GC(221) Metaspace: 20285K(20992K)->20285K(20992K) NonClass: 17758K(18176K)->17758K(18176K) Class: 2527K(2816K)->2527K(2816K)
[2025-06-03T16:06:32.206+0530][365.511s] GC(221) Pause Young (Concurrent Start) (G1 Preventive Collection) 506M->497M(512M) 7.826ms
[2025-06-03T16:06:32.206+0530][365.511s] GC(221) User=0.04s Sys=0.01s Real=0.01s
[2025-06-03T16:06:32.206+0530][365.511s] GC(222) Concurrent Mark Cycle
[2025-06-03T16:06:32.206+0530][365.511s] GC(222) Concurrent Clear Claimed Marks
[2025-06-03T16:06:32.206+0530][365.511s] GC(222) Concurrent Clear Claimed Marks 0.033ms
[2025-06-03T16:06:32.206+0530][365.511s] GC(222) Concurrent Scan Root Regions
[2025-06-03T16:06:32.207+0530][365.513s] GC(222) Concurrent Scan Root Regions 1.318ms
[2025-06-03T16:06:32.207+0530][365.513s] GC(222) Concurrent Mark
[2025-06-03T16:06:32.207+0530][365.513s] GC(222) Concurrent Mark From Roots
[2025-06-03T16:06:32.207+0530][365.513s] GC(222) Using 2 workers of 2 for marking
[2025-06-03T16:06:32.705+0530][366.010s] GC(223) Pause Young (Normal) (G1 Preventive Collection)
[2025-06-03T16:06:32.705+0530][366.010s] GC(223) Using 8 workers of 8 for evacuation
[2025-06-03T16:06:32.709+0530][366.015s] GC(223) Skipped phase 1 of Reference Processing: no references
[2025-06-03T16:06:32.709+0530][366.015s] GC(223) Skipped phase 2 of Reference Processing: no references
[2025-06-03T16:06:32.709+0530][366.015s] GC(223) Skipped phase 3 of Reference Processing: no references
[2025-06-03T16:06:32.709+0530][366.015s] GC(223) Skipped phase 4 of Reference Processing: no references
[2025-06-03T16:06:32.710+0530][366.015s] GC(223)   Pre Evacuate Collection Set: 0.1ms
[2025-06-03T16:06:32.710+0530][366.015s] GC(223)   Merge Heap Roots: 0.1ms
[2025-06-03T16:06:32.710+0530][366.015s] GC(223)   Evacuate Collection Set: 4.5ms
[2025-06-03T16:06:32.710+0530][366.015s] GC(223)   Post Evacuate Collection Set: 0.4ms
[2025-06-03T16:06:32.710+0530][366.015s] GC(223)   Other: 0.2ms
[2025-06-03T16:06:32.710+0530][366.015s] GC(223) Eden regions: 9->0(22)
[2025-06-03T16:06:32.710+0530][366.015s] GC(223) Survivor regions: 3->3(3)
[2025-06-03T16:06:32.710+0530][366.015s] GC(223) Old regions: 495->495
[2025-06-03T16:06:32.710+0530][366.015s] GC(223) Archive regions: 2->2
[2025-06-03T16:06:32.710+0530][366.015s] GC(223) Humongous regions: 0->0
[2025-06-03T16:06:32.710+0530][366.015s] GC(223) Metaspace: 20285K(20992K)->20285K(20992K) NonClass: 17758K(18176K)->17758K(18176K) Class: 2527K(2816K)->2527K(2816K)
[2025-06-03T16:06:32.710+0530][366.015s] GC(223) Pause Young (Normal) (G1 Preventive Collection) 506M->497M(512M) 5.299ms
[2025-06-03T16:06:32.710+0530][366.015s] GC(223) User=0.02s Sys=0.00s Real=0.01s
[2025-06-03T16:06:32.734+0530][366.039s] GC(222) Concurrent Mark From Roots 526.182ms
[2025-06-03T16:06:32.734+0530][366.039s] GC(222) Concurrent Preclean
[2025-06-03T16:06:32.734+0530][366.039s] GC(222) Preclean SoftReferences 0.029ms
[2025-06-03T16:06:32.734+0530][366.039s] GC(222) Preclean WeakReferences 0.060ms
[2025-06-03T16:06:32.734+0530][366.039s] GC(222) Preclean FinalReferences 0.004ms
[2025-06-03T16:06:32.734+0530][366.039s] GC(222) Preclean PhantomReferences 0.015ms
[2025-06-03T16:06:32.734+0530][366.039s] GC(222) Concurrent Preclean 0.176ms
[2025-06-03T16:06:32.734+0530][366.039s] GC(222) Pause Remark
[2025-06-03T16:06:32.734+0530][366.040s] GC(222) Skipped phase 1 of Reference Processing: no references
[2025-06-03T16:06:32.734+0530][366.040s] GC(222) Skipped phase 2 of Reference Processing: no references
[2025-06-03T16:06:32.734+0530][366.040s] GC(222) Skipped phase 3 of Reference Processing: no references
[2025-06-03T16:06:32.734+0530][366.040s] GC(222) Skipped phase 4 of Reference Processing: no references
[2025-06-03T16:06:32.736+0530][366.041s] GC(222) Pause Remark 498M->498M(512M) 1.947ms
[2025-06-03T16:06:32.736+0530][366.041s] GC(222) User=0.01s Sys=0.00s Real=0.00s
[2025-06-03T16:06:32.736+0530][366.042s] GC(222) Concurrent Mark 528.684ms
[2025-06-03T16:06:32.736+0530][366.042s] GC(222) Concurrent Rebuild Remembered Sets
[2025-06-03T16:06:33.008+0530][366.313s] GC(222) Concurrent Rebuild Remembered Sets 271.797ms
[2025-06-03T16:06:33.008+0530][366.314s] GC(222) Pause Cleanup
[2025-06-03T16:06:33.008+0530][366.314s] GC(222) Pause Cleanup 503M->503M(512M) 0.173ms
[2025-06-03T16:06:33.008+0530][366.314s] GC(222) User=0.00s Sys=0.00s Real=0.00s
[2025-06-03T16:06:33.008+0530][366.314s] GC(222) Concurrent Cleanup for Next Mark
[2025-06-03T16:06:33.009+0530][366.314s] GC(222) Concurrent Cleanup for Next Mark 0.685ms
[2025-06-03T16:06:33.009+0530][366.315s] GC(222) Concurrent Mark Cycle 803.213ms
[2025-06-03T16:06:33.240+0530][366.545s] GC(224) Pause Young (Normal) (G1 Preventive Collection)
[2025-06-03T16:06:33.240+0530][366.545s] GC(224) Using 8 workers of 8 for evacuation
[2025-06-03T16:06:33.247+0530][366.553s] GC(224) Skipped phase 1 of Reference Processing: no references
[2025-06-03T16:06:33.248+0530][366.553s] GC(224) Skipped phase 2 of Reference Processing: no references
[2025-06-03T16:06:33.248+0530][366.553s] GC(224) Skipped phase 3 of Reference Processing: no references
[2025-06-03T16:06:33.248+0530][366.553s] GC(224) Skipped phase 4 of Reference Processing: no references
[2025-06-03T16:06:33.248+0530][366.553s] GC(224)   Pre Evacuate Collection Set: 0.1ms
[2025-06-03T16:06:33.248+0530][366.553s] GC(224)   Merge Heap Roots: 0.1ms
[2025-06-03T16:06:33.248+0530][366.553s] GC(224)   Evacuate Collection Set: 7.2ms
[2025-06-03T16:06:33.248+0530][366.553s] GC(224)   Post Evacuate Collection Set: 0.4ms
[2025-06-03T16:06:33.248+0530][366.553s] GC(224)   Other: 0.3ms
[2025-06-03T16:06:33.248+0530][366.553s] GC(224) Eden regions: 9->0(23)
[2025-06-03T16:06:33.248+0530][366.553s] GC(224) Survivor regions: 3->2(3)
[2025-06-03T16:06:33.248+0530][366.553s] GC(224) Old regions: 495->496
[2025-06-03T16:06:33.248+0530][366.553s] GC(224) Archive regions: 2->2
[2025-06-03T16:06:33.248+0530][366.553s] GC(224) Humongous regions: 0->0
[2025-06-03T16:06:33.248+0530][366.554s] GC(224) Metaspace: 20286K(20992K)->20286K(20992K) NonClass: 17759K(18176K)->17759K(18176K) Class: 2527K(2816K)->2527K(2816K)
[2025-06-03T16:06:33.248+0530][366.554s] GC(224) Pause Young (Normal) (G1 Preventive Collection) 506M->498M(512M) 8.283ms
[2025-06-03T16:06:33.248+0530][366.554s] GC(224) User=0.04s Sys=0.00s Real=0.00s
[2025-06-03T16:06:33.795+0530][367.101s] GC(225) Pause Young (Concurrent Start) (G1 Preventive Collection)
[2025-06-03T16:06:33.795+0530][367.101s] GC(225) Using 8 workers of 8 for evacuation
[2025-06-03T16:06:33.801+0530][367.106s] GC(225) Skipped phase 1 of Reference Processing: no references
[2025-06-03T16:06:33.801+0530][367.106s] GC(225) Skipped phase 2 of Reference Processing: no references
[2025-06-03T16:06:33.801+0530][367.106s] GC(225) Skipped phase 3 of Reference Processing: no references
[2025-06-03T16:06:33.801+0530][367.106s] GC(225) Skipped phase 4 of Reference Processing: no references
[2025-06-03T16:06:33.801+0530][367.107s] GC(225)   Pre Evacuate Collection Set: 0.1ms
[2025-06-03T16:06:33.801+0530][367.107s] GC(225)   Merge Heap Roots: 0.1ms
[2025-06-03T16:06:33.801+0530][367.107s] GC(225)   Evacuate Collection Set: 5.3ms
[2025-06-03T16:06:33.801+0530][367.107s] GC(225)   Post Evacuate Collection Set: 0.3ms
[2025-06-03T16:06:33.801+0530][367.107s] GC(225)   Other: 0.2ms
[2025-06-03T16:06:33.801+0530][367.107s] GC(225) Eden regions: 9->0(22)
[2025-06-03T16:06:33.801+0530][367.107s] GC(225) Survivor regions: 2->3(3)
[2025-06-03T16:06:33.801+0530][367.107s] GC(225) Old regions: 496->496
[2025-06-03T16:06:33.801+0530][367.107s] GC(225) Archive regions: 2->2
[2025-06-03T16:06:33.801+0530][367.107s] GC(225) Humongous regions: 0->0
[2025-06-03T16:06:33.801+0530][367.107s] GC(225) Metaspace: 20286K(20992K)->20286K(20992K) NonClass: 17759K(18176K)->17759K(18176K) Class: 2527K(2816K)->2527K(2816K)
[2025-06-03T16:06:33.801+0530][367.107s] GC(225) Pause Young (Concurrent Start) (G1 Preventive Collection) 507M->498M(512M) 6.215ms
[2025-06-03T16:06:33.802+0530][367.107s] GC(225) User=0.02s Sys=0.00s Real=0.01s
[2025-06-03T16:06:33.802+0530][367.107s] GC(226) Concurrent Mark Cycle
[2025-06-03T16:06:33.802+0530][367.107s] GC(226) Concurrent Clear Claimed Marks
[2025-06-03T16:06:33.802+0530][367.107s] GC(226) Concurrent Clear Claimed Marks 0.034ms
[2025-06-03T16:06:33.802+0530][367.107s] GC(226) Concurrent Scan Root Regions
[2025-06-03T16:06:33.803+0530][367.108s] GC(226) Concurrent Scan Root Regions 1.323ms
[2025-06-03T16:06:33.803+0530][367.108s] GC(226) Concurrent Mark
[2025-06-03T16:06:33.803+0530][367.108s] GC(226) Concurrent Mark From Roots
[2025-06-03T16:06:33.803+0530][367.108s] GC(226) Using 2 workers of 2 for marking
[2025-06-03T16:06:34.247+0530][367.553s] GC(227) Pause Young (Normal) (G1 Preventive Collection)
[2025-06-03T16:06:34.247+0530][367.553s] GC(227) Using 8 workers of 8 for evacuation
[2025-06-03T16:06:34.252+0530][367.557s] GC(227) Skipped phase 1 of Reference Processing: no references
[2025-06-03T16:06:34.252+0530][367.557s] GC(227) Skipped phase 2 of Reference Processing: no references
[2025-06-03T16:06:34.252+0530][367.557s] GC(227) Skipped phase 3 of Reference Processing: no references
[2025-06-03T16:06:34.252+0530][367.557s] GC(227) Skipped phase 4 of Reference Processing: no references
[2025-06-03T16:06:34.252+0530][367.558s] GC(227)   Pre Evacuate Collection Set: 0.1ms
[2025-06-03T16:06:34.252+0530][367.558s] GC(227)   Merge Heap Roots: 0.0ms
[2025-06-03T16:06:34.252+0530][367.558s] GC(227)   Evacuate Collection Set: 4.2ms
[2025-06-03T16:06:34.252+0530][367.558s] GC(227)   Post Evacuate Collection Set: 0.3ms
[2025-06-03T16:06:34.252+0530][367.558s] GC(227)   Other: 0.2ms
[2025-06-03T16:06:34.252+0530][367.558s] GC(227) Eden regions: 8->0(22)
[2025-06-03T16:06:34.252+0530][367.558s] GC(227) Survivor regions: 3->3(3)
[2025-06-03T16:06:34.252+0530][367.558s] GC(227) Old regions: 496->496
[2025-06-03T16:06:34.252+0530][367.558s] GC(227) Archive regions: 2->2
[2025-06-03T16:06:34.252+0530][367.558s] GC(227) Humongous regions: 0->0
[2025-06-03T16:06:34.252+0530][367.558s] GC(227) Metaspace: 20286K(20992K)->20286K(20992K) NonClass: 17759K(18176K)->17759K(18176K) Class: 2527K(2816K)->2527K(2816K)
[2025-06-03T16:06:34.252+0530][367.558s] GC(227) Pause Young (Normal) (G1 Preventive Collection) 506M->499M(512M) 5.055ms
[2025-06-03T16:06:34.252+0530][367.558s] GC(227) User=0.02s Sys=0.00s Real=0.01s
[2025-06-03T16:06:34.325+0530][367.631s] GC(226) Concurrent Mark From Roots 522.270ms
[2025-06-03T16:06:34.325+0530][367.631s] GC(226) Concurrent Preclean
[2025-06-03T16:06:34.325+0530][367.631s] GC(226) Preclean SoftReferences 0.029ms
[2025-06-03T16:06:34.326+0530][367.631s] GC(226) Preclean WeakReferences 0.062ms
[2025-06-03T16:06:34.326+0530][367.631s] GC(226) Preclean FinalReferences 0.004ms
[2025-06-03T16:06:34.326+0530][367.631s] GC(226) Preclean PhantomReferences 0.017ms
[2025-06-03T16:06:34.326+0530][367.631s] GC(226) Concurrent Preclean 0.179ms
[2025-06-03T16:06:34.326+0530][367.631s] GC(226) Pause Remark
[2025-06-03T16:06:34.326+0530][367.631s] GC(226) ReferenceProcessor::execute queues: 8, RefProcThreadModel::Multi, marks_oops_alive: true
[2025-06-03T16:06:34.326+0530][367.631s] GC(226) ReferenceProcessor::execute queues: 1, RefProcThreadModel::Single, marks_oops_alive: false
[2025-06-03T16:06:34.326+0530][367.632s] GC(226) Skipped phase 3 of Reference Processing: no references
[2025-06-03T16:06:34.326+0530][367.632s] GC(226) Skipped phase 4 of Reference Processing: no references
[2025-06-03T16:06:34.328+0530][367.633s] GC(226) Pause Remark 500M->500M(512M) 2.196ms
[2025-06-03T16:06:34.328+0530][367.633s] GC(226) User=0.01s Sys=0.01s Real=0.00s
[2025-06-03T16:06:34.328+0530][367.633s] GC(226) Concurrent Mark 524.979ms
[2025-06-03T16:06:34.328+0530][367.633s] GC(226) Concurrent Rebuild Remembered Sets
[2025-06-03T16:06:34.587+0530][367.892s] GC(226) Concurrent Rebuild Remembered Sets 258.729ms
[2025-06-03T16:06:34.587+0530][367.892s] GC(226) Pause Cleanup
[2025-06-03T16:06:34.587+0530][367.893s] GC(226) Pause Cleanup 504M->504M(512M) 0.175ms
[2025-06-03T16:06:34.587+0530][367.893s] GC(226) User=0.01s Sys=0.00s Real=0.00s
[2025-06-03T16:06:34.587+0530][367.893s] GC(226) Concurrent Cleanup for Next Mark
[2025-06-03T16:06:34.588+0530][367.893s] GC(226) Concurrent Cleanup for Next Mark 0.545ms
[2025-06-03T16:06:34.588+0530][367.893s] GC(226) Concurrent Mark Cycle 786.275ms
[2025-06-03T16:06:34.705+0530][368.010s] GC(228) Pause Young (Normal) (G1 Preventive Collection)
[2025-06-03T16:06:34.705+0530][368.010s] GC(228) Using 8 workers of 8 for evacuation
[2025-06-03T16:06:34.710+0530][368.015s] GC(228) Skipped phase 1 of Reference Processing: no references
[2025-06-03T16:06:34.710+0530][368.015s] GC(228) Skipped phase 2 of Reference Processing: no references
[2025-06-03T16:06:34.710+0530][368.015s] GC(228) Skipped phase 3 of Reference Processing: no references
[2025-06-03T16:06:34.710+0530][368.015s] GC(228) Skipped phase 4 of Reference Processing: no references
[2025-06-03T16:06:34.710+0530][368.016s] GC(228)   Pre Evacuate Collection Set: 0.1ms
[2025-06-03T16:06:34.710+0530][368.016s] GC(228)   Merge Heap Roots: 0.1ms
[2025-06-03T16:06:34.710+0530][368.016s] GC(228)   Evacuate Collection Set: 4.8ms
[2025-06-03T16:06:34.710+0530][368.016s] GC(228)   Post Evacuate Collection Set: 0.4ms
[2025-06-03T16:06:34.710+0530][368.016s] GC(228)   Other: 0.2ms
[2025-06-03T16:06:34.710+0530][368.016s] GC(228) Eden regions: 8->0(23)
[2025-06-03T16:06:34.710+0530][368.016s] GC(228) Survivor regions: 3->2(3)
[2025-06-03T16:06:34.710+0530][368.016s] GC(228) Old regions: 496->497
[2025-06-03T16:06:34.710+0530][368.016s] GC(228) Archive regions: 2->2
[2025-06-03T16:06:34.710+0530][368.016s] GC(228) Humongous regions: 0->0
[2025-06-03T16:06:34.710+0530][368.016s] GC(228) Metaspace: 20286K(20992K)->20286K(20992K) NonClass: 17759K(18176K)->17759K(18176K) Class: 2527K(2816K)->2527K(2816K)
[2025-06-03T16:06:34.710+0530][368.016s] GC(228) Pause Young (Normal) (G1 Preventive Collection) 507M->499M(512M) 5.705ms
[2025-06-03T16:06:34.710+0530][368.016s] GC(228) User=0.03s Sys=0.00s Real=0.01s
[2025-06-03T16:06:35.172+0530][368.478s] GC(229) Pause Young (Concurrent Start) (G1 Preventive Collection)
[2025-06-03T16:06:35.173+0530][368.478s] GC(229) Using 8 workers of 8 for evacuation
[2025-06-03T16:06:35.179+0530][368.485s] GC(229) Skipped phase 1 of Reference Processing: no references
[2025-06-03T16:06:35.179+0530][368.485s] GC(229) Skipped phase 2 of Reference Processing: no references
[2025-06-03T16:06:35.179+0530][368.485s] GC(229) Skipped phase 3 of Reference Processing: no references
[2025-06-03T16:06:35.179+0530][368.485s] GC(229) Skipped phase 4 of Reference Processing: no references
[2025-06-03T16:06:35.180+0530][368.485s] GC(229)   Pre Evacuate Collection Set: 0.2ms
[2025-06-03T16:06:35.180+0530][368.485s] GC(229)   Merge Heap Roots: 0.1ms
[2025-06-03T16:06:35.180+0530][368.485s] GC(229)   Evacuate Collection Set: 6.2ms
[2025-06-03T16:06:35.180+0530][368.485s] GC(229)   Post Evacuate Collection Set: 0.8ms
[2025-06-03T16:06:35.180+0530][368.485s] GC(229)   Other: 0.3ms
[2025-06-03T16:06:35.180+0530][368.485s] GC(229) Eden regions: 8->0(22)
[2025-06-03T16:06:35.180+0530][368.485s] GC(229) Survivor regions: 2->3(3)
[2025-06-03T16:06:35.180+0530][368.486s] GC(229) Old regions: 497->497
[2025-06-03T16:06:35.180+0530][368.486s] GC(229) Archive regions: 2->2
[2025-06-03T16:06:35.180+0530][368.486s] GC(229) Humongous regions: 0->0
[2025-06-03T16:06:35.180+0530][368.486s] GC(229) Metaspace: 20286K(20992K)->20286K(20992K) NonClass: 17759K(18176K)->17759K(18176K) Class: 2527K(2816K)->2527K(2816K)
[2025-06-03T16:06:35.180+0530][368.486s] GC(229) Pause Young (Concurrent Start) (G1 Preventive Collection) 507M->499M(512M) 7.720ms
[2025-06-03T16:06:35.180+0530][368.486s] GC(229) User=0.01s Sys=0.01s Real=0.01s
[2025-06-03T16:06:35.180+0530][368.486s] GC(230) Concurrent Mark Cycle
[2025-06-03T16:06:35.180+0530][368.486s] GC(230) Concurrent Clear Claimed Marks
[2025-06-03T16:06:35.180+0530][368.486s] GC(230) Concurrent Clear Claimed Marks 0.064ms
[2025-06-03T16:06:35.180+0530][368.486s] GC(230) Concurrent Scan Root Regions
[2025-06-03T16:06:35.182+0530][368.488s] GC(230) Concurrent Scan Root Regions 1.740ms
[2025-06-03T16:06:35.182+0530][368.488s] GC(230) Concurrent Mark
[2025-06-03T16:06:35.182+0530][368.488s] GC(230) Concurrent Mark From Roots
[2025-06-03T16:06:35.182+0530][368.488s] GC(230) Using 2 workers of 2 for marking
[2025-06-03T16:06:35.298+0530][368.603s] GC(231) Pause Young (Normal) (G1 Preventive Collection)
[2025-06-03T16:06:35.298+0530][368.603s] GC(231) Using 8 workers of 8 for evacuation
[2025-06-03T16:06:35.304+0530][368.610s] GC(231) Skipped phase 1 of Reference Processing: no references
[2025-06-03T16:06:35.304+0530][368.610s] GC(231) Skipped phase 2 of Reference Processing: no references
[2025-06-03T16:06:35.304+0530][368.610s] GC(231) Skipped phase 3 of Reference Processing: no references
[2025-06-03T16:06:35.304+0530][368.610s] GC(231) Skipped phase 4 of Reference Processing: no references
[2025-06-03T16:06:35.305+0530][368.610s] GC(231)   Pre Evacuate Collection Set: 0.1ms
[2025-06-03T16:06:35.305+0530][368.610s] GC(231)   Merge Heap Roots: 0.1ms
[2025-06-03T16:06:35.305+0530][368.610s] GC(231)   Evacuate Collection Set: 6.0ms
[2025-06-03T16:06:35.305+0530][368.610s] GC(231)   Post Evacuate Collection Set: 0.4ms
[2025-06-03T16:06:35.305+0530][368.610s] GC(231)   Other: 0.2ms
[2025-06-03T16:06:35.305+0530][368.610s] GC(231) Eden regions: 7->0(22)
[2025-06-03T16:06:35.305+0530][368.610s] GC(231) Survivor regions: 3->3(3)
[2025-06-03T16:06:35.305+0530][368.610s] GC(231) Old regions: 497->497
[2025-06-03T16:06:35.305+0530][368.610s] GC(231) Archive regions: 2->2
[2025-06-03T16:06:35.305+0530][368.610s] GC(231) Humongous regions: 0->0
[2025-06-03T16:06:35.305+0530][368.610s] GC(231) Metaspace: 20286K(20992K)->20286K(20992K) NonClass: 17759K(18176K)->17759K(18176K) Class: 2527K(2816K)->2527K(2816K)
[2025-06-03T16:06:35.305+0530][368.610s] GC(231) Pause Young (Normal) (G1 Preventive Collection) 506M->500M(512M) 6.901ms
[2025-06-03T16:06:35.305+0530][368.610s] GC(231) User=0.02s Sys=0.01s Real=0.01s
[2025-06-03T16:06:35.418+0530][368.723s] GC(232) Pause Young (Normal) (G1 Preventive Collection)
[2025-06-03T16:06:35.418+0530][368.723s] GC(232) Using 8 workers of 8 for evacuation
[2025-06-03T16:06:35.423+0530][368.729s] GC(232) Skipped phase 1 of Reference Processing: no references
[2025-06-03T16:06:35.424+0530][368.729s] GC(232) Skipped phase 2 of Reference Processing: no references
[2025-06-03T16:06:35.424+0530][368.729s] GC(232) Skipped phase 3 of Reference Processing: no references
[2025-06-03T16:06:35.424+0530][368.729s] GC(232) Skipped phase 4 of Reference Processing: no references
[2025-06-03T16:06:35.424+0530][368.729s] GC(232)   Pre Evacuate Collection Set: 0.1ms
[2025-06-03T16:06:35.424+0530][368.729s] GC(232)   Merge Heap Roots: 0.0ms
[2025-06-03T16:06:35.424+0530][368.729s] GC(232)   Evacuate Collection Set: 5.6ms
[2025-06-03T16:06:35.424+0530][368.729s] GC(232)   Post Evacuate Collection Set: 0.3ms
[2025-06-03T16:06:35.424+0530][368.729s] GC(232)   Other: 0.2ms
[2025-06-03T16:06:35.424+0530][368.729s] GC(232) Eden regions: 7->0(23)
[2025-06-03T16:06:35.424+0530][368.729s] GC(232) Survivor regions: 3->2(3)
[2025-06-03T16:06:35.424+0530][368.729s] GC(232) Old regions: 497->498
[2025-06-03T16:06:35.424+0530][368.729s] GC(232) Archive regions: 2->2
[2025-06-03T16:06:35.424+0530][368.729s] GC(232) Humongous regions: 0->0
[2025-06-03T16:06:35.424+0530][368.729s] GC(232) Metaspace: 20286K(20992K)->20286K(20992K) NonClass: 17759K(18176K)->17759K(18176K) Class: 2527K(2816K)->2527K(2816K)
[2025-06-03T16:06:35.424+0530][368.729s] GC(232) Pause Young (Normal) (G1 Preventive Collection) 507M->500M(512M) 6.416ms
[2025-06-03T16:06:35.424+0530][368.730s] GC(232) User=0.02s Sys=0.00s Real=0.01s
[2025-06-03T16:06:35.525+0530][368.831s] GC(233) Pause Young (Normal) (G1 Preventive Collection)
[2025-06-03T16:06:35.525+0530][368.831s] GC(233) Using 8 workers of 8 for evacuation
[2025-06-03T16:06:35.531+0530][368.837s] GC(233) Skipped phase 1 of Reference Processing: no references
[2025-06-03T16:06:35.531+0530][368.837s] GC(233) Skipped phase 2 of Reference Processing: no references
[2025-06-03T16:06:35.531+0530][368.837s] GC(233) Skipped phase 3 of Reference Processing: no references
[2025-06-03T16:06:35.531+0530][368.837s] GC(233) Skipped phase 4 of Reference Processing: no references
[2025-06-03T16:06:35.531+0530][368.837s] GC(233)   Pre Evacuate Collection Set: 0.1ms
[2025-06-03T16:06:35.532+0530][368.837s] GC(233)   Merge Heap Roots: 0.1ms
[2025-06-03T16:06:35.532+0530][368.837s] GC(233)   Evacuate Collection Set: 5.6ms
[2025-06-03T16:06:35.532+0530][368.837s] GC(233)   Post Evacuate Collection Set: 0.4ms
[2025-06-03T16:06:35.532+0530][368.837s] GC(233)   Other: 0.3ms
[2025-06-03T16:06:35.532+0530][368.837s] GC(233) Eden regions: 7->0(22)
[2025-06-03T16:06:35.532+0530][368.837s] GC(233) Survivor regions: 2->3(3)
[2025-06-03T16:06:35.532+0530][368.837s] GC(233) Old regions: 498->498
[2025-06-03T16:06:35.532+0530][368.837s] GC(233) Archive regions: 2->2
[2025-06-03T16:06:35.532+0530][368.837s] GC(233) Humongous regions: 0->0
[2025-06-03T16:06:35.532+0530][368.837s] GC(233) Metaspace: 20286K(20992K)->20286K(20992K) NonClass: 17759K(18176K)->17759K(18176K) Class: 2527K(2816K)->2527K(2816K)
[2025-06-03T16:06:35.532+0530][368.837s] GC(233) Pause Young (Normal) (G1 Preventive Collection) 507M->500M(512M) 6.582ms
[2025-06-03T16:06:35.532+0530][368.837s] GC(233) User=0.02s Sys=0.00s Real=0.01s
[2025-06-03T16:06:35.614+0530][368.919s] GC(234) Pause Young (Normal) (G1 Preventive Collection)
[2025-06-03T16:06:35.614+0530][368.919s] GC(234) Using 8 workers of 8 for evacuation
[2025-06-03T16:06:35.620+0530][368.925s] GC(234) Skipped phase 1 of Reference Processing: no references
[2025-06-03T16:06:35.620+0530][368.925s] GC(234) Skipped phase 2 of Reference Processing: no references
[2025-06-03T16:06:35.620+0530][368.925s] GC(234) Skipped phase 3 of Reference Processing: no references
[2025-06-03T16:06:35.620+0530][368.925s] GC(234) Skipped phase 4 of Reference Processing: no references
[2025-06-03T16:06:35.620+0530][368.926s] GC(234)   Pre Evacuate Collection Set: 0.1ms
[2025-06-03T16:06:35.620+0530][368.926s] GC(234)   Merge Heap Roots: 0.0ms
[2025-06-03T16:06:35.620+0530][368.926s] GC(234)   Evacuate Collection Set: 5.8ms
[2025-06-03T16:06:35.620+0530][368.926s] GC(234)   Post Evacuate Collection Set: 0.4ms
[2025-06-03T16:06:35.620+0530][368.926s] GC(234)   Other: 0.2ms
[2025-06-03T16:06:35.620+0530][368.926s] GC(234) Eden regions: 6->0(22)
[2025-06-03T16:06:35.620+0530][368.926s] GC(234) Survivor regions: 3->3(3)
[2025-06-03T16:06:35.620+0530][368.926s] GC(234) Old regions: 498->498
[2025-06-03T16:06:35.620+0530][368.926s] GC(234) Archive regions: 2->2
[2025-06-03T16:06:35.620+0530][368.926s] GC(234) Humongous regions: 0->0
[2025-06-03T16:06:35.620+0530][368.926s] GC(234) Metaspace: 20286K(20992K)->20286K(20992K) NonClass: 17759K(18176K)->17759K(18176K) Class: 2527K(2816K)->2527K(2816K)
[2025-06-03T16:06:35.620+0530][368.926s] GC(234) Pause Young (Normal) (G1 Preventive Collection) 506M->500M(512M) 6.644ms
[2025-06-03T16:06:35.620+0530][368.926s] GC(234) User=0.02s Sys=0.00s Real=0.01s
[2025-06-03T16:06:35.702+0530][369.007s] GC(235) Pause Young (Normal) (G1 Preventive Collection)
[2025-06-03T16:06:35.702+0530][369.007s] GC(235) Using 8 workers of 8 for evacuation
[2025-06-03T16:06:35.706+0530][369.012s] GC(235) Skipped phase 1 of Reference Processing: no references
[2025-06-03T16:06:35.706+0530][369.012s] GC(235) Skipped phase 2 of Reference Processing: no references
[2025-06-03T16:06:35.706+0530][369.012s] GC(235) Skipped phase 3 of Reference Processing: no references
[2025-06-03T16:06:35.706+0530][369.012s] GC(235) Skipped phase 4 of Reference Processing: no references
[2025-06-03T16:06:35.707+0530][369.012s] GC(235)   Pre Evacuate Collection Set: 0.1ms
[2025-06-03T16:06:35.707+0530][369.012s] GC(235)   Merge Heap Roots: 0.0ms
[2025-06-03T16:06:35.707+0530][369.012s] GC(235)   Evacuate Collection Set: 4.3ms
[2025-06-03T16:06:35.707+0530][369.012s] GC(235)   Post Evacuate Collection Set: 0.4ms
[2025-06-03T16:06:35.707+0530][369.012s] GC(235)   Other: 0.2ms
[2025-06-03T16:06:35.707+0530][369.012s] GC(235) Eden regions: 6->0(22)
[2025-06-03T16:06:35.707+0530][369.012s] GC(235) Survivor regions: 3->3(3)
[2025-06-03T16:06:35.707+0530][369.012s] GC(235) Old regions: 498->498
[2025-06-03T16:06:35.707+0530][369.012s] GC(235) Archive regions: 2->2
[2025-06-03T16:06:35.707+0530][369.012s] GC(235) Humongous regions: 0->0
[2025-06-03T16:06:35.707+0530][369.012s] GC(235) Metaspace: 20286K(20992K)->20286K(20992K) NonClass: 17759K(18176K)->17759K(18176K) Class: 2527K(2816K)->2527K(2816K)
[2025-06-03T16:06:35.707+0530][369.012s] GC(235) Pause Young (Normal) (G1 Preventive Collection) 506M->501M(512M) 5.069ms
[2025-06-03T16:06:35.707+0530][369.012s] GC(235) User=0.02s Sys=0.00s Real=0.00s
[2025-06-03T16:06:35.786+0530][369.091s] GC(236) Pause Young (Normal) (G1 Preventive Collection)
[2025-06-03T16:06:35.786+0530][369.091s] GC(236) Using 8 workers of 8 for evacuation
[2025-06-03T16:06:35.791+0530][369.096s] GC(236) Skipped phase 1 of Reference Processing: no references
[2025-06-03T16:06:35.791+0530][369.096s] GC(236) Skipped phase 2 of Reference Processing: no references
[2025-06-03T16:06:35.791+0530][369.096s] GC(236) Skipped phase 3 of Reference Processing: no references
[2025-06-03T16:06:35.791+0530][369.096s] GC(236) Skipped phase 4 of Reference Processing: no references
[2025-06-03T16:06:35.791+0530][369.096s] GC(236)   Pre Evacuate Collection Set: 0.1ms
[2025-06-03T16:06:35.791+0530][369.096s] GC(236)   Merge Heap Roots: 0.0ms
[2025-06-03T16:06:35.791+0530][369.096s] GC(236)   Evacuate Collection Set: 4.6ms
[2025-06-03T16:06:35.791+0530][369.096s] GC(236)   Post Evacuate Collection Set: 0.4ms
[2025-06-03T16:06:35.791+0530][369.096s] GC(236)   Other: 0.2ms
[2025-06-03T16:06:35.791+0530][369.096s] GC(236) Eden regions: 6->0(22)
[2025-06-03T16:06:35.791+0530][369.096s] GC(236) Survivor regions: 3->3(3)
[2025-06-03T16:06:35.791+0530][369.096s] GC(236) Old regions: 498->498
[2025-06-03T16:06:35.791+0530][369.096s] GC(236) Archive regions: 2->2
[2025-06-03T16:06:35.791+0530][369.096s] GC(236) Humongous regions: 0->0
[2025-06-03T16:06:35.791+0530][369.097s] GC(236) Metaspace: 20286K(20992K)->20286K(20992K) NonClass: 17759K(18176K)->17759K(18176K) Class: 2527K(2816K)->2527K(2816K)
[2025-06-03T16:06:35.791+0530][369.097s] GC(236) Pause Young (Normal) (G1 Preventive Collection) 507M->501M(512M) 5.343ms
[2025-06-03T16:06:35.791+0530][369.097s] GC(236) User=0.03s Sys=0.00s Real=0.01s
[2025-06-03T16:06:35.879+0530][369.185s] GC(237) Pause Young (Normal) (G1 Preventive Collection)
[2025-06-03T16:06:35.879+0530][369.185s] GC(237) Using 8 workers of 8 for evacuation
[2025-06-03T16:06:35.884+0530][369.189s] GC(237) Skipped phase 1 of Reference Processing: no references
[2025-06-03T16:06:35.884+0530][369.189s] GC(237) Skipped phase 2 of Reference Processing: no references
[2025-06-03T16:06:35.884+0530][369.189s] GC(237) Skipped phase 3 of Reference Processing: no references
[2025-06-03T16:06:35.884+0530][369.189s] GC(237) Skipped phase 4 of Reference Processing: no references
[2025-06-03T16:06:35.884+0530][369.189s] GC(237)   Pre Evacuate Collection Set: 0.1ms
[2025-06-03T16:06:35.884+0530][369.189s] GC(237)   Merge Heap Roots: 0.0ms
[2025-06-03T16:06:35.884+0530][369.189s] GC(237)   Evacuate Collection Set: 4.0ms
[2025-06-03T16:06:35.884+0530][369.189s] GC(237)   Post Evacuate Collection Set: 0.3ms
[2025-06-03T16:06:35.884+0530][369.189s] GC(237)   Other: 0.2ms
[2025-06-03T16:06:35.884+0530][369.189s] GC(237) Eden regions: 6->0(23)
[2025-06-03T16:06:35.884+0530][369.190s] GC(237) Survivor regions: 3->2(3)
[2025-06-03T16:06:35.884+0530][369.190s] GC(237) Old regions: 498->499
[2025-06-03T16:06:35.884+0530][369.190s] GC(237) Archive regions: 2->2
[2025-06-03T16:06:35.884+0530][369.190s] GC(237) Humongous regions: 0->0
[2025-06-03T16:06:35.884+0530][369.190s] GC(237) Metaspace: 20286K(20992K)->20286K(20992K) NonClass: 17759K(18176K)->17759K(18176K) Class: 2527K(2816K)->2527K(2816K)
[2025-06-03T16:06:35.884+0530][369.190s] GC(237) Pause Young (Normal) (G1 Preventive Collection) 507M->501M(512M) 4.799ms
[2025-06-03T16:06:35.884+0530][369.190s] GC(237) User=0.03s Sys=0.00s Real=0.01s
[2025-06-03T16:06:35.922+0530][369.227s] GC(230) Concurrent Mark From Roots 739.280ms
[2025-06-03T16:06:35.922+0530][369.227s] GC(230) Concurrent Preclean
[2025-06-03T16:06:35.922+0530][369.227s] GC(230) Preclean SoftReferences 0.026ms
[2025-06-03T16:06:35.922+0530][369.227s] GC(230) Preclean WeakReferences 0.059ms
[2025-06-03T16:06:35.922+0530][369.227s] GC(230) Preclean FinalReferences 0.004ms
[2025-06-03T16:06:35.922+0530][369.227s] GC(230) Preclean PhantomReferences 0.016ms
[2025-06-03T16:06:35.922+0530][369.227s] GC(230) Concurrent Preclean 0.182ms
[2025-06-03T16:06:35.922+0530][369.227s] GC(230) Pause Remark
[2025-06-03T16:06:35.922+0530][369.228s] GC(230) Skipped phase 1 of Reference Processing: no references
[2025-06-03T16:06:35.922+0530][369.228s] GC(230) Skipped phase 2 of Reference Processing: no references
[2025-06-03T16:06:35.922+0530][369.228s] GC(230) Skipped phase 3 of Reference Processing: no references
[2025-06-03T16:06:35.922+0530][369.228s] GC(230) Skipped phase 4 of Reference Processing: no references
[2025-06-03T16:06:35.924+0530][369.230s] GC(230) Pause Remark 504M->504M(512M) 2.142ms
[2025-06-03T16:06:35.924+0530][369.230s] GC(230) User=0.00s Sys=0.00s Real=0.00s
[2025-06-03T16:06:35.924+0530][369.230s] GC(230) Concurrent Mark 741.936ms
[2025-06-03T16:06:35.924+0530][369.230s] GC(230) Concurrent Rebuild Remembered Sets
[2025-06-03T16:06:35.983+0530][369.288s] GC(238) Pause Young (Normal) (G1 Preventive Collection)
[2025-06-03T16:06:35.983+0530][369.288s] GC(238) Using 8 workers of 8 for evacuation
[2025-06-03T16:06:35.986+0530][369.292s] GC(238) Skipped phase 1 of Reference Processing: no references
[2025-06-03T16:06:35.986+0530][369.292s] GC(238) Skipped phase 2 of Reference Processing: no references
[2025-06-03T16:06:35.986+0530][369.292s] GC(238) Skipped phase 3 of Reference Processing: no references
[2025-06-03T16:06:35.986+0530][369.292s] GC(238) Skipped phase 4 of Reference Processing: no references
[2025-06-03T16:06:35.987+0530][369.292s] GC(238)   Pre Evacuate Collection Set: 0.1ms
[2025-06-03T16:06:35.987+0530][369.292s] GC(238)   Merge Heap Roots: 0.0ms
[2025-06-03T16:06:35.987+0530][369.292s] GC(238)   Evacuate Collection Set: 3.3ms
[2025-06-03T16:06:35.987+0530][369.292s] GC(238)   Post Evacuate Collection Set: 0.3ms
[2025-06-03T16:06:35.987+0530][369.292s] GC(238)   Other: 0.2ms
[2025-06-03T16:06:35.987+0530][369.292s] GC(238) Eden regions: 7->0(23)
[2025-06-03T16:06:35.987+0530][369.292s] GC(238) Survivor regions: 2->2(2)
[2025-06-03T16:06:35.987+0530][369.292s] GC(238) Old regions: 499->499
[2025-06-03T16:06:35.987+0530][369.292s] GC(238) Archive regions: 2->2
[2025-06-03T16:06:35.987+0530][369.292s] GC(238) Humongous regions: 0->0
[2025-06-03T16:06:35.987+0530][369.292s] GC(238) Metaspace: 20286K(20992K)->20286K(20992K) NonClass: 17759K(18176K)->17759K(18176K) Class: 2527K(2816K)->2527K(2816K)
[2025-06-03T16:06:35.987+0530][369.292s] GC(238) Pause Young (Normal) (G1 Preventive Collection) 508M->501M(512M) 4.043ms
[2025-06-03T16:06:35.987+0530][369.292s] GC(238) User=0.02s Sys=0.00s Real=0.00s
[2025-06-03T16:06:36.073+0530][369.379s] GC(239) Pause Young (Normal) (G1 Preventive Collection)
[2025-06-03T16:06:36.074+0530][369.379s] GC(239) Using 8 workers of 8 for evacuation
[2025-06-03T16:06:36.077+0530][369.382s] GC(239) Skipped phase 1 of Reference Processing: no references
[2025-06-03T16:06:36.077+0530][369.382s] GC(239) Skipped phase 2 of Reference Processing: no references
[2025-06-03T16:06:36.077+0530][369.382s] GC(239) Skipped phase 3 of Reference Processing: no references
[2025-06-03T16:06:36.077+0530][369.382s] GC(239) Skipped phase 4 of Reference Processing: no references
[2025-06-03T16:06:36.077+0530][369.383s] GC(239)   Pre Evacuate Collection Set: 0.1ms
[2025-06-03T16:06:36.077+0530][369.383s] GC(239)   Merge Heap Roots: 0.1ms
[2025-06-03T16:06:36.077+0530][369.383s] GC(239)   Evacuate Collection Set: 3.1ms
[2025-06-03T16:06:36.077+0530][369.383s] GC(239)   Post Evacuate Collection Set: 0.4ms
[2025-06-03T16:06:36.077+0530][369.383s] GC(239)   Other: 0.2ms
[2025-06-03T16:06:36.077+0530][369.383s] GC(239) Eden regions: 6->0(22)
[2025-06-03T16:06:36.077+0530][369.383s] GC(239) Survivor regions: 2->3(3)
[2025-06-03T16:06:36.077+0530][369.383s] GC(239) Old regions: 499->499
[2025-06-03T16:06:36.077+0530][369.383s] GC(239) Archive regions: 2->2
[2025-06-03T16:06:36.077+0530][369.383s] GC(239) Humongous regions: 0->0
[2025-06-03T16:06:36.077+0530][369.383s] GC(239) Metaspace: 20286K(20992K)->20286K(20992K) NonClass: 17759K(18176K)->17759K(18176K) Class: 2527K(2816K)->2527K(2816K)
[2025-06-03T16:06:36.078+0530][369.383s] GC(239) Pause Young (Normal) (G1 Preventive Collection) 507M->502M(512M) 4.095ms
[2025-06-03T16:06:36.078+0530][369.383s] GC(239) User=0.02s Sys=0.00s Real=0.00s
[2025-06-03T16:06:36.150+0530][369.455s] GC(240) Pause Young (Normal) (G1 Preventive Collection)
[2025-06-03T16:06:36.150+0530][369.456s] GC(240) Using 8 workers of 8 for evacuation
[2025-06-03T16:06:36.153+0530][369.459s] GC(240) Skipped phase 1 of Reference Processing: no references
[2025-06-03T16:06:36.153+0530][369.459s] GC(240) Skipped phase 2 of Reference Processing: no references
[2025-06-03T16:06:36.153+0530][369.459s] GC(240) Skipped phase 3 of Reference Processing: no references
[2025-06-03T16:06:36.153+0530][369.459s] GC(240) Skipped phase 4 of Reference Processing: no references
[2025-06-03T16:06:36.153+0530][369.459s] GC(240)   Pre Evacuate Collection Set: 0.1ms
[2025-06-03T16:06:36.153+0530][369.459s] GC(240)   Merge Heap Roots: 0.0ms
[2025-06-03T16:06:36.153+0530][369.459s] GC(240)   Evacuate Collection Set: 2.8ms
[2025-06-03T16:06:36.153+0530][369.459s] GC(240)   Post Evacuate Collection Set: 0.4ms
[2025-06-03T16:06:36.154+0530][369.459s] GC(240)   Other: 0.2ms
[2025-06-03T16:06:36.154+0530][369.459s] GC(240) Eden regions: 5->0(23)
[2025-06-03T16:06:36.154+0530][369.459s] GC(240) Survivor regions: 3->2(3)
[2025-06-03T16:06:36.154+0530][369.459s] GC(240) Old regions: 499->500
[2025-06-03T16:06:36.154+0530][369.459s] GC(240) Archive regions: 2->2
[2025-06-03T16:06:36.154+0530][369.459s] GC(240) Humongous regions: 0->0
[2025-06-03T16:06:36.154+0530][369.459s] GC(240) Metaspace: 20286K(20992K)->20286K(20992K) NonClass: 17759K(18176K)->17759K(18176K) Class: 2527K(2816K)->2527K(2816K)
[2025-06-03T16:06:36.154+0530][369.459s] GC(240) Pause Young (Normal) (G1 Preventive Collection) 507M->502M(512M) 3.660ms
[2025-06-03T16:06:36.154+0530][369.459s] GC(240) User=0.01s Sys=0.00s Real=0.00s
[2025-06-03T16:06:36.273+0530][369.578s] GC(241) Pause Young (Normal) (G1 Preventive Collection)
[2025-06-03T16:06:36.273+0530][369.578s] GC(241) Using 8 workers of 8 for evacuation
[2025-06-03T16:06:36.277+0530][369.582s] GC(241) Skipped phase 1 of Reference Processing: no references
[2025-06-03T16:06:36.277+0530][369.582s] GC(241) Skipped phase 2 of Reference Processing: no references
[2025-06-03T16:06:36.277+0530][369.582s] GC(241) Skipped phase 3 of Reference Processing: no references
[2025-06-03T16:06:36.277+0530][369.582s] GC(241) Skipped phase 4 of Reference Processing: no references
[2025-06-03T16:06:36.277+0530][369.583s] GC(241)   Pre Evacuate Collection Set: 0.1ms
[2025-06-03T16:06:36.277+0530][369.583s] GC(241)   Merge Heap Roots: 0.1ms
[2025-06-03T16:06:36.277+0530][369.583s] GC(241)   Evacuate Collection Set: 3.8ms
[2025-06-03T16:06:36.277+0530][369.583s] GC(241)   Post Evacuate Collection Set: 0.6ms
[2025-06-03T16:06:36.278+0530][369.583s] GC(241)   Other: 0.3ms
[2025-06-03T16:06:36.278+0530][369.583s] GC(241) Eden regions: 5->0(22)
[2025-06-03T16:06:36.278+0530][369.583s] GC(241) Survivor regions: 2->3(3)
[2025-06-03T16:06:36.278+0530][369.583s] GC(241) Old regions: 500->500
[2025-06-03T16:06:36.278+0530][369.583s] GC(241) Archive regions: 2->2
[2025-06-03T16:06:36.278+0530][369.583s] GC(241) Humongous regions: 0->0
[2025-06-03T16:06:36.278+0530][369.583s] GC(241) Metaspace: 20286K(20992K)->20286K(20992K) NonClass: 17759K(18176K)->17759K(18176K) Class: 2527K(2816K)->2527K(2816K)
[2025-06-03T16:06:36.278+0530][369.583s] GC(241) Pause Young (Normal) (G1 Preventive Collection) 507M->502M(512M) 5.185ms
[2025-06-03T16:06:36.278+0530][369.583s] GC(241) User=0.02s Sys=0.00s Real=0.00s
[2025-06-03T16:06:36.321+0530][369.626s] GC(230) Concurrent Rebuild Remembered Sets 396.772ms
[2025-06-03T16:06:36.321+0530][369.627s] GC(230) Pause Cleanup
[2025-06-03T16:06:36.321+0530][369.627s] GC(230) Pause Cleanup 504M->504M(512M) 0.141ms
[2025-06-03T16:06:36.321+0530][369.627s] GC(230) User=0.00s Sys=0.00s Real=0.00s
[2025-06-03T16:06:36.321+0530][369.627s] GC(230) Concurrent Cleanup for Next Mark
[2025-06-03T16:06:36.322+0530][369.628s] GC(230) Concurrent Cleanup for Next Mark 0.858ms
[2025-06-03T16:06:36.322+0530][369.628s] GC(230) Concurrent Mark Cycle 1142.084ms
[2025-06-03T16:06:36.346+0530][369.652s] GC(242) Pause Young (Normal) (G1 Preventive Collection)
[2025-06-03T16:06:36.347+0530][369.652s] GC(242) Using 8 workers of 8 for evacuation
[2025-06-03T16:06:36.349+0530][369.655s] GC(242) Skipped phase 1 of Reference Processing: no references
[2025-06-03T16:06:36.349+0530][369.655s] GC(242) Skipped phase 2 of Reference Processing: no references
[2025-06-03T16:06:36.349+0530][369.655s] GC(242) Skipped phase 3 of Reference Processing: no references
[2025-06-03T16:06:36.349+0530][369.655s] GC(242) Skipped phase 4 of Reference Processing: no references
[2025-06-03T16:06:36.350+0530][369.655s] GC(242)   Pre Evacuate Collection Set: 0.1ms
[2025-06-03T16:06:36.350+0530][369.655s] GC(242)   Merge Heap Roots: 0.0ms
[2025-06-03T16:06:36.350+0530][369.655s] GC(242)   Evacuate Collection Set: 2.6ms
[2025-06-03T16:06:36.350+0530][369.655s] GC(242)   Post Evacuate Collection Set: 0.4ms
[2025-06-03T16:06:36.350+0530][369.655s] GC(242)   Other: 0.2ms
[2025-06-03T16:06:36.350+0530][369.655s] GC(242) Eden regions: 4->0(22)
[2025-06-03T16:06:36.350+0530][369.655s] GC(242) Survivor regions: 3->3(3)
[2025-06-03T16:06:36.350+0530][369.655s] GC(242) Old regions: 500->500
[2025-06-03T16:06:36.350+0530][369.655s] GC(242) Archive regions: 2->2
[2025-06-03T16:06:36.350+0530][369.655s] GC(242) Humongous regions: 0->0
[2025-06-03T16:06:36.350+0530][369.655s] GC(242) Metaspace: 20286K(20992K)->20286K(20992K) NonClass: 17759K(18176K)->17759K(18176K) Class: 2527K(2816K)->2527K(2816K)
[2025-06-03T16:06:36.350+0530][369.655s] GC(242) Pause Young (Normal) (G1 Preventive Collection) 506M->502M(512M) 3.569ms
[2025-06-03T16:06:36.350+0530][369.656s] GC(242) User=0.02s Sys=0.00s Real=0.01s
[2025-06-03T16:06:36.407+0530][369.712s] GC(243) Pause Young (Concurrent Start) (G1 Preventive Collection)
[2025-06-03T16:06:36.407+0530][369.712s] GC(243) Using 8 workers of 8 for evacuation
[2025-06-03T16:06:36.410+0530][369.716s] GC(243) Skipped phase 1 of Reference Processing: no references
[2025-06-03T16:06:36.410+0530][369.716s] GC(243) Skipped phase 2 of Reference Processing: no references
[2025-06-03T16:06:36.410+0530][369.716s] GC(243) Skipped phase 3 of Reference Processing: no references
[2025-06-03T16:06:36.410+0530][369.716s] GC(243) Skipped phase 4 of Reference Processing: no references
[2025-06-03T16:06:36.410+0530][369.716s] GC(243)   Pre Evacuate Collection Set: 0.1ms
[2025-06-03T16:06:36.411+0530][369.716s] GC(243)   Merge Heap Roots: 0.1ms
[2025-06-03T16:06:36.411+0530][369.716s] GC(243)   Evacuate Collection Set: 3.2ms
[2025-06-03T16:06:36.411+0530][369.716s] GC(243)   Post Evacuate Collection Set: 0.3ms
[2025-06-03T16:06:36.411+0530][369.716s] GC(243)   Other: 0.2ms
[2025-06-03T16:06:36.411+0530][369.716s] GC(243) Eden regions: 4->0(22)
[2025-06-03T16:06:36.411+0530][369.716s] GC(243) Survivor regions: 3->3(3)
[2025-06-03T16:06:36.411+0530][369.716s] GC(243) Old regions: 500->500
[2025-06-03T16:06:36.411+0530][369.716s] GC(243) Archive regions: 2->2
[2025-06-03T16:06:36.411+0530][369.716s] GC(243) Humongous regions: 0->0
[2025-06-03T16:06:36.411+0530][369.716s] GC(243) Metaspace: 20286K(20992K)->20286K(20992K) NonClass: 17759K(18176K)->17759K(18176K) Class: 2527K(2816K)->2527K(2816K)
[2025-06-03T16:06:36.411+0530][369.716s] GC(243) Pause Young (Concurrent Start) (G1 Preventive Collection) 506M->503M(512M) 3.943ms
[2025-06-03T16:06:36.411+0530][369.716s] GC(243) User=0.02s Sys=0.00s Real=0.01s
[2025-06-03T16:06:36.411+0530][369.716s] GC(244) Concurrent Mark Cycle
[2025-06-03T16:06:36.411+0530][369.716s] GC(244) Concurrent Clear Claimed Marks
[2025-06-03T16:06:36.411+0530][369.716s] GC(244) Concurrent Clear Claimed Marks 0.070ms
[2025-06-03T16:06:36.411+0530][369.716s] GC(244) Concurrent Scan Root Regions
[2025-06-03T16:06:36.413+0530][369.718s] GC(244) Concurrent Scan Root Regions 1.881ms
[2025-06-03T16:06:36.413+0530][369.718s] GC(244) Concurrent Mark
[2025-06-03T16:06:36.413+0530][369.718s] GC(244) Concurrent Mark From Roots
[2025-06-03T16:06:36.413+0530][369.718s] GC(244) Using 2 workers of 2 for marking
[2025-06-03T16:06:36.473+0530][369.779s] GC(245) Pause Young (Normal) (G1 Preventive Collection)
[2025-06-03T16:06:36.473+0530][369.779s] GC(245) Using 8 workers of 8 for evacuation
[2025-06-03T16:06:36.477+0530][369.782s] GC(245) Skipped phase 1 of Reference Processing: no references
[2025-06-03T16:06:36.477+0530][369.782s] GC(245) Skipped phase 2 of Reference Processing: no references
[2025-06-03T16:06:36.477+0530][369.782s] GC(245) Skipped phase 3 of Reference Processing: no references
[2025-06-03T16:06:36.477+0530][369.782s] GC(245) Skipped phase 4 of Reference Processing: no references
[2025-06-03T16:06:36.477+0530][369.783s] GC(245)   Pre Evacuate Collection Set: 0.1ms
[2025-06-03T16:06:36.477+0530][369.783s] GC(245)   Merge Heap Roots: 0.1ms
[2025-06-03T16:06:36.477+0530][369.783s] GC(245)   Evacuate Collection Set: 3.5ms
[2025-06-03T16:06:36.477+0530][369.783s] GC(245)   Post Evacuate Collection Set: 0.4ms
[2025-06-03T16:06:36.477+0530][369.783s] GC(245)   Other: 0.2ms
[2025-06-03T16:06:36.477+0530][369.783s] GC(245) Eden regions: 4->0(22)
[2025-06-03T16:06:36.477+0530][369.783s] GC(245) Survivor regions: 3->3(3)
[2025-06-03T16:06:36.477+0530][369.783s] GC(245) Old regions: 500->500
[2025-06-03T16:06:36.477+0530][369.783s] GC(245) Archive regions: 2->2
[2025-06-03T16:06:36.477+0530][369.783s] GC(245) Humongous regions: 0->0
[2025-06-03T16:06:36.477+0530][369.783s] GC(245) Metaspace: 20286K(20992K)->20286K(20992K) NonClass: 17759K(18176K)->17759K(18176K) Class: 2527K(2816K)->2527K(2816K)
[2025-06-03T16:06:36.477+0530][369.783s] GC(245) Pause Young (Normal) (G1 Preventive Collection) 507M->503M(512M) 4.356ms
[2025-06-03T16:06:36.477+0530][369.783s] GC(245) User=0.02s Sys=0.00s Real=0.00s
[2025-06-03T16:06:36.531+0530][369.836s] GC(246) Pause Young (Normal) (G1 Preventive Collection)
[2025-06-03T16:06:36.531+0530][369.836s] GC(246) Using 8 workers of 8 for evacuation
[2025-06-03T16:06:36.534+0530][369.840s] GC(246) Skipped phase 1 of Reference Processing: no references
[2025-06-03T16:06:36.534+0530][369.840s] GC(246) Skipped phase 2 of Reference Processing: no references
[2025-06-03T16:06:36.534+0530][369.840s] GC(246) Skipped phase 3 of Reference Processing: no references
[2025-06-03T16:06:36.534+0530][369.840s] GC(246) Skipped phase 4 of Reference Processing: no references
[2025-06-03T16:06:36.535+0530][369.840s] GC(246)   Pre Evacuate Collection Set: 0.1ms
[2025-06-03T16:06:36.535+0530][369.840s] GC(246)   Merge Heap Roots: 0.1ms
[2025-06-03T16:06:36.535+0530][369.840s] GC(246)   Evacuate Collection Set: 3.3ms
[2025-06-03T16:06:36.535+0530][369.840s] GC(246)   Post Evacuate Collection Set: 0.3ms
[2025-06-03T16:06:36.535+0530][369.840s] GC(246)   Other: 0.2ms
[2025-06-03T16:06:36.535+0530][369.840s] GC(246) Eden regions: 4->0(22)
[2025-06-03T16:06:36.535+0530][369.840s] GC(246) Survivor regions: 3->3(3)
[2025-06-03T16:06:36.535+0530][369.840s] GC(246) Old regions: 500->500
[2025-06-03T16:06:36.535+0530][369.840s] GC(246) Archive regions: 2->2
[2025-06-03T16:06:36.535+0530][369.840s] GC(246) Humongous regions: 0->0
[2025-06-03T16:06:36.535+0530][369.840s] GC(246) Metaspace: 20286K(20992K)->20286K(20992K) NonClass: 17759K(18176K)->17759K(18176K) Class: 2527K(2816K)->2527K(2816K)
[2025-06-03T16:06:36.535+0530][369.840s] GC(246) Pause Young (Normal) (G1 Preventive Collection) 507M->503M(512M) 4.085ms
[2025-06-03T16:06:36.535+0530][369.840s] GC(246) User=0.02s Sys=0.00s Real=0.00s
[2025-06-03T16:06:36.595+0530][369.900s] GC(247) Pause Young (Normal) (G1 Preventive Collection)
[2025-06-03T16:06:36.595+0530][369.900s] GC(247) Using 8 workers of 8 for evacuation
[2025-06-03T16:06:36.598+0530][369.904s] GC(247) Skipped phase 1 of Reference Processing: no references
[2025-06-03T16:06:36.599+0530][369.904s] GC(247) Skipped phase 2 of Reference Processing: no references
[2025-06-03T16:06:36.599+0530][369.904s] GC(247) Skipped phase 3 of Reference Processing: no references
[2025-06-03T16:06:36.599+0530][369.904s] GC(247) Skipped phase 4 of Reference Processing: no references
[2025-06-03T16:06:36.599+0530][369.904s] GC(247)   Pre Evacuate Collection Set: 0.1ms
[2025-06-03T16:06:36.599+0530][369.904s] GC(247)   Merge Heap Roots: 0.1ms
[2025-06-03T16:06:36.599+0530][369.904s] GC(247)   Evacuate Collection Set: 3.5ms
[2025-06-03T16:06:36.599+0530][369.905s] GC(247)   Post Evacuate Collection Set: 0.4ms
[2025-06-03T16:06:36.599+0530][369.905s] GC(247)   Other: 0.2ms
[2025-06-03T16:06:36.599+0530][369.905s] GC(247) Eden regions: 4->0(23)
[2025-06-03T16:06:36.599+0530][369.905s] GC(247) Survivor regions: 3->2(3)
[2025-06-03T16:06:36.599+0530][369.905s] GC(247) Old regions: 500->501
[2025-06-03T16:06:36.599+0530][369.905s] GC(247) Archive regions: 2->2
[2025-06-03T16:06:36.599+0530][369.905s] GC(247) Humongous regions: 0->0
[2025-06-03T16:06:36.599+0530][369.905s] GC(247) Metaspace: 20286K(20992K)->20286K(20992K) NonClass: 17759K(18176K)->17759K(18176K) Class: 2527K(2816K)->2527K(2816K)
[2025-06-03T16:06:36.599+0530][369.905s] GC(247) Pause Young (Normal) (G1 Preventive Collection) 507M->503M(512M) 4.483ms
[2025-06-03T16:06:36.599+0530][369.905s] GC(247) User=0.02s Sys=0.01s Real=0.00s
[2025-06-03T16:06:36.667+0530][369.973s] GC(248) Pause Young (Normal) (G1 Preventive Collection)
[2025-06-03T16:06:36.667+0530][369.973s] GC(248) Using 8 workers of 8 for evacuation
[2025-06-03T16:06:36.670+0530][369.976s] GC(248) Skipped phase 1 of Reference Processing: no references
[2025-06-03T16:06:36.670+0530][369.976s] GC(248) Skipped phase 2 of Reference Processing: no references
[2025-06-03T16:06:36.670+0530][369.976s] GC(248) Skipped phase 3 of Reference Processing: no references
[2025-06-03T16:06:36.670+0530][369.976s] GC(248) Skipped phase 4 of Reference Processing: no references
[2025-06-03T16:06:36.671+0530][369.976s] GC(248)   Pre Evacuate Collection Set: 0.1ms
[2025-06-03T16:06:36.671+0530][369.976s] GC(248)   Merge Heap Roots: 0.0ms
[2025-06-03T16:06:36.671+0530][369.976s] GC(248)   Evacuate Collection Set: 3.0ms
[2025-06-03T16:06:36.671+0530][369.976s] GC(248)   Post Evacuate Collection Set: 0.3ms
[2025-06-03T16:06:36.671+0530][369.976s] GC(248)   Other: 0.2ms
[2025-06-03T16:06:36.671+0530][369.976s] GC(248) Eden regions: 5->0(23)
[2025-06-03T16:06:36.671+0530][369.976s] GC(248) Survivor regions: 2->2(2)
[2025-06-03T16:06:36.671+0530][369.976s] GC(248) Old regions: 501->501
[2025-06-03T16:06:36.671+0530][369.976s] GC(248) Archive regions: 2->2
[2025-06-03T16:06:36.671+0530][369.976s] GC(248) Humongous regions: 0->0
[2025-06-03T16:06:36.671+0530][369.976s] GC(248) Metaspace: 20286K(20992K)->20286K(20992K) NonClass: 17759K(18176K)->17759K(18176K) Class: 2527K(2816K)->2527K(2816K)
[2025-06-03T16:06:36.671+0530][369.976s] GC(248) Pause Young (Normal) (G1 Preventive Collection) 508M->503M(512M) 3.784ms
[2025-06-03T16:06:36.671+0530][369.976s] GC(248) User=0.02s Sys=0.00s Real=0.01s
[2025-06-03T16:06:36.722+0530][370.028s] GC(249) Pause Young (Normal) (G1 Preventive Collection)
[2025-06-03T16:06:36.722+0530][370.028s] GC(249) Using 8 workers of 8 for evacuation
[2025-06-03T16:06:36.725+0530][370.030s] GC(249) Skipped phase 1 of Reference Processing: no references
[2025-06-03T16:06:36.725+0530][370.030s] GC(249) Skipped phase 2 of Reference Processing: no references
[2025-06-03T16:06:36.725+0530][370.031s] GC(249) Skipped phase 3 of Reference Processing: no references
[2025-06-03T16:06:36.725+0530][370.031s] GC(249) Skipped phase 4 of Reference Processing: no references
[2025-06-03T16:06:36.725+0530][370.031s] GC(249)   Pre Evacuate Collection Set: 0.1ms
[2025-06-03T16:06:36.725+0530][370.031s] GC(249)   Merge Heap Roots: 0.1ms
[2025-06-03T16:06:36.725+0530][370.031s] GC(249)   Evacuate Collection Set: 2.5ms
[2025-06-03T16:06:36.725+0530][370.031s] GC(249)   Post Evacuate Collection Set: 0.3ms
[2025-06-03T16:06:36.725+0530][370.031s] GC(249)   Other: 0.2ms
[2025-06-03T16:06:36.725+0530][370.031s] GC(249) Eden regions: 4->0(22)
[2025-06-03T16:06:36.725+0530][370.031s] GC(249) Survivor regions: 2->3(3)
[2025-06-03T16:06:36.725+0530][370.031s] GC(249) Old regions: 501->501
[2025-06-03T16:06:36.725+0530][370.031s] GC(249) Archive regions: 2->2
[2025-06-03T16:06:36.725+0530][370.031s] GC(249) Humongous regions: 0->0
[2025-06-03T16:06:36.725+0530][370.031s] GC(249) Metaspace: 20286K(20992K)->20286K(20992K) NonClass: 17759K(18176K)->17759K(18176K) Class: 2527K(2816K)->2527K(2816K)
[2025-06-03T16:06:36.726+0530][370.031s] GC(249) Pause Young (Normal) (G1 Preventive Collection) 507M->503M(512M) 3.283ms
[2025-06-03T16:06:36.726+0530][370.031s] GC(249) User=0.02s Sys=0.00s Real=0.00s
[2025-06-03T16:06:36.765+0530][370.070s] GC(250) Pause Young (Normal) (G1 Preventive Collection)
[2025-06-03T16:06:36.765+0530][370.070s] GC(250) Using 8 workers of 8 for evacuation
[2025-06-03T16:06:36.767+0530][370.073s] GC(250) Skipped phase 1 of Reference Processing: no references
[2025-06-03T16:06:36.768+0530][370.073s] GC(250) Skipped phase 2 of Reference Processing: no references
[2025-06-03T16:06:36.768+0530][370.073s] GC(250) Skipped phase 3 of Reference Processing: no references
[2025-06-03T16:06:36.768+0530][370.073s] GC(250) Skipped phase 4 of Reference Processing: no references
[2025-06-03T16:06:36.768+0530][370.073s] GC(250)   Pre Evacuate Collection Set: 0.1ms
[2025-06-03T16:06:36.768+0530][370.073s] GC(250)   Merge Heap Roots: 0.1ms
[2025-06-03T16:06:36.768+0530][370.073s] GC(250)   Evacuate Collection Set: 2.5ms
[2025-06-03T16:06:36.768+0530][370.073s] GC(250)   Post Evacuate Collection Set: 0.3ms
[2025-06-03T16:06:36.768+0530][370.073s] GC(250)   Other: 0.2ms
[2025-06-03T16:06:36.768+0530][370.073s] GC(250) Eden regions: 3->0(22)
[2025-06-03T16:06:36.768+0530][370.073s] GC(250) Survivor regions: 3->3(3)
[2025-06-03T16:06:36.768+0530][370.073s] GC(250) Old regions: 501->501
[2025-06-03T16:06:36.768+0530][370.073s] GC(250) Archive regions: 2->2
[2025-06-03T16:06:36.768+0530][370.073s] GC(250) Humongous regions: 0->0
[2025-06-03T16:06:36.768+0530][370.073s] GC(250) Metaspace: 20286K(20992K)->20286K(20992K) NonClass: 17759K(18176K)->17759K(18176K) Class: 2527K(2816K)->2527K(2816K)
[2025-06-03T16:06:36.768+0530][370.073s] GC(250) Pause Young (Normal) (G1 Preventive Collection) 506M->503M(512M) 3.299ms
[2025-06-03T16:06:36.768+0530][370.074s] GC(250) User=0.02s Sys=0.00s Real=0.00s
[2025-06-03T16:06:36.809+0530][370.114s] GC(251) Pause Young (Normal) (G1 Preventive Collection)
[2025-06-03T16:06:36.809+0530][370.114s] GC(251) Using 8 workers of 8 for evacuation
[2025-06-03T16:06:36.812+0530][370.117s] GC(251) Skipped phase 1 of Reference Processing: no references
[2025-06-03T16:06:36.812+0530][370.118s] GC(251) Skipped phase 2 of Reference Processing: no references
[2025-06-03T16:06:36.812+0530][370.118s] GC(251) Skipped phase 3 of Reference Processing: no references
[2025-06-03T16:06:36.812+0530][370.118s] GC(251) Skipped phase 4 of Reference Processing: no references
[2025-06-03T16:06:36.812+0530][370.118s] GC(251)   Pre Evacuate Collection Set: 0.1ms
[2025-06-03T16:06:36.812+0530][370.118s] GC(251)   Merge Heap Roots: 0.0ms
[2025-06-03T16:06:36.812+0530][370.118s] GC(251)   Evacuate Collection Set: 2.9ms
[2025-06-03T16:06:36.812+0530][370.118s] GC(251)   Post Evacuate Collection Set: 0.3ms
[2025-06-03T16:06:36.812+0530][370.118s] GC(251)   Other: 0.2ms
[2025-06-03T16:06:36.812+0530][370.118s] GC(251) Eden regions: 3->0(22)
[2025-06-03T16:06:36.812+0530][370.118s] GC(251) Survivor regions: 3->3(3)
[2025-06-03T16:06:36.812+0530][370.118s] GC(251) Old regions: 501->501
[2025-06-03T16:06:36.812+0530][370.118s] GC(251) Archive regions: 2->2
[2025-06-03T16:06:36.812+0530][370.118s] GC(251) Humongous regions: 0->0
[2025-06-03T16:06:36.812+0530][370.118s] GC(251) Metaspace: 20286K(20992K)->20286K(20992K) NonClass: 17759K(18176K)->17759K(18176K) Class: 2527K(2816K)->2527K(2816K)
[2025-06-03T16:06:36.813+0530][370.118s] GC(251) Pause Young (Normal) (G1 Preventive Collection) 506M->504M(512M) 3.687ms
[2025-06-03T16:06:36.813+0530][370.118s] GC(251) User=0.02s Sys=0.00s Real=0.01s
[2025-06-03T16:06:36.850+0530][370.156s] GC(252) Pause Young (Normal) (G1 Preventive Collection)
[2025-06-03T16:06:36.850+0530][370.156s] GC(252) Using 8 workers of 8 for evacuation
[2025-06-03T16:06:36.853+0530][370.159s] GC(252) Skipped phase 1 of Reference Processing: no references
[2025-06-03T16:06:36.853+0530][370.159s] GC(252) Skipped phase 2 of Reference Processing: no references
[2025-06-03T16:06:36.853+0530][370.159s] GC(252) Skipped phase 3 of Reference Processing: no references
[2025-06-03T16:06:36.853+0530][370.159s] GC(252) Skipped phase 4 of Reference Processing: no references
[2025-06-03T16:06:36.854+0530][370.159s] GC(252)   Pre Evacuate Collection Set: 0.1ms
[2025-06-03T16:06:36.854+0530][370.159s] GC(252)   Merge Heap Roots: 0.0ms
[2025-06-03T16:06:36.854+0530][370.159s] GC(252)   Evacuate Collection Set: 2.6ms
[2025-06-03T16:06:36.854+0530][370.159s] GC(252)   Post Evacuate Collection Set: 0.5ms
[2025-06-03T16:06:36.854+0530][370.159s] GC(252)   Other: 0.2ms
[2025-06-03T16:06:36.854+0530][370.159s] GC(252) Eden regions: 3->0(22)
[2025-06-03T16:06:36.854+0530][370.159s] GC(252) Survivor regions: 3->3(3)
[2025-06-03T16:06:36.854+0530][370.159s] GC(252) Old regions: 501->501
[2025-06-03T16:06:36.854+0530][370.159s] GC(252) Archive regions: 2->2
[2025-06-03T16:06:36.854+0530][370.159s] GC(252) Humongous regions: 0->0
[2025-06-03T16:06:36.854+0530][370.159s] GC(252) Metaspace: 20286K(20992K)->20286K(20992K) NonClass: 17759K(18176K)->17759K(18176K) Class: 2527K(2816K)->2527K(2816K)
[2025-06-03T16:06:36.854+0530][370.159s] GC(252) Pause Young (Normal) (G1 Preventive Collection) 507M->504M(512M) 3.495ms
[2025-06-03T16:06:36.854+0530][370.159s] GC(252) User=0.02s Sys=0.00s Real=0.00s
[2025-06-03T16:06:36.894+0530][370.199s] GC(253) Pause Young (Normal) (G1 Preventive Collection)
[2025-06-03T16:06:36.894+0530][370.199s] GC(253) Using 8 workers of 8 for evacuation
[2025-06-03T16:06:36.897+0530][370.203s] GC(253) Skipped phase 1 of Reference Processing: no references
[2025-06-03T16:06:36.897+0530][370.203s] GC(253) Skipped phase 2 of Reference Processing: no references
[2025-06-03T16:06:36.897+0530][370.203s] GC(253) Skipped phase 3 of Reference Processing: no references
[2025-06-03T16:06:36.897+0530][370.203s] GC(253) Skipped phase 4 of Reference Processing: no references
[2025-06-03T16:06:36.897+0530][370.203s] GC(253)   Pre Evacuate Collection Set: 0.1ms
[2025-06-03T16:06:36.897+0530][370.203s] GC(253)   Merge Heap Roots: 0.0ms
[2025-06-03T16:06:36.897+0530][370.203s] GC(253)   Evacuate Collection Set: 3.0ms
[2025-06-03T16:06:36.898+0530][370.203s] GC(253)   Post Evacuate Collection Set: 0.3ms
[2025-06-03T16:06:36.898+0530][370.203s] GC(253)   Other: 0.2ms
[2025-06-03T16:06:36.898+0530][370.203s] GC(253) Eden regions: 3->0(23)
[2025-06-03T16:06:36.898+0530][370.203s] GC(253) Survivor regions: 3->2(3)
[2025-06-03T16:06:36.898+0530][370.203s] GC(253) Old regions: 501->502
[2025-06-03T16:06:36.898+0530][370.203s] GC(253) Archive regions: 2->2
[2025-06-03T16:06:36.898+0530][370.203s] GC(253) Humongous regions: 0->0
[2025-06-03T16:06:36.898+0530][370.203s] GC(253) Metaspace: 20286K(20992K)->20286K(20992K) NonClass: 17759K(18176K)->17759K(18176K) Class: 2527K(2816K)->2527K(2816K)
[2025-06-03T16:06:36.898+0530][370.203s] GC(253) Pause Young (Normal) (G1 Preventive Collection) 507M->504M(512M) 3.762ms
[2025-06-03T16:06:36.898+0530][370.203s] GC(253) User=0.02s Sys=0.00s Real=0.00s
[2025-06-03T16:06:36.950+0530][370.256s] GC(254) Pause Young (Normal) (G1 Preventive Collection)
[2025-06-03T16:06:36.950+0530][370.256s] GC(254) Using 8 workers of 8 for evacuation
[2025-06-03T16:06:36.953+0530][370.259s] GC(254) Skipped phase 1 of Reference Processing: no references
[2025-06-03T16:06:36.953+0530][370.259s] GC(254) Skipped phase 2 of Reference Processing: no references
[2025-06-03T16:06:36.953+0530][370.259s] GC(254) Skipped phase 3 of Reference Processing: no references
[2025-06-03T16:06:36.953+0530][370.259s] GC(254) Skipped phase 4 of Reference Processing: no references
[2025-06-03T16:06:36.954+0530][370.259s] GC(254)   Pre Evacuate Collection Set: 0.1ms
[2025-06-03T16:06:36.954+0530][370.259s] GC(254)   Merge Heap Roots: 0.0ms
[2025-06-03T16:06:36.954+0530][370.259s] GC(254)   Evacuate Collection Set: 2.8ms
[2025-06-03T16:06:36.954+0530][370.259s] GC(254)   Post Evacuate Collection Set: 0.4ms
[2025-06-03T16:06:36.954+0530][370.259s] GC(254)   Other: 0.2ms
[2025-06-03T16:06:36.954+0530][370.259s] GC(254) Eden regions: 4->0(23)
[2025-06-03T16:06:36.954+0530][370.259s] GC(254) Survivor regions: 2->2(2)
[2025-06-03T16:06:36.954+0530][370.259s] GC(254) Old regions: 502->502
[2025-06-03T16:06:36.954+0530][370.259s] GC(254) Archive regions: 2->2
[2025-06-03T16:06:36.954+0530][370.260s] GC(254) Humongous regions: 0->0
[2025-06-03T16:06:36.954+0530][370.260s] GC(254) Metaspace: 20286K(20992K)->20286K(20992K) NonClass: 17759K(18176K)->17759K(18176K) Class: 2527K(2816K)->2527K(2816K)
[2025-06-03T16:06:36.954+0530][370.260s] GC(254) Pause Young (Normal) (G1 Preventive Collection) 508M->504M(512M) 3.828ms
[2025-06-03T16:06:36.954+0530][370.260s] GC(254) User=0.01s Sys=0.00s Real=0.00s
[2025-06-03T16:06:37.009+0530][370.315s] GC(255) Pause Young (Normal) (G1 Preventive Collection)
[2025-06-03T16:06:37.009+0530][370.315s] GC(255) Using 8 workers of 8 for evacuation
[2025-06-03T16:06:37.012+0530][370.317s] GC(255) Skipped phase 1 of Reference Processing: no references
[2025-06-03T16:06:37.012+0530][370.318s] GC(255) Skipped phase 2 of Reference Processing: no references
[2025-06-03T16:06:37.012+0530][370.318s] GC(255) Skipped phase 3 of Reference Processing: no references
[2025-06-03T16:06:37.012+0530][370.318s] GC(255) Skipped phase 4 of Reference Processing: no references
[2025-06-03T16:06:37.012+0530][370.318s] GC(255)   Pre Evacuate Collection Set: 0.1ms
[2025-06-03T16:06:37.012+0530][370.318s] GC(255)   Merge Heap Roots: 0.1ms
[2025-06-03T16:06:37.012+0530][370.318s] GC(255)   Evacuate Collection Set: 2.3ms
[2025-06-03T16:06:37.012+0530][370.318s] GC(255)   Post Evacuate Collection Set: 0.3ms
[2025-06-03T16:06:37.012+0530][370.318s] GC(255)   Other: 0.2ms
[2025-06-03T16:06:37.012+0530][370.318s] GC(255) Eden regions: 4->0(23)
[2025-06-03T16:06:37.012+0530][370.318s] GC(255) Survivor regions: 2->2(2)
[2025-06-03T16:06:37.012+0530][370.318s] GC(255) Old regions: 502->502
[2025-06-03T16:06:37.012+0530][370.318s] GC(255) Archive regions: 2->2
[2025-06-03T16:06:37.012+0530][370.318s] GC(255) Humongous regions: 0->0
[2025-06-03T16:06:37.012+0530][370.318s] GC(255) Metaspace: 20286K(20992K)->20286K(20992K) NonClass: 17759K(18176K)->17759K(18176K) Class: 2527K(2816K)->2527K(2816K)
[2025-06-03T16:06:37.012+0530][370.318s] GC(255) Pause Young (Normal) (G1 Preventive Collection) 508M->504M(512M) 3.054ms
[2025-06-03T16:06:37.012+0530][370.318s] GC(255) User=0.02s Sys=0.00s Real=0.01s
[2025-06-03T16:06:37.061+0530][370.366s] GC(256) Pause Young (Normal) (G1 Preventive Collection)
[2025-06-03T16:06:37.061+0530][370.366s] GC(256) Using 8 workers of 8 for evacuation
[2025-06-03T16:06:37.063+0530][370.369s] GC(256) Skipped phase 1 of Reference Processing: no references
[2025-06-03T16:06:37.064+0530][370.369s] GC(256) Skipped phase 2 of Reference Processing: no references
[2025-06-03T16:06:37.064+0530][370.369s] GC(256) Skipped phase 3 of Reference Processing: no references
[2025-06-03T16:06:37.064+0530][370.369s] GC(256) Skipped phase 4 of Reference Processing: no references
[2025-06-03T16:06:37.064+0530][370.369s] GC(256)   Pre Evacuate Collection Set: 0.1ms
[2025-06-03T16:06:37.064+0530][370.369s] GC(256)   Merge Heap Roots: 0.0ms
[2025-06-03T16:06:37.064+0530][370.369s] GC(256)   Evacuate Collection Set: 2.5ms
[2025-06-03T16:06:37.064+0530][370.369s] GC(256)   Post Evacuate Collection Set: 0.4ms
[2025-06-03T16:06:37.064+0530][370.369s] GC(256)   Other: 0.2ms
[2025-06-03T16:06:37.064+0530][370.369s] GC(256) Eden regions: 3->0(23)
[2025-06-03T16:06:37.064+0530][370.369s] GC(256) Survivor regions: 2->2(3)
[2025-06-03T16:06:37.064+0530][370.369s] GC(256) Old regions: 502->502
[2025-06-03T16:06:37.064+0530][370.369s] GC(256) Archive regions: 2->2
[2025-06-03T16:06:37.064+0530][370.370s] GC(256) Humongous regions: 0->0
[2025-06-03T16:06:37.064+0530][370.370s] GC(256) Metaspace: 20286K(20992K)->20286K(20992K) NonClass: 17759K(18176K)->17759K(18176K) Class: 2527K(2816K)->2527K(2816K)
[2025-06-03T16:06:37.064+0530][370.370s] GC(256) Pause Young (Normal) (G1 Preventive Collection) 507M->504M(512M) 3.447ms
[2025-06-03T16:06:37.064+0530][370.370s] GC(256) User=0.01s Sys=0.00s Real=0.00s
[2025-06-03T16:06:37.119+0530][370.424s] GC(257) Pause Young (Normal) (G1 Preventive Collection)
[2025-06-03T16:06:37.119+0530][370.424s] GC(257) Using 8 workers of 8 for evacuation
[2025-06-03T16:06:37.122+0530][370.427s] GC(257) Skipped phase 1 of Reference Processing: no references
[2025-06-03T16:06:37.122+0530][370.427s] GC(257) Skipped phase 2 of Reference Processing: no references
[2025-06-03T16:06:37.122+0530][370.427s] GC(257) Skipped phase 3 of Reference Processing: no references
[2025-06-03T16:06:37.122+0530][370.427s] GC(257) Skipped phase 4 of Reference Processing: no references
[2025-06-03T16:06:37.122+0530][370.427s] GC(257)   Pre Evacuate Collection Set: 0.1ms
[2025-06-03T16:06:37.122+0530][370.427s] GC(257)   Merge Heap Roots: 0.0ms
[2025-06-03T16:06:37.122+0530][370.427s] GC(257)   Evacuate Collection Set: 2.4ms
[2025-06-03T16:06:37.122+0530][370.427s] GC(257)   Post Evacuate Collection Set: 0.3ms
[2025-06-03T16:06:37.122+0530][370.427s] GC(257)   Other: 0.2ms
[2025-06-03T16:06:37.122+0530][370.427s] GC(257) Eden regions: 3->0(23)
[2025-06-03T16:06:37.122+0530][370.427s] GC(257) Survivor regions: 2->2(3)
[2025-06-03T16:06:37.122+0530][370.427s] GC(257) Old regions: 502->502
[2025-06-03T16:06:37.122+0530][370.427s] GC(257) Archive regions: 2->2
[2025-06-03T16:06:37.122+0530][370.428s] GC(257) Humongous regions: 0->0
[2025-06-03T16:06:37.122+0530][370.428s] GC(257) Metaspace: 20286K(20992K)->20286K(20992K) NonClass: 17759K(18176K)->17759K(18176K) Class: 2527K(2816K)->2527K(2816K)
[2025-06-03T16:06:37.122+0530][370.428s] GC(257) Pause Young (Normal) (G1 Preventive Collection) 507M->504M(512M) 3.200ms
[2025-06-03T16:06:37.122+0530][370.428s] GC(257) User=0.01s Sys=0.00s Real=0.01s
[2025-06-03T16:06:37.131+0530][370.436s] GC(244) Concurrent Mark From Roots 717.801ms
[2025-06-03T16:06:37.131+0530][370.436s] GC(244) Concurrent Preclean
[2025-06-03T16:06:37.131+0530][370.436s] GC(244) Preclean SoftReferences 0.037ms
[2025-06-03T16:06:37.131+0530][370.436s] GC(244) Preclean WeakReferences 0.070ms
[2025-06-03T16:06:37.131+0530][370.436s] GC(244) Preclean FinalReferences 0.004ms
[2025-06-03T16:06:37.131+0530][370.436s] GC(244) Preclean PhantomReferences 0.016ms
[2025-06-03T16:06:37.131+0530][370.436s] GC(244) Concurrent Preclean 0.213ms
[2025-06-03T16:06:37.131+0530][370.436s] GC(244) Pause Remark
[2025-06-03T16:06:37.131+0530][370.437s] GC(244) Skipped phase 1 of Reference Processing: no references
[2025-06-03T16:06:37.131+0530][370.437s] GC(244) Skipped phase 2 of Reference Processing: no references
[2025-06-03T16:06:37.131+0530][370.437s] GC(244) Skipped phase 3 of Reference Processing: no references
[2025-06-03T16:06:37.131+0530][370.437s] GC(244) Skipped phase 4 of Reference Processing: no references
[2025-06-03T16:06:37.133+0530][370.439s] GC(244) Pause Remark 505M->505M(512M) 2.004ms
[2025-06-03T16:06:37.133+0530][370.439s] GC(244) User=0.01s Sys=0.00s Real=0.00s
[2025-06-03T16:06:37.133+0530][370.439s] GC(244) Concurrent Mark 720.402ms
[2025-06-03T16:06:37.133+0530][370.439s] GC(244) Concurrent Rebuild Remembered Sets
[2025-06-03T16:06:37.172+0530][370.477s] GC(258) Pause Young (Normal) (G1 Preventive Collection)
[2025-06-03T16:06:37.172+0530][370.477s] GC(258) Using 8 workers of 8 for evacuation
[2025-06-03T16:06:37.175+0530][370.480s] GC(258) Skipped phase 1 of Reference Processing: no references
[2025-06-03T16:06:37.175+0530][370.480s] GC(258) Skipped phase 2 of Reference Processing: no references
[2025-06-03T16:06:37.175+0530][370.480s] GC(258) Skipped phase 3 of Reference Processing: no references
[2025-06-03T16:06:37.175+0530][370.480s] GC(258) Skipped phase 4 of Reference Processing: no references
[2025-06-03T16:06:37.175+0530][370.481s] GC(258)   Pre Evacuate Collection Set: 0.1ms
[2025-06-03T16:06:37.175+0530][370.481s] GC(258)   Merge Heap Roots: 0.0ms
[2025-06-03T16:06:37.175+0530][370.481s] GC(258)   Evacuate Collection Set: 3.1ms
[2025-06-03T16:06:37.175+0530][370.481s] GC(258)   Post Evacuate Collection Set: 0.4ms
[2025-06-03T16:06:37.175+0530][370.481s] GC(258)   Other: 0.2ms
[2025-06-03T16:06:37.176+0530][370.481s] GC(258) Eden regions: 3->0(23)
[2025-06-03T16:06:37.176+0530][370.481s] GC(258) Survivor regions: 2->2(3)
[2025-06-03T16:06:37.176+0530][370.481s] GC(258) Old regions: 502->503
[2025-06-03T16:06:37.176+0530][370.481s] GC(258) Archive regions: 2->2
[2025-06-03T16:06:37.176+0530][370.481s] GC(258) Humongous regions: 0->0
[2025-06-03T16:06:37.176+0530][370.481s] GC(258) Metaspace: 20286K(20992K)->20286K(20992K) NonClass: 17759K(18176K)->17759K(18176K) Class: 2527K(2816K)->2527K(2816K)
[2025-06-03T16:06:37.176+0530][370.481s] GC(258) Pause Young (Normal) (G1 Preventive Collection) 507M->505M(512M) 4.108ms
[2025-06-03T16:06:37.176+0530][370.481s] GC(258) User=0.01s Sys=0.00s Real=0.00s
[2025-06-03T16:06:37.208+0530][370.513s] GC(259) Pause Young (Normal) (G1 Preventive Collection)
[2025-06-03T16:06:37.208+0530][370.513s] GC(259) Using 8 workers of 8 for evacuation
[2025-06-03T16:06:37.211+0530][370.516s] GC(259) Skipped phase 1 of Reference Processing: no references
[2025-06-03T16:06:37.211+0530][370.516s] GC(259) Skipped phase 2 of Reference Processing: no references
[2025-06-03T16:06:37.211+0530][370.516s] GC(259) Skipped phase 3 of Reference Processing: no references
[2025-06-03T16:06:37.211+0530][370.516s] GC(259) Skipped phase 4 of Reference Processing: no references
[2025-06-03T16:06:37.211+0530][370.516s] GC(259)   Pre Evacuate Collection Set: 0.1ms
[2025-06-03T16:06:37.211+0530][370.517s] GC(259)   Merge Heap Roots: 0.0ms
[2025-06-03T16:06:37.211+0530][370.517s] GC(259)   Evacuate Collection Set: 2.8ms
[2025-06-03T16:06:37.211+0530][370.517s] GC(259)   Post Evacuate Collection Set: 0.3ms
[2025-06-03T16:06:37.211+0530][370.517s] GC(259)   Other: 0.2ms
[2025-06-03T16:06:37.211+0530][370.517s] GC(259) Eden regions: 2->0(23)
[2025-06-03T16:06:37.211+0530][370.517s] GC(259) Survivor regions: 2->2(3)
[2025-06-03T16:06:37.211+0530][370.517s] GC(259) Old regions: 503->503
[2025-06-03T16:06:37.211+0530][370.517s] GC(259) Archive regions: 2->2
[2025-06-03T16:06:37.211+0530][370.517s] GC(259) Humongous regions: 0->0
[2025-06-03T16:06:37.211+0530][370.517s] GC(259) Metaspace: 20286K(20992K)->20286K(20992K) NonClass: 17759K(18176K)->17759K(18176K) Class: 2527K(2816K)->2527K(2816K)
[2025-06-03T16:06:37.211+0530][370.517s] GC(259) Pause Young (Normal) (G1 Preventive Collection) 507M->505M(512M) 3.557ms
[2025-06-03T16:06:37.211+0530][370.517s] GC(259) User=0.01s Sys=0.01s Real=0.01s
[2025-06-03T16:06:37.242+0530][370.547s] GC(260) Pause Young (Normal) (G1 Preventive Collection)
[2025-06-03T16:06:37.242+0530][370.547s] GC(260) Using 8 workers of 8 for evacuation
[2025-06-03T16:06:37.245+0530][370.551s] GC(260) Skipped phase 1 of Reference Processing: no references
[2025-06-03T16:06:37.245+0530][370.551s] GC(260) Skipped phase 2 of Reference Processing: no references
[2025-06-03T16:06:37.245+0530][370.551s] GC(260) Skipped phase 3 of Reference Processing: no references
[2025-06-03T16:06:37.245+0530][370.551s] GC(260) Skipped phase 4 of Reference Processing: no references
[2025-06-03T16:06:37.245+0530][370.551s] GC(260)   Pre Evacuate Collection Set: 0.1ms
[2025-06-03T16:06:37.245+0530][370.551s] GC(260)   Merge Heap Roots: 0.0ms
[2025-06-03T16:06:37.245+0530][370.551s] GC(260)   Evacuate Collection Set: 2.9ms
[2025-06-03T16:06:37.245+0530][370.551s] GC(260)   Post Evacuate Collection Set: 0.4ms
[2025-06-03T16:06:37.245+0530][370.551s] GC(260)   Other: 0.2ms
[2025-06-03T16:06:37.246+0530][370.551s] GC(260) Eden regions: 2->0(23)
[2025-06-03T16:06:37.246+0530][370.551s] GC(260) Survivor regions: 2->2(3)
[2025-06-03T16:06:37.246+0530][370.551s] GC(260) Old regions: 503->503
[2025-06-03T16:06:37.246+0530][370.551s] GC(260) Archive regions: 2->2
[2025-06-03T16:06:37.246+0530][370.551s] GC(260) Humongous regions: 0->0
[2025-06-03T16:06:37.246+0530][370.551s] GC(260) Metaspace: 20286K(20992K)->20286K(20992K) NonClass: 17759K(18176K)->17759K(18176K) Class: 2527K(2816K)->2527K(2816K)
[2025-06-03T16:06:37.246+0530][370.551s] GC(260) Pause Young (Normal) (G1 Preventive Collection) 507M->505M(512M) 3.786ms
[2025-06-03T16:06:37.246+0530][370.551s] GC(260) User=0.02s Sys=0.00s Real=0.00s
[2025-06-03T16:06:37.291+0530][370.596s] GC(261) Pause Young (Normal) (G1 Preventive Collection)
[2025-06-03T16:06:37.291+0530][370.596s] GC(261) Using 8 workers of 8 for evacuation
[2025-06-03T16:06:37.294+0530][370.600s] GC(261) Skipped phase 1 of Reference Processing: no references
[2025-06-03T16:06:37.295+0530][370.600s] GC(261) Skipped phase 2 of Reference Processing: no references
[2025-06-03T16:06:37.295+0530][370.600s] GC(261) Skipped phase 3 of Reference Processing: no references
[2025-06-03T16:06:37.295+0530][370.600s] GC(261) Skipped phase 4 of Reference Processing: no references
[2025-06-03T16:06:37.295+0530][370.600s] GC(261)   Pre Evacuate Collection Set: 0.1ms
[2025-06-03T16:06:37.295+0530][370.600s] GC(261)   Merge Heap Roots: 0.0ms
[2025-06-03T16:06:37.295+0530][370.600s] GC(261)   Evacuate Collection Set: 3.4ms
[2025-06-03T16:06:37.295+0530][370.600s] GC(261)   Post Evacuate Collection Set: 0.3ms
[2025-06-03T16:06:37.295+0530][370.600s] GC(261)   Other: 0.2ms
[2025-06-03T16:06:37.295+0530][370.600s] GC(261) Eden regions: 3->0(23)
[2025-06-03T16:06:37.295+0530][370.600s] GC(261) Survivor regions: 2->2(2)
[2025-06-03T16:06:37.295+0530][370.600s] GC(261) Old regions: 503->503
[2025-06-03T16:06:37.295+0530][370.600s] GC(261) Archive regions: 2->2
[2025-06-03T16:06:37.295+0530][370.600s] GC(261) Humongous regions: 0->0
[2025-06-03T16:06:37.295+0530][370.600s] GC(261) Metaspace: 20286K(20992K)->20286K(20992K) NonClass: 17759K(18176K)->17759K(18176K) Class: 2527K(2816K)->2527K(2816K)
[2025-06-03T16:06:37.295+0530][370.601s] GC(261) Pause Young (Normal) (G1 Preventive Collection) 508M->505M(512M) 4.223ms
[2025-06-03T16:06:37.295+0530][370.601s] GC(261) User=0.02s Sys=0.00s Real=0.00s
[2025-06-03T16:06:37.343+0530][370.648s] GC(262) Pause Young (Normal) (G1 Preventive Collection)
[2025-06-03T16:06:37.343+0530][370.648s] GC(262) Using 8 workers of 8 for evacuation
[2025-06-03T16:06:37.347+0530][370.652s] GC(262) Skipped phase 1 of Reference Processing: no references
[2025-06-03T16:06:37.347+0530][370.652s] GC(262) Skipped phase 2 of Reference Processing: no references
[2025-06-03T16:06:37.347+0530][370.652s] GC(262) Skipped phase 3 of Reference Processing: no references
[2025-06-03T16:06:37.347+0530][370.652s] GC(262) Skipped phase 4 of Reference Processing: no references
[2025-06-03T16:06:37.347+0530][370.653s] GC(262)   Pre Evacuate Collection Set: 0.1ms
[2025-06-03T16:06:37.347+0530][370.653s] GC(262)   Merge Heap Roots: 0.0ms
[2025-06-03T16:06:37.347+0530][370.653s] GC(262)   Evacuate Collection Set: 3.6ms
[2025-06-03T16:06:37.347+0530][370.653s] GC(262)   Post Evacuate Collection Set: 0.4ms
[2025-06-03T16:06:37.347+0530][370.653s] GC(262)   Other: 0.2ms
[2025-06-03T16:06:37.347+0530][370.653s] GC(262) Eden regions: 3->0(23)
[2025-06-03T16:06:37.347+0530][370.653s] GC(262) Survivor regions: 2->2(2)
[2025-06-03T16:06:37.347+0530][370.653s] GC(262) Old regions: 503->503
[2025-06-03T16:06:37.347+0530][370.653s] GC(262) Archive regions: 2->2
[2025-06-03T16:06:37.347+0530][370.653s] GC(262) Humongous regions: 0->0
[2025-06-03T16:06:37.347+0530][370.653s] GC(262) Metaspace: 20286K(20992K)->20286K(20992K) NonClass: 17759K(18176K)->17759K(18176K) Class: 2527K(2816K)->2527K(2816K)
[2025-06-03T16:06:37.347+0530][370.653s] GC(262) Pause Young (Normal) (G1 Preventive Collection) 508M->505M(512M) 4.456ms
[2025-06-03T16:06:37.347+0530][370.653s] GC(262) User=0.02s Sys=0.00s Real=0.00s
[2025-06-03T16:06:37.375+0530][370.681s] GC(263) Pause Young (Normal) (G1 Preventive Collection)
[2025-06-03T16:06:37.375+0530][370.681s] GC(263) Using 8 workers of 8 for evacuation
[2025-06-03T16:06:37.379+0530][370.685s] GC(263) Skipped phase 1 of Reference Processing: no references
[2025-06-03T16:06:37.380+0530][370.685s] GC(263) Skipped phase 2 of Reference Processing: no references
[2025-06-03T16:06:37.380+0530][370.685s] GC(263) Skipped phase 3 of Reference Processing: no references
[2025-06-03T16:06:37.380+0530][370.685s] GC(263) Skipped phase 4 of Reference Processing: no references
[2025-06-03T16:06:37.380+0530][370.685s] GC(263)   Pre Evacuate Collection Set: 0.1ms
[2025-06-03T16:06:37.380+0530][370.686s] GC(263)   Merge Heap Roots: 0.0ms
[2025-06-03T16:06:37.380+0530][370.686s] GC(263)   Evacuate Collection Set: 3.8ms
[2025-06-03T16:06:37.380+0530][370.686s] GC(263)   Post Evacuate Collection Set: 0.5ms
[2025-06-03T16:06:37.380+0530][370.686s] GC(263)   Other: 0.2ms
[2025-06-03T16:06:37.380+0530][370.686s] GC(263) Eden regions: 2->0(23)
[2025-06-03T16:06:37.380+0530][370.686s] GC(263) Survivor regions: 2->2(3)
[2025-06-03T16:06:37.380+0530][370.686s] GC(263) Old regions: 503->503
[2025-06-03T16:06:37.380+0530][370.686s] GC(263) Archive regions: 2->2
[2025-06-03T16:06:37.380+0530][370.686s] GC(263) Humongous regions: 0->0
[2025-06-03T16:06:37.380+0530][370.686s] GC(263) Metaspace: 20286K(20992K)->20286K(20992K) NonClass: 17759K(18176K)->17759K(18176K) Class: 2527K(2816K)->2527K(2816K)
[2025-06-03T16:06:37.380+0530][370.686s] GC(263) Pause Young (Normal) (G1 Preventive Collection) 507M->505M(512M) 4.836ms
[2025-06-03T16:06:37.380+0530][370.686s] GC(263) User=0.02s Sys=0.00s Real=0.01s
[2025-06-03T16:06:37.422+0530][370.728s] GC(264) Pause Young (Normal) (G1 Preventive Collection)
[2025-06-03T16:06:37.422+0530][370.728s] GC(264) Using 8 workers of 8 for evacuation
[2025-06-03T16:06:37.427+0530][370.732s] GC(264) Skipped phase 1 of Reference Processing: no references
[2025-06-03T16:06:37.427+0530][370.732s] GC(264) Skipped phase 2 of Reference Processing: no references
[2025-06-03T16:06:37.427+0530][370.732s] GC(264) Skipped phase 3 of Reference Processing: no references
[2025-06-03T16:06:37.427+0530][370.732s] GC(264) Skipped phase 4 of Reference Processing: no references
[2025-06-03T16:06:37.427+0530][370.733s] GC(264)   Pre Evacuate Collection Set: 0.1ms
[2025-06-03T16:06:37.427+0530][370.733s] GC(264)   Merge Heap Roots: 0.0ms
[2025-06-03T16:06:37.427+0530][370.733s] GC(264)   Evacuate Collection Set: 4.2ms
[2025-06-03T16:06:37.427+0530][370.733s] GC(264)   Post Evacuate Collection Set: 0.3ms
[2025-06-03T16:06:37.427+0530][370.733s] GC(264)   Other: 0.2ms
[2025-06-03T16:06:37.427+0530][370.733s] GC(264) Eden regions: 3->0(23)
[2025-06-03T16:06:37.427+0530][370.733s] GC(264) Survivor regions: 2->2(2)
[2025-06-03T16:06:37.427+0530][370.733s] GC(264) Old regions: 503->503
[2025-06-03T16:06:37.427+0530][370.733s] GC(264) Archive regions: 2->2
[2025-06-03T16:06:37.427+0530][370.733s] GC(264) Humongous regions: 0->0
[2025-06-03T16:06:37.427+0530][370.733s] GC(264) Metaspace: 20286K(20992K)->20286K(20992K) NonClass: 17759K(18176K)->17759K(18176K) Class: 2527K(2816K)->2527K(2816K)
[2025-06-03T16:06:37.427+0530][370.733s] GC(264) Pause Young (Normal) (G1 Preventive Collection) 508M->505M(512M) 4.932ms
[2025-06-03T16:06:37.427+0530][370.733s] GC(264) User=0.01s Sys=0.00s Real=0.00s
[2025-06-03T16:06:37.466+0530][370.772s] GC(265) Pause Young (Normal) (G1 Preventive Collection)
[2025-06-03T16:06:37.466+0530][370.772s] GC(265) Using 8 workers of 8 for evacuation
[2025-06-03T16:06:37.471+0530][370.776s] GC(265) Skipped phase 1 of Reference Processing: no references
[2025-06-03T16:06:37.471+0530][370.776s] GC(265) Skipped phase 2 of Reference Processing: no references
[2025-06-03T16:06:37.471+0530][370.776s] GC(265) Skipped phase 3 of Reference Processing: no references
[2025-06-03T16:06:37.471+0530][370.776s] GC(265) Skipped phase 4 of Reference Processing: no references
[2025-06-03T16:06:37.471+0530][370.777s] GC(265)   Pre Evacuate Collection Set: 0.1ms
[2025-06-03T16:06:37.471+0530][370.777s] GC(265)   Merge Heap Roots: 0.1ms
[2025-06-03T16:06:37.471+0530][370.777s] GC(265)   Evacuate Collection Set: 4.3ms
[2025-06-03T16:06:37.471+0530][370.777s] GC(265)   Post Evacuate Collection Set: 0.3ms
[2025-06-03T16:06:37.471+0530][370.777s] GC(265)   Other: 0.2ms
[2025-06-03T16:06:37.471+0530][370.777s] GC(265) Eden regions: 3->0(24)
[2025-06-03T16:06:37.471+0530][370.777s] GC(265) Survivor regions: 2->1(2)
[2025-06-03T16:06:37.471+0530][370.777s] GC(265) Old regions: 503->504
[2025-06-03T16:06:37.471+0530][370.777s] GC(265) Archive regions: 2->2
[2025-06-03T16:06:37.471+0530][370.777s] GC(265) Humongous regions: 0->0
[2025-06-03T16:06:37.471+0530][370.777s] GC(265) Metaspace: 20286K(20992K)->20286K(20992K) NonClass: 17759K(18176K)->17759K(18176K) Class: 2527K(2816K)->2527K(2816K)
[2025-06-03T16:06:37.471+0530][370.777s] GC(265) Pause Young (Normal) (G1 Preventive Collection) 508M->505M(512M) 5.252ms
[2025-06-03T16:06:37.471+0530][370.777s] GC(265) User=0.01s Sys=0.01s Real=0.01s
[2025-06-03T16:06:37.511+0530][370.817s] GC(244) Concurrent Rebuild Remembered Sets 377.949ms
[2025-06-03T16:06:37.511+0530][370.817s] GC(244) Pause Cleanup
[2025-06-03T16:06:37.512+0530][370.817s] GC(244) Pause Cleanup 508M->508M(512M) 0.154ms
[2025-06-03T16:06:37.512+0530][370.817s] GC(244) User=0.00s Sys=0.00s Real=0.00s
[2025-06-03T16:06:37.512+0530][370.817s] GC(244) Concurrent Cleanup for Next Mark
[2025-06-03T16:06:37.513+0530][370.818s] GC(244) Concurrent Cleanup for Next Mark 0.919ms
[2025-06-03T16:06:37.513+0530][370.818s] GC(244) Concurrent Mark Cycle 1101.936ms
[2025-06-03T16:06:37.527+0530][370.832s] GC(266) Pause Young (Normal) (G1 Preventive Collection)
[2025-06-03T16:06:37.527+0530][370.832s] GC(266) Using 8 workers of 8 for evacuation
[2025-06-03T16:06:37.529+0530][370.834s] GC(266) Skipped phase 1 of Reference Processing: no references
[2025-06-03T16:06:37.529+0530][370.835s] GC(266) Skipped phase 2 of Reference Processing: no references
[2025-06-03T16:06:37.529+0530][370.835s] GC(266) Skipped phase 3 of Reference Processing: no references
[2025-06-03T16:06:37.529+0530][370.835s] GC(266) Skipped phase 4 of Reference Processing: no references
[2025-06-03T16:06:37.530+0530][370.835s] GC(266) To-space exhausted
[2025-06-03T16:06:37.530+0530][370.835s] GC(266)   Pre Evacuate Collection Set: 0.1ms
[2025-06-03T16:06:37.530+0530][370.835s] GC(266)   Merge Heap Roots: 0.0ms
[2025-06-03T16:06:37.530+0530][370.835s] GC(266)   Evacuate Collection Set: 2.1ms
[2025-06-03T16:06:37.530+0530][370.835s] GC(266)   Post Evacuate Collection Set: 0.6ms
[2025-06-03T16:06:37.530+0530][370.835s] GC(266)   Other: 0.2ms
[2025-06-03T16:06:37.530+0530][370.835s] GC(266) Eden regions: 4->0(24)
[2025-06-03T16:06:37.530+0530][370.835s] GC(266) Survivor regions: 1->1(1)
[2025-06-03T16:06:37.530+0530][370.835s] GC(266) Old regions: 504->505
[2025-06-03T16:06:37.530+0530][370.835s] GC(266) Archive regions: 2->2
[2025-06-03T16:06:37.530+0530][370.835s] GC(266) Humongous regions: 0->0
[2025-06-03T16:06:37.530+0530][370.835s] GC(266) Metaspace: 20286K(20992K)->20286K(20992K) NonClass: 17759K(18176K)->17759K(18176K) Class: 2527K(2816K)->2527K(2816K)
[2025-06-03T16:06:37.530+0530][370.835s] GC(266) Pause Young (Normal) (G1 Preventive Collection) 509M->506M(512M) 3.079ms
[2025-06-03T16:06:37.530+0530][370.835s] GC(266) User=0.01s Sys=0.00s Real=0.01s
[2025-06-03T16:06:37.555+0530][370.860s] GC(267) Pause Young (Concurrent Start) (G1 Preventive Collection)
[2025-06-03T16:06:37.555+0530][370.860s] GC(267) Using 8 workers of 8 for evacuation
[2025-06-03T16:06:37.557+0530][370.862s] GC(267) Skipped phase 1 of Reference Processing: no references
[2025-06-03T16:06:37.557+0530][370.862s] GC(267) Skipped phase 2 of Reference Processing: no references
[2025-06-03T16:06:37.557+0530][370.862s] GC(267) Skipped phase 3 of Reference Processing: no references
[2025-06-03T16:06:37.557+0530][370.862s] GC(267) Skipped phase 4 of Reference Processing: no references
[2025-06-03T16:06:37.557+0530][370.863s] GC(267)   Pre Evacuate Collection Set: 0.1ms
[2025-06-03T16:06:37.557+0530][370.863s] GC(267)   Merge Heap Roots: 0.0ms
[2025-06-03T16:06:37.557+0530][370.863s] GC(267)   Evacuate Collection Set: 1.9ms
[2025-06-03T16:06:37.557+0530][370.863s] GC(267)   Post Evacuate Collection Set: 0.3ms
[2025-06-03T16:06:37.557+0530][370.863s] GC(267)   Other: 0.2ms
[2025-06-03T16:06:37.557+0530][370.863s] GC(267) Eden regions: 2->0(24)
[2025-06-03T16:06:37.557+0530][370.863s] GC(267) Survivor regions: 1->1(2)
[2025-06-03T16:06:37.557+0530][370.863s] GC(267) Old regions: 505->506
[2025-06-03T16:06:37.557+0530][370.863s] GC(267) Archive regions: 2->2
[2025-06-03T16:06:37.557+0530][370.863s] GC(267) Humongous regions: 0->0
[2025-06-03T16:06:37.557+0530][370.863s] GC(267) Metaspace: 20286K(20992K)->20286K(20992K) NonClass: 17759K(18176K)->17759K(18176K) Class: 2527K(2816K)->2527K(2816K)
[2025-06-03T16:06:37.557+0530][370.863s] GC(267) Pause Young (Concurrent Start) (G1 Preventive Collection) 508M->507M(512M) 2.770ms
[2025-06-03T16:06:37.557+0530][370.863s] GC(267) User=0.01s Sys=0.00s Real=0.00s
[2025-06-03T16:06:37.557+0530][370.863s] GC(268) Concurrent Mark Cycle
[2025-06-03T16:06:37.558+0530][370.863s] GC(268) Concurrent Clear Claimed Marks
[2025-06-03T16:06:37.558+0530][370.863s] GC(268) Concurrent Clear Claimed Marks 0.027ms
[2025-06-03T16:06:37.558+0530][370.863s] GC(268) Concurrent Scan Root Regions
[2025-06-03T16:06:37.559+0530][370.864s] GC(268) Concurrent Scan Root Regions 1.099ms
[2025-06-03T16:06:37.559+0530][370.864s] GC(268) Concurrent Mark
[2025-06-03T16:06:37.559+0530][370.864s] GC(268) Concurrent Mark From Roots
[2025-06-03T16:06:37.559+0530][370.864s] GC(268) Using 2 workers of 2 for marking
[2025-06-03T16:06:37.567+0530][370.873s] GC(269) Pause Young (Normal) (G1 Preventive Collection)
[2025-06-03T16:06:37.567+0530][370.873s] GC(269) Using 8 workers of 8 for evacuation
[2025-06-03T16:06:37.569+0530][370.875s] GC(269) Skipped phase 1 of Reference Processing: no references
[2025-06-03T16:06:37.569+0530][370.875s] GC(269) Skipped phase 2 of Reference Processing: no references
[2025-06-03T16:06:37.569+0530][370.875s] GC(269) Skipped phase 3 of Reference Processing: no references
[2025-06-03T16:06:37.569+0530][370.875s] GC(269) Skipped phase 4 of Reference Processing: no references
[2025-06-03T16:06:37.570+0530][370.875s] GC(269)   Pre Evacuate Collection Set: 0.1ms
[2025-06-03T16:06:37.570+0530][370.875s] GC(269)   Merge Heap Roots: 0.0ms
[2025-06-03T16:06:37.570+0530][370.875s] GC(269)   Evacuate Collection Set: 1.6ms
[2025-06-03T16:06:37.570+0530][370.875s] GC(269)   Post Evacuate Collection Set: 0.3ms
[2025-06-03T16:06:37.570+0530][370.875s] GC(269)   Other: 0.2ms
[2025-06-03T16:06:37.570+0530][370.875s] GC(269) Eden regions: 1->0(23)
[2025-06-03T16:06:37.570+0530][370.875s] GC(269) Survivor regions: 1->2(2)
[2025-06-03T16:06:37.570+0530][370.875s] GC(269) Old regions: 506->506
[2025-06-03T16:06:37.570+0530][370.875s] GC(269) Archive regions: 2->2
[2025-06-03T16:06:37.570+0530][370.875s] GC(269) Humongous regions: 0->0
[2025-06-03T16:06:37.570+0530][370.875s] GC(269) Metaspace: 20286K(20992K)->20286K(20992K) NonClass: 17759K(18176K)->17759K(18176K) Class: 2527K(2816K)->2527K(2816K)
[2025-06-03T16:06:37.570+0530][370.875s] GC(269) Pause Young (Normal) (G1 Preventive Collection) 508M->507M(512M) 2.329ms
[2025-06-03T16:06:37.570+0530][370.875s] GC(269) User=0.01s Sys=0.01s Real=0.01s
[2025-06-03T16:06:37.582+0530][370.888s] GC(270) Pause Young (Normal) (G1 Preventive Collection)
[2025-06-03T16:06:37.582+0530][370.888s] GC(270) Using 8 workers of 8 for evacuation
[2025-06-03T16:06:37.584+0530][370.890s] GC(270) Skipped phase 1 of Reference Processing: no references
[2025-06-03T16:06:37.584+0530][370.890s] GC(270) Skipped phase 2 of Reference Processing: no references
[2025-06-03T16:06:37.584+0530][370.890s] GC(270) Skipped phase 3 of Reference Processing: no references
[2025-06-03T16:06:37.584+0530][370.890s] GC(270) Skipped phase 4 of Reference Processing: no references
[2025-06-03T16:06:37.584+0530][370.890s] GC(270)   Pre Evacuate Collection Set: 0.1ms
[2025-06-03T16:06:37.585+0530][370.890s] GC(270)   Merge Heap Roots: 0.0ms
[2025-06-03T16:06:37.585+0530][370.890s] GC(270)   Evacuate Collection Set: 1.6ms
[2025-06-03T16:06:37.585+0530][370.890s] GC(270)   Post Evacuate Collection Set: 0.3ms
[2025-06-03T16:06:37.585+0530][370.890s] GC(270)   Other: 0.1ms
[2025-06-03T16:06:37.585+0530][370.890s] GC(270) Eden regions: 1->0(24)
[2025-06-03T16:06:37.585+0530][370.890s] GC(270) Survivor regions: 2->1(1)
[2025-06-03T16:06:37.585+0530][370.890s] GC(270) Old regions: 506->506
[2025-06-03T16:06:37.585+0530][370.890s] GC(270) Archive regions: 2->2
[2025-06-03T16:06:37.585+0530][370.890s] GC(270) Humongous regions: 0->0
[2025-06-03T16:06:37.585+0530][370.890s] GC(270) Metaspace: 20286K(20992K)->20286K(20992K) NonClass: 17759K(18176K)->17759K(18176K) Class: 2527K(2816K)->2527K(2816K)
[2025-06-03T16:06:37.585+0530][370.890s] GC(270) Pause Young (Normal) (G1 Preventive Collection) 508M->507M(512M) 2.375ms
[2025-06-03T16:06:37.585+0530][370.890s] GC(270) User=0.01s Sys=0.00s Real=0.00s
[2025-06-03T16:06:37.612+0530][370.917s] GC(271) Pause Young (Normal) (G1 Preventive Collection)
[2025-06-03T16:06:37.612+0530][370.917s] GC(271) Using 8 workers of 8 for evacuation
[2025-06-03T16:06:37.614+0530][370.919s] GC(271) Skipped phase 1 of Reference Processing: no references
[2025-06-03T16:06:37.614+0530][370.919s] GC(271) Skipped phase 2 of Reference Processing: no references
[2025-06-03T16:06:37.614+0530][370.919s] GC(271) Skipped phase 3 of Reference Processing: no references
[2025-06-03T16:06:37.614+0530][370.919s] GC(271) Skipped phase 4 of Reference Processing: no references
[2025-06-03T16:06:37.614+0530][370.920s] GC(271)   Pre Evacuate Collection Set: 0.1ms
[2025-06-03T16:06:37.614+0530][370.920s] GC(271)   Merge Heap Roots: 0.0ms
[2025-06-03T16:06:37.614+0530][370.920s] GC(271)   Evacuate Collection Set: 1.6ms
[2025-06-03T16:06:37.614+0530][370.920s] GC(271)   Post Evacuate Collection Set: 0.3ms
[2025-06-03T16:06:37.614+0530][370.920s] GC(271)   Other: 0.2ms
[2025-06-03T16:06:37.614+0530][370.920s] GC(271) Eden regions: 2->0(24)
[2025-06-03T16:06:37.614+0530][370.920s] GC(271) Survivor regions: 1->1(1)
[2025-06-03T16:06:37.614+0530][370.920s] GC(271) Old regions: 506->506
[2025-06-03T16:06:37.614+0530][370.920s] GC(271) Archive regions: 2->2
[2025-06-03T16:06:37.614+0530][370.920s] GC(271) Humongous regions: 0->0
[2025-06-03T16:06:37.614+0530][370.920s] GC(271) Metaspace: 20286K(20992K)->20286K(20992K) NonClass: 17759K(18176K)->17759K(18176K) Class: 2527K(2816K)->2527K(2816K)
[2025-06-03T16:06:37.614+0530][370.920s] GC(271) Pause Young (Normal) (G1 Preventive Collection) 509M->507M(512M) 2.361ms
[2025-06-03T16:06:37.614+0530][370.920s] GC(271) User=0.01s Sys=0.00s Real=0.00s
[2025-06-03T16:06:37.641+0530][370.947s] GC(272) Pause Young (Normal) (G1 Preventive Collection)
[2025-06-03T16:06:37.641+0530][370.947s] GC(272) Using 8 workers of 8 for evacuation
[2025-06-03T16:06:37.643+0530][370.949s] GC(272) Skipped phase 1 of Reference Processing: no references
[2025-06-03T16:06:37.643+0530][370.949s] GC(272) Skipped phase 2 of Reference Processing: no references
[2025-06-03T16:06:37.643+0530][370.949s] GC(272) Skipped phase 3 of Reference Processing: no references
[2025-06-03T16:06:37.643+0530][370.949s] GC(272) Skipped phase 4 of Reference Processing: no references
[2025-06-03T16:06:37.644+0530][370.949s] GC(272)   Pre Evacuate Collection Set: 0.1ms
[2025-06-03T16:06:37.644+0530][370.949s] GC(272)   Merge Heap Roots: 0.0ms
[2025-06-03T16:06:37.644+0530][370.949s] GC(272)   Evacuate Collection Set: 1.9ms
[2025-06-03T16:06:37.644+0530][370.949s] GC(272)   Post Evacuate Collection Set: 0.4ms
[2025-06-03T16:06:37.644+0530][370.949s] GC(272)   Other: 0.2ms
[2025-06-03T16:06:37.644+0530][370.949s] GC(272) Eden regions: 2->0(24)
[2025-06-03T16:06:37.644+0530][370.949s] GC(272) Survivor regions: 1->1(1)
[2025-06-03T16:06:37.644+0530][370.949s] GC(272) Old regions: 506->506
[2025-06-03T16:06:37.644+0530][370.949s] GC(272) Archive regions: 2->2
[2025-06-03T16:06:37.644+0530][370.949s] GC(272) Humongous regions: 0->0
[2025-06-03T16:06:37.644+0530][370.949s] GC(272) Metaspace: 20286K(20992K)->20286K(20992K) NonClass: 17759K(18176K)->17759K(18176K) Class: 2527K(2816K)->2527K(2816K)
[2025-06-03T16:06:37.644+0530][370.949s] GC(272) Pause Young (Normal) (G1 Preventive Collection) 509M->507M(512M) 2.726ms
[2025-06-03T16:06:37.644+0530][370.949s] GC(272) User=0.00s Sys=0.00s Real=0.00s
[2025-06-03T16:06:37.674+0530][370.979s] GC(273) Pause Young (Normal) (G1 Preventive Collection)
[2025-06-03T16:06:37.674+0530][370.979s] GC(273) Using 8 workers of 8 for evacuation
[2025-06-03T16:06:37.676+0530][370.982s] GC(273) Skipped phase 1 of Reference Processing: no references
[2025-06-03T16:06:37.677+0530][370.982s] GC(273) Skipped phase 2 of Reference Processing: no references
[2025-06-03T16:06:37.677+0530][370.982s] GC(273) Skipped phase 3 of Reference Processing: no references
[2025-06-03T16:06:37.677+0530][370.982s] GC(273) Skipped phase 4 of Reference Processing: no references
[2025-06-03T16:06:37.677+0530][370.982s] GC(273)   Pre Evacuate Collection Set: 0.1ms
[2025-06-03T16:06:37.677+0530][370.982s] GC(273)   Merge Heap Roots: 0.1ms
[2025-06-03T16:06:37.677+0530][370.982s] GC(273)   Evacuate Collection Set: 2.3ms
[2025-06-03T16:06:37.677+0530][370.982s] GC(273)   Post Evacuate Collection Set: 0.3ms
[2025-06-03T16:06:37.677+0530][370.982s] GC(273)   Other: 0.2ms
[2025-06-03T16:06:37.677+0530][370.982s] GC(273) Eden regions: 2->0(24)
[2025-06-03T16:06:37.677+0530][370.982s] GC(273) Survivor regions: 1->1(1)
[2025-06-03T16:06:37.677+0530][370.983s] GC(273) Old regions: 506->506
[2025-06-03T16:06:37.677+0530][370.983s] GC(273) Archive regions: 2->2
[2025-06-03T16:06:37.677+0530][370.983s] GC(273) Humongous regions: 0->0
[2025-06-03T16:06:37.677+0530][370.983s] GC(273) Metaspace: 20286K(20992K)->20286K(20992K) NonClass: 17759K(18176K)->17759K(18176K) Class: 2527K(2816K)->2527K(2816K)
[2025-06-03T16:06:37.677+0530][370.983s] GC(273) Pause Young (Normal) (G1 Preventive Collection) 509M->507M(512M) 3.254ms
[2025-06-03T16:06:37.677+0530][370.983s] GC(273) User=0.01s Sys=0.00s Real=0.00s
[2025-06-03T16:06:37.714+0530][371.019s] GC(274) Pause Young (Normal) (G1 Preventive Collection)
[2025-06-03T16:06:37.714+0530][371.019s] GC(274) Using 8 workers of 8 for evacuation
[2025-06-03T16:06:37.717+0530][371.022s] GC(274) Skipped phase 1 of Reference Processing: no references
[2025-06-03T16:06:37.717+0530][371.022s] GC(274) Skipped phase 2 of Reference Processing: no references
[2025-06-03T16:06:37.717+0530][371.022s] GC(274) Skipped phase 3 of Reference Processing: no references
[2025-06-03T16:06:37.717+0530][371.022s] GC(274) Skipped phase 4 of Reference Processing: no references
[2025-06-03T16:06:37.717+0530][371.022s] GC(274)   Pre Evacuate Collection Set: 0.1ms
[2025-06-03T16:06:37.717+0530][371.022s] GC(274)   Merge Heap Roots: 0.0ms
[2025-06-03T16:06:37.717+0530][371.022s] GC(274)   Evacuate Collection Set: 2.5ms
[2025-06-03T16:06:37.717+0530][371.022s] GC(274)   Post Evacuate Collection Set: 0.3ms
[2025-06-03T16:06:37.717+0530][371.022s] GC(274)   Other: 0.3ms
[2025-06-03T16:06:37.717+0530][371.022s] GC(274) Eden regions: 2->0(24)
[2025-06-03T16:06:37.717+0530][371.022s] GC(274) Survivor regions: 1->1(1)
[2025-06-03T16:06:37.717+0530][371.022s] GC(274) Old regions: 506->506
[2025-06-03T16:06:37.717+0530][371.022s] GC(274) Archive regions: 2->2
[2025-06-03T16:06:37.717+0530][371.022s] GC(274) Humongous regions: 0->0
[2025-06-03T16:06:37.717+0530][371.022s] GC(274) Metaspace: 20296K(20992K)->20296K(20992K) NonClass: 17769K(18176K)->17769K(18176K) Class: 2527K(2816K)->2527K(2816K)
[2025-06-03T16:06:37.717+0530][371.023s] GC(274) Pause Young (Normal) (G1 Preventive Collection) 509M->507M(512M) 3.303ms
[2025-06-03T16:06:37.717+0530][371.023s] GC(274) User=0.01s Sys=0.01s Real=0.00s
[2025-06-03T16:06:37.743+0530][371.049s] GC(275) Pause Young (Normal) (G1 Preventive Collection)
[2025-06-03T16:06:37.743+0530][371.049s] GC(275) Using 8 workers of 8 for evacuation
[2025-06-03T16:06:37.746+0530][371.052s] GC(275) Skipped phase 1 of Reference Processing: no references
[2025-06-03T16:06:37.746+0530][371.052s] GC(275) Skipped phase 2 of Reference Processing: no references
[2025-06-03T16:06:37.746+0530][371.052s] GC(275) Skipped phase 3 of Reference Processing: no references
[2025-06-03T16:06:37.746+0530][371.052s] GC(275) Skipped phase 4 of Reference Processing: no references
[2025-06-03T16:06:37.747+0530][371.052s] GC(275)   Pre Evacuate Collection Set: 0.1ms
[2025-06-03T16:06:37.747+0530][371.052s] GC(275)   Merge Heap Roots: 0.0ms
[2025-06-03T16:06:37.747+0530][371.052s] GC(275)   Evacuate Collection Set: 2.5ms
[2025-06-03T16:06:37.747+0530][371.052s] GC(275)   Post Evacuate Collection Set: 0.5ms
[2025-06-03T16:06:37.747+0530][371.052s] GC(275)   Other: 0.1ms
[2025-06-03T16:06:37.747+0530][371.052s] GC(275) Eden regions: 2->0(24)
[2025-06-03T16:06:37.747+0530][371.052s] GC(275) Survivor regions: 1->1(1)
[2025-06-03T16:06:37.747+0530][371.052s] GC(275) Old regions: 506->506
[2025-06-03T16:06:37.747+0530][371.052s] GC(275) Archive regions: 2->2
[2025-06-03T16:06:37.747+0530][371.052s] GC(275) Humongous regions: 0->0
[2025-06-03T16:06:37.747+0530][371.052s] GC(275) Metaspace: 20298K(20992K)->20298K(20992K) NonClass: 17770K(18176K)->17770K(18176K) Class: 2527K(2816K)->2527K(2816K)
[2025-06-03T16:06:37.747+0530][371.052s] GC(275) Pause Young (Normal) (G1 Preventive Collection) 509M->507M(512M) 3.540ms
[2025-06-03T16:06:37.747+0530][371.052s] GC(275) User=0.01s Sys=0.00s Real=0.00s
[2025-06-03T16:06:37.777+0530][371.082s] GC(276) Pause Young (Normal) (G1 Preventive Collection)
[2025-06-03T16:06:37.777+0530][371.082s] GC(276) Using 8 workers of 8 for evacuation
[2025-06-03T16:06:37.780+0530][371.085s] GC(276) Skipped phase 1 of Reference Processing: no references
[2025-06-03T16:06:37.780+0530][371.085s] GC(276) Skipped phase 2 of Reference Processing: no references
[2025-06-03T16:06:37.780+0530][371.085s] GC(276) Skipped phase 3 of Reference Processing: no references
[2025-06-03T16:06:37.780+0530][371.085s] GC(276) Skipped phase 4 of Reference Processing: no references
[2025-06-03T16:06:37.780+0530][371.086s] GC(276)   Pre Evacuate Collection Set: 0.1ms
[2025-06-03T16:06:37.780+0530][371.086s] GC(276)   Merge Heap Roots: 0.0ms
[2025-06-03T16:06:37.780+0530][371.086s] GC(276)   Evacuate Collection Set: 2.8ms
[2025-06-03T16:06:37.780+0530][371.086s] GC(276)   Post Evacuate Collection Set: 0.4ms
[2025-06-03T16:06:37.780+0530][371.086s] GC(276)   Other: 0.2ms
[2025-06-03T16:06:37.780+0530][371.086s] GC(276) Eden regions: 2->0(24)
[2025-06-03T16:06:37.780+0530][371.086s] GC(276) Survivor regions: 1->1(1)
[2025-06-03T16:06:37.780+0530][371.086s] GC(276) Old regions: 506->506
[2025-06-03T16:06:37.780+0530][371.086s] GC(276) Archive regions: 2->2
[2025-06-03T16:06:37.780+0530][371.086s] GC(276) Humongous regions: 0->0
[2025-06-03T16:06:37.780+0530][371.086s] GC(276) Metaspace: 20298K(20992K)->20298K(20992K) NonClass: 17770K(18176K)->17770K(18176K) Class: 2527K(2816K)->2527K(2816K)
[2025-06-03T16:06:37.780+0530][371.086s] GC(276) Pause Young (Normal) (G1 Preventive Collection) 509M->507M(512M) 3.781ms
[2025-06-03T16:06:37.780+0530][371.086s] GC(276) User=0.01s Sys=0.00s Real=0.01s
[2025-06-03T16:06:37.808+0530][371.113s] GC(277) Pause Young (Normal) (G1 Preventive Collection)
[2025-06-03T16:06:37.808+0530][371.113s] GC(277) Using 8 workers of 8 for evacuation
[2025-06-03T16:06:37.811+0530][371.117s] GC(277) Skipped phase 1 of Reference Processing: no references
[2025-06-03T16:06:37.811+0530][371.117s] GC(277) Skipped phase 2 of Reference Processing: no references
[2025-06-03T16:06:37.811+0530][371.117s] GC(277) Skipped phase 3 of Reference Processing: no references
[2025-06-03T16:06:37.811+0530][371.117s] GC(277) Skipped phase 4 of Reference Processing: no references
[2025-06-03T16:06:37.812+0530][371.117s] GC(277)   Pre Evacuate Collection Set: 0.1ms
[2025-06-03T16:06:37.812+0530][371.117s] GC(277)   Merge Heap Roots: 0.1ms
[2025-06-03T16:06:37.812+0530][371.117s] GC(277)   Evacuate Collection Set: 3.2ms
[2025-06-03T16:06:37.812+0530][371.117s] GC(277)   Post Evacuate Collection Set: 0.4ms
[2025-06-03T16:06:37.812+0530][371.117s] GC(277)   Other: 0.2ms
[2025-06-03T16:06:37.812+0530][371.117s] GC(277) Eden regions: 2->0(24)
[2025-06-03T16:06:37.812+0530][371.117s] GC(277) Survivor regions: 1->1(1)
[2025-06-03T16:06:37.812+0530][371.117s] GC(277) Old regions: 506->506
[2025-06-03T16:06:37.812+0530][371.117s] GC(277) Archive regions: 2->2
[2025-06-03T16:06:37.812+0530][371.118s] GC(277) Humongous regions: 0->0
[2025-06-03T16:06:37.812+0530][371.118s] GC(277) Metaspace: 20298K(20992K)->20298K(20992K) NonClass: 17770K(18176K)->17770K(18176K) Class: 2527K(2816K)->2527K(2816K)
[2025-06-03T16:06:37.812+0530][371.118s] GC(277) Pause Young (Normal) (G1 Preventive Collection) 509M->507M(512M) 4.335ms
[2025-06-03T16:06:37.812+0530][371.118s] GC(277) User=0.01s Sys=0.00s Real=0.01s
[2025-06-03T16:06:37.828+0530][371.133s] GC(278) Pause Young (Normal) (G1 Preventive Collection)
[2025-06-03T16:06:37.828+0530][371.133s] GC(278) Using 8 workers of 8 for evacuation
[2025-06-03T16:06:37.830+0530][371.136s] GC(278) Skipped phase 1 of Reference Processing: no references
[2025-06-03T16:06:37.830+0530][371.136s] GC(278) Skipped phase 2 of Reference Processing: no references
[2025-06-03T16:06:37.831+0530][371.136s] GC(278) Skipped phase 3 of Reference Processing: no references
[2025-06-03T16:06:37.831+0530][371.136s] GC(278) Skipped phase 4 of Reference Processing: no references
[2025-06-03T16:06:37.831+0530][371.136s] GC(278)   Pre Evacuate Collection Set: 0.1ms
[2025-06-03T16:06:37.831+0530][371.136s] GC(278)   Merge Heap Roots: 0.0ms
[2025-06-03T16:06:37.831+0530][371.136s] GC(278)   Evacuate Collection Set: 2.5ms
[2025-06-03T16:06:37.831+0530][371.136s] GC(278)   Post Evacuate Collection Set: 0.4ms
[2025-06-03T16:06:37.831+0530][371.136s] GC(278)   Other: 0.1ms
[2025-06-03T16:06:37.831+0530][371.136s] GC(278) Eden regions: 1->0(24)
[2025-06-03T16:06:37.831+0530][371.136s] GC(278) Survivor regions: 1->1(2)
[2025-06-03T16:06:37.831+0530][371.136s] GC(278) Old regions: 506->506
[2025-06-03T16:06:37.831+0530][371.136s] GC(278) Archive regions: 2->2
[2025-06-03T16:06:37.831+0530][371.136s] GC(278) Humongous regions: 0->0
[2025-06-03T16:06:37.831+0530][371.136s] GC(278) Metaspace: 20298K(20992K)->20298K(20992K) NonClass: 17770K(18176K)->17770K(18176K) Class: 2527K(2816K)->2527K(2816K)
[2025-06-03T16:06:37.831+0530][371.136s] GC(278) Pause Young (Normal) (G1 Preventive Collection) 508M->507M(512M) 3.252ms
[2025-06-03T16:06:37.831+0530][371.137s] GC(278) User=0.01s Sys=0.00s Real=0.01s
[2025-06-03T16:06:37.844+0530][371.149s] GC(279) Pause Young (Normal) (G1 Preventive Collection)
[2025-06-03T16:06:37.844+0530][371.149s] GC(279) Using 8 workers of 8 for evacuation
[2025-06-03T16:06:37.847+0530][371.153s] GC(279) Skipped phase 1 of Reference Processing: no references
[2025-06-03T16:06:37.847+0530][371.153s] GC(279) Skipped phase 2 of Reference Processing: no references
[2025-06-03T16:06:37.847+0530][371.153s] GC(279) Skipped phase 3 of Reference Processing: no references
[2025-06-03T16:06:37.847+0530][371.153s] GC(279) Skipped phase 4 of Reference Processing: no references
[2025-06-03T16:06:37.847+0530][371.153s] GC(279)   Pre Evacuate Collection Set: 0.1ms
[2025-06-03T16:06:37.847+0530][371.153s] GC(279)   Merge Heap Roots: 0.0ms
[2025-06-03T16:06:37.847+0530][371.153s] GC(279)   Evacuate Collection Set: 2.9ms
[2025-06-03T16:06:37.847+0530][371.153s] GC(279)   Post Evacuate Collection Set: 0.3ms
[2025-06-03T16:06:37.847+0530][371.153s] GC(279)   Other: 0.1ms
[2025-06-03T16:06:37.847+0530][371.153s] GC(279) Eden regions: 1->0(23)
[2025-06-03T16:06:37.847+0530][371.153s] GC(279) Survivor regions: 1->2(2)
[2025-06-03T16:06:37.847+0530][371.153s] GC(279) Old regions: 506->506
[2025-06-03T16:06:37.847+0530][371.153s] GC(279) Archive regions: 2->2
[2025-06-03T16:06:37.847+0530][371.153s] GC(279) Humongous regions: 0->0
[2025-06-03T16:06:37.847+0530][371.153s] GC(279) Metaspace: 20298K(20992K)->20298K(20992K) NonClass: 17770K(18176K)->17770K(18176K) Class: 2527K(2816K)->2527K(2816K)
[2025-06-03T16:06:37.848+0530][371.153s] GC(279) Pause Young (Normal) (G1 Preventive Collection) 508M->507M(512M) 3.650ms
[2025-06-03T16:06:37.848+0530][371.153s] GC(279) User=0.01s Sys=0.00s Real=0.00s
[2025-06-03T16:06:37.859+0530][371.164s] GC(280) Pause Young (Normal) (G1 Preventive Collection)
[2025-06-03T16:06:37.859+0530][371.164s] GC(280) Using 8 workers of 8 for evacuation
[2025-06-03T16:06:37.862+0530][371.168s] GC(280) Skipped phase 1 of Reference Processing: no references
[2025-06-03T16:06:37.862+0530][371.168s] GC(280) Skipped phase 2 of Reference Processing: no references
[2025-06-03T16:06:37.862+0530][371.168s] GC(280) Skipped phase 3 of Reference Processing: no references
[2025-06-03T16:06:37.862+0530][371.168s] GC(280) Skipped phase 4 of Reference Processing: no references
[2025-06-03T16:06:37.862+0530][371.168s] GC(280)   Pre Evacuate Collection Set: 0.1ms
[2025-06-03T16:06:37.862+0530][371.168s] GC(280)   Merge Heap Roots: 0.0ms
[2025-06-03T16:06:37.862+0530][371.168s] GC(280)   Evacuate Collection Set: 2.8ms
[2025-06-03T16:06:37.862+0530][371.168s] GC(280)   Post Evacuate Collection Set: 0.4ms
[2025-06-03T16:06:37.862+0530][371.168s] GC(280)   Other: 0.3ms
[2025-06-03T16:06:37.862+0530][371.168s] GC(280) Eden regions: 1->0(24)
[2025-06-03T16:06:37.863+0530][371.168s] GC(280) Survivor regions: 2->1(1)
[2025-06-03T16:06:37.863+0530][371.168s] GC(280) Old regions: 506->506
[2025-06-03T16:06:37.863+0530][371.168s] GC(280) Archive regions: 2->2
[2025-06-03T16:06:37.863+0530][371.168s] GC(280) Humongous regions: 0->0
[2025-06-03T16:06:37.863+0530][371.168s] GC(280) Metaspace: 20298K(20992K)->20298K(20992K) NonClass: 17770K(18176K)->17770K(18176K) Class: 2527K(2816K)->2527K(2816K)
[2025-06-03T16:06:37.863+0530][371.168s] GC(280) Pause Young (Normal) (G1 Preventive Collection) 508M->507M(512M) 3.749ms
[2025-06-03T16:06:37.863+0530][371.168s] GC(280) User=0.01s Sys=0.01s Real=0.01s
[2025-06-03T16:06:37.890+0530][371.195s] GC(281) Pause Young (Normal) (G1 Preventive Collection)
[2025-06-03T16:06:37.890+0530][371.196s] GC(281) Using 8 workers of 8 for evacuation
[2025-06-03T16:06:37.893+0530][371.199s] GC(281) Skipped phase 1 of Reference Processing: no references
[2025-06-03T16:06:37.893+0530][371.199s] GC(281) Skipped phase 2 of Reference Processing: no references
[2025-06-03T16:06:37.893+0530][371.199s] GC(281) Skipped phase 3 of Reference Processing: no references
[2025-06-03T16:06:37.893+0530][371.199s] GC(281) Skipped phase 4 of Reference Processing: no references
[2025-06-03T16:06:37.894+0530][371.199s] GC(281) To-space exhausted
[2025-06-03T16:06:37.894+0530][371.200s] GC(281)   Pre Evacuate Collection Set: 0.1ms
[2025-06-03T16:06:37.894+0530][371.200s] GC(281)   Merge Heap Roots: 0.0ms
[2025-06-03T16:06:37.894+0530][371.200s] GC(281)   Evacuate Collection Set: 2.8ms
[2025-06-03T16:06:37.894+0530][371.200s] GC(281)   Post Evacuate Collection Set: 0.9ms
[2025-06-03T16:06:37.894+0530][371.200s] GC(281)   Other: 0.2ms
[2025-06-03T16:06:37.894+0530][371.200s] GC(281) Eden regions: 2->0(24)
[2025-06-03T16:06:37.894+0530][371.200s] GC(281) Survivor regions: 1->1(1)
[2025-06-03T16:06:37.894+0530][371.200s] GC(281) Old regions: 506->507
[2025-06-03T16:06:37.894+0530][371.200s] GC(281) Archive regions: 2->2
[2025-06-03T16:06:37.894+0530][371.200s] GC(281) Humongous regions: 0->0
[2025-06-03T16:06:37.894+0530][371.200s] GC(281) Metaspace: 20298K(20992K)->20298K(20992K) NonClass: 17770K(18176K)->17770K(18176K) Class: 2527K(2816K)->2527K(2816K)
[2025-06-03T16:06:37.894+0530][371.200s] GC(281) Pause Young (Normal) (G1 Preventive Collection) 509M->508M(512M) 4.171ms
[2025-06-03T16:06:37.894+0530][371.200s] GC(281) User=0.01s Sys=0.00s Real=0.00s
[2025-06-03T16:06:37.906+0530][371.212s] GC(282) Pause Young (Normal) (G1 Preventive Collection)
[2025-06-03T16:06:37.906+0530][371.212s] GC(282) Using 8 workers of 8 for evacuation
[2025-06-03T16:06:37.909+0530][371.215s] GC(282) Skipped phase 1 of Reference Processing: no references
[2025-06-03T16:06:37.909+0530][371.215s] GC(282) Skipped phase 2 of Reference Processing: no references
[2025-06-03T16:06:37.909+0530][371.215s] GC(282) Skipped phase 3 of Reference Processing: no references
[2025-06-03T16:06:37.909+0530][371.215s] GC(282) Skipped phase 4 of Reference Processing: no references
[2025-06-03T16:06:37.910+0530][371.216s] GC(282) To-space exhausted
[2025-06-03T16:06:37.910+0530][371.216s] GC(282)   Pre Evacuate Collection Set: 0.1ms
[2025-06-03T16:06:37.910+0530][371.216s] GC(282)   Merge Heap Roots: 0.1ms
[2025-06-03T16:06:37.910+0530][371.216s] GC(282)   Evacuate Collection Set: 2.7ms
[2025-06-03T16:06:37.910+0530][371.216s] GC(282)   Post Evacuate Collection Set: 0.9ms
[2025-06-03T16:06:37.910+0530][371.216s] GC(282)   Other: 0.3ms
[2025-06-03T16:06:37.910+0530][371.216s] GC(282) Eden regions: 1->0(24)
[2025-06-03T16:06:37.910+0530][371.216s] GC(282) Survivor regions: 1->1(1)
[2025-06-03T16:06:37.910+0530][371.216s] GC(282) Old regions: 507->508
[2025-06-03T16:06:37.910+0530][371.216s] GC(282) Archive regions: 2->2
[2025-06-03T16:06:37.910+0530][371.216s] GC(282) Humongous regions: 0->0
[2025-06-03T16:06:37.910+0530][371.216s] GC(282) Metaspace: 20298K(20992K)->20298K(20992K) NonClass: 17770K(18176K)->17770K(18176K) Class: 2527K(2816K)->2527K(2816K)
[2025-06-03T16:06:37.911+0530][371.216s] GC(282) Pause Young (Normal) (G1 Preventive Collection) 509M->509M(512M) 4.192ms
[2025-06-03T16:06:37.911+0530][371.216s] GC(282) User=0.01s Sys=0.00s Real=0.01s
[2025-06-03T16:06:37.922+0530][371.227s] GC(283) Pause Young (Normal) (G1 Evacuation Pause)
[2025-06-03T16:06:37.922+0530][371.227s] GC(283) Using 8 workers of 8 for evacuation
[2025-06-03T16:06:37.924+0530][371.230s] GC(283) Skipped phase 1 of Reference Processing: no references
[2025-06-03T16:06:37.924+0530][371.230s] GC(283) Skipped phase 2 of Reference Processing: no references
[2025-06-03T16:06:37.924+0530][371.230s] GC(283) Skipped phase 3 of Reference Processing: no references
[2025-06-03T16:06:37.924+0530][371.230s] GC(283) Skipped phase 4 of Reference Processing: no references
[2025-06-03T16:06:37.926+0530][371.231s] GC(283) To-space exhausted
[2025-06-03T16:06:37.926+0530][371.231s] GC(283)   Pre Evacuate Collection Set: 0.1ms
[2025-06-03T16:06:37.926+0530][371.231s] GC(283)   Merge Heap Roots: 0.1ms
[2025-06-03T16:06:37.926+0530][371.231s] GC(283)   Evacuate Collection Set: 2.3ms
[2025-06-03T16:06:37.926+0530][371.231s] GC(283)   Post Evacuate Collection Set: 1.3ms
[2025-06-03T16:06:37.926+0530][371.231s] GC(283)   Other: 0.2ms
[2025-06-03T16:06:37.926+0530][371.231s] GC(283) Eden regions: 1->0(25)
[2025-06-03T16:06:37.926+0530][371.231s] GC(283) Survivor regions: 1->0(0)
[2025-06-03T16:06:37.926+0530][371.231s] GC(283) Old regions: 508->510
[2025-06-03T16:06:37.926+0530][371.231s] GC(283) Archive regions: 2->2
[2025-06-03T16:06:37.926+0530][371.231s] GC(283) Humongous regions: 0->0
[2025-06-03T16:06:37.926+0530][371.231s] GC(283) Metaspace: 20298K(20992K)->20298K(20992K) NonClass: 17770K(18176K)->17770K(18176K) Class: 2527K(2816K)->2527K(2816K)
[2025-06-03T16:06:37.926+0530][371.231s] GC(283) Pause Young (Normal) (G1 Evacuation Pause) 510M->510M(512M) 4.039ms
[2025-06-03T16:06:37.926+0530][371.231s] GC(283) User=0.01s Sys=0.00s Real=0.00s
[2025-06-03T16:06:37.926+0530][371.231s] Attempting full compaction
[2025-06-03T16:06:37.926+0530][371.231s] GC(284) Using 8 workers of 8 for full compaction
[2025-06-03T16:06:37.926+0530][371.231s] GC(284) Pause Full (G1 Compaction Pause)
[2025-06-03T16:06:37.927+0530][371.232s] GC(284) Phase 1: Mark live objects
[2025-06-03T16:06:38.686+0530][371.992s] GC(284) ReferenceProcessor::execute queues: 8, RefProcThreadModel::Multi, marks_oops_alive: true
[2025-06-03T16:06:38.686+0530][371.992s] GC(284) ReferenceProcessor::execute queues: 2, RefProcThreadModel::Multi, marks_oops_alive: false
[2025-06-03T16:06:38.686+0530][371.992s] GC(284) Skipped phase 3 of Reference Processing: no references
[2025-06-03T16:06:38.687+0530][371.992s] GC(284) ReferenceProcessor::execute queues: 1, RefProcThreadModel::Single, marks_oops_alive: false
[2025-06-03T16:06:38.688+0530][371.993s] GC(284) Phase 1: Mark live objects 760.830ms
[2025-06-03T16:06:38.688+0530][371.993s] GC(284) Phase 2: Prepare for compaction
[2025-06-03T16:06:38.696+0530][372.002s] GC(284) Phase 2: Prepare for compaction 8.581ms
[2025-06-03T16:06:38.696+0530][372.002s] GC(284) Phase 3: Adjust pointers
[2025-06-03T16:06:38.768+0530][372.073s] GC(284) Phase 3: Adjust pointers 71.525ms
[2025-06-03T16:06:38.768+0530][372.073s] GC(284) Phase 4: Compact heap
[2025-06-03T16:06:38.780+0530][372.085s] GC(284) Phase 4: Compact heap 11.951ms
[2025-06-03T16:06:38.784+0530][372.089s] GC(284) Eden regions: 0->0(25)
[2025-06-03T16:06:38.784+0530][372.089s] GC(284) Survivor regions: 0->0(0)
[2025-06-03T16:06:38.784+0530][372.089s] GC(284) Old regions: 510->497
[2025-06-03T16:06:38.784+0530][372.089s] GC(284) Archive regions: 2->2
[2025-06-03T16:06:38.784+0530][372.089s] GC(284) Humongous regions: 0->0
[2025-06-03T16:06:38.784+0530][372.089s] GC(284) Metaspace: 20298K(20992K)->20298K(20992K) NonClass: 17770K(18176K)->17770K(18176K) Class: 2527K(2816K)->2527K(2816K)
[2025-06-03T16:06:38.784+0530][372.089s] GC(284) Pause Full (G1 Compaction Pause) 510M->495M(512M) 858.055ms
[2025-06-03T16:06:38.784+0530][372.090s] GC(284) User=2.97s Sys=0.06s Real=0.86s
[2025-06-03T16:06:38.784+0530][372.090s] GC(268) Concurrent Mark From Roots 1225.785ms
[2025-06-03T16:06:38.785+0530][372.090s] GC(268) Concurrent Mark Abort
[2025-06-03T16:06:38.785+0530][372.090s] GC(268) Concurrent Mark Cycle 1227.084ms
[2025-06-03T16:06:38.934+0530][372.240s] GC(285) Pause Young (Normal) (G1 Preventive Collection)
[2025-06-03T16:06:38.934+0530][372.240s] GC(285) Using 8 workers of 8 for evacuation
[2025-06-03T16:06:38.936+0530][372.242s] GC(285) Skipped phase 1 of Reference Processing: no references
[2025-06-03T16:06:38.937+0530][372.242s] GC(285) Skipped phase 2 of Reference Processing: no references
[2025-06-03T16:06:38.937+0530][372.242s] GC(285) Skipped phase 3 of Reference Processing: no references
[2025-06-03T16:06:38.937+0530][372.242s] GC(285) ReferenceProcessor::execute queues: 1, RefProcThreadModel::Single, marks_oops_alive: false
[2025-06-03T16:06:38.937+0530][372.242s] GC(285)   Pre Evacuate Collection Set: 0.1ms
[2025-06-03T16:06:38.937+0530][372.242s] GC(285)   Merge Heap Roots: 0.0ms
[2025-06-03T16:06:38.937+0530][372.242s] GC(285)   Evacuate Collection Set: 1.8ms
[2025-06-03T16:06:38.937+0530][372.242s] GC(285)   Post Evacuate Collection Set: 0.4ms
[2025-06-03T16:06:38.937+0530][372.242s] GC(285)   Other: 0.2ms
[2025-06-03T16:06:38.937+0530][372.242s] GC(285) Eden regions: 12->0(24)
[2025-06-03T16:06:38.937+0530][372.242s] GC(285) Survivor regions: 0->1(1)
[2025-06-03T16:06:38.937+0530][372.242s] GC(285) Old regions: 497->497
[2025-06-03T16:06:38.937+0530][372.243s] GC(285) Archive regions: 2->2
[2025-06-03T16:06:38.937+0530][372.243s] GC(285) Humongous regions: 0->0
[2025-06-03T16:06:38.937+0530][372.243s] GC(285) Metaspace: 20302K(20992K)->20302K(20992K) NonClass: 17775K(18176K)->17775K(18176K) Class: 2527K(2816K)->2527K(2816K)
[2025-06-03T16:06:38.937+0530][372.243s] GC(285) Pause Young (Normal) (G1 Preventive Collection) 507M->495M(512M) 2.643ms
[2025-06-03T16:06:38.937+0530][372.243s] GC(285) User=0.00s Sys=0.00s Real=0.00s
[2025-06-03T16:06:39.079+0530][372.385s] GC(286) Pause Young (Concurrent Start) (G1 Preventive Collection)
[2025-06-03T16:06:39.079+0530][372.385s] GC(286) Using 8 workers of 8 for evacuation
[2025-06-03T16:06:39.082+0530][372.388s] GC(286) Skipped phase 1 of Reference Processing: no references
[2025-06-03T16:06:39.083+0530][372.388s] GC(286) Skipped phase 2 of Reference Processing: no references
[2025-06-03T16:06:39.083+0530][372.388s] GC(286) Skipped phase 3 of Reference Processing: no references
[2025-06-03T16:06:39.083+0530][372.388s] GC(286) ReferenceProcessor::execute queues: 1, RefProcThreadModel::Single, marks_oops_alive: false
[2025-06-03T16:06:39.083+0530][372.388s] GC(286)   Pre Evacuate Collection Set: 0.1ms
[2025-06-03T16:06:39.083+0530][372.388s] GC(286)   Merge Heap Roots: 0.0ms
[2025-06-03T16:06:39.083+0530][372.388s] GC(286)   Evacuate Collection Set: 2.9ms
[2025-06-03T16:06:39.083+0530][372.388s] GC(286)   Post Evacuate Collection Set: 0.3ms
[2025-06-03T16:06:39.083+0530][372.388s] GC(286)   Other: 0.2ms
[2025-06-03T16:06:39.083+0530][372.389s] GC(286) Eden regions: 11->0(24)
[2025-06-03T16:06:39.083+0530][372.389s] GC(286) Survivor regions: 1->1(1)
[2025-06-03T16:06:39.083+0530][372.389s] GC(286) Old regions: 497->497
[2025-06-03T16:06:39.083+0530][372.389s] GC(286) Archive regions: 2->2
[2025-06-03T16:06:39.083+0530][372.389s] GC(286) Humongous regions: 0->0
[2025-06-03T16:06:39.083+0530][372.389s] GC(286) Metaspace: 20302K(20992K)->20302K(20992K) NonClass: 17775K(18176K)->17775K(18176K) Class: 2527K(2816K)->2527K(2816K)
[2025-06-03T16:06:39.083+0530][372.389s] GC(286) Pause Young (Concurrent Start) (G1 Preventive Collection) 506M->496M(512M) 3.853ms
[2025-06-03T16:06:39.083+0530][372.389s] GC(286) User=0.01s Sys=0.01s Real=0.01s
[2025-06-03T16:06:39.083+0530][372.389s] GC(287) Concurrent Mark Cycle
[2025-06-03T16:06:39.083+0530][372.389s] GC(287) Concurrent Clear Claimed Marks
[2025-06-03T16:06:39.083+0530][372.389s] GC(287) Concurrent Clear Claimed Marks 0.055ms
[2025-06-03T16:06:39.083+0530][372.389s] GC(287) Concurrent Scan Root Regions
[2025-06-03T16:06:39.085+0530][372.390s] GC(287) Concurrent Scan Root Regions 1.530ms
[2025-06-03T16:06:39.085+0530][372.391s] GC(287) Concurrent Mark
[2025-06-03T16:06:39.085+0530][372.391s] GC(287) Concurrent Mark From Roots
[2025-06-03T16:06:39.085+0530][372.391s] GC(287) Using 2 workers of 2 for marking
[2025-06-03T16:06:39.242+0530][372.547s] GC(288) Pause Young (Normal) (G1 Preventive Collection)
[2025-06-03T16:06:39.242+0530][372.548s] GC(288) Using 8 workers of 8 for evacuation
[2025-06-03T16:06:39.246+0530][372.552s] GC(288) Skipped phase 1 of Reference Processing: no references
[2025-06-03T16:06:39.246+0530][372.552s] GC(288) Skipped phase 2 of Reference Processing: no references
[2025-06-03T16:06:39.246+0530][372.552s] GC(288) Skipped phase 3 of Reference Processing: no references
[2025-06-03T16:06:39.246+0530][372.552s] GC(288) ReferenceProcessor::execute queues: 1, RefProcThreadModel::Single, marks_oops_alive: false
[2025-06-03T16:06:39.246+0530][372.552s] GC(288)   Pre Evacuate Collection Set: 0.1ms
[2025-06-03T16:06:39.247+0530][372.552s] GC(288)   Merge Heap Roots: 0.0ms
[2025-06-03T16:06:39.247+0530][372.552s] GC(288)   Evacuate Collection Set: 4.0ms
[2025-06-03T16:06:39.247+0530][372.552s] GC(288)   Post Evacuate Collection Set: 0.3ms
[2025-06-03T16:06:39.247+0530][372.552s] GC(288)   Other: 0.2ms
[2025-06-03T16:06:39.247+0530][372.552s] GC(288) Eden regions: 10->0(23)
[2025-06-03T16:06:39.247+0530][372.552s] GC(288) Survivor regions: 1->2(2)
[2025-06-03T16:06:39.247+0530][372.552s] GC(288) Old regions: 497->497
[2025-06-03T16:06:39.247+0530][372.552s] GC(288) Archive regions: 2->2
[2025-06-03T16:06:39.247+0530][372.552s] GC(288) Humongous regions: 0->0
[2025-06-03T16:06:39.247+0530][372.552s] GC(288) Metaspace: 20302K(20992K)->20302K(20992K) NonClass: 17775K(18176K)->17775K(18176K) Class: 2527K(2816K)->2527K(2816K)
[2025-06-03T16:06:39.247+0530][372.552s] GC(288) Pause Young (Normal) (G1 Preventive Collection) 506M->496M(512M) 4.705ms
[2025-06-03T16:06:39.247+0530][372.552s] GC(288) User=0.02s Sys=0.01s Real=0.00s
[2025-06-03T16:06:39.382+0530][372.688s] GC(289) Pause Young (Normal) (G1 Preventive Collection)
[2025-06-03T16:06:39.382+0530][372.688s] GC(289) Using 8 workers of 8 for evacuation
[2025-06-03T16:06:39.387+0530][372.693s] GC(289) Skipped phase 1 of Reference Processing: no references
[2025-06-03T16:06:39.387+0530][372.693s] GC(289) Skipped phase 2 of Reference Processing: no references
[2025-06-03T16:06:39.387+0530][372.693s] GC(289) Skipped phase 3 of Reference Processing: no references
[2025-06-03T16:06:39.387+0530][372.693s] GC(289) ReferenceProcessor::execute queues: 1, RefProcThreadModel::Single, marks_oops_alive: false
[2025-06-03T16:06:39.389+0530][372.694s] GC(289) To-space exhausted
[2025-06-03T16:06:39.389+0530][372.694s] GC(289)   Pre Evacuate Collection Set: 0.1ms
[2025-06-03T16:06:39.389+0530][372.694s] GC(289)   Merge Heap Roots: 0.0ms
[2025-06-03T16:06:39.389+0530][372.694s] GC(289)   Evacuate Collection Set: 4.9ms
[2025-06-03T16:06:39.389+0530][372.694s] GC(289)   Post Evacuate Collection Set: 1.5ms
[2025-06-03T16:06:39.389+0530][372.694s] GC(289)   Other: 0.3ms
[2025-06-03T16:06:39.389+0530][372.694s] GC(289) Eden regions: 10->0(24)
[2025-06-03T16:06:39.389+0530][372.694s] GC(289) Survivor regions: 2->1(1)
[2025-06-03T16:06:39.389+0530][372.695s] GC(289) Old regions: 497->509
[2025-06-03T16:06:39.389+0530][372.695s] GC(289) Archive regions: 2->2
[2025-06-03T16:06:39.389+0530][372.695s] GC(289) Humongous regions: 0->0
[2025-06-03T16:06:39.389+0530][372.695s] GC(289) Metaspace: 20302K(20992K)->20302K(20992K) NonClass: 17775K(18176K)->17775K(18176K) Class: 2527K(2816K)->2527K(2816K)
[2025-06-03T16:06:39.389+0530][372.695s] GC(289) Pause Young (Normal) (G1 Preventive Collection) 506M->507M(512M) 6.935ms
[2025-06-03T16:06:39.389+0530][372.695s] GC(289) User=0.02s Sys=0.00s Real=0.00s
[2025-06-03T16:06:39.389+0530][372.695s] Attempting full compaction
[2025-06-03T16:06:39.389+0530][372.695s] GC(290) Using 8 workers of 8 for full compaction
[2025-06-03T16:06:39.389+0530][372.695s] GC(290) Pause Full (G1 Compaction Pause)
[2025-06-03T16:06:39.390+0530][372.695s] GC(290) Phase 1: Mark live objects
[2025-06-03T16:06:40.241+0530][373.546s] GC(290) ReferenceProcessor::execute queues: 8, RefProcThreadModel::Multi, marks_oops_alive: true
[2025-06-03T16:06:40.241+0530][373.546s] GC(290) ReferenceProcessor::execute queues: 2, RefProcThreadModel::Multi, marks_oops_alive: false
[2025-06-03T16:06:40.241+0530][373.547s] GC(290) Skipped phase 3 of Reference Processing: no references
[2025-06-03T16:06:40.241+0530][373.547s] GC(290) ReferenceProcessor::execute queues: 1, RefProcThreadModel::Single, marks_oops_alive: false
[2025-06-03T16:06:40.242+0530][373.548s] GC(290) Phase 1: Mark live objects 852.325ms
[2025-06-03T16:06:40.242+0530][373.548s] GC(290) Phase 2: Prepare for compaction
[2025-06-03T16:06:40.243+0530][373.549s] GC(290) Phase 2: Prepare for compaction 1.168ms
[2025-06-03T16:06:40.243+0530][373.549s] GC(290) Phase 3: Adjust pointers
[2025-06-03T16:06:40.301+0530][373.606s] GC(290) Phase 3: Adjust pointers 57.393ms
[2025-06-03T16:06:40.301+0530][373.606s] GC(290) Phase 4: Compact heap
[2025-06-03T16:06:40.302+0530][373.607s] GC(290) Phase 4: Compact heap 0.740ms
[2025-06-03T16:06:40.305+0530][373.611s] GC(290) Eden regions: 0->0(25)
[2025-06-03T16:06:40.305+0530][373.611s] GC(290) Survivor regions: 1->0(1)
[2025-06-03T16:06:40.305+0530][373.611s] GC(290) Old regions: 509->498
[2025-06-03T16:06:40.305+0530][373.611s] GC(290) Archive regions: 2->2
[2025-06-03T16:06:40.305+0530][373.611s] GC(290) Humongous regions: 0->0
[2025-06-03T16:06:40.305+0530][373.611s] GC(290) Metaspace: 20302K(20992K)->20302K(20992K) NonClass: 17775K(18176K)->17775K(18176K) Class: 2527K(2816K)->2527K(2816K)
[2025-06-03T16:06:40.305+0530][373.611s] GC(290) Pause Full (G1 Compaction Pause) 507M->496M(512M) 916.143ms
[2025-06-03T16:06:40.306+0530][373.611s] GC(290) User=2.15s Sys=0.06s Real=0.92s
[2025-06-03T16:06:40.306+0530][373.611s] GC(287) Concurrent Mark From Roots 1220.705ms
[2025-06-03T16:06:40.306+0530][373.611s] GC(287) Concurrent Mark Abort
[2025-06-03T16:06:40.306+0530][373.611s] GC(287) Concurrent Mark Cycle 1222.525ms
[2025-06-03T16:06:40.439+0530][373.744s] GC(291) Pause Young (Normal) (G1 Preventive Collection)
[2025-06-03T16:06:40.439+0530][373.744s] GC(291) Using 8 workers of 8 for evacuation
[2025-06-03T16:06:40.441+0530][373.746s] GC(291) Skipped phase 1 of Reference Processing: no references
[2025-06-03T16:06:40.441+0530][373.746s] GC(291) Skipped phase 2 of Reference Processing: no references
[2025-06-03T16:06:40.441+0530][373.746s] GC(291) Skipped phase 3 of Reference Processing: no references
[2025-06-03T16:06:40.441+0530][373.746s] GC(291) Skipped phase 4 of Reference Processing: no references
[2025-06-03T16:06:40.441+0530][373.747s] GC(291)   Pre Evacuate Collection Set: 0.1ms
[2025-06-03T16:06:40.441+0530][373.747s] GC(291)   Merge Heap Roots: 0.0ms
[2025-06-03T16:06:40.441+0530][373.747s] GC(291)   Evacuate Collection Set: 1.6ms
[2025-06-03T16:06:40.441+0530][373.747s] GC(291)   Post Evacuate Collection Set: 0.3ms
[2025-06-03T16:06:40.441+0530][373.747s] GC(291)   Other: 0.2ms
[2025-06-03T16:06:40.441+0530][373.747s] GC(291) Eden regions: 11->0(24)
[2025-06-03T16:06:40.441+0530][373.747s] GC(291) Survivor regions: 0->1(1)
[2025-06-03T16:06:40.441+0530][373.747s] GC(291) Old regions: 498->498
[2025-06-03T16:06:40.441+0530][373.747s] GC(291) Archive regions: 2->2
[2025-06-03T16:06:40.441+0530][373.747s] GC(291) Humongous regions: 0->0
[2025-06-03T16:06:40.441+0530][373.747s] GC(291) Metaspace: 20302K(20992K)->20302K(20992K) NonClass: 17775K(18176K)->17775K(18176K) Class: 2527K(2816K)->2527K(2816K)
[2025-06-03T16:06:40.441+0530][373.747s] GC(291) Pause Young (Normal) (G1 Preventive Collection) 507M->497M(512M) 2.357ms
[2025-06-03T16:06:40.441+0530][373.747s] GC(291) User=0.00s Sys=0.00s Real=0.01s
[2025-06-03T16:06:40.571+0530][373.877s] GC(292) Pause Young (Concurrent Start) (G1 Preventive Collection)
[2025-06-03T16:06:40.571+0530][373.877s] GC(292) Using 8 workers of 8 for evacuation
[2025-06-03T16:06:40.574+0530][373.880s] GC(292) Skipped phase 1 of Reference Processing: no references
[2025-06-03T16:06:40.574+0530][373.880s] GC(292) Skipped phase 2 of Reference Processing: no references
[2025-06-03T16:06:40.574+0530][373.880s] GC(292) Skipped phase 3 of Reference Processing: no references
[2025-06-03T16:06:40.574+0530][373.880s] GC(292) Skipped phase 4 of Reference Processing: no references
[2025-06-03T16:06:40.575+0530][373.880s] GC(292)   Pre Evacuate Collection Set: 0.1ms
[2025-06-03T16:06:40.575+0530][373.880s] GC(292)   Merge Heap Roots: 0.0ms
[2025-06-03T16:06:40.575+0530][373.880s] GC(292)   Evacuate Collection Set: 2.6ms
[2025-06-03T16:06:40.575+0530][373.880s] GC(292)   Post Evacuate Collection Set: 0.4ms
[2025-06-03T16:06:40.575+0530][373.880s] GC(292)   Other: 0.2ms
[2025-06-03T16:06:40.575+0530][373.880s] GC(292) Eden regions: 10->0(24)
[2025-06-03T16:06:40.575+0530][373.880s] GC(292) Survivor regions: 1->1(1)
[2025-06-03T16:06:40.575+0530][373.880s] GC(292) Old regions: 498->498
[2025-06-03T16:06:40.575+0530][373.880s] GC(292) Archive regions: 2->2
[2025-06-03T16:06:40.575+0530][373.880s] GC(292) Humongous regions: 0->0
[2025-06-03T16:06:40.575+0530][373.880s] GC(292) Metaspace: 20302K(20992K)->20302K(20992K) NonClass: 17775K(18176K)->17775K(18176K) Class: 2527K(2816K)->2527K(2816K)
[2025-06-03T16:06:40.575+0530][373.880s] GC(292) Pause Young (Concurrent Start) (G1 Preventive Collection) 507M->497M(512M) 3.378ms
[2025-06-03T16:06:40.575+0530][373.880s] GC(292) User=0.01s Sys=0.00s Real=0.00s
[2025-06-03T16:06:40.575+0530][373.880s] GC(293) Concurrent Mark Cycle
[2025-06-03T16:06:40.575+0530][373.880s] GC(293) Concurrent Clear Claimed Marks
[2025-06-03T16:06:40.575+0530][373.880s] GC(293) Concurrent Clear Claimed Marks 0.019ms
[2025-06-03T16:06:40.575+0530][373.880s] GC(293) Concurrent Scan Root Regions
[2025-06-03T16:06:40.576+0530][373.881s] GC(293) Concurrent Scan Root Regions 0.924ms
[2025-06-03T16:06:40.576+0530][373.881s] GC(293) Concurrent Mark
[2025-06-03T16:06:40.576+0530][373.881s] GC(293) Concurrent Mark From Roots
[2025-06-03T16:06:40.576+0530][373.881s] GC(293) Using 2 workers of 2 for marking
[2025-06-03T16:06:40.697+0530][374.003s] GC(294) Pause Young (Normal) (G1 Preventive Collection)
[2025-06-03T16:06:40.697+0530][374.003s] GC(294) Using 8 workers of 8 for evacuation
[2025-06-03T16:06:40.701+0530][374.007s] GC(294) Skipped phase 1 of Reference Processing: no references
[2025-06-03T16:06:40.701+0530][374.007s] GC(294) Skipped phase 2 of Reference Processing: no references
[2025-06-03T16:06:40.701+0530][374.007s] GC(294) Skipped phase 3 of Reference Processing: no references
[2025-06-03T16:06:40.701+0530][374.007s] GC(294) Skipped phase 4 of Reference Processing: no references
[2025-06-03T16:06:40.702+0530][374.007s] GC(294)   Pre Evacuate Collection Set: 0.1ms
[2025-06-03T16:06:40.702+0530][374.007s] GC(294)   Merge Heap Roots: 0.1ms
[2025-06-03T16:06:40.702+0530][374.007s] GC(294)   Evacuate Collection Set: 4.0ms
[2025-06-03T16:06:40.702+0530][374.007s] GC(294)   Post Evacuate Collection Set: 0.4ms
[2025-06-03T16:06:40.702+0530][374.007s] GC(294)   Other: 0.2ms
[2025-06-03T16:06:40.702+0530][374.007s] GC(294) Eden regions: 9->0(23)
[2025-06-03T16:06:40.702+0530][374.007s] GC(294) Survivor regions: 1->2(2)
[2025-06-03T16:06:40.702+0530][374.008s] GC(294) Old regions: 498->498
[2025-06-03T16:06:40.702+0530][374.008s] GC(294) Archive regions: 2->2
[2025-06-03T16:06:40.702+0530][374.008s] GC(294) Humongous regions: 0->0
[2025-06-03T16:06:40.702+0530][374.008s] GC(294) Metaspace: 20302K(20992K)->20302K(20992K) NonClass: 17775K(18176K)->17775K(18176K) Class: 2527K(2816K)->2527K(2816K)
[2025-06-03T16:06:40.702+0530][374.008s] GC(294) Pause Young (Normal) (G1 Preventive Collection) 506M->498M(512M) 4.973ms
[2025-06-03T16:06:40.702+0530][374.008s] GC(294) User=0.01s Sys=0.00s Real=0.01s
[2025-06-03T16:06:40.820+0530][374.125s] GC(295) Pause Young (Normal) (G1 Preventive Collection)
[2025-06-03T16:06:40.820+0530][374.125s] GC(295) Using 8 workers of 8 for evacuation
[2025-06-03T16:06:40.824+0530][374.130s] GC(295) Skipped phase 1 of Reference Processing: no references
[2025-06-03T16:06:40.824+0530][374.130s] GC(295) Skipped phase 2 of Reference Processing: no references
[2025-06-03T16:06:40.824+0530][374.130s] GC(295) Skipped phase 3 of Reference Processing: no references
[2025-06-03T16:06:40.824+0530][374.130s] GC(295) Skipped phase 4 of Reference Processing: no references
[2025-06-03T16:06:40.826+0530][374.131s] GC(295) To-space exhausted
[2025-06-03T16:06:40.826+0530][374.131s] GC(295)   Pre Evacuate Collection Set: 0.1ms
[2025-06-03T16:06:40.826+0530][374.131s] GC(295)   Merge Heap Roots: 0.0ms
[2025-06-03T16:06:40.826+0530][374.131s] GC(295)   Evacuate Collection Set: 4.6ms
[2025-06-03T16:06:40.826+0530][374.132s] GC(295)   Post Evacuate Collection Set: 1.4ms
[2025-06-03T16:06:40.826+0530][374.132s] GC(295)   Other: 0.3ms
[2025-06-03T16:06:40.826+0530][374.132s] GC(295) Eden regions: 9->0(24)
[2025-06-03T16:06:40.826+0530][374.132s] GC(295) Survivor regions: 2->1(1)
[2025-06-03T16:06:40.826+0530][374.132s] GC(295) Old regions: 498->509
[2025-06-03T16:06:40.826+0530][374.132s] GC(295) Archive regions: 2->2
[2025-06-03T16:06:40.826+0530][374.132s] GC(295) Humongous regions: 0->0
[2025-06-03T16:06:40.826+0530][374.132s] GC(295) Metaspace: 20302K(20992K)->20302K(20992K) NonClass: 17775K(18176K)->17775K(18176K) Class: 2527K(2816K)->2527K(2816K)
[2025-06-03T16:06:40.826+0530][374.132s] GC(295) Pause Young (Normal) (G1 Preventive Collection) 507M->508M(512M) 6.546ms
[2025-06-03T16:06:40.826+0530][374.132s] GC(295) User=0.02s Sys=0.00s Real=0.00s
[2025-06-03T16:06:40.826+0530][374.132s] Attempting full compaction
[2025-06-03T16:06:40.826+0530][374.132s] GC(296) Using 8 workers of 8 for full compaction
[2025-06-03T16:06:40.826+0530][374.132s] GC(296) Pause Full (G1 Compaction Pause)
[2025-06-03T16:06:40.827+0530][374.132s] GC(296) Phase 1: Mark live objects
[2025-06-03T16:06:41.686+0530][374.991s] GC(296) ReferenceProcessor::execute queues: 8, RefProcThreadModel::Multi, marks_oops_alive: true
[2025-06-03T16:06:41.686+0530][374.991s] GC(296) ReferenceProcessor::execute queues: 2, RefProcThreadModel::Multi, marks_oops_alive: false
[2025-06-03T16:06:41.686+0530][374.991s] GC(296) Skipped phase 3 of Reference Processing: no references
[2025-06-03T16:06:41.686+0530][374.992s] GC(296) ReferenceProcessor::execute queues: 1, RefProcThreadModel::Single, marks_oops_alive: false
[2025-06-03T16:06:41.687+0530][374.993s] GC(296) Phase 1: Mark live objects 860.293ms
[2025-06-03T16:06:41.687+0530][374.993s] GC(296) Phase 2: Prepare for compaction
[2025-06-03T16:06:41.688+0530][374.994s] GC(296) Phase 2: Prepare for compaction 0.807ms
[2025-06-03T16:06:41.688+0530][374.994s] GC(296) Phase 3: Adjust pointers
[2025-06-03T16:06:41.743+0530][375.049s] GC(296) Phase 3: Adjust pointers 55.309ms
[2025-06-03T16:06:41.743+0530][375.049s] GC(296) Phase 4: Compact heap
[2025-06-03T16:06:41.744+0530][375.050s] GC(296) Phase 4: Compact heap 0.636ms
[2025-06-03T16:06:41.748+0530][375.053s] GC(296) Eden regions: 0->0(25)
[2025-06-03T16:06:41.748+0530][375.053s] GC(296) Survivor regions: 1->0(1)
[2025-06-03T16:06:41.748+0530][375.053s] GC(296) Old regions: 509->500
[2025-06-03T16:06:41.748+0530][375.053s] GC(296) Archive regions: 2->2
[2025-06-03T16:06:41.748+0530][375.053s] GC(296) Humongous regions: 0->0
[2025-06-03T16:06:41.748+0530][375.053s] GC(296) Metaspace: 20302K(20992K)->20302K(20992K) NonClass: 17775K(18176K)->17775K(18176K) Class: 2527K(2816K)->2527K(2816K)
[2025-06-03T16:06:41.748+0530][375.053s] GC(296) Pause Full (G1 Compaction Pause) 508M->498M(512M) 921.548ms
[2025-06-03T16:06:41.748+0530][375.054s] GC(296) User=2.15s Sys=0.06s Real=0.92s
[2025-06-03T16:06:41.748+0530][375.054s] GC(293) Concurrent Mark From Roots 1172.284ms
[2025-06-03T16:06:41.748+0530][375.054s] GC(293) Concurrent Mark Abort
[2025-06-03T16:06:41.748+0530][375.054s] GC(293) Concurrent Mark Cycle 1173.457ms
[2025-06-03T16:06:41.861+0530][375.167s] GC(297) Pause Young (Normal) (G1 Preventive Collection)
[2025-06-03T16:06:41.861+0530][375.167s] GC(297) Using 8 workers of 8 for evacuation
[2025-06-03T16:06:41.863+0530][375.168s] GC(297) Skipped phase 1 of Reference Processing: no references
[2025-06-03T16:06:41.863+0530][375.168s] GC(297) Skipped phase 2 of Reference Processing: no references
[2025-06-03T16:06:41.863+0530][375.168s] GC(297) Skipped phase 3 of Reference Processing: no references
[2025-06-03T16:06:41.863+0530][375.168s] GC(297) Skipped phase 4 of Reference Processing: no references
[2025-06-03T16:06:41.863+0530][375.169s] GC(297)   Pre Evacuate Collection Set: 0.1ms
[2025-06-03T16:06:41.863+0530][375.169s] GC(297)   Merge Heap Roots: 0.0ms
[2025-06-03T16:06:41.863+0530][375.169s] GC(297)   Evacuate Collection Set: 1.2ms
[2025-06-03T16:06:41.863+0530][375.169s] GC(297)   Post Evacuate Collection Set: 0.3ms
[2025-06-03T16:06:41.863+0530][375.169s] GC(297)   Other: 0.2ms
[2025-06-03T16:06:41.863+0530][375.169s] GC(297) Eden regions: 9->0(24)
[2025-06-03T16:06:41.863+0530][375.169s] GC(297) Survivor regions: 0->1(1)
[2025-06-03T16:06:41.863+0530][375.169s] GC(297) Old regions: 500->500
[2025-06-03T16:06:41.863+0530][375.169s] GC(297) Archive regions: 2->2
[2025-06-03T16:06:41.863+0530][375.169s] GC(297) Humongous regions: 0->0
[2025-06-03T16:06:41.863+0530][375.169s] GC(297) Metaspace: 20302K(20992K)->20302K(20992K) NonClass: 17775K(18176K)->17775K(18176K) Class: 2527K(2816K)->2527K(2816K)
[2025-06-03T16:06:41.863+0530][375.169s] GC(297) Pause Young (Normal) (G1 Preventive Collection) 507M->498M(512M) 1.896ms
[2025-06-03T16:06:41.863+0530][375.169s] GC(297) User=0.01s Sys=0.00s Real=0.00s
[2025-06-03T16:06:41.966+0530][375.271s] GC(298) Pause Young (Concurrent Start) (G1 Preventive Collection)
[2025-06-03T16:06:41.966+0530][375.271s] GC(298) Using 8 workers of 8 for evacuation
[2025-06-03T16:06:41.968+0530][375.274s] GC(298) Skipped phase 1 of Reference Processing: no references
[2025-06-03T16:06:41.968+0530][375.274s] GC(298) Skipped phase 2 of Reference Processing: no references
[2025-06-03T16:06:41.968+0530][375.274s] GC(298) Skipped phase 3 of Reference Processing: no references
[2025-06-03T16:06:41.968+0530][375.274s] GC(298) Skipped phase 4 of Reference Processing: no references
[2025-06-03T16:06:41.969+0530][375.274s] GC(298)   Pre Evacuate Collection Set: 0.1ms
[2025-06-03T16:06:41.969+0530][375.274s] GC(298)   Merge Heap Roots: 0.0ms
[2025-06-03T16:06:41.969+0530][375.274s] GC(298)   Evacuate Collection Set: 2.2ms
[2025-06-03T16:06:41.969+0530][375.274s] GC(298)   Post Evacuate Collection Set: 0.3ms
[2025-06-03T16:06:41.969+0530][375.274s] GC(298)   Other: 0.2ms
[2025-06-03T16:06:41.969+0530][375.274s] GC(298) Eden regions: 8->0(24)
[2025-06-03T16:06:41.969+0530][375.274s] GC(298) Survivor regions: 1->1(1)
[2025-06-03T16:06:41.969+0530][375.274s] GC(298) Old regions: 500->500
[2025-06-03T16:06:41.969+0530][375.274s] GC(298) Archive regions: 2->2
[2025-06-03T16:06:41.969+0530][375.274s] GC(298) Humongous regions: 0->0
[2025-06-03T16:06:41.969+0530][375.274s] GC(298) Metaspace: 20302K(20992K)->20302K(20992K) NonClass: 17775K(18176K)->17775K(18176K) Class: 2527K(2816K)->2527K(2816K)
[2025-06-03T16:06:41.969+0530][375.274s] GC(298) Pause Young (Concurrent Start) (G1 Preventive Collection) 506M->499M(512M) 3.030ms
[2025-06-03T16:06:41.969+0530][375.274s] GC(298) User=0.01s Sys=0.01s Real=0.00s
[2025-06-03T16:06:41.969+0530][375.275s] GC(299) Concurrent Mark Cycle
[2025-06-03T16:06:41.969+0530][375.275s] GC(299) Concurrent Clear Claimed Marks
[2025-06-03T16:06:41.969+0530][375.275s] GC(299) Concurrent Clear Claimed Marks 0.025ms
[2025-06-03T16:06:41.969+0530][375.275s] GC(299) Concurrent Scan Root Regions
[2025-06-03T16:06:41.970+0530][375.276s] GC(299) Concurrent Scan Root Regions 0.892ms
[2025-06-03T16:06:41.970+0530][375.276s] GC(299) Concurrent Mark
[2025-06-03T16:06:41.970+0530][375.276s] GC(299) Concurrent Mark From Roots
[2025-06-03T16:06:41.970+0530][375.276s] GC(299) Using 2 workers of 2 for marking
[2025-06-03T16:06:42.076+0530][375.381s] GC(300) Pause Young (Normal) (G1 Preventive Collection)
[2025-06-03T16:06:42.076+0530][375.381s] GC(300) Using 8 workers of 8 for evacuation
[2025-06-03T16:06:42.079+0530][375.385s] GC(300) Skipped phase 1 of Reference Processing: no references
[2025-06-03T16:06:42.079+0530][375.385s] GC(300) Skipped phase 2 of Reference Processing: no references
[2025-06-03T16:06:42.079+0530][375.385s] GC(300) Skipped phase 3 of Reference Processing: no references
[2025-06-03T16:06:42.079+0530][375.385s] GC(300) Skipped phase 4 of Reference Processing: no references
[2025-06-03T16:06:42.080+0530][375.386s] GC(300) To-space exhausted
[2025-06-03T16:06:42.080+0530][375.386s] GC(300)   Pre Evacuate Collection Set: 0.1ms
[2025-06-03T16:06:42.080+0530][375.386s] GC(300)   Merge Heap Roots: 0.1ms
[2025-06-03T16:06:42.080+0530][375.386s] GC(300)   Evacuate Collection Set: 3.2ms
[2025-06-03T16:06:42.080+0530][375.386s] GC(300)   Post Evacuate Collection Set: 0.8ms
[2025-06-03T16:06:42.080+0530][375.386s] GC(300)   Other: 0.2ms
[2025-06-03T16:06:42.080+0530][375.386s] GC(300) Eden regions: 8->0(24)
[2025-06-03T16:06:42.080+0530][375.386s] GC(300) Survivor regions: 1->1(1)
[2025-06-03T16:06:42.080+0530][375.386s] GC(300) Old regions: 500->502
[2025-06-03T16:06:42.080+0530][375.386s] GC(300) Archive regions: 2->2
[2025-06-03T16:06:42.080+0530][375.386s] GC(300) Humongous regions: 0->0
[2025-06-03T16:06:42.080+0530][375.386s] GC(300) Metaspace: 20302K(20992K)->20302K(20992K) NonClass: 17775K(18176K)->17775K(18176K) Class: 2527K(2816K)->2527K(2816K)
[2025-06-03T16:06:42.080+0530][375.386s] GC(300) Pause Young (Normal) (G1 Preventive Collection) 507M->501M(512M) 4.409ms
[2025-06-03T16:06:42.080+0530][375.386s] GC(300) User=0.01s Sys=0.00s Real=0.01s
[2025-06-03T16:06:42.147+0530][375.452s] GC(301) Pause Young (Normal) (G1 Preventive Collection)
[2025-06-03T16:06:42.147+0530][375.452s] GC(301) Using 8 workers of 8 for evacuation
[2025-06-03T16:06:42.150+0530][375.455s] GC(301) Skipped phase 1 of Reference Processing: no references
[2025-06-03T16:06:42.150+0530][375.455s] GC(301) Skipped phase 2 of Reference Processing: no references
[2025-06-03T16:06:42.150+0530][375.455s] GC(301) Skipped phase 3 of Reference Processing: no references
[2025-06-03T16:06:42.150+0530][375.455s] GC(301) Skipped phase 4 of Reference Processing: no references
[2025-06-03T16:06:42.150+0530][375.456s] GC(301)   Pre Evacuate Collection Set: 0.1ms
[2025-06-03T16:06:42.150+0530][375.456s] GC(301)   Merge Heap Roots: 0.1ms
[2025-06-03T16:06:42.150+0530][375.456s] GC(301)   Evacuate Collection Set: 2.8ms
[2025-06-03T16:06:42.150+0530][375.456s] GC(301)   Post Evacuate Collection Set: 0.3ms
[2025-06-03T16:06:42.150+0530][375.456s] GC(301)   Other: 0.2ms
[2025-06-03T16:06:42.150+0530][375.456s] GC(301) Eden regions: 5->0(23)
[2025-06-03T16:06:42.150+0530][375.456s] GC(301) Survivor regions: 1->2(2)
[2025-06-03T16:06:42.150+0530][375.456s] GC(301) Old regions: 502->502
[2025-06-03T16:06:42.150+0530][375.456s] GC(301) Archive regions: 2->2
[2025-06-03T16:06:42.150+0530][375.456s] GC(301) Humongous regions: 0->0
[2025-06-03T16:06:42.150+0530][375.456s] GC(301) Metaspace: 20302K(20992K)->20302K(20992K) NonClass: 17775K(18176K)->17775K(18176K) Class: 2527K(2816K)->2527K(2816K)
[2025-06-03T16:06:42.150+0530][375.456s] GC(301) Pause Young (Normal) (G1 Preventive Collection) 506M->501M(512M) 3.585ms
[2025-06-03T16:06:42.150+0530][375.456s] GC(301) User=0.01s Sys=0.00s Real=0.01s
[2025-06-03T16:06:42.217+0530][375.523s] GC(302) Pause Young (Normal) (G1 Preventive Collection)
[2025-06-03T16:06:42.218+0530][375.523s] GC(302) Using 8 workers of 8 for evacuation
[2025-06-03T16:06:42.221+0530][375.526s] GC(302) Skipped phase 1 of Reference Processing: no references
[2025-06-03T16:06:42.221+0530][375.526s] GC(302) Skipped phase 2 of Reference Processing: no references
[2025-06-03T16:06:42.221+0530][375.526s] GC(302) Skipped phase 3 of Reference Processing: no references
[2025-06-03T16:06:42.221+0530][375.526s] GC(302) Skipped phase 4 of Reference Processing: no references
[2025-06-03T16:06:42.222+0530][375.527s] GC(302) To-space exhausted
[2025-06-03T16:06:42.222+0530][375.527s] GC(302)   Pre Evacuate Collection Set: 0.1ms
[2025-06-03T16:06:42.222+0530][375.527s] GC(302)   Merge Heap Roots: 0.1ms
[2025-06-03T16:06:42.222+0530][375.527s] GC(302)   Evacuate Collection Set: 2.9ms
[2025-06-03T16:06:42.222+0530][375.527s] GC(302)   Post Evacuate Collection Set: 0.9ms
[2025-06-03T16:06:42.222+0530][375.527s] GC(302)   Other: 0.2ms
[2025-06-03T16:06:42.222+0530][375.527s] GC(302) Eden regions: 5->0(24)
[2025-06-03T16:06:42.222+0530][375.527s] GC(302) Survivor regions: 2->1(1)
[2025-06-03T16:06:42.222+0530][375.527s] GC(302) Old regions: 502->504
[2025-06-03T16:06:42.222+0530][375.527s] GC(302) Archive regions: 2->2
[2025-06-03T16:06:42.222+0530][375.527s] GC(302) Humongous regions: 0->0
[2025-06-03T16:06:42.222+0530][375.527s] GC(302) Metaspace: 20302K(20992K)->20302K(20992K) NonClass: 17775K(18176K)->17775K(18176K) Class: 2527K(2816K)->2527K(2816K)
[2025-06-03T16:06:42.222+0530][375.527s] GC(302) Pause Young (Normal) (G1 Preventive Collection) 506M->502M(512M) 4.255ms
[2025-06-03T16:06:42.222+0530][375.527s] GC(302) User=0.01s Sys=0.01s Real=0.01s
[2025-06-03T16:06:42.275+0530][375.580s] GC(303) Pause Young (Normal) (G1 Preventive Collection)
[2025-06-03T16:06:42.275+0530][375.581s] GC(303) Using 8 workers of 8 for evacuation
[2025-06-03T16:06:42.277+0530][375.583s] GC(303) Skipped phase 1 of Reference Processing: no references
[2025-06-03T16:06:42.277+0530][375.583s] GC(303) Skipped phase 2 of Reference Processing: no references
[2025-06-03T16:06:42.277+0530][375.583s] GC(303) Skipped phase 3 of Reference Processing: no references
[2025-06-03T16:06:42.277+0530][375.583s] GC(303) Skipped phase 4 of Reference Processing: no references
[2025-06-03T16:06:42.278+0530][375.584s] GC(303) To-space exhausted
[2025-06-03T16:06:42.278+0530][375.584s] GC(303)   Pre Evacuate Collection Set: 0.1ms
[2025-06-03T16:06:42.278+0530][375.584s] GC(303)   Merge Heap Roots: 0.0ms
[2025-06-03T16:06:42.278+0530][375.584s] GC(303)   Evacuate Collection Set: 2.1ms
[2025-06-03T16:06:42.278+0530][375.584s] GC(303)   Post Evacuate Collection Set: 0.8ms
[2025-06-03T16:06:42.278+0530][375.584s] GC(303)   Other: 0.2ms
[2025-06-03T16:06:42.278+0530][375.584s] GC(303) Eden regions: 4->0(24)
[2025-06-03T16:06:42.278+0530][375.584s] GC(303) Survivor regions: 1->1(1)
[2025-06-03T16:06:42.278+0530][375.584s] GC(303) Old regions: 504->509
[2025-06-03T16:06:42.278+0530][375.584s] GC(303) Archive regions: 2->2
[2025-06-03T16:06:42.278+0530][375.584s] GC(303) Humongous regions: 0->0
[2025-06-03T16:06:42.278+0530][375.584s] GC(303) Metaspace: 20302K(20992K)->20302K(20992K) NonClass: 17775K(18176K)->17775K(18176K) Class: 2527K(2816K)->2527K(2816K)
[2025-06-03T16:06:42.278+0530][375.584s] GC(303) Pause Young (Normal) (G1 Preventive Collection) 506M->507M(512M) 3.465ms
[2025-06-03T16:06:42.278+0530][375.584s] GC(303) User=0.02s Sys=0.00s Real=0.00s
[2025-06-03T16:06:42.278+0530][375.584s] Attempting full compaction
[2025-06-03T16:06:42.278+0530][375.584s] GC(304) Using 8 workers of 8 for full compaction
[2025-06-03T16:06:42.279+0530][375.584s] GC(304) Pause Full (G1 Compaction Pause)
[2025-06-03T16:06:42.279+0530][375.585s] GC(304) Phase 1: Mark live objects
[2025-06-03T16:06:43.155+0530][376.461s] GC(304) ReferenceProcessor::execute queues: 8, RefProcThreadModel::Multi, marks_oops_alive: true
[2025-06-03T16:06:43.156+0530][376.461s] GC(304) ReferenceProcessor::execute queues: 2, RefProcThreadModel::Multi, marks_oops_alive: false
[2025-06-03T16:06:43.156+0530][376.461s] GC(304) Skipped phase 3 of Reference Processing: no references
[2025-06-03T16:06:43.156+0530][376.461s] GC(304) ReferenceProcessor::execute queues: 1, RefProcThreadModel::Single, marks_oops_alive: false
[2025-06-03T16:06:43.157+0530][376.462s] GC(304) Phase 1: Mark live objects 877.672ms
[2025-06-03T16:06:43.157+0530][376.462s] GC(304) Phase 2: Prepare for compaction
[2025-06-03T16:06:43.158+0530][376.463s] GC(304) Phase 2: Prepare for compaction 0.967ms
[2025-06-03T16:06:43.158+0530][376.463s] GC(304) Phase 3: Adjust pointers
[2025-06-03T16:06:43.214+0530][376.520s] GC(304) Phase 3: Adjust pointers 56.456ms
[2025-06-03T16:06:43.214+0530][376.520s] GC(304) Phase 4: Compact heap
[2025-06-03T16:06:43.215+0530][376.521s] GC(304) Phase 4: Compact heap 0.579ms
[2025-06-03T16:06:43.218+0530][376.524s] GC(304) Eden regions: 0->0(25)
[2025-06-03T16:06:43.218+0530][376.524s] GC(304) Survivor regions: 1->0(1)
[2025-06-03T16:06:43.218+0530][376.524s] GC(304) Old regions: 509->502
[2025-06-03T16:06:43.218+0530][376.524s] GC(304) Archive regions: 2->2
[2025-06-03T16:06:43.218+0530][376.524s] GC(304) Humongous regions: 0->0
[2025-06-03T16:06:43.218+0530][376.524s] GC(304) Metaspace: 20302K(20992K)->20302K(20992K) NonClass: 17775K(18176K)->17775K(18176K) Class: 2527K(2816K)->2527K(2816K)
[2025-06-03T16:06:43.218+0530][376.524s] GC(304) Pause Full (G1 Compaction Pause) 507M->500M(512M) 939.906ms
[2025-06-03T16:06:43.219+0530][376.524s] GC(304) User=2.17s Sys=0.07s Real=0.94s
[2025-06-03T16:06:43.219+0530][376.524s] GC(299) Concurrent Mark From Roots 1248.819ms
[2025-06-03T16:06:43.219+0530][376.524s] GC(299) Concurrent Mark Abort
[2025-06-03T16:06:43.219+0530][376.524s] GC(299) Concurrent Mark Cycle 1249.925ms
[2025-06-03T16:06:43.295+0530][376.601s] GC(305) Pause Young (Normal) (G1 Preventive Collection)
[2025-06-03T16:06:43.295+0530][376.601s] GC(305) Using 8 workers of 8 for evacuation
[2025-06-03T16:06:43.296+0530][376.602s] GC(305) Skipped phase 1 of Reference Processing: no references
[2025-06-03T16:06:43.296+0530][376.602s] GC(305) Skipped phase 2 of Reference Processing: no references
[2025-06-03T16:06:43.296+0530][376.602s] GC(305) Skipped phase 3 of Reference Processing: no references
[2025-06-03T16:06:43.296+0530][376.602s] GC(305) Skipped phase 4 of Reference Processing: no references
[2025-06-03T16:06:43.297+0530][376.602s] GC(305)   Pre Evacuate Collection Set: 0.1ms
[2025-06-03T16:06:43.297+0530][376.602s] GC(305)   Merge Heap Roots: 0.0ms
[2025-06-03T16:06:43.297+0530][376.602s] GC(305)   Evacuate Collection Set: 0.9ms
[2025-06-03T16:06:43.297+0530][376.602s] GC(305)   Post Evacuate Collection Set: 0.2ms
[2025-06-03T16:06:43.297+0530][376.602s] GC(305)   Other: 0.2ms
[2025-06-03T16:06:43.297+0530][376.602s] GC(305) Eden regions: 7->0(24)
[2025-06-03T16:06:43.297+0530][376.602s] GC(305) Survivor regions: 0->1(1)
[2025-06-03T16:06:43.297+0530][376.602s] GC(305) Old regions: 502->502
[2025-06-03T16:06:43.297+0530][376.602s] GC(305) Archive regions: 2->2
[2025-06-03T16:06:43.297+0530][376.602s] GC(305) Humongous regions: 0->0
[2025-06-03T16:06:43.297+0530][376.602s] GC(305) Metaspace: 20302K(20992K)->20302K(20992K) NonClass: 17775K(18176K)->17775K(18176K) Class: 2527K(2816K)->2527K(2816K)
[2025-06-03T16:06:43.297+0530][376.602s] GC(305) Pause Young (Normal) (G1 Preventive Collection) 507M->500M(512M) 1.547ms
[2025-06-03T16:06:43.297+0530][376.602s] GC(305) User=0.01s Sys=0.00s Real=0.00s
[2025-06-03T16:06:43.375+0530][376.681s] GC(306) Pause Young (Concurrent Start) (G1 Preventive Collection)
[2025-06-03T16:06:43.375+0530][376.681s] GC(306) Using 8 workers of 8 for evacuation
[2025-06-03T16:06:43.377+0530][376.683s] GC(306) Skipped phase 1 of Reference Processing: no references
[2025-06-03T16:06:43.377+0530][376.683s] GC(306) Skipped phase 2 of Reference Processing: no references
[2025-06-03T16:06:43.377+0530][376.683s] GC(306) Skipped phase 3 of Reference Processing: no references
[2025-06-03T16:06:43.377+0530][376.683s] GC(306) Skipped phase 4 of Reference Processing: no references
[2025-06-03T16:06:43.377+0530][376.683s] GC(306)   Pre Evacuate Collection Set: 0.1ms
[2025-06-03T16:06:43.377+0530][376.683s] GC(306)   Merge Heap Roots: 0.0ms
[2025-06-03T16:06:43.378+0530][376.683s] GC(306)   Evacuate Collection Set: 1.8ms
[2025-06-03T16:06:43.378+0530][376.683s] GC(306)   Post Evacuate Collection Set: 0.4ms
[2025-06-03T16:06:43.378+0530][376.683s] GC(306)   Other: 0.2ms
[2025-06-03T16:06:43.378+0530][376.683s] GC(306) Eden regions: 6->0(24)
[2025-06-03T16:06:43.378+0530][376.683s] GC(306) Survivor regions: 1->1(1)
[2025-06-03T16:06:43.378+0530][376.683s] GC(306) Old regions: 502->502
[2025-06-03T16:06:43.378+0530][376.683s] GC(306) Archive regions: 2->2
[2025-06-03T16:06:43.378+0530][376.683s] GC(306) Humongous regions: 0->0
[2025-06-03T16:06:43.378+0530][376.683s] GC(306) Metaspace: 20302K(20992K)->20302K(20992K) NonClass: 17775K(18176K)->17775K(18176K) Class: 2527K(2816K)->2527K(2816K)
[2025-06-03T16:06:43.378+0530][376.683s] GC(306) Pause Young (Concurrent Start) (G1 Preventive Collection) 506M->500M(512M) 2.585ms
[2025-06-03T16:06:43.378+0530][376.683s] GC(306) User=0.01s Sys=0.00s Real=0.00s
[2025-06-03T16:06:43.378+0530][376.683s] GC(307) Concurrent Mark Cycle
[2025-06-03T16:06:43.378+0530][376.683s] GC(307) Concurrent Clear Claimed Marks
[2025-06-03T16:06:43.378+0530][376.683s] GC(307) Concurrent Clear Claimed Marks 0.020ms
[2025-06-03T16:06:43.378+0530][376.683s] GC(307) Concurrent Scan Root Regions
[2025-06-03T16:06:43.378+0530][376.684s] GC(307) Concurrent Scan Root Regions 0.593ms
[2025-06-03T16:06:43.378+0530][376.684s] GC(307) Concurrent Mark
[2025-06-03T16:06:43.378+0530][376.684s] GC(307) Concurrent Mark From Roots
[2025-06-03T16:06:43.378+0530][376.684s] GC(307) Using 2 workers of 2 for marking
[2025-06-03T16:06:43.458+0530][376.764s] GC(308) Pause Young (Normal) (G1 Preventive Collection)
[2025-06-03T16:06:43.458+0530][376.764s] GC(308) Using 8 workers of 8 for evacuation
[2025-06-03T16:06:43.461+0530][376.766s] GC(308) Skipped phase 1 of Reference Processing: no references
[2025-06-03T16:06:43.461+0530][376.766s] GC(308) Skipped phase 2 of Reference Processing: no references
[2025-06-03T16:06:43.461+0530][376.766s] GC(308) Skipped phase 3 of Reference Processing: no references
[2025-06-03T16:06:43.461+0530][376.766s] GC(308) Skipped phase 4 of Reference Processing: no references
[2025-06-03T16:06:43.461+0530][376.767s] GC(308)   Pre Evacuate Collection Set: 0.1ms
[2025-06-03T16:06:43.461+0530][376.767s] GC(308)   Merge Heap Roots: 0.0ms
[2025-06-03T16:06:43.461+0530][376.767s] GC(308)   Evacuate Collection Set: 2.4ms
[2025-06-03T16:06:43.461+0530][376.767s] GC(308)   Post Evacuate Collection Set: 0.4ms
[2025-06-03T16:06:43.461+0530][376.767s] GC(308)   Other: 0.2ms
[2025-06-03T16:06:43.461+0530][376.767s] GC(308) Eden regions: 6->0(24)
[2025-06-03T16:06:43.461+0530][376.767s] GC(308) Survivor regions: 1->1(1)
[2025-06-03T16:06:43.461+0530][376.767s] GC(308) Old regions: 502->502
[2025-06-03T16:06:43.461+0530][376.767s] GC(308) Archive regions: 2->2
[2025-06-03T16:06:43.461+0530][376.767s] GC(308) Humongous regions: 0->0
[2025-06-03T16:06:43.461+0530][376.767s] GC(308) Metaspace: 20302K(20992K)->20302K(20992K) NonClass: 17775K(18176K)->17775K(18176K) Class: 2527K(2816K)->2527K(2816K)
[2025-06-03T16:06:43.461+0530][376.767s] GC(308) Pause Young (Normal) (G1 Preventive Collection) 506M->500M(512M) 3.246ms
[2025-06-03T16:06:43.461+0530][376.767s] GC(308) User=0.00s Sys=0.00s Real=0.01s
[2025-06-03T16:06:43.545+0530][376.850s] GC(309) Pause Young (Normal) (G1 Preventive Collection)
[2025-06-03T16:06:43.545+0530][376.851s] GC(309) Using 8 workers of 8 for evacuation
[2025-06-03T16:06:43.548+0530][376.854s] GC(309) Skipped phase 1 of Reference Processing: no references
[2025-06-03T16:06:43.548+0530][376.854s] GC(309) Skipped phase 2 of Reference Processing: no references
[2025-06-03T16:06:43.548+0530][376.854s] GC(309) Skipped phase 3 of Reference Processing: no references
[2025-06-03T16:06:43.548+0530][376.854s] GC(309) Skipped phase 4 of Reference Processing: no references
[2025-06-03T16:06:43.549+0530][376.854s] GC(309) To-space exhausted
[2025-06-03T16:06:43.549+0530][376.854s] GC(309)   Pre Evacuate Collection Set: 0.1ms
[2025-06-03T16:06:43.549+0530][376.854s] GC(309)   Merge Heap Roots: 0.0ms
[2025-06-03T16:06:43.549+0530][376.854s] GC(309)   Evacuate Collection Set: 2.9ms
[2025-06-03T16:06:43.549+0530][376.855s] GC(309)   Post Evacuate Collection Set: 0.8ms
[2025-06-03T16:06:43.549+0530][376.855s] GC(309)   Other: 0.2ms
[2025-06-03T16:06:43.549+0530][376.855s] GC(309) Eden regions: 6->0(24)
[2025-06-03T16:06:43.549+0530][376.855s] GC(309) Survivor regions: 1->1(1)
[2025-06-03T16:06:43.549+0530][376.855s] GC(309) Old regions: 502->503
[2025-06-03T16:06:43.549+0530][376.855s] GC(309) Archive regions: 2->2
[2025-06-03T16:06:43.549+0530][376.855s] GC(309) Humongous regions: 0->0
[2025-06-03T16:06:43.549+0530][376.855s] GC(309) Metaspace: 20302K(20992K)->20302K(20992K) NonClass: 17775K(18176K)->17775K(18176K) Class: 2527K(2816K)->2527K(2816K)
[2025-06-03T16:06:43.549+0530][376.855s] GC(309) Pause Young (Normal) (G1 Preventive Collection) 506M->502M(512M) 4.156ms
[2025-06-03T16:06:43.549+0530][376.855s] GC(309) User=0.01s Sys=0.00s Real=0.00s
[2025-06-03T16:06:43.614+0530][376.920s] GC(310) Pause Young (Normal) (G1 Preventive Collection)
[2025-06-03T16:06:43.614+0530][376.920s] GC(310) Using 8 workers of 8 for evacuation
[2025-06-03T16:06:43.618+0530][376.924s] GC(310) Skipped phase 1 of Reference Processing: no references
[2025-06-03T16:06:43.618+0530][376.924s] GC(310) Skipped phase 2 of Reference Processing: no references
[2025-06-03T16:06:43.618+0530][376.924s] GC(310) Skipped phase 3 of Reference Processing: no references
[2025-06-03T16:06:43.618+0530][376.924s] GC(310) Skipped phase 4 of Reference Processing: no references
[2025-06-03T16:06:43.619+0530][376.924s] GC(310) To-space exhausted
[2025-06-03T16:06:43.619+0530][376.924s] GC(310)   Pre Evacuate Collection Set: 0.1ms
[2025-06-03T16:06:43.619+0530][376.925s] GC(310)   Merge Heap Roots: 0.0ms
[2025-06-03T16:06:43.619+0530][376.925s] GC(310)   Evacuate Collection Set: 3.4ms
[2025-06-03T16:06:43.619+0530][376.925s] GC(310)   Post Evacuate Collection Set: 0.9ms
[2025-06-03T16:06:43.619+0530][376.925s] GC(310)   Other: 0.2ms
[2025-06-03T16:06:43.619+0530][376.925s] GC(310) Eden regions: 5->0(24)
[2025-06-03T16:06:43.619+0530][376.925s] GC(310) Survivor regions: 1->1(1)
[2025-06-03T16:06:43.619+0530][376.925s] GC(310) Old regions: 503->504
[2025-06-03T16:06:43.619+0530][376.925s] GC(310) Archive regions: 2->2
[2025-06-03T16:06:43.619+0530][376.925s] GC(310) Humongous regions: 0->0
[2025-06-03T16:06:43.619+0530][376.925s] GC(310) Metaspace: 20302K(20992K)->20302K(20992K) NonClass: 17775K(18176K)->17775K(18176K) Class: 2527K(2816K)->2527K(2816K)
[2025-06-03T16:06:43.619+0530][376.925s] GC(310) Pause Young (Normal) (G1 Preventive Collection) 507M->503M(512M) 4.718ms
[2025-06-03T16:06:43.619+0530][376.925s] GC(310) User=0.01s Sys=0.00s Real=0.00s
[2025-06-03T16:06:43.673+0530][376.979s] GC(311) Pause Young (Normal) (G1 Preventive Collection)
[2025-06-03T16:06:43.673+0530][376.979s] GC(311) Using 8 workers of 8 for evacuation
[2025-06-03T16:06:43.676+0530][376.982s] GC(311) Skipped phase 1 of Reference Processing: no references
[2025-06-03T16:06:43.676+0530][376.982s] GC(311) Skipped phase 2 of Reference Processing: no references
[2025-06-03T16:06:43.676+0530][376.982s] GC(311) Skipped phase 3 of Reference Processing: no references
[2025-06-03T16:06:43.676+0530][376.982s] GC(311) Skipped phase 4 of Reference Processing: no references
[2025-06-03T16:06:43.677+0530][376.983s] GC(311) To-space exhausted
[2025-06-03T16:06:43.677+0530][376.983s] GC(311)   Pre Evacuate Collection Set: 0.1ms
[2025-06-03T16:06:43.677+0530][376.983s] GC(311)   Merge Heap Roots: 0.0ms
[2025-06-03T16:06:43.677+0530][376.983s] GC(311)   Evacuate Collection Set: 2.6ms
[2025-06-03T16:06:43.677+0530][376.983s] GC(311)   Post Evacuate Collection Set: 1.0ms
[2025-06-03T16:06:43.677+0530][376.983s] GC(311)   Other: 0.2ms
[2025-06-03T16:06:43.677+0530][376.983s] GC(311) Eden regions: 4->0(24)
[2025-06-03T16:06:43.677+0530][376.983s] GC(311) Survivor regions: 1->1(1)
[2025-06-03T16:06:43.677+0530][376.983s] GC(311) Old regions: 504->505
[2025-06-03T16:06:43.677+0530][376.983s] GC(311) Archive regions: 2->2
[2025-06-03T16:06:43.677+0530][376.983s] GC(311) Humongous regions: 0->0
[2025-06-03T16:06:43.677+0530][376.983s] GC(311) Metaspace: 20302K(20992K)->20302K(20992K) NonClass: 17775K(18176K)->17775K(18176K) Class: 2527K(2816K)->2527K(2816K)
[2025-06-03T16:06:43.677+0530][376.983s] GC(311) Pause Young (Normal) (G1 Preventive Collection) 507M->504M(512M) 4.103ms
[2025-06-03T16:06:43.677+0530][376.983s] GC(311) User=0.01s Sys=0.00s Real=0.00s
[2025-06-03T16:06:43.716+0530][377.022s] GC(312) Pause Young (Normal) (G1 Preventive Collection)
[2025-06-03T16:06:43.716+0530][377.022s] GC(312) Using 8 workers of 8 for evacuation
[2025-06-03T16:06:43.718+0530][377.024s] GC(312) Skipped phase 1 of Reference Processing: no references
[2025-06-03T16:06:43.718+0530][377.024s] GC(312) Skipped phase 2 of Reference Processing: no references
[2025-06-03T16:06:43.718+0530][377.024s] GC(312) Skipped phase 3 of Reference Processing: no references
[2025-06-03T16:06:43.718+0530][377.024s] GC(312) Skipped phase 4 of Reference Processing: no references
[2025-06-03T16:06:43.719+0530][377.025s] GC(312) To-space exhausted
[2025-06-03T16:06:43.719+0530][377.025s] GC(312)   Pre Evacuate Collection Set: 0.1ms
[2025-06-03T16:06:43.719+0530][377.025s] GC(312)   Merge Heap Roots: 0.0ms
[2025-06-03T16:06:43.719+0530][377.025s] GC(312)   Evacuate Collection Set: 1.8ms
[2025-06-03T16:06:43.719+0530][377.025s] GC(312)   Post Evacuate Collection Set: 0.8ms
[2025-06-03T16:06:43.719+0530][377.025s] GC(312)   Other: 0.2ms
[2025-06-03T16:06:43.719+0530][377.025s] GC(312) Eden regions: 3->0(24)
[2025-06-03T16:06:43.719+0530][377.025s] GC(312) Survivor regions: 1->1(1)
[2025-06-03T16:06:43.719+0530][377.025s] GC(312) Old regions: 505->509
[2025-06-03T16:06:43.719+0530][377.025s] GC(312) Archive regions: 2->2
[2025-06-03T16:06:43.719+0530][377.025s] GC(312) Humongous regions: 0->0
[2025-06-03T16:06:43.719+0530][377.025s] GC(312) Metaspace: 20302K(20992K)->20302K(20992K) NonClass: 17775K(18176K)->17775K(18176K) Class: 2527K(2816K)->2527K(2816K)
[2025-06-03T16:06:43.719+0530][377.025s] GC(312) Pause Young (Normal) (G1 Preventive Collection) 507M->508M(512M) 3.102ms
[2025-06-03T16:06:43.719+0530][377.025s] GC(312) User=0.01s Sys=0.00s Real=0.00s
[2025-06-03T16:06:43.719+0530][377.025s] Attempting full compaction
[2025-06-03T16:06:43.719+0530][377.025s] GC(313) Using 8 workers of 8 for full compaction
[2025-06-03T16:06:43.719+0530][377.025s] GC(313) Pause Full (G1 Compaction Pause)
[2025-06-03T16:06:43.720+0530][377.026s] GC(313) Phase 1: Mark live objects
[2025-06-03T16:06:44.594+0530][377.900s] GC(313) ReferenceProcessor::execute queues: 8, RefProcThreadModel::Multi, marks_oops_alive: true
[2025-06-03T16:06:44.594+0530][377.900s] GC(313) ReferenceProcessor::execute queues: 2, RefProcThreadModel::Multi, marks_oops_alive: false
[2025-06-03T16:06:44.594+0530][377.900s] GC(313) Skipped phase 3 of Reference Processing: no references
[2025-06-03T16:06:44.594+0530][377.900s] GC(313) ReferenceProcessor::execute queues: 1, RefProcThreadModel::Single, marks_oops_alive: false
[2025-06-03T16:06:44.595+0530][377.901s] GC(313) Phase 1: Mark live objects 875.293ms
[2025-06-03T16:06:44.595+0530][377.901s] GC(313) Phase 2: Prepare for compaction
[2025-06-03T16:06:44.596+0530][377.902s] GC(313) Phase 2: Prepare for compaction 0.716ms
[2025-06-03T16:06:44.596+0530][377.902s] GC(313) Phase 3: Adjust pointers
[2025-06-03T16:06:44.654+0530][377.959s] GC(313) Phase 3: Adjust pointers 57.772ms
[2025-06-03T16:06:44.654+0530][377.960s] GC(313) Phase 4: Compact heap
[2025-06-03T16:06:44.654+0530][377.960s] GC(313) Phase 4: Compact heap 0.341ms
[2025-06-03T16:06:44.658+0530][377.963s] GC(313) Eden regions: 0->0(25)
[2025-06-03T16:06:44.658+0530][377.964s] GC(313) Survivor regions: 1->0(1)
[2025-06-03T16:06:44.658+0530][377.964s] GC(313) Old regions: 509->503
[2025-06-03T16:06:44.658+0530][377.964s] GC(313) Archive regions: 2->2
[2025-06-03T16:06:44.658+0530][377.964s] GC(313) Humongous regions: 0->0
[2025-06-03T16:06:44.658+0530][377.964s] GC(313) Metaspace: 20302K(20992K)->20302K(20992K) NonClass: 17775K(18176K)->17775K(18176K) Class: 2527K(2816K)->2527K(2816K)
[2025-06-03T16:06:44.658+0530][377.964s] GC(313) Pause Full (G1 Compaction Pause) 508M->501M(512M) 938.539ms
[2025-06-03T16:06:44.658+0530][377.964s] GC(313) User=2.19s Sys=0.07s Real=0.94s
[2025-06-03T16:06:44.658+0530][377.964s] GC(307) Concurrent Mark From Roots 1280.039ms
[2025-06-03T16:06:44.658+0530][377.964s] GC(307) Concurrent Mark Abort
[2025-06-03T16:06:44.658+0530][377.964s] GC(307) Concurrent Mark Cycle 1280.782ms
[2025-06-03T16:06:44.724+0530][378.030s] GC(314) Pause Young (Normal) (G1 Preventive Collection)
[2025-06-03T16:06:44.724+0530][378.030s] GC(314) Using 8 workers of 8 for evacuation
[2025-06-03T16:06:44.725+0530][378.031s] GC(314) Skipped phase 1 of Reference Processing: no references
[2025-06-03T16:06:44.725+0530][378.031s] GC(314) Skipped phase 2 of Reference Processing: no references
[2025-06-03T16:06:44.725+0530][378.031s] GC(314) Skipped phase 3 of Reference Processing: no references
[2025-06-03T16:06:44.725+0530][378.031s] GC(314) Skipped phase 4 of Reference Processing: no references
[2025-06-03T16:06:44.726+0530][378.031s] GC(314)   Pre Evacuate Collection Set: 0.1ms
[2025-06-03T16:06:44.726+0530][378.031s] GC(314)   Merge Heap Roots: 0.0ms
[2025-06-03T16:06:44.726+0530][378.031s] GC(314)   Evacuate Collection Set: 0.9ms
[2025-06-03T16:06:44.726+0530][378.031s] GC(314)   Post Evacuate Collection Set: 0.3ms
[2025-06-03T16:06:44.726+0530][378.031s] GC(314)   Other: 0.2ms
[2025-06-03T16:06:44.726+0530][378.031s] GC(314) Eden regions: 6->0(24)
[2025-06-03T16:06:44.726+0530][378.031s] GC(314) Survivor regions: 0->1(1)
[2025-06-03T16:06:44.726+0530][378.031s] GC(314) Old regions: 503->503
[2025-06-03T16:06:44.726+0530][378.031s] GC(314) Archive regions: 2->2
[2025-06-03T16:06:44.726+0530][378.031s] GC(314) Humongous regions: 0->0
[2025-06-03T16:06:44.726+0530][378.031s] GC(314) Metaspace: 20302K(20992K)->20302K(20992K) NonClass: 17775K(18176K)->17775K(18176K) Class: 2527K(2816K)->2527K(2816K)
[2025-06-03T16:06:44.726+0530][378.031s] GC(314) Pause Young (Normal) (G1 Preventive Collection) 507M->501M(512M) 1.588ms
[2025-06-03T16:06:44.726+0530][378.031s] GC(314) User=0.00s Sys=0.00s Real=0.00s
[2025-06-03T16:06:44.792+0530][378.098s] GC(315) Pause Young (Concurrent Start) (G1 Preventive Collection)
[2025-06-03T16:06:44.792+0530][378.098s] GC(315) Using 8 workers of 8 for evacuation
[2025-06-03T16:06:44.794+0530][378.100s] GC(315) Skipped phase 1 of Reference Processing: no references
[2025-06-03T16:06:44.794+0530][378.100s] GC(315) Skipped phase 2 of Reference Processing: no references
[2025-06-03T16:06:44.794+0530][378.100s] GC(315) Skipped phase 3 of Reference Processing: no references
[2025-06-03T16:06:44.794+0530][378.100s] GC(315) Skipped phase 4 of Reference Processing: no references
[2025-06-03T16:06:44.794+0530][378.100s] GC(315)   Pre Evacuate Collection Set: 0.1ms
[2025-06-03T16:06:44.794+0530][378.100s] GC(315)   Merge Heap Roots: 0.1ms
[2025-06-03T16:06:44.794+0530][378.100s] GC(315)   Evacuate Collection Set: 1.5ms
[2025-06-03T16:06:44.794+0530][378.100s] GC(315)   Post Evacuate Collection Set: 0.3ms
[2025-06-03T16:06:44.794+0530][378.100s] GC(315)   Other: 0.2ms
[2025-06-03T16:06:44.794+0530][378.100s] GC(315) Eden regions: 5->0(24)
[2025-06-03T16:06:44.794+0530][378.100s] GC(315) Survivor regions: 1->1(1)
[2025-06-03T16:06:44.795+0530][378.100s] GC(315) Old regions: 503->503
[2025-06-03T16:06:44.795+0530][378.100s] GC(315) Archive regions: 2->2
[2025-06-03T16:06:44.795+0530][378.100s] GC(315) Humongous regions: 0->0
[2025-06-03T16:06:44.795+0530][378.100s] GC(315) Metaspace: 20302K(20992K)->20302K(20992K) NonClass: 17775K(18176K)->17775K(18176K) Class: 2527K(2816K)->2527K(2816K)
[2025-06-03T16:06:44.795+0530][378.100s] GC(315) Pause Young (Concurrent Start) (G1 Preventive Collection) 506M->502M(512M) 2.540ms
[2025-06-03T16:06:44.795+0530][378.100s] GC(315) User=0.01s Sys=0.00s Real=0.00s
[2025-06-03T16:06:44.795+0530][378.100s] GC(316) Concurrent Mark Cycle
[2025-06-03T16:06:44.795+0530][378.100s] GC(316) Concurrent Clear Claimed Marks
[2025-06-03T16:06:44.795+0530][378.100s] GC(316) Concurrent Clear Claimed Marks 0.023ms
[2025-06-03T16:06:44.795+0530][378.100s] GC(316) Concurrent Scan Root Regions
[2025-06-03T16:06:44.795+0530][378.101s] GC(316) Concurrent Scan Root Regions 0.564ms
[2025-06-03T16:06:44.795+0530][378.101s] GC(316) Concurrent Mark
[2025-06-03T16:06:44.795+0530][378.101s] GC(316) Concurrent Mark From Roots
[2025-06-03T16:06:44.795+0530][378.101s] GC(316) Using 2 workers of 2 for marking
[2025-06-03T16:06:44.862+0530][378.168s] GC(317) Pause Young (Normal) (G1 Preventive Collection)
[2025-06-03T16:06:44.862+0530][378.168s] GC(317) Using 8 workers of 8 for evacuation
[2025-06-03T16:06:44.864+0530][378.170s] GC(317) Skipped phase 1 of Reference Processing: no references
[2025-06-03T16:06:44.864+0530][378.170s] GC(317) Skipped phase 2 of Reference Processing: no references
[2025-06-03T16:06:44.864+0530][378.170s] GC(317) Skipped phase 3 of Reference Processing: no references
[2025-06-03T16:06:44.864+0530][378.170s] GC(317) Skipped phase 4 of Reference Processing: no references
[2025-06-03T16:06:44.864+0530][378.170s] GC(317)   Pre Evacuate Collection Set: 0.1ms
[2025-06-03T16:06:44.865+0530][378.170s] GC(317)   Merge Heap Roots: 0.0ms
[2025-06-03T16:06:44.865+0530][378.170s] GC(317)   Evacuate Collection Set: 2.1ms
[2025-06-03T16:06:44.865+0530][378.170s] GC(317)   Post Evacuate Collection Set: 0.3ms
[2025-06-03T16:06:44.865+0530][378.170s] GC(317)   Other: 0.2ms
[2025-06-03T16:06:44.865+0530][378.170s] GC(317) Eden regions: 5->0(24)
[2025-06-03T16:06:44.865+0530][378.170s] GC(317) Survivor regions: 1->1(1)
[2025-06-03T16:06:44.865+0530][378.170s] GC(317) Old regions: 503->503
[2025-06-03T16:06:44.865+0530][378.170s] GC(317) Archive regions: 2->2
[2025-06-03T16:06:44.865+0530][378.170s] GC(317) Humongous regions: 0->0
[2025-06-03T16:06:44.865+0530][378.170s] GC(317) Metaspace: 20302K(20992K)->20302K(20992K) NonClass: 17775K(18176K)->17775K(18176K) Class: 2527K(2816K)->2527K(2816K)
[2025-06-03T16:06:44.865+0530][378.170s] GC(317) Pause Young (Normal) (G1 Preventive Collection) 507M->502M(512M) 2.759ms
[2025-06-03T16:06:44.865+0530][378.170s] GC(317) User=0.00s Sys=0.00s Real=0.00s
[2025-06-03T16:06:44.931+0530][378.237s] GC(318) Pause Young (Normal) (G1 Preventive Collection)
[2025-06-03T16:06:44.931+0530][378.237s] GC(318) Using 8 workers of 8 for evacuation
[2025-06-03T16:06:44.934+0530][378.239s] GC(318) Skipped phase 1 of Reference Processing: no references
[2025-06-03T16:06:44.934+0530][378.239s] GC(318) Skipped phase 2 of Reference Processing: no references
[2025-06-03T16:06:44.934+0530][378.239s] GC(318) Skipped phase 3 of Reference Processing: no references
[2025-06-03T16:06:44.934+0530][378.239s] GC(318) Skipped phase 4 of Reference Processing: no references
[2025-06-03T16:06:44.934+0530][378.240s] GC(318)   Pre Evacuate Collection Set: 0.1ms
[2025-06-03T16:06:44.934+0530][378.240s] GC(318)   Merge Heap Roots: 0.0ms
[2025-06-03T16:06:44.934+0530][378.240s] GC(318)   Evacuate Collection Set: 2.4ms
[2025-06-03T16:06:44.934+0530][378.240s] GC(318)   Post Evacuate Collection Set: 0.3ms
[2025-06-03T16:06:44.934+0530][378.240s] GC(318)   Other: 0.2ms
[2025-06-03T16:06:44.934+0530][378.240s] GC(318) Eden regions: 5->0(24)
[2025-06-03T16:06:44.934+0530][378.240s] GC(318) Survivor regions: 1->1(1)
[2025-06-03T16:06:44.934+0530][378.240s] GC(318) Old regions: 503->503
[2025-06-03T16:06:44.934+0530][378.240s] GC(318) Archive regions: 2->2
[2025-06-03T16:06:44.934+0530][378.240s] GC(318) Humongous regions: 0->0
[2025-06-03T16:06:44.934+0530][378.240s] GC(318) Metaspace: 20302K(20992K)->20302K(20992K) NonClass: 17775K(18176K)->17775K(18176K) Class: 2527K(2816K)->2527K(2816K)
[2025-06-03T16:06:44.934+0530][378.240s] GC(318) Pause Young (Normal) (G1 Preventive Collection) 507M->502M(512M) 3.316ms
[2025-06-03T16:06:44.934+0530][378.240s] GC(318) User=0.01s Sys=0.00s Real=0.00s
[2025-06-03T16:06:45.009+0530][378.314s] GC(319) Pause Young (Normal) (G1 Preventive Collection)
[2025-06-03T16:06:45.009+0530][378.314s] GC(319) Using 8 workers of 8 for evacuation
[2025-06-03T16:06:45.012+0530][378.318s] GC(319) Skipped phase 1 of Reference Processing: no references
[2025-06-03T16:06:45.013+0530][378.318s] GC(319) Skipped phase 2 of Reference Processing: no references
[2025-06-03T16:06:45.013+0530][378.318s] GC(319) Skipped phase 3 of Reference Processing: no references
[2025-06-03T16:06:45.013+0530][378.318s] GC(319) Skipped phase 4 of Reference Processing: no references
[2025-06-03T16:06:45.013+0530][378.319s] GC(319) To-space exhausted
[2025-06-03T16:06:45.013+0530][378.319s] GC(319)   Pre Evacuate Collection Set: 0.1ms
[2025-06-03T16:06:45.013+0530][378.319s] GC(319)   Merge Heap Roots: 0.0ms
[2025-06-03T16:06:45.013+0530][378.319s] GC(319)   Evacuate Collection Set: 3.4ms
[2025-06-03T16:06:45.013+0530][378.319s] GC(319)   Post Evacuate Collection Set: 0.7ms
[2025-06-03T16:06:45.013+0530][378.319s] GC(319)   Other: 0.2ms
[2025-06-03T16:06:45.013+0530][378.319s] GC(319) Eden regions: 5->0(24)
[2025-06-03T16:06:45.013+0530][378.319s] GC(319) Survivor regions: 1->1(1)
[2025-06-03T16:06:45.013+0530][378.319s] GC(319) Old regions: 503->506
[2025-06-03T16:06:45.013+0530][378.319s] GC(319) Archive regions: 2->2
[2025-06-03T16:06:45.013+0530][378.319s] GC(319) Humongous regions: 0->0
[2025-06-03T16:06:45.013+0530][378.319s] GC(319) Metaspace: 20302K(20992K)->20302K(20992K) NonClass: 17775K(18176K)->17775K(18176K) Class: 2527K(2816K)->2527K(2816K)
[2025-06-03T16:06:45.013+0530][378.319s] GC(319) Pause Young (Normal) (G1 Preventive Collection) 507M->505M(512M) 4.654ms
[2025-06-03T16:06:45.013+0530][378.319s] GC(319) User=0.01s Sys=0.01s Real=0.01s
[2025-06-03T16:06:45.040+0530][378.345s] GC(320) Pause Young (Normal) (G1 Preventive Collection)
[2025-06-03T16:06:45.040+0530][378.345s] GC(320) Using 8 workers of 8 for evacuation
[2025-06-03T16:06:45.043+0530][378.349s] GC(320) Skipped phase 1 of Reference Processing: no references
[2025-06-03T16:06:45.043+0530][378.349s] GC(320) Skipped phase 2 of Reference Processing: no references
[2025-06-03T16:06:45.043+0530][378.349s] GC(320) Skipped phase 3 of Reference Processing: no references
[2025-06-03T16:06:45.043+0530][378.349s] GC(320) Skipped phase 4 of Reference Processing: no references
[2025-06-03T16:06:45.044+0530][378.349s] GC(320) To-space exhausted
[2025-06-03T16:06:45.044+0530][378.349s] GC(320)   Pre Evacuate Collection Set: 0.1ms
[2025-06-03T16:06:45.044+0530][378.350s] GC(320)   Merge Heap Roots: 0.1ms
[2025-06-03T16:06:45.044+0530][378.350s] GC(320)   Evacuate Collection Set: 3.0ms
[2025-06-03T16:06:45.044+0530][378.350s] GC(320)   Post Evacuate Collection Set: 0.7ms
[2025-06-03T16:06:45.044+0530][378.350s] GC(320)   Other: 0.2ms
[2025-06-03T16:06:45.044+0530][378.350s] GC(320) Eden regions: 2->0(24)
[2025-06-03T16:06:45.044+0530][378.350s] GC(320) Survivor regions: 1->1(1)
[2025-06-03T16:06:45.044+0530][378.350s] GC(320) Old regions: 506->507
[2025-06-03T16:06:45.044+0530][378.350s] GC(320) Archive regions: 2->2
[2025-06-03T16:06:45.044+0530][378.350s] GC(320) Humongous regions: 0->0
[2025-06-03T16:06:45.044+0530][378.350s] GC(320) Metaspace: 20302K(20992K)->20302K(20992K) NonClass: 17775K(18176K)->17775K(18176K) Class: 2527K(2816K)->2527K(2816K)
[2025-06-03T16:06:45.044+0530][378.350s] GC(320) Pause Young (Normal) (G1 Preventive Collection) 507M->506M(512M) 4.247ms
[2025-06-03T16:06:45.044+0530][378.350s] GC(320) User=0.01s Sys=0.00s Real=0.00s
[2025-06-03T16:06:45.057+0530][378.362s] GC(321) Pause Young (Normal) (G1 Preventive Collection)
[2025-06-03T16:06:45.057+0530][378.362s] GC(321) Using 8 workers of 8 for evacuation
[2025-06-03T16:06:45.059+0530][378.365s] GC(321) Skipped phase 1 of Reference Processing: no references
[2025-06-03T16:06:45.060+0530][378.365s] GC(321) Skipped phase 2 of Reference Processing: no references
[2025-06-03T16:06:45.060+0530][378.365s] GC(321) Skipped phase 3 of Reference Processing: no references
[2025-06-03T16:06:45.060+0530][378.365s] GC(321) Skipped phase 4 of Reference Processing: no references
[2025-06-03T16:06:45.060+0530][378.366s] GC(321) To-space exhausted
[2025-06-03T16:06:45.060+0530][378.366s] GC(321)   Pre Evacuate Collection Set: 0.1ms
[2025-06-03T16:06:45.060+0530][378.366s] GC(321)   Merge Heap Roots: 0.0ms
[2025-06-03T16:06:45.060+0530][378.366s] GC(321)   Evacuate Collection Set: 2.5ms
[2025-06-03T16:06:45.060+0530][378.366s] GC(321)   Post Evacuate Collection Set: 0.8ms
[2025-06-03T16:06:45.060+0530][378.366s] GC(321)   Other: 0.2ms
[2025-06-03T16:06:45.060+0530][378.366s] GC(321) Eden regions: 1->0(24)
[2025-06-03T16:06:45.060+0530][378.366s] GC(321) Survivor regions: 1->1(1)
[2025-06-03T16:06:45.060+0530][378.366s] GC(321) Old regions: 507->508
[2025-06-03T16:06:45.060+0530][378.366s] GC(321) Archive regions: 2->2
[2025-06-03T16:06:45.060+0530][378.366s] GC(321) Humongous regions: 0->0
[2025-06-03T16:06:45.060+0530][378.366s] GC(321) Metaspace: 20302K(20992K)->20302K(20992K) NonClass: 17775K(18176K)->17775K(18176K) Class: 2527K(2816K)->2527K(2816K)
[2025-06-03T16:06:45.061+0530][378.366s] GC(321) Pause Young (Normal) (G1 Preventive Collection) 507M->507M(512M) 3.857ms
[2025-06-03T16:06:45.061+0530][378.366s] GC(321) User=0.01s Sys=0.00s Real=0.01s
[2025-06-03T16:06:45.071+0530][378.376s] GC(322) Pause Young (Normal) (G1 Evacuation Pause)
[2025-06-03T16:06:45.071+0530][378.376s] GC(322) Using 8 workers of 8 for evacuation
[2025-06-03T16:06:45.074+0530][378.379s] GC(322) Skipped phase 1 of Reference Processing: no references
[2025-06-03T16:06:45.074+0530][378.379s] GC(322) Skipped phase 2 of Reference Processing: no references
[2025-06-03T16:06:45.074+0530][378.379s] GC(322) Skipped phase 3 of Reference Processing: no references
[2025-06-03T16:06:45.074+0530][378.379s] GC(322) Skipped phase 4 of Reference Processing: no references
[2025-06-03T16:06:45.075+0530][378.381s] GC(322) To-space exhausted
[2025-06-03T16:06:45.075+0530][378.381s] GC(322)   Pre Evacuate Collection Set: 0.1ms
[2025-06-03T16:06:45.075+0530][378.381s] GC(322)   Merge Heap Roots: 0.0ms
[2025-06-03T16:06:45.075+0530][378.381s] GC(322)   Evacuate Collection Set: 2.8ms
[2025-06-03T16:06:45.075+0530][378.381s] GC(322)   Post Evacuate Collection Set: 1.6ms
[2025-06-03T16:06:45.075+0530][378.381s] GC(322)   Other: 0.2ms
[2025-06-03T16:06:45.075+0530][378.381s] GC(322) Eden regions: 1->0(25)
[2025-06-03T16:06:45.075+0530][378.381s] GC(322) Survivor regions: 1->0(0)
[2025-06-03T16:06:45.075+0530][378.381s] GC(322) Old regions: 508->510
[2025-06-03T16:06:45.075+0530][378.381s] GC(322) Archive regions: 2->2
[2025-06-03T16:06:45.075+0530][378.381s] GC(322) Humongous regions: 0->0
[2025-06-03T16:06:45.075+0530][378.381s] GC(322) Metaspace: 20302K(20992K)->20302K(20992K) NonClass: 17775K(18176K)->17775K(18176K) Class: 2527K(2816K)->2527K(2816K)
[2025-06-03T16:06:45.075+0530][378.381s] GC(322) Pause Young (Normal) (G1 Evacuation Pause) 508M->508M(512M) 4.750ms
[2025-06-03T16:06:45.076+0530][378.381s] GC(322) User=0.01s Sys=0.00s Real=0.00s
[2025-06-03T16:06:45.076+0530][378.381s] Attempting full compaction
[2025-06-03T16:06:45.076+0530][378.381s] GC(323) Using 8 workers of 8 for full compaction
[2025-06-03T16:06:45.076+0530][378.381s] GC(323) Pause Full (G1 Compaction Pause)
[2025-06-03T16:06:45.076+0530][378.382s] GC(323) Phase 1: Mark live objects
[2025-06-03T16:06:45.944+0530][379.250s] GC(323) ReferenceProcessor::execute queues: 8, RefProcThreadModel::Multi, marks_oops_alive: true
[2025-06-03T16:06:45.944+0530][379.250s] GC(323) ReferenceProcessor::execute queues: 2, RefProcThreadModel::Multi, marks_oops_alive: false
[2025-06-03T16:06:45.944+0530][379.250s] GC(323) Skipped phase 3 of Reference Processing: no references
[2025-06-03T16:06:45.944+0530][379.250s] GC(323) ReferenceProcessor::execute queues: 1, RefProcThreadModel::Single, marks_oops_alive: false
[2025-06-03T16:06:45.945+0530][379.251s] GC(323) Phase 1: Mark live objects 869.211ms
[2025-06-03T16:06:45.945+0530][379.251s] GC(323) Phase 2: Prepare for compaction
[2025-06-03T16:06:45.946+0530][379.252s] GC(323) Phase 2: Prepare for compaction 0.877ms
[2025-06-03T16:06:45.946+0530][379.252s] GC(323) Phase 3: Adjust pointers
[2025-06-03T16:06:46.005+0530][379.310s] GC(323) Phase 3: Adjust pointers 58.198ms
[2025-06-03T16:06:46.005+0530][379.310s] GC(323) Phase 4: Compact heap
[2025-06-03T16:06:46.005+0530][379.311s] GC(323) Phase 4: Compact heap 0.618ms
[2025-06-03T16:06:46.009+0530][379.314s] GC(323) Eden regions: 0->0(25)
[2025-06-03T16:06:46.009+0530][379.315s] GC(323) Survivor regions: 0->0(0)
[2025-06-03T16:06:46.009+0530][379.315s] GC(323) Old regions: 510->504
[2025-06-03T16:06:46.009+0530][379.315s] GC(323) Archive regions: 2->2
[2025-06-03T16:06:46.009+0530][379.315s] GC(323) Humongous regions: 0->0
[2025-06-03T16:06:46.009+0530][379.315s] GC(323) Metaspace: 20302K(20992K)->20302K(20992K) NonClass: 17775K(18176K)->17775K(18176K) Class: 2527K(2816K)->2527K(2816K)
[2025-06-03T16:06:46.009+0530][379.315s] GC(323) Pause Full (G1 Compaction Pause) 508M->502M(512M) 933.366ms
[2025-06-03T16:06:46.009+0530][379.315s] GC(323) User=2.17s Sys=0.07s Real=0.93s
[2025-06-03T16:06:46.010+0530][379.315s] GC(316) Concurrent Mark From Roots 1214.133ms
[2025-06-03T16:06:46.010+0530][379.315s] GC(316) Concurrent Mark Abort
[2025-06-03T16:06:46.010+0530][379.315s] GC(316) Concurrent Mark Cycle 1214.873ms
[2025-06-03T16:06:46.064+0530][379.370s] GC(324) Pause Young (Normal) (G1 Preventive Collection)
[2025-06-03T16:06:46.064+0530][379.370s] GC(324) Using 8 workers of 8 for evacuation
[2025-06-03T16:06:46.065+0530][379.371s] GC(324) Skipped phase 1 of Reference Processing: no references
[2025-06-03T16:06:46.065+0530][379.371s] GC(324) Skipped phase 2 of Reference Processing: no references
[2025-06-03T16:06:46.065+0530][379.371s] GC(324) Skipped phase 3 of Reference Processing: no references
[2025-06-03T16:06:46.065+0530][379.371s] GC(324) Skipped phase 4 of Reference Processing: no references
[2025-06-03T16:06:46.066+0530][379.371s] GC(324)   Pre Evacuate Collection Set: 0.1ms
[2025-06-03T16:06:46.066+0530][379.371s] GC(324)   Merge Heap Roots: 0.0ms
[2025-06-03T16:06:46.066+0530][379.371s] GC(324)   Evacuate Collection Set: 1.0ms
[2025-06-03T16:06:46.066+0530][379.371s] GC(324)   Post Evacuate Collection Set: 0.3ms
[2025-06-03T16:06:46.066+0530][379.371s] GC(324)   Other: 0.2ms
[2025-06-03T16:06:46.066+0530][379.371s] GC(324) Eden regions: 5->0(24)
[2025-06-03T16:06:46.066+0530][379.371s] GC(324) Survivor regions: 0->1(1)
[2025-06-03T16:06:46.066+0530][379.371s] GC(324) Old regions: 504->504
[2025-06-03T16:06:46.066+0530][379.371s] GC(324) Archive regions: 2->2
[2025-06-03T16:06:46.066+0530][379.371s] GC(324) Humongous regions: 0->0
[2025-06-03T16:06:46.066+0530][379.371s] GC(324) Metaspace: 20302K(20992K)->20302K(20992K) NonClass: 17775K(18176K)->17775K(18176K) Class: 2527K(2816K)->2527K(2816K)
[2025-06-03T16:06:46.066+0530][379.371s] GC(324) Pause Young (Normal) (G1 Preventive Collection) 507M->502M(512M) 1.787ms
[2025-06-03T16:06:46.066+0530][379.371s] GC(324) User=0.00s Sys=0.00s Real=0.00s
[2025-06-03T16:06:46.119+0530][379.424s] GC(325) Pause Young (Concurrent Start) (G1 Preventive Collection)
[2025-06-03T16:06:46.119+0530][379.424s] GC(325) Using 8 workers of 8 for evacuation
[2025-06-03T16:06:46.120+0530][379.426s] GC(325) Skipped phase 1 of Reference Processing: no references
[2025-06-03T16:06:46.120+0530][379.426s] GC(325) Skipped phase 2 of Reference Processing: no references
[2025-06-03T16:06:46.120+0530][379.426s] GC(325) Skipped phase 3 of Reference Processing: no references
[2025-06-03T16:06:46.120+0530][379.426s] GC(325) Skipped phase 4 of Reference Processing: no references
[2025-06-03T16:06:46.120+0530][379.426s] GC(325)   Pre Evacuate Collection Set: 0.1ms
[2025-06-03T16:06:46.120+0530][379.426s] GC(325)   Merge Heap Roots: 0.0ms
[2025-06-03T16:06:46.120+0530][379.426s] GC(325)   Evacuate Collection Set: 1.1ms
[2025-06-03T16:06:46.120+0530][379.426s] GC(325)   Post Evacuate Collection Set: 0.3ms
[2025-06-03T16:06:46.120+0530][379.426s] GC(325)   Other: 0.2ms
[2025-06-03T16:06:46.120+0530][379.426s] GC(325) Eden regions: 4->0(24)
[2025-06-03T16:06:46.120+0530][379.426s] GC(325) Survivor regions: 1->1(1)
[2025-06-03T16:06:46.120+0530][379.426s] GC(325) Old regions: 504->504
[2025-06-03T16:06:46.120+0530][379.426s] GC(325) Archive regions: 2->2
[2025-06-03T16:06:46.120+0530][379.426s] GC(325) Humongous regions: 0->0
[2025-06-03T16:06:46.120+0530][379.426s] GC(325) Metaspace: 20302K(20992K)->20302K(20992K) NonClass: 17775K(18176K)->17775K(18176K) Class: 2527K(2816K)->2527K(2816K)
[2025-06-03T16:06:46.120+0530][379.426s] GC(325) Pause Young (Concurrent Start) (G1 Preventive Collection) 506M->503M(512M) 1.911ms
[2025-06-03T16:06:46.120+0530][379.426s] GC(325) User=0.00s Sys=0.00s Real=0.01s
[2025-06-03T16:06:46.121+0530][379.426s] GC(326) Concurrent Mark Cycle
[2025-06-03T16:06:46.121+0530][379.426s] GC(326) Concurrent Clear Claimed Marks
[2025-06-03T16:06:46.121+0530][379.426s] GC(326) Concurrent Clear Claimed Marks 0.028ms
[2025-06-03T16:06:46.121+0530][379.426s] GC(326) Concurrent Scan Root Regions
[2025-06-03T16:06:46.121+0530][379.427s] GC(326) Concurrent Scan Root Regions 0.487ms
[2025-06-03T16:06:46.121+0530][379.427s] GC(326) Concurrent Mark
[2025-06-03T16:06:46.121+0530][379.427s] GC(326) Concurrent Mark From Roots
[2025-06-03T16:06:46.121+0530][379.427s] GC(326) Using 2 workers of 2 for marking
[2025-06-03T16:06:46.178+0530][379.484s] GC(327) Pause Young (Normal) (G1 Preventive Collection)
[2025-06-03T16:06:46.178+0530][379.484s] GC(327) Using 8 workers of 8 for evacuation
[2025-06-03T16:06:46.180+0530][379.486s] GC(327) Skipped phase 1 of Reference Processing: no references
[2025-06-03T16:06:46.180+0530][379.486s] GC(327) Skipped phase 2 of Reference Processing: no references
[2025-06-03T16:06:46.180+0530][379.486s] GC(327) Skipped phase 3 of Reference Processing: no references
[2025-06-03T16:06:46.180+0530][379.486s] GC(327) Skipped phase 4 of Reference Processing: no references
[2025-06-03T16:06:46.180+0530][379.486s] GC(327)   Pre Evacuate Collection Set: 0.1ms
[2025-06-03T16:06:46.181+0530][379.486s] GC(327)   Merge Heap Roots: 0.0ms
[2025-06-03T16:06:46.181+0530][379.486s] GC(327)   Evacuate Collection Set: 1.7ms
[2025-06-03T16:06:46.181+0530][379.486s] GC(327)   Post Evacuate Collection Set: 0.3ms
[2025-06-03T16:06:46.181+0530][379.486s] GC(327)   Other: 0.2ms
[2025-06-03T16:06:46.181+0530][379.486s] GC(327) Eden regions: 4->0(24)
[2025-06-03T16:06:46.181+0530][379.486s] GC(327) Survivor regions: 1->1(1)
[2025-06-03T16:06:46.181+0530][379.486s] GC(327) Old regions: 504->504
[2025-06-03T16:06:46.181+0530][379.486s] GC(327) Archive regions: 2->2
[2025-06-03T16:06:46.181+0530][379.486s] GC(327) Humongous regions: 0->0
[2025-06-03T16:06:46.181+0530][379.486s] GC(327) Metaspace: 20302K(20992K)->20302K(20992K) NonClass: 17775K(18176K)->17775K(18176K) Class: 2527K(2816K)->2527K(2816K)
[2025-06-03T16:06:46.181+0530][379.486s] GC(327) Pause Young (Normal) (G1 Preventive Collection) 507M->503M(512M) 2.418ms
[2025-06-03T16:06:46.181+0530][379.486s] GC(327) User=0.01s Sys=0.00s Real=0.01s
[2025-06-03T16:06:46.235+0530][379.540s] GC(328) Pause Young (Normal) (G1 Preventive Collection)
[2025-06-03T16:06:46.235+0530][379.541s] GC(328) Using 8 workers of 8 for evacuation
[2025-06-03T16:06:46.237+0530][379.543s] GC(328) Skipped phase 1 of Reference Processing: no references
[2025-06-03T16:06:46.237+0530][379.543s] GC(328) Skipped phase 2 of Reference Processing: no references
[2025-06-03T16:06:46.237+0530][379.543s] GC(328) Skipped phase 3 of Reference Processing: no references
[2025-06-03T16:06:46.237+0530][379.543s] GC(328) Skipped phase 4 of Reference Processing: no references
[2025-06-03T16:06:46.238+0530][379.543s] GC(328)   Pre Evacuate Collection Set: 0.1ms
[2025-06-03T16:06:46.238+0530][379.543s] GC(328)   Merge Heap Roots: 0.0ms
[2025-06-03T16:06:46.238+0530][379.543s] GC(328)   Evacuate Collection Set: 2.1ms
[2025-06-03T16:06:46.238+0530][379.543s] GC(328)   Post Evacuate Collection Set: 0.3ms
[2025-06-03T16:06:46.238+0530][379.543s] GC(328)   Other: 0.1ms
[2025-06-03T16:06:46.238+0530][379.543s] GC(328) Eden regions: 4->0(24)
[2025-06-03T16:06:46.238+0530][379.543s] GC(328) Survivor regions: 1->1(1)
[2025-06-03T16:06:46.238+0530][379.543s] GC(328) Old regions: 504->504
[2025-06-03T16:06:46.238+0530][379.543s] GC(328) Archive regions: 2->2
[2025-06-03T16:06:46.238+0530][379.543s] GC(328) Humongous regions: 0->0
[2025-06-03T16:06:46.238+0530][379.543s] GC(328) Metaspace: 20302K(20992K)->20302K(20992K) NonClass: 17775K(18176K)->17775K(18176K) Class: 2527K(2816K)->2527K(2816K)
[2025-06-03T16:06:46.238+0530][379.543s] GC(328) Pause Young (Normal) (G1 Preventive Collection) 507M->503M(512M) 2.917ms
[2025-06-03T16:06:46.238+0530][379.543s] GC(328) User=0.01s Sys=0.00s Real=0.00s
[2025-06-03T16:06:46.290+0530][379.596s] GC(329) Pause Young (Normal) (G1 Preventive Collection)
[2025-06-03T16:06:46.290+0530][379.596s] GC(329) Using 8 workers of 8 for evacuation
[2025-06-03T16:06:46.293+0530][379.599s] GC(329) Skipped phase 1 of Reference Processing: no references
[2025-06-03T16:06:46.293+0530][379.599s] GC(329) Skipped phase 2 of Reference Processing: no references
[2025-06-03T16:06:46.293+0530][379.599s] GC(329) Skipped phase 3 of Reference Processing: no references
[2025-06-03T16:06:46.293+0530][379.599s] GC(329) Skipped phase 4 of Reference Processing: no references
[2025-06-03T16:06:46.294+0530][379.599s] GC(329)   Pre Evacuate Collection Set: 0.1ms
[2025-06-03T16:06:46.294+0530][379.599s] GC(329)   Merge Heap Roots: 0.0ms
[2025-06-03T16:06:46.294+0530][379.599s] GC(329)   Evacuate Collection Set: 2.7ms
[2025-06-03T16:06:46.294+0530][379.599s] GC(329)   Post Evacuate Collection Set: 0.4ms
[2025-06-03T16:06:46.294+0530][379.599s] GC(329)   Other: 0.2ms
[2025-06-03T16:06:46.294+0530][379.599s] GC(329) Eden regions: 4->0(24)
[2025-06-03T16:06:46.294+0530][379.599s] GC(329) Survivor regions: 1->1(1)
[2025-06-03T16:06:46.294+0530][379.599s] GC(329) Old regions: 504->504
[2025-06-03T16:06:46.294+0530][379.600s] GC(329) Archive regions: 2->2
[2025-06-03T16:06:46.294+0530][379.600s] GC(329) Humongous regions: 0->0
[2025-06-03T16:06:46.294+0530][379.600s] GC(329) Metaspace: 20302K(20992K)->20302K(20992K) NonClass: 17775K(18176K)->17775K(18176K) Class: 2527K(2816K)->2527K(2816K)
[2025-06-03T16:06:46.294+0530][379.600s] GC(329) Pause Young (Normal) (G1 Preventive Collection) 507M->503M(512M) 3.514ms
[2025-06-03T16:06:46.294+0530][379.600s] GC(329) User=0.01s Sys=0.01s Real=0.00s
[2025-06-03T16:06:46.349+0530][379.654s] GC(330) Pause Young (Normal) (G1 Preventive Collection)
[2025-06-03T16:06:46.349+0530][379.654s] GC(330) Using 8 workers of 8 for evacuation
[2025-06-03T16:06:46.352+0530][379.657s] GC(330) Skipped phase 1 of Reference Processing: no references
[2025-06-03T16:06:46.352+0530][379.657s] GC(330) Skipped phase 2 of Reference Processing: no references
[2025-06-03T16:06:46.352+0530][379.657s] GC(330) Skipped phase 3 of Reference Processing: no references
[2025-06-03T16:06:46.352+0530][379.657s] GC(330) Skipped phase 4 of Reference Processing: no references
[2025-06-03T16:06:46.353+0530][379.658s] GC(330) To-space exhausted
[2025-06-03T16:06:46.353+0530][379.658s] GC(330)   Pre Evacuate Collection Set: 0.1ms
[2025-06-03T16:06:46.353+0530][379.658s] GC(330)   Merge Heap Roots: 0.0ms
[2025-06-03T16:06:46.353+0530][379.658s] GC(330)   Evacuate Collection Set: 2.8ms
[2025-06-03T16:06:46.353+0530][379.658s] GC(330)   Post Evacuate Collection Set: 0.7ms
[2025-06-03T16:06:46.353+0530][379.658s] GC(330)   Other: 0.2ms
[2025-06-03T16:06:46.353+0530][379.658s] GC(330) Eden regions: 4->0(24)
[2025-06-03T16:06:46.353+0530][379.658s] GC(330) Survivor regions: 1->1(1)
[2025-06-03T16:06:46.353+0530][379.658s] GC(330) Old regions: 504->507
[2025-06-03T16:06:46.353+0530][379.658s] GC(330) Archive regions: 2->2
[2025-06-03T16:06:46.353+0530][379.658s] GC(330) Humongous regions: 0->0
[2025-06-03T16:06:46.353+0530][379.658s] GC(330) Metaspace: 20302K(20992K)->20302K(20992K) NonClass: 17775K(18176K)->17775K(18176K) Class: 2527K(2816K)->2527K(2816K)
[2025-06-03T16:06:46.353+0530][379.658s] GC(330) Pause Young (Normal) (G1 Preventive Collection) 507M->506M(512M) 4.082ms
[2025-06-03T16:06:46.353+0530][379.658s] GC(330) User=0.01s Sys=0.00s Real=0.01s
[2025-06-03T16:06:46.365+0530][379.671s] GC(331) Pause Young (Normal) (G1 Preventive Collection)
[2025-06-03T16:06:46.365+0530][379.671s] GC(331) Using 8 workers of 8 for evacuation
[2025-06-03T16:06:46.368+0530][379.674s] GC(331) Skipped phase 1 of Reference Processing: no references
[2025-06-03T16:06:46.368+0530][379.674s] GC(331) Skipped phase 2 of Reference Processing: no references
[2025-06-03T16:06:46.368+0530][379.674s] GC(331) Skipped phase 3 of Reference Processing: no references
[2025-06-03T16:06:46.368+0530][379.674s] GC(331) Skipped phase 4 of Reference Processing: no references
[2025-06-03T16:06:46.369+0530][379.674s] GC(331) To-space exhausted
[2025-06-03T16:06:46.369+0530][379.675s] GC(331)   Pre Evacuate Collection Set: 0.1ms
[2025-06-03T16:06:46.369+0530][379.675s] GC(331)   Merge Heap Roots: 0.0ms
[2025-06-03T16:06:46.369+0530][379.675s] GC(331)   Evacuate Collection Set: 2.9ms
[2025-06-03T16:06:46.369+0530][379.675s] GC(331)   Post Evacuate Collection Set: 0.7ms
[2025-06-03T16:06:46.369+0530][379.675s] GC(331)   Other: 0.2ms
[2025-06-03T16:06:46.369+0530][379.675s] GC(331) Eden regions: 1->0(24)
[2025-06-03T16:06:46.369+0530][379.675s] GC(331) Survivor regions: 1->1(1)
[2025-06-03T16:06:46.369+0530][379.675s] GC(331) Old regions: 507->508
[2025-06-03T16:06:46.369+0530][379.675s] GC(331) Archive regions: 2->2
[2025-06-03T16:06:46.369+0530][379.675s] GC(331) Humongous regions: 0->0
[2025-06-03T16:06:46.369+0530][379.675s] GC(331) Metaspace: 20302K(20992K)->20302K(20992K) NonClass: 17775K(18176K)->17775K(18176K) Class: 2527K(2816K)->2527K(2816K)
[2025-06-03T16:06:46.369+0530][379.675s] GC(331) Pause Young (Normal) (G1 Preventive Collection) 507M->507M(512M) 4.060ms
[2025-06-03T16:06:46.369+0530][379.675s] GC(331) User=0.01s Sys=0.01s Real=0.00s
[2025-06-03T16:06:46.382+0530][379.687s] GC(332) Pause Young (Normal) (G1 Evacuation Pause)
[2025-06-03T16:06:46.382+0530][379.687s] GC(332) Using 8 workers of 8 for evacuation
[2025-06-03T16:06:46.385+0530][379.690s] GC(332) Skipped phase 1 of Reference Processing: no references
[2025-06-03T16:06:46.385+0530][379.690s] GC(332) Skipped phase 2 of Reference Processing: no references
[2025-06-03T16:06:46.385+0530][379.690s] GC(332) Skipped phase 3 of Reference Processing: no references
[2025-06-03T16:06:46.385+0530][379.690s] GC(332) Skipped phase 4 of Reference Processing: no references
[2025-06-03T16:06:46.386+0530][379.692s] GC(332) To-space exhausted
[2025-06-03T16:06:46.386+0530][379.692s] GC(332)   Pre Evacuate Collection Set: 0.1ms
[2025-06-03T16:06:46.386+0530][379.692s] GC(332)   Merge Heap Roots: 0.0ms
[2025-06-03T16:06:46.386+0530][379.692s] GC(332)   Evacuate Collection Set: 2.7ms
[2025-06-03T16:06:46.386+0530][379.692s] GC(332)   Post Evacuate Collection Set: 1.5ms
[2025-06-03T16:06:46.386+0530][379.692s] GC(332)   Other: 0.2ms
[2025-06-03T16:06:46.386+0530][379.692s] GC(332) Eden regions: 1->0(25)
[2025-06-03T16:06:46.386+0530][379.692s] GC(332) Survivor regions: 1->0(0)
[2025-06-03T16:06:46.386+0530][379.692s] GC(332) Old regions: 508->510
[2025-06-03T16:06:46.386+0530][379.692s] GC(332) Archive regions: 2->2
[2025-06-03T16:06:46.386+0530][379.692s] GC(332) Humongous regions: 0->0
[2025-06-03T16:06:46.386+0530][379.692s] GC(332) Metaspace: 20302K(20992K)->20302K(20992K) NonClass: 17775K(18176K)->17775K(18176K) Class: 2527K(2816K)->2527K(2816K)
[2025-06-03T16:06:46.386+0530][379.692s] GC(332) Pause Young (Normal) (G1 Evacuation Pause) 508M->508M(512M) 4.637ms
[2025-06-03T16:06:46.386+0530][379.692s] GC(332) User=0.01s Sys=0.00s Real=0.00s
[2025-06-03T16:06:46.386+0530][379.692s] Attempting full compaction
[2025-06-03T16:06:46.387+0530][379.692s] GC(333) Using 8 workers of 8 for full compaction
[2025-06-03T16:06:46.387+0530][379.692s] GC(333) Pause Full (G1 Compaction Pause)
[2025-06-03T16:06:46.387+0530][379.693s] GC(333) Phase 1: Mark live objects
[2025-06-03T16:06:47.272+0530][380.578s] GC(333) ReferenceProcessor::execute queues: 8, RefProcThreadModel::Multi, marks_oops_alive: true
[2025-06-03T16:06:47.273+0530][380.578s] GC(333) ReferenceProcessor::execute queues: 2, RefProcThreadModel::Multi, marks_oops_alive: false
[2025-06-03T16:06:47.273+0530][380.578s] GC(333) Skipped phase 3 of Reference Processing: no references
[2025-06-03T16:06:47.273+0530][380.578s] GC(333) ReferenceProcessor::execute queues: 1, RefProcThreadModel::Single, marks_oops_alive: false
[2025-06-03T16:06:47.274+0530][380.580s] GC(333) Phase 1: Mark live objects 886.508ms
[2025-06-03T16:06:47.274+0530][380.580s] GC(333) Phase 2: Prepare for compaction
[2025-06-03T16:06:47.275+0530][380.581s] GC(333) Phase 2: Prepare for compaction 0.938ms
[2025-06-03T16:06:47.275+0530][380.581s] GC(333) Phase 3: Adjust pointers
[2025-06-03T16:06:47.334+0530][380.640s] GC(333) Phase 3: Adjust pointers 59.097ms
[2025-06-03T16:06:47.334+0530][380.640s] GC(333) Phase 4: Compact heap
[2025-06-03T16:06:47.335+0530][380.640s] GC(333) Phase 4: Compact heap 0.709ms
[2025-06-03T16:06:47.338+0530][380.644s] GC(333) Eden regions: 0->0(25)
[2025-06-03T16:06:47.338+0530][380.644s] GC(333) Survivor regions: 0->0(0)
[2025-06-03T16:06:47.338+0530][380.644s] GC(333) Old regions: 510->505
[2025-06-03T16:06:47.338+0530][380.644s] GC(333) Archive regions: 2->2
[2025-06-03T16:06:47.338+0530][380.644s] GC(333) Humongous regions: 0->0
[2025-06-03T16:06:47.338+0530][380.644s] GC(333) Metaspace: 20302K(20992K)->20302K(20992K) NonClass: 17775K(18176K)->17775K(18176K) Class: 2527K(2816K)->2527K(2816K)
[2025-06-03T16:06:47.338+0530][380.644s] GC(333) Pause Full (G1 Compaction Pause) 508M->503M(512M) 951.859ms
[2025-06-03T16:06:47.339+0530][380.644s] GC(333) User=2.22s Sys=0.08s Real=0.95s
[2025-06-03T16:06:47.339+0530][380.644s] GC(326) Concurrent Mark From Roots 1217.614ms
[2025-06-03T16:06:47.339+0530][380.644s] GC(326) Concurrent Mark Abort
[2025-06-03T16:06:47.339+0530][380.644s] GC(326) Concurrent Mark Cycle 1218.292ms
[2025-06-03T16:06:47.382+0530][380.688s] GC(334) Pause Young (Normal) (G1 Preventive Collection)
[2025-06-03T16:06:47.382+0530][380.688s] GC(334) Using 8 workers of 8 for evacuation
[2025-06-03T16:06:47.383+0530][380.689s] GC(334) Skipped phase 1 of Reference Processing: no references
[2025-06-03T16:06:47.383+0530][380.689s] GC(334) Skipped phase 2 of Reference Processing: no references
[2025-06-03T16:06:47.383+0530][380.689s] GC(334) Skipped phase 3 of Reference Processing: no references
[2025-06-03T16:06:47.383+0530][380.689s] GC(334) Skipped phase 4 of Reference Processing: no references
[2025-06-03T16:06:47.383+0530][380.689s] GC(334)   Pre Evacuate Collection Set: 0.1ms
[2025-06-03T16:06:47.383+0530][380.689s] GC(334)   Merge Heap Roots: 0.0ms
[2025-06-03T16:06:47.383+0530][380.689s] GC(334)   Evacuate Collection Set: 0.6ms
[2025-06-03T16:06:47.383+0530][380.689s] GC(334)   Post Evacuate Collection Set: 0.2ms
[2025-06-03T16:06:47.383+0530][380.689s] GC(334)   Other: 0.2ms
[2025-06-03T16:06:47.384+0530][380.689s] GC(334) Eden regions: 4->0(24)
[2025-06-03T16:06:47.384+0530][380.689s] GC(334) Survivor regions: 0->1(1)
[2025-06-03T16:06:47.384+0530][380.689s] GC(334) Old regions: 505->505
[2025-06-03T16:06:47.384+0530][380.689s] GC(334) Archive regions: 2->2
[2025-06-03T16:06:47.384+0530][380.689s] GC(334) Humongous regions: 0->0
[2025-06-03T16:06:47.384+0530][380.689s] GC(334) Metaspace: 20302K(20992K)->20302K(20992K) NonClass: 17775K(18176K)->17775K(18176K) Class: 2527K(2816K)->2527K(2816K)
[2025-06-03T16:06:47.384+0530][380.689s] GC(334) Pause Young (Normal) (G1 Preventive Collection) 507M->503M(512M) 1.275ms
[2025-06-03T16:06:47.384+0530][380.689s] GC(334) User=0.00s Sys=0.01s Real=0.00s
[2025-06-03T16:06:47.422+0530][380.727s] GC(335) Pause Young (Concurrent Start) (G1 Preventive Collection)
[2025-06-03T16:06:47.422+0530][380.727s] GC(335) Using 8 workers of 8 for evacuation
[2025-06-03T16:06:47.423+0530][380.729s] GC(335) Skipped phase 1 of Reference Processing: no references
[2025-06-03T16:06:47.423+0530][380.729s] GC(335) Skipped phase 2 of Reference Processing: no references
[2025-06-03T16:06:47.423+0530][380.729s] GC(335) Skipped phase 3 of Reference Processing: no references
[2025-06-03T16:06:47.423+0530][380.729s] GC(335) Skipped phase 4 of Reference Processing: no references
[2025-06-03T16:06:47.423+0530][380.729s] GC(335)   Pre Evacuate Collection Set: 0.1ms
[2025-06-03T16:06:47.423+0530][380.729s] GC(335)   Merge Heap Roots: 0.0ms
[2025-06-03T16:06:47.423+0530][380.729s] GC(335)   Evacuate Collection Set: 1.0ms
[2025-06-03T16:06:47.423+0530][380.729s] GC(335)   Post Evacuate Collection Set: 0.3ms
[2025-06-03T16:06:47.423+0530][380.729s] GC(335)   Other: 0.2ms
[2025-06-03T16:06:47.423+0530][380.729s] GC(335) Eden regions: 3->0(24)
[2025-06-03T16:06:47.423+0530][380.729s] GC(335) Survivor regions: 1->1(1)
[2025-06-03T16:06:47.423+0530][380.729s] GC(335) Old regions: 505->505
[2025-06-03T16:06:47.423+0530][380.729s] GC(335) Archive regions: 2->2
[2025-06-03T16:06:47.423+0530][380.729s] GC(335) Humongous regions: 0->0
[2025-06-03T16:06:47.423+0530][380.729s] GC(335) Metaspace: 20302K(20992K)->20302K(20992K) NonClass: 17775K(18176K)->17775K(18176K) Class: 2527K(2816K)->2527K(2816K)
[2025-06-03T16:06:47.423+0530][380.729s] GC(335) Pause Young (Concurrent Start) (G1 Preventive Collection) 506M->504M(512M) 1.734ms
[2025-06-03T16:06:47.423+0530][380.729s] GC(335) User=0.01s Sys=0.00s Real=0.00s
[2025-06-03T16:06:47.423+0530][380.729s] GC(336) Concurrent Mark Cycle
[2025-06-03T16:06:47.423+0530][380.729s] GC(336) Concurrent Clear Claimed Marks
[2025-06-03T16:06:47.424+0530][380.729s] GC(336) Concurrent Clear Claimed Marks 0.026ms
[2025-06-03T16:06:47.424+0530][380.729s] GC(336) Concurrent Scan Root Regions
[2025-06-03T16:06:47.424+0530][380.730s] GC(336) Concurrent Scan Root Regions 0.525ms
[2025-06-03T16:06:47.424+0530][380.730s] GC(336) Concurrent Mark
[2025-06-03T16:06:47.424+0530][380.730s] GC(336) Concurrent Mark From Roots
[2025-06-03T16:06:47.424+0530][380.730s] GC(336) Using 2 workers of 2 for marking
[2025-06-03T16:06:47.465+0530][380.770s] GC(337) Pause Young (Normal) (G1 Preventive Collection)
[2025-06-03T16:06:47.465+0530][380.770s] GC(337) Using 8 workers of 8 for evacuation
[2025-06-03T16:06:47.466+0530][380.772s] GC(337) Skipped phase 1 of Reference Processing: no references
[2025-06-03T16:06:47.466+0530][380.772s] GC(337) Skipped phase 2 of Reference Processing: no references
[2025-06-03T16:06:47.467+0530][380.772s] GC(337) Skipped phase 3 of Reference Processing: no references
[2025-06-03T16:06:47.467+0530][380.772s] GC(337) Skipped phase 4 of Reference Processing: no references
[2025-06-03T16:06:47.467+0530][380.772s] GC(337)   Pre Evacuate Collection Set: 0.1ms
[2025-06-03T16:06:47.467+0530][380.772s] GC(337)   Merge Heap Roots: 0.0ms
[2025-06-03T16:06:47.467+0530][380.772s] GC(337)   Evacuate Collection Set: 1.5ms
[2025-06-03T16:06:47.467+0530][380.772s] GC(337)   Post Evacuate Collection Set: 0.3ms
[2025-06-03T16:06:47.467+0530][380.772s] GC(337)   Other: 0.2ms
[2025-06-03T16:06:47.467+0530][380.772s] GC(337) Eden regions: 3->0(24)
[2025-06-03T16:06:47.467+0530][380.772s] GC(337) Survivor regions: 1->1(1)
[2025-06-03T16:06:47.467+0530][380.772s] GC(337) Old regions: 505->505
[2025-06-03T16:06:47.467+0530][380.773s] GC(337) Archive regions: 2->2
[2025-06-03T16:06:47.467+0530][380.773s] GC(337) Humongous regions: 0->0
[2025-06-03T16:06:47.467+0530][380.773s] GC(337) Metaspace: 20302K(20992K)->20302K(20992K) NonClass: 17775K(18176K)->17775K(18176K) Class: 2527K(2816K)->2527K(2816K)
[2025-06-03T16:06:47.467+0530][380.773s] GC(337) Pause Young (Normal) (G1 Preventive Collection) 507M->504M(512M) 2.213ms
[2025-06-03T16:06:47.467+0530][380.773s] GC(337) User=0.01s Sys=0.01s Real=0.00s
[2025-06-03T16:06:47.506+0530][380.812s] GC(338) Pause Young (Normal) (G1 Preventive Collection)
[2025-06-03T16:06:47.506+0530][380.812s] GC(338) Using 8 workers of 8 for evacuation
[2025-06-03T16:06:47.508+0530][380.814s] GC(338) Skipped phase 1 of Reference Processing: no references
[2025-06-03T16:06:47.509+0530][380.814s] GC(338) Skipped phase 2 of Reference Processing: no references
[2025-06-03T16:06:47.509+0530][380.814s] GC(338) Skipped phase 3 of Reference Processing: no references
[2025-06-03T16:06:47.509+0530][380.814s] GC(338) Skipped phase 4 of Reference Processing: no references
[2025-06-03T16:06:47.509+0530][380.815s] GC(338)   Pre Evacuate Collection Set: 0.1ms
[2025-06-03T16:06:47.509+0530][380.815s] GC(338)   Merge Heap Roots: 0.0ms
[2025-06-03T16:06:47.509+0530][380.815s] GC(338)   Evacuate Collection Set: 1.8ms
[2025-06-03T16:06:47.509+0530][380.815s] GC(338)   Post Evacuate Collection Set: 0.4ms
[2025-06-03T16:06:47.509+0530][380.815s] GC(338)   Other: 0.2ms
[2025-06-03T16:06:47.509+0530][380.815s] GC(338) Eden regions: 3->0(24)
[2025-06-03T16:06:47.509+0530][380.815s] GC(338) Survivor regions: 1->1(1)
[2025-06-03T16:06:47.509+0530][380.815s] GC(338) Old regions: 505->505
[2025-06-03T16:06:47.509+0530][380.815s] GC(338) Archive regions: 2->2
[2025-06-03T16:06:47.509+0530][380.815s] GC(338) Humongous regions: 0->0
[2025-06-03T16:06:47.509+0530][380.815s] GC(338) Metaspace: 20302K(20992K)->20302K(20992K) NonClass: 17775K(18176K)->17775K(18176K) Class: 2527K(2816K)->2527K(2816K)
[2025-06-03T16:06:47.509+0530][380.815s] GC(338) Pause Young (Normal) (G1 Preventive Collection) 507M->504M(512M) 2.695ms
[2025-06-03T16:06:47.509+0530][380.815s] GC(338) User=0.01s Sys=0.00s Real=0.00s
[2025-06-03T16:06:47.548+0530][380.854s] GC(339) Pause Young (Normal) (G1 Preventive Collection)
[2025-06-03T16:06:47.548+0530][380.854s] GC(339) Using 8 workers of 8 for evacuation
[2025-06-03T16:06:47.550+0530][380.856s] GC(339) Skipped phase 1 of Reference Processing: no references
[2025-06-03T16:06:47.550+0530][380.856s] GC(339) Skipped phase 2 of Reference Processing: no references
[2025-06-03T16:06:47.550+0530][380.856s] GC(339) Skipped phase 3 of Reference Processing: no references
[2025-06-03T16:06:47.550+0530][380.856s] GC(339) Skipped phase 4 of Reference Processing: no references
[2025-06-03T16:06:47.550+0530][380.856s] GC(339)   Pre Evacuate Collection Set: 0.1ms
[2025-06-03T16:06:47.550+0530][380.856s] GC(339)   Merge Heap Roots: 0.0ms
[2025-06-03T16:06:47.550+0530][380.856s] GC(339)   Evacuate Collection Set: 1.9ms
[2025-06-03T16:06:47.550+0530][380.856s] GC(339)   Post Evacuate Collection Set: 0.3ms
[2025-06-03T16:06:47.550+0530][380.856s] GC(339)   Other: 0.2ms
[2025-06-03T16:06:47.550+0530][380.856s] GC(339) Eden regions: 3->0(24)
[2025-06-03T16:06:47.550+0530][380.856s] GC(339) Survivor regions: 1->1(1)
[2025-06-03T16:06:47.550+0530][380.856s] GC(339) Old regions: 505->505
[2025-06-03T16:06:47.550+0530][380.856s] GC(339) Archive regions: 2->2
[2025-06-03T16:06:47.550+0530][380.856s] GC(339) Humongous regions: 0->0
[2025-06-03T16:06:47.550+0530][380.856s] GC(339) Metaspace: 20302K(20992K)->20302K(20992K) NonClass: 17775K(18176K)->17775K(18176K) Class: 2527K(2816K)->2527K(2816K)
[2025-06-03T16:06:47.551+0530][380.856s] GC(339) Pause Young (Normal) (G1 Preventive Collection) 507M->504M(512M) 2.609ms
[2025-06-03T16:06:47.551+0530][380.856s] GC(339) User=0.01s Sys=0.00s Real=0.01s
[2025-06-03T16:06:47.590+0530][380.896s] GC(340) Pause Young (Normal) (G1 Preventive Collection)
[2025-06-03T16:06:47.590+0530][380.896s] GC(340) Using 8 workers of 8 for evacuation
[2025-06-03T16:06:47.593+0530][380.899s] GC(340) Skipped phase 1 of Reference Processing: no references
[2025-06-03T16:06:47.593+0530][380.899s] GC(340) Skipped phase 2 of Reference Processing: no references
[2025-06-03T16:06:47.593+0530][380.899s] GC(340) Skipped phase 3 of Reference Processing: no references
[2025-06-03T16:06:47.593+0530][380.899s] GC(340) Skipped phase 4 of Reference Processing: no references
[2025-06-03T16:06:47.593+0530][380.899s] GC(340)   Pre Evacuate Collection Set: 0.1ms
[2025-06-03T16:06:47.593+0530][380.899s] GC(340)   Merge Heap Roots: 0.0ms
[2025-06-03T16:06:47.593+0530][380.899s] GC(340)   Evacuate Collection Set: 2.5ms
[2025-06-03T16:06:47.593+0530][380.899s] GC(340)   Post Evacuate Collection Set: 0.3ms
[2025-06-03T16:06:47.594+0530][380.899s] GC(340)   Other: 0.2ms
[2025-06-03T16:06:47.594+0530][380.899s] GC(340) Eden regions: 3->0(24)
[2025-06-03T16:06:47.594+0530][380.899s] GC(340) Survivor regions: 1->1(1)
[2025-06-03T16:06:47.594+0530][380.899s] GC(340) Old regions: 505->505
[2025-06-03T16:06:47.594+0530][380.899s] GC(340) Archive regions: 2->2
[2025-06-03T16:06:47.594+0530][380.899s] GC(340) Humongous regions: 0->0
[2025-06-03T16:06:47.594+0530][380.899s] GC(340) Metaspace: 20302K(20992K)->20302K(20992K) NonClass: 17775K(18176K)->17775K(18176K) Class: 2527K(2816K)->2527K(2816K)
[2025-06-03T16:06:47.594+0530][380.899s] GC(340) Pause Young (Normal) (G1 Preventive Collection) 507M->504M(512M) 3.320ms
[2025-06-03T16:06:47.594+0530][380.899s] GC(340) User=0.01s Sys=0.00s Real=0.00s
[2025-06-03T16:06:47.634+0530][380.940s] GC(341) Pause Young (Normal) (G1 Preventive Collection)
[2025-06-03T16:06:47.635+0530][380.940s] GC(341) Using 8 workers of 8 for evacuation
[2025-06-03T16:06:47.638+0530][380.943s] GC(341) Skipped phase 1 of Reference Processing: no references
[2025-06-03T16:06:47.638+0530][380.943s] GC(341) Skipped phase 2 of Reference Processing: no references
[2025-06-03T16:06:47.638+0530][380.943s] GC(341) Skipped phase 3 of Reference Processing: no references
[2025-06-03T16:06:47.638+0530][380.943s] GC(341) Skipped phase 4 of Reference Processing: no references
[2025-06-03T16:06:47.638+0530][380.944s] GC(341)   Pre Evacuate Collection Set: 0.1ms
[2025-06-03T16:06:47.638+0530][380.944s] GC(341)   Merge Heap Roots: 0.1ms
[2025-06-03T16:06:47.638+0530][380.944s] GC(341)   Evacuate Collection Set: 2.8ms
[2025-06-03T16:06:47.638+0530][380.944s] GC(341)   Post Evacuate Collection Set: 0.3ms
[2025-06-03T16:06:47.638+0530][380.944s] GC(341)   Other: 0.2ms
[2025-06-03T16:06:47.638+0530][380.944s] GC(341) Eden regions: 3->0(24)
[2025-06-03T16:06:47.638+0530][380.944s] GC(341) Survivor regions: 1->1(1)
[2025-06-03T16:06:47.638+0530][380.944s] GC(341) Old regions: 505->505
[2025-06-03T16:06:47.638+0530][380.944s] GC(341) Archive regions: 2->2
[2025-06-03T16:06:47.638+0530][380.944s] GC(341) Humongous regions: 0->0
[2025-06-03T16:06:47.638+0530][380.944s] GC(341) Metaspace: 20302K(20992K)->20302K(20992K) NonClass: 17775K(18176K)->17775K(18176K) Class: 2527K(2816K)->2527K(2816K)
[2025-06-03T16:06:47.638+0530][380.944s] GC(341) Pause Young (Normal) (G1 Preventive Collection) 507M->504M(512M) 3.566ms
[2025-06-03T16:06:47.638+0530][380.944s] GC(341) User=0.01s Sys=0.00s Real=0.00s
[2025-06-03T16:06:47.680+0530][380.985s] GC(342) Pause Young (Normal) (G1 Preventive Collection)
[2025-06-03T16:06:47.680+0530][380.985s] GC(342) Using 8 workers of 8 for evacuation
[2025-06-03T16:06:47.683+0530][380.989s] GC(342) Skipped phase 1 of Reference Processing: no references
[2025-06-03T16:06:47.683+0530][380.989s] GC(342) Skipped phase 2 of Reference Processing: no references
[2025-06-03T16:06:47.683+0530][380.989s] GC(342) Skipped phase 3 of Reference Processing: no references
[2025-06-03T16:06:47.683+0530][380.989s] GC(342) Skipped phase 4 of Reference Processing: no references
[2025-06-03T16:06:47.684+0530][380.989s] GC(342) To-space exhausted
[2025-06-03T16:06:47.684+0530][380.989s] GC(342)   Pre Evacuate Collection Set: 0.1ms
[2025-06-03T16:06:47.684+0530][380.989s] GC(342)   Merge Heap Roots: 0.0ms
[2025-06-03T16:06:47.684+0530][380.989s] GC(342)   Evacuate Collection Set: 3.0ms
[2025-06-03T16:06:47.684+0530][380.989s] GC(342)   Post Evacuate Collection Set: 0.8ms
[2025-06-03T16:06:47.684+0530][380.989s] GC(342)   Other: 0.2ms
[2025-06-03T16:06:47.684+0530][380.989s] GC(342) Eden regions: 3->0(24)
[2025-06-03T16:06:47.684+0530][380.989s] GC(342) Survivor regions: 1->1(1)
[2025-06-03T16:06:47.684+0530][380.989s] GC(342) Old regions: 505->507
[2025-06-03T16:06:47.684+0530][380.989s] GC(342) Archive regions: 2->2
[2025-06-03T16:06:47.684+0530][380.990s] GC(342) Humongous regions: 0->0
[2025-06-03T16:06:47.684+0530][380.990s] GC(342) Metaspace: 20302K(20992K)->20302K(20992K) NonClass: 17775K(18176K)->17775K(18176K) Class: 2527K(2816K)->2527K(2816K)
[2025-06-03T16:06:47.684+0530][380.990s] GC(342) Pause Young (Normal) (G1 Preventive Collection) 507M->506M(512M) 4.234ms
[2025-06-03T16:06:47.684+0530][380.990s] GC(342) User=0.01s Sys=0.01s Real=0.00s
[2025-06-03T16:06:47.691+0530][380.996s] GC(343) Pause Young (Normal) (G1 Preventive Collection)
[2025-06-03T16:06:47.691+0530][380.996s] GC(343) Using 8 workers of 8 for evacuation
[2025-06-03T16:06:47.694+0530][381.000s] GC(343) Skipped phase 1 of Reference Processing: no references
[2025-06-03T16:06:47.694+0530][381.000s] GC(343) Skipped phase 2 of Reference Processing: no references
[2025-06-03T16:06:47.694+0530][381.000s] GC(343) Skipped phase 3 of Reference Processing: no references
[2025-06-03T16:06:47.694+0530][381.000s] GC(343) Skipped phase 4 of Reference Processing: no references
[2025-06-03T16:06:47.695+0530][381.001s] GC(343) To-space exhausted
[2025-06-03T16:06:47.695+0530][381.001s] GC(343)   Pre Evacuate Collection Set: 0.1ms
[2025-06-03T16:06:47.695+0530][381.001s] GC(343)   Merge Heap Roots: 0.0ms
[2025-06-03T16:06:47.695+0530][381.001s] GC(343)   Evacuate Collection Set: 3.0ms
[2025-06-03T16:06:47.695+0530][381.001s] GC(343)   Post Evacuate Collection Set: 1.0ms
[2025-06-03T16:06:47.695+0530][381.001s] GC(343)   Other: 0.2ms
[2025-06-03T16:06:47.695+0530][381.001s] GC(343) Eden regions: 1->0(24)
[2025-06-03T16:06:47.695+0530][381.001s] GC(343) Survivor regions: 1->1(1)
[2025-06-03T16:06:47.695+0530][381.001s] GC(343) Old regions: 507->508
[2025-06-03T16:06:47.695+0530][381.001s] GC(343) Archive regions: 2->2
[2025-06-03T16:06:47.695+0530][381.001s] GC(343) Humongous regions: 0->0
[2025-06-03T16:06:47.695+0530][381.001s] GC(343) Metaspace: 20302K(20992K)->20302K(20992K) NonClass: 17775K(18176K)->17775K(18176K) Class: 2527K(2816K)->2527K(2816K)
[2025-06-03T16:06:47.695+0530][381.001s] GC(343) Pause Young (Normal) (G1 Preventive Collection) 507M->507M(512M) 4.583ms
[2025-06-03T16:06:47.695+0530][381.001s] GC(343) User=0.01s Sys=0.00s Real=0.00s
[2025-06-03T16:06:47.711+0530][381.017s] GC(344) Pause Young (Normal) (G1 Evacuation Pause)
[2025-06-03T16:06:47.711+0530][381.017s] GC(344) Using 8 workers of 8 for evacuation
[2025-06-03T16:06:47.714+0530][381.020s] GC(344) Skipped phase 1 of Reference Processing: no references
[2025-06-03T16:06:47.714+0530][381.020s] GC(344) Skipped phase 2 of Reference Processing: no references
[2025-06-03T16:06:47.714+0530][381.020s] GC(344) Skipped phase 3 of Reference Processing: no references
[2025-06-03T16:06:47.714+0530][381.020s] GC(344) Skipped phase 4 of Reference Processing: no references
[2025-06-03T16:06:47.716+0530][381.022s] GC(344) To-space exhausted
[2025-06-03T16:06:47.716+0530][381.022s] GC(344)   Pre Evacuate Collection Set: 0.1ms
[2025-06-03T16:06:47.716+0530][381.022s] GC(344)   Merge Heap Roots: 0.1ms
[2025-06-03T16:06:47.716+0530][381.022s] GC(344)   Evacuate Collection Set: 2.9ms
[2025-06-03T16:06:47.716+0530][381.022s] GC(344)   Post Evacuate Collection Set: 1.5ms
[2025-06-03T16:06:47.716+0530][381.022s] GC(344)   Other: 0.3ms
[2025-06-03T16:06:47.716+0530][381.022s] GC(344) Eden regions: 1->0(25)
[2025-06-03T16:06:47.716+0530][381.022s] GC(344) Survivor regions: 1->0(0)
[2025-06-03T16:06:47.716+0530][381.022s] GC(344) Old regions: 508->510
[2025-06-03T16:06:47.716+0530][381.022s] GC(344) Archive regions: 2->2
[2025-06-03T16:06:47.716+0530][381.022s] GC(344) Humongous regions: 0->0
[2025-06-03T16:06:47.716+0530][381.022s] GC(344) Metaspace: 20302K(20992K)->20302K(20992K) NonClass: 17775K(18176K)->17775K(18176K) Class: 2527K(2816K)->2527K(2816K)
[2025-06-03T16:06:47.716+0530][381.022s] GC(344) Pause Young (Normal) (G1 Evacuation Pause) 508M->508M(512M) 4.919ms
[2025-06-03T16:06:47.716+0530][381.022s] GC(344) User=0.01s Sys=0.00s Real=0.00s
[2025-06-03T16:06:47.716+0530][381.022s] Attempting full compaction
[2025-06-03T16:06:47.716+0530][381.022s] GC(345) Using 8 workers of 8 for full compaction
[2025-06-03T16:06:47.716+0530][381.022s] GC(345) Pause Full (G1 Compaction Pause)
[2025-06-03T16:06:47.717+0530][381.022s] GC(345) Phase 1: Mark live objects
[2025-06-03T16:06:48.618+0530][381.923s] GC(345) ReferenceProcessor::execute queues: 8, RefProcThreadModel::Multi, marks_oops_alive: true
[2025-06-03T16:06:48.618+0530][381.923s] GC(345) ReferenceProcessor::execute queues: 2, RefProcThreadModel::Multi, marks_oops_alive: false
[2025-06-03T16:06:48.618+0530][381.924s] GC(345) Skipped phase 3 of Reference Processing: no references
[2025-06-03T16:06:48.618+0530][381.924s] GC(345) ReferenceProcessor::execute queues: 1, RefProcThreadModel::Single, marks_oops_alive: false
[2025-06-03T16:06:48.619+0530][381.925s] GC(345) Phase 1: Mark live objects 902.163ms
[2025-06-03T16:06:48.619+0530][381.925s] GC(345) Phase 2: Prepare for compaction
[2025-06-03T16:06:48.620+0530][381.925s] GC(345) Phase 2: Prepare for compaction 0.745ms
[2025-06-03T16:06:48.620+0530][381.925s] GC(345) Phase 3: Adjust pointers
[2025-06-03T16:06:48.678+0530][381.984s] GC(345) Phase 3: Adjust pointers 58.575ms
[2025-06-03T16:06:48.678+0530][381.984s] GC(345) Phase 4: Compact heap
[2025-06-03T16:06:48.679+0530][381.985s] GC(345) Phase 4: Compact heap 0.519ms
[2025-06-03T16:06:48.682+0530][381.988s] GC(345) Eden regions: 0->0(25)
[2025-06-03T16:06:48.682+0530][381.988s] GC(345) Survivor regions: 0->0(0)
[2025-06-03T16:06:48.682+0530][381.988s] GC(345) Old regions: 510->506
[2025-06-03T16:06:48.682+0530][381.988s] GC(345) Archive regions: 2->2
[2025-06-03T16:06:48.682+0530][381.988s] GC(345) Humongous regions: 0->0
[2025-06-03T16:06:48.682+0530][381.988s] GC(345) Metaspace: 20302K(20992K)->20302K(20992K) NonClass: 17775K(18176K)->17775K(18176K) Class: 2527K(2816K)->2527K(2816K)
[2025-06-03T16:06:48.682+0530][381.988s] GC(345) Pause Full (G1 Compaction Pause) 508M->504M(512M) 966.126ms
[2025-06-03T16:06:48.683+0530][381.988s] GC(345) User=2.24s Sys=0.07s Real=0.97s
[2025-06-03T16:06:48.683+0530][381.988s] GC(336) Concurrent Mark From Roots 1258.740ms
[2025-06-03T16:06:48.683+0530][381.989s] GC(336) Concurrent Mark Abort
[2025-06-03T16:06:48.683+0530][381.989s] GC(336) Concurrent Mark Cycle 1259.427ms
[2025-06-03T16:06:48.716+0530][382.022s] GC(346) Pause Young (Normal) (G1 Preventive Collection)
[2025-06-03T16:06:48.716+0530][382.022s] GC(346) Using 8 workers of 8 for evacuation
[2025-06-03T16:06:48.717+0530][382.023s] GC(346) Skipped phase 1 of Reference Processing: no references
[2025-06-03T16:06:48.717+0530][382.023s] GC(346) Skipped phase 2 of Reference Processing: no references
[2025-06-03T16:06:48.717+0530][382.023s] GC(346) Skipped phase 3 of Reference Processing: no references
[2025-06-03T16:06:48.717+0530][382.023s] GC(346) Skipped phase 4 of Reference Processing: no references
[2025-06-03T16:06:48.717+0530][382.023s] GC(346)   Pre Evacuate Collection Set: 0.1ms
[2025-06-03T16:06:48.717+0530][382.023s] GC(346)   Merge Heap Roots: 0.0ms
[2025-06-03T16:06:48.717+0530][382.023s] GC(346)   Evacuate Collection Set: 0.5ms
[2025-06-03T16:06:48.717+0530][382.023s] GC(346)   Post Evacuate Collection Set: 0.3ms
[2025-06-03T16:06:48.717+0530][382.023s] GC(346)   Other: 0.2ms
[2025-06-03T16:06:48.717+0530][382.023s] GC(346) Eden regions: 3->0(24)
[2025-06-03T16:06:48.717+0530][382.023s] GC(346) Survivor regions: 0->1(1)
[2025-06-03T16:06:48.717+0530][382.023s] GC(346) Old regions: 506->506
[2025-06-03T16:06:48.717+0530][382.023s] GC(346) Archive regions: 2->2
[2025-06-03T16:06:48.717+0530][382.023s] GC(346) Humongous regions: 0->0
[2025-06-03T16:06:48.717+0530][382.023s] GC(346) Metaspace: 20302K(20992K)->20302K(20992K) NonClass: 17775K(18176K)->17775K(18176K) Class: 2527K(2816K)->2527K(2816K)
[2025-06-03T16:06:48.717+0530][382.023s] GC(346) Pause Young (Normal) (G1 Preventive Collection) 507M->504M(512M) 1.219ms
[2025-06-03T16:06:48.718+0530][382.023s] GC(346) User=0.00s Sys=0.00s Real=0.00s
[2025-06-03T16:06:48.735+0530][382.041s] GC(347) Pause Young (Concurrent Start) (G1 Preventive Collection)
[2025-06-03T16:06:48.735+0530][382.041s] GC(347) Using 8 workers of 8 for evacuation
[2025-06-03T16:06:48.736+0530][382.042s] GC(347) Skipped phase 1 of Reference Processing: no references
[2025-06-03T16:06:48.736+0530][382.042s] GC(347) Skipped phase 2 of Reference Processing: no references
[2025-06-03T16:06:48.736+0530][382.042s] GC(347) Skipped phase 3 of Reference Processing: no references
[2025-06-03T16:06:48.736+0530][382.042s] GC(347) Skipped phase 4 of Reference Processing: no references
[2025-06-03T16:06:48.736+0530][382.042s] GC(347)   Pre Evacuate Collection Set: 0.1ms
[2025-06-03T16:06:48.736+0530][382.042s] GC(347)   Merge Heap Roots: 0.0ms
[2025-06-03T16:06:48.736+0530][382.042s] GC(347)   Evacuate Collection Set: 0.7ms
[2025-06-03T16:06:48.736+0530][382.042s] GC(347)   Post Evacuate Collection Set: 0.4ms
[2025-06-03T16:06:48.736+0530][382.042s] GC(347)   Other: 0.2ms
[2025-06-03T16:06:48.736+0530][382.042s] GC(347) Eden regions: 2->0(24)
[2025-06-03T16:06:48.736+0530][382.042s] GC(347) Survivor regions: 1->1(1)
[2025-06-03T16:06:48.736+0530][382.042s] GC(347) Old regions: 506->506
[2025-06-03T16:06:48.736+0530][382.042s] GC(347) Archive regions: 2->2
[2025-06-03T16:06:48.736+0530][382.042s] GC(347) Humongous regions: 0->0
[2025-06-03T16:06:48.737+0530][382.042s] GC(347) Metaspace: 20302K(20992K)->20302K(20992K) NonClass: 17775K(18176K)->17775K(18176K) Class: 2527K(2816K)->2527K(2816K)
[2025-06-03T16:06:48.737+0530][382.042s] GC(347) Pause Young (Concurrent Start) (G1 Preventive Collection) 506M->504M(512M) 1.568ms
[2025-06-03T16:06:48.737+0530][382.042s] GC(347) User=0.01s Sys=0.00s Real=0.00s
[2025-06-03T16:06:48.737+0530][382.042s] GC(348) Concurrent Mark Cycle
[2025-06-03T16:06:48.737+0530][382.042s] GC(348) Concurrent Clear Claimed Marks
[2025-06-03T16:06:48.737+0530][382.042s] GC(348) Concurrent Clear Claimed Marks 0.017ms
[2025-06-03T16:06:48.737+0530][382.042s] GC(348) Concurrent Scan Root Regions
[2025-06-03T16:06:48.737+0530][382.043s] GC(348) Concurrent Scan Root Regions 0.361ms
[2025-06-03T16:06:48.737+0530][382.043s] GC(348) Concurrent Mark
[2025-06-03T16:06:48.737+0530][382.043s] GC(348) Concurrent Mark From Roots
[2025-06-03T16:06:48.737+0530][382.043s] GC(348) Using 2 workers of 2 for marking
[2025-06-03T16:06:48.765+0530][382.070s] GC(349) Pause Young (Normal) (G1 Preventive Collection)
[2025-06-03T16:06:48.765+0530][382.070s] GC(349) Using 8 workers of 8 for evacuation
[2025-06-03T16:06:48.766+0530][382.071s] GC(349) Skipped phase 1 of Reference Processing: no references
[2025-06-03T16:06:48.766+0530][382.071s] GC(349) Skipped phase 2 of Reference Processing: no references
[2025-06-03T16:06:48.766+0530][382.071s] GC(349) Skipped phase 3 of Reference Processing: no references
[2025-06-03T16:06:48.766+0530][382.071s] GC(349) Skipped phase 4 of Reference Processing: no references
[2025-06-03T16:06:48.766+0530][382.072s] GC(349)   Pre Evacuate Collection Set: 0.1ms
[2025-06-03T16:06:48.766+0530][382.072s] GC(349)   Merge Heap Roots: 0.0ms
[2025-06-03T16:06:48.766+0530][382.072s] GC(349)   Evacuate Collection Set: 0.9ms
[2025-06-03T16:06:48.766+0530][382.072s] GC(349)   Post Evacuate Collection Set: 0.3ms
[2025-06-03T16:06:48.766+0530][382.072s] GC(349)   Other: 0.2ms
[2025-06-03T16:06:48.766+0530][382.072s] GC(349) Eden regions: 2->0(24)
[2025-06-03T16:06:48.766+0530][382.072s] GC(349) Survivor regions: 1->1(1)
[2025-06-03T16:06:48.766+0530][382.072s] GC(349) Old regions: 506->506
[2025-06-03T16:06:48.766+0530][382.072s] GC(349) Archive regions: 2->2
[2025-06-03T16:06:48.766+0530][382.072s] GC(349) Humongous regions: 0->0
[2025-06-03T16:06:48.766+0530][382.072s] GC(349) Metaspace: 20302K(20992K)->20302K(20992K) NonClass: 17775K(18176K)->17775K(18176K) Class: 2527K(2816K)->2527K(2816K)
[2025-06-03T16:06:48.766+0530][382.072s] GC(349) Pause Young (Normal) (G1 Preventive Collection) 506M->505M(512M) 1.637ms
[2025-06-03T16:06:48.766+0530][382.072s] GC(349) User=0.00s Sys=0.00s Real=0.00s
[2025-06-03T16:06:48.793+0530][382.098s] GC(350) Pause Young (Normal) (G1 Preventive Collection)
[2025-06-03T16:06:48.793+0530][382.099s] GC(350) Using 8 workers of 8 for evacuation
[2025-06-03T16:06:48.794+0530][382.100s] GC(350) Skipped phase 1 of Reference Processing: no references
[2025-06-03T16:06:48.794+0530][382.100s] GC(350) Skipped phase 2 of Reference Processing: no references
[2025-06-03T16:06:48.794+0530][382.100s] GC(350) Skipped phase 3 of Reference Processing: no references
[2025-06-03T16:06:48.794+0530][382.100s] GC(350) Skipped phase 4 of Reference Processing: no references
[2025-06-03T16:06:48.795+0530][382.100s] GC(350)   Pre Evacuate Collection Set: 0.1ms
[2025-06-03T16:06:48.795+0530][382.100s] GC(350)   Merge Heap Roots: 0.1ms
[2025-06-03T16:06:48.795+0530][382.100s] GC(350)   Evacuate Collection Set: 1.1ms
[2025-06-03T16:06:48.795+0530][382.100s] GC(350)   Post Evacuate Collection Set: 0.4ms
[2025-06-03T16:06:48.795+0530][382.100s] GC(350)   Other: 0.2ms
[2025-06-03T16:06:48.795+0530][382.100s] GC(350) Eden regions: 2->0(24)
[2025-06-03T16:06:48.795+0530][382.100s] GC(350) Survivor regions: 1->1(1)
[2025-06-03T16:06:48.795+0530][382.100s] GC(350) Old regions: 506->506
[2025-06-03T16:06:48.795+0530][382.100s] GC(350) Archive regions: 2->2
[2025-06-03T16:06:48.795+0530][382.100s] GC(350) Humongous regions: 0->0
[2025-06-03T16:06:48.795+0530][382.100s] GC(350) Metaspace: 20302K(20992K)->20302K(20992K) NonClass: 17775K(18176K)->17775K(18176K) Class: 2527K(2816K)->2527K(2816K)
[2025-06-03T16:06:48.795+0530][382.100s] GC(350) Pause Young (Normal) (G1 Preventive Collection) 507M->505M(512M) 1.901ms
[2025-06-03T16:06:48.795+0530][382.100s] GC(350) User=0.00s Sys=0.00s Real=0.00s
[2025-06-03T16:06:48.821+0530][382.127s] GC(351) Pause Young (Normal) (G1 Preventive Collection)
[2025-06-03T16:06:48.821+0530][382.127s] GC(351) Using 8 workers of 8 for evacuation
[2025-06-03T16:06:48.823+0530][382.128s] GC(351) Skipped phase 1 of Reference Processing: no references
[2025-06-03T16:06:48.823+0530][382.128s] GC(351) Skipped phase 2 of Reference Processing: no references
[2025-06-03T16:06:48.823+0530][382.128s] GC(351) Skipped phase 3 of Reference Processing: no references
[2025-06-03T16:06:48.823+0530][382.128s] GC(351) Skipped phase 4 of Reference Processing: no references
[2025-06-03T16:06:48.823+0530][382.128s] GC(351)   Pre Evacuate Collection Set: 0.1ms
[2025-06-03T16:06:48.823+0530][382.129s] GC(351)   Merge Heap Roots: 0.0ms
[2025-06-03T16:06:48.823+0530][382.129s] GC(351)   Evacuate Collection Set: 1.4ms
[2025-06-03T16:06:48.823+0530][382.129s] GC(351)   Post Evacuate Collection Set: 0.3ms
[2025-06-03T16:06:48.823+0530][382.129s] GC(351)   Other: 0.2ms
[2025-06-03T16:06:48.823+0530][382.129s] GC(351) Eden regions: 2->0(24)
[2025-06-03T16:06:48.823+0530][382.129s] GC(351) Survivor regions: 1->1(1)
[2025-06-03T16:06:48.823+0530][382.129s] GC(351) Old regions: 506->506
[2025-06-03T16:06:48.823+0530][382.129s] GC(351) Archive regions: 2->2
[2025-06-03T16:06:48.823+0530][382.129s] GC(351) Humongous regions: 0->0
[2025-06-03T16:06:48.823+0530][382.129s] GC(351) Metaspace: 20302K(20992K)->20302K(20992K) NonClass: 17775K(18176K)->17775K(18176K) Class: 2527K(2816K)->2527K(2816K)
[2025-06-03T16:06:48.823+0530][382.129s] GC(351) Pause Young (Normal) (G1 Preventive Collection) 507M->505M(512M) 2.044ms
[2025-06-03T16:06:48.823+0530][382.129s] GC(351) User=0.00s Sys=0.00s Real=0.00s
[2025-06-03T16:06:48.849+0530][382.155s] GC(352) Pause Young (Normal) (G1 Preventive Collection)
[2025-06-03T16:06:48.849+0530][382.155s] GC(352) Using 8 workers of 8 for evacuation
[2025-06-03T16:06:48.851+0530][382.157s] GC(352) Skipped phase 1 of Reference Processing: no references
[2025-06-03T16:06:48.851+0530][382.157s] GC(352) Skipped phase 2 of Reference Processing: no references
[2025-06-03T16:06:48.851+0530][382.157s] GC(352) Skipped phase 3 of Reference Processing: no references
[2025-06-03T16:06:48.851+0530][382.157s] GC(352) Skipped phase 4 of Reference Processing: no references
[2025-06-03T16:06:48.851+0530][382.157s] GC(352)   Pre Evacuate Collection Set: 0.1ms
[2025-06-03T16:06:48.851+0530][382.157s] GC(352)   Merge Heap Roots: 0.0ms
[2025-06-03T16:06:48.851+0530][382.157s] GC(352)   Evacuate Collection Set: 1.6ms
[2025-06-03T16:06:48.851+0530][382.157s] GC(352)   Post Evacuate Collection Set: 0.3ms
[2025-06-03T16:06:48.851+0530][382.157s] GC(352)   Other: 0.2ms
[2025-06-03T16:06:48.851+0530][382.157s] GC(352) Eden regions: 2->0(24)
[2025-06-03T16:06:48.851+0530][382.157s] GC(352) Survivor regions: 1->1(1)
[2025-06-03T16:06:48.851+0530][382.157s] GC(352) Old regions: 506->506
[2025-06-03T16:06:48.851+0530][382.157s] GC(352) Archive regions: 2->2
[2025-06-03T16:06:48.851+0530][382.157s] GC(352) Humongous regions: 0->0
[2025-06-03T16:06:48.852+0530][382.157s] GC(352) Metaspace: 20302K(20992K)->20302K(20992K) NonClass: 17775K(18176K)->17775K(18176K) Class: 2527K(2816K)->2527K(2816K)
[2025-06-03T16:06:48.852+0530][382.157s] GC(352) Pause Young (Normal) (G1 Preventive Collection) 507M->505M(512M) 2.296ms
[2025-06-03T16:06:48.852+0530][382.157s] GC(352) User=0.01s Sys=0.00s Real=0.01s
[2025-06-03T16:06:48.877+0530][382.183s] GC(353) Pause Young (Normal) (G1 Preventive Collection)
[2025-06-03T16:06:48.877+0530][382.183s] GC(353) Using 8 workers of 8 for evacuation
[2025-06-03T16:06:48.879+0530][382.185s] GC(353) Skipped phase 1 of Reference Processing: no references
[2025-06-03T16:06:48.880+0530][382.185s] GC(353) Skipped phase 2 of Reference Processing: no references
[2025-06-03T16:06:48.880+0530][382.185s] GC(353) Skipped phase 3 of Reference Processing: no references
[2025-06-03T16:06:48.880+0530][382.185s] GC(353) Skipped phase 4 of Reference Processing: no references
[2025-06-03T16:06:48.880+0530][382.185s] GC(353)   Pre Evacuate Collection Set: 0.1ms
[2025-06-03T16:06:48.880+0530][382.185s] GC(353)   Merge Heap Roots: 0.0ms
[2025-06-03T16:06:48.880+0530][382.186s] GC(353)   Evacuate Collection Set: 1.9ms
[2025-06-03T16:06:48.880+0530][382.186s] GC(353)   Post Evacuate Collection Set: 0.3ms
[2025-06-03T16:06:48.880+0530][382.186s] GC(353)   Other: 0.2ms
[2025-06-03T16:06:48.880+0530][382.186s] GC(353) Eden regions: 2->0(24)
[2025-06-03T16:06:48.880+0530][382.186s] GC(353) Survivor regions: 1->1(1)
[2025-06-03T16:06:48.880+0530][382.186s] GC(353) Old regions: 506->506
[2025-06-03T16:06:48.880+0530][382.186s] GC(353) Archive regions: 2->2
[2025-06-03T16:06:48.880+0530][382.186s] GC(353) Humongous regions: 0->0
[2025-06-03T16:06:48.880+0530][382.186s] GC(353) Metaspace: 20302K(20992K)->20302K(20992K) NonClass: 17775K(18176K)->17775K(18176K) Class: 2527K(2816K)->2527K(2816K)
[2025-06-03T16:06:48.880+0530][382.186s] GC(353) Pause Young (Normal) (G1 Preventive Collection) 507M->505M(512M) 2.632ms
[2025-06-03T16:06:48.880+0530][382.186s] GC(353) User=0.00s Sys=0.00s Real=0.01s
[2025-06-03T16:06:48.905+0530][382.210s] GC(354) Pause Young (Normal) (G1 Preventive Collection)
[2025-06-03T16:06:48.905+0530][382.210s] GC(354) Using 8 workers of 8 for evacuation
[2025-06-03T16:06:48.907+0530][382.213s] GC(354) Skipped phase 1 of Reference Processing: no references
[2025-06-03T16:06:48.907+0530][382.213s] GC(354) Skipped phase 2 of Reference Processing: no references
[2025-06-03T16:06:48.907+0530][382.213s] GC(354) Skipped phase 3 of Reference Processing: no references
[2025-06-03T16:06:48.907+0530][382.213s] GC(354) Skipped phase 4 of Reference Processing: no references
[2025-06-03T16:06:48.908+0530][382.213s] GC(354)   Pre Evacuate Collection Set: 0.1ms
[2025-06-03T16:06:48.908+0530][382.213s] GC(354)   Merge Heap Roots: 0.0ms
[2025-06-03T16:06:48.908+0530][382.213s] GC(354)   Evacuate Collection Set: 2.3ms
[2025-06-03T16:06:48.908+0530][382.213s] GC(354)   Post Evacuate Collection Set: 0.3ms
[2025-06-03T16:06:48.908+0530][382.213s] GC(354)   Other: 0.2ms
[2025-06-03T16:06:48.908+0530][382.213s] GC(354) Eden regions: 2->0(24)
[2025-06-03T16:06:48.908+0530][382.213s] GC(354) Survivor regions: 1->1(1)
[2025-06-03T16:06:48.908+0530][382.213s] GC(354) Old regions: 506->506
[2025-06-03T16:06:48.908+0530][382.213s] GC(354) Archive regions: 2->2
[2025-06-03T16:06:48.908+0530][382.213s] GC(354) Humongous regions: 0->0
[2025-06-03T16:06:48.908+0530][382.213s] GC(354) Metaspace: 20302K(20992K)->20302K(20992K) NonClass: 17775K(18176K)->17775K(18176K) Class: 2527K(2816K)->2527K(2816K)
[2025-06-03T16:06:48.908+0530][382.213s] GC(354) Pause Young (Normal) (G1 Preventive Collection) 507M->505M(512M) 3.129ms
[2025-06-03T16:06:48.908+0530][382.213s] GC(354) User=0.01s Sys=0.00s Real=0.00s
[2025-06-03T16:06:48.932+0530][382.238s] GC(355) Pause Young (Normal) (G1 Preventive Collection)
[2025-06-03T16:06:48.932+0530][382.238s] GC(355) Using 8 workers of 8 for evacuation
[2025-06-03T16:06:48.934+0530][382.240s] GC(355) Skipped phase 1 of Reference Processing: no references
[2025-06-03T16:06:48.935+0530][382.240s] GC(355) Skipped phase 2 of Reference Processing: no references
[2025-06-03T16:06:48.935+0530][382.240s] GC(355) Skipped phase 3 of Reference Processing: no references
[2025-06-03T16:06:48.935+0530][382.240s] GC(355) Skipped phase 4 of Reference Processing: no references
[2025-06-03T16:06:48.935+0530][382.240s] GC(355)   Pre Evacuate Collection Set: 0.1ms
[2025-06-03T16:06:48.935+0530][382.240s] GC(355)   Merge Heap Roots: 0.0ms
[2025-06-03T16:06:48.935+0530][382.240s] GC(355)   Evacuate Collection Set: 2.1ms
[2025-06-03T16:06:48.935+0530][382.240s] GC(355)   Post Evacuate Collection Set: 0.3ms
[2025-06-03T16:06:48.935+0530][382.241s] GC(355)   Other: 0.2ms
[2025-06-03T16:06:48.935+0530][382.241s] GC(355) Eden regions: 2->0(24)
[2025-06-03T16:06:48.935+0530][382.241s] GC(355) Survivor regions: 1->1(1)
[2025-06-03T16:06:48.935+0530][382.241s] GC(355) Old regions: 506->506
[2025-06-03T16:06:48.935+0530][382.241s] GC(355) Archive regions: 2->2
[2025-06-03T16:06:48.935+0530][382.241s] GC(355) Humongous regions: 0->0
[2025-06-03T16:06:48.935+0530][382.241s] GC(355) Metaspace: 20302K(20992K)->20302K(20992K) NonClass: 17775K(18176K)->17775K(18176K) Class: 2527K(2816K)->2527K(2816K)
[2025-06-03T16:06:48.935+0530][382.241s] GC(355) Pause Young (Normal) (G1 Preventive Collection) 507M->505M(512M) 2.843ms
[2025-06-03T16:06:48.935+0530][382.241s] GC(355) User=0.00s Sys=0.00s Real=0.00s
[2025-06-03T16:06:48.961+0530][382.267s] GC(356) Pause Young (Normal) (G1 Preventive Collection)
[2025-06-03T16:06:48.961+0530][382.267s] GC(356) Using 8 workers of 8 for evacuation
[2025-06-03T16:06:48.964+0530][382.269s] GC(356) Skipped phase 1 of Reference Processing: no references
[2025-06-03T16:06:48.964+0530][382.269s] GC(356) Skipped phase 2 of Reference Processing: no references
[2025-06-03T16:06:48.964+0530][382.269s] GC(356) Skipped phase 3 of Reference Processing: no references
[2025-06-03T16:06:48.964+0530][382.269s] GC(356) Skipped phase 4 of Reference Processing: no references
[2025-06-03T16:06:48.964+0530][382.270s] GC(356)   Pre Evacuate Collection Set: 0.1ms
[2025-06-03T16:06:48.964+0530][382.270s] GC(356)   Merge Heap Roots: 0.1ms
[2025-06-03T16:06:48.964+0530][382.270s] GC(356)   Evacuate Collection Set: 2.4ms
[2025-06-03T16:06:48.964+0530][382.270s] GC(356)   Post Evacuate Collection Set: 0.3ms
[2025-06-03T16:06:48.964+0530][382.270s] GC(356)   Other: 0.2ms
[2025-06-03T16:06:48.964+0530][382.270s] GC(356) Eden regions: 2->0(24)
[2025-06-03T16:06:48.964+0530][382.270s] GC(356) Survivor regions: 1->1(1)
[2025-06-03T16:06:48.964+0530][382.270s] GC(356) Old regions: 506->506
[2025-06-03T16:06:48.964+0530][382.270s] GC(356) Archive regions: 2->2
[2025-06-03T16:06:48.964+0530][382.270s] GC(356) Humongous regions: 0->0
[2025-06-03T16:06:48.964+0530][382.270s] GC(356) Metaspace: 20302K(20992K)->20302K(20992K) NonClass: 17775K(18176K)->17775K(18176K) Class: 2527K(2816K)->2527K(2816K)
[2025-06-03T16:06:48.964+0530][382.270s] GC(356) Pause Young (Normal) (G1 Preventive Collection) 507M->505M(512M) 3.189ms
[2025-06-03T16:06:48.964+0530][382.270s] GC(356) User=0.00s Sys=0.01s Real=0.00s
[2025-06-03T16:06:48.990+0530][382.296s] GC(357) Pause Young (Normal) (G1 Preventive Collection)
[2025-06-03T16:06:48.990+0530][382.296s] GC(357) Using 8 workers of 8 for evacuation
[2025-06-03T16:06:48.993+0530][382.299s] GC(357) Skipped phase 1 of Reference Processing: no references
[2025-06-03T16:06:48.993+0530][382.299s] GC(357) Skipped phase 2 of Reference Processing: no references
[2025-06-03T16:06:48.993+0530][382.299s] GC(357) Skipped phase 3 of Reference Processing: no references
[2025-06-03T16:06:48.993+0530][382.299s] GC(357) Skipped phase 4 of Reference Processing: no references
[2025-06-03T16:06:48.994+0530][382.299s] GC(357)   Pre Evacuate Collection Set: 0.1ms
[2025-06-03T16:06:48.994+0530][382.299s] GC(357)   Merge Heap Roots: 0.0ms
[2025-06-03T16:06:48.994+0530][382.299s] GC(357)   Evacuate Collection Set: 2.7ms
[2025-06-03T16:06:48.994+0530][382.299s] GC(357)   Post Evacuate Collection Set: 0.4ms
[2025-06-03T16:06:48.994+0530][382.299s] GC(357)   Other: 0.2ms
[2025-06-03T16:06:48.994+0530][382.299s] GC(357) Eden regions: 2->0(24)
[2025-06-03T16:06:48.994+0530][382.299s] GC(357) Survivor regions: 1->1(1)
[2025-06-03T16:06:48.994+0530][382.299s] GC(357) Old regions: 506->506
[2025-06-03T16:06:48.994+0530][382.299s] GC(357) Archive regions: 2->2
[2025-06-03T16:06:48.994+0530][382.299s] GC(357) Humongous regions: 0->0
[2025-06-03T16:06:48.994+0530][382.299s] GC(357) Metaspace: 20302K(20992K)->20302K(20992K) NonClass: 17775K(18176K)->17775K(18176K) Class: 2527K(2816K)->2527K(2816K)
[2025-06-03T16:06:48.994+0530][382.299s] GC(357) Pause Young (Normal) (G1 Preventive Collection) 507M->505M(512M) 3.516ms
[2025-06-03T16:06:48.994+0530][382.299s] GC(357) User=0.00s Sys=0.00s Real=0.00s
[2025-06-03T16:06:49.019+0530][382.325s] GC(358) Pause Young (Normal) (G1 Preventive Collection)
[2025-06-03T16:06:49.019+0530][382.325s] GC(358) Using 8 workers of 8 for evacuation
[2025-06-03T16:06:49.023+0530][382.328s] GC(358) Skipped phase 1 of Reference Processing: no references
[2025-06-03T16:06:49.023+0530][382.328s] GC(358) Skipped phase 2 of Reference Processing: no references
[2025-06-03T16:06:49.023+0530][382.328s] GC(358) Skipped phase 3 of Reference Processing: no references
[2025-06-03T16:06:49.023+0530][382.328s] GC(358) Skipped phase 4 of Reference Processing: no references
[2025-06-03T16:06:49.023+0530][382.329s] GC(358) To-space exhausted
[2025-06-03T16:06:49.023+0530][382.329s] GC(358)   Pre Evacuate Collection Set: 0.1ms
[2025-06-03T16:06:49.023+0530][382.329s] GC(358)   Merge Heap Roots: 0.1ms
[2025-06-03T16:06:49.023+0530][382.329s] GC(358)   Evacuate Collection Set: 3.0ms
[2025-06-03T16:06:49.023+0530][382.329s] GC(358)   Post Evacuate Collection Set: 0.7ms
[2025-06-03T16:06:49.024+0530][382.329s] GC(358)   Other: 0.3ms
[2025-06-03T16:06:49.024+0530][382.329s] GC(358) Eden regions: 2->0(24)
[2025-06-03T16:06:49.024+0530][382.329s] GC(358) Survivor regions: 1->1(1)
[2025-06-03T16:06:49.024+0530][382.329s] GC(358) Old regions: 506->509
[2025-06-03T16:06:49.024+0530][382.329s] GC(358) Archive regions: 2->2
[2025-06-03T16:06:49.024+0530][382.329s] GC(358) Humongous regions: 0->0
[2025-06-03T16:06:49.024+0530][382.329s] GC(358) Metaspace: 20302K(20992K)->20302K(20992K) NonClass: 17775K(18176K)->17775K(18176K) Class: 2527K(2816K)->2527K(2816K)
[2025-06-03T16:06:49.024+0530][382.329s] GC(358) Pause Young (Normal) (G1 Preventive Collection) 507M->508M(512M) 4.211ms
[2025-06-03T16:06:49.024+0530][382.329s] GC(358) User=0.02s Sys=0.00s Real=0.01s
[2025-06-03T16:06:49.024+0530][382.329s] Attempting full compaction
[2025-06-03T16:06:49.024+0530][382.329s] GC(359) Using 8 workers of 8 for full compaction
[2025-06-03T16:06:49.024+0530][382.329s] GC(359) Pause Full (G1 Compaction Pause)
[2025-06-03T16:06:49.025+0530][382.330s] GC(359) Phase 1: Mark live objects
[2025-06-03T16:06:49.913+0530][383.218s] GC(359) ReferenceProcessor::execute queues: 8, RefProcThreadModel::Multi, marks_oops_alive: true
[2025-06-03T16:06:49.913+0530][383.218s] GC(359) ReferenceProcessor::execute queues: 2, RefProcThreadModel::Multi, marks_oops_alive: false
[2025-06-03T16:06:49.913+0530][383.219s] GC(359) Skipped phase 3 of Reference Processing: no references
[2025-06-03T16:06:49.913+0530][383.219s] GC(359) ReferenceProcessor::execute queues: 1, RefProcThreadModel::Single, marks_oops_alive: false
[2025-06-03T16:06:49.914+0530][383.220s] GC(359) Phase 1: Mark live objects 889.291ms
[2025-06-03T16:06:49.914+0530][383.220s] GC(359) Phase 2: Prepare for compaction
[2025-06-03T16:06:49.915+0530][383.221s] GC(359) Phase 2: Prepare for compaction 0.923ms
[2025-06-03T16:06:49.915+0530][383.221s] GC(359) Phase 3: Adjust pointers
[2025-06-03T16:06:49.974+0530][383.279s] GC(359) Phase 3: Adjust pointers 58.631ms
[2025-06-03T16:06:49.974+0530][383.279s] GC(359) Phase 4: Compact heap
[2025-06-03T16:06:49.974+0530][383.280s] GC(359) Phase 4: Compact heap 0.664ms
[2025-06-03T16:06:49.978+0530][383.284s] GC(359) Eden regions: 0->0(25)
[2025-06-03T16:06:49.978+0530][383.284s] GC(359) Survivor regions: 1->0(1)
[2025-06-03T16:06:49.978+0530][383.284s] GC(359) Old regions: 509->506
[2025-06-03T16:06:49.978+0530][383.284s] GC(359) Archive regions: 2->2
[2025-06-03T16:06:49.978+0530][383.284s] GC(359) Humongous regions: 0->0
[2025-06-03T16:06:49.978+0530][383.284s] GC(359) Metaspace: 20302K(20992K)->20302K(20992K) NonClass: 17775K(18176K)->17775K(18176K) Class: 2527K(2816K)->2527K(2816K)
[2025-06-03T16:06:49.978+0530][383.284s] GC(359) Pause Full (G1 Compaction Pause) 508M->505M(512M) 954.767ms
[2025-06-03T16:06:49.979+0530][383.284s] GC(359) User=2.21s Sys=0.07s Real=0.95s
[2025-06-03T16:06:49.979+0530][383.285s] GC(348) Concurrent Mark From Roots 1241.872ms
[2025-06-03T16:06:49.979+0530][383.285s] GC(348) Concurrent Mark Abort
[2025-06-03T16:06:49.979+0530][383.285s] GC(348) Concurrent Mark Cycle 1242.425ms
[2025-06-03T16:06:50.012+0530][383.317s] GC(360) Pause Young (Normal) (G1 Preventive Collection)
[2025-06-03T16:06:50.012+0530][383.317s] GC(360) Using 8 workers of 8 for evacuation
[2025-06-03T16:06:50.012+0530][383.318s] GC(360) Skipped phase 1 of Reference Processing: no references
[2025-06-03T16:06:50.012+0530][383.318s] GC(360) Skipped phase 2 of Reference Processing: no references
[2025-06-03T16:06:50.012+0530][383.318s] GC(360) Skipped phase 3 of Reference Processing: no references
[2025-06-03T16:06:50.012+0530][383.318s] GC(360) Skipped phase 4 of Reference Processing: no references
[2025-06-03T16:06:50.013+0530][383.318s] GC(360)   Pre Evacuate Collection Set: 0.1ms
[2025-06-03T16:06:50.013+0530][383.318s] GC(360)   Merge Heap Roots: 0.0ms
[2025-06-03T16:06:50.013+0530][383.318s] GC(360)   Evacuate Collection Set: 0.5ms
[2025-06-03T16:06:50.013+0530][383.318s] GC(360)   Post Evacuate Collection Set: 0.2ms
[2025-06-03T16:06:50.013+0530][383.318s] GC(360)   Other: 0.2ms
[2025-06-03T16:06:50.013+0530][383.318s] GC(360) Eden regions: 3->0(24)
[2025-06-03T16:06:50.013+0530][383.318s] GC(360) Survivor regions: 0->1(1)
[2025-06-03T16:06:50.013+0530][383.318s] GC(360) Old regions: 506->506
[2025-06-03T16:06:50.013+0530][383.318s] GC(360) Archive regions: 2->2
[2025-06-03T16:06:50.013+0530][383.318s] GC(360) Humongous regions: 0->0
[2025-06-03T16:06:50.013+0530][383.318s] GC(360) Metaspace: 20302K(20992K)->20302K(20992K) NonClass: 17775K(18176K)->17775K(18176K) Class: 2527K(2816K)->2527K(2816K)
[2025-06-03T16:06:50.013+0530][383.318s] GC(360) Pause Young (Normal) (G1 Preventive Collection) 508M->505M(512M) 1.159ms
[2025-06-03T16:06:50.013+0530][383.318s] GC(360) User=0.00s Sys=0.00s Real=0.00s
[2025-06-03T16:06:50.040+0530][383.345s] GC(361) Pause Young (Concurrent Start) (G1 Preventive Collection)
[2025-06-03T16:06:50.040+0530][383.345s] GC(361) Using 8 workers of 8 for evacuation
[2025-06-03T16:06:50.041+0530][383.347s] GC(361) Skipped phase 1 of Reference Processing: no references
[2025-06-03T16:06:50.041+0530][383.347s] GC(361) Skipped phase 2 of Reference Processing: no references
[2025-06-03T16:06:50.041+0530][383.347s] GC(361) Skipped phase 3 of Reference Processing: no references
[2025-06-03T16:06:50.041+0530][383.347s] GC(361) Skipped phase 4 of Reference Processing: no references
[2025-06-03T16:06:50.041+0530][383.347s] GC(361)   Pre Evacuate Collection Set: 0.1ms
[2025-06-03T16:06:50.041+0530][383.347s] GC(361)   Merge Heap Roots: 0.0ms
[2025-06-03T16:06:50.041+0530][383.347s] GC(361)   Evacuate Collection Set: 1.0ms
[2025-06-03T16:06:50.041+0530][383.347s] GC(361)   Post Evacuate Collection Set: 0.3ms
[2025-06-03T16:06:50.041+0530][383.347s] GC(361)   Other: 0.2ms
[2025-06-03T16:06:50.041+0530][383.347s] GC(361) Eden regions: 2->0(24)
[2025-06-03T16:06:50.041+0530][383.347s] GC(361) Survivor regions: 1->1(1)
[2025-06-03T16:06:50.042+0530][383.347s] GC(361) Old regions: 506->506
[2025-06-03T16:06:50.042+0530][383.347s] GC(361) Archive regions: 2->2
[2025-06-03T16:06:50.042+0530][383.347s] GC(361) Humongous regions: 0->0
[2025-06-03T16:06:50.042+0530][383.347s] GC(361) Metaspace: 20302K(20992K)->20302K(20992K) NonClass: 17775K(18176K)->17775K(18176K) Class: 2527K(2816K)->2527K(2816K)
[2025-06-03T16:06:50.042+0530][383.347s] GC(361) Pause Young (Concurrent Start) (G1 Preventive Collection) 507M->505M(512M) 2.028ms
[2025-06-03T16:06:50.042+0530][383.347s] GC(361) User=0.00s Sys=0.00s Real=0.00s
[2025-06-03T16:06:50.042+0530][383.347s] GC(362) Concurrent Mark Cycle
[2025-06-03T16:06:50.042+0530][383.347s] GC(362) Concurrent Clear Claimed Marks
[2025-06-03T16:06:50.042+0530][383.348s] GC(362) Concurrent Clear Claimed Marks 0.033ms
[2025-06-03T16:06:50.042+0530][383.348s] GC(362) Concurrent Scan Root Regions
[2025-06-03T16:06:50.042+0530][383.348s] GC(362) Concurrent Scan Root Regions 0.633ms
[2025-06-03T16:06:50.043+0530][383.348s] GC(362) Concurrent Mark
[2025-06-03T16:06:50.043+0530][383.348s] GC(362) Concurrent Mark From Roots
[2025-06-03T16:06:50.043+0530][383.348s] GC(362) Using 2 workers of 2 for marking
[2025-06-03T16:06:50.071+0530][383.377s] GC(363) Pause Young (Normal) (G1 Preventive Collection)
[2025-06-03T16:06:50.071+0530][383.377s] GC(363) Using 8 workers of 8 for evacuation
[2025-06-03T16:06:50.072+0530][383.378s] GC(363) Skipped phase 1 of Reference Processing: no references
[2025-06-03T16:06:50.072+0530][383.378s] GC(363) Skipped phase 2 of Reference Processing: no references
[2025-06-03T16:06:50.072+0530][383.378s] GC(363) Skipped phase 3 of Reference Processing: no references
[2025-06-03T16:06:50.072+0530][383.378s] GC(363) Skipped phase 4 of Reference Processing: no references
[2025-06-03T16:06:50.073+0530][383.378s] GC(363)   Pre Evacuate Collection Set: 0.1ms
[2025-06-03T16:06:50.073+0530][383.378s] GC(363)   Merge Heap Roots: 0.1ms
[2025-06-03T16:06:50.073+0530][383.379s] GC(363)   Evacuate Collection Set: 1.1ms
[2025-06-03T16:06:50.073+0530][383.379s] GC(363)   Post Evacuate Collection Set: 0.3ms
[2025-06-03T16:06:50.073+0530][383.379s] GC(363)   Other: 0.2ms
[2025-06-03T16:06:50.073+0530][383.379s] GC(363) Eden regions: 2->0(24)
[2025-06-03T16:06:50.073+0530][383.379s] GC(363) Survivor regions: 1->1(1)
[2025-06-03T16:06:50.073+0530][383.379s] GC(363) Old regions: 506->506
[2025-06-03T16:06:50.073+0530][383.379s] GC(363) Archive regions: 2->2
[2025-06-03T16:06:50.073+0530][383.379s] GC(363) Humongous regions: 0->0
[2025-06-03T16:06:50.073+0530][383.379s] GC(363) Metaspace: 20302K(20992K)->20302K(20992K) NonClass: 17775K(18176K)->17775K(18176K) Class: 2527K(2816K)->2527K(2816K)
[2025-06-03T16:06:50.073+0530][383.379s] GC(363) Pause Young (Normal) (G1 Preventive Collection) 507M->506M(512M) 2.096ms
[2025-06-03T16:06:50.073+0530][383.379s] GC(363) User=0.01s Sys=0.00s Real=0.00s
[2025-06-03T16:06:50.103+0530][383.409s] GC(364) Pause Young (Normal) (G1 Preventive Collection)
[2025-06-03T16:06:50.103+0530][383.409s] GC(364) Using 8 workers of 8 for evacuation
[2025-06-03T16:06:50.105+0530][383.410s] GC(364) Skipped phase 1 of Reference Processing: no references
[2025-06-03T16:06:50.105+0530][383.410s] GC(364) Skipped phase 2 of Reference Processing: no references
[2025-06-03T16:06:50.105+0530][383.410s] GC(364) Skipped phase 3 of Reference Processing: no references
[2025-06-03T16:06:50.105+0530][383.410s] GC(364) Skipped phase 4 of Reference Processing: no references
[2025-06-03T16:06:50.105+0530][383.411s] GC(364)   Pre Evacuate Collection Set: 0.1ms
[2025-06-03T16:06:50.105+0530][383.411s] GC(364)   Merge Heap Roots: 0.0ms
[2025-06-03T16:06:50.105+0530][383.411s] GC(364)   Evacuate Collection Set: 1.1ms
[2025-06-03T16:06:50.105+0530][383.411s] GC(364)   Post Evacuate Collection Set: 0.3ms
[2025-06-03T16:06:50.105+0530][383.411s] GC(364)   Other: 0.2ms
[2025-06-03T16:06:50.105+0530][383.411s] GC(364) Eden regions: 2->0(24)
[2025-06-03T16:06:50.105+0530][383.411s] GC(364) Survivor regions: 1->1(1)
[2025-06-03T16:06:50.105+0530][383.411s] GC(364) Old regions: 506->506
[2025-06-03T16:06:50.105+0530][383.411s] GC(364) Archive regions: 2->2
[2025-06-03T16:06:50.105+0530][383.411s] GC(364) Humongous regions: 0->0
[2025-06-03T16:06:50.105+0530][383.411s] GC(364) Metaspace: 20302K(20992K)->20302K(20992K) NonClass: 17775K(18176K)->17775K(18176K) Class: 2527K(2816K)->2527K(2816K)
[2025-06-03T16:06:50.105+0530][383.411s] GC(364) Pause Young (Normal) (G1 Preventive Collection) 508M->506M(512M) 2.069ms
[2025-06-03T16:06:50.105+0530][383.411s] GC(364) User=0.00s Sys=0.00s Real=0.00s
[2025-06-03T16:06:50.131+0530][383.436s] GC(365) Pause Young (Normal) (G1 Preventive Collection)
[2025-06-03T16:06:50.131+0530][383.436s] GC(365) Using 8 workers of 8 for evacuation
[2025-06-03T16:06:50.132+0530][383.438s] GC(365) Skipped phase 1 of Reference Processing: no references
[2025-06-03T16:06:50.132+0530][383.438s] GC(365) Skipped phase 2 of Reference Processing: no references
[2025-06-03T16:06:50.132+0530][383.438s] GC(365) Skipped phase 3 of Reference Processing: no references
[2025-06-03T16:06:50.132+0530][383.438s] GC(365) Skipped phase 4 of Reference Processing: no references
[2025-06-03T16:06:50.133+0530][383.438s] GC(365)   Pre Evacuate Collection Set: 0.1ms
[2025-06-03T16:06:50.133+0530][383.438s] GC(365)   Merge Heap Roots: 0.0ms
[2025-06-03T16:06:50.133+0530][383.438s] GC(365)   Evacuate Collection Set: 1.5ms
[2025-06-03T16:06:50.133+0530][383.438s] GC(365)   Post Evacuate Collection Set: 0.3ms
[2025-06-03T16:06:50.133+0530][383.438s] GC(365)   Other: 0.2ms
[2025-06-03T16:06:50.133+0530][383.438s] GC(365) Eden regions: 2->0(24)
[2025-06-03T16:06:50.133+0530][383.438s] GC(365) Survivor regions: 1->1(1)
[2025-06-03T16:06:50.133+0530][383.438s] GC(365) Old regions: 506->506
[2025-06-03T16:06:50.133+0530][383.438s] GC(365) Archive regions: 2->2
[2025-06-03T16:06:50.133+0530][383.438s] GC(365) Humongous regions: 0->0
[2025-06-03T16:06:50.133+0530][383.438s] GC(365) Metaspace: 20302K(20992K)->20302K(20992K) NonClass: 17775K(18176K)->17775K(18176K) Class: 2527K(2816K)->2527K(2816K)
[2025-06-03T16:06:50.133+0530][383.439s] GC(365) Pause Young (Normal) (G1 Preventive Collection) 508M->506M(512M) 2.219ms
[2025-06-03T16:06:50.133+0530][383.439s] GC(365) User=0.00s Sys=0.00s Real=0.00s
[2025-06-03T16:06:50.159+0530][383.465s] GC(366) Pause Young (Normal) (G1 Preventive Collection)
[2025-06-03T16:06:50.159+0530][383.465s] GC(366) Using 8 workers of 8 for evacuation
[2025-06-03T16:06:50.161+0530][383.467s] GC(366) Skipped phase 1 of Reference Processing: no references
[2025-06-03T16:06:50.161+0530][383.467s] GC(366) Skipped phase 2 of Reference Processing: no references
[2025-06-03T16:06:50.161+0530][383.467s] GC(366) Skipped phase 3 of Reference Processing: no references
[2025-06-03T16:06:50.161+0530][383.467s] GC(366) Skipped phase 4 of Reference Processing: no references
[2025-06-03T16:06:50.162+0530][383.467s] GC(366)   Pre Evacuate Collection Set: 0.1ms
[2025-06-03T16:06:50.162+0530][383.467s] GC(366)   Merge Heap Roots: 0.0ms
[2025-06-03T16:06:50.162+0530][383.467s] GC(366)   Evacuate Collection Set: 1.7ms
[2025-06-03T16:06:50.162+0530][383.467s] GC(366)   Post Evacuate Collection Set: 0.3ms
[2025-06-03T16:06:50.162+0530][383.467s] GC(366)   Other: 0.2ms
[2025-06-03T16:06:50.162+0530][383.467s] GC(366) Eden regions: 2->0(24)
[2025-06-03T16:06:50.162+0530][383.467s] GC(366) Survivor regions: 1->1(1)
[2025-06-03T16:06:50.162+0530][383.467s] GC(366) Old regions: 506->506
[2025-06-03T16:06:50.162+0530][383.467s] GC(366) Archive regions: 2->2
[2025-06-03T16:06:50.162+0530][383.467s] GC(366) Humongous regions: 0->0
[2025-06-03T16:06:50.162+0530][383.467s] GC(366) Metaspace: 20302K(20992K)->20302K(20992K) NonClass: 17775K(18176K)->17775K(18176K) Class: 2527K(2816K)->2527K(2816K)
[2025-06-03T16:06:50.162+0530][383.468s] GC(366) Pause Young (Normal) (G1 Preventive Collection) 508M->506M(512M) 2.419ms
[2025-06-03T16:06:50.162+0530][383.468s] GC(366) User=0.00s Sys=0.00s Real=0.01s
[2025-06-03T16:06:50.189+0530][383.494s] GC(367) Pause Young (Normal) (G1 Preventive Collection)
[2025-06-03T16:06:50.189+0530][383.494s] GC(367) Using 8 workers of 8 for evacuation
[2025-06-03T16:06:50.191+0530][383.497s] GC(367) Skipped phase 1 of Reference Processing: no references
[2025-06-03T16:06:50.191+0530][383.497s] GC(367) Skipped phase 2 of Reference Processing: no references
[2025-06-03T16:06:50.191+0530][383.497s] GC(367) Skipped phase 3 of Reference Processing: no references
[2025-06-03T16:06:50.191+0530][383.497s] GC(367) Skipped phase 4 of Reference Processing: no references
[2025-06-03T16:06:50.191+0530][383.497s] GC(367)   Pre Evacuate Collection Set: 0.1ms
[2025-06-03T16:06:50.191+0530][383.497s] GC(367)   Merge Heap Roots: 0.1ms
[2025-06-03T16:06:50.191+0530][383.497s] GC(367)   Evacuate Collection Set: 2.0ms
[2025-06-03T16:06:50.191+0530][383.497s] GC(367)   Post Evacuate Collection Set: 0.3ms
[2025-06-03T16:06:50.191+0530][383.497s] GC(367)   Other: 0.2ms
[2025-06-03T16:06:50.191+0530][383.497s] GC(367) Eden regions: 2->0(24)
[2025-06-03T16:06:50.191+0530][383.497s] GC(367) Survivor regions: 1->1(1)
[2025-06-03T16:06:50.191+0530][383.497s] GC(367) Old regions: 506->506
[2025-06-03T16:06:50.191+0530][383.497s] GC(367) Archive regions: 2->2
[2025-06-03T16:06:50.191+0530][383.497s] GC(367) Humongous regions: 0->0
[2025-06-03T16:06:50.191+0530][383.497s] GC(367) Metaspace: 20302K(20992K)->20302K(20992K) NonClass: 17775K(18176K)->17775K(18176K) Class: 2527K(2816K)->2527K(2816K)
[2025-06-03T16:06:50.191+0530][383.497s] GC(367) Pause Young (Normal) (G1 Preventive Collection) 508M->506M(512M) 2.764ms
[2025-06-03T16:06:50.191+0530][383.497s] GC(367) User=0.00s Sys=0.01s Real=0.01s
[2025-06-03T16:06:50.219+0530][383.525s] GC(368) Pause Young (Normal) (G1 Preventive Collection)
[2025-06-03T16:06:50.219+0530][383.525s] GC(368) Using 8 workers of 8 for evacuation
[2025-06-03T16:06:50.222+0530][383.527s] GC(368) Skipped phase 1 of Reference Processing: no references
[2025-06-03T16:06:50.222+0530][383.527s] GC(368) Skipped phase 2 of Reference Processing: no references
[2025-06-03T16:06:50.222+0530][383.527s] GC(368) Skipped phase 3 of Reference Processing: no references
[2025-06-03T16:06:50.222+0530][383.527s] GC(368) Skipped phase 4 of Reference Processing: no references
[2025-06-03T16:06:50.222+0530][383.528s] GC(368)   Pre Evacuate Collection Set: 0.1ms
[2025-06-03T16:06:50.222+0530][383.528s] GC(368)   Merge Heap Roots: 0.0ms
[2025-06-03T16:06:50.222+0530][383.528s] GC(368)   Evacuate Collection Set: 2.0ms
[2025-06-03T16:06:50.222+0530][383.528s] GC(368)   Post Evacuate Collection Set: 0.3ms
[2025-06-03T16:06:50.222+0530][383.528s] GC(368)   Other: 0.2ms
[2025-06-03T16:06:50.222+0530][383.528s] GC(368) Eden regions: 2->0(24)
[2025-06-03T16:06:50.222+0530][383.528s] GC(368) Survivor regions: 1->1(1)
[2025-06-03T16:06:50.222+0530][383.528s] GC(368) Old regions: 506->506
[2025-06-03T16:06:50.222+0530][383.528s] GC(368) Archive regions: 2->2
[2025-06-03T16:06:50.222+0530][383.528s] GC(368) Humongous regions: 0->0
[2025-06-03T16:06:50.222+0530][383.528s] GC(368) Metaspace: 20302K(20992K)->20302K(20992K) NonClass: 17775K(18176K)->17775K(18176K) Class: 2527K(2816K)->2527K(2816K)
[2025-06-03T16:06:50.222+0530][383.528s] GC(368) Pause Young (Normal) (G1 Preventive Collection) 508M->506M(512M) 2.750ms
[2025-06-03T16:06:50.222+0530][383.528s] GC(368) User=0.01s Sys=0.00s Real=0.01s
[2025-06-03T16:06:50.246+0530][383.552s] GC(369) Pause Young (Normal) (G1 Preventive Collection)
[2025-06-03T16:06:50.246+0530][383.552s] GC(369) Using 8 workers of 8 for evacuation
[2025-06-03T16:06:50.249+0530][383.555s] GC(369) Skipped phase 1 of Reference Processing: no references
[2025-06-03T16:06:50.249+0530][383.555s] GC(369) Skipped phase 2 of Reference Processing: no references
[2025-06-03T16:06:50.249+0530][383.555s] GC(369) Skipped phase 3 of Reference Processing: no references
[2025-06-03T16:06:50.249+0530][383.555s] GC(369) Skipped phase 4 of Reference Processing: no references
[2025-06-03T16:06:50.249+0530][383.555s] GC(369)   Pre Evacuate Collection Set: 0.1ms
[2025-06-03T16:06:50.249+0530][383.555s] GC(369)   Merge Heap Roots: 0.0ms
[2025-06-03T16:06:50.249+0530][383.555s] GC(369)   Evacuate Collection Set: 2.4ms
[2025-06-03T16:06:50.249+0530][383.555s] GC(369)   Post Evacuate Collection Set: 0.3ms
[2025-06-03T16:06:50.249+0530][383.555s] GC(369)   Other: 0.2ms
[2025-06-03T16:06:50.249+0530][383.555s] GC(369) Eden regions: 2->0(24)
[2025-06-03T16:06:50.249+0530][383.555s] GC(369) Survivor regions: 1->1(1)
[2025-06-03T16:06:50.250+0530][383.555s] GC(369) Old regions: 506->506
[2025-06-03T16:06:50.250+0530][383.555s] GC(369) Archive regions: 2->2
[2025-06-03T16:06:50.250+0530][383.555s] GC(369) Humongous regions: 0->0
[2025-06-03T16:06:50.250+0530][383.555s] GC(369) Metaspace: 20302K(20992K)->20302K(20992K) NonClass: 17775K(18176K)->17775K(18176K) Class: 2527K(2816K)->2527K(2816K)
[2025-06-03T16:06:50.250+0530][383.555s] GC(369) Pause Young (Normal) (G1 Preventive Collection) 508M->506M(512M) 3.393ms
[2025-06-03T16:06:50.250+0530][383.555s] GC(369) User=0.01s Sys=0.00s Real=0.01s
[2025-06-03T16:06:50.275+0530][383.581s] GC(370) Pause Young (Normal) (G1 Preventive Collection)
[2025-06-03T16:06:50.275+0530][383.581s] GC(370) Using 8 workers of 8 for evacuation
[2025-06-03T16:06:50.278+0530][383.584s] GC(370) Skipped phase 1 of Reference Processing: no references
[2025-06-03T16:06:50.278+0530][383.584s] GC(370) Skipped phase 2 of Reference Processing: no references
[2025-06-03T16:06:50.278+0530][383.584s] GC(370) Skipped phase 3 of Reference Processing: no references
[2025-06-03T16:06:50.278+0530][383.584s] GC(370) Skipped phase 4 of Reference Processing: no references
[2025-06-03T16:06:50.279+0530][383.584s] GC(370)   Pre Evacuate Collection Set: 0.1ms
[2025-06-03T16:06:50.279+0530][383.584s] GC(370)   Merge Heap Roots: 0.0ms
[2025-06-03T16:06:50.279+0530][383.584s] GC(370)   Evacuate Collection Set: 2.6ms
[2025-06-03T16:06:50.279+0530][383.584s] GC(370)   Post Evacuate Collection Set: 0.3ms
[2025-06-03T16:06:50.279+0530][383.584s] GC(370)   Other: 0.2ms
[2025-06-03T16:06:50.279+0530][383.584s] GC(370) Eden regions: 2->0(24)
[2025-06-03T16:06:50.279+0530][383.584s] GC(370) Survivor regions: 1->1(1)
[2025-06-03T16:06:50.279+0530][383.584s] GC(370) Old regions: 506->506
[2025-06-03T16:06:50.279+0530][383.584s] GC(370) Archive regions: 2->2
[2025-06-03T16:06:50.279+0530][383.584s] GC(370) Humongous regions: 0->0
[2025-06-03T16:06:50.279+0530][383.584s] GC(370) Metaspace: 20302K(20992K)->20302K(20992K) NonClass: 17775K(18176K)->17775K(18176K) Class: 2527K(2816K)->2527K(2816K)
[2025-06-03T16:06:50.279+0530][383.584s] GC(370) Pause Young (Normal) (G1 Preventive Collection) 508M->506M(512M) 3.377ms
[2025-06-03T16:06:50.279+0530][383.584s] GC(370) User=0.01s Sys=0.01s Real=0.00s
[2025-06-03T16:06:50.307+0530][383.613s] GC(371) Pause Young (Normal) (G1 Preventive Collection)
[2025-06-03T16:06:50.307+0530][383.613s] GC(371) Using 8 workers of 8 for evacuation
[2025-06-03T16:06:50.310+0530][383.616s] GC(371) Skipped phase 1 of Reference Processing: no references
[2025-06-03T16:06:50.310+0530][383.616s] GC(371) Skipped phase 2 of Reference Processing: no references
[2025-06-03T16:06:50.310+0530][383.616s] GC(371) Skipped phase 3 of Reference Processing: no references
[2025-06-03T16:06:50.310+0530][383.616s] GC(371) Skipped phase 4 of Reference Processing: no references
[2025-06-03T16:06:50.310+0530][383.616s] GC(371)   Pre Evacuate Collection Set: 0.1ms
[2025-06-03T16:06:50.310+0530][383.616s] GC(371)   Merge Heap Roots: 0.0ms
[2025-06-03T16:06:50.310+0530][383.616s] GC(371)   Evacuate Collection Set: 2.8ms
[2025-06-03T16:06:50.310+0530][383.616s] GC(371)   Post Evacuate Collection Set: 0.3ms
[2025-06-03T16:06:50.310+0530][383.616s] GC(371)   Other: 0.2ms
[2025-06-03T16:06:50.310+0530][383.616s] GC(371) Eden regions: 2->0(24)
[2025-06-03T16:06:50.310+0530][383.616s] GC(371) Survivor regions: 1->1(1)
[2025-06-03T16:06:50.310+0530][383.616s] GC(371) Old regions: 506->506
[2025-06-03T16:06:50.310+0530][383.616s] GC(371) Archive regions: 2->2
[2025-06-03T16:06:50.310+0530][383.616s] GC(371) Humongous regions: 0->0
[2025-06-03T16:06:50.310+0530][383.616s] GC(371) Metaspace: 20302K(20992K)->20302K(20992K) NonClass: 17775K(18176K)->17775K(18176K) Class: 2527K(2816K)->2527K(2816K)
[2025-06-03T16:06:50.310+0530][383.616s] GC(371) Pause Young (Normal) (G1 Preventive Collection) 508M->506M(512M) 3.577ms
[2025-06-03T16:06:50.310+0530][383.616s] GC(371) User=0.01s Sys=0.00s Real=0.01s
[2025-06-03T16:06:50.335+0530][383.641s] GC(372) Pause Young (Normal) (G1 Preventive Collection)
[2025-06-03T16:06:50.335+0530][383.641s] GC(372) Using 8 workers of 8 for evacuation
[2025-06-03T16:06:50.339+0530][383.644s] GC(372) Skipped phase 1 of Reference Processing: no references
[2025-06-03T16:06:50.339+0530][383.644s] GC(372) Skipped phase 2 of Reference Processing: no references
[2025-06-03T16:06:50.339+0530][383.644s] GC(372) Skipped phase 3 of Reference Processing: no references
[2025-06-03T16:06:50.339+0530][383.644s] GC(372) Skipped phase 4 of Reference Processing: no references
[2025-06-03T16:06:50.339+0530][383.645s] GC(372) To-space exhausted
[2025-06-03T16:06:50.339+0530][383.645s] GC(372)   Pre Evacuate Collection Set: 0.1ms
[2025-06-03T16:06:50.339+0530][383.645s] GC(372)   Merge Heap Roots: 0.0ms
[2025-06-03T16:06:50.339+0530][383.645s] GC(372)   Evacuate Collection Set: 2.9ms
[2025-06-03T16:06:50.339+0530][383.645s] GC(372)   Post Evacuate Collection Set: 0.6ms
[2025-06-03T16:06:50.339+0530][383.645s] GC(372)   Other: 0.2ms
[2025-06-03T16:06:50.339+0530][383.645s] GC(372) Eden regions: 2->0(24)
[2025-06-03T16:06:50.339+0530][383.645s] GC(372) Survivor regions: 1->1(1)
[2025-06-03T16:06:50.339+0530][383.645s] GC(372) Old regions: 506->509
[2025-06-03T16:06:50.339+0530][383.645s] GC(372) Archive regions: 2->2
[2025-06-03T16:06:50.339+0530][383.645s] GC(372) Humongous regions: 0->0
[2025-06-03T16:06:50.339+0530][383.645s] GC(372) Metaspace: 20302K(20992K)->20302K(20992K) NonClass: 17775K(18176K)->17775K(18176K) Class: 2527K(2816K)->2527K(2816K)
[2025-06-03T16:06:50.339+0530][383.645s] GC(372) Pause Young (Normal) (G1 Preventive Collection) 508M->509M(512M) 3.983ms
[2025-06-03T16:06:50.339+0530][383.645s] GC(372) User=0.01s Sys=0.00s Real=0.00s
[2025-06-03T16:06:50.339+0530][383.645s] Attempting full compaction
[2025-06-03T16:06:50.339+0530][383.645s] GC(373) Using 8 workers of 8 for full compaction
[2025-06-03T16:06:50.339+0530][383.645s] GC(373) Pause Full (G1 Compaction Pause)
[2025-06-03T16:06:50.340+0530][383.646s] GC(373) Phase 1: Mark live objects
[2025-06-03T16:06:51.221+0530][384.527s] GC(373) ReferenceProcessor::execute queues: 8, RefProcThreadModel::Multi, marks_oops_alive: true
[2025-06-03T16:06:51.221+0530][384.527s] GC(373) ReferenceProcessor::execute queues: 2, RefProcThreadModel::Multi, marks_oops_alive: false
[2025-06-03T16:06:51.221+0530][384.527s] GC(373) Skipped phase 3 of Reference Processing: no references
[2025-06-03T16:06:51.221+0530][384.527s] GC(373) ReferenceProcessor::execute queues: 1, RefProcThreadModel::Single, marks_oops_alive: false
[2025-06-03T16:06:51.222+0530][384.528s] GC(373) Phase 1: Mark live objects 882.239ms
[2025-06-03T16:06:51.222+0530][384.528s] GC(373) Phase 2: Prepare for compaction
[2025-06-03T16:06:51.223+0530][384.529s] GC(373) Phase 2: Prepare for compaction 0.746ms
[2025-06-03T16:06:51.223+0530][384.529s] GC(373) Phase 3: Adjust pointers
[2025-06-03T16:06:51.279+0530][384.585s] GC(373) Phase 3: Adjust pointers 55.853ms
[2025-06-03T16:06:51.279+0530][384.585s] GC(373) Phase 4: Compact heap
[2025-06-03T16:06:51.279+0530][384.585s] GC(373) Phase 4: Compact heap 0.398ms
[2025-06-03T16:06:51.283+0530][384.589s] GC(373) Eden regions: 0->0(25)
[2025-06-03T16:06:51.283+0530][384.589s] GC(373) Survivor regions: 1->0(1)
[2025-06-03T16:06:51.283+0530][384.589s] GC(373) Old regions: 509->509
[2025-06-03T16:06:51.283+0530][384.589s] GC(373) Archive regions: 2->2
[2025-06-03T16:06:51.283+0530][384.589s] GC(373) Humongous regions: 0->0
[2025-06-03T16:06:51.283+0530][384.589s] GC(373) Metaspace: 20302K(20992K)->20302K(20992K) NonClass: 17775K(18176K)->17775K(18176K) Class: 2527K(2816K)->2527K(2816K)
[2025-06-03T16:06:51.283+0530][384.589s] GC(373) Pause Full (G1 Compaction Pause) 509M->506M(512M) 943.568ms
[2025-06-03T16:06:51.283+0530][384.589s] GC(373) User=2.19s Sys=0.07s Real=0.95s
[2025-06-03T16:06:51.284+0530][384.589s] GC(362) Concurrent Mark From Roots 1241.044ms
[2025-06-03T16:06:51.284+0530][384.589s] GC(362) Concurrent Mark Abort
[2025-06-03T16:06:51.284+0530][384.589s] GC(362) Concurrent Mark Cycle 1241.929ms
[2025-06-03T16:06:51.289+0530][384.595s] GC(374) Pause Young (Normal) (G1 Evacuation Pause)
[2025-06-03T16:06:51.289+0530][384.595s] GC(374) Using 8 workers of 8 for evacuation
[2025-06-03T16:06:51.290+0530][384.596s] GC(374) Skipped phase 1 of Reference Processing: no references
[2025-06-03T16:06:51.290+0530][384.596s] GC(374) Skipped phase 2 of Reference Processing: no references
[2025-06-03T16:06:51.290+0530][384.596s] GC(374) Skipped phase 3 of Reference Processing: no references
[2025-06-03T16:06:51.290+0530][384.596s] GC(374) Skipped phase 4 of Reference Processing: no references
[2025-06-03T16:06:51.293+0530][384.598s] GC(374) To-space exhausted
[2025-06-03T16:06:51.293+0530][384.598s] GC(374)   Pre Evacuate Collection Set: 0.5ms
[2025-06-03T16:06:51.293+0530][384.598s] GC(374)   Merge Heap Roots: 0.0ms
[2025-06-03T16:06:51.293+0530][384.598s] GC(374)   Evacuate Collection Set: 0.5ms
[2025-06-03T16:06:51.293+0530][384.599s] GC(374)   Post Evacuate Collection Set: 2.5ms
[2025-06-03T16:06:51.293+0530][384.599s] GC(374)   Other: 0.3ms
[2025-06-03T16:06:51.293+0530][384.599s] GC(374) Eden regions: 1->0(25)
[2025-06-03T16:06:51.293+0530][384.599s] GC(374) Survivor regions: 0->0(0)
[2025-06-03T16:06:51.293+0530][384.599s] GC(374) Old regions: 509->510
[2025-06-03T16:06:51.293+0530][384.599s] GC(374) Archive regions: 2->2
[2025-06-03T16:06:51.293+0530][384.599s] GC(374) Humongous regions: 0->0
[2025-06-03T16:06:51.293+0530][384.599s] GC(374) Metaspace: 20302K(20992K)->20302K(20992K) NonClass: 17775K(18176K)->17775K(18176K) Class: 2527K(2816K)->2527K(2816K)
[2025-06-03T16:06:51.293+0530][384.599s] GC(374) Pause Young (Normal) (G1 Evacuation Pause) 507M->507M(512M) 4.198ms
[2025-06-03T16:06:51.293+0530][384.599s] GC(374) User=0.00s Sys=0.00s Real=0.01s
[2025-06-03T16:06:51.293+0530][384.599s] Attempting full compaction
[2025-06-03T16:06:51.293+0530][384.599s] GC(375) Using 8 workers of 8 for full compaction
[2025-06-03T16:06:51.293+0530][384.599s] GC(375) Pause Full (G1 Compaction Pause)
[2025-06-03T16:06:51.293+0530][384.599s] GC(375) Phase 1: Mark live objects
[2025-06-03T16:06:52.185+0530][385.490s] GC(375) ReferenceProcessor::execute queues: 8, RefProcThreadModel::Multi, marks_oops_alive: true
[2025-06-03T16:06:52.185+0530][385.490s] GC(375) ReferenceProcessor::execute queues: 2, RefProcThreadModel::Multi, marks_oops_alive: false
[2025-06-03T16:06:52.185+0530][385.491s] GC(375) Skipped phase 3 of Reference Processing: no references
[2025-06-03T16:06:52.185+0530][385.491s] GC(375) ReferenceProcessor::execute queues: 1, RefProcThreadModel::Single, marks_oops_alive: false
[2025-06-03T16:06:52.186+0530][385.492s] GC(375) Phase 1: Mark live objects 892.473ms
[2025-06-03T16:06:52.186+0530][385.492s] GC(375) Phase 2: Prepare for compaction
[2025-06-03T16:06:52.187+0530][385.492s] GC(375) Phase 2: Prepare for compaction 0.733ms
[2025-06-03T16:06:52.187+0530][385.492s] GC(375) Phase 3: Adjust pointers
[2025-06-03T16:06:52.243+0530][385.548s] GC(375) Phase 3: Adjust pointers 55.999ms
[2025-06-03T16:06:52.243+0530][385.548s] GC(375) Phase 4: Compact heap
[2025-06-03T16:06:52.243+0530][385.549s] GC(375) Phase 4: Compact heap 0.404ms
[2025-06-03T16:06:52.246+0530][385.552s] GC(375) Eden regions: 0->0(25)
[2025-06-03T16:06:52.247+0530][385.552s] GC(375) Survivor regions: 0->0(0)
[2025-06-03T16:06:52.247+0530][385.552s] GC(375) Old regions: 510->508
[2025-06-03T16:06:52.247+0530][385.552s] GC(375) Archive regions: 2->2
[2025-06-03T16:06:52.247+0530][385.552s] GC(375) Humongous regions: 0->0
[2025-06-03T16:06:52.247+0530][385.552s] GC(375) Metaspace: 20302K(20992K)->20302K(20992K) NonClass: 17775K(18176K)->17775K(18176K) Class: 2527K(2816K)->2527K(2816K)
[2025-06-03T16:06:52.247+0530][385.552s] GC(375) Pause Full (G1 Compaction Pause) 507M->506M(512M) 953.355ms
[2025-06-03T16:06:52.247+0530][385.553s] GC(375) User=2.20s Sys=0.07s Real=0.95s
[2025-06-03T16:06:52.254+0530][385.560s] GC(376) Pause Young (Concurrent Start) (G1 Preventive Collection)
[2025-06-03T16:06:52.254+0530][385.560s] GC(376) Using 8 workers of 8 for evacuation
[2025-06-03T16:06:52.255+0530][385.561s] GC(376) Skipped phase 1 of Reference Processing: no references
[2025-06-03T16:06:52.255+0530][385.561s] GC(376) Skipped phase 2 of Reference Processing: no references
[2025-06-03T16:06:52.255+0530][385.561s] GC(376) Skipped phase 3 of Reference Processing: no references
[2025-06-03T16:06:52.255+0530][385.561s] GC(376) Skipped phase 4 of Reference Processing: no references
[2025-06-03T16:06:52.255+0530][385.561s] GC(376)   Pre Evacuate Collection Set: 0.1ms
[2025-06-03T16:06:52.255+0530][385.561s] GC(376)   Merge Heap Roots: 0.1ms
[2025-06-03T16:06:52.255+0530][385.561s] GC(376)   Evacuate Collection Set: 0.6ms
[2025-06-03T16:06:52.255+0530][385.561s] GC(376)   Post Evacuate Collection Set: 0.3ms
[2025-06-03T16:06:52.255+0530][385.561s] GC(376)   Other: 0.2ms
[2025-06-03T16:06:52.255+0530][385.561s] GC(376) Eden regions: 1->0(24)
[2025-06-03T16:06:52.255+0530][385.561s] GC(376) Survivor regions: 0->1(1)
[2025-06-03T16:06:52.255+0530][385.561s] GC(376) Old regions: 508->508
[2025-06-03T16:06:52.256+0530][385.561s] GC(376) Archive regions: 2->2
[2025-06-03T16:06:52.256+0530][385.561s] GC(376) Humongous regions: 0->0
[2025-06-03T16:06:52.256+0530][385.561s] GC(376) Metaspace: 20303K(20992K)->20303K(20992K) NonClass: 17775K(18176K)->17775K(18176K) Class: 2527K(2816K)->2527K(2816K)
[2025-06-03T16:06:52.256+0530][385.561s] GC(376) Pause Young (Concurrent Start) (G1 Preventive Collection) 507M->506M(512M) 1.336ms
[2025-06-03T16:06:52.256+0530][385.561s] GC(376) User=0.00s Sys=0.00s Real=0.00s
[2025-06-03T16:06:52.256+0530][385.561s] GC(377) Concurrent Mark Cycle
[2025-06-03T16:06:52.256+0530][385.561s] GC(377) Concurrent Clear Claimed Marks
[2025-06-03T16:06:52.256+0530][385.561s] GC(377) Concurrent Clear Claimed Marks 0.029ms
[2025-06-03T16:06:52.256+0530][385.561s] GC(377) Concurrent Scan Root Regions
[2025-06-03T16:06:52.256+0530][385.562s] GC(377) Concurrent Scan Root Regions 0.372ms
[2025-06-03T16:06:52.256+0530][385.562s] GC(377) Concurrent Mark
[2025-06-03T16:06:52.256+0530][385.562s] GC(377) Concurrent Mark From Roots
[2025-06-03T16:06:52.256+0530][385.562s] GC(377) Using 2 workers of 2 for marking
[2025-06-03T16:06:52.263+0530][385.569s] GC(378) Pause Young (Normal) (G1 Evacuation Pause)
[2025-06-03T16:06:52.263+0530][385.569s] GC(378) Using 8 workers of 8 for evacuation
[2025-06-03T16:06:52.264+0530][385.570s] GC(378) Skipped phase 1 of Reference Processing: no references
[2025-06-03T16:06:52.264+0530][385.570s] GC(378) Skipped phase 2 of Reference Processing: no references
[2025-06-03T16:06:52.264+0530][385.570s] GC(378) Skipped phase 3 of Reference Processing: no references
[2025-06-03T16:06:52.264+0530][385.570s] GC(378) Skipped phase 4 of Reference Processing: no references
[2025-06-03T16:06:52.265+0530][385.570s] GC(378) To-space exhausted
[2025-06-03T16:06:52.265+0530][385.570s] GC(378)   Pre Evacuate Collection Set: 0.1ms
[2025-06-03T16:06:52.265+0530][385.570s] GC(378)   Merge Heap Roots: 0.0ms
[2025-06-03T16:06:52.265+0530][385.570s] GC(378)   Evacuate Collection Set: 0.4ms
[2025-06-03T16:06:52.265+0530][385.570s] GC(378)   Post Evacuate Collection Set: 0.6ms
[2025-06-03T16:06:52.265+0530][385.570s] GC(378)   Other: 0.2ms
[2025-06-03T16:06:52.265+0530][385.570s] GC(378) Eden regions: 1->0(25)
[2025-06-03T16:06:52.265+0530][385.570s] GC(378) Survivor regions: 1->0(0)
[2025-06-03T16:06:52.265+0530][385.570s] GC(378) Old regions: 508->510
[2025-06-03T16:06:52.265+0530][385.570s] GC(378) Archive regions: 2->2
[2025-06-03T16:06:52.265+0530][385.570s] GC(378) Humongous regions: 0->0
[2025-06-03T16:06:52.265+0530][385.571s] GC(378) Metaspace: 20303K(20992K)->20303K(20992K) NonClass: 17775K(18176K)->17775K(18176K) Class: 2527K(2816K)->2527K(2816K)
[2025-06-03T16:06:52.265+0530][385.571s] GC(378) Pause Young (Normal) (G1 Evacuation Pause) 507M->507M(512M) 1.526ms
[2025-06-03T16:06:52.265+0530][385.571s] GC(378) User=0.00s Sys=0.00s Real=0.00s
[2025-06-03T16:06:52.265+0530][385.571s] Attempting full compaction
[2025-06-03T16:06:52.265+0530][385.571s] GC(379) Using 8 workers of 8 for full compaction
[2025-06-03T16:06:52.265+0530][385.571s] GC(379) Pause Full (G1 Compaction Pause)
[2025-06-03T16:06:52.265+0530][385.571s] GC(379) Phase 1: Mark live objects
[2025-06-03T16:06:53.173+0530][386.479s] GC(379) ReferenceProcessor::execute queues: 8, RefProcThreadModel::Multi, marks_oops_alive: true
[2025-06-03T16:06:53.173+0530][386.479s] GC(379) ReferenceProcessor::execute queues: 2, RefProcThreadModel::Multi, marks_oops_alive: false
[2025-06-03T16:06:53.173+0530][386.479s] GC(379) Skipped phase 3 of Reference Processing: no references
[2025-06-03T16:06:53.173+0530][386.479s] GC(379) ReferenceProcessor::execute queues: 1, RefProcThreadModel::Single, marks_oops_alive: false
[2025-06-03T16:06:53.174+0530][386.480s] GC(379) Phase 1: Mark live objects 909.014ms
[2025-06-03T16:06:53.174+0530][386.480s] GC(379) Phase 2: Prepare for compaction
[2025-06-03T16:06:53.175+0530][386.481s] GC(379) Phase 2: Prepare for compaction 0.763ms
[2025-06-03T16:06:53.175+0530][386.481s] GC(379) Phase 3: Adjust pointers
[2025-06-03T16:06:53.241+0530][386.547s] GC(379) Phase 3: Adjust pointers 65.742ms
[2025-06-03T16:06:53.241+0530][386.547s] GC(379) Phase 4: Compact heap
[2025-06-03T16:06:53.241+0530][386.547s] GC(379) Phase 4: Compact heap 0.435ms
[2025-06-03T16:06:53.245+0530][386.550s] GC(379) Eden regions: 0->0(25)
[2025-06-03T16:06:53.245+0530][386.550s] GC(379) Survivor regions: 0->0(0)
[2025-06-03T16:06:53.245+0530][386.550s] GC(379) Old regions: 510->508
[2025-06-03T16:06:53.245+0530][386.550s] GC(379) Archive regions: 2->2
[2025-06-03T16:06:53.245+0530][386.550s] GC(379) Humongous regions: 0->0
[2025-06-03T16:06:53.245+0530][386.550s] GC(379) Metaspace: 20303K(20992K)->20303K(20992K) NonClass: 17775K(18176K)->17775K(18176K) Class: 2527K(2816K)->2527K(2816K)
[2025-06-03T16:06:53.245+0530][386.550s] GC(379) Pause Full (G1 Compaction Pause) 507M->506M(512M) 979.760ms
[2025-06-03T16:06:53.245+0530][386.551s] GC(379) User=2.26s Sys=0.07s Real=0.98s
[2025-06-03T16:06:53.245+0530][386.551s] GC(377) Concurrent Mark From Roots 989.064ms
[2025-06-03T16:06:53.245+0530][386.551s] GC(377) Concurrent Mark Abort
[2025-06-03T16:06:53.245+0530][386.551s] GC(377) Concurrent Mark Cycle 989.647ms
[2025-06-03T16:06:53.248+0530][386.553s] GC(380) Pause Young (Normal) (G1 Preventive Collection)
[2025-06-03T16:06:53.248+0530][386.553s] GC(380) Using 8 workers of 8 for evacuation
[2025-06-03T16:06:53.248+0530][386.554s] GC(380) Skipped phase 1 of Reference Processing: no references
[2025-06-03T16:06:53.248+0530][386.554s] GC(380) Skipped phase 2 of Reference Processing: no references
[2025-06-03T16:06:53.248+0530][386.554s] GC(380) Skipped phase 3 of Reference Processing: no references
[2025-06-03T16:06:53.248+0530][386.554s] GC(380) Skipped phase 4 of Reference Processing: no references
[2025-06-03T16:06:53.248+0530][386.554s] GC(380)   Pre Evacuate Collection Set: 0.1ms
[2025-06-03T16:06:53.249+0530][386.554s] GC(380)   Merge Heap Roots: 0.0ms
[2025-06-03T16:06:53.249+0530][386.554s] GC(380)   Evacuate Collection Set: 0.4ms
[2025-06-03T16:06:53.249+0530][386.554s] GC(380)   Post Evacuate Collection Set: 0.3ms
[2025-06-03T16:06:53.249+0530][386.554s] GC(380)   Other: 0.1ms
[2025-06-03T16:06:53.249+0530][386.554s] GC(380) Eden regions: 1->0(24)
[2025-06-03T16:06:53.249+0530][386.554s] GC(380) Survivor regions: 0->1(1)
[2025-06-03T16:06:53.249+0530][386.554s] GC(380) Old regions: 508->508
[2025-06-03T16:06:53.249+0530][386.554s] GC(380) Archive regions: 2->2
[2025-06-03T16:06:53.249+0530][386.554s] GC(380) Humongous regions: 0->0
[2025-06-03T16:06:53.249+0530][386.554s] GC(380) Metaspace: 20303K(20992K)->20303K(20992K) NonClass: 17775K(18176K)->17775K(18176K) Class: 2527K(2816K)->2527K(2816K)
[2025-06-03T16:06:53.249+0530][386.554s] GC(380) Pause Young (Normal) (G1 Preventive Collection) 507M->507M(512M) 1.080ms
[2025-06-03T16:06:53.249+0530][386.554s] GC(380) User=0.00s Sys=0.00s Real=0.00s
[2025-06-03T16:06:53.255+0530][386.561s] GC(381) Pause Young (Concurrent Start) (G1 Evacuation Pause)
[2025-06-03T16:06:53.255+0530][386.561s] GC(381) Using 8 workers of 8 for evacuation
[2025-06-03T16:06:53.256+0530][386.561s] GC(381) Skipped phase 1 of Reference Processing: no references
[2025-06-03T16:06:53.256+0530][386.561s] GC(381) Skipped phase 2 of Reference Processing: no references
[2025-06-03T16:06:53.256+0530][386.561s] GC(381) Skipped phase 3 of Reference Processing: no references
[2025-06-03T16:06:53.256+0530][386.561s] GC(381) Skipped phase 4 of Reference Processing: no references
[2025-06-03T16:06:53.256+0530][386.562s] GC(381) To-space exhausted
[2025-06-03T16:06:53.256+0530][386.562s] GC(381)   Pre Evacuate Collection Set: 0.1ms
[2025-06-03T16:06:53.256+0530][386.562s] GC(381)   Merge Heap Roots: 0.0ms
[2025-06-03T16:06:53.256+0530][386.562s] GC(381)   Evacuate Collection Set: 0.6ms
[2025-06-03T16:06:53.256+0530][386.562s] GC(381)   Post Evacuate Collection Set: 0.6ms
[2025-06-03T16:06:53.256+0530][386.562s] GC(381)   Other: 0.2ms
[2025-06-03T16:06:53.256+0530][386.562s] GC(381) Eden regions: 1->0(25)
[2025-06-03T16:06:53.256+0530][386.562s] GC(381) Survivor regions: 1->0(0)
[2025-06-03T16:06:53.256+0530][386.562s] GC(381) Old regions: 508->510
[2025-06-03T16:06:53.256+0530][386.562s] GC(381) Archive regions: 2->2
[2025-06-03T16:06:53.256+0530][386.562s] GC(381) Humongous regions: 0->0
[2025-06-03T16:06:53.256+0530][386.562s] GC(381) Metaspace: 20303K(20992K)->20303K(20992K) NonClass: 17775K(18176K)->17775K(18176K) Class: 2527K(2816K)->2527K(2816K)
[2025-06-03T16:06:53.256+0530][386.562s] GC(381) Pause Young (Concurrent Start) (G1 Evacuation Pause) 508M->508M(512M) 1.583ms
[2025-06-03T16:06:53.256+0530][386.562s] GC(381) User=0.01s Sys=0.00s Real=0.00s
[2025-06-03T16:06:53.256+0530][386.562s] Attempting full compaction
[2025-06-03T16:06:53.256+0530][386.562s] GC(383) Concurrent Mark Cycle
[2025-06-03T16:06:53.256+0530][386.562s] GC(382) Using 8 workers of 8 for full compaction
[2025-06-03T16:06:53.257+0530][386.562s] GC(383) Concurrent Clear Claimed Marks
[2025-06-03T16:06:53.257+0530][386.562s] GC(382) Pause Full (G1 Compaction Pause)
[2025-06-03T16:06:53.257+0530][386.562s] GC(383) Concurrent Clear Claimed Marks 0.063ms
[2025-06-03T16:06:53.257+0530][386.562s] GC(383) Concurrent Scan Root Regions
[2025-06-03T16:06:53.257+0530][386.562s] GC(383) Concurrent Scan Root Regions 0.040ms
[2025-06-03T16:06:53.257+0530][386.562s] GC(383) Concurrent Mark
[2025-06-03T16:06:53.257+0530][386.562s] GC(383) Concurrent Mark From Roots
[2025-06-03T16:06:53.257+0530][386.563s] GC(383) Using 2 workers of 2 for marking
[2025-06-03T16:06:53.257+0530][386.563s] GC(382) Phase 1: Mark live objects
[2025-06-03T16:06:54.157+0530][387.463s] GC(382) ReferenceProcessor::execute queues: 8, RefProcThreadModel::Multi, marks_oops_alive: true
[2025-06-03T16:06:54.157+0530][387.463s] GC(382) ReferenceProcessor::execute queues: 2, RefProcThreadModel::Multi, marks_oops_alive: false
[2025-06-03T16:06:54.158+0530][387.463s] GC(382) Skipped phase 3 of Reference Processing: no references
[2025-06-03T16:06:54.158+0530][387.463s] GC(382) ReferenceProcessor::execute queues: 1, RefProcThreadModel::Single, marks_oops_alive: false
[2025-06-03T16:06:54.159+0530][387.464s] GC(382) Phase 1: Mark live objects 901.699ms
[2025-06-03T16:06:54.159+0530][387.464s] GC(382) Phase 2: Prepare for compaction
[2025-06-03T16:06:54.159+0530][387.465s] GC(382) Phase 2: Prepare for compaction 0.733ms
[2025-06-03T16:06:54.159+0530][387.465s] GC(382) Phase 3: Adjust pointers
[2025-06-03T16:06:54.215+0530][387.521s] GC(382) Phase 3: Adjust pointers 56.048ms
[2025-06-03T16:06:54.216+0530][387.521s] GC(382) Phase 4: Compact heap
[2025-06-03T16:06:54.216+0530][387.522s] GC(382) Phase 4: Compact heap 0.402ms
[2025-06-03T16:06:54.219+0530][387.525s] GC(382) Eden regions: 0->0(25)
[2025-06-03T16:06:54.219+0530][387.525s] GC(382) Survivor regions: 0->0(0)
[2025-06-03T16:06:54.219+0530][387.525s] GC(382) Old regions: 510->509
[2025-06-03T16:06:54.219+0530][387.525s] GC(382) Archive regions: 2->2
[2025-06-03T16:06:54.219+0530][387.525s] GC(382) Humongous regions: 0->0
[2025-06-03T16:06:54.219+0530][387.525s] GC(382) Metaspace: 20303K(20992K)->20303K(20992K) NonClass: 17775K(18176K)->17775K(18176K) Class: 2527K(2816K)->2527K(2816K)
[2025-06-03T16:06:54.219+0530][387.525s] GC(382) Pause Full (G1 Compaction Pause) 508M->506M(512M) 962.667ms
[2025-06-03T16:06:54.219+0530][387.525s] GC(382) User=2.23s Sys=0.08s Real=0.96s
[2025-06-03T16:06:54.220+0530][387.525s] GC(383) Concurrent Mark From Roots 962.950ms
[2025-06-03T16:06:54.220+0530][387.525s] GC(383) Concurrent Mark Abort
[2025-06-03T16:06:54.220+0530][387.526s] GC(383) Concurrent Mark Cycle 963.306ms
[2025-06-03T16:06:54.224+0530][387.529s] GC(384) Pause Young (Normal) (G1 Evacuation Pause)
[2025-06-03T16:06:54.224+0530][387.530s] GC(384) Using 8 workers of 8 for evacuation
[2025-06-03T16:06:54.224+0530][387.530s] GC(384) Skipped phase 1 of Reference Processing: no references
[2025-06-03T16:06:54.224+0530][387.530s] GC(384) Skipped phase 2 of Reference Processing: no references
[2025-06-03T16:06:54.224+0530][387.530s] GC(384) Skipped phase 3 of Reference Processing: no references
[2025-06-03T16:06:54.224+0530][387.530s] GC(384) Skipped phase 4 of Reference Processing: no references
[2025-06-03T16:06:54.225+0530][387.531s] GC(384) To-space exhausted
[2025-06-03T16:06:54.225+0530][387.531s] GC(384)   Pre Evacuate Collection Set: 0.1ms
[2025-06-03T16:06:54.225+0530][387.531s] GC(384)   Merge Heap Roots: 0.1ms
[2025-06-03T16:06:54.225+0530][387.531s] GC(384)   Evacuate Collection Set: 0.3ms
[2025-06-03T16:06:54.225+0530][387.531s] GC(384)   Post Evacuate Collection Set: 0.6ms
[2025-06-03T16:06:54.225+0530][387.531s] GC(384)   Other: 0.2ms
[2025-06-03T16:06:54.225+0530][387.531s] GC(384) Eden regions: 1->0(25)
[2025-06-03T16:06:54.225+0530][387.531s] GC(384) Survivor regions: 0->0(0)
[2025-06-03T16:06:54.225+0530][387.531s] GC(384) Old regions: 509->510
[2025-06-03T16:06:54.225+0530][387.531s] GC(384) Archive regions: 2->2
[2025-06-03T16:06:54.225+0530][387.531s] GC(384) Humongous regions: 0->0
[2025-06-03T16:06:54.225+0530][387.531s] GC(384) Metaspace: 20303K(20992K)->20303K(20992K) NonClass: 17775K(18176K)->17775K(18176K) Class: 2527K(2816K)->2527K(2816K)
[2025-06-03T16:06:54.225+0530][387.531s] GC(384) Pause Young (Normal) (G1 Evacuation Pause) 507M->507M(512M) 1.274ms
[2025-06-03T16:06:54.225+0530][387.531s] GC(384) User=0.00s Sys=0.00s Real=0.00s
[2025-06-03T16:06:54.225+0530][387.531s] Attempting full compaction
[2025-06-03T16:06:54.225+0530][387.531s] GC(385) Using 8 workers of 8 for full compaction
[2025-06-03T16:06:54.225+0530][387.531s] GC(385) Pause Full (G1 Compaction Pause)
[2025-06-03T16:06:54.225+0530][387.531s] GC(385) Phase 1: Mark live objects
[2025-06-03T16:06:55.101+0530][388.407s] GC(385) ReferenceProcessor::execute queues: 8, RefProcThreadModel::Multi, marks_oops_alive: true
[2025-06-03T16:06:55.101+0530][388.407s] GC(385) ReferenceProcessor::execute queues: 2, RefProcThreadModel::Multi, marks_oops_alive: false
[2025-06-03T16:06:55.102+0530][388.407s] GC(385) Skipped phase 3 of Reference Processing: no references
[2025-06-03T16:06:55.102+0530][388.407s] GC(385) ReferenceProcessor::execute queues: 1, RefProcThreadModel::Single, marks_oops_alive: false
[2025-06-03T16:06:55.103+0530][388.408s] GC(385) Phase 1: Mark live objects 877.432ms
[2025-06-03T16:06:55.103+0530][388.408s] GC(385) Phase 2: Prepare for compaction
[2025-06-03T16:06:55.103+0530][388.409s] GC(385) Phase 2: Prepare for compaction 0.703ms
[2025-06-03T16:06:55.103+0530][388.409s] GC(385) Phase 3: Adjust pointers
[2025-06-03T16:06:55.159+0530][388.465s] GC(385) Phase 3: Adjust pointers 55.832ms
[2025-06-03T16:06:55.159+0530][388.465s] GC(385) Phase 4: Compact heap
[2025-06-03T16:06:55.160+0530][388.465s] GC(385) Phase 4: Compact heap 0.437ms
[2025-06-03T16:06:55.163+0530][388.469s] GC(385) Eden regions: 0->0(25)
[2025-06-03T16:06:55.163+0530][388.469s] GC(385) Survivor regions: 0->0(0)
[2025-06-03T16:06:55.163+0530][388.469s] GC(385) Old regions: 510->507
[2025-06-03T16:06:55.163+0530][388.469s] GC(385) Archive regions: 2->2
[2025-06-03T16:06:55.163+0530][388.469s] GC(385) Humongous regions: 0->0
[2025-06-03T16:06:55.163+0530][388.469s] GC(385) Metaspace: 20303K(20992K)->20303K(20992K) NonClass: 17775K(18176K)->17775K(18176K) Class: 2527K(2816K)->2527K(2816K)
[2025-06-03T16:06:55.163+0530][388.469s] GC(385) Pause Full (G1 Compaction Pause) 507M->506M(512M) 937.889ms
[2025-06-03T16:06:55.163+0530][388.469s] GC(385) User=2.18s Sys=0.07s Real=0.94s
[2025-06-03T16:06:55.182+0530][388.487s] GC(386) Pause Young (Concurrent Start) (G1 Preventive Collection)
[2025-06-03T16:06:55.182+0530][388.487s] GC(386) Using 8 workers of 8 for evacuation
[2025-06-03T16:06:55.182+0530][388.488s] GC(386) Skipped phase 1 of Reference Processing: no references
[2025-06-03T16:06:55.183+0530][388.488s] GC(386) Skipped phase 2 of Reference Processing: no references
[2025-06-03T16:06:55.183+0530][388.488s] GC(386) Skipped phase 3 of Reference Processing: no references
[2025-06-03T16:06:55.183+0530][388.488s] GC(386) Skipped phase 4 of Reference Processing: no references
[2025-06-03T16:06:55.183+0530][388.489s] GC(386)   Pre Evacuate Collection Set: 0.1ms
[2025-06-03T16:06:55.183+0530][388.489s] GC(386)   Merge Heap Roots: 0.0ms
[2025-06-03T16:06:55.183+0530][388.489s] GC(386)   Evacuate Collection Set: 0.6ms
[2025-06-03T16:06:55.183+0530][388.489s] GC(386)   Post Evacuate Collection Set: 0.3ms
[2025-06-03T16:06:55.183+0530][388.489s] GC(386)   Other: 0.2ms
[2025-06-03T16:06:55.183+0530][388.489s] GC(386) Eden regions: 2->0(24)
[2025-06-03T16:06:55.183+0530][388.489s] GC(386) Survivor regions: 0->1(1)
[2025-06-03T16:06:55.183+0530][388.489s] GC(386) Old regions: 507->507
[2025-06-03T16:06:55.183+0530][388.489s] GC(386) Archive regions: 2->2
[2025-06-03T16:06:55.183+0530][388.489s] GC(386) Humongous regions: 0->0
[2025-06-03T16:06:55.183+0530][388.489s] GC(386) Metaspace: 20303K(20992K)->20303K(20992K) NonClass: 17775K(18176K)->17775K(18176K) Class: 2527K(2816K)->2527K(2816K)
[2025-06-03T16:06:55.183+0530][388.489s] GC(386) Pause Young (Concurrent Start) (G1 Preventive Collection) 508M->507M(512M) 1.405ms
[2025-06-03T16:06:55.183+0530][388.489s] GC(386) User=0.00s Sys=0.00s Real=0.00s
[2025-06-03T16:06:55.183+0530][388.489s] GC(387) Concurrent Mark Cycle
[2025-06-03T16:06:55.183+0530][388.489s] GC(387) Concurrent Clear Claimed Marks
[2025-06-03T16:06:55.183+0530][388.489s] GC(387) Concurrent Clear Claimed Marks 0.020ms
[2025-06-03T16:06:55.183+0530][388.489s] GC(387) Concurrent Scan Root Regions
[2025-06-03T16:06:55.183+0530][388.489s] GC(387) Concurrent Scan Root Regions 0.323ms
[2025-06-03T16:06:55.183+0530][388.489s] GC(387) Concurrent Mark
[2025-06-03T16:06:55.184+0530][388.489s] GC(387) Concurrent Mark From Roots
[2025-06-03T16:06:55.184+0530][388.489s] GC(387) Using 2 workers of 2 for marking
[2025-06-03T16:06:55.198+0530][388.504s] GC(388) Pause Young (Normal) (G1 Preventive Collection)
[2025-06-03T16:06:55.198+0530][388.504s] GC(388) Using 8 workers of 8 for evacuation
[2025-06-03T16:06:55.199+0530][388.504s] GC(388) Skipped phase 1 of Reference Processing: no references
[2025-06-03T16:06:55.199+0530][388.505s] GC(388) Skipped phase 2 of Reference Processing: no references
[2025-06-03T16:06:55.199+0530][388.505s] GC(388) Skipped phase 3 of Reference Processing: no references
[2025-06-03T16:06:55.199+0530][388.505s] GC(388) Skipped phase 4 of Reference Processing: no references
[2025-06-03T16:06:55.199+0530][388.505s] GC(388)   Pre Evacuate Collection Set: 0.1ms
[2025-06-03T16:06:55.199+0530][388.505s] GC(388)   Merge Heap Roots: 0.0ms
[2025-06-03T16:06:55.199+0530][388.505s] GC(388)   Evacuate Collection Set: 0.6ms
[2025-06-03T16:06:55.199+0530][388.505s] GC(388)   Post Evacuate Collection Set: 0.3ms
[2025-06-03T16:06:55.199+0530][388.505s] GC(388)   Other: 0.2ms
[2025-06-03T16:06:55.199+0530][388.505s] GC(388) Eden regions: 1->0(24)
[2025-06-03T16:06:55.199+0530][388.505s] GC(388) Survivor regions: 1->1(1)
[2025-06-03T16:06:55.199+0530][388.505s] GC(388) Old regions: 507->507
[2025-06-03T16:06:55.199+0530][388.505s] GC(388) Archive regions: 2->2
[2025-06-03T16:06:55.199+0530][388.505s] GC(388) Humongous regions: 0->0
[2025-06-03T16:06:55.199+0530][388.505s] GC(388) Metaspace: 20303K(20992K)->20303K(20992K) NonClass: 17775K(18176K)->17775K(18176K) Class: 2527K(2816K)->2527K(2816K)
[2025-06-03T16:06:55.199+0530][388.505s] GC(388) Pause Young (Normal) (G1 Preventive Collection) 508M->507M(512M) 1.332ms
[2025-06-03T16:06:55.199+0530][388.505s] GC(388) User=0.00s Sys=0.00s Real=0.00s
[2025-06-03T16:06:55.210+0530][388.516s] GC(389) Pause Young (Normal) (G1 Preventive Collection)
[2025-06-03T16:06:55.210+0530][388.516s] GC(389) Using 8 workers of 8 for evacuation
[2025-06-03T16:06:55.211+0530][388.517s] GC(389) Skipped phase 1 of Reference Processing: no references
[2025-06-03T16:06:55.211+0530][388.517s] GC(389) Skipped phase 2 of Reference Processing: no references
[2025-06-03T16:06:55.211+0530][388.517s] GC(389) Skipped phase 3 of Reference Processing: no references
[2025-06-03T16:06:55.211+0530][388.517s] GC(389) Skipped phase 4 of Reference Processing: no references
[2025-06-03T16:06:55.211+0530][388.517s] GC(389)   Pre Evacuate Collection Set: 0.1ms
[2025-06-03T16:06:55.211+0530][388.517s] GC(389)   Merge Heap Roots: 0.0ms
[2025-06-03T16:06:55.211+0530][388.517s] GC(389)   Evacuate Collection Set: 0.6ms
[2025-06-03T16:06:55.211+0530][388.517s] GC(389)   Post Evacuate Collection Set: 0.2ms
[2025-06-03T16:06:55.211+0530][388.517s] GC(389)   Other: 0.2ms
[2025-06-03T16:06:55.211+0530][388.517s] GC(389) Eden regions: 1->0(24)
[2025-06-03T16:06:55.211+0530][388.517s] GC(389) Survivor regions: 1->1(1)
[2025-06-03T16:06:55.211+0530][388.517s] GC(389) Old regions: 507->507
[2025-06-03T16:06:55.211+0530][388.517s] GC(389) Archive regions: 2->2
[2025-06-03T16:06:55.211+0530][388.517s] GC(389) Humongous regions: 0->0
[2025-06-03T16:06:55.211+0530][388.517s] GC(389) Metaspace: 20303K(20992K)->20303K(20992K) NonClass: 17775K(18176K)->17775K(18176K) Class: 2527K(2816K)->2527K(2816K)
[2025-06-03T16:06:55.211+0530][388.517s] GC(389) Pause Young (Normal) (G1 Preventive Collection) 508M->507M(512M) 1.252ms
[2025-06-03T16:06:55.211+0530][388.517s] GC(389) User=0.01s Sys=0.01s Real=0.00s
[2025-06-03T16:06:55.226+0530][388.532s] GC(390) Pause Young (Normal) (G1 Preventive Collection)
[2025-06-03T16:06:55.226+0530][388.532s] GC(390) Using 8 workers of 8 for evacuation
[2025-06-03T16:06:55.227+0530][388.533s] GC(390) Skipped phase 1 of Reference Processing: no references
[2025-06-03T16:06:55.227+0530][388.533s] GC(390) Skipped phase 2 of Reference Processing: no references
[2025-06-03T16:06:55.227+0530][388.533s] GC(390) Skipped phase 3 of Reference Processing: no references
[2025-06-03T16:06:55.227+0530][388.533s] GC(390) Skipped phase 4 of Reference Processing: no references
[2025-06-03T16:06:55.227+0530][388.533s] GC(390)   Pre Evacuate Collection Set: 0.1ms
[2025-06-03T16:06:55.227+0530][388.533s] GC(390)   Merge Heap Roots: 0.0ms
[2025-06-03T16:06:55.227+0530][388.533s] GC(390)   Evacuate Collection Set: 0.7ms
[2025-06-03T16:06:55.227+0530][388.533s] GC(390)   Post Evacuate Collection Set: 0.3ms
[2025-06-03T16:06:55.227+0530][388.533s] GC(390)   Other: 0.2ms
[2025-06-03T16:06:55.227+0530][388.533s] GC(390) Eden regions: 1->0(24)
[2025-06-03T16:06:55.227+0530][388.533s] GC(390) Survivor regions: 1->1(1)
[2025-06-03T16:06:55.227+0530][388.533s] GC(390) Old regions: 507->507
[2025-06-03T16:06:55.227+0530][388.533s] GC(390) Archive regions: 2->2
[2025-06-03T16:06:55.227+0530][388.533s] GC(390) Humongous regions: 0->0
[2025-06-03T16:06:55.227+0530][388.533s] GC(390) Metaspace: 20303K(20992K)->20303K(20992K) NonClass: 17775K(18176K)->17775K(18176K) Class: 2527K(2816K)->2527K(2816K)
[2025-06-03T16:06:55.227+0530][388.533s] GC(390) Pause Young (Normal) (G1 Preventive Collection) 508M->507M(512M) 1.504ms
[2025-06-03T16:06:55.228+0530][388.533s] GC(390) User=0.00s Sys=0.00s Real=0.00s
[2025-06-03T16:06:55.238+0530][388.544s] GC(391) Pause Young (Normal) (G1 Preventive Collection)
[2025-06-03T16:06:55.238+0530][388.544s] GC(391) Using 8 workers of 8 for evacuation
[2025-06-03T16:06:55.239+0530][388.545s] GC(391) Skipped phase 1 of Reference Processing: no references
[2025-06-03T16:06:55.239+0530][388.545s] GC(391) Skipped phase 2 of Reference Processing: no references
[2025-06-03T16:06:55.240+0530][388.545s] GC(391) Skipped phase 3 of Reference Processing: no references
[2025-06-03T16:06:55.240+0530][388.545s] GC(391) Skipped phase 4 of Reference Processing: no references
[2025-06-03T16:06:55.240+0530][388.545s] GC(391)   Pre Evacuate Collection Set: 0.1ms
[2025-06-03T16:06:55.240+0530][388.546s] GC(391)   Merge Heap Roots: 0.1ms
[2025-06-03T16:06:55.240+0530][388.546s] GC(391)   Evacuate Collection Set: 0.8ms
[2025-06-03T16:06:55.240+0530][388.546s] GC(391)   Post Evacuate Collection Set: 0.2ms
[2025-06-03T16:06:55.240+0530][388.546s] GC(391)   Other: 0.2ms
[2025-06-03T16:06:55.240+0530][388.546s] GC(391) Eden regions: 1->0(24)
[2025-06-03T16:06:55.240+0530][388.546s] GC(391) Survivor regions: 1->1(1)
[2025-06-03T16:06:55.240+0530][388.546s] GC(391) Old regions: 507->507
[2025-06-03T16:06:55.240+0530][388.546s] GC(391) Archive regions: 2->2
[2025-06-03T16:06:55.240+0530][388.546s] GC(391) Humongous regions: 0->0
[2025-06-03T16:06:55.240+0530][388.546s] GC(391) Metaspace: 20303K(20992K)->20303K(20992K) NonClass: 17775K(18176K)->17775K(18176K) Class: 2527K(2816K)->2527K(2816K)
[2025-06-03T16:06:55.240+0530][388.546s] GC(391) Pause Young (Normal) (G1 Preventive Collection) 508M->507M(512M) 1.516ms
[2025-06-03T16:06:55.240+0530][388.546s] GC(391) User=0.00s Sys=0.00s Real=0.01s
[2025-06-03T16:06:55.254+0530][388.559s] GC(392) Pause Young (Normal) (G1 Preventive Collection)
[2025-06-03T16:06:55.254+0530][388.559s] GC(392) Using 8 workers of 8 for evacuation
[2025-06-03T16:06:55.255+0530][388.561s] GC(392) Skipped phase 1 of Reference Processing: no references
[2025-06-03T16:06:55.255+0530][388.561s] GC(392) Skipped phase 2 of Reference Processing: no references
[2025-06-03T16:06:55.255+0530][388.561s] GC(392) Skipped phase 3 of Reference Processing: no references
[2025-06-03T16:06:55.255+0530][388.561s] GC(392) Skipped phase 4 of Reference Processing: no references
[2025-06-03T16:06:55.255+0530][388.561s] GC(392)   Pre Evacuate Collection Set: 0.1ms
[2025-06-03T16:06:55.255+0530][388.561s] GC(392)   Merge Heap Roots: 0.0ms
[2025-06-03T16:06:55.255+0530][388.561s] GC(392)   Evacuate Collection Set: 1.0ms
[2025-06-03T16:06:55.255+0530][388.561s] GC(392)   Post Evacuate Collection Set: 0.3ms
[2025-06-03T16:06:55.255+0530][388.561s] GC(392)   Other: 0.2ms
[2025-06-03T16:06:55.255+0530][388.561s] GC(392) Eden regions: 1->0(24)
[2025-06-03T16:06:55.255+0530][388.561s] GC(392) Survivor regions: 1->1(1)
[2025-06-03T16:06:55.255+0530][388.561s] GC(392) Old regions: 507->507
[2025-06-03T16:06:55.255+0530][388.561s] GC(392) Archive regions: 2->2
[2025-06-03T16:06:55.255+0530][388.561s] GC(392) Humongous regions: 0->0
[2025-06-03T16:06:55.255+0530][388.561s] GC(392) Metaspace: 20303K(20992K)->20303K(20992K) NonClass: 17775K(18176K)->17775K(18176K) Class: 2527K(2816K)->2527K(2816K)
[2025-06-03T16:06:55.255+0530][388.561s] GC(392) Pause Young (Normal) (G1 Preventive Collection) 508M->507M(512M) 1.745ms
[2025-06-03T16:06:55.255+0530][388.561s] GC(392) User=0.01s Sys=0.00s Real=0.00s
[2025-06-03T16:06:55.270+0530][388.576s] GC(393) Pause Young (Normal) (G1 Preventive Collection)
[2025-06-03T16:06:55.270+0530][388.576s] GC(393) Using 8 workers of 8 for evacuation
[2025-06-03T16:06:55.271+0530][388.577s] GC(393) Skipped phase 1 of Reference Processing: no references
[2025-06-03T16:06:55.271+0530][388.577s] GC(393) Skipped phase 2 of Reference Processing: no references
[2025-06-03T16:06:55.271+0530][388.577s] GC(393) Skipped phase 3 of Reference Processing: no references
[2025-06-03T16:06:55.271+0530][388.577s] GC(393) Skipped phase 4 of Reference Processing: no references
[2025-06-03T16:06:55.271+0530][388.577s] GC(393)   Pre Evacuate Collection Set: 0.1ms
[2025-06-03T16:06:55.271+0530][388.577s] GC(393)   Merge Heap Roots: 0.0ms
[2025-06-03T16:06:55.272+0530][388.577s] GC(393)   Evacuate Collection Set: 1.1ms
[2025-06-03T16:06:55.272+0530][388.577s] GC(393)   Post Evacuate Collection Set: 0.3ms
[2025-06-03T16:06:55.272+0530][388.577s] GC(393)   Other: 0.2ms
[2025-06-03T16:06:55.272+0530][388.577s] GC(393) Eden regions: 1->0(24)
[2025-06-03T16:06:55.272+0530][388.577s] GC(393) Survivor regions: 1->1(1)
[2025-06-03T16:06:55.272+0530][388.577s] GC(393) Old regions: 507->507
[2025-06-03T16:06:55.272+0530][388.577s] GC(393) Archive regions: 2->2
[2025-06-03T16:06:55.272+0530][388.577s] GC(393) Humongous regions: 0->0
[2025-06-03T16:06:55.272+0530][388.577s] GC(393) Metaspace: 20303K(20992K)->20303K(20992K) NonClass: 17775K(18176K)->17775K(18176K) Class: 2527K(2816K)->2527K(2816K)
[2025-06-03T16:06:55.272+0530][388.577s] GC(393) Pause Young (Normal) (G1 Preventive Collection) 508M->507M(512M) 1.805ms
[2025-06-03T16:06:55.272+0530][388.577s] GC(393) User=0.00s Sys=0.00s Real=0.00s
[2025-06-03T16:06:55.285+0530][388.591s] GC(394) Pause Young (Normal) (G1 Preventive Collection)
[2025-06-03T16:06:55.285+0530][388.591s] GC(394) Using 8 workers of 8 for evacuation
[2025-06-03T16:06:55.286+0530][388.592s] GC(394) Skipped phase 1 of Reference Processing: no references
[2025-06-03T16:06:55.287+0530][388.592s] GC(394) Skipped phase 2 of Reference Processing: no references
[2025-06-03T16:06:55.287+0530][388.592s] GC(394) Skipped phase 3 of Reference Processing: no references
[2025-06-03T16:06:55.287+0530][388.592s] GC(394) Skipped phase 4 of Reference Processing: no references
[2025-06-03T16:06:55.287+0530][388.593s] GC(394)   Pre Evacuate Collection Set: 0.1ms
[2025-06-03T16:06:55.287+0530][388.593s] GC(394)   Merge Heap Roots: 0.0ms
[2025-06-03T16:06:55.287+0530][388.593s] GC(394)   Evacuate Collection Set: 1.2ms
[2025-06-03T16:06:55.287+0530][388.593s] GC(394)   Post Evacuate Collection Set: 0.3ms
[2025-06-03T16:06:55.287+0530][388.593s] GC(394)   Other: 0.2ms
[2025-06-03T16:06:55.287+0530][388.593s] GC(394) Eden regions: 1->0(24)
[2025-06-03T16:06:55.287+0530][388.593s] GC(394) Survivor regions: 1->1(1)
[2025-06-03T16:06:55.287+0530][388.593s] GC(394) Old regions: 507->507
[2025-06-03T16:06:55.287+0530][388.593s] GC(394) Archive regions: 2->2
[2025-06-03T16:06:55.287+0530][388.593s] GC(394) Humongous regions: 0->0
[2025-06-03T16:06:55.287+0530][388.593s] GC(394) Metaspace: 20303K(20992K)->20303K(20992K) NonClass: 17775K(18176K)->17775K(18176K) Class: 2527K(2816K)->2527K(2816K)
[2025-06-03T16:06:55.287+0530][388.593s] GC(394) Pause Young (Normal) (G1 Preventive Collection) 508M->507M(512M) 1.973ms
[2025-06-03T16:06:55.287+0530][388.593s] GC(394) User=0.01s Sys=0.00s Real=0.00s
[2025-06-03T16:06:55.302+0530][388.608s] GC(395) Pause Young (Normal) (G1 Preventive Collection)
[2025-06-03T16:06:55.302+0530][388.608s] GC(395) Using 8 workers of 8 for evacuation
[2025-06-03T16:06:55.304+0530][388.610s] GC(395) Skipped phase 1 of Reference Processing: no references
[2025-06-03T16:06:55.304+0530][388.610s] GC(395) Skipped phase 2 of Reference Processing: no references
[2025-06-03T16:06:55.304+0530][388.610s] GC(395) Skipped phase 3 of Reference Processing: no references
[2025-06-03T16:06:55.304+0530][388.610s] GC(395) Skipped phase 4 of Reference Processing: no references
[2025-06-03T16:06:55.304+0530][388.610s] GC(395)   Pre Evacuate Collection Set: 0.1ms
[2025-06-03T16:06:55.304+0530][388.610s] GC(395)   Merge Heap Roots: 0.1ms
[2025-06-03T16:06:55.304+0530][388.610s] GC(395)   Evacuate Collection Set: 1.3ms
[2025-06-03T16:06:55.304+0530][388.610s] GC(395)   Post Evacuate Collection Set: 0.3ms
[2025-06-03T16:06:55.304+0530][388.610s] GC(395)   Other: 0.2ms
[2025-06-03T16:06:55.304+0530][388.610s] GC(395) Eden regions: 1->0(24)
[2025-06-03T16:06:55.304+0530][388.610s] GC(395) Survivor regions: 1->1(1)
[2025-06-03T16:06:55.304+0530][388.610s] GC(395) Old regions: 507->507
[2025-06-03T16:06:55.304+0530][388.610s] GC(395) Archive regions: 2->2
[2025-06-03T16:06:55.304+0530][388.610s] GC(395) Humongous regions: 0->0
[2025-06-03T16:06:55.304+0530][388.610s] GC(395) Metaspace: 20303K(20992K)->20303K(20992K) NonClass: 17775K(18176K)->17775K(18176K) Class: 2527K(2816K)->2527K(2816K)
[2025-06-03T16:06:55.305+0530][388.610s] GC(395) Pause Young (Normal) (G1 Preventive Collection) 508M->507M(512M) 2.096ms
[2025-06-03T16:06:55.305+0530][388.610s] GC(395) User=0.01s Sys=0.01s Real=0.00s
[2025-06-03T16:06:55.321+0530][388.627s] GC(396) Pause Young (Normal) (G1 Preventive Collection)
[2025-06-03T16:06:55.321+0530][388.627s] GC(396) Using 8 workers of 8 for evacuation
[2025-06-03T16:06:55.323+0530][388.629s] GC(396) Skipped phase 1 of Reference Processing: no references
[2025-06-03T16:06:55.323+0530][388.629s] GC(396) Skipped phase 2 of Reference Processing: no references
[2025-06-03T16:06:55.323+0530][388.629s] GC(396) Skipped phase 3 of Reference Processing: no references
[2025-06-03T16:06:55.323+0530][388.629s] GC(396) Skipped phase 4 of Reference Processing: no references
[2025-06-03T16:06:55.323+0530][388.629s] GC(396)   Pre Evacuate Collection Set: 0.1ms
[2025-06-03T16:06:55.323+0530][388.629s] GC(396)   Merge Heap Roots: 0.0ms
[2025-06-03T16:06:55.323+0530][388.629s] GC(396)   Evacuate Collection Set: 1.4ms
[2025-06-03T16:06:55.323+0530][388.629s] GC(396)   Post Evacuate Collection Set: 0.3ms
[2025-06-03T16:06:55.323+0530][388.629s] GC(396)   Other: 0.2ms
[2025-06-03T16:06:55.323+0530][388.629s] GC(396) Eden regions: 1->0(24)
[2025-06-03T16:06:55.323+0530][388.629s] GC(396) Survivor regions: 1->1(1)
[2025-06-03T16:06:55.323+0530][388.629s] GC(396) Old regions: 507->507
[2025-06-03T16:06:55.323+0530][388.629s] GC(396) Archive regions: 2->2
[2025-06-03T16:06:55.323+0530][388.629s] GC(396) Humongous regions: 0->0
[2025-06-03T16:06:55.323+0530][388.629s] GC(396) Metaspace: 20303K(20992K)->20303K(20992K) NonClass: 17775K(18176K)->17775K(18176K) Class: 2527K(2816K)->2527K(2816K)
[2025-06-03T16:06:55.323+0530][388.629s] GC(396) Pause Young (Normal) (G1 Preventive Collection) 508M->507M(512M) 2.133ms
[2025-06-03T16:06:55.323+0530][388.629s] GC(396) User=0.00s Sys=0.00s Real=0.00s
[2025-06-03T16:06:55.340+0530][388.646s] GC(397) Pause Young (Normal) (G1 Preventive Collection)
[2025-06-03T16:06:55.340+0530][388.646s] GC(397) Using 8 workers of 8 for evacuation
[2025-06-03T16:06:55.342+0530][388.647s] GC(397) Skipped phase 1 of Reference Processing: no references
[2025-06-03T16:06:55.342+0530][388.647s] GC(397) Skipped phase 2 of Reference Processing: no references
[2025-06-03T16:06:55.342+0530][388.647s] GC(397) Skipped phase 3 of Reference Processing: no references
[2025-06-03T16:06:55.342+0530][388.647s] GC(397) Skipped phase 4 of Reference Processing: no references
[2025-06-03T16:06:55.342+0530][388.648s] GC(397)   Pre Evacuate Collection Set: 0.1ms
[2025-06-03T16:06:55.342+0530][388.648s] GC(397)   Merge Heap Roots: 0.0ms
[2025-06-03T16:06:55.342+0530][388.648s] GC(397)   Evacuate Collection Set: 1.5ms
[2025-06-03T16:06:55.342+0530][388.648s] GC(397)   Post Evacuate Collection Set: 0.3ms
[2025-06-03T16:06:55.342+0530][388.648s] GC(397)   Other: 0.2ms
[2025-06-03T16:06:55.342+0530][388.648s] GC(397) Eden regions: 1->0(24)
[2025-06-03T16:06:55.342+0530][388.648s] GC(397) Survivor regions: 1->1(1)
[2025-06-03T16:06:55.342+0530][388.648s] GC(397) Old regions: 507->507
[2025-06-03T16:06:55.342+0530][388.648s] GC(397) Archive regions: 2->2
[2025-06-03T16:06:55.342+0530][388.648s] GC(397) Humongous regions: 0->0
[2025-06-03T16:06:55.342+0530][388.648s] GC(397) Metaspace: 20303K(20992K)->20303K(20992K) NonClass: 17775K(18176K)->17775K(18176K) Class: 2527K(2816K)->2527K(2816K)
[2025-06-03T16:06:55.342+0530][388.648s] GC(397) Pause Young (Normal) (G1 Preventive Collection) 508M->507M(512M) 2.186ms
[2025-06-03T16:06:55.342+0530][388.648s] GC(397) User=0.00s Sys=0.00s Real=0.00s
[2025-06-03T16:06:55.357+0530][388.662s] GC(398) Pause Young (Normal) (G1 Preventive Collection)
[2025-06-03T16:06:55.357+0530][388.662s] GC(398) Using 8 workers of 8 for evacuation
[2025-06-03T16:06:55.358+0530][388.664s] GC(398) Skipped phase 1 of Reference Processing: no references
[2025-06-03T16:06:55.358+0530][388.664s] GC(398) Skipped phase 2 of Reference Processing: no references
[2025-06-03T16:06:55.358+0530][388.664s] GC(398) Skipped phase 3 of Reference Processing: no references
[2025-06-03T16:06:55.359+0530][388.664s] GC(398) Skipped phase 4 of Reference Processing: no references
[2025-06-03T16:06:55.359+0530][388.665s] GC(398)   Pre Evacuate Collection Set: 0.1ms
[2025-06-03T16:06:55.359+0530][388.665s] GC(398)   Merge Heap Roots: 0.0ms
[2025-06-03T16:06:55.359+0530][388.665s] GC(398)   Evacuate Collection Set: 1.6ms
[2025-06-03T16:06:55.359+0530][388.665s] GC(398)   Post Evacuate Collection Set: 0.3ms
[2025-06-03T16:06:55.359+0530][388.665s] GC(398)   Other: 0.2ms
[2025-06-03T16:06:55.359+0530][388.665s] GC(398) Eden regions: 1->0(24)
[2025-06-03T16:06:55.359+0530][388.665s] GC(398) Survivor regions: 1->1(1)
[2025-06-03T16:06:55.359+0530][388.665s] GC(398) Old regions: 507->507
[2025-06-03T16:06:55.359+0530][388.665s] GC(398) Archive regions: 2->2
[2025-06-03T16:06:55.359+0530][388.665s] GC(398) Humongous regions: 0->0
[2025-06-03T16:06:55.359+0530][388.665s] GC(398) Metaspace: 20303K(20992K)->20303K(20992K) NonClass: 17775K(18176K)->17775K(18176K) Class: 2527K(2816K)->2527K(2816K)
[2025-06-03T16:06:55.359+0530][388.665s] GC(398) Pause Young (Normal) (G1 Preventive Collection) 508M->507M(512M) 2.365ms
[2025-06-03T16:06:55.359+0530][388.665s] GC(398) User=0.00s Sys=0.00s Real=0.00s
[2025-06-03T16:06:55.371+0530][388.676s] GC(399) Pause Young (Normal) (G1 Preventive Collection)
[2025-06-03T16:06:55.371+0530][388.676s] GC(399) Using 8 workers of 8 for evacuation
[2025-06-03T16:06:55.373+0530][388.678s] GC(399) Skipped phase 1 of Reference Processing: no references
[2025-06-03T16:06:55.373+0530][388.678s] GC(399) Skipped phase 2 of Reference Processing: no references
[2025-06-03T16:06:55.373+0530][388.678s] GC(399) Skipped phase 3 of Reference Processing: no references
[2025-06-03T16:06:55.373+0530][388.678s] GC(399) Skipped phase 4 of Reference Processing: no references
[2025-06-03T16:06:55.373+0530][388.679s] GC(399)   Pre Evacuate Collection Set: 0.1ms
[2025-06-03T16:06:55.373+0530][388.679s] GC(399)   Merge Heap Roots: 0.0ms
[2025-06-03T16:06:55.373+0530][388.679s] GC(399)   Evacuate Collection Set: 1.8ms
[2025-06-03T16:06:55.373+0530][388.679s] GC(399)   Post Evacuate Collection Set: 0.3ms
[2025-06-03T16:06:55.373+0530][388.679s] GC(399)   Other: 0.2ms
[2025-06-03T16:06:55.373+0530][388.679s] GC(399) Eden regions: 1->0(24)
[2025-06-03T16:06:55.373+0530][388.679s] GC(399) Survivor regions: 1->1(1)
[2025-06-03T16:06:55.373+0530][388.679s] GC(399) Old regions: 507->507
[2025-06-03T16:06:55.373+0530][388.679s] GC(399) Archive regions: 2->2
[2025-06-03T16:06:55.373+0530][388.679s] GC(399) Humongous regions: 0->0
[2025-06-03T16:06:55.373+0530][388.679s] GC(399) Metaspace: 20303K(20992K)->20303K(20992K) NonClass: 17775K(18176K)->17775K(18176K) Class: 2527K(2816K)->2527K(2816K)
[2025-06-03T16:06:55.373+0530][388.679s] GC(399) Pause Young (Normal) (G1 Preventive Collection) 508M->507M(512M) 2.490ms
[2025-06-03T16:06:55.373+0530][388.679s] GC(399) User=0.01s Sys=0.00s Real=0.00s
[2025-06-03T16:06:55.385+0530][388.691s] GC(400) Pause Young (Normal) (G1 Preventive Collection)
[2025-06-03T16:06:55.385+0530][388.691s] GC(400) Using 8 workers of 8 for evacuation
[2025-06-03T16:06:55.387+0530][388.693s] GC(400) Skipped phase 1 of Reference Processing: no references
[2025-06-03T16:06:55.387+0530][388.693s] GC(400) Skipped phase 2 of Reference Processing: no references
[2025-06-03T16:06:55.387+0530][388.693s] GC(400) Skipped phase 3 of Reference Processing: no references
[2025-06-03T16:06:55.387+0530][388.693s] GC(400) Skipped phase 4 of Reference Processing: no references
[2025-06-03T16:06:55.387+0530][388.693s] GC(400)   Pre Evacuate Collection Set: 0.1ms
[2025-06-03T16:06:55.387+0530][388.693s] GC(400)   Merge Heap Roots: 0.0ms
[2025-06-03T16:06:55.387+0530][388.693s] GC(400)   Evacuate Collection Set: 1.7ms
[2025-06-03T16:06:55.387+0530][388.693s] GC(400)   Post Evacuate Collection Set: 0.3ms
[2025-06-03T16:06:55.387+0530][388.693s] GC(400)   Other: 0.1ms
[2025-06-03T16:06:55.387+0530][388.693s] GC(400) Eden regions: 1->0(24)
[2025-06-03T16:06:55.387+0530][388.693s] GC(400) Survivor regions: 1->1(1)
[2025-06-03T16:06:55.387+0530][388.693s] GC(400) Old regions: 507->507
[2025-06-03T16:06:55.387+0530][388.693s] GC(400) Archive regions: 2->2
[2025-06-03T16:06:55.387+0530][388.693s] GC(400) Humongous regions: 0->0
[2025-06-03T16:06:55.387+0530][388.693s] GC(400) Metaspace: 20303K(20992K)->20303K(20992K) NonClass: 17775K(18176K)->17775K(18176K) Class: 2527K(2816K)->2527K(2816K)
[2025-06-03T16:06:55.387+0530][388.693s] GC(400) Pause Young (Normal) (G1 Preventive Collection) 508M->507M(512M) 2.516ms
[2025-06-03T16:06:55.387+0530][388.693s] GC(400) User=0.00s Sys=0.00s Real=0.00s
[2025-06-03T16:06:55.401+0530][388.706s] GC(401) Pause Young (Normal) (G1 Preventive Collection)
[2025-06-03T16:06:55.401+0530][388.706s] GC(401) Using 8 workers of 8 for evacuation
[2025-06-03T16:06:55.403+0530][388.709s] GC(401) Skipped phase 1 of Reference Processing: no references
[2025-06-03T16:06:55.403+0530][388.709s] GC(401) Skipped phase 2 of Reference Processing: no references
[2025-06-03T16:06:55.403+0530][388.709s] GC(401) Skipped phase 3 of Reference Processing: no references
[2025-06-03T16:06:55.403+0530][388.709s] GC(401) Skipped phase 4 of Reference Processing: no references
[2025-06-03T16:06:55.403+0530][388.709s] GC(401)   Pre Evacuate Collection Set: 0.1ms
[2025-06-03T16:06:55.403+0530][388.709s] GC(401)   Merge Heap Roots: 0.0ms
[2025-06-03T16:06:55.403+0530][388.709s] GC(401)   Evacuate Collection Set: 1.9ms
[2025-06-03T16:06:55.403+0530][388.709s] GC(401)   Post Evacuate Collection Set: 0.3ms
[2025-06-03T16:06:55.403+0530][388.709s] GC(401)   Other: 0.2ms
[2025-06-03T16:06:55.403+0530][388.709s] GC(401) Eden regions: 1->0(24)
[2025-06-03T16:06:55.403+0530][388.709s] GC(401) Survivor regions: 1->1(1)
[2025-06-03T16:06:55.403+0530][388.709s] GC(401) Old regions: 507->507
[2025-06-03T16:06:55.403+0530][388.709s] GC(401) Archive regions: 2->2
[2025-06-03T16:06:55.403+0530][388.709s] GC(401) Humongous regions: 0->0
[2025-06-03T16:06:55.403+0530][388.709s] GC(401) Metaspace: 20303K(20992K)->20303K(20992K) NonClass: 17775K(18176K)->17775K(18176K) Class: 2527K(2816K)->2527K(2816K)
[2025-06-03T16:06:55.403+0530][388.709s] GC(401) Pause Young (Normal) (G1 Preventive Collection) 508M->507M(512M) 2.567ms
[2025-06-03T16:06:55.403+0530][388.709s] GC(401) User=0.01s Sys=0.00s Real=0.00s
[2025-06-03T16:06:55.415+0530][388.721s] GC(402) Pause Young (Normal) (G1 Preventive Collection)
[2025-06-03T16:06:55.415+0530][388.721s] GC(402) Using 8 workers of 8 for evacuation
[2025-06-03T16:06:55.418+0530][388.723s] GC(402) Skipped phase 1 of Reference Processing: no references
[2025-06-03T16:06:55.418+0530][388.723s] GC(402) Skipped phase 2 of Reference Processing: no references
[2025-06-03T16:06:55.418+0530][388.723s] GC(402) Skipped phase 3 of Reference Processing: no references
[2025-06-03T16:06:55.418+0530][388.723s] GC(402) Skipped phase 4 of Reference Processing: no references
[2025-06-03T16:06:55.418+0530][388.724s] GC(402) To-space exhausted
[2025-06-03T16:06:55.418+0530][388.724s] GC(402)   Pre Evacuate Collection Set: 0.1ms
[2025-06-03T16:06:55.418+0530][388.724s] GC(402)   Merge Heap Roots: 0.0ms
[2025-06-03T16:06:55.418+0530][388.724s] GC(402)   Evacuate Collection Set: 2.2ms
[2025-06-03T16:06:55.418+0530][388.724s] GC(402)   Post Evacuate Collection Set: 0.7ms
[2025-06-03T16:06:55.418+0530][388.724s] GC(402)   Other: 0.2ms
[2025-06-03T16:06:55.418+0530][388.724s] GC(402) Eden regions: 1->0(24)
[2025-06-03T16:06:55.418+0530][388.724s] GC(402) Survivor regions: 1->1(1)
[2025-06-03T16:06:55.418+0530][388.724s] GC(402) Old regions: 507->508
[2025-06-03T16:06:55.418+0530][388.724s] GC(402) Archive regions: 2->2
[2025-06-03T16:06:55.418+0530][388.724s] GC(402) Humongous regions: 0->0
[2025-06-03T16:06:55.419+0530][388.724s] GC(402) Metaspace: 20303K(20992K)->20303K(20992K) NonClass: 17775K(18176K)->17775K(18176K) Class: 2527K(2816K)->2527K(2816K)
[2025-06-03T16:06:55.419+0530][388.724s] GC(402) Pause Young (Normal) (G1 Preventive Collection) 508M->508M(512M) 3.404ms
[2025-06-03T16:06:55.419+0530][388.724s] GC(402) User=0.01s Sys=0.01s Real=0.00s
[2025-06-03T16:06:55.431+0530][388.737s] GC(403) Pause Young (Normal) (G1 Evacuation Pause)
[2025-06-03T16:06:55.431+0530][388.737s] GC(403) Using 8 workers of 8 for evacuation
[2025-06-03T16:06:55.434+0530][388.739s] GC(403) Skipped phase 1 of Reference Processing: no references
[2025-06-03T16:06:55.434+0530][388.739s] GC(403) Skipped phase 2 of Reference Processing: no references
[2025-06-03T16:06:55.434+0530][388.739s] GC(403) Skipped phase 3 of Reference Processing: no references
[2025-06-03T16:06:55.434+0530][388.740s] GC(403) Skipped phase 4 of Reference Processing: no references
[2025-06-03T16:06:55.435+0530][388.741s] GC(403) To-space exhausted
[2025-06-03T16:06:55.435+0530][388.741s] GC(403)   Pre Evacuate Collection Set: 0.1ms
[2025-06-03T16:06:55.435+0530][388.741s] GC(403)   Merge Heap Roots: 0.1ms
[2025-06-03T16:06:55.435+0530][388.741s] GC(403)   Evacuate Collection Set: 2.3ms
[2025-06-03T16:06:55.435+0530][388.741s] GC(403)   Post Evacuate Collection Set: 1.1ms
[2025-06-03T16:06:55.435+0530][388.741s] GC(403)   Other: 0.2ms
[2025-06-03T16:06:55.435+0530][388.741s] GC(403) Eden regions: 1->0(25)
[2025-06-03T16:06:55.435+0530][388.741s] GC(403) Survivor regions: 1->0(0)
[2025-06-03T16:06:55.435+0530][388.741s] GC(403) Old regions: 508->510
[2025-06-03T16:06:55.435+0530][388.741s] GC(403) Archive regions: 2->2
[2025-06-03T16:06:55.435+0530][388.741s] GC(403) Humongous regions: 0->0
[2025-06-03T16:06:55.435+0530][388.741s] GC(403) Metaspace: 20303K(20992K)->20303K(20992K) NonClass: 17775K(18176K)->17775K(18176K) Class: 2527K(2816K)->2527K(2816K)
[2025-06-03T16:06:55.435+0530][388.741s] GC(403) Pause Young (Normal) (G1 Evacuation Pause) 509M->509M(512M) 3.896ms
[2025-06-03T16:06:55.435+0530][388.741s] GC(403) User=0.00s Sys=0.00s Real=0.00s
[2025-06-03T16:06:55.435+0530][388.741s] Attempting full compaction
[2025-06-03T16:06:55.435+0530][388.741s] GC(404) Using 8 workers of 8 for full compaction
[2025-06-03T16:06:55.435+0530][388.741s] GC(404) Pause Full (G1 Compaction Pause)
[2025-06-03T16:06:55.436+0530][388.742s] GC(404) Phase 1: Mark live objects
[2025-06-03T16:06:56.319+0530][389.625s] GC(404) ReferenceProcessor::execute queues: 8, RefProcThreadModel::Multi, marks_oops_alive: true
[2025-06-03T16:06:56.319+0530][389.625s] GC(404) ReferenceProcessor::execute queues: 2, RefProcThreadModel::Multi, marks_oops_alive: false
[2025-06-03T16:06:56.320+0530][389.625s] GC(404) Skipped phase 3 of Reference Processing: no references
[2025-06-03T16:06:56.320+0530][389.625s] GC(404) ReferenceProcessor::execute queues: 1, RefProcThreadModel::Single, marks_oops_alive: false
[2025-06-03T16:06:56.321+0530][389.626s] GC(404) Phase 1: Mark live objects 884.644ms
[2025-06-03T16:06:56.321+0530][389.626s] GC(404) Phase 2: Prepare for compaction
[2025-06-03T16:06:56.321+0530][389.627s] GC(404) Phase 2: Prepare for compaction 0.785ms
[2025-06-03T16:06:56.321+0530][389.627s] GC(404) Phase 3: Adjust pointers
[2025-06-03T16:06:56.383+0530][389.689s] GC(404) Phase 3: Adjust pointers 61.711ms
[2025-06-03T16:06:56.383+0530][389.689s] GC(404) Phase 4: Compact heap
[2025-06-03T16:06:56.384+0530][389.690s] GC(404) Phase 4: Compact heap 0.526ms
[2025-06-03T16:06:56.388+0530][389.693s] GC(404) Eden regions: 0->0(25)
[2025-06-03T16:06:56.388+0530][389.693s] GC(404) Survivor regions: 0->0(0)
[2025-06-03T16:06:56.388+0530][389.693s] GC(404) Old regions: 510->508
[2025-06-03T16:06:56.388+0530][389.693s] GC(404) Archive regions: 2->2
[2025-06-03T16:06:56.388+0530][389.693s] GC(404) Humongous regions: 0->0
[2025-06-03T16:06:56.388+0530][389.694s] GC(404) Metaspace: 20303K(20992K)->20303K(20992K) NonClass: 17775K(18176K)->17775K(18176K) Class: 2527K(2816K)->2527K(2816K)
[2025-06-03T16:06:56.388+0530][389.694s] GC(404) Pause Full (G1 Compaction Pause) 509M->507M(512M) 952.664ms
[2025-06-03T16:06:56.388+0530][389.694s] GC(404) User=2.22s Sys=0.07s Real=0.95s
[2025-06-03T16:06:56.388+0530][389.694s] GC(387) Concurrent Mark From Roots 1204.654ms
[2025-06-03T16:06:56.388+0530][389.694s] GC(387) Concurrent Mark Abort
[2025-06-03T16:06:56.388+0530][389.694s] GC(387) Concurrent Mark Cycle 1205.207ms
[2025-06-03T16:06:56.391+0530][389.697s] GC(405) Pause Young (Normal) (G1 Preventive Collection)
[2025-06-03T16:06:56.391+0530][389.697s] GC(405) Using 8 workers of 8 for evacuation
[2025-06-03T16:06:56.391+0530][389.697s] GC(405) Skipped phase 1 of Reference Processing: no references
[2025-06-03T16:06:56.391+0530][389.697s] GC(405) Skipped phase 2 of Reference Processing: no references
[2025-06-03T16:06:56.391+0530][389.697s] GC(405) Skipped phase 3 of Reference Processing: no references
[2025-06-03T16:06:56.391+0530][389.697s] GC(405) Skipped phase 4 of Reference Processing: no references
[2025-06-03T16:06:56.392+0530][389.697s] GC(405)   Pre Evacuate Collection Set: 0.1ms
[2025-06-03T16:06:56.392+0530][389.697s] GC(405)   Merge Heap Roots: 0.0ms
[2025-06-03T16:06:56.392+0530][389.697s] GC(405)   Evacuate Collection Set: 0.3ms
[2025-06-03T16:06:56.392+0530][389.697s] GC(405)   Post Evacuate Collection Set: 0.3ms
[2025-06-03T16:06:56.392+0530][389.698s] GC(405)   Other: 0.1ms
[2025-06-03T16:06:56.392+0530][389.698s] GC(405) Eden regions: 1->0(24)
[2025-06-03T16:06:56.392+0530][389.698s] GC(405) Survivor regions: 0->1(1)
[2025-06-03T16:06:56.392+0530][389.698s] GC(405) Old regions: 508->508
[2025-06-03T16:06:56.392+0530][389.698s] GC(405) Archive regions: 2->2
[2025-06-03T16:06:56.392+0530][389.698s] GC(405) Humongous regions: 0->0
[2025-06-03T16:06:56.392+0530][389.698s] GC(405) Metaspace: 20303K(20992K)->20303K(20992K) NonClass: 17775K(18176K)->17775K(18176K) Class: 2527K(2816K)->2527K(2816K)
[2025-06-03T16:06:56.392+0530][389.698s] GC(405) Pause Young (Normal) (G1 Preventive Collection) 508M->507M(512M) 1.027ms
[2025-06-03T16:06:56.392+0530][389.698s] GC(405) User=0.01s Sys=0.00s Real=0.00s
[2025-06-03T16:06:56.399+0530][389.705s] GC(406) Pause Young (Concurrent Start) (G1 Evacuation Pause)
[2025-06-03T16:06:56.399+0530][389.705s] GC(406) Using 8 workers of 8 for evacuation
[2025-06-03T16:06:56.400+0530][389.705s] GC(406) Skipped phase 1 of Reference Processing: no references
[2025-06-03T16:06:56.400+0530][389.705s] GC(406) Skipped phase 2 of Reference Processing: no references
[2025-06-03T16:06:56.400+0530][389.705s] GC(406) Skipped phase 3 of Reference Processing: no references
[2025-06-03T16:06:56.400+0530][389.705s] GC(406) Skipped phase 4 of Reference Processing: no references
[2025-06-03T16:06:56.400+0530][389.706s] GC(406) To-space exhausted
[2025-06-03T16:06:56.400+0530][389.706s] GC(406)   Pre Evacuate Collection Set: 0.1ms
[2025-06-03T16:06:56.400+0530][389.706s] GC(406)   Merge Heap Roots: 0.0ms
[2025-06-03T16:06:56.400+0530][389.706s] GC(406)   Evacuate Collection Set: 0.6ms
[2025-06-03T16:06:56.400+0530][389.706s] GC(406)   Post Evacuate Collection Set: 0.5ms
[2025-06-03T16:06:56.400+0530][389.706s] GC(406)   Other: 0.2ms
[2025-06-03T16:06:56.400+0530][389.706s] GC(406) Eden regions: 1->0(25)
[2025-06-03T16:06:56.400+0530][389.706s] GC(406) Survivor regions: 1->0(0)
[2025-06-03T16:06:56.400+0530][389.706s] GC(406) Old regions: 508->510
[2025-06-03T16:06:56.400+0530][389.706s] GC(406) Archive regions: 2->2
[2025-06-03T16:06:56.400+0530][389.706s] GC(406) Humongous regions: 0->0
[2025-06-03T16:06:56.400+0530][389.706s] GC(406) Metaspace: 20303K(20992K)->20303K(20992K) NonClass: 17775K(18176K)->17775K(18176K) Class: 2527K(2816K)->2527K(2816K)
[2025-06-03T16:06:56.400+0530][389.706s] GC(406) Pause Young (Concurrent Start) (G1 Evacuation Pause) 508M->508M(512M) 1.525ms
[2025-06-03T16:06:56.400+0530][389.706s] GC(406) User=0.00s Sys=0.00s Real=0.01s
[2025-06-03T16:06:56.400+0530][389.706s] Attempting full compaction
[2025-06-03T16:06:56.400+0530][389.706s] GC(407) Concurrent Mark Cycle
[2025-06-03T16:06:56.400+0530][389.706s] GC(408) Using 8 workers of 8 for full compaction
[2025-06-03T16:06:56.401+0530][389.706s] GC(407) Concurrent Clear Claimed Marks
[2025-06-03T16:06:56.401+0530][389.706s] GC(408) Pause Full (G1 Compaction Pause)
[2025-06-03T16:06:56.401+0530][389.706s] GC(407) Concurrent Clear Claimed Marks 0.089ms
[2025-06-03T16:06:56.401+0530][389.706s] GC(407) Concurrent Scan Root Regions
[2025-06-03T16:06:56.401+0530][389.706s] GC(407) Concurrent Scan Root Regions 0.043ms
[2025-06-03T16:06:56.401+0530][389.707s] GC(407) Concurrent Mark
[2025-06-03T16:06:56.401+0530][389.707s] GC(407) Concurrent Mark From Roots
[2025-06-03T16:06:56.401+0530][389.707s] GC(407) Using 2 workers of 2 for marking
[2025-06-03T16:06:56.401+0530][389.707s] GC(408) Phase 1: Mark live objects
[2025-06-03T16:06:57.275+0530][390.581s] GC(408) ReferenceProcessor::execute queues: 8, RefProcThreadModel::Multi, marks_oops_alive: true
[2025-06-03T16:06:57.275+0530][390.581s] GC(408) ReferenceProcessor::execute queues: 2, RefProcThreadModel::Multi, marks_oops_alive: false
[2025-06-03T16:06:57.275+0530][390.581s] GC(408) Skipped phase 3 of Reference Processing: no references
[2025-06-03T16:06:57.275+0530][390.581s] GC(408) ReferenceProcessor::execute queues: 1, RefProcThreadModel::Single, marks_oops_alive: false
[2025-06-03T16:06:57.277+0530][390.582s] GC(408) Phase 1: Mark live objects 875.524ms
[2025-06-03T16:06:57.277+0530][390.582s] GC(408) Phase 2: Prepare for compaction
[2025-06-03T16:06:57.277+0530][390.583s] GC(408) Phase 2: Prepare for compaction 0.795ms
[2025-06-03T16:06:57.278+0530][390.583s] GC(408) Phase 3: Adjust pointers
[2025-06-03T16:06:57.337+0530][390.643s] GC(408) Phase 3: Adjust pointers 59.449ms
[2025-06-03T16:06:57.337+0530][390.643s] GC(408) Phase 4: Compact heap
[2025-06-03T16:06:57.338+0530][390.643s] GC(408) Phase 4: Compact heap 0.587ms
[2025-06-03T16:06:57.342+0530][390.647s] GC(408) Eden regions: 0->0(25)
[2025-06-03T16:06:57.342+0530][390.647s] GC(408) Survivor regions: 0->0(0)
[2025-06-03T16:06:57.342+0530][390.647s] GC(408) Old regions: 510->508
[2025-06-03T16:06:57.342+0530][390.647s] GC(408) Archive regions: 2->2
[2025-06-03T16:06:57.342+0530][390.647s] GC(408) Humongous regions: 0->0
[2025-06-03T16:06:57.342+0530][390.647s] GC(408) Metaspace: 20303K(20992K)->20303K(20992K) NonClass: 17775K(18176K)->17775K(18176K) Class: 2527K(2816K)->2527K(2816K)
[2025-06-03T16:06:57.342+0530][390.647s] GC(408) Pause Full (G1 Compaction Pause) 508M->507M(512M) 941.134ms
[2025-06-03T16:06:57.342+0530][390.648s] GC(408) User=2.22s Sys=0.06s Real=0.94s
[2025-06-03T16:06:57.342+0530][390.648s] GC(407) Concurrent Mark From Roots 941.399ms
[2025-06-03T16:06:57.342+0530][390.648s] GC(407) Concurrent Mark Abort
[2025-06-03T16:06:57.342+0530][390.648s] GC(407) Concurrent Mark Cycle 941.818ms
[2025-06-03T16:06:57.345+0530][390.651s] GC(409) Pause Young (Normal) (G1 Preventive Collection)
[2025-06-03T16:06:57.345+0530][390.651s] GC(409) Using 8 workers of 8 for evacuation
[2025-06-03T16:06:57.345+0530][390.651s] GC(409) Skipped phase 1 of Reference Processing: no references
[2025-06-03T16:06:57.345+0530][390.651s] GC(409) Skipped phase 2 of Reference Processing: no references
[2025-06-03T16:06:57.345+0530][390.651s] GC(409) Skipped phase 3 of Reference Processing: no references
[2025-06-03T16:06:57.345+0530][390.651s] GC(409) Skipped phase 4 of Reference Processing: no references
[2025-06-03T16:06:57.346+0530][390.651s] GC(409)   Pre Evacuate Collection Set: 0.1ms
[2025-06-03T16:06:57.346+0530][390.651s] GC(409)   Merge Heap Roots: 0.0ms
[2025-06-03T16:06:57.346+0530][390.651s] GC(409)   Evacuate Collection Set: 0.4ms
[2025-06-03T16:06:57.346+0530][390.651s] GC(409)   Post Evacuate Collection Set: 0.3ms
[2025-06-03T16:06:57.346+0530][390.651s] GC(409)   Other: 0.2ms
[2025-06-03T16:06:57.346+0530][390.651s] GC(409) Eden regions: 1->0(24)
[2025-06-03T16:06:57.346+0530][390.651s] GC(409) Survivor regions: 0->1(1)
[2025-06-03T16:06:57.346+0530][390.651s] GC(409) Old regions: 508->508
[2025-06-03T16:06:57.346+0530][390.651s] GC(409) Archive regions: 2->2
[2025-06-03T16:06:57.346+0530][390.652s] GC(409) Humongous regions: 0->0
[2025-06-03T16:06:57.346+0530][390.652s] GC(409) Metaspace: 20303K(20992K)->20303K(20992K) NonClass: 17775K(18176K)->17775K(18176K) Class: 2527K(2816K)->2527K(2816K)
[2025-06-03T16:06:57.346+0530][390.652s] GC(409) Pause Young (Normal) (G1 Preventive Collection) 508M->507M(512M) 1.044ms
[2025-06-03T16:06:57.346+0530][390.652s] GC(409) User=0.00s Sys=0.00s Real=0.00s
[2025-06-03T16:06:57.355+0530][390.661s] GC(410) Pause Young (Concurrent Start) (G1 Evacuation Pause)
[2025-06-03T16:06:57.355+0530][390.661s] GC(410) Using 8 workers of 8 for evacuation
[2025-06-03T16:06:57.356+0530][390.662s] GC(410) Skipped phase 1 of Reference Processing: no references
[2025-06-03T16:06:57.356+0530][390.662s] GC(410) Skipped phase 2 of Reference Processing: no references
[2025-06-03T16:06:57.356+0530][390.662s] GC(410) Skipped phase 3 of Reference Processing: no references
[2025-06-03T16:06:57.356+0530][390.662s] GC(410) Skipped phase 4 of Reference Processing: no references
[2025-06-03T16:06:57.357+0530][390.662s] GC(410) To-space exhausted
[2025-06-03T16:06:57.357+0530][390.662s] GC(410)   Pre Evacuate Collection Set: 0.1ms
[2025-06-03T16:06:57.357+0530][390.662s] GC(410)   Merge Heap Roots: 0.0ms
[2025-06-03T16:06:57.357+0530][390.662s] GC(410)   Evacuate Collection Set: 0.7ms
[2025-06-03T16:06:57.357+0530][390.662s] GC(410)   Post Evacuate Collection Set: 0.7ms
[2025-06-03T16:06:57.357+0530][390.662s] GC(410)   Other: 0.2ms
[2025-06-03T16:06:57.357+0530][390.662s] GC(410) Eden regions: 1->0(25)
[2025-06-03T16:06:57.357+0530][390.662s] GC(410) Survivor regions: 1->0(0)
[2025-06-03T16:06:57.357+0530][390.662s] GC(410) Old regions: 508->510
[2025-06-03T16:06:57.357+0530][390.662s] GC(410) Archive regions: 2->2
[2025-06-03T16:06:57.357+0530][390.662s] GC(410) Humongous regions: 0->0
[2025-06-03T16:06:57.357+0530][390.662s] GC(410) Metaspace: 20303K(20992K)->20303K(20992K) NonClass: 17775K(18176K)->17775K(18176K) Class: 2527K(2816K)->2527K(2816K)
[2025-06-03T16:06:57.357+0530][390.663s] GC(410) Pause Young (Concurrent Start) (G1 Evacuation Pause) 508M->508M(512M) 1.815ms
[2025-06-03T16:06:57.357+0530][390.663s] GC(410) User=0.00s Sys=0.00s Real=0.00s
[2025-06-03T16:06:57.357+0530][390.663s] Attempting full compaction
[2025-06-03T16:06:57.357+0530][390.663s] GC(411) Concurrent Mark Cycle
[2025-06-03T16:06:57.357+0530][390.663s] GC(412) Using 8 workers of 8 for full compaction
[2025-06-03T16:06:57.357+0530][390.663s] GC(411) Concurrent Clear Claimed Marks
[2025-06-03T16:06:57.357+0530][390.663s] GC(412) Pause Full (G1 Compaction Pause)
[2025-06-03T16:06:57.357+0530][390.663s] GC(411) Concurrent Clear Claimed Marks 0.077ms
[2025-06-03T16:06:57.357+0530][390.663s] GC(411) Concurrent Scan Root Regions
[2025-06-03T16:06:57.357+0530][390.663s] GC(411) Concurrent Scan Root Regions 0.043ms
[2025-06-03T16:06:57.357+0530][390.663s] GC(411) Concurrent Mark
[2025-06-03T16:06:57.357+0530][390.663s] GC(411) Concurrent Mark From Roots
[2025-06-03T16:06:57.357+0530][390.663s] GC(411) Using 2 workers of 2 for marking
[2025-06-03T16:06:57.357+0530][390.663s] GC(412) Phase 1: Mark live objects
[2025-06-03T16:06:58.272+0530][391.578s] GC(412) ReferenceProcessor::execute queues: 8, RefProcThreadModel::Multi, marks_oops_alive: true
[2025-06-03T16:06:58.272+0530][391.578s] GC(412) ReferenceProcessor::execute queues: 2, RefProcThreadModel::Multi, marks_oops_alive: false
[2025-06-03T16:06:58.273+0530][391.578s] GC(412) Skipped phase 3 of Reference Processing: no references
[2025-06-03T16:06:58.273+0530][391.578s] GC(412) ReferenceProcessor::execute queues: 1, RefProcThreadModel::Single, marks_oops_alive: false
[2025-06-03T16:06:58.274+0530][391.579s] GC(412) Phase 1: Mark live objects 916.268ms
[2025-06-03T16:06:58.274+0530][391.580s] GC(412) Phase 2: Prepare for compaction
[2025-06-03T16:06:58.275+0530][391.581s] GC(412) Phase 2: Prepare for compaction 1.701ms
[2025-06-03T16:06:58.275+0530][391.581s] GC(412) Phase 3: Adjust pointers
[2025-06-03T16:06:58.332+0530][391.638s] GC(412) Phase 3: Adjust pointers 56.242ms
[2025-06-03T16:06:58.332+0530][391.638s] GC(412) Phase 4: Compact heap
[2025-06-03T16:06:58.333+0530][391.639s] GC(412) Phase 4: Compact heap 1.473ms
[2025-06-03T16:06:58.336+0530][391.642s] GC(412) Eden regions: 0->0(25)
[2025-06-03T16:06:58.336+0530][391.642s] GC(412) Survivor regions: 0->0(0)
[2025-06-03T16:06:58.336+0530][391.642s] GC(412) Old regions: 510->507
[2025-06-03T16:06:58.336+0530][391.642s] GC(412) Archive regions: 2->2
[2025-06-03T16:06:58.336+0530][391.642s] GC(412) Humongous regions: 0->0
[2025-06-03T16:06:58.336+0530][391.642s] GC(412) Metaspace: 20303K(20992K)->20303K(20992K) NonClass: 17775K(18176K)->17775K(18176K) Class: 2527K(2816K)->2527K(2816K)
[2025-06-03T16:06:58.336+0530][391.642s] GC(412) Pause Full (G1 Compaction Pause) 508M->507M(512M) 979.474ms
[2025-06-03T16:06:58.337+0530][391.642s] GC(412) User=2.26s Sys=0.07s Real=0.98s
[2025-06-03T16:06:58.337+0530][391.643s] GC(411) Concurrent Mark From Roots 979.670ms
[2025-06-03T16:06:58.337+0530][391.643s] GC(411) Concurrent Mark Abort
[2025-06-03T16:06:58.337+0530][391.643s] GC(411) Concurrent Mark Cycle 980.063ms
[2025-06-03T16:06:58.354+0530][391.660s] GC(413) Pause Young (Normal) (G1 Preventive Collection)
[2025-06-03T16:06:58.354+0530][391.660s] GC(413) Using 8 workers of 8 for evacuation
[2025-06-03T16:06:58.355+0530][391.661s] GC(413) Skipped phase 1 of Reference Processing: no references
[2025-06-03T16:06:58.355+0530][391.661s] GC(413) Skipped phase 2 of Reference Processing: no references
[2025-06-03T16:06:58.355+0530][391.661s] GC(413) Skipped phase 3 of Reference Processing: no references
[2025-06-03T16:06:58.355+0530][391.661s] GC(413) Skipped phase 4 of Reference Processing: no references
[2025-06-03T16:06:58.355+0530][391.661s] GC(413)   Pre Evacuate Collection Set: 0.1ms
[2025-06-03T16:06:58.355+0530][391.661s] GC(413)   Merge Heap Roots: 0.0ms
[2025-06-03T16:06:58.355+0530][391.661s] GC(413)   Evacuate Collection Set: 0.4ms
[2025-06-03T16:06:58.355+0530][391.661s] GC(413)   Post Evacuate Collection Set: 0.3ms
[2025-06-03T16:06:58.355+0530][391.661s] GC(413)   Other: 0.2ms
[2025-06-03T16:06:58.355+0530][391.661s] GC(413) Eden regions: 2->0(24)
[2025-06-03T16:06:58.355+0530][391.661s] GC(413) Survivor regions: 0->1(1)
[2025-06-03T16:06:58.355+0530][391.661s] GC(413) Old regions: 507->507
[2025-06-03T16:06:58.355+0530][391.661s] GC(413) Archive regions: 2->2
[2025-06-03T16:06:58.355+0530][391.661s] GC(413) Humongous regions: 0->0
[2025-06-03T16:06:58.355+0530][391.661s] GC(413) Metaspace: 20303K(20992K)->20303K(20992K) NonClass: 17775K(18176K)->17775K(18176K) Class: 2527K(2816K)->2527K(2816K)
[2025-06-03T16:06:58.355+0530][391.661s] GC(413) Pause Young (Normal) (G1 Preventive Collection) 509M->507M(512M) 1.104ms
[2025-06-03T16:06:58.355+0530][391.661s] GC(413) User=0.00s Sys=0.01s Real=0.00s
[2025-06-03T16:06:58.369+0530][391.674s] GC(414) Pause Young (Concurrent Start) (G1 Preventive Collection)
[2025-06-03T16:06:58.369+0530][391.674s] GC(414) Using 8 workers of 8 for evacuation
[2025-06-03T16:06:58.369+0530][391.675s] GC(414) Skipped phase 1 of Reference Processing: no references
[2025-06-03T16:06:58.370+0530][391.675s] GC(414) Skipped phase 2 of Reference Processing: no references
[2025-06-03T16:06:58.370+0530][391.675s] GC(414) Skipped phase 3 of Reference Processing: no references
[2025-06-03T16:06:58.370+0530][391.675s] GC(414) Skipped phase 4 of Reference Processing: no references
[2025-06-03T16:06:58.370+0530][391.676s] GC(414)   Pre Evacuate Collection Set: 0.1ms
[2025-06-03T16:06:58.370+0530][391.676s] GC(414)   Merge Heap Roots: 0.0ms
[2025-06-03T16:06:58.370+0530][391.676s] GC(414)   Evacuate Collection Set: 0.6ms
[2025-06-03T16:06:58.370+0530][391.676s] GC(414)   Post Evacuate Collection Set: 0.3ms
[2025-06-03T16:06:58.370+0530][391.676s] GC(414)   Other: 0.2ms
[2025-06-03T16:06:58.370+0530][391.676s] GC(414) Eden regions: 1->0(24)
[2025-06-03T16:06:58.370+0530][391.676s] GC(414) Survivor regions: 1->1(1)
[2025-06-03T16:06:58.370+0530][391.676s] GC(414) Old regions: 507->507
[2025-06-03T16:06:58.370+0530][391.676s] GC(414) Archive regions: 2->2
[2025-06-03T16:06:58.370+0530][391.676s] GC(414) Humongous regions: 0->0
[2025-06-03T16:06:58.370+0530][391.676s] GC(414) Metaspace: 20303K(20992K)->20303K(20992K) NonClass: 17775K(18176K)->17775K(18176K) Class: 2527K(2816K)->2527K(2816K)
[2025-06-03T16:06:58.370+0530][391.676s] GC(414) Pause Young (Concurrent Start) (G1 Preventive Collection) 508M->507M(512M) 1.322ms
[2025-06-03T16:06:58.370+0530][391.676s] GC(414) User=0.01s Sys=0.00s Real=0.01s
[2025-06-03T16:06:58.370+0530][391.676s] GC(415) Concurrent Mark Cycle
[2025-06-03T16:06:58.370+0530][391.676s] GC(415) Concurrent Clear Claimed Marks
[2025-06-03T16:06:58.370+0530][391.676s] GC(415) Concurrent Clear Claimed Marks 0.023ms
[2025-06-03T16:06:58.370+0530][391.676s] GC(415) Concurrent Scan Root Regions
[2025-06-03T16:06:58.370+0530][391.676s] GC(415) Concurrent Scan Root Regions 0.291ms
[2025-06-03T16:06:58.370+0530][391.676s] GC(415) Concurrent Mark
[2025-06-03T16:06:58.370+0530][391.676s] GC(415) Concurrent Mark From Roots
[2025-06-03T16:06:58.370+0530][391.676s] GC(415) Using 2 workers of 2 for marking
[2025-06-03T16:06:58.382+0530][391.688s] GC(416) Pause Young (Normal) (G1 Preventive Collection)
[2025-06-03T16:06:58.382+0530][391.688s] GC(416) Using 8 workers of 8 for evacuation
[2025-06-03T16:06:58.383+0530][391.689s] GC(416) Skipped phase 1 of Reference Processing: no references
[2025-06-03T16:06:58.383+0530][391.689s] GC(416) Skipped phase 2 of Reference Processing: no references
[2025-06-03T16:06:58.383+0530][391.689s] GC(416) Skipped phase 3 of Reference Processing: no references
[2025-06-03T16:06:58.383+0530][391.689s] GC(416) Skipped phase 4 of Reference Processing: no references
[2025-06-03T16:06:58.383+0530][391.689s] GC(416)   Pre Evacuate Collection Set: 0.1ms
[2025-06-03T16:06:58.383+0530][391.689s] GC(416)   Merge Heap Roots: 0.0ms
[2025-06-03T16:06:58.383+0530][391.689s] GC(416)   Evacuate Collection Set: 0.8ms
[2025-06-03T16:06:58.383+0530][391.689s] GC(416)   Post Evacuate Collection Set: 0.2ms
[2025-06-03T16:06:58.383+0530][391.689s] GC(416)   Other: 0.2ms
[2025-06-03T16:06:58.383+0530][391.689s] GC(416) Eden regions: 1->0(24)
[2025-06-03T16:06:58.383+0530][391.689s] GC(416) Survivor regions: 1->1(1)
[2025-06-03T16:06:58.383+0530][391.689s] GC(416) Old regions: 507->507
[2025-06-03T16:06:58.383+0530][391.689s] GC(416) Archive regions: 2->2
[2025-06-03T16:06:58.383+0530][391.689s] GC(416) Humongous regions: 0->0
[2025-06-03T16:06:58.383+0530][391.689s] GC(416) Metaspace: 20303K(20992K)->20303K(20992K) NonClass: 17775K(18176K)->17775K(18176K) Class: 2527K(2816K)->2527K(2816K)
[2025-06-03T16:06:58.384+0530][391.689s] GC(416) Pause Young (Normal) (G1 Preventive Collection) 508M->507M(512M) 1.400ms
[2025-06-03T16:06:58.384+0530][391.689s] GC(416) User=0.01s Sys=0.00s Real=0.00s
[2025-06-03T16:06:58.396+0530][391.702s] GC(417) Pause Young (Normal) (G1 Preventive Collection)
[2025-06-03T16:06:58.396+0530][391.702s] GC(417) Using 8 workers of 8 for evacuation
[2025-06-03T16:06:58.397+0530][391.703s] GC(417) Skipped phase 1 of Reference Processing: no references
[2025-06-03T16:06:58.397+0530][391.703s] GC(417) Skipped phase 2 of Reference Processing: no references
[2025-06-03T16:06:58.397+0530][391.703s] GC(417) Skipped phase 3 of Reference Processing: no references
[2025-06-03T16:06:58.397+0530][391.703s] GC(417) Skipped phase 4 of Reference Processing: no references
[2025-06-03T16:06:58.397+0530][391.703s] GC(417)   Pre Evacuate Collection Set: 0.1ms
[2025-06-03T16:06:58.397+0530][391.703s] GC(417)   Merge Heap Roots: 0.0ms
[2025-06-03T16:06:58.397+0530][391.703s] GC(417)   Evacuate Collection Set: 0.7ms
[2025-06-03T16:06:58.397+0530][391.703s] GC(417)   Post Evacuate Collection Set: 0.2ms
[2025-06-03T16:06:58.397+0530][391.703s] GC(417)   Other: 0.1ms
[2025-06-03T16:06:58.397+0530][391.703s] GC(417) Eden regions: 1->0(24)
[2025-06-03T16:06:58.397+0530][391.703s] GC(417) Survivor regions: 1->1(1)
[2025-06-03T16:06:58.397+0530][391.703s] GC(417) Old regions: 507->507
[2025-06-03T16:06:58.397+0530][391.703s] GC(417) Archive regions: 2->2
[2025-06-03T16:06:58.398+0530][391.703s] GC(417) Humongous regions: 0->0
[2025-06-03T16:06:58.398+0530][391.703s] GC(417) Metaspace: 20303K(20992K)->20303K(20992K) NonClass: 17775K(18176K)->17775K(18176K) Class: 2527K(2816K)->2527K(2816K)
[2025-06-03T16:06:58.398+0530][391.703s] GC(417) Pause Young (Normal) (G1 Preventive Collection) 508M->507M(512M) 1.360ms
[2025-06-03T16:06:58.398+0530][391.703s] GC(417) User=0.00s Sys=0.00s Real=0.00s
[2025-06-03T16:06:58.411+0530][391.717s] GC(418) Pause Young (Normal) (G1 Preventive Collection)
[2025-06-03T16:06:58.411+0530][391.717s] GC(418) Using 8 workers of 8 for evacuation
[2025-06-03T16:06:58.412+0530][391.718s] GC(418) Skipped phase 1 of Reference Processing: no references
[2025-06-03T16:06:58.412+0530][391.718s] GC(418) Skipped phase 2 of Reference Processing: no references
[2025-06-03T16:06:58.412+0530][391.718s] GC(418) Skipped phase 3 of Reference Processing: no references
[2025-06-03T16:06:58.412+0530][391.718s] GC(418) Skipped phase 4 of Reference Processing: no references
[2025-06-03T16:06:58.412+0530][391.718s] GC(418)   Pre Evacuate Collection Set: 0.1ms
[2025-06-03T16:06:58.412+0530][391.718s] GC(418)   Merge Heap Roots: 0.0ms
[2025-06-03T16:06:58.412+0530][391.718s] GC(418)   Evacuate Collection Set: 0.8ms
[2025-06-03T16:06:58.412+0530][391.718s] GC(418)   Post Evacuate Collection Set: 0.3ms
[2025-06-03T16:06:58.412+0530][391.718s] GC(418)   Other: 0.2ms
[2025-06-03T16:06:58.412+0530][391.718s] GC(418) Eden regions: 1->0(24)
[2025-06-03T16:06:58.412+0530][391.718s] GC(418) Survivor regions: 1->1(1)
[2025-06-03T16:06:58.412+0530][391.718s] GC(418) Old regions: 507->507
[2025-06-03T16:06:58.412+0530][391.718s] GC(418) Archive regions: 2->2
[2025-06-03T16:06:58.412+0530][391.718s] GC(418) Humongous regions: 0->0
[2025-06-03T16:06:58.412+0530][391.718s] GC(418) Metaspace: 20303K(20992K)->20303K(20992K) NonClass: 17775K(18176K)->17775K(18176K) Class: 2527K(2816K)->2527K(2816K)
[2025-06-03T16:06:58.412+0530][391.718s] GC(418) Pause Young (Normal) (G1 Preventive Collection) 508M->507M(512M) 1.533ms
[2025-06-03T16:06:58.412+0530][391.718s] GC(418) User=0.00s Sys=0.00s Real=0.00s
[2025-06-03T16:06:58.424+0530][391.730s] GC(419) Pause Young (Normal) (G1 Preventive Collection)
[2025-06-03T16:06:58.424+0530][391.730s] GC(419) Using 8 workers of 8 for evacuation
[2025-06-03T16:06:58.425+0530][391.731s] GC(419) Skipped phase 1 of Reference Processing: no references
[2025-06-03T16:06:58.425+0530][391.731s] GC(419) Skipped phase 2 of Reference Processing: no references
[2025-06-03T16:06:58.425+0530][391.731s] GC(419) Skipped phase 3 of Reference Processing: no references
[2025-06-03T16:06:58.425+0530][391.731s] GC(419) Skipped phase 4 of Reference Processing: no references
[2025-06-03T16:06:58.425+0530][391.731s] GC(419)   Pre Evacuate Collection Set: 0.1ms
[2025-06-03T16:06:58.425+0530][391.731s] GC(419)   Merge Heap Roots: 0.0ms
[2025-06-03T16:06:58.426+0530][391.731s] GC(419)   Evacuate Collection Set: 0.9ms
[2025-06-03T16:06:58.426+0530][391.731s] GC(419)   Post Evacuate Collection Set: 0.3ms
[2025-06-03T16:06:58.426+0530][391.731s] GC(419)   Other: 0.2ms
[2025-06-03T16:06:58.426+0530][391.731s] GC(419) Eden regions: 1->0(24)
[2025-06-03T16:06:58.426+0530][391.731s] GC(419) Survivor regions: 1->1(1)
[2025-06-03T16:06:58.426+0530][391.731s] GC(419) Old regions: 507->507
[2025-06-03T16:06:58.426+0530][391.731s] GC(419) Archive regions: 2->2
[2025-06-03T16:06:58.426+0530][391.731s] GC(419) Humongous regions: 0->0
[2025-06-03T16:06:58.426+0530][391.731s] GC(419) Metaspace: 20303K(20992K)->20303K(20992K) NonClass: 17775K(18176K)->17775K(18176K) Class: 2527K(2816K)->2527K(2816K)
[2025-06-03T16:06:58.426+0530][391.731s] GC(419) Pause Young (Normal) (G1 Preventive Collection) 508M->507M(512M) 1.604ms
[2025-06-03T16:06:58.426+0530][391.731s] GC(419) User=0.01s Sys=0.00s Real=0.00s
[2025-06-03T16:06:58.439+0530][391.744s] GC(420) Pause Young (Normal) (G1 Preventive Collection)
[2025-06-03T16:06:58.439+0530][391.744s] GC(420) Using 8 workers of 8 for evacuation
[2025-06-03T16:06:58.440+0530][391.746s] GC(420) Skipped phase 1 of Reference Processing: no references
[2025-06-03T16:06:58.440+0530][391.746s] GC(420) Skipped phase 2 of Reference Processing: no references
[2025-06-03T16:06:58.440+0530][391.746s] GC(420) Skipped phase 3 of Reference Processing: no references
[2025-06-03T16:06:58.440+0530][391.746s] GC(420) Skipped phase 4 of Reference Processing: no references
[2025-06-03T16:06:58.440+0530][391.746s] GC(420)   Pre Evacuate Collection Set: 0.1ms
[2025-06-03T16:06:58.440+0530][391.746s] GC(420)   Merge Heap Roots: 0.0ms
[2025-06-03T16:06:58.440+0530][391.746s] GC(420)   Evacuate Collection Set: 1.0ms
[2025-06-03T16:06:58.440+0530][391.746s] GC(420)   Post Evacuate Collection Set: 0.3ms
[2025-06-03T16:06:58.440+0530][391.746s] GC(420)   Other: 0.2ms
[2025-06-03T16:06:58.440+0530][391.746s] GC(420) Eden regions: 1->0(24)
[2025-06-03T16:06:58.440+0530][391.746s] GC(420) Survivor regions: 1->1(1)
[2025-06-03T16:06:58.440+0530][391.746s] GC(420) Old regions: 507->507
[2025-06-03T16:06:58.440+0530][391.746s] GC(420) Archive regions: 2->2
[2025-06-03T16:06:58.440+0530][391.746s] GC(420) Humongous regions: 0->0
[2025-06-03T16:06:58.440+0530][391.746s] GC(420) Metaspace: 20303K(20992K)->20303K(20992K) NonClass: 17775K(18176K)->17775K(18176K) Class: 2527K(2816K)->2527K(2816K)
[2025-06-03T16:06:58.440+0530][391.746s] GC(420) Pause Young (Normal) (G1 Preventive Collection) 508M->508M(512M) 1.807ms
[2025-06-03T16:06:58.440+0530][391.746s] GC(420) User=0.00s Sys=0.00s Real=0.01s
[2025-06-03T16:06:58.452+0530][391.758s] GC(421) Pause Young (Normal) (G1 Preventive Collection)
[2025-06-03T16:06:58.452+0530][391.758s] GC(421) Using 8 workers of 8 for evacuation
[2025-06-03T16:06:58.454+0530][391.759s] GC(421) Skipped phase 1 of Reference Processing: no references
[2025-06-03T16:06:58.454+0530][391.759s] GC(421) Skipped phase 2 of Reference Processing: no references
[2025-06-03T16:06:58.454+0530][391.759s] GC(421) Skipped phase 3 of Reference Processing: no references
[2025-06-03T16:06:58.454+0530][391.759s] GC(421) Skipped phase 4 of Reference Processing: no references
[2025-06-03T16:06:58.454+0530][391.760s] GC(421)   Pre Evacuate Collection Set: 0.1ms
[2025-06-03T16:06:58.454+0530][391.760s] GC(421)   Merge Heap Roots: 0.0ms
[2025-06-03T16:06:58.454+0530][391.760s] GC(421)   Evacuate Collection Set: 1.3ms
[2025-06-03T16:06:58.454+0530][391.760s] GC(421)   Post Evacuate Collection Set: 0.3ms
[2025-06-03T16:06:58.454+0530][391.760s] GC(421)   Other: 0.2ms
[2025-06-03T16:06:58.454+0530][391.760s] GC(421) Eden regions: 1->0(24)
[2025-06-03T16:06:58.454+0530][391.760s] GC(421) Survivor regions: 1->1(1)
[2025-06-03T16:06:58.454+0530][391.760s] GC(421) Old regions: 507->507
[2025-06-03T16:06:58.454+0530][391.760s] GC(421) Archive regions: 2->2
[2025-06-03T16:06:58.454+0530][391.760s] GC(421) Humongous regions: 0->0
[2025-06-03T16:06:58.454+0530][391.760s] GC(421) Metaspace: 20303K(20992K)->20303K(20992K) NonClass: 17775K(18176K)->17775K(18176K) Class: 2527K(2816K)->2527K(2816K)
[2025-06-03T16:06:58.454+0530][391.760s] GC(421) Pause Young (Normal) (G1 Preventive Collection) 509M->508M(512M) 1.971ms
[2025-06-03T16:06:58.454+0530][391.760s] GC(421) User=0.00s Sys=0.00s Real=0.00s
[2025-06-03T16:06:58.468+0530][391.774s] GC(422) Pause Young (Normal) (G1 Preventive Collection)
[2025-06-03T16:06:58.468+0530][391.774s] GC(422) Using 8 workers of 8 for evacuation
[2025-06-03T16:06:58.469+0530][391.775s] GC(422) Skipped phase 1 of Reference Processing: no references
[2025-06-03T16:06:58.469+0530][391.775s] GC(422) Skipped phase 2 of Reference Processing: no references
[2025-06-03T16:06:58.469+0530][391.775s] GC(422) Skipped phase 3 of Reference Processing: no references
[2025-06-03T16:06:58.469+0530][391.775s] GC(422) Skipped phase 4 of Reference Processing: no references
[2025-06-03T16:06:58.470+0530][391.775s] GC(422)   Pre Evacuate Collection Set: 0.1ms
[2025-06-03T16:06:58.470+0530][391.775s] GC(422)   Merge Heap Roots: 0.0ms
[2025-06-03T16:06:58.470+0530][391.775s] GC(422)   Evacuate Collection Set: 1.3ms
[2025-06-03T16:06:58.470+0530][391.776s] GC(422)   Post Evacuate Collection Set: 0.3ms
[2025-06-03T16:06:58.470+0530][391.776s] GC(422)   Other: 0.1ms
[2025-06-03T16:06:58.470+0530][391.776s] GC(422) Eden regions: 1->0(24)
[2025-06-03T16:06:58.470+0530][391.776s] GC(422) Survivor regions: 1->1(1)
[2025-06-03T16:06:58.470+0530][391.776s] GC(422) Old regions: 507->507
[2025-06-03T16:06:58.470+0530][391.776s] GC(422) Archive regions: 2->2
[2025-06-03T16:06:58.470+0530][391.776s] GC(422) Humongous regions: 0->0
[2025-06-03T16:06:58.470+0530][391.776s] GC(422) Metaspace: 20303K(20992K)->20303K(20992K) NonClass: 17775K(18176K)->17775K(18176K) Class: 2527K(2816K)->2527K(2816K)
[2025-06-03T16:06:58.470+0530][391.776s] GC(422) Pause Young (Normal) (G1 Preventive Collection) 509M->508M(512M) 2.087ms
[2025-06-03T16:06:58.470+0530][391.776s] GC(422) User=0.00s Sys=0.01s Real=0.01s
[2025-06-03T16:06:58.481+0530][391.787s] GC(423) Pause Young (Normal) (G1 Preventive Collection)
[2025-06-03T16:06:58.481+0530][391.787s] GC(423) Using 8 workers of 8 for evacuation
[2025-06-03T16:06:58.483+0530][391.789s] GC(423) Skipped phase 1 of Reference Processing: no references
[2025-06-03T16:06:58.483+0530][391.789s] GC(423) Skipped phase 2 of Reference Processing: no references
[2025-06-03T16:06:58.483+0530][391.789s] GC(423) Skipped phase 3 of Reference Processing: no references
[2025-06-03T16:06:58.483+0530][391.789s] GC(423) Skipped phase 4 of Reference Processing: no references
[2025-06-03T16:06:58.483+0530][391.789s] GC(423)   Pre Evacuate Collection Set: 0.1ms
[2025-06-03T16:06:58.483+0530][391.789s] GC(423)   Merge Heap Roots: 0.0ms
[2025-06-03T16:06:58.483+0530][391.789s] GC(423)   Evacuate Collection Set: 1.4ms
[2025-06-03T16:06:58.483+0530][391.789s] GC(423)   Post Evacuate Collection Set: 0.3ms
[2025-06-03T16:06:58.483+0530][391.789s] GC(423)   Other: 0.2ms
[2025-06-03T16:06:58.483+0530][391.789s] GC(423) Eden regions: 1->0(24)
[2025-06-03T16:06:58.483+0530][391.789s] GC(423) Survivor regions: 1->1(1)
[2025-06-03T16:06:58.483+0530][391.789s] GC(423) Old regions: 507->507
[2025-06-03T16:06:58.483+0530][391.789s] GC(423) Archive regions: 2->2
[2025-06-03T16:06:58.483+0530][391.789s] GC(423) Humongous regions: 0->0
[2025-06-03T16:06:58.483+0530][391.789s] GC(423) Metaspace: 20303K(20992K)->20303K(20992K) NonClass: 17775K(18176K)->17775K(18176K) Class: 2527K(2816K)->2527K(2816K)
[2025-06-03T16:06:58.483+0530][391.789s] GC(423) Pause Young (Normal) (G1 Preventive Collection) 509M->508M(512M) 2.128ms
[2025-06-03T16:06:58.483+0530][391.789s] GC(423) User=0.00s Sys=0.00s Real=0.00s
[2025-06-03T16:06:58.495+0530][391.801s] GC(424) Pause Young (Normal) (G1 Preventive Collection)
[2025-06-03T16:06:58.495+0530][391.801s] GC(424) Using 8 workers of 8 for evacuation
[2025-06-03T16:06:58.497+0530][391.803s] GC(424) Skipped phase 1 of Reference Processing: no references
[2025-06-03T16:06:58.497+0530][391.803s] GC(424) Skipped phase 2 of Reference Processing: no references
[2025-06-03T16:06:58.497+0530][391.803s] GC(424) Skipped phase 3 of Reference Processing: no references
[2025-06-03T16:06:58.497+0530][391.803s] GC(424) Skipped phase 4 of Reference Processing: no references
[2025-06-03T16:06:58.498+0530][391.803s] GC(424)   Pre Evacuate Collection Set: 0.1ms
[2025-06-03T16:06:58.498+0530][391.803s] GC(424)   Merge Heap Roots: 0.0ms
[2025-06-03T16:06:58.498+0530][391.803s] GC(424)   Evacuate Collection Set: 1.7ms
[2025-06-03T16:06:58.498+0530][391.803s] GC(424)   Post Evacuate Collection Set: 0.3ms
[2025-06-03T16:06:58.498+0530][391.803s] GC(424)   Other: 0.2ms
[2025-06-03T16:06:58.498+0530][391.803s] GC(424) Eden regions: 1->0(24)
[2025-06-03T16:06:58.498+0530][391.803s] GC(424) Survivor regions: 1->1(1)
[2025-06-03T16:06:58.498+0530][391.803s] GC(424) Old regions: 507->507
[2025-06-03T16:06:58.498+0530][391.803s] GC(424) Archive regions: 2->2
[2025-06-03T16:06:58.498+0530][391.804s] GC(424) Humongous regions: 0->0
[2025-06-03T16:06:58.498+0530][391.804s] GC(424) Metaspace: 20303K(20992K)->20303K(20992K) NonClass: 17775K(18176K)->17775K(18176K) Class: 2527K(2816K)->2527K(2816K)
[2025-06-03T16:06:58.498+0530][391.804s] GC(424) Pause Young (Normal) (G1 Preventive Collection) 509M->508M(512M) 2.501ms
[2025-06-03T16:06:58.498+0530][391.804s] GC(424) User=0.01s Sys=0.00s Real=0.00s
[2025-06-03T16:06:58.510+0530][391.816s] GC(425) Pause Young (Normal) (G1 Preventive Collection)
[2025-06-03T16:06:58.510+0530][391.816s] GC(425) Using 8 workers of 8 for evacuation
[2025-06-03T16:06:58.512+0530][391.818s] GC(425) Skipped phase 1 of Reference Processing: no references
[2025-06-03T16:06:58.512+0530][391.818s] GC(425) Skipped phase 2 of Reference Processing: no references
[2025-06-03T16:06:58.512+0530][391.818s] GC(425) Skipped phase 3 of Reference Processing: no references
[2025-06-03T16:06:58.512+0530][391.818s] GC(425) Skipped phase 4 of Reference Processing: no references
[2025-06-03T16:06:58.512+0530][391.818s] GC(425)   Pre Evacuate Collection Set: 0.1ms
[2025-06-03T16:06:58.512+0530][391.818s] GC(425)   Merge Heap Roots: 0.0ms
[2025-06-03T16:06:58.512+0530][391.818s] GC(425)   Evacuate Collection Set: 1.8ms
[2025-06-03T16:06:58.512+0530][391.818s] GC(425)   Post Evacuate Collection Set: 0.3ms
[2025-06-03T16:06:58.512+0530][391.818s] GC(425)   Other: 0.2ms
[2025-06-03T16:06:58.512+0530][391.818s] GC(425) Eden regions: 1->0(24)
[2025-06-03T16:06:58.512+0530][391.818s] GC(425) Survivor regions: 1->1(1)
[2025-06-03T16:06:58.512+0530][391.818s] GC(425) Old regions: 507->507
[2025-06-03T16:06:58.512+0530][391.818s] GC(425) Archive regions: 2->2
[2025-06-03T16:06:58.512+0530][391.818s] GC(425) Humongous regions: 0->0
[2025-06-03T16:06:58.512+0530][391.818s] GC(425) Metaspace: 20303K(20992K)->20303K(20992K) NonClass: 17775K(18176K)->17775K(18176K) Class: 2527K(2816K)->2527K(2816K)
[2025-06-03T16:06:58.512+0530][391.818s] GC(425) Pause Young (Normal) (G1 Preventive Collection) 509M->508M(512M) 2.537ms
[2025-06-03T16:06:58.513+0530][391.818s] GC(425) User=0.00s Sys=0.01s Real=0.00s
[2025-06-03T16:06:58.525+0530][391.830s] GC(426) Pause Young (Normal) (G1 Preventive Collection)
[2025-06-03T16:06:58.525+0530][391.831s] GC(426) Using 8 workers of 8 for evacuation
[2025-06-03T16:06:58.527+0530][391.833s] GC(426) Skipped phase 1 of Reference Processing: no references
[2025-06-03T16:06:58.527+0530][391.833s] GC(426) Skipped phase 2 of Reference Processing: no references
[2025-06-03T16:06:58.527+0530][391.833s] GC(426) Skipped phase 3 of Reference Processing: no references
[2025-06-03T16:06:58.527+0530][391.833s] GC(426) Skipped phase 4 of Reference Processing: no references
[2025-06-03T16:06:58.527+0530][391.833s] GC(426)   Pre Evacuate Collection Set: 0.1ms
[2025-06-03T16:06:58.527+0530][391.833s] GC(426)   Merge Heap Roots: 0.0ms
[2025-06-03T16:06:58.527+0530][391.833s] GC(426)   Evacuate Collection Set: 1.8ms
[2025-06-03T16:06:58.527+0530][391.833s] GC(426)   Post Evacuate Collection Set: 0.3ms
[2025-06-03T16:06:58.527+0530][391.833s] GC(426)   Other: 0.2ms
[2025-06-03T16:06:58.527+0530][391.833s] GC(426) Eden regions: 1->0(24)
[2025-06-03T16:06:58.527+0530][391.833s] GC(426) Survivor regions: 1->1(1)
[2025-06-03T16:06:58.527+0530][391.833s] GC(426) Old regions: 507->507
[2025-06-03T16:06:58.527+0530][391.833s] GC(426) Archive regions: 2->2
[2025-06-03T16:06:58.527+0530][391.833s] GC(426) Humongous regions: 0->0
[2025-06-03T16:06:58.527+0530][391.833s] GC(426) Metaspace: 20303K(20992K)->20303K(20992K) NonClass: 17775K(18176K)->17775K(18176K) Class: 2527K(2816K)->2527K(2816K)
[2025-06-03T16:06:58.527+0530][391.833s] GC(426) Pause Young (Normal) (G1 Preventive Collection) 509M->508M(512M) 2.505ms
[2025-06-03T16:06:58.527+0530][391.833s] GC(426) User=0.01s Sys=0.00s Real=0.00s
[2025-06-03T16:06:58.540+0530][391.846s] GC(427) Pause Young (Normal) (G1 Preventive Collection)
[2025-06-03T16:06:58.540+0530][391.846s] GC(427) Using 8 workers of 8 for evacuation
[2025-06-03T16:06:58.542+0530][391.848s] GC(427) Skipped phase 1 of Reference Processing: no references
[2025-06-03T16:06:58.542+0530][391.848s] GC(427) Skipped phase 2 of Reference Processing: no references
[2025-06-03T16:06:58.543+0530][391.848s] GC(427) Skipped phase 3 of Reference Processing: no references
[2025-06-03T16:06:58.543+0530][391.848s] GC(427) Skipped phase 4 of Reference Processing: no references
[2025-06-03T16:06:58.543+0530][391.849s] GC(427)   Pre Evacuate Collection Set: 0.1ms
[2025-06-03T16:06:58.543+0530][391.849s] GC(427)   Merge Heap Roots: 0.1ms
[2025-06-03T16:06:58.543+0530][391.849s] GC(427)   Evacuate Collection Set: 2.0ms
[2025-06-03T16:06:58.543+0530][391.849s] GC(427)   Post Evacuate Collection Set: 0.4ms
[2025-06-03T16:06:58.543+0530][391.849s] GC(427)   Other: 0.1ms
[2025-06-03T16:06:58.543+0530][391.849s] GC(427) Eden regions: 1->0(24)
[2025-06-03T16:06:58.543+0530][391.849s] GC(427) Survivor regions: 1->1(1)
[2025-06-03T16:06:58.543+0530][391.849s] GC(427) Old regions: 507->507
[2025-06-03T16:06:58.543+0530][391.849s] GC(427) Archive regions: 2->2
[2025-06-03T16:06:58.543+0530][391.849s] GC(427) Humongous regions: 0->0
[2025-06-03T16:06:58.543+0530][391.849s] GC(427) Metaspace: 20303K(20992K)->20303K(20992K) NonClass: 17775K(18176K)->17775K(18176K) Class: 2527K(2816K)->2527K(2816K)
[2025-06-03T16:06:58.543+0530][391.849s] GC(427) Pause Young (Normal) (G1 Preventive Collection) 509M->508M(512M) 2.799ms
[2025-06-03T16:06:58.543+0530][391.849s] GC(427) User=0.01s Sys=0.00s Real=0.00s
[2025-06-03T16:06:58.555+0530][391.860s] GC(428) Pause Young (Normal) (G1 Preventive Collection)
[2025-06-03T16:06:58.555+0530][391.860s] GC(428) Using 8 workers of 8 for evacuation
[2025-06-03T16:06:58.557+0530][391.863s] GC(428) Skipped phase 1 of Reference Processing: no references
[2025-06-03T16:06:58.557+0530][391.863s] GC(428) Skipped phase 2 of Reference Processing: no references
[2025-06-03T16:06:58.557+0530][391.863s] GC(428) Skipped phase 3 of Reference Processing: no references
[2025-06-03T16:06:58.557+0530][391.863s] GC(428) Skipped phase 4 of Reference Processing: no references
[2025-06-03T16:06:58.557+0530][391.863s] GC(428)   Pre Evacuate Collection Set: 0.1ms
[2025-06-03T16:06:58.557+0530][391.863s] GC(428)   Merge Heap Roots: 0.0ms
[2025-06-03T16:06:58.557+0530][391.863s] GC(428)   Evacuate Collection Set: 1.9ms
[2025-06-03T16:06:58.557+0530][391.863s] GC(428)   Post Evacuate Collection Set: 0.3ms
[2025-06-03T16:06:58.557+0530][391.863s] GC(428)   Other: 0.2ms
[2025-06-03T16:06:58.557+0530][391.863s] GC(428) Eden regions: 1->0(24)
[2025-06-03T16:06:58.557+0530][391.863s] GC(428) Survivor regions: 1->1(1)
[2025-06-03T16:06:58.557+0530][391.863s] GC(428) Old regions: 507->507
[2025-06-03T16:06:58.557+0530][391.863s] GC(428) Archive regions: 2->2
[2025-06-03T16:06:58.557+0530][391.863s] GC(428) Humongous regions: 0->0
[2025-06-03T16:06:58.557+0530][391.863s] GC(428) Metaspace: 20303K(20992K)->20303K(20992K) NonClass: 17775K(18176K)->17775K(18176K) Class: 2527K(2816K)->2527K(2816K)
[2025-06-03T16:06:58.557+0530][391.863s] GC(428) Pause Young (Normal) (G1 Preventive Collection) 509M->508M(512M) 2.635ms
[2025-06-03T16:06:58.557+0530][391.863s] GC(428) User=0.01s Sys=0.00s Real=0.00s
[2025-06-03T16:06:58.570+0530][391.876s] GC(429) Pause Young (Normal) (G1 Preventive Collection)
[2025-06-03T16:06:58.570+0530][391.876s] GC(429) Using 8 workers of 8 for evacuation
[2025-06-03T16:06:58.573+0530][391.878s] GC(429) Skipped phase 1 of Reference Processing: no references
[2025-06-03T16:06:58.573+0530][391.878s] GC(429) Skipped phase 2 of Reference Processing: no references
[2025-06-03T16:06:58.573+0530][391.878s] GC(429) Skipped phase 3 of Reference Processing: no references
[2025-06-03T16:06:58.573+0530][391.878s] GC(429) Skipped phase 4 of Reference Processing: no references
[2025-06-03T16:06:58.573+0530][391.879s] GC(429) To-space exhausted
[2025-06-03T16:06:58.573+0530][391.879s] GC(429)   Pre Evacuate Collection Set: 0.1ms
[2025-06-03T16:06:58.573+0530][391.879s] GC(429)   Merge Heap Roots: 0.0ms
[2025-06-03T16:06:58.573+0530][391.879s] GC(429)   Evacuate Collection Set: 2.1ms
[2025-06-03T16:06:58.573+0530][391.879s] GC(429)   Post Evacuate Collection Set: 0.6ms
[2025-06-03T16:06:58.573+0530][391.879s] GC(429)   Other: 0.2ms
[2025-06-03T16:06:58.573+0530][391.879s] GC(429) Eden regions: 1->0(24)
[2025-06-03T16:06:58.573+0530][391.879s] GC(429) Survivor regions: 1->1(1)
[2025-06-03T16:06:58.573+0530][391.879s] GC(429) Old regions: 507->508
[2025-06-03T16:06:58.573+0530][391.879s] GC(429) Archive regions: 2->2
[2025-06-03T16:06:58.573+0530][391.879s] GC(429) Humongous regions: 0->0
[2025-06-03T16:06:58.573+0530][391.879s] GC(429) Metaspace: 20303K(20992K)->20303K(20992K) NonClass: 17775K(18176K)->17775K(18176K) Class: 2527K(2816K)->2527K(2816K)
[2025-06-03T16:06:58.573+0530][391.879s] GC(429) Pause Young (Normal) (G1 Preventive Collection) 509M->509M(512M) 3.148ms
[2025-06-03T16:06:58.573+0530][391.879s] GC(429) User=0.01s Sys=0.01s Real=0.00s
[2025-06-03T16:06:58.586+0530][391.891s] GC(430) Pause Young (Normal) (G1 Evacuation Pause)
[2025-06-03T16:06:58.586+0530][391.891s] GC(430) Using 8 workers of 8 for evacuation
[2025-06-03T16:06:58.588+0530][391.894s] GC(430) Skipped phase 1 of Reference Processing: no references
[2025-06-03T16:06:58.588+0530][391.894s] GC(430) Skipped phase 2 of Reference Processing: no references
[2025-06-03T16:06:58.588+0530][391.894s] GC(430) Skipped phase 3 of Reference Processing: no references
[2025-06-03T16:06:58.588+0530][391.894s] GC(430) Skipped phase 4 of Reference Processing: no references
[2025-06-03T16:06:58.589+0530][391.895s] GC(430) To-space exhausted
[2025-06-03T16:06:58.589+0530][391.895s] GC(430)   Pre Evacuate Collection Set: 0.1ms
[2025-06-03T16:06:58.589+0530][391.895s] GC(430)   Merge Heap Roots: 0.0ms
[2025-06-03T16:06:58.589+0530][391.895s] GC(430)   Evacuate Collection Set: 2.2ms
[2025-06-03T16:06:58.589+0530][391.895s] GC(430)   Post Evacuate Collection Set: 1.0ms
[2025-06-03T16:06:58.589+0530][391.895s] GC(430)   Other: 0.2ms
[2025-06-03T16:06:58.589+0530][391.895s] GC(430) Eden regions: 1->0(25)
[2025-06-03T16:06:58.589+0530][391.895s] GC(430) Survivor regions: 1->0(0)
[2025-06-03T16:06:58.589+0530][391.895s] GC(430) Old regions: 508->510
[2025-06-03T16:06:58.589+0530][391.895s] GC(430) Archive regions: 2->2
[2025-06-03T16:06:58.589+0530][391.895s] GC(430) Humongous regions: 0->0
[2025-06-03T16:06:58.589+0530][391.895s] GC(430) Metaspace: 20303K(20992K)->20303K(20992K) NonClass: 17775K(18176K)->17775K(18176K) Class: 2527K(2816K)->2527K(2816K)
[2025-06-03T16:06:58.589+0530][391.895s] GC(430) Pause Young (Normal) (G1 Evacuation Pause) 510M->510M(512M) 3.645ms
[2025-06-03T16:06:58.589+0530][391.895s] GC(430) User=0.00s Sys=0.00s Real=0.00s
[2025-06-03T16:06:58.589+0530][391.895s] Attempting full compaction
[2025-06-03T16:06:58.589+0530][391.895s] GC(431) Using 8 workers of 8 for full compaction
[2025-06-03T16:06:58.589+0530][391.895s] GC(431) Pause Full (G1 Compaction Pause)
[2025-06-03T16:06:58.590+0530][391.896s] GC(431) Phase 1: Mark live objects
[2025-06-03T16:06:59.475+0530][392.781s] GC(431) ReferenceProcessor::execute queues: 8, RefProcThreadModel::Multi, marks_oops_alive: true
[2025-06-03T16:06:59.475+0530][392.781s] GC(431) ReferenceProcessor::execute queues: 2, RefProcThreadModel::Multi, marks_oops_alive: false
[2025-06-03T16:06:59.476+0530][392.781s] GC(431) Skipped phase 3 of Reference Processing: no references
[2025-06-03T16:06:59.476+0530][392.781s] GC(431) ReferenceProcessor::execute queues: 1, RefProcThreadModel::Single, marks_oops_alive: false
[2025-06-03T16:06:59.477+0530][392.783s] GC(431) Phase 1: Mark live objects 886.881ms
[2025-06-03T16:06:59.477+0530][392.783s] GC(431) Phase 2: Prepare for compaction
[2025-06-03T16:06:59.478+0530][392.784s] GC(431) Phase 2: Prepare for compaction 1.149ms
[2025-06-03T16:06:59.478+0530][392.784s] GC(431) Phase 3: Adjust pointers
[2025-06-03T16:06:59.536+0530][392.842s] GC(431) Phase 3: Adjust pointers 58.510ms
[2025-06-03T16:06:59.537+0530][392.842s] GC(431) Phase 4: Compact heap
[2025-06-03T16:06:59.538+0530][392.843s] GC(431) Phase 4: Compact heap 1.014ms
[2025-06-03T16:06:59.542+0530][392.847s] GC(431) Eden regions: 0->0(25)
[2025-06-03T16:06:59.542+0530][392.847s] GC(431) Survivor regions: 0->0(0)
[2025-06-03T16:06:59.542+0530][392.847s] GC(431) Old regions: 510->508
[2025-06-03T16:06:59.542+0530][392.847s] GC(431) Archive regions: 2->2
[2025-06-03T16:06:59.542+0530][392.848s] GC(431) Humongous regions: 0->0
[2025-06-03T16:06:59.542+0530][392.848s] GC(431) Metaspace: 20303K(20992K)->20303K(20992K) NonClass: 17775K(18176K)->17775K(18176K) Class: 2527K(2816K)->2527K(2816K)
[2025-06-03T16:06:59.542+0530][392.848s] GC(431) Pause Full (G1 Compaction Pause) 510M->508M(512M) 952.450ms
[2025-06-03T16:06:59.542+0530][392.848s] GC(431) User=2.22s Sys=0.07s Real=0.96s
[2025-06-03T16:06:59.542+0530][392.848s] GC(415) Concurrent Mark From Roots 1171.849ms
[2025-06-03T16:06:59.542+0530][392.848s] GC(415) Concurrent Mark Abort
[2025-06-03T16:06:59.542+0530][392.848s] GC(415) Concurrent Mark Cycle 1172.322ms
[2025-06-03T16:06:59.545+0530][392.851s] GC(432) Pause Young (Normal) (G1 Preventive Collection)
[2025-06-03T16:06:59.545+0530][392.851s] GC(432) Using 8 workers of 8 for evacuation
[2025-06-03T16:06:59.546+0530][392.851s] GC(432) Skipped phase 1 of Reference Processing: no references
[2025-06-03T16:06:59.546+0530][392.851s] GC(432) Skipped phase 2 of Reference Processing: no references
[2025-06-03T16:06:59.546+0530][392.851s] GC(432) Skipped phase 3 of Reference Processing: no references
[2025-06-03T16:06:59.546+0530][392.851s] GC(432) Skipped phase 4 of Reference Processing: no references
[2025-06-03T16:06:59.546+0530][392.852s] GC(432)   Pre Evacuate Collection Set: 0.1ms
[2025-06-03T16:06:59.546+0530][392.852s] GC(432)   Merge Heap Roots: 0.0ms
[2025-06-03T16:06:59.546+0530][392.852s] GC(432)   Evacuate Collection Set: 0.4ms
[2025-06-03T16:06:59.546+0530][392.852s] GC(432)   Post Evacuate Collection Set: 0.2ms
[2025-06-03T16:06:59.546+0530][392.852s] GC(432)   Other: 0.1ms
[2025-06-03T16:06:59.546+0530][392.852s] GC(432) Eden regions: 1->0(24)
[2025-06-03T16:06:59.546+0530][392.852s] GC(432) Survivor regions: 0->1(1)
[2025-06-03T16:06:59.546+0530][392.852s] GC(432) Old regions: 508->508
[2025-06-03T16:06:59.546+0530][392.852s] GC(432) Archive regions: 2->2
[2025-06-03T16:06:59.546+0530][392.852s] GC(432) Humongous regions: 0->0
[2025-06-03T16:06:59.546+0530][392.852s] GC(432) Metaspace: 20303K(20992K)->20303K(20992K) NonClass: 17775K(18176K)->17775K(18176K) Class: 2527K(2816K)->2527K(2816K)
[2025-06-03T16:06:59.546+0530][392.852s] GC(432) Pause Young (Normal) (G1 Preventive Collection) 509M->508M(512M) 1.041ms
[2025-06-03T16:06:59.546+0530][392.852s] GC(432) User=0.00s Sys=0.01s Real=0.00s
[2025-06-03T16:06:59.552+0530][392.858s] GC(433) Pause Young (Concurrent Start) (G1 Evacuation Pause)
[2025-06-03T16:06:59.552+0530][392.858s] GC(433) Using 8 workers of 8 for evacuation
[2025-06-03T16:06:59.553+0530][392.859s] GC(433) Skipped phase 1 of Reference Processing: no references
[2025-06-03T16:06:59.553+0530][392.859s] GC(433) Skipped phase 2 of Reference Processing: no references
[2025-06-03T16:06:59.553+0530][392.859s] GC(433) Skipped phase 3 of Reference Processing: no references
[2025-06-03T16:06:59.553+0530][392.859s] GC(433) Skipped phase 4 of Reference Processing: no references
[2025-06-03T16:06:59.554+0530][392.859s] GC(433) To-space exhausted
[2025-06-03T16:06:59.554+0530][392.860s] GC(433)   Pre Evacuate Collection Set: 0.1ms
[2025-06-03T16:06:59.554+0530][392.860s] GC(433)   Merge Heap Roots: 0.1ms
[2025-06-03T16:06:59.554+0530][392.860s] GC(433)   Evacuate Collection Set: 0.6ms
[2025-06-03T16:06:59.554+0530][392.860s] GC(433)   Post Evacuate Collection Set: 0.5ms
[2025-06-03T16:06:59.554+0530][392.860s] GC(433)   Other: 0.2ms
[2025-06-03T16:06:59.554+0530][392.860s] GC(433) Eden regions: 1->0(25)
[2025-06-03T16:06:59.554+0530][392.860s] GC(433) Survivor regions: 1->0(0)
[2025-06-03T16:06:59.554+0530][392.860s] GC(433) Old regions: 508->510
[2025-06-03T16:06:59.554+0530][392.860s] GC(433) Archive regions: 2->2
[2025-06-03T16:06:59.554+0530][392.860s] GC(433) Humongous regions: 0->0
[2025-06-03T16:06:59.554+0530][392.860s] GC(433) Metaspace: 20303K(20992K)->20303K(20992K) NonClass: 17775K(18176K)->17775K(18176K) Class: 2527K(2816K)->2527K(2816K)
[2025-06-03T16:06:59.554+0530][392.860s] GC(433) Pause Young (Concurrent Start) (G1 Evacuation Pause) 509M->509M(512M) 1.570ms
[2025-06-03T16:06:59.554+0530][392.860s] GC(433) User=0.01s Sys=0.00s Real=0.00s
[2025-06-03T16:06:59.554+0530][392.860s] Attempting full compaction
[2025-06-03T16:06:59.554+0530][392.860s] GC(435) Concurrent Mark Cycle
[2025-06-03T16:06:59.554+0530][392.860s] GC(434) Using 8 workers of 8 for full compaction
[2025-06-03T16:06:59.554+0530][392.860s] GC(435) Concurrent Clear Claimed Marks
[2025-06-03T16:06:59.554+0530][392.860s] GC(434) Pause Full (G1 Compaction Pause)
[2025-06-03T16:06:59.554+0530][392.860s] GC(435) Concurrent Clear Claimed Marks 0.064ms
[2025-06-03T16:06:59.554+0530][392.860s] GC(435) Concurrent Scan Root Regions
[2025-06-03T16:06:59.554+0530][392.860s] GC(435) Concurrent Scan Root Regions 0.049ms
[2025-06-03T16:06:59.554+0530][392.860s] GC(435) Concurrent Mark
[2025-06-03T16:06:59.554+0530][392.860s] GC(435) Concurrent Mark From Roots
[2025-06-03T16:06:59.554+0530][392.860s] GC(435) Using 2 workers of 2 for marking
[2025-06-03T16:06:59.555+0530][392.860s] GC(434) Phase 1: Mark live objects
[2025-06-03T16:07:00.439+0530][393.745s] GC(434) ReferenceProcessor::execute queues: 8, RefProcThreadModel::Multi, marks_oops_alive: true
[2025-06-03T16:07:00.439+0530][393.745s] GC(434) ReferenceProcessor::execute queues: 2, RefProcThreadModel::Multi, marks_oops_alive: false
[2025-06-03T16:07:00.439+0530][393.745s] GC(434) Skipped phase 3 of Reference Processing: no references
[2025-06-03T16:07:00.439+0530][393.745s] GC(434) ReferenceProcessor::execute queues: 1, RefProcThreadModel::Single, marks_oops_alive: false
[2025-06-03T16:07:00.440+0530][393.746s] GC(434) Phase 1: Mark live objects 885.466ms
[2025-06-03T16:07:00.440+0530][393.746s] GC(434) Phase 2: Prepare for compaction
[2025-06-03T16:07:00.441+0530][393.747s] GC(434) Phase 2: Prepare for compaction 0.657ms
[2025-06-03T16:07:00.441+0530][393.747s] GC(434) Phase 3: Adjust pointers
[2025-06-03T16:07:00.497+0530][393.802s] GC(434) Phase 3: Adjust pointers 55.838ms
[2025-06-03T16:07:00.497+0530][393.802s] GC(434) Phase 4: Compact heap
[2025-06-03T16:07:00.497+0530][393.803s] GC(434) Phase 4: Compact heap 0.338ms
[2025-06-03T16:07:00.501+0530][393.806s] GC(434) Eden regions: 0->0(25)
[2025-06-03T16:07:00.501+0530][393.806s] GC(434) Survivor regions: 0->0(0)
[2025-06-03T16:07:00.501+0530][393.806s] GC(434) Old regions: 510->508
[2025-06-03T16:07:00.501+0530][393.806s] GC(434) Archive regions: 2->2
[2025-06-03T16:07:00.501+0530][393.806s] GC(434) Humongous regions: 0->0
[2025-06-03T16:07:00.501+0530][393.806s] GC(434) Metaspace: 20303K(20992K)->20303K(20992K) NonClass: 17775K(18176K)->17775K(18176K) Class: 2527K(2816K)->2527K(2816K)
[2025-06-03T16:07:00.501+0530][393.806s] GC(434) Pause Full (G1 Compaction Pause) 509M->508M(512M) 946.625ms
[2025-06-03T16:07:00.501+0530][393.807s] GC(434) User=2.20s Sys=0.07s Real=0.95s
[2025-06-03T16:07:00.501+0530][393.807s] GC(435) Concurrent Mark From Roots 946.808ms
[2025-06-03T16:07:00.501+0530][393.807s] GC(435) Concurrent Mark Abort
[2025-06-03T16:07:00.501+0530][393.807s] GC(435) Concurrent Mark Cycle 947.251ms
[2025-06-03T16:07:00.506+0530][393.811s] GC(436) Pause Young (Normal) (G1 Preventive Collection)
[2025-06-03T16:07:00.506+0530][393.811s] GC(436) Using 8 workers of 8 for evacuation
[2025-06-03T16:07:00.506+0530][393.812s] GC(436) Skipped phase 1 of Reference Processing: no references
[2025-06-03T16:07:00.506+0530][393.812s] GC(436) Skipped phase 2 of Reference Processing: no references
[2025-06-03T16:07:00.506+0530][393.812s] GC(436) Skipped phase 3 of Reference Processing: no references
[2025-06-03T16:07:00.506+0530][393.812s] GC(436) Skipped phase 4 of Reference Processing: no references
[2025-06-03T16:07:00.506+0530][393.812s] GC(436)   Pre Evacuate Collection Set: 0.1ms
[2025-06-03T16:07:00.506+0530][393.812s] GC(436)   Merge Heap Roots: 0.0ms
[2025-06-03T16:07:00.506+0530][393.812s] GC(436)   Evacuate Collection Set: 0.3ms
[2025-06-03T16:07:00.506+0530][393.812s] GC(436)   Post Evacuate Collection Set: 0.2ms
[2025-06-03T16:07:00.506+0530][393.812s] GC(436)   Other: 0.1ms
[2025-06-03T16:07:00.506+0530][393.812s] GC(436) Eden regions: 1->0(24)
[2025-06-03T16:07:00.506+0530][393.812s] GC(436) Survivor regions: 0->1(1)
[2025-06-03T16:07:00.506+0530][393.812s] GC(436) Old regions: 508->508
[2025-06-03T16:07:00.506+0530][393.812s] GC(436) Archive regions: 2->2
[2025-06-03T16:07:00.506+0530][393.812s] GC(436) Humongous regions: 0->0
[2025-06-03T16:07:00.506+0530][393.812s] GC(436) Metaspace: 20303K(20992K)->20303K(20992K) NonClass: 17775K(18176K)->17775K(18176K) Class: 2527K(2816K)->2527K(2816K)
[2025-06-03T16:07:00.506+0530][393.812s] GC(436) Pause Young (Normal) (G1 Preventive Collection) 509M->508M(512M) 0.935ms
[2025-06-03T16:07:00.507+0530][393.812s] GC(436) User=0.00s Sys=0.00s Real=0.00s
[2025-06-03T16:07:00.520+0530][393.825s] GC(437) Pause Young (Concurrent Start) (G1 Evacuation Pause)
[2025-06-03T16:07:00.520+0530][393.825s] GC(437) Using 8 workers of 8 for evacuation
[2025-06-03T16:07:00.520+0530][393.826s] GC(437) Skipped phase 1 of Reference Processing: no references
[2025-06-03T16:07:00.521+0530][393.826s] GC(437) Skipped phase 2 of Reference Processing: no references
[2025-06-03T16:07:00.521+0530][393.826s] GC(437) Skipped phase 3 of Reference Processing: no references
[2025-06-03T16:07:00.521+0530][393.826s] GC(437) Skipped phase 4 of Reference Processing: no references
[2025-06-03T16:07:00.521+0530][393.827s] GC(437) To-space exhausted
[2025-06-03T16:07:00.521+0530][393.827s] GC(437)   Pre Evacuate Collection Set: 0.1ms
[2025-06-03T16:07:00.521+0530][393.827s] GC(437)   Merge Heap Roots: 0.0ms
[2025-06-03T16:07:00.521+0530][393.827s] GC(437)   Evacuate Collection Set: 0.7ms
[2025-06-03T16:07:00.521+0530][393.827s] GC(437)   Post Evacuate Collection Set: 0.9ms
[2025-06-03T16:07:00.521+0530][393.827s] GC(437)   Other: 0.2ms
[2025-06-03T16:07:00.521+0530][393.827s] GC(437) Eden regions: 1->0(25)
[2025-06-03T16:07:00.521+0530][393.827s] GC(437) Survivor regions: 1->0(0)
[2025-06-03T16:07:00.521+0530][393.827s] GC(437) Old regions: 508->510
[2025-06-03T16:07:00.522+0530][393.827s] GC(437) Archive regions: 2->2
[2025-06-03T16:07:00.522+0530][393.827s] GC(437) Humongous regions: 0->0
[2025-06-03T16:07:00.522+0530][393.827s] GC(437) Metaspace: 20303K(20992K)->20303K(20992K) NonClass: 17775K(18176K)->17775K(18176K) Class: 2527K(2816K)->2527K(2816K)
[2025-06-03T16:07:00.522+0530][393.827s] GC(437) Pause Young (Concurrent Start) (G1 Evacuation Pause) 509M->509M(512M) 2.032ms
[2025-06-03T16:07:00.522+0530][393.827s] GC(437) User=0.00s Sys=0.00s Real=0.00s
[2025-06-03T16:07:00.522+0530][393.827s] Attempting full compaction
[2025-06-03T16:07:00.522+0530][393.827s] GC(439) Concurrent Mark Cycle
[2025-06-03T16:07:00.522+0530][393.827s] GC(438) Using 8 workers of 8 for full compaction
[2025-06-03T16:07:00.522+0530][393.828s] GC(439) Concurrent Clear Claimed Marks
[2025-06-03T16:07:00.522+0530][393.828s] GC(438) Pause Full (G1 Compaction Pause)
[2025-06-03T16:07:00.522+0530][393.828s] GC(439) Concurrent Clear Claimed Marks 0.092ms
[2025-06-03T16:07:00.522+0530][393.828s] GC(439) Concurrent Scan Root Regions
[2025-06-03T16:07:00.522+0530][393.828s] GC(439) Concurrent Scan Root Regions 0.058ms
[2025-06-03T16:07:00.522+0530][393.828s] GC(439) Concurrent Mark
[2025-06-03T16:07:00.522+0530][393.828s] GC(439) Concurrent Mark From Roots
[2025-06-03T16:07:00.522+0530][393.828s] GC(439) Using 2 workers of 2 for marking
[2025-06-03T16:07:00.522+0530][393.828s] GC(438) Phase 1: Mark live objects
[2025-06-03T16:07:01.402+0530][394.708s] GC(438) ReferenceProcessor::execute queues: 8, RefProcThreadModel::Multi, marks_oops_alive: true
[2025-06-03T16:07:01.402+0530][394.708s] GC(438) ReferenceProcessor::execute queues: 2, RefProcThreadModel::Multi, marks_oops_alive: false
[2025-06-03T16:07:01.402+0530][394.708s] GC(438) Skipped phase 3 of Reference Processing: no references
[2025-06-03T16:07:01.402+0530][394.708s] GC(438) ReferenceProcessor::execute queues: 1, RefProcThreadModel::Single, marks_oops_alive: false
[2025-06-03T16:07:01.403+0530][394.709s] GC(438) Phase 1: Mark live objects 880.932ms
[2025-06-03T16:07:01.403+0530][394.709s] GC(438) Phase 2: Prepare for compaction
[2025-06-03T16:07:01.404+0530][394.710s] GC(438) Phase 2: Prepare for compaction 0.476ms
[2025-06-03T16:07:01.404+0530][394.710s] GC(438) Phase 3: Adjust pointers
[2025-06-03T16:07:01.460+0530][394.766s] GC(438) Phase 3: Adjust pointers 56.439ms
[2025-06-03T16:07:01.460+0530][394.766s] GC(438) Phase 4: Compact heap
[2025-06-03T16:07:01.461+0530][394.766s] GC(438) Phase 4: Compact heap 0.277ms
[2025-06-03T16:07:01.464+0530][394.770s] GC(438) Eden regions: 0->0(25)
[2025-06-03T16:07:01.464+0530][394.770s] GC(438) Survivor regions: 0->0(0)
[2025-06-03T16:07:01.464+0530][394.770s] GC(438) Old regions: 510->508
[2025-06-03T16:07:01.464+0530][394.770s] GC(438) Archive regions: 2->2
[2025-06-03T16:07:01.464+0530][394.770s] GC(438) Humongous regions: 0->0
[2025-06-03T16:07:01.464+0530][394.770s] GC(438) Metaspace: 20303K(20992K)->20303K(20992K) NonClass: 17775K(18176K)->17775K(18176K) Class: 2527K(2816K)->2527K(2816K)
[2025-06-03T16:07:01.464+0530][394.770s] GC(438) Pause Full (G1 Compaction Pause) 509M->508M(512M) 942.397ms
[2025-06-03T16:07:01.465+0530][394.770s] GC(438) User=2.18s Sys=0.07s Real=0.94s
[2025-06-03T16:07:01.465+0530][394.771s] GC(439) Concurrent Mark From Roots 942.733ms
[2025-06-03T16:07:01.465+0530][394.771s] GC(439) Concurrent Mark Abort
[2025-06-03T16:07:01.465+0530][394.771s] GC(439) Concurrent Mark Cycle 943.177ms
[2025-06-03T16:07:01.469+0530][394.774s] GC(440) Pause Young (Normal) (G1 Preventive Collection)
[2025-06-03T16:07:01.469+0530][394.774s] GC(440) Using 8 workers of 8 for evacuation
[2025-06-03T16:07:01.469+0530][394.775s] GC(440) Skipped phase 1 of Reference Processing: no references
[2025-06-03T16:07:01.469+0530][394.775s] GC(440) Skipped phase 2 of Reference Processing: no references
[2025-06-03T16:07:01.469+0530][394.775s] GC(440) Skipped phase 3 of Reference Processing: no references
[2025-06-03T16:07:01.469+0530][394.775s] GC(440) Skipped phase 4 of Reference Processing: no references
[2025-06-03T16:07:01.469+0530][394.775s] GC(440)   Pre Evacuate Collection Set: 0.1ms
[2025-06-03T16:07:01.469+0530][394.775s] GC(440)   Merge Heap Roots: 0.0ms
[2025-06-03T16:07:01.469+0530][394.775s] GC(440)   Evacuate Collection Set: 0.3ms
[2025-06-03T16:07:01.469+0530][394.775s] GC(440)   Post Evacuate Collection Set: 0.3ms
[2025-06-03T16:07:01.469+0530][394.775s] GC(440)   Other: 0.1ms
[2025-06-03T16:07:01.469+0530][394.775s] GC(440) Eden regions: 1->0(24)
[2025-06-03T16:07:01.469+0530][394.775s] GC(440) Survivor regions: 0->1(1)
[2025-06-03T16:07:01.469+0530][394.775s] GC(440) Old regions: 508->508
[2025-06-03T16:07:01.469+0530][394.775s] GC(440) Archive regions: 2->2
[2025-06-03T16:07:01.469+0530][394.775s] GC(440) Humongous regions: 0->0
[2025-06-03T16:07:01.469+0530][394.775s] GC(440) Metaspace: 20303K(20992K)->20303K(20992K) NonClass: 17775K(18176K)->17775K(18176K) Class: 2527K(2816K)->2527K(2816K)
[2025-06-03T16:07:01.470+0530][394.775s] GC(440) Pause Young (Normal) (G1 Preventive Collection) 509M->508M(512M) 0.968ms
[2025-06-03T16:07:01.470+0530][394.775s] GC(440) User=0.00s Sys=0.00s Real=0.01s
[2025-06-03T16:07:01.481+0530][394.787s] GC(441) Pause Young (Concurrent Start) (G1 Evacuation Pause)
[2025-06-03T16:07:01.481+0530][394.787s] GC(441) Using 8 workers of 8 for evacuation
[2025-06-03T16:07:01.482+0530][394.788s] GC(441) Skipped phase 1 of Reference Processing: no references
[2025-06-03T16:07:01.482+0530][394.788s] GC(441) Skipped phase 2 of Reference Processing: no references
[2025-06-03T16:07:01.482+0530][394.788s] GC(441) Skipped phase 3 of Reference Processing: no references
[2025-06-03T16:07:01.482+0530][394.788s] GC(441) Skipped phase 4 of Reference Processing: no references
[2025-06-03T16:07:01.483+0530][394.789s] GC(441) To-space exhausted
[2025-06-03T16:07:01.483+0530][394.789s] GC(441)   Pre Evacuate Collection Set: 0.1ms
[2025-06-03T16:07:01.483+0530][394.789s] GC(441)   Merge Heap Roots: 0.1ms
[2025-06-03T16:07:01.483+0530][394.789s] GC(441)   Evacuate Collection Set: 0.7ms
[2025-06-03T16:07:01.483+0530][394.789s] GC(441)   Post Evacuate Collection Set: 0.7ms
[2025-06-03T16:07:01.483+0530][394.789s] GC(441)   Other: 0.2ms
[2025-06-03T16:07:01.483+0530][394.789s] GC(441) Eden regions: 1->0(25)
[2025-06-03T16:07:01.483+0530][394.789s] GC(441) Survivor regions: 1->0(0)
[2025-06-03T16:07:01.483+0530][394.789s] GC(441) Old regions: 508->510
[2025-06-03T16:07:01.483+0530][394.789s] GC(441) Archive regions: 2->2
[2025-06-03T16:07:01.483+0530][394.789s] GC(441) Humongous regions: 0->0
[2025-06-03T16:07:01.483+0530][394.789s] GC(441) Metaspace: 20303K(20992K)->20303K(20992K) NonClass: 17775K(18176K)->17775K(18176K) Class: 2527K(2816K)->2527K(2816K)
[2025-06-03T16:07:01.483+0530][394.789s] GC(441) Pause Young (Concurrent Start) (G1 Evacuation Pause) 509M->509M(512M) 1.809ms
[2025-06-03T16:07:01.483+0530][394.789s] GC(441) User=0.01s Sys=0.00s Real=0.00s
[2025-06-03T16:07:01.483+0530][394.789s] Attempting full compaction
[2025-06-03T16:07:01.483+0530][394.789s] GC(442) Concurrent Mark Cycle
[2025-06-03T16:07:01.483+0530][394.789s] GC(443) Using 8 workers of 8 for full compaction
[2025-06-03T16:07:01.483+0530][394.789s] GC(442) Concurrent Clear Claimed Marks
[2025-06-03T16:07:01.483+0530][394.789s] GC(443) Pause Full (G1 Compaction Pause)
[2025-06-03T16:07:01.483+0530][394.789s] GC(442) Concurrent Clear Claimed Marks 0.089ms
[2025-06-03T16:07:01.483+0530][394.789s] GC(442) Concurrent Scan Root Regions
[2025-06-03T16:07:01.484+0530][394.789s] GC(442) Concurrent Scan Root Regions 0.044ms
[2025-06-03T16:07:01.484+0530][394.789s] GC(442) Concurrent Mark
[2025-06-03T16:07:01.484+0530][394.789s] GC(442) Concurrent Mark From Roots
[2025-06-03T16:07:01.484+0530][394.790s] GC(442) Using 2 workers of 2 for marking
[2025-06-03T16:07:01.484+0530][394.790s] GC(443) Phase 1: Mark live objects
[2025-06-03T16:07:02.368+0530][395.673s] GC(443) ReferenceProcessor::execute queues: 8, RefProcThreadModel::Multi, marks_oops_alive: true
[2025-06-03T16:07:02.368+0530][395.674s] GC(443) ReferenceProcessor::execute queues: 2, RefProcThreadModel::Multi, marks_oops_alive: false
[2025-06-03T16:07:02.368+0530][395.674s] GC(443) Skipped phase 3 of Reference Processing: no references
[2025-06-03T16:07:02.368+0530][395.674s] GC(443) ReferenceProcessor::execute queues: 1, RefProcThreadModel::Single, marks_oops_alive: false
[2025-06-03T16:07:02.369+0530][395.675s] GC(443) Phase 1: Mark live objects 885.120ms
[2025-06-03T16:07:02.369+0530][395.675s] GC(443) Phase 2: Prepare for compaction
[2025-06-03T16:07:02.370+0530][395.675s] GC(443) Phase 2: Prepare for compaction 0.463ms
[2025-06-03T16:07:02.370+0530][395.675s] GC(443) Phase 3: Adjust pointers
[2025-06-03T16:07:02.426+0530][395.732s] GC(443) Phase 3: Adjust pointers 56.654ms
[2025-06-03T16:07:02.426+0530][395.732s] GC(443) Phase 4: Compact heap
[2025-06-03T16:07:02.427+0530][395.733s] GC(443) Phase 4: Compact heap 0.375ms
[2025-06-03T16:07:02.430+0530][395.736s] GC(443) Eden regions: 0->0(25)
[2025-06-03T16:07:02.430+0530][395.736s] GC(443) Survivor regions: 0->0(0)
[2025-06-03T16:07:02.430+0530][395.736s] GC(443) Old regions: 510->508
[2025-06-03T16:07:02.430+0530][395.736s] GC(443) Archive regions: 2->2
[2025-06-03T16:07:02.430+0530][395.736s] GC(443) Humongous regions: 0->0
[2025-06-03T16:07:02.430+0530][395.736s] GC(443) Metaspace: 20303K(20992K)->20303K(20992K) NonClass: 17775K(18176K)->17775K(18176K) Class: 2527K(2816K)->2527K(2816K)
[2025-06-03T16:07:02.430+0530][395.736s] GC(443) Pause Full (G1 Compaction Pause) 509M->508M(512M) 946.862ms
[2025-06-03T16:07:02.431+0530][395.736s] GC(443) User=2.18s Sys=0.07s Real=0.95s
[2025-06-03T16:07:02.431+0530][395.737s] GC(442) Concurrent Mark From Roots 947.111ms
[2025-06-03T16:07:02.431+0530][395.737s] GC(442) Concurrent Mark Abort
[2025-06-03T16:07:02.431+0530][395.737s] GC(442) Concurrent Mark Cycle 947.472ms
[2025-06-03T16:07:02.434+0530][395.740s] GC(444) Pause Young (Normal) (G1 Preventive Collection)
[2025-06-03T16:07:02.434+0530][395.740s] GC(444) Using 8 workers of 8 for evacuation
[2025-06-03T16:07:02.434+0530][395.740s] GC(444) Skipped phase 1 of Reference Processing: no references
[2025-06-03T16:07:02.434+0530][395.740s] GC(444) Skipped phase 2 of Reference Processing: no references
[2025-06-03T16:07:02.434+0530][395.740s] GC(444) Skipped phase 3 of Reference Processing: no references
[2025-06-03T16:07:02.434+0530][395.740s] GC(444) Skipped phase 4 of Reference Processing: no references
[2025-06-03T16:07:02.435+0530][395.741s] GC(444)   Pre Evacuate Collection Set: 0.1ms
[2025-06-03T16:07:02.435+0530][395.741s] GC(444)   Merge Heap Roots: 0.1ms
[2025-06-03T16:07:02.435+0530][395.741s] GC(444)   Evacuate Collection Set: 0.4ms
[2025-06-03T16:07:02.435+0530][395.741s] GC(444)   Post Evacuate Collection Set: 0.2ms
[2025-06-03T16:07:02.435+0530][395.741s] GC(444)   Other: 0.2ms
[2025-06-03T16:07:02.435+0530][395.741s] GC(444) Eden regions: 1->0(24)
[2025-06-03T16:07:02.435+0530][395.741s] GC(444) Survivor regions: 0->1(1)
[2025-06-03T16:07:02.435+0530][395.741s] GC(444) Old regions: 508->508
[2025-06-03T16:07:02.435+0530][395.741s] GC(444) Archive regions: 2->2
[2025-06-03T16:07:02.435+0530][395.741s] GC(444) Humongous regions: 0->0
[2025-06-03T16:07:02.435+0530][395.741s] GC(444) Metaspace: 20303K(20992K)->20303K(20992K) NonClass: 17775K(18176K)->17775K(18176K) Class: 2527K(2816K)->2527K(2816K)
[2025-06-03T16:07:02.435+0530][395.741s] GC(444) Pause Young (Normal) (G1 Preventive Collection) 509M->508M(512M) 1.074ms
[2025-06-03T16:07:02.435+0530][395.741s] GC(444) User=0.00s Sys=0.00s Real=0.00s
[2025-06-03T16:07:02.445+0530][395.750s] GC(445) Pause Young (Concurrent Start) (G1 Evacuation Pause)
[2025-06-03T16:07:02.445+0530][395.751s] GC(445) Using 8 workers of 8 for evacuation
[2025-06-03T16:07:02.445+0530][395.751s] GC(445) Skipped phase 1 of Reference Processing: no references
[2025-06-03T16:07:02.445+0530][395.751s] GC(445) Skipped phase 2 of Reference Processing: no references
[2025-06-03T16:07:02.446+0530][395.751s] GC(445) Skipped phase 3 of Reference Processing: no references
[2025-06-03T16:07:02.446+0530][395.751s] GC(445) Skipped phase 4 of Reference Processing: no references
[2025-06-03T16:07:02.446+0530][395.752s] GC(445) To-space exhausted
[2025-06-03T16:07:02.446+0530][395.752s] GC(445)   Pre Evacuate Collection Set: 0.1ms
[2025-06-03T16:07:02.446+0530][395.752s] GC(445)   Merge Heap Roots: 0.0ms
[2025-06-03T16:07:02.446+0530][395.752s] GC(445)   Evacuate Collection Set: 0.6ms
[2025-06-03T16:07:02.446+0530][395.752s] GC(445)   Post Evacuate Collection Set: 0.7ms
[2025-06-03T16:07:02.446+0530][395.752s] GC(445)   Other: 0.2ms
[2025-06-03T16:07:02.446+0530][395.752s] GC(445) Eden regions: 1->0(25)
[2025-06-03T16:07:02.446+0530][395.752s] GC(445) Survivor regions: 1->0(0)
[2025-06-03T16:07:02.446+0530][395.752s] GC(445) Old regions: 508->510
[2025-06-03T16:07:02.446+0530][395.752s] GC(445) Archive regions: 2->2
[2025-06-03T16:07:02.446+0530][395.752s] GC(445) Humongous regions: 0->0
[2025-06-03T16:07:02.446+0530][395.752s] GC(445) Metaspace: 20303K(20992K)->20303K(20992K) NonClass: 17775K(18176K)->17775K(18176K) Class: 2527K(2816K)->2527K(2816K)
[2025-06-03T16:07:02.446+0530][395.752s] GC(445) Pause Young (Concurrent Start) (G1 Evacuation Pause) 509M->509M(512M) 1.697ms
[2025-06-03T16:07:02.446+0530][395.752s] GC(445) User=0.00s Sys=0.00s Real=0.00s
[2025-06-03T16:07:02.446+0530][395.752s] Attempting full compaction
[2025-06-03T16:07:02.446+0530][395.752s] GC(446) Concurrent Mark Cycle
[2025-06-03T16:07:02.446+0530][395.752s] GC(447) Using 8 workers of 8 for full compaction
[2025-06-03T16:07:02.446+0530][395.752s] GC(446) Concurrent Clear Claimed Marks
[2025-06-03T16:07:02.446+0530][395.752s] GC(447) Pause Full (G1 Compaction Pause)
[2025-06-03T16:07:02.446+0530][395.752s] GC(446) Concurrent Clear Claimed Marks 0.066ms
[2025-06-03T16:07:02.447+0530][395.752s] GC(446) Concurrent Scan Root Regions
[2025-06-03T16:07:02.447+0530][395.752s] GC(446) Concurrent Scan Root Regions 0.050ms
[2025-06-03T16:07:02.447+0530][395.753s] GC(446) Concurrent Mark
[2025-06-03T16:07:02.447+0530][395.753s] GC(446) Concurrent Mark From Roots
[2025-06-03T16:07:02.447+0530][395.753s] GC(446) Using 2 workers of 2 for marking
[2025-06-03T16:07:02.447+0530][395.753s] GC(447) Phase 1: Mark live objects
[2025-06-03T16:07:03.349+0530][396.654s] GC(447) ReferenceProcessor::execute queues: 8, RefProcThreadModel::Multi, marks_oops_alive: true
[2025-06-03T16:07:03.349+0530][396.655s] GC(447) ReferenceProcessor::execute queues: 2, RefProcThreadModel::Multi, marks_oops_alive: false
[2025-06-03T16:07:03.349+0530][396.655s] GC(447) Skipped phase 3 of Reference Processing: no references
[2025-06-03T16:07:03.349+0530][396.655s] GC(447) ReferenceProcessor::execute queues: 1, RefProcThreadModel::Single, marks_oops_alive: false
[2025-06-03T16:07:03.350+0530][396.656s] GC(447) Phase 1: Mark live objects 902.873ms
[2025-06-03T16:07:03.350+0530][396.656s] GC(447) Phase 2: Prepare for compaction
[2025-06-03T16:07:03.351+0530][396.657s] GC(447) Phase 2: Prepare for compaction 0.705ms
[2025-06-03T16:07:03.351+0530][396.657s] GC(447) Phase 3: Adjust pointers
[2025-06-03T16:07:03.409+0530][396.715s] GC(447) Phase 3: Adjust pointers 58.480ms
[2025-06-03T16:07:03.409+0530][396.715s] GC(447) Phase 4: Compact heap
[2025-06-03T16:07:03.410+0530][396.716s] GC(447) Phase 4: Compact heap 0.385ms
[2025-06-03T16:07:03.413+0530][396.719s] GC(447) Eden regions: 0->0(25)
[2025-06-03T16:07:03.413+0530][396.719s] GC(447) Survivor regions: 0->0(0)
[2025-06-03T16:07:03.413+0530][396.719s] GC(447) Old regions: 510->508
[2025-06-03T16:07:03.413+0530][396.719s] GC(447) Archive regions: 2->2
[2025-06-03T16:07:03.413+0530][396.719s] GC(447) Humongous regions: 0->0
[2025-06-03T16:07:03.413+0530][396.719s] GC(447) Metaspace: 20303K(20992K)->20303K(20992K) NonClass: 17775K(18176K)->17775K(18176K) Class: 2527K(2816K)->2527K(2816K)
[2025-06-03T16:07:03.413+0530][396.719s] GC(447) Pause Full (G1 Compaction Pause) 509M->508M(512M) 967.046ms
[2025-06-03T16:07:03.415+0530][396.720s] GC(447) User=2.23s Sys=0.06s Real=0.97s
[2025-06-03T16:07:03.415+0530][396.721s] GC(446) Concurrent Mark From Roots 968.048ms
[2025-06-03T16:07:03.415+0530][396.721s] GC(446) Concurrent Mark Abort
[2025-06-03T16:07:03.415+0530][396.721s] GC(446) Concurrent Mark Cycle 968.437ms
[2025-06-03T16:07:03.417+0530][396.723s] GC(448) Pause Young (Normal) (G1 Preventive Collection)
[2025-06-03T16:07:03.417+0530][396.723s] GC(448) Using 8 workers of 8 for evacuation
[2025-06-03T16:07:03.418+0530][396.724s] GC(448) Skipped phase 1 of Reference Processing: no references
[2025-06-03T16:07:03.418+0530][396.724s] GC(448) Skipped phase 2 of Reference Processing: no references
[2025-06-03T16:07:03.418+0530][396.724s] GC(448) Skipped phase 3 of Reference Processing: no references
[2025-06-03T16:07:03.418+0530][396.724s] GC(448) Skipped phase 4 of Reference Processing: no references
[2025-06-03T16:07:03.418+0530][396.724s] GC(448)   Pre Evacuate Collection Set: 0.1ms
[2025-06-03T16:07:03.418+0530][396.724s] GC(448)   Merge Heap Roots: 0.0ms
[2025-06-03T16:07:03.418+0530][396.724s] GC(448)   Evacuate Collection Set: 0.4ms
[2025-06-03T16:07:03.418+0530][396.724s] GC(448)   Post Evacuate Collection Set: 0.3ms
[2025-06-03T16:07:03.418+0530][396.724s] GC(448)   Other: 0.2ms
[2025-06-03T16:07:03.418+0530][396.724s] GC(448) Eden regions: 1->0(24)
[2025-06-03T16:07:03.418+0530][396.724s] GC(448) Survivor regions: 0->1(1)
[2025-06-03T16:07:03.418+0530][396.724s] GC(448) Old regions: 508->508
[2025-06-03T16:07:03.418+0530][396.724s] GC(448) Archive regions: 2->2
[2025-06-03T16:07:03.418+0530][396.724s] GC(448) Humongous regions: 0->0
[2025-06-03T16:07:03.418+0530][396.724s] GC(448) Metaspace: 20303K(20992K)->20303K(20992K) NonClass: 17775K(18176K)->17775K(18176K) Class: 2527K(2816K)->2527K(2816K)
[2025-06-03T16:07:03.418+0530][396.724s] GC(448) Pause Young (Normal) (G1 Preventive Collection) 509M->508M(512M) 1.090ms
[2025-06-03T16:07:03.418+0530][396.724s] GC(448) User=0.00s Sys=0.00s Real=0.00s
[2025-06-03T16:07:03.422+0530][396.728s] GC(449) Pause Young (Concurrent Start) (G1 Evacuation Pause)
[2025-06-03T16:07:03.422+0530][396.728s] GC(449) Using 8 workers of 8 for evacuation
[2025-06-03T16:07:03.423+0530][396.729s] GC(449) Skipped phase 1 of Reference Processing: no references
[2025-06-03T16:07:03.423+0530][396.729s] GC(449) Skipped phase 2 of Reference Processing: no references
[2025-06-03T16:07:03.423+0530][396.729s] GC(449) Skipped phase 3 of Reference Processing: no references
[2025-06-03T16:07:03.423+0530][396.729s] GC(449) Skipped phase 4 of Reference Processing: no references
[2025-06-03T16:07:03.424+0530][396.730s] GC(449) To-space exhausted
[2025-06-03T16:07:03.424+0530][396.730s] GC(449)   Pre Evacuate Collection Set: 0.1ms
[2025-06-03T16:07:03.424+0530][396.730s] GC(449)   Merge Heap Roots: 0.0ms
[2025-06-03T16:07:03.424+0530][396.730s] GC(449)   Evacuate Collection Set: 0.6ms
[2025-06-03T16:07:03.424+0530][396.730s] GC(449)   Post Evacuate Collection Set: 0.6ms
[2025-06-03T16:07:03.424+0530][396.730s] GC(449)   Other: 0.2ms
[2025-06-03T16:07:03.424+0530][396.730s] GC(449) Eden regions: 1->0(25)
[2025-06-03T16:07:03.424+0530][396.730s] GC(449) Survivor regions: 1->0(0)
[2025-06-03T16:07:03.424+0530][396.730s] GC(449) Old regions: 508->510
[2025-06-03T16:07:03.424+0530][396.730s] GC(449) Archive regions: 2->2
[2025-06-03T16:07:03.424+0530][396.730s] GC(449) Humongous regions: 0->0
[2025-06-03T16:07:03.424+0530][396.730s] GC(449) Metaspace: 20303K(20992K)->20303K(20992K) NonClass: 17775K(18176K)->17775K(18176K) Class: 2527K(2816K)->2527K(2816K)
[2025-06-03T16:07:03.424+0530][396.730s] GC(449) Pause Young (Concurrent Start) (G1 Evacuation Pause) 509M->509M(512M) 1.596ms
[2025-06-03T16:07:03.424+0530][396.730s] GC(449) User=0.00s Sys=0.00s Real=0.00s
[2025-06-03T16:07:03.424+0530][396.730s] Attempting full compaction
[2025-06-03T16:07:03.424+0530][396.730s] GC(450) Concurrent Mark Cycle
[2025-06-03T16:07:03.424+0530][396.730s] GC(451) Using 8 workers of 8 for full compaction
[2025-06-03T16:07:03.424+0530][396.730s] GC(450) Concurrent Clear Claimed Marks
[2025-06-03T16:07:03.424+0530][396.730s] GC(451) Pause Full (G1 Compaction Pause)
[2025-06-03T16:07:03.424+0530][396.730s] GC(450) Concurrent Clear Claimed Marks 0.071ms
[2025-06-03T16:07:03.424+0530][396.730s] GC(450) Concurrent Scan Root Regions
[2025-06-03T16:07:03.424+0530][396.730s] GC(450) Concurrent Scan Root Regions 0.042ms
[2025-06-03T16:07:03.424+0530][396.730s] GC(450) Concurrent Mark
[2025-06-03T16:07:03.424+0530][396.730s] GC(450) Concurrent Mark From Roots
[2025-06-03T16:07:03.424+0530][396.730s] GC(450) Using 2 workers of 2 for marking
[2025-06-03T16:07:03.425+0530][396.730s] GC(451) Phase 1: Mark live objects
[2025-06-03T16:07:04.306+0530][397.612s] GC(451) ReferenceProcessor::execute queues: 8, RefProcThreadModel::Multi, marks_oops_alive: true
[2025-06-03T16:07:04.306+0530][397.612s] GC(451) ReferenceProcessor::execute queues: 2, RefProcThreadModel::Multi, marks_oops_alive: false
[2025-06-03T16:07:04.307+0530][397.613s] GC(451) Skipped phase 3 of Reference Processing: no references
[2025-06-03T16:07:04.307+0530][397.613s] GC(451) ReferenceProcessor::execute queues: 1, RefProcThreadModel::Single, marks_oops_alive: false
[2025-06-03T16:07:04.308+0530][397.614s] GC(451) Phase 1: Mark live objects 883.186ms
[2025-06-03T16:07:04.308+0530][397.614s] GC(451) Phase 2: Prepare for compaction
[2025-06-03T16:07:04.308+0530][397.614s] GC(451) Phase 2: Prepare for compaction 0.533ms
[2025-06-03T16:07:04.308+0530][397.614s] GC(451) Phase 3: Adjust pointers
[2025-06-03T16:07:04.369+0530][397.675s] GC(451) Phase 3: Adjust pointers 60.501ms
[2025-06-03T16:07:04.369+0530][397.675s] GC(451) Phase 4: Compact heap
[2025-06-03T16:07:04.369+0530][397.675s] GC(451) Phase 4: Compact heap 0.431ms
[2025-06-03T16:07:04.373+0530][397.679s] GC(451) Eden regions: 0->0(25)
[2025-06-03T16:07:04.373+0530][397.679s] GC(451) Survivor regions: 0->0(0)
[2025-06-03T16:07:04.373+0530][397.679s] GC(451) Old regions: 510->508
[2025-06-03T16:07:04.373+0530][397.679s] GC(451) Archive regions: 2->2
[2025-06-03T16:07:04.373+0530][397.679s] GC(451) Humongous regions: 0->0
[2025-06-03T16:07:04.373+0530][397.679s] GC(451) Metaspace: 20303K(20992K)->20303K(20992K) NonClass: 17775K(18176K)->17775K(18176K) Class: 2527K(2816K)->2527K(2816K)
[2025-06-03T16:07:04.373+0530][397.679s] GC(451) Pause Full (G1 Compaction Pause) 509M->508M(512M) 948.945ms
[2025-06-03T16:07:04.373+0530][397.679s] GC(451) User=2.21s Sys=0.06s Real=0.95s
[2025-06-03T16:07:04.373+0530][397.679s] GC(450) Concurrent Mark From Roots 949.248ms
[2025-06-03T16:07:04.374+0530][397.679s] GC(450) Concurrent Mark Abort
[2025-06-03T16:07:04.374+0530][397.679s] GC(450) Concurrent Mark Cycle 949.596ms
[2025-06-03T16:07:04.377+0530][397.683s] GC(452) Pause Young (Normal) (G1 Preventive Collection)
[2025-06-03T16:07:04.377+0530][397.683s] GC(452) Using 8 workers of 8 for evacuation
[2025-06-03T16:07:04.377+0530][397.683s] GC(452) Skipped phase 1 of Reference Processing: no references
[2025-06-03T16:07:04.377+0530][397.683s] GC(452) Skipped phase 2 of Reference Processing: no references
[2025-06-03T16:07:04.377+0530][397.683s] GC(452) Skipped phase 3 of Reference Processing: no references
[2025-06-03T16:07:04.377+0530][397.683s] GC(452) Skipped phase 4 of Reference Processing: no references
[2025-06-03T16:07:04.378+0530][397.684s] GC(452)   Pre Evacuate Collection Set: 0.1ms
[2025-06-03T16:07:04.378+0530][397.684s] GC(452)   Merge Heap Roots: 0.0ms
[2025-06-03T16:07:04.378+0530][397.684s] GC(452)   Evacuate Collection Set: 0.4ms
[2025-06-03T16:07:04.378+0530][397.684s] GC(452)   Post Evacuate Collection Set: 0.3ms
[2025-06-03T16:07:04.378+0530][397.684s] GC(452)   Other: 0.1ms
[2025-06-03T16:07:04.378+0530][397.684s] GC(452) Eden regions: 1->0(24)
[2025-06-03T16:07:04.378+0530][397.684s] GC(452) Survivor regions: 0->1(1)
[2025-06-03T16:07:04.378+0530][397.684s] GC(452) Old regions: 508->508
[2025-06-03T16:07:04.378+0530][397.684s] GC(452) Archive regions: 2->2
[2025-06-03T16:07:04.378+0530][397.684s] GC(452) Humongous regions: 0->0
[2025-06-03T16:07:04.378+0530][397.684s] GC(452) Metaspace: 20303K(20992K)->20303K(20992K) NonClass: 17775K(18176K)->17775K(18176K) Class: 2527K(2816K)->2527K(2816K)
[2025-06-03T16:07:04.378+0530][397.684s] GC(452) Pause Young (Normal) (G1 Preventive Collection) 509M->508M(512M) 1.058ms
[2025-06-03T16:07:04.378+0530][397.684s] GC(452) User=0.01s Sys=0.00s Real=0.00s
[2025-06-03T16:07:04.387+0530][397.693s] GC(453) Pause Young (Concurrent Start) (G1 Evacuation Pause)
[2025-06-03T16:07:04.387+0530][397.693s] GC(453) Using 8 workers of 8 for evacuation
[2025-06-03T16:07:04.388+0530][397.694s] GC(453) Skipped phase 1 of Reference Processing: no references
[2025-06-03T16:07:04.388+0530][397.694s] GC(453) Skipped phase 2 of Reference Processing: no references
[2025-06-03T16:07:04.388+0530][397.694s] GC(453) Skipped phase 3 of Reference Processing: no references
[2025-06-03T16:07:04.388+0530][397.694s] GC(453) Skipped phase 4 of Reference Processing: no references
[2025-06-03T16:07:04.388+0530][397.694s] GC(453) To-space exhausted
[2025-06-03T16:07:04.389+0530][397.694s] GC(453)   Pre Evacuate Collection Set: 0.1ms
[2025-06-03T16:07:04.389+0530][397.694s] GC(453)   Merge Heap Roots: 0.0ms
[2025-06-03T16:07:04.389+0530][397.694s] GC(453)   Evacuate Collection Set: 0.6ms
[2025-06-03T16:07:04.389+0530][397.694s] GC(453)   Post Evacuate Collection Set: 0.6ms
[2025-06-03T16:07:04.389+0530][397.694s] GC(453)   Other: 0.2ms
[2025-06-03T16:07:04.389+0530][397.694s] GC(453) Eden regions: 1->0(25)
[2025-06-03T16:07:04.389+0530][397.694s] GC(453) Survivor regions: 1->0(0)
[2025-06-03T16:07:04.389+0530][397.694s] GC(453) Old regions: 508->510
[2025-06-03T16:07:04.389+0530][397.695s] GC(453) Archive regions: 2->2
[2025-06-03T16:07:04.389+0530][397.695s] GC(453) Humongous regions: 0->0
[2025-06-03T16:07:04.389+0530][397.695s] GC(453) Metaspace: 20303K(20992K)->20303K(20992K) NonClass: 17775K(18176K)->17775K(18176K) Class: 2527K(2816K)->2527K(2816K)
[2025-06-03T16:07:04.389+0530][397.695s] GC(453) Pause Young (Concurrent Start) (G1 Evacuation Pause) 509M->509M(512M) 1.631ms
[2025-06-03T16:07:04.389+0530][397.695s] GC(453) User=0.00s Sys=0.00s Real=0.00s
[2025-06-03T16:07:04.389+0530][397.695s] Attempting full compaction
[2025-06-03T16:07:04.389+0530][397.695s] GC(454) Concurrent Mark Cycle
[2025-06-03T16:07:04.389+0530][397.695s] GC(455) Using 8 workers of 8 for full compaction
[2025-06-03T16:07:04.389+0530][397.695s] GC(454) Concurrent Clear Claimed Marks
[2025-06-03T16:07:04.389+0530][397.695s] GC(455) Pause Full (G1 Compaction Pause)
[2025-06-03T16:07:04.389+0530][397.695s] GC(454) Concurrent Clear Claimed Marks 0.072ms
[2025-06-03T16:07:04.389+0530][397.695s] GC(454) Concurrent Scan Root Regions
[2025-06-03T16:07:04.389+0530][397.695s] GC(454) Concurrent Scan Root Regions 0.043ms
[2025-06-03T16:07:04.389+0530][397.695s] GC(454) Concurrent Mark
[2025-06-03T16:07:04.389+0530][397.695s] GC(454) Concurrent Mark From Roots
[2025-06-03T16:07:04.389+0530][397.695s] GC(454) Using 2 workers of 2 for marking
[2025-06-03T16:07:04.389+0530][397.695s] GC(455) Phase 1: Mark live objects
[2025-06-03T16:07:05.258+0530][398.564s] GC(455) ReferenceProcessor::execute queues: 8, RefProcThreadModel::Multi, marks_oops_alive: true
[2025-06-03T16:07:05.259+0530][398.565s] GC(455) ReferenceProcessor::execute queues: 2, RefProcThreadModel::Multi, marks_oops_alive: false
[2025-06-03T16:07:05.259+0530][398.565s] GC(455) Skipped phase 3 of Reference Processing: no references
[2025-06-03T16:07:05.259+0530][398.565s] GC(455) ReferenceProcessor::execute queues: 1, RefProcThreadModel::Single, marks_oops_alive: false
[2025-06-03T16:07:05.260+0530][398.566s] GC(455) Phase 1: Mark live objects 870.584ms
[2025-06-03T16:07:05.260+0530][398.566s] GC(455) Phase 2: Prepare for compaction
[2025-06-03T16:07:05.261+0530][398.566s] GC(455) Phase 2: Prepare for compaction 0.561ms
[2025-06-03T16:07:05.261+0530][398.566s] GC(455) Phase 3: Adjust pointers
[2025-06-03T16:07:05.317+0530][398.623s] GC(455) Phase 3: Adjust pointers 56.069ms
[2025-06-03T16:07:05.317+0530][398.623s] GC(455) Phase 4: Compact heap
[2025-06-03T16:07:05.317+0530][398.623s] GC(455) Phase 4: Compact heap 0.333ms
[2025-06-03T16:07:05.320+0530][398.626s] GC(455) Eden regions: 0->0(25)
[2025-06-03T16:07:05.320+0530][398.626s] GC(455) Survivor regions: 0->0(0)
[2025-06-03T16:07:05.320+0530][398.626s] GC(455) Old regions: 510->508
[2025-06-03T16:07:05.320+0530][398.626s] GC(455) Archive regions: 2->2
[2025-06-03T16:07:05.320+0530][398.626s] GC(455) Humongous regions: 0->0
[2025-06-03T16:07:05.320+0530][398.626s] GC(455) Metaspace: 20303K(20992K)->20303K(20992K) NonClass: 17775K(18176K)->17775K(18176K) Class: 2527K(2816K)->2527K(2816K)
[2025-06-03T16:07:05.320+0530][398.626s] GC(455) Pause Full (G1 Compaction Pause) 509M->508M(512M) 931.305ms
[2025-06-03T16:07:05.321+0530][398.626s] GC(455) User=2.17s Sys=0.06s Real=0.94s
[2025-06-03T16:07:05.321+0530][398.627s] GC(454) Concurrent Mark From Roots 931.626ms
[2025-06-03T16:07:05.321+0530][398.627s] GC(454) Concurrent Mark Abort
[2025-06-03T16:07:05.321+0530][398.627s] GC(454) Concurrent Mark Cycle 932.006ms
[2025-06-03T16:07:05.323+0530][398.629s] GC(456) Pause Young (Normal) (G1 Preventive Collection)
[2025-06-03T16:07:05.323+0530][398.629s] GC(456) Using 8 workers of 8 for evacuation
[2025-06-03T16:07:05.324+0530][398.630s] GC(456) Skipped phase 1 of Reference Processing: no references
[2025-06-03T16:07:05.324+0530][398.630s] GC(456) Skipped phase 2 of Reference Processing: no references
[2025-06-03T16:07:05.324+0530][398.630s] GC(456) Skipped phase 3 of Reference Processing: no references
[2025-06-03T16:07:05.324+0530][398.630s] GC(456) Skipped phase 4 of Reference Processing: no references
[2025-06-03T16:07:05.324+0530][398.630s] GC(456)   Pre Evacuate Collection Set: 0.1ms
[2025-06-03T16:07:05.324+0530][398.630s] GC(456)   Merge Heap Roots: 0.1ms
[2025-06-03T16:07:05.324+0530][398.630s] GC(456)   Evacuate Collection Set: 0.4ms
[2025-06-03T16:07:05.324+0530][398.630s] GC(456)   Post Evacuate Collection Set: 0.3ms
[2025-06-03T16:07:05.324+0530][398.630s] GC(456)   Other: 0.2ms
[2025-06-03T16:07:05.324+0530][398.630s] GC(456) Eden regions: 1->0(24)
[2025-06-03T16:07:05.324+0530][398.630s] GC(456) Survivor regions: 0->1(1)
[2025-06-03T16:07:05.324+0530][398.630s] GC(456) Old regions: 508->508
[2025-06-03T16:07:05.324+0530][398.630s] GC(456) Archive regions: 2->2
[2025-06-03T16:07:05.324+0530][398.630s] GC(456) Humongous regions: 0->0
[2025-06-03T16:07:05.324+0530][398.630s] GC(456) Metaspace: 20303K(20992K)->20303K(20992K) NonClass: 17775K(18176K)->17775K(18176K) Class: 2527K(2816K)->2527K(2816K)
[2025-06-03T16:07:05.324+0530][398.630s] GC(456) Pause Young (Normal) (G1 Preventive Collection) 509M->508M(512M) 1.239ms
[2025-06-03T16:07:05.324+0530][398.630s] GC(456) User=0.01s Sys=0.00s Real=0.00s
[2025-06-03T16:07:05.328+0530][398.634s] GC(457) Pause Young (Concurrent Start) (G1 Evacuation Pause)
[2025-06-03T16:07:05.328+0530][398.634s] GC(457) Using 8 workers of 8 for evacuation
[2025-06-03T16:07:05.329+0530][398.635s] GC(457) Skipped phase 1 of Reference Processing: no references
[2025-06-03T16:07:05.329+0530][398.635s] GC(457) Skipped phase 2 of Reference Processing: no references
[2025-06-03T16:07:05.329+0530][398.635s] GC(457) Skipped phase 3 of Reference Processing: no references
[2025-06-03T16:07:05.329+0530][398.635s] GC(457) Skipped phase 4 of Reference Processing: no references
[2025-06-03T16:07:05.330+0530][398.636s] GC(457) To-space exhausted
[2025-06-03T16:07:05.330+0530][398.636s] GC(457)   Pre Evacuate Collection Set: 0.1ms
[2025-06-03T16:07:05.330+0530][398.636s] GC(457)   Merge Heap Roots: 0.0ms
[2025-06-03T16:07:05.330+0530][398.636s] GC(457)   Evacuate Collection Set: 0.7ms
[2025-06-03T16:07:05.330+0530][398.636s] GC(457)   Post Evacuate Collection Set: 0.6ms
[2025-06-03T16:07:05.330+0530][398.636s] GC(457)   Other: 0.2ms
[2025-06-03T16:07:05.330+0530][398.636s] GC(457) Eden regions: 1->0(25)
[2025-06-03T16:07:05.330+0530][398.636s] GC(457) Survivor regions: 1->0(0)
[2025-06-03T16:07:05.330+0530][398.636s] GC(457) Old regions: 508->510
[2025-06-03T16:07:05.330+0530][398.636s] GC(457) Archive regions: 2->2
[2025-06-03T16:07:05.330+0530][398.636s] GC(457) Humongous regions: 0->0
[2025-06-03T16:07:05.330+0530][398.636s] GC(457) Metaspace: 20303K(20992K)->20303K(20992K) NonClass: 17775K(18176K)->17775K(18176K) Class: 2527K(2816K)->2527K(2816K)
[2025-06-03T16:07:05.330+0530][398.636s] GC(457) Pause Young (Concurrent Start) (G1 Evacuation Pause) 509M->509M(512M) 1.711ms
[2025-06-03T16:07:05.330+0530][398.636s] GC(457) User=0.00s Sys=0.00s Real=0.01s
[2025-06-03T16:07:05.330+0530][398.636s] Attempting full compaction
[2025-06-03T16:07:05.330+0530][398.636s] GC(459) Concurrent Mark Cycle
[2025-06-03T16:07:05.330+0530][398.636s] GC(458) Using 8 workers of 8 for full compaction
[2025-06-03T16:07:05.330+0530][398.636s] GC(459) Concurrent Clear Claimed Marks
[2025-06-03T16:07:05.330+0530][398.636s] GC(458) Pause Full (G1 Compaction Pause)
[2025-06-03T16:07:05.330+0530][398.636s] GC(459) Concurrent Clear Claimed Marks 0.112ms
[2025-06-03T16:07:05.330+0530][398.636s] GC(459) Concurrent Scan Root Regions
[2025-06-03T16:07:05.331+0530][398.636s] GC(459) Concurrent Scan Root Regions 0.050ms
[2025-06-03T16:07:05.331+0530][398.636s] GC(459) Concurrent Mark
[2025-06-03T16:07:05.331+0530][398.637s] GC(459) Concurrent Mark From Roots
[2025-06-03T16:07:05.331+0530][398.637s] GC(459) Using 2 workers of 2 for marking
[2025-06-03T16:07:05.331+0530][398.637s] GC(458) Phase 1: Mark live objects
[2025-06-03T16:07:06.219+0530][399.525s] GC(458) ReferenceProcessor::execute queues: 8, RefProcThreadModel::Multi, marks_oops_alive: true
[2025-06-03T16:07:06.219+0530][399.525s] GC(458) ReferenceProcessor::execute queues: 2, RefProcThreadModel::Multi, marks_oops_alive: false
[2025-06-03T16:07:06.219+0530][399.525s] GC(458) Skipped phase 3 of Reference Processing: no references
[2025-06-03T16:07:06.219+0530][399.525s] GC(458) ReferenceProcessor::execute queues: 1, RefProcThreadModel::Single, marks_oops_alive: false
[2025-06-03T16:07:06.220+0530][399.526s] GC(458) Phase 1: Mark live objects 888.903ms
[2025-06-03T16:07:06.220+0530][399.526s] GC(458) Phase 2: Prepare for compaction
[2025-06-03T16:07:06.221+0530][399.527s] GC(458) Phase 2: Prepare for compaction 0.764ms
[2025-06-03T16:07:06.221+0530][399.527s] GC(458) Phase 3: Adjust pointers
[2025-06-03T16:07:06.280+0530][399.586s] GC(458) Phase 3: Adjust pointers 59.069ms
[2025-06-03T16:07:06.280+0530][399.586s] GC(458) Phase 4: Compact heap
[2025-06-03T16:07:06.280+0530][399.586s] GC(458) Phase 4: Compact heap 0.383ms
[2025-06-03T16:07:06.284+0530][399.590s] GC(458) Eden regions: 0->0(25)
[2025-06-03T16:07:06.284+0530][399.590s] GC(458) Survivor regions: 0->0(0)
[2025-06-03T16:07:06.284+0530][399.590s] GC(458) Old regions: 510->508
[2025-06-03T16:07:06.284+0530][399.590s] GC(458) Archive regions: 2->2
[2025-06-03T16:07:06.284+0530][399.590s] GC(458) Humongous regions: 0->0
[2025-06-03T16:07:06.284+0530][399.590s] GC(458) Metaspace: 20303K(20992K)->20303K(20992K) NonClass: 17775K(18176K)->17775K(18176K) Class: 2527K(2816K)->2527K(2816K)
[2025-06-03T16:07:06.284+0530][399.590s] GC(458) Pause Full (G1 Compaction Pause) 509M->508M(512M) 953.724ms
[2025-06-03T16:07:06.285+0530][399.590s] GC(458) User=2.22s Sys=0.07s Real=0.95s
[2025-06-03T16:07:06.285+0530][399.591s] GC(459) Concurrent Mark From Roots 954.072ms
[2025-06-03T16:07:06.285+0530][399.591s] GC(459) Concurrent Mark Abort
[2025-06-03T16:07:06.285+0530][399.591s] GC(459) Concurrent Mark Cycle 954.509ms
[2025-06-03T16:07:06.288+0530][399.594s] GC(460) Pause Young (Normal) (G1 Preventive Collection)
[2025-06-03T16:07:06.288+0530][399.594s] GC(460) Using 8 workers of 8 for evacuation
[2025-06-03T16:07:06.289+0530][399.595s] GC(460) Skipped phase 1 of Reference Processing: no references
[2025-06-03T16:07:06.289+0530][399.595s] GC(460) Skipped phase 2 of Reference Processing: no references
[2025-06-03T16:07:06.289+0530][399.595s] GC(460) Skipped phase 3 of Reference Processing: no references
[2025-06-03T16:07:06.289+0530][399.595s] GC(460) Skipped phase 4 of Reference Processing: no references
[2025-06-03T16:07:06.289+0530][399.595s] GC(460)   Pre Evacuate Collection Set: 0.1ms
[2025-06-03T16:07:06.289+0530][399.595s] GC(460)   Merge Heap Roots: 0.0ms
[2025-06-03T16:07:06.289+0530][399.595s] GC(460)   Evacuate Collection Set: 0.3ms
[2025-06-03T16:07:06.289+0530][399.595s] GC(460)   Post Evacuate Collection Set: 0.3ms
[2025-06-03T16:07:06.289+0530][399.595s] GC(460)   Other: 0.2ms
[2025-06-03T16:07:06.289+0530][399.595s] GC(460) Eden regions: 1->0(24)
[2025-06-03T16:07:06.289+0530][399.595s] GC(460) Survivor regions: 0->1(1)
[2025-06-03T16:07:06.289+0530][399.595s] GC(460) Old regions: 508->508
[2025-06-03T16:07:06.289+0530][399.595s] GC(460) Archive regions: 2->2
[2025-06-03T16:07:06.289+0530][399.595s] GC(460) Humongous regions: 0->0
[2025-06-03T16:07:06.289+0530][399.595s] GC(460) Metaspace: 20303K(20992K)->20303K(20992K) NonClass: 17775K(18176K)->17775K(18176K) Class: 2527K(2816K)->2527K(2816K)
[2025-06-03T16:07:06.289+0530][399.595s] GC(460) Pause Young (Normal) (G1 Preventive Collection) 509M->508M(512M) 1.056ms
[2025-06-03T16:07:06.289+0530][399.595s] GC(460) User=0.00s Sys=0.00s Real=0.00s
[2025-06-03T16:07:06.302+0530][399.608s] GC(461) Pause Young (Concurrent Start) (G1 Evacuation Pause)
[2025-06-03T16:07:06.302+0530][399.608s] GC(461) Using 8 workers of 8 for evacuation
[2025-06-03T16:07:06.303+0530][399.609s] GC(461) Skipped phase 1 of Reference Processing: no references
[2025-06-03T16:07:06.303+0530][399.609s] GC(461) Skipped phase 2 of Reference Processing: no references
[2025-06-03T16:07:06.303+0530][399.609s] GC(461) Skipped phase 3 of Reference Processing: no references
[2025-06-03T16:07:06.303+0530][399.609s] GC(461) Skipped phase 4 of Reference Processing: no references
[2025-06-03T16:07:06.303+0530][399.609s] GC(461) To-space exhausted
[2025-06-03T16:07:06.303+0530][399.609s] GC(461)   Pre Evacuate Collection Set: 0.1ms
[2025-06-03T16:07:06.304+0530][399.609s] GC(461)   Merge Heap Roots: 0.0ms
[2025-06-03T16:07:06.304+0530][399.609s] GC(461)   Evacuate Collection Set: 0.6ms
[2025-06-03T16:07:06.304+0530][399.609s] GC(461)   Post Evacuate Collection Set: 0.6ms
[2025-06-03T16:07:06.304+0530][399.609s] GC(461)   Other: 0.2ms
[2025-06-03T16:07:06.304+0530][399.609s] GC(461) Eden regions: 1->0(25)
[2025-06-03T16:07:06.304+0530][399.610s] GC(461) Survivor regions: 1->0(0)
[2025-06-03T16:07:06.304+0530][399.610s] GC(461) Old regions: 508->510
[2025-06-03T16:07:06.304+0530][399.610s] GC(461) Archive regions: 2->2
[2025-06-03T16:07:06.304+0530][399.610s] GC(461) Humongous regions: 0->0
[2025-06-03T16:07:06.304+0530][399.610s] GC(461) Metaspace: 20303K(20992K)->20303K(20992K) NonClass: 17775K(18176K)->17775K(18176K) Class: 2527K(2816K)->2527K(2816K)
[2025-06-03T16:07:06.304+0530][399.610s] GC(461) Pause Young (Concurrent Start) (G1 Evacuation Pause) 509M->509M(512M) 1.645ms
[2025-06-03T16:07:06.304+0530][399.610s] GC(461) User=0.01s Sys=0.00s Real=0.00s
[2025-06-03T16:07:06.304+0530][399.610s] Attempting full compaction
[2025-06-03T16:07:06.304+0530][399.610s] GC(463) Concurrent Mark Cycle
[2025-06-03T16:07:06.304+0530][399.610s] GC(462) Using 8 workers of 8 for full compaction
[2025-06-03T16:07:06.304+0530][399.610s] GC(463) Concurrent Clear Claimed Marks
[2025-06-03T16:07:06.304+0530][399.610s] GC(462) Pause Full (G1 Compaction Pause)
[2025-06-03T16:07:06.304+0530][399.610s] GC(463) Concurrent Clear Claimed Marks 0.060ms
[2025-06-03T16:07:06.304+0530][399.610s] GC(463) Concurrent Scan Root Regions
[2025-06-03T16:07:06.304+0530][399.610s] GC(463) Concurrent Scan Root Regions 0.062ms
[2025-06-03T16:07:06.304+0530][399.610s] GC(463) Concurrent Mark
[2025-06-03T16:07:06.304+0530][399.610s] GC(463) Concurrent Mark From Roots
[2025-06-03T16:07:06.304+0530][399.610s] GC(463) Using 2 workers of 2 for marking
[2025-06-03T16:07:06.305+0530][399.611s] GC(462) Phase 1: Mark live objects
[2025-06-03T16:07:07.191+0530][400.497s] GC(462) ReferenceProcessor::execute queues: 8, RefProcThreadModel::Multi, marks_oops_alive: true
[2025-06-03T16:07:07.191+0530][400.497s] GC(462) ReferenceProcessor::execute queues: 2, RefProcThreadModel::Multi, marks_oops_alive: false
[2025-06-03T16:07:07.191+0530][400.497s] GC(462) Skipped phase 3 of Reference Processing: no references
[2025-06-03T16:07:07.191+0530][400.497s] GC(462) ReferenceProcessor::execute queues: 1, RefProcThreadModel::Single, marks_oops_alive: false
[2025-06-03T16:07:07.192+0530][400.498s] GC(462) Phase 1: Mark live objects 887.665ms
[2025-06-03T16:07:07.192+0530][400.498s] GC(462) Phase 2: Prepare for compaction
[2025-06-03T16:07:07.193+0530][400.499s] GC(462) Phase 2: Prepare for compaction 0.865ms
[2025-06-03T16:07:07.193+0530][400.499s] GC(462) Phase 3: Adjust pointers
[2025-06-03T16:07:07.253+0530][400.559s] GC(462) Phase 3: Adjust pointers 59.586ms
[2025-06-03T16:07:07.253+0530][400.559s] GC(462) Phase 4: Compact heap
[2025-06-03T16:07:07.253+0530][400.559s] GC(462) Phase 4: Compact heap 0.456ms
[2025-06-03T16:07:07.257+0530][400.563s] GC(462) Eden regions: 0->0(25)
[2025-06-03T16:07:07.257+0530][400.563s] GC(462) Survivor regions: 0->0(0)
[2025-06-03T16:07:07.257+0530][400.563s] GC(462) Old regions: 510->508
[2025-06-03T16:07:07.257+0530][400.563s] GC(462) Archive regions: 2->2
[2025-06-03T16:07:07.257+0530][400.563s] GC(462) Humongous regions: 0->0
[2025-06-03T16:07:07.257+0530][400.563s] GC(462) Metaspace: 20303K(20992K)->20303K(20992K) NonClass: 17775K(18176K)->17775K(18176K) Class: 2527K(2816K)->2527K(2816K)
[2025-06-03T16:07:07.257+0530][400.563s] GC(462) Pause Full (G1 Compaction Pause) 509M->508M(512M) 953.396ms
[2025-06-03T16:07:07.258+0530][400.564s] GC(462) User=2.23s Sys=0.07s Real=0.95s
[2025-06-03T16:07:07.258+0530][400.564s] GC(463) Concurrent Mark From Roots 953.636ms
[2025-06-03T16:07:07.258+0530][400.564s] GC(463) Concurrent Mark Abort
[2025-06-03T16:07:07.258+0530][400.564s] GC(463) Concurrent Mark Cycle 954.038ms
[2025-06-03T16:07:07.262+0530][400.568s] GC(464) Pause Young (Normal) (G1 Preventive Collection)
[2025-06-03T16:07:07.262+0530][400.568s] GC(464) Using 8 workers of 8 for evacuation
[2025-06-03T16:07:07.262+0530][400.568s] GC(464) Skipped phase 1 of Reference Processing: no references
[2025-06-03T16:07:07.262+0530][400.568s] GC(464) Skipped phase 2 of Reference Processing: no references
[2025-06-03T16:07:07.262+0530][400.568s] GC(464) Skipped phase 3 of Reference Processing: no references
[2025-06-03T16:07:07.262+0530][400.568s] GC(464) Skipped phase 4 of Reference Processing: no references
[2025-06-03T16:07:07.262+0530][400.568s] GC(464)   Pre Evacuate Collection Set: 0.1ms
[2025-06-03T16:07:07.262+0530][400.568s] GC(464)   Merge Heap Roots: 0.0ms
[2025-06-03T16:07:07.262+0530][400.568s] GC(464)   Evacuate Collection Set: 0.3ms
[2025-06-03T16:07:07.262+0530][400.568s] GC(464)   Post Evacuate Collection Set: 0.3ms
[2025-06-03T16:07:07.262+0530][400.568s] GC(464)   Other: 0.1ms
[2025-06-03T16:07:07.262+0530][400.568s] GC(464) Eden regions: 1->0(24)
[2025-06-03T16:07:07.262+0530][400.568s] GC(464) Survivor regions: 0->1(1)
[2025-06-03T16:07:07.262+0530][400.568s] GC(464) Old regions: 508->508
[2025-06-03T16:07:07.262+0530][400.568s] GC(464) Archive regions: 2->2
[2025-06-03T16:07:07.263+0530][400.568s] GC(464) Humongous regions: 0->0
[2025-06-03T16:07:07.263+0530][400.568s] GC(464) Metaspace: 20303K(20992K)->20303K(20992K) NonClass: 17775K(18176K)->17775K(18176K) Class: 2527K(2816K)->2527K(2816K)
[2025-06-03T16:07:07.263+0530][400.568s] GC(464) Pause Young (Normal) (G1 Preventive Collection) 509M->508M(512M) 0.921ms
[2025-06-03T16:07:07.263+0530][400.569s] GC(464) User=0.01s Sys=0.00s Real=0.00s
[2025-06-03T16:07:07.274+0530][400.580s] GC(465) Pause Young (Concurrent Start) (G1 Evacuation Pause)
[2025-06-03T16:07:07.274+0530][400.580s] GC(465) Using 8 workers of 8 for evacuation
[2025-06-03T16:07:07.275+0530][400.581s] GC(465) Skipped phase 1 of Reference Processing: no references
[2025-06-03T16:07:07.275+0530][400.581s] GC(465) Skipped phase 2 of Reference Processing: no references
[2025-06-03T16:07:07.275+0530][400.581s] GC(465) Skipped phase 3 of Reference Processing: no references
[2025-06-03T16:07:07.275+0530][400.581s] GC(465) Skipped phase 4 of Reference Processing: no references
[2025-06-03T16:07:07.276+0530][400.582s] GC(465) To-space exhausted
[2025-06-03T16:07:07.276+0530][400.582s] GC(465)   Pre Evacuate Collection Set: 0.1ms
[2025-06-03T16:07:07.276+0530][400.582s] GC(465)   Merge Heap Roots: 0.0ms
[2025-06-03T16:07:07.276+0530][400.582s] GC(465)   Evacuate Collection Set: 0.6ms
[2025-06-03T16:07:07.276+0530][400.582s] GC(465)   Post Evacuate Collection Set: 0.6ms
[2025-06-03T16:07:07.276+0530][400.582s] GC(465)   Other: 0.2ms
[2025-06-03T16:07:07.276+0530][400.582s] GC(465) Eden regions: 1->0(25)
[2025-06-03T16:07:07.276+0530][400.582s] GC(465) Survivor regions: 1->0(0)
[2025-06-03T16:07:07.276+0530][400.582s] GC(465) Old regions: 508->510
[2025-06-03T16:07:07.276+0530][400.582s] GC(465) Archive regions: 2->2
[2025-06-03T16:07:07.276+0530][400.582s] GC(465) Humongous regions: 0->0
[2025-06-03T16:07:07.276+0530][400.582s] GC(465) Metaspace: 20303K(20992K)->20303K(20992K) NonClass: 17775K(18176K)->17775K(18176K) Class: 2527K(2816K)->2527K(2816K)
[2025-06-03T16:07:07.276+0530][400.582s] GC(465) Pause Young (Concurrent Start) (G1 Evacuation Pause) 509M->509M(512M) 1.612ms
[2025-06-03T16:07:07.276+0530][400.582s] GC(465) User=0.00s Sys=0.00s Real=0.00s
[2025-06-03T16:07:07.276+0530][400.582s] Attempting full compaction
[2025-06-03T16:07:07.276+0530][400.582s] GC(467) Concurrent Mark Cycle
[2025-06-03T16:07:07.276+0530][400.582s] GC(466) Using 8 workers of 8 for full compaction
[2025-06-03T16:07:07.276+0530][400.582s] GC(467) Concurrent Clear Claimed Marks
[2025-06-03T16:07:07.276+0530][400.582s] GC(466) Pause Full (G1 Compaction Pause)
[2025-06-03T16:07:07.276+0530][400.582s] GC(467) Concurrent Clear Claimed Marks 0.056ms
[2025-06-03T16:07:07.276+0530][400.582s] GC(467) Concurrent Scan Root Regions
[2025-06-03T16:07:07.276+0530][400.582s] GC(467) Concurrent Scan Root Regions 0.027ms
[2025-06-03T16:07:07.276+0530][400.582s] GC(467) Concurrent Mark
[2025-06-03T16:07:07.276+0530][400.582s] GC(467) Concurrent Mark From Roots
[2025-06-03T16:07:07.276+0530][400.582s] GC(467) Using 2 workers of 2 for marking
[2025-06-03T16:07:07.277+0530][400.583s] GC(466) Phase 1: Mark live objects
[2025-06-03T16:07:08.185+0530][401.490s] GC(466) ReferenceProcessor::execute queues: 8, RefProcThreadModel::Multi, marks_oops_alive: true
[2025-06-03T16:07:08.185+0530][401.491s] GC(466) ReferenceProcessor::execute queues: 2, RefProcThreadModel::Multi, marks_oops_alive: false
[2025-06-03T16:07:08.185+0530][401.491s] GC(466) Skipped phase 3 of Reference Processing: no references
[2025-06-03T16:07:08.185+0530][401.491s] GC(466) ReferenceProcessor::execute queues: 1, RefProcThreadModel::Single, marks_oops_alive: false
[2025-06-03T16:07:08.186+0530][401.492s] GC(466) Phase 1: Mark live objects 909.192ms
[2025-06-03T16:07:08.186+0530][401.492s] GC(466) Phase 2: Prepare for compaction
[2025-06-03T16:07:08.187+0530][401.493s] GC(466) Phase 2: Prepare for compaction 0.901ms
[2025-06-03T16:07:08.187+0530][401.493s] GC(466) Phase 3: Adjust pointers
[2025-06-03T16:07:08.245+0530][401.551s] GC(466) Phase 3: Adjust pointers 58.369ms
[2025-06-03T16:07:08.245+0530][401.551s] GC(466) Phase 4: Compact heap
[2025-06-03T16:07:08.246+0530][401.552s] GC(466) Phase 4: Compact heap 0.442ms
[2025-06-03T16:07:08.249+0530][401.555s] GC(466) Eden regions: 0->0(25)
[2025-06-03T16:07:08.250+0530][401.555s] GC(466) Survivor regions: 0->0(0)
[2025-06-03T16:07:08.250+0530][401.555s] GC(466) Old regions: 510->508
[2025-06-03T16:07:08.250+0530][401.556s] GC(466) Archive regions: 2->2
[2025-06-03T16:07:08.250+0530][401.556s] GC(466) Humongous regions: 0->0
[2025-06-03T16:07:08.250+0530][401.556s] GC(466) Metaspace: 20303K(20992K)->20303K(20992K) NonClass: 17775K(18176K)->17775K(18176K) Class: 2527K(2816K)->2527K(2816K)
[2025-06-03T16:07:08.250+0530][401.556s] GC(466) Pause Full (G1 Compaction Pause) 509M->508M(512M) 973.531ms
[2025-06-03T16:07:08.250+0530][401.556s] GC(466) User=2.27s Sys=0.07s Real=0.98s
[2025-06-03T16:07:08.250+0530][401.556s] GC(467) Concurrent Mark From Roots 973.990ms
[2025-06-03T16:07:08.250+0530][401.556s] GC(467) Concurrent Mark Abort
[2025-06-03T16:07:08.250+0530][401.556s] GC(467) Concurrent Mark Cycle 974.314ms
[2025-06-03T16:07:08.255+0530][401.561s] GC(468) Pause Young (Normal) (G1 Preventive Collection)
[2025-06-03T16:07:08.255+0530][401.561s] GC(468) Using 8 workers of 8 for evacuation
[2025-06-03T16:07:08.255+0530][401.561s] GC(468) Skipped phase 1 of Reference Processing: no references
[2025-06-03T16:07:08.255+0530][401.561s] GC(468) Skipped phase 2 of Reference Processing: no references
[2025-06-03T16:07:08.255+0530][401.561s] GC(468) Skipped phase 3 of Reference Processing: no references
[2025-06-03T16:07:08.255+0530][401.561s] GC(468) Skipped phase 4 of Reference Processing: no references
[2025-06-03T16:07:08.256+0530][401.562s] GC(468)   Pre Evacuate Collection Set: 0.1ms
[2025-06-03T16:07:08.256+0530][401.562s] GC(468)   Merge Heap Roots: 0.0ms
[2025-06-03T16:07:08.256+0530][401.562s] GC(468)   Evacuate Collection Set: 0.3ms
[2025-06-03T16:07:08.256+0530][401.562s] GC(468)   Post Evacuate Collection Set: 0.3ms
[2025-06-03T16:07:08.256+0530][401.562s] GC(468)   Other: 0.2ms
[2025-06-03T16:07:08.256+0530][401.562s] GC(468) Eden regions: 1->0(24)
[2025-06-03T16:07:08.256+0530][401.562s] GC(468) Survivor regions: 0->1(1)
[2025-06-03T16:07:08.256+0530][401.562s] GC(468) Old regions: 508->508
[2025-06-03T16:07:08.256+0530][401.562s] GC(468) Archive regions: 2->2
[2025-06-03T16:07:08.256+0530][401.562s] GC(468) Humongous regions: 0->0
[2025-06-03T16:07:08.256+0530][401.562s] GC(468) Metaspace: 20303K(20992K)->20303K(20992K) NonClass: 17775K(18176K)->17775K(18176K) Class: 2527K(2816K)->2527K(2816K)
[2025-06-03T16:07:08.256+0530][401.562s] GC(468) Pause Young (Normal) (G1 Preventive Collection) 509M->508M(512M) 0.901ms
[2025-06-03T16:07:08.256+0530][401.562s] GC(468) User=0.00s Sys=0.00s Real=0.00s
[2025-06-03T16:07:08.269+0530][401.575s] GC(469) Pause Young (Concurrent Start) (G1 Evacuation Pause)
[2025-06-03T16:07:08.269+0530][401.575s] GC(469) Using 8 workers of 8 for evacuation
[2025-06-03T16:07:08.269+0530][401.575s] GC(469) Skipped phase 1 of Reference Processing: no references
[2025-06-03T16:07:08.269+0530][401.575s] GC(469) Skipped phase 2 of Reference Processing: no references
[2025-06-03T16:07:08.270+0530][401.575s] GC(469) Skipped phase 3 of Reference Processing: no references
[2025-06-03T16:07:08.270+0530][401.576s] GC(469) Skipped phase 4 of Reference Processing: no references
[2025-06-03T16:07:08.270+0530][401.576s] GC(469) To-space exhausted
[2025-06-03T16:07:08.270+0530][401.576s] GC(469)   Pre Evacuate Collection Set: 0.1ms
[2025-06-03T16:07:08.270+0530][401.576s] GC(469)   Merge Heap Roots: 0.0ms
[2025-06-03T16:07:08.270+0530][401.576s] GC(469)   Evacuate Collection Set: 0.6ms
[2025-06-03T16:07:08.270+0530][401.576s] GC(469)   Post Evacuate Collection Set: 0.7ms
[2025-06-03T16:07:08.270+0530][401.576s] GC(469)   Other: 0.2ms
[2025-06-03T16:07:08.270+0530][401.576s] GC(469) Eden regions: 1->0(25)
[2025-06-03T16:07:08.270+0530][401.576s] GC(469) Survivor regions: 1->0(0)
[2025-06-03T16:07:08.270+0530][401.576s] GC(469) Old regions: 508->510
[2025-06-03T16:07:08.270+0530][401.576s] GC(469) Archive regions: 2->2
[2025-06-03T16:07:08.270+0530][401.576s] GC(469) Humongous regions: 0->0
[2025-06-03T16:07:08.270+0530][401.576s] GC(469) Metaspace: 20303K(20992K)->20303K(20992K) NonClass: 17775K(18176K)->17775K(18176K) Class: 2527K(2816K)->2527K(2816K)
[2025-06-03T16:07:08.270+0530][401.576s] GC(469) Pause Young (Concurrent Start) (G1 Evacuation Pause) 509M->509M(512M) 1.684ms
[2025-06-03T16:07:08.270+0530][401.576s] GC(469) User=0.00s Sys=0.00s Real=0.01s
[2025-06-03T16:07:08.270+0530][401.576s] Attempting full compaction
[2025-06-03T16:07:08.270+0530][401.576s] GC(470) Concurrent Mark Cycle
[2025-06-03T16:07:08.270+0530][401.576s] GC(471) Using 8 workers of 8 for full compaction
[2025-06-03T16:07:08.270+0530][401.576s] GC(470) Concurrent Clear Claimed Marks
[2025-06-03T16:07:08.270+0530][401.576s] GC(471) Pause Full (G1 Compaction Pause)
[2025-06-03T16:07:08.270+0530][401.576s] GC(470) Concurrent Clear Claimed Marks 0.061ms
[2025-06-03T16:07:08.271+0530][401.577s] GC(470) Concurrent Scan Root Regions
[2025-06-03T16:07:08.271+0530][401.577s] GC(470) Concurrent Scan Root Regions 0.050ms
[2025-06-03T16:07:08.271+0530][401.577s] GC(470) Concurrent Mark
[2025-06-03T16:07:08.271+0530][401.577s] GC(470) Concurrent Mark From Roots
[2025-06-03T16:07:08.271+0530][401.577s] GC(470) Using 2 workers of 2 for marking
[2025-06-03T16:07:08.271+0530][401.577s] GC(471) Phase 1: Mark live objects
[2025-06-03T16:07:09.153+0530][402.459s] GC(471) ReferenceProcessor::execute queues: 8, RefProcThreadModel::Multi, marks_oops_alive: true
[2025-06-03T16:07:09.154+0530][402.460s] GC(471) ReferenceProcessor::execute queues: 2, RefProcThreadModel::Multi, marks_oops_alive: false
[2025-06-03T16:07:09.154+0530][402.460s] GC(471) Skipped phase 3 of Reference Processing: no references
[2025-06-03T16:07:09.154+0530][402.460s] GC(471) ReferenceProcessor::execute queues: 1, RefProcThreadModel::Single, marks_oops_alive: false
[2025-06-03T16:07:09.155+0530][402.461s] GC(471) Phase 1: Mark live objects 883.708ms
[2025-06-03T16:07:09.155+0530][402.461s] GC(471) Phase 2: Prepare for compaction
[2025-06-03T16:07:09.155+0530][402.461s] GC(471) Phase 2: Prepare for compaction 0.601ms
[2025-06-03T16:07:09.155+0530][402.461s] GC(471) Phase 3: Adjust pointers
[2025-06-03T16:07:09.215+0530][402.521s] GC(471) Phase 3: Adjust pointers 59.413ms
[2025-06-03T16:07:09.215+0530][402.521s] GC(471) Phase 4: Compact heap
[2025-06-03T16:07:09.215+0530][402.521s] GC(471) Phase 4: Compact heap 0.475ms
[2025-06-03T16:07:09.220+0530][402.526s] GC(471) Eden regions: 0->0(25)
[2025-06-03T16:07:09.220+0530][402.526s] GC(471) Survivor regions: 0->0(0)
[2025-06-03T16:07:09.220+0530][402.526s] GC(471) Old regions: 510->508
[2025-06-03T16:07:09.220+0530][402.526s] GC(471) Archive regions: 2->2
[2025-06-03T16:07:09.220+0530][402.526s] GC(471) Humongous regions: 0->0
[2025-06-03T16:07:09.220+0530][402.526s] GC(471) Metaspace: 20303K(20992K)->20303K(20992K) NonClass: 17775K(18176K)->17775K(18176K) Class: 2527K(2816K)->2527K(2816K)
[2025-06-03T16:07:09.220+0530][402.526s] GC(471) Pause Full (G1 Compaction Pause) 509M->508M(512M) 949.315ms
[2025-06-03T16:07:09.220+0530][402.526s] GC(471) User=2.22s Sys=0.07s Real=0.95s
[2025-06-03T16:07:09.220+0530][402.526s] GC(470) Concurrent Mark From Roots 949.342ms
[2025-06-03T16:07:09.220+0530][402.526s] GC(470) Concurrent Mark Abort
[2025-06-03T16:07:09.220+0530][402.526s] GC(470) Concurrent Mark Cycle 950.055ms
[2025-06-03T16:07:09.223+0530][402.529s] GC(472) Pause Young (Normal) (G1 Preventive Collection)
[2025-06-03T16:07:09.223+0530][402.529s] GC(472) Using 8 workers of 8 for evacuation
[2025-06-03T16:07:09.223+0530][402.529s] GC(472) Skipped phase 1 of Reference Processing: no references
[2025-06-03T16:07:09.224+0530][402.529s] GC(472) Skipped phase 2 of Reference Processing: no references
[2025-06-03T16:07:09.224+0530][402.530s] GC(472) Skipped phase 3 of Reference Processing: no references
[2025-06-03T16:07:09.224+0530][402.530s] GC(472) Skipped phase 4 of Reference Processing: no references
[2025-06-03T16:07:09.224+0530][402.530s] GC(472)   Pre Evacuate Collection Set: 0.1ms
[2025-06-03T16:07:09.224+0530][402.530s] GC(472)   Merge Heap Roots: 0.0ms
[2025-06-03T16:07:09.224+0530][402.530s] GC(472)   Evacuate Collection Set: 0.4ms
[2025-06-03T16:07:09.224+0530][402.530s] GC(472)   Post Evacuate Collection Set: 0.3ms
[2025-06-03T16:07:09.224+0530][402.530s] GC(472)   Other: 0.1ms
[2025-06-03T16:07:09.224+0530][402.530s] GC(472) Eden regions: 1->0(24)
[2025-06-03T16:07:09.224+0530][402.530s] GC(472) Survivor regions: 0->1(1)
[2025-06-03T16:07:09.224+0530][402.530s] GC(472) Old regions: 508->508
[2025-06-03T16:07:09.224+0530][402.530s] GC(472) Archive regions: 2->2
[2025-06-03T16:07:09.224+0530][402.530s] GC(472) Humongous regions: 0->0
[2025-06-03T16:07:09.224+0530][402.530s] GC(472) Metaspace: 20303K(20992K)->20303K(20992K) NonClass: 17775K(18176K)->17775K(18176K) Class: 2527K(2816K)->2527K(2816K)
[2025-06-03T16:07:09.224+0530][402.530s] GC(472) Pause Young (Normal) (G1 Preventive Collection) 509M->509M(512M) 1.036ms
[2025-06-03T16:07:09.224+0530][402.530s] GC(472) User=0.01s Sys=0.00s Real=0.00s
[2025-06-03T16:07:09.230+0530][402.536s] GC(473) Pause Young (Concurrent Start) (G1 Evacuation Pause)
[2025-06-03T16:07:09.230+0530][402.536s] GC(473) Using 8 workers of 8 for evacuation
[2025-06-03T16:07:09.231+0530][402.537s] GC(473) Skipped phase 1 of Reference Processing: no references
[2025-06-03T16:07:09.231+0530][402.537s] GC(473) Skipped phase 2 of Reference Processing: no references
[2025-06-03T16:07:09.231+0530][402.537s] GC(473) Skipped phase 3 of Reference Processing: no references
[2025-06-03T16:07:09.231+0530][402.537s] GC(473) Skipped phase 4 of Reference Processing: no references
[2025-06-03T16:07:09.231+0530][402.537s] GC(473) To-space exhausted
[2025-06-03T16:07:09.231+0530][402.537s] GC(473)   Pre Evacuate Collection Set: 0.1ms
[2025-06-03T16:07:09.231+0530][402.537s] GC(473)   Merge Heap Roots: 0.1ms
[2025-06-03T16:07:09.231+0530][402.537s] GC(473)   Evacuate Collection Set: 0.6ms
[2025-06-03T16:07:09.231+0530][402.537s] GC(473)   Post Evacuate Collection Set: 0.5ms
[2025-06-03T16:07:09.231+0530][402.537s] GC(473)   Other: 0.2ms
[2025-06-03T16:07:09.231+0530][402.537s] GC(473) Eden regions: 1->0(25)
[2025-06-03T16:07:09.231+0530][402.537s] GC(473) Survivor regions: 1->0(0)
[2025-06-03T16:07:09.231+0530][402.537s] GC(473) Old regions: 508->510
[2025-06-03T16:07:09.231+0530][402.537s] GC(473) Archive regions: 2->2
[2025-06-03T16:07:09.231+0530][402.537s] GC(473) Humongous regions: 0->0
[2025-06-03T16:07:09.231+0530][402.537s] GC(473) Metaspace: 20303K(20992K)->20303K(20992K) NonClass: 17775K(18176K)->17775K(18176K) Class: 2527K(2816K)->2527K(2816K)
[2025-06-03T16:07:09.231+0530][402.537s] GC(473) Pause Young (Concurrent Start) (G1 Evacuation Pause) 510M->510M(512M) 1.524ms
[2025-06-03T16:07:09.231+0530][402.537s] GC(473) User=0.00s Sys=0.00s Real=0.00s
[2025-06-03T16:07:09.231+0530][402.537s] Attempting full compaction
[2025-06-03T16:07:09.231+0530][402.537s] GC(474) Concurrent Mark Cycle
[2025-06-03T16:07:09.231+0530][402.537s] GC(475) Using 8 workers of 8 for full compaction
[2025-06-03T16:07:09.231+0530][402.537s] GC(474) Concurrent Clear Claimed Marks
[2025-06-03T16:07:09.232+0530][402.537s] GC(475) Pause Full (G1 Compaction Pause)
[2025-06-03T16:07:09.232+0530][402.538s] GC(474) Concurrent Clear Claimed Marks 0.134ms
[2025-06-03T16:07:09.232+0530][402.538s] GC(474) Concurrent Scan Root Regions
[2025-06-03T16:07:09.232+0530][402.538s] GC(474) Concurrent Scan Root Regions 0.045ms
[2025-06-03T16:07:09.232+0530][402.538s] GC(474) Concurrent Mark
[2025-06-03T16:07:09.232+0530][402.538s] GC(474) Concurrent Mark From Roots
[2025-06-03T16:07:09.232+0530][402.538s] GC(474) Using 2 workers of 2 for marking
[2025-06-03T16:07:09.232+0530][402.538s] GC(475) Phase 1: Mark live objects
[2025-06-03T16:07:10.123+0530][403.429s] GC(475) ReferenceProcessor::execute queues: 8, RefProcThreadModel::Multi, marks_oops_alive: true
[2025-06-03T16:07:10.123+0530][403.429s] GC(475) ReferenceProcessor::execute queues: 2, RefProcThreadModel::Multi, marks_oops_alive: false
[2025-06-03T16:07:10.123+0530][403.429s] GC(475) Skipped phase 3 of Reference Processing: no references
[2025-06-03T16:07:10.123+0530][403.429s] GC(475) ReferenceProcessor::execute queues: 1, RefProcThreadModel::Single, marks_oops_alive: false
[2025-06-03T16:07:10.124+0530][403.430s] GC(475) Phase 1: Mark live objects 892.016ms
[2025-06-03T16:07:10.124+0530][403.430s] GC(475) Phase 2: Prepare for compaction
[2025-06-03T16:07:10.125+0530][403.431s] GC(475) Phase 2: Prepare for compaction 0.974ms
[2025-06-03T16:07:10.125+0530][403.431s] GC(475) Phase 3: Adjust pointers
[2025-06-03T16:07:10.185+0530][403.491s] GC(475) Phase 3: Adjust pointers 59.594ms
[2025-06-03T16:07:10.185+0530][403.491s] GC(475) Phase 4: Compact heap
[2025-06-03T16:07:10.185+0530][403.491s] GC(475) Phase 4: Compact heap 0.497ms
[2025-06-03T16:07:10.189+0530][403.495s] GC(475) Eden regions: 0->0(25)
[2025-06-03T16:07:10.189+0530][403.495s] GC(475) Survivor regions: 0->0(0)
[2025-06-03T16:07:10.189+0530][403.495s] GC(475) Old regions: 510->508
[2025-06-03T16:07:10.189+0530][403.495s] GC(475) Archive regions: 2->2
[2025-06-03T16:07:10.189+0530][403.495s] GC(475) Humongous regions: 0->0
[2025-06-03T16:07:10.189+0530][403.495s] GC(475) Metaspace: 20303K(20992K)->20303K(20992K) NonClass: 17775K(18176K)->17775K(18176K) Class: 2527K(2816K)->2527K(2816K)
[2025-06-03T16:07:10.189+0530][403.495s] GC(475) Pause Full (G1 Compaction Pause) 510M->508M(512M) 957.304ms
[2025-06-03T16:07:10.189+0530][403.495s] GC(475) User=2.23s Sys=0.07s Real=0.95s
[2025-06-03T16:07:10.189+0530][403.495s] GC(474) Concurrent Mark From Roots 957.506ms
[2025-06-03T16:07:10.189+0530][403.495s] GC(474) Concurrent Mark Abort
[2025-06-03T16:07:10.189+0530][403.495s] GC(474) Concurrent Mark Cycle 958.002ms
[2025-06-03T16:07:10.193+0530][403.499s] GC(476) Pause Young (Normal) (G1 Preventive Collection)
[2025-06-03T16:07:10.193+0530][403.499s] GC(476) Using 8 workers of 8 for evacuation
[2025-06-03T16:07:10.194+0530][403.500s] GC(476) Skipped phase 1 of Reference Processing: no references
[2025-06-03T16:07:10.194+0530][403.500s] GC(476) Skipped phase 2 of Reference Processing: no references
[2025-06-03T16:07:10.194+0530][403.500s] GC(476) Skipped phase 3 of Reference Processing: no references
[2025-06-03T16:07:10.194+0530][403.500s] GC(476) Skipped phase 4 of Reference Processing: no references
[2025-06-03T16:07:10.194+0530][403.500s] GC(476)   Pre Evacuate Collection Set: 0.1ms
[2025-06-03T16:07:10.194+0530][403.500s] GC(476)   Merge Heap Roots: 0.0ms
[2025-06-03T16:07:10.194+0530][403.500s] GC(476)   Evacuate Collection Set: 0.3ms
[2025-06-03T16:07:10.194+0530][403.500s] GC(476)   Post Evacuate Collection Set: 0.3ms
[2025-06-03T16:07:10.194+0530][403.500s] GC(476)   Other: 0.1ms
[2025-06-03T16:07:10.194+0530][403.500s] GC(476) Eden regions: 1->0(24)
[2025-06-03T16:07:10.194+0530][403.500s] GC(476) Survivor regions: 0->1(1)
[2025-06-03T16:07:10.194+0530][403.500s] GC(476) Old regions: 508->508
[2025-06-03T16:07:10.194+0530][403.500s] GC(476) Archive regions: 2->2
[2025-06-03T16:07:10.194+0530][403.500s] GC(476) Humongous regions: 0->0
[2025-06-03T16:07:10.194+0530][403.500s] GC(476) Metaspace: 20303K(20992K)->20303K(20992K) NonClass: 17775K(18176K)->17775K(18176K) Class: 2527K(2816K)->2527K(2816K)
[2025-06-03T16:07:10.194+0530][403.500s] GC(476) Pause Young (Normal) (G1 Preventive Collection) 509M->508M(512M) 1.036ms
[2025-06-03T16:07:10.194+0530][403.500s] GC(476) User=0.00s Sys=0.00s Real=0.00s
[2025-06-03T16:07:10.206+0530][403.512s] GC(477) Pause Young (Concurrent Start) (G1 Evacuation Pause)
[2025-06-03T16:07:10.206+0530][403.512s] GC(477) Using 8 workers of 8 for evacuation
[2025-06-03T16:07:10.207+0530][403.513s] GC(477) Skipped phase 1 of Reference Processing: no references
[2025-06-03T16:07:10.207+0530][403.513s] GC(477) Skipped phase 2 of Reference Processing: no references
[2025-06-03T16:07:10.207+0530][403.513s] GC(477) Skipped phase 3 of Reference Processing: no references
[2025-06-03T16:07:10.207+0530][403.513s] GC(477) Skipped phase 4 of Reference Processing: no references
[2025-06-03T16:07:10.208+0530][403.514s] GC(477) To-space exhausted
[2025-06-03T16:07:10.208+0530][403.514s] GC(477)   Pre Evacuate Collection Set: 0.1ms
[2025-06-03T16:07:10.208+0530][403.514s] GC(477)   Merge Heap Roots: 0.1ms
[2025-06-03T16:07:10.208+0530][403.514s] GC(477)   Evacuate Collection Set: 0.6ms
[2025-06-03T16:07:10.208+0530][403.514s] GC(477)   Post Evacuate Collection Set: 0.7ms
[2025-06-03T16:07:10.208+0530][403.514s] GC(477)   Other: 0.2ms
[2025-06-03T16:07:10.208+0530][403.514s] GC(477) Eden regions: 1->0(25)
[2025-06-03T16:07:10.208+0530][403.514s] GC(477) Survivor regions: 1->0(0)
[2025-06-03T16:07:10.208+0530][403.514s] GC(477) Old regions: 508->510
[2025-06-03T16:07:10.208+0530][403.514s] GC(477) Archive regions: 2->2
[2025-06-03T16:07:10.208+0530][403.514s] GC(477) Humongous regions: 0->0
[2025-06-03T16:07:10.208+0530][403.514s] GC(477) Metaspace: 20303K(20992K)->20303K(20992K) NonClass: 17775K(18176K)->17775K(18176K) Class: 2527K(2816K)->2527K(2816K)
[2025-06-03T16:07:10.208+0530][403.514s] GC(477) Pause Young (Concurrent Start) (G1 Evacuation Pause) 509M->509M(512M) 1.806ms
[2025-06-03T16:07:10.208+0530][403.514s] GC(477) User=0.01s Sys=0.01s Real=0.00s
[2025-06-03T16:07:10.208+0530][403.514s] Attempting full compaction
[2025-06-03T16:07:10.208+0530][403.514s] GC(478) Concurrent Mark Cycle
[2025-06-03T16:07:10.208+0530][403.514s] GC(479) Using 8 workers of 8 for full compaction
[2025-06-03T16:07:10.208+0530][403.514s] GC(478) Concurrent Clear Claimed Marks
[2025-06-03T16:07:10.208+0530][403.514s] GC(479) Pause Full (G1 Compaction Pause)
[2025-06-03T16:07:10.208+0530][403.514s] GC(478) Concurrent Clear Claimed Marks 0.117ms
[2025-06-03T16:07:10.208+0530][403.514s] GC(478) Concurrent Scan Root Regions
[2025-06-03T16:07:10.208+0530][403.514s] GC(478) Concurrent Scan Root Regions 0.051ms
[2025-06-03T16:07:10.208+0530][403.514s] GC(478) Concurrent Mark
[2025-06-03T16:07:10.208+0530][403.514s] GC(478) Concurrent Mark From Roots
[2025-06-03T16:07:10.208+0530][403.514s] GC(478) Using 2 workers of 2 for marking
[2025-06-03T16:07:10.209+0530][403.515s] GC(479) Phase 1: Mark live objects
[2025-06-03T16:07:11.128+0530][404.434s] GC(479) ReferenceProcessor::execute queues: 8, RefProcThreadModel::Multi, marks_oops_alive: true
[2025-06-03T16:07:11.129+0530][404.435s] GC(479) ReferenceProcessor::execute queues: 2, RefProcThreadModel::Multi, marks_oops_alive: false
[2025-06-03T16:07:11.129+0530][404.435s] GC(479) Skipped phase 3 of Reference Processing: no references
[2025-06-03T16:07:11.129+0530][404.435s] GC(479) ReferenceProcessor::execute queues: 1, RefProcThreadModel::Single, marks_oops_alive: false
[2025-06-03T16:07:11.130+0530][404.436s] GC(479) Phase 1: Mark live objects 920.736ms
[2025-06-03T16:07:11.130+0530][404.436s] GC(479) Phase 2: Prepare for compaction
[2025-06-03T16:07:11.130+0530][404.436s] GC(479) Phase 2: Prepare for compaction 0.376ms
[2025-06-03T16:07:11.130+0530][404.436s] GC(479) Phase 3: Adjust pointers
[2025-06-03T16:07:11.191+0530][404.497s] GC(479) Phase 3: Adjust pointers 60.422ms
[2025-06-03T16:07:11.191+0530][404.497s] GC(479) Phase 4: Compact heap
[2025-06-03T16:07:11.191+0530][404.497s] GC(479) Phase 4: Compact heap 0.219ms
[2025-06-03T16:07:11.195+0530][404.501s] GC(479) Eden regions: 0->0(25)
[2025-06-03T16:07:11.195+0530][404.501s] GC(479) Survivor regions: 0->0(0)
[2025-06-03T16:07:11.195+0530][404.501s] GC(479) Old regions: 510->509
[2025-06-03T16:07:11.195+0530][404.501s] GC(479) Archive regions: 2->2
[2025-06-03T16:07:11.195+0530][404.501s] GC(479) Humongous regions: 0->0
[2025-06-03T16:07:11.195+0530][404.501s] GC(479) Metaspace: 20303K(20992K)->20303K(20992K) NonClass: 17775K(18176K)->17775K(18176K) Class: 2527K(2816K)->2527K(2816K)
[2025-06-03T16:07:11.195+0530][404.501s] GC(479) Pause Full (G1 Compaction Pause) 509M->508M(512M) 986.648ms
[2025-06-03T16:07:11.195+0530][404.501s] GC(479) User=2.23s Sys=0.07s Real=0.99s
[2025-06-03T16:07:11.195+0530][404.501s] GC(478) Concurrent Mark From Roots 986.880ms
[2025-06-03T16:07:11.195+0530][404.501s] GC(478) Concurrent Mark Abort
[2025-06-03T16:07:11.195+0530][404.501s] GC(478) Concurrent Mark Cycle 987.339ms
[2025-06-03T16:07:11.198+0530][404.504s] GC(480) Pause Young (Normal) (G1 Evacuation Pause)
[2025-06-03T16:07:11.198+0530][404.504s] GC(480) Using 8 workers of 8 for evacuation
[2025-06-03T16:07:11.199+0530][404.505s] GC(480) Skipped phase 1 of Reference Processing: no references
[2025-06-03T16:07:11.199+0530][404.505s] GC(480) Skipped phase 2 of Reference Processing: no references
[2025-06-03T16:07:11.199+0530][404.505s] GC(480) Skipped phase 3 of Reference Processing: no references
[2025-06-03T16:07:11.199+0530][404.505s] GC(480) Skipped phase 4 of Reference Processing: no references
[2025-06-03T16:07:11.199+0530][404.505s] GC(480) To-space exhausted
[2025-06-03T16:07:11.199+0530][404.505s] GC(480)   Pre Evacuate Collection Set: 0.1ms
[2025-06-03T16:07:11.200+0530][404.506s] GC(480)   Merge Heap Roots: 0.0ms
[2025-06-03T16:07:11.200+0530][404.506s] GC(480)   Evacuate Collection Set: 0.4ms
[2025-06-03T16:07:11.200+0530][404.506s] GC(480)   Post Evacuate Collection Set: 0.9ms
[2025-06-03T16:07:11.200+0530][404.506s] GC(480)   Other: 0.2ms
[2025-06-03T16:07:11.200+0530][404.506s] GC(480) Eden regions: 1->0(25)
[2025-06-03T16:07:11.200+0530][404.506s] GC(480) Survivor regions: 0->0(0)
[2025-06-03T16:07:11.200+0530][404.506s] GC(480) Old regions: 509->510
[2025-06-03T16:07:11.200+0530][404.506s] GC(480) Archive regions: 2->2
[2025-06-03T16:07:11.200+0530][404.506s] GC(480) Humongous regions: 0->0
[2025-06-03T16:07:11.200+0530][404.506s] GC(480) Metaspace: 20303K(20992K)->20303K(20992K) NonClass: 17775K(18176K)->17775K(18176K) Class: 2527K(2816K)->2527K(2816K)
[2025-06-03T16:07:11.200+0530][404.506s] GC(480) Pause Young (Normal) (G1 Evacuation Pause) 509M->509M(512M) 1.773ms
[2025-06-03T16:07:11.200+0530][404.506s] GC(480) User=0.01s Sys=0.00s Real=0.01s
[2025-06-03T16:07:11.200+0530][404.506s] Attempting full compaction
[2025-06-03T16:07:11.200+0530][404.506s] GC(481) Using 8 workers of 8 for full compaction
[2025-06-03T16:07:11.200+0530][404.506s] GC(481) Pause Full (G1 Compaction Pause)
[2025-06-03T16:07:11.200+0530][404.506s] GC(481) Phase 1: Mark live objects
[2025-06-03T16:07:12.088+0530][405.394s] GC(481) ReferenceProcessor::execute queues: 8, RefProcThreadModel::Multi, marks_oops_alive: true
[2025-06-03T16:07:12.088+0530][405.394s] GC(481) ReferenceProcessor::execute queues: 2, RefProcThreadModel::Multi, marks_oops_alive: false
[2025-06-03T16:07:12.088+0530][405.394s] GC(481) Skipped phase 3 of Reference Processing: no references
[2025-06-03T16:07:12.088+0530][405.394s] GC(481) ReferenceProcessor::execute queues: 1, RefProcThreadModel::Single, marks_oops_alive: false
[2025-06-03T16:07:12.089+0530][405.395s] GC(481) Phase 1: Mark live objects 889.306ms
[2025-06-03T16:07:12.089+0530][405.395s] GC(481) Phase 2: Prepare for compaction
[2025-06-03T16:07:12.090+0530][405.396s] GC(481) Phase 2: Prepare for compaction 0.493ms
[2025-06-03T16:07:12.090+0530][405.396s] GC(481) Phase 3: Adjust pointers
[2025-06-03T16:07:12.148+0530][405.454s] GC(481) Phase 3: Adjust pointers 58.195ms
[2025-06-03T16:07:12.148+0530][405.454s] GC(481) Phase 4: Compact heap
[2025-06-03T16:07:12.148+0530][405.454s] GC(481) Phase 4: Compact heap 0.183ms
[2025-06-03T16:07:12.152+0530][405.458s] GC(481) Eden regions: 0->0(25)
[2025-06-03T16:07:12.152+0530][405.458s] GC(481) Survivor regions: 0->0(0)
[2025-06-03T16:07:12.152+0530][405.458s] GC(481) Old regions: 510->509
[2025-06-03T16:07:12.152+0530][405.458s] GC(481) Archive regions: 2->2
[2025-06-03T16:07:12.152+0530][405.458s] GC(481) Humongous regions: 0->0
[2025-06-03T16:07:12.152+0530][405.458s] GC(481) Metaspace: 20303K(20992K)->20303K(20992K) NonClass: 17775K(18176K)->17775K(18176K) Class: 2527K(2816K)->2527K(2816K)
[2025-06-03T16:07:12.152+0530][405.458s] GC(481) Pause Full (G1 Compaction Pause) 509M->509M(512M) 952.206ms
[2025-06-03T16:07:12.153+0530][405.459s] GC(481) User=2.19s Sys=0.08s Real=0.95s
[2025-06-03T16:07:12.159+0530][405.465s] GC(482) Pause Young (Concurrent Start) (G1 Evacuation Pause)
[2025-06-03T16:07:12.159+0530][405.465s] GC(482) Using 8 workers of 8 for evacuation
[2025-06-03T16:07:12.160+0530][405.466s] GC(482) Skipped phase 1 of Reference Processing: no references
[2025-06-03T16:07:12.160+0530][405.466s] GC(482) Skipped phase 2 of Reference Processing: no references
[2025-06-03T16:07:12.160+0530][405.466s] GC(482) Skipped phase 3 of Reference Processing: no references
[2025-06-03T16:07:12.160+0530][405.466s] GC(482) ReferenceProcessor::execute queues: 1, RefProcThreadModel::Single, marks_oops_alive: false
[2025-06-03T16:07:12.161+0530][405.467s] GC(482) To-space exhausted
[2025-06-03T16:07:12.161+0530][405.467s] GC(482)   Pre Evacuate Collection Set: 0.1ms
[2025-06-03T16:07:12.161+0530][405.467s] GC(482)   Merge Heap Roots: 0.0ms
[2025-06-03T16:07:12.161+0530][405.467s] GC(482)   Evacuate Collection Set: 0.8ms
[2025-06-03T16:07:12.161+0530][405.467s] GC(482)   Post Evacuate Collection Set: 0.7ms
[2025-06-03T16:07:12.161+0530][405.467s] GC(482)   Other: 0.2ms
[2025-06-03T16:07:12.161+0530][405.467s] GC(482) Eden regions: 1->0(25)
[2025-06-03T16:07:12.161+0530][405.467s] GC(482) Survivor regions: 0->0(0)
[2025-06-03T16:07:12.161+0530][405.467s] GC(482) Old regions: 509->510
[2025-06-03T16:07:12.161+0530][405.467s] GC(482) Archive regions: 2->2
[2025-06-03T16:07:12.161+0530][405.467s] GC(482) Humongous regions: 0->0
[2025-06-03T16:07:12.161+0530][405.467s] GC(482) Metaspace: 20303K(20992K)->20303K(20992K) NonClass: 17775K(18176K)->17775K(18176K) Class: 2527K(2816K)->2527K(2816K)
[2025-06-03T16:07:12.161+0530][405.467s] GC(482) Pause Young (Concurrent Start) (G1 Evacuation Pause) 510M->510M(512M) 1.979ms
[2025-06-03T16:07:12.161+0530][405.467s] GC(482) User=0.00s Sys=0.00s Real=0.01s
[2025-06-03T16:07:12.161+0530][405.467s] Attempting full compaction
[2025-06-03T16:07:12.161+0530][405.467s] GC(483) Concurrent Mark Cycle
[2025-06-03T16:07:12.161+0530][405.467s] GC(484) Using 8 workers of 8 for full compaction
[2025-06-03T16:07:12.161+0530][405.467s] GC(483) Concurrent Clear Claimed Marks
[2025-06-03T16:07:12.161+0530][405.467s] GC(484) Pause Full (G1 Compaction Pause)
[2025-06-03T16:07:12.161+0530][405.467s] GC(483) Concurrent Clear Claimed Marks 0.091ms
[2025-06-03T16:07:12.161+0530][405.467s] GC(483) Concurrent Scan Root Regions
[2025-06-03T16:07:12.161+0530][405.467s] GC(483) Concurrent Scan Root Regions 0.026ms
[2025-06-03T16:07:12.161+0530][405.467s] GC(483) Concurrent Mark
[2025-06-03T16:07:12.161+0530][405.467s] GC(483) Concurrent Mark From Roots
[2025-06-03T16:07:12.161+0530][405.467s] GC(483) Using 2 workers of 2 for marking
[2025-06-03T16:07:12.162+0530][405.468s] GC(484) Phase 1: Mark live objects
[2025-06-03T16:07:13.130+0530][406.436s] GC(484) ReferenceProcessor::execute queues: 8, RefProcThreadModel::Multi, marks_oops_alive: true
[2025-06-03T16:07:13.130+0530][406.436s] GC(484) ReferenceProcessor::execute queues: 2, RefProcThreadModel::Multi, marks_oops_alive: false
[2025-06-03T16:07:13.130+0530][406.436s] GC(484) Skipped phase 3 of Reference Processing: no references
[2025-06-03T16:07:13.130+0530][406.436s] GC(484) ReferenceProcessor::execute queues: 1, RefProcThreadModel::Single, marks_oops_alive: false
[2025-06-03T16:07:13.133+0530][406.439s] GC(484) Phase 1: Mark live objects 971.052ms
[2025-06-03T16:07:13.133+0530][406.439s] GC(484) Phase 2: Prepare for compaction
[2025-06-03T16:07:13.133+0530][406.439s] GC(484) Phase 2: Prepare for compaction 0.355ms
[2025-06-03T16:07:13.133+0530][406.439s] GC(484) Phase 3: Adjust pointers
[2025-06-03T16:07:13.209+0530][406.515s] GC(484) Phase 3: Adjust pointers 75.859ms
[2025-06-03T16:07:13.209+0530][406.515s] GC(484) Phase 4: Compact heap
[2025-06-03T16:07:13.209+0530][406.515s] GC(484) Phase 4: Compact heap 0.156ms
[2025-06-03T16:07:13.213+0530][406.519s] GC(484) Eden regions: 0->0(25)
[2025-06-03T16:07:13.213+0530][406.519s] GC(484) Survivor regions: 0->0(0)
[2025-06-03T16:07:13.213+0530][406.519s] GC(484) Old regions: 510->509
[2025-06-03T16:07:13.213+0530][406.519s] GC(484) Archive regions: 2->2
[2025-06-03T16:07:13.213+0530][406.519s] GC(484) Humongous regions: 0->0
[2025-06-03T16:07:13.213+0530][406.519s] GC(484) Metaspace: 20303K(20992K)->20295K(20992K) NonClass: 17775K(18176K)->17769K(18176K) Class: 2527K(2816K)->2526K(2816K)
[2025-06-03T16:07:13.213+0530][406.519s] GC(484) Pause Full (G1 Compaction Pause) 510M->509M(512M) 1051.438ms
[2025-06-03T16:07:13.214+0530][406.520s] GC(484) User=2.26s Sys=0.09s Real=1.05s
[2025-06-03T16:07:13.214+0530][406.520s] GC(483) Concurrent Mark From Roots 1052.899ms
[2025-06-03T16:07:13.214+0530][406.520s] GC(483) Concurrent Mark Abort
[2025-06-03T16:07:13.214+0530][406.520s] GC(483) Concurrent Mark Cycle 1053.275ms
[2025-06-03T16:07:13.220+0530][406.526s] GC(485) Pause Young (Normal) (G1 Evacuation Pause)
[2025-06-03T16:07:13.220+0530][406.526s] GC(485) Using 8 workers of 8 for evacuation
[2025-06-03T16:07:13.221+0530][406.527s] GC(485) Skipped phase 1 of Reference Processing: no references
[2025-06-03T16:07:13.221+0530][406.527s] GC(485) ReferenceProcessor::execute queues: 1, RefProcThreadModel::Single, marks_oops_alive: false
[2025-06-03T16:07:13.221+0530][406.527s] GC(485) Skipped phase 3 of Reference Processing: no references
[2025-06-03T16:07:13.221+0530][406.527s] GC(485) Skipped phase 4 of Reference Processing: no references
[2025-06-03T16:07:13.222+0530][406.528s] GC(485) To-space exhausted
[2025-06-03T16:07:13.222+0530][406.528s] GC(485)   Pre Evacuate Collection Set: 0.1ms
[2025-06-03T16:07:13.222+0530][406.528s] GC(485)   Merge Heap Roots: 0.0ms
[2025-06-03T16:07:13.222+0530][406.528s] GC(485)   Evacuate Collection Set: 0.8ms
[2025-06-03T16:07:13.222+0530][406.528s] GC(485)   Post Evacuate Collection Set: 0.8ms
[2025-06-03T16:07:13.222+0530][406.528s] GC(485)   Other: 0.2ms
[2025-06-03T16:07:13.222+0530][406.528s] GC(485) Eden regions: 1->0(25)
[2025-06-03T16:07:13.222+0530][406.528s] GC(485) Survivor regions: 0->0(0)
[2025-06-03T16:07:13.222+0530][406.528s] GC(485) Old regions: 509->510
[2025-06-03T16:07:13.222+0530][406.528s] GC(485) Archive regions: 2->2
[2025-06-03T16:07:13.222+0530][406.528s] GC(485) Humongous regions: 0->0
[2025-06-03T16:07:13.222+0530][406.528s] GC(485) Metaspace: 20299K(20992K)->20299K(20992K) NonClass: 17773K(18176K)->17773K(18176K) Class: 2526K(2816K)->2526K(2816K)
[2025-06-03T16:07:13.222+0530][406.528s] GC(485) Pause Young (Normal) (G1 Evacuation Pause) 510M->510M(512M) 2.018ms
[2025-06-03T16:07:13.222+0530][406.528s] GC(485) User=0.00s Sys=0.00s Real=0.00s
[2025-06-03T16:07:13.222+0530][406.528s] Attempting full compaction
[2025-06-03T16:07:13.222+0530][406.528s] GC(486) Using 8 workers of 8 for full compaction
[2025-06-03T16:07:13.222+0530][406.528s] GC(486) Pause Full (G1 Compaction Pause)
[2025-06-03T16:07:13.222+0530][406.528s] GC(486) Phase 1: Mark live objects
[2025-06-03T16:07:14.102+0530][407.408s] GC(486) ReferenceProcessor::execute queues: 8, RefProcThreadModel::Multi, marks_oops_alive: true
[2025-06-03T16:07:14.102+0530][407.408s] GC(486) ReferenceProcessor::execute queues: 2, RefProcThreadModel::Multi, marks_oops_alive: false
[2025-06-03T16:07:14.102+0530][407.408s] GC(486) Skipped phase 3 of Reference Processing: no references
[2025-06-03T16:07:14.102+0530][407.408s] GC(486) ReferenceProcessor::execute queues: 1, RefProcThreadModel::Single, marks_oops_alive: false
[2025-06-03T16:07:14.103+0530][407.409s] GC(486) Phase 1: Mark live objects 881.584ms
[2025-06-03T16:07:14.103+0530][407.410s] GC(486) Phase 2: Prepare for compaction
[2025-06-03T16:07:14.104+0530][407.410s] GC(486) Phase 2: Prepare for compaction 0.518ms
[2025-06-03T16:07:14.104+0530][407.410s] GC(486) Phase 3: Adjust pointers
[2025-06-03T16:07:14.165+0530][407.471s] GC(486) Phase 3: Adjust pointers 60.950ms
[2025-06-03T16:07:14.165+0530][407.471s] GC(486) Phase 4: Compact heap
[2025-06-03T16:07:14.165+0530][407.471s] GC(486) Phase 4: Compact heap 0.244ms
[2025-06-03T16:07:14.168+0530][407.474s] GC(486) Eden regions: 0->0(25)
[2025-06-03T16:07:14.168+0530][407.475s] GC(486) Survivor regions: 0->0(0)
[2025-06-03T16:07:14.168+0530][407.475s] GC(486) Old regions: 510->509
[2025-06-03T16:07:14.169+0530][407.475s] GC(486) Archive regions: 2->2
[2025-06-03T16:07:14.169+0530][407.475s] GC(486) Humongous regions: 0->0
[2025-06-03T16:07:14.169+0530][407.475s] GC(486) Metaspace: 20299K(20992K)->20299K(20992K) NonClass: 17773K(18176K)->17773K(18176K) Class: 2526K(2816K)->2526K(2816K)
[2025-06-03T16:07:14.169+0530][407.475s] GC(486) Pause Full (G1 Compaction Pause) 510M->509M(512M) 946.751ms
[2025-06-03T16:07:14.169+0530][407.475s] GC(486) User=2.20s Sys=0.07s Real=0.94s
[2025-06-03T16:07:14.177+0530][407.483s] GC(487) Pause Young (Concurrent Start) (G1 Evacuation Pause)
[2025-06-03T16:07:14.177+0530][407.483s] GC(487) Using 8 workers of 8 for evacuation
[2025-06-03T16:07:14.178+0530][407.484s] GC(487) Skipped phase 1 of Reference Processing: no references
[2025-06-03T16:07:14.178+0530][407.484s] GC(487) Skipped phase 2 of Reference Processing: no references
[2025-06-03T16:07:14.178+0530][407.484s] GC(487) Skipped phase 3 of Reference Processing: no references
[2025-06-03T16:07:14.178+0530][407.484s] GC(487) Skipped phase 4 of Reference Processing: no references
[2025-06-03T16:07:14.179+0530][407.485s] GC(487) To-space exhausted
[2025-06-03T16:07:14.179+0530][407.485s] GC(487)   Pre Evacuate Collection Set: 0.1ms
[2025-06-03T16:07:14.179+0530][407.485s] GC(487)   Merge Heap Roots: 0.1ms
[2025-06-03T16:07:14.179+0530][407.485s] GC(487)   Evacuate Collection Set: 0.7ms
[2025-06-03T16:07:14.179+0530][407.485s] GC(487)   Post Evacuate Collection Set: 0.8ms
[2025-06-03T16:07:14.179+0530][407.485s] GC(487)   Other: 0.2ms
[2025-06-03T16:07:14.179+0530][407.485s] GC(487) Eden regions: 1->0(25)
[2025-06-03T16:07:14.179+0530][407.485s] GC(487) Survivor regions: 0->0(0)
[2025-06-03T16:07:14.179+0530][407.485s] GC(487) Old regions: 509->510
[2025-06-03T16:07:14.179+0530][407.485s] GC(487) Archive regions: 2->2
[2025-06-03T16:07:14.179+0530][407.485s] GC(487) Humongous regions: 0->0
[2025-06-03T16:07:14.179+0530][407.485s] GC(487) Metaspace: 20302K(20992K)->20302K(20992K) NonClass: 17775K(18176K)->17775K(18176K) Class: 2526K(2816K)->2526K(2816K)
[2025-06-03T16:07:14.179+0530][407.485s] GC(487) Pause Young (Concurrent Start) (G1 Evacuation Pause) 510M->510M(512M) 2.011ms
[2025-06-03T16:07:14.179+0530][407.485s] GC(487) User=0.01s Sys=0.00s Real=0.00s
[2025-06-03T16:07:14.179+0530][407.485s] Attempting full compaction
[2025-06-03T16:07:14.179+0530][407.485s] GC(489) Concurrent Mark Cycle
[2025-06-03T16:07:14.179+0530][407.485s] GC(488) Using 8 workers of 8 for full compaction
[2025-06-03T16:07:14.179+0530][407.485s] GC(489) Concurrent Clear Claimed Marks
[2025-06-03T16:07:14.179+0530][407.485s] GC(488) Pause Full (G1 Compaction Pause)
[2025-06-03T16:07:14.179+0530][407.485s] GC(489) Concurrent Clear Claimed Marks 0.097ms
[2025-06-03T16:07:14.179+0530][407.485s] GC(489) Concurrent Scan Root Regions
[2025-06-03T16:07:14.179+0530][407.485s] GC(489) Concurrent Scan Root Regions 0.101ms
[2025-06-03T16:07:14.179+0530][407.485s] GC(489) Concurrent Mark
[2025-06-03T16:07:14.179+0530][407.486s] GC(489) Concurrent Mark From Roots
[2025-06-03T16:07:14.180+0530][407.486s] GC(489) Using 2 workers of 2 for marking
[2025-06-03T16:07:14.180+0530][407.486s] GC(488) Phase 1: Mark live objects
[2025-06-03T16:07:15.121+0530][408.427s] GC(488) ReferenceProcessor::execute queues: 8, RefProcThreadModel::Multi, marks_oops_alive: true
[2025-06-03T16:07:15.121+0530][408.427s] GC(488) ReferenceProcessor::execute queues: 2, RefProcThreadModel::Multi, marks_oops_alive: false
[2025-06-03T16:07:15.121+0530][408.427s] GC(488) Skipped phase 3 of Reference Processing: no references
[2025-06-03T16:07:15.121+0530][408.427s] GC(488) ReferenceProcessor::execute queues: 1, RefProcThreadModel::Single, marks_oops_alive: false
[2025-06-03T16:07:15.123+0530][408.429s] GC(488) Phase 1: Mark live objects 943.812ms
[2025-06-03T16:07:15.123+0530][408.430s] GC(488) Phase 2: Prepare for compaction
[2025-06-03T16:07:15.124+0530][408.430s] GC(488) Phase 2: Prepare for compaction 0.404ms
[2025-06-03T16:07:15.124+0530][408.430s] GC(488) Phase 3: Adjust pointers
[2025-06-03T16:07:15.188+0530][408.494s] GC(488) Phase 3: Adjust pointers 64.071ms
[2025-06-03T16:07:15.188+0530][408.494s] GC(488) Phase 4: Compact heap
[2025-06-03T16:07:15.189+0530][408.495s] GC(488) Phase 4: Compact heap 0.400ms
[2025-06-03T16:07:15.194+0530][408.500s] GC(488) Eden regions: 0->0(25)
[2025-06-03T16:07:15.194+0530][408.500s] GC(488) Survivor regions: 0->0(0)
[2025-06-03T16:07:15.194+0530][408.500s] GC(488) Old regions: 510->509
[2025-06-03T16:07:15.194+0530][408.500s] GC(488) Archive regions: 2->2
[2025-06-03T16:07:15.194+0530][408.500s] GC(488) Humongous regions: 0->0
[2025-06-03T16:07:15.194+0530][408.500s] GC(488) Metaspace: 20302K(20992K)->20280K(20992K) NonClass: 17775K(18176K)->17757K(18176K) Class: 2526K(2816K)->2523K(2816K)
[2025-06-03T16:07:15.194+0530][408.500s] GC(488) Pause Full (G1 Compaction Pause) 510M->509M(512M) 1014.719ms
[2025-06-03T16:07:15.194+0530][408.500s] GC(488) User=2.31s Sys=0.09s Real=1.02s
[2025-06-03T16:07:15.195+0530][408.501s] GC(489) Concurrent Mark From Roots 1015.052ms
[2025-06-03T16:07:15.195+0530][408.501s] GC(489) Concurrent Mark Abort
[2025-06-03T16:07:15.195+0530][408.501s] GC(489) Concurrent Mark Cycle 1015.579ms
[2025-06-03T16:07:15.200+0530][408.506s] GC(490) Pause Young (Normal) (G1 Evacuation Pause)
[2025-06-03T16:07:15.200+0530][408.506s] GC(490) Using 8 workers of 8 for evacuation
[2025-06-03T16:07:15.200+0530][408.506s] GC(490) Skipped phase 1 of Reference Processing: no references
[2025-06-03T16:07:15.200+0530][408.506s] GC(490) ReferenceProcessor::execute queues: 1, RefProcThreadModel::Single, marks_oops_alive: false
[2025-06-03T16:07:15.200+0530][408.506s] GC(490) Skipped phase 3 of Reference Processing: no references
[2025-06-03T16:07:15.200+0530][408.506s] GC(490) Skipped phase 4 of Reference Processing: no references
[2025-06-03T16:07:15.201+0530][408.507s] GC(490) To-space exhausted
[2025-06-03T16:07:15.201+0530][408.507s] GC(490)   Pre Evacuate Collection Set: 0.1ms
[2025-06-03T16:07:15.201+0530][408.507s] GC(490)   Merge Heap Roots: 0.0ms
[2025-06-03T16:07:15.201+0530][408.507s] GC(490)   Evacuate Collection Set: 0.5ms
[2025-06-03T16:07:15.201+0530][408.507s] GC(490)   Post Evacuate Collection Set: 0.8ms
[2025-06-03T16:07:15.201+0530][408.507s] GC(490)   Other: 0.2ms
[2025-06-03T16:07:15.201+0530][408.507s] GC(490) Eden regions: 1->0(25)
[2025-06-03T16:07:15.201+0530][408.507s] GC(490) Survivor regions: 0->0(0)
[2025-06-03T16:07:15.201+0530][408.507s] GC(490) Old regions: 509->510
[2025-06-03T16:07:15.201+0530][408.507s] GC(490) Archive regions: 2->2
[2025-06-03T16:07:15.201+0530][408.507s] GC(490) Humongous regions: 0->0
[2025-06-03T16:07:15.201+0530][408.507s] GC(490) Metaspace: 20283K(20992K)->20283K(20992K) NonClass: 17760K(18176K)->17760K(18176K) Class: 2523K(2816K)->2523K(2816K)
[2025-06-03T16:07:15.201+0530][408.507s] GC(490) Pause Young (Normal) (G1 Evacuation Pause) 510M->510M(512M) 1.659ms
[2025-06-03T16:07:15.201+0530][408.507s] GC(490) User=0.01s Sys=0.00s Real=0.00s
[2025-06-03T16:07:15.201+0530][408.507s] Attempting full compaction
[2025-06-03T16:07:15.201+0530][408.507s] GC(491) Using 8 workers of 8 for full compaction
[2025-06-03T16:07:15.201+0530][408.508s] GC(491) Pause Full (G1 Compaction Pause)
[2025-06-03T16:07:15.201+0530][408.508s] GC(491) Phase 1: Mark live objects
[2025-06-03T16:07:16.035+0530][409.341s] GC(491) ReferenceProcessor::execute queues: 8, RefProcThreadModel::Multi, marks_oops_alive: true
[2025-06-03T16:07:16.035+0530][409.341s] GC(491) ReferenceProcessor::execute queues: 2, RefProcThreadModel::Multi, marks_oops_alive: false
[2025-06-03T16:07:16.035+0530][409.341s] GC(491) Skipped phase 3 of Reference Processing: no references
[2025-06-03T16:07:16.035+0530][409.342s] GC(491) ReferenceProcessor::execute queues: 1, RefProcThreadModel::Single, marks_oops_alive: false
[2025-06-03T16:07:16.038+0530][409.344s] GC(491) Phase 1: Mark live objects 836.009ms
[2025-06-03T16:07:16.038+0530][409.344s] GC(491) Phase 2: Prepare for compaction
[2025-06-03T16:07:16.038+0530][409.344s] GC(491) Phase 2: Prepare for compaction 0.426ms
[2025-06-03T16:07:16.038+0530][409.344s] GC(491) Phase 3: Adjust pointers
[2025-06-03T16:07:16.108+0530][409.414s] GC(491) Phase 3: Adjust pointers 69.794ms
[2025-06-03T16:07:16.108+0530][409.414s] GC(491) Phase 4: Compact heap
[2025-06-03T16:07:16.109+0530][409.415s] GC(491) Phase 4: Compact heap 0.792ms
[2025-06-03T16:07:16.114+0530][409.420s] GC(491) Eden regions: 0->0(25)
[2025-06-03T16:07:16.114+0530][409.420s] GC(491) Survivor regions: 0->0(0)
[2025-06-03T16:07:16.114+0530][409.420s] GC(491) Old regions: 510->509
[2025-06-03T16:07:16.114+0530][409.420s] GC(491) Archive regions: 2->2
[2025-06-03T16:07:16.114+0530][409.420s] GC(491) Humongous regions: 0->0
[2025-06-03T16:07:16.114+0530][409.420s] GC(491) Metaspace: 20283K(20992K)->20273K(20992K) NonClass: 17760K(18176K)->17751K(18176K) Class: 2523K(2816K)->2521K(2816K)
[2025-06-03T16:07:16.114+0530][409.420s] GC(491) Pause Full (G1 Compaction Pause) 510M->509M(512M) 912.191ms
[2025-06-03T16:07:16.114+0530][409.420s] GC(491) User=2.94s Sys=0.08s Real=0.91s
[2025-06-03T16:07:16.119+0530][409.425s] GC(492) Pause Young (Concurrent Start) (G1 Evacuation Pause)
[2025-06-03T16:07:16.119+0530][409.425s] GC(492) Using 8 workers of 8 for evacuation
[2025-06-03T16:07:16.119+0530][409.425s] GC(492) Skipped phase 1 of Reference Processing: no references
[2025-06-03T16:07:16.119+0530][409.426s] GC(492) ReferenceProcessor::execute queues: 1, RefProcThreadModel::Single, marks_oops_alive: false
[2025-06-03T16:07:16.119+0530][409.426s] GC(492) Skipped phase 3 of Reference Processing: no references
[2025-06-03T16:07:16.119+0530][409.426s] GC(492) Skipped phase 4 of Reference Processing: no references
[2025-06-03T16:07:16.120+0530][409.426s] GC(492) To-space exhausted
[2025-06-03T16:07:16.120+0530][409.426s] GC(492)   Pre Evacuate Collection Set: 0.1ms
[2025-06-03T16:07:16.120+0530][409.426s] GC(492)   Merge Heap Roots: 0.1ms
[2025-06-03T16:07:16.120+0530][409.426s] GC(492)   Evacuate Collection Set: 0.6ms
[2025-06-03T16:07:16.120+0530][409.426s] GC(492)   Post Evacuate Collection Set: 0.6ms
[2025-06-03T16:07:16.120+0530][409.426s] GC(492)   Other: 0.2ms
[2025-06-03T16:07:16.120+0530][409.426s] GC(492) Eden regions: 1->0(25)
[2025-06-03T16:07:16.120+0530][409.426s] GC(492) Survivor regions: 0->0(0)
[2025-06-03T16:07:16.120+0530][409.426s] GC(492) Old regions: 509->510
[2025-06-03T16:07:16.120+0530][409.426s] GC(492) Archive regions: 2->2
[2025-06-03T16:07:16.120+0530][409.426s] GC(492) Humongous regions: 0->0
[2025-06-03T16:07:16.120+0530][409.426s] GC(492) Metaspace: 20291K(20992K)->20291K(20992K) NonClass: 17766K(18176K)->17766K(18176K) Class: 2524K(2816K)->2524K(2816K)
[2025-06-03T16:07:16.120+0530][409.426s] GC(492) Pause Young (Concurrent Start) (G1 Evacuation Pause) 510M->510M(512M) 1.638ms
[2025-06-03T16:07:16.120+0530][409.426s] GC(492) User=0.01s Sys=0.00s Real=0.01s
[2025-06-03T16:07:16.120+0530][409.426s] Attempting full compaction
[2025-06-03T16:07:16.120+0530][409.426s] GC(493) Concurrent Mark Cycle
[2025-06-03T16:07:16.120+0530][409.426s] GC(494) Using 8 workers of 8 for full compaction
[2025-06-03T16:07:16.120+0530][409.426s] GC(493) Concurrent Clear Claimed Marks
[2025-06-03T16:07:16.120+0530][409.426s] GC(494) Pause Full (G1 Compaction Pause)
[2025-06-03T16:07:16.121+0530][409.427s] GC(493) Concurrent Clear Claimed Marks 0.190ms
[2025-06-03T16:07:16.121+0530][409.427s] GC(493) Concurrent Scan Root Regions
[2025-06-03T16:07:16.121+0530][409.427s] GC(493) Concurrent Scan Root Regions 0.047ms
[2025-06-03T16:07:16.121+0530][409.427s] GC(493) Concurrent Mark
[2025-06-03T16:07:16.121+0530][409.427s] GC(493) Concurrent Mark From Roots
[2025-06-03T16:07:16.121+0530][409.427s] GC(493) Using 2 workers of 2 for marking
[2025-06-03T16:07:16.121+0530][409.427s] GC(494) Phase 1: Mark live objects
[2025-06-03T16:07:16.938+0530][410.244s] GC(494) ReferenceProcessor::execute queues: 8, RefProcThreadModel::Multi, marks_oops_alive: true
[2025-06-03T16:07:16.938+0530][410.244s] GC(494) ReferenceProcessor::execute queues: 2, RefProcThreadModel::Multi, marks_oops_alive: false
[2025-06-03T16:07:16.938+0530][410.244s] GC(494) Skipped phase 3 of Reference Processing: no references
[2025-06-03T16:07:16.938+0530][410.244s] GC(494) ReferenceProcessor::execute queues: 1, RefProcThreadModel::Single, marks_oops_alive: false
[2025-06-03T16:07:16.939+0530][410.245s] GC(494) Phase 1: Mark live objects 818.101ms
[2025-06-03T16:07:16.939+0530][410.245s] GC(494) Phase 2: Prepare for compaction
[2025-06-03T16:07:16.939+0530][410.246s] GC(494) Phase 2: Prepare for compaction 0.422ms
[2025-06-03T16:07:16.939+0530][410.246s] GC(494) Phase 3: Adjust pointers
[2025-06-03T16:07:16.998+0530][410.304s] GC(494) Phase 3: Adjust pointers 58.526ms
[2025-06-03T16:07:16.998+0530][410.304s] GC(494) Phase 4: Compact heap
[2025-06-03T16:07:16.998+0530][410.304s] GC(494) Phase 4: Compact heap 0.295ms
[2025-06-03T16:07:17.002+0530][410.308s] GC(494) Eden regions: 0->0(25)
[2025-06-03T16:07:17.002+0530][410.308s] GC(494) Survivor regions: 0->0(0)
[2025-06-03T16:07:17.002+0530][410.308s] GC(494) Old regions: 510->509
[2025-06-03T16:07:17.002+0530][410.308s] GC(494) Archive regions: 2->2
[2025-06-03T16:07:17.002+0530][410.308s] GC(494) Humongous regions: 0->0
[2025-06-03T16:07:17.002+0530][410.308s] GC(494) Metaspace: 20291K(20992K)->20291K(20992K) NonClass: 17766K(18176K)->17766K(18176K) Class: 2524K(2816K)->2524K(2816K)
[2025-06-03T16:07:17.002+0530][410.308s] GC(494) Pause Full (G1 Compaction Pause) 510M->509M(512M) 881.704ms
[2025-06-03T16:07:17.002+0530][410.309s] GC(494) User=2.87s Sys=0.06s Real=0.88s
[2025-06-03T16:07:17.003+0530][410.309s] GC(493) Concurrent Mark From Roots 881.908ms
[2025-06-03T16:07:17.003+0530][410.309s] GC(493) Concurrent Mark Abort
[2025-06-03T16:07:17.003+0530][410.309s] GC(493) Concurrent Mark Cycle 882.520ms
[2025-06-03T16:07:17.045+0530][410.351s] GC(495) Pause Young (Normal) (G1 Evacuation Pause)
[2025-06-03T16:07:17.045+0530][410.351s] GC(495) Using 8 workers of 8 for evacuation
[2025-06-03T16:07:17.046+0530][410.352s] GC(495) Skipped phase 1 of Reference Processing: no references
[2025-06-03T16:07:17.046+0530][410.352s] GC(495) Skipped phase 2 of Reference Processing: no references
[2025-06-03T16:07:17.046+0530][410.352s] GC(495) Skipped phase 3 of Reference Processing: no references
[2025-06-03T16:07:17.046+0530][410.352s] GC(495) Skipped phase 4 of Reference Processing: no references
[2025-06-03T16:07:17.046+0530][410.353s] GC(495) To-space exhausted
[2025-06-03T16:07:17.046+0530][410.353s] GC(495)   Pre Evacuate Collection Set: 0.1ms
[2025-06-03T16:07:17.047+0530][410.353s] GC(495)   Merge Heap Roots: 0.1ms
[2025-06-03T16:07:17.047+0530][410.353s] GC(495)   Evacuate Collection Set: 0.4ms
[2025-06-03T16:07:17.047+0530][410.353s] GC(495)   Post Evacuate Collection Set: 0.8ms
[2025-06-03T16:07:17.047+0530][410.353s] GC(495)   Other: 0.2ms
[2025-06-03T16:07:17.047+0530][410.353s] GC(495) Eden regions: 1->0(25)
[2025-06-03T16:07:17.047+0530][410.353s] GC(495) Survivor regions: 0->0(0)
[2025-06-03T16:07:17.047+0530][410.353s] GC(495) Old regions: 509->510
[2025-06-03T16:07:17.047+0530][410.353s] GC(495) Archive regions: 2->2
[2025-06-03T16:07:17.047+0530][410.353s] GC(495) Humongous regions: 0->0
[2025-06-03T16:07:17.047+0530][410.353s] GC(495) Metaspace: 20303K(20992K)->20303K(20992K) NonClass: 17777K(18176K)->17777K(18176K) Class: 2526K(2816K)->2526K(2816K)
[2025-06-03T16:07:17.047+0530][410.353s] GC(495) Pause Young (Normal) (G1 Evacuation Pause) 510M->510M(512M) 1.874ms
[2025-06-03T16:07:17.047+0530][410.353s] GC(495) User=0.01s Sys=0.00s Real=0.00s
[2025-06-03T16:07:17.047+0530][410.353s] Attempting full compaction
[2025-06-03T16:07:17.047+0530][410.353s] GC(496) Using 8 workers of 8 for full compaction
[2025-06-03T16:07:17.047+0530][410.353s] GC(496) Pause Full (G1 Compaction Pause)
[2025-06-03T16:07:17.047+0530][410.353s] GC(496) Phase 1: Mark live objects
[2025-06-03T16:07:17.939+0530][411.245s] GC(496) ReferenceProcessor::execute queues: 8, RefProcThreadModel::Multi, marks_oops_alive: true
[2025-06-03T16:07:17.939+0530][411.246s] GC(496) ReferenceProcessor::execute queues: 2, RefProcThreadModel::Multi, marks_oops_alive: false
[2025-06-03T16:07:17.940+0530][411.246s] GC(496) Skipped phase 3 of Reference Processing: no references
[2025-06-03T16:07:17.940+0530][411.246s] GC(496) ReferenceProcessor::execute queues: 1, RefProcThreadModel::Single, marks_oops_alive: false
[2025-06-03T16:07:17.942+0530][411.248s] GC(496) Phase 1: Mark live objects 894.756ms
[2025-06-03T16:07:17.942+0530][411.248s] GC(496) Phase 2: Prepare for compaction
[2025-06-03T16:07:17.942+0530][411.248s] GC(496) Phase 2: Prepare for compaction 0.351ms
[2025-06-03T16:07:17.942+0530][411.248s] GC(496) Phase 3: Adjust pointers
[2025-06-03T16:07:18.002+0530][411.308s] GC(496) Phase 3: Adjust pointers 59.359ms
[2025-06-03T16:07:18.002+0530][411.308s] GC(496) Phase 4: Compact heap
[2025-06-03T16:07:18.002+0530][411.308s] GC(496) Phase 4: Compact heap 0.244ms
[2025-06-03T16:07:18.006+0530][411.312s] GC(496) Eden regions: 0->0(25)
[2025-06-03T16:07:18.006+0530][411.312s] GC(496) Survivor regions: 0->0(0)
[2025-06-03T16:07:18.006+0530][411.312s] GC(496) Old regions: 510->509
[2025-06-03T16:07:18.006+0530][411.312s] GC(496) Archive regions: 2->2
[2025-06-03T16:07:18.006+0530][411.312s] GC(496) Humongous regions: 0->0
[2025-06-03T16:07:18.006+0530][411.312s] GC(496) Metaspace: 20303K(20992K)->20300K(20992K) NonClass: 17777K(18176K)->17774K(18176K) Class: 2526K(2816K)->2525K(2816K)
[2025-06-03T16:07:18.006+0530][411.312s] GC(496) Pause Full (G1 Compaction Pause) 510M->509M(512M) 958.902ms
[2025-06-03T16:07:18.006+0530][411.312s] GC(496) User=2.25s Sys=0.07s Real=0.96s
[2025-06-03T16:07:18.011+0530][411.317s] GC(497) Pause Young (Concurrent Start) (G1 Evacuation Pause)
[2025-06-03T16:07:18.011+0530][411.317s] GC(497) Using 8 workers of 8 for evacuation
[2025-06-03T16:07:18.012+0530][411.318s] GC(497) Skipped phase 1 of Reference Processing: no references
[2025-06-03T16:07:18.012+0530][411.318s] GC(497) ReferenceProcessor::execute queues: 1, RefProcThreadModel::Single, marks_oops_alive: false
[2025-06-03T16:07:18.012+0530][411.318s] GC(497) Skipped phase 3 of Reference Processing: no references
[2025-06-03T16:07:18.012+0530][411.318s] GC(497) Skipped phase 4 of Reference Processing: no references
[2025-06-03T16:07:18.013+0530][411.319s] GC(497) To-space exhausted
[2025-06-03T16:07:18.013+0530][411.319s] GC(497)   Pre Evacuate Collection Set: 0.1ms
[2025-06-03T16:07:18.013+0530][411.319s] GC(497)   Merge Heap Roots: 0.1ms
[2025-06-03T16:07:18.013+0530][411.319s] GC(497)   Evacuate Collection Set: 0.6ms
[2025-06-03T16:07:18.013+0530][411.319s] GC(497)   Post Evacuate Collection Set: 0.9ms
[2025-06-03T16:07:18.013+0530][411.319s] GC(497)   Other: 0.2ms
[2025-06-03T16:07:18.013+0530][411.319s] GC(497) Eden regions: 1->0(25)
[2025-06-03T16:07:18.013+0530][411.319s] GC(497) Survivor regions: 0->0(0)
[2025-06-03T16:07:18.013+0530][411.319s] GC(497) Old regions: 509->510
[2025-06-03T16:07:18.013+0530][411.319s] GC(497) Archive regions: 2->2
[2025-06-03T16:07:18.013+0530][411.319s] GC(497) Humongous regions: 0->0
[2025-06-03T16:07:18.013+0530][411.319s] GC(497) Metaspace: 20306K(21056K)->20306K(21056K) NonClass: 17780K(18240K)->17780K(18240K) Class: 2526K(2816K)->2526K(2816K)
[2025-06-03T16:07:18.013+0530][411.319s] GC(497) Pause Young (Concurrent Start) (G1 Evacuation Pause) 510M->510M(512M) 2.053ms
[2025-06-03T16:07:18.013+0530][411.319s] GC(497) User=0.01s Sys=0.00s Real=0.00s
[2025-06-03T16:07:18.013+0530][411.319s] Attempting full compaction
[2025-06-03T16:07:18.013+0530][411.319s] GC(499) Concurrent Mark Cycle
[2025-06-03T16:07:18.013+0530][411.319s] GC(498) Using 8 workers of 8 for full compaction
[2025-06-03T16:07:18.013+0530][411.319s] GC(499) Concurrent Clear Claimed Marks
[2025-06-03T16:07:18.013+0530][411.319s] GC(498) Pause Full (G1 Compaction Pause)
[2025-06-03T16:07:18.013+0530][411.319s] GC(499) Concurrent Clear Claimed Marks 0.092ms
[2025-06-03T16:07:18.013+0530][411.319s] GC(499) Concurrent Scan Root Regions
[2025-06-03T16:07:18.013+0530][411.319s] GC(499) Concurrent Scan Root Regions 0.013ms
[2025-06-03T16:07:18.013+0530][411.319s] GC(499) Concurrent Mark
[2025-06-03T16:07:18.013+0530][411.319s] GC(499) Concurrent Mark From Roots
[2025-06-03T16:07:18.013+0530][411.319s] GC(499) Using 2 workers of 2 for marking
[2025-06-03T16:07:18.014+0530][411.320s] GC(498) Phase 1: Mark live objects
[2025-06-03T16:07:18.896+0530][412.202s] GC(498) ReferenceProcessor::execute queues: 8, RefProcThreadModel::Multi, marks_oops_alive: true
[2025-06-03T16:07:18.896+0530][412.202s] GC(498) ReferenceProcessor::execute queues: 2, RefProcThreadModel::Multi, marks_oops_alive: false
[2025-06-03T16:07:18.896+0530][412.202s] GC(498) Skipped phase 3 of Reference Processing: no references
[2025-06-03T16:07:18.896+0530][412.202s] GC(498) ReferenceProcessor::execute queues: 1, RefProcThreadModel::Single, marks_oops_alive: false
[2025-06-03T16:07:18.897+0530][412.203s] GC(498) Phase 1: Mark live objects 883.100ms
[2025-06-03T16:07:18.897+0530][412.203s] GC(498) Phase 2: Prepare for compaction
[2025-06-03T16:07:18.897+0530][412.203s] GC(498) Phase 2: Prepare for compaction 0.469ms
[2025-06-03T16:07:18.897+0530][412.204s] GC(498) Phase 3: Adjust pointers
[2025-06-03T16:07:18.953+0530][412.260s] GC(498) Phase 3: Adjust pointers 56.037ms
[2025-06-03T16:07:18.954+0530][412.260s] GC(498) Phase 4: Compact heap
[2025-06-03T16:07:18.954+0530][412.260s] GC(498) Phase 4: Compact heap 0.314ms
[2025-06-03T16:07:18.957+0530][412.263s] GC(498) Eden regions: 0->0(25)
[2025-06-03T16:07:18.957+0530][412.263s] GC(498) Survivor regions: 0->0(0)
[2025-06-03T16:07:18.957+0530][412.263s] GC(498) Old regions: 510->509
[2025-06-03T16:07:18.957+0530][412.263s] GC(498) Archive regions: 2->2
[2025-06-03T16:07:18.957+0530][412.263s] GC(498) Humongous regions: 0->0
[2025-06-03T16:07:18.957+0530][412.263s] GC(498) Metaspace: 20306K(21056K)->20306K(21056K) NonClass: 17780K(18240K)->17780K(18240K) Class: 2526K(2816K)->2526K(2816K)
[2025-06-03T16:07:18.957+0530][412.263s] GC(498) Pause Full (G1 Compaction Pause) 510M->509M(512M) 943.803ms
[2025-06-03T16:07:18.957+0530][412.263s] GC(498) User=2.18s Sys=0.07s Real=0.94s
[2025-06-03T16:07:18.957+0530][412.264s] GC(499) Concurrent Mark From Roots 944.133ms
[2025-06-03T16:07:18.958+0530][412.264s] GC(499) Concurrent Mark Abort
[2025-06-03T16:07:18.958+0530][412.264s] GC(499) Concurrent Mark Cycle 944.412ms
[2025-06-03T16:07:18.996+0530][412.302s] GC(500) Pause Young (Normal) (G1 Evacuation Pause)
[2025-06-03T16:07:18.996+0530][412.302s] GC(500) Using 8 workers of 8 for evacuation
[2025-06-03T16:07:18.997+0530][412.303s] GC(500) Skipped phase 1 of Reference Processing: no references
[2025-06-03T16:07:18.997+0530][412.303s] GC(500) Skipped phase 2 of Reference Processing: no references
[2025-06-03T16:07:18.997+0530][412.304s] GC(500) Skipped phase 3 of Reference Processing: no references
[2025-06-03T16:07:18.997+0530][412.304s] GC(500) Skipped phase 4 of Reference Processing: no references
[2025-06-03T16:07:18.998+0530][412.304s] GC(500) To-space exhausted
[2025-06-03T16:07:18.998+0530][412.304s] GC(500)   Pre Evacuate Collection Set: 0.1ms
[2025-06-03T16:07:18.998+0530][412.304s] GC(500)   Merge Heap Roots: 0.7ms
[2025-06-03T16:07:18.998+0530][412.304s] GC(500)   Evacuate Collection Set: 0.4ms
[2025-06-03T16:07:18.998+0530][412.304s] GC(500)   Post Evacuate Collection Set: 0.6ms
[2025-06-03T16:07:18.998+0530][412.304s] GC(500)   Other: 0.2ms
[2025-06-03T16:07:18.998+0530][412.304s] GC(500) Eden regions: 1->0(25)
[2025-06-03T16:07:18.998+0530][412.304s] GC(500) Survivor regions: 0->0(0)
[2025-06-03T16:07:18.998+0530][412.304s] GC(500) Old regions: 509->510
[2025-06-03T16:07:18.998+0530][412.304s] GC(500) Archive regions: 2->2
[2025-06-03T16:07:18.998+0530][412.304s] GC(500) Humongous regions: 0->0
[2025-06-03T16:07:18.998+0530][412.304s] GC(500) Metaspace: 20306K(21056K)->20306K(21056K) NonClass: 17780K(18240K)->17780K(18240K) Class: 2526K(2816K)->2526K(2816K)
[2025-06-03T16:07:18.998+0530][412.304s] GC(500) Pause Young (Normal) (G1 Evacuation Pause) 510M->510M(512M) 2.323ms
[2025-06-03T16:07:18.998+0530][412.304s] GC(500) User=0.01s Sys=0.00s Real=0.00s
[2025-06-03T16:07:18.998+0530][412.304s] Attempting full compaction
[2025-06-03T16:07:18.998+0530][412.305s] GC(501) Using 8 workers of 8 for full compaction
[2025-06-03T16:07:18.998+0530][412.305s] GC(501) Pause Full (G1 Compaction Pause)
[2025-06-03T16:07:18.998+0530][412.305s] GC(501) Phase 1: Mark live objects
[2025-06-03T16:07:19.907+0530][413.213s] GC(501) ReferenceProcessor::execute queues: 8, RefProcThreadModel::Multi, marks_oops_alive: true
[2025-06-03T16:07:19.907+0530][413.213s] GC(501) ReferenceProcessor::execute queues: 2, RefProcThreadModel::Multi, marks_oops_alive: false
[2025-06-03T16:07:19.907+0530][413.213s] GC(501) Skipped phase 3 of Reference Processing: no references
[2025-06-03T16:07:19.907+0530][413.213s] GC(501) ReferenceProcessor::execute queues: 1, RefProcThreadModel::Single, marks_oops_alive: false
[2025-06-03T16:07:19.910+0530][413.216s] GC(501) Phase 1: Mark live objects 911.048ms
[2025-06-03T16:07:19.910+0530][413.216s] GC(501) Phase 2: Prepare for compaction
[2025-06-03T16:07:19.910+0530][413.216s] GC(501) Phase 2: Prepare for compaction 0.404ms
[2025-06-03T16:07:19.910+0530][413.216s] GC(501) Phase 3: Adjust pointers
[2025-06-03T16:07:19.966+0530][413.272s] GC(501) Phase 3: Adjust pointers 55.899ms
[2025-06-03T16:07:19.966+0530][413.272s] GC(501) Phase 4: Compact heap
[2025-06-03T16:07:19.966+0530][413.272s] GC(501) Phase 4: Compact heap 0.269ms
[2025-06-03T16:07:19.970+0530][413.276s] GC(501) Eden regions: 0->0(25)
[2025-06-03T16:07:19.970+0530][413.276s] GC(501) Survivor regions: 0->0(0)
[2025-06-03T16:07:19.970+0530][413.276s] GC(501) Old regions: 510->509
[2025-06-03T16:07:19.970+0530][413.276s] GC(501) Archive regions: 2->2
[2025-06-03T16:07:19.970+0530][413.276s] GC(501) Humongous regions: 0->0
[2025-06-03T16:07:19.970+0530][413.276s] GC(501) Metaspace: 20306K(21056K)->20286K(21056K) NonClass: 17780K(18240K)->17763K(18240K) Class: 2526K(2816K)->2523K(2816K)
[2025-06-03T16:07:19.970+0530][413.276s] GC(501) Pause Full (G1 Compaction Pause) 510M->509M(512M) 971.766ms
[2025-06-03T16:07:19.971+0530][413.277s] GC(501) User=2.23s Sys=0.08s Real=0.98s
[2025-06-03T16:07:19.974+0530][413.280s] GC(502) Pause Young (Concurrent Start) (G1 Evacuation Pause)
[2025-06-03T16:07:19.974+0530][413.280s] GC(502) Using 8 workers of 8 for evacuation
[2025-06-03T16:07:19.975+0530][413.281s] GC(502) Skipped phase 1 of Reference Processing: no references
[2025-06-03T16:07:19.975+0530][413.281s] GC(502) ReferenceProcessor::execute queues: 1, RefProcThreadModel::Single, marks_oops_alive: false
[2025-06-03T16:07:19.975+0530][413.281s] GC(502) Skipped phase 3 of Reference Processing: no references
[2025-06-03T16:07:19.975+0530][413.281s] GC(502) Skipped phase 4 of Reference Processing: no references
[2025-06-03T16:07:19.976+0530][413.282s] GC(502) To-space exhausted
[2025-06-03T16:07:19.976+0530][413.282s] GC(502)   Pre Evacuate Collection Set: 0.1ms
[2025-06-03T16:07:19.976+0530][413.282s] GC(502)   Merge Heap Roots: 0.1ms
[2025-06-03T16:07:19.976+0530][413.282s] GC(502)   Evacuate Collection Set: 0.6ms
[2025-06-03T16:07:19.976+0530][413.282s] GC(502)   Post Evacuate Collection Set: 0.9ms
[2025-06-03T16:07:19.976+0530][413.282s] GC(502)   Other: 0.3ms
[2025-06-03T16:07:19.976+0530][413.282s] GC(502) Eden regions: 1->0(25)
[2025-06-03T16:07:19.976+0530][413.282s] GC(502) Survivor regions: 0->0(0)
[2025-06-03T16:07:19.976+0530][413.282s] GC(502) Old regions: 509->510
[2025-06-03T16:07:19.976+0530][413.282s] GC(502) Archive regions: 2->2
[2025-06-03T16:07:19.976+0530][413.282s] GC(502) Humongous regions: 0->0
[2025-06-03T16:07:19.976+0530][413.282s] GC(502) Metaspace: 20290K(21056K)->20290K(21056K) NonClass: 17766K(18240K)->17766K(18240K) Class: 2523K(2816K)->2523K(2816K)
[2025-06-03T16:07:19.976+0530][413.282s] GC(502) Pause Young (Concurrent Start) (G1 Evacuation Pause) 510M->510M(512M) 2.041ms
[2025-06-03T16:07:19.976+0530][413.282s] GC(502) User=0.00s Sys=0.00s Real=0.00s
[2025-06-03T16:07:19.976+0530][413.282s] Attempting full compaction
[2025-06-03T16:07:19.976+0530][413.282s] GC(503) Using 8 workers of 8 for full compaction
[2025-06-03T16:07:19.976+0530][413.282s] GC(504) Concurrent Mark Cycle
[2025-06-03T16:07:19.976+0530][413.282s] GC(503) Pause Full (G1 Compaction Pause)
[2025-06-03T16:07:19.976+0530][413.282s] GC(504) Concurrent Clear Claimed Marks
[2025-06-03T16:07:19.976+0530][413.283s] GC(504) Concurrent Clear Claimed Marks 0.099ms
[2025-06-03T16:07:19.977+0530][413.283s] GC(504) Concurrent Scan Root Regions
[2025-06-03T16:07:19.977+0530][413.283s] GC(504) Concurrent Scan Root Regions 0.042ms
[2025-06-03T16:07:19.977+0530][413.283s] GC(504) Concurrent Mark
[2025-06-03T16:07:19.977+0530][413.283s] GC(504) Concurrent Mark From Roots
[2025-06-03T16:07:19.977+0530][413.283s] GC(504) Using 2 workers of 2 for marking
[2025-06-03T16:07:19.977+0530][413.283s] GC(503) Phase 1: Mark live objects
[2025-06-03T16:07:20.898+0530][414.204s] GC(503) ReferenceProcessor::execute queues: 8, RefProcThreadModel::Multi, marks_oops_alive: true
[2025-06-03T16:07:20.898+0530][414.204s] GC(503) ReferenceProcessor::execute queues: 2, RefProcThreadModel::Multi, marks_oops_alive: false
[2025-06-03T16:07:20.898+0530][414.204s] GC(503) Skipped phase 3 of Reference Processing: no references
[2025-06-03T16:07:20.898+0530][414.204s] GC(503) ReferenceProcessor::execute queues: 1, RefProcThreadModel::Single, marks_oops_alive: false
[2025-06-03T16:07:20.900+0530][414.206s] GC(503) Phase 1: Mark live objects 923.225ms
[2025-06-03T16:07:20.900+0530][414.206s] GC(503) Phase 2: Prepare for compaction
[2025-06-03T16:07:20.901+0530][414.207s] GC(503) Phase 2: Prepare for compaction 0.413ms
[2025-06-03T16:07:20.901+0530][414.207s] GC(503) Phase 3: Adjust pointers
[2025-06-03T16:07:20.959+0530][414.265s] GC(503) Phase 3: Adjust pointers 58.416ms
[2025-06-03T16:07:20.959+0530][414.265s] GC(503) Phase 4: Compact heap
[2025-06-03T16:07:20.959+0530][414.266s] GC(503) Phase 4: Compact heap 0.284ms
[2025-06-03T16:07:20.963+0530][414.269s] GC(503) Eden regions: 0->0(25)
[2025-06-03T16:07:20.963+0530][414.269s] GC(503) Survivor regions: 0->0(0)
[2025-06-03T16:07:20.963+0530][414.269s] GC(503) Old regions: 510->509
[2025-06-03T16:07:20.963+0530][414.269s] GC(503) Archive regions: 2->2
[2025-06-03T16:07:20.963+0530][414.269s] GC(503) Humongous regions: 0->0
[2025-06-03T16:07:20.963+0530][414.269s] GC(503) Metaspace: 20290K(21056K)->20279K(21056K) NonClass: 17766K(18240K)->17757K(18240K) Class: 2523K(2816K)->2521K(2816K)
[2025-06-03T16:07:20.963+0530][414.269s] GC(503) Pause Full (G1 Compaction Pause) 510M->509M(512M) 986.768ms
[2025-06-03T16:07:20.963+0530][414.270s] GC(503) User=2.24s Sys=0.10s Real=0.99s
[2025-06-03T16:07:20.964+0530][414.270s] GC(504) Concurrent Mark From Roots 987.020ms
[2025-06-03T16:07:20.964+0530][414.270s] GC(504) Concurrent Mark Abort
[2025-06-03T16:07:20.964+0530][414.270s] GC(504) Concurrent Mark Cycle 987.433ms
[2025-06-03T16:07:20.968+0530][414.274s] GC(505) Pause Young (Normal) (G1 Evacuation Pause)
[2025-06-03T16:07:20.968+0530][414.274s] GC(505) Using 8 workers of 8 for evacuation
[2025-06-03T16:07:20.969+0530][414.275s] GC(505) Skipped phase 1 of Reference Processing: no references
[2025-06-03T16:07:20.969+0530][414.275s] GC(505) ReferenceProcessor::execute queues: 1, RefProcThreadModel::Single, marks_oops_alive: false
[2025-06-03T16:07:20.969+0530][414.275s] GC(505) Skipped phase 3 of Reference Processing: no references
[2025-06-03T16:07:20.969+0530][414.275s] GC(505) Skipped phase 4 of Reference Processing: no references
[2025-06-03T16:07:20.970+0530][414.276s] GC(505) To-space exhausted
[2025-06-03T16:07:20.970+0530][414.276s] GC(505)   Pre Evacuate Collection Set: 0.1ms
[2025-06-03T16:07:20.970+0530][414.276s] GC(505)   Merge Heap Roots: 0.0ms
[2025-06-03T16:07:20.970+0530][414.276s] GC(505)   Evacuate Collection Set: 0.3ms
[2025-06-03T16:07:20.970+0530][414.276s] GC(505)   Post Evacuate Collection Set: 0.7ms
[2025-06-03T16:07:20.970+0530][414.276s] GC(505)   Other: 0.2ms
[2025-06-03T16:07:20.970+0530][414.276s] GC(505) Eden regions: 1->0(25)
[2025-06-03T16:07:20.970+0530][414.276s] GC(505) Survivor regions: 0->0(0)
[2025-06-03T16:07:20.970+0530][414.276s] GC(505) Old regions: 509->510
[2025-06-03T16:07:20.970+0530][414.276s] GC(505) Archive regions: 2->2
[2025-06-03T16:07:20.970+0530][414.276s] GC(505) Humongous regions: 0->0
[2025-06-03T16:07:20.970+0530][414.276s] GC(505) Metaspace: 20298K(21056K)->20298K(21056K) NonClass: 17773K(18240K)->17773K(18240K) Class: 2524K(2816K)->2524K(2816K)
[2025-06-03T16:07:20.970+0530][414.276s] GC(505) Pause Young (Normal) (G1 Evacuation Pause) 510M->510M(512M) 1.457ms
[2025-06-03T16:07:20.970+0530][414.276s] GC(505) User=0.00s Sys=0.00s Real=0.01s
[2025-06-03T16:07:20.970+0530][414.276s] Attempting full compaction
[2025-06-03T16:07:20.970+0530][414.276s] GC(506) Using 8 workers of 8 for full compaction
[2025-06-03T16:07:20.970+0530][414.276s] GC(506) Pause Full (G1 Compaction Pause)
[2025-06-03T16:07:20.970+0530][414.276s] GC(506) Phase 1: Mark live objects
[2025-06-03T16:07:21.807+0530][415.113s] GC(506) ReferenceProcessor::execute queues: 8, RefProcThreadModel::Multi, marks_oops_alive: true
[2025-06-03T16:07:21.807+0530][415.113s] GC(506) ReferenceProcessor::execute queues: 2, RefProcThreadModel::Multi, marks_oops_alive: false
[2025-06-03T16:07:21.807+0530][415.114s] GC(506) Skipped phase 3 of Reference Processing: no references
[2025-06-03T16:07:21.807+0530][415.114s] GC(506) ReferenceProcessor::execute queues: 1, RefProcThreadModel::Single, marks_oops_alive: false
[2025-06-03T16:07:21.810+0530][415.116s] GC(506) Phase 1: Mark live objects 839.851ms
[2025-06-03T16:07:21.810+0530][415.116s] GC(506) Phase 2: Prepare for compaction
[2025-06-03T16:07:21.810+0530][415.116s] GC(506) Phase 2: Prepare for compaction 0.484ms
[2025-06-03T16:07:21.810+0530][415.116s] GC(506) Phase 3: Adjust pointers
[2025-06-03T16:07:21.867+0530][415.173s] GC(506) Phase 3: Adjust pointers 56.289ms
[2025-06-03T16:07:21.867+0530][415.173s] GC(506) Phase 4: Compact heap
[2025-06-03T16:07:21.867+0530][415.173s] GC(506) Phase 4: Compact heap 0.320ms
[2025-06-03T16:07:21.870+0530][415.177s] GC(506) Eden regions: 0->0(25)
[2025-06-03T16:07:21.870+0530][415.177s] GC(506) Survivor regions: 0->0(0)
[2025-06-03T16:07:21.870+0530][415.177s] GC(506) Old regions: 510->509
[2025-06-03T16:07:21.870+0530][415.177s] GC(506) Archive regions: 2->2
[2025-06-03T16:07:21.870+0530][415.177s] GC(506) Humongous regions: 0->0
[2025-06-03T16:07:21.870+0530][415.177s] GC(506) Metaspace: 20298K(21056K)->20277K(21056K) NonClass: 17773K(18240K)->17756K(18240K) Class: 2524K(2816K)->2521K(2816K)
[2025-06-03T16:07:21.870+0530][415.177s] GC(506) Pause Full (G1 Compaction Pause) 510M->509M(512M) 900.707ms
[2025-06-03T16:07:21.871+0530][415.177s] GC(506) User=2.90s Sys=0.08s Real=0.90s
[2025-06-03T16:07:21.878+0530][415.184s] GC(507) Pause Young (Concurrent Start) (G1 Evacuation Pause)
[2025-06-03T16:07:21.878+0530][415.184s] GC(507) Using 8 workers of 8 for evacuation
[2025-06-03T16:07:21.878+0530][415.185s] GC(507) Skipped phase 1 of Reference Processing: no references
[2025-06-03T16:07:21.878+0530][415.185s] GC(507) ReferenceProcessor::execute queues: 1, RefProcThreadModel::Single, marks_oops_alive: false
[2025-06-03T16:07:21.879+0530][415.185s] GC(507) Skipped phase 3 of Reference Processing: no references
[2025-06-03T16:07:21.879+0530][415.185s] GC(507) Skipped phase 4 of Reference Processing: no references
[2025-06-03T16:07:21.879+0530][415.185s] GC(507) To-space exhausted
[2025-06-03T16:07:21.879+0530][415.185s] GC(507)   Pre Evacuate Collection Set: 0.1ms
[2025-06-03T16:07:21.879+0530][415.185s] GC(507)   Merge Heap Roots: 0.1ms
[2025-06-03T16:07:21.879+0530][415.185s] GC(507)   Evacuate Collection Set: 0.6ms
[2025-06-03T16:07:21.879+0530][415.185s] GC(507)   Post Evacuate Collection Set: 0.6ms
[2025-06-03T16:07:21.879+0530][415.185s] GC(507)   Other: 0.2ms
[2025-06-03T16:07:21.879+0530][415.185s] GC(507) Eden regions: 1->0(25)
[2025-06-03T16:07:21.879+0530][415.185s] GC(507) Survivor regions: 0->0(0)
[2025-06-03T16:07:21.879+0530][415.185s] GC(507) Old regions: 509->510
[2025-06-03T16:07:21.879+0530][415.185s] GC(507) Archive regions: 2->2
[2025-06-03T16:07:21.879+0530][415.185s] GC(507) Humongous regions: 0->0
[2025-06-03T16:07:21.879+0530][415.185s] GC(507) Metaspace: 20303K(21056K)->20303K(21056K) NonClass: 17778K(18240K)->17778K(18240K) Class: 2524K(2816K)->2524K(2816K)
[2025-06-03T16:07:21.879+0530][415.185s] GC(507) Pause Young (Concurrent Start) (G1 Evacuation Pause) 510M->510M(512M) 1.685ms
[2025-06-03T16:07:21.879+0530][415.185s] GC(507) User=0.00s Sys=0.00s Real=0.00s
[2025-06-03T16:07:21.879+0530][415.185s] Attempting full compaction
[2025-06-03T16:07:21.879+0530][415.186s] GC(509) Concurrent Mark Cycle
[2025-06-03T16:07:21.879+0530][415.186s] GC(508) Using 8 workers of 8 for full compaction
[2025-06-03T16:07:21.879+0530][415.186s] GC(509) Concurrent Clear Claimed Marks
[2025-06-03T16:07:21.879+0530][415.186s] GC(508) Pause Full (G1 Compaction Pause)
[2025-06-03T16:07:21.879+0530][415.186s] GC(509) Concurrent Clear Claimed Marks 0.085ms
[2025-06-03T16:07:21.880+0530][415.186s] GC(509) Concurrent Scan Root Regions
[2025-06-03T16:07:21.880+0530][415.186s] GC(509) Concurrent Scan Root Regions 0.035ms
[2025-06-03T16:07:21.880+0530][415.186s] GC(509) Concurrent Mark
[2025-06-03T16:07:21.880+0530][415.186s] GC(509) Concurrent Mark From Roots
[2025-06-03T16:07:21.880+0530][415.186s] GC(509) Using 2 workers of 2 for marking
[2025-06-03T16:07:21.880+0530][415.186s] GC(508) Phase 1: Mark live objects
[2025-06-03T16:07:22.792+0530][416.098s] GC(508) ReferenceProcessor::execute queues: 8, RefProcThreadModel::Multi, marks_oops_alive: true
[2025-06-03T16:07:22.792+0530][416.098s] GC(508) ReferenceProcessor::execute queues: 2, RefProcThreadModel::Multi, marks_oops_alive: false
[2025-06-03T16:07:22.792+0530][416.098s] GC(508) Skipped phase 3 of Reference Processing: no references
[2025-06-03T16:07:22.792+0530][416.098s] GC(508) ReferenceProcessor::execute queues: 1, RefProcThreadModel::Single, marks_oops_alive: false
[2025-06-03T16:07:22.793+0530][416.099s] GC(508) Phase 1: Mark live objects 913.141ms
[2025-06-03T16:07:22.793+0530][416.099s] GC(508) Phase 2: Prepare for compaction
[2025-06-03T16:07:22.794+0530][416.100s] GC(508) Phase 2: Prepare for compaction 0.524ms
[2025-06-03T16:07:22.794+0530][416.100s] GC(508) Phase 3: Adjust pointers
[2025-06-03T16:07:22.855+0530][416.162s] GC(508) Phase 3: Adjust pointers 61.667ms
[2025-06-03T16:07:22.855+0530][416.162s] GC(508) Phase 4: Compact heap
[2025-06-03T16:07:22.856+0530][416.162s] GC(508) Phase 4: Compact heap 0.282ms
[2025-06-03T16:07:22.859+0530][416.165s] GC(508) Eden regions: 0->0(25)
[2025-06-03T16:07:22.859+0530][416.165s] GC(508) Survivor regions: 0->0(0)
[2025-06-03T16:07:22.859+0530][416.165s] GC(508) Old regions: 510->509
[2025-06-03T16:07:22.859+0530][416.165s] GC(508) Archive regions: 2->2
[2025-06-03T16:07:22.859+0530][416.165s] GC(508) Humongous regions: 0->0
[2025-06-03T16:07:22.859+0530][416.165s] GC(508) Metaspace: 20303K(21056K)->20303K(21056K) NonClass: 17778K(18240K)->17778K(18240K) Class: 2524K(2816K)->2524K(2816K)
[2025-06-03T16:07:22.859+0530][416.165s] GC(508) Pause Full (G1 Compaction Pause) 510M->509M(512M) 979.872ms
[2025-06-03T16:07:22.860+0530][416.166s] GC(508) User=2.24s Sys=0.07s Real=0.99s
[2025-06-03T16:07:22.860+0530][416.166s] GC(509) Concurrent Mark From Roots 980.229ms
[2025-06-03T16:07:22.860+0530][416.166s] GC(509) Concurrent Mark Abort
[2025-06-03T16:07:22.860+0530][416.166s] GC(509) Concurrent Mark Cycle 980.688ms
[2025-06-03T16:07:22.864+0530][416.170s] GC(510) Pause Young (Normal) (G1 Evacuation Pause)
[2025-06-03T16:07:22.864+0530][416.170s] GC(510) Using 8 workers of 8 for evacuation
[2025-06-03T16:07:22.865+0530][416.171s] GC(510) Skipped phase 1 of Reference Processing: no references
[2025-06-03T16:07:22.865+0530][416.171s] GC(510) Skipped phase 2 of Reference Processing: no references
[2025-06-03T16:07:22.865+0530][416.171s] GC(510) Skipped phase 3 of Reference Processing: no references
[2025-06-03T16:07:22.865+0530][416.171s] GC(510) Skipped phase 4 of Reference Processing: no references
[2025-06-03T16:07:22.866+0530][416.172s] GC(510) To-space exhausted
[2025-06-03T16:07:22.866+0530][416.172s] GC(510)   Pre Evacuate Collection Set: 0.1ms
[2025-06-03T16:07:22.866+0530][416.172s] GC(510)   Merge Heap Roots: 0.0ms
[2025-06-03T16:07:22.866+0530][416.172s] GC(510)   Evacuate Collection Set: 0.3ms
[2025-06-03T16:07:22.866+0530][416.172s] GC(510)   Post Evacuate Collection Set: 0.7ms
[2025-06-03T16:07:22.866+0530][416.172s] GC(510)   Other: 0.2ms
[2025-06-03T16:07:22.866+0530][416.172s] GC(510) Eden regions: 1->0(25)
[2025-06-03T16:07:22.866+0530][416.172s] GC(510) Survivor regions: 0->0(0)
[2025-06-03T16:07:22.866+0530][416.172s] GC(510) Old regions: 509->510
[2025-06-03T16:07:22.866+0530][416.172s] GC(510) Archive regions: 2->2
[2025-06-03T16:07:22.866+0530][416.172s] GC(510) Humongous regions: 0->0
[2025-06-03T16:07:22.866+0530][416.172s] GC(510) Metaspace: 20310K(21056K)->20310K(21056K) NonClass: 17784K(18240K)->17784K(18240K) Class: 2525K(2816K)->2525K(2816K)
[2025-06-03T16:07:22.866+0530][416.172s] GC(510) Pause Young (Normal) (G1 Evacuation Pause) 510M->510M(512M) 1.459ms
[2025-06-03T16:07:22.866+0530][416.172s] GC(510) User=0.01s Sys=0.00s Real=0.00s
[2025-06-03T16:07:22.866+0530][416.172s] Attempting full compaction
[2025-06-03T16:07:22.866+0530][416.172s] GC(511) Using 8 workers of 8 for full compaction
[2025-06-03T16:07:22.866+0530][416.172s] GC(511) Pause Full (G1 Compaction Pause)
[2025-06-03T16:07:22.866+0530][416.172s] GC(511) Phase 1: Mark live objects
[2025-06-03T16:07:23.760+0530][417.066s] GC(511) ReferenceProcessor::execute queues: 8, RefProcThreadModel::Multi, marks_oops_alive: true
[2025-06-03T16:07:23.760+0530][417.066s] GC(511) ReferenceProcessor::execute queues: 2, RefProcThreadModel::Multi, marks_oops_alive: false
[2025-06-03T16:07:23.760+0530][417.067s] GC(511) Skipped phase 3 of Reference Processing: no references
[2025-06-03T16:07:23.760+0530][417.067s] GC(511) ReferenceProcessor::execute queues: 1, RefProcThreadModel::Single, marks_oops_alive: false
[2025-06-03T16:07:23.763+0530][417.069s] GC(511) Phase 1: Mark live objects 896.779ms
[2025-06-03T16:07:23.763+0530][417.069s] GC(511) Phase 2: Prepare for compaction
[2025-06-03T16:07:23.763+0530][417.069s] GC(511) Phase 2: Prepare for compaction 0.441ms
[2025-06-03T16:07:23.763+0530][417.069s] GC(511) Phase 3: Adjust pointers
[2025-06-03T16:07:23.821+0530][417.127s] GC(511) Phase 3: Adjust pointers 57.863ms
[2025-06-03T16:07:23.821+0530][417.127s] GC(511) Phase 4: Compact heap
[2025-06-03T16:07:23.821+0530][417.128s] GC(511) Phase 4: Compact heap 0.263ms
[2025-06-03T16:07:23.825+0530][417.131s] GC(511) Eden regions: 0->0(25)
[2025-06-03T16:07:23.825+0530][417.131s] GC(511) Survivor regions: 0->0(0)
[2025-06-03T16:07:23.825+0530][417.131s] GC(511) Old regions: 510->509
[2025-06-03T16:07:23.825+0530][417.131s] GC(511) Archive regions: 2->2
[2025-06-03T16:07:23.825+0530][417.131s] GC(511) Humongous regions: 0->0
[2025-06-03T16:07:23.825+0530][417.131s] GC(511) Metaspace: 20310K(21056K)->20283K(21056K) NonClass: 17784K(18240K)->17761K(18240K) Class: 2525K(2816K)->2521K(2816K)
[2025-06-03T16:07:23.825+0530][417.131s] GC(511) Pause Full (G1 Compaction Pause) 510M->509M(512M) 959.278ms
[2025-06-03T16:07:23.826+0530][417.132s] GC(511) User=2.21s Sys=0.07s Real=0.96s
[2025-06-03T16:07:23.829+0530][417.136s] GC(512) Pause Young (Concurrent Start) (G1 Evacuation Pause)
[2025-06-03T16:07:23.830+0530][417.136s] GC(512) Using 8 workers of 8 for evacuation
[2025-06-03T16:07:23.830+0530][417.137s] GC(512) Skipped phase 1 of Reference Processing: no references
[2025-06-03T16:07:23.830+0530][417.137s] GC(512) ReferenceProcessor::execute queues: 1, RefProcThreadModel::Single, marks_oops_alive: false
[2025-06-03T16:07:23.830+0530][417.137s] GC(512) Skipped phase 3 of Reference Processing: no references
[2025-06-03T16:07:23.830+0530][417.137s] GC(512) Skipped phase 4 of Reference Processing: no references
[2025-06-03T16:07:23.831+0530][417.137s] GC(512) To-space exhausted
[2025-06-03T16:07:23.831+0530][417.137s] GC(512)   Pre Evacuate Collection Set: 0.1ms
[2025-06-03T16:07:23.831+0530][417.137s] GC(512)   Merge Heap Roots: 0.0ms
[2025-06-03T16:07:23.831+0530][417.137s] GC(512)   Evacuate Collection Set: 0.6ms
[2025-06-03T16:07:23.831+0530][417.137s] GC(512)   Post Evacuate Collection Set: 0.7ms
[2025-06-03T16:07:23.831+0530][417.137s] GC(512)   Other: 0.2ms
[2025-06-03T16:07:23.831+0530][417.137s] GC(512) Eden regions: 1->0(25)
[2025-06-03T16:07:23.831+0530][417.137s] GC(512) Survivor regions: 0->0(0)
[2025-06-03T16:07:23.831+0530][417.137s] GC(512) Old regions: 509->510
[2025-06-03T16:07:23.831+0530][417.137s] GC(512) Archive regions: 2->2
[2025-06-03T16:07:23.831+0530][417.137s] GC(512) Humongous regions: 0->0
[2025-06-03T16:07:23.831+0530][417.137s] GC(512) Metaspace: 20299K(21056K)->20299K(21056K) NonClass: 17775K(18240K)->17775K(18240K) Class: 2524K(2816K)->2524K(2816K)
[2025-06-03T16:07:23.831+0530][417.137s] GC(512) Pause Young (Concurrent Start) (G1 Evacuation Pause) 510M->510M(512M) 1.703ms
[2025-06-03T16:07:23.831+0530][417.137s] GC(512) User=0.01s Sys=0.00s Real=0.01s
[2025-06-03T16:07:23.831+0530][417.137s] Attempting full compaction
[2025-06-03T16:07:23.831+0530][417.137s] GC(514) Concurrent Mark Cycle
[2025-06-03T16:07:23.831+0530][417.137s] GC(513) Using 8 workers of 8 for full compaction
[2025-06-03T16:07:23.831+0530][417.138s] GC(514) Concurrent Clear Claimed Marks
[2025-06-03T16:07:23.831+0530][417.138s] GC(513) Pause Full (G1 Compaction Pause)
[2025-06-03T16:07:23.831+0530][417.138s] GC(514) Concurrent Clear Claimed Marks 0.103ms
[2025-06-03T16:07:23.831+0530][417.138s] GC(514) Concurrent Scan Root Regions
[2025-06-03T16:07:23.832+0530][417.138s] GC(514) Concurrent Scan Root Regions 0.013ms
[2025-06-03T16:07:23.832+0530][417.138s] GC(514) Concurrent Mark
[2025-06-03T16:07:23.832+0530][417.138s] GC(514) Concurrent Mark From Roots
[2025-06-03T16:07:23.832+0530][417.138s] GC(514) Using 2 workers of 2 for marking
[2025-06-03T16:07:23.832+0530][417.138s] GC(513) Phase 1: Mark live objects
[2025-06-03T16:07:24.766+0530][418.072s] GC(513) ReferenceProcessor::execute queues: 8, RefProcThreadModel::Multi, marks_oops_alive: true
[2025-06-03T16:07:24.766+0530][418.072s] GC(513) ReferenceProcessor::execute queues: 2, RefProcThreadModel::Multi, marks_oops_alive: false
[2025-06-03T16:07:24.766+0530][418.072s] GC(513) Skipped phase 3 of Reference Processing: no references
[2025-06-03T16:07:24.766+0530][418.072s] GC(513) ReferenceProcessor::execute queues: 1, RefProcThreadModel::Single, marks_oops_alive: false
[2025-06-03T16:07:24.768+0530][418.074s] GC(513) Phase 1: Mark live objects 935.872ms
[2025-06-03T16:07:24.768+0530][418.074s] GC(513) Phase 2: Prepare for compaction
[2025-06-03T16:07:24.768+0530][418.075s] GC(513) Phase 2: Prepare for compaction 0.555ms
[2025-06-03T16:07:24.768+0530][418.075s] GC(513) Phase 3: Adjust pointers
[2025-06-03T16:07:24.835+0530][418.141s] GC(513) Phase 3: Adjust pointers 66.096ms
[2025-06-03T16:07:24.835+0530][418.141s] GC(513) Phase 4: Compact heap
[2025-06-03T16:07:24.835+0530][418.141s] GC(513) Phase 4: Compact heap 0.334ms
[2025-06-03T16:07:24.839+0530][418.145s] GC(513) Eden regions: 0->0(25)
[2025-06-03T16:07:24.839+0530][418.145s] GC(513) Survivor regions: 0->0(0)
[2025-06-03T16:07:24.839+0530][418.145s] GC(513) Old regions: 510->509
[2025-06-03T16:07:24.839+0530][418.145s] GC(513) Archive regions: 2->2
[2025-06-03T16:07:24.839+0530][418.145s] GC(513) Humongous regions: 0->0
[2025-06-03T16:07:24.839+0530][418.145s] GC(513) Metaspace: 20299K(21056K)->20283K(21056K) NonClass: 17775K(18240K)->17761K(18240K) Class: 2524K(2816K)->2521K(2816K)
[2025-06-03T16:07:24.839+0530][418.145s] GC(513) Pause Full (G1 Compaction Pause) 510M->509M(512M) 1007.462ms
[2025-06-03T16:07:24.839+0530][418.145s] GC(513) User=2.31s Sys=0.11s Real=1.00s
[2025-06-03T16:07:24.839+0530][418.146s] GC(514) Concurrent Mark From Roots 1007.817ms
[2025-06-03T16:07:24.839+0530][418.146s] GC(514) Concurrent Mark Abort
[2025-06-03T16:07:24.839+0530][418.146s] GC(514) Concurrent Mark Cycle 1008.144ms
[2025-06-03T16:07:24.848+0530][418.154s] GC(515) Pause Young (Normal) (G1 Evacuation Pause)
[2025-06-03T16:07:24.848+0530][418.154s] GC(515) Using 8 workers of 8 for evacuation
[2025-06-03T16:07:24.849+0530][418.155s] GC(515) Skipped phase 1 of Reference Processing: no references
[2025-06-03T16:07:24.849+0530][418.155s] GC(515) ReferenceProcessor::execute queues: 1, RefProcThreadModel::Single, marks_oops_alive: false
[2025-06-03T16:07:24.849+0530][418.155s] GC(515) Skipped phase 3 of Reference Processing: no references
[2025-06-03T16:07:24.849+0530][418.155s] GC(515) Skipped phase 4 of Reference Processing: no references
[2025-06-03T16:07:24.850+0530][418.156s] GC(515) To-space exhausted
[2025-06-03T16:07:24.850+0530][418.156s] GC(515)   Pre Evacuate Collection Set: 0.1ms
[2025-06-03T16:07:24.850+0530][418.156s] GC(515)   Merge Heap Roots: 0.1ms
[2025-06-03T16:07:24.850+0530][418.156s] GC(515)   Evacuate Collection Set: 0.5ms
[2025-06-03T16:07:24.850+0530][418.156s] GC(515)   Post Evacuate Collection Set: 0.7ms
[2025-06-03T16:07:24.850+0530][418.156s] GC(515)   Other: 0.2ms
[2025-06-03T16:07:24.850+0530][418.156s] GC(515) Eden regions: 1->0(25)
[2025-06-03T16:07:24.850+0530][418.156s] GC(515) Survivor regions: 0->0(0)
[2025-06-03T16:07:24.850+0530][418.156s] GC(515) Old regions: 509->510
[2025-06-03T16:07:24.850+0530][418.156s] GC(515) Archive regions: 2->2
[2025-06-03T16:07:24.850+0530][418.156s] GC(515) Humongous regions: 0->0
[2025-06-03T16:07:24.850+0530][418.156s] GC(515) Metaspace: 20302K(21056K)->20302K(21056K) NonClass: 17778K(18240K)->17778K(18240K) Class: 2524K(2816K)->2524K(2816K)
[2025-06-03T16:07:24.850+0530][418.156s] GC(515) Pause Young (Normal) (G1 Evacuation Pause) 510M->510M(512M) 1.670ms
[2025-06-03T16:07:24.850+0530][418.156s] GC(515) User=0.00s Sys=0.00s Real=0.01s
[2025-06-03T16:07:24.850+0530][418.156s] Attempting full compaction
[2025-06-03T16:07:24.850+0530][418.156s] GC(516) Using 8 workers of 8 for full compaction
[2025-06-03T16:07:24.850+0530][418.156s] GC(516) Pause Full (G1 Compaction Pause)
[2025-06-03T16:07:24.850+0530][418.156s] GC(516) Phase 1: Mark live objects
[2025-06-03T16:07:25.790+0530][419.096s] GC(516) ReferenceProcessor::execute queues: 8, RefProcThreadModel::Multi, marks_oops_alive: true
[2025-06-03T16:07:25.790+0530][419.096s] GC(516) ReferenceProcessor::execute queues: 2, RefProcThreadModel::Multi, marks_oops_alive: false
[2025-06-03T16:07:25.790+0530][419.097s] GC(516) Skipped phase 3 of Reference Processing: no references
[2025-06-03T16:07:25.790+0530][419.097s] GC(516) ReferenceProcessor::execute queues: 1, RefProcThreadModel::Single, marks_oops_alive: false
[2025-06-03T16:07:25.792+0530][419.098s] GC(516) Phase 1: Mark live objects 941.600ms
[2025-06-03T16:07:25.792+0530][419.098s] GC(516) Phase 2: Prepare for compaction
[2025-06-03T16:07:25.792+0530][419.098s] GC(516) Phase 2: Prepare for compaction 0.591ms
[2025-06-03T16:07:25.792+0530][419.098s] GC(516) Phase 3: Adjust pointers
[2025-06-03T16:07:25.857+0530][419.163s] GC(516) Phase 3: Adjust pointers 64.691ms
[2025-06-03T16:07:25.857+0530][419.163s] GC(516) Phase 4: Compact heap
[2025-06-03T16:07:25.857+0530][419.163s] GC(516) Phase 4: Compact heap 0.244ms
[2025-06-03T16:07:25.862+0530][419.169s] GC(516) Eden regions: 0->0(25)
[2025-06-03T16:07:25.862+0530][419.169s] GC(516) Survivor regions: 0->0(0)
[2025-06-03T16:07:25.863+0530][419.169s] GC(516) Old regions: 510->509
[2025-06-03T16:07:25.863+0530][419.169s] GC(516) Archive regions: 2->2
[2025-06-03T16:07:25.863+0530][419.169s] GC(516) Humongous regions: 0->0
[2025-06-03T16:07:25.863+0530][419.169s] GC(516) Metaspace: 20302K(21056K)->20302K(21056K) NonClass: 17778K(18240K)->17778K(18240K) Class: 2524K(2816K)->2524K(2816K)
[2025-06-03T16:07:25.863+0530][419.169s] GC(516) Pause Full (G1 Compaction Pause) 510M->509M(512M) 1012.711ms
[2025-06-03T16:07:25.863+0530][419.169s] GC(516) User=2.34s Sys=0.10s Real=1.01s
[2025-06-03T16:07:25.868+0530][419.174s] GC(517) Pause Young (Concurrent Start) (G1 Evacuation Pause)
[2025-06-03T16:07:25.868+0530][419.174s] GC(517) Using 8 workers of 8 for evacuation
[2025-06-03T16:07:25.869+0530][419.175s] GC(517) Skipped phase 1 of Reference Processing: no references
[2025-06-03T16:07:25.869+0530][419.175s] GC(517) ReferenceProcessor::execute queues: 1, RefProcThreadModel::Single, marks_oops_alive: false
[2025-06-03T16:07:25.869+0530][419.175s] GC(517) Skipped phase 3 of Reference Processing: no references
[2025-06-03T16:07:25.869+0530][419.175s] GC(517) Skipped phase 4 of Reference Processing: no references
[2025-06-03T16:07:25.870+0530][419.176s] GC(517) To-space exhausted
[2025-06-03T16:07:25.870+0530][419.176s] GC(517)   Pre Evacuate Collection Set: 0.1ms
[2025-06-03T16:07:25.870+0530][419.176s] GC(517)   Merge Heap Roots: 0.1ms
[2025-06-03T16:07:25.870+0530][419.176s] GC(517)   Evacuate Collection Set: 0.6ms
[2025-06-03T16:07:25.870+0530][419.176s] GC(517)   Post Evacuate Collection Set: 0.8ms
[2025-06-03T16:07:25.870+0530][419.176s] GC(517)   Other: 0.2ms
[2025-06-03T16:07:25.870+0530][419.176s] GC(517) Eden regions: 1->0(25)
[2025-06-03T16:07:25.870+0530][419.176s] GC(517) Survivor regions: 0->0(0)
[2025-06-03T16:07:25.870+0530][419.176s] GC(517) Old regions: 509->510
[2025-06-03T16:07:25.870+0530][419.176s] GC(517) Archive regions: 2->2
[2025-06-03T16:07:25.870+0530][419.176s] GC(517) Humongous regions: 0->0
[2025-06-03T16:07:25.870+0530][419.176s] GC(517) Metaspace: 20312K(21056K)->20312K(21056K) NonClass: 17786K(18240K)->17786K(18240K) Class: 2525K(2816K)->2525K(2816K)
[2025-06-03T16:07:25.870+0530][419.176s] GC(517) Pause Young (Concurrent Start) (G1 Evacuation Pause) 510M->510M(512M) 1.875ms
[2025-06-03T16:07:25.870+0530][419.176s] GC(517) User=0.00s Sys=0.00s Real=0.01s
[2025-06-03T16:07:25.870+0530][419.176s] Attempting full compaction
[2025-06-03T16:07:25.870+0530][419.176s] GC(519) Concurrent Mark Cycle
[2025-06-03T16:07:25.870+0530][419.176s] GC(518) Using 8 workers of 8 for full compaction
[2025-06-03T16:07:25.870+0530][419.176s] GC(519) Concurrent Clear Claimed Marks
[2025-06-03T16:07:25.870+0530][419.176s] GC(518) Pause Full (G1 Compaction Pause)
[2025-06-03T16:07:25.870+0530][419.176s] GC(519) Concurrent Clear Claimed Marks 0.065ms
[2025-06-03T16:07:25.870+0530][419.176s] GC(519) Concurrent Scan Root Regions
[2025-06-03T16:07:25.870+0530][419.176s] GC(519) Concurrent Scan Root Regions 0.013ms
[2025-06-03T16:07:25.870+0530][419.176s] GC(519) Concurrent Mark
[2025-06-03T16:07:25.870+0530][419.176s] GC(519) Concurrent Mark From Roots
[2025-06-03T16:07:25.870+0530][419.177s] GC(519) Using 2 workers of 2 for marking
[2025-06-03T16:07:25.871+0530][419.177s] GC(518) Phase 1: Mark live objects
[2025-06-03T16:07:26.836+0530][420.142s] GC(518) ReferenceProcessor::execute queues: 8, RefProcThreadModel::Multi, marks_oops_alive: true
[2025-06-03T16:07:26.836+0530][420.143s] GC(518) ReferenceProcessor::execute queues: 2, RefProcThreadModel::Multi, marks_oops_alive: false
[2025-06-03T16:07:26.836+0530][420.143s] GC(518) Skipped phase 3 of Reference Processing: no references
[2025-06-03T16:07:26.837+0530][420.143s] GC(518) ReferenceProcessor::execute queues: 1, RefProcThreadModel::Single, marks_oops_alive: false
[2025-06-03T16:07:26.839+0530][420.145s] GC(518) Phase 1: Mark live objects 968.046ms
[2025-06-03T16:07:26.839+0530][420.145s] GC(518) Phase 2: Prepare for compaction
[2025-06-03T16:07:26.839+0530][420.145s] GC(518) Phase 2: Prepare for compaction 0.481ms
[2025-06-03T16:07:26.839+0530][420.145s] GC(518) Phase 3: Adjust pointers
[2025-06-03T16:07:26.897+0530][420.203s] GC(518) Phase 3: Adjust pointers 57.625ms
[2025-06-03T16:07:26.897+0530][420.203s] GC(518) Phase 4: Compact heap
[2025-06-03T16:07:26.897+0530][420.203s] GC(518) Phase 4: Compact heap 0.289ms
[2025-06-03T16:07:26.901+0530][420.207s] GC(518) Eden regions: 0->0(25)
[2025-06-03T16:07:26.901+0530][420.207s] GC(518) Survivor regions: 0->0(0)
[2025-06-03T16:07:26.901+0530][420.207s] GC(518) Old regions: 510->509
[2025-06-03T16:07:26.901+0530][420.207s] GC(518) Archive regions: 2->2
[2025-06-03T16:07:26.901+0530][420.207s] GC(518) Humongous regions: 0->0
[2025-06-03T16:07:26.901+0530][420.207s] GC(518) Metaspace: 20312K(21056K)->20284K(21056K) NonClass: 17786K(18240K)->17763K(18240K) Class: 2525K(2816K)->2521K(2816K)
[2025-06-03T16:07:26.901+0530][420.207s] GC(518) Pause Full (G1 Compaction Pause) 510M->509M(512M) 1030.657ms
[2025-06-03T16:07:26.901+0530][420.207s] GC(518) User=2.32s Sys=0.09s Real=1.03s
[2025-06-03T16:07:26.901+0530][420.208s] GC(519) Concurrent Mark From Roots 1031.070ms
[2025-06-03T16:07:26.901+0530][420.208s] GC(519) Concurrent Mark Abort
[2025-06-03T16:07:26.901+0530][420.208s] GC(519) Concurrent Mark Cycle 1031.338ms
[2025-06-03T16:07:26.905+0530][420.212s] GC(520) Pause Young (Normal) (G1 Evacuation Pause)
[2025-06-03T16:07:26.905+0530][420.212s] GC(520) Using 8 workers of 8 for evacuation
[2025-06-03T16:07:26.906+0530][420.212s] GC(520) Skipped phase 1 of Reference Processing: no references
[2025-06-03T16:07:26.906+0530][420.212s] GC(520) ReferenceProcessor::execute queues: 1, RefProcThreadModel::Single, marks_oops_alive: false
[2025-06-03T16:07:26.906+0530][420.212s] GC(520) Skipped phase 3 of Reference Processing: no references
[2025-06-03T16:07:26.906+0530][420.212s] GC(520) Skipped phase 4 of Reference Processing: no references
[2025-06-03T16:07:26.907+0530][420.213s] GC(520) To-space exhausted
[2025-06-03T16:07:26.907+0530][420.213s] GC(520)   Pre Evacuate Collection Set: 0.1ms
[2025-06-03T16:07:26.907+0530][420.213s] GC(520)   Merge Heap Roots: 0.0ms
[2025-06-03T16:07:26.907+0530][420.213s] GC(520)   Evacuate Collection Set: 0.5ms
[2025-06-03T16:07:26.907+0530][420.213s] GC(520)   Post Evacuate Collection Set: 0.7ms
[2025-06-03T16:07:26.907+0530][420.213s] GC(520)   Other: 0.2ms
[2025-06-03T16:07:26.907+0530][420.213s] GC(520) Eden regions: 1->0(25)
[2025-06-03T16:07:26.907+0530][420.213s] GC(520) Survivor regions: 0->0(0)
[2025-06-03T16:07:26.907+0530][420.213s] GC(520) Old regions: 509->510
[2025-06-03T16:07:26.907+0530][420.213s] GC(520) Archive regions: 2->2
[2025-06-03T16:07:26.907+0530][420.213s] GC(520) Humongous regions: 0->0
[2025-06-03T16:07:26.907+0530][420.213s] GC(520) Metaspace: 20298K(21056K)->20298K(21056K) NonClass: 17775K(18240K)->17775K(18240K) Class: 2523K(2816K)->2523K(2816K)
[2025-06-03T16:07:26.907+0530][420.213s] GC(520) Pause Young (Normal) (G1 Evacuation Pause) 510M->510M(512M) 1.620ms
[2025-06-03T16:07:26.907+0530][420.213s] GC(520) User=0.00s Sys=0.00s Real=0.00s
[2025-06-03T16:07:26.907+0530][420.213s] Attempting full compaction
[2025-06-03T16:07:26.907+0530][420.213s] GC(521) Using 8 workers of 8 for full compaction
[2025-06-03T16:07:26.907+0530][420.213s] GC(521) Pause Full (G1 Compaction Pause)
[2025-06-03T16:07:26.907+0530][420.213s] GC(521) Phase 1: Mark live objects
[2025-06-03T16:07:27.670+0530][420.977s] GC(521) ReferenceProcessor::execute queues: 8, RefProcThreadModel::Multi, marks_oops_alive: true
[2025-06-03T16:07:27.671+0530][420.977s] GC(521) ReferenceProcessor::execute queues: 2, RefProcThreadModel::Multi, marks_oops_alive: false
[2025-06-03T16:07:27.671+0530][420.977s] GC(521) Skipped phase 3 of Reference Processing: no references
[2025-06-03T16:07:27.671+0530][420.977s] GC(521) ReferenceProcessor::execute queues: 1, RefProcThreadModel::Single, marks_oops_alive: false
[2025-06-03T16:07:27.673+0530][420.979s] GC(521) Phase 1: Mark live objects 765.869ms
[2025-06-03T16:07:27.673+0530][420.979s] GC(521) Phase 2: Prepare for compaction
[2025-06-03T16:07:27.674+0530][420.980s] GC(521) Phase 2: Prepare for compaction 0.668ms
[2025-06-03T16:07:27.674+0530][420.980s] GC(521) Phase 3: Adjust pointers
[2025-06-03T16:07:27.733+0530][421.039s] GC(521) Phase 3: Adjust pointers 59.063ms
[2025-06-03T16:07:27.733+0530][421.039s] GC(521) Phase 4: Compact heap
[2025-06-03T16:07:27.733+0530][421.039s] GC(521) Phase 4: Compact heap 0.292ms
[2025-06-03T16:07:27.736+0530][421.043s] GC(521) Eden regions: 0->0(25)
[2025-06-03T16:07:27.736+0530][421.043s] GC(521) Survivor regions: 0->0(0)
[2025-06-03T16:07:27.736+0530][421.043s] GC(521) Old regions: 510->509
[2025-06-03T16:07:27.736+0530][421.043s] GC(521) Archive regions: 2->2
[2025-06-03T16:07:27.736+0530][421.043s] GC(521) Humongous regions: 0->0
[2025-06-03T16:07:27.736+0530][421.043s] GC(521) Metaspace: 20298K(21056K)->20282K(21056K) NonClass: 17775K(18240K)->17761K(18240K) Class: 2523K(2816K)->2520K(2816K)
[2025-06-03T16:07:27.736+0530][421.043s] GC(521) Pause Full (G1 Compaction Pause) 510M->509M(512M) 829.367ms
[2025-06-03T16:07:27.737+0530][421.043s] GC(521) User=2.73s Sys=0.04s Real=0.83s
[2025-06-03T16:07:27.747+0530][421.053s] GC(522) Pause Young (Concurrent Start) (G1 Evacuation Pause)
[2025-06-03T16:07:27.747+0530][421.053s] GC(522) Using 8 workers of 8 for evacuation
[2025-06-03T16:07:27.748+0530][421.054s] GC(522) Skipped phase 1 of Reference Processing: no references
[2025-06-03T16:07:27.748+0530][421.054s] GC(522) ReferenceProcessor::execute queues: 1, RefProcThreadModel::Single, marks_oops_alive: false
[2025-06-03T16:07:27.748+0530][421.054s] GC(522) Skipped phase 3 of Reference Processing: no references
[2025-06-03T16:07:27.748+0530][421.054s] GC(522) Skipped phase 4 of Reference Processing: no references
[2025-06-03T16:07:27.749+0530][421.055s] GC(522) To-space exhausted
[2025-06-03T16:07:27.749+0530][421.055s] GC(522)   Pre Evacuate Collection Set: 0.1ms
[2025-06-03T16:07:27.749+0530][421.055s] GC(522)   Merge Heap Roots: 0.0ms
[2025-06-03T16:07:27.749+0530][421.055s] GC(522)   Evacuate Collection Set: 0.7ms
[2025-06-03T16:07:27.749+0530][421.055s] GC(522)   Post Evacuate Collection Set: 0.9ms
[2025-06-03T16:07:27.749+0530][421.055s] GC(522)   Other: 0.2ms
[2025-06-03T16:07:27.749+0530][421.055s] GC(522) Eden regions: 1->0(25)
[2025-06-03T16:07:27.749+0530][421.055s] GC(522) Survivor regions: 0->0(0)
[2025-06-03T16:07:27.749+0530][421.055s] GC(522) Old regions: 509->510
[2025-06-03T16:07:27.749+0530][421.055s] GC(522) Archive regions: 2->2
[2025-06-03T16:07:27.749+0530][421.055s] GC(522) Humongous regions: 0->0
[2025-06-03T16:07:27.749+0530][421.055s] GC(522) Metaspace: 20311K(21056K)->20311K(21056K) NonClass: 17786K(18240K)->17786K(18240K) Class: 2524K(2816K)->2524K(2816K)
[2025-06-03T16:07:27.749+0530][421.055s] GC(522) Pause Young (Concurrent Start) (G1 Evacuation Pause) 510M->510M(512M) 2.145ms
[2025-06-03T16:07:27.749+0530][421.055s] GC(522) User=0.00s Sys=0.00s Real=0.00s
[2025-06-03T16:07:27.749+0530][421.055s] Attempting full compaction
[2025-06-03T16:07:27.749+0530][421.055s] GC(523) Concurrent Mark Cycle
[2025-06-03T16:07:27.749+0530][421.056s] GC(524) Using 8 workers of 8 for full compaction
[2025-06-03T16:07:27.749+0530][421.056s] GC(523) Concurrent Clear Claimed Marks
[2025-06-03T16:07:27.749+0530][421.056s] GC(523) Concurrent Clear Claimed Marks 0.084ms
[2025-06-03T16:07:27.749+0530][421.056s] GC(523) Concurrent Scan Root Regions
[2025-06-03T16:07:27.749+0530][421.056s] GC(524) Pause Full (G1 Compaction Pause)
[2025-06-03T16:07:27.749+0530][421.056s] GC(523) Concurrent Scan Root Regions 0.024ms
[2025-06-03T16:07:27.749+0530][421.056s] GC(523) Concurrent Mark
[2025-06-03T16:07:27.750+0530][421.056s] GC(523) Concurrent Mark From Roots
[2025-06-03T16:07:27.750+0530][421.056s] GC(523) Using 2 workers of 2 for marking
[2025-06-03T16:07:27.750+0530][421.056s] GC(524) Phase 1: Mark live objects
[2025-06-03T16:07:28.678+0530][421.984s] GC(524) ReferenceProcessor::execute queues: 8, RefProcThreadModel::Multi, marks_oops_alive: true
[2025-06-03T16:07:28.678+0530][421.984s] GC(524) ReferenceProcessor::execute queues: 2, RefProcThreadModel::Multi, marks_oops_alive: false
[2025-06-03T16:07:28.678+0530][421.984s] GC(524) Skipped phase 3 of Reference Processing: no references
[2025-06-03T16:07:28.678+0530][421.984s] GC(524) ReferenceProcessor::execute queues: 1, RefProcThreadModel::Single, marks_oops_alive: false
[2025-06-03T16:07:28.679+0530][421.985s] GC(524) Phase 1: Mark live objects 928.971ms
[2025-06-03T16:07:28.679+0530][421.985s] GC(524) Phase 2: Prepare for compaction
[2025-06-03T16:07:28.679+0530][421.986s] GC(524) Phase 2: Prepare for compaction 0.507ms
[2025-06-03T16:07:28.679+0530][421.986s] GC(524) Phase 3: Adjust pointers
[2025-06-03T16:07:28.738+0530][422.044s] GC(524) Phase 3: Adjust pointers 58.249ms
[2025-06-03T16:07:28.738+0530][422.044s] GC(524) Phase 4: Compact heap
[2025-06-03T16:07:28.738+0530][422.044s] GC(524) Phase 4: Compact heap 0.265ms
[2025-06-03T16:07:28.742+0530][422.048s] GC(524) Eden regions: 0->0(25)
[2025-06-03T16:07:28.742+0530][422.048s] GC(524) Survivor regions: 0->0(0)
[2025-06-03T16:07:28.742+0530][422.048s] GC(524) Old regions: 510->509
[2025-06-03T16:07:28.742+0530][422.048s] GC(524) Archive regions: 2->2
[2025-06-03T16:07:28.742+0530][422.048s] GC(524) Humongous regions: 0->0
[2025-06-03T16:07:28.742+0530][422.048s] GC(524) Metaspace: 20311K(21056K)->20311K(21056K) NonClass: 17786K(18240K)->17786K(18240K) Class: 2524K(2816K)->2524K(2816K)
[2025-06-03T16:07:28.742+0530][422.048s] GC(524) Pause Full (G1 Compaction Pause) 510M->509M(512M) 992.397ms
[2025-06-03T16:07:28.742+0530][422.048s] GC(524) User=2.27s Sys=0.08s Real=1.00s
[2025-06-03T16:07:28.742+0530][422.048s] GC(523) Concurrent Mark From Roots 992.679ms
[2025-06-03T16:07:28.742+0530][422.049s] GC(523) Concurrent Mark Abort
[2025-06-03T16:07:28.742+0530][422.049s] GC(523) Concurrent Mark Cycle 993.072ms
[2025-06-03T16:07:28.751+0530][422.057s] GC(525) Pause Young (Normal) (G1 Evacuation Pause)
[2025-06-03T16:07:28.751+0530][422.057s] GC(525) Using 8 workers of 8 for evacuation
[2025-06-03T16:07:28.752+0530][422.058s] GC(525) Skipped phase 1 of Reference Processing: no references
[2025-06-03T16:07:28.752+0530][422.058s] GC(525) Skipped phase 2 of Reference Processing: no references
[2025-06-03T16:07:28.752+0530][422.058s] GC(525) Skipped phase 3 of Reference Processing: no references
[2025-06-03T16:07:28.752+0530][422.058s] GC(525) Skipped phase 4 of Reference Processing: no references
[2025-06-03T16:07:28.752+0530][422.058s] GC(525) To-space exhausted
[2025-06-03T16:07:28.752+0530][422.059s] GC(525)   Pre Evacuate Collection Set: 0.1ms
[2025-06-03T16:07:28.752+0530][422.059s] GC(525)   Merge Heap Roots: 0.0ms
[2025-06-03T16:07:28.752+0530][422.059s] GC(525)   Evacuate Collection Set: 0.4ms
[2025-06-03T16:07:28.752+0530][422.059s] GC(525)   Post Evacuate Collection Set: 0.6ms
[2025-06-03T16:07:28.752+0530][422.059s] GC(525)   Other: 0.2ms
[2025-06-03T16:07:28.752+0530][422.059s] GC(525) Eden regions: 1->0(25)
[2025-06-03T16:07:28.752+0530][422.059s] GC(525) Survivor regions: 0->0(0)
[2025-06-03T16:07:28.752+0530][422.059s] GC(525) Old regions: 509->510
[2025-06-03T16:07:28.752+0530][422.059s] GC(525) Archive regions: 2->2
[2025-06-03T16:07:28.752+0530][422.059s] GC(525) Humongous regions: 0->0
[2025-06-03T16:07:28.752+0530][422.059s] GC(525) Metaspace: 20316K(21056K)->20316K(21056K) NonClass: 17791K(18240K)->17791K(18240K) Class: 2525K(2816K)->2525K(2816K)
[2025-06-03T16:07:28.752+0530][422.059s] GC(525) Pause Young (Normal) (G1 Evacuation Pause) 510M->510M(512M) 1.417ms
[2025-06-03T16:07:28.752+0530][422.059s] GC(525) User=0.00s Sys=0.00s Real=0.00s
[2025-06-03T16:07:28.752+0530][422.059s] Attempting full compaction
[2025-06-03T16:07:28.752+0530][422.059s] GC(526) Using 8 workers of 8 for full compaction
[2025-06-03T16:07:28.753+0530][422.059s] GC(526) Pause Full (G1 Compaction Pause)
[2025-06-03T16:07:28.753+0530][422.059s] GC(526) Phase 1: Mark live objects
[2025-06-03T16:07:29.690+0530][422.996s] GC(526) ReferenceProcessor::execute queues: 8, RefProcThreadModel::Multi, marks_oops_alive: true
[2025-06-03T16:07:29.690+0530][422.996s] GC(526) ReferenceProcessor::execute queues: 2, RefProcThreadModel::Multi, marks_oops_alive: false
[2025-06-03T16:07:29.690+0530][422.997s] GC(526) Skipped phase 3 of Reference Processing: no references
[2025-06-03T16:07:29.690+0530][422.997s] GC(526) ReferenceProcessor::execute queues: 1, RefProcThreadModel::Single, marks_oops_alive: false
[2025-06-03T16:07:29.692+0530][422.999s] GC(526) Phase 1: Mark live objects 939.885ms
[2025-06-03T16:07:29.693+0530][422.999s] GC(526) Phase 2: Prepare for compaction
[2025-06-03T16:07:29.693+0530][422.999s] GC(526) Phase 2: Prepare for compaction 0.523ms
[2025-06-03T16:07:29.693+0530][422.999s] GC(526) Phase 3: Adjust pointers
[2025-06-03T16:07:29.750+0530][423.057s] GC(526) Phase 3: Adjust pointers 57.170ms
[2025-06-03T16:07:29.750+0530][423.057s] GC(526) Phase 4: Compact heap
[2025-06-03T16:07:29.751+0530][423.057s] GC(526) Phase 4: Compact heap 0.240ms
[2025-06-03T16:07:29.754+0530][423.061s] GC(526) Eden regions: 0->0(25)
[2025-06-03T16:07:29.754+0530][423.061s] GC(526) Survivor regions: 0->0(0)
[2025-06-03T16:07:29.754+0530][423.061s] GC(526) Old regions: 510->509
[2025-06-03T16:07:29.754+0530][423.061s] GC(526) Archive regions: 2->2
[2025-06-03T16:07:29.754+0530][423.061s] GC(526) Humongous regions: 0->0
[2025-06-03T16:07:29.754+0530][423.061s] GC(526) Metaspace: 20316K(21056K)->20289K(21056K) NonClass: 17791K(18240K)->17768K(18240K) Class: 2525K(2816K)->2520K(2816K)
[2025-06-03T16:07:29.754+0530][423.061s] GC(526) Pause Full (G1 Compaction Pause) 510M->509M(512M) 1001.882ms
[2025-06-03T16:07:29.755+0530][423.061s] GC(526) User=2.27s Sys=0.09s Real=1.00s
[2025-06-03T16:07:29.757+0530][423.064s] GC(527) Pause Young (Concurrent Start) (G1 Evacuation Pause)
[2025-06-03T16:07:29.757+0530][423.064s] GC(527) Using 8 workers of 8 for evacuation
[2025-06-03T16:07:29.758+0530][423.065s] GC(527) Skipped phase 1 of Reference Processing: no references
[2025-06-03T16:07:29.758+0530][423.065s] GC(527) ReferenceProcessor::execute queues: 1, RefProcThreadModel::Single, marks_oops_alive: false
[2025-06-03T16:07:29.758+0530][423.065s] GC(527) Skipped phase 3 of Reference Processing: no references
[2025-06-03T16:07:29.758+0530][423.065s] GC(527) Skipped phase 4 of Reference Processing: no references
[2025-06-03T16:07:29.759+0530][423.065s] GC(527) To-space exhausted
[2025-06-03T16:07:29.759+0530][423.065s] GC(527)   Pre Evacuate Collection Set: 0.1ms
[2025-06-03T16:07:29.759+0530][423.065s] GC(527)   Merge Heap Roots: 0.1ms
[2025-06-03T16:07:29.759+0530][423.065s] GC(527)   Evacuate Collection Set: 0.6ms
[2025-06-03T16:07:29.759+0530][423.065s] GC(527)   Post Evacuate Collection Set: 0.7ms
[2025-06-03T16:07:29.759+0530][423.065s] GC(527)   Other: 0.2ms
[2025-06-03T16:07:29.759+0530][423.065s] GC(527) Eden regions: 1->0(25)
[2025-06-03T16:07:29.759+0530][423.065s] GC(527) Survivor regions: 0->0(0)
[2025-06-03T16:07:29.759+0530][423.065s] GC(527) Old regions: 509->510
[2025-06-03T16:07:29.759+0530][423.065s] GC(527) Archive regions: 2->2
[2025-06-03T16:07:29.759+0530][423.065s] GC(527) Humongous regions: 0->0
[2025-06-03T16:07:29.759+0530][423.066s] GC(527) Metaspace: 20292K(21056K)->20292K(21056K) NonClass: 17771K(18240K)->17771K(18240K) Class: 2521K(2816K)->2521K(2816K)
[2025-06-03T16:07:29.759+0530][423.066s] GC(527) Pause Young (Concurrent Start) (G1 Evacuation Pause) 510M->510M(512M) 1.868ms
[2025-06-03T16:07:29.759+0530][423.066s] GC(527) User=0.00s Sys=0.00s Real=0.00s
[2025-06-03T16:07:29.759+0530][423.066s] Attempting full compaction
[2025-06-03T16:07:29.759+0530][423.066s] GC(528) Using 8 workers of 8 for full compaction
[2025-06-03T16:07:29.759+0530][423.066s] GC(529) Concurrent Mark Cycle
[2025-06-03T16:07:29.759+0530][423.066s] GC(528) Pause Full (G1 Compaction Pause)
[2025-06-03T16:07:29.759+0530][423.066s] GC(529) Concurrent Clear Claimed Marks
[2025-06-03T16:07:29.760+0530][423.066s] GC(529) Concurrent Clear Claimed Marks 0.089ms
[2025-06-03T16:07:29.760+0530][423.066s] GC(529) Concurrent Scan Root Regions
[2025-06-03T16:07:29.760+0530][423.066s] GC(529) Concurrent Scan Root Regions 0.044ms
[2025-06-03T16:07:29.760+0530][423.066s] GC(529) Concurrent Mark
[2025-06-03T16:07:29.760+0530][423.066s] GC(529) Concurrent Mark From Roots
[2025-06-03T16:07:29.760+0530][423.066s] GC(529) Using 2 workers of 2 for marking
[2025-06-03T16:07:29.760+0530][423.066s] GC(528) Phase 1: Mark live objects
[2025-06-03T16:07:30.650+0530][423.956s] GC(528) ReferenceProcessor::execute queues: 8, RefProcThreadModel::Multi, marks_oops_alive: true
[2025-06-03T16:07:30.650+0530][423.956s] GC(528) ReferenceProcessor::execute queues: 2, RefProcThreadModel::Multi, marks_oops_alive: false
[2025-06-03T16:07:30.650+0530][423.957s] GC(528) Skipped phase 3 of Reference Processing: no references
[2025-06-03T16:07:30.650+0530][423.957s] GC(528) ReferenceProcessor::execute queues: 1, RefProcThreadModel::Single, marks_oops_alive: false
[2025-06-03T16:07:30.652+0530][423.959s] GC(528) Phase 1: Mark live objects 892.460ms
[2025-06-03T16:07:30.652+0530][423.959s] GC(528) Phase 2: Prepare for compaction
[2025-06-03T16:07:30.653+0530][423.959s] GC(528) Phase 2: Prepare for compaction 0.525ms
[2025-06-03T16:07:30.653+0530][423.959s] GC(528) Phase 3: Adjust pointers
[2025-06-03T16:07:30.709+0530][424.015s] GC(528) Phase 3: Adjust pointers 56.128ms
[2025-06-03T16:07:30.709+0530][424.015s] GC(528) Phase 4: Compact heap
[2025-06-03T16:07:30.710+0530][424.016s] GC(528) Phase 4: Compact heap 0.339ms
[2025-06-03T16:07:30.713+0530][424.019s] GC(528) Eden regions: 0->0(25)
[2025-06-03T16:07:30.713+0530][424.019s] GC(528) Survivor regions: 0->0(0)
[2025-06-03T16:07:30.713+0530][424.019s] GC(528) Old regions: 510->509
[2025-06-03T16:07:30.713+0530][424.019s] GC(528) Archive regions: 2->2
[2025-06-03T16:07:30.713+0530][424.019s] GC(528) Humongous regions: 0->0
[2025-06-03T16:07:30.713+0530][424.019s] GC(528) Metaspace: 20292K(21056K)->20282K(21056K) NonClass: 17771K(18240K)->17762K(18240K) Class: 2521K(2816K)->2519K(2816K)
[2025-06-03T16:07:30.713+0530][424.019s] GC(528) Pause Full (G1 Compaction Pause) 510M->509M(512M) 953.741ms
[2025-06-03T16:07:30.713+0530][424.020s] GC(528) User=2.21s Sys=0.08s Real=0.96s
[2025-06-03T16:07:30.714+0530][424.020s] GC(529) Concurrent Mark From Roots 953.763ms
[2025-06-03T16:07:30.714+0530][424.020s] GC(529) Concurrent Mark Abort
[2025-06-03T16:07:30.714+0530][424.020s] GC(529) Concurrent Mark Cycle 954.320ms
[2025-06-03T16:07:30.721+0530][424.027s] GC(530) Pause Young (Normal) (G1 Evacuation Pause)
[2025-06-03T16:07:30.721+0530][424.027s] GC(530) Using 8 workers of 8 for evacuation
[2025-06-03T16:07:30.722+0530][424.028s] GC(530) Skipped phase 1 of Reference Processing: no references
[2025-06-03T16:07:30.722+0530][424.028s] GC(530) ReferenceProcessor::execute queues: 1, RefProcThreadModel::Single, marks_oops_alive: false
[2025-06-03T16:07:30.722+0530][424.028s] GC(530) Skipped phase 3 of Reference Processing: no references
[2025-06-03T16:07:30.722+0530][424.028s] GC(530) Skipped phase 4 of Reference Processing: no references
[2025-06-03T16:07:30.722+0530][424.029s] GC(530) To-space exhausted
[2025-06-03T16:07:30.722+0530][424.029s] GC(530)   Pre Evacuate Collection Set: 0.1ms
[2025-06-03T16:07:30.722+0530][424.029s] GC(530)   Merge Heap Roots: 0.1ms
[2025-06-03T16:07:30.723+0530][424.029s] GC(530)   Evacuate Collection Set: 0.5ms
[2025-06-03T16:07:30.723+0530][424.029s] GC(530)   Post Evacuate Collection Set: 0.7ms
[2025-06-03T16:07:30.723+0530][424.029s] GC(530)   Other: 0.2ms
[2025-06-03T16:07:30.723+0530][424.029s] GC(530) Eden regions: 1->0(25)
[2025-06-03T16:07:30.723+0530][424.029s] GC(530) Survivor regions: 0->0(0)
[2025-06-03T16:07:30.723+0530][424.029s] GC(530) Old regions: 509->510
[2025-06-03T16:07:30.723+0530][424.029s] GC(530) Archive regions: 2->2
[2025-06-03T16:07:30.723+0530][424.029s] GC(530) Humongous regions: 0->0
[2025-06-03T16:07:30.723+0530][424.029s] GC(530) Metaspace: 20317K(21056K)->20317K(21056K) NonClass: 17792K(18240K)->17792K(18240K) Class: 2525K(2816K)->2525K(2816K)
[2025-06-03T16:07:30.723+0530][424.029s] GC(530) Pause Young (Normal) (G1 Evacuation Pause) 510M->510M(512M) 1.586ms
[2025-06-03T16:07:30.723+0530][424.029s] GC(530) User=0.01s Sys=0.00s Real=0.00s
[2025-06-03T16:07:30.723+0530][424.029s] Attempting full compaction
[2025-06-03T16:07:30.723+0530][424.029s] GC(531) Using 8 workers of 8 for full compaction
[2025-06-03T16:07:30.723+0530][424.029s] GC(531) Pause Full (G1 Compaction Pause)
[2025-06-03T16:07:30.723+0530][424.029s] GC(531) Phase 1: Mark live objects
[2025-06-03T16:07:31.631+0530][424.937s] GC(531) ReferenceProcessor::execute queues: 8, RefProcThreadModel::Multi, marks_oops_alive: true
[2025-06-03T16:07:31.631+0530][424.937s] GC(531) ReferenceProcessor::execute queues: 2, RefProcThreadModel::Multi, marks_oops_alive: false
[2025-06-03T16:07:31.631+0530][424.937s] GC(531) Skipped phase 3 of Reference Processing: no references
[2025-06-03T16:07:31.631+0530][424.937s] GC(531) ReferenceProcessor::execute queues: 1, RefProcThreadModel::Single, marks_oops_alive: false
[2025-06-03T16:07:31.633+0530][424.939s] GC(531) Phase 1: Mark live objects 910.195ms
[2025-06-03T16:07:31.633+0530][424.939s] GC(531) Phase 2: Prepare for compaction
[2025-06-03T16:07:31.634+0530][424.940s] GC(531) Phase 2: Prepare for compaction 0.493ms
[2025-06-03T16:07:31.634+0530][424.940s] GC(531) Phase 3: Adjust pointers
[2025-06-03T16:07:31.691+0530][424.998s] GC(531) Phase 3: Adjust pointers 57.598ms
[2025-06-03T16:07:31.691+0530][424.998s] GC(531) Phase 4: Compact heap
[2025-06-03T16:07:31.692+0530][424.998s] GC(531) Phase 4: Compact heap 0.302ms
[2025-06-03T16:07:31.695+0530][425.002s] GC(531) Eden regions: 0->0(25)
[2025-06-03T16:07:31.696+0530][425.002s] GC(531) Survivor regions: 0->0(0)
[2025-06-03T16:07:31.696+0530][425.002s] GC(531) Old regions: 510->509
[2025-06-03T16:07:31.696+0530][425.002s] GC(531) Archive regions: 2->2
[2025-06-03T16:07:31.696+0530][425.002s] GC(531) Humongous regions: 0->0
[2025-06-03T16:07:31.696+0530][425.002s] GC(531) Metaspace: 20317K(21056K)->20314K(21056K) NonClass: 17792K(18240K)->17790K(18240K) Class: 2525K(2816K)->2524K(2816K)
[2025-06-03T16:07:31.696+0530][425.002s] GC(531) Pause Full (G1 Compaction Pause) 510M->509M(512M) 972.807ms
[2025-06-03T16:07:31.696+0530][425.002s] GC(531) User=2.25s Sys=0.08s Real=0.97s
[2025-06-03T16:07:31.704+0530][425.010s] GC(532) Pause Young (Concurrent Start) (G1 Evacuation Pause)
[2025-06-03T16:07:31.704+0530][425.010s] GC(532) Using 8 workers of 8 for evacuation
[2025-06-03T16:07:31.705+0530][425.011s] GC(532) Skipped phase 1 of Reference Processing: no references
[2025-06-03T16:07:31.705+0530][425.011s] GC(532) ReferenceProcessor::execute queues: 1, RefProcThreadModel::Single, marks_oops_alive: false
[2025-06-03T16:07:31.705+0530][425.011s] GC(532) Skipped phase 3 of Reference Processing: no references
[2025-06-03T16:07:31.705+0530][425.011s] GC(532) Skipped phase 4 of Reference Processing: no references
[2025-06-03T16:07:31.705+0530][425.011s] GC(532) To-space exhausted
[2025-06-03T16:07:31.705+0530][425.011s] GC(532)   Pre Evacuate Collection Set: 0.1ms
[2025-06-03T16:07:31.705+0530][425.011s] GC(532)   Merge Heap Roots: 0.0ms
[2025-06-03T16:07:31.705+0530][425.012s] GC(532)   Evacuate Collection Set: 0.6ms
[2025-06-03T16:07:31.705+0530][425.012s] GC(532)   Post Evacuate Collection Set: 0.6ms
[2025-06-03T16:07:31.705+0530][425.012s] GC(532)   Other: 0.2ms
[2025-06-03T16:07:31.705+0530][425.012s] GC(532) Eden regions: 1->0(25)
[2025-06-03T16:07:31.705+0530][425.012s] GC(532) Survivor regions: 0->0(0)
[2025-06-03T16:07:31.705+0530][425.012s] GC(532) Old regions: 509->510
[2025-06-03T16:07:31.705+0530][425.012s] GC(532) Archive regions: 2->2
[2025-06-03T16:07:31.705+0530][425.012s] GC(532) Humongous regions: 0->0
[2025-06-03T16:07:31.705+0530][425.012s] GC(532) Metaspace: 20317K(21056K)->20317K(21056K) NonClass: 17792K(18240K)->17792K(18240K) Class: 2525K(2816K)->2525K(2816K)
[2025-06-03T16:07:31.705+0530][425.012s] GC(532) Pause Young (Concurrent Start) (G1 Evacuation Pause) 510M->510M(512M) 1.656ms
[2025-06-03T16:07:31.705+0530][425.012s] GC(532) User=0.01s Sys=0.00s Real=0.00s
[2025-06-03T16:07:31.705+0530][425.012s] Attempting full compaction
[2025-06-03T16:07:31.705+0530][425.012s] GC(533) Concurrent Mark Cycle
[2025-06-03T16:07:31.706+0530][425.012s] GC(534) Using 8 workers of 8 for full compaction
[2025-06-03T16:07:31.706+0530][425.012s] GC(533) Concurrent Clear Claimed Marks
[2025-06-03T16:07:31.706+0530][425.012s] GC(534) Pause Full (G1 Compaction Pause)
[2025-06-03T16:07:31.706+0530][425.012s] GC(533) Concurrent Clear Claimed Marks 0.107ms
[2025-06-03T16:07:31.706+0530][425.012s] GC(533) Concurrent Scan Root Regions
[2025-06-03T16:07:31.706+0530][425.012s] GC(533) Concurrent Scan Root Regions 0.089ms
[2025-06-03T16:07:31.706+0530][425.012s] GC(533) Concurrent Mark
[2025-06-03T16:07:31.706+0530][425.012s] GC(533) Concurrent Mark From Roots
[2025-06-03T16:07:31.706+0530][425.012s] GC(533) Using 2 workers of 2 for marking
[2025-06-03T16:07:31.706+0530][425.012s] GC(534) Phase 1: Mark live objects
[2025-06-03T16:07:32.644+0530][425.950s] GC(534) ReferenceProcessor::execute queues: 8, RefProcThreadModel::Multi, marks_oops_alive: true
[2025-06-03T16:07:32.644+0530][425.950s] GC(534) ReferenceProcessor::execute queues: 2, RefProcThreadModel::Multi, marks_oops_alive: false
[2025-06-03T16:07:32.644+0530][425.950s] GC(534) Skipped phase 3 of Reference Processing: no references
[2025-06-03T16:07:32.644+0530][425.950s] GC(534) ReferenceProcessor::execute queues: 1, RefProcThreadModel::Single, marks_oops_alive: false
[2025-06-03T16:07:32.646+0530][425.952s] GC(534) Phase 1: Mark live objects 940.005ms
[2025-06-03T16:07:32.646+0530][425.953s] GC(534) Phase 2: Prepare for compaction
[2025-06-03T16:07:32.647+0530][425.953s] GC(534) Phase 2: Prepare for compaction 0.367ms
[2025-06-03T16:07:32.647+0530][425.953s] GC(534) Phase 3: Adjust pointers
[2025-06-03T16:07:32.710+0530][426.017s] GC(534) Phase 3: Adjust pointers 63.789ms
[2025-06-03T16:07:32.710+0530][426.017s] GC(534) Phase 4: Compact heap
[2025-06-03T16:07:32.711+0530][426.017s] GC(534) Phase 4: Compact heap 0.329ms
[2025-06-03T16:07:32.716+0530][426.022s] GC(534) Eden regions: 0->0(25)
[2025-06-03T16:07:32.716+0530][426.022s] GC(534) Survivor regions: 0->0(0)
[2025-06-03T16:07:32.716+0530][426.022s] GC(534) Old regions: 510->509
[2025-06-03T16:07:32.716+0530][426.022s] GC(534) Archive regions: 2->2
[2025-06-03T16:07:32.716+0530][426.022s] GC(534) Humongous regions: 0->0
[2025-06-03T16:07:32.716+0530][426.022s] GC(534) Metaspace: 20317K(21056K)->20290K(21056K) NonClass: 17792K(18240K)->17769K(18240K) Class: 2525K(2816K)->2520K(2816K)
[2025-06-03T16:07:32.716+0530][426.022s] GC(534) Pause Full (G1 Compaction Pause) 510M->509M(512M) 1010.096ms
[2025-06-03T16:07:32.716+0530][426.022s] GC(534) User=2.28s Sys=0.09s Real=1.01s
[2025-06-03T16:07:32.717+0530][426.023s] GC(533) Concurrent Mark From Roots 1010.581ms
[2025-06-03T16:07:32.717+0530][426.023s] GC(533) Concurrent Mark Abort
[2025-06-03T16:07:32.717+0530][426.023s] GC(533) Concurrent Mark Cycle 1011.225ms
[2025-06-03T16:07:32.720+0530][426.026s] GC(535) Pause Young (Normal) (G1 Evacuation Pause)
[2025-06-03T16:07:32.720+0530][426.026s] GC(535) Using 8 workers of 8 for evacuation
[2025-06-03T16:07:32.721+0530][426.027s] GC(535) Skipped phase 1 of Reference Processing: no references
[2025-06-03T16:07:32.721+0530][426.027s] GC(535) ReferenceProcessor::execute queues: 1, RefProcThreadModel::Single, marks_oops_alive: false
[2025-06-03T16:07:32.721+0530][426.027s] GC(535) Skipped phase 3 of Reference Processing: no references
[2025-06-03T16:07:32.721+0530][426.027s] GC(535) Skipped phase 4 of Reference Processing: no references
[2025-06-03T16:07:32.721+0530][426.028s] GC(535) To-space exhausted
[2025-06-03T16:07:32.721+0530][426.028s] GC(535)   Pre Evacuate Collection Set: 0.1ms
[2025-06-03T16:07:32.721+0530][426.028s] GC(535)   Merge Heap Roots: 0.0ms
[2025-06-03T16:07:32.721+0530][426.028s] GC(535)   Evacuate Collection Set: 0.4ms
[2025-06-03T16:07:32.721+0530][426.028s] GC(535)   Post Evacuate Collection Set: 0.6ms
[2025-06-03T16:07:32.721+0530][426.028s] GC(535)   Other: 0.2ms
[2025-06-03T16:07:32.721+0530][426.028s] GC(535) Eden regions: 1->0(25)
[2025-06-03T16:07:32.721+0530][426.028s] GC(535) Survivor regions: 0->0(0)
[2025-06-03T16:07:32.721+0530][426.028s] GC(535) Old regions: 509->510
[2025-06-03T16:07:32.721+0530][426.028s] GC(535) Archive regions: 2->2
[2025-06-03T16:07:32.721+0530][426.028s] GC(535) Humongous regions: 0->0
[2025-06-03T16:07:32.721+0530][426.028s] GC(535) Metaspace: 20294K(21056K)->20294K(21056K) NonClass: 17772K(18240K)->17772K(18240K) Class: 2521K(2816K)->2521K(2816K)
[2025-06-03T16:07:32.721+0530][426.028s] GC(535) Pause Young (Normal) (G1 Evacuation Pause) 510M->510M(512M) 1.436ms
[2025-06-03T16:07:32.722+0530][426.028s] GC(535) User=0.00s Sys=0.00s Real=0.00s
[2025-06-03T16:07:32.722+0530][426.028s] Attempting full compaction
[2025-06-03T16:07:32.722+0530][426.028s] GC(536) Using 8 workers of 8 for full compaction
[2025-06-03T16:07:32.722+0530][426.028s] GC(536) Pause Full (G1 Compaction Pause)
[2025-06-03T16:07:32.722+0530][426.028s] GC(536) Phase 1: Mark live objects
[2025-06-03T16:07:33.640+0530][426.946s] GC(536) ReferenceProcessor::execute queues: 8, RefProcThreadModel::Multi, marks_oops_alive: true
[2025-06-03T16:07:33.640+0530][426.946s] GC(536) ReferenceProcessor::execute queues: 2, RefProcThreadModel::Multi, marks_oops_alive: false
[2025-06-03T16:07:33.640+0530][426.947s] GC(536) Skipped phase 3 of Reference Processing: no references
[2025-06-03T16:07:33.640+0530][426.947s] GC(536) ReferenceProcessor::execute queues: 1, RefProcThreadModel::Single, marks_oops_alive: false
[2025-06-03T16:07:33.641+0530][426.948s] GC(536) Phase 1: Mark live objects 919.602ms
[2025-06-03T16:07:33.641+0530][426.948s] GC(536) Phase 2: Prepare for compaction
[2025-06-03T16:07:33.642+0530][426.948s] GC(536) Phase 2: Prepare for compaction 0.539ms
[2025-06-03T16:07:33.642+0530][426.948s] GC(536) Phase 3: Adjust pointers
[2025-06-03T16:07:33.699+0530][427.005s] GC(536) Phase 3: Adjust pointers 57.076ms
[2025-06-03T16:07:33.699+0530][427.005s] GC(536) Phase 4: Compact heap
[2025-06-03T16:07:33.699+0530][427.006s] GC(536) Phase 4: Compact heap 0.317ms
[2025-06-03T16:07:33.703+0530][427.009s] GC(536) Eden regions: 0->0(25)
[2025-06-03T16:07:33.703+0530][427.009s] GC(536) Survivor regions: 0->0(0)
[2025-06-03T16:07:33.703+0530][427.009s] GC(536) Old regions: 510->509
[2025-06-03T16:07:33.703+0530][427.009s] GC(536) Archive regions: 2->2
[2025-06-03T16:07:33.703+0530][427.009s] GC(536) Humongous regions: 0->0
[2025-06-03T16:07:33.703+0530][427.009s] GC(536) Metaspace: 20294K(21056K)->20294K(21056K) NonClass: 17772K(18240K)->17772K(18240K) Class: 2521K(2816K)->2521K(2816K)
[2025-06-03T16:07:33.703+0530][427.009s] GC(536) Pause Full (G1 Compaction Pause) 510M->509M(512M) 981.158ms
[2025-06-03T16:07:33.703+0530][427.009s] GC(536) User=2.26s Sys=0.08s Real=0.98s
[2025-06-03T16:07:33.706+0530][427.012s] GC(537) Pause Young (Concurrent Start) (G1 Evacuation Pause)
[2025-06-03T16:07:33.706+0530][427.012s] GC(537) Using 8 workers of 8 for evacuation
[2025-06-03T16:07:33.707+0530][427.013s] GC(537) Skipped phase 1 of Reference Processing: no references
[2025-06-03T16:07:33.707+0530][427.013s] GC(537) ReferenceProcessor::execute queues: 1, RefProcThreadModel::Single, marks_oops_alive: false
[2025-06-03T16:07:33.707+0530][427.013s] GC(537) Skipped phase 3 of Reference Processing: no references
[2025-06-03T16:07:33.707+0530][427.013s] GC(537) Skipped phase 4 of Reference Processing: no references
[2025-06-03T16:07:33.708+0530][427.014s] GC(537) To-space exhausted
[2025-06-03T16:07:33.708+0530][427.014s] GC(537)   Pre Evacuate Collection Set: 0.1ms
[2025-06-03T16:07:33.708+0530][427.014s] GC(537)   Merge Heap Roots: 0.0ms
[2025-06-03T16:07:33.708+0530][427.014s] GC(537)   Evacuate Collection Set: 0.6ms
[2025-06-03T16:07:33.708+0530][427.014s] GC(537)   Post Evacuate Collection Set: 0.7ms
[2025-06-03T16:07:33.708+0530][427.014s] GC(537)   Other: 0.2ms
[2025-06-03T16:07:33.708+0530][427.014s] GC(537) Eden regions: 1->0(25)
[2025-06-03T16:07:33.708+0530][427.014s] GC(537) Survivor regions: 0->0(0)
[2025-06-03T16:07:33.708+0530][427.014s] GC(537) Old regions: 509->510
[2025-06-03T16:07:33.708+0530][427.014s] GC(537) Archive regions: 2->2
[2025-06-03T16:07:33.708+0530][427.014s] GC(537) Humongous regions: 0->0
[2025-06-03T16:07:33.708+0530][427.014s] GC(537) Metaspace: 20312K(21056K)->20312K(21056K) NonClass: 17788K(18240K)->17788K(18240K) Class: 2524K(2816K)->2524K(2816K)
[2025-06-03T16:07:33.708+0530][427.014s] GC(537) Pause Young (Concurrent Start) (G1 Evacuation Pause) 510M->510M(512M) 1.847ms
[2025-06-03T16:07:33.708+0530][427.014s] GC(537) User=0.00s Sys=0.00s Real=0.00s
[2025-06-03T16:07:33.708+0530][427.014s] Attempting full compaction
[2025-06-03T16:07:33.708+0530][427.014s] GC(538) Concurrent Mark Cycle
[2025-06-03T16:07:33.708+0530][427.014s] GC(539) Using 8 workers of 8 for full compaction
[2025-06-03T16:07:33.708+0530][427.014s] GC(538) Concurrent Clear Claimed Marks
[2025-06-03T16:07:33.708+0530][427.015s] GC(539) Pause Full (G1 Compaction Pause)
[2025-06-03T16:07:33.708+0530][427.015s] GC(538) Concurrent Clear Claimed Marks 0.115ms
[2025-06-03T16:07:33.708+0530][427.015s] GC(538) Concurrent Scan Root Regions
[2025-06-03T16:07:33.708+0530][427.015s] GC(538) Concurrent Scan Root Regions 0.013ms
[2025-06-03T16:07:33.708+0530][427.015s] GC(538) Concurrent Mark
[2025-06-03T16:07:33.708+0530][427.015s] GC(538) Concurrent Mark From Roots
[2025-06-03T16:07:33.708+0530][427.015s] GC(538) Using 2 workers of 2 for marking
[2025-06-03T16:07:33.709+0530][427.015s] GC(539) Phase 1: Mark live objects
[2025-06-03T16:07:34.614+0530][427.920s] GC(539) ReferenceProcessor::execute queues: 8, RefProcThreadModel::Multi, marks_oops_alive: true
[2025-06-03T16:07:34.614+0530][427.920s] GC(539) ReferenceProcessor::execute queues: 2, RefProcThreadModel::Multi, marks_oops_alive: false
[2025-06-03T16:07:34.614+0530][427.921s] GC(539) Skipped phase 3 of Reference Processing: no references
[2025-06-03T16:07:34.614+0530][427.921s] GC(539) ReferenceProcessor::execute queues: 1, RefProcThreadModel::Single, marks_oops_alive: false
[2025-06-03T16:07:34.617+0530][427.923s] GC(539) Phase 1: Mark live objects 908.007ms
[2025-06-03T16:07:34.617+0530][427.923s] GC(539) Phase 2: Prepare for compaction
[2025-06-03T16:07:34.617+0530][427.924s] GC(539) Phase 2: Prepare for compaction 0.495ms
[2025-06-03T16:07:34.617+0530][427.924s] GC(539) Phase 3: Adjust pointers
[2025-06-03T16:07:34.674+0530][427.981s] GC(539) Phase 3: Adjust pointers 56.931ms
[2025-06-03T16:07:34.674+0530][427.981s] GC(539) Phase 4: Compact heap
[2025-06-03T16:07:34.675+0530][427.981s] GC(539) Phase 4: Compact heap 0.352ms
[2025-06-03T16:07:34.678+0530][427.984s] GC(539) Eden regions: 0->0(25)
[2025-06-03T16:07:34.678+0530][427.984s] GC(539) Survivor regions: 0->0(0)
[2025-06-03T16:07:34.678+0530][427.984s] GC(539) Old regions: 510->509
[2025-06-03T16:07:34.678+0530][427.984s] GC(539) Archive regions: 2->2
[2025-06-03T16:07:34.678+0530][427.984s] GC(539) Humongous regions: 0->0
[2025-06-03T16:07:34.678+0530][427.984s] GC(539) Metaspace: 20312K(21056K)->20296K(21056K) NonClass: 17788K(18240K)->17774K(18240K) Class: 2524K(2816K)->2521K(2816K)
[2025-06-03T16:07:34.678+0530][427.984s] GC(539) Pause Full (G1 Compaction Pause) 510M->509M(512M) 969.898ms
[2025-06-03T16:07:34.678+0530][427.985s] GC(539) User=2.24s Sys=0.08s Real=0.97s
[2025-06-03T16:07:34.679+0530][427.985s] GC(538) Concurrent Mark From Roots 970.344ms
[2025-06-03T16:07:34.679+0530][427.985s] GC(538) Concurrent Mark Abort
[2025-06-03T16:07:34.679+0530][427.985s] GC(538) Concurrent Mark Cycle 970.697ms
[2025-06-03T16:07:34.685+0530][427.992s] GC(540) Pause Young (Normal) (G1 Evacuation Pause)
[2025-06-03T16:07:34.685+0530][427.992s] GC(540) Using 8 workers of 8 for evacuation
[2025-06-03T16:07:34.686+0530][427.992s] GC(540) Skipped phase 1 of Reference Processing: no references
[2025-06-03T16:07:34.686+0530][427.992s] GC(540) ReferenceProcessor::execute queues: 1, RefProcThreadModel::Single, marks_oops_alive: false
[2025-06-03T16:07:34.686+0530][427.992s] GC(540) Skipped phase 3 of Reference Processing: no references
[2025-06-03T16:07:34.686+0530][427.992s] GC(540) Skipped phase 4 of Reference Processing: no references
[2025-06-03T16:07:34.687+0530][427.993s] GC(540) To-space exhausted
[2025-06-03T16:07:34.687+0530][427.993s] GC(540)   Pre Evacuate Collection Set: 0.1ms
[2025-06-03T16:07:34.687+0530][427.993s] GC(540)   Merge Heap Roots: 0.0ms
[2025-06-03T16:07:34.687+0530][427.993s] GC(540)   Evacuate Collection Set: 0.4ms
[2025-06-03T16:07:34.687+0530][427.993s] GC(540)   Post Evacuate Collection Set: 0.6ms
[2025-06-03T16:07:34.687+0530][427.993s] GC(540)   Other: 0.2ms
[2025-06-03T16:07:34.687+0530][427.993s] GC(540) Eden regions: 1->0(25)
[2025-06-03T16:07:34.687+0530][427.993s] GC(540) Survivor regions: 0->0(0)
[2025-06-03T16:07:34.687+0530][427.993s] GC(540) Old regions: 509->510
[2025-06-03T16:07:34.687+0530][427.993s] GC(540) Archive regions: 2->2
[2025-06-03T16:07:34.687+0530][427.993s] GC(540) Humongous regions: 0->0
[2025-06-03T16:07:34.687+0530][427.993s] GC(540) Metaspace: 20315K(21056K)->20315K(21056K) NonClass: 17790K(18240K)->17790K(18240K) Class: 2524K(2816K)->2524K(2816K)
[2025-06-03T16:07:34.687+0530][427.993s] GC(540) Pause Young (Normal) (G1 Evacuation Pause) 510M->510M(512M) 1.401ms
[2025-06-03T16:07:34.687+0530][427.993s] GC(540) User=0.01s Sys=0.00s Real=0.00s
[2025-06-03T16:07:34.687+0530][427.993s] Attempting full compaction
[2025-06-03T16:07:34.687+0530][427.993s] GC(541) Using 8 workers of 8 for full compaction
[2025-06-03T16:07:34.687+0530][427.993s] GC(541) Pause Full (G1 Compaction Pause)
[2025-06-03T16:07:34.687+0530][427.993s] GC(541) Phase 1: Mark live objects
[2025-06-03T16:07:35.616+0530][428.923s] GC(541) ReferenceProcessor::execute queues: 8, RefProcThreadModel::Multi, marks_oops_alive: true
[2025-06-03T16:07:35.616+0530][428.923s] GC(541) ReferenceProcessor::execute queues: 2, RefProcThreadModel::Multi, marks_oops_alive: false
[2025-06-03T16:07:35.616+0530][428.923s] GC(541) Skipped phase 3 of Reference Processing: no references
[2025-06-03T16:07:35.616+0530][428.923s] GC(541) ReferenceProcessor::execute queues: 1, RefProcThreadModel::Single, marks_oops_alive: false
[2025-06-03T16:07:35.619+0530][428.925s] GC(541) Phase 1: Mark live objects 931.619ms
[2025-06-03T16:07:35.619+0530][428.925s] GC(541) Phase 2: Prepare for compaction
[2025-06-03T16:07:35.619+0530][428.926s] GC(541) Phase 2: Prepare for compaction 0.455ms
[2025-06-03T16:07:35.619+0530][428.926s] GC(541) Phase 3: Adjust pointers
[2025-06-03T16:07:35.680+0530][428.987s] GC(541) Phase 3: Adjust pointers 61.135ms
[2025-06-03T16:07:35.680+0530][428.987s] GC(541) Phase 4: Compact heap
[2025-06-03T16:07:35.681+0530][428.987s] GC(541) Phase 4: Compact heap 0.308ms
[2025-06-03T16:07:35.684+0530][428.991s] GC(541) Eden regions: 0->0(25)
[2025-06-03T16:07:35.684+0530][428.991s] GC(541) Survivor regions: 0->0(0)
[2025-06-03T16:07:35.684+0530][428.991s] GC(541) Old regions: 510->509
[2025-06-03T16:07:35.684+0530][428.991s] GC(541) Archive regions: 2->2
[2025-06-03T16:07:35.684+0530][428.991s] GC(541) Humongous regions: 0->0
[2025-06-03T16:07:35.684+0530][428.991s] GC(541) Metaspace: 20315K(21056K)->20311K(21056K) NonClass: 17790K(18240K)->17787K(18240K) Class: 2524K(2816K)->2524K(2816K)
[2025-06-03T16:07:35.684+0530][428.991s] GC(541) Pause Full (G1 Compaction Pause) 510M->509M(512M) 997.419ms
[2025-06-03T16:07:35.685+0530][428.991s] GC(541) User=2.29s Sys=0.08s Real=1.00s
[2025-06-03T16:07:35.690+0530][428.996s] GC(542) Pause Young (Concurrent Start) (G1 Evacuation Pause)
[2025-06-03T16:07:35.690+0530][428.996s] GC(542) Using 8 workers of 8 for evacuation
[2025-06-03T16:07:35.690+0530][428.997s] GC(542) Skipped phase 1 of Reference Processing: no references
[2025-06-03T16:07:35.691+0530][428.997s] GC(542) ReferenceProcessor::execute queues: 1, RefProcThreadModel::Single, marks_oops_alive: false
[2025-06-03T16:07:35.691+0530][428.997s] GC(542) Skipped phase 3 of Reference Processing: no references
[2025-06-03T16:07:35.691+0530][428.997s] GC(542) Skipped phase 4 of Reference Processing: no references
[2025-06-03T16:07:35.692+0530][428.998s] GC(542) To-space exhausted
[2025-06-03T16:07:35.692+0530][428.998s] GC(542)   Pre Evacuate Collection Set: 0.1ms
[2025-06-03T16:07:35.692+0530][428.998s] GC(542)   Merge Heap Roots: 0.0ms
[2025-06-03T16:07:35.692+0530][428.998s] GC(542)   Evacuate Collection Set: 0.6ms
[2025-06-03T16:07:35.692+0530][428.998s] GC(542)   Post Evacuate Collection Set: 1.0ms
[2025-06-03T16:07:35.692+0530][428.998s] GC(542)   Other: 0.2ms
[2025-06-03T16:07:35.692+0530][428.998s] GC(542) Eden regions: 1->0(25)
[2025-06-03T16:07:35.692+0530][428.998s] GC(542) Survivor regions: 0->0(0)
[2025-06-03T16:07:35.692+0530][428.998s] GC(542) Old regions: 509->510
[2025-06-03T16:07:35.692+0530][428.998s] GC(542) Archive regions: 2->2
[2025-06-03T16:07:35.692+0530][428.998s] GC(542) Humongous regions: 0->0
[2025-06-03T16:07:35.692+0530][428.998s] GC(542) Metaspace: 20318K(21056K)->20318K(21056K) NonClass: 17793K(18240K)->17793K(18240K) Class: 2525K(2816K)->2525K(2816K)
[2025-06-03T16:07:35.692+0530][428.998s] GC(542) Pause Young (Concurrent Start) (G1 Evacuation Pause) 510M->510M(512M) 2.151ms
[2025-06-03T16:07:35.692+0530][428.998s] GC(542) User=0.01s Sys=0.00s Real=0.00s
[2025-06-03T16:07:35.692+0530][428.998s] Attempting full compaction
[2025-06-03T16:07:35.692+0530][428.998s] GC(543) Concurrent Mark Cycle
[2025-06-03T16:07:35.692+0530][428.998s] GC(544) Using 8 workers of 8 for full compaction
[2025-06-03T16:07:35.692+0530][428.998s] GC(543) Concurrent Clear Claimed Marks
[2025-06-03T16:07:35.692+0530][428.998s] GC(543) Concurrent Clear Claimed Marks 0.062ms
[2025-06-03T16:07:35.692+0530][428.998s] GC(544) Pause Full (G1 Compaction Pause)
[2025-06-03T16:07:35.692+0530][428.998s] GC(543) Concurrent Scan Root Regions
[2025-06-03T16:07:35.692+0530][428.998s] GC(543) Concurrent Scan Root Regions 0.044ms
[2025-06-03T16:07:35.692+0530][428.998s] GC(543) Concurrent Mark
[2025-06-03T16:07:35.692+0530][428.998s] GC(543) Concurrent Mark From Roots
[2025-06-03T16:07:35.692+0530][428.998s] GC(543) Using 2 workers of 2 for marking
[2025-06-03T16:07:35.692+0530][428.999s] GC(544) Phase 1: Mark live objects
[2025-06-03T16:07:36.619+0530][429.925s] GC(544) ReferenceProcessor::execute queues: 8, RefProcThreadModel::Multi, marks_oops_alive: true
[2025-06-03T16:07:36.619+0530][429.925s] GC(544) ReferenceProcessor::execute queues: 2, RefProcThreadModel::Multi, marks_oops_alive: false
[2025-06-03T16:07:36.619+0530][429.926s] GC(544) Skipped phase 3 of Reference Processing: no references
[2025-06-03T16:07:36.619+0530][429.926s] GC(544) ReferenceProcessor::execute queues: 1, RefProcThreadModel::Single, marks_oops_alive: false
[2025-06-03T16:07:36.622+0530][429.928s] GC(544) Phase 1: Mark live objects 929.154ms
[2025-06-03T16:07:36.622+0530][429.928s] GC(544) Phase 2: Prepare for compaction
[2025-06-03T16:07:36.622+0530][429.929s] GC(544) Phase 2: Prepare for compaction 0.509ms
[2025-06-03T16:07:36.622+0530][429.929s] GC(544) Phase 3: Adjust pointers
[2025-06-03T16:07:36.682+0530][429.988s] GC(544) Phase 3: Adjust pointers 59.391ms
[2025-06-03T16:07:36.682+0530][429.988s] GC(544) Phase 4: Compact heap
[2025-06-03T16:07:36.682+0530][429.988s] GC(544) Phase 4: Compact heap 0.309ms
[2025-06-03T16:07:36.686+0530][429.992s] GC(544) Eden regions: 0->0(25)
[2025-06-03T16:07:36.686+0530][429.992s] GC(544) Survivor regions: 0->0(0)
[2025-06-03T16:07:36.686+0530][429.992s] GC(544) Old regions: 510->509
[2025-06-03T16:07:36.686+0530][429.992s] GC(544) Archive regions: 2->2
[2025-06-03T16:07:36.686+0530][429.992s] GC(544) Humongous regions: 0->0
[2025-06-03T16:07:36.686+0530][429.992s] GC(544) Metaspace: 20318K(21056K)->20294K(21056K) NonClass: 17793K(18240K)->17773K(18240K) Class: 2525K(2816K)->2521K(2816K)
[2025-06-03T16:07:36.686+0530][429.992s] GC(544) Pause Full (G1 Compaction Pause) 510M->509M(512M) 993.967ms
[2025-06-03T16:07:36.686+0530][429.993s] GC(544) User=2.29s Sys=0.10s Real=0.99s
[2025-06-03T16:07:36.687+0530][429.993s] GC(543) Concurrent Mark From Roots 994.459ms
[2025-06-03T16:07:36.687+0530][429.993s] GC(543) Concurrent Mark Abort
[2025-06-03T16:07:36.687+0530][429.993s] GC(543) Concurrent Mark Cycle 994.807ms
[2025-06-03T16:07:36.690+0530][429.997s] GC(545) Pause Young (Normal) (G1 Evacuation Pause)
[2025-06-03T16:07:36.691+0530][429.997s] GC(545) Using 8 workers of 8 for evacuation
[2025-06-03T16:07:36.691+0530][429.998s] GC(545) Skipped phase 1 of Reference Processing: no references
[2025-06-03T16:07:36.691+0530][429.998s] GC(545) ReferenceProcessor::execute queues: 1, RefProcThreadModel::Single, marks_oops_alive: false
[2025-06-03T16:07:36.691+0530][429.998s] GC(545) Skipped phase 3 of Reference Processing: no references
[2025-06-03T16:07:36.691+0530][429.998s] GC(545) Skipped phase 4 of Reference Processing: no references
[2025-06-03T16:07:36.692+0530][429.998s] GC(545) To-space exhausted
[2025-06-03T16:07:36.692+0530][429.998s] GC(545)   Pre Evacuate Collection Set: 0.1ms
[2025-06-03T16:07:36.692+0530][429.998s] GC(545)   Merge Heap Roots: 0.0ms
[2025-06-03T16:07:36.692+0530][429.998s] GC(545)   Evacuate Collection Set: 0.5ms
[2025-06-03T16:07:36.692+0530][429.998s] GC(545)   Post Evacuate Collection Set: 0.7ms
[2025-06-03T16:07:36.692+0530][429.998s] GC(545)   Other: 0.3ms
[2025-06-03T16:07:36.692+0530][429.998s] GC(545) Eden regions: 1->0(25)
[2025-06-03T16:07:36.692+0530][429.998s] GC(545) Survivor regions: 0->0(0)
[2025-06-03T16:07:36.692+0530][429.998s] GC(545) Old regions: 509->510
[2025-06-03T16:07:36.692+0530][429.998s] GC(545) Archive regions: 2->2
[2025-06-03T16:07:36.692+0530][429.998s] GC(545) Humongous regions: 0->0
[2025-06-03T16:07:36.692+0530][429.998s] GC(545) Metaspace: 20313K(21056K)->20313K(21056K) NonClass: 17789K(18240K)->17789K(18240K) Class: 2524K(2816K)->2524K(2816K)
[2025-06-03T16:07:36.692+0530][429.998s] GC(545) Pause Young (Normal) (G1 Evacuation Pause) 510M->510M(512M) 1.722ms
[2025-06-03T16:07:36.692+0530][429.999s] GC(545) User=0.01s Sys=0.00s Real=0.00s
[2025-06-03T16:07:36.692+0530][429.999s] Attempting full compaction
[2025-06-03T16:07:36.692+0530][429.999s] GC(546) Using 8 workers of 8 for full compaction
[2025-06-03T16:07:36.692+0530][429.999s] GC(546) Pause Full (G1 Compaction Pause)
[2025-06-03T16:07:36.692+0530][429.999s] GC(546) Phase 1: Mark live objects
[2025-06-03T16:07:37.586+0530][430.892s] GC(546) ReferenceProcessor::execute queues: 8, RefProcThreadModel::Multi, marks_oops_alive: true
[2025-06-03T16:07:37.586+0530][430.892s] GC(546) ReferenceProcessor::execute queues: 2, RefProcThreadModel::Multi, marks_oops_alive: false
[2025-06-03T16:07:37.586+0530][430.892s] GC(546) Skipped phase 3 of Reference Processing: no references
[2025-06-03T16:07:37.586+0530][430.892s] GC(546) ReferenceProcessor::execute queues: 1, RefProcThreadModel::Single, marks_oops_alive: false
[2025-06-03T16:07:37.588+0530][430.894s] GC(546) Phase 1: Mark live objects 895.791ms
[2025-06-03T16:07:37.588+0530][430.895s] GC(546) Phase 2: Prepare for compaction
[2025-06-03T16:07:37.589+0530][430.895s] GC(546) Phase 2: Prepare for compaction 0.481ms
[2025-06-03T16:07:37.589+0530][430.895s] GC(546) Phase 3: Adjust pointers
[2025-06-03T16:07:37.647+0530][430.953s] GC(546) Phase 3: Adjust pointers 58.305ms
[2025-06-03T16:07:37.647+0530][430.953s] GC(546) Phase 4: Compact heap
[2025-06-03T16:07:37.647+0530][430.954s] GC(546) Phase 4: Compact heap 0.343ms
[2025-06-03T16:07:37.651+0530][430.957s] GC(546) Eden regions: 0->0(25)
[2025-06-03T16:07:37.651+0530][430.957s] GC(546) Survivor regions: 0->0(0)
[2025-06-03T16:07:37.651+0530][430.957s] GC(546) Old regions: 510->509
[2025-06-03T16:07:37.651+0530][430.957s] GC(546) Archive regions: 2->2
[2025-06-03T16:07:37.651+0530][430.957s] GC(546) Humongous regions: 0->0
[2025-06-03T16:07:37.651+0530][430.957s] GC(546) Metaspace: 20313K(21056K)->20297K(21056K) NonClass: 17789K(18240K)->17775K(18240K) Class: 2524K(2816K)->2521K(2816K)
[2025-06-03T16:07:37.651+0530][430.957s] GC(546) Pause Full (G1 Compaction Pause) 510M->509M(512M) 958.580ms
[2025-06-03T16:07:37.651+0530][430.958s] GC(546) User=2.22s Sys=0.09s Real=0.96s
[2025-06-03T16:07:37.661+0530][430.967s] GC(547) Pause Young (Concurrent Start) (G1 Evacuation Pause)
[2025-06-03T16:07:37.661+0530][430.967s] GC(547) Using 8 workers of 8 for evacuation
[2025-06-03T16:07:37.662+0530][430.968s] GC(547) Skipped phase 1 of Reference Processing: no references
[2025-06-03T16:07:37.662+0530][430.968s] GC(547) ReferenceProcessor::execute queues: 1, RefProcThreadModel::Single, marks_oops_alive: false
[2025-06-03T16:07:37.662+0530][430.968s] GC(547) Skipped phase 3 of Reference Processing: no references
[2025-06-03T16:07:37.662+0530][430.968s] GC(547) Skipped phase 4 of Reference Processing: no references
[2025-06-03T16:07:37.662+0530][430.969s] GC(547) To-space exhausted
[2025-06-03T16:07:37.662+0530][430.969s] GC(547)   Pre Evacuate Collection Set: 0.1ms
[2025-06-03T16:07:37.662+0530][430.969s] GC(547)   Merge Heap Roots: 0.1ms
[2025-06-03T16:07:37.662+0530][430.969s] GC(547)   Evacuate Collection Set: 0.6ms
[2025-06-03T16:07:37.662+0530][430.969s] GC(547)   Post Evacuate Collection Set: 0.6ms
[2025-06-03T16:07:37.662+0530][430.969s] GC(547)   Other: 0.3ms
[2025-06-03T16:07:37.663+0530][430.969s] GC(547) Eden regions: 1->0(25)
[2025-06-03T16:07:37.663+0530][430.969s] GC(547) Survivor regions: 0->0(0)
[2025-06-03T16:07:37.663+0530][430.969s] GC(547) Old regions: 509->510
[2025-06-03T16:07:37.663+0530][430.969s] GC(547) Archive regions: 2->2
[2025-06-03T16:07:37.663+0530][430.969s] GC(547) Humongous regions: 0->0
[2025-06-03T16:07:37.663+0530][430.969s] GC(547) Metaspace: 20316K(21056K)->20316K(21056K) NonClass: 17792K(18240K)->17792K(18240K) Class: 2524K(2816K)->2524K(2816K)
[2025-06-03T16:07:37.663+0530][430.969s] GC(547) Pause Young (Concurrent Start) (G1 Evacuation Pause) 510M->510M(512M) 1.789ms
[2025-06-03T16:07:37.663+0530][430.969s] GC(547) User=0.01s Sys=0.00s Real=0.00s
[2025-06-03T16:07:37.663+0530][430.969s] Attempting full compaction
[2025-06-03T16:07:37.663+0530][430.969s] GC(548) Concurrent Mark Cycle
[2025-06-03T16:07:37.663+0530][430.969s] GC(549) Using 8 workers of 8 for full compaction
[2025-06-03T16:07:37.663+0530][430.969s] GC(548) Concurrent Clear Claimed Marks
[2025-06-03T16:07:37.663+0530][430.969s] GC(549) Pause Full (G1 Compaction Pause)
[2025-06-03T16:07:37.663+0530][430.969s] GC(548) Concurrent Clear Claimed Marks 0.105ms
[2025-06-03T16:07:37.663+0530][430.969s] GC(548) Concurrent Scan Root Regions
[2025-06-03T16:07:37.663+0530][430.969s] GC(548) Concurrent Scan Root Regions 0.051ms
[2025-06-03T16:07:37.663+0530][430.969s] GC(548) Concurrent Mark
[2025-06-03T16:07:37.663+0530][430.969s] GC(548) Concurrent Mark From Roots
[2025-06-03T16:07:37.663+0530][430.970s] GC(548) Using 2 workers of 2 for marking
[2025-06-03T16:07:37.663+0530][430.970s] GC(549) Phase 1: Mark live objects
[2025-06-03T16:07:38.600+0530][431.906s] GC(549) ReferenceProcessor::execute queues: 8, RefProcThreadModel::Multi, marks_oops_alive: true
[2025-06-03T16:07:38.600+0530][431.907s] GC(549) ReferenceProcessor::execute queues: 2, RefProcThreadModel::Multi, marks_oops_alive: false
[2025-06-03T16:07:38.600+0530][431.907s] GC(549) Skipped phase 3 of Reference Processing: no references
[2025-06-03T16:07:38.600+0530][431.907s] GC(549) ReferenceProcessor::execute queues: 1, RefProcThreadModel::Single, marks_oops_alive: false
[2025-06-03T16:07:38.601+0530][431.908s] GC(549) Phase 1: Mark live objects 938.057ms
[2025-06-03T16:07:38.601+0530][431.908s] GC(549) Phase 2: Prepare for compaction
[2025-06-03T16:07:38.602+0530][431.908s] GC(549) Phase 2: Prepare for compaction 0.430ms
[2025-06-03T16:07:38.602+0530][431.908s] GC(549) Phase 3: Adjust pointers
[2025-06-03T16:07:38.661+0530][431.968s] GC(549) Phase 3: Adjust pointers 59.500ms
[2025-06-03T16:07:38.661+0530][431.968s] GC(549) Phase 4: Compact heap
[2025-06-03T16:07:38.662+0530][431.968s] GC(549) Phase 4: Compact heap 0.307ms
[2025-06-03T16:07:38.665+0530][431.972s] GC(549) Eden regions: 0->0(25)
[2025-06-03T16:07:38.665+0530][431.972s] GC(549) Survivor regions: 0->0(0)
[2025-06-03T16:07:38.665+0530][431.972s] GC(549) Old regions: 510->509
[2025-06-03T16:07:38.665+0530][431.972s] GC(549) Archive regions: 2->2
[2025-06-03T16:07:38.665+0530][431.972s] GC(549) Humongous regions: 0->0
[2025-06-03T16:07:38.665+0530][431.972s] GC(549) Metaspace: 20316K(21056K)->20316K(21056K) NonClass: 17792K(18240K)->17792K(18240K) Class: 2524K(2816K)->2524K(2816K)
[2025-06-03T16:07:38.665+0530][431.972s] GC(549) Pause Full (G1 Compaction Pause) 510M->509M(512M) 1002.664ms
[2025-06-03T16:07:38.666+0530][431.972s] GC(549) User=2.26s Sys=0.08s Real=1.00s
[2025-06-03T16:07:38.666+0530][431.972s] GC(548) Concurrent Mark From Roots 1002.762ms
[2025-06-03T16:07:38.666+0530][431.972s] GC(548) Concurrent Mark Abort
[2025-06-03T16:07:38.666+0530][431.972s] GC(548) Concurrent Mark Cycle 1003.247ms
[2025-06-03T16:07:38.671+0530][431.978s] GC(550) Pause Young (Normal) (G1 Evacuation Pause)
[2025-06-03T16:07:38.671+0530][431.978s] GC(550) Using 8 workers of 8 for evacuation
[2025-06-03T16:07:38.672+0530][431.978s] GC(550) Skipped phase 1 of Reference Processing: no references
[2025-06-03T16:07:38.672+0530][431.978s] GC(550) ReferenceProcessor::execute queues: 1, RefProcThreadModel::Single, marks_oops_alive: false
[2025-06-03T16:07:38.672+0530][431.978s] GC(550) Skipped phase 3 of Reference Processing: no references
[2025-06-03T16:07:38.672+0530][431.978s] GC(550) Skipped phase 4 of Reference Processing: no references
[2025-06-03T16:07:38.673+0530][431.979s] GC(550) To-space exhausted
[2025-06-03T16:07:38.673+0530][431.979s] GC(550)   Pre Evacuate Collection Set: 0.1ms
[2025-06-03T16:07:38.673+0530][431.979s] GC(550)   Merge Heap Roots: 0.0ms
[2025-06-03T16:07:38.673+0530][431.979s] GC(550)   Evacuate Collection Set: 0.5ms
[2025-06-03T16:07:38.673+0530][431.979s] GC(550)   Post Evacuate Collection Set: 0.7ms
[2025-06-03T16:07:38.673+0530][431.979s] GC(550)   Other: 0.2ms
[2025-06-03T16:07:38.673+0530][431.979s] GC(550) Eden regions: 1->0(25)
[2025-06-03T16:07:38.673+0530][431.979s] GC(550) Survivor regions: 0->0(0)
[2025-06-03T16:07:38.673+0530][431.979s] GC(550) Old regions: 509->510
[2025-06-03T16:07:38.673+0530][431.979s] GC(550) Archive regions: 2->2
[2025-06-03T16:07:38.673+0530][431.979s] GC(550) Humongous regions: 0->0
[2025-06-03T16:07:38.673+0530][431.979s] GC(550) Metaspace: 20330K(21056K)->20330K(21056K) NonClass: 17805K(18240K)->17805K(18240K) Class: 2525K(2816K)->2525K(2816K)
[2025-06-03T16:07:38.673+0530][431.979s] GC(550) Pause Young (Normal) (G1 Evacuation Pause) 510M->510M(512M) 1.548ms
[2025-06-03T16:07:38.673+0530][431.979s] GC(550) User=0.01s Sys=0.00s Real=0.00s
[2025-06-03T16:07:38.673+0530][431.979s] Attempting full compaction
[2025-06-03T16:07:38.673+0530][431.979s] GC(551) Using 8 workers of 8 for full compaction
[2025-06-03T16:07:38.673+0530][431.979s] GC(551) Pause Full (G1 Compaction Pause)
[2025-06-03T16:07:38.673+0530][431.979s] GC(551) Phase 1: Mark live objects
[2025-06-03T16:07:39.559+0530][432.865s] GC(551) ReferenceProcessor::execute queues: 8, RefProcThreadModel::Multi, marks_oops_alive: true
[2025-06-03T16:07:39.559+0530][432.865s] GC(551) ReferenceProcessor::execute queues: 2, RefProcThreadModel::Multi, marks_oops_alive: false
[2025-06-03T16:07:39.559+0530][432.865s] GC(551) Skipped phase 3 of Reference Processing: no references
[2025-06-03T16:07:39.559+0530][432.865s] GC(551) ReferenceProcessor::execute queues: 1, RefProcThreadModel::Single, marks_oops_alive: false
[2025-06-03T16:07:39.561+0530][432.868s] GC(551) Phase 1: Mark live objects 888.536ms
[2025-06-03T16:07:39.562+0530][432.868s] GC(551) Phase 2: Prepare for compaction
[2025-06-03T16:07:39.562+0530][432.868s] GC(551) Phase 2: Prepare for compaction 0.470ms
[2025-06-03T16:07:39.562+0530][432.868s] GC(551) Phase 3: Adjust pointers
[2025-06-03T16:07:39.619+0530][432.926s] GC(551) Phase 3: Adjust pointers 57.217ms
[2025-06-03T16:07:39.619+0530][432.926s] GC(551) Phase 4: Compact heap
[2025-06-03T16:07:39.620+0530][432.926s] GC(551) Phase 4: Compact heap 0.288ms
[2025-06-03T16:07:39.623+0530][432.929s] GC(551) Eden regions: 0->0(25)
[2025-06-03T16:07:39.623+0530][432.929s] GC(551) Survivor regions: 0->0(0)
[2025-06-03T16:07:39.623+0530][432.929s] GC(551) Old regions: 510->509
[2025-06-03T16:07:39.623+0530][432.929s] GC(551) Archive regions: 2->2
[2025-06-03T16:07:39.623+0530][432.929s] GC(551) Humongous regions: 0->0
[2025-06-03T16:07:39.623+0530][432.929s] GC(551) Metaspace: 20330K(21056K)->20303K(21056K) NonClass: 17805K(18240K)->17782K(18240K) Class: 2525K(2816K)->2521K(2816K)
[2025-06-03T16:07:39.623+0530][432.929s] GC(551) Pause Full (G1 Compaction Pause) 510M->509M(512M) 950.119ms
[2025-06-03T16:07:39.623+0530][432.930s] GC(551) User=2.19s Sys=0.08s Real=0.95s
[2025-06-03T16:07:39.628+0530][432.934s] GC(552) Pause Young (Concurrent Start) (G1 Evacuation Pause)
[2025-06-03T16:07:39.628+0530][432.934s] GC(552) Using 8 workers of 8 for evacuation
[2025-06-03T16:07:39.629+0530][432.935s] GC(552) Skipped phase 1 of Reference Processing: no references
[2025-06-03T16:07:39.629+0530][432.935s] GC(552) ReferenceProcessor::execute queues: 1, RefProcThreadModel::Single, marks_oops_alive: false
[2025-06-03T16:07:39.629+0530][432.935s] GC(552) Skipped phase 3 of Reference Processing: no references
[2025-06-03T16:07:39.629+0530][432.935s] GC(552) Skipped phase 4 of Reference Processing: no references
[2025-06-03T16:07:39.629+0530][432.936s] GC(552) To-space exhausted
[2025-06-03T16:07:39.629+0530][432.936s] GC(552)   Pre Evacuate Collection Set: 0.1ms
[2025-06-03T16:07:39.629+0530][432.936s] GC(552)   Merge Heap Roots: 0.1ms
[2025-06-03T16:07:39.629+0530][432.936s] GC(552)   Evacuate Collection Set: 0.6ms
[2025-06-03T16:07:39.629+0530][432.936s] GC(552)   Post Evacuate Collection Set: 0.6ms
[2025-06-03T16:07:39.629+0530][432.936s] GC(552)   Other: 0.2ms
[2025-06-03T16:07:39.629+0530][432.936s] GC(552) Eden regions: 1->0(25)
[2025-06-03T16:07:39.629+0530][432.936s] GC(552) Survivor regions: 0->0(0)
[2025-06-03T16:07:39.629+0530][432.936s] GC(552) Old regions: 509->510
[2025-06-03T16:07:39.629+0530][432.936s] GC(552) Archive regions: 2->2
[2025-06-03T16:07:39.629+0530][432.936s] GC(552) Humongous regions: 0->0
[2025-06-03T16:07:39.629+0530][432.936s] GC(552) Metaspace: 20318K(21056K)->20318K(21056K) NonClass: 17795K(18240K)->17795K(18240K) Class: 2523K(2816K)->2523K(2816K)
[2025-06-03T16:07:39.629+0530][432.936s] GC(552) Pause Young (Concurrent Start) (G1 Evacuation Pause) 510M->510M(512M) 1.724ms
[2025-06-03T16:07:39.629+0530][432.936s] GC(552) User=0.00s Sys=0.00s Real=0.00s
[2025-06-03T16:07:39.629+0530][432.936s] Attempting full compaction
[2025-06-03T16:07:39.630+0530][432.936s] GC(554) Concurrent Mark Cycle
[2025-06-03T16:07:39.630+0530][432.936s] GC(553) Using 8 workers of 8 for full compaction
[2025-06-03T16:07:39.630+0530][432.936s] GC(554) Concurrent Clear Claimed Marks
[2025-06-03T16:07:39.630+0530][432.936s] GC(554) Concurrent Clear Claimed Marks 0.069ms
[2025-06-03T16:07:39.630+0530][432.936s] GC(553) Pause Full (G1 Compaction Pause)
[2025-06-03T16:07:39.630+0530][432.936s] GC(554) Concurrent Scan Root Regions
[2025-06-03T16:07:39.630+0530][432.936s] GC(554) Concurrent Scan Root Regions 0.073ms
[2025-06-03T16:07:39.630+0530][432.936s] GC(554) Concurrent Mark
[2025-06-03T16:07:39.630+0530][432.936s] GC(554) Concurrent Mark From Roots
[2025-06-03T16:07:39.630+0530][432.936s] GC(554) Using 2 workers of 2 for marking
[2025-06-03T16:07:39.630+0530][432.937s] GC(553) Phase 1: Mark live objects
[2025-06-03T16:07:40.533+0530][433.840s] GC(553) ReferenceProcessor::execute queues: 8, RefProcThreadModel::Multi, marks_oops_alive: true
[2025-06-03T16:07:40.533+0530][433.840s] GC(553) ReferenceProcessor::execute queues: 2, RefProcThreadModel::Multi, marks_oops_alive: false
[2025-06-03T16:07:40.534+0530][433.840s] GC(553) Skipped phase 3 of Reference Processing: no references
[2025-06-03T16:07:40.534+0530][433.840s] GC(553) ReferenceProcessor::execute queues: 1, RefProcThreadModel::Single, marks_oops_alive: false
[2025-06-03T16:07:40.536+0530][433.842s] GC(553) Phase 1: Mark live objects 905.677ms
[2025-06-03T16:07:40.536+0530][433.842s] GC(553) Phase 2: Prepare for compaction
[2025-06-03T16:07:40.537+0530][433.843s] GC(553) Phase 2: Prepare for compaction 0.627ms
[2025-06-03T16:07:40.537+0530][433.843s] GC(553) Phase 3: Adjust pointers
[2025-06-03T16:07:40.594+0530][433.900s] GC(553) Phase 3: Adjust pointers 57.221ms
[2025-06-03T16:07:40.594+0530][433.900s] GC(553) Phase 4: Compact heap
[2025-06-03T16:07:40.594+0530][433.901s] GC(553) Phase 4: Compact heap 0.365ms
[2025-06-03T16:07:40.598+0530][433.904s] GC(553) Eden regions: 0->0(25)
[2025-06-03T16:07:40.598+0530][433.904s] GC(553) Survivor regions: 0->0(0)
[2025-06-03T16:07:40.598+0530][433.904s] GC(553) Old regions: 510->509
[2025-06-03T16:07:40.598+0530][433.904s] GC(553) Archive regions: 2->2
[2025-06-03T16:07:40.598+0530][433.904s] GC(553) Humongous regions: 0->0
[2025-06-03T16:07:40.598+0530][433.904s] GC(553) Metaspace: 20318K(21056K)->20302K(21056K) NonClass: 17795K(18240K)->17781K(18240K) Class: 2523K(2816K)->2520K(2816K)
[2025-06-03T16:07:40.598+0530][433.904s] GC(553) Pause Full (G1 Compaction Pause) 510M->509M(512M) 968.446ms
[2025-06-03T16:07:40.598+0530][433.905s] GC(553) User=2.23s Sys=0.07s Real=0.96s
[2025-06-03T16:07:40.599+0530][433.905s] GC(554) Concurrent Mark From Roots 968.736ms
[2025-06-03T16:07:40.599+0530][433.905s] GC(554) Concurrent Mark Abort
[2025-06-03T16:07:40.599+0530][433.905s] GC(554) Concurrent Mark Cycle 969.094ms
[2025-06-03T16:07:40.607+0530][433.913s] GC(555) Pause Young (Normal) (G1 Evacuation Pause)
[2025-06-03T16:07:40.607+0530][433.913s] GC(555) Using 8 workers of 8 for evacuation
[2025-06-03T16:07:40.608+0530][433.914s] GC(555) Skipped phase 1 of Reference Processing: no references
[2025-06-03T16:07:40.608+0530][433.914s] GC(555) ReferenceProcessor::execute queues: 1, RefProcThreadModel::Single, marks_oops_alive: false
[2025-06-03T16:07:40.608+0530][433.914s] GC(555) Skipped phase 3 of Reference Processing: no references
[2025-06-03T16:07:40.608+0530][433.914s] GC(555) Skipped phase 4 of Reference Processing: no references
[2025-06-03T16:07:40.608+0530][433.915s] GC(555) To-space exhausted
[2025-06-03T16:07:40.608+0530][433.915s] GC(555)   Pre Evacuate Collection Set: 0.1ms
[2025-06-03T16:07:40.608+0530][433.915s] GC(555)   Merge Heap Roots: 0.0ms
[2025-06-03T16:07:40.608+0530][433.915s] GC(555)   Evacuate Collection Set: 0.4ms
[2025-06-03T16:07:40.608+0530][433.915s] GC(555)   Post Evacuate Collection Set: 0.6ms
[2025-06-03T16:07:40.608+0530][433.915s] GC(555)   Other: 0.2ms
[2025-06-03T16:07:40.608+0530][433.915s] GC(555) Eden regions: 1->0(25)
[2025-06-03T16:07:40.608+0530][433.915s] GC(555) Survivor regions: 0->0(0)
[2025-06-03T16:07:40.608+0530][433.915s] GC(555) Old regions: 509->510
[2025-06-03T16:07:40.608+0530][433.915s] GC(555) Archive regions: 2->2
[2025-06-03T16:07:40.608+0530][433.915s] GC(555) Humongous regions: 0->0
[2025-06-03T16:07:40.608+0530][433.915s] GC(555) Metaspace: 20325K(21056K)->20325K(21056K) NonClass: 17801K(18240K)->17801K(18240K) Class: 2524K(2816K)->2524K(2816K)
[2025-06-03T16:07:40.608+0530][433.915s] GC(555) Pause Young (Normal) (G1 Evacuation Pause) 510M->510M(512M) 1.425ms
[2025-06-03T16:07:40.608+0530][433.915s] GC(555) User=0.01s Sys=0.00s Real=0.00s
[2025-06-03T16:07:40.608+0530][433.915s] Attempting full compaction
[2025-06-03T16:07:40.608+0530][433.915s] GC(556) Using 8 workers of 8 for full compaction
[2025-06-03T16:07:40.609+0530][433.915s] GC(556) Pause Full (G1 Compaction Pause)
[2025-06-03T16:07:40.609+0530][433.915s] GC(556) Phase 1: Mark live objects
[2025-06-03T16:07:41.482+0530][434.789s] GC(556) ReferenceProcessor::execute queues: 8, RefProcThreadModel::Multi, marks_oops_alive: true
[2025-06-03T16:07:41.482+0530][434.789s] GC(556) ReferenceProcessor::execute queues: 2, RefProcThreadModel::Multi, marks_oops_alive: false
[2025-06-03T16:07:41.482+0530][434.789s] GC(556) Skipped phase 3 of Reference Processing: no references
[2025-06-03T16:07:41.483+0530][434.789s] GC(556) ReferenceProcessor::execute queues: 1, RefProcThreadModel::Single, marks_oops_alive: false
[2025-06-03T16:07:41.484+0530][434.790s] GC(556) Phase 1: Mark live objects 875.097ms
[2025-06-03T16:07:41.484+0530][434.790s] GC(556) Phase 2: Prepare for compaction
[2025-06-03T16:07:41.484+0530][434.791s] GC(556) Phase 2: Prepare for compaction 0.472ms
[2025-06-03T16:07:41.484+0530][434.791s] GC(556) Phase 3: Adjust pointers
[2025-06-03T16:07:41.541+0530][434.847s] GC(556) Phase 3: Adjust pointers 56.273ms
[2025-06-03T16:07:41.541+0530][434.847s] GC(556) Phase 4: Compact heap
[2025-06-03T16:07:41.541+0530][434.847s] GC(556) Phase 4: Compact heap 0.338ms
[2025-06-03T16:07:41.544+0530][434.851s] GC(556) Eden regions: 0->0(25)
[2025-06-03T16:07:41.545+0530][434.851s] GC(556) Survivor regions: 0->0(0)
[2025-06-03T16:07:41.545+0530][434.851s] GC(556) Old regions: 510->509
[2025-06-03T16:07:41.545+0530][434.851s] GC(556) Archive regions: 2->2
[2025-06-03T16:07:41.545+0530][434.851s] GC(556) Humongous regions: 0->0
[2025-06-03T16:07:41.545+0530][434.851s] GC(556) Metaspace: 20325K(21056K)->20325K(21056K) NonClass: 17801K(18240K)->17801K(18240K) Class: 2524K(2816K)->2524K(2816K)
[2025-06-03T16:07:41.545+0530][434.851s] GC(556) Pause Full (G1 Compaction Pause) 510M->509M(512M) 936.049ms
[2025-06-03T16:07:41.545+0530][434.852s] GC(556) User=2.18s Sys=0.06s Real=0.94s
[2025-06-03T16:07:41.591+0530][434.897s] GC(557) Pause Young (Concurrent Start) (G1 Evacuation Pause)
[2025-06-03T16:07:41.591+0530][434.897s] GC(557) Using 8 workers of 8 for evacuation
[2025-06-03T16:07:41.592+0530][434.899s] GC(557) Skipped phase 1 of Reference Processing: no references
[2025-06-03T16:07:41.592+0530][434.899s] GC(557) ReferenceProcessor::execute queues: 1, RefProcThreadModel::Single, marks_oops_alive: false
[2025-06-03T16:07:41.592+0530][434.899s] GC(557) Skipped phase 3 of Reference Processing: no references
[2025-06-03T16:07:41.592+0530][434.899s] GC(557) Skipped phase 4 of Reference Processing: no references
[2025-06-03T16:07:41.593+0530][434.899s] GC(557) To-space exhausted
[2025-06-03T16:07:41.593+0530][434.899s] GC(557)   Pre Evacuate Collection Set: 0.2ms
[2025-06-03T16:07:41.593+0530][434.899s] GC(557)   Merge Heap Roots: 0.1ms
[2025-06-03T16:07:41.593+0530][434.899s] GC(557)   Evacuate Collection Set: 0.9ms
[2025-06-03T16:07:41.593+0530][434.900s] GC(557)   Post Evacuate Collection Set: 0.8ms
[2025-06-03T16:07:41.593+0530][434.900s] GC(557)   Other: 0.3ms
[2025-06-03T16:07:41.593+0530][434.900s] GC(557) Eden regions: 1->0(25)
[2025-06-03T16:07:41.593+0530][434.900s] GC(557) Survivor regions: 0->0(0)
[2025-06-03T16:07:41.593+0530][434.900s] GC(557) Old regions: 509->510
[2025-06-03T16:07:41.593+0530][434.900s] GC(557) Archive regions: 2->2
[2025-06-03T16:07:41.593+0530][434.900s] GC(557) Humongous regions: 0->0
[2025-06-03T16:07:41.593+0530][434.900s] GC(557) Metaspace: 20331K(21056K)->20331K(21056K) NonClass: 17806K(18240K)->17806K(18240K) Class: 2525K(2816K)->2525K(2816K)
[2025-06-03T16:07:41.593+0530][434.900s] GC(557) Pause Young (Concurrent Start) (G1 Evacuation Pause) 510M->510M(512M) 2.443ms
[2025-06-03T16:07:41.593+0530][434.900s] GC(557) User=0.01s Sys=0.00s Real=0.00s
[2025-06-03T16:07:41.593+0530][434.900s] Attempting full compaction
[2025-06-03T16:07:41.593+0530][434.900s] GC(559) Concurrent Mark Cycle
[2025-06-03T16:07:41.593+0530][434.900s] GC(558) Using 8 workers of 8 for full compaction
[2025-06-03T16:07:41.593+0530][434.900s] GC(559) Concurrent Clear Claimed Marks
[2025-06-03T16:07:41.593+0530][434.900s] GC(559) Concurrent Clear Claimed Marks 0.067ms
[2025-06-03T16:07:41.593+0530][434.900s] GC(559) Concurrent Scan Root Regions
[2025-06-03T16:07:41.593+0530][434.900s] GC(559) Concurrent Scan Root Regions 0.012ms
[2025-06-03T16:07:41.593+0530][434.900s] GC(559) Concurrent Mark
[2025-06-03T16:07:41.593+0530][434.900s] GC(559) Concurrent Mark From Roots
[2025-06-03T16:07:41.593+0530][434.900s] GC(558) Pause Full (G1 Compaction Pause)
[2025-06-03T16:07:41.593+0530][434.900s] GC(559) Using 2 workers of 2 for marking
[2025-06-03T16:07:41.594+0530][434.901s] GC(558) Phase 1: Mark live objects
[2025-06-03T16:07:42.461+0530][435.768s] GC(558) ReferenceProcessor::execute queues: 8, RefProcThreadModel::Multi, marks_oops_alive: true
[2025-06-03T16:07:42.462+0530][435.768s] GC(558) ReferenceProcessor::execute queues: 2, RefProcThreadModel::Multi, marks_oops_alive: false
[2025-06-03T16:07:42.462+0530][435.768s] GC(558) Skipped phase 3 of Reference Processing: no references
[2025-06-03T16:07:42.462+0530][435.768s] GC(558) ReferenceProcessor::execute queues: 1, RefProcThreadModel::Single, marks_oops_alive: false
[2025-06-03T16:07:42.464+0530][435.770s] GC(558) Phase 1: Mark live objects 869.778ms
[2025-06-03T16:07:42.464+0530][435.770s] GC(558) Phase 2: Prepare for compaction
[2025-06-03T16:07:42.464+0530][435.771s] GC(558) Phase 2: Prepare for compaction 0.446ms
[2025-06-03T16:07:42.464+0530][435.771s] GC(558) Phase 3: Adjust pointers
[2025-06-03T16:07:42.520+0530][435.827s] GC(558) Phase 3: Adjust pointers 55.900ms
[2025-06-03T16:07:42.520+0530][435.827s] GC(558) Phase 4: Compact heap
[2025-06-03T16:07:42.521+0530][435.827s] GC(558) Phase 4: Compact heap 0.317ms
[2025-06-03T16:07:42.524+0530][435.831s] GC(558) Eden regions: 0->0(25)
[2025-06-03T16:07:42.524+0530][435.831s] GC(558) Survivor regions: 0->0(0)
[2025-06-03T16:07:42.524+0530][435.831s] GC(558) Old regions: 510->509
[2025-06-03T16:07:42.524+0530][435.831s] GC(558) Archive regions: 2->2
[2025-06-03T16:07:42.524+0530][435.831s] GC(558) Humongous regions: 0->0
[2025-06-03T16:07:42.524+0530][435.831s] GC(558) Metaspace: 20331K(21056K)->20304K(21056K) NonClass: 17806K(18240K)->17783K(18240K) Class: 2525K(2816K)->2520K(2816K)
[2025-06-03T16:07:42.524+0530][435.831s] GC(558) Pause Full (G1 Compaction Pause) 510M->509M(512M) 931.059ms
[2025-06-03T16:07:42.525+0530][435.831s] GC(558) User=2.16s Sys=0.07s Real=0.93s
[2025-06-03T16:07:42.525+0530][435.831s] GC(559) Concurrent Mark From Roots 931.564ms
[2025-06-03T16:07:42.525+0530][435.831s] GC(559) Concurrent Mark Abort
[2025-06-03T16:07:42.525+0530][435.831s] GC(559) Concurrent Mark Cycle 931.790ms
[2025-06-03T16:07:42.529+0530][435.836s] GC(560) Pause Young (Normal) (G1 Evacuation Pause)
[2025-06-03T16:07:42.529+0530][435.836s] GC(560) Using 8 workers of 8 for evacuation
[2025-06-03T16:07:42.530+0530][435.836s] GC(560) Skipped phase 1 of Reference Processing: no references
[2025-06-03T16:07:42.530+0530][435.836s] GC(560) ReferenceProcessor::execute queues: 1, RefProcThreadModel::Single, marks_oops_alive: false
[2025-06-03T16:07:42.530+0530][435.837s] GC(560) Skipped phase 3 of Reference Processing: no references
[2025-06-03T16:07:42.530+0530][435.837s] GC(560) Skipped phase 4 of Reference Processing: no references
[2025-06-03T16:07:42.531+0530][435.837s] GC(560) To-space exhausted
[2025-06-03T16:07:42.531+0530][435.837s] GC(560)   Pre Evacuate Collection Set: 0.1ms
[2025-06-03T16:07:42.531+0530][435.837s] GC(560)   Merge Heap Roots: 0.0ms
[2025-06-03T16:07:42.531+0530][435.837s] GC(560)   Evacuate Collection Set: 0.4ms
[2025-06-03T16:07:42.531+0530][435.837s] GC(560)   Post Evacuate Collection Set: 0.9ms
[2025-06-03T16:07:42.531+0530][435.837s] GC(560)   Other: 0.2ms
[2025-06-03T16:07:42.531+0530][435.837s] GC(560) Eden regions: 1->0(25)
[2025-06-03T16:07:42.531+0530][435.837s] GC(560) Survivor regions: 0->0(0)
[2025-06-03T16:07:42.531+0530][435.837s] GC(560) Old regions: 509->510
[2025-06-03T16:07:42.531+0530][435.837s] GC(560) Archive regions: 2->2
[2025-06-03T16:07:42.531+0530][435.837s] GC(560) Humongous regions: 0->0
[2025-06-03T16:07:42.531+0530][435.837s] GC(560) Metaspace: 20317K(21056K)->20317K(21056K) NonClass: 17794K(18240K)->17794K(18240K) Class: 2523K(2816K)->2523K(2816K)
[2025-06-03T16:07:42.531+0530][435.838s] GC(560) Pause Young (Normal) (G1 Evacuation Pause) 510M->510M(512M) 1.778ms
[2025-06-03T16:07:42.531+0530][435.838s] GC(560) User=0.00s Sys=0.00s Real=0.01s
[2025-06-03T16:07:42.531+0530][435.838s] Attempting full compaction
[2025-06-03T16:07:42.531+0530][435.838s] GC(561) Using 8 workers of 8 for full compaction
[2025-06-03T16:07:42.531+0530][435.838s] GC(561) Pause Full (G1 Compaction Pause)
[2025-06-03T16:07:42.531+0530][435.838s] GC(561) Phase 1: Mark live objects
[2025-06-03T16:07:43.429+0530][436.735s] GC(561) ReferenceProcessor::execute queues: 8, RefProcThreadModel::Multi, marks_oops_alive: true
[2025-06-03T16:07:43.429+0530][436.735s] GC(561) ReferenceProcessor::execute queues: 2, RefProcThreadModel::Multi, marks_oops_alive: false
[2025-06-03T16:07:43.429+0530][436.736s] GC(561) Skipped phase 3 of Reference Processing: no references
[2025-06-03T16:07:43.429+0530][436.736s] GC(561) ReferenceProcessor::execute queues: 1, RefProcThreadModel::Single, marks_oops_alive: false
[2025-06-03T16:07:43.430+0530][436.737s] GC(561) Phase 1: Mark live objects 899.133ms
[2025-06-03T16:07:43.430+0530][436.737s] GC(561) Phase 2: Prepare for compaction
[2025-06-03T16:07:43.431+0530][436.737s] GC(561) Phase 2: Prepare for compaction 0.590ms
[2025-06-03T16:07:43.431+0530][436.737s] GC(561) Phase 3: Adjust pointers
[2025-06-03T16:07:43.490+0530][436.796s] GC(561) Phase 3: Adjust pointers 58.877ms
[2025-06-03T16:07:43.490+0530][436.796s] GC(561) Phase 4: Compact heap
[2025-06-03T16:07:43.490+0530][436.797s] GC(561) Phase 4: Compact heap 0.412ms
[2025-06-03T16:07:43.494+0530][436.800s] GC(561) Eden regions: 0->0(25)
[2025-06-03T16:07:43.494+0530][436.800s] GC(561) Survivor regions: 0->0(0)
[2025-06-03T16:07:43.494+0530][436.800s] GC(561) Old regions: 510->509
[2025-06-03T16:07:43.494+0530][436.800s] GC(561) Archive regions: 2->2
[2025-06-03T16:07:43.494+0530][436.800s] GC(561) Humongous regions: 0->0
[2025-06-03T16:07:43.494+0530][436.800s] GC(561) Metaspace: 20317K(21056K)->20317K(21056K) NonClass: 17794K(18240K)->17794K(18240K) Class: 2523K(2816K)->2523K(2816K)
[2025-06-03T16:07:43.494+0530][436.800s] GC(561) Pause Full (G1 Compaction Pause) 510M->509M(512M) 962.840ms
[2025-06-03T16:07:43.494+0530][436.801s] GC(561) User=2.22s Sys=0.06s Real=0.96s
[2025-06-03T16:07:43.504+0530][436.810s] GC(562) Pause Young (Concurrent Start) (G1 Evacuation Pause)
[2025-06-03T16:07:43.504+0530][436.810s] GC(562) Using 8 workers of 8 for evacuation
[2025-06-03T16:07:43.505+0530][436.812s] GC(562) Skipped phase 1 of Reference Processing: no references
[2025-06-03T16:07:43.505+0530][436.812s] GC(562) ReferenceProcessor::execute queues: 1, RefProcThreadModel::Single, marks_oops_alive: false
[2025-06-03T16:07:43.505+0530][436.812s] GC(562) Skipped phase 3 of Reference Processing: no references
[2025-06-03T16:07:43.505+0530][436.812s] GC(562) Skipped phase 4 of Reference Processing: no references
[2025-06-03T16:07:43.507+0530][436.814s] GC(562) To-space exhausted
[2025-06-03T16:07:43.507+0530][436.814s] GC(562)   Pre Evacuate Collection Set: 0.1ms
[2025-06-03T16:07:43.507+0530][436.814s] GC(562)   Merge Heap Roots: 0.1ms
[2025-06-03T16:07:43.507+0530][436.814s] GC(562)   Evacuate Collection Set: 0.9ms
[2025-06-03T16:07:43.507+0530][436.814s] GC(562)   Post Evacuate Collection Set: 2.1ms
[2025-06-03T16:07:43.507+0530][436.814s] GC(562)   Other: 0.3ms
[2025-06-03T16:07:43.508+0530][436.814s] GC(562) Eden regions: 1->0(25)
[2025-06-03T16:07:43.508+0530][436.814s] GC(562) Survivor regions: 0->0(0)
[2025-06-03T16:07:43.508+0530][436.814s] GC(562) Old regions: 509->510
[2025-06-03T16:07:43.508+0530][436.814s] GC(562) Archive regions: 2->2
[2025-06-03T16:07:43.508+0530][436.814s] GC(562) Humongous regions: 0->0
[2025-06-03T16:07:43.508+0530][436.814s] GC(562) Metaspace: 20335K(21056K)->20335K(21056K) NonClass: 17809K(18240K)->17809K(18240K) Class: 2525K(2816K)->2525K(2816K)
[2025-06-03T16:07:43.508+0530][436.814s] GC(562) Pause Young (Concurrent Start) (G1 Evacuation Pause) 510M->510M(512M) 3.749ms
[2025-06-03T16:07:43.508+0530][436.814s] GC(562) User=0.00s Sys=0.00s Real=0.00s
[2025-06-03T16:07:43.508+0530][436.814s] Attempting full compaction
[2025-06-03T16:07:43.508+0530][436.814s] GC(563) Concurrent Mark Cycle
[2025-06-03T16:07:43.508+0530][436.814s] GC(564) Using 8 workers of 8 for full compaction
[2025-06-03T16:07:43.508+0530][436.814s] GC(563) Concurrent Clear Claimed Marks
[2025-06-03T16:07:43.508+0530][436.814s] GC(564) Pause Full (G1 Compaction Pause)
[2025-06-03T16:07:43.508+0530][436.814s] GC(563) Concurrent Clear Claimed Marks 0.117ms
[2025-06-03T16:07:43.508+0530][436.815s] GC(563) Concurrent Scan Root Regions
[2025-06-03T16:07:43.508+0530][436.815s] GC(563) Concurrent Scan Root Regions 0.034ms
[2025-06-03T16:07:43.508+0530][436.815s] GC(564) Phase 1: Mark live objects
[2025-06-03T16:07:44.331+0530][437.637s] GC(564) ReferenceProcessor::execute queues: 8, RefProcThreadModel::Multi, marks_oops_alive: true
[2025-06-03T16:07:44.331+0530][437.638s] GC(564) ReferenceProcessor::execute queues: 2, RefProcThreadModel::Multi, marks_oops_alive: false
[2025-06-03T16:07:44.331+0530][437.638s] GC(564) Skipped phase 3 of Reference Processing: no references
[2025-06-03T16:07:44.331+0530][437.638s] GC(564) ReferenceProcessor::execute queues: 1, RefProcThreadModel::Single, marks_oops_alive: false
[2025-06-03T16:07:44.333+0530][437.640s] GC(564) Phase 1: Mark live objects 824.856ms
[2025-06-03T16:07:44.333+0530][437.640s] GC(564) Phase 2: Prepare for compaction
[2025-06-03T16:07:44.334+0530][437.640s] GC(564) Phase 2: Prepare for compaction 0.569ms
[2025-06-03T16:07:44.334+0530][437.640s] GC(564) Phase 3: Adjust pointers
[2025-06-03T16:07:44.392+0530][437.698s] GC(564) Phase 3: Adjust pointers 57.676ms
[2025-06-03T16:07:44.392+0530][437.698s] GC(564) Phase 4: Compact heap
[2025-06-03T16:07:44.392+0530][437.699s] GC(564) Phase 4: Compact heap 0.389ms
[2025-06-03T16:07:44.396+0530][437.702s] GC(564) Eden regions: 0->0(25)
[2025-06-03T16:07:44.396+0530][437.702s] GC(564) Survivor regions: 0->0(0)
[2025-06-03T16:07:44.396+0530][437.702s] GC(564) Old regions: 510->509
[2025-06-03T16:07:44.396+0530][437.702s] GC(564) Archive regions: 2->2
[2025-06-03T16:07:44.396+0530][437.702s] GC(564) Humongous regions: 0->0
[2025-06-03T16:07:44.396+0530][437.702s] GC(564) Metaspace: 20335K(21056K)->20331K(21056K) NonClass: 17809K(18240K)->17806K(18240K) Class: 2525K(2816K)->2525K(2816K)
[2025-06-03T16:07:44.396+0530][437.702s] GC(564) Pause Full (G1 Compaction Pause) 510M->509M(512M) 888.056ms
[2025-06-03T16:07:44.396+0530][437.703s] GC(564) User=2.87s Sys=0.07s Real=0.89s
[2025-06-03T16:07:44.396+0530][437.703s] GC(563) Concurrent Mark Abort
[2025-06-03T16:07:44.396+0530][437.703s] GC(563) Concurrent Mark Cycle 888.686ms
[2025-06-03T16:07:44.400+0530][437.706s] GC(565) Pause Young (Normal) (G1 Evacuation Pause)
[2025-06-03T16:07:44.400+0530][437.706s] GC(565) Using 8 workers of 8 for evacuation
[2025-06-03T16:07:44.400+0530][437.707s] GC(565) Skipped phase 1 of Reference Processing: no references
[2025-06-03T16:07:44.400+0530][437.707s] GC(565) ReferenceProcessor::execute queues: 1, RefProcThreadModel::Single, marks_oops_alive: false
[2025-06-03T16:07:44.400+0530][437.707s] GC(565) Skipped phase 3 of Reference Processing: no references
[2025-06-03T16:07:44.400+0530][437.707s] GC(565) Skipped phase 4 of Reference Processing: no references
[2025-06-03T16:07:44.401+0530][437.708s] GC(565) To-space exhausted
[2025-06-03T16:07:44.401+0530][437.708s] GC(565)   Pre Evacuate Collection Set: 0.1ms
[2025-06-03T16:07:44.401+0530][437.708s] GC(565)   Merge Heap Roots: 0.1ms
[2025-06-03T16:07:44.401+0530][437.708s] GC(565)   Evacuate Collection Set: 0.4ms
[2025-06-03T16:07:44.401+0530][437.708s] GC(565)   Post Evacuate Collection Set: 0.8ms
[2025-06-03T16:07:44.401+0530][437.708s] GC(565)   Other: 0.2ms
[2025-06-03T16:07:44.401+0530][437.708s] GC(565) Eden regions: 1->0(25)
[2025-06-03T16:07:44.401+0530][437.708s] GC(565) Survivor regions: 0->0(0)
[2025-06-03T16:07:44.401+0530][437.708s] GC(565) Old regions: 509->510
[2025-06-03T16:07:44.401+0530][437.708s] GC(565) Archive regions: 2->2
[2025-06-03T16:07:44.401+0530][437.708s] GC(565) Humongous regions: 0->0
[2025-06-03T16:07:44.401+0530][437.708s] GC(565) Metaspace: 20335K(21056K)->20335K(21056K) NonClass: 17809K(18240K)->17809K(18240K) Class: 2525K(2816K)->2525K(2816K)
[2025-06-03T16:07:44.401+0530][437.708s] GC(565) Pause Young (Normal) (G1 Evacuation Pause) 510M->510M(512M) 1.604ms
[2025-06-03T16:07:44.401+0530][437.708s] GC(565) User=0.00s Sys=0.00s Real=0.00s
[2025-06-03T16:07:44.401+0530][437.708s] Attempting full compaction
[2025-06-03T16:07:44.401+0530][437.708s] GC(566) Using 8 workers of 8 for full compaction
[2025-06-03T16:07:44.401+0530][437.708s] GC(566) Pause Full (G1 Compaction Pause)
[2025-06-03T16:07:44.401+0530][437.708s] GC(566) Phase 1: Mark live objects
[2025-06-03T16:07:45.301+0530][438.608s] GC(566) ReferenceProcessor::execute queues: 8, RefProcThreadModel::Multi, marks_oops_alive: true
[2025-06-03T16:07:45.302+0530][438.608s] GC(566) ReferenceProcessor::execute queues: 2, RefProcThreadModel::Multi, marks_oops_alive: false
[2025-06-03T16:07:45.302+0530][438.608s] GC(566) Skipped phase 3 of Reference Processing: no references
[2025-06-03T16:07:45.302+0530][438.608s] GC(566) ReferenceProcessor::execute queues: 1, RefProcThreadModel::Single, marks_oops_alive: false
[2025-06-03T16:07:45.303+0530][438.609s] GC(566) Phase 1: Mark live objects 901.554ms
[2025-06-03T16:07:45.303+0530][438.609s] GC(566) Phase 2: Prepare for compaction
[2025-06-03T16:07:45.304+0530][438.610s] GC(566) Phase 2: Prepare for compaction 0.676ms
[2025-06-03T16:07:45.304+0530][438.610s] GC(566) Phase 3: Adjust pointers
[2025-06-03T16:07:45.363+0530][438.670s] GC(566) Phase 3: Adjust pointers 59.423ms
[2025-06-03T16:07:45.363+0530][438.670s] GC(566) Phase 4: Compact heap
[2025-06-03T16:07:45.364+0530][438.670s] GC(566) Phase 4: Compact heap 0.383ms
[2025-06-03T16:07:45.367+0530][438.674s] GC(566) Eden regions: 0->0(25)
[2025-06-03T16:07:45.367+0530][438.674s] GC(566) Survivor regions: 0->0(0)
[2025-06-03T16:07:45.367+0530][438.674s] GC(566) Old regions: 510->509
[2025-06-03T16:07:45.367+0530][438.674s] GC(566) Archive regions: 2->2
[2025-06-03T16:07:45.367+0530][438.674s] GC(566) Humongous regions: 0->0
[2025-06-03T16:07:45.367+0530][438.674s] GC(566) Metaspace: 20335K(21056K)->20335K(21056K) NonClass: 17809K(18240K)->17809K(18240K) Class: 2525K(2816K)->2525K(2816K)
[2025-06-03T16:07:45.367+0530][438.674s] GC(566) Pause Full (G1 Compaction Pause) 510M->509M(512M) 965.923ms
[2025-06-03T16:07:45.367+0530][438.674s] GC(566) User=2.24s Sys=0.10s Real=0.96s
[2025-06-03T16:07:45.396+0530][438.702s] GC(567) Pause Young (Concurrent Start) (G1 Evacuation Pause)
[2025-06-03T16:07:45.396+0530][438.702s] GC(567) Using 8 workers of 8 for evacuation
[2025-06-03T16:07:45.397+0530][438.703s] GC(567) Skipped phase 1 of Reference Processing: no references
[2025-06-03T16:07:45.397+0530][438.703s] GC(567) Skipped phase 2 of Reference Processing: no references
[2025-06-03T16:07:45.397+0530][438.703s] GC(567) Skipped phase 3 of Reference Processing: no references
[2025-06-03T16:07:45.397+0530][438.703s] GC(567) Skipped phase 4 of Reference Processing: no references
[2025-06-03T16:07:45.397+0530][438.704s] GC(567) To-space exhausted
[2025-06-03T16:07:45.397+0530][438.704s] GC(567)   Pre Evacuate Collection Set: 0.1ms
[2025-06-03T16:07:45.397+0530][438.704s] GC(567)   Merge Heap Roots: 0.0ms
[2025-06-03T16:07:45.397+0530][438.704s] GC(567)   Evacuate Collection Set: 0.7ms
[2025-06-03T16:07:45.397+0530][438.704s] GC(567)   Post Evacuate Collection Set: 0.7ms
[2025-06-03T16:07:45.397+0530][438.704s] GC(567)   Other: 0.2ms
[2025-06-03T16:07:45.397+0530][438.704s] GC(567) Eden regions: 1->0(25)
[2025-06-03T16:07:45.397+0530][438.704s] GC(567) Survivor regions: 0->0(0)
[2025-06-03T16:07:45.397+0530][438.704s] GC(567) Old regions: 509->510
[2025-06-03T16:07:45.397+0530][438.704s] GC(567) Archive regions: 2->2
[2025-06-03T16:07:45.397+0530][438.704s] GC(567) Humongous regions: 0->0
[2025-06-03T16:07:45.397+0530][438.704s] GC(567) Metaspace: 20335K(21056K)->20335K(21056K) NonClass: 17809K(18240K)->17809K(18240K) Class: 2525K(2816K)->2525K(2816K)
[2025-06-03T16:07:45.397+0530][438.704s] GC(567) Pause Young (Concurrent Start) (G1 Evacuation Pause) 510M->510M(512M) 1.922ms
[2025-06-03T16:07:45.397+0530][438.704s] GC(567) User=0.00s Sys=0.00s Real=0.00s
[2025-06-03T16:07:45.397+0530][438.704s] Attempting full compaction
[2025-06-03T16:07:45.398+0530][438.704s] GC(568) Concurrent Mark Cycle
[2025-06-03T16:07:45.398+0530][438.704s] GC(569) Using 8 workers of 8 for full compaction
[2025-06-03T16:07:45.398+0530][438.704s] GC(568) Concurrent Clear Claimed Marks
[2025-06-03T16:07:45.398+0530][438.704s] GC(569) Pause Full (G1 Compaction Pause)
[2025-06-03T16:07:45.398+0530][438.704s] GC(568) Concurrent Clear Claimed Marks 0.071ms
[2025-06-03T16:07:45.398+0530][438.704s] GC(568) Concurrent Scan Root Regions
[2025-06-03T16:07:45.398+0530][438.705s] GC(568) Concurrent Scan Root Regions 0.314ms
[2025-06-03T16:07:45.398+0530][438.705s] GC(568) Concurrent Mark
[2025-06-03T16:07:45.398+0530][438.705s] GC(568) Concurrent Mark From Roots
[2025-06-03T16:07:45.398+0530][438.705s] GC(568) Using 2 workers of 2 for marking
[2025-06-03T16:07:45.399+0530][438.705s] GC(569) Phase 1: Mark live objects
[2025-06-03T16:07:46.290+0530][439.597s] GC(569) ReferenceProcessor::execute queues: 8, RefProcThreadModel::Multi, marks_oops_alive: true
[2025-06-03T16:07:46.290+0530][439.597s] GC(569) ReferenceProcessor::execute queues: 2, RefProcThreadModel::Multi, marks_oops_alive: false
[2025-06-03T16:07:46.290+0530][439.597s] GC(569) Skipped phase 3 of Reference Processing: no references
[2025-06-03T16:07:46.291+0530][439.597s] GC(569) ReferenceProcessor::execute queues: 1, RefProcThreadModel::Single, marks_oops_alive: false
[2025-06-03T16:07:46.292+0530][439.598s] GC(569) Phase 1: Mark live objects 893.023ms
[2025-06-03T16:07:46.292+0530][439.598s] GC(569) Phase 2: Prepare for compaction
[2025-06-03T16:07:46.292+0530][439.599s] GC(569) Phase 2: Prepare for compaction 0.512ms
[2025-06-03T16:07:46.292+0530][439.599s] GC(569) Phase 3: Adjust pointers
[2025-06-03T16:07:46.351+0530][439.657s] GC(569) Phase 3: Adjust pointers 58.508ms
[2025-06-03T16:07:46.351+0530][439.657s] GC(569) Phase 4: Compact heap
[2025-06-03T16:07:46.351+0530][439.658s] GC(569) Phase 4: Compact heap 0.341ms
[2025-06-03T16:07:46.354+0530][439.661s] GC(569) Eden regions: 0->0(25)
[2025-06-03T16:07:46.354+0530][439.661s] GC(569) Survivor regions: 0->0(0)
[2025-06-03T16:07:46.354+0530][439.661s] GC(569) Old regions: 510->509
[2025-06-03T16:07:46.354+0530][439.661s] GC(569) Archive regions: 2->2
[2025-06-03T16:07:46.354+0530][439.661s] GC(569) Humongous regions: 0->0
[2025-06-03T16:07:46.354+0530][439.661s] GC(569) Metaspace: 20335K(21056K)->20335K(21056K) NonClass: 17809K(18240K)->17809K(18240K) Class: 2525K(2816K)->2525K(2816K)
[2025-06-03T16:07:46.355+0530][439.661s] GC(569) Pause Full (G1 Compaction Pause) 510M->509M(512M) 956.894ms
[2025-06-03T16:07:46.355+0530][439.661s] GC(569) User=2.23s Sys=0.08s Real=0.96s
[2025-06-03T16:07:46.355+0530][439.662s] GC(568) Concurrent Mark From Roots 956.797ms
[2025-06-03T16:07:46.355+0530][439.662s] GC(568) Concurrent Mark Abort
[2025-06-03T16:07:46.355+0530][439.662s] GC(568) Concurrent Mark Cycle 957.570ms
[2025-06-03T16:07:46.388+0530][439.695s] GC(570) Pause Young (Normal) (G1 Evacuation Pause)
[2025-06-03T16:07:46.388+0530][439.695s] GC(570) Using 8 workers of 8 for evacuation
[2025-06-03T16:07:46.389+0530][439.696s] GC(570) Skipped phase 1 of Reference Processing: no references
[2025-06-03T16:07:46.389+0530][439.696s] GC(570) ReferenceProcessor::execute queues: 1, RefProcThreadModel::Single, marks_oops_alive: false
[2025-06-03T16:07:46.389+0530][439.696s] GC(570) Skipped phase 3 of Reference Processing: no references
[2025-06-03T16:07:46.389+0530][439.696s] GC(570) Skipped phase 4 of Reference Processing: no references
[2025-06-03T16:07:46.390+0530][439.696s] GC(570) To-space exhausted
[2025-06-03T16:07:46.390+0530][439.696s] GC(570)   Pre Evacuate Collection Set: 0.1ms
[2025-06-03T16:07:46.390+0530][439.696s] GC(570)   Merge Heap Roots: 0.0ms
[2025-06-03T16:07:46.390+0530][439.696s] GC(570)   Evacuate Collection Set: 0.3ms
[2025-06-03T16:07:46.390+0530][439.696s] GC(570)   Post Evacuate Collection Set: 0.5ms
[2025-06-03T16:07:46.390+0530][439.696s] GC(570)   Other: 0.2ms
[2025-06-03T16:07:46.390+0530][439.696s] GC(570) Eden regions: 1->0(25)
[2025-06-03T16:07:46.390+0530][439.696s] GC(570) Survivor regions: 0->0(0)
[2025-06-03T16:07:46.390+0530][439.696s] GC(570) Old regions: 509->510
[2025-06-03T16:07:46.390+0530][439.696s] GC(570) Archive regions: 2->2
[2025-06-03T16:07:46.390+0530][439.696s] GC(570) Humongous regions: 0->0
[2025-06-03T16:07:46.390+0530][439.696s] GC(570) Metaspace: 20335K(21056K)->20335K(21056K) NonClass: 17809K(18240K)->17809K(18240K) Class: 2525K(2816K)->2525K(2816K)
[2025-06-03T16:07:46.390+0530][439.696s] GC(570) Pause Young (Normal) (G1 Evacuation Pause) 510M->510M(512M) 1.337ms
[2025-06-03T16:07:46.390+0530][439.696s] GC(570) User=0.00s Sys=0.00s Real=0.01s
[2025-06-03T16:07:46.390+0530][439.696s] Attempting full compaction
[2025-06-03T16:07:46.390+0530][439.696s] GC(571) Using 8 workers of 8 for full compaction
[2025-06-03T16:07:46.390+0530][439.697s] GC(571) Pause Full (G1 Compaction Pause)
[2025-06-03T16:07:46.390+0530][439.697s] GC(571) Phase 1: Mark live objects
[2025-06-03T16:07:47.171+0530][440.477s] GC(571) ReferenceProcessor::execute queues: 8, RefProcThreadModel::Multi, marks_oops_alive: true
[2025-06-03T16:07:47.171+0530][440.477s] GC(571) ReferenceProcessor::execute queues: 2, RefProcThreadModel::Multi, marks_oops_alive: false
[2025-06-03T16:07:47.171+0530][440.478s] GC(571) Skipped phase 3 of Reference Processing: no references
[2025-06-03T16:07:47.171+0530][440.478s] GC(571) ReferenceProcessor::execute queues: 1, RefProcThreadModel::Single, marks_oops_alive: false
[2025-06-03T16:07:47.172+0530][440.479s] GC(571) Phase 1: Mark live objects 782.133ms
[2025-06-03T16:07:47.172+0530][440.479s] GC(571) Phase 2: Prepare for compaction
[2025-06-03T16:07:47.173+0530][440.479s] GC(571) Phase 2: Prepare for compaction 0.426ms
[2025-06-03T16:07:47.173+0530][440.479s] GC(571) Phase 3: Adjust pointers
[2025-06-03T16:07:47.231+0530][440.538s] GC(571) Phase 3: Adjust pointers 58.498ms
[2025-06-03T16:07:47.231+0530][440.538s] GC(571) Phase 4: Compact heap
[2025-06-03T16:07:47.232+0530][440.538s] GC(571) Phase 4: Compact heap 0.334ms
[2025-06-03T16:07:47.235+0530][440.542s] GC(571) Eden regions: 0->0(25)
[2025-06-03T16:07:47.235+0530][440.542s] GC(571) Survivor regions: 0->0(0)
[2025-06-03T16:07:47.235+0530][440.542s] GC(571) Old regions: 510->509
[2025-06-03T16:07:47.235+0530][440.542s] GC(571) Archive regions: 2->2
[2025-06-03T16:07:47.235+0530][440.542s] GC(571) Humongous regions: 0->0
[2025-06-03T16:07:47.235+0530][440.542s] GC(571) Metaspace: 20335K(21056K)->20335K(21056K) NonClass: 17809K(18240K)->17809K(18240K) Class: 2525K(2816K)->2525K(2816K)
[2025-06-03T16:07:47.235+0530][440.542s] GC(571) Pause Full (G1 Compaction Pause) 510M->509M(512M) 845.285ms
[2025-06-03T16:07:47.236+0530][440.542s] GC(571) User=2.78s Sys=0.06s Real=0.84s
[2025-06-03T16:07:47.246+0530][440.552s] GC(572) Pause Young (Concurrent Start) (G1 Evacuation Pause)
[2025-06-03T16:07:47.246+0530][440.552s] GC(572) Using 8 workers of 8 for evacuation
[2025-06-03T16:07:47.247+0530][440.553s] GC(572) Skipped phase 1 of Reference Processing: no references
[2025-06-03T16:07:47.247+0530][440.553s] GC(572) Skipped phase 2 of Reference Processing: no references
[2025-06-03T16:07:47.247+0530][440.553s] GC(572) Skipped phase 3 of Reference Processing: no references
[2025-06-03T16:07:47.247+0530][440.553s] GC(572) Skipped phase 4 of Reference Processing: no references
[2025-06-03T16:07:47.248+0530][440.554s] GC(572) To-space exhausted
[2025-06-03T16:07:47.248+0530][440.554s] GC(572)   Pre Evacuate Collection Set: 0.1ms
[2025-06-03T16:07:47.248+0530][440.554s] GC(572)   Merge Heap Roots: 0.0ms
[2025-06-03T16:07:47.248+0530][440.554s] GC(572)   Evacuate Collection Set: 0.6ms
[2025-06-03T16:07:47.248+0530][440.554s] GC(572)   Post Evacuate Collection Set: 0.9ms
[2025-06-03T16:07:47.248+0530][440.554s] GC(572)   Other: 0.2ms
[2025-06-03T16:07:47.248+0530][440.554s] GC(572) Eden regions: 1->0(25)
[2025-06-03T16:07:47.248+0530][440.554s] GC(572) Survivor regions: 0->0(0)
[2025-06-03T16:07:47.248+0530][440.554s] GC(572) Old regions: 509->510
[2025-06-03T16:07:47.248+0530][440.554s] GC(572) Archive regions: 2->2
[2025-06-03T16:07:47.248+0530][440.554s] GC(572) Humongous regions: 0->0
[2025-06-03T16:07:47.248+0530][440.554s] GC(572) Metaspace: 20335K(21056K)->20335K(21056K) NonClass: 17809K(18240K)->17809K(18240K) Class: 2525K(2816K)->2525K(2816K)
[2025-06-03T16:07:47.248+0530][440.554s] GC(572) Pause Young (Concurrent Start) (G1 Evacuation Pause) 510M->510M(512M) 2.077ms
[2025-06-03T16:07:47.248+0530][440.555s] GC(572) User=0.01s Sys=0.00s Real=0.00s
[2025-06-03T16:07:47.248+0530][440.555s] Attempting full compaction
[2025-06-03T16:07:47.248+0530][440.555s] GC(573) Concurrent Mark Cycle
[2025-06-03T16:07:47.248+0530][440.555s] GC(574) Using 8 workers of 8 for full compaction
[2025-06-03T16:07:47.248+0530][440.555s] GC(573) Concurrent Clear Claimed Marks
[2025-06-03T16:07:47.248+0530][440.555s] GC(573) Concurrent Clear Claimed Marks 0.077ms
[2025-06-03T16:07:47.248+0530][440.555s] GC(574) Pause Full (G1 Compaction Pause)
[2025-06-03T16:07:47.248+0530][440.555s] GC(573) Concurrent Scan Root Regions
[2025-06-03T16:07:47.248+0530][440.555s] GC(573) Concurrent Scan Root Regions 0.075ms
[2025-06-03T16:07:47.248+0530][440.555s] GC(573) Concurrent Mark
[2025-06-03T16:07:47.248+0530][440.555s] GC(573) Concurrent Mark From Roots
[2025-06-03T16:07:47.248+0530][440.555s] GC(573) Using 2 workers of 2 for marking
[2025-06-03T16:07:47.249+0530][440.555s] GC(574) Phase 1: Mark live objects
[2025-06-03T16:07:48.330+0530][441.636s] GC(574) ReferenceProcessor::execute queues: 8, RefProcThreadModel::Multi, marks_oops_alive: true
[2025-06-03T16:07:48.330+0530][441.636s] GC(574) ReferenceProcessor::execute queues: 2, RefProcThreadModel::Multi, marks_oops_alive: false
[2025-06-03T16:07:48.330+0530][441.636s] GC(574) Skipped phase 3 of Reference Processing: no references
[2025-06-03T16:07:48.330+0530][441.637s] GC(574) ReferenceProcessor::execute queues: 1, RefProcThreadModel::Single, marks_oops_alive: false
[2025-06-03T16:07:48.331+0530][441.638s] GC(574) Phase 1: Mark live objects 1082.201ms
[2025-06-03T16:07:48.331+0530][441.638s] GC(574) Phase 2: Prepare for compaction
[2025-06-03T16:07:48.331+0530][441.638s] GC(574) Phase 2: Prepare for compaction 0.469ms
[2025-06-03T16:07:48.331+0530][441.638s] GC(574) Phase 3: Adjust pointers
[2025-06-03T16:07:48.388+0530][441.695s] GC(574) Phase 3: Adjust pointers 56.488ms
[2025-06-03T16:07:48.388+0530][441.695s] GC(574) Phase 4: Compact heap
[2025-06-03T16:07:48.388+0530][441.695s] GC(574) Phase 4: Compact heap 0.267ms
[2025-06-03T16:07:48.392+0530][441.699s] GC(574) Eden regions: 0->0(25)
[2025-06-03T16:07:48.392+0530][441.699s] GC(574) Survivor regions: 0->0(0)
[2025-06-03T16:07:48.392+0530][441.699s] GC(574) Old regions: 510->509
[2025-06-03T16:07:48.392+0530][441.699s] GC(574) Archive regions: 2->2
[2025-06-03T16:07:48.392+0530][441.699s] GC(574) Humongous regions: 0->0
[2025-06-03T16:07:48.392+0530][441.699s] GC(574) Metaspace: 20335K(21056K)->20335K(21056K) NonClass: 17809K(18240K)->17809K(18240K) Class: 2525K(2816K)->2525K(2816K)
[2025-06-03T16:07:48.392+0530][441.699s] GC(574) Pause Full (G1 Compaction Pause) 510M->509M(512M) 1144.006ms
[2025-06-03T16:07:48.393+0530][441.699s] GC(574) User=2.32s Sys=0.11s Real=1.15s
[2025-06-03T16:07:48.393+0530][441.699s] GC(573) Concurrent Mark From Roots 1144.333ms
[2025-06-03T16:07:48.393+0530][441.699s] GC(573) Concurrent Mark Abort
[2025-06-03T16:07:48.393+0530][441.699s] GC(573) Concurrent Mark Cycle 1144.830ms
[2025-06-03T16:07:48.396+0530][441.703s] GC(575) Pause Young (Normal) (G1 Evacuation Pause)
[2025-06-03T16:07:48.396+0530][441.703s] GC(575) Using 8 workers of 8 for evacuation
[2025-06-03T16:07:48.397+0530][441.704s] GC(575) Skipped phase 1 of Reference Processing: no references
[2025-06-03T16:07:48.397+0530][441.704s] GC(575) Skipped phase 2 of Reference Processing: no references
[2025-06-03T16:07:48.397+0530][441.704s] GC(575) Skipped phase 3 of Reference Processing: no references
[2025-06-03T16:07:48.397+0530][441.704s] GC(575) Skipped phase 4 of Reference Processing: no references
[2025-06-03T16:07:48.398+0530][441.705s] GC(575) To-space exhausted
[2025-06-03T16:07:48.398+0530][441.705s] GC(575)   Pre Evacuate Collection Set: 0.1ms
[2025-06-03T16:07:48.398+0530][441.705s] GC(575)   Merge Heap Roots: 0.0ms
[2025-06-03T16:07:48.398+0530][441.705s] GC(575)   Evacuate Collection Set: 0.5ms
[2025-06-03T16:07:48.398+0530][441.705s] GC(575)   Post Evacuate Collection Set: 0.9ms
[2025-06-03T16:07:48.398+0530][441.705s] GC(575)   Other: 0.2ms
[2025-06-03T16:07:48.398+0530][441.705s] GC(575) Eden regions: 1->0(25)
[2025-06-03T16:07:48.398+0530][441.705s] GC(575) Survivor regions: 0->0(0)
[2025-06-03T16:07:48.398+0530][441.705s] GC(575) Old regions: 509->510
[2025-06-03T16:07:48.398+0530][441.705s] GC(575) Archive regions: 2->2
[2025-06-03T16:07:48.398+0530][441.705s] GC(575) Humongous regions: 0->0
[2025-06-03T16:07:48.398+0530][441.705s] GC(575) Metaspace: 20335K(21056K)->20335K(21056K) NonClass: 17809K(18240K)->17809K(18240K) Class: 2525K(2816K)->2525K(2816K)
[2025-06-03T16:07:48.398+0530][441.705s] GC(575) Pause Young (Normal) (G1 Evacuation Pause) 510M->510M(512M) 1.895ms
[2025-06-03T16:07:48.398+0530][441.705s] GC(575) User=0.01s Sys=0.00s Real=0.00s
[2025-06-03T16:07:48.398+0530][441.705s] Attempting full compaction
[2025-06-03T16:07:48.398+0530][441.705s] GC(576) Using 8 workers of 8 for full compaction
[2025-06-03T16:07:48.398+0530][441.705s] GC(576) Pause Full (G1 Compaction Pause)
[2025-06-03T16:07:48.398+0530][441.705s] GC(576) Phase 1: Mark live objects
[2025-06-03T16:07:49.285+0530][442.592s] GC(576) ReferenceProcessor::execute queues: 8, RefProcThreadModel::Multi, marks_oops_alive: true
[2025-06-03T16:07:49.285+0530][442.592s] GC(576) ReferenceProcessor::execute queues: 2, RefProcThreadModel::Multi, marks_oops_alive: false
[2025-06-03T16:07:49.285+0530][442.592s] GC(576) Skipped phase 3 of Reference Processing: no references
[2025-06-03T16:07:49.286+0530][442.592s] GC(576) ReferenceProcessor::execute queues: 1, RefProcThreadModel::Single, marks_oops_alive: false
[2025-06-03T16:07:49.287+0530][442.593s] GC(576) Phase 1: Mark live objects 888.213ms
[2025-06-03T16:07:49.287+0530][442.593s] GC(576) Phase 2: Prepare for compaction
[2025-06-03T16:07:49.287+0530][442.594s] GC(576) Phase 2: Prepare for compaction 0.604ms
[2025-06-03T16:07:49.287+0530][442.594s] GC(576) Phase 3: Adjust pointers
[2025-06-03T16:07:49.344+0530][442.650s] GC(576) Phase 3: Adjust pointers 56.294ms
[2025-06-03T16:07:49.344+0530][442.650s] GC(576) Phase 4: Compact heap
[2025-06-03T16:07:49.344+0530][442.651s] GC(576) Phase 4: Compact heap 0.360ms
[2025-06-03T16:07:49.347+0530][442.654s] GC(576) Eden regions: 0->0(25)
[2025-06-03T16:07:49.347+0530][442.654s] GC(576) Survivor regions: 0->0(0)
[2025-06-03T16:07:49.347+0530][442.654s] GC(576) Old regions: 510->509
[2025-06-03T16:07:49.347+0530][442.654s] GC(576) Archive regions: 2->2
[2025-06-03T16:07:49.347+0530][442.654s] GC(576) Humongous regions: 0->0
[2025-06-03T16:07:49.347+0530][442.654s] GC(576) Metaspace: 20335K(21056K)->20335K(21056K) NonClass: 17809K(18240K)->17809K(18240K) Class: 2525K(2816K)->2525K(2816K)
[2025-06-03T16:07:49.347+0530][442.654s] GC(576) Pause Full (G1 Compaction Pause) 510M->509M(512M) 948.967ms
[2025-06-03T16:07:49.348+0530][442.654s] GC(576) User=2.19s Sys=0.08s Real=0.95s
[2025-06-03T16:07:49.389+0530][442.696s] GC(577) Pause Young (Concurrent Start) (G1 Evacuation Pause)
[2025-06-03T16:07:49.389+0530][442.696s] GC(577) Using 8 workers of 8 for evacuation
[2025-06-03T16:07:49.390+0530][442.697s] GC(577) Skipped phase 1 of Reference Processing: no references
[2025-06-03T16:07:49.390+0530][442.697s] GC(577) Skipped phase 2 of Reference Processing: no references
[2025-06-03T16:07:49.390+0530][442.697s] GC(577) Skipped phase 3 of Reference Processing: no references
[2025-06-03T16:07:49.390+0530][442.697s] GC(577) Skipped phase 4 of Reference Processing: no references
[2025-06-03T16:07:49.391+0530][442.698s] GC(577) To-space exhausted
[2025-06-03T16:07:49.391+0530][442.698s] GC(577)   Pre Evacuate Collection Set: 0.1ms
[2025-06-03T16:07:49.391+0530][442.698s] GC(577)   Merge Heap Roots: 0.1ms
[2025-06-03T16:07:49.391+0530][442.698s] GC(577)   Evacuate Collection Set: 0.9ms
[2025-06-03T16:07:49.391+0530][442.698s] GC(577)   Post Evacuate Collection Set: 0.9ms
[2025-06-03T16:07:49.391+0530][442.698s] GC(577)   Other: 0.4ms
[2025-06-03T16:07:49.391+0530][442.698s] GC(577) Eden regions: 1->0(25)
[2025-06-03T16:07:49.391+0530][442.698s] GC(577) Survivor regions: 0->0(0)
[2025-06-03T16:07:49.391+0530][442.698s] GC(577) Old regions: 509->510
[2025-06-03T16:07:49.392+0530][442.698s] GC(577) Archive regions: 2->2
[2025-06-03T16:07:49.392+0530][442.698s] GC(577) Humongous regions: 0->0
[2025-06-03T16:07:49.392+0530][442.698s] GC(577) Metaspace: 20335K(21056K)->20335K(21056K) NonClass: 17809K(18240K)->17809K(18240K) Class: 2525K(2816K)->2525K(2816K)
[2025-06-03T16:07:49.392+0530][442.698s] GC(577) Pause Young (Concurrent Start) (G1 Evacuation Pause) 510M->510M(512M) 2.748ms
[2025-06-03T16:07:49.392+0530][442.698s] GC(577) User=0.01s Sys=0.00s Real=0.01s
[2025-06-03T16:07:49.392+0530][442.698s] Attempting full compaction
[2025-06-03T16:07:49.392+0530][442.698s] GC(578) Concurrent Mark Cycle
[2025-06-03T16:07:49.392+0530][442.698s] GC(579) Using 8 workers of 8 for full compaction
[2025-06-03T16:07:49.392+0530][442.698s] GC(578) Concurrent Clear Claimed Marks
[2025-06-03T16:07:49.392+0530][442.699s] GC(578) Concurrent Clear Claimed Marks 0.091ms
[2025-06-03T16:07:49.392+0530][442.699s] GC(578) Concurrent Scan Root Regions
[2025-06-03T16:07:49.392+0530][442.699s] GC(578) Concurrent Scan Root Regions 0.025ms
[2025-06-03T16:07:49.392+0530][442.699s] GC(578) Concurrent Mark
[2025-06-03T16:07:49.392+0530][442.699s] GC(578) Concurrent Mark From Roots
[2025-06-03T16:07:49.392+0530][442.699s] GC(579) Pause Full (G1 Compaction Pause)
[2025-06-03T16:07:49.392+0530][442.699s] GC(578) Using 2 workers of 2 for marking
[2025-06-03T16:07:49.394+0530][442.700s] GC(579) Phase 1: Mark live objects
[2025-06-03T16:07:50.292+0530][443.599s] GC(579) ReferenceProcessor::execute queues: 8, RefProcThreadModel::Multi, marks_oops_alive: true
[2025-06-03T16:07:50.293+0530][443.599s] GC(579) ReferenceProcessor::execute queues: 2, RefProcThreadModel::Multi, marks_oops_alive: false
[2025-06-03T16:07:50.293+0530][443.599s] GC(579) Skipped phase 3 of Reference Processing: no references
[2025-06-03T16:07:50.293+0530][443.599s] GC(579) ReferenceProcessor::execute queues: 1, RefProcThreadModel::Single, marks_oops_alive: false
[2025-06-03T16:07:50.295+0530][443.601s] GC(579) Phase 1: Mark live objects 901.068ms
[2025-06-03T16:07:50.295+0530][443.601s] GC(579) Phase 2: Prepare for compaction
[2025-06-03T16:07:50.295+0530][443.602s] GC(579) Phase 2: Prepare for compaction 0.503ms
[2025-06-03T16:07:50.295+0530][443.602s] GC(579) Phase 3: Adjust pointers
[2025-06-03T16:07:50.353+0530][443.659s] GC(579) Phase 3: Adjust pointers 57.362ms
[2025-06-03T16:07:50.353+0530][443.659s] GC(579) Phase 4: Compact heap
[2025-06-03T16:07:50.353+0530][443.660s] GC(579) Phase 4: Compact heap 0.355ms
[2025-06-03T16:07:50.357+0530][443.663s] GC(579) Eden regions: 0->0(25)
[2025-06-03T16:07:50.357+0530][443.663s] GC(579) Survivor regions: 0->0(0)
[2025-06-03T16:07:50.357+0530][443.663s] GC(579) Old regions: 510->509
[2025-06-03T16:07:50.357+0530][443.663s] GC(579) Archive regions: 2->2
[2025-06-03T16:07:50.357+0530][443.663s] GC(579) Humongous regions: 0->0
[2025-06-03T16:07:50.357+0530][443.664s] GC(579) Metaspace: 20335K(21056K)->20315K(21056K) NonClass: 17809K(18240K)->17792K(18240K) Class: 2525K(2816K)->2522K(2816K)
[2025-06-03T16:07:50.357+0530][443.664s] GC(579) Pause Full (G1 Compaction Pause) 510M->509M(512M) 964.826ms
[2025-06-03T16:07:50.357+0530][443.664s] GC(579) User=2.27s Sys=0.08s Real=0.96s
[2025-06-03T16:07:50.358+0530][443.664s] GC(578) Concurrent Mark From Roots 965.495ms
[2025-06-03T16:07:50.358+0530][443.664s] GC(578) Concurrent Mark Abort
[2025-06-03T16:07:50.358+0530][443.664s] GC(578) Concurrent Mark Cycle 965.863ms
[2025-06-03T16:07:50.363+0530][443.669s] GC(580) Pause Young (Normal) (G1 Evacuation Pause)
[2025-06-03T16:07:50.363+0530][443.669s] GC(580) Using 8 workers of 8 for evacuation
[2025-06-03T16:07:50.363+0530][443.670s] GC(580) Skipped phase 1 of Reference Processing: no references
[2025-06-03T16:07:50.363+0530][443.670s] GC(580) ReferenceProcessor::execute queues: 1, RefProcThreadModel::Single, marks_oops_alive: false
[2025-06-03T16:07:50.363+0530][443.670s] GC(580) Skipped phase 3 of Reference Processing: no references
[2025-06-03T16:07:50.363+0530][443.670s] GC(580) Skipped phase 4 of Reference Processing: no references
[2025-06-03T16:07:50.364+0530][443.671s] GC(580) To-space exhausted
[2025-06-03T16:07:50.364+0530][443.671s] GC(580)   Pre Evacuate Collection Set: 0.1ms
[2025-06-03T16:07:50.364+0530][443.671s] GC(580)   Merge Heap Roots: 0.0ms
[2025-06-03T16:07:50.364+0530][443.671s] GC(580)   Evacuate Collection Set: 0.4ms
[2025-06-03T16:07:50.364+0530][443.671s] GC(580)   Post Evacuate Collection Set: 0.8ms
[2025-06-03T16:07:50.364+0530][443.671s] GC(580)   Other: 0.2ms
[2025-06-03T16:07:50.364+0530][443.671s] GC(580) Eden regions: 1->0(25)
[2025-06-03T16:07:50.364+0530][443.671s] GC(580) Survivor regions: 0->0(0)
[2025-06-03T16:07:50.364+0530][443.671s] GC(580) Old regions: 509->510
[2025-06-03T16:07:50.364+0530][443.671s] GC(580) Archive regions: 2->2
[2025-06-03T16:07:50.364+0530][443.671s] GC(580) Humongous regions: 0->0
[2025-06-03T16:07:50.364+0530][443.671s] GC(580) Metaspace: 20325K(21056K)->20325K(21056K) NonClass: 17801K(18240K)->17801K(18240K) Class: 2524K(2816K)->2524K(2816K)
[2025-06-03T16:07:50.364+0530][443.671s] GC(580) Pause Young (Normal) (G1 Evacuation Pause) 510M->510M(512M) 1.712ms
[2025-06-03T16:07:50.364+0530][443.671s] GC(580) User=0.00s Sys=0.00s Real=0.00s
[2025-06-03T16:07:50.364+0530][443.671s] Attempting full compaction
[2025-06-03T16:07:50.364+0530][443.671s] GC(581) Using 8 workers of 8 for full compaction
[2025-06-03T16:07:50.364+0530][443.671s] GC(581) Pause Full (G1 Compaction Pause)
[2025-06-03T16:07:50.364+0530][443.671s] GC(581) Phase 1: Mark live objects
[2025-06-03T16:07:51.262+0530][444.569s] GC(581) ReferenceProcessor::execute queues: 8, RefProcThreadModel::Multi, marks_oops_alive: true
[2025-06-03T16:07:51.262+0530][444.569s] GC(581) ReferenceProcessor::execute queues: 2, RefProcThreadModel::Multi, marks_oops_alive: false
[2025-06-03T16:07:51.262+0530][444.569s] GC(581) Skipped phase 3 of Reference Processing: no references
[2025-06-03T16:07:51.262+0530][444.569s] GC(581) ReferenceProcessor::execute queues: 1, RefProcThreadModel::Single, marks_oops_alive: false
[2025-06-03T16:07:51.263+0530][444.570s] GC(581) Phase 1: Mark live objects 898.944ms
[2025-06-03T16:07:51.263+0530][444.570s] GC(581) Phase 2: Prepare for compaction
[2025-06-03T16:07:51.264+0530][444.571s] GC(581) Phase 2: Prepare for compaction 0.674ms
[2025-06-03T16:07:51.264+0530][444.571s] GC(581) Phase 3: Adjust pointers
[2025-06-03T16:07:51.320+0530][444.627s] GC(581) Phase 3: Adjust pointers 56.304ms
[2025-06-03T16:07:51.320+0530][444.627s] GC(581) Phase 4: Compact heap
[2025-06-03T16:07:51.321+0530][444.627s] GC(581) Phase 4: Compact heap 0.410ms
[2025-06-03T16:07:51.324+0530][444.631s] GC(581) Eden regions: 0->0(25)
[2025-06-03T16:07:51.324+0530][444.631s] GC(581) Survivor regions: 0->0(0)
[2025-06-03T16:07:51.324+0530][444.631s] GC(581) Old regions: 510->509
[2025-06-03T16:07:51.324+0530][444.631s] GC(581) Archive regions: 2->2
[2025-06-03T16:07:51.324+0530][444.631s] GC(581) Humongous regions: 0->0
[2025-06-03T16:07:51.324+0530][444.631s] GC(581) Metaspace: 20325K(21056K)->20325K(21056K) NonClass: 17801K(18240K)->17801K(18240K) Class: 2524K(2816K)->2524K(2816K)
[2025-06-03T16:07:51.324+0530][444.631s] GC(581) Pause Full (G1 Compaction Pause) 510M->509M(512M) 960.100ms
[2025-06-03T16:07:51.325+0530][444.631s] GC(581) User=2.21s Sys=0.08s Real=0.96s
[2025-06-03T16:07:51.347+0530][444.654s] GC(582) Pause Young (Concurrent Start) (G1 Evacuation Pause)
[2025-06-03T16:07:51.347+0530][444.654s] GC(582) Using 8 workers of 8 for evacuation
[2025-06-03T16:07:51.348+0530][444.655s] GC(582) Skipped phase 1 of Reference Processing: no references
[2025-06-03T16:07:51.348+0530][444.655s] GC(582) Skipped phase 2 of Reference Processing: no references
[2025-06-03T16:07:51.348+0530][444.655s] GC(582) Skipped phase 3 of Reference Processing: no references
[2025-06-03T16:07:51.348+0530][444.655s] GC(582) Skipped phase 4 of Reference Processing: no references
[2025-06-03T16:07:51.349+0530][444.655s] GC(582) To-space exhausted
[2025-06-03T16:07:51.349+0530][444.655s] GC(582)   Pre Evacuate Collection Set: 0.1ms
[2025-06-03T16:07:51.349+0530][444.655s] GC(582)   Merge Heap Roots: 0.0ms
[2025-06-03T16:07:51.349+0530][444.655s] GC(582)   Evacuate Collection Set: 0.8ms
[2025-06-03T16:07:51.349+0530][444.655s] GC(582)   Post Evacuate Collection Set: 0.7ms
[2025-06-03T16:07:51.349+0530][444.655s] GC(582)   Other: 0.2ms
[2025-06-03T16:07:51.349+0530][444.655s] GC(582) Eden regions: 1->0(25)
[2025-06-03T16:07:51.349+0530][444.655s] GC(582) Survivor regions: 0->0(0)
[2025-06-03T16:07:51.349+0530][444.655s] GC(582) Old regions: 509->510
[2025-06-03T16:07:51.349+0530][444.655s] GC(582) Archive regions: 2->2
[2025-06-03T16:07:51.349+0530][444.656s] GC(582) Humongous regions: 0->0
[2025-06-03T16:07:51.349+0530][444.656s] GC(582) Metaspace: 20336K(21056K)->20336K(21056K) NonClass: 17810K(18240K)->17810K(18240K) Class: 2525K(2816K)->2525K(2816K)
[2025-06-03T16:07:51.349+0530][444.656s] GC(582) Pause Young (Concurrent Start) (G1 Evacuation Pause) 510M->510M(512M) 1.999ms
[2025-06-03T16:07:51.349+0530][444.656s] GC(582) User=0.00s Sys=0.00s Real=0.00s
[2025-06-03T16:07:51.349+0530][444.656s] Attempting full compaction
[2025-06-03T16:07:51.349+0530][444.656s] GC(583) Concurrent Mark Cycle
[2025-06-03T16:07:51.349+0530][444.656s] GC(584) Using 8 workers of 8 for full compaction
[2025-06-03T16:07:51.349+0530][444.656s] GC(583) Concurrent Clear Claimed Marks
[2025-06-03T16:07:51.349+0530][444.656s] GC(583) Concurrent Clear Claimed Marks 0.058ms
[2025-06-03T16:07:51.349+0530][444.656s] GC(583) Concurrent Scan Root Regions
[2025-06-03T16:07:51.349+0530][444.656s] GC(583) Concurrent Scan Root Regions 0.013ms
[2025-06-03T16:07:51.349+0530][444.656s] GC(583) Concurrent Mark
[2025-06-03T16:07:51.349+0530][444.656s] GC(583) Concurrent Mark From Roots
[2025-06-03T16:07:51.349+0530][444.656s] GC(584) Pause Full (G1 Compaction Pause)
[2025-06-03T16:07:51.349+0530][444.656s] GC(583) Using 2 workers of 2 for marking
[2025-06-03T16:07:51.350+0530][444.656s] GC(584) Phase 1: Mark live objects
[2025-06-03T16:07:52.239+0530][445.546s] GC(584) ReferenceProcessor::execute queues: 8, RefProcThreadModel::Multi, marks_oops_alive: true
[2025-06-03T16:07:52.239+0530][445.546s] GC(584) ReferenceProcessor::execute queues: 2, RefProcThreadModel::Multi, marks_oops_alive: false
[2025-06-03T16:07:52.239+0530][445.546s] GC(584) Skipped phase 3 of Reference Processing: no references
[2025-06-03T16:07:52.239+0530][445.546s] GC(584) ReferenceProcessor::execute queues: 1, RefProcThreadModel::Single, marks_oops_alive: false
[2025-06-03T16:07:52.241+0530][445.548s] GC(584) Phase 1: Mark live objects 891.773ms
[2025-06-03T16:07:52.242+0530][445.548s] GC(584) Phase 2: Prepare for compaction
[2025-06-03T16:07:52.242+0530][445.549s] GC(584) Phase 2: Prepare for compaction 0.670ms
[2025-06-03T16:07:52.242+0530][445.549s] GC(584) Phase 3: Adjust pointers
[2025-06-03T16:07:52.298+0530][445.605s] GC(584) Phase 3: Adjust pointers 56.247ms
[2025-06-03T16:07:52.299+0530][445.605s] GC(584) Phase 4: Compact heap
[2025-06-03T16:07:52.299+0530][445.606s] GC(584) Phase 4: Compact heap 0.401ms
[2025-06-03T16:07:52.302+0530][445.609s] GC(584) Eden regions: 0->0(25)
[2025-06-03T16:07:52.302+0530][445.609s] GC(584) Survivor regions: 0->0(0)
[2025-06-03T16:07:52.302+0530][445.609s] GC(584) Old regions: 510->509
[2025-06-03T16:07:52.302+0530][445.609s] GC(584) Archive regions: 2->2
[2025-06-03T16:07:52.302+0530][445.609s] GC(584) Humongous regions: 0->0
[2025-06-03T16:07:52.302+0530][445.609s] GC(584) Metaspace: 20336K(21056K)->20332K(21056K) NonClass: 17810K(18240K)->17807K(18240K) Class: 2525K(2816K)->2525K(2816K)
[2025-06-03T16:07:52.302+0530][445.609s] GC(584) Pause Full (G1 Compaction Pause) 510M->509M(512M) 953.229ms
[2025-06-03T16:07:52.303+0530][445.609s] GC(584) User=2.24s Sys=0.07s Real=0.96s
[2025-06-03T16:07:52.303+0530][445.610s] GC(583) Concurrent Mark From Roots 953.994ms
[2025-06-03T16:07:52.303+0530][445.610s] GC(583) Concurrent Mark Abort
[2025-06-03T16:07:52.303+0530][445.610s] GC(583) Concurrent Mark Cycle 954.235ms
[2025-06-03T16:07:52.307+0530][445.614s] GC(585) Pause Young (Normal) (G1 Evacuation Pause)
[2025-06-03T16:07:52.307+0530][445.614s] GC(585) Using 8 workers of 8 for evacuation
[2025-06-03T16:07:52.308+0530][445.614s] GC(585) Skipped phase 1 of Reference Processing: no references
[2025-06-03T16:07:52.308+0530][445.614s] GC(585) ReferenceProcessor::execute queues: 1, RefProcThreadModel::Single, marks_oops_alive: false
[2025-06-03T16:07:52.308+0530][445.614s] GC(585) Skipped phase 3 of Reference Processing: no references
[2025-06-03T16:07:52.308+0530][445.614s] GC(585) Skipped phase 4 of Reference Processing: no references
[2025-06-03T16:07:52.309+0530][445.615s] GC(585) To-space exhausted
[2025-06-03T16:07:52.309+0530][445.615s] GC(585)   Pre Evacuate Collection Set: 0.1ms
[2025-06-03T16:07:52.309+0530][445.615s] GC(585)   Merge Heap Roots: 0.0ms
[2025-06-03T16:07:52.309+0530][445.615s] GC(585)   Evacuate Collection Set: 0.4ms
[2025-06-03T16:07:52.309+0530][445.615s] GC(585)   Post Evacuate Collection Set: 0.8ms
[2025-06-03T16:07:52.309+0530][445.615s] GC(585)   Other: 0.3ms
[2025-06-03T16:07:52.309+0530][445.615s] GC(585) Eden regions: 1->0(25)
[2025-06-03T16:07:52.309+0530][445.615s] GC(585) Survivor regions: 0->0(0)
[2025-06-03T16:07:52.309+0530][445.615s] GC(585) Old regions: 509->510
[2025-06-03T16:07:52.309+0530][445.615s] GC(585) Archive regions: 2->2
[2025-06-03T16:07:52.309+0530][445.615s] GC(585) Humongous regions: 0->0
[2025-06-03T16:07:52.309+0530][445.615s] GC(585) Metaspace: 20336K(21056K)->20336K(21056K) NonClass: 17810K(18240K)->17810K(18240K) Class: 2525K(2816K)->2525K(2816K)
[2025-06-03T16:07:52.309+0530][445.615s] GC(585) Pause Young (Normal) (G1 Evacuation Pause) 510M->510M(512M) 1.786ms
[2025-06-03T16:07:52.309+0530][445.615s] GC(585) User=0.00s Sys=0.00s Real=0.00s
[2025-06-03T16:07:52.309+0530][445.615s] Attempting full compaction
[2025-06-03T16:07:52.309+0530][445.615s] GC(586) Using 8 workers of 8 for full compaction
[2025-06-03T16:07:52.309+0530][445.616s] GC(586) Pause Full (G1 Compaction Pause)
[2025-06-03T16:07:52.309+0530][445.616s] GC(586) Phase 1: Mark live objects
[2025-06-03T16:07:53.207+0530][446.514s] GC(586) ReferenceProcessor::execute queues: 8, RefProcThreadModel::Multi, marks_oops_alive: true
[2025-06-03T16:07:53.207+0530][446.514s] GC(586) ReferenceProcessor::execute queues: 2, RefProcThreadModel::Multi, marks_oops_alive: false
[2025-06-03T16:07:53.207+0530][446.514s] GC(586) Skipped phase 3 of Reference Processing: no references
[2025-06-03T16:07:53.207+0530][446.514s] GC(586) ReferenceProcessor::execute queues: 1, RefProcThreadModel::Single, marks_oops_alive: false
[2025-06-03T16:07:53.210+0530][446.516s] GC(586) Phase 1: Mark live objects 900.605ms
[2025-06-03T16:07:53.210+0530][446.516s] GC(586) Phase 2: Prepare for compaction
[2025-06-03T16:07:53.210+0530][446.517s] GC(586) Phase 2: Prepare for compaction 0.744ms
[2025-06-03T16:07:53.210+0530][446.517s] GC(586) Phase 3: Adjust pointers
[2025-06-03T16:07:53.269+0530][446.576s] GC(586) Phase 3: Adjust pointers 58.598ms
[2025-06-03T16:07:53.269+0530][446.576s] GC(586) Phase 4: Compact heap
[2025-06-03T16:07:53.270+0530][446.576s] GC(586) Phase 4: Compact heap 0.471ms
[2025-06-03T16:07:53.274+0530][446.580s] GC(586) Eden regions: 0->0(25)
[2025-06-03T16:07:53.274+0530][446.580s] GC(586) Survivor regions: 0->0(0)
[2025-06-03T16:07:53.274+0530][446.580s] GC(586) Old regions: 510->509
[2025-06-03T16:07:53.274+0530][446.580s] GC(586) Archive regions: 2->2
[2025-06-03T16:07:53.274+0530][446.580s] GC(586) Humongous regions: 0->0
[2025-06-03T16:07:53.274+0530][446.580s] GC(586) Metaspace: 20336K(21056K)->20308K(21056K) NonClass: 17810K(18240K)->17787K(18240K) Class: 2525K(2816K)->2521K(2816K)
[2025-06-03T16:07:53.274+0530][446.580s] GC(586) Pause Full (G1 Compaction Pause) 510M->509M(512M) 964.914ms
[2025-06-03T16:07:53.274+0530][446.581s] GC(586) User=2.24s Sys=0.08s Real=0.97s
[2025-06-03T16:07:53.295+0530][446.601s] GC(587) Pause Young (Concurrent Start) (G1 Evacuation Pause)
[2025-06-03T16:07:53.295+0530][446.601s] GC(587) Using 8 workers of 8 for evacuation
[2025-06-03T16:07:53.296+0530][446.603s] GC(587) Skipped phase 1 of Reference Processing: no references
[2025-06-03T16:07:53.296+0530][446.603s] GC(587) ReferenceProcessor::execute queues: 1, RefProcThreadModel::Single, marks_oops_alive: false
[2025-06-03T16:07:53.296+0530][446.603s] GC(587) Skipped phase 3 of Reference Processing: no references
[2025-06-03T16:07:53.297+0530][446.603s] GC(587) Skipped phase 4 of Reference Processing: no references
[2025-06-03T16:07:53.298+0530][446.604s] GC(587) To-space exhausted
[2025-06-03T16:07:53.298+0530][446.604s] GC(587)   Pre Evacuate Collection Set: 0.1ms
[2025-06-03T16:07:53.298+0530][446.604s] GC(587)   Merge Heap Roots: 0.0ms
[2025-06-03T16:07:53.298+0530][446.604s] GC(587)   Evacuate Collection Set: 0.9ms
[2025-06-03T16:07:53.298+0530][446.604s] GC(587)   Post Evacuate Collection Set: 1.7ms
[2025-06-03T16:07:53.298+0530][446.604s] GC(587)   Other: 0.3ms
[2025-06-03T16:07:53.298+0530][446.604s] GC(587) Eden regions: 1->0(25)
[2025-06-03T16:07:53.298+0530][446.604s] GC(587) Survivor regions: 0->0(0)
[2025-06-03T16:07:53.298+0530][446.604s] GC(587) Old regions: 509->510
[2025-06-03T16:07:53.298+0530][446.604s] GC(587) Archive regions: 2->2
[2025-06-03T16:07:53.298+0530][446.604s] GC(587) Humongous regions: 0->0
[2025-06-03T16:07:53.298+0530][446.604s] GC(587) Metaspace: 20336K(21056K)->20336K(21056K) NonClass: 17810K(18240K)->17810K(18240K) Class: 2525K(2816K)->2525K(2816K)
[2025-06-03T16:07:53.298+0530][446.604s] GC(587) Pause Young (Concurrent Start) (G1 Evacuation Pause) 510M->510M(512M) 3.153ms
[2025-06-03T16:07:53.298+0530][446.605s] GC(587) User=0.01s Sys=0.00s Real=0.00s
[2025-06-03T16:07:53.298+0530][446.605s] Attempting full compaction
[2025-06-03T16:07:53.298+0530][446.605s] GC(588) Concurrent Mark Cycle
[2025-06-03T16:07:53.298+0530][446.605s] GC(589) Using 8 workers of 8 for full compaction
[2025-06-03T16:07:53.298+0530][446.605s] GC(588) Concurrent Clear Claimed Marks
[2025-06-03T16:07:53.298+0530][446.605s] GC(589) Pause Full (G1 Compaction Pause)
[2025-06-03T16:07:53.298+0530][446.605s] GC(588) Concurrent Clear Claimed Marks 0.159ms
[2025-06-03T16:07:53.298+0530][446.605s] GC(588) Concurrent Scan Root Regions
[2025-06-03T16:07:53.299+0530][446.605s] GC(588) Concurrent Scan Root Regions 0.307ms
[2025-06-03T16:07:53.299+0530][446.605s] GC(588) Concurrent Mark
[2025-06-03T16:07:53.299+0530][446.605s] GC(588) Concurrent Mark From Roots
[2025-06-03T16:07:53.299+0530][446.605s] GC(589) Phase 1: Mark live objects
[2025-06-03T16:07:53.299+0530][446.605s] GC(588) Using 2 workers of 2 for marking
[2025-06-03T16:07:54.086+0530][447.393s] GC(589) ReferenceProcessor::execute queues: 8, RefProcThreadModel::Multi, marks_oops_alive: true
[2025-06-03T16:07:54.087+0530][447.393s] GC(589) ReferenceProcessor::execute queues: 2, RefProcThreadModel::Multi, marks_oops_alive: false
[2025-06-03T16:07:54.087+0530][447.393s] GC(589) Skipped phase 3 of Reference Processing: no references
[2025-06-03T16:07:54.087+0530][447.393s] GC(589) ReferenceProcessor::execute queues: 1, RefProcThreadModel::Single, marks_oops_alive: false
[2025-06-03T16:07:54.089+0530][447.396s] GC(589) Phase 1: Mark live objects 790.177ms
[2025-06-03T16:07:54.089+0530][447.396s] GC(589) Phase 2: Prepare for compaction
[2025-06-03T16:07:54.090+0530][447.396s] GC(589) Phase 2: Prepare for compaction 0.561ms
[2025-06-03T16:07:54.090+0530][447.396s] GC(589) Phase 3: Adjust pointers
[2025-06-03T16:07:54.147+0530][447.453s] GC(589) Phase 3: Adjust pointers 57.228ms
[2025-06-03T16:07:54.147+0530][447.454s] GC(589) Phase 4: Compact heap
[2025-06-03T16:07:54.147+0530][447.454s] GC(589) Phase 4: Compact heap 0.372ms
[2025-06-03T16:07:54.151+0530][447.457s] GC(589) Eden regions: 0->0(25)
[2025-06-03T16:07:54.151+0530][447.457s] GC(589) Survivor regions: 0->0(0)
[2025-06-03T16:07:54.151+0530][447.457s] GC(589) Old regions: 510->509
[2025-06-03T16:07:54.151+0530][447.457s] GC(589) Archive regions: 2->2
[2025-06-03T16:07:54.151+0530][447.457s] GC(589) Humongous regions: 0->0
[2025-06-03T16:07:54.151+0530][447.457s] GC(589) Metaspace: 20336K(21056K)->20332K(21056K) NonClass: 17810K(18240K)->17807K(18240K) Class: 2525K(2816K)->2525K(2816K)
[2025-06-03T16:07:54.151+0530][447.458s] GC(589) Pause Full (G1 Compaction Pause) 510M->509M(512M) 852.807ms
[2025-06-03T16:07:54.151+0530][447.458s] GC(589) User=2.80s Sys=0.05s Real=0.86s
[2025-06-03T16:07:54.151+0530][447.458s] GC(588) Concurrent Mark From Roots 852.583ms
[2025-06-03T16:07:54.151+0530][447.458s] GC(588) Concurrent Mark Abort
[2025-06-03T16:07:54.151+0530][447.458s] GC(588) Concurrent Mark Cycle 853.474ms
[2025-06-03T16:07:54.155+0530][447.462s] GC(590) Pause Young (Normal) (G1 Evacuation Pause)
[2025-06-03T16:07:54.155+0530][447.462s] GC(590) Using 8 workers of 8 for evacuation
[2025-06-03T16:07:54.156+0530][447.463s] GC(590) Skipped phase 1 of Reference Processing: no references
[2025-06-03T16:07:54.156+0530][447.463s] GC(590) ReferenceProcessor::execute queues: 1, RefProcThreadModel::Single, marks_oops_alive: false
[2025-06-03T16:07:54.156+0530][447.463s] GC(590) Skipped phase 3 of Reference Processing: no references
[2025-06-03T16:07:54.156+0530][447.463s] GC(590) Skipped phase 4 of Reference Processing: no references
[2025-06-03T16:07:54.157+0530][447.463s] GC(590) To-space exhausted
[2025-06-03T16:07:54.157+0530][447.463s] GC(590)   Pre Evacuate Collection Set: 0.1ms
[2025-06-03T16:07:54.157+0530][447.463s] GC(590)   Merge Heap Roots: 0.0ms
[2025-06-03T16:07:54.157+0530][447.464s] GC(590)   Evacuate Collection Set: 0.4ms
[2025-06-03T16:07:54.157+0530][447.464s] GC(590)   Post Evacuate Collection Set: 0.8ms
[2025-06-03T16:07:54.157+0530][447.464s] GC(590)   Other: 0.2ms
[2025-06-03T16:07:54.157+0530][447.464s] GC(590) Eden regions: 1->0(25)
[2025-06-03T16:07:54.157+0530][447.464s] GC(590) Survivor regions: 0->0(0)
[2025-06-03T16:07:54.157+0530][447.464s] GC(590) Old regions: 509->510
[2025-06-03T16:07:54.157+0530][447.464s] GC(590) Archive regions: 2->2
[2025-06-03T16:07:54.157+0530][447.464s] GC(590) Humongous regions: 0->0
[2025-06-03T16:07:54.157+0530][447.464s] GC(590) Metaspace: 20336K(21056K)->20336K(21056K) NonClass: 17810K(18240K)->17810K(18240K) Class: 2525K(2816K)->2525K(2816K)
[2025-06-03T16:07:54.157+0530][447.464s] GC(590) Pause Young (Normal) (G1 Evacuation Pause) 510M->510M(512M) 1.607ms
[2025-06-03T16:07:54.157+0530][447.464s] GC(590) User=0.00s Sys=0.00s Real=0.00s
[2025-06-03T16:07:54.157+0530][447.464s] Attempting full compaction
[2025-06-03T16:07:54.157+0530][447.464s] GC(591) Using 8 workers of 8 for full compaction
[2025-06-03T16:07:54.157+0530][447.464s] GC(591) Pause Full (G1 Compaction Pause)
[2025-06-03T16:07:54.157+0530][447.464s] GC(591) Phase 1: Mark live objects
[2025-06-03T16:07:55.078+0530][448.385s] GC(591) ReferenceProcessor::execute queues: 8, RefProcThreadModel::Multi, marks_oops_alive: true
[2025-06-03T16:07:55.078+0530][448.385s] GC(591) ReferenceProcessor::execute queues: 2, RefProcThreadModel::Multi, marks_oops_alive: false
[2025-06-03T16:07:55.078+0530][448.385s] GC(591) Skipped phase 3 of Reference Processing: no references
[2025-06-03T16:07:55.078+0530][448.385s] GC(591) ReferenceProcessor::execute queues: 1, RefProcThreadModel::Single, marks_oops_alive: false
[2025-06-03T16:07:55.080+0530][448.386s] GC(591) Phase 1: Mark live objects 922.495ms
[2025-06-03T16:07:55.080+0530][448.386s] GC(591) Phase 2: Prepare for compaction
[2025-06-03T16:07:55.080+0530][448.387s] GC(591) Phase 2: Prepare for compaction 0.610ms
[2025-06-03T16:07:55.080+0530][448.387s] GC(591) Phase 3: Adjust pointers
[2025-06-03T16:07:55.138+0530][448.445s] GC(591) Phase 3: Adjust pointers 57.811ms
[2025-06-03T16:07:55.138+0530][448.445s] GC(591) Phase 4: Compact heap
[2025-06-03T16:07:55.139+0530][448.445s] GC(591) Phase 4: Compact heap 0.542ms
[2025-06-03T16:07:55.142+0530][448.449s] GC(591) Eden regions: 0->0(25)
[2025-06-03T16:07:55.142+0530][448.449s] GC(591) Survivor regions: 0->0(0)
[2025-06-03T16:07:55.142+0530][448.449s] GC(591) Old regions: 510->509
[2025-06-03T16:07:55.142+0530][448.449s] GC(591) Archive regions: 2->2
[2025-06-03T16:07:55.142+0530][448.449s] GC(591) Humongous regions: 0->0
[2025-06-03T16:07:55.142+0530][448.449s] GC(591) Metaspace: 20336K(21056K)->20336K(21056K) NonClass: 17810K(18240K)->17810K(18240K) Class: 2525K(2816K)->2525K(2816K)
[2025-06-03T16:07:55.143+0530][448.449s] GC(591) Pause Full (G1 Compaction Pause) 510M->509M(512M) 985.462ms
[2025-06-03T16:07:55.143+0530][448.449s] GC(591) User=2.25s Sys=0.08s Real=0.99s
[2025-06-03T16:07:55.151+0530][448.457s] GC(592) Pause Young (Concurrent Start) (G1 Evacuation Pause)
[2025-06-03T16:07:55.151+0530][448.457s] GC(592) Using 8 workers of 8 for evacuation
[2025-06-03T16:07:55.151+0530][448.458s] GC(592) Skipped phase 1 of Reference Processing: no references
[2025-06-03T16:07:55.151+0530][448.458s] GC(592) Skipped phase 2 of Reference Processing: no references
[2025-06-03T16:07:55.152+0530][448.458s] GC(592) Skipped phase 3 of Reference Processing: no references
[2025-06-03T16:07:55.152+0530][448.458s] GC(592) Skipped phase 4 of Reference Processing: no references
[2025-06-03T16:07:55.152+0530][448.459s] GC(592) To-space exhausted
[2025-06-03T16:07:55.152+0530][448.459s] GC(592)   Pre Evacuate Collection Set: 0.1ms
[2025-06-03T16:07:55.152+0530][448.459s] GC(592)   Merge Heap Roots: 0.0ms
[2025-06-03T16:07:55.152+0530][448.459s] GC(592)   Evacuate Collection Set: 0.7ms
[2025-06-03T16:07:55.152+0530][448.459s] GC(592)   Post Evacuate Collection Set: 0.7ms
[2025-06-03T16:07:55.152+0530][448.459s] GC(592)   Other: 0.2ms
[2025-06-03T16:07:55.152+0530][448.459s] GC(592) Eden regions: 1->0(25)
[2025-06-03T16:07:55.152+0530][448.459s] GC(592) Survivor regions: 0->0(0)
[2025-06-03T16:07:55.152+0530][448.459s] GC(592) Old regions: 509->510
[2025-06-03T16:07:55.152+0530][448.459s] GC(592) Archive regions: 2->2
[2025-06-03T16:07:55.152+0530][448.459s] GC(592) Humongous regions: 0->0
[2025-06-03T16:07:55.152+0530][448.459s] GC(592) Metaspace: 20336K(21056K)->20336K(21056K) NonClass: 17810K(18240K)->17810K(18240K) Class: 2525K(2816K)->2525K(2816K)
[2025-06-03T16:07:55.152+0530][448.459s] GC(592) Pause Young (Concurrent Start) (G1 Evacuation Pause) 510M->510M(512M) 1.871ms
[2025-06-03T16:07:55.152+0530][448.459s] GC(592) User=0.00s Sys=0.00s Real=0.00s
[2025-06-03T16:07:55.152+0530][448.459s] Attempting full compaction
[2025-06-03T16:07:55.152+0530][448.459s] GC(594) Concurrent Mark Cycle
[2025-06-03T16:07:55.152+0530][448.459s] GC(593) Using 8 workers of 8 for full compaction
[2025-06-03T16:07:55.152+0530][448.459s] GC(594) Concurrent Clear Claimed Marks
[2025-06-03T16:07:55.153+0530][448.459s] GC(593) Pause Full (G1 Compaction Pause)
[2025-06-03T16:07:55.153+0530][448.459s] GC(594) Concurrent Clear Claimed Marks 0.066ms
[2025-06-03T16:07:55.153+0530][448.459s] GC(594) Concurrent Scan Root Regions
[2025-06-03T16:07:55.153+0530][448.459s] GC(594) Concurrent Scan Root Regions 0.049ms
[2025-06-03T16:07:55.153+0530][448.459s] GC(594) Concurrent Mark
[2025-06-03T16:07:55.153+0530][448.459s] GC(594) Concurrent Mark From Roots
[2025-06-03T16:07:55.153+0530][448.459s] GC(594) Using 2 workers of 2 for marking
[2025-06-03T16:07:55.153+0530][448.460s] GC(593) Phase 1: Mark live objects
[2025-06-03T16:07:56.063+0530][449.370s] GC(593) ReferenceProcessor::execute queues: 8, RefProcThreadModel::Multi, marks_oops_alive: true
[2025-06-03T16:07:56.063+0530][449.370s] GC(593) ReferenceProcessor::execute queues: 2, RefProcThreadModel::Multi, marks_oops_alive: false
[2025-06-03T16:07:56.063+0530][449.370s] GC(593) Skipped phase 3 of Reference Processing: no references
[2025-06-03T16:07:56.063+0530][449.370s] GC(593) ReferenceProcessor::execute queues: 1, RefProcThreadModel::Single, marks_oops_alive: false
[2025-06-03T16:07:56.066+0530][449.372s] GC(593) Phase 1: Mark live objects 912.541ms
[2025-06-03T16:07:56.066+0530][449.372s] GC(593) Phase 2: Prepare for compaction
[2025-06-03T16:07:56.066+0530][449.373s] GC(593) Phase 2: Prepare for compaction 0.707ms
[2025-06-03T16:07:56.066+0530][449.373s] GC(593) Phase 3: Adjust pointers
[2025-06-03T16:07:56.123+0530][449.429s] GC(593) Phase 3: Adjust pointers 56.218ms
[2025-06-03T16:07:56.123+0530][449.429s] GC(593) Phase 4: Compact heap
[2025-06-03T16:07:56.123+0530][449.430s] GC(593) Phase 4: Compact heap 0.386ms
[2025-06-03T16:07:56.127+0530][449.433s] GC(593) Eden regions: 0->0(25)
[2025-06-03T16:07:56.127+0530][449.434s] GC(593) Survivor regions: 0->0(0)
[2025-06-03T16:07:56.127+0530][449.434s] GC(593) Old regions: 510->509
[2025-06-03T16:07:56.127+0530][449.434s] GC(593) Archive regions: 2->2
[2025-06-03T16:07:56.127+0530][449.434s] GC(593) Humongous regions: 0->0
[2025-06-03T16:07:56.127+0530][449.434s] GC(593) Metaspace: 20336K(21056K)->20332K(21056K) NonClass: 17810K(18240K)->17807K(18240K) Class: 2525K(2816K)->2525K(2816K)
[2025-06-03T16:07:56.127+0530][449.434s] GC(593) Pause Full (G1 Compaction Pause) 510M->509M(512M) 974.395ms
[2025-06-03T16:07:56.127+0530][449.434s] GC(593) User=2.24s Sys=0.07s Real=0.97s
[2025-06-03T16:07:56.127+0530][449.434s] GC(594) Concurrent Mark From Roots 974.701ms
[2025-06-03T16:07:56.127+0530][449.434s] GC(594) Concurrent Mark Abort
[2025-06-03T16:07:56.127+0530][449.434s] GC(594) Concurrent Mark Cycle 975.047ms
[2025-06-03T16:07:56.132+0530][449.439s] GC(595) Pause Young (Normal) (G1 Evacuation Pause)
[2025-06-03T16:07:56.132+0530][449.439s] GC(595) Using 8 workers of 8 for evacuation
[2025-06-03T16:07:56.133+0530][449.439s] GC(595) Skipped phase 1 of Reference Processing: no references
[2025-06-03T16:07:56.133+0530][449.439s] GC(595) ReferenceProcessor::execute queues: 1, RefProcThreadModel::Single, marks_oops_alive: false
[2025-06-03T16:07:56.133+0530][449.439s] GC(595) Skipped phase 3 of Reference Processing: no references
[2025-06-03T16:07:56.133+0530][449.439s] GC(595) Skipped phase 4 of Reference Processing: no references
[2025-06-03T16:07:56.133+0530][449.440s] GC(595) To-space exhausted
[2025-06-03T16:07:56.133+0530][449.440s] GC(595)   Pre Evacuate Collection Set: 0.1ms
[2025-06-03T16:07:56.134+0530][449.440s] GC(595)   Merge Heap Roots: 0.0ms
[2025-06-03T16:07:56.134+0530][449.440s] GC(595)   Evacuate Collection Set: 0.4ms
[2025-06-03T16:07:56.134+0530][449.440s] GC(595)   Post Evacuate Collection Set: 0.8ms
[2025-06-03T16:07:56.134+0530][449.440s] GC(595)   Other: 0.2ms
[2025-06-03T16:07:56.134+0530][449.440s] GC(595) Eden regions: 1->0(25)
[2025-06-03T16:07:56.134+0530][449.440s] GC(595) Survivor regions: 0->0(0)
[2025-06-03T16:07:56.134+0530][449.440s] GC(595) Old regions: 509->510
[2025-06-03T16:07:56.134+0530][449.440s] GC(595) Archive regions: 2->2
[2025-06-03T16:07:56.134+0530][449.440s] GC(595) Humongous regions: 0->0
[2025-06-03T16:07:56.134+0530][449.440s] GC(595) Metaspace: 20339K(21056K)->20339K(21056K) NonClass: 17813K(18240K)->17813K(18240K) Class: 2526K(2816K)->2526K(2816K)
[2025-06-03T16:07:56.134+0530][449.440s] GC(595) Pause Young (Normal) (G1 Evacuation Pause) 510M->510M(512M) 1.675ms
[2025-06-03T16:07:56.134+0530][449.440s] GC(595) User=0.00s Sys=0.00s Real=0.00s
[2025-06-03T16:07:56.134+0530][449.440s] Attempting full compaction
[2025-06-03T16:07:56.134+0530][449.440s] GC(596) Using 8 workers of 8 for full compaction
[2025-06-03T16:07:56.134+0530][449.440s] GC(596) Pause Full (G1 Compaction Pause)
[2025-06-03T16:07:56.134+0530][449.440s] GC(596) Phase 1: Mark live objects
[2025-06-03T16:07:57.078+0530][450.384s] GC(596) ReferenceProcessor::execute queues: 8, RefProcThreadModel::Multi, marks_oops_alive: true
[2025-06-03T16:07:57.078+0530][450.384s] GC(596) ReferenceProcessor::execute queues: 2, RefProcThreadModel::Multi, marks_oops_alive: false
[2025-06-03T16:07:57.078+0530][450.385s] GC(596) Skipped phase 3 of Reference Processing: no references
[2025-06-03T16:07:57.078+0530][450.385s] GC(596) ReferenceProcessor::execute queues: 1, RefProcThreadModel::Single, marks_oops_alive: false
[2025-06-03T16:07:57.079+0530][450.386s] GC(596) Phase 1: Mark live objects 945.184ms
[2025-06-03T16:07:57.079+0530][450.386s] GC(596) Phase 2: Prepare for compaction
[2025-06-03T16:07:57.080+0530][450.386s] GC(596) Phase 2: Prepare for compaction 0.625ms
[2025-06-03T16:07:57.080+0530][450.386s] GC(596) Phase 3: Adjust pointers
[2025-06-03T16:07:57.138+0530][450.445s] GC(596) Phase 3: Adjust pointers 58.535ms
[2025-06-03T16:07:57.138+0530][450.445s] GC(596) Phase 4: Compact heap
[2025-06-03T16:07:57.139+0530][450.445s] GC(596) Phase 4: Compact heap 0.518ms
[2025-06-03T16:07:57.142+0530][450.449s] GC(596) Eden regions: 0->0(25)
[2025-06-03T16:07:57.142+0530][450.449s] GC(596) Survivor regions: 0->0(0)
[2025-06-03T16:07:57.142+0530][450.449s] GC(596) Old regions: 510->509
[2025-06-03T16:07:57.142+0530][450.449s] GC(596) Archive regions: 2->2
[2025-06-03T16:07:57.142+0530][450.449s] GC(596) Humongous regions: 0->0
[2025-06-03T16:07:57.142+0530][450.449s] GC(596) Metaspace: 20339K(21056K)->20339K(21056K) NonClass: 17813K(18240K)->17813K(18240K) Class: 2526K(2816K)->2526K(2816K)
[2025-06-03T16:07:57.142+0530][450.449s] GC(596) Pause Full (G1 Compaction Pause) 510M->509M(512M) 1008.620ms
[2025-06-03T16:07:57.143+0530][450.449s] GC(596) User=2.27s Sys=0.09s Real=1.01s
[2025-06-03T16:07:57.149+0530][450.456s] GC(597) Pause Young (Concurrent Start) (G1 Evacuation Pause)
[2025-06-03T16:07:57.149+0530][450.456s] GC(597) Using 8 workers of 8 for evacuation
[2025-06-03T16:07:57.150+0530][450.457s] GC(597) Skipped phase 1 of Reference Processing: no references
[2025-06-03T16:07:57.150+0530][450.457s] GC(597) Skipped phase 2 of Reference Processing: no references
[2025-06-03T16:07:57.150+0530][450.457s] GC(597) Skipped phase 3 of Reference Processing: no references
[2025-06-03T16:07:57.150+0530][450.457s] GC(597) Skipped phase 4 of Reference Processing: no references
[2025-06-03T16:07:57.151+0530][450.458s] GC(597) To-space exhausted
[2025-06-03T16:07:57.151+0530][450.458s] GC(597)   Pre Evacuate Collection Set: 0.1ms
[2025-06-03T16:07:57.151+0530][450.458s] GC(597)   Merge Heap Roots: 0.0ms
[2025-06-03T16:07:57.151+0530][450.458s] GC(597)   Evacuate Collection Set: 0.6ms
[2025-06-03T16:07:57.151+0530][450.458s] GC(597)   Post Evacuate Collection Set: 0.6ms
[2025-06-03T16:07:57.151+0530][450.458s] GC(597)   Other: 0.2ms
[2025-06-03T16:07:57.151+0530][450.458s] GC(597) Eden regions: 1->0(25)
[2025-06-03T16:07:57.151+0530][450.458s] GC(597) Survivor regions: 0->0(0)
[2025-06-03T16:07:57.151+0530][450.458s] GC(597) Old regions: 509->510
[2025-06-03T16:07:57.151+0530][450.458s] GC(597) Archive regions: 2->2
[2025-06-03T16:07:57.151+0530][450.458s] GC(597) Humongous regions: 0->0
[2025-06-03T16:07:57.151+0530][450.458s] GC(597) Metaspace: 20339K(21056K)->20339K(21056K) NonClass: 17813K(18240K)->17813K(18240K) Class: 2526K(2816K)->2526K(2816K)
[2025-06-03T16:07:57.151+0530][450.458s] GC(597) Pause Young (Concurrent Start) (G1 Evacuation Pause) 510M->510M(512M) 1.715ms
[2025-06-03T16:07:57.151+0530][450.458s] GC(597) User=0.00s Sys=0.00s Real=0.01s
[2025-06-03T16:07:57.151+0530][450.458s] Attempting full compaction
[2025-06-03T16:07:57.151+0530][450.458s] GC(598) Concurrent Mark Cycle
[2025-06-03T16:07:57.151+0530][450.458s] GC(599) Using 8 workers of 8 for full compaction
[2025-06-03T16:07:57.151+0530][450.458s] GC(598) Concurrent Clear Claimed Marks
[2025-06-03T16:07:57.151+0530][450.458s] GC(599) Pause Full (G1 Compaction Pause)
[2025-06-03T16:07:57.151+0530][450.458s] GC(598) Concurrent Clear Claimed Marks 0.105ms
[2025-06-03T16:07:57.151+0530][450.458s] GC(598) Concurrent Scan Root Regions
[2025-06-03T16:07:57.151+0530][450.458s] GC(598) Concurrent Scan Root Regions 0.041ms
[2025-06-03T16:07:57.151+0530][450.458s] GC(598) Concurrent Mark
[2025-06-03T16:07:57.152+0530][450.458s] GC(598) Concurrent Mark From Roots
[2025-06-03T16:07:57.152+0530][450.458s] GC(598) Using 2 workers of 2 for marking
[2025-06-03T16:07:57.152+0530][450.459s] GC(599) Phase 1: Mark live objects
[2025-06-03T16:07:58.064+0530][451.370s] GC(599) ReferenceProcessor::execute queues: 8, RefProcThreadModel::Multi, marks_oops_alive: true
[2025-06-03T16:07:58.064+0530][451.371s] GC(599) ReferenceProcessor::execute queues: 2, RefProcThreadModel::Multi, marks_oops_alive: false
[2025-06-03T16:07:58.064+0530][451.371s] GC(599) Skipped phase 3 of Reference Processing: no references
[2025-06-03T16:07:58.064+0530][451.371s] GC(599) ReferenceProcessor::execute queues: 1, RefProcThreadModel::Single, marks_oops_alive: false
[2025-06-03T16:07:58.066+0530][451.373s] GC(599) Phase 1: Mark live objects 914.424ms
[2025-06-03T16:07:58.066+0530][451.373s] GC(599) Phase 2: Prepare for compaction
[2025-06-03T16:07:58.067+0530][451.374s] GC(599) Phase 2: Prepare for compaction 0.721ms
[2025-06-03T16:07:58.067+0530][451.374s] GC(599) Phase 3: Adjust pointers
[2025-06-03T16:07:58.127+0530][451.434s] GC(599) Phase 3: Adjust pointers 60.243ms
[2025-06-03T16:07:58.127+0530][451.434s] GC(599) Phase 4: Compact heap
[2025-06-03T16:07:58.128+0530][451.435s] GC(599) Phase 4: Compact heap 0.364ms
[2025-06-03T16:07:58.131+0530][451.438s] GC(599) Eden regions: 0->0(25)
[2025-06-03T16:07:58.131+0530][451.438s] GC(599) Survivor regions: 0->0(0)
[2025-06-03T16:07:58.131+0530][451.438s] GC(599) Old regions: 510->509
[2025-06-03T16:07:58.131+0530][451.438s] GC(599) Archive regions: 2->2
[2025-06-03T16:07:58.131+0530][451.438s] GC(599) Humongous regions: 0->0
[2025-06-03T16:07:58.131+0530][451.438s] GC(599) Metaspace: 20339K(21056K)->20319K(21056K) NonClass: 17813K(18240K)->17796K(18240K) Class: 2526K(2816K)->2523K(2816K)
[2025-06-03T16:07:58.131+0530][451.438s] GC(599) Pause Full (G1 Compaction Pause) 510M->509M(512M) 980.201ms
[2025-06-03T16:07:58.132+0530][451.438s] GC(599) User=2.27s Sys=0.08s Real=0.98s
[2025-06-03T16:07:58.132+0530][451.439s] GC(598) Concurrent Mark From Roots 980.448ms
[2025-06-03T16:07:58.132+0530][451.439s] GC(598) Concurrent Mark Abort
[2025-06-03T16:07:58.132+0530][451.439s] GC(598) Concurrent Mark Cycle 980.870ms
[2025-06-03T16:07:58.135+0530][451.442s] GC(600) Pause Young (Normal) (G1 Evacuation Pause)
[2025-06-03T16:07:58.135+0530][451.442s] GC(600) Using 8 workers of 8 for evacuation
[2025-06-03T16:07:58.136+0530][451.443s] GC(600) Skipped phase 1 of Reference Processing: no references
[2025-06-03T16:07:58.136+0530][451.443s] GC(600) ReferenceProcessor::execute queues: 1, RefProcThreadModel::Single, marks_oops_alive: false
[2025-06-03T16:07:58.136+0530][451.443s] GC(600) Skipped phase 3 of Reference Processing: no references
[2025-06-03T16:07:58.136+0530][451.443s] GC(600) Skipped phase 4 of Reference Processing: no references
[2025-06-03T16:07:58.137+0530][451.443s] GC(600) To-space exhausted
[2025-06-03T16:07:58.137+0530][451.443s] GC(600)   Pre Evacuate Collection Set: 0.1ms
[2025-06-03T16:07:58.137+0530][451.443s] GC(600)   Merge Heap Roots: 0.1ms
[2025-06-03T16:07:58.137+0530][451.443s] GC(600)   Evacuate Collection Set: 0.4ms
[2025-06-03T16:07:58.137+0530][451.443s] GC(600)   Post Evacuate Collection Set: 0.7ms
[2025-06-03T16:07:58.137+0530][451.443s] GC(600)   Other: 0.2ms
[2025-06-03T16:07:58.137+0530][451.443s] GC(600) Eden regions: 1->0(25)
[2025-06-03T16:07:58.137+0530][451.443s] GC(600) Survivor regions: 0->0(0)
[2025-06-03T16:07:58.137+0530][451.443s] GC(600) Old regions: 509->510
[2025-06-03T16:07:58.137+0530][451.443s] GC(600) Archive regions: 2->2
[2025-06-03T16:07:58.137+0530][451.443s] GC(600) Humongous regions: 0->0
[2025-06-03T16:07:58.137+0530][451.443s] GC(600) Metaspace: 20322K(21056K)->20322K(21056K) NonClass: 17799K(18240K)->17799K(18240K) Class: 2523K(2816K)->2523K(2816K)
[2025-06-03T16:07:58.137+0530][451.443s] GC(600) Pause Young (Normal) (G1 Evacuation Pause) 510M->510M(512M) 1.588ms
[2025-06-03T16:07:58.137+0530][451.443s] GC(600) User=0.01s Sys=0.00s Real=0.00s
[2025-06-03T16:07:58.137+0530][451.444s] Attempting full compaction
[2025-06-03T16:07:58.137+0530][451.444s] GC(601) Using 8 workers of 8 for full compaction
[2025-06-03T16:07:58.137+0530][451.444s] GC(601) Pause Full (G1 Compaction Pause)
[2025-06-03T16:07:58.137+0530][451.444s] GC(601) Phase 1: Mark live objects
[2025-06-03T16:07:59.046+0530][452.353s] GC(601) ReferenceProcessor::execute queues: 8, RefProcThreadModel::Multi, marks_oops_alive: true
[2025-06-03T16:07:59.046+0530][452.353s] GC(601) ReferenceProcessor::execute queues: 2, RefProcThreadModel::Multi, marks_oops_alive: false
[2025-06-03T16:07:59.046+0530][452.353s] GC(601) Skipped phase 3 of Reference Processing: no references
[2025-06-03T16:07:59.046+0530][452.353s] GC(601) ReferenceProcessor::execute queues: 1, RefProcThreadModel::Single, marks_oops_alive: false
[2025-06-03T16:07:59.049+0530][452.355s] GC(601) Phase 1: Mark live objects 911.639ms
[2025-06-03T16:07:59.049+0530][452.355s] GC(601) Phase 2: Prepare for compaction
[2025-06-03T16:07:59.049+0530][452.356s] GC(601) Phase 2: Prepare for compaction 0.727ms
[2025-06-03T16:07:59.049+0530][452.356s] GC(601) Phase 3: Adjust pointers
[2025-06-03T16:07:59.106+0530][452.413s] GC(601) Phase 3: Adjust pointers 56.436ms
[2025-06-03T16:07:59.106+0530][452.413s] GC(601) Phase 4: Compact heap
[2025-06-03T16:07:59.106+0530][452.413s] GC(601) Phase 4: Compact heap 0.420ms
[2025-06-03T16:07:59.110+0530][452.416s] GC(601) Eden regions: 0->0(25)
[2025-06-03T16:07:59.110+0530][452.416s] GC(601) Survivor regions: 0->0(0)
[2025-06-03T16:07:59.110+0530][452.416s] GC(601) Old regions: 510->509
[2025-06-03T16:07:59.110+0530][452.416s] GC(601) Archive regions: 2->2
[2025-06-03T16:07:59.110+0530][452.416s] GC(601) Humongous regions: 0->0
[2025-06-03T16:07:59.110+0530][452.416s] GC(601) Metaspace: 20322K(21056K)->20312K(21056K) NonClass: 17799K(18240K)->17790K(18240K) Class: 2523K(2816K)->2521K(2816K)
[2025-06-03T16:07:59.110+0530][452.416s] GC(601) Pause Full (G1 Compaction Pause) 510M->509M(512M) 972.849ms
[2025-06-03T16:07:59.110+0530][452.417s] GC(601) User=2.23s Sys=0.08s Real=0.98s
[2025-06-03T16:07:59.114+0530][452.420s] GC(602) Pause Young (Concurrent Start) (G1 Evacuation Pause)
[2025-06-03T16:07:59.114+0530][452.420s] GC(602) Using 8 workers of 8 for evacuation
[2025-06-03T16:07:59.115+0530][452.421s] GC(602) Skipped phase 1 of Reference Processing: no references
[2025-06-03T16:07:59.115+0530][452.421s] GC(602) ReferenceProcessor::execute queues: 1, RefProcThreadModel::Single, marks_oops_alive: false
[2025-06-03T16:07:59.115+0530][452.422s] GC(602) Skipped phase 3 of Reference Processing: no references
[2025-06-03T16:07:59.115+0530][452.422s] GC(602) Skipped phase 4 of Reference Processing: no references
[2025-06-03T16:07:59.115+0530][452.422s] GC(602) To-space exhausted
[2025-06-03T16:07:59.115+0530][452.422s] GC(602)   Pre Evacuate Collection Set: 0.1ms
[2025-06-03T16:07:59.115+0530][452.422s] GC(602)   Merge Heap Roots: 0.1ms
[2025-06-03T16:07:59.115+0530][452.422s] GC(602)   Evacuate Collection Set: 0.6ms
[2025-06-03T16:07:59.116+0530][452.422s] GC(602)   Post Evacuate Collection Set: 0.7ms
[2025-06-03T16:07:59.116+0530][452.422s] GC(602)   Other: 0.3ms
[2025-06-03T16:07:59.116+0530][452.422s] GC(602) Eden regions: 1->0(25)
[2025-06-03T16:07:59.116+0530][452.422s] GC(602) Survivor regions: 0->0(0)
[2025-06-03T16:07:59.116+0530][452.422s] GC(602) Old regions: 509->510
[2025-06-03T16:07:59.116+0530][452.422s] GC(602) Archive regions: 2->2
[2025-06-03T16:07:59.116+0530][452.422s] GC(602) Humongous regions: 0->0
[2025-06-03T16:07:59.116+0530][452.422s] GC(602) Metaspace: 20333K(21056K)->20333K(21056K) NonClass: 17808K(18240K)->17808K(18240K) Class: 2525K(2816K)->2525K(2816K)
[2025-06-03T16:07:59.116+0530][452.422s] GC(602) Pause Young (Concurrent Start) (G1 Evacuation Pause) 510M->510M(512M) 1.897ms
[2025-06-03T16:07:59.116+0530][452.422s] GC(602) User=0.00s Sys=0.00s Real=0.00s
[2025-06-03T16:07:59.116+0530][452.422s] Attempting full compaction
[2025-06-03T16:07:59.116+0530][452.422s] GC(604) Concurrent Mark Cycle
[2025-06-03T16:07:59.116+0530][452.422s] GC(603) Using 8 workers of 8 for full compaction
[2025-06-03T16:07:59.116+0530][452.422s] GC(604) Concurrent Clear Claimed Marks
[2025-06-03T16:07:59.116+0530][452.422s] GC(603) Pause Full (G1 Compaction Pause)
[2025-06-03T16:07:59.116+0530][452.423s] GC(604) Concurrent Clear Claimed Marks 0.064ms
[2025-06-03T16:07:59.116+0530][452.423s] GC(604) Concurrent Scan Root Regions
[2025-06-03T16:07:59.116+0530][452.423s] GC(604) Concurrent Scan Root Regions 0.045ms
[2025-06-03T16:07:59.116+0530][452.423s] GC(604) Concurrent Mark
[2025-06-03T16:07:59.116+0530][452.423s] GC(604) Concurrent Mark From Roots
[2025-06-03T16:07:59.116+0530][452.423s] GC(604) Using 2 workers of 2 for marking
[2025-06-03T16:07:59.116+0530][452.423s] GC(603) Phase 1: Mark live objects
[2025-06-03T16:08:00.009+0530][453.315s] GC(603) ReferenceProcessor::execute queues: 8, RefProcThreadModel::Multi, marks_oops_alive: true
[2025-06-03T16:08:00.009+0530][453.316s] GC(603) ReferenceProcessor::execute queues: 2, RefProcThreadModel::Multi, marks_oops_alive: false
[2025-06-03T16:08:00.009+0530][453.316s] GC(603) Skipped phase 3 of Reference Processing: no references
[2025-06-03T16:08:00.009+0530][453.316s] GC(603) ReferenceProcessor::execute queues: 1, RefProcThreadModel::Single, marks_oops_alive: false
[2025-06-03T16:08:00.011+0530][453.318s] GC(603) Phase 1: Mark live objects 894.966ms
[2025-06-03T16:08:00.011+0530][453.318s] GC(603) Phase 2: Prepare for compaction
[2025-06-03T16:08:00.012+0530][453.319s] GC(603) Phase 2: Prepare for compaction 0.578ms
[2025-06-03T16:08:00.012+0530][453.319s] GC(603) Phase 3: Adjust pointers
[2025-06-03T16:08:00.069+0530][453.375s] GC(603) Phase 3: Adjust pointers 56.652ms
[2025-06-03T16:08:00.069+0530][453.375s] GC(603) Phase 4: Compact heap
[2025-06-03T16:08:00.069+0530][453.376s] GC(603) Phase 4: Compact heap 0.439ms
[2025-06-03T16:08:00.073+0530][453.379s] GC(603) Eden regions: 0->0(25)
[2025-06-03T16:08:00.073+0530][453.380s] GC(603) Survivor regions: 0->0(0)
[2025-06-03T16:08:00.073+0530][453.380s] GC(603) Old regions: 510->509
[2025-06-03T16:08:00.073+0530][453.380s] GC(603) Archive regions: 2->2
[2025-06-03T16:08:00.073+0530][453.380s] GC(603) Humongous regions: 0->0
[2025-06-03T16:08:00.073+0530][453.380s] GC(603) Metaspace: 20333K(21056K)->20313K(21056K) NonClass: 17808K(18240K)->17792K(18240K) Class: 2525K(2816K)->2521K(2816K)
[2025-06-03T16:08:00.073+0530][453.380s] GC(603) Pause Full (G1 Compaction Pause) 510M->509M(512M) 957.134ms
[2025-06-03T16:08:00.073+0530][453.380s] GC(603) User=2.21s Sys=0.07s Real=0.96s
[2025-06-03T16:08:00.074+0530][453.380s] GC(604) Concurrent Mark From Roots 957.480ms
[2025-06-03T16:08:00.074+0530][453.380s] GC(604) Concurrent Mark Abort
[2025-06-03T16:08:00.074+0530][453.380s] GC(604) Concurrent Mark Cycle 957.922ms
[2025-06-03T16:08:00.080+0530][453.387s] GC(605) Pause Young (Normal) (G1 Evacuation Pause)
[2025-06-03T16:08:00.080+0530][453.387s] GC(605) Using 8 workers of 8 for evacuation
[2025-06-03T16:08:00.081+0530][453.387s] GC(605) Skipped phase 1 of Reference Processing: no references
[2025-06-03T16:08:00.081+0530][453.387s] GC(605) ReferenceProcessor::execute queues: 1, RefProcThreadModel::Single, marks_oops_alive: false
[2025-06-03T16:08:00.081+0530][453.387s] GC(605) Skipped phase 3 of Reference Processing: no references
[2025-06-03T16:08:00.081+0530][453.387s] GC(605) Skipped phase 4 of Reference Processing: no references
[2025-06-03T16:08:00.081+0530][453.388s] GC(605) To-space exhausted
[2025-06-03T16:08:00.081+0530][453.388s] GC(605)   Pre Evacuate Collection Set: 0.1ms
[2025-06-03T16:08:00.081+0530][453.388s] GC(605)   Merge Heap Roots: 0.1ms
[2025-06-03T16:08:00.081+0530][453.388s] GC(605)   Evacuate Collection Set: 0.5ms
[2025-06-03T16:08:00.081+0530][453.388s] GC(605)   Post Evacuate Collection Set: 0.6ms
[2025-06-03T16:08:00.081+0530][453.388s] GC(605)   Other: 0.3ms
[2025-06-03T16:08:00.081+0530][453.388s] GC(605) Eden regions: 1->0(25)
[2025-06-03T16:08:00.081+0530][453.388s] GC(605) Survivor regions: 0->0(0)
[2025-06-03T16:08:00.081+0530][453.388s] GC(605) Old regions: 509->510
[2025-06-03T16:08:00.081+0530][453.388s] GC(605) Archive regions: 2->2
[2025-06-03T16:08:00.081+0530][453.388s] GC(605) Humongous regions: 0->0
[2025-06-03T16:08:00.081+0530][453.388s] GC(605) Metaspace: 20334K(21056K)->20334K(21056K) NonClass: 17809K(18240K)->17809K(18240K) Class: 2524K(2816K)->2524K(2816K)
[2025-06-03T16:08:00.081+0530][453.388s] GC(605) Pause Young (Normal) (G1 Evacuation Pause) 510M->510M(512M) 1.554ms
[2025-06-03T16:08:00.081+0530][453.388s] GC(605) User=0.00s Sys=0.00s Real=0.00s
[2025-06-03T16:08:00.081+0530][453.388s] Attempting full compaction
[2025-06-03T16:08:00.081+0530][453.388s] GC(606) Using 8 workers of 8 for full compaction
[2025-06-03T16:08:00.081+0530][453.388s] GC(606) Pause Full (G1 Compaction Pause)
[2025-06-03T16:08:00.082+0530][453.388s] GC(606) Phase 1: Mark live objects
[2025-06-03T16:08:00.973+0530][454.280s] GC(606) ReferenceProcessor::execute queues: 8, RefProcThreadModel::Multi, marks_oops_alive: true
[2025-06-03T16:08:00.973+0530][454.280s] GC(606) ReferenceProcessor::execute queues: 2, RefProcThreadModel::Multi, marks_oops_alive: false
[2025-06-03T16:08:00.973+0530][454.280s] GC(606) Skipped phase 3 of Reference Processing: no references
[2025-06-03T16:08:00.973+0530][454.280s] GC(606) ReferenceProcessor::execute queues: 1, RefProcThreadModel::Single, marks_oops_alive: false
[2025-06-03T16:08:00.975+0530][454.282s] GC(606) Phase 1: Mark live objects 893.714ms
[2025-06-03T16:08:00.975+0530][454.282s] GC(606) Phase 2: Prepare for compaction
[2025-06-03T16:08:00.976+0530][454.283s] GC(606) Phase 2: Prepare for compaction 0.883ms
[2025-06-03T16:08:00.976+0530][454.283s] GC(606) Phase 3: Adjust pointers
[2025-06-03T16:08:01.032+0530][454.339s] GC(606) Phase 3: Adjust pointers 55.972ms
[2025-06-03T16:08:01.032+0530][454.339s] GC(606) Phase 4: Compact heap
[2025-06-03T16:08:01.033+0530][454.339s] GC(606) Phase 4: Compact heap 0.397ms
[2025-06-03T16:08:01.036+0530][454.343s] GC(606) Eden regions: 0->0(25)
[2025-06-03T16:08:01.036+0530][454.343s] GC(606) Survivor regions: 0->0(0)
[2025-06-03T16:08:01.036+0530][454.343s] GC(606) Old regions: 510->509
[2025-06-03T16:08:01.036+0530][454.343s] GC(606) Archive regions: 2->2
[2025-06-03T16:08:01.036+0530][454.343s] GC(606) Humongous regions: 0->0
[2025-06-03T16:08:01.036+0530][454.343s] GC(606) Metaspace: 20334K(21056K)->20331K(21056K) NonClass: 17809K(18240K)->17807K(18240K) Class: 2524K(2816K)->2524K(2816K)
[2025-06-03T16:08:01.036+0530][454.343s] GC(606) Pause Full (G1 Compaction Pause) 510M->509M(512M) 954.477ms
[2025-06-03T16:08:01.036+0530][454.343s] GC(606) User=2.21s Sys=0.07s Real=0.95s
[2025-06-03T16:08:01.045+0530][454.351s] GC(607) Pause Young (Concurrent Start) (G1 Evacuation Pause)
[2025-06-03T16:08:01.045+0530][454.352s] GC(607) Using 8 workers of 8 for evacuation
[2025-06-03T16:08:01.046+0530][454.352s] GC(607) Skipped phase 1 of Reference Processing: no references
[2025-06-03T16:08:01.046+0530][454.352s] GC(607) ReferenceProcessor::execute queues: 1, RefProcThreadModel::Single, marks_oops_alive: false
[2025-06-03T16:08:01.046+0530][454.352s] GC(607) Skipped phase 3 of Reference Processing: no references
[2025-06-03T16:08:01.046+0530][454.352s] GC(607) Skipped phase 4 of Reference Processing: no references
[2025-06-03T16:08:01.046+0530][454.353s] GC(607) To-space exhausted
[2025-06-03T16:08:01.046+0530][454.353s] GC(607)   Pre Evacuate Collection Set: 0.1ms
[2025-06-03T16:08:01.046+0530][454.353s] GC(607)   Merge Heap Roots: 0.1ms
[2025-06-03T16:08:01.046+0530][454.353s] GC(607)   Evacuate Collection Set: 0.6ms
[2025-06-03T16:08:01.046+0530][454.353s] GC(607)   Post Evacuate Collection Set: 0.6ms
[2025-06-03T16:08:01.046+0530][454.353s] GC(607)   Other: 0.2ms
[2025-06-03T16:08:01.046+0530][454.353s] GC(607) Eden regions: 1->0(25)
[2025-06-03T16:08:01.046+0530][454.353s] GC(607) Survivor regions: 0->0(0)
[2025-06-03T16:08:01.046+0530][454.353s] GC(607) Old regions: 509->510
[2025-06-03T16:08:01.046+0530][454.353s] GC(607) Archive regions: 2->2
[2025-06-03T16:08:01.046+0530][454.353s] GC(607) Humongous regions: 0->0
[2025-06-03T16:08:01.046+0530][454.353s] GC(607) Metaspace: 20334K(21056K)->20334K(21056K) NonClass: 17810K(18240K)->17810K(18240K) Class: 2524K(2816K)->2524K(2816K)
[2025-06-03T16:08:01.046+0530][454.353s] GC(607) Pause Young (Concurrent Start) (G1 Evacuation Pause) 510M->510M(512M) 1.687ms
[2025-06-03T16:08:01.046+0530][454.353s] GC(607) User=0.01s Sys=0.00s Real=0.00s
[2025-06-03T16:08:01.046+0530][454.353s] Attempting full compaction
[2025-06-03T16:08:01.046+0530][454.353s] GC(609) Concurrent Mark Cycle
[2025-06-03T16:08:01.046+0530][454.353s] GC(608) Using 8 workers of 8 for full compaction
[2025-06-03T16:08:01.047+0530][454.353s] GC(609) Concurrent Clear Claimed Marks
[2025-06-03T16:08:01.047+0530][454.353s] GC(609) Concurrent Clear Claimed Marks 0.083ms
[2025-06-03T16:08:01.047+0530][454.353s] GC(608) Pause Full (G1 Compaction Pause)
[2025-06-03T16:08:01.047+0530][454.353s] GC(609) Concurrent Scan Root Regions
[2025-06-03T16:08:01.047+0530][454.353s] GC(609) Concurrent Scan Root Regions 0.066ms
[2025-06-03T16:08:01.047+0530][454.354s] GC(609) Concurrent Mark
[2025-06-03T16:08:01.047+0530][454.354s] GC(609) Concurrent Mark From Roots
[2025-06-03T16:08:01.047+0530][454.354s] GC(609) Using 2 workers of 2 for marking
[2025-06-03T16:08:01.047+0530][454.354s] GC(608) Phase 1: Mark live objects
[2025-06-03T16:08:01.987+0530][455.294s] GC(608) ReferenceProcessor::execute queues: 8, RefProcThreadModel::Multi, marks_oops_alive: true
[2025-06-03T16:08:01.987+0530][455.294s] GC(608) ReferenceProcessor::execute queues: 2, RefProcThreadModel::Multi, marks_oops_alive: false
[2025-06-03T16:08:01.987+0530][455.294s] GC(608) Skipped phase 3 of Reference Processing: no references
[2025-06-03T16:08:01.987+0530][455.294s] GC(608) ReferenceProcessor::execute queues: 1, RefProcThreadModel::Single, marks_oops_alive: false
[2025-06-03T16:08:01.989+0530][455.296s] GC(608) Phase 1: Mark live objects 942.119ms
[2025-06-03T16:08:01.989+0530][455.296s] GC(608) Phase 2: Prepare for compaction
[2025-06-03T16:08:01.990+0530][455.297s] GC(608) Phase 2: Prepare for compaction 0.542ms
[2025-06-03T16:08:01.990+0530][455.297s] GC(608) Phase 3: Adjust pointers
[2025-06-03T16:08:02.047+0530][455.354s] GC(608) Phase 3: Adjust pointers 57.387ms
[2025-06-03T16:08:02.047+0530][455.354s] GC(608) Phase 4: Compact heap
[2025-06-03T16:08:02.048+0530][455.355s] GC(608) Phase 4: Compact heap 0.416ms
[2025-06-03T16:08:02.052+0530][455.359s] GC(608) Eden regions: 0->0(25)
[2025-06-03T16:08:02.052+0530][455.359s] GC(608) Survivor regions: 0->0(0)
[2025-06-03T16:08:02.052+0530][455.359s] GC(608) Old regions: 510->509
[2025-06-03T16:08:02.052+0530][455.359s] GC(608) Archive regions: 2->2
[2025-06-03T16:08:02.052+0530][455.359s] GC(608) Humongous regions: 0->0
[2025-06-03T16:08:02.052+0530][455.359s] GC(608) Metaspace: 20334K(21056K)->20310K(21056K) NonClass: 17810K(18240K)->17789K(18240K) Class: 2524K(2816K)->2520K(2816K)
[2025-06-03T16:08:02.052+0530][455.359s] GC(608) Pause Full (G1 Compaction Pause) 510M->509M(512M) 1005.379ms
[2025-06-03T16:08:02.052+0530][455.359s] GC(608) User=2.29s Sys=0.09s Real=1.01s
[2025-06-03T16:08:02.052+0530][455.359s] GC(609) Concurrent Mark From Roots 1005.517ms
[2025-06-03T16:08:02.052+0530][455.359s] GC(609) Concurrent Mark Abort
[2025-06-03T16:08:02.052+0530][455.359s] GC(609) Concurrent Mark Cycle 1005.984ms
[2025-06-03T16:08:02.056+0530][455.363s] GC(610) Pause Young (Normal) (G1 Evacuation Pause)
[2025-06-03T16:08:02.056+0530][455.363s] GC(610) Using 8 workers of 8 for evacuation
[2025-06-03T16:08:02.057+0530][455.364s] GC(610) Skipped phase 1 of Reference Processing: no references
[2025-06-03T16:08:02.057+0530][455.364s] GC(610) ReferenceProcessor::execute queues: 1, RefProcThreadModel::Single, marks_oops_alive: false
[2025-06-03T16:08:02.057+0530][455.364s] GC(610) Skipped phase 3 of Reference Processing: no references
[2025-06-03T16:08:02.057+0530][455.364s] GC(610) Skipped phase 4 of Reference Processing: no references
[2025-06-03T16:08:02.058+0530][455.365s] GC(610) To-space exhausted
[2025-06-03T16:08:02.058+0530][455.365s] GC(610)   Pre Evacuate Collection Set: 0.1ms
[2025-06-03T16:08:02.058+0530][455.365s] GC(610)   Merge Heap Roots: 0.1ms
[2025-06-03T16:08:02.058+0530][455.365s] GC(610)   Evacuate Collection Set: 0.4ms
[2025-06-03T16:08:02.058+0530][455.365s] GC(610)   Post Evacuate Collection Set: 0.7ms
[2025-06-03T16:08:02.058+0530][455.365s] GC(610)   Other: 0.2ms
[2025-06-03T16:08:02.058+0530][455.365s] GC(610) Eden regions: 1->0(25)
[2025-06-03T16:08:02.058+0530][455.365s] GC(610) Survivor regions: 0->0(0)
[2025-06-03T16:08:02.058+0530][455.365s] GC(610) Old regions: 509->510
[2025-06-03T16:08:02.058+0530][455.365s] GC(610) Archive regions: 2->2
[2025-06-03T16:08:02.058+0530][455.365s] GC(610) Humongous regions: 0->0
[2025-06-03T16:08:02.058+0530][455.365s] GC(610) Metaspace: 20314K(21056K)->20314K(21056K) NonClass: 17792K(18240K)->17792K(18240K) Class: 2521K(2816K)->2521K(2816K)
[2025-06-03T16:08:02.058+0530][455.365s] GC(610) Pause Young (Normal) (G1 Evacuation Pause) 510M->510M(512M) 1.704ms
[2025-06-03T16:08:02.058+0530][455.365s] GC(610) User=0.00s Sys=0.00s Real=0.00s
[2025-06-03T16:08:02.058+0530][455.365s] Attempting full compaction
[2025-06-03T16:08:02.058+0530][455.365s] GC(611) Using 8 workers of 8 for full compaction
[2025-06-03T16:08:02.058+0530][455.365s] GC(611) Pause Full (G1 Compaction Pause)
[2025-06-03T16:08:02.058+0530][455.365s] GC(611) Phase 1: Mark live objects
[2025-06-03T16:08:03.016+0530][456.323s] GC(611) ReferenceProcessor::execute queues: 8, RefProcThreadModel::Multi, marks_oops_alive: true
[2025-06-03T16:08:03.016+0530][456.323s] GC(611) ReferenceProcessor::execute queues: 2, RefProcThreadModel::Multi, marks_oops_alive: false
[2025-06-03T16:08:03.016+0530][456.323s] GC(611) Skipped phase 3 of Reference Processing: no references
[2025-06-03T16:08:03.016+0530][456.323s] GC(611) ReferenceProcessor::execute queues: 1, RefProcThreadModel::Single, marks_oops_alive: false
[2025-06-03T16:08:03.017+0530][456.324s] GC(611) Phase 1: Mark live objects 958.995ms
[2025-06-03T16:08:03.017+0530][456.324s] GC(611) Phase 2: Prepare for compaction
[2025-06-03T16:08:03.018+0530][456.325s] GC(611) Phase 2: Prepare for compaction 0.770ms
[2025-06-03T16:08:03.018+0530][456.325s] GC(611) Phase 3: Adjust pointers
[2025-06-03T16:08:03.078+0530][456.385s] GC(611) Phase 3: Adjust pointers 60.222ms
[2025-06-03T16:08:03.078+0530][456.385s] GC(611) Phase 4: Compact heap
[2025-06-03T16:08:03.079+0530][456.386s] GC(611) Phase 4: Compact heap 0.525ms
[2025-06-03T16:08:03.082+0530][456.389s] GC(611) Eden regions: 0->0(25)
[2025-06-03T16:08:03.082+0530][456.389s] GC(611) Survivor regions: 0->0(0)
[2025-06-03T16:08:03.083+0530][456.389s] GC(611) Old regions: 510->509
[2025-06-03T16:08:03.083+0530][456.389s] GC(611) Archive regions: 2->2
[2025-06-03T16:08:03.083+0530][456.389s] GC(611) Humongous regions: 0->0
[2025-06-03T16:08:03.083+0530][456.389s] GC(611) Metaspace: 20314K(21056K)->20314K(21056K) NonClass: 17792K(18240K)->17792K(18240K) Class: 2521K(2816K)->2521K(2816K)
[2025-06-03T16:08:03.083+0530][456.389s] GC(611) Pause Full (G1 Compaction Pause) 510M->509M(512M) 1024.375ms
[2025-06-03T16:08:03.083+0530][456.390s] GC(611) User=2.34s Sys=0.10s Real=1.03s
[2025-06-03T16:08:03.086+0530][456.393s] GC(612) Pause Young (Concurrent Start) (G1 Evacuation Pause)
[2025-06-03T16:08:03.086+0530][456.393s] GC(612) Using 8 workers of 8 for evacuation
[2025-06-03T16:08:03.087+0530][456.394s] GC(612) Skipped phase 1 of Reference Processing: no references
[2025-06-03T16:08:03.087+0530][456.394s] GC(612) ReferenceProcessor::execute queues: 1, RefProcThreadModel::Single, marks_oops_alive: false
[2025-06-03T16:08:03.087+0530][456.394s] GC(612) Skipped phase 3 of Reference Processing: no references
[2025-06-03T16:08:03.087+0530][456.394s] GC(612) Skipped phase 4 of Reference Processing: no references
[2025-06-03T16:08:03.087+0530][456.394s] GC(612) To-space exhausted
[2025-06-03T16:08:03.088+0530][456.394s] GC(612)   Pre Evacuate Collection Set: 0.1ms
[2025-06-03T16:08:03.088+0530][456.394s] GC(612)   Merge Heap Roots: 0.1ms
[2025-06-03T16:08:03.088+0530][456.394s] GC(612)   Evacuate Collection Set: 0.7ms
[2025-06-03T16:08:03.088+0530][456.394s] GC(612)   Post Evacuate Collection Set: 0.7ms
[2025-06-03T16:08:03.088+0530][456.394s] GC(612)   Other: 0.2ms
[2025-06-03T16:08:03.088+0530][456.394s] GC(612) Eden regions: 1->0(25)
[2025-06-03T16:08:03.088+0530][456.394s] GC(612) Survivor regions: 0->0(0)
[2025-06-03T16:08:03.088+0530][456.394s] GC(612) Old regions: 509->510
[2025-06-03T16:08:03.088+0530][456.394s] GC(612) Archive regions: 2->2
[2025-06-03T16:08:03.088+0530][456.394s] GC(612) Humongous regions: 0->0
[2025-06-03T16:08:03.088+0530][456.394s] GC(612) Metaspace: 20367K(21056K)->20367K(21056K) NonClass: 17843K(18240K)->17843K(18240K) Class: 2524K(2816K)->2524K(2816K)
[2025-06-03T16:08:03.088+0530][456.395s] GC(612) Pause Young (Concurrent Start) (G1 Evacuation Pause) 510M->510M(512M) 1.930ms
[2025-06-03T16:08:03.088+0530][456.395s] GC(612) User=0.00s Sys=0.00s Real=0.00s
[2025-06-03T16:08:03.088+0530][456.395s] Attempting full compaction
[2025-06-03T16:08:03.088+0530][456.395s] GC(614) Concurrent Mark Cycle
[2025-06-03T16:08:03.088+0530][456.395s] GC(613) Using 8 workers of 8 for full compaction
[2025-06-03T16:08:03.088+0530][456.395s] GC(614) Concurrent Clear Claimed Marks
[2025-06-03T16:08:03.088+0530][456.395s] GC(613) Pause Full (G1 Compaction Pause)
[2025-06-03T16:08:03.088+0530][456.395s] GC(614) Concurrent Clear Claimed Marks 0.124ms
[2025-06-03T16:08:03.088+0530][456.395s] GC(614) Concurrent Scan Root Regions
[2025-06-03T16:08:03.088+0530][456.395s] GC(614) Concurrent Scan Root Regions 0.052ms
[2025-06-03T16:08:03.088+0530][456.395s] GC(614) Concurrent Mark
[2025-06-03T16:08:03.088+0530][456.395s] GC(614) Concurrent Mark From Roots
[2025-06-03T16:08:03.088+0530][456.395s] GC(614) Using 2 workers of 2 for marking
[2025-06-03T16:08:03.088+0530][456.395s] GC(613) Phase 1: Mark live objects
[2025-06-03T16:08:03.967+0530][457.274s] GC(613) ReferenceProcessor::execute queues: 8, RefProcThreadModel::Multi, marks_oops_alive: true
[2025-06-03T16:08:03.967+0530][457.274s] GC(613) ReferenceProcessor::execute queues: 2, RefProcThreadModel::Multi, marks_oops_alive: false
[2025-06-03T16:08:03.967+0530][457.274s] GC(613) Skipped phase 3 of Reference Processing: no references
[2025-06-03T16:08:03.967+0530][457.274s] GC(613) ReferenceProcessor::execute queues: 1, RefProcThreadModel::Single, marks_oops_alive: false
[2025-06-03T16:08:03.969+0530][457.276s] GC(613) Phase 1: Mark live objects 880.681ms
[2025-06-03T16:08:03.969+0530][457.276s] GC(613) Phase 2: Prepare for compaction
[2025-06-03T16:08:03.970+0530][457.277s] GC(613) Phase 2: Prepare for compaction 0.599ms
[2025-06-03T16:08:03.970+0530][457.277s] GC(613) Phase 3: Adjust pointers
[2025-06-03T16:08:04.029+0530][457.335s] GC(613) Phase 3: Adjust pointers 58.827ms
[2025-06-03T16:08:04.029+0530][457.336s] GC(613) Phase 4: Compact heap
[2025-06-03T16:08:04.029+0530][457.336s] GC(613) Phase 4: Compact heap 0.451ms
[2025-06-03T16:08:04.033+0530][457.340s] GC(613) Eden regions: 0->0(25)
[2025-06-03T16:08:04.033+0530][457.340s] GC(613) Survivor regions: 0->0(0)
[2025-06-03T16:08:04.033+0530][457.340s] GC(613) Old regions: 510->509
[2025-06-03T16:08:04.033+0530][457.340s] GC(613) Archive regions: 2->2
[2025-06-03T16:08:04.033+0530][457.340s] GC(613) Humongous regions: 0->0
[2025-06-03T16:08:04.033+0530][457.340s] GC(613) Metaspace: 20367K(21056K)->20351K(21056K) NonClass: 17843K(18240K)->17829K(18240K) Class: 2524K(2816K)->2521K(2816K)
[2025-06-03T16:08:04.033+0530][457.340s] GC(613) Pause Full (G1 Compaction Pause) 510M->509M(512M) 945.379ms
[2025-06-03T16:08:04.034+0530][457.340s] GC(613) User=2.21s Sys=0.07s Real=0.95s
[2025-06-03T16:08:04.034+0530][457.341s] GC(614) Concurrent Mark From Roots 945.630ms
[2025-06-03T16:08:04.034+0530][457.341s] GC(614) Concurrent Mark Abort
[2025-06-03T16:08:04.034+0530][457.341s] GC(614) Concurrent Mark Cycle 946.143ms
[2025-06-03T16:08:04.041+0530][457.348s] GC(615) Pause Young (Normal) (G1 Evacuation Pause)
[2025-06-03T16:08:04.041+0530][457.348s] GC(615) Using 8 workers of 8 for evacuation
[2025-06-03T16:08:04.042+0530][457.349s] GC(615) Skipped phase 1 of Reference Processing: no references
[2025-06-03T16:08:04.042+0530][457.349s] GC(615) ReferenceProcessor::execute queues: 1, RefProcThreadModel::Single, marks_oops_alive: false
[2025-06-03T16:08:04.042+0530][457.349s] GC(615) Skipped phase 3 of Reference Processing: no references
[2025-06-03T16:08:04.042+0530][457.349s] GC(615) Skipped phase 4 of Reference Processing: no references
[2025-06-03T16:08:04.042+0530][457.349s] GC(615) To-space exhausted
[2025-06-03T16:08:04.042+0530][457.349s] GC(615)   Pre Evacuate Collection Set: 0.1ms
[2025-06-03T16:08:04.042+0530][457.349s] GC(615)   Merge Heap Roots: 0.0ms
[2025-06-03T16:08:04.042+0530][457.349s] GC(615)   Evacuate Collection Set: 0.3ms
[2025-06-03T16:08:04.043+0530][457.349s] GC(615)   Post Evacuate Collection Set: 0.6ms
[2025-06-03T16:08:04.043+0530][457.349s] GC(615)   Other: 0.2ms
[2025-06-03T16:08:04.043+0530][457.349s] GC(615) Eden regions: 1->0(25)
[2025-06-03T16:08:04.043+0530][457.349s] GC(615) Survivor regions: 0->0(0)
[2025-06-03T16:08:04.043+0530][457.349s] GC(615) Old regions: 509->510
[2025-06-03T16:08:04.043+0530][457.349s] GC(615) Archive regions: 2->2
[2025-06-03T16:08:04.043+0530][457.349s] GC(615) Humongous regions: 0->0
[2025-06-03T16:08:04.043+0530][457.349s] GC(615) Metaspace: 20369K(21056K)->20369K(21056K) NonClass: 17845K(18240K)->17845K(18240K) Class: 2524K(2816K)->2524K(2816K)
[2025-06-03T16:08:04.043+0530][457.349s] GC(615) Pause Young (Normal) (G1 Evacuation Pause) 510M->510M(512M) 1.374ms
[2025-06-03T16:08:04.043+0530][457.349s] GC(615) User=0.00s Sys=0.01s Real=0.00s
[2025-06-03T16:08:04.043+0530][457.350s] Attempting full compaction
[2025-06-03T16:08:04.043+0530][457.350s] GC(616) Using 8 workers of 8 for full compaction
[2025-06-03T16:08:04.043+0530][457.350s] GC(616) Pause Full (G1 Compaction Pause)
[2025-06-03T16:08:04.043+0530][457.350s] GC(616) Phase 1: Mark live objects
[2025-06-03T16:08:04.925+0530][458.232s] GC(616) ReferenceProcessor::execute queues: 8, RefProcThreadModel::Multi, marks_oops_alive: true
[2025-06-03T16:08:04.925+0530][458.232s] GC(616) ReferenceProcessor::execute queues: 2, RefProcThreadModel::Multi, marks_oops_alive: false
[2025-06-03T16:08:04.925+0530][458.232s] GC(616) Skipped phase 3 of Reference Processing: no references
[2025-06-03T16:08:04.925+0530][458.232s] GC(616) ReferenceProcessor::execute queues: 1, RefProcThreadModel::Single, marks_oops_alive: false
[2025-06-03T16:08:04.927+0530][458.234s] GC(616) Phase 1: Mark live objects 884.494ms
[2025-06-03T16:08:04.927+0530][458.234s] GC(616) Phase 2: Prepare for compaction
[2025-06-03T16:08:04.928+0530][458.235s] GC(616) Phase 2: Prepare for compaction 0.522ms
[2025-06-03T16:08:04.928+0530][458.235s] GC(616) Phase 3: Adjust pointers
[2025-06-03T16:08:04.984+0530][458.291s] GC(616) Phase 3: Adjust pointers 56.214ms
[2025-06-03T16:08:04.984+0530][458.291s] GC(616) Phase 4: Compact heap
[2025-06-03T16:08:04.985+0530][458.291s] GC(616) Phase 4: Compact heap 0.389ms
[2025-06-03T16:08:04.988+0530][458.295s] GC(616) Eden regions: 0->0(25)
[2025-06-03T16:08:04.988+0530][458.295s] GC(616) Survivor regions: 0->0(0)
[2025-06-03T16:08:04.988+0530][458.295s] GC(616) Old regions: 510->509
[2025-06-03T16:08:04.988+0530][458.295s] GC(616) Archive regions: 2->2
[2025-06-03T16:08:04.988+0530][458.295s] GC(616) Humongous regions: 0->0
[2025-06-03T16:08:04.988+0530][458.295s] GC(616) Metaspace: 20369K(21056K)->20366K(21056K) NonClass: 17845K(18240K)->17842K(18240K) Class: 2524K(2816K)->2524K(2816K)
[2025-06-03T16:08:04.988+0530][458.295s] GC(616) Pause Full (G1 Compaction Pause) 510M->509M(512M) 945.665ms
[2025-06-03T16:08:04.989+0530][458.296s] GC(616) User=2.20s Sys=0.06s Real=0.94s
[2025-06-03T16:08:04.999+0530][458.306s] GC(617) Pause Young (Concurrent Start) (G1 Evacuation Pause)
[2025-06-03T16:08:04.999+0530][458.306s] GC(617) Using 8 workers of 8 for evacuation
[2025-06-03T16:08:05.000+0530][458.307s] GC(617) Skipped phase 1 of Reference Processing: no references
[2025-06-03T16:08:05.000+0530][458.307s] GC(617) ReferenceProcessor::execute queues: 1, RefProcThreadModel::Single, marks_oops_alive: false
[2025-06-03T16:08:05.000+0530][458.307s] GC(617) Skipped phase 3 of Reference Processing: no references
[2025-06-03T16:08:05.000+0530][458.307s] GC(617) Skipped phase 4 of Reference Processing: no references
[2025-06-03T16:08:05.001+0530][458.307s] GC(617) To-space exhausted
[2025-06-03T16:08:05.001+0530][458.307s] GC(617)   Pre Evacuate Collection Set: 0.1ms
[2025-06-03T16:08:05.001+0530][458.307s] GC(617)   Merge Heap Roots: 0.0ms
[2025-06-03T16:08:05.001+0530][458.307s] GC(617)   Evacuate Collection Set: 0.8ms
[2025-06-03T16:08:05.001+0530][458.307s] GC(617)   Post Evacuate Collection Set: 0.7ms
[2025-06-03T16:08:05.001+0530][458.307s] GC(617)   Other: 0.2ms
[2025-06-03T16:08:05.001+0530][458.307s] GC(617) Eden regions: 1->0(25)
[2025-06-03T16:08:05.001+0530][458.307s] GC(617) Survivor regions: 0->0(0)
[2025-06-03T16:08:05.001+0530][458.307s] GC(617) Old regions: 509->510
[2025-06-03T16:08:05.001+0530][458.307s] GC(617) Archive regions: 2->2
[2025-06-03T16:08:05.001+0530][458.308s] GC(617) Humongous regions: 0->0
[2025-06-03T16:08:05.001+0530][458.308s] GC(617) Metaspace: 20372K(21056K)->20372K(21056K) NonClass: 17847K(18240K)->17847K(18240K) Class: 2524K(2816K)->2524K(2816K)
[2025-06-03T16:08:05.001+0530][458.308s] GC(617) Pause Young (Concurrent Start) (G1 Evacuation Pause) 510M->510M(512M) 1.945ms
[2025-06-03T16:08:05.001+0530][458.308s] GC(617) User=0.01s Sys=0.00s Real=0.01s
[2025-06-03T16:08:05.001+0530][458.308s] Attempting full compaction
[2025-06-03T16:08:05.001+0530][458.308s] GC(618) Concurrent Mark Cycle
[2025-06-03T16:08:05.001+0530][458.308s] GC(619) Using 8 workers of 8 for full compaction
[2025-06-03T16:08:05.001+0530][458.308s] GC(618) Concurrent Clear Claimed Marks
[2025-06-03T16:08:05.001+0530][458.308s] GC(619) Pause Full (G1 Compaction Pause)
[2025-06-03T16:08:05.001+0530][458.308s] GC(618) Concurrent Clear Claimed Marks 0.066ms
[2025-06-03T16:08:05.001+0530][458.308s] GC(618) Concurrent Scan Root Regions
[2025-06-03T16:08:05.001+0530][458.308s] GC(618) Concurrent Scan Root Regions 0.012ms
[2025-06-03T16:08:05.001+0530][458.308s] GC(618) Concurrent Mark
[2025-06-03T16:08:05.001+0530][458.308s] GC(618) Concurrent Mark From Roots
[2025-06-03T16:08:05.001+0530][458.308s] GC(618) Using 2 workers of 2 for marking
[2025-06-03T16:08:05.001+0530][458.308s] GC(619) Phase 1: Mark live objects
[2025-06-03T16:08:05.888+0530][459.195s] GC(619) ReferenceProcessor::execute queues: 8, RefProcThreadModel::Multi, marks_oops_alive: true
[2025-06-03T16:08:05.888+0530][459.195s] GC(619) ReferenceProcessor::execute queues: 2, RefProcThreadModel::Multi, marks_oops_alive: false
[2025-06-03T16:08:05.888+0530][459.195s] GC(619) Skipped phase 3 of Reference Processing: no references
[2025-06-03T16:08:05.888+0530][459.195s] GC(619) ReferenceProcessor::execute queues: 1, RefProcThreadModel::Single, marks_oops_alive: false
[2025-06-03T16:08:05.891+0530][459.197s] GC(619) Phase 1: Mark live objects 889.140ms
[2025-06-03T16:08:05.891+0530][459.197s] GC(619) Phase 2: Prepare for compaction
[2025-06-03T16:08:05.891+0530][459.198s] GC(619) Phase 2: Prepare for compaction 0.555ms
[2025-06-03T16:08:05.891+0530][459.198s] GC(619) Phase 3: Adjust pointers
[2025-06-03T16:08:05.947+0530][459.254s] GC(619) Phase 3: Adjust pointers 56.004ms
[2025-06-03T16:08:05.947+0530][459.254s] GC(619) Phase 4: Compact heap
[2025-06-03T16:08:05.948+0530][459.255s] GC(619) Phase 4: Compact heap 0.415ms
[2025-06-03T16:08:05.951+0530][459.258s] GC(619) Eden regions: 0->0(25)
[2025-06-03T16:08:05.951+0530][459.258s] GC(619) Survivor regions: 0->0(0)
[2025-06-03T16:08:05.951+0530][459.258s] GC(619) Old regions: 510->509
[2025-06-03T16:08:05.951+0530][459.258s] GC(619) Archive regions: 2->2
[2025-06-03T16:08:05.951+0530][459.258s] GC(619) Humongous regions: 0->0
[2025-06-03T16:08:05.951+0530][459.258s] GC(619) Metaspace: 20372K(21056K)->20348K(21056K) NonClass: 17847K(18240K)->17828K(18240K) Class: 2524K(2816K)->2520K(2816K)
[2025-06-03T16:08:05.951+0530][459.258s] GC(619) Pause Full (G1 Compaction Pause) 510M->509M(512M) 950.108ms
[2025-06-03T16:08:05.951+0530][459.258s] GC(619) User=2.20s Sys=0.08s Real=0.95s
[2025-06-03T16:08:05.952+0530][459.258s] GC(618) Concurrent Mark From Roots 950.520ms
[2025-06-03T16:08:05.952+0530][459.258s] GC(618) Concurrent Mark Abort
[2025-06-03T16:08:05.952+0530][459.258s] GC(618) Concurrent Mark Cycle 950.805ms
[2025-06-03T16:08:05.956+0530][459.263s] GC(620) Pause Young (Normal) (G1 Evacuation Pause)
[2025-06-03T16:08:05.956+0530][459.263s] GC(620) Using 8 workers of 8 for evacuation
[2025-06-03T16:08:05.957+0530][459.264s] GC(620) Skipped phase 1 of Reference Processing: no references
[2025-06-03T16:08:05.957+0530][459.264s] GC(620) ReferenceProcessor::execute queues: 1, RefProcThreadModel::Single, marks_oops_alive: false
[2025-06-03T16:08:05.957+0530][459.264s] GC(620) Skipped phase 3 of Reference Processing: no references
[2025-06-03T16:08:05.957+0530][459.264s] GC(620) Skipped phase 4 of Reference Processing: no references
[2025-06-03T16:08:05.958+0530][459.265s] GC(620) To-space exhausted
[2025-06-03T16:08:05.958+0530][459.265s] GC(620)   Pre Evacuate Collection Set: 0.1ms
[2025-06-03T16:08:05.958+0530][459.265s] GC(620)   Merge Heap Roots: 0.0ms
[2025-06-03T16:08:05.958+0530][459.265s] GC(620)   Evacuate Collection Set: 0.5ms
[2025-06-03T16:08:05.958+0530][459.265s] GC(620)   Post Evacuate Collection Set: 0.9ms
[2025-06-03T16:08:05.958+0530][459.265s] GC(620)   Other: 0.2ms
[2025-06-03T16:08:05.958+0530][459.265s] GC(620) Eden regions: 1->0(25)
[2025-06-03T16:08:05.958+0530][459.265s] GC(620) Survivor regions: 0->0(0)
[2025-06-03T16:08:05.958+0530][459.265s] GC(620) Old regions: 509->510
[2025-06-03T16:08:05.958+0530][459.265s] GC(620) Archive regions: 2->2
[2025-06-03T16:08:05.958+0530][459.265s] GC(620) Humongous regions: 0->0
[2025-06-03T16:08:05.958+0530][459.265s] GC(620) Metaspace: 20362K(21056K)->20362K(21056K) NonClass: 17839K(18240K)->17839K(18240K) Class: 2523K(2816K)->2523K(2816K)
[2025-06-03T16:08:05.958+0530][459.265s] GC(620) Pause Young (Normal) (G1 Evacuation Pause) 510M->510M(512M) 1.844ms
[2025-06-03T16:08:05.958+0530][459.265s] GC(620) User=0.00s Sys=0.01s Real=0.00s
[2025-06-03T16:08:05.958+0530][459.265s] Attempting full compaction
[2025-06-03T16:08:05.958+0530][459.265s] GC(621) Using 8 workers of 8 for full compaction
[2025-06-03T16:08:05.958+0530][459.265s] GC(621) Pause Full (G1 Compaction Pause)
[2025-06-03T16:08:05.958+0530][459.265s] GC(621) Phase 1: Mark live objects
[2025-06-03T16:08:06.864+0530][460.171s] GC(621) ReferenceProcessor::execute queues: 8, RefProcThreadModel::Multi, marks_oops_alive: true
[2025-06-03T16:08:06.864+0530][460.171s] GC(621) ReferenceProcessor::execute queues: 2, RefProcThreadModel::Multi, marks_oops_alive: false
[2025-06-03T16:08:06.865+0530][460.171s] GC(621) Skipped phase 3 of Reference Processing: no references
[2025-06-03T16:08:06.865+0530][460.171s] GC(621) ReferenceProcessor::execute queues: 1, RefProcThreadModel::Single, marks_oops_alive: false
[2025-06-03T16:08:06.866+0530][460.173s] GC(621) Phase 1: Mark live objects 907.615ms
[2025-06-03T16:08:06.866+0530][460.173s] GC(621) Phase 2: Prepare for compaction
[2025-06-03T16:08:06.867+0530][460.174s] GC(621) Phase 2: Prepare for compaction 0.876ms
[2025-06-03T16:08:06.867+0530][460.174s] GC(621) Phase 3: Adjust pointers
[2025-06-03T16:08:06.923+0530][460.230s] GC(621) Phase 3: Adjust pointers 56.656ms
[2025-06-03T16:08:06.923+0530][460.230s] GC(621) Phase 4: Compact heap
[2025-06-03T16:08:06.924+0530][460.231s] GC(621) Phase 4: Compact heap 0.480ms
[2025-06-03T16:08:06.928+0530][460.234s] GC(621) Eden regions: 0->0(25)
[2025-06-03T16:08:06.928+0530][460.235s] GC(621) Survivor regions: 0->0(0)
[2025-06-03T16:08:06.928+0530][460.235s] GC(621) Old regions: 510->509
[2025-06-03T16:08:06.928+0530][460.235s] GC(621) Archive regions: 2->2
[2025-06-03T16:08:06.928+0530][460.235s] GC(621) Humongous regions: 0->0
[2025-06-03T16:08:06.928+0530][460.235s] GC(621) Metaspace: 20362K(21056K)->20362K(21056K) NonClass: 17839K(18240K)->17839K(18240K) Class: 2523K(2816K)->2523K(2816K)
[2025-06-03T16:08:06.928+0530][460.235s] GC(621) Pause Full (G1 Compaction Pause) 510M->509M(512M) 969.637ms
[2025-06-03T16:08:06.928+0530][460.235s] GC(621) User=2.22s Sys=0.08s Real=0.97s
[2025-06-03T16:08:06.945+0530][460.251s] GC(622) Pause Young (Concurrent Start) (G1 Evacuation Pause)
[2025-06-03T16:08:06.945+0530][460.252s] GC(622) Using 8 workers of 8 for evacuation
[2025-06-03T16:08:06.946+0530][460.252s] GC(622) Skipped phase 1 of Reference Processing: no references
[2025-06-03T16:08:06.946+0530][460.253s] GC(622) ReferenceProcessor::execute queues: 1, RefProcThreadModel::Single, marks_oops_alive: false
[2025-06-03T16:08:06.946+0530][460.253s] GC(622) Skipped phase 3 of Reference Processing: no references
[2025-06-03T16:08:06.946+0530][460.253s] GC(622) Skipped phase 4 of Reference Processing: no references
[2025-06-03T16:08:06.947+0530][460.254s] GC(622) To-space exhausted
[2025-06-03T16:08:06.947+0530][460.254s] GC(622)   Pre Evacuate Collection Set: 0.1ms
[2025-06-03T16:08:06.947+0530][460.254s] GC(622)   Merge Heap Roots: 0.0ms
[2025-06-03T16:08:06.947+0530][460.254s] GC(622)   Evacuate Collection Set: 0.7ms
[2025-06-03T16:08:06.947+0530][460.254s] GC(622)   Post Evacuate Collection Set: 1.1ms
[2025-06-03T16:08:06.947+0530][460.254s] GC(622)   Other: 0.2ms
[2025-06-03T16:08:06.947+0530][460.254s] GC(622) Eden regions: 1->0(25)
[2025-06-03T16:08:06.947+0530][460.254s] GC(622) Survivor regions: 0->0(0)
[2025-06-03T16:08:06.947+0530][460.254s] GC(622) Old regions: 509->510
[2025-06-03T16:08:06.947+0530][460.254s] GC(622) Archive regions: 2->2
[2025-06-03T16:08:06.947+0530][460.254s] GC(622) Humongous regions: 0->0
[2025-06-03T16:08:06.947+0530][460.254s] GC(622) Metaspace: 20379K(21056K)->20379K(21056K) NonClass: 17853K(18240K)->17853K(18240K) Class: 2525K(2816K)->2525K(2816K)
[2025-06-03T16:08:06.947+0530][460.254s] GC(622) Pause Young (Concurrent Start) (G1 Evacuation Pause) 510M->510M(512M) 2.418ms
[2025-06-03T16:08:06.947+0530][460.254s] GC(622) User=0.01s Sys=0.00s Real=0.00s
[2025-06-03T16:08:06.947+0530][460.254s] Attempting full compaction
[2025-06-03T16:08:06.947+0530][460.254s] GC(623) Concurrent Mark Cycle
[2025-06-03T16:08:06.947+0530][460.254s] GC(624) Using 8 workers of 8 for full compaction
[2025-06-03T16:08:06.947+0530][460.254s] GC(623) Concurrent Clear Claimed Marks
[2025-06-03T16:08:06.947+0530][460.254s] GC(624) Pause Full (G1 Compaction Pause)
[2025-06-03T16:08:06.947+0530][460.254s] GC(623) Concurrent Clear Claimed Marks 0.088ms
[2025-06-03T16:08:06.947+0530][460.254s] GC(623) Concurrent Scan Root Regions
[2025-06-03T16:08:06.947+0530][460.254s] GC(623) Concurrent Scan Root Regions 0.046ms
[2025-06-03T16:08:06.947+0530][460.254s] GC(623) Concurrent Mark
[2025-06-03T16:08:06.948+0530][460.254s] GC(623) Concurrent Mark From Roots
[2025-06-03T16:08:06.948+0530][460.255s] GC(623) Using 2 workers of 2 for marking
[2025-06-03T16:08:06.948+0530][460.255s] GC(624) Phase 1: Mark live objects
[2025-06-03T16:08:07.895+0530][461.202s] GC(624) ReferenceProcessor::execute queues: 8, RefProcThreadModel::Multi, marks_oops_alive: true
[2025-06-03T16:08:07.895+0530][461.202s] GC(624) ReferenceProcessor::execute queues: 2, RefProcThreadModel::Multi, marks_oops_alive: false
[2025-06-03T16:08:07.895+0530][461.202s] GC(624) Skipped phase 3 of Reference Processing: no references
[2025-06-03T16:08:07.895+0530][461.202s] GC(624) ReferenceProcessor::execute queues: 1, RefProcThreadModel::Single, marks_oops_alive: false
[2025-06-03T16:08:07.896+0530][461.203s] GC(624) Phase 1: Mark live objects 948.085ms
[2025-06-03T16:08:07.896+0530][461.203s] GC(624) Phase 2: Prepare for compaction
[2025-06-03T16:08:07.897+0530][461.204s] GC(624) Phase 2: Prepare for compaction 0.907ms
[2025-06-03T16:08:07.897+0530][461.204s] GC(624) Phase 3: Adjust pointers
[2025-06-03T16:08:07.955+0530][461.261s] GC(624) Phase 3: Adjust pointers 57.682ms
[2025-06-03T16:08:07.955+0530][461.262s] GC(624) Phase 4: Compact heap
[2025-06-03T16:08:07.955+0530][461.262s] GC(624) Phase 4: Compact heap 0.516ms
[2025-06-03T16:08:07.959+0530][461.266s] GC(624) Eden regions: 0->0(25)
[2025-06-03T16:08:07.959+0530][461.266s] GC(624) Survivor regions: 0->0(0)
[2025-06-03T16:08:07.959+0530][461.266s] GC(624) Old regions: 510->509
[2025-06-03T16:08:07.959+0530][461.266s] GC(624) Archive regions: 2->2
[2025-06-03T16:08:07.959+0530][461.266s] GC(624) Humongous regions: 0->0
[2025-06-03T16:08:07.959+0530][461.266s] GC(624) Metaspace: 20379K(21056K)->20379K(21056K) NonClass: 17853K(18240K)->17853K(18240K) Class: 2525K(2816K)->2525K(2816K)
[2025-06-03T16:08:07.959+0530][461.266s] GC(624) Pause Full (G1 Compaction Pause) 510M->509M(512M) 1011.653ms
[2025-06-03T16:08:07.959+0530][461.266s] GC(624) User=2.29s Sys=0.10s Real=1.01s
[2025-06-03T16:08:07.959+0530][461.266s] GC(623) Concurrent Mark From Roots 1011.887ms
[2025-06-03T16:08:07.960+0530][461.266s] GC(623) Concurrent Mark Abort
[2025-06-03T16:08:07.960+0530][461.266s] GC(623) Concurrent Mark Cycle 1012.390ms
[2025-06-03T16:08:07.962+0530][461.269s] GC(625) Pause Young (Normal) (G1 Evacuation Pause)
[2025-06-03T16:08:07.962+0530][461.269s] GC(625) Using 8 workers of 8 for evacuation
[2025-06-03T16:08:07.963+0530][461.270s] GC(625) Skipped phase 1 of Reference Processing: no references
[2025-06-03T16:08:07.963+0530][461.270s] GC(625) ReferenceProcessor::execute queues: 1, RefProcThreadModel::Single, marks_oops_alive: false
[2025-06-03T16:08:07.963+0530][461.270s] GC(625) Skipped phase 3 of Reference Processing: no references
[2025-06-03T16:08:07.963+0530][461.270s] GC(625) Skipped phase 4 of Reference Processing: no references
[2025-06-03T16:08:07.963+0530][461.270s] GC(625) To-space exhausted
[2025-06-03T16:08:07.963+0530][461.270s] GC(625)   Pre Evacuate Collection Set: 0.1ms
[2025-06-03T16:08:07.963+0530][461.270s] GC(625)   Merge Heap Roots: 0.0ms
[2025-06-03T16:08:07.963+0530][461.270s] GC(625)   Evacuate Collection Set: 0.4ms
[2025-06-03T16:08:07.963+0530][461.270s] GC(625)   Post Evacuate Collection Set: 0.7ms
[2025-06-03T16:08:07.963+0530][461.270s] GC(625)   Other: 0.2ms
[2025-06-03T16:08:07.963+0530][461.270s] GC(625) Eden regions: 1->0(25)
[2025-06-03T16:08:07.963+0530][461.270s] GC(625) Survivor regions: 0->0(0)
[2025-06-03T16:08:07.963+0530][461.270s] GC(625) Old regions: 509->510
[2025-06-03T16:08:07.963+0530][461.270s] GC(625) Archive regions: 2->2
[2025-06-03T16:08:07.964+0530][461.270s] GC(625) Humongous regions: 0->0
[2025-06-03T16:08:07.964+0530][461.270s] GC(625) Metaspace: 20379K(21056K)->20379K(21056K) NonClass: 17853K(18240K)->17853K(18240K) Class: 2525K(2816K)->2525K(2816K)
[2025-06-03T16:08:07.964+0530][461.270s] GC(625) Pause Young (Normal) (G1 Evacuation Pause) 510M->510M(512M) 1.450ms
[2025-06-03T16:08:07.964+0530][461.270s] GC(625) User=0.01s Sys=0.00s Real=0.00s
[2025-06-03T16:08:07.964+0530][461.270s] Attempting full compaction
[2025-06-03T16:08:07.964+0530][461.270s] GC(626) Using 8 workers of 8 for full compaction
[2025-06-03T16:08:07.964+0530][461.271s] GC(626) Pause Full (G1 Compaction Pause)
[2025-06-03T16:08:07.964+0530][461.271s] GC(626) Phase 1: Mark live objects
[2025-06-03T16:08:08.878+0530][462.185s] GC(626) ReferenceProcessor::execute queues: 8, RefProcThreadModel::Multi, marks_oops_alive: true
[2025-06-03T16:08:08.878+0530][462.185s] GC(626) ReferenceProcessor::execute queues: 2, RefProcThreadModel::Multi, marks_oops_alive: false
[2025-06-03T16:08:08.879+0530][462.185s] GC(626) Skipped phase 3 of Reference Processing: no references
[2025-06-03T16:08:08.879+0530][462.186s] GC(626) ReferenceProcessor::execute queues: 1, RefProcThreadModel::Single, marks_oops_alive: false
[2025-06-03T16:08:08.880+0530][462.187s] GC(626) Phase 1: Mark live objects 915.959ms
[2025-06-03T16:08:08.880+0530][462.187s] GC(626) Phase 2: Prepare for compaction
[2025-06-03T16:08:08.880+0530][462.187s] GC(626) Phase 2: Prepare for compaction 0.645ms
[2025-06-03T16:08:08.880+0530][462.187s] GC(626) Phase 3: Adjust pointers
[2025-06-03T16:08:08.940+0530][462.246s] GC(626) Phase 3: Adjust pointers 59.155ms
[2025-06-03T16:08:08.940+0530][462.247s] GC(626) Phase 4: Compact heap
[2025-06-03T16:08:08.940+0530][462.247s] GC(626) Phase 4: Compact heap 0.607ms
[2025-06-03T16:08:08.944+0530][462.251s] GC(626) Eden regions: 0->0(25)
[2025-06-03T16:08:08.944+0530][462.251s] GC(626) Survivor regions: 0->0(0)
[2025-06-03T16:08:08.944+0530][462.251s] GC(626) Old regions: 510->509
[2025-06-03T16:08:08.944+0530][462.251s] GC(626) Archive regions: 2->2
[2025-06-03T16:08:08.944+0530][462.251s] GC(626) Humongous regions: 0->0
[2025-06-03T16:08:08.944+0530][462.251s] GC(626) Metaspace: 20379K(21056K)->20379K(21056K) NonClass: 17853K(18240K)->17853K(18240K) Class: 2525K(2816K)->2525K(2816K)
[2025-06-03T16:08:08.944+0530][462.251s] GC(626) Pause Full (G1 Compaction Pause) 510M->509M(512M) 980.789ms
[2025-06-03T16:08:08.945+0530][462.252s] GC(626) User=2.22s Sys=0.09s Real=0.98s
[2025-06-03T16:08:08.953+0530][462.260s] GC(627) Pause Young (Concurrent Start) (G1 Evacuation Pause)
[2025-06-03T16:08:08.953+0530][462.260s] GC(627) Using 8 workers of 8 for evacuation
[2025-06-03T16:08:08.954+0530][462.261s] GC(627) Skipped phase 1 of Reference Processing: no references
[2025-06-03T16:08:08.954+0530][462.261s] GC(627) ReferenceProcessor::execute queues: 1, RefProcThreadModel::Single, marks_oops_alive: false
[2025-06-03T16:08:08.954+0530][462.261s] GC(627) Skipped phase 3 of Reference Processing: no references
[2025-06-03T16:08:08.954+0530][462.261s] GC(627) Skipped phase 4 of Reference Processing: no references
[2025-06-03T16:08:08.955+0530][462.261s] GC(627) To-space exhausted
[2025-06-03T16:08:08.955+0530][462.261s] GC(627)   Pre Evacuate Collection Set: 0.1ms
[2025-06-03T16:08:08.955+0530][462.261s] GC(627)   Merge Heap Roots: 0.0ms
[2025-06-03T16:08:08.955+0530][462.261s] GC(627)   Evacuate Collection Set: 0.6ms
[2025-06-03T16:08:08.955+0530][462.261s] GC(627)   Post Evacuate Collection Set: 0.5ms
[2025-06-03T16:08:08.955+0530][462.261s] GC(627)   Other: 0.2ms
[2025-06-03T16:08:08.955+0530][462.261s] GC(627) Eden regions: 1->0(25)
[2025-06-03T16:08:08.955+0530][462.261s] GC(627) Survivor regions: 0->0(0)
[2025-06-03T16:08:08.955+0530][462.262s] GC(627) Old regions: 509->510
[2025-06-03T16:08:08.955+0530][462.262s] GC(627) Archive regions: 2->2
[2025-06-03T16:08:08.955+0530][462.262s] GC(627) Humongous regions: 0->0
[2025-06-03T16:08:08.955+0530][462.262s] GC(627) Metaspace: 20379K(21056K)->20379K(21056K) NonClass: 17853K(18240K)->17853K(18240K) Class: 2525K(2816K)->2525K(2816K)
[2025-06-03T16:08:08.955+0530][462.262s] GC(627) Pause Young (Concurrent Start) (G1 Evacuation Pause) 510M->510M(512M) 1.648ms
[2025-06-03T16:08:08.955+0530][462.262s] GC(627) User=0.00s Sys=0.00s Real=0.00s
[2025-06-03T16:08:08.955+0530][462.262s] Attempting full compaction
[2025-06-03T16:08:08.955+0530][462.262s] GC(629) Concurrent Mark Cycle
[2025-06-03T16:08:08.955+0530][462.262s] GC(628) Using 8 workers of 8 for full compaction
[2025-06-03T16:08:08.955+0530][462.262s] GC(629) Concurrent Clear Claimed Marks
[2025-06-03T16:08:08.955+0530][462.262s] GC(628) Pause Full (G1 Compaction Pause)
[2025-06-03T16:08:08.955+0530][462.262s] GC(629) Concurrent Clear Claimed Marks 0.082ms
[2025-06-03T16:08:08.955+0530][462.262s] GC(629) Concurrent Scan Root Regions
[2025-06-03T16:08:08.955+0530][462.262s] GC(629) Concurrent Scan Root Regions 0.049ms
[2025-06-03T16:08:08.955+0530][462.262s] GC(629) Concurrent Mark
[2025-06-03T16:08:08.955+0530][462.262s] GC(629) Concurrent Mark From Roots
[2025-06-03T16:08:08.955+0530][462.262s] GC(629) Using 2 workers of 2 for marking
[2025-06-03T16:08:08.955+0530][462.262s] GC(628) Phase 1: Mark live objects
[2025-06-03T16:08:09.884+0530][463.191s] GC(628) ReferenceProcessor::execute queues: 8, RefProcThreadModel::Multi, marks_oops_alive: true
[2025-06-03T16:08:09.885+0530][463.191s] GC(628) ReferenceProcessor::execute queues: 2, RefProcThreadModel::Multi, marks_oops_alive: false
[2025-06-03T16:08:09.885+0530][463.192s] GC(628) Skipped phase 3 of Reference Processing: no references
[2025-06-03T16:08:09.885+0530][463.192s] GC(628) ReferenceProcessor::execute queues: 1, RefProcThreadModel::Single, marks_oops_alive: false
[2025-06-03T16:08:09.887+0530][463.194s] GC(628) Phase 1: Mark live objects 931.344ms
[2025-06-03T16:08:09.887+0530][463.194s] GC(628) Phase 2: Prepare for compaction
[2025-06-03T16:08:09.888+0530][463.195s] GC(628) Phase 2: Prepare for compaction 0.867ms
[2025-06-03T16:08:09.888+0530][463.195s] GC(628) Phase 3: Adjust pointers
[2025-06-03T16:08:09.956+0530][463.263s] GC(628) Phase 3: Adjust pointers 68.805ms
[2025-06-03T16:08:09.957+0530][463.263s] GC(628) Phase 4: Compact heap
[2025-06-03T16:08:09.957+0530][463.264s] GC(628) Phase 4: Compact heap 0.400ms
[2025-06-03T16:08:09.961+0530][463.268s] GC(628) Eden regions: 0->0(25)
[2025-06-03T16:08:09.961+0530][463.268s] GC(628) Survivor regions: 0->0(0)
[2025-06-03T16:08:09.961+0530][463.268s] GC(628) Old regions: 510->509
[2025-06-03T16:08:09.961+0530][463.268s] GC(628) Archive regions: 2->2
[2025-06-03T16:08:09.961+0530][463.268s] GC(628) Humongous regions: 0->0
[2025-06-03T16:08:09.961+0530][463.268s] GC(628) Metaspace: 20379K(21056K)->20359K(21056K) NonClass: 17853K(18240K)->17837K(18240K) Class: 2525K(2816K)->2522K(2816K)
[2025-06-03T16:08:09.961+0530][463.268s] GC(628) Pause Full (G1 Compaction Pause) 510M->509M(512M) 1006.262ms
[2025-06-03T16:08:09.961+0530][463.268s] GC(628) User=2.29s Sys=0.10s Real=1.01s
[2025-06-03T16:08:09.962+0530][463.269s] GC(629) Concurrent Mark From Roots 1006.486ms
[2025-06-03T16:08:10.247+0530][463.554s] GC(629) Concurrent Mark Abort
[2025-06-03T16:08:10.247+0530][463.554s] GC(629) Concurrent Mark Cycle 1292.018ms
[2025-06-03T16:08:10.253+0530][463.560s] GC(630) Pause Young (Normal) (G1 Evacuation Pause)
[2025-06-03T16:08:10.253+0530][463.560s] GC(630) Using 8 workers of 8 for evacuation
[2025-06-03T16:08:10.254+0530][463.561s] GC(630) Skipped phase 1 of Reference Processing: no references
[2025-06-03T16:08:10.254+0530][463.561s] GC(630) ReferenceProcessor::execute queues: 1, RefProcThreadModel::Single, marks_oops_alive: false
[2025-06-03T16:08:10.254+0530][463.561s] GC(630) Skipped phase 3 of Reference Processing: no references
[2025-06-03T16:08:10.254+0530][463.561s] GC(630) Skipped phase 4 of Reference Processing: no references
[2025-06-03T16:08:10.255+0530][463.562s] GC(630) To-space exhausted
[2025-06-03T16:08:10.255+0530][463.562s] GC(630)   Pre Evacuate Collection Set: 0.1ms
[2025-06-03T16:08:10.255+0530][463.562s] GC(630)   Merge Heap Roots: 0.0ms
[2025-06-03T16:08:10.255+0530][463.562s] GC(630)   Evacuate Collection Set: 0.6ms
[2025-06-03T16:08:10.255+0530][463.562s] GC(630)   Post Evacuate Collection Set: 0.9ms
[2025-06-03T16:08:10.255+0530][463.562s] GC(630)   Other: 0.3ms
[2025-06-03T16:08:10.255+0530][463.562s] GC(630) Eden regions: 1->0(25)
[2025-06-03T16:08:10.255+0530][463.562s] GC(630) Survivor regions: 0->0(0)
[2025-06-03T16:08:10.255+0530][463.562s] GC(630) Old regions: 509->510
[2025-06-03T16:08:10.255+0530][463.562s] GC(630) Archive regions: 2->2
[2025-06-03T16:08:10.255+0530][463.562s] GC(630) Humongous regions: 0->0
[2025-06-03T16:08:10.255+0530][463.562s] GC(630) Metaspace: 20369K(21056K)->20369K(21056K) NonClass: 17845K(18240K)->17845K(18240K) Class: 2524K(2816K)->2524K(2816K)
[2025-06-03T16:08:10.256+0530][463.562s] GC(630) Pause Young (Normal) (G1 Evacuation Pause) 510M->510M(512M) 2.083ms
[2025-06-03T16:08:10.256+0530][463.562s] GC(630) User=0.00s Sys=0.00s Real=0.00s
[2025-06-03T16:08:10.256+0530][463.562s] Attempting full compaction
[2025-06-03T16:08:10.256+0530][463.563s] GC(631) Using 8 workers of 8 for full compaction
[2025-06-03T16:08:10.256+0530][463.563s] GC(631) Pause Full (G1 Compaction Pause)
[2025-06-03T16:08:10.256+0530][463.563s] GC(631) Phase 1: Mark live objects
[2025-06-03T16:08:11.114+0530][464.420s] GC(631) ReferenceProcessor::execute queues: 8, RefProcThreadModel::Multi, marks_oops_alive: true
[2025-06-03T16:08:11.114+0530][464.421s] GC(631) ReferenceProcessor::execute queues: 2, RefProcThreadModel::Multi, marks_oops_alive: false
[2025-06-03T16:08:11.114+0530][464.421s] GC(631) Skipped phase 3 of Reference Processing: no references
[2025-06-03T16:08:11.114+0530][464.421s] GC(631) ReferenceProcessor::execute queues: 1, RefProcThreadModel::Single, marks_oops_alive: false
[2025-06-03T16:08:11.116+0530][464.423s] GC(631) Phase 1: Mark live objects 860.092ms
[2025-06-03T16:08:11.116+0530][464.423s] GC(631) Phase 2: Prepare for compaction
[2025-06-03T16:08:11.117+0530][464.424s] GC(631) Phase 2: Prepare for compaction 0.807ms
[2025-06-03T16:08:11.117+0530][464.424s] GC(631) Phase 3: Adjust pointers
[2025-06-03T16:08:11.174+0530][464.481s] GC(631) Phase 3: Adjust pointers 57.167ms
[2025-06-03T16:08:11.174+0530][464.481s] GC(631) Phase 4: Compact heap
[2025-06-03T16:08:11.175+0530][464.482s] GC(631) Phase 4: Compact heap 0.729ms
[2025-06-03T16:08:11.179+0530][464.486s] GC(631) Eden regions: 0->0(25)
[2025-06-03T16:08:11.180+0530][464.486s] GC(631) Survivor regions: 0->0(0)
[2025-06-03T16:08:11.180+0530][464.486s] GC(631) Old regions: 510->509
[2025-06-03T16:08:11.180+0530][464.487s] GC(631) Archive regions: 2->2
[2025-06-03T16:08:11.180+0530][464.487s] GC(631) Humongous regions: 0->0
[2025-06-03T16:08:11.180+0530][464.487s] GC(631) Metaspace: 20369K(21056K)->20362K(21056K) NonClass: 17845K(18240K)->17839K(18240K) Class: 2524K(2816K)->2523K(2816K)
[2025-06-03T16:08:11.180+0530][464.487s] GC(631) Pause Full (G1 Compaction Pause) 510M->509M(512M) 923.871ms
[2025-06-03T16:08:11.180+0530][464.487s] GC(631) User=2.95s Sys=0.05s Real=0.93s
[2025-06-03T16:08:11.194+0530][464.501s] GC(632) Pause Young (Concurrent Start) (G1 Evacuation Pause)
[2025-06-03T16:08:11.194+0530][464.501s] GC(632) Using 8 workers of 8 for evacuation
[2025-06-03T16:08:11.195+0530][464.502s] GC(632) Skipped phase 1 of Reference Processing: no references
[2025-06-03T16:08:11.195+0530][464.502s] GC(632) ReferenceProcessor::execute queues: 1, RefProcThreadModel::Single, marks_oops_alive: false
[2025-06-03T16:08:11.195+0530][464.502s] GC(632) Skipped phase 3 of Reference Processing: no references
[2025-06-03T16:08:11.195+0530][464.502s] GC(632) Skipped phase 4 of Reference Processing: no references
[2025-06-03T16:08:11.196+0530][464.503s] GC(632) To-space exhausted
[2025-06-03T16:08:11.196+0530][464.503s] GC(632)   Pre Evacuate Collection Set: 0.1ms
[2025-06-03T16:08:11.196+0530][464.503s] GC(632)   Merge Heap Roots: 0.0ms
[2025-06-03T16:08:11.196+0530][464.503s] GC(632)   Evacuate Collection Set: 0.7ms
[2025-06-03T16:08:11.196+0530][464.503s] GC(632)   Post Evacuate Collection Set: 0.7ms
[2025-06-03T16:08:11.196+0530][464.503s] GC(632)   Other: 0.2ms
[2025-06-03T16:08:11.196+0530][464.503s] GC(632) Eden regions: 1->0(25)
[2025-06-03T16:08:11.196+0530][464.503s] GC(632) Survivor regions: 0->0(0)
[2025-06-03T16:08:11.196+0530][464.503s] GC(632) Old regions: 509->510
[2025-06-03T16:08:11.196+0530][464.503s] GC(632) Archive regions: 2->2
[2025-06-03T16:08:11.196+0530][464.503s] GC(632) Humongous regions: 0->0
[2025-06-03T16:08:11.196+0530][464.503s] GC(632) Metaspace: 20379K(21056K)->20379K(21056K) NonClass: 17853K(18240K)->17853K(18240K) Class: 2525K(2816K)->2525K(2816K)
[2025-06-03T16:08:11.196+0530][464.503s] GC(632) Pause Young (Concurrent Start) (G1 Evacuation Pause) 510M->510M(512M) 1.802ms
[2025-06-03T16:08:11.196+0530][464.503s] GC(632) User=0.01s Sys=0.00s Real=0.00s
[2025-06-03T16:08:11.196+0530][464.503s] Attempting full compaction
[2025-06-03T16:08:11.196+0530][464.503s] GC(633) Concurrent Mark Cycle
[2025-06-03T16:08:11.196+0530][464.503s] GC(634) Using 8 workers of 8 for full compaction
[2025-06-03T16:08:11.196+0530][464.503s] GC(633) Concurrent Clear Claimed Marks
[2025-06-03T16:08:11.196+0530][464.503s] GC(634) Pause Full (G1 Compaction Pause)
[2025-06-03T16:08:11.196+0530][464.503s] GC(633) Concurrent Clear Claimed Marks 0.080ms
[2025-06-03T16:08:11.196+0530][464.503s] GC(633) Concurrent Scan Root Regions
[2025-06-03T16:08:11.196+0530][464.503s] GC(633) Concurrent Scan Root Regions 0.051ms
[2025-06-03T16:08:11.196+0530][464.503s] GC(633) Concurrent Mark
[2025-06-03T16:08:11.196+0530][464.503s] GC(633) Concurrent Mark From Roots
[2025-06-03T16:08:11.196+0530][464.503s] GC(633) Using 2 workers of 2 for marking
[2025-06-03T16:08:11.197+0530][464.503s] GC(634) Phase 1: Mark live objects
[2025-06-03T16:08:12.083+0530][465.390s] GC(634) ReferenceProcessor::execute queues: 8, RefProcThreadModel::Multi, marks_oops_alive: true
[2025-06-03T16:08:12.083+0530][465.390s] GC(634) ReferenceProcessor::execute queues: 2, RefProcThreadModel::Multi, marks_oops_alive: false
[2025-06-03T16:08:12.083+0530][465.390s] GC(634) Skipped phase 3 of Reference Processing: no references
[2025-06-03T16:08:12.084+0530][465.390s] GC(634) ReferenceProcessor::execute queues: 1, RefProcThreadModel::Single, marks_oops_alive: false
[2025-06-03T16:08:12.086+0530][465.393s] GC(634) Phase 1: Mark live objects 889.096ms
[2025-06-03T16:08:12.086+0530][465.393s] GC(634) Phase 2: Prepare for compaction
[2025-06-03T16:08:12.087+0530][465.393s] GC(634) Phase 2: Prepare for compaction 0.896ms
[2025-06-03T16:08:12.087+0530][465.394s] GC(634) Phase 3: Adjust pointers
[2025-06-03T16:08:12.143+0530][465.450s] GC(634) Phase 3: Adjust pointers 56.133ms
[2025-06-03T16:08:12.143+0530][465.450s] GC(634) Phase 4: Compact heap
[2025-06-03T16:08:12.143+0530][465.450s] GC(634) Phase 4: Compact heap 0.449ms
[2025-06-03T16:08:12.147+0530][465.453s] GC(634) Eden regions: 0->0(25)
[2025-06-03T16:08:12.147+0530][465.454s] GC(634) Survivor regions: 0->0(0)
[2025-06-03T16:08:12.147+0530][465.454s] GC(634) Old regions: 510->509
[2025-06-03T16:08:12.147+0530][465.454s] GC(634) Archive regions: 2->2
[2025-06-03T16:08:12.147+0530][465.454s] GC(634) Humongous regions: 0->0
[2025-06-03T16:08:12.147+0530][465.454s] GC(634) Metaspace: 20379K(21056K)->20376K(21056K) NonClass: 17853K(18240K)->17851K(18240K) Class: 2525K(2816K)->2525K(2816K)
[2025-06-03T16:08:12.147+0530][465.454s] GC(634) Pause Full (G1 Compaction Pause) 510M->509M(512M) 950.703ms
[2025-06-03T16:08:12.147+0530][465.454s] GC(634) User=2.20s Sys=0.08s Real=0.95s
[2025-06-03T16:08:12.147+0530][465.454s] GC(633) Concurrent Mark From Roots 951.005ms
[2025-06-03T16:08:12.147+0530][465.454s] GC(633) Concurrent Mark Abort
[2025-06-03T16:08:12.147+0530][465.454s] GC(633) Concurrent Mark Cycle 951.419ms
[2025-06-03T16:08:12.152+0530][465.459s] GC(635) Pause Young (Normal) (G1 Evacuation Pause)
[2025-06-03T16:08:12.152+0530][465.459s] GC(635) Using 8 workers of 8 for evacuation
[2025-06-03T16:08:12.153+0530][465.459s] GC(635) Skipped phase 1 of Reference Processing: no references
[2025-06-03T16:08:12.153+0530][465.460s] GC(635) ReferenceProcessor::execute queues: 1, RefProcThreadModel::Single, marks_oops_alive: false
[2025-06-03T16:08:12.153+0530][465.460s] GC(635) Skipped phase 3 of Reference Processing: no references
[2025-06-03T16:08:12.153+0530][465.460s] GC(635) Skipped phase 4 of Reference Processing: no references
[2025-06-03T16:08:12.154+0530][465.460s] GC(635) To-space exhausted
[2025-06-03T16:08:12.154+0530][465.460s] GC(635)   Pre Evacuate Collection Set: 0.1ms
[2025-06-03T16:08:12.154+0530][465.460s] GC(635)   Merge Heap Roots: 0.0ms
[2025-06-03T16:08:12.154+0530][465.460s] GC(635)   Evacuate Collection Set: 0.5ms
[2025-06-03T16:08:12.154+0530][465.461s] GC(635)   Post Evacuate Collection Set: 0.9ms
[2025-06-03T16:08:12.154+0530][465.461s] GC(635)   Other: 0.2ms
[2025-06-03T16:08:12.154+0530][465.461s] GC(635) Eden regions: 1->0(25)
[2025-06-03T16:08:12.154+0530][465.461s] GC(635) Survivor regions: 0->0(0)
[2025-06-03T16:08:12.154+0530][465.461s] GC(635) Old regions: 509->510
[2025-06-03T16:08:12.154+0530][465.461s] GC(635) Archive regions: 2->2
[2025-06-03T16:08:12.154+0530][465.461s] GC(635) Humongous regions: 0->0
[2025-06-03T16:08:12.154+0530][465.461s] GC(635) Metaspace: 20379K(21056K)->20379K(21056K) NonClass: 17853K(18240K)->17853K(18240K) Class: 2525K(2816K)->2525K(2816K)
[2025-06-03T16:08:12.154+0530][465.461s] GC(635) Pause Young (Normal) (G1 Evacuation Pause) 510M->510M(512M) 1.861ms
[2025-06-03T16:08:12.154+0530][465.461s] GC(635) User=0.00s Sys=0.01s Real=0.00s
[2025-06-03T16:08:12.154+0530][465.461s] Attempting full compaction
[2025-06-03T16:08:12.154+0530][465.461s] GC(636) Using 8 workers of 8 for full compaction
[2025-06-03T16:08:12.154+0530][465.461s] GC(636) Pause Full (G1 Compaction Pause)
[2025-06-03T16:08:12.154+0530][465.461s] GC(636) Phase 1: Mark live objects
[2025-06-03T16:08:13.057+0530][466.364s] GC(636) ReferenceProcessor::execute queues: 8, RefProcThreadModel::Multi, marks_oops_alive: true
[2025-06-03T16:08:13.057+0530][466.364s] GC(636) ReferenceProcessor::execute queues: 2, RefProcThreadModel::Multi, marks_oops_alive: false
[2025-06-03T16:08:13.057+0530][466.364s] GC(636) Skipped phase 3 of Reference Processing: no references
[2025-06-03T16:08:13.057+0530][466.364s] GC(636) ReferenceProcessor::execute queues: 1, RefProcThreadModel::Single, marks_oops_alive: false
[2025-06-03T16:08:13.058+0530][466.365s] GC(636) Phase 1: Mark live objects 904.210ms
[2025-06-03T16:08:13.058+0530][466.365s] GC(636) Phase 2: Prepare for compaction
[2025-06-03T16:08:13.059+0530][466.366s] GC(636) Phase 2: Prepare for compaction 0.948ms
[2025-06-03T16:08:13.059+0530][466.366s] GC(636) Phase 3: Adjust pointers
[2025-06-03T16:08:13.120+0530][466.426s] GC(636) Phase 3: Adjust pointers 60.412ms
[2025-06-03T16:08:13.120+0530][466.427s] GC(636) Phase 4: Compact heap
[2025-06-03T16:08:13.120+0530][466.427s] GC(636) Phase 4: Compact heap 0.508ms
[2025-06-03T16:08:13.124+0530][466.431s] GC(636) Eden regions: 0->0(25)
[2025-06-03T16:08:13.124+0530][466.431s] GC(636) Survivor regions: 0->0(0)
[2025-06-03T16:08:13.124+0530][466.431s] GC(636) Old regions: 510->510
[2025-06-03T16:08:13.124+0530][466.431s] GC(636) Archive regions: 2->2
[2025-06-03T16:08:13.124+0530][466.431s] GC(636) Humongous regions: 0->0
[2025-06-03T16:08:13.124+0530][466.431s] GC(636) Metaspace: 20379K(21056K)->20379K(21056K) NonClass: 17853K(18240K)->17853K(18240K) Class: 2525K(2816K)->2525K(2816K)
[2025-06-03T16:08:13.124+0530][466.431s] GC(636) Pause Full (G1 Compaction Pause) 510M->509M(512M) 969.987ms
[2025-06-03T16:08:13.124+0530][466.431s] GC(636) User=2.24s Sys=0.07s Real=0.97s
[2025-06-03T16:08:13.124+0530][466.431s] Attempting maximum full compaction clearing soft references
[2025-06-03T16:08:13.124+0530][466.431s] GC(637) Using 8 workers of 8 for full compaction
[2025-06-03T16:08:13.124+0530][466.431s] GC(637) Pause Full (G1 Compaction Pause)
[2025-06-03T16:08:13.124+0530][466.431s] GC(637) Phase 1: Mark live objects
[2025-06-03T16:08:14.059+0530][467.366s] GC(637) ReferenceProcessor::execute queues: 8, RefProcThreadModel::Multi, marks_oops_alive: true
[2025-06-03T16:08:14.060+0530][467.367s] GC(637) ReferenceProcessor::execute queues: 2, RefProcThreadModel::Multi, marks_oops_alive: false
[2025-06-03T16:08:14.060+0530][467.367s] GC(637) Skipped phase 3 of Reference Processing: no references
[2025-06-03T16:08:14.060+0530][467.367s] GC(637) ReferenceProcessor::execute queues: 1, RefProcThreadModel::Single, marks_oops_alive: false
[2025-06-03T16:08:14.062+0530][467.369s] GC(637) Phase 1: Mark live objects 938.081ms
[2025-06-03T16:08:14.062+0530][467.369s] GC(637) Phase 2: Prepare for compaction
[2025-06-03T16:08:14.128+0530][467.435s] GC(637) Phase 2: Prepare for compaction 65.572ms
[2025-06-03T16:08:14.128+0530][467.435s] GC(637) Phase 3: Adjust pointers
[2025-06-03T16:08:14.238+0530][467.545s] GC(637) Phase 3: Adjust pointers 109.614ms
[2025-06-03T16:08:14.238+0530][467.545s] GC(637) Phase 4: Compact heap
[2025-06-03T16:08:14.311+0530][467.618s] GC(637) Phase 4: Compact heap 73.436ms
[2025-06-03T16:08:14.316+0530][467.623s] GC(637) Eden regions: 0->0(25)
[2025-06-03T16:08:14.316+0530][467.623s] GC(637) Survivor regions: 0->0(0)
[2025-06-03T16:08:14.316+0530][467.623s] GC(637) Old regions: 510->509
[2025-06-03T16:08:14.316+0530][467.623s] GC(637) Archive regions: 2->2
[2025-06-03T16:08:14.316+0530][467.623s] GC(637) Humongous regions: 0->0
[2025-06-03T16:08:14.316+0530][467.623s] GC(637) Metaspace: 20379K(21056K)->20354K(21056K) NonClass: 17853K(18240K)->17832K(18240K) Class: 2525K(2816K)->2521K(2816K)
[2025-06-03T16:08:14.316+0530][467.623s] GC(637) Pause Full (G1 Compaction Pause) 509M->508M(512M) 1192.323ms
[2025-06-03T16:08:14.317+0530][467.624s] GC(637) User=3.50s Sys=0.12s Real=1.19s
[2025-06-03T16:08:14.349+0530][467.656s] GC(638) Pause Young (Concurrent Start) (G1 Evacuation Pause)
[2025-06-03T16:08:14.349+0530][467.656s] GC(638) Using 8 workers of 8 for evacuation
[2025-06-03T16:08:14.350+0530][467.657s] GC(638) ReferenceProcessor::execute queues: 8, RefProcThreadModel::Multi, marks_oops_alive: true
[2025-06-03T16:08:14.350+0530][467.657s] GC(638) ReferenceProcessor::execute queues: 1, RefProcThreadModel::Single, marks_oops_alive: false
[2025-06-03T16:08:14.350+0530][467.657s] GC(638) Skipped phase 3 of Reference Processing: no references
[2025-06-03T16:08:14.350+0530][467.657s] GC(638) Skipped phase 4 of Reference Processing: no references
[2025-06-03T16:08:14.351+0530][467.658s] GC(638) To-space exhausted
[2025-06-03T16:08:14.351+0530][467.658s] GC(638)   Pre Evacuate Collection Set: 0.1ms
[2025-06-03T16:08:14.351+0530][467.658s] GC(638)   Merge Heap Roots: 0.0ms
[2025-06-03T16:08:14.351+0530][467.658s] GC(638)   Evacuate Collection Set: 0.6ms
[2025-06-03T16:08:14.351+0530][467.658s] GC(638)   Post Evacuate Collection Set: 0.9ms
[2025-06-03T16:08:14.351+0530][467.658s] GC(638)   Other: 0.3ms
[2025-06-03T16:08:14.351+0530][467.658s] GC(638) Eden regions: 1->0(25)
[2025-06-03T16:08:14.351+0530][467.658s] GC(638) Survivor regions: 0->0(0)
[2025-06-03T16:08:14.351+0530][467.658s] GC(638) Old regions: 509->510
[2025-06-03T16:08:14.351+0530][467.658s] GC(638) Archive regions: 2->2
[2025-06-03T16:08:14.351+0530][467.658s] GC(638) Humongous regions: 0->0
[2025-06-03T16:08:14.351+0530][467.658s] GC(638) Metaspace: 20374K(21056K)->20374K(21056K) NonClass: 17849K(18240K)->17849K(18240K) Class: 2525K(2816K)->2525K(2816K)
[2025-06-03T16:08:14.351+0530][467.658s] GC(638) Pause Young (Concurrent Start) (G1 Evacuation Pause) 509M->509M(512M) 2.239ms
[2025-06-03T16:08:14.351+0530][467.658s] GC(638) User=0.01s Sys=0.00s Real=0.01s
[2025-06-03T16:08:14.351+0530][467.658s] Attempting full compaction
[2025-06-03T16:08:14.351+0530][467.658s] GC(639) Concurrent Mark Cycle
[2025-06-03T16:08:14.351+0530][467.658s] GC(640) Using 8 workers of 8 for full compaction
[2025-06-03T16:08:14.351+0530][467.658s] GC(639) Concurrent Clear Claimed Marks
[2025-06-03T16:08:14.351+0530][467.658s] GC(640) Pause Full (G1 Compaction Pause)
[2025-06-03T16:08:14.351+0530][467.658s] GC(639) Concurrent Clear Claimed Marks 0.072ms
[2025-06-03T16:08:14.351+0530][467.658s] GC(639) Concurrent Scan Root Regions
[2025-06-03T16:08:14.351+0530][467.658s] GC(639) Concurrent Scan Root Regions 0.034ms
[2025-06-03T16:08:14.351+0530][467.658s] GC(639) Concurrent Mark
[2025-06-03T16:08:14.351+0530][467.658s] GC(639) Concurrent Mark From Roots
[2025-06-03T16:08:14.351+0530][467.658s] GC(639) Using 2 workers of 2 for marking
[2025-06-03T16:08:14.352+0530][467.659s] GC(640) Phase 1: Mark live objects
[2025-06-03T16:08:15.278+0530][468.585s] GC(640) ReferenceProcessor::execute queues: 8, RefProcThreadModel::Multi, marks_oops_alive: true
[2025-06-03T16:08:15.278+0530][468.585s] GC(640) ReferenceProcessor::execute queues: 2, RefProcThreadModel::Multi, marks_oops_alive: false
[2025-06-03T16:08:15.278+0530][468.585s] GC(640) Skipped phase 3 of Reference Processing: no references
[2025-06-03T16:08:15.278+0530][468.585s] GC(640) ReferenceProcessor::execute queues: 1, RefProcThreadModel::Single, marks_oops_alive: false
[2025-06-03T16:08:15.281+0530][468.588s] GC(640) Phase 1: Mark live objects 928.908ms
[2025-06-03T16:08:15.281+0530][468.588s] GC(640) Phase 2: Prepare for compaction
[2025-06-03T16:08:15.282+0530][468.589s] GC(640) Phase 2: Prepare for compaction 1.035ms
[2025-06-03T16:08:15.282+0530][468.589s] GC(640) Phase 3: Adjust pointers
[2025-06-03T16:08:15.338+0530][468.645s] GC(640) Phase 3: Adjust pointers 56.520ms
[2025-06-03T16:08:15.338+0530][468.645s] GC(640) Phase 4: Compact heap
[2025-06-03T16:08:15.339+0530][468.646s] GC(640) Phase 4: Compact heap 0.931ms
[2025-06-03T16:08:15.343+0530][468.650s] GC(640) Eden regions: 0->0(25)
[2025-06-03T16:08:15.343+0530][468.650s] GC(640) Survivor regions: 0->0(0)
[2025-06-03T16:08:15.343+0530][468.650s] GC(640) Old regions: 510->509
[2025-06-03T16:08:15.343+0530][468.650s] GC(640) Archive regions: 2->2
[2025-06-03T16:08:15.343+0530][468.650s] GC(640) Humongous regions: 0->0
[2025-06-03T16:08:15.343+0530][468.650s] GC(640) Metaspace: 20374K(21056K)->20355K(21056K) NonClass: 17849K(18240K)->17833K(18240K) Class: 2525K(2816K)->2521K(2816K)
[2025-06-03T16:08:15.343+0530][468.650s] GC(640) Pause Full (G1 Compaction Pause) 509M->508M(512M) 991.819ms
[2025-06-03T16:08:15.343+0530][468.650s] GC(640) User=2.28s Sys=0.10s Real=0.99s
[2025-06-03T16:08:15.344+0530][468.650s] GC(639) Concurrent Mark From Roots 992.091ms
[2025-06-03T16:08:15.344+0530][468.651s] GC(639) Concurrent Mark Abort
[2025-06-03T16:08:15.344+0530][468.651s] GC(639) Concurrent Mark Cycle 992.488ms
[2025-06-03T16:08:15.348+0530][468.654s] GC(641) Pause Young (Normal) (G1 Evacuation Pause)
[2025-06-03T16:08:15.348+0530][468.655s] GC(641) Using 8 workers of 8 for evacuation
[2025-06-03T16:08:15.348+0530][468.655s] GC(641) Skipped phase 1 of Reference Processing: no references
[2025-06-03T16:08:15.348+0530][468.655s] GC(641) ReferenceProcessor::execute queues: 1, RefProcThreadModel::Single, marks_oops_alive: false
[2025-06-03T16:08:15.348+0530][468.655s] GC(641) Skipped phase 3 of Reference Processing: no references
[2025-06-03T16:08:15.348+0530][468.655s] GC(641) Skipped phase 4 of Reference Processing: no references
[2025-06-03T16:08:15.349+0530][468.656s] GC(641) To-space exhausted
[2025-06-03T16:08:15.349+0530][468.656s] GC(641)   Pre Evacuate Collection Set: 0.1ms
[2025-06-03T16:08:15.349+0530][468.656s] GC(641)   Merge Heap Roots: 0.0ms
[2025-06-03T16:08:15.349+0530][468.656s] GC(641)   Evacuate Collection Set: 0.5ms
[2025-06-03T16:08:15.349+0530][468.656s] GC(641)   Post Evacuate Collection Set: 0.8ms
[2025-06-03T16:08:15.349+0530][468.656s] GC(641)   Other: 0.2ms
[2025-06-03T16:08:15.349+0530][468.656s] GC(641) Eden regions: 1->0(25)
[2025-06-03T16:08:15.349+0530][468.656s] GC(641) Survivor regions: 0->0(0)
[2025-06-03T16:08:15.349+0530][468.656s] GC(641) Old regions: 509->510
[2025-06-03T16:08:15.349+0530][468.656s] GC(641) Archive regions: 2->2
[2025-06-03T16:08:15.349+0530][468.656s] GC(641) Humongous regions: 0->0
[2025-06-03T16:08:15.349+0530][468.656s] GC(641) Metaspace: 20358K(21056K)->20358K(21056K) NonClass: 17836K(18240K)->17836K(18240K) Class: 2522K(2816K)->2522K(2816K)
[2025-06-03T16:08:15.349+0530][468.656s] GC(641) Pause Young (Normal) (G1 Evacuation Pause) 509M->509M(512M) 1.772ms
[2025-06-03T16:08:15.349+0530][468.656s] GC(641) User=0.00s Sys=0.00s Real=0.00s
[2025-06-03T16:08:15.349+0530][468.656s] Attempting full compaction
[2025-06-03T16:08:15.349+0530][468.656s] GC(642) Using 8 workers of 8 for full compaction
[2025-06-03T16:08:15.349+0530][468.656s] GC(642) Pause Full (G1 Compaction Pause)
[2025-06-03T16:08:15.349+0530][468.656s] GC(642) Phase 1: Mark live objects
[2025-06-03T16:08:16.285+0530][469.592s] GC(642) ReferenceProcessor::execute queues: 8, RefProcThreadModel::Multi, marks_oops_alive: true
[2025-06-03T16:08:16.285+0530][469.592s] GC(642) ReferenceProcessor::execute queues: 2, RefProcThreadModel::Multi, marks_oops_alive: false
[2025-06-03T16:08:16.285+0530][469.592s] GC(642) Skipped phase 3 of Reference Processing: no references
[2025-06-03T16:08:16.286+0530][469.592s] GC(642) ReferenceProcessor::execute queues: 1, RefProcThreadModel::Single, marks_oops_alive: false
[2025-06-03T16:08:16.287+0530][469.594s] GC(642) Phase 1: Mark live objects 937.216ms
[2025-06-03T16:08:16.287+0530][469.594s] GC(642) Phase 2: Prepare for compaction
[2025-06-03T16:08:16.287+0530][469.594s] GC(642) Phase 2: Prepare for compaction 0.731ms
[2025-06-03T16:08:16.287+0530][469.594s] GC(642) Phase 3: Adjust pointers
[2025-06-03T16:08:16.344+0530][469.651s] GC(642) Phase 3: Adjust pointers 56.903ms
[2025-06-03T16:08:16.344+0530][469.651s] GC(642) Phase 4: Compact heap
[2025-06-03T16:08:16.345+0530][469.652s] GC(642) Phase 4: Compact heap 0.645ms
[2025-06-03T16:08:16.348+0530][469.655s] GC(642) Eden regions: 0->0(25)
[2025-06-03T16:08:16.348+0530][469.655s] GC(642) Survivor regions: 0->0(0)
[2025-06-03T16:08:16.349+0530][469.655s] GC(642) Old regions: 510->509
[2025-06-03T16:08:16.349+0530][469.655s] GC(642) Archive regions: 2->2
[2025-06-03T16:08:16.349+0530][469.656s] GC(642) Humongous regions: 0->0
[2025-06-03T16:08:16.349+0530][469.656s] GC(642) Metaspace: 20358K(21056K)->20358K(21056K) NonClass: 17836K(18240K)->17836K(18240K) Class: 2522K(2816K)->2522K(2816K)
[2025-06-03T16:08:16.349+0530][469.656s] GC(642) Pause Full (G1 Compaction Pause) 509M->508M(512M) 999.166ms
[2025-06-03T16:08:16.349+0530][469.656s] GC(642) User=2.29s Sys=0.08s Real=1.00s
[2025-06-03T16:08:16.390+0530][469.697s] GC(643) Pause Young (Concurrent Start) (G1 Evacuation Pause)
[2025-06-03T16:08:16.390+0530][469.697s] GC(643) Using 8 workers of 8 for evacuation
[2025-06-03T16:08:16.391+0530][469.698s] GC(643) Skipped phase 1 of Reference Processing: no references
[2025-06-03T16:08:16.391+0530][469.698s] GC(643) Skipped phase 2 of Reference Processing: no references
[2025-06-03T16:08:16.391+0530][469.698s] GC(643) Skipped phase 3 of Reference Processing: no references
[2025-06-03T16:08:16.391+0530][469.698s] GC(643) Skipped phase 4 of Reference Processing: no references
[2025-06-03T16:08:16.391+0530][469.698s] GC(643) To-space exhausted
[2025-06-03T16:08:16.391+0530][469.698s] GC(643)   Pre Evacuate Collection Set: 0.1ms
[2025-06-03T16:08:16.391+0530][469.698s] GC(643)   Merge Heap Roots: 0.0ms
[2025-06-03T16:08:16.391+0530][469.698s] GC(643)   Evacuate Collection Set: 0.7ms
[2025-06-03T16:08:16.391+0530][469.698s] GC(643)   Post Evacuate Collection Set: 0.7ms
[2025-06-03T16:08:16.391+0530][469.698s] GC(643)   Other: 0.3ms
[2025-06-03T16:08:16.391+0530][469.698s] GC(643) Eden regions: 1->0(25)
[2025-06-03T16:08:16.391+0530][469.698s] GC(643) Survivor regions: 0->0(0)
[2025-06-03T16:08:16.392+0530][469.698s] GC(643) Old regions: 509->510
[2025-06-03T16:08:16.392+0530][469.699s] GC(643) Archive regions: 2->2
[2025-06-03T16:08:16.392+0530][469.699s] GC(643) Humongous regions: 0->0
[2025-06-03T16:08:16.392+0530][469.699s] GC(643) Metaspace: 20378K(21056K)->20378K(21056K) NonClass: 17852K(18240K)->17852K(18240K) Class: 2525K(2816K)->2525K(2816K)
[2025-06-03T16:08:16.392+0530][469.699s] GC(643) Pause Young (Concurrent Start) (G1 Evacuation Pause) 509M->509M(512M) 2.024ms
[2025-06-03T16:08:16.392+0530][469.699s] GC(643) User=0.01s Sys=0.00s Real=0.00s
[2025-06-03T16:08:16.392+0530][469.699s] Attempting full compaction
[2025-06-03T16:08:16.392+0530][469.699s] GC(644) Concurrent Mark Cycle
[2025-06-03T16:08:16.392+0530][469.699s] GC(645) Using 8 workers of 8 for full compaction
[2025-06-03T16:08:16.392+0530][469.699s] GC(644) Concurrent Clear Claimed Marks
[2025-06-03T16:08:16.392+0530][469.699s] GC(644) Concurrent Clear Claimed Marks 0.107ms
[2025-06-03T16:08:16.392+0530][469.699s] GC(644) Concurrent Scan Root Regions
[2025-06-03T16:08:16.392+0530][469.699s] GC(644) Concurrent Scan Root Regions 0.012ms
[2025-06-03T16:08:16.392+0530][469.699s] GC(644) Concurrent Mark
[2025-06-03T16:08:16.392+0530][469.699s] GC(645) Pause Full (G1 Compaction Pause)
[2025-06-03T16:08:16.392+0530][469.699s] GC(644) Concurrent Mark From Roots
[2025-06-03T16:08:16.392+0530][469.699s] GC(644) Using 2 workers of 2 for marking
[2025-06-03T16:08:16.392+0530][469.699s] GC(645) Phase 1: Mark live objects
[2025-06-03T16:08:17.356+0530][470.663s] GC(645) ReferenceProcessor::execute queues: 8, RefProcThreadModel::Multi, marks_oops_alive: true
[2025-06-03T16:08:17.356+0530][470.663s] GC(645) ReferenceProcessor::execute queues: 2, RefProcThreadModel::Multi, marks_oops_alive: false
[2025-06-03T16:08:17.356+0530][470.663s] GC(645) Skipped phase 3 of Reference Processing: no references
[2025-06-03T16:08:17.356+0530][470.663s] GC(645) ReferenceProcessor::execute queues: 1, RefProcThreadModel::Single, marks_oops_alive: false
[2025-06-03T16:08:17.357+0530][470.664s] GC(645) Phase 1: Mark live objects 964.653ms
[2025-06-03T16:08:17.357+0530][470.664s] GC(645) Phase 2: Prepare for compaction
[2025-06-03T16:08:17.358+0530][470.665s] GC(645) Phase 2: Prepare for compaction 0.747ms
[2025-06-03T16:08:17.358+0530][470.665s] GC(645) Phase 3: Adjust pointers
[2025-06-03T16:08:17.418+0530][470.725s] GC(645) Phase 3: Adjust pointers 59.781ms
[2025-06-03T16:08:17.418+0530][470.725s] GC(645) Phase 4: Compact heap
[2025-06-03T16:08:17.418+0530][470.725s] GC(645) Phase 4: Compact heap 0.546ms
[2025-06-03T16:08:17.423+0530][470.730s] GC(645) Eden regions: 0->0(25)
[2025-06-03T16:08:17.423+0530][470.730s] GC(645) Survivor regions: 0->0(0)
[2025-06-03T16:08:17.423+0530][470.730s] GC(645) Old regions: 510->508
[2025-06-03T16:08:17.423+0530][470.730s] GC(645) Archive regions: 2->2
[2025-06-03T16:08:17.423+0530][470.730s] GC(645) Humongous regions: 0->0
[2025-06-03T16:08:17.423+0530][470.730s] GC(645) Metaspace: 20378K(21056K)->20378K(21056K) NonClass: 17852K(18240K)->17852K(18240K) Class: 2525K(2816K)->2525K(2816K)
[2025-06-03T16:08:17.423+0530][470.730s] GC(645) Pause Full (G1 Compaction Pause) 509M->508M(512M) 1030.930ms
[2025-06-03T16:08:17.423+0530][470.730s] GC(645) User=2.32s Sys=0.10s Real=1.03s
[2025-06-03T16:08:17.423+0530][470.730s] GC(644) Concurrent Mark From Roots 1031.393ms
[2025-06-03T16:08:17.423+0530][470.730s] GC(644) Concurrent Mark Abort
[2025-06-03T16:08:17.423+0530][470.730s] GC(644) Concurrent Mark Cycle 1031.655ms
[2025-06-03T16:08:17.498+0530][470.805s] GC(646) Pause Young (Normal) (G1 Evacuation Pause)
[2025-06-03T16:08:17.498+0530][470.805s] GC(646) Using 8 workers of 8 for evacuation
[2025-06-03T16:08:17.499+0530][470.806s] GC(646) Skipped phase 1 of Reference Processing: no references
[2025-06-03T16:08:17.499+0530][470.806s] GC(646) ReferenceProcessor::execute queues: 1, RefProcThreadModel::Single, marks_oops_alive: false
[2025-06-03T16:08:17.499+0530][470.806s] GC(646) Skipped phase 3 of Reference Processing: no references
[2025-06-03T16:08:17.499+0530][470.806s] GC(646) Skipped phase 4 of Reference Processing: no references
[2025-06-03T16:08:17.499+0530][470.806s] GC(646) To-space exhausted
[2025-06-03T16:08:17.500+0530][470.806s] GC(646)   Pre Evacuate Collection Set: 0.1ms
[2025-06-03T16:08:17.500+0530][470.807s] GC(646)   Merge Heap Roots: 0.0ms
[2025-06-03T16:08:17.500+0530][470.807s] GC(646)   Evacuate Collection Set: 0.4ms
[2025-06-03T16:08:17.500+0530][470.807s] GC(646)   Post Evacuate Collection Set: 0.7ms
[2025-06-03T16:08:17.500+0530][470.807s] GC(646)   Other: 0.2ms
[2025-06-03T16:08:17.500+0530][470.807s] GC(646) Eden regions: 2->0(25)
[2025-06-03T16:08:17.500+0530][470.807s] GC(646) Survivor regions: 0->0(0)
[2025-06-03T16:08:17.500+0530][470.807s] GC(646) Old regions: 508->510
[2025-06-03T16:08:17.500+0530][470.807s] GC(646) Archive regions: 2->2
[2025-06-03T16:08:17.500+0530][470.807s] GC(646) Humongous regions: 0->0
[2025-06-03T16:08:17.500+0530][470.807s] GC(646) Metaspace: 20378K(21056K)->20378K(21056K) NonClass: 17852K(18240K)->17852K(18240K) Class: 2525K(2816K)->2525K(2816K)
[2025-06-03T16:08:17.500+0530][470.807s] GC(646) Pause Young (Normal) (G1 Evacuation Pause) 510M->510M(512M) 1.664ms
[2025-06-03T16:08:17.500+0530][470.807s] GC(646) User=0.01s Sys=0.00s Real=0.01s
[2025-06-03T16:08:17.500+0530][470.807s] Attempting full compaction
[2025-06-03T16:08:17.500+0530][470.807s] GC(647) Using 8 workers of 8 for full compaction
[2025-06-03T16:08:17.500+0530][470.807s] GC(647) Pause Full (G1 Compaction Pause)
[2025-06-03T16:08:17.500+0530][470.807s] GC(647) Phase 1: Mark live objects
[2025-06-03T16:08:18.454+0530][471.761s] GC(647) ReferenceProcessor::execute queues: 8, RefProcThreadModel::Multi, marks_oops_alive: true
[2025-06-03T16:08:18.454+0530][471.761s] GC(647) ReferenceProcessor::execute queues: 2, RefProcThreadModel::Multi, marks_oops_alive: false
[2025-06-03T16:08:18.454+0530][471.761s] GC(647) Skipped phase 3 of Reference Processing: no references
[2025-06-03T16:08:18.454+0530][471.761s] GC(647) ReferenceProcessor::execute queues: 1, RefProcThreadModel::Single, marks_oops_alive: false
[2025-06-03T16:08:18.455+0530][471.762s] GC(647) Phase 1: Mark live objects 954.952ms
[2025-06-03T16:08:18.455+0530][471.762s] GC(647) Phase 2: Prepare for compaction
[2025-06-03T16:08:18.457+0530][471.764s] GC(647) Phase 2: Prepare for compaction 2.017ms
[2025-06-03T16:08:18.457+0530][471.764s] GC(647) Phase 3: Adjust pointers
[2025-06-03T16:08:18.522+0530][471.829s] GC(647) Phase 3: Adjust pointers 64.515ms
[2025-06-03T16:08:18.522+0530][471.829s] GC(647) Phase 4: Compact heap
[2025-06-03T16:08:18.524+0530][471.831s] GC(647) Phase 4: Compact heap 1.750ms
[2025-06-03T16:08:18.527+0530][471.834s] GC(647) Eden regions: 0->0(25)
[2025-06-03T16:08:18.527+0530][471.834s] GC(647) Survivor regions: 0->0(0)
[2025-06-03T16:08:18.527+0530][471.834s] GC(647) Old regions: 510->508
[2025-06-03T16:08:18.527+0530][471.834s] GC(647) Archive regions: 2->2
[2025-06-03T16:08:18.527+0530][471.834s] GC(647) Humongous regions: 0->0
[2025-06-03T16:08:18.527+0530][471.834s] GC(647) Metaspace: 20378K(21056K)->20378K(21056K) NonClass: 17852K(18240K)->17852K(18240K) Class: 2525K(2816K)->2525K(2816K)
[2025-06-03T16:08:18.527+0530][471.834s] GC(647) Pause Full (G1 Compaction Pause) 510M->508M(512M) 1027.169ms
[2025-06-03T16:08:18.528+0530][471.835s] GC(647) User=2.34s Sys=0.10s Real=1.02s
[2025-06-03T16:08:18.643+0530][471.950s] GC(648) Pause Young (Concurrent Start) (G1 Evacuation Pause)
[2025-06-03T16:08:18.643+0530][471.950s] GC(648) Using 8 workers of 8 for evacuation
[2025-06-03T16:08:18.644+0530][471.951s] GC(648) Skipped phase 1 of Reference Processing: no references
[2025-06-03T16:08:18.644+0530][471.951s] GC(648) ReferenceProcessor::execute queues: 1, RefProcThreadModel::Single, marks_oops_alive: false
[2025-06-03T16:08:18.644+0530][471.951s] GC(648) Skipped phase 3 of Reference Processing: no references
[2025-06-03T16:08:18.644+0530][471.951s] GC(648) Skipped phase 4 of Reference Processing: no references
[2025-06-03T16:08:18.645+0530][471.952s] GC(648) To-space exhausted
[2025-06-03T16:08:18.645+0530][471.952s] GC(648)   Pre Evacuate Collection Set: 0.1ms
[2025-06-03T16:08:18.645+0530][471.952s] GC(648)   Merge Heap Roots: 0.1ms
[2025-06-03T16:08:18.645+0530][471.952s] GC(648)   Evacuate Collection Set: 0.9ms
[2025-06-03T16:08:18.645+0530][471.952s] GC(648)   Post Evacuate Collection Set: 0.9ms
[2025-06-03T16:08:18.645+0530][471.952s] GC(648)   Other: 0.3ms
[2025-06-03T16:08:18.645+0530][471.952s] GC(648) Eden regions: 2->0(25)
[2025-06-03T16:08:18.645+0530][471.952s] GC(648) Survivor regions: 0->0(0)
[2025-06-03T16:08:18.645+0530][471.952s] GC(648) Old regions: 508->510
[2025-06-03T16:08:18.645+0530][471.952s] GC(648) Archive regions: 2->2
[2025-06-03T16:08:18.645+0530][471.952s] GC(648) Humongous regions: 0->0
[2025-06-03T16:08:18.645+0530][471.952s] GC(648) Metaspace: 20378K(21056K)->20378K(21056K) NonClass: 17852K(18240K)->17852K(18240K) Class: 2525K(2816K)->2525K(2816K)
[2025-06-03T16:08:18.645+0530][471.952s] GC(648) Pause Young (Concurrent Start) (G1 Evacuation Pause) 510M->510M(512M) 2.546ms
[2025-06-03T16:08:18.645+0530][471.952s] GC(648) User=0.01s Sys=0.00s Real=0.00s
[2025-06-03T16:08:18.645+0530][471.952s] Attempting full compaction
[2025-06-03T16:08:18.645+0530][471.952s] GC(650) Concurrent Mark Cycle
[2025-06-03T16:08:18.645+0530][471.952s] GC(649) Using 8 workers of 8 for full compaction
[2025-06-03T16:08:18.645+0530][471.952s] GC(650) Concurrent Clear Claimed Marks
[2025-06-03T16:08:18.645+0530][471.952s] GC(650) Concurrent Clear Claimed Marks 0.098ms
[2025-06-03T16:08:18.645+0530][471.952s] GC(650) Concurrent Scan Root Regions
[2025-06-03T16:08:18.645+0530][471.952s] GC(650) Concurrent Scan Root Regions 0.017ms
[2025-06-03T16:08:18.645+0530][471.952s] GC(650) Concurrent Mark
[2025-06-03T16:08:18.645+0530][471.952s] GC(649) Pause Full (G1 Compaction Pause)
[2025-06-03T16:08:18.645+0530][471.952s] GC(650) Concurrent Mark From Roots
[2025-06-03T16:08:18.646+0530][471.953s] GC(650) Using 2 workers of 2 for marking
[2025-06-03T16:08:18.646+0530][471.953s] GC(649) Phase 1: Mark live objects
[2025-06-03T16:08:19.554+0530][472.861s] GC(649) ReferenceProcessor::execute queues: 8, RefProcThreadModel::Multi, marks_oops_alive: true
[2025-06-03T16:08:19.555+0530][472.862s] GC(649) ReferenceProcessor::execute queues: 2, RefProcThreadModel::Multi, marks_oops_alive: false
[2025-06-03T16:08:19.555+0530][472.862s] GC(649) Skipped phase 3 of Reference Processing: no references
[2025-06-03T16:08:19.555+0530][472.862s] GC(649) ReferenceProcessor::execute queues: 1, RefProcThreadModel::Single, marks_oops_alive: false
[2025-06-03T16:08:19.556+0530][472.863s] GC(649) Phase 1: Mark live objects 909.760ms
[2025-06-03T16:08:19.556+0530][472.863s] GC(649) Phase 2: Prepare for compaction
[2025-06-03T16:08:19.556+0530][472.863s] GC(649) Phase 2: Prepare for compaction 0.422ms
[2025-06-03T16:08:19.556+0530][472.863s] GC(649) Phase 3: Adjust pointers
[2025-06-03T16:08:19.613+0530][472.920s] GC(649) Phase 3: Adjust pointers 56.966ms
[2025-06-03T16:08:19.613+0530][472.921s] GC(649) Phase 4: Compact heap
[2025-06-03T16:08:19.614+0530][472.921s] GC(649) Phase 4: Compact heap 0.217ms
[2025-06-03T16:08:19.617+0530][472.924s] GC(649) Eden regions: 0->0(25)
[2025-06-03T16:08:19.617+0530][472.924s] GC(649) Survivor regions: 0->0(0)
[2025-06-03T16:08:19.617+0530][472.924s] GC(649) Old regions: 510->508
[2025-06-03T16:08:19.617+0530][472.924s] GC(649) Archive regions: 2->2
[2025-06-03T16:08:19.617+0530][472.924s] GC(649) Humongous regions: 0->0
[2025-06-03T16:08:19.617+0530][472.924s] GC(649) Metaspace: 20378K(21056K)->20378K(21056K) NonClass: 17852K(18240K)->17852K(18240K) Class: 2525K(2816K)->2525K(2816K)
[2025-06-03T16:08:19.617+0530][472.924s] GC(649) Pause Full (G1 Compaction Pause) 510M->508M(512M) 971.598ms
[2025-06-03T16:08:19.617+0530][472.924s] GC(649) User=2.23s Sys=0.09s Real=0.97s
[2025-06-03T16:08:19.617+0530][472.924s] GC(650) Concurrent Mark From Roots 972.078ms
[2025-06-03T16:08:19.618+0530][472.925s] GC(650) Concurrent Mark Abort
[2025-06-03T16:08:19.618+0530][472.925s] GC(650) Concurrent Mark Cycle 972.428ms
[2025-06-03T16:08:19.702+0530][473.009s] GC(651) Pause Young (Normal) (G1 Evacuation Pause)
[2025-06-03T16:08:19.702+0530][473.009s] GC(651) Using 8 workers of 8 for evacuation
[2025-06-03T16:08:19.703+0530][473.010s] GC(651) Skipped phase 1 of Reference Processing: no references
[2025-06-03T16:08:19.703+0530][473.010s] GC(651) Skipped phase 2 of Reference Processing: no references
[2025-06-03T16:08:19.703+0530][473.010s] GC(651) Skipped phase 3 of Reference Processing: no references
[2025-06-03T16:08:19.703+0530][473.010s] GC(651) Skipped phase 4 of Reference Processing: no references
[2025-06-03T16:08:19.703+0530][473.010s] GC(651) To-space exhausted
[2025-06-03T16:08:19.703+0530][473.010s] GC(651)   Pre Evacuate Collection Set: 0.1ms
[2025-06-03T16:08:19.703+0530][473.010s] GC(651)   Merge Heap Roots: 0.0ms
[2025-06-03T16:08:19.703+0530][473.010s] GC(651)   Evacuate Collection Set: 0.5ms
[2025-06-03T16:08:19.703+0530][473.010s] GC(651)   Post Evacuate Collection Set: 0.6ms
[2025-06-03T16:08:19.703+0530][473.010s] GC(651)   Other: 0.2ms
[2025-06-03T16:08:19.703+0530][473.010s] GC(651) Eden regions: 2->0(25)
[2025-06-03T16:08:19.703+0530][473.010s] GC(651) Survivor regions: 0->0(0)
[2025-06-03T16:08:19.703+0530][473.010s] GC(651) Old regions: 508->510
[2025-06-03T16:08:19.703+0530][473.010s] GC(651) Archive regions: 2->2
[2025-06-03T16:08:19.703+0530][473.010s] GC(651) Humongous regions: 0->0
[2025-06-03T16:08:19.703+0530][473.010s] GC(651) Metaspace: 20378K(21056K)->20378K(21056K) NonClass: 17852K(18240K)->17852K(18240K) Class: 2525K(2816K)->2525K(2816K)
[2025-06-03T16:08:19.703+0530][473.010s] GC(651) Pause Young (Normal) (G1 Evacuation Pause) 510M->510M(512M) 1.559ms
[2025-06-03T16:08:19.703+0530][473.011s] GC(651) User=0.01s Sys=0.01s Real=0.00s
[2025-06-03T16:08:19.703+0530][473.011s] Attempting full compaction
[2025-06-03T16:08:19.704+0530][473.011s] GC(652) Using 8 workers of 8 for full compaction
[2025-06-03T16:08:19.704+0530][473.011s] GC(652) Pause Full (G1 Compaction Pause)
[2025-06-03T16:08:19.704+0530][473.011s] GC(652) Phase 1: Mark live objects
[2025-06-03T16:08:20.640+0530][473.948s] GC(652) ReferenceProcessor::execute queues: 8, RefProcThreadModel::Multi, marks_oops_alive: true
[2025-06-03T16:08:20.641+0530][473.948s] GC(652) ReferenceProcessor::execute queues: 2, RefProcThreadModel::Multi, marks_oops_alive: false
[2025-06-03T16:08:20.641+0530][473.948s] GC(652) Skipped phase 3 of Reference Processing: no references
[2025-06-03T16:08:20.641+0530][473.948s] GC(652) ReferenceProcessor::execute queues: 1, RefProcThreadModel::Single, marks_oops_alive: false
[2025-06-03T16:08:20.642+0530][473.949s] GC(652) Phase 1: Mark live objects 938.363ms
[2025-06-03T16:08:20.642+0530][473.949s] GC(652) Phase 2: Prepare for compaction
[2025-06-03T16:08:20.642+0530][473.949s] GC(652) Phase 2: Prepare for compaction 0.416ms
[2025-06-03T16:08:20.642+0530][473.949s] GC(652) Phase 3: Adjust pointers
[2025-06-03T16:08:20.699+0530][474.006s] GC(652) Phase 3: Adjust pointers 56.843ms
[2025-06-03T16:08:20.699+0530][474.006s] GC(652) Phase 4: Compact heap
[2025-06-03T16:08:20.700+0530][474.007s] GC(652) Phase 4: Compact heap 0.235ms
[2025-06-03T16:08:20.703+0530][474.010s] GC(652) Eden regions: 0->0(25)
[2025-06-03T16:08:20.703+0530][474.010s] GC(652) Survivor regions: 0->0(0)
[2025-06-03T16:08:20.703+0530][474.010s] GC(652) Old regions: 510->508
[2025-06-03T16:08:20.703+0530][474.010s] GC(652) Archive regions: 2->2
[2025-06-03T16:08:20.703+0530][474.010s] GC(652) Humongous regions: 0->0
[2025-06-03T16:08:20.703+0530][474.010s] GC(652) Metaspace: 20378K(21056K)->20378K(21056K) NonClass: 17852K(18240K)->17852K(18240K) Class: 2525K(2816K)->2525K(2816K)
[2025-06-03T16:08:20.703+0530][474.010s] GC(652) Pause Full (G1 Compaction Pause) 510M->508M(512M) 999.504ms
[2025-06-03T16:08:20.703+0530][474.010s] GC(652) User=2.27s Sys=0.09s Real=1.00s
[2025-06-03T16:08:20.789+0530][474.096s] GC(653) Pause Young (Concurrent Start) (G1 Evacuation Pause)
[2025-06-03T16:08:20.789+0530][474.096s] GC(653) Using 8 workers of 8 for evacuation
[2025-06-03T16:08:20.790+0530][474.097s] GC(653) Skipped phase 1 of Reference Processing: no references
[2025-06-03T16:08:20.790+0530][474.097s] GC(653) Skipped phase 2 of Reference Processing: no references
[2025-06-03T16:08:20.790+0530][474.097s] GC(653) Skipped phase 3 of Reference Processing: no references
[2025-06-03T16:08:20.790+0530][474.097s] GC(653) Skipped phase 4 of Reference Processing: no references
[2025-06-03T16:08:20.791+0530][474.098s] GC(653) To-space exhausted
[2025-06-03T16:08:20.791+0530][474.098s] GC(653)   Pre Evacuate Collection Set: 0.1ms
[2025-06-03T16:08:20.791+0530][474.098s] GC(653)   Merge Heap Roots: 0.0ms
[2025-06-03T16:08:20.791+0530][474.098s] GC(653)   Evacuate Collection Set: 0.7ms
[2025-06-03T16:08:20.791+0530][474.098s] GC(653)   Post Evacuate Collection Set: 1.1ms
[2025-06-03T16:08:20.791+0530][474.098s] GC(653)   Other: 0.3ms
[2025-06-03T16:08:20.791+0530][474.098s] GC(653) Eden regions: 2->0(25)
[2025-06-03T16:08:20.791+0530][474.098s] GC(653) Survivor regions: 0->0(0)
[2025-06-03T16:08:20.791+0530][474.098s] GC(653) Old regions: 508->510
[2025-06-03T16:08:20.791+0530][474.098s] GC(653) Archive regions: 2->2
[2025-06-03T16:08:20.791+0530][474.098s] GC(653) Humongous regions: 0->0
[2025-06-03T16:08:20.791+0530][474.098s] GC(653) Metaspace: 20380K(21056K)->20380K(21056K) NonClass: 17854K(18240K)->17854K(18240K) Class: 2526K(2816K)->2526K(2816K)
[2025-06-03T16:08:20.791+0530][474.098s] GC(653) Pause Young (Concurrent Start) (G1 Evacuation Pause) 510M->510M(512M) 2.357ms
[2025-06-03T16:08:20.791+0530][474.098s] GC(653) User=0.01s Sys=0.01s Real=0.01s
[2025-06-03T16:08:20.791+0530][474.098s] Attempting full compaction
[2025-06-03T16:08:20.791+0530][474.098s] GC(655) Concurrent Mark Cycle
[2025-06-03T16:08:20.791+0530][474.098s] GC(654) Using 8 workers of 8 for full compaction
[2025-06-03T16:08:20.791+0530][474.098s] GC(655) Concurrent Clear Claimed Marks
[2025-06-03T16:08:20.791+0530][474.099s] GC(654) Pause Full (G1 Compaction Pause)
[2025-06-03T16:08:20.792+0530][474.099s] GC(655) Concurrent Clear Claimed Marks 0.099ms
[2025-06-03T16:08:20.792+0530][474.099s] GC(655) Concurrent Scan Root Regions
[2025-06-03T16:08:20.792+0530][474.099s] GC(655) Concurrent Scan Root Regions 0.061ms
[2025-06-03T16:08:20.792+0530][474.099s] GC(655) Concurrent Mark
[2025-06-03T16:08:20.792+0530][474.099s] GC(655) Concurrent Mark From Roots
[2025-06-03T16:08:20.792+0530][474.099s] GC(655) Using 2 workers of 2 for marking
[2025-06-03T16:08:20.792+0530][474.099s] GC(654) Phase 1: Mark live objects
[2025-06-03T16:08:21.721+0530][475.028s] GC(654) ReferenceProcessor::execute queues: 8, RefProcThreadModel::Multi, marks_oops_alive: true
[2025-06-03T16:08:21.721+0530][475.028s] GC(654) ReferenceProcessor::execute queues: 2, RefProcThreadModel::Multi, marks_oops_alive: false
[2025-06-03T16:08:21.721+0530][475.029s] GC(654) Skipped phase 3 of Reference Processing: no references
[2025-06-03T16:08:21.722+0530][475.029s] GC(654) ReferenceProcessor::execute queues: 1, RefProcThreadModel::Single, marks_oops_alive: false
[2025-06-03T16:08:21.723+0530][475.030s] GC(654) Phase 1: Mark live objects 930.311ms
[2025-06-03T16:08:21.723+0530][475.030s] GC(654) Phase 2: Prepare for compaction
[2025-06-03T16:08:21.723+0530][475.030s] GC(654) Phase 2: Prepare for compaction 0.636ms
[2025-06-03T16:08:21.723+0530][475.030s] GC(654) Phase 3: Adjust pointers
[2025-06-03T16:08:21.787+0530][475.094s] GC(654) Phase 3: Adjust pointers 63.698ms
[2025-06-03T16:08:21.787+0530][475.094s] GC(654) Phase 4: Compact heap
[2025-06-03T16:08:21.787+0530][475.094s] GC(654) Phase 4: Compact heap 0.301ms
[2025-06-03T16:08:21.791+0530][475.098s] GC(654) Eden regions: 0->0(25)
[2025-06-03T16:08:21.791+0530][475.098s] GC(654) Survivor regions: 0->0(0)
[2025-06-03T16:08:21.791+0530][475.098s] GC(654) Old regions: 510->508
[2025-06-03T16:08:21.791+0530][475.098s] GC(654) Archive regions: 2->2
[2025-06-03T16:08:21.791+0530][475.098s] GC(654) Humongous regions: 0->0
[2025-06-03T16:08:21.791+0530][475.098s] GC(654) Metaspace: 20380K(21056K)->20380K(21056K) NonClass: 17854K(18240K)->17854K(18240K) Class: 2526K(2816K)->2526K(2816K)
[2025-06-03T16:08:21.791+0530][475.098s] GC(654) Pause Full (G1 Compaction Pause) 510M->508M(512M) 999.503ms
[2025-06-03T16:08:21.791+0530][475.098s] GC(654) User=2.29s Sys=0.09s Real=1.00s
[2025-06-03T16:08:21.791+0530][475.099s] GC(655) Concurrent Mark From Roots 999.655ms
[2025-06-03T16:08:21.792+0530][475.099s] GC(655) Concurrent Mark Abort
[2025-06-03T16:08:21.792+0530][475.099s] GC(655) Concurrent Mark Cycle 1000.200ms
[2025-06-03T16:08:21.892+0530][475.199s] GC(656) Pause Young (Normal) (G1 Evacuation Pause)
[2025-06-03T16:08:21.892+0530][475.199s] GC(656) Using 8 workers of 8 for evacuation
[2025-06-03T16:08:21.893+0530][475.200s] GC(656) Skipped phase 1 of Reference Processing: no references
[2025-06-03T16:08:21.893+0530][475.200s] GC(656) Skipped phase 2 of Reference Processing: no references
[2025-06-03T16:08:21.893+0530][475.200s] GC(656) Skipped phase 3 of Reference Processing: no references
[2025-06-03T16:08:21.893+0530][475.200s] GC(656) Skipped phase 4 of Reference Processing: no references
[2025-06-03T16:08:21.894+0530][475.201s] GC(656) To-space exhausted
[2025-06-03T16:08:21.894+0530][475.201s] GC(656)   Pre Evacuate Collection Set: 0.1ms
[2025-06-03T16:08:21.894+0530][475.201s] GC(656)   Merge Heap Roots: 0.1ms
[2025-06-03T16:08:21.894+0530][475.201s] GC(656)   Evacuate Collection Set: 0.6ms
[2025-06-03T16:08:21.894+0530][475.201s] GC(656)   Post Evacuate Collection Set: 0.9ms
[2025-06-03T16:08:21.894+0530][475.201s] GC(656)   Other: 0.4ms
[2025-06-03T16:08:21.894+0530][475.201s] GC(656) Eden regions: 2->0(25)
[2025-06-03T16:08:21.894+0530][475.201s] GC(656) Survivor regions: 0->0(0)
[2025-06-03T16:08:21.894+0530][475.201s] GC(656) Old regions: 508->510
[2025-06-03T16:08:21.894+0530][475.201s] GC(656) Archive regions: 2->2
[2025-06-03T16:08:21.894+0530][475.201s] GC(656) Humongous regions: 0->0
[2025-06-03T16:08:21.894+0530][475.201s] GC(656) Metaspace: 20380K(21056K)->20380K(21056K) NonClass: 17854K(18240K)->17854K(18240K) Class: 2526K(2816K)->2526K(2816K)
[2025-06-03T16:08:21.894+0530][475.201s] GC(656) Pause Young (Normal) (G1 Evacuation Pause) 510M->510M(512M) 2.230ms
[2025-06-03T16:08:21.894+0530][475.201s] GC(656) User=0.01s Sys=0.00s Real=0.00s
[2025-06-03T16:08:21.894+0530][475.201s] Attempting full compaction
[2025-06-03T16:08:21.894+0530][475.201s] GC(657) Using 8 workers of 8 for full compaction
[2025-06-03T16:08:21.894+0530][475.201s] GC(657) Pause Full (G1 Compaction Pause)
[2025-06-03T16:08:21.894+0530][475.201s] GC(657) Phase 1: Mark live objects
[2025-06-03T16:08:22.848+0530][476.155s] GC(657) ReferenceProcessor::execute queues: 8, RefProcThreadModel::Multi, marks_oops_alive: true
[2025-06-03T16:08:22.849+0530][476.156s] GC(657) ReferenceProcessor::execute queues: 2, RefProcThreadModel::Multi, marks_oops_alive: false
[2025-06-03T16:08:22.849+0530][476.156s] GC(657) Skipped phase 3 of Reference Processing: no references
[2025-06-03T16:08:22.849+0530][476.156s] GC(657) ReferenceProcessor::execute queues: 1, RefProcThreadModel::Single, marks_oops_alive: false
[2025-06-03T16:08:22.851+0530][476.158s] GC(657) Phase 1: Mark live objects 956.974ms
[2025-06-03T16:08:22.851+0530][476.158s] GC(657) Phase 2: Prepare for compaction
[2025-06-03T16:08:22.852+0530][476.159s] GC(657) Phase 2: Prepare for compaction 0.540ms
[2025-06-03T16:08:22.852+0530][476.159s] GC(657) Phase 3: Adjust pointers
[2025-06-03T16:08:22.914+0530][476.221s] GC(657) Phase 3: Adjust pointers 61.867ms
[2025-06-03T16:08:22.914+0530][476.221s] GC(657) Phase 4: Compact heap
[2025-06-03T16:08:22.914+0530][476.221s] GC(657) Phase 4: Compact heap 0.356ms
[2025-06-03T16:08:22.918+0530][476.225s] GC(657) Eden regions: 0->0(25)
[2025-06-03T16:08:22.918+0530][476.225s] GC(657) Survivor regions: 0->0(0)
[2025-06-03T16:08:22.918+0530][476.225s] GC(657) Old regions: 510->508
[2025-06-03T16:08:22.918+0530][476.225s] GC(657) Archive regions: 2->2
[2025-06-03T16:08:22.918+0530][476.225s] GC(657) Humongous regions: 0->0
[2025-06-03T16:08:22.918+0530][476.225s] GC(657) Metaspace: 20380K(21056K)->20358K(21056K) NonClass: 17854K(18240K)->17836K(18240K) Class: 2526K(2816K)->2522K(2816K)
[2025-06-03T16:08:22.918+0530][476.225s] GC(657) Pause Full (G1 Compaction Pause) 510M->508M(512M) 1024.215ms
[2025-06-03T16:08:22.919+0530][476.226s] GC(657) User=2.32s Sys=0.10s Real=1.02s
[2025-06-03T16:08:22.990+0530][476.297s] GC(658) Pause Young (Concurrent Start) (G1 Evacuation Pause)
[2025-06-03T16:08:22.990+0530][476.297s] GC(658) Using 8 workers of 8 for evacuation
[2025-06-03T16:08:22.991+0530][476.298s] GC(658) Skipped phase 1 of Reference Processing: no references
[2025-06-03T16:08:22.991+0530][476.298s] GC(658) ReferenceProcessor::execute queues: 1, RefProcThreadModel::Single, marks_oops_alive: false
[2025-06-03T16:08:22.991+0530][476.298s] GC(658) Skipped phase 3 of Reference Processing: no references
[2025-06-03T16:08:22.991+0530][476.298s] GC(658) Skipped phase 4 of Reference Processing: no references
[2025-06-03T16:08:22.992+0530][476.299s] GC(658) To-space exhausted
[2025-06-03T16:08:22.992+0530][476.299s] GC(658)   Pre Evacuate Collection Set: 0.1ms
[2025-06-03T16:08:22.992+0530][476.299s] GC(658)   Merge Heap Roots: 0.0ms
[2025-06-03T16:08:22.992+0530][476.299s] GC(658)   Evacuate Collection Set: 0.8ms
[2025-06-03T16:08:22.992+0530][476.299s] GC(658)   Post Evacuate Collection Set: 0.7ms
[2025-06-03T16:08:22.992+0530][476.299s] GC(658)   Other: 0.2ms
[2025-06-03T16:08:22.992+0530][476.299s] GC(658) Eden regions: 2->0(25)
[2025-06-03T16:08:22.992+0530][476.299s] GC(658) Survivor regions: 0->0(0)
[2025-06-03T16:08:22.992+0530][476.299s] GC(658) Old regions: 508->510
[2025-06-03T16:08:22.992+0530][476.299s] GC(658) Archive regions: 2->2
[2025-06-03T16:08:22.992+0530][476.299s] GC(658) Humongous regions: 0->0
[2025-06-03T16:08:22.992+0530][476.299s] GC(658) Metaspace: 20379K(21056K)->20379K(21056K) NonClass: 17854K(18240K)->17854K(18240K) Class: 2525K(2816K)->2525K(2816K)
[2025-06-03T16:08:22.992+0530][476.299s] GC(658) Pause Young (Concurrent Start) (G1 Evacuation Pause) 510M->510M(512M) 2.045ms
[2025-06-03T16:08:22.992+0530][476.299s] GC(658) User=0.01s Sys=0.00s Real=0.00s
[2025-06-03T16:08:22.992+0530][476.299s] Attempting full compaction
[2025-06-03T16:08:22.992+0530][476.299s] GC(660) Concurrent Mark Cycle
[2025-06-03T16:08:22.992+0530][476.299s] GC(659) Using 8 workers of 8 for full compaction
[2025-06-03T16:08:22.992+0530][476.299s] GC(660) Concurrent Clear Claimed Marks
[2025-06-03T16:08:22.992+0530][476.299s] GC(660) Concurrent Clear Claimed Marks 0.115ms
[2025-06-03T16:08:22.992+0530][476.299s] GC(660) Concurrent Scan Root Regions
[2025-06-03T16:08:22.992+0530][476.299s] GC(660) Concurrent Scan Root Regions 0.023ms
[2025-06-03T16:08:22.992+0530][476.299s] GC(660) Concurrent Mark
[2025-06-03T16:08:22.992+0530][476.299s] GC(659) Pause Full (G1 Compaction Pause)
[2025-06-03T16:08:22.992+0530][476.299s] GC(660) Concurrent Mark From Roots
[2025-06-03T16:08:22.992+0530][476.299s] GC(660) Using 2 workers of 2 for marking
[2025-06-03T16:08:22.993+0530][476.300s] GC(659) Phase 1: Mark live objects
[2025-06-03T16:08:23.954+0530][477.261s] GC(659) ReferenceProcessor::execute queues: 8, RefProcThreadModel::Multi, marks_oops_alive: true
[2025-06-03T16:08:23.954+0530][477.262s] GC(659) ReferenceProcessor::execute queues: 2, RefProcThreadModel::Multi, marks_oops_alive: false
[2025-06-03T16:08:23.955+0530][477.262s] GC(659) Skipped phase 3 of Reference Processing: no references
[2025-06-03T16:08:23.955+0530][477.262s] GC(659) ReferenceProcessor::execute queues: 1, RefProcThreadModel::Single, marks_oops_alive: false
[2025-06-03T16:08:23.956+0530][477.263s] GC(659) Phase 1: Mark live objects 963.105ms
[2025-06-03T16:08:23.956+0530][477.263s] GC(659) Phase 2: Prepare for compaction
[2025-06-03T16:08:23.956+0530][477.264s] GC(659) Phase 2: Prepare for compaction 0.573ms
[2025-06-03T16:08:23.956+0530][477.264s] GC(659) Phase 3: Adjust pointers
[2025-06-03T16:08:24.017+0530][477.324s] GC(659) Phase 3: Adjust pointers 60.775ms
[2025-06-03T16:08:24.017+0530][477.324s] GC(659) Phase 4: Compact heap
[2025-06-03T16:08:24.018+0530][477.325s] GC(659) Phase 4: Compact heap 0.311ms
[2025-06-03T16:08:24.021+0530][477.328s] GC(659) Eden regions: 0->0(25)
[2025-06-03T16:08:24.021+0530][477.328s] GC(659) Survivor regions: 0->0(0)
[2025-06-03T16:08:24.021+0530][477.328s] GC(659) Old regions: 510->508
[2025-06-03T16:08:24.021+0530][477.328s] GC(659) Archive regions: 2->2
[2025-06-03T16:08:24.021+0530][477.328s] GC(659) Humongous regions: 0->0
[2025-06-03T16:08:24.021+0530][477.328s] GC(659) Metaspace: 20379K(21056K)->20379K(21056K) NonClass: 17854K(18240K)->17854K(18240K) Class: 2525K(2816K)->2525K(2816K)
[2025-06-03T16:08:24.021+0530][477.328s] GC(659) Pause Full (G1 Compaction Pause) 510M->508M(512M) 1028.778ms
[2025-06-03T16:08:24.021+0530][477.328s] GC(659) User=2.32s Sys=0.10s Real=1.03s
[2025-06-03T16:08:24.021+0530][477.329s] GC(660) Concurrent Mark From Roots 1029.304ms
[2025-06-03T16:08:24.022+0530][477.329s] GC(660) Concurrent Mark Abort
[2025-06-03T16:08:24.022+0530][477.329s] GC(660) Concurrent Mark Cycle 1029.596ms
[2025-06-03T16:08:24.101+0530][477.408s] GC(661) Pause Young (Normal) (G1 Evacuation Pause)
[2025-06-03T16:08:24.101+0530][477.408s] GC(661) Using 8 workers of 8 for evacuation
[2025-06-03T16:08:24.102+0530][477.409s] GC(661) Skipped phase 1 of Reference Processing: no references
[2025-06-03T16:08:24.102+0530][477.409s] GC(661) Skipped phase 2 of Reference Processing: no references
[2025-06-03T16:08:24.102+0530][477.409s] GC(661) Skipped phase 3 of Reference Processing: no references
[2025-06-03T16:08:24.102+0530][477.409s] GC(661) Skipped phase 4 of Reference Processing: no references
[2025-06-03T16:08:24.103+0530][477.410s] GC(661) To-space exhausted
[2025-06-03T16:08:24.103+0530][477.410s] GC(661)   Pre Evacuate Collection Set: 0.1ms
[2025-06-03T16:08:24.103+0530][477.410s] GC(661)   Merge Heap Roots: 0.0ms
[2025-06-03T16:08:24.103+0530][477.410s] GC(661)   Evacuate Collection Set: 0.6ms
[2025-06-03T16:08:24.103+0530][477.410s] GC(661)   Post Evacuate Collection Set: 0.9ms
[2025-06-03T16:08:24.103+0530][477.410s] GC(661)   Other: 0.2ms
[2025-06-03T16:08:24.103+0530][477.410s] GC(661) Eden regions: 2->0(25)
[2025-06-03T16:08:24.103+0530][477.410s] GC(661) Survivor regions: 0->0(0)
[2025-06-03T16:08:24.103+0530][477.410s] GC(661) Old regions: 508->510
[2025-06-03T16:08:24.103+0530][477.410s] GC(661) Archive regions: 2->2
[2025-06-03T16:08:24.103+0530][477.410s] GC(661) Humongous regions: 0->0
[2025-06-03T16:08:24.103+0530][477.410s] GC(661) Metaspace: 20379K(21056K)->20379K(21056K) NonClass: 17854K(18240K)->17854K(18240K) Class: 2525K(2816K)->2525K(2816K)
[2025-06-03T16:08:24.103+0530][477.410s] GC(661) Pause Young (Normal) (G1 Evacuation Pause) 510M->510M(512M) 2.043ms
[2025-06-03T16:08:24.103+0530][477.410s] GC(661) User=0.01s Sys=0.00s Real=0.00s
[2025-06-03T16:08:24.103+0530][477.410s] Attempting full compaction
[2025-06-03T16:08:24.103+0530][477.410s] GC(662) Using 8 workers of 8 for full compaction
[2025-06-03T16:08:24.103+0530][477.411s] GC(662) Pause Full (G1 Compaction Pause)
[2025-06-03T16:08:24.104+0530][477.411s] GC(662) Phase 1: Mark live objects
[2025-06-03T16:08:25.093+0530][478.400s] GC(662) ReferenceProcessor::execute queues: 8, RefProcThreadModel::Multi, marks_oops_alive: true
[2025-06-03T16:08:25.093+0530][478.400s] GC(662) ReferenceProcessor::execute queues: 2, RefProcThreadModel::Multi, marks_oops_alive: false
[2025-06-03T16:08:25.093+0530][478.400s] GC(662) Skipped phase 3 of Reference Processing: no references
[2025-06-03T16:08:25.093+0530][478.400s] GC(662) ReferenceProcessor::execute queues: 1, RefProcThreadModel::Single, marks_oops_alive: false
[2025-06-03T16:08:25.094+0530][478.401s] GC(662) Phase 1: Mark live objects 990.696ms
[2025-06-03T16:08:25.094+0530][478.401s] GC(662) Phase 2: Prepare for compaction
[2025-06-03T16:08:25.095+0530][478.402s] GC(662) Phase 2: Prepare for compaction 0.514ms
[2025-06-03T16:08:25.095+0530][478.402s] GC(662) Phase 3: Adjust pointers
[2025-06-03T16:08:25.163+0530][478.470s] GC(662) Phase 3: Adjust pointers 67.901ms
[2025-06-03T16:08:25.163+0530][478.470s] GC(662) Phase 4: Compact heap
[2025-06-03T16:08:25.163+0530][478.470s] GC(662) Phase 4: Compact heap 0.375ms
[2025-06-03T16:08:25.167+0530][478.474s] GC(662) Eden regions: 0->0(25)
[2025-06-03T16:08:25.167+0530][478.475s] GC(662) Survivor regions: 0->0(0)
[2025-06-03T16:08:25.167+0530][478.475s] GC(662) Old regions: 510->508
[2025-06-03T16:08:25.167+0530][478.475s] GC(662) Archive regions: 2->2
[2025-06-03T16:08:25.167+0530][478.475s] GC(662) Humongous regions: 0->0
[2025-06-03T16:08:25.167+0530][478.475s] GC(662) Metaspace: 20379K(21056K)->20379K(21056K) NonClass: 17854K(18240K)->17854K(18240K) Class: 2525K(2816K)->2525K(2816K)
[2025-06-03T16:08:25.167+0530][478.475s] GC(662) Pause Full (G1 Compaction Pause) 510M->508M(512M) 1064.025ms
[2025-06-03T16:08:25.168+0530][478.475s] GC(662) User=2.41s Sys=0.10s Real=1.06s
[2025-06-03T16:08:25.203+0530][478.510s] GC(663) Pause Young (Concurrent Start) (G1 Evacuation Pause)
[2025-06-03T16:08:25.203+0530][478.510s] GC(663) Using 8 workers of 8 for evacuation
[2025-06-03T16:08:25.204+0530][478.511s] GC(663) Skipped phase 1 of Reference Processing: no references
[2025-06-03T16:08:25.204+0530][478.511s] GC(663) ReferenceProcessor::execute queues: 1, RefProcThreadModel::Single, marks_oops_alive: false
[2025-06-03T16:08:25.204+0530][478.511s] GC(663) Skipped phase 3 of Reference Processing: no references
[2025-06-03T16:08:25.204+0530][478.511s] GC(663) Skipped phase 4 of Reference Processing: no references
[2025-06-03T16:08:25.204+0530][478.511s] GC(663) To-space exhausted
[2025-06-03T16:08:25.204+0530][478.511s] GC(663)   Pre Evacuate Collection Set: 0.1ms
[2025-06-03T16:08:25.204+0530][478.511s] GC(663)   Merge Heap Roots: 0.0ms
[2025-06-03T16:08:25.204+0530][478.511s] GC(663)   Evacuate Collection Set: 0.6ms
[2025-06-03T16:08:25.204+0530][478.511s] GC(663)   Post Evacuate Collection Set: 0.6ms
[2025-06-03T16:08:25.204+0530][478.511s] GC(663)   Other: 0.2ms
[2025-06-03T16:08:25.204+0530][478.511s] GC(663) Eden regions: 2->0(25)
[2025-06-03T16:08:25.204+0530][478.511s] GC(663) Survivor regions: 0->0(0)
[2025-06-03T16:08:25.204+0530][478.511s] GC(663) Old regions: 508->510
[2025-06-03T16:08:25.204+0530][478.511s] GC(663) Archive regions: 2->2
[2025-06-03T16:08:25.204+0530][478.511s] GC(663) Humongous regions: 0->0
[2025-06-03T16:08:25.204+0530][478.511s] GC(663) Metaspace: 20379K(21056K)->20379K(21056K) NonClass: 17854K(18240K)->17854K(18240K) Class: 2525K(2816K)->2525K(2816K)
[2025-06-03T16:08:25.204+0530][478.511s] GC(663) Pause Young (Concurrent Start) (G1 Evacuation Pause) 510M->510M(512M) 1.610ms
[2025-06-03T16:08:25.204+0530][478.511s] GC(663) User=0.00s Sys=0.01s Real=0.00s
[2025-06-03T16:08:25.204+0530][478.511s] Attempting full compaction
[2025-06-03T16:08:25.204+0530][478.512s] GC(665) Concurrent Mark Cycle
[2025-06-03T16:08:25.204+0530][478.512s] GC(664) Using 8 workers of 8 for full compaction
[2025-06-03T16:08:25.204+0530][478.512s] GC(665) Concurrent Clear Claimed Marks
[2025-06-03T16:08:25.205+0530][478.512s] GC(665) Concurrent Clear Claimed Marks 0.077ms
[2025-06-03T16:08:25.205+0530][478.512s] GC(664) Pause Full (G1 Compaction Pause)
[2025-06-03T16:08:25.205+0530][478.512s] GC(665) Concurrent Scan Root Regions
[2025-06-03T16:08:25.205+0530][478.512s] GC(665) Concurrent Scan Root Regions 0.086ms
[2025-06-03T16:08:25.205+0530][478.512s] GC(665) Concurrent Mark
[2025-06-03T16:08:25.205+0530][478.512s] GC(665) Concurrent Mark From Roots
[2025-06-03T16:08:25.205+0530][478.512s] GC(665) Using 2 workers of 2 for marking
[2025-06-03T16:08:25.205+0530][478.512s] GC(664) Phase 1: Mark live objects
[2025-06-03T16:08:26.142+0530][479.449s] GC(664) ReferenceProcessor::execute queues: 8, RefProcThreadModel::Multi, marks_oops_alive: true
[2025-06-03T16:08:26.142+0530][479.450s] GC(664) ReferenceProcessor::execute queues: 2, RefProcThreadModel::Multi, marks_oops_alive: false
[2025-06-03T16:08:26.143+0530][479.450s] GC(664) Skipped phase 3 of Reference Processing: no references
[2025-06-03T16:08:26.143+0530][479.450s] GC(664) ReferenceProcessor::execute queues: 1, RefProcThreadModel::Single, marks_oops_alive: false
[2025-06-03T16:08:26.144+0530][479.451s] GC(664) Phase 1: Mark live objects 938.645ms
[2025-06-03T16:08:26.144+0530][479.451s] GC(664) Phase 2: Prepare for compaction
[2025-06-03T16:08:26.144+0530][479.451s] GC(664) Phase 2: Prepare for compaction 0.608ms
[2025-06-03T16:08:26.144+0530][479.451s] GC(664) Phase 3: Adjust pointers
[2025-06-03T16:08:26.211+0530][479.518s] GC(664) Phase 3: Adjust pointers 66.906ms
[2025-06-03T16:08:26.211+0530][479.518s] GC(664) Phase 4: Compact heap
[2025-06-03T16:08:26.212+0530][479.519s] GC(664) Phase 4: Compact heap 0.328ms
[2025-06-03T16:08:26.217+0530][479.524s] GC(664) Eden regions: 0->0(25)
[2025-06-03T16:08:26.217+0530][479.524s] GC(664) Survivor regions: 0->0(0)
[2025-06-03T16:08:26.217+0530][479.524s] GC(664) Old regions: 510->508
[2025-06-03T16:08:26.217+0530][479.524s] GC(664) Archive regions: 2->2
[2025-06-03T16:08:26.217+0530][479.524s] GC(664) Humongous regions: 0->0
[2025-06-03T16:08:26.217+0530][479.524s] GC(664) Metaspace: 20379K(21056K)->20379K(21056K) NonClass: 17854K(18240K)->17854K(18240K) Class: 2525K(2816K)->2525K(2816K)
[2025-06-03T16:08:26.217+0530][479.524s] GC(664) Pause Full (G1 Compaction Pause) 510M->508M(512M) 1012.357ms
[2025-06-03T16:08:26.217+0530][479.524s] GC(664) User=2.30s Sys=0.09s Real=1.01s
[2025-06-03T16:08:26.217+0530][479.524s] GC(665) Concurrent Mark From Roots 1012.577ms
[2025-06-03T16:08:26.217+0530][479.525s] GC(665) Concurrent Mark Abort
[2025-06-03T16:08:26.217+0530][479.525s] GC(665) Concurrent Mark Cycle 1013.033ms
[2025-06-03T16:08:26.252+0530][479.559s] GC(666) Pause Young (Normal) (G1 Evacuation Pause)
[2025-06-03T16:08:26.252+0530][479.560s] GC(666) Using 8 workers of 8 for evacuation
[2025-06-03T16:08:26.253+0530][479.560s] GC(666) Skipped phase 1 of Reference Processing: no references
[2025-06-03T16:08:26.253+0530][479.560s] GC(666) Skipped phase 2 of Reference Processing: no references
[2025-06-03T16:08:26.253+0530][479.560s] GC(666) Skipped phase 3 of Reference Processing: no references
[2025-06-03T16:08:26.253+0530][479.560s] GC(666) Skipped phase 4 of Reference Processing: no references
[2025-06-03T16:08:26.254+0530][479.561s] GC(666) To-space exhausted
[2025-06-03T16:08:26.254+0530][479.561s] GC(666)   Pre Evacuate Collection Set: 0.1ms
[2025-06-03T16:08:26.254+0530][479.561s] GC(666)   Merge Heap Roots: 0.1ms
[2025-06-03T16:08:26.254+0530][479.561s] GC(666)   Evacuate Collection Set: 0.4ms
[2025-06-03T16:08:26.254+0530][479.561s] GC(666)   Post Evacuate Collection Set: 0.6ms
[2025-06-03T16:08:26.254+0530][479.561s] GC(666)   Other: 0.2ms
[2025-06-03T16:08:26.254+0530][479.561s] GC(666) Eden regions: 2->0(25)
[2025-06-03T16:08:26.254+0530][479.561s] GC(666) Survivor regions: 0->0(0)
[2025-06-03T16:08:26.254+0530][479.561s] GC(666) Old regions: 508->510
[2025-06-03T16:08:26.254+0530][479.561s] GC(666) Archive regions: 2->2
[2025-06-03T16:08:26.254+0530][479.561s] GC(666) Humongous regions: 0->0
[2025-06-03T16:08:26.254+0530][479.561s] GC(666) Metaspace: 20379K(21056K)->20379K(21056K) NonClass: 17854K(18240K)->17854K(18240K) Class: 2525K(2816K)->2525K(2816K)
[2025-06-03T16:08:26.254+0530][479.561s] GC(666) Pause Young (Normal) (G1 Evacuation Pause) 510M->510M(512M) 1.551ms
[2025-06-03T16:08:26.254+0530][479.561s] GC(666) User=0.01s Sys=0.00s Real=0.00s
[2025-06-03T16:08:26.254+0530][479.561s] Attempting full compaction
[2025-06-03T16:08:26.254+0530][479.561s] GC(667) Using 8 workers of 8 for full compaction
[2025-06-03T16:08:26.254+0530][479.561s] GC(667) Pause Full (G1 Compaction Pause)
[2025-06-03T16:08:26.254+0530][479.561s] GC(667) Phase 1: Mark live objects
[2025-06-03T16:08:27.263+0530][480.570s] GC(667) ReferenceProcessor::execute queues: 8, RefProcThreadModel::Multi, marks_oops_alive: true
[2025-06-03T16:08:27.263+0530][480.570s] GC(667) ReferenceProcessor::execute queues: 2, RefProcThreadModel::Multi, marks_oops_alive: false
[2025-06-03T16:08:27.263+0530][480.570s] GC(667) Skipped phase 3 of Reference Processing: no references
[2025-06-03T16:08:27.263+0530][480.570s] GC(667) ReferenceProcessor::execute queues: 1, RefProcThreadModel::Single, marks_oops_alive: false
[2025-06-03T16:08:27.264+0530][480.571s] GC(667) Phase 1: Mark live objects 1009.746ms
[2025-06-03T16:08:27.264+0530][480.571s] GC(667) Phase 2: Prepare for compaction
[2025-06-03T16:08:27.264+0530][480.571s] GC(667) Phase 2: Prepare for compaction 0.471ms
[2025-06-03T16:08:27.264+0530][480.571s] GC(667) Phase 3: Adjust pointers
[2025-06-03T16:08:27.321+0530][480.628s] GC(667) Phase 3: Adjust pointers 56.832ms
[2025-06-03T16:08:27.321+0530][480.628s] GC(667) Phase 4: Compact heap
[2025-06-03T16:08:27.322+0530][480.629s] GC(667) Phase 4: Compact heap 0.263ms
[2025-06-03T16:08:27.325+0530][480.632s] GC(667) Eden regions: 0->0(25)
[2025-06-03T16:08:27.325+0530][480.632s] GC(667) Survivor regions: 0->0(0)
[2025-06-03T16:08:27.325+0530][480.632s] GC(667) Old regions: 510->508
[2025-06-03T16:08:27.325+0530][480.632s] GC(667) Archive regions: 2->2
[2025-06-03T16:08:27.325+0530][480.632s] GC(667) Humongous regions: 0->0
[2025-06-03T16:08:27.325+0530][480.632s] GC(667) Metaspace: 20379K(21056K)->20379K(21056K) NonClass: 17854K(18240K)->17854K(18240K) Class: 2525K(2816K)->2525K(2816K)
[2025-06-03T16:08:27.325+0530][480.632s] GC(667) Pause Full (G1 Compaction Pause) 510M->508M(512M) 1071.221ms
[2025-06-03T16:08:27.326+0530][480.633s] GC(667) User=2.36s Sys=0.11s Real=1.07s
[2025-06-03T16:08:27.398+0530][480.705s] GC(668) Pause Young (Concurrent Start) (G1 Evacuation Pause)
[2025-06-03T16:08:27.398+0530][480.705s] GC(668) Using 8 workers of 8 for evacuation
[2025-06-03T16:08:27.399+0530][480.706s] GC(668) Skipped phase 1 of Reference Processing: no references
[2025-06-03T16:08:27.399+0530][480.706s] GC(668) Skipped phase 2 of Reference Processing: no references
[2025-06-03T16:08:27.399+0530][480.707s] GC(668) Skipped phase 3 of Reference Processing: no references
[2025-06-03T16:08:27.399+0530][480.707s] GC(668) Skipped phase 4 of Reference Processing: no references
[2025-06-03T16:08:27.400+0530][480.707s] GC(668) To-space exhausted
[2025-06-03T16:08:27.400+0530][480.707s] GC(668)   Pre Evacuate Collection Set: 0.1ms
[2025-06-03T16:08:27.400+0530][480.707s] GC(668)   Merge Heap Roots: 0.1ms
[2025-06-03T16:08:27.400+0530][480.707s] GC(668)   Evacuate Collection Set: 0.7ms
[2025-06-03T16:08:27.400+0530][480.707s] GC(668)   Post Evacuate Collection Set: 0.9ms
[2025-06-03T16:08:27.400+0530][480.707s] GC(668)   Other: 0.3ms
[2025-06-03T16:08:27.400+0530][480.707s] GC(668) Eden regions: 2->0(25)
[2025-06-03T16:08:27.400+0530][480.708s] GC(668) Survivor regions: 0->0(0)
[2025-06-03T16:08:27.400+0530][480.708s] GC(668) Old regions: 508->510
[2025-06-03T16:08:27.400+0530][480.708s] GC(668) Archive regions: 2->2
[2025-06-03T16:08:27.400+0530][480.708s] GC(668) Humongous regions: 0->0
[2025-06-03T16:08:27.400+0530][480.708s] GC(668) Metaspace: 20379K(21056K)->20379K(21056K) NonClass: 17854K(18240K)->17854K(18240K) Class: 2525K(2816K)->2525K(2816K)
[2025-06-03T16:08:27.400+0530][480.708s] GC(668) Pause Young (Concurrent Start) (G1 Evacuation Pause) 510M->510M(512M) 2.235ms
[2025-06-03T16:08:27.401+0530][480.708s] GC(668) User=0.01s Sys=0.01s Real=0.01s
[2025-06-03T16:08:27.401+0530][480.708s] Attempting full compaction
[2025-06-03T16:08:27.401+0530][480.708s] GC(670) Concurrent Mark Cycle
[2025-06-03T16:08:27.401+0530][480.708s] GC(669) Using 8 workers of 8 for full compaction
[2025-06-03T16:08:27.401+0530][480.708s] GC(670) Concurrent Clear Claimed Marks
[2025-06-03T16:08:27.401+0530][480.708s] GC(669) Pause Full (G1 Compaction Pause)
[2025-06-03T16:08:27.401+0530][480.708s] GC(670) Concurrent Clear Claimed Marks 0.100ms
[2025-06-03T16:08:27.401+0530][480.708s] GC(670) Concurrent Scan Root Regions
[2025-06-03T16:08:27.401+0530][480.708s] GC(670) Concurrent Scan Root Regions 0.070ms
[2025-06-03T16:08:27.401+0530][480.708s] GC(670) Concurrent Mark
[2025-06-03T16:08:27.401+0530][480.708s] GC(670) Concurrent Mark From Roots
[2025-06-03T16:08:27.401+0530][480.708s] GC(670) Using 2 workers of 2 for marking
[2025-06-03T16:08:27.401+0530][480.709s] GC(669) Phase 1: Mark live objects
[2025-06-03T16:08:28.308+0530][481.615s] GC(669) ReferenceProcessor::execute queues: 8, RefProcThreadModel::Multi, marks_oops_alive: true
[2025-06-03T16:08:28.309+0530][481.616s] GC(669) ReferenceProcessor::execute queues: 2, RefProcThreadModel::Multi, marks_oops_alive: false
[2025-06-03T16:08:28.309+0530][481.616s] GC(669) Skipped phase 3 of Reference Processing: no references
[2025-06-03T16:08:28.309+0530][481.616s] GC(669) ReferenceProcessor::execute queues: 1, RefProcThreadModel::Single, marks_oops_alive: false
[2025-06-03T16:08:28.310+0530][481.617s] GC(669) Phase 1: Mark live objects 908.226ms
[2025-06-03T16:08:28.310+0530][481.617s] GC(669) Phase 2: Prepare for compaction
[2025-06-03T16:08:28.310+0530][481.618s] GC(669) Phase 2: Prepare for compaction 0.720ms
[2025-06-03T16:08:28.311+0530][481.618s] GC(669) Phase 3: Adjust pointers
[2025-06-03T16:08:28.367+0530][481.674s] GC(669) Phase 3: Adjust pointers 56.254ms
[2025-06-03T16:08:28.367+0530][481.674s] GC(669) Phase 4: Compact heap
[2025-06-03T16:08:28.367+0530][481.674s] GC(669) Phase 4: Compact heap 0.394ms
[2025-06-03T16:08:28.370+0530][481.678s] GC(669) Eden regions: 0->0(25)
[2025-06-03T16:08:28.370+0530][481.678s] GC(669) Survivor regions: 0->0(0)
[2025-06-03T16:08:28.370+0530][481.678s] GC(669) Old regions: 510->508
[2025-06-03T16:08:28.370+0530][481.678s] GC(669) Archive regions: 2->2
[2025-06-03T16:08:28.370+0530][481.678s] GC(669) Humongous regions: 0->0
[2025-06-03T16:08:28.370+0530][481.678s] GC(669) Metaspace: 20379K(21056K)->20379K(21056K) NonClass: 17854K(18240K)->17854K(18240K) Class: 2525K(2816K)->2525K(2816K)
[2025-06-03T16:08:28.371+0530][481.678s] GC(669) Pause Full (G1 Compaction Pause) 510M->508M(512M) 969.722ms
[2025-06-03T16:08:28.371+0530][481.678s] GC(669) User=2.23s Sys=0.08s Real=0.97s
[2025-06-03T16:08:28.371+0530][481.678s] GC(670) Concurrent Mark From Roots 969.886ms
[2025-06-03T16:08:28.371+0530][481.678s] GC(670) Concurrent Mark Abort
[2025-06-03T16:08:28.371+0530][481.678s] GC(670) Concurrent Mark Cycle 970.455ms
[2025-06-03T16:08:28.450+0530][481.757s] GC(671) Pause Young (Normal) (G1 Evacuation Pause)
[2025-06-03T16:08:28.450+0530][481.757s] GC(671) Using 8 workers of 8 for evacuation
[2025-06-03T16:08:28.451+0530][481.758s] GC(671) Skipped phase 1 of Reference Processing: no references
[2025-06-03T16:08:28.451+0530][481.758s] GC(671) Skipped phase 2 of Reference Processing: no references
[2025-06-03T16:08:28.451+0530][481.758s] GC(671) Skipped phase 3 of Reference Processing: no references
[2025-06-03T16:08:28.451+0530][481.758s] GC(671) Skipped phase 4 of Reference Processing: no references
[2025-06-03T16:08:28.452+0530][481.759s] GC(671) To-space exhausted
[2025-06-03T16:08:28.452+0530][481.759s] GC(671)   Pre Evacuate Collection Set: 0.1ms
[2025-06-03T16:08:28.452+0530][481.759s] GC(671)   Merge Heap Roots: 0.1ms
[2025-06-03T16:08:28.452+0530][481.759s] GC(671)   Evacuate Collection Set: 0.6ms
[2025-06-03T16:08:28.452+0530][481.759s] GC(671)   Post Evacuate Collection Set: 0.9ms
[2025-06-03T16:08:28.452+0530][481.759s] GC(671)   Other: 0.2ms
[2025-06-03T16:08:28.452+0530][481.759s] GC(671) Eden regions: 2->0(25)
[2025-06-03T16:08:28.452+0530][481.759s] GC(671) Survivor regions: 0->0(0)
[2025-06-03T16:08:28.452+0530][481.760s] GC(671) Old regions: 508->510
[2025-06-03T16:08:28.452+0530][481.760s] GC(671) Archive regions: 2->2
[2025-06-03T16:08:28.452+0530][481.760s] GC(671) Humongous regions: 0->0
[2025-06-03T16:08:28.452+0530][481.760s] GC(671) Metaspace: 20381K(21056K)->20381K(21056K) NonClass: 17855K(18240K)->17855K(18240K) Class: 2526K(2816K)->2526K(2816K)
[2025-06-03T16:08:28.452+0530][481.760s] GC(671) Pause Young (Normal) (G1 Evacuation Pause) 510M->510M(512M) 2.184ms
[2025-06-03T16:08:28.452+0530][481.760s] GC(671) User=0.00s Sys=0.00s Real=0.00s
[2025-06-03T16:08:28.452+0530][481.760s] Attempting full compaction
[2025-06-03T16:08:28.453+0530][481.760s] GC(672) Using 8 workers of 8 for full compaction
[2025-06-03T16:08:28.453+0530][481.760s] GC(672) Pause Full (G1 Compaction Pause)
[2025-06-03T16:08:28.453+0530][481.760s] GC(672) Phase 1: Mark live objects
[2025-06-03T16:08:29.340+0530][482.648s] GC(672) ReferenceProcessor::execute queues: 8, RefProcThreadModel::Multi, marks_oops_alive: true
[2025-06-03T16:08:29.341+0530][482.648s] GC(672) ReferenceProcessor::execute queues: 2, RefProcThreadModel::Multi, marks_oops_alive: false
[2025-06-03T16:08:29.341+0530][482.648s] GC(672) Skipped phase 3 of Reference Processing: no references
[2025-06-03T16:08:29.341+0530][482.648s] GC(672) ReferenceProcessor::execute queues: 1, RefProcThreadModel::Single, marks_oops_alive: false
[2025-06-03T16:08:29.342+0530][482.649s] GC(672) Phase 1: Mark live objects 889.402ms
[2025-06-03T16:08:29.342+0530][482.649s] GC(672) Phase 2: Prepare for compaction
[2025-06-03T16:08:29.343+0530][482.650s] GC(672) Phase 2: Prepare for compaction 0.542ms
[2025-06-03T16:08:29.343+0530][482.650s] GC(672) Phase 3: Adjust pointers
[2025-06-03T16:08:29.400+0530][482.707s] GC(672) Phase 3: Adjust pointers 56.875ms
[2025-06-03T16:08:29.400+0530][482.707s] GC(672) Phase 4: Compact heap
[2025-06-03T16:08:29.400+0530][482.707s] GC(672) Phase 4: Compact heap 0.354ms
[2025-06-03T16:08:29.403+0530][482.710s] GC(672) Eden regions: 0->0(25)
[2025-06-03T16:08:29.403+0530][482.710s] GC(672) Survivor regions: 0->0(0)
[2025-06-03T16:08:29.403+0530][482.710s] GC(672) Old regions: 510->508
[2025-06-03T16:08:29.403+0530][482.710s] GC(672) Archive regions: 2->2
[2025-06-03T16:08:29.403+0530][482.710s] GC(672) Humongous regions: 0->0
[2025-06-03T16:08:29.403+0530][482.710s] GC(672) Metaspace: 20381K(21056K)->20381K(21056K) NonClass: 17855K(18240K)->17855K(18240K) Class: 2526K(2816K)->2526K(2816K)
[2025-06-03T16:08:29.403+0530][482.711s] GC(672) Pause Full (G1 Compaction Pause) 510M->508M(512M) 950.765ms
[2025-06-03T16:08:29.404+0530][482.711s] GC(672) User=2.21s Sys=0.08s Real=0.95s
[2025-06-03T16:08:29.494+0530][482.801s] GC(673) Pause Young (Concurrent Start) (G1 Evacuation Pause)
[2025-06-03T16:08:29.494+0530][482.801s] GC(673) Using 8 workers of 8 for evacuation
[2025-06-03T16:08:29.496+0530][482.803s] GC(673) Skipped phase 1 of Reference Processing: no references
[2025-06-03T16:08:29.496+0530][482.803s] GC(673) Skipped phase 2 of Reference Processing: no references
[2025-06-03T16:08:29.496+0530][482.803s] GC(673) Skipped phase 3 of Reference Processing: no references
[2025-06-03T16:08:29.496+0530][482.803s] GC(673) Skipped phase 4 of Reference Processing: no references
[2025-06-03T16:08:29.497+0530][482.804s] GC(673) To-space exhausted
[2025-06-03T16:08:29.497+0530][482.804s] GC(673)   Pre Evacuate Collection Set: 0.2ms
[2025-06-03T16:08:29.497+0530][482.804s] GC(673)   Merge Heap Roots: 0.1ms
[2025-06-03T16:08:29.497+0530][482.804s] GC(673)   Evacuate Collection Set: 1.2ms
[2025-06-03T16:08:29.497+0530][482.804s] GC(673)   Post Evacuate Collection Set: 1.2ms
[2025-06-03T16:08:29.497+0530][482.804s] GC(673)   Other: 0.3ms
[2025-06-03T16:08:29.497+0530][482.804s] GC(673) Eden regions: 2->0(25)
[2025-06-03T16:08:29.497+0530][482.804s] GC(673) Survivor regions: 0->0(0)
[2025-06-03T16:08:29.497+0530][482.804s] GC(673) Old regions: 508->510
[2025-06-03T16:08:29.497+0530][482.804s] GC(673) Archive regions: 2->2
[2025-06-03T16:08:29.497+0530][482.804s] GC(673) Humongous regions: 0->0
[2025-06-03T16:08:29.497+0530][482.804s] GC(673) Metaspace: 20385K(21056K)->20385K(21056K) NonClass: 17858K(18240K)->17858K(18240K) Class: 2526K(2816K)->2526K(2816K)
[2025-06-03T16:08:29.497+0530][482.805s] GC(673) Pause Young (Concurrent Start) (G1 Evacuation Pause) 510M->510M(512M) 3.198ms
[2025-06-03T16:08:29.497+0530][482.805s] GC(673) User=0.00s Sys=0.00s Real=0.00s
[2025-06-03T16:08:29.497+0530][482.805s] Attempting full compaction
[2025-06-03T16:08:29.498+0530][482.805s] GC(674) Concurrent Mark Cycle
[2025-06-03T16:08:29.498+0530][482.805s] GC(675) Using 8 workers of 8 for full compaction
[2025-06-03T16:08:29.498+0530][482.805s] GC(674) Concurrent Clear Claimed Marks
[2025-06-03T16:08:29.498+0530][482.805s] GC(675) Pause Full (G1 Compaction Pause)
[2025-06-03T16:08:29.498+0530][482.805s] GC(674) Concurrent Clear Claimed Marks 0.114ms
[2025-06-03T16:08:29.498+0530][482.805s] GC(674) Concurrent Scan Root Regions
[2025-06-03T16:08:29.498+0530][482.805s] GC(674) Concurrent Scan Root Regions 0.018ms
[2025-06-03T16:08:29.498+0530][482.805s] GC(674) Concurrent Mark
[2025-06-03T16:08:29.498+0530][482.805s] GC(674) Concurrent Mark From Roots
[2025-06-03T16:08:29.498+0530][482.805s] GC(674) Using 2 workers of 2 for marking
[2025-06-03T16:08:29.498+0530][482.806s] GC(675) Phase 1: Mark live objects
[2025-06-03T16:08:30.390+0530][483.698s] GC(675) ReferenceProcessor::execute queues: 8, RefProcThreadModel::Multi, marks_oops_alive: true
[2025-06-03T16:08:30.391+0530][483.698s] GC(675) ReferenceProcessor::execute queues: 2, RefProcThreadModel::Multi, marks_oops_alive: false
[2025-06-03T16:08:30.391+0530][483.698s] GC(675) Skipped phase 3 of Reference Processing: no references
[2025-06-03T16:08:30.391+0530][483.698s] GC(675) ReferenceProcessor::execute queues: 1, RefProcThreadModel::Single, marks_oops_alive: false
[2025-06-03T16:08:30.392+0530][483.699s] GC(675) Phase 1: Mark live objects 893.405ms
[2025-06-03T16:08:30.392+0530][483.699s] GC(675) Phase 2: Prepare for compaction
[2025-06-03T16:08:30.393+0530][483.700s] GC(675) Phase 2: Prepare for compaction 0.794ms
[2025-06-03T16:08:30.393+0530][483.700s] GC(675) Phase 3: Adjust pointers
[2025-06-03T16:08:30.449+0530][483.756s] GC(675) Phase 3: Adjust pointers 56.267ms
[2025-06-03T16:08:30.449+0530][483.756s] GC(675) Phase 4: Compact heap
[2025-06-03T16:08:30.450+0530][483.757s] GC(675) Phase 4: Compact heap 0.519ms
[2025-06-03T16:08:30.453+0530][483.760s] GC(675) Eden regions: 0->0(25)
[2025-06-03T16:08:30.453+0530][483.760s] GC(675) Survivor regions: 0->0(0)
[2025-06-03T16:08:30.453+0530][483.760s] GC(675) Old regions: 510->508
[2025-06-03T16:08:30.453+0530][483.760s] GC(675) Archive regions: 2->2
[2025-06-03T16:08:30.453+0530][483.760s] GC(675) Humongous regions: 0->0
[2025-06-03T16:08:30.453+0530][483.760s] GC(675) Metaspace: 20385K(21056K)->20385K(21056K) NonClass: 17858K(18240K)->17858K(18240K) Class: 2526K(2816K)->2526K(2816K)
[2025-06-03T16:08:30.453+0530][483.760s] GC(675) Pause Full (G1 Compaction Pause) 510M->508M(512M) 955.211ms
[2025-06-03T16:08:30.453+0530][483.760s] GC(675) User=2.22s Sys=0.07s Real=0.96s
[2025-06-03T16:08:30.453+0530][483.760s] GC(674) Concurrent Mark From Roots 955.498ms
[2025-06-03T16:08:30.453+0530][483.761s] GC(674) Concurrent Mark Abort
[2025-06-03T16:08:30.453+0530][483.761s] GC(674) Concurrent Mark Cycle 955.865ms
[2025-06-03T16:08:30.552+0530][483.859s] GC(676) Pause Young (Normal) (G1 Evacuation Pause)
[2025-06-03T16:08:30.552+0530][483.859s] GC(676) Using 8 workers of 8 for evacuation
[2025-06-03T16:08:30.553+0530][483.860s] GC(676) Skipped phase 1 of Reference Processing: no references
[2025-06-03T16:08:30.553+0530][483.860s] GC(676) Skipped phase 2 of Reference Processing: no references
[2025-06-03T16:08:30.553+0530][483.860s] GC(676) Skipped phase 3 of Reference Processing: no references
[2025-06-03T16:08:30.553+0530][483.860s] GC(676) Skipped phase 4 of Reference Processing: no references
[2025-06-03T16:08:30.554+0530][483.861s] GC(676) To-space exhausted
[2025-06-03T16:08:30.554+0530][483.861s] GC(676)   Pre Evacuate Collection Set: 0.1ms
[2025-06-03T16:08:30.554+0530][483.861s] GC(676)   Merge Heap Roots: 0.0ms
[2025-06-03T16:08:30.554+0530][483.861s] GC(676)   Evacuate Collection Set: 0.5ms
[2025-06-03T16:08:30.554+0530][483.861s] GC(676)   Post Evacuate Collection Set: 1.0ms
[2025-06-03T16:08:30.554+0530][483.861s] GC(676)   Other: 0.2ms
[2025-06-03T16:08:30.554+0530][483.861s] GC(676) Eden regions: 2->0(25)
[2025-06-03T16:08:30.554+0530][483.861s] GC(676) Survivor regions: 0->0(0)
[2025-06-03T16:08:30.554+0530][483.861s] GC(676) Old regions: 508->510
[2025-06-03T16:08:30.554+0530][483.861s] GC(676) Archive regions: 2->2
[2025-06-03T16:08:30.554+0530][483.861s] GC(676) Humongous regions: 0->0
[2025-06-03T16:08:30.554+0530][483.861s] GC(676) Metaspace: 20385K(21056K)->20385K(21056K) NonClass: 17858K(18240K)->17858K(18240K) Class: 2526K(2816K)->2526K(2816K)
[2025-06-03T16:08:30.554+0530][483.861s] GC(676) Pause Young (Normal) (G1 Evacuation Pause) 510M->510M(512M) 2.028ms
[2025-06-03T16:08:30.554+0530][483.861s] GC(676) User=0.01s Sys=0.00s Real=0.00s
[2025-06-03T16:08:30.554+0530][483.861s] Attempting full compaction
[2025-06-03T16:08:30.554+0530][483.861s] GC(677) Using 8 workers of 8 for full compaction
[2025-06-03T16:08:30.554+0530][483.861s] GC(677) Pause Full (G1 Compaction Pause)
[2025-06-03T16:08:30.554+0530][483.861s] GC(677) Phase 1: Mark live objects
[2025-06-03T16:08:31.431+0530][484.738s] GC(677) ReferenceProcessor::execute queues: 8, RefProcThreadModel::Multi, marks_oops_alive: true
[2025-06-03T16:08:31.431+0530][484.738s] GC(677) ReferenceProcessor::execute queues: 2, RefProcThreadModel::Multi, marks_oops_alive: false
[2025-06-03T16:08:31.431+0530][484.738s] GC(677) Skipped phase 3 of Reference Processing: no references
[2025-06-03T16:08:31.431+0530][484.738s] GC(677) ReferenceProcessor::execute queues: 1, RefProcThreadModel::Single, marks_oops_alive: false
[2025-06-03T16:08:31.432+0530][484.740s] GC(677) Phase 1: Mark live objects 878.222ms
[2025-06-03T16:08:31.432+0530][484.740s] GC(677) Phase 2: Prepare for compaction
[2025-06-03T16:08:31.433+0530][484.740s] GC(677) Phase 2: Prepare for compaction 0.792ms
[2025-06-03T16:08:31.433+0530][484.740s] GC(677) Phase 3: Adjust pointers
[2025-06-03T16:08:31.490+0530][484.797s] GC(677) Phase 3: Adjust pointers 56.818ms
[2025-06-03T16:08:31.490+0530][484.797s] GC(677) Phase 4: Compact heap
[2025-06-03T16:08:31.490+0530][484.798s] GC(677) Phase 4: Compact heap 0.413ms
[2025-06-03T16:08:31.494+0530][484.802s] GC(677) Eden regions: 0->0(25)
[2025-06-03T16:08:31.494+0530][484.802s] GC(677) Survivor regions: 0->0(0)
[2025-06-03T16:08:31.494+0530][484.802s] GC(677) Old regions: 510->508
[2025-06-03T16:08:31.494+0530][484.802s] GC(677) Archive regions: 2->2
[2025-06-03T16:08:31.494+0530][484.802s] GC(677) Humongous regions: 0->0
[2025-06-03T16:08:31.494+0530][484.802s] GC(677) Metaspace: 20385K(21056K)->20385K(21056K) NonClass: 17858K(18240K)->17858K(18240K) Class: 2526K(2816K)->2526K(2816K)
[2025-06-03T16:08:31.495+0530][484.802s] GC(677) Pause Full (G1 Compaction Pause) 510M->508M(512M) 940.466ms
[2025-06-03T16:08:31.495+0530][484.802s] GC(677) User=2.18s Sys=0.07s Real=0.94s
[2025-06-03T16:08:31.592+0530][484.899s] GC(678) Pause Young (Concurrent Start) (G1 Evacuation Pause)
[2025-06-03T16:08:31.592+0530][484.899s] GC(678) Using 8 workers of 8 for evacuation
[2025-06-03T16:08:31.593+0530][484.900s] GC(678) Skipped phase 1 of Reference Processing: no references
[2025-06-03T16:08:31.593+0530][484.900s] GC(678) Skipped phase 2 of Reference Processing: no references
[2025-06-03T16:08:31.593+0530][484.900s] GC(678) Skipped phase 3 of Reference Processing: no references
[2025-06-03T16:08:31.593+0530][484.900s] GC(678) Skipped phase 4 of Reference Processing: no references
[2025-06-03T16:08:31.594+0530][484.901s] GC(678) To-space exhausted
[2025-06-03T16:08:31.594+0530][484.901s] GC(678)   Pre Evacuate Collection Set: 0.1ms
[2025-06-03T16:08:31.594+0530][484.901s] GC(678)   Merge Heap Roots: 0.1ms
[2025-06-03T16:08:31.594+0530][484.901s] GC(678)   Evacuate Collection Set: 0.8ms
[2025-06-03T16:08:31.594+0530][484.901s] GC(678)   Post Evacuate Collection Set: 1.0ms
[2025-06-03T16:08:31.594+0530][484.901s] GC(678)   Other: 0.4ms
[2025-06-03T16:08:31.594+0530][484.901s] GC(678) Eden regions: 2->0(25)
[2025-06-03T16:08:31.594+0530][484.901s] GC(678) Survivor regions: 0->0(0)
[2025-06-03T16:08:31.594+0530][484.901s] GC(678) Old regions: 508->510
[2025-06-03T16:08:31.594+0530][484.901s] GC(678) Archive regions: 2->2
[2025-06-03T16:08:31.594+0530][484.901s] GC(678) Humongous regions: 0->0
[2025-06-03T16:08:31.594+0530][484.901s] GC(678) Metaspace: 20385K(21056K)->20385K(21056K) NonClass: 17858K(18240K)->17858K(18240K) Class: 2526K(2816K)->2526K(2816K)
[2025-06-03T16:08:31.594+0530][484.901s] GC(678) Pause Young (Concurrent Start) (G1 Evacuation Pause) 510M->510M(512M) 2.469ms
[2025-06-03T16:08:31.594+0530][484.901s] GC(678) User=0.01s Sys=0.00s Real=0.00s
[2025-06-03T16:08:31.594+0530][484.901s] Attempting full compaction
[2025-06-03T16:08:31.594+0530][484.901s] GC(680) Concurrent Mark Cycle
[2025-06-03T16:08:31.594+0530][484.901s] GC(679) Using 8 workers of 8 for full compaction
[2025-06-03T16:08:31.594+0530][484.901s] GC(680) Concurrent Clear Claimed Marks
[2025-06-03T16:08:31.594+0530][484.902s] GC(679) Pause Full (G1 Compaction Pause)
[2025-06-03T16:08:31.594+0530][484.902s] GC(680) Concurrent Clear Claimed Marks 0.113ms
[2025-06-03T16:08:31.595+0530][484.902s] GC(680) Concurrent Scan Root Regions
[2025-06-03T16:08:31.595+0530][484.902s] GC(680) Concurrent Scan Root Regions 0.072ms
[2025-06-03T16:08:31.595+0530][484.902s] GC(680) Concurrent Mark
[2025-06-03T16:08:31.595+0530][484.902s] GC(680) Concurrent Mark From Roots
[2025-06-03T16:08:31.595+0530][484.902s] GC(680) Using 2 workers of 2 for marking
[2025-06-03T16:08:31.595+0530][484.902s] GC(679) Phase 1: Mark live objects
[2025-06-03T16:08:32.544+0530][485.851s] GC(679) ReferenceProcessor::execute queues: 8, RefProcThreadModel::Multi, marks_oops_alive: true
[2025-06-03T16:08:32.544+0530][485.852s] GC(679) ReferenceProcessor::execute queues: 2, RefProcThreadModel::Multi, marks_oops_alive: false
[2025-06-03T16:08:32.544+0530][485.852s] GC(679) Skipped phase 3 of Reference Processing: no references
[2025-06-03T16:08:32.544+0530][485.852s] GC(679) ReferenceProcessor::execute queues: 1, RefProcThreadModel::Single, marks_oops_alive: false
[2025-06-03T16:08:32.546+0530][485.853s] GC(679) Phase 1: Mark live objects 950.645ms
[2025-06-03T16:08:32.546+0530][485.853s] GC(679) Phase 2: Prepare for compaction
[2025-06-03T16:08:32.547+0530][485.854s] GC(679) Phase 2: Prepare for compaction 0.903ms
[2025-06-03T16:08:32.547+0530][485.854s] GC(679) Phase 3: Adjust pointers
[2025-06-03T16:08:32.606+0530][485.913s] GC(679) Phase 3: Adjust pointers 58.939ms
[2025-06-03T16:08:32.606+0530][485.913s] GC(679) Phase 4: Compact heap
[2025-06-03T16:08:32.606+0530][485.913s] GC(679) Phase 4: Compact heap 0.449ms
[2025-06-03T16:08:32.610+0530][485.917s] GC(679) Eden regions: 0->0(25)
[2025-06-03T16:08:32.610+0530][485.917s] GC(679) Survivor regions: 0->0(0)
[2025-06-03T16:08:32.610+0530][485.917s] GC(679) Old regions: 510->508
[2025-06-03T16:08:32.610+0530][485.917s] GC(679) Archive regions: 2->2
[2025-06-03T16:08:32.610+0530][485.917s] GC(679) Humongous regions: 0->0
[2025-06-03T16:08:32.610+0530][485.917s] GC(679) Metaspace: 20385K(21056K)->20385K(21056K) NonClass: 17858K(18240K)->17858K(18240K) Class: 2526K(2816K)->2526K(2816K)
[2025-06-03T16:08:32.610+0530][485.917s] GC(679) Pause Full (G1 Compaction Pause) 510M->508M(512M) 1015.513ms
[2025-06-03T16:08:32.610+0530][485.917s] GC(679) User=2.30s Sys=0.10s Real=1.02s
[2025-06-03T16:08:32.610+0530][485.917s] GC(680) Concurrent Mark From Roots 1015.423ms
[2025-06-03T16:08:32.610+0530][485.917s] GC(680) Concurrent Mark Abort
[2025-06-03T16:08:32.610+0530][485.917s] GC(680) Concurrent Mark Cycle 1016.007ms
[2025-06-03T16:08:32.631+0530][485.938s] GC(681) Pause Young (Normal) (G1 Evacuation Pause)
[2025-06-03T16:08:32.631+0530][485.938s] GC(681) Using 8 workers of 8 for evacuation
[2025-06-03T16:08:32.632+0530][485.939s] GC(681) Skipped phase 1 of Reference Processing: no references
[2025-06-03T16:08:32.632+0530][485.939s] GC(681) Skipped phase 2 of Reference Processing: no references
[2025-06-03T16:08:32.632+0530][485.939s] GC(681) Skipped phase 3 of Reference Processing: no references
[2025-06-03T16:08:32.632+0530][485.939s] GC(681) Skipped phase 4 of Reference Processing: no references
[2025-06-03T16:08:32.633+0530][485.940s] GC(681) To-space exhausted
[2025-06-03T16:08:32.633+0530][485.940s] GC(681)   Pre Evacuate Collection Set: 0.1ms
[2025-06-03T16:08:32.633+0530][485.940s] GC(681)   Merge Heap Roots: 0.0ms
[2025-06-03T16:08:32.633+0530][485.940s] GC(681)   Evacuate Collection Set: 0.5ms
[2025-06-03T16:08:32.633+0530][485.940s] GC(681)   Post Evacuate Collection Set: 0.9ms
[2025-06-03T16:08:32.633+0530][485.940s] GC(681)   Other: 0.3ms
[2025-06-03T16:08:32.633+0530][485.940s] GC(681) Eden regions: 2->0(25)
[2025-06-03T16:08:32.633+0530][485.940s] GC(681) Survivor regions: 0->0(0)
[2025-06-03T16:08:32.633+0530][485.940s] GC(681) Old regions: 508->510
[2025-06-03T16:08:32.633+0530][485.940s] GC(681) Archive regions: 2->2
[2025-06-03T16:08:32.633+0530][485.940s] GC(681) Humongous regions: 0->0
[2025-06-03T16:08:32.633+0530][485.940s] GC(681) Metaspace: 20385K(21056K)->20385K(21056K) NonClass: 17858K(18240K)->17858K(18240K) Class: 2526K(2816K)->2526K(2816K)
[2025-06-03T16:08:32.633+0530][485.940s] GC(681) Pause Young (Normal) (G1 Evacuation Pause) 510M->510M(512M) 2.024ms
[2025-06-03T16:08:32.633+0530][485.940s] GC(681) User=0.00s Sys=0.00s Real=0.00s
[2025-06-03T16:08:32.633+0530][485.940s] Attempting full compaction
[2025-06-03T16:08:32.633+0530][485.940s] GC(682) Using 8 workers of 8 for full compaction
[2025-06-03T16:08:32.633+0530][485.940s] GC(682) Pause Full (G1 Compaction Pause)
[2025-06-03T16:08:32.633+0530][485.940s] GC(682) Phase 1: Mark live objects
[2025-06-03T16:08:33.542+0530][486.850s] GC(682) ReferenceProcessor::execute queues: 8, RefProcThreadModel::Multi, marks_oops_alive: true
[2025-06-03T16:08:33.542+0530][486.850s] GC(682) ReferenceProcessor::execute queues: 2, RefProcThreadModel::Multi, marks_oops_alive: false
[2025-06-03T16:08:33.543+0530][486.850s] GC(682) Skipped phase 3 of Reference Processing: no references
[2025-06-03T16:08:33.543+0530][486.850s] GC(682) ReferenceProcessor::execute queues: 1, RefProcThreadModel::Single, marks_oops_alive: false
[2025-06-03T16:08:33.544+0530][486.851s] GC(682) Phase 1: Mark live objects 910.782ms
[2025-06-03T16:08:33.544+0530][486.851s] GC(682) Phase 2: Prepare for compaction
[2025-06-03T16:08:33.545+0530][486.852s] GC(682) Phase 2: Prepare for compaction 0.856ms
[2025-06-03T16:08:33.545+0530][486.852s] GC(682) Phase 3: Adjust pointers
[2025-06-03T16:08:33.602+0530][486.909s] GC(682) Phase 3: Adjust pointers 56.934ms
[2025-06-03T16:08:33.602+0530][486.909s] GC(682) Phase 4: Compact heap
[2025-06-03T16:08:33.602+0530][486.910s] GC(682) Phase 4: Compact heap 0.506ms
[2025-06-03T16:08:33.606+0530][486.913s] GC(682) Eden regions: 0->0(25)
[2025-06-03T16:08:33.606+0530][486.913s] GC(682) Survivor regions: 0->0(0)
[2025-06-03T16:08:33.606+0530][486.913s] GC(682) Old regions: 510->508
[2025-06-03T16:08:33.606+0530][486.913s] GC(682) Archive regions: 2->2
[2025-06-03T16:08:33.606+0530][486.913s] GC(682) Humongous regions: 0->0
[2025-06-03T16:08:33.606+0530][486.913s] GC(682) Metaspace: 20385K(21056K)->20385K(21056K) NonClass: 17858K(18240K)->17858K(18240K) Class: 2526K(2816K)->2526K(2816K)
[2025-06-03T16:08:33.606+0530][486.913s] GC(682) Pause Full (G1 Compaction Pause) 510M->508M(512M) 973.087ms
[2025-06-03T16:08:33.606+0530][486.914s] GC(682) User=2.23s Sys=0.08s Real=0.97s
[2025-06-03T16:08:33.624+0530][486.931s] GC(683) Pause Young (Concurrent Start) (G1 Evacuation Pause)
[2025-06-03T16:08:33.624+0530][486.931s] GC(683) Using 8 workers of 8 for evacuation
[2025-06-03T16:08:33.625+0530][486.932s] GC(683) Skipped phase 1 of Reference Processing: no references
[2025-06-03T16:08:33.625+0530][486.933s] GC(683) Skipped phase 2 of Reference Processing: no references
[2025-06-03T16:08:33.625+0530][486.933s] GC(683) Skipped phase 3 of Reference Processing: no references
[2025-06-03T16:08:33.625+0530][486.933s] GC(683) Skipped phase 4 of Reference Processing: no references
[2025-06-03T16:08:33.627+0530][486.934s] GC(683) To-space exhausted
[2025-06-03T16:08:33.627+0530][486.934s] GC(683)   Pre Evacuate Collection Set: 0.1ms
[2025-06-03T16:08:33.627+0530][486.934s] GC(683)   Merge Heap Roots: 0.1ms
[2025-06-03T16:08:33.627+0530][486.934s] GC(683)   Evacuate Collection Set: 1.1ms
[2025-06-03T16:08:33.627+0530][486.934s] GC(683)   Post Evacuate Collection Set: 1.4ms
[2025-06-03T16:08:33.627+0530][486.934s] GC(683)   Other: 0.4ms
[2025-06-03T16:08:33.627+0530][486.934s] GC(683) Eden regions: 2->0(25)
[2025-06-03T16:08:33.627+0530][486.934s] GC(683) Survivor regions: 0->0(0)
[2025-06-03T16:08:33.627+0530][486.934s] GC(683) Old regions: 508->510
[2025-06-03T16:08:33.627+0530][486.934s] GC(683) Archive regions: 2->2
[2025-06-03T16:08:33.627+0530][486.934s] GC(683) Humongous regions: 0->0
[2025-06-03T16:08:33.627+0530][486.934s] GC(683) Metaspace: 20385K(21056K)->20385K(21056K) NonClass: 17858K(18240K)->17858K(18240K) Class: 2526K(2816K)->2526K(2816K)
[2025-06-03T16:08:33.627+0530][486.934s] GC(683) Pause Young (Concurrent Start) (G1 Evacuation Pause) 510M->510M(512M) 3.204ms
[2025-06-03T16:08:33.627+0530][486.934s] GC(683) User=0.00s Sys=0.00s Real=0.00s
[2025-06-03T16:08:33.627+0530][486.934s] Attempting full compaction
[2025-06-03T16:08:33.627+0530][486.934s] GC(684) Concurrent Mark Cycle
[2025-06-03T16:08:33.627+0530][486.934s] GC(685) Using 8 workers of 8 for full compaction
[2025-06-03T16:08:33.627+0530][486.934s] GC(684) Concurrent Clear Claimed Marks
[2025-06-03T16:08:33.627+0530][486.934s] GC(685) Pause Full (G1 Compaction Pause)
[2025-06-03T16:08:33.627+0530][486.935s] GC(684) Concurrent Clear Claimed Marks 0.141ms
[2025-06-03T16:08:33.627+0530][486.935s] GC(684) Concurrent Scan Root Regions
[2025-06-03T16:08:33.627+0530][486.935s] GC(684) Concurrent Scan Root Regions 0.053ms
[2025-06-03T16:08:33.628+0530][486.935s] GC(684) Concurrent Mark
[2025-06-03T16:08:33.628+0530][486.935s] GC(684) Concurrent Mark From Roots
[2025-06-03T16:08:33.628+0530][486.935s] GC(684) Using 2 workers of 2 for marking
[2025-06-03T16:08:33.628+0530][486.935s] GC(685) Phase 1: Mark live objects
[2025-06-03T16:08:34.517+0530][487.824s] GC(685) ReferenceProcessor::execute queues: 8, RefProcThreadModel::Multi, marks_oops_alive: true
[2025-06-03T16:08:34.517+0530][487.825s] GC(685) ReferenceProcessor::execute queues: 2, RefProcThreadModel::Multi, marks_oops_alive: false
[2025-06-03T16:08:34.518+0530][487.825s] GC(685) Skipped phase 3 of Reference Processing: no references
[2025-06-03T16:08:34.518+0530][487.825s] GC(685) ReferenceProcessor::execute queues: 1, RefProcThreadModel::Single, marks_oops_alive: false
[2025-06-03T16:08:34.519+0530][487.826s] GC(685) Phase 1: Mark live objects 890.549ms
[2025-06-03T16:08:34.519+0530][487.826s] GC(685) Phase 2: Prepare for compaction
[2025-06-03T16:08:34.520+0530][487.827s] GC(685) Phase 2: Prepare for compaction 0.940ms
[2025-06-03T16:08:34.520+0530][487.827s] GC(685) Phase 3: Adjust pointers
[2025-06-03T16:08:34.576+0530][487.884s] GC(685) Phase 3: Adjust pointers 56.695ms
[2025-06-03T16:08:34.576+0530][487.884s] GC(685) Phase 4: Compact heap
[2025-06-03T16:08:34.577+0530][487.884s] GC(685) Phase 4: Compact heap 0.499ms
[2025-06-03T16:08:34.580+0530][487.887s] GC(685) Eden regions: 0->0(25)
[2025-06-03T16:08:34.580+0530][487.888s] GC(685) Survivor regions: 0->0(0)
[2025-06-03T16:08:34.580+0530][487.888s] GC(685) Old regions: 510->508
[2025-06-03T16:08:34.580+0530][487.888s] GC(685) Archive regions: 2->2
[2025-06-03T16:08:34.580+0530][487.888s] GC(685) Humongous regions: 0->0
[2025-06-03T16:08:34.580+0530][487.888s] GC(685) Metaspace: 20385K(21056K)->20385K(21056K) NonClass: 17858K(18240K)->17858K(18240K) Class: 2526K(2816K)->2526K(2816K)
[2025-06-03T16:08:34.580+0530][487.888s] GC(685) Pause Full (G1 Compaction Pause) 510M->508M(512M) 953.166ms
[2025-06-03T16:08:34.581+0530][487.888s] GC(685) User=2.20s Sys=0.08s Real=0.96s
[2025-06-03T16:08:34.581+0530][487.888s] GC(684) Concurrent Mark From Roots 953.288ms
[2025-06-03T16:08:34.581+0530][487.888s] GC(684) Concurrent Mark Abort
[2025-06-03T16:08:34.581+0530][487.888s] GC(684) Concurrent Mark Cycle 953.838ms
[2025-06-03T16:08:34.595+0530][487.903s] GC(686) Pause Young (Normal) (G1 Evacuation Pause)
[2025-06-03T16:08:34.595+0530][487.903s] GC(686) Using 8 workers of 8 for evacuation
[2025-06-03T16:08:34.596+0530][487.903s] GC(686) Skipped phase 1 of Reference Processing: no references
[2025-06-03T16:08:34.596+0530][487.903s] GC(686) ReferenceProcessor::execute queues: 1, RefProcThreadModel::Single, marks_oops_alive: false
[2025-06-03T16:08:34.596+0530][487.903s] GC(686) Skipped phase 3 of Reference Processing: no references
[2025-06-03T16:08:34.596+0530][487.903s] GC(686) ReferenceProcessor::execute queues: 1, RefProcThreadModel::Single, marks_oops_alive: false
[2025-06-03T16:08:34.597+0530][487.904s] GC(686) To-space exhausted
[2025-06-03T16:08:34.597+0530][487.904s] GC(686)   Pre Evacuate Collection Set: 0.1ms
[2025-06-03T16:08:34.597+0530][487.904s] GC(686)   Merge Heap Roots: 0.1ms
[2025-06-03T16:08:34.597+0530][487.904s] GC(686)   Evacuate Collection Set: 0.5ms
[2025-06-03T16:08:34.597+0530][487.904s] GC(686)   Post Evacuate Collection Set: 0.6ms
[2025-06-03T16:08:34.597+0530][487.904s] GC(686)   Other: 0.2ms
[2025-06-03T16:08:34.597+0530][487.904s] GC(686) Eden regions: 2->0(25)
[2025-06-03T16:08:34.597+0530][487.904s] GC(686) Survivor regions: 0->0(0)
[2025-06-03T16:08:34.597+0530][487.904s] GC(686) Old regions: 508->510
[2025-06-03T16:08:34.597+0530][487.904s] GC(686) Archive regions: 2->2
[2025-06-03T16:08:34.597+0530][487.904s] GC(686) Humongous regions: 0->0
[2025-06-03T16:08:34.597+0530][487.904s] GC(686) Metaspace: 20397K(21056K)->20397K(21056K) NonClass: 17864K(18240K)->17864K(18240K) Class: 2532K(2816K)->2532K(2816K)
[2025-06-03T16:08:34.597+0530][487.904s] GC(686) Pause Young (Normal) (G1 Evacuation Pause) 510M->510M(512M) 1.504ms
[2025-06-03T16:08:34.597+0530][487.904s] GC(686) User=0.00s Sys=0.00s Real=0.00s
[2025-06-03T16:08:34.597+0530][487.904s] Attempting full compaction
[2025-06-03T16:08:34.597+0530][487.904s] GC(687) Using 8 workers of 8 for full compaction
[2025-06-03T16:08:34.597+0530][487.904s] GC(687) Pause Full (G1 Compaction Pause)
[2025-06-03T16:08:34.597+0530][487.904s] GC(687) Phase 1: Mark live objects
[2025-06-03T16:08:35.483+0530][488.790s] GC(687) ReferenceProcessor::execute queues: 8, RefProcThreadModel::Multi, marks_oops_alive: true
[2025-06-03T16:08:35.483+0530][488.791s] GC(687) ReferenceProcessor::execute queues: 2, RefProcThreadModel::Multi, marks_oops_alive: false
[2025-06-03T16:08:35.483+0530][488.791s] GC(687) Skipped phase 3 of Reference Processing: no references
[2025-06-03T16:08:35.483+0530][488.791s] GC(687) ReferenceProcessor::execute queues: 1, RefProcThreadModel::Single, marks_oops_alive: false
[2025-06-03T16:08:35.485+0530][488.792s] GC(687) Phase 1: Mark live objects 887.631ms
[2025-06-03T16:08:35.485+0530][488.792s] GC(687) Phase 2: Prepare for compaction
[2025-06-03T16:08:35.486+0530][488.793s] GC(687) Phase 2: Prepare for compaction 0.995ms
[2025-06-03T16:08:35.486+0530][488.793s] GC(687) Phase 3: Adjust pointers
[2025-06-03T16:08:35.542+0530][488.849s] GC(687) Phase 3: Adjust pointers 56.383ms
[2025-06-03T16:08:35.542+0530][488.849s] GC(687) Phase 4: Compact heap
[2025-06-03T16:08:35.543+0530][488.850s] GC(687) Phase 4: Compact heap 0.530ms
[2025-06-03T16:08:35.547+0530][488.854s] GC(687) Eden regions: 0->0(25)
[2025-06-03T16:08:35.547+0530][488.854s] GC(687) Survivor regions: 0->0(0)
[2025-06-03T16:08:35.547+0530][488.854s] GC(687) Old regions: 510->508
[2025-06-03T16:08:35.547+0530][488.854s] GC(687) Archive regions: 2->2
[2025-06-03T16:08:35.547+0530][488.854s] GC(687) Humongous regions: 0->0
[2025-06-03T16:08:35.547+0530][488.854s] GC(687) Metaspace: 20397K(21056K)->20397K(21056K) NonClass: 17864K(18240K)->17864K(18240K) Class: 2532K(2816K)->2532K(2816K)
[2025-06-03T16:08:35.547+0530][488.854s] GC(687) Pause Full (G1 Compaction Pause) 510M->508M(512M) 949.747ms
[2025-06-03T16:08:35.547+0530][488.854s] GC(687) User=2.20s Sys=0.07s Real=0.95s
[2025-06-03T16:08:35.564+0530][488.872s] GC(688) Pause Young (Concurrent Start) (G1 Evacuation Pause)
[2025-06-03T16:08:35.564+0530][488.872s] GC(688) Using 8 workers of 8 for evacuation
[2025-06-03T16:08:35.565+0530][488.873s] GC(688) Skipped phase 1 of Reference Processing: no references
[2025-06-03T16:08:35.565+0530][488.873s] GC(688) Skipped phase 2 of Reference Processing: no references
[2025-06-03T16:08:35.565+0530][488.873s] GC(688) Skipped phase 3 of Reference Processing: no references
[2025-06-03T16:08:35.565+0530][488.873s] GC(688) Skipped phase 4 of Reference Processing: no references
[2025-06-03T16:08:35.566+0530][488.873s] GC(688) To-space exhausted
[2025-06-03T16:08:35.566+0530][488.873s] GC(688)   Pre Evacuate Collection Set: 0.1ms
[2025-06-03T16:08:35.566+0530][488.873s] GC(688)   Merge Heap Roots: 0.0ms
[2025-06-03T16:08:35.566+0530][488.873s] GC(688)   Evacuate Collection Set: 0.8ms
[2025-06-03T16:08:35.566+0530][488.873s] GC(688)   Post Evacuate Collection Set: 0.6ms
[2025-06-03T16:08:35.566+0530][488.873s] GC(688)   Other: 0.2ms
[2025-06-03T16:08:35.566+0530][488.873s] GC(688) Eden regions: 2->0(25)
[2025-06-03T16:08:35.566+0530][488.873s] GC(688) Survivor regions: 0->0(0)
[2025-06-03T16:08:35.566+0530][488.873s] GC(688) Old regions: 508->510
[2025-06-03T16:08:35.566+0530][488.873s] GC(688) Archive regions: 2->2
[2025-06-03T16:08:35.566+0530][488.873s] GC(688) Humongous regions: 0->0
[2025-06-03T16:08:35.566+0530][488.873s] GC(688) Metaspace: 20397K(21056K)->20397K(21056K) NonClass: 17864K(18240K)->17864K(18240K) Class: 2532K(2816K)->2532K(2816K)
[2025-06-03T16:08:35.566+0530][488.873s] GC(688) Pause Young (Concurrent Start) (G1 Evacuation Pause) 510M->510M(512M) 1.839ms
[2025-06-03T16:08:35.566+0530][488.874s] GC(688) User=0.01s Sys=0.00s Real=0.00s
[2025-06-03T16:08:35.566+0530][488.874s] Attempting full compaction
[2025-06-03T16:08:35.566+0530][488.874s] GC(689) Concurrent Mark Cycle
[2025-06-03T16:08:35.566+0530][488.874s] GC(690) Using 8 workers of 8 for full compaction
[2025-06-03T16:08:35.566+0530][488.874s] GC(689) Concurrent Clear Claimed Marks
[2025-06-03T16:08:35.566+0530][488.874s] GC(689) Concurrent Clear Claimed Marks 0.088ms
[2025-06-03T16:08:35.566+0530][488.874s] GC(689) Concurrent Scan Root Regions
[2025-06-03T16:08:35.566+0530][488.874s] GC(689) Concurrent Scan Root Regions 0.012ms
[2025-06-03T16:08:35.566+0530][488.874s] GC(690) Pause Full (G1 Compaction Pause)
[2025-06-03T16:08:35.566+0530][488.874s] GC(689) Concurrent Mark
[2025-06-03T16:08:35.567+0530][488.874s] GC(689) Concurrent Mark From Roots
[2025-06-03T16:08:35.567+0530][488.874s] GC(689) Using 2 workers of 2 for marking
[2025-06-03T16:08:35.567+0530][488.874s] GC(690) Phase 1: Mark live objects
[2025-06-03T16:08:36.455+0530][489.762s] GC(690) ReferenceProcessor::execute queues: 8, RefProcThreadModel::Multi, marks_oops_alive: true
[2025-06-03T16:08:36.455+0530][489.762s] GC(690) ReferenceProcessor::execute queues: 2, RefProcThreadModel::Multi, marks_oops_alive: false
[2025-06-03T16:08:36.455+0530][489.762s] GC(690) Skipped phase 3 of Reference Processing: no references
[2025-06-03T16:08:36.455+0530][489.762s] GC(690) ReferenceProcessor::execute queues: 1, RefProcThreadModel::Single, marks_oops_alive: false
[2025-06-03T16:08:36.456+0530][489.763s] GC(690) Phase 1: Mark live objects 888.894ms
[2025-06-03T16:08:36.456+0530][489.763s] GC(690) Phase 2: Prepare for compaction
[2025-06-03T16:08:36.456+0530][489.764s] GC(690) Phase 2: Prepare for compaction 0.364ms
[2025-06-03T16:08:36.456+0530][489.764s] GC(690) Phase 3: Adjust pointers
[2025-06-03T16:08:36.514+0530][489.821s] GC(690) Phase 3: Adjust pointers 57.744ms
[2025-06-03T16:08:36.514+0530][489.821s] GC(690) Phase 4: Compact heap
[2025-06-03T16:08:36.514+0530][489.822s] GC(690) Phase 4: Compact heap 0.243ms
[2025-06-03T16:08:36.518+0530][489.826s] GC(690) Eden regions: 0->0(25)
[2025-06-03T16:08:36.518+0530][489.826s] GC(690) Survivor regions: 0->0(0)
[2025-06-03T16:08:36.518+0530][489.826s] GC(690) Old regions: 510->509
[2025-06-03T16:08:36.518+0530][489.826s] GC(690) Archive regions: 2->2
[2025-06-03T16:08:36.518+0530][489.826s] GC(690) Humongous regions: 0->0
[2025-06-03T16:08:36.518+0530][489.826s] GC(690) Metaspace: 20397K(21056K)->20397K(21056K) NonClass: 17864K(18240K)->17864K(18240K) Class: 2532K(2816K)->2532K(2816K)
[2025-06-03T16:08:36.518+0530][489.826s] GC(690) Pause Full (G1 Compaction Pause) 510M->508M(512M) 952.014ms
[2025-06-03T16:08:36.519+0530][489.826s] GC(690) User=2.20s Sys=0.07s Real=0.95s
[2025-06-03T16:08:36.519+0530][489.826s] GC(689) Concurrent Mark From Roots 952.387ms
[2025-06-03T16:08:36.519+0530][489.826s] GC(689) Concurrent Mark Abort
[2025-06-03T16:08:36.519+0530][489.826s] GC(689) Concurrent Mark Cycle 952.735ms
[2025-06-03T16:08:36.523+0530][489.830s] GC(691) Pause Young (Normal) (G1 Evacuation Pause)
[2025-06-03T16:08:36.525+0530][489.832s] GC(691) Using 8 workers of 8 for evacuation
[2025-06-03T16:08:36.526+0530][489.833s] GC(691) Skipped phase 1 of Reference Processing: no references
[2025-06-03T16:08:36.526+0530][489.833s] GC(691) Skipped phase 2 of Reference Processing: no references
[2025-06-03T16:08:36.526+0530][489.833s] GC(691) Skipped phase 3 of Reference Processing: no references
[2025-06-03T16:08:36.526+0530][489.833s] GC(691) Skipped phase 4 of Reference Processing: no references
[2025-06-03T16:08:36.526+0530][489.834s] GC(691) To-space exhausted
[2025-06-03T16:08:36.526+0530][489.834s] GC(691)   Pre Evacuate Collection Set: 0.1ms
[2025-06-03T16:08:36.526+0530][489.834s] GC(691)   Merge Heap Roots: 0.0ms
[2025-06-03T16:08:36.526+0530][489.834s] GC(691)   Evacuate Collection Set: 0.6ms
[2025-06-03T16:08:36.527+0530][489.834s] GC(691)   Post Evacuate Collection Set: 0.7ms
[2025-06-03T16:08:36.527+0530][489.834s] GC(691)   Other: 2.3ms
[2025-06-03T16:08:36.527+0530][489.834s] GC(691) Eden regions: 1->0(25)
[2025-06-03T16:08:36.527+0530][489.834s] GC(691) Survivor regions: 0->0(0)
[2025-06-03T16:08:36.527+0530][489.834s] GC(691) Old regions: 509->510
[2025-06-03T16:08:36.527+0530][489.834s] GC(691) Archive regions: 2->2
[2025-06-03T16:08:36.527+0530][489.834s] GC(691) Humongous regions: 0->0
[2025-06-03T16:08:36.527+0530][489.834s] GC(691) Metaspace: 20401K(21056K)->20401K(21056K) NonClass: 17868K(18240K)->17868K(18240K) Class: 2533K(2816K)->2533K(2816K)
[2025-06-03T16:08:36.527+0530][489.834s] GC(691) Pause Young (Normal) (G1 Evacuation Pause) 509M->509M(512M) 3.886ms
[2025-06-03T16:08:36.527+0530][489.834s] GC(691) User=0.00s Sys=0.00s Real=0.00s
[2025-06-03T16:08:36.527+0530][489.834s] Attempting full compaction
[2025-06-03T16:08:36.527+0530][489.834s] GC(692) Using 8 workers of 8 for full compaction
[2025-06-03T16:08:36.527+0530][489.834s] GC(692) Pause Full (G1 Compaction Pause)
[2025-06-03T16:08:36.527+0530][489.834s] GC(692) Phase 1: Mark live objects
[2025-06-03T16:08:37.430+0530][490.738s] GC(692) ReferenceProcessor::execute queues: 8, RefProcThreadModel::Multi, marks_oops_alive: true
[2025-06-03T16:08:37.431+0530][490.738s] GC(692) ReferenceProcessor::execute queues: 2, RefProcThreadModel::Multi, marks_oops_alive: false
[2025-06-03T16:08:37.431+0530][490.738s] GC(692) Skipped phase 3 of Reference Processing: no references
[2025-06-03T16:08:37.431+0530][490.738s] GC(692) ReferenceProcessor::execute queues: 1, RefProcThreadModel::Single, marks_oops_alive: false
[2025-06-03T16:08:37.432+0530][490.739s] GC(692) Phase 1: Mark live objects 904.973ms
[2025-06-03T16:08:37.432+0530][490.739s] GC(692) Phase 2: Prepare for compaction
[2025-06-03T16:08:37.432+0530][490.740s] GC(692) Phase 2: Prepare for compaction 0.452ms
[2025-06-03T16:08:37.432+0530][490.740s] GC(692) Phase 3: Adjust pointers
[2025-06-03T16:08:37.493+0530][490.800s] GC(692) Phase 3: Adjust pointers 60.194ms
[2025-06-03T16:08:37.493+0530][490.800s] GC(692) Phase 4: Compact heap
[2025-06-03T16:08:37.493+0530][490.800s] GC(692) Phase 4: Compact heap 0.199ms
[2025-06-03T16:08:37.497+0530][490.804s] GC(692) Eden regions: 0->0(25)
[2025-06-03T16:08:37.497+0530][490.804s] GC(692) Survivor regions: 0->0(0)
[2025-06-03T16:08:37.497+0530][490.804s] GC(692) Old regions: 510->509
[2025-06-03T16:08:37.497+0530][490.804s] GC(692) Archive regions: 2->2
[2025-06-03T16:08:37.497+0530][490.804s] GC(692) Humongous regions: 0->0
[2025-06-03T16:08:37.497+0530][490.804s] GC(692) Metaspace: 20401K(21056K)->20401K(21056K) NonClass: 17868K(18240K)->17868K(18240K) Class: 2533K(2816K)->2533K(2816K)
[2025-06-03T16:08:37.497+0530][490.804s] GC(692) Pause Full (G1 Compaction Pause) 509M->509M(512M) 970.196ms
[2025-06-03T16:08:37.497+0530][490.805s] GC(692) User=2.26s Sys=0.08s Real=0.97s
[2025-06-03T16:08:37.500+0530][490.807s] GC(693) Pause Young (Concurrent Start) (G1 Evacuation Pause)
[2025-06-03T16:08:37.500+0530][490.807s] GC(693) Using 8 workers of 8 for evacuation
[2025-06-03T16:08:37.501+0530][490.808s] GC(693) Skipped phase 1 of Reference Processing: no references
[2025-06-03T16:08:37.501+0530][490.808s] GC(693) Skipped phase 2 of Reference Processing: no references
[2025-06-03T16:08:37.501+0530][490.808s] GC(693) Skipped phase 3 of Reference Processing: no references
[2025-06-03T16:08:37.501+0530][490.808s] GC(693) Skipped phase 4 of Reference Processing: no references
[2025-06-03T16:08:37.502+0530][490.809s] GC(693) To-space exhausted
[2025-06-03T16:08:37.502+0530][490.809s] GC(693)   Pre Evacuate Collection Set: 0.1ms
[2025-06-03T16:08:37.502+0530][490.809s] GC(693)   Merge Heap Roots: 0.0ms
[2025-06-03T16:08:37.502+0530][490.809s] GC(693)   Evacuate Collection Set: 0.8ms
[2025-06-03T16:08:37.502+0530][490.809s] GC(693)   Post Evacuate Collection Set: 0.8ms
[2025-06-03T16:08:37.502+0530][490.809s] GC(693)   Other: 0.2ms
[2025-06-03T16:08:37.502+0530][490.809s] GC(693) Eden regions: 1->0(25)
[2025-06-03T16:08:37.502+0530][490.809s] GC(693) Survivor regions: 0->0(0)
[2025-06-03T16:08:37.502+0530][490.809s] GC(693) Old regions: 509->510
[2025-06-03T16:08:37.502+0530][490.809s] GC(693) Archive regions: 2->2
[2025-06-03T16:08:37.502+0530][490.809s] GC(693) Humongous regions: 0->0
[2025-06-03T16:08:37.502+0530][490.809s] GC(693) Metaspace: 20401K(21056K)->20401K(21056K) NonClass: 17868K(18240K)->17868K(18240K) Class: 2533K(2816K)->2533K(2816K)
[2025-06-03T16:08:37.502+0530][490.809s] GC(693) Pause Young (Concurrent Start) (G1 Evacuation Pause) 510M->510M(512M) 2.040ms
[2025-06-03T16:08:37.502+0530][490.809s] GC(693) User=0.01s Sys=0.00s Real=0.00s
[2025-06-03T16:08:37.502+0530][490.809s] Attempting full compaction
[2025-06-03T16:08:37.502+0530][490.809s] GC(694) Using 8 workers of 8 for full compaction
[2025-06-03T16:08:37.502+0530][490.809s] GC(694) Pause Full (G1 Compaction Pause)
[2025-06-03T16:08:37.502+0530][490.809s] GC(695) Concurrent Mark Cycle
[2025-06-03T16:08:37.502+0530][490.809s] GC(695) Concurrent Clear Claimed Marks
[2025-06-03T16:08:37.502+0530][490.809s] GC(695) Concurrent Clear Claimed Marks 0.072ms
[2025-06-03T16:08:37.502+0530][490.809s] GC(695) Concurrent Scan Root Regions
[2025-06-03T16:08:37.502+0530][490.809s] GC(695) Concurrent Scan Root Regions 0.044ms
[2025-06-03T16:08:37.502+0530][490.809s] GC(695) Concurrent Mark
[2025-06-03T16:08:37.502+0530][490.809s] GC(695) Concurrent Mark From Roots
[2025-06-03T16:08:37.502+0530][490.810s] GC(695) Using 2 workers of 2 for marking
[2025-06-03T16:08:37.502+0530][490.810s] GC(694) Phase 1: Mark live objects
[2025-06-03T16:08:38.415+0530][491.723s] GC(694) ReferenceProcessor::execute queues: 8, RefProcThreadModel::Multi, marks_oops_alive: true
[2025-06-03T16:08:38.416+0530][491.723s] GC(694) ReferenceProcessor::execute queues: 2, RefProcThreadModel::Multi, marks_oops_alive: false
[2025-06-03T16:08:38.416+0530][491.723s] GC(694) Skipped phase 3 of Reference Processing: no references
[2025-06-03T16:08:38.416+0530][491.723s] GC(694) ReferenceProcessor::execute queues: 1, RefProcThreadModel::Single, marks_oops_alive: false
[2025-06-03T16:08:38.418+0530][491.725s] GC(694) Phase 1: Mark live objects 915.612ms
[2025-06-03T16:08:38.418+0530][491.725s] GC(694) Phase 2: Prepare for compaction
[2025-06-03T16:08:38.419+0530][491.726s] GC(694) Phase 2: Prepare for compaction 1.024ms
[2025-06-03T16:08:38.419+0530][491.726s] GC(694) Phase 3: Adjust pointers
[2025-06-03T16:08:38.480+0530][491.788s] GC(694) Phase 3: Adjust pointers 61.201ms
[2025-06-03T16:08:38.480+0530][491.788s] GC(694) Phase 4: Compact heap
[2025-06-03T16:08:38.481+0530][491.788s] GC(694) Phase 4: Compact heap 0.583ms
[2025-06-03T16:08:38.484+0530][491.792s] GC(694) Eden regions: 0->0(25)
[2025-06-03T16:08:38.484+0530][491.792s] GC(694) Survivor regions: 0->0(0)
[2025-06-03T16:08:38.484+0530][491.792s] GC(694) Old regions: 510->509
[2025-06-03T16:08:38.484+0530][491.792s] GC(694) Archive regions: 2->2
[2025-06-03T16:08:38.484+0530][491.792s] GC(694) Humongous regions: 0->0
[2025-06-03T16:08:38.484+0530][491.792s] GC(694) Metaspace: 20401K(21056K)->20381K(21056K) NonClass: 17868K(18240K)->17851K(18240K) Class: 2533K(2816K)->2530K(2816K)
[2025-06-03T16:08:38.484+0530][491.792s] GC(694) Pause Full (G1 Compaction Pause) 510M->509M(512M) 982.587ms
[2025-06-03T16:08:38.485+0530][491.792s] GC(694) User=2.26s Sys=0.08s Real=0.98s
[2025-06-03T16:08:38.485+0530][491.793s] GC(695) Concurrent Mark From Roots 983.155ms
[2025-06-03T16:08:38.485+0530][491.793s] GC(695) Concurrent Mark Abort
[2025-06-03T16:08:38.485+0530][491.793s] GC(695) Concurrent Mark Cycle 983.574ms
[2025-06-03T16:08:38.487+0530][491.795s] GC(696) Pause Young (Normal) (G1 Evacuation Pause)
[2025-06-03T16:08:38.487+0530][491.795s] GC(696) Using 8 workers of 8 for evacuation
[2025-06-03T16:08:38.488+0530][491.795s] GC(696) Skipped phase 1 of Reference Processing: no references
[2025-06-03T16:08:38.488+0530][491.795s] GC(696) ReferenceProcessor::execute queues: 1, RefProcThreadModel::Single, marks_oops_alive: false
[2025-06-03T16:08:38.488+0530][491.795s] GC(696) Skipped phase 3 of Reference Processing: no references
[2025-06-03T16:08:38.488+0530][491.795s] GC(696) Skipped phase 4 of Reference Processing: no references
[2025-06-03T16:08:38.488+0530][491.796s] GC(696) To-space exhausted
[2025-06-03T16:08:38.488+0530][491.796s] GC(696)   Pre Evacuate Collection Set: 0.1ms
[2025-06-03T16:08:38.488+0530][491.796s] GC(696)   Merge Heap Roots: 0.0ms
[2025-06-03T16:08:38.488+0530][491.796s] GC(696)   Evacuate Collection Set: 0.3ms
[2025-06-03T16:08:38.488+0530][491.796s] GC(696)   Post Evacuate Collection Set: 0.5ms
[2025-06-03T16:08:38.488+0530][491.796s] GC(696)   Other: 0.2ms
[2025-06-03T16:08:38.488+0530][491.796s] GC(696) Eden regions: 1->0(25)
[2025-06-03T16:08:38.488+0530][491.796s] GC(696) Survivor regions: 0->0(0)
[2025-06-03T16:08:38.488+0530][491.796s] GC(696) Old regions: 509->510
[2025-06-03T16:08:38.488+0530][491.796s] GC(696) Archive regions: 2->2
[2025-06-03T16:08:38.488+0530][491.796s] GC(696) Humongous regions: 0->0
[2025-06-03T16:08:38.488+0530][491.796s] GC(696) Metaspace: 20381K(21056K)->20381K(21056K) NonClass: 17851K(18240K)->17851K(18240K) Class: 2530K(2816K)->2530K(2816K)
[2025-06-03T16:08:38.488+0530][491.796s] GC(696) Pause Young (Normal) (G1 Evacuation Pause) 510M->510M(512M) 1.179ms
[2025-06-03T16:08:38.489+0530][491.796s] GC(696) User=0.00s Sys=0.00s Real=0.00s
[2025-06-03T16:08:38.489+0530][491.796s] Attempting full compaction
[2025-06-03T16:08:38.489+0530][491.796s] GC(697) Using 8 workers of 8 for full compaction
[2025-06-03T16:08:38.489+0530][491.796s] GC(697) Pause Full (G1 Compaction Pause)
[2025-06-03T16:08:38.489+0530][491.796s] GC(697) Phase 1: Mark live objects
[2025-06-03T16:08:39.400+0530][492.707s] GC(697) ReferenceProcessor::execute queues: 8, RefProcThreadModel::Multi, marks_oops_alive: true
[2025-06-03T16:08:39.400+0530][492.707s] GC(697) ReferenceProcessor::execute queues: 2, RefProcThreadModel::Multi, marks_oops_alive: false
[2025-06-03T16:08:39.400+0530][492.707s] GC(697) Skipped phase 3 of Reference Processing: no references
[2025-06-03T16:08:39.400+0530][492.707s] GC(697) ReferenceProcessor::execute queues: 1, RefProcThreadModel::Single, marks_oops_alive: false
[2025-06-03T16:08:39.402+0530][492.709s] GC(697) Phase 1: Mark live objects 913.505ms
[2025-06-03T16:08:39.402+0530][492.710s] GC(697) Phase 2: Prepare for compaction
[2025-06-03T16:08:39.403+0530][492.710s] GC(697) Phase 2: Prepare for compaction 0.912ms
[2025-06-03T16:08:39.403+0530][492.710s] GC(697) Phase 3: Adjust pointers
[2025-06-03T16:08:39.460+0530][492.768s] GC(697) Phase 3: Adjust pointers 57.331ms
[2025-06-03T16:08:39.461+0530][492.768s] GC(697) Phase 4: Compact heap
[2025-06-03T16:08:39.461+0530][492.768s] GC(697) Phase 4: Compact heap 0.506ms
[2025-06-03T16:08:39.465+0530][492.772s] GC(697) Eden regions: 0->0(25)
[2025-06-03T16:08:39.465+0530][492.772s] GC(697) Survivor regions: 0->0(0)
[2025-06-03T16:08:39.465+0530][492.772s] GC(697) Old regions: 510->509
[2025-06-03T16:08:39.465+0530][492.772s] GC(697) Archive regions: 2->2
[2025-06-03T16:08:39.465+0530][492.772s] GC(697) Humongous regions: 0->0
[2025-06-03T16:08:39.465+0530][492.772s] GC(697) Metaspace: 20381K(21056K)->20363K(21056K) NonClass: 17851K(18240K)->17836K(18240K) Class: 2530K(2816K)->2526K(2816K)
[2025-06-03T16:08:39.465+0530][492.772s] GC(697) Pause Full (G1 Compaction Pause) 510M->508M(512M) 976.092ms
[2025-06-03T16:08:39.465+0530][492.772s] GC(697) User=2.25s Sys=0.09s Real=0.98s
[2025-06-03T16:08:39.471+0530][492.778s] GC(698) Pause Young (Concurrent Start) (G1 Evacuation Pause)
[2025-06-03T16:08:39.471+0530][492.778s] GC(698) Using 8 workers of 8 for evacuation
[2025-06-03T16:08:39.472+0530][492.779s] GC(698) Skipped phase 1 of Reference Processing: no references
[2025-06-03T16:08:39.472+0530][492.779s] GC(698) ReferenceProcessor::execute queues: 1, RefProcThreadModel::Single, marks_oops_alive: false
[2025-06-03T16:08:39.472+0530][492.779s] GC(698) Skipped phase 3 of Reference Processing: no references
[2025-06-03T16:08:39.472+0530][492.779s] GC(698) Skipped phase 4 of Reference Processing: no references
[2025-06-03T16:08:39.472+0530][492.780s] GC(698) To-space exhausted
[2025-06-03T16:08:39.472+0530][492.780s] GC(698)   Pre Evacuate Collection Set: 0.1ms
[2025-06-03T16:08:39.472+0530][492.780s] GC(698)   Merge Heap Roots: 0.0ms
[2025-06-03T16:08:39.472+0530][492.780s] GC(698)   Evacuate Collection Set: 0.7ms
[2025-06-03T16:08:39.472+0530][492.780s] GC(698)   Post Evacuate Collection Set: 0.7ms
[2025-06-03T16:08:39.472+0530][492.780s] GC(698)   Other: 0.2ms
[2025-06-03T16:08:39.473+0530][492.780s] GC(698) Eden regions: 1->0(25)
[2025-06-03T16:08:39.473+0530][492.780s] GC(698) Survivor regions: 0->0(0)
[2025-06-03T16:08:39.473+0530][492.780s] GC(698) Old regions: 509->510
[2025-06-03T16:08:39.473+0530][492.780s] GC(698) Archive regions: 2->2
[2025-06-03T16:08:39.473+0530][492.780s] GC(698) Humongous regions: 0->0
[2025-06-03T16:08:39.473+0530][492.780s] GC(698) Metaspace: 20373K(21056K)->20373K(21056K) NonClass: 17845K(18240K)->17845K(18240K) Class: 2528K(2816K)->2528K(2816K)
[2025-06-03T16:08:39.473+0530][492.780s] GC(698) Pause Young (Concurrent Start) (G1 Evacuation Pause) 509M->509M(512M) 1.853ms
[2025-06-03T16:08:39.473+0530][492.780s] GC(698) User=0.01s Sys=0.00s Real=0.00s
[2025-06-03T16:08:39.473+0530][492.780s] Attempting full compaction
[2025-06-03T16:08:39.473+0530][492.780s] GC(700) Concurrent Mark Cycle
[2025-06-03T16:08:39.473+0530][492.780s] GC(699) Using 8 workers of 8 for full compaction
[2025-06-03T16:08:39.473+0530][492.780s] GC(700) Concurrent Clear Claimed Marks
[2025-06-03T16:08:39.473+0530][492.780s] GC(699) Pause Full (G1 Compaction Pause)
[2025-06-03T16:08:39.473+0530][492.780s] GC(700) Concurrent Clear Claimed Marks 0.070ms
[2025-06-03T16:08:39.473+0530][492.780s] GC(700) Concurrent Scan Root Regions
[2025-06-03T16:08:39.473+0530][492.780s] GC(700) Concurrent Scan Root Regions 0.034ms
[2025-06-03T16:08:39.473+0530][492.780s] GC(700) Concurrent Mark
[2025-06-03T16:08:39.473+0530][492.780s] GC(700) Concurrent Mark From Roots
[2025-06-03T16:08:39.473+0530][492.780s] GC(700) Using 2 workers of 2 for marking
[2025-06-03T16:08:39.473+0530][492.781s] GC(699) Phase 1: Mark live objects
[2025-06-03T16:08:40.393+0530][493.701s] GC(699) ReferenceProcessor::execute queues: 8, RefProcThreadModel::Multi, marks_oops_alive: true
[2025-06-03T16:08:40.394+0530][493.701s] GC(699) ReferenceProcessor::execute queues: 2, RefProcThreadModel::Multi, marks_oops_alive: false
[2025-06-03T16:08:40.394+0530][493.701s] GC(699) Skipped phase 3 of Reference Processing: no references
[2025-06-03T16:08:40.394+0530][493.701s] GC(699) ReferenceProcessor::execute queues: 1, RefProcThreadModel::Single, marks_oops_alive: false
[2025-06-03T16:08:40.395+0530][493.702s] GC(699) Phase 1: Mark live objects 921.453ms
[2025-06-03T16:08:40.395+0530][493.702s] GC(699) Phase 2: Prepare for compaction
[2025-06-03T16:08:40.395+0530][493.703s] GC(699) Phase 2: Prepare for compaction 0.365ms
[2025-06-03T16:08:40.395+0530][493.703s] GC(699) Phase 3: Adjust pointers
[2025-06-03T16:08:40.451+0530][493.758s] GC(699) Phase 3: Adjust pointers 55.859ms
[2025-06-03T16:08:40.451+0530][493.759s] GC(699) Phase 4: Compact heap
[2025-06-03T16:08:40.451+0530][493.759s] GC(699) Phase 4: Compact heap 0.155ms
[2025-06-03T16:08:40.455+0530][493.762s] GC(699) Eden regions: 0->0(25)
[2025-06-03T16:08:40.455+0530][493.762s] GC(699) Survivor regions: 0->0(0)
[2025-06-03T16:08:40.455+0530][493.762s] GC(699) Old regions: 510->509
[2025-06-03T16:08:40.455+0530][493.762s] GC(699) Archive regions: 2->2
[2025-06-03T16:08:40.455+0530][493.762s] GC(699) Humongous regions: 0->0
[2025-06-03T16:08:40.455+0530][493.762s] GC(699) Metaspace: 20373K(21056K)->20373K(21056K) NonClass: 17845K(18240K)->17845K(18240K) Class: 2528K(2816K)->2528K(2816K)
[2025-06-03T16:08:40.455+0530][493.762s] GC(699) Pause Full (G1 Compaction Pause) 509M->509M(512M) 982.383ms
[2025-06-03T16:08:40.455+0530][493.763s] GC(699) User=2.25s Sys=0.08s Real=0.98s
[2025-06-03T16:08:40.456+0530][493.763s] GC(700) Concurrent Mark From Roots 982.571ms
[2025-06-03T16:08:40.456+0530][493.763s] GC(700) Concurrent Mark Abort
[2025-06-03T16:08:40.456+0530][493.763s] GC(700) Concurrent Mark Cycle 982.933ms
[2025-06-03T16:08:40.458+0530][493.765s] GC(701) Pause Young (Normal) (G1 Evacuation Pause)
[2025-06-03T16:08:40.458+0530][493.765s] GC(701) Using 8 workers of 8 for evacuation
[2025-06-03T16:08:40.459+0530][493.766s] GC(701) Skipped phase 1 of Reference Processing: no references
[2025-06-03T16:08:40.459+0530][493.766s] GC(701) Skipped phase 2 of Reference Processing: no references
[2025-06-03T16:08:40.459+0530][493.766s] GC(701) Skipped phase 3 of Reference Processing: no references
[2025-06-03T16:08:40.459+0530][493.766s] GC(701) Skipped phase 4 of Reference Processing: no references
[2025-06-03T16:08:40.460+0530][493.767s] GC(701) To-space exhausted
[2025-06-03T16:08:40.460+0530][493.767s] GC(701)   Pre Evacuate Collection Set: 0.1ms
[2025-06-03T16:08:40.460+0530][493.767s] GC(701)   Merge Heap Roots: 0.1ms
[2025-06-03T16:08:40.460+0530][493.767s] GC(701)   Evacuate Collection Set: 0.5ms
[2025-06-03T16:08:40.460+0530][493.767s] GC(701)   Post Evacuate Collection Set: 0.7ms
[2025-06-03T16:08:40.460+0530][493.767s] GC(701)   Other: 0.1ms
[2025-06-03T16:08:40.460+0530][493.767s] GC(701) Eden regions: 1->0(25)
[2025-06-03T16:08:40.460+0530][493.767s] GC(701) Survivor regions: 0->0(0)
[2025-06-03T16:08:40.460+0530][493.767s] GC(701) Old regions: 509->510
[2025-06-03T16:08:40.460+0530][493.767s] GC(701) Archive regions: 2->2
[2025-06-03T16:08:40.460+0530][493.767s] GC(701) Humongous regions: 0->0
[2025-06-03T16:08:40.460+0530][493.767s] GC(701) Metaspace: 20376K(21056K)->20376K(21056K) NonClass: 17847K(18240K)->17847K(18240K) Class: 2528K(2816K)->2528K(2816K)
[2025-06-03T16:08:40.460+0530][493.767s] GC(701) Pause Young (Normal) (G1 Evacuation Pause) 510M->510M(512M) 1.624ms
[2025-06-03T16:08:40.460+0530][493.767s] GC(701) User=0.00s Sys=0.00s Real=0.01s
[2025-06-03T16:08:40.460+0530][493.767s] Attempting full compaction
[2025-06-03T16:08:40.460+0530][493.767s] GC(702) Using 8 workers of 8 for full compaction
[2025-06-03T16:08:40.460+0530][493.767s] GC(702) Pause Full (G1 Compaction Pause)
[2025-06-03T16:08:40.460+0530][493.767s] GC(702) Phase 1: Mark live objects
[2025-06-03T16:08:41.344+0530][494.651s] GC(702) ReferenceProcessor::execute queues: 8, RefProcThreadModel::Multi, marks_oops_alive: true
[2025-06-03T16:08:41.344+0530][494.651s] GC(702) ReferenceProcessor::execute queues: 2, RefProcThreadModel::Multi, marks_oops_alive: false
[2025-06-03T16:08:41.344+0530][494.652s] GC(702) Skipped phase 3 of Reference Processing: no references
[2025-06-03T16:08:41.344+0530][494.652s] GC(702) ReferenceProcessor::execute queues: 1, RefProcThreadModel::Single, marks_oops_alive: false
[2025-06-03T16:08:41.346+0530][494.654s] GC(702) Phase 1: Mark live objects 886.339ms
[2025-06-03T16:08:41.346+0530][494.654s] GC(702) Phase 2: Prepare for compaction
[2025-06-03T16:08:41.347+0530][494.654s] GC(702) Phase 2: Prepare for compaction 0.469ms
[2025-06-03T16:08:41.347+0530][494.654s] GC(702) Phase 3: Adjust pointers
[2025-06-03T16:08:41.407+0530][494.714s] GC(702) Phase 3: Adjust pointers 60.156ms
[2025-06-03T16:08:41.407+0530][494.714s] GC(702) Phase 4: Compact heap
[2025-06-03T16:08:41.407+0530][494.715s] GC(702) Phase 4: Compact heap 0.224ms
[2025-06-03T16:08:41.411+0530][494.718s] GC(702) Eden regions: 0->0(25)
[2025-06-03T16:08:41.411+0530][494.718s] GC(702) Survivor regions: 0->0(0)
[2025-06-03T16:08:41.411+0530][494.718s] GC(702) Old regions: 510->509
[2025-06-03T16:08:41.411+0530][494.718s] GC(702) Archive regions: 2->2
[2025-06-03T16:08:41.411+0530][494.718s] GC(702) Humongous regions: 0->0
[2025-06-03T16:08:41.411+0530][494.718s] GC(702) Metaspace: 20376K(21056K)->20356K(21056K) NonClass: 17847K(18240K)->17830K(18240K) Class: 2528K(2816K)->2525K(2816K)
[2025-06-03T16:08:41.411+0530][494.718s] GC(702) Pause Full (G1 Compaction Pause) 510M->509M(512M) 951.280ms
[2025-06-03T16:08:41.411+0530][494.719s] GC(702) User=2.23s Sys=0.06s Real=0.95s
[2025-06-03T16:08:41.417+0530][494.724s] GC(703) Pause Young (Concurrent Start) (G1 Evacuation Pause)
[2025-06-03T16:08:41.417+0530][494.724s] GC(703) Using 8 workers of 8 for evacuation
[2025-06-03T16:08:41.418+0530][494.725s] GC(703) Skipped phase 1 of Reference Processing: no references
[2025-06-03T16:08:41.418+0530][494.725s] GC(703) ReferenceProcessor::execute queues: 1, RefProcThreadModel::Single, marks_oops_alive: false
[2025-06-03T16:08:41.418+0530][494.725s] GC(703) Skipped phase 3 of Reference Processing: no references
[2025-06-03T16:08:41.418+0530][494.725s] GC(703) Skipped phase 4 of Reference Processing: no references
[2025-06-03T16:08:41.419+0530][494.726s] GC(703) To-space exhausted
[2025-06-03T16:08:41.419+0530][494.726s] GC(703)   Pre Evacuate Collection Set: 0.1ms
[2025-06-03T16:08:41.419+0530][494.726s] GC(703)   Merge Heap Roots: 0.0ms
[2025-06-03T16:08:41.419+0530][494.726s] GC(703)   Evacuate Collection Set: 0.6ms
[2025-06-03T16:08:41.419+0530][494.726s] GC(703)   Post Evacuate Collection Set: 0.8ms
[2025-06-03T16:08:41.419+0530][494.726s] GC(703)   Other: 0.2ms
[2025-06-03T16:08:41.419+0530][494.726s] GC(703) Eden regions: 1->0(25)
[2025-06-03T16:08:41.419+0530][494.726s] GC(703) Survivor regions: 0->0(0)
[2025-06-03T16:08:41.419+0530][494.726s] GC(703) Old regions: 509->510
[2025-06-03T16:08:41.419+0530][494.726s] GC(703) Archive regions: 2->2
[2025-06-03T16:08:41.419+0530][494.726s] GC(703) Humongous regions: 0->0
[2025-06-03T16:08:41.419+0530][494.726s] GC(703) Metaspace: 20383K(21056K)->20383K(21056K) NonClass: 17853K(18240K)->17853K(18240K) Class: 2530K(2816K)->2530K(2816K)
[2025-06-03T16:08:41.419+0530][494.726s] GC(703) Pause Young (Concurrent Start) (G1 Evacuation Pause) 510M->510M(512M) 1.823ms
[2025-06-03T16:08:41.419+0530][494.726s] GC(703) User=0.00s Sys=0.00s Real=0.00s
[2025-06-03T16:08:41.419+0530][494.726s] Attempting full compaction
[2025-06-03T16:08:41.419+0530][494.726s] GC(704) Concurrent Mark Cycle
[2025-06-03T16:08:41.419+0530][494.726s] GC(705) Using 8 workers of 8 for full compaction
[2025-06-03T16:08:41.419+0530][494.726s] GC(704) Concurrent Clear Claimed Marks
[2025-06-03T16:08:41.419+0530][494.726s] GC(705) Pause Full (G1 Compaction Pause)
[2025-06-03T16:08:41.419+0530][494.726s] GC(704) Concurrent Clear Claimed Marks 0.118ms
[2025-06-03T16:08:41.419+0530][494.727s] GC(704) Concurrent Scan Root Regions
[2025-06-03T16:08:41.419+0530][494.727s] GC(704) Concurrent Scan Root Regions 0.050ms
[2025-06-03T16:08:41.419+0530][494.727s] GC(704) Concurrent Mark
[2025-06-03T16:08:41.419+0530][494.727s] GC(704) Concurrent Mark From Roots
[2025-06-03T16:08:41.419+0530][494.727s] GC(704) Using 2 workers of 2 for marking
[2025-06-03T16:08:41.420+0530][494.727s] GC(705) Phase 1: Mark live objects
[2025-06-03T16:08:42.332+0530][495.640s] GC(705) ReferenceProcessor::execute queues: 8, RefProcThreadModel::Multi, marks_oops_alive: true
[2025-06-03T16:08:42.332+0530][495.640s] GC(705) ReferenceProcessor::execute queues: 2, RefProcThreadModel::Multi, marks_oops_alive: false
[2025-06-03T16:08:42.333+0530][495.640s] GC(705) Skipped phase 3 of Reference Processing: no references
[2025-06-03T16:08:42.333+0530][495.640s] GC(705) ReferenceProcessor::execute queues: 1, RefProcThreadModel::Single, marks_oops_alive: false
[2025-06-03T16:08:42.335+0530][495.642s] GC(705) Phase 1: Mark live objects 915.035ms
[2025-06-03T16:08:42.335+0530][495.642s] GC(705) Phase 2: Prepare for compaction
[2025-06-03T16:08:42.335+0530][495.643s] GC(705) Phase 2: Prepare for compaction 0.421ms
[2025-06-03T16:08:42.335+0530][495.643s] GC(705) Phase 3: Adjust pointers
[2025-06-03T16:08:42.402+0530][495.710s] GC(705) Phase 3: Adjust pointers 67.054ms
[2025-06-03T16:08:42.402+0530][495.710s] GC(705) Phase 4: Compact heap
[2025-06-03T16:08:42.403+0530][495.710s] GC(705) Phase 4: Compact heap 0.249ms
[2025-06-03T16:08:42.406+0530][495.713s] GC(705) Eden regions: 0->0(25)
[2025-06-03T16:08:42.406+0530][495.713s] GC(705) Survivor regions: 0->0(0)
[2025-06-03T16:08:42.406+0530][495.713s] GC(705) Old regions: 510->509
[2025-06-03T16:08:42.406+0530][495.713s] GC(705) Archive regions: 2->2
[2025-06-03T16:08:42.406+0530][495.713s] GC(705) Humongous regions: 0->0
[2025-06-03T16:08:42.406+0530][495.713s] GC(705) Metaspace: 20383K(21056K)->20379K(21056K) NonClass: 17853K(18240K)->17850K(18240K) Class: 2530K(2816K)->2529K(2816K)
[2025-06-03T16:08:42.406+0530][495.713s] GC(705) Pause Full (G1 Compaction Pause) 510M->509M(512M) 986.914ms
[2025-06-03T16:08:42.406+0530][495.714s] GC(705) User=2.29s Sys=0.08s Real=0.99s
[2025-06-03T16:08:42.406+0530][495.714s] GC(704) Concurrent Mark From Roots 987.029ms
[2025-06-03T16:08:42.406+0530][495.714s] GC(704) Concurrent Mark Abort
[2025-06-03T16:08:42.407+0530][495.714s] GC(704) Concurrent Mark Cycle 987.566ms
[2025-06-03T16:08:42.408+0530][495.716s] GC(706) Pause Young (Normal) (G1 Evacuation Pause)
[2025-06-03T16:08:42.408+0530][495.716s] GC(706) Using 8 workers of 8 for evacuation
[2025-06-03T16:08:42.409+0530][495.716s] GC(706) Skipped phase 1 of Reference Processing: no references
[2025-06-03T16:08:42.409+0530][495.716s] GC(706) ReferenceProcessor::execute queues: 1, RefProcThreadModel::Single, marks_oops_alive: false
[2025-06-03T16:08:42.409+0530][495.716s] GC(706) Skipped phase 3 of Reference Processing: no references
[2025-06-03T16:08:42.409+0530][495.716s] GC(706) Skipped phase 4 of Reference Processing: no references
[2025-06-03T16:08:42.409+0530][495.717s] GC(706) To-space exhausted
[2025-06-03T16:08:42.409+0530][495.717s] GC(706)   Pre Evacuate Collection Set: 0.1ms
[2025-06-03T16:08:42.409+0530][495.717s] GC(706)   Merge Heap Roots: 0.1ms
[2025-06-03T16:08:42.409+0530][495.717s] GC(706)   Evacuate Collection Set: 0.3ms
[2025-06-03T16:08:42.409+0530][495.717s] GC(706)   Post Evacuate Collection Set: 0.4ms
[2025-06-03T16:08:42.409+0530][495.717s] GC(706)   Other: 0.2ms
[2025-06-03T16:08:42.409+0530][495.717s] GC(706) Eden regions: 1->0(25)
[2025-06-03T16:08:42.409+0530][495.717s] GC(706) Survivor regions: 0->0(0)
[2025-06-03T16:08:42.409+0530][495.717s] GC(706) Old regions: 509->510
[2025-06-03T16:08:42.409+0530][495.717s] GC(706) Archive regions: 2->2
[2025-06-03T16:08:42.409+0530][495.717s] GC(706) Humongous regions: 0->0
[2025-06-03T16:08:42.410+0530][495.717s] GC(706) Metaspace: 20380K(21056K)->20380K(21056K) NonClass: 17851K(18240K)->17851K(18240K) Class: 2529K(2816K)->2529K(2816K)
[2025-06-03T16:08:42.410+0530][495.717s] GC(706) Pause Young (Normal) (G1 Evacuation Pause) 510M->510M(512M) 1.289ms
[2025-06-03T16:08:42.410+0530][495.717s] GC(706) User=0.00s Sys=0.00s Real=0.01s
[2025-06-03T16:08:42.410+0530][495.717s] Attempting full compaction
[2025-06-03T16:08:42.410+0530][495.717s] GC(707) Using 8 workers of 8 for full compaction
[2025-06-03T16:08:42.410+0530][495.717s] GC(707) Pause Full (G1 Compaction Pause)
[2025-06-03T16:08:42.410+0530][495.717s] GC(707) Phase 1: Mark live objects
[2025-06-03T16:08:43.330+0530][496.638s] GC(707) ReferenceProcessor::execute queues: 8, RefProcThreadModel::Multi, marks_oops_alive: true
[2025-06-03T16:08:43.330+0530][496.638s] GC(707) ReferenceProcessor::execute queues: 2, RefProcThreadModel::Multi, marks_oops_alive: false
[2025-06-03T16:08:43.331+0530][496.638s] GC(707) Skipped phase 3 of Reference Processing: no references
[2025-06-03T16:08:43.331+0530][496.638s] GC(707) ReferenceProcessor::execute queues: 1, RefProcThreadModel::Single, marks_oops_alive: false
[2025-06-03T16:08:43.333+0530][496.640s] GC(707) Phase 1: Mark live objects 923.121ms
[2025-06-03T16:08:43.333+0530][496.640s] GC(707) Phase 2: Prepare for compaction
[2025-06-03T16:08:43.333+0530][496.641s] GC(707) Phase 2: Prepare for compaction 0.383ms
[2025-06-03T16:08:43.333+0530][496.641s] GC(707) Phase 3: Adjust pointers
[2025-06-03T16:08:43.394+0530][496.702s] GC(707) Phase 3: Adjust pointers 61.132ms
[2025-06-03T16:08:43.395+0530][496.702s] GC(707) Phase 4: Compact heap
[2025-06-03T16:08:43.395+0530][496.702s] GC(707) Phase 4: Compact heap 0.164ms
[2025-06-03T16:08:43.398+0530][496.705s] GC(707) Eden regions: 0->0(25)
[2025-06-03T16:08:43.398+0530][496.705s] GC(707) Survivor regions: 0->0(0)
[2025-06-03T16:08:43.398+0530][496.706s] GC(707) Old regions: 510->509
[2025-06-03T16:08:43.398+0530][496.706s] GC(707) Archive regions: 2->2
[2025-06-03T16:08:43.398+0530][496.706s] GC(707) Humongous regions: 0->0
[2025-06-03T16:08:43.398+0530][496.706s] GC(707) Metaspace: 20380K(21056K)->20364K(21056K) NonClass: 17851K(18240K)->17837K(18240K) Class: 2529K(2816K)->2526K(2816K)
[2025-06-03T16:08:43.398+0530][496.706s] GC(707) Pause Full (G1 Compaction Pause) 510M->509M(512M) 988.511ms
[2025-06-03T16:08:43.398+0530][496.706s] GC(707) User=2.28s Sys=0.07s Real=0.98s
[2025-06-03T16:08:43.406+0530][496.713s] GC(708) Pause Young (Concurrent Start) (G1 Evacuation Pause)
[2025-06-03T16:08:43.406+0530][496.713s] GC(708) Using 8 workers of 8 for evacuation
[2025-06-03T16:08:43.407+0530][496.715s] GC(708) Skipped phase 1 of Reference Processing: no references
[2025-06-03T16:08:43.407+0530][496.715s] GC(708) ReferenceProcessor::execute queues: 1, RefProcThreadModel::Single, marks_oops_alive: false
[2025-06-03T16:08:43.408+0530][496.715s] GC(708) Skipped phase 3 of Reference Processing: no references
[2025-06-03T16:08:43.408+0530][496.715s] GC(708) Skipped phase 4 of Reference Processing: no references
[2025-06-03T16:08:43.408+0530][496.716s] GC(708) To-space exhausted
[2025-06-03T16:08:43.408+0530][496.716s] GC(708)   Pre Evacuate Collection Set: 0.2ms
[2025-06-03T16:08:43.408+0530][496.716s] GC(708)   Merge Heap Roots: 0.0ms
[2025-06-03T16:08:43.408+0530][496.716s] GC(708)   Evacuate Collection Set: 1.1ms
[2025-06-03T16:08:43.408+0530][496.716s] GC(708)   Post Evacuate Collection Set: 1.0ms
[2025-06-03T16:08:43.408+0530][496.716s] GC(708)   Other: 0.3ms
[2025-06-03T16:08:43.409+0530][496.716s] GC(708) Eden regions: 1->0(25)
[2025-06-03T16:08:43.409+0530][496.716s] GC(708) Survivor regions: 0->0(0)
[2025-06-03T16:08:43.409+0530][496.716s] GC(708) Old regions: 509->510
[2025-06-03T16:08:43.409+0530][496.716s] GC(708) Archive regions: 2->2
[2025-06-03T16:08:43.409+0530][496.716s] GC(708) Humongous regions: 0->0
[2025-06-03T16:08:43.409+0530][496.716s] GC(708) Metaspace: 20377K(21056K)->20377K(21056K) NonClass: 17848K(18240K)->17848K(18240K) Class: 2528K(2816K)->2528K(2816K)
[2025-06-03T16:08:43.409+0530][496.716s] GC(708) Pause Young (Concurrent Start) (G1 Evacuation Pause) 510M->510M(512M) 2.724ms
[2025-06-03T16:08:43.409+0530][496.716s] GC(708) User=0.00s Sys=0.00s Real=0.00s
[2025-06-03T16:08:43.409+0530][496.716s] Attempting full compaction
[2025-06-03T16:08:43.409+0530][496.716s] GC(709) Concurrent Mark Cycle
[2025-06-03T16:08:43.409+0530][496.716s] GC(710) Using 8 workers of 8 for full compaction
[2025-06-03T16:08:43.409+0530][496.716s] GC(709) Concurrent Clear Claimed Marks
[2025-06-03T16:08:43.409+0530][496.716s] GC(709) Concurrent Clear Claimed Marks 0.075ms
[2025-06-03T16:08:43.409+0530][496.716s] GC(709) Concurrent Scan Root Regions
[2025-06-03T16:08:43.409+0530][496.716s] GC(710) Pause Full (G1 Compaction Pause)
[2025-06-03T16:08:43.409+0530][496.716s] GC(709) Concurrent Scan Root Regions 0.022ms
[2025-06-03T16:08:43.409+0530][496.717s] GC(709) Concurrent Mark
[2025-06-03T16:08:43.409+0530][496.717s] GC(709) Concurrent Mark From Roots
[2025-06-03T16:08:43.409+0530][496.717s] GC(709) Using 2 workers of 2 for marking
[2025-06-03T16:08:43.409+0530][496.717s] GC(710) Phase 1: Mark live objects
[2025-06-03T16:08:44.366+0530][497.674s] GC(710) ReferenceProcessor::execute queues: 8, RefProcThreadModel::Multi, marks_oops_alive: true
[2025-06-03T16:08:44.366+0530][497.674s] GC(710) ReferenceProcessor::execute queues: 2, RefProcThreadModel::Multi, marks_oops_alive: false
[2025-06-03T16:08:44.367+0530][497.674s] GC(710) Skipped phase 3 of Reference Processing: no references
[2025-06-03T16:08:44.367+0530][497.674s] GC(710) ReferenceProcessor::execute queues: 1, RefProcThreadModel::Single, marks_oops_alive: false
[2025-06-03T16:08:44.369+0530][497.676s] GC(710) Phase 1: Mark live objects 959.362ms
[2025-06-03T16:08:44.369+0530][497.676s] GC(710) Phase 2: Prepare for compaction
[2025-06-03T16:08:44.369+0530][497.677s] GC(710) Phase 2: Prepare for compaction 0.376ms
[2025-06-03T16:08:44.369+0530][497.677s] GC(710) Phase 3: Adjust pointers
[2025-06-03T16:08:44.428+0530][497.735s] GC(710) Phase 3: Adjust pointers 58.759ms
[2025-06-03T16:08:44.428+0530][497.736s] GC(710) Phase 4: Compact heap
[2025-06-03T16:08:44.428+0530][497.736s] GC(710) Phase 4: Compact heap 0.230ms
[2025-06-03T16:08:44.432+0530][497.739s] GC(710) Eden regions: 0->0(25)
[2025-06-03T16:08:44.432+0530][497.739s] GC(710) Survivor regions: 0->0(0)
[2025-06-03T16:08:44.432+0530][497.739s] GC(710) Old regions: 510->509
[2025-06-03T16:08:44.432+0530][497.739s] GC(710) Archive regions: 2->2
[2025-06-03T16:08:44.432+0530][497.739s] GC(710) Humongous regions: 0->0
[2025-06-03T16:08:44.432+0530][497.739s] GC(710) Metaspace: 20377K(21056K)->20366K(21056K) NonClass: 17848K(18240K)->17839K(18240K) Class: 2528K(2816K)->2527K(2816K)
[2025-06-03T16:08:44.432+0530][497.739s] GC(710) Pause Full (G1 Compaction Pause) 510M->509M(512M) 1023.183ms
[2025-06-03T16:08:44.432+0530][497.740s] GC(710) User=2.32s Sys=0.10s Real=1.03s
[2025-06-03T16:08:44.433+0530][497.740s] GC(709) Concurrent Mark From Roots 1023.218ms
[2025-06-03T16:08:44.433+0530][497.740s] GC(709) Concurrent Mark Abort
[2025-06-03T16:08:44.433+0530][497.740s] GC(709) Concurrent Mark Cycle 1023.995ms
[2025-06-03T16:08:44.435+0530][497.742s] GC(711) Pause Young (Normal) (G1 Evacuation Pause)
[2025-06-03T16:08:44.435+0530][497.742s] GC(711) Using 8 workers of 8 for evacuation
[2025-06-03T16:08:44.436+0530][497.743s] GC(711) Skipped phase 1 of Reference Processing: no references
[2025-06-03T16:08:44.436+0530][497.743s] GC(711) ReferenceProcessor::execute queues: 1, RefProcThreadModel::Single, marks_oops_alive: false
[2025-06-03T16:08:44.436+0530][497.743s] GC(711) Skipped phase 3 of Reference Processing: no references
[2025-06-03T16:08:44.436+0530][497.743s] GC(711) Skipped phase 4 of Reference Processing: no references
[2025-06-03T16:08:44.436+0530][497.744s] GC(711) To-space exhausted
[2025-06-03T16:08:44.436+0530][497.744s] GC(711)   Pre Evacuate Collection Set: 0.1ms
[2025-06-03T16:08:44.436+0530][497.744s] GC(711)   Merge Heap Roots: 0.0ms
[2025-06-03T16:08:44.436+0530][497.744s] GC(711)   Evacuate Collection Set: 0.4ms
[2025-06-03T16:08:44.436+0530][497.744s] GC(711)   Post Evacuate Collection Set: 0.7ms
[2025-06-03T16:08:44.436+0530][497.744s] GC(711)   Other: 0.2ms
[2025-06-03T16:08:44.436+0530][497.744s] GC(711) Eden regions: 1->0(25)
[2025-06-03T16:08:44.436+0530][497.744s] GC(711) Survivor regions: 0->0(0)
[2025-06-03T16:08:44.436+0530][497.744s] GC(711) Old regions: 509->510
[2025-06-03T16:08:44.436+0530][497.744s] GC(711) Archive regions: 2->2
[2025-06-03T16:08:44.436+0530][497.744s] GC(711) Humongous regions: 0->0
[2025-06-03T16:08:44.437+0530][497.744s] GC(711) Metaspace: 20366K(21056K)->20366K(21056K) NonClass: 17839K(18240K)->17839K(18240K) Class: 2527K(2816K)->2527K(2816K)
[2025-06-03T16:08:44.437+0530][497.744s] GC(711) Pause Young (Normal) (G1 Evacuation Pause) 510M->510M(512M) 1.479ms
[2025-06-03T16:08:44.437+0530][497.744s] GC(711) User=0.01s Sys=0.01s Real=0.00s
[2025-06-03T16:08:44.437+0530][497.744s] Attempting full compaction
[2025-06-03T16:08:44.437+0530][497.744s] GC(712) Using 8 workers of 8 for full compaction
[2025-06-03T16:08:44.437+0530][497.744s] GC(712) Pause Full (G1 Compaction Pause)
[2025-06-03T16:08:44.437+0530][497.744s] GC(712) Phase 1: Mark live objects
[2025-06-03T16:08:45.425+0530][498.732s] GC(712) ReferenceProcessor::execute queues: 8, RefProcThreadModel::Multi, marks_oops_alive: true
[2025-06-03T16:08:45.425+0530][498.732s] GC(712) ReferenceProcessor::execute queues: 2, RefProcThreadModel::Multi, marks_oops_alive: false
[2025-06-03T16:08:45.425+0530][498.732s] GC(712) Skipped phase 3 of Reference Processing: no references
[2025-06-03T16:08:45.425+0530][498.732s] GC(712) ReferenceProcessor::execute queues: 1, RefProcThreadModel::Single, marks_oops_alive: false
[2025-06-03T16:08:45.427+0530][498.735s] GC(712) Phase 1: Mark live objects 990.634ms
[2025-06-03T16:08:45.427+0530][498.735s] GC(712) Phase 2: Prepare for compaction
[2025-06-03T16:08:45.428+0530][498.735s] GC(712) Phase 2: Prepare for compaction 0.388ms
[2025-06-03T16:08:45.428+0530][498.735s] GC(712) Phase 3: Adjust pointers
[2025-06-03T16:08:45.493+0530][498.800s] GC(712) Phase 3: Adjust pointers 64.802ms
[2025-06-03T16:08:45.493+0530][498.800s] GC(712) Phase 4: Compact heap
[2025-06-03T16:08:45.493+0530][498.800s] GC(712) Phase 4: Compact heap 0.251ms
[2025-06-03T16:08:45.497+0530][498.804s] GC(712) Eden regions: 0->0(25)
[2025-06-03T16:08:45.497+0530][498.804s] GC(712) Survivor regions: 0->0(0)
[2025-06-03T16:08:45.497+0530][498.804s] GC(712) Old regions: 510->509
[2025-06-03T16:08:45.497+0530][498.804s] GC(712) Archive regions: 2->2
[2025-06-03T16:08:45.497+0530][498.804s] GC(712) Humongous regions: 0->0
[2025-06-03T16:08:45.497+0530][498.804s] GC(712) Metaspace: 20366K(21056K)->20356K(21056K) NonClass: 17839K(18240K)->17831K(18240K) Class: 2527K(2816K)->2525K(2816K)
[2025-06-03T16:08:45.497+0530][498.804s] GC(712) Pause Full (G1 Compaction Pause) 510M->509M(512M) 1060.163ms
[2025-06-03T16:08:45.497+0530][498.805s] GC(712) User=2.37s Sys=0.09s Real=1.06s
[2025-06-03T16:08:45.501+0530][498.808s] GC(713) Pause Young (Concurrent Start) (G1 Evacuation Pause)
[2025-06-03T16:08:45.501+0530][498.808s] GC(713) Using 8 workers of 8 for evacuation
[2025-06-03T16:08:45.502+0530][498.809s] GC(713) Skipped phase 1 of Reference Processing: no references
[2025-06-03T16:08:45.502+0530][498.809s] GC(713) ReferenceProcessor::execute queues: 1, RefProcThreadModel::Single, marks_oops_alive: false
[2025-06-03T16:08:45.502+0530][498.809s] GC(713) Skipped phase 3 of Reference Processing: no references
[2025-06-03T16:08:45.502+0530][498.809s] GC(713) Skipped phase 4 of Reference Processing: no references
[2025-06-03T16:08:45.502+0530][498.810s] GC(713) To-space exhausted
[2025-06-03T16:08:45.502+0530][498.810s] GC(713)   Pre Evacuate Collection Set: 0.1ms
[2025-06-03T16:08:45.502+0530][498.810s] GC(713)   Merge Heap Roots: 0.1ms
[2025-06-03T16:08:45.502+0530][498.810s] GC(713)   Evacuate Collection Set: 0.6ms
[2025-06-03T16:08:45.502+0530][498.810s] GC(713)   Post Evacuate Collection Set: 0.7ms
[2025-06-03T16:08:45.503+0530][498.810s] GC(713)   Other: 0.2ms
[2025-06-03T16:08:45.503+0530][498.810s] GC(713) Eden regions: 1->0(25)
[2025-06-03T16:08:45.503+0530][498.810s] GC(713) Survivor regions: 0->0(0)
[2025-06-03T16:08:45.503+0530][498.810s] GC(713) Old regions: 509->510
[2025-06-03T16:08:45.503+0530][498.810s] GC(713) Archive regions: 2->2
[2025-06-03T16:08:45.503+0530][498.810s] GC(713) Humongous regions: 0->0
[2025-06-03T16:08:45.503+0530][498.810s] GC(713) Metaspace: 20363K(21056K)->20363K(21056K) NonClass: 17836K(18240K)->17836K(18240K) Class: 2526K(2816K)->2526K(2816K)
[2025-06-03T16:08:45.503+0530][498.810s] GC(713) Pause Young (Concurrent Start) (G1 Evacuation Pause) 510M->510M(512M) 1.823ms
[2025-06-03T16:08:45.503+0530][498.810s] GC(713) User=0.00s Sys=0.00s Real=0.00s
[2025-06-03T16:08:45.503+0530][498.810s] Attempting full compaction
[2025-06-03T16:08:45.503+0530][498.810s] GC(714) Concurrent Mark Cycle
[2025-06-03T16:08:45.503+0530][498.810s] GC(715) Using 8 workers of 8 for full compaction
[2025-06-03T16:08:45.503+0530][498.810s] GC(714) Concurrent Clear Claimed Marks
[2025-06-03T16:08:45.503+0530][498.810s] GC(715) Pause Full (G1 Compaction Pause)
[2025-06-03T16:08:45.503+0530][498.810s] GC(714) Concurrent Clear Claimed Marks 0.099ms
[2025-06-03T16:08:45.503+0530][498.810s] GC(714) Concurrent Scan Root Regions
[2025-06-03T16:08:45.503+0530][498.810s] GC(714) Concurrent Scan Root Regions 0.013ms
[2025-06-03T16:08:45.503+0530][498.810s] GC(714) Concurrent Mark
[2025-06-03T16:08:45.503+0530][498.810s] GC(714) Concurrent Mark From Roots
[2025-06-03T16:08:45.503+0530][498.810s] GC(714) Using 2 workers of 2 for marking
[2025-06-03T16:08:45.503+0530][498.811s] GC(715) Phase 1: Mark live objects
[2025-06-03T16:08:46.417+0530][499.725s] GC(715) ReferenceProcessor::execute queues: 8, RefProcThreadModel::Multi, marks_oops_alive: true
[2025-06-03T16:08:46.418+0530][499.725s] GC(715) ReferenceProcessor::execute queues: 2, RefProcThreadModel::Multi, marks_oops_alive: false
[2025-06-03T16:08:46.418+0530][499.725s] GC(715) Skipped phase 3 of Reference Processing: no references
[2025-06-03T16:08:46.418+0530][499.725s] GC(715) ReferenceProcessor::execute queues: 1, RefProcThreadModel::Single, marks_oops_alive: false
[2025-06-03T16:08:46.420+0530][499.727s] GC(715) Phase 1: Mark live objects 916.500ms
[2025-06-03T16:08:46.420+0530][499.727s] GC(715) Phase 2: Prepare for compaction
[2025-06-03T16:08:46.420+0530][499.728s] GC(715) Phase 2: Prepare for compaction 0.445ms
[2025-06-03T16:08:46.420+0530][499.728s] GC(715) Phase 3: Adjust pointers
[2025-06-03T16:08:46.480+0530][499.787s] GC(715) Phase 3: Adjust pointers 59.590ms
[2025-06-03T16:08:46.480+0530][499.787s] GC(715) Phase 4: Compact heap
[2025-06-03T16:08:46.480+0530][499.788s] GC(715) Phase 4: Compact heap 0.353ms
[2025-06-03T16:08:46.485+0530][499.793s] GC(715) Eden regions: 0->0(25)
[2025-06-03T16:08:46.486+0530][499.793s] GC(715) Survivor regions: 0->0(0)
[2025-06-03T16:08:46.486+0530][499.793s] GC(715) Old regions: 510->509
[2025-06-03T16:08:46.486+0530][499.793s] GC(715) Archive regions: 2->2
[2025-06-03T16:08:46.486+0530][499.793s] GC(715) Humongous regions: 0->0
[2025-06-03T16:08:46.486+0530][499.793s] GC(715) Metaspace: 20363K(21056K)->20356K(21056K) NonClass: 17836K(18240K)->17830K(18240K) Class: 2526K(2816K)->2525K(2816K)
[2025-06-03T16:08:46.486+0530][499.793s] GC(715) Pause Full (G1 Compaction Pause) 510M->509M(512M) 982.819ms
[2025-06-03T16:08:46.486+0530][499.793s] GC(715) User=2.24s Sys=0.09s Real=0.98s
[2025-06-03T16:08:46.486+0530][499.794s] GC(714) Concurrent Mark From Roots 983.328ms
[2025-06-03T16:08:46.486+0530][499.794s] GC(714) Concurrent Mark Abort
[2025-06-03T16:08:46.486+0530][499.794s] GC(714) Concurrent Mark Cycle 983.656ms
[2025-06-03T16:08:46.491+0530][499.798s] GC(716) Pause Young (Normal) (G1 Evacuation Pause)
[2025-06-03T16:08:46.491+0530][499.799s] GC(716) Using 8 workers of 8 for evacuation
[2025-06-03T16:08:46.492+0530][499.800s] GC(716) Skipped phase 1 of Reference Processing: no references
[2025-06-03T16:08:46.492+0530][499.800s] GC(716) ReferenceProcessor::execute queues: 1, RefProcThreadModel::Single, marks_oops_alive: false
[2025-06-03T16:08:46.492+0530][499.800s] GC(716) Skipped phase 3 of Reference Processing: no references
[2025-06-03T16:08:46.492+0530][499.800s] GC(716) Skipped phase 4 of Reference Processing: no references
[2025-06-03T16:08:46.493+0530][499.800s] GC(716) To-space exhausted
[2025-06-03T16:08:46.493+0530][499.800s] GC(716)   Pre Evacuate Collection Set: 0.1ms
[2025-06-03T16:08:46.493+0530][499.800s] GC(716)   Merge Heap Roots: 0.1ms
[2025-06-03T16:08:46.493+0530][499.800s] GC(716)   Evacuate Collection Set: 0.7ms
[2025-06-03T16:08:46.493+0530][499.800s] GC(716)   Post Evacuate Collection Set: 0.7ms
[2025-06-03T16:08:46.493+0530][499.800s] GC(716)   Other: 0.2ms
[2025-06-03T16:08:46.493+0530][499.800s] GC(716) Eden regions: 1->0(25)
[2025-06-03T16:08:46.493+0530][499.800s] GC(716) Survivor regions: 0->0(0)
[2025-06-03T16:08:46.493+0530][499.800s] GC(716) Old regions: 509->510
[2025-06-03T16:08:46.493+0530][499.800s] GC(716) Archive regions: 2->2
[2025-06-03T16:08:46.493+0530][499.800s] GC(716) Humongous regions: 0->0
[2025-06-03T16:08:46.493+0530][499.800s] GC(716) Metaspace: 20380K(21056K)->20380K(21056K) NonClass: 17850K(18240K)->17850K(18240K) Class: 2529K(2816K)->2529K(2816K)
[2025-06-03T16:08:46.493+0530][499.800s] GC(716) Pause Young (Normal) (G1 Evacuation Pause) 510M->510M(512M) 1.903ms
[2025-06-03T16:08:46.493+0530][499.800s] GC(716) User=0.00s Sys=0.00s Real=0.00s
[2025-06-03T16:08:46.493+0530][499.800s] Attempting full compaction
[2025-06-03T16:08:46.493+0530][499.800s] GC(717) Using 8 workers of 8 for full compaction
[2025-06-03T16:08:46.493+0530][499.801s] GC(717) Pause Full (G1 Compaction Pause)
[2025-06-03T16:08:46.493+0530][499.801s] GC(717) Phase 1: Mark live objects
[2025-06-03T16:08:47.521+0530][500.829s] GC(717) ReferenceProcessor::execute queues: 8, RefProcThreadModel::Multi, marks_oops_alive: true
[2025-06-03T16:08:47.521+0530][500.829s] GC(717) ReferenceProcessor::execute queues: 2, RefProcThreadModel::Multi, marks_oops_alive: false
[2025-06-03T16:08:47.522+0530][500.829s] GC(717) Skipped phase 3 of Reference Processing: no references
[2025-06-03T16:08:47.522+0530][500.829s] GC(717) ReferenceProcessor::execute queues: 1, RefProcThreadModel::Single, marks_oops_alive: false
[2025-06-03T16:08:47.523+0530][500.830s] GC(717) Phase 1: Mark live objects 1029.453ms
[2025-06-03T16:08:47.523+0530][500.830s] GC(717) Phase 2: Prepare for compaction
[2025-06-03T16:08:47.523+0530][500.831s] GC(717) Phase 2: Prepare for compaction 0.477ms
[2025-06-03T16:08:47.523+0530][500.831s] GC(717) Phase 3: Adjust pointers
[2025-06-03T16:08:47.580+0530][500.887s] GC(717) Phase 3: Adjust pointers 56.444ms
[2025-06-03T16:08:47.580+0530][500.887s] GC(717) Phase 4: Compact heap
[2025-06-03T16:08:47.580+0530][500.887s] GC(717) Phase 4: Compact heap 0.291ms
[2025-06-03T16:08:47.583+0530][500.891s] GC(717) Eden regions: 0->0(25)
[2025-06-03T16:08:47.583+0530][500.891s] GC(717) Survivor regions: 0->0(0)
[2025-06-03T16:08:47.583+0530][500.891s] GC(717) Old regions: 510->509
[2025-06-03T16:08:47.583+0530][500.891s] GC(717) Archive regions: 2->2
[2025-06-03T16:08:47.583+0530][500.891s] GC(717) Humongous regions: 0->0
[2025-06-03T16:08:47.583+0530][500.891s] GC(717) Metaspace: 20380K(21056K)->20380K(21056K) NonClass: 17850K(18240K)->17850K(18240K) Class: 2529K(2816K)->2529K(2816K)
[2025-06-03T16:08:47.583+0530][500.891s] GC(717) Pause Full (G1 Compaction Pause) 510M->509M(512M) 1090.288ms
[2025-06-03T16:08:47.584+0530][500.891s] GC(717) User=2.37s Sys=0.09s Real=1.09s
[2025-06-03T16:08:47.590+0530][500.897s] GC(718) Pause Young (Concurrent Start) (G1 Evacuation Pause)
[2025-06-03T16:08:47.590+0530][500.897s] GC(718) Using 8 workers of 8 for evacuation
[2025-06-03T16:08:47.591+0530][500.898s] GC(718) Skipped phase 1 of Reference Processing: no references
[2025-06-03T16:08:47.591+0530][500.898s] GC(718) ReferenceProcessor::execute queues: 1, RefProcThreadModel::Single, marks_oops_alive: false
[2025-06-03T16:08:47.591+0530][500.898s] GC(718) Skipped phase 3 of Reference Processing: no references
[2025-06-03T16:08:47.591+0530][500.898s] GC(718) Skipped phase 4 of Reference Processing: no references
[2025-06-03T16:08:47.591+0530][500.899s] GC(718) To-space exhausted
[2025-06-03T16:08:47.591+0530][500.899s] GC(718)   Pre Evacuate Collection Set: 0.1ms
[2025-06-03T16:08:47.591+0530][500.899s] GC(718)   Merge Heap Roots: 0.0ms
[2025-06-03T16:08:47.591+0530][500.899s] GC(718)   Evacuate Collection Set: 0.7ms
[2025-06-03T16:08:47.591+0530][500.899s] GC(718)   Post Evacuate Collection Set: 0.8ms
[2025-06-03T16:08:47.591+0530][500.899s] GC(718)   Other: 0.2ms
[2025-06-03T16:08:47.591+0530][500.899s] GC(718) Eden regions: 1->0(25)
[2025-06-03T16:08:47.591+0530][500.899s] GC(718) Survivor regions: 0->0(0)
[2025-06-03T16:08:47.591+0530][500.899s] GC(718) Old regions: 509->510
[2025-06-03T16:08:47.591+0530][500.899s] GC(718) Archive regions: 2->2
[2025-06-03T16:08:47.591+0530][500.899s] GC(718) Humongous regions: 0->0
[2025-06-03T16:08:47.592+0530][500.899s] GC(718) Metaspace: 20393K(21056K)->20393K(21056K) NonClass: 17862K(18240K)->17862K(18240K) Class: 2531K(2816K)->2531K(2816K)
[2025-06-03T16:08:47.592+0530][500.899s] GC(718) Pause Young (Concurrent Start) (G1 Evacuation Pause) 510M->510M(512M) 1.952ms
[2025-06-03T16:08:47.592+0530][500.899s] GC(718) User=0.01s Sys=0.00s Real=0.00s
[2025-06-03T16:08:47.592+0530][500.899s] Attempting full compaction
[2025-06-03T16:08:47.592+0530][500.899s] GC(720) Concurrent Mark Cycle
[2025-06-03T16:08:47.592+0530][500.899s] GC(719) Using 8 workers of 8 for full compaction
[2025-06-03T16:08:47.592+0530][500.899s] GC(720) Concurrent Clear Claimed Marks
[2025-06-03T16:08:47.592+0530][500.899s] GC(719) Pause Full (G1 Compaction Pause)
[2025-06-03T16:08:47.592+0530][500.899s] GC(720) Concurrent Clear Claimed Marks 0.084ms
[2025-06-03T16:08:47.592+0530][500.899s] GC(720) Concurrent Scan Root Regions
[2025-06-03T16:08:47.592+0530][500.899s] GC(720) Concurrent Scan Root Regions 0.058ms
[2025-06-03T16:08:47.592+0530][500.899s] GC(720) Concurrent Mark
[2025-06-03T16:08:47.592+0530][500.899s] GC(720) Concurrent Mark From Roots
[2025-06-03T16:08:47.592+0530][500.899s] GC(720) Using 2 workers of 2 for marking
[2025-06-03T16:08:47.592+0530][500.900s] GC(719) Phase 1: Mark live objects
[2025-06-03T16:08:48.664+0530][501.971s] GC(719) ReferenceProcessor::execute queues: 8, RefProcThreadModel::Multi, marks_oops_alive: true
[2025-06-03T16:08:48.664+0530][501.972s] GC(719) ReferenceProcessor::execute queues: 2, RefProcThreadModel::Multi, marks_oops_alive: false
[2025-06-03T16:08:48.664+0530][501.972s] GC(719) Skipped phase 3 of Reference Processing: no references
[2025-06-03T16:08:48.664+0530][501.972s] GC(719) ReferenceProcessor::execute queues: 1, RefProcThreadModel::Single, marks_oops_alive: false
[2025-06-03T16:08:48.666+0530][501.974s] GC(719) Phase 1: Mark live objects 1074.140ms
[2025-06-03T16:08:48.667+0530][501.974s] GC(719) Phase 2: Prepare for compaction
[2025-06-03T16:08:48.667+0530][501.974s] GC(719) Phase 2: Prepare for compaction 0.395ms
[2025-06-03T16:08:48.667+0530][501.974s] GC(719) Phase 3: Adjust pointers
[2025-06-03T16:08:48.724+0530][502.031s] GC(719) Phase 3: Adjust pointers 56.656ms
[2025-06-03T16:08:48.724+0530][502.031s] GC(719) Phase 4: Compact heap
[2025-06-03T16:08:48.724+0530][502.031s] GC(719) Phase 4: Compact heap 0.215ms
[2025-06-03T16:08:48.727+0530][502.035s] GC(719) Eden regions: 0->0(25)
[2025-06-03T16:08:48.727+0530][502.035s] GC(719) Survivor regions: 0->0(0)
[2025-06-03T16:08:48.727+0530][502.035s] GC(719) Old regions: 510->509
[2025-06-03T16:08:48.727+0530][502.035s] GC(719) Archive regions: 2->2
[2025-06-03T16:08:48.727+0530][502.035s] GC(719) Humongous regions: 0->0
[2025-06-03T16:08:48.727+0530][502.035s] GC(719) Metaspace: 20393K(21056K)->20376K(21056K) NonClass: 17862K(18240K)->17848K(18240K) Class: 2531K(2816K)->2528K(2816K)
[2025-06-03T16:08:48.727+0530][502.035s] GC(719) Pause Full (G1 Compaction Pause) 510M->509M(512M) 1135.790ms
[2025-06-03T16:08:48.728+0530][502.035s] GC(719) User=2.37s Sys=0.10s Real=1.13s
[2025-06-03T16:08:48.728+0530][502.036s] GC(720) Concurrent Mark From Roots 1136.094ms
[2025-06-03T16:08:48.728+0530][502.036s] GC(720) Concurrent Mark Abort
[2025-06-03T16:08:48.728+0530][502.036s] GC(720) Concurrent Mark Cycle 1136.563ms
[2025-06-03T16:08:48.733+0530][502.041s] GC(721) Pause Young (Normal) (G1 Evacuation Pause)
[2025-06-03T16:08:48.733+0530][502.041s] GC(721) Using 8 workers of 8 for evacuation
[2025-06-03T16:08:48.734+0530][502.041s] GC(721) Skipped phase 1 of Reference Processing: no references
[2025-06-03T16:08:48.734+0530][502.042s] GC(721) ReferenceProcessor::execute queues: 1, RefProcThreadModel::Single, marks_oops_alive: false
[2025-06-03T16:08:48.734+0530][502.042s] GC(721) Skipped phase 3 of Reference Processing: no references
[2025-06-03T16:08:48.734+0530][502.042s] GC(721) Skipped phase 4 of Reference Processing: no references
[2025-06-03T16:08:48.735+0530][502.042s] GC(721) To-space exhausted
[2025-06-03T16:08:48.735+0530][502.042s] GC(721)   Pre Evacuate Collection Set: 0.1ms
[2025-06-03T16:08:48.735+0530][502.042s] GC(721)   Merge Heap Roots: 0.0ms
[2025-06-03T16:08:48.735+0530][502.042s] GC(721)   Evacuate Collection Set: 0.5ms
[2025-06-03T16:08:48.735+0530][502.042s] GC(721)   Post Evacuate Collection Set: 0.8ms
[2025-06-03T16:08:48.735+0530][502.042s] GC(721)   Other: 0.2ms
[2025-06-03T16:08:48.735+0530][502.042s] GC(721) Eden regions: 1->0(25)
[2025-06-03T16:08:48.735+0530][502.042s] GC(721) Survivor regions: 0->0(0)
[2025-06-03T16:08:48.735+0530][502.042s] GC(721) Old regions: 509->510
[2025-06-03T16:08:48.735+0530][502.042s] GC(721) Archive regions: 2->2
[2025-06-03T16:08:48.735+0530][502.042s] GC(721) Humongous regions: 0->0
[2025-06-03T16:08:48.735+0530][502.042s] GC(721) Metaspace: 20380K(21056K)->20380K(21056K) NonClass: 17851K(18240K)->17851K(18240K) Class: 2528K(2816K)->2528K(2816K)
[2025-06-03T16:08:48.735+0530][502.042s] GC(721) Pause Young (Normal) (G1 Evacuation Pause) 510M->510M(512M) 1.749ms
[2025-06-03T16:08:48.735+0530][502.043s] GC(721) User=0.00s Sys=0.01s Real=0.00s
[2025-06-03T16:08:48.735+0530][502.043s] Attempting full compaction
[2025-06-03T16:08:48.735+0530][502.043s] GC(722) Using 8 workers of 8 for full compaction
[2025-06-03T16:08:48.735+0530][502.043s] GC(722) Pause Full (G1 Compaction Pause)
[2025-06-03T16:08:48.735+0530][502.043s] GC(722) Phase 1: Mark live objects
[2025-06-03T16:08:49.686+0530][502.993s] GC(722) ReferenceProcessor::execute queues: 8, RefProcThreadModel::Multi, marks_oops_alive: true
[2025-06-03T16:08:49.686+0530][502.993s] GC(722) ReferenceProcessor::execute queues: 2, RefProcThreadModel::Multi, marks_oops_alive: false
[2025-06-03T16:08:49.686+0530][502.993s] GC(722) Skipped phase 3 of Reference Processing: no references
[2025-06-03T16:08:49.686+0530][502.993s] GC(722) ReferenceProcessor::execute queues: 1, RefProcThreadModel::Single, marks_oops_alive: false
[2025-06-03T16:08:49.688+0530][502.995s] GC(722) Phase 1: Mark live objects 952.854ms
[2025-06-03T16:08:49.688+0530][502.996s] GC(722) Phase 2: Prepare for compaction
[2025-06-03T16:08:49.689+0530][502.996s] GC(722) Phase 2: Prepare for compaction 0.481ms
[2025-06-03T16:08:49.689+0530][502.996s] GC(722) Phase 3: Adjust pointers
[2025-06-03T16:08:49.751+0530][503.059s] GC(722) Phase 3: Adjust pointers 62.688ms
[2025-06-03T16:08:49.751+0530][503.059s] GC(722) Phase 4: Compact heap
[2025-06-03T16:08:49.752+0530][503.059s] GC(722) Phase 4: Compact heap 0.300ms
[2025-06-03T16:08:49.755+0530][503.063s] GC(722) Eden regions: 0->0(25)
[2025-06-03T16:08:49.756+0530][503.063s] GC(722) Survivor regions: 0->0(0)
[2025-06-03T16:08:49.756+0530][503.063s] GC(722) Old regions: 510->509
[2025-06-03T16:08:49.756+0530][503.063s] GC(722) Archive regions: 2->2
[2025-06-03T16:08:49.756+0530][503.063s] GC(722) Humongous regions: 0->0
[2025-06-03T16:08:49.756+0530][503.063s] GC(722) Metaspace: 20380K(21056K)->20369K(21056K) NonClass: 17851K(18240K)->17842K(18240K) Class: 2528K(2816K)->2527K(2816K)
[2025-06-03T16:08:49.756+0530][503.063s] GC(722) Pause Full (G1 Compaction Pause) 510M->509M(512M) 1020.477ms
[2025-06-03T16:08:49.756+0530][503.063s] GC(722) User=2.31s Sys=0.09s Real=1.02s
[2025-06-03T16:08:49.760+0530][503.068s] GC(723) Pause Young (Concurrent Start) (G1 Evacuation Pause)
[2025-06-03T16:08:49.760+0530][503.068s] GC(723) Using 8 workers of 8 for evacuation
[2025-06-03T16:08:49.761+0530][503.069s] GC(723) Skipped phase 1 of Reference Processing: no references
[2025-06-03T16:08:49.761+0530][503.069s] GC(723) ReferenceProcessor::execute queues: 1, RefProcThreadModel::Single, marks_oops_alive: false
[2025-06-03T16:08:49.761+0530][503.069s] GC(723) Skipped phase 3 of Reference Processing: no references
[2025-06-03T16:08:49.761+0530][503.069s] GC(723) Skipped phase 4 of Reference Processing: no references
[2025-06-03T16:08:49.762+0530][503.069s] GC(723) To-space exhausted
[2025-06-03T16:08:49.762+0530][503.070s] GC(723)   Pre Evacuate Collection Set: 0.1ms
[2025-06-03T16:08:49.762+0530][503.070s] GC(723)   Merge Heap Roots: 0.0ms
[2025-06-03T16:08:49.762+0530][503.070s] GC(723)   Evacuate Collection Set: 0.9ms
[2025-06-03T16:08:49.762+0530][503.070s] GC(723)   Post Evacuate Collection Set: 0.7ms
[2025-06-03T16:08:49.762+0530][503.070s] GC(723)   Other: 0.2ms
[2025-06-03T16:08:49.762+0530][503.070s] GC(723) Eden regions: 1->0(25)
[2025-06-03T16:08:49.762+0530][503.070s] GC(723) Survivor regions: 0->0(0)
[2025-06-03T16:08:49.762+0530][503.070s] GC(723) Old regions: 509->510
[2025-06-03T16:08:49.762+0530][503.070s] GC(723) Archive regions: 2->2
[2025-06-03T16:08:49.762+0530][503.070s] GC(723) Humongous regions: 0->0
[2025-06-03T16:08:49.762+0530][503.070s] GC(723) Metaspace: 20382K(21056K)->20382K(21056K) NonClass: 17853K(18240K)->17853K(18240K) Class: 2529K(2816K)->2529K(2816K)
[2025-06-03T16:08:49.762+0530][503.070s] GC(723) Pause Young (Concurrent Start) (G1 Evacuation Pause) 510M->510M(512M) 2.098ms
[2025-06-03T16:08:49.762+0530][503.070s] GC(723) User=0.00s Sys=0.00s Real=0.00s
[2025-06-03T16:08:49.762+0530][503.070s] Attempting full compaction
[2025-06-03T16:08:49.762+0530][503.070s] GC(724) Concurrent Mark Cycle
[2025-06-03T16:08:49.762+0530][503.070s] GC(725) Using 8 workers of 8 for full compaction
[2025-06-03T16:08:49.762+0530][503.070s] GC(724) Concurrent Clear Claimed Marks
[2025-06-03T16:08:49.762+0530][503.070s] GC(725) Pause Full (G1 Compaction Pause)
[2025-06-03T16:08:49.762+0530][503.070s] GC(724) Concurrent Clear Claimed Marks 0.105ms
[2025-06-03T16:08:49.763+0530][503.070s] GC(724) Concurrent Scan Root Regions
[2025-06-03T16:08:49.763+0530][503.070s] GC(724) Concurrent Scan Root Regions 0.050ms
[2025-06-03T16:08:49.763+0530][503.070s] GC(724) Concurrent Mark
[2025-06-03T16:08:49.763+0530][503.070s] GC(724) Concurrent Mark From Roots
[2025-06-03T16:08:49.763+0530][503.070s] GC(724) Using 2 workers of 2 for marking
[2025-06-03T16:08:49.763+0530][503.070s] GC(725) Phase 1: Mark live objects
[2025-06-03T16:08:50.612+0530][503.920s] GC(725) ReferenceProcessor::execute queues: 8, RefProcThreadModel::Multi, marks_oops_alive: true
[2025-06-03T16:08:50.612+0530][503.920s] GC(725) ReferenceProcessor::execute queues: 3, RefProcThreadModel::Multi, marks_oops_alive: false
[2025-06-03T16:08:50.613+0530][503.920s] GC(725) Skipped phase 3 of Reference Processing: no references
[2025-06-03T16:08:50.613+0530][503.920s] GC(725) ReferenceProcessor::execute queues: 1, RefProcThreadModel::Single, marks_oops_alive: false
[2025-06-03T16:08:50.615+0530][503.922s] GC(725) Phase 1: Mark live objects 851.912ms
[2025-06-03T16:08:50.615+0530][503.922s] GC(725) Phase 2: Prepare for compaction
[2025-06-03T16:08:50.615+0530][503.923s] GC(725) Phase 2: Prepare for compaction 0.424ms
[2025-06-03T16:08:50.615+0530][503.923s] GC(725) Phase 3: Adjust pointers
[2025-06-03T16:08:50.672+0530][503.980s] GC(725) Phase 3: Adjust pointers 57.144ms
[2025-06-03T16:08:50.673+0530][503.980s] GC(725) Phase 4: Compact heap
[2025-06-03T16:08:50.673+0530][503.980s] GC(725) Phase 4: Compact heap 0.252ms
[2025-06-03T16:08:50.676+0530][503.984s] GC(725) Eden regions: 0->0(25)
[2025-06-03T16:08:50.676+0530][503.984s] GC(725) Survivor regions: 0->0(0)
[2025-06-03T16:08:50.677+0530][503.984s] GC(725) Old regions: 510->509
[2025-06-03T16:08:50.677+0530][503.984s] GC(725) Archive regions: 2->2
[2025-06-03T16:08:50.677+0530][503.984s] GC(725) Humongous regions: 0->0
[2025-06-03T16:08:50.677+0530][503.984s] GC(725) Metaspace: 20382K(21056K)->20365K(21056K) NonClass: 17853K(18240K)->17839K(18240K) Class: 2529K(2816K)->2526K(2816K)
[2025-06-03T16:08:50.677+0530][503.984s] GC(725) Pause Full (G1 Compaction Pause) 510M->509M(512M) 914.189ms
[2025-06-03T16:08:50.677+0530][503.984s] GC(725) User=2.94s Sys=0.07s Real=0.91s
[2025-06-03T16:08:50.677+0530][503.985s] GC(724) Concurrent Mark From Roots 914.455ms
[2025-06-03T16:08:50.677+0530][503.985s] GC(724) Concurrent Mark Abort
[2025-06-03T16:08:50.677+0530][503.985s] GC(724) Concurrent Mark Cycle 914.930ms
[2025-06-03T16:08:50.682+0530][503.990s] GC(726) Pause Young (Normal) (G1 Evacuation Pause)
[2025-06-03T16:08:50.682+0530][503.990s] GC(726) Using 8 workers of 8 for evacuation
[2025-06-03T16:08:50.683+0530][503.990s] GC(726) Skipped phase 1 of Reference Processing: no references
[2025-06-03T16:08:50.683+0530][503.990s] GC(726) ReferenceProcessor::execute queues: 1, RefProcThreadModel::Single, marks_oops_alive: false
[2025-06-03T16:08:50.683+0530][503.990s] GC(726) Skipped phase 3 of Reference Processing: no references
[2025-06-03T16:08:50.683+0530][503.990s] GC(726) Skipped phase 4 of Reference Processing: no references
[2025-06-03T16:08:50.683+0530][503.991s] GC(726) To-space exhausted
[2025-06-03T16:08:50.683+0530][503.991s] GC(726)   Pre Evacuate Collection Set: 0.1ms
[2025-06-03T16:08:50.683+0530][503.991s] GC(726)   Merge Heap Roots: 0.0ms
[2025-06-03T16:08:50.683+0530][503.991s] GC(726)   Evacuate Collection Set: 0.4ms
[2025-06-03T16:08:50.684+0530][503.991s] GC(726)   Post Evacuate Collection Set: 0.6ms
[2025-06-03T16:08:50.684+0530][503.991s] GC(726)   Other: 0.2ms
[2025-06-03T16:08:50.684+0530][503.991s] GC(726) Eden regions: 1->0(25)
[2025-06-03T16:08:50.684+0530][503.991s] GC(726) Survivor regions: 0->0(0)
[2025-06-03T16:08:50.684+0530][503.991s] GC(726) Old regions: 509->510
[2025-06-03T16:08:50.684+0530][503.991s] GC(726) Archive regions: 2->2
[2025-06-03T16:08:50.684+0530][503.991s] GC(726) Humongous regions: 0->0
[2025-06-03T16:08:50.684+0530][503.991s] GC(726) Metaspace: 20385K(21056K)->20385K(21056K) NonClass: 17855K(18240K)->17855K(18240K) Class: 2529K(2816K)->2529K(2816K)
[2025-06-03T16:08:50.684+0530][503.991s] GC(726) Pause Young (Normal) (G1 Evacuation Pause) 510M->510M(512M) 1.429ms
[2025-06-03T16:08:50.684+0530][503.991s] GC(726) User=0.00s Sys=0.00s Real=0.00s
[2025-06-03T16:08:50.684+0530][503.991s] Attempting full compaction
[2025-06-03T16:08:50.684+0530][503.991s] GC(727) Using 8 workers of 8 for full compaction
[2025-06-03T16:08:50.684+0530][503.991s] GC(727) Pause Full (G1 Compaction Pause)
[2025-06-03T16:08:50.684+0530][503.991s] GC(727) Phase 1: Mark live objects
[2025-06-03T16:08:51.830+0530][505.138s] GC(727) ReferenceProcessor::execute queues: 8, RefProcThreadModel::Multi, marks_oops_alive: true
[2025-06-03T16:08:51.831+0530][505.138s] GC(727) ReferenceProcessor::execute queues: 2, RefProcThreadModel::Multi, marks_oops_alive: false
[2025-06-03T16:08:51.831+0530][505.138s] GC(727) Skipped phase 3 of Reference Processing: no references
[2025-06-03T16:08:51.831+0530][505.138s] GC(727) ReferenceProcessor::execute queues: 1, RefProcThreadModel::Single, marks_oops_alive: false
[2025-06-03T16:08:51.832+0530][505.139s] GC(727) Phase 1: Mark live objects 1148.132ms
[2025-06-03T16:08:51.832+0530][505.139s] GC(727) Phase 2: Prepare for compaction
[2025-06-03T16:08:51.832+0530][505.140s] GC(727) Phase 2: Prepare for compaction 0.508ms
[2025-06-03T16:08:51.832+0530][505.140s] GC(727) Phase 3: Adjust pointers
[2025-06-03T16:08:51.896+0530][505.203s] GC(727) Phase 3: Adjust pointers 63.236ms
[2025-06-03T16:08:51.896+0530][505.203s] GC(727) Phase 4: Compact heap
[2025-06-03T16:08:51.896+0530][505.204s] GC(727) Phase 4: Compact heap 0.307ms
[2025-06-03T16:08:51.900+0530][505.208s] GC(727) Eden regions: 0->0(25)
[2025-06-03T16:08:51.900+0530][505.208s] GC(727) Survivor regions: 0->0(0)
[2025-06-03T16:08:51.900+0530][505.208s] GC(727) Old regions: 510->509
[2025-06-03T16:08:51.900+0530][505.208s] GC(727) Archive regions: 2->2
[2025-06-03T16:08:51.900+0530][505.208s] GC(727) Humongous regions: 0->0
[2025-06-03T16:08:51.900+0530][505.208s] GC(727) Metaspace: 20385K(21056K)->20385K(21056K) NonClass: 17855K(18240K)->17855K(18240K) Class: 2529K(2816K)->2529K(2816K)
[2025-06-03T16:08:51.900+0530][505.208s] GC(727) Pause Full (G1 Compaction Pause) 510M->509M(512M) 1216.757ms
[2025-06-03T16:08:51.901+0530][505.208s] GC(727) User=2.40s Sys=0.12s Real=1.22s
[2025-06-03T16:08:51.907+0530][505.214s] GC(728) Pause Young (Concurrent Start) (G1 Evacuation Pause)
[2025-06-03T16:08:51.907+0530][505.214s] GC(728) Using 8 workers of 8 for evacuation
[2025-06-03T16:08:51.908+0530][505.215s] GC(728) Skipped phase 1 of Reference Processing: no references
[2025-06-03T16:08:51.908+0530][505.215s] GC(728) Skipped phase 2 of Reference Processing: no references
[2025-06-03T16:08:51.908+0530][505.215s] GC(728) Skipped phase 3 of Reference Processing: no references
[2025-06-03T16:08:51.908+0530][505.215s] GC(728) Skipped phase 4 of Reference Processing: no references
[2025-06-03T16:08:51.908+0530][505.216s] GC(728) To-space exhausted
[2025-06-03T16:08:51.908+0530][505.216s] GC(728)   Pre Evacuate Collection Set: 0.1ms
[2025-06-03T16:08:51.908+0530][505.216s] GC(728)   Merge Heap Roots: 0.0ms
[2025-06-03T16:08:51.908+0530][505.216s] GC(728)   Evacuate Collection Set: 0.7ms
[2025-06-03T16:08:51.908+0530][505.216s] GC(728)   Post Evacuate Collection Set: 0.7ms
[2025-06-03T16:08:51.908+0530][505.216s] GC(728)   Other: 0.2ms
[2025-06-03T16:08:51.908+0530][505.216s] GC(728) Eden regions: 1->0(25)
[2025-06-03T16:08:51.908+0530][505.216s] GC(728) Survivor regions: 0->0(0)
[2025-06-03T16:08:51.908+0530][505.216s] GC(728) Old regions: 509->510
[2025-06-03T16:08:51.908+0530][505.216s] GC(728) Archive regions: 2->2
[2025-06-03T16:08:51.908+0530][505.216s] GC(728) Humongous regions: 0->0
[2025-06-03T16:08:51.908+0530][505.216s] GC(728) Metaspace: 20394K(21056K)->20394K(21056K) NonClass: 17863K(18240K)->17863K(18240K) Class: 2531K(2816K)->2531K(2816K)
[2025-06-03T16:08:51.909+0530][505.216s] GC(728) Pause Young (Concurrent Start) (G1 Evacuation Pause) 510M->510M(512M) 1.815ms
[2025-06-03T16:08:51.909+0530][505.216s] GC(728) User=0.01s Sys=0.00s Real=0.00s
[2025-06-03T16:08:51.909+0530][505.216s] Attempting full compaction
[2025-06-03T16:08:51.909+0530][505.216s] GC(730) Concurrent Mark Cycle
[2025-06-03T16:08:51.909+0530][505.216s] GC(729) Using 8 workers of 8 for full compaction
[2025-06-03T16:08:51.909+0530][505.216s] GC(730) Concurrent Clear Claimed Marks
[2025-06-03T16:08:51.909+0530][505.216s] GC(729) Pause Full (G1 Compaction Pause)
[2025-06-03T16:08:51.909+0530][505.216s] GC(730) Concurrent Clear Claimed Marks 0.083ms
[2025-06-03T16:08:51.909+0530][505.216s] GC(730) Concurrent Scan Root Regions
[2025-06-03T16:08:51.909+0530][505.216s] GC(730) Concurrent Scan Root Regions 0.028ms
[2025-06-03T16:08:51.909+0530][505.216s] GC(730) Concurrent Mark
[2025-06-03T16:08:51.909+0530][505.216s] GC(730) Concurrent Mark From Roots
[2025-06-03T16:08:51.909+0530][505.216s] GC(730) Using 2 workers of 2 for marking
[2025-06-03T16:08:51.909+0530][505.217s] GC(729) Phase 1: Mark live objects
[2025-06-03T16:08:52.969+0530][506.276s] GC(729) ReferenceProcessor::execute queues: 8, RefProcThreadModel::Multi, marks_oops_alive: true
[2025-06-03T16:08:52.969+0530][506.276s] GC(729) ReferenceProcessor::execute queues: 2, RefProcThreadModel::Multi, marks_oops_alive: false
[2025-06-03T16:08:52.969+0530][506.276s] GC(729) Skipped phase 3 of Reference Processing: no references
[2025-06-03T16:08:52.969+0530][506.276s] GC(729) ReferenceProcessor::execute queues: 1, RefProcThreadModel::Single, marks_oops_alive: false
[2025-06-03T16:08:52.972+0530][506.279s] GC(729) Phase 1: Mark live objects 1062.394ms
[2025-06-03T16:08:52.972+0530][506.279s] GC(729) Phase 2: Prepare for compaction
[2025-06-03T16:08:52.972+0530][506.280s] GC(729) Phase 2: Prepare for compaction 0.552ms
[2025-06-03T16:08:52.972+0530][506.280s] GC(729) Phase 3: Adjust pointers
[2025-06-03T16:08:53.045+0530][506.353s] GC(729) Phase 3: Adjust pointers 72.971ms
[2025-06-03T16:08:53.045+0530][506.353s] GC(729) Phase 4: Compact heap
[2025-06-03T16:08:53.046+0530][506.353s] GC(729) Phase 4: Compact heap 0.251ms
[2025-06-03T16:08:53.049+0530][506.357s] GC(729) Eden regions: 0->0(25)
[2025-06-03T16:08:53.049+0530][506.357s] GC(729) Survivor regions: 0->0(0)
[2025-06-03T16:08:53.049+0530][506.357s] GC(729) Old regions: 510->509
[2025-06-03T16:08:53.049+0530][506.357s] GC(729) Archive regions: 2->2
[2025-06-03T16:08:53.049+0530][506.357s] GC(729) Humongous regions: 0->0
[2025-06-03T16:08:53.049+0530][506.357s] GC(729) Metaspace: 20394K(21056K)->20378K(21056K) NonClass: 17863K(18240K)->17850K(18240K) Class: 2531K(2816K)->2528K(2816K)
[2025-06-03T16:08:53.050+0530][506.357s] GC(729) Pause Full (G1 Compaction Pause) 510M->509M(512M) 1140.835ms
[2025-06-03T16:08:53.050+0530][506.357s] GC(729) User=2.47s Sys=0.12s Real=1.15s
[2025-06-03T16:08:53.050+0530][506.358s] GC(730) Concurrent Mark From Roots 1141.265ms
[2025-06-03T16:08:53.050+0530][506.358s] GC(730) Concurrent Mark Abort
[2025-06-03T16:08:53.050+0530][506.358s] GC(730) Concurrent Mark Cycle 1141.653ms
[2025-06-03T16:08:53.054+0530][506.362s] GC(731) Pause Young (Normal) (G1 Evacuation Pause)
[2025-06-03T16:08:53.054+0530][506.362s] GC(731) Using 8 workers of 8 for evacuation
[2025-06-03T16:08:53.055+0530][506.363s] GC(731) Skipped phase 1 of Reference Processing: no references
[2025-06-03T16:08:53.055+0530][506.363s] GC(731) ReferenceProcessor::execute queues: 1, RefProcThreadModel::Single, marks_oops_alive: false
[2025-06-03T16:08:53.055+0530][506.363s] GC(731) Skipped phase 3 of Reference Processing: no references
[2025-06-03T16:08:53.055+0530][506.363s] GC(731) Skipped phase 4 of Reference Processing: no references
[2025-06-03T16:08:53.056+0530][506.363s] GC(731) To-space exhausted
[2025-06-03T16:08:53.056+0530][506.363s] GC(731)   Pre Evacuate Collection Set: 0.1ms
[2025-06-03T16:08:53.056+0530][506.363s] GC(731)   Merge Heap Roots: 0.0ms
[2025-06-03T16:08:53.056+0530][506.363s] GC(731)   Evacuate Collection Set: 0.5ms
[2025-06-03T16:08:53.056+0530][506.363s] GC(731)   Post Evacuate Collection Set: 0.8ms
[2025-06-03T16:08:53.056+0530][506.363s] GC(731)   Other: 0.3ms
[2025-06-03T16:08:53.056+0530][506.363s] GC(731) Eden regions: 1->0(25)
[2025-06-03T16:08:53.056+0530][506.363s] GC(731) Survivor regions: 0->0(0)
[2025-06-03T16:08:53.056+0530][506.363s] GC(731) Old regions: 509->510
[2025-06-03T16:08:53.056+0530][506.363s] GC(731) Archive regions: 2->2
[2025-06-03T16:08:53.056+0530][506.363s] GC(731) Humongous regions: 0->0
[2025-06-03T16:08:53.056+0530][506.363s] GC(731) Metaspace: 20381K(21056K)->20381K(21056K) NonClass: 17852K(18240K)->17852K(18240K) Class: 2528K(2816K)->2528K(2816K)
[2025-06-03T16:08:53.056+0530][506.364s] GC(731) Pause Young (Normal) (G1 Evacuation Pause) 510M->510M(512M) 1.772ms
[2025-06-03T16:08:53.056+0530][506.364s] GC(731) User=0.01s Sys=0.00s Real=0.00s
[2025-06-03T16:08:53.056+0530][506.364s] Attempting full compaction
[2025-06-03T16:08:53.056+0530][506.364s] GC(732) Using 8 workers of 8 for full compaction
[2025-06-03T16:08:53.056+0530][506.364s] GC(732) Pause Full (G1 Compaction Pause)
[2025-06-03T16:08:53.056+0530][506.364s] GC(732) Phase 1: Mark live objects
[2025-06-03T16:08:54.077+0530][507.385s] GC(732) ReferenceProcessor::execute queues: 8, RefProcThreadModel::Multi, marks_oops_alive: true
[2025-06-03T16:08:54.077+0530][507.385s] GC(732) ReferenceProcessor::execute queues: 2, RefProcThreadModel::Multi, marks_oops_alive: false
[2025-06-03T16:08:54.077+0530][507.385s] GC(732) Skipped phase 3 of Reference Processing: no references
[2025-06-03T16:08:54.077+0530][507.385s] GC(732) ReferenceProcessor::execute queues: 1, RefProcThreadModel::Single, marks_oops_alive: false
[2025-06-03T16:08:54.080+0530][507.387s] GC(732) Phase 1: Mark live objects 1023.528ms
[2025-06-03T16:08:54.080+0530][507.388s] GC(732) Phase 2: Prepare for compaction
[2025-06-03T16:08:54.081+0530][507.388s] GC(732) Phase 2: Prepare for compaction 0.623ms
[2025-06-03T16:08:54.081+0530][507.388s] GC(732) Phase 3: Adjust pointers
[2025-06-03T16:08:54.153+0530][507.460s] GC(732) Phase 3: Adjust pointers 72.037ms
[2025-06-03T16:08:54.153+0530][507.460s] GC(732) Phase 4: Compact heap
[2025-06-03T16:08:54.153+0530][507.461s] GC(732) Phase 4: Compact heap 0.310ms
[2025-06-03T16:08:54.157+0530][507.464s] GC(732) Eden regions: 0->0(25)
[2025-06-03T16:08:54.157+0530][507.464s] GC(732) Survivor regions: 0->0(0)
[2025-06-03T16:08:54.157+0530][507.464s] GC(732) Old regions: 510->509
[2025-06-03T16:08:54.157+0530][507.464s] GC(732) Archive regions: 2->2
[2025-06-03T16:08:54.157+0530][507.464s] GC(732) Humongous regions: 0->0
[2025-06-03T16:08:54.157+0530][507.464s] GC(732) Metaspace: 20381K(21056K)->20371K(21056K) NonClass: 17852K(18240K)->17843K(18240K) Class: 2528K(2816K)->2527K(2816K)
[2025-06-03T16:08:54.157+0530][507.464s] GC(732) Pause Full (G1 Compaction Pause) 510M->509M(512M) 1100.629ms
[2025-06-03T16:08:54.157+0530][507.465s] GC(732) User=2.44s Sys=0.12s Real=1.10s
[2025-06-03T16:08:54.163+0530][507.471s] GC(733) Pause Young (Concurrent Start) (G1 Evacuation Pause)
[2025-06-03T16:08:54.163+0530][507.471s] GC(733) Using 8 workers of 8 for evacuation
[2025-06-03T16:08:54.164+0530][507.472s] GC(733) Skipped phase 1 of Reference Processing: no references
[2025-06-03T16:08:54.164+0530][507.472s] GC(733) ReferenceProcessor::execute queues: 1, RefProcThreadModel::Single, marks_oops_alive: false
[2025-06-03T16:08:54.164+0530][507.472s] GC(733) Skipped phase 3 of Reference Processing: no references
[2025-06-03T16:08:54.164+0530][507.472s] GC(733) Skipped phase 4 of Reference Processing: no references
[2025-06-03T16:08:54.165+0530][507.473s] GC(733) To-space exhausted
[2025-06-03T16:08:54.165+0530][507.473s] GC(733)   Pre Evacuate Collection Set: 0.1ms
[2025-06-03T16:08:54.165+0530][507.473s] GC(733)   Merge Heap Roots: 0.1ms
[2025-06-03T16:08:54.165+0530][507.473s] GC(733)   Evacuate Collection Set: 0.7ms
[2025-06-03T16:08:54.165+0530][507.473s] GC(733)   Post Evacuate Collection Set: 0.8ms
[2025-06-03T16:08:54.165+0530][507.473s] GC(733)   Other: 0.2ms
[2025-06-03T16:08:54.165+0530][507.473s] GC(733) Eden regions: 1->0(25)
[2025-06-03T16:08:54.165+0530][507.473s] GC(733) Survivor regions: 0->0(0)
[2025-06-03T16:08:54.165+0530][507.473s] GC(733) Old regions: 509->510
[2025-06-03T16:08:54.165+0530][507.473s] GC(733) Archive regions: 2->2
[2025-06-03T16:08:54.165+0530][507.473s] GC(733) Humongous regions: 0->0
[2025-06-03T16:08:54.165+0530][507.473s] GC(733) Metaspace: 20396K(21056K)->20396K(21056K) NonClass: 17866K(18240K)->17866K(18240K) Class: 2530K(2816K)->2530K(2816K)
[2025-06-03T16:08:54.165+0530][507.473s] GC(733) Pause Young (Concurrent Start) (G1 Evacuation Pause) 510M->510M(512M) 1.934ms
[2025-06-03T16:08:54.165+0530][507.473s] GC(733) User=0.00s Sys=0.00s Real=0.00s
[2025-06-03T16:08:54.165+0530][507.473s] Attempting full compaction
[2025-06-03T16:08:54.165+0530][507.473s] GC(735) Concurrent Mark Cycle
[2025-06-03T16:08:54.165+0530][507.473s] GC(734) Using 8 workers of 8 for full compaction
[2025-06-03T16:08:54.165+0530][507.473s] GC(735) Concurrent Clear Claimed Marks
[2025-06-03T16:08:54.166+0530][507.473s] GC(734) Pause Full (G1 Compaction Pause)
[2025-06-03T16:08:54.166+0530][507.473s] GC(735) Concurrent Clear Claimed Marks 0.066ms
[2025-06-03T16:08:54.166+0530][507.473s] GC(735) Concurrent Scan Root Regions
[2025-06-03T16:08:54.166+0530][507.473s] GC(735) Concurrent Scan Root Regions 0.035ms
[2025-06-03T16:08:54.166+0530][507.473s] GC(735) Concurrent Mark
[2025-06-03T16:08:54.166+0530][507.473s] GC(735) Concurrent Mark From Roots
[2025-06-03T16:08:54.166+0530][507.473s] GC(735) Using 2 workers of 2 for marking
[2025-06-03T16:08:54.166+0530][507.473s] GC(734) Phase 1: Mark live objects
[2025-06-03T16:08:55.098+0530][508.406s] GC(734) ReferenceProcessor::execute queues: 8, RefProcThreadModel::Multi, marks_oops_alive: true
[2025-06-03T16:08:55.099+0530][508.406s] GC(734) ReferenceProcessor::execute queues: 2, RefProcThreadModel::Multi, marks_oops_alive: false
[2025-06-03T16:08:55.099+0530][508.406s] GC(734) Skipped phase 3 of Reference Processing: no references
[2025-06-03T16:08:55.099+0530][508.406s] GC(734) ReferenceProcessor::execute queues: 1, RefProcThreadModel::Single, marks_oops_alive: false
[2025-06-03T16:08:55.101+0530][508.408s] GC(734) Phase 1: Mark live objects 935.016ms
[2025-06-03T16:08:55.101+0530][508.409s] GC(734) Phase 2: Prepare for compaction
[2025-06-03T16:08:55.101+0530][508.409s] GC(734) Phase 2: Prepare for compaction 0.449ms
[2025-06-03T16:08:55.101+0530][508.409s] GC(734) Phase 3: Adjust pointers
[2025-06-03T16:08:55.159+0530][508.466s] GC(734) Phase 3: Adjust pointers 57.260ms
[2025-06-03T16:08:55.159+0530][508.466s] GC(734) Phase 4: Compact heap
[2025-06-03T16:08:55.159+0530][508.467s] GC(734) Phase 4: Compact heap 0.312ms
[2025-06-03T16:08:55.163+0530][508.470s] GC(734) Eden regions: 0->0(25)
[2025-06-03T16:08:55.163+0530][508.470s] GC(734) Survivor regions: 0->0(0)
[2025-06-03T16:08:55.163+0530][508.470s] GC(734) Old regions: 510->509
[2025-06-03T16:08:55.163+0530][508.470s] GC(734) Archive regions: 2->2
[2025-06-03T16:08:55.163+0530][508.470s] GC(734) Humongous regions: 0->0
[2025-06-03T16:08:55.163+0530][508.470s] GC(734) Metaspace: 20396K(21056K)->20380K(21056K) NonClass: 17866K(18240K)->17852K(18240K) Class: 2530K(2816K)->2527K(2816K)
[2025-06-03T16:08:55.163+0530][508.470s] GC(734) Pause Full (G1 Compaction Pause) 510M->509M(512M) 997.158ms
[2025-06-03T16:08:55.163+0530][508.471s] GC(734) User=2.26s Sys=0.10s Real=1.00s
[2025-06-03T16:08:55.163+0530][508.471s] GC(735) Concurrent Mark From Roots 997.431ms
[2025-06-03T16:08:55.163+0530][508.471s] GC(735) Concurrent Mark Abort
[2025-06-03T16:08:55.163+0530][508.471s] GC(735) Concurrent Mark Cycle 997.747ms
[2025-06-03T16:08:55.169+0530][508.477s] GC(736) Pause Young (Normal) (G1 Evacuation Pause)
[2025-06-03T16:08:55.169+0530][508.477s] GC(736) Using 8 workers of 8 for evacuation
[2025-06-03T16:08:55.170+0530][508.477s] GC(736) Skipped phase 1 of Reference Processing: no references
[2025-06-03T16:08:55.170+0530][508.477s] GC(736) ReferenceProcessor::execute queues: 1, RefProcThreadModel::Single, marks_oops_alive: false
[2025-06-03T16:08:55.170+0530][508.477s] GC(736) Skipped phase 3 of Reference Processing: no references
[2025-06-03T16:08:55.170+0530][508.477s] GC(736) Skipped phase 4 of Reference Processing: no references
[2025-06-03T16:08:55.170+0530][508.478s] GC(736) To-space exhausted
[2025-06-03T16:08:55.170+0530][508.478s] GC(736)   Pre Evacuate Collection Set: 0.1ms
[2025-06-03T16:08:55.170+0530][508.478s] GC(736)   Merge Heap Roots: 0.0ms
[2025-06-03T16:08:55.170+0530][508.478s] GC(736)   Evacuate Collection Set: 0.4ms
[2025-06-03T16:08:55.170+0530][508.478s] GC(736)   Post Evacuate Collection Set: 0.6ms
[2025-06-03T16:08:55.170+0530][508.478s] GC(736)   Other: 0.2ms
[2025-06-03T16:08:55.170+0530][508.478s] GC(736) Eden regions: 1->0(25)
[2025-06-03T16:08:55.170+0530][508.478s] GC(736) Survivor regions: 0->0(0)
[2025-06-03T16:08:55.170+0530][508.478s] GC(736) Old regions: 509->510
[2025-06-03T16:08:55.170+0530][508.478s] GC(736) Archive regions: 2->2
[2025-06-03T16:08:55.171+0530][508.478s] GC(736) Humongous regions: 0->0
[2025-06-03T16:08:55.171+0530][508.478s] GC(736) Metaspace: 20394K(21056K)->20394K(21056K) NonClass: 17865K(18240K)->17865K(18240K) Class: 2529K(2816K)->2529K(2816K)
[2025-06-03T16:08:55.171+0530][508.478s] GC(736) Pause Young (Normal) (G1 Evacuation Pause) 510M->510M(512M) 1.453ms
[2025-06-03T16:08:55.171+0530][508.478s] GC(736) User=0.01s Sys=0.00s Real=0.01s
[2025-06-03T16:08:55.171+0530][508.478s] Attempting full compaction
[2025-06-03T16:08:55.171+0530][508.478s] GC(737) Using 8 workers of 8 for full compaction
[2025-06-03T16:08:55.171+0530][508.478s] GC(737) Pause Full (G1 Compaction Pause)
[2025-06-03T16:08:55.171+0530][508.478s] GC(737) Phase 1: Mark live objects
[2025-06-03T16:08:56.051+0530][509.358s] GC(737) ReferenceProcessor::execute queues: 8, RefProcThreadModel::Multi, marks_oops_alive: true
[2025-06-03T16:08:56.051+0530][509.359s] GC(737) ReferenceProcessor::execute queues: 2, RefProcThreadModel::Multi, marks_oops_alive: false
[2025-06-03T16:08:56.051+0530][509.359s] GC(737) Skipped phase 3 of Reference Processing: no references
[2025-06-03T16:08:56.051+0530][509.359s] GC(737) ReferenceProcessor::execute queues: 1, RefProcThreadModel::Single, marks_oops_alive: false
[2025-06-03T16:08:56.053+0530][509.361s] GC(737) Phase 1: Mark live objects 882.674ms
[2025-06-03T16:08:56.053+0530][509.361s] GC(737) Phase 2: Prepare for compaction
[2025-06-03T16:08:56.054+0530][509.361s] GC(737) Phase 2: Prepare for compaction 0.451ms
[2025-06-03T16:08:56.054+0530][509.361s] GC(737) Phase 3: Adjust pointers
[2025-06-03T16:08:56.113+0530][509.420s] GC(737) Phase 3: Adjust pointers 58.897ms
[2025-06-03T16:08:56.113+0530][509.420s] GC(737) Phase 4: Compact heap
[2025-06-03T16:08:56.113+0530][509.421s] GC(737) Phase 4: Compact heap 0.335ms
[2025-06-03T16:08:56.117+0530][509.425s] GC(737) Eden regions: 0->0(25)
[2025-06-03T16:08:56.117+0530][509.425s] GC(737) Survivor regions: 0->0(0)
[2025-06-03T16:08:56.117+0530][509.425s] GC(737) Old regions: 510->509
[2025-06-03T16:08:56.117+0530][509.425s] GC(737) Archive regions: 2->2
[2025-06-03T16:08:56.117+0530][509.425s] GC(737) Humongous regions: 0->0
[2025-06-03T16:08:56.117+0530][509.425s] GC(737) Metaspace: 20394K(21056K)->20391K(21056K) NonClass: 17865K(18240K)->17862K(18240K) Class: 2529K(2816K)->2528K(2816K)
[2025-06-03T16:08:56.117+0530][509.425s] GC(737) Pause Full (G1 Compaction Pause) 510M->509M(512M) 946.709ms
[2025-06-03T16:08:56.118+0530][509.425s] GC(737) User=2.21s Sys=0.08s Real=0.94s
[2025-06-03T16:08:56.128+0530][509.436s] GC(738) Pause Young (Concurrent Start) (G1 Evacuation Pause)
[2025-06-03T16:08:56.128+0530][509.436s] GC(738) Using 8 workers of 8 for evacuation
[2025-06-03T16:08:56.129+0530][509.437s] GC(738) Skipped phase 1 of Reference Processing: no references
[2025-06-03T16:08:56.129+0530][509.437s] GC(738) ReferenceProcessor::execute queues: 1, RefProcThreadModel::Single, marks_oops_alive: false
[2025-06-03T16:08:56.129+0530][509.437s] GC(738) Skipped phase 3 of Reference Processing: no references
[2025-06-03T16:08:56.130+0530][509.437s] GC(738) Skipped phase 4 of Reference Processing: no references
[2025-06-03T16:08:56.130+0530][509.438s] GC(738) To-space exhausted
[2025-06-03T16:08:56.130+0530][509.438s] GC(738)   Pre Evacuate Collection Set: 0.1ms
[2025-06-03T16:08:56.130+0530][509.438s] GC(738)   Merge Heap Roots: 0.0ms
[2025-06-03T16:08:56.130+0530][509.438s] GC(738)   Evacuate Collection Set: 0.7ms
[2025-06-03T16:08:56.130+0530][509.438s] GC(738)   Post Evacuate Collection Set: 0.7ms
[2025-06-03T16:08:56.130+0530][509.438s] GC(738)   Other: 0.2ms
[2025-06-03T16:08:56.130+0530][509.438s] GC(738) Eden regions: 1->0(25)
[2025-06-03T16:08:56.130+0530][509.438s] GC(738) Survivor regions: 0->0(0)
[2025-06-03T16:08:56.130+0530][509.438s] GC(738) Old regions: 509->510
[2025-06-03T16:08:56.130+0530][509.438s] GC(738) Archive regions: 2->2
[2025-06-03T16:08:56.130+0530][509.438s] GC(738) Humongous regions: 0->0
[2025-06-03T16:08:56.130+0530][509.438s] GC(738) Metaspace: 20405K(21056K)->20405K(21056K) NonClass: 17874K(18240K)->17874K(18240K) Class: 2530K(2816K)->2530K(2816K)
[2025-06-03T16:08:56.130+0530][509.438s] GC(738) Pause Young (Concurrent Start) (G1 Evacuation Pause) 510M->510M(512M) 1.930ms
[2025-06-03T16:08:56.130+0530][509.438s] GC(738) User=0.01s Sys=0.00s Real=0.01s
[2025-06-03T16:08:56.130+0530][509.438s] Attempting full compaction
[2025-06-03T16:08:56.130+0530][509.438s] GC(739) Concurrent Mark Cycle
[2025-06-03T16:08:56.130+0530][509.438s] GC(740) Using 8 workers of 8 for full compaction
[2025-06-03T16:08:56.131+0530][509.438s] GC(739) Concurrent Clear Claimed Marks
[2025-06-03T16:08:56.131+0530][509.438s] GC(739) Concurrent Clear Claimed Marks 0.067ms
[2025-06-03T16:08:56.131+0530][509.438s] GC(740) Pause Full (G1 Compaction Pause)
[2025-06-03T16:08:56.131+0530][509.438s] GC(739) Concurrent Scan Root Regions
[2025-06-03T16:08:56.131+0530][509.438s] GC(739) Concurrent Scan Root Regions 0.171ms
[2025-06-03T16:08:56.131+0530][509.438s] GC(739) Concurrent Mark
[2025-06-03T16:08:56.131+0530][509.438s] GC(739) Concurrent Mark From Roots
[2025-06-03T16:08:56.131+0530][509.438s] GC(739) Using 2 workers of 2 for marking
[2025-06-03T16:08:56.131+0530][509.439s] GC(740) Phase 1: Mark live objects
[2025-06-03T16:08:57.033+0530][510.341s] GC(740) ReferenceProcessor::execute queues: 8, RefProcThreadModel::Multi, marks_oops_alive: true
[2025-06-03T16:08:57.033+0530][510.341s] GC(740) ReferenceProcessor::execute queues: 2, RefProcThreadModel::Multi, marks_oops_alive: false
[2025-06-03T16:08:57.033+0530][510.341s] GC(740) Skipped phase 3 of Reference Processing: no references
[2025-06-03T16:08:57.033+0530][510.341s] GC(740) ReferenceProcessor::execute queues: 1, RefProcThreadModel::Single, marks_oops_alive: false
[2025-06-03T16:08:57.036+0530][510.343s] GC(740) Phase 1: Mark live objects 904.444ms
[2025-06-03T16:08:57.036+0530][510.343s] GC(740) Phase 2: Prepare for compaction
[2025-06-03T16:08:57.036+0530][510.344s] GC(740) Phase 2: Prepare for compaction 0.398ms
[2025-06-03T16:08:57.036+0530][510.344s] GC(740) Phase 3: Adjust pointers
[2025-06-03T16:08:57.093+0530][510.400s] GC(740) Phase 3: Adjust pointers 56.502ms
[2025-06-03T16:08:57.093+0530][510.400s] GC(740) Phase 4: Compact heap
[2025-06-03T16:08:57.093+0530][510.401s] GC(740) Phase 4: Compact heap 0.249ms
[2025-06-03T16:08:57.096+0530][510.404s] GC(740) Eden regions: 0->0(25)
[2025-06-03T16:08:57.096+0530][510.404s] GC(740) Survivor regions: 0->0(0)
[2025-06-03T16:08:57.097+0530][510.404s] GC(740) Old regions: 510->509
[2025-06-03T16:08:57.097+0530][510.404s] GC(740) Archive regions: 2->2
[2025-06-03T16:08:57.097+0530][510.404s] GC(740) Humongous regions: 0->0
[2025-06-03T16:08:57.097+0530][510.404s] GC(740) Metaspace: 20405K(21056K)->20381K(21056K) NonClass: 17874K(18240K)->17854K(18240K) Class: 2530K(2816K)->2526K(2816K)
[2025-06-03T16:08:57.097+0530][510.404s] GC(740) Pause Full (G1 Compaction Pause) 510M->509M(512M) 965.986ms
[2025-06-03T16:08:57.097+0530][510.405s] GC(740) User=2.22s Sys=0.07s Real=0.96s
[2025-06-03T16:08:57.097+0530][510.405s] GC(739) Concurrent Mark From Roots 966.284ms
[2025-06-03T16:08:57.097+0530][510.405s] GC(739) Concurrent Mark Abort
[2025-06-03T16:08:57.097+0530][510.405s] GC(739) Concurrent Mark Cycle 966.761ms
[2025-06-03T16:08:57.102+0530][510.409s] GC(741) Pause Young (Normal) (G1 Evacuation Pause)
[2025-06-03T16:08:57.102+0530][510.409s] GC(741) Using 8 workers of 8 for evacuation
[2025-06-03T16:08:57.102+0530][510.410s] GC(741) Skipped phase 1 of Reference Processing: no references
[2025-06-03T16:08:57.102+0530][510.410s] GC(741) ReferenceProcessor::execute queues: 1, RefProcThreadModel::Single, marks_oops_alive: false
[2025-06-03T16:08:57.102+0530][510.410s] GC(741) Skipped phase 3 of Reference Processing: no references
[2025-06-03T16:08:57.102+0530][510.410s] GC(741) Skipped phase 4 of Reference Processing: no references
[2025-06-03T16:08:57.103+0530][510.411s] GC(741) To-space exhausted
[2025-06-03T16:08:57.103+0530][510.411s] GC(741)   Pre Evacuate Collection Set: 0.1ms
[2025-06-03T16:08:57.103+0530][510.411s] GC(741)   Merge Heap Roots: 0.1ms
[2025-06-03T16:08:57.103+0530][510.411s] GC(741)   Evacuate Collection Set: 0.5ms
[2025-06-03T16:08:57.103+0530][510.411s] GC(741)   Post Evacuate Collection Set: 0.9ms
[2025-06-03T16:08:57.103+0530][510.411s] GC(741)   Other: 0.2ms
[2025-06-03T16:08:57.103+0530][510.411s] GC(741) Eden regions: 1->0(25)
[2025-06-03T16:08:57.103+0530][510.411s] GC(741) Survivor regions: 0->0(0)
[2025-06-03T16:08:57.103+0530][510.411s] GC(741) Old regions: 509->510
[2025-06-03T16:08:57.103+0530][510.411s] GC(741) Archive regions: 2->2
[2025-06-03T16:08:57.104+0530][510.411s] GC(741) Humongous regions: 0->0
[2025-06-03T16:08:57.104+0530][510.411s] GC(741) Metaspace: 20390K(21056K)->20390K(21056K) NonClass: 17862K(18240K)->17862K(18240K) Class: 2527K(2816K)->2527K(2816K)
[2025-06-03T16:08:57.104+0530][510.411s] GC(741) Pause Young (Normal) (G1 Evacuation Pause) 510M->510M(512M) 1.952ms
[2025-06-03T16:08:57.104+0530][510.411s] GC(741) User=0.00s Sys=0.01s Real=0.00s
[2025-06-03T16:08:57.104+0530][510.411s] Attempting full compaction
[2025-06-03T16:08:57.104+0530][510.411s] GC(742) Using 8 workers of 8 for full compaction
[2025-06-03T16:08:57.104+0530][510.411s] GC(742) Pause Full (G1 Compaction Pause)
[2025-06-03T16:08:57.104+0530][510.411s] GC(742) Phase 1: Mark live objects
[2025-06-03T16:08:57.900+0530][511.208s] GC(742) ReferenceProcessor::execute queues: 8, RefProcThreadModel::Multi, marks_oops_alive: true
[2025-06-03T16:08:57.901+0530][511.208s] GC(742) ReferenceProcessor::execute queues: 2, RefProcThreadModel::Multi, marks_oops_alive: false
[2025-06-03T16:08:57.901+0530][511.208s] GC(742) Skipped phase 3 of Reference Processing: no references
[2025-06-03T16:08:57.901+0530][511.208s] GC(742) ReferenceProcessor::execute queues: 1, RefProcThreadModel::Single, marks_oops_alive: false
[2025-06-03T16:08:57.902+0530][511.209s] GC(742) Phase 1: Mark live objects 798.115ms
[2025-06-03T16:08:57.902+0530][511.209s] GC(742) Phase 2: Prepare for compaction
[2025-06-03T16:08:57.902+0530][511.210s] GC(742) Phase 2: Prepare for compaction 0.520ms
[2025-06-03T16:08:57.902+0530][511.210s] GC(742) Phase 3: Adjust pointers
[2025-06-03T16:08:57.959+0530][511.267s] GC(742) Phase 3: Adjust pointers 56.751ms
[2025-06-03T16:08:57.959+0530][511.267s] GC(742) Phase 4: Compact heap
[2025-06-03T16:08:57.960+0530][511.267s] GC(742) Phase 4: Compact heap 0.339ms
[2025-06-03T16:08:57.963+0530][511.271s] GC(742) Eden regions: 0->0(25)
[2025-06-03T16:08:57.963+0530][511.271s] GC(742) Survivor regions: 0->0(0)
[2025-06-03T16:08:57.963+0530][511.271s] GC(742) Old regions: 510->509
[2025-06-03T16:08:57.963+0530][511.271s] GC(742) Archive regions: 2->2
[2025-06-03T16:08:57.963+0530][511.271s] GC(742) Humongous regions: 0->0
[2025-06-03T16:08:57.963+0530][511.271s] GC(742) Metaspace: 20390K(21056K)->20390K(21056K) NonClass: 17862K(18240K)->17862K(18240K) Class: 2527K(2816K)->2527K(2816K)
[2025-06-03T16:08:57.963+0530][511.271s] GC(742) Pause Full (G1 Compaction Pause) 510M->509M(512M) 859.709ms
[2025-06-03T16:08:57.964+0530][511.271s] GC(742) User=2.83s Sys=0.05s Real=0.86s
[2025-06-03T16:08:57.969+0530][511.277s] GC(743) Pause Young (Concurrent Start) (G1 Evacuation Pause)
[2025-06-03T16:08:57.969+0530][511.277s] GC(743) Using 8 workers of 8 for evacuation
[2025-06-03T16:08:57.970+0530][511.278s] GC(743) Skipped phase 1 of Reference Processing: no references
[2025-06-03T16:08:57.970+0530][511.278s] GC(743) ReferenceProcessor::execute queues: 1, RefProcThreadModel::Single, marks_oops_alive: false
[2025-06-03T16:08:57.970+0530][511.278s] GC(743) Skipped phase 3 of Reference Processing: no references
[2025-06-03T16:08:57.970+0530][511.278s] GC(743) Skipped phase 4 of Reference Processing: no references
[2025-06-03T16:08:57.971+0530][511.279s] GC(743) To-space exhausted
[2025-06-03T16:08:57.971+0530][511.279s] GC(743)   Pre Evacuate Collection Set: 0.1ms
[2025-06-03T16:08:57.971+0530][511.279s] GC(743)   Merge Heap Roots: 0.0ms
[2025-06-03T16:08:57.971+0530][511.279s] GC(743)   Evacuate Collection Set: 0.6ms
[2025-06-03T16:08:57.971+0530][511.279s] GC(743)   Post Evacuate Collection Set: 0.7ms
[2025-06-03T16:08:57.971+0530][511.279s] GC(743)   Other: 0.2ms
[2025-06-03T16:08:57.971+0530][511.279s] GC(743) Eden regions: 1->0(25)
[2025-06-03T16:08:57.971+0530][511.279s] GC(743) Survivor regions: 0->0(0)
[2025-06-03T16:08:57.971+0530][511.279s] GC(743) Old regions: 509->510
[2025-06-03T16:08:57.971+0530][511.279s] GC(743) Archive regions: 2->2
[2025-06-03T16:08:57.971+0530][511.279s] GC(743) Humongous regions: 0->0
[2025-06-03T16:08:57.971+0530][511.279s] GC(743) Metaspace: 20414K(21056K)->20414K(21056K) NonClass: 17882K(18240K)->17882K(18240K) Class: 2531K(2816K)->2531K(2816K)
[2025-06-03T16:08:57.971+0530][511.279s] GC(743) Pause Young (Concurrent Start) (G1 Evacuation Pause) 510M->510M(512M) 1.703ms
[2025-06-03T16:08:57.971+0530][511.279s] GC(743) User=0.00s Sys=0.00s Real=0.01s
[2025-06-03T16:08:57.971+0530][511.279s] Attempting full compaction
[2025-06-03T16:08:57.971+0530][511.279s] GC(744) Concurrent Mark Cycle
[2025-06-03T16:08:57.971+0530][511.279s] GC(745) Using 8 workers of 8 for full compaction
[2025-06-03T16:08:57.971+0530][511.279s] GC(744) Concurrent Clear Claimed Marks
[2025-06-03T16:08:57.971+0530][511.279s] GC(745) Pause Full (G1 Compaction Pause)
[2025-06-03T16:08:57.971+0530][511.279s] GC(744) Concurrent Clear Claimed Marks 0.073ms
[2025-06-03T16:08:57.971+0530][511.279s] GC(744) Concurrent Scan Root Regions
[2025-06-03T16:08:57.971+0530][511.279s] GC(744) Concurrent Scan Root Regions 0.039ms
[2025-06-03T16:08:57.971+0530][511.279s] GC(744) Concurrent Mark
[2025-06-03T16:08:57.971+0530][511.279s] GC(744) Concurrent Mark From Roots
[2025-06-03T16:08:57.972+0530][511.279s] GC(744) Using 2 workers of 2 for marking
[2025-06-03T16:08:57.972+0530][511.279s] GC(745) Phase 1: Mark live objects
[2025-06-03T16:08:58.857+0530][512.165s] GC(745) ReferenceProcessor::execute queues: 8, RefProcThreadModel::Multi, marks_oops_alive: true
[2025-06-03T16:08:58.857+0530][512.165s] GC(745) ReferenceProcessor::execute queues: 2, RefProcThreadModel::Multi, marks_oops_alive: false
[2025-06-03T16:08:58.857+0530][512.165s] GC(745) Skipped phase 3 of Reference Processing: no references
[2025-06-03T16:08:58.857+0530][512.165s] GC(745) ReferenceProcessor::execute queues: 1, RefProcThreadModel::Single, marks_oops_alive: false
[2025-06-03T16:08:58.859+0530][512.166s] GC(745) Phase 1: Mark live objects 887.070ms
[2025-06-03T16:08:58.859+0530][512.166s] GC(745) Phase 2: Prepare for compaction
[2025-06-03T16:08:58.859+0530][512.167s] GC(745) Phase 2: Prepare for compaction 0.576ms
[2025-06-03T16:08:58.859+0530][512.167s] GC(745) Phase 3: Adjust pointers
[2025-06-03T16:08:58.917+0530][512.225s] GC(745) Phase 3: Adjust pointers 58.014ms
[2025-06-03T16:08:58.917+0530][512.225s] GC(745) Phase 4: Compact heap
[2025-06-03T16:08:58.918+0530][512.225s] GC(745) Phase 4: Compact heap 0.293ms
[2025-06-03T16:08:58.921+0530][512.229s] GC(745) Eden regions: 0->0(25)
[2025-06-03T16:08:58.921+0530][512.229s] GC(745) Survivor regions: 0->0(0)
[2025-06-03T16:08:58.921+0530][512.229s] GC(745) Old regions: 510->509
[2025-06-03T16:08:58.921+0530][512.229s] GC(745) Archive regions: 2->2
[2025-06-03T16:08:58.921+0530][512.229s] GC(745) Humongous regions: 0->0
[2025-06-03T16:08:58.921+0530][512.229s] GC(745) Metaspace: 20414K(21056K)->20414K(21056K) NonClass: 17882K(18240K)->17882K(18240K) Class: 2531K(2816K)->2531K(2816K)
[2025-06-03T16:08:58.921+0530][512.229s] GC(745) Pause Full (G1 Compaction Pause) 510M->509M(512M) 950.187ms
[2025-06-03T16:08:58.922+0530][512.229s] GC(745) User=2.20s Sys=0.07s Real=0.95s
[2025-06-03T16:08:58.922+0530][512.230s] GC(744) Concurrent Mark From Roots 950.485ms
[2025-06-03T16:08:58.922+0530][512.230s] GC(744) Concurrent Mark Abort
[2025-06-03T16:08:58.922+0530][512.230s] GC(744) Concurrent Mark Cycle 950.841ms
[2025-06-03T16:08:58.929+0530][512.236s] GC(746) Pause Young (Normal) (G1 Evacuation Pause)
[2025-06-03T16:08:58.929+0530][512.236s] GC(746) Using 8 workers of 8 for evacuation
[2025-06-03T16:08:58.929+0530][512.237s] GC(746) Skipped phase 1 of Reference Processing: no references
[2025-06-03T16:08:58.929+0530][512.237s] GC(746) Skipped phase 2 of Reference Processing: no references
[2025-06-03T16:08:58.929+0530][512.237s] GC(746) Skipped phase 3 of Reference Processing: no references
[2025-06-03T16:08:58.929+0530][512.237s] GC(746) Skipped phase 4 of Reference Processing: no references
[2025-06-03T16:08:58.930+0530][512.237s] GC(746) To-space exhausted
[2025-06-03T16:08:58.930+0530][512.237s] GC(746)   Pre Evacuate Collection Set: 0.1ms
[2025-06-03T16:08:58.930+0530][512.237s] GC(746)   Merge Heap Roots: 0.1ms
[2025-06-03T16:08:58.930+0530][512.237s] GC(746)   Evacuate Collection Set: 0.4ms
[2025-06-03T16:08:58.930+0530][512.237s] GC(746)   Post Evacuate Collection Set: 0.5ms
[2025-06-03T16:08:58.930+0530][512.237s] GC(746)   Other: 0.2ms
[2025-06-03T16:08:58.930+0530][512.238s] GC(746) Eden regions: 1->0(25)
[2025-06-03T16:08:58.930+0530][512.238s] GC(746) Survivor regions: 0->0(0)
[2025-06-03T16:08:58.930+0530][512.238s] GC(746) Old regions: 509->510
[2025-06-03T16:08:58.930+0530][512.238s] GC(746) Archive regions: 2->2
[2025-06-03T16:08:58.930+0530][512.238s] GC(746) Humongous regions: 0->0
[2025-06-03T16:08:58.930+0530][512.238s] GC(746) Metaspace: 20414K(21056K)->20414K(21056K) NonClass: 17882K(18240K)->17882K(18240K) Class: 2531K(2816K)->2531K(2816K)
[2025-06-03T16:08:58.930+0530][512.238s] GC(746) Pause Young (Normal) (G1 Evacuation Pause) 510M->510M(512M) 1.501ms
[2025-06-03T16:08:58.930+0530][512.238s] GC(746) User=0.00s Sys=0.00s Real=0.01s
[2025-06-03T16:08:58.930+0530][512.238s] Attempting full compaction
[2025-06-03T16:08:58.930+0530][512.238s] GC(747) Using 8 workers of 8 for full compaction
[2025-06-03T16:08:58.930+0530][512.238s] GC(747) Pause Full (G1 Compaction Pause)
[2025-06-03T16:08:58.930+0530][512.238s] GC(747) Phase 1: Mark live objects
[2025-06-03T16:08:59.803+0530][513.110s] GC(747) ReferenceProcessor::execute queues: 8, RefProcThreadModel::Multi, marks_oops_alive: true
[2025-06-03T16:08:59.803+0530][513.110s] GC(747) ReferenceProcessor::execute queues: 2, RefProcThreadModel::Multi, marks_oops_alive: false
[2025-06-03T16:08:59.803+0530][513.111s] GC(747) Skipped phase 3 of Reference Processing: no references
[2025-06-03T16:08:59.803+0530][513.111s] GC(747) ReferenceProcessor::execute queues: 1, RefProcThreadModel::Single, marks_oops_alive: false
[2025-06-03T16:08:59.805+0530][513.113s] GC(747) Phase 1: Mark live objects 874.739ms
[2025-06-03T16:08:59.805+0530][513.113s] GC(747) Phase 2: Prepare for compaction
[2025-06-03T16:08:59.806+0530][513.113s] GC(747) Phase 2: Prepare for compaction 0.446ms
[2025-06-03T16:08:59.806+0530][513.113s] GC(747) Phase 3: Adjust pointers
[2025-06-03T16:08:59.863+0530][513.171s] GC(747) Phase 3: Adjust pointers 57.787ms
[2025-06-03T16:08:59.863+0530][513.171s] GC(747) Phase 4: Compact heap
[2025-06-03T16:08:59.864+0530][513.171s] GC(747) Phase 4: Compact heap 0.236ms
[2025-06-03T16:08:59.867+0530][513.175s] GC(747) Eden regions: 0->0(25)
[2025-06-03T16:08:59.867+0530][513.175s] GC(747) Survivor regions: 0->0(0)
[2025-06-03T16:08:59.867+0530][513.175s] GC(747) Old regions: 510->509
[2025-06-03T16:08:59.867+0530][513.175s] GC(747) Archive regions: 2->2
[2025-06-03T16:08:59.867+0530][513.175s] GC(747) Humongous regions: 0->0
[2025-06-03T16:08:59.867+0530][513.175s] GC(747) Metaspace: 20414K(21056K)->20384K(21056K) NonClass: 17882K(18240K)->17857K(18240K) Class: 2531K(2816K)->2526K(2816K)
[2025-06-03T16:08:59.867+0530][513.175s] GC(747) Pause Full (G1 Compaction Pause) 510M->509M(512M) 937.130ms
[2025-06-03T16:08:59.868+0530][513.175s] GC(747) User=2.18s Sys=0.06s Real=0.93s
[2025-06-03T16:08:59.872+0530][513.179s] GC(748) Pause Young (Concurrent Start) (G1 Evacuation Pause)
[2025-06-03T16:08:59.872+0530][513.179s] GC(748) Using 8 workers of 8 for evacuation
[2025-06-03T16:08:59.873+0530][513.180s] GC(748) Skipped phase 1 of Reference Processing: no references
[2025-06-03T16:08:59.873+0530][513.180s] GC(748) ReferenceProcessor::execute queues: 1, RefProcThreadModel::Single, marks_oops_alive: false
[2025-06-03T16:08:59.873+0530][513.180s] GC(748) Skipped phase 3 of Reference Processing: no references
[2025-06-03T16:08:59.873+0530][513.180s] GC(748) Skipped phase 4 of Reference Processing: no references
[2025-06-03T16:08:59.874+0530][513.181s] GC(748) To-space exhausted
[2025-06-03T16:08:59.874+0530][513.181s] GC(748)   Pre Evacuate Collection Set: 0.1ms
[2025-06-03T16:08:59.874+0530][513.181s] GC(748)   Merge Heap Roots: 0.0ms
[2025-06-03T16:08:59.874+0530][513.181s] GC(748)   Evacuate Collection Set: 0.8ms
[2025-06-03T16:08:59.874+0530][513.181s] GC(748)   Post Evacuate Collection Set: 1.0ms
[2025-06-03T16:08:59.874+0530][513.181s] GC(748)   Other: 0.2ms
[2025-06-03T16:08:59.874+0530][513.181s] GC(748) Eden regions: 1->0(25)
[2025-06-03T16:08:59.874+0530][513.181s] GC(748) Survivor regions: 0->0(0)
[2025-06-03T16:08:59.874+0530][513.182s] GC(748) Old regions: 509->510
[2025-06-03T16:08:59.874+0530][513.182s] GC(748) Archive regions: 2->2
[2025-06-03T16:08:59.874+0530][513.182s] GC(748) Humongous regions: 0->0
[2025-06-03T16:08:59.874+0530][513.182s] GC(748) Metaspace: 20387K(21056K)->20387K(21056K) NonClass: 17860K(18240K)->17860K(18240K) Class: 2527K(2816K)->2527K(2816K)
[2025-06-03T16:08:59.874+0530][513.182s] GC(748) Pause Young (Concurrent Start) (G1 Evacuation Pause) 510M->510M(512M) 2.332ms
[2025-06-03T16:08:59.874+0530][513.182s] GC(748) User=0.00s Sys=0.01s Real=0.00s
[2025-06-03T16:08:59.874+0530][513.182s] Attempting full compaction
[2025-06-03T16:08:59.874+0530][513.182s] GC(749) Concurrent Mark Cycle
[2025-06-03T16:08:59.874+0530][513.182s] GC(750) Using 8 workers of 8 for full compaction
[2025-06-03T16:08:59.874+0530][513.182s] GC(749) Concurrent Clear Claimed Marks
[2025-06-03T16:08:59.874+0530][513.182s] GC(750) Pause Full (G1 Compaction Pause)
[2025-06-03T16:08:59.874+0530][513.182s] GC(749) Concurrent Clear Claimed Marks 0.110ms
[2025-06-03T16:08:59.874+0530][513.182s] GC(749) Concurrent Scan Root Regions
[2025-06-03T16:08:59.874+0530][513.182s] GC(749) Concurrent Scan Root Regions 0.012ms
[2025-06-03T16:08:59.874+0530][513.182s] GC(749) Concurrent Mark
[2025-06-03T16:08:59.874+0530][513.182s] GC(749) Concurrent Mark From Roots
[2025-06-03T16:08:59.874+0530][513.182s] GC(749) Using 2 workers of 2 for marking
[2025-06-03T16:08:59.875+0530][513.182s] GC(750) Phase 1: Mark live objects
[2025-06-03T16:09:00.758+0530][514.066s] GC(750) ReferenceProcessor::execute queues: 8, RefProcThreadModel::Multi, marks_oops_alive: true
[2025-06-03T16:09:00.759+0530][514.066s] GC(750) ReferenceProcessor::execute queues: 2, RefProcThreadModel::Multi, marks_oops_alive: false
[2025-06-03T16:09:00.759+0530][514.066s] GC(750) Skipped phase 3 of Reference Processing: no references
[2025-06-03T16:09:00.759+0530][514.066s] GC(750) ReferenceProcessor::execute queues: 1, RefProcThreadModel::Single, marks_oops_alive: false
[2025-06-03T16:09:00.760+0530][514.068s] GC(750) Phase 1: Mark live objects 885.078ms
[2025-06-03T16:09:00.760+0530][514.068s] GC(750) Phase 2: Prepare for compaction
[2025-06-03T16:09:00.760+0530][514.068s] GC(750) Phase 2: Prepare for compaction 0.568ms
[2025-06-03T16:09:00.761+0530][514.068s] GC(750) Phase 3: Adjust pointers
[2025-06-03T16:09:00.817+0530][514.125s] GC(750) Phase 3: Adjust pointers 56.714ms
[2025-06-03T16:09:00.817+0530][514.125s] GC(750) Phase 4: Compact heap
[2025-06-03T16:09:00.818+0530][514.125s] GC(750) Phase 4: Compact heap 0.359ms
[2025-06-03T16:09:00.821+0530][514.129s] GC(750) Eden regions: 0->0(25)
[2025-06-03T16:09:00.821+0530][514.129s] GC(750) Survivor regions: 0->0(0)
[2025-06-03T16:09:00.821+0530][514.129s] GC(750) Old regions: 510->509
[2025-06-03T16:09:00.821+0530][514.129s] GC(750) Archive regions: 2->2
[2025-06-03T16:09:00.821+0530][514.129s] GC(750) Humongous regions: 0->0
[2025-06-03T16:09:00.821+0530][514.129s] GC(750) Metaspace: 20387K(21056K)->20387K(21056K) NonClass: 17860K(18240K)->17860K(18240K) Class: 2527K(2816K)->2527K(2816K)
[2025-06-03T16:09:00.821+0530][514.129s] GC(750) Pause Full (G1 Compaction Pause) 510M->509M(512M) 946.916ms
[2025-06-03T16:09:00.821+0530][514.129s] GC(750) User=2.19s Sys=0.07s Real=0.95s
[2025-06-03T16:09:00.822+0530][514.129s] GC(749) Concurrent Mark From Roots 947.177ms
[2025-06-03T16:09:00.822+0530][514.129s] GC(749) Concurrent Mark Abort
[2025-06-03T16:09:00.822+0530][514.129s] GC(749) Concurrent Mark Cycle 947.515ms
[2025-06-03T16:09:00.826+0530][514.134s] GC(751) Pause Young (Normal) (G1 Evacuation Pause)
[2025-06-03T16:09:00.826+0530][514.134s] GC(751) Using 8 workers of 8 for evacuation
[2025-06-03T16:09:00.827+0530][514.135s] GC(751) Skipped phase 1 of Reference Processing: no references
[2025-06-03T16:09:00.827+0530][514.135s] GC(751) Skipped phase 2 of Reference Processing: no references
[2025-06-03T16:09:00.827+0530][514.135s] GC(751) Skipped phase 3 of Reference Processing: no references
[2025-06-03T16:09:00.827+0530][514.135s] GC(751) Skipped phase 4 of Reference Processing: no references
[2025-06-03T16:09:00.828+0530][514.135s] GC(751) To-space exhausted
[2025-06-03T16:09:00.828+0530][514.135s] GC(751)   Pre Evacuate Collection Set: 0.1ms
[2025-06-03T16:09:00.828+0530][514.135s] GC(751)   Merge Heap Roots: 0.0ms
[2025-06-03T16:09:00.828+0530][514.135s] GC(751)   Evacuate Collection Set: 0.4ms
[2025-06-03T16:09:00.828+0530][514.135s] GC(751)   Post Evacuate Collection Set: 0.8ms
[2025-06-03T16:09:00.828+0530][514.135s] GC(751)   Other: 0.2ms
[2025-06-03T16:09:00.828+0530][514.135s] GC(751) Eden regions: 1->0(25)
[2025-06-03T16:09:00.828+0530][514.135s] GC(751) Survivor regions: 0->0(0)
[2025-06-03T16:09:00.828+0530][514.135s] GC(751) Old regions: 509->510
[2025-06-03T16:09:00.828+0530][514.135s] GC(751) Archive regions: 2->2
[2025-06-03T16:09:00.828+0530][514.135s] GC(751) Humongous regions: 0->0
[2025-06-03T16:09:00.828+0530][514.135s] GC(751) Metaspace: 20415K(21056K)->20415K(21056K) NonClass: 17884K(18240K)->17884K(18240K) Class: 2531K(2816K)->2531K(2816K)
[2025-06-03T16:09:00.828+0530][514.136s] GC(751) Pause Young (Normal) (G1 Evacuation Pause) 510M->510M(512M) 1.544ms
[2025-06-03T16:09:00.828+0530][514.136s] GC(751) User=0.00s Sys=0.00s Real=0.00s
[2025-06-03T16:09:00.828+0530][514.136s] Attempting full compaction
[2025-06-03T16:09:00.828+0530][514.136s] GC(752) Using 8 workers of 8 for full compaction
[2025-06-03T16:09:00.828+0530][514.136s] GC(752) Pause Full (G1 Compaction Pause)
[2025-06-03T16:09:00.828+0530][514.136s] GC(752) Phase 1: Mark live objects
[2025-06-03T16:09:01.704+0530][515.011s] GC(752) ReferenceProcessor::execute queues: 8, RefProcThreadModel::Multi, marks_oops_alive: true
[2025-06-03T16:09:01.704+0530][515.011s] GC(752) ReferenceProcessor::execute queues: 2, RefProcThreadModel::Multi, marks_oops_alive: false
[2025-06-03T16:09:01.704+0530][515.012s] GC(752) Skipped phase 3 of Reference Processing: no references
[2025-06-03T16:09:01.704+0530][515.012s] GC(752) ReferenceProcessor::execute queues: 1, RefProcThreadModel::Single, marks_oops_alive: false
[2025-06-03T16:09:01.706+0530][515.014s] GC(752) Phase 1: Mark live objects 878.022ms
[2025-06-03T16:09:01.706+0530][515.014s] GC(752) Phase 2: Prepare for compaction
[2025-06-03T16:09:01.707+0530][515.014s] GC(752) Phase 2: Prepare for compaction 0.554ms
[2025-06-03T16:09:01.707+0530][515.014s] GC(752) Phase 3: Adjust pointers
[2025-06-03T16:09:01.763+0530][515.071s] GC(752) Phase 3: Adjust pointers 56.406ms
[2025-06-03T16:09:01.763+0530][515.071s] GC(752) Phase 4: Compact heap
[2025-06-03T16:09:01.763+0530][515.071s] GC(752) Phase 4: Compact heap 0.294ms
[2025-06-03T16:09:01.767+0530][515.074s] GC(752) Eden regions: 0->0(25)
[2025-06-03T16:09:01.767+0530][515.075s] GC(752) Survivor regions: 0->0(0)
[2025-06-03T16:09:01.767+0530][515.075s] GC(752) Old regions: 510->509
[2025-06-03T16:09:01.767+0530][515.075s] GC(752) Archive regions: 2->2
[2025-06-03T16:09:01.767+0530][515.075s] GC(752) Humongous regions: 0->0
[2025-06-03T16:09:01.767+0530][515.075s] GC(752) Metaspace: 20415K(21056K)->20402K(21056K) NonClass: 17884K(18240K)->17872K(18240K) Class: 2531K(2816K)->2529K(2816K)
[2025-06-03T16:09:01.767+0530][515.075s] GC(752) Pause Full (G1 Compaction Pause) 510M->509M(512M) 938.985ms
[2025-06-03T16:09:01.767+0530][515.075s] GC(752) User=2.19s Sys=0.06s Real=0.94s
[2025-06-03T16:09:01.776+0530][515.083s] GC(753) Pause Young (Concurrent Start) (G1 Evacuation Pause)
[2025-06-03T16:09:01.776+0530][515.083s] GC(753) Using 8 workers of 8 for evacuation
[2025-06-03T16:09:01.777+0530][515.084s] GC(753) Skipped phase 1 of Reference Processing: no references
[2025-06-03T16:09:01.777+0530][515.084s] GC(753) ReferenceProcessor::execute queues: 1, RefProcThreadModel::Single, marks_oops_alive: false
[2025-06-03T16:09:01.777+0530][515.085s] GC(753) Skipped phase 3 of Reference Processing: no references
[2025-06-03T16:09:01.777+0530][515.085s] GC(753) Skipped phase 4 of Reference Processing: no references
[2025-06-03T16:09:01.778+0530][515.085s] GC(753) To-space exhausted
[2025-06-03T16:09:01.778+0530][515.085s] GC(753)   Pre Evacuate Collection Set: 0.1ms
[2025-06-03T16:09:01.778+0530][515.085s] GC(753)   Merge Heap Roots: 0.0ms
[2025-06-03T16:09:01.778+0530][515.085s] GC(753)   Evacuate Collection Set: 0.8ms
[2025-06-03T16:09:01.778+0530][515.085s] GC(753)   Post Evacuate Collection Set: 0.8ms
[2025-06-03T16:09:01.778+0530][515.085s] GC(753)   Other: 0.3ms
[2025-06-03T16:09:01.778+0530][515.085s] GC(753) Eden regions: 1->0(25)
[2025-06-03T16:09:01.778+0530][515.085s] GC(753) Survivor regions: 0->0(0)
[2025-06-03T16:09:01.778+0530][515.086s] GC(753) Old regions: 509->510
[2025-06-03T16:09:01.778+0530][515.086s] GC(753) Archive regions: 2->2
[2025-06-03T16:09:01.778+0530][515.086s] GC(753) Humongous regions: 0->0
[2025-06-03T16:09:01.778+0530][515.086s] GC(753) Metaspace: 20412K(21056K)->20412K(21056K) NonClass: 17881K(18240K)->17881K(18240K) Class: 2531K(2816K)->2531K(2816K)
[2025-06-03T16:09:01.778+0530][515.086s] GC(753) Pause Young (Concurrent Start) (G1 Evacuation Pause) 510M->510M(512M) 2.235ms
[2025-06-03T16:09:01.778+0530][515.086s] GC(753) User=0.00s Sys=0.00s Real=0.00s
[2025-06-03T16:09:01.778+0530][515.086s] Attempting full compaction
[2025-06-03T16:09:01.778+0530][515.086s] GC(754) Concurrent Mark Cycle
[2025-06-03T16:09:01.778+0530][515.086s] GC(755) Using 8 workers of 8 for full compaction
[2025-06-03T16:09:01.778+0530][515.086s] GC(754) Concurrent Clear Claimed Marks
[2025-06-03T16:09:01.778+0530][515.086s] GC(755) Pause Full (G1 Compaction Pause)
[2025-06-03T16:09:01.778+0530][515.086s] GC(754) Concurrent Clear Claimed Marks 0.083ms
[2025-06-03T16:09:01.778+0530][515.086s] GC(754) Concurrent Scan Root Regions
[2025-06-03T16:09:01.778+0530][515.086s] GC(754) Concurrent Scan Root Regions 0.029ms
[2025-06-03T16:09:01.778+0530][515.086s] GC(754) Concurrent Mark
[2025-06-03T16:09:01.778+0530][515.086s] GC(754) Concurrent Mark From Roots
[2025-06-03T16:09:01.779+0530][515.086s] GC(754) Using 2 workers of 2 for marking
[2025-06-03T16:09:01.779+0530][515.086s] GC(755) Phase 1: Mark live objects
[2025-06-03T16:09:02.660+0530][515.968s] GC(755) ReferenceProcessor::execute queues: 8, RefProcThreadModel::Multi, marks_oops_alive: true
[2025-06-03T16:09:02.660+0530][515.968s] GC(755) ReferenceProcessor::execute queues: 2, RefProcThreadModel::Multi, marks_oops_alive: false
[2025-06-03T16:09:02.660+0530][515.968s] GC(755) Skipped phase 3 of Reference Processing: no references
[2025-06-03T16:09:02.660+0530][515.968s] GC(755) ReferenceProcessor::execute queues: 1, RefProcThreadModel::Single, marks_oops_alive: false
[2025-06-03T16:09:02.662+0530][515.970s] GC(755) Phase 1: Mark live objects 883.562ms
[2025-06-03T16:09:02.662+0530][515.970s] GC(755) Phase 2: Prepare for compaction
[2025-06-03T16:09:02.663+0530][515.971s] GC(755) Phase 2: Prepare for compaction 0.596ms
[2025-06-03T16:09:02.663+0530][515.971s] GC(755) Phase 3: Adjust pointers
[2025-06-03T16:09:02.720+0530][516.027s] GC(755) Phase 3: Adjust pointers 56.607ms
[2025-06-03T16:09:02.720+0530][516.027s] GC(755) Phase 4: Compact heap
[2025-06-03T16:09:02.720+0530][516.028s] GC(755) Phase 4: Compact heap 0.304ms
[2025-06-03T16:09:02.723+0530][516.031s] GC(755) Eden regions: 0->0(25)
[2025-06-03T16:09:02.724+0530][516.031s] GC(755) Survivor regions: 0->0(0)
[2025-06-03T16:09:02.724+0530][516.031s] GC(755) Old regions: 510->509
[2025-06-03T16:09:02.724+0530][516.031s] GC(755) Archive regions: 2->2
[2025-06-03T16:09:02.724+0530][516.031s] GC(755) Humongous regions: 0->0
[2025-06-03T16:09:02.724+0530][516.031s] GC(755) Metaspace: 20412K(21056K)->20385K(21056K) NonClass: 17881K(18240K)->17858K(18240K) Class: 2531K(2816K)->2526K(2816K)
[2025-06-03T16:09:02.724+0530][516.031s] GC(755) Pause Full (G1 Compaction Pause) 510M->509M(512M) 945.459ms
[2025-06-03T16:09:02.724+0530][516.032s] GC(755) User=2.20s Sys=0.06s Real=0.95s
[2025-06-03T16:09:02.724+0530][516.032s] GC(754) Concurrent Mark From Roots 945.691ms
[2025-06-03T16:09:02.724+0530][516.032s] GC(754) Concurrent Mark Abort
[2025-06-03T16:09:02.724+0530][516.032s] GC(754) Concurrent Mark Cycle 946.078ms
[2025-06-03T16:09:02.728+0530][516.036s] GC(756) Pause Young (Normal) (G1 Evacuation Pause)
[2025-06-03T16:09:02.728+0530][516.036s] GC(756) Using 8 workers of 8 for evacuation
[2025-06-03T16:09:02.729+0530][516.037s] GC(756) Skipped phase 1 of Reference Processing: no references
[2025-06-03T16:09:02.729+0530][516.037s] GC(756) ReferenceProcessor::execute queues: 1, RefProcThreadModel::Single, marks_oops_alive: false
[2025-06-03T16:09:02.729+0530][516.037s] GC(756) Skipped phase 3 of Reference Processing: no references
[2025-06-03T16:09:02.729+0530][516.037s] GC(756) Skipped phase 4 of Reference Processing: no references
[2025-06-03T16:09:02.730+0530][516.037s] GC(756) To-space exhausted
[2025-06-03T16:09:02.730+0530][516.037s] GC(756)   Pre Evacuate Collection Set: 0.1ms
[2025-06-03T16:09:02.730+0530][516.037s] GC(756)   Merge Heap Roots: 0.0ms
[2025-06-03T16:09:02.730+0530][516.037s] GC(756)   Evacuate Collection Set: 0.5ms
[2025-06-03T16:09:02.730+0530][516.037s] GC(756)   Post Evacuate Collection Set: 0.7ms
[2025-06-03T16:09:02.730+0530][516.037s] GC(756)   Other: 0.2ms
[2025-06-03T16:09:02.730+0530][516.037s] GC(756) Eden regions: 1->0(25)
[2025-06-03T16:09:02.730+0530][516.037s] GC(756) Survivor regions: 0->0(0)
[2025-06-03T16:09:02.730+0530][516.037s] GC(756) Old regions: 509->510
[2025-06-03T16:09:02.730+0530][516.037s] GC(756) Archive regions: 2->2
[2025-06-03T16:09:02.730+0530][516.037s] GC(756) Humongous regions: 0->0
[2025-06-03T16:09:02.730+0530][516.037s] GC(756) Metaspace: 20389K(21056K)->20389K(21056K) NonClass: 17861K(18240K)->17861K(18240K) Class: 2527K(2816K)->2527K(2816K)
[2025-06-03T16:09:02.730+0530][516.037s] GC(756) Pause Young (Normal) (G1 Evacuation Pause) 510M->510M(512M) 1.665ms
[2025-06-03T16:09:02.730+0530][516.037s] GC(756) User=0.01s Sys=0.00s Real=0.01s
[2025-06-03T16:09:02.730+0530][516.037s] Attempting full compaction
[2025-06-03T16:09:02.730+0530][516.038s] GC(757) Using 8 workers of 8 for full compaction
[2025-06-03T16:09:02.730+0530][516.038s] GC(757) Pause Full (G1 Compaction Pause)
[2025-06-03T16:09:02.730+0530][516.038s] GC(757) Phase 1: Mark live objects
[2025-06-03T16:09:03.647+0530][516.955s] GC(757) ReferenceProcessor::execute queues: 8, RefProcThreadModel::Multi, marks_oops_alive: true
[2025-06-03T16:09:03.647+0530][516.955s] GC(757) ReferenceProcessor::execute queues: 2, RefProcThreadModel::Multi, marks_oops_alive: false
[2025-06-03T16:09:03.647+0530][516.955s] GC(757) Skipped phase 3 of Reference Processing: no references
[2025-06-03T16:09:03.647+0530][516.955s] GC(757) ReferenceProcessor::execute queues: 1, RefProcThreadModel::Single, marks_oops_alive: false
[2025-06-03T16:09:03.648+0530][516.956s] GC(757) Phase 1: Mark live objects 918.523ms
[2025-06-03T16:09:03.648+0530][516.956s] GC(757) Phase 2: Prepare for compaction
[2025-06-03T16:09:03.649+0530][516.957s] GC(757) Phase 2: Prepare for compaction 0.529ms
[2025-06-03T16:09:03.649+0530][516.957s] GC(757) Phase 3: Adjust pointers
[2025-06-03T16:09:03.706+0530][517.014s] GC(757) Phase 3: Adjust pointers 56.836ms
[2025-06-03T16:09:03.706+0530][517.014s] GC(757) Phase 4: Compact heap
[2025-06-03T16:09:03.706+0530][517.014s] GC(757) Phase 4: Compact heap 0.337ms
[2025-06-03T16:09:03.710+0530][517.018s] GC(757) Eden regions: 0->0(25)
[2025-06-03T16:09:03.710+0530][517.018s] GC(757) Survivor regions: 0->0(0)
[2025-06-03T16:09:03.710+0530][517.018s] GC(757) Old regions: 510->509
[2025-06-03T16:09:03.710+0530][517.018s] GC(757) Archive regions: 2->2
[2025-06-03T16:09:03.710+0530][517.018s] GC(757) Humongous regions: 0->0
[2025-06-03T16:09:03.710+0530][517.018s] GC(757) Metaspace: 20389K(21056K)->20389K(21056K) NonClass: 17861K(18240K)->17861K(18240K) Class: 2527K(2816K)->2527K(2816K)
[2025-06-03T16:09:03.710+0530][517.018s] GC(757) Pause Full (G1 Compaction Pause) 510M->509M(512M) 980.099ms
[2025-06-03T16:09:03.710+0530][517.018s] GC(757) User=2.25s Sys=0.08s Real=0.98s
[2025-06-03T16:09:03.714+0530][517.022s] GC(758) Pause Young (Concurrent Start) (G1 Evacuation Pause)
[2025-06-03T16:09:03.715+0530][517.022s] GC(758) Using 8 workers of 8 for evacuation
[2025-06-03T16:09:03.716+0530][517.024s] GC(758) Skipped phase 1 of Reference Processing: no references
[2025-06-03T16:09:03.716+0530][517.024s] GC(758) ReferenceProcessor::execute queues: 1, RefProcThreadModel::Single, marks_oops_alive: false
[2025-06-03T16:09:03.716+0530][517.024s] GC(758) Skipped phase 3 of Reference Processing: no references
[2025-06-03T16:09:03.716+0530][517.024s] GC(758) Skipped phase 4 of Reference Processing: no references
[2025-06-03T16:09:03.717+0530][517.024s] GC(758) To-space exhausted
[2025-06-03T16:09:03.717+0530][517.024s] GC(758)   Pre Evacuate Collection Set: 0.1ms
[2025-06-03T16:09:03.717+0530][517.024s] GC(758)   Merge Heap Roots: 0.0ms
[2025-06-03T16:09:03.717+0530][517.025s] GC(758)   Evacuate Collection Set: 1.0ms
[2025-06-03T16:09:03.717+0530][517.025s] GC(758)   Post Evacuate Collection Set: 0.9ms
[2025-06-03T16:09:03.717+0530][517.025s] GC(758)   Other: 0.3ms
[2025-06-03T16:09:03.717+0530][517.025s] GC(758) Eden regions: 1->0(25)
[2025-06-03T16:09:03.717+0530][517.025s] GC(758) Survivor regions: 0->0(0)
[2025-06-03T16:09:03.717+0530][517.025s] GC(758) Old regions: 509->510
[2025-06-03T16:09:03.717+0530][517.025s] GC(758) Archive regions: 2->2
[2025-06-03T16:09:03.717+0530][517.025s] GC(758) Humongous regions: 0->0
[2025-06-03T16:09:03.717+0530][517.025s] GC(758) Metaspace: 20413K(21056K)->20413K(21056K) NonClass: 17881K(18240K)->17881K(18240K) Class: 2531K(2816K)->2531K(2816K)
[2025-06-03T16:09:03.717+0530][517.025s] GC(758) Pause Young (Concurrent Start) (G1 Evacuation Pause) 510M->510M(512M) 2.516ms
[2025-06-03T16:09:03.717+0530][517.025s] GC(758) User=0.00s Sys=0.01s Real=0.00s
[2025-06-03T16:09:03.717+0530][517.025s] Attempting full compaction
[2025-06-03T16:09:03.717+0530][517.025s] GC(760) Concurrent Mark Cycle
[2025-06-03T16:09:03.717+0530][517.025s] GC(759) Using 8 workers of 8 for full compaction
[2025-06-03T16:09:03.717+0530][517.025s] GC(760) Concurrent Clear Claimed Marks
[2025-06-03T16:09:03.717+0530][517.025s] GC(759) Pause Full (G1 Compaction Pause)
[2025-06-03T16:09:03.717+0530][517.025s] GC(760) Concurrent Clear Claimed Marks 0.100ms
[2025-06-03T16:09:03.717+0530][517.025s] GC(760) Concurrent Scan Root Regions
[2025-06-03T16:09:03.717+0530][517.025s] GC(760) Concurrent Scan Root Regions 0.054ms
[2025-06-03T16:09:03.717+0530][517.025s] GC(760) Concurrent Mark
[2025-06-03T16:09:03.717+0530][517.025s] GC(760) Concurrent Mark From Roots
[2025-06-03T16:09:03.718+0530][517.025s] GC(760) Using 2 workers of 2 for marking
[2025-06-03T16:09:03.718+0530][517.025s] GC(759) Phase 1: Mark live objects
[2025-06-03T16:09:04.630+0530][517.937s] GC(759) ReferenceProcessor::execute queues: 8, RefProcThreadModel::Multi, marks_oops_alive: true
[2025-06-03T16:09:04.630+0530][517.938s] GC(759) ReferenceProcessor::execute queues: 2, RefProcThreadModel::Multi, marks_oops_alive: false
[2025-06-03T16:09:04.630+0530][517.938s] GC(759) Skipped phase 3 of Reference Processing: no references
[2025-06-03T16:09:04.630+0530][517.938s] GC(759) ReferenceProcessor::execute queues: 1, RefProcThreadModel::Single, marks_oops_alive: false
[2025-06-03T16:09:04.632+0530][517.940s] GC(759) Phase 1: Mark live objects 914.407ms
[2025-06-03T16:09:04.632+0530][517.940s] GC(759) Phase 2: Prepare for compaction
[2025-06-03T16:09:04.633+0530][517.940s] GC(759) Phase 2: Prepare for compaction 0.579ms
[2025-06-03T16:09:04.633+0530][517.940s] GC(759) Phase 3: Adjust pointers
[2025-06-03T16:09:04.689+0530][517.997s] GC(759) Phase 3: Adjust pointers 56.456ms
[2025-06-03T16:09:04.689+0530][517.997s] GC(759) Phase 4: Compact heap
[2025-06-03T16:09:04.690+0530][517.997s] GC(759) Phase 4: Compact heap 0.392ms
[2025-06-03T16:09:04.693+0530][518.001s] GC(759) Eden regions: 0->0(25)
[2025-06-03T16:09:04.693+0530][518.001s] GC(759) Survivor regions: 0->0(0)
[2025-06-03T16:09:04.693+0530][518.001s] GC(759) Old regions: 510->509
[2025-06-03T16:09:04.693+0530][518.001s] GC(759) Archive regions: 2->2
[2025-06-03T16:09:04.693+0530][518.001s] GC(759) Humongous regions: 0->0
[2025-06-03T16:09:04.693+0530][518.001s] GC(759) Metaspace: 20413K(21056K)->20396K(21056K) NonClass: 17881K(18240K)->17868K(18240K) Class: 2531K(2816K)->2528K(2816K)
[2025-06-03T16:09:04.694+0530][518.001s] GC(759) Pause Full (G1 Compaction Pause) 510M->509M(512M) 976.349ms
[2025-06-03T16:09:04.694+0530][518.002s] GC(759) User=2.26s Sys=0.07s Real=0.98s
[2025-06-03T16:09:04.694+0530][518.002s] GC(760) Concurrent Mark From Roots 976.609ms
[2025-06-03T16:09:04.694+0530][518.002s] GC(760) Concurrent Mark Abort
[2025-06-03T16:09:04.694+0530][518.002s] GC(760) Concurrent Mark Cycle 977.115ms
[2025-06-03T16:09:04.701+0530][518.008s] GC(761) Pause Young (Normal) (G1 Evacuation Pause)
[2025-06-03T16:09:04.701+0530][518.008s] GC(761) Using 8 workers of 8 for evacuation
[2025-06-03T16:09:04.701+0530][518.009s] GC(761) Skipped phase 1 of Reference Processing: no references
[2025-06-03T16:09:04.701+0530][518.009s] GC(761) ReferenceProcessor::execute queues: 1, RefProcThreadModel::Single, marks_oops_alive: false
[2025-06-03T16:09:04.701+0530][518.009s] GC(761) Skipped phase 3 of Reference Processing: no references
[2025-06-03T16:09:04.701+0530][518.009s] GC(761) Skipped phase 4 of Reference Processing: no references
[2025-06-03T16:09:04.702+0530][518.010s] GC(761) To-space exhausted
[2025-06-03T16:09:04.702+0530][518.010s] GC(761)   Pre Evacuate Collection Set: 0.1ms
[2025-06-03T16:09:04.702+0530][518.010s] GC(761)   Merge Heap Roots: 0.0ms
[2025-06-03T16:09:04.702+0530][518.010s] GC(761)   Evacuate Collection Set: 0.4ms
[2025-06-03T16:09:04.702+0530][518.010s] GC(761)   Post Evacuate Collection Set: 0.6ms
[2025-06-03T16:09:04.702+0530][518.010s] GC(761)   Other: 0.2ms
[2025-06-03T16:09:04.702+0530][518.010s] GC(761) Eden regions: 1->0(25)
[2025-06-03T16:09:04.702+0530][518.010s] GC(761) Survivor regions: 0->0(0)
[2025-06-03T16:09:04.702+0530][518.010s] GC(761) Old regions: 509->510
[2025-06-03T16:09:04.702+0530][518.010s] GC(761) Archive regions: 2->2
[2025-06-03T16:09:04.702+0530][518.010s] GC(761) Humongous regions: 0->0
[2025-06-03T16:09:04.702+0530][518.010s] GC(761) Metaspace: 20414K(21056K)->20414K(21056K) NonClass: 17885K(18240K)->17885K(18240K) Class: 2529K(2816K)->2529K(2816K)
[2025-06-03T16:09:04.702+0530][518.010s] GC(761) Pause Young (Normal) (G1 Evacuation Pause) 510M->510M(512M) 1.362ms
[2025-06-03T16:09:04.702+0530][518.010s] GC(761) User=0.01s Sys=0.00s Real=0.00s
[2025-06-03T16:09:04.702+0530][518.010s] Attempting full compaction
[2025-06-03T16:09:04.702+0530][518.010s] GC(762) Using 8 workers of 8 for full compaction
[2025-06-03T16:09:04.702+0530][518.010s] GC(762) Pause Full (G1 Compaction Pause)
[2025-06-03T16:09:04.702+0530][518.010s] GC(762) Phase 1: Mark live objects
[2025-06-03T16:09:05.657+0530][518.965s] GC(762) ReferenceProcessor::execute queues: 8, RefProcThreadModel::Multi, marks_oops_alive: true
[2025-06-03T16:09:05.657+0530][518.965s] GC(762) ReferenceProcessor::execute queues: 2, RefProcThreadModel::Multi, marks_oops_alive: false
[2025-06-03T16:09:05.657+0530][518.965s] GC(762) Skipped phase 3 of Reference Processing: no references
[2025-06-03T16:09:05.657+0530][518.965s] GC(762) ReferenceProcessor::execute queues: 1, RefProcThreadModel::Single, marks_oops_alive: false
[2025-06-03T16:09:05.659+0530][518.967s] GC(762) Phase 1: Mark live objects 957.171ms
[2025-06-03T16:09:05.659+0530][518.967s] GC(762) Phase 2: Prepare for compaction
[2025-06-03T16:09:05.660+0530][518.968s] GC(762) Phase 2: Prepare for compaction 0.624ms
[2025-06-03T16:09:05.660+0530][518.968s] GC(762) Phase 3: Adjust pointers
[2025-06-03T16:09:05.723+0530][519.031s] GC(762) Phase 3: Adjust pointers 63.068ms
[2025-06-03T16:09:05.723+0530][519.031s] GC(762) Phase 4: Compact heap
[2025-06-03T16:09:05.724+0530][519.031s] GC(762) Phase 4: Compact heap 0.322ms
[2025-06-03T16:09:05.728+0530][519.036s] GC(762) Eden regions: 0->0(25)
[2025-06-03T16:09:05.728+0530][519.036s] GC(762) Survivor regions: 0->0(0)
[2025-06-03T16:09:05.728+0530][519.036s] GC(762) Old regions: 510->509
[2025-06-03T16:09:05.728+0530][519.036s] GC(762) Archive regions: 2->2
[2025-06-03T16:09:05.728+0530][519.036s] GC(762) Humongous regions: 0->0
[2025-06-03T16:09:05.728+0530][519.036s] GC(762) Metaspace: 20414K(21056K)->20401K(21056K) NonClass: 17885K(18240K)->17874K(18240K) Class: 2529K(2816K)->2527K(2816K)
[2025-06-03T16:09:05.728+0530][519.036s] GC(762) Pause Full (G1 Compaction Pause) 510M->509M(512M) 1025.883ms
[2025-06-03T16:09:05.728+0530][519.036s] GC(762) User=2.30s Sys=0.10s Real=1.02s
[2025-06-03T16:09:05.736+0530][519.044s] GC(763) Pause Young (Concurrent Start) (G1 Evacuation Pause)
[2025-06-03T16:09:05.736+0530][519.044s] GC(763) Using 8 workers of 8 for evacuation
[2025-06-03T16:09:05.737+0530][519.045s] GC(763) Skipped phase 1 of Reference Processing: no references
[2025-06-03T16:09:05.738+0530][519.045s] GC(763) ReferenceProcessor::execute queues: 1, RefProcThreadModel::Single, marks_oops_alive: false
[2025-06-03T16:09:05.738+0530][519.045s] GC(763) Skipped phase 3 of Reference Processing: no references
[2025-06-03T16:09:05.738+0530][519.045s] GC(763) Skipped phase 4 of Reference Processing: no references
[2025-06-03T16:09:05.738+0530][519.046s] GC(763) To-space exhausted
[2025-06-03T16:09:05.738+0530][519.046s] GC(763)   Pre Evacuate Collection Set: 0.1ms
[2025-06-03T16:09:05.738+0530][519.046s] GC(763)   Merge Heap Roots: 0.0ms
[2025-06-03T16:09:05.738+0530][519.046s] GC(763)   Evacuate Collection Set: 0.8ms
[2025-06-03T16:09:05.738+0530][519.046s] GC(763)   Post Evacuate Collection Set: 0.8ms
[2025-06-03T16:09:05.738+0530][519.046s] GC(763)   Other: 0.2ms
[2025-06-03T16:09:05.739+0530][519.046s] GC(763) Eden regions: 1->0(25)
[2025-06-03T16:09:05.739+0530][519.046s] GC(763) Survivor regions: 0->0(0)
[2025-06-03T16:09:05.739+0530][519.046s] GC(763) Old regions: 509->510
[2025-06-03T16:09:05.739+0530][519.046s] GC(763) Archive regions: 2->2
[2025-06-03T16:09:05.739+0530][519.046s] GC(763) Humongous regions: 0->0
[2025-06-03T16:09:05.739+0530][519.046s] GC(763) Metaspace: 20416K(21056K)->20416K(21056K) NonClass: 17887K(18240K)->17887K(18240K) Class: 2529K(2816K)->2529K(2816K)
[2025-06-03T16:09:05.739+0530][519.046s] GC(763) Pause Young (Concurrent Start) (G1 Evacuation Pause) 510M->510M(512M) 2.207ms
[2025-06-03T16:09:05.739+0530][519.046s] GC(763) User=0.01s Sys=0.00s Real=0.00s
[2025-06-03T16:09:05.739+0530][519.046s] Attempting full compaction
[2025-06-03T16:09:05.739+0530][519.046s] GC(764) Concurrent Mark Cycle
[2025-06-03T16:09:05.739+0530][519.046s] GC(765) Using 8 workers of 8 for full compaction
[2025-06-03T16:09:05.739+0530][519.046s] GC(764) Concurrent Clear Claimed Marks
[2025-06-03T16:09:05.739+0530][519.047s] GC(765) Pause Full (G1 Compaction Pause)
[2025-06-03T16:09:05.739+0530][519.047s] GC(764) Concurrent Clear Claimed Marks 0.125ms
[2025-06-03T16:09:05.739+0530][519.047s] GC(764) Concurrent Scan Root Regions
[2025-06-03T16:09:05.739+0530][519.047s] GC(764) Concurrent Scan Root Regions 0.452ms
[2025-06-03T16:09:05.739+0530][519.047s] GC(765) Phase 1: Mark live objects
[2025-06-03T16:09:06.649+0530][519.957s] GC(765) ReferenceProcessor::execute queues: 8, RefProcThreadModel::Multi, marks_oops_alive: true
[2025-06-03T16:09:06.649+0530][519.957s] GC(765) ReferenceProcessor::execute queues: 2, RefProcThreadModel::Multi, marks_oops_alive: false
[2025-06-03T16:09:06.650+0530][519.957s] GC(765) Skipped phase 3 of Reference Processing: no references
[2025-06-03T16:09:06.650+0530][519.957s] GC(765) ReferenceProcessor::execute queues: 1, RefProcThreadModel::Single, marks_oops_alive: false
[2025-06-03T16:09:06.652+0530][519.959s] GC(765) Phase 1: Mark live objects 912.385ms
[2025-06-03T16:09:06.652+0530][519.960s] GC(765) Phase 2: Prepare for compaction
[2025-06-03T16:09:06.652+0530][519.960s] GC(765) Phase 2: Prepare for compaction 0.686ms
[2025-06-03T16:09:06.653+0530][519.960s] GC(765) Phase 3: Adjust pointers
[2025-06-03T16:09:06.710+0530][520.018s] GC(765) Phase 3: Adjust pointers 57.559ms
[2025-06-03T16:09:06.710+0530][520.018s] GC(765) Phase 4: Compact heap
[2025-06-03T16:09:06.711+0530][520.018s] GC(765) Phase 4: Compact heap 0.355ms
[2025-06-03T16:09:06.714+0530][520.022s] GC(765) Eden regions: 0->0(25)
[2025-06-03T16:09:06.715+0530][520.022s] GC(765) Survivor regions: 0->0(0)
[2025-06-03T16:09:06.715+0530][520.022s] GC(765) Old regions: 510->509
[2025-06-03T16:09:06.715+0530][520.022s] GC(765) Archive regions: 2->2
[2025-06-03T16:09:06.715+0530][520.022s] GC(765) Humongous regions: 0->0
[2025-06-03T16:09:06.715+0530][520.022s] GC(765) Metaspace: 20416K(21056K)->20403K(21056K) NonClass: 17887K(18240K)->17875K(18240K) Class: 2529K(2816K)->2527K(2816K)
[2025-06-03T16:09:06.715+0530][520.022s] GC(765) Pause Full (G1 Compaction Pause) 510M->509M(512M) 975.916ms
[2025-06-03T16:09:06.715+0530][520.023s] GC(765) User=2.24s Sys=0.07s Real=0.98s
[2025-06-03T16:09:06.715+0530][520.023s] GC(764) Concurrent Mark Abort
[2025-06-03T16:09:06.715+0530][520.023s] GC(764) Concurrent Mark Cycle 976.622ms
[2025-06-03T16:09:06.719+0530][520.026s] GC(766) Pause Young (Normal) (G1 Evacuation Pause)
[2025-06-03T16:09:06.719+0530][520.027s] GC(766) Using 8 workers of 8 for evacuation
[2025-06-03T16:09:06.720+0530][520.027s] GC(766) Skipped phase 1 of Reference Processing: no references
[2025-06-03T16:09:06.720+0530][520.027s] GC(766) ReferenceProcessor::execute queues: 1, RefProcThreadModel::Single, marks_oops_alive: false
[2025-06-03T16:09:06.720+0530][520.027s] GC(766) Skipped phase 3 of Reference Processing: no references
[2025-06-03T16:09:06.720+0530][520.027s] GC(766) Skipped phase 4 of Reference Processing: no references
[2025-06-03T16:09:06.721+0530][520.028s] GC(766) To-space exhausted
[2025-06-03T16:09:06.721+0530][520.028s] GC(766)   Pre Evacuate Collection Set: 0.1ms
[2025-06-03T16:09:06.721+0530][520.028s] GC(766)   Merge Heap Roots: 0.0ms
[2025-06-03T16:09:06.721+0530][520.028s] GC(766)   Evacuate Collection Set: 0.6ms
[2025-06-03T16:09:06.721+0530][520.028s] GC(766)   Post Evacuate Collection Set: 1.0ms
[2025-06-03T16:09:06.721+0530][520.028s] GC(766)   Other: 0.2ms
[2025-06-03T16:09:06.721+0530][520.028s] GC(766) Eden regions: 1->0(25)
[2025-06-03T16:09:06.721+0530][520.028s] GC(766) Survivor regions: 0->0(0)
[2025-06-03T16:09:06.721+0530][520.029s] GC(766) Old regions: 509->510
[2025-06-03T16:09:06.721+0530][520.029s] GC(766) Archive regions: 2->2
[2025-06-03T16:09:06.721+0530][520.029s] GC(766) Humongous regions: 0->0
[2025-06-03T16:09:06.721+0530][520.029s] GC(766) Metaspace: 20413K(21056K)->20413K(21056K) NonClass: 17884K(18240K)->17884K(18240K) Class: 2528K(2816K)->2528K(2816K)
[2025-06-03T16:09:06.721+0530][520.029s] GC(766) Pause Young (Normal) (G1 Evacuation Pause) 510M->510M(512M) 2.106ms
[2025-06-03T16:09:06.721+0530][520.029s] GC(766) User=0.00s Sys=0.00s Real=0.01s
[2025-06-03T16:09:06.721+0530][520.029s] Attempting full compaction
[2025-06-03T16:09:06.721+0530][520.029s] GC(767) Using 8 workers of 8 for full compaction
[2025-06-03T16:09:06.721+0530][520.029s] GC(767) Pause Full (G1 Compaction Pause)
[2025-06-03T16:09:06.721+0530][520.029s] GC(767) Phase 1: Mark live objects
[2025-06-03T16:09:07.618+0530][520.925s] GC(767) ReferenceProcessor::execute queues: 8, RefProcThreadModel::Multi, marks_oops_alive: true
[2025-06-03T16:09:07.618+0530][520.926s] GC(767) ReferenceProcessor::execute queues: 2, RefProcThreadModel::Multi, marks_oops_alive: false
[2025-06-03T16:09:07.618+0530][520.926s] GC(767) Skipped phase 3 of Reference Processing: no references
[2025-06-03T16:09:07.618+0530][520.926s] GC(767) ReferenceProcessor::execute queues: 1, RefProcThreadModel::Single, marks_oops_alive: false
[2025-06-03T16:09:07.620+0530][520.928s] GC(767) Phase 1: Mark live objects 899.306ms
[2025-06-03T16:09:07.620+0530][520.928s] GC(767) Phase 2: Prepare for compaction
[2025-06-03T16:09:07.621+0530][520.929s] GC(767) Phase 2: Prepare for compaction 0.564ms
[2025-06-03T16:09:07.621+0530][520.929s] GC(767) Phase 3: Adjust pointers
[2025-06-03T16:09:07.680+0530][520.988s] GC(767) Phase 3: Adjust pointers 58.957ms
[2025-06-03T16:09:07.680+0530][520.988s] GC(767) Phase 4: Compact heap
[2025-06-03T16:09:07.680+0530][520.988s] GC(767) Phase 4: Compact heap 0.433ms
[2025-06-03T16:09:07.685+0530][520.992s] GC(767) Eden regions: 0->0(25)
[2025-06-03T16:09:07.685+0530][520.992s] GC(767) Survivor regions: 0->0(0)
[2025-06-03T16:09:07.685+0530][520.992s] GC(767) Old regions: 510->509
[2025-06-03T16:09:07.685+0530][520.993s] GC(767) Archive regions: 2->2
[2025-06-03T16:09:07.685+0530][520.993s] GC(767) Humongous regions: 0->0
[2025-06-03T16:09:07.685+0530][520.993s] GC(767) Metaspace: 20413K(21056K)->20396K(21056K) NonClass: 17884K(18240K)->17870K(18240K) Class: 2528K(2816K)->2526K(2816K)
[2025-06-03T16:09:07.685+0530][520.993s] GC(767) Pause Full (G1 Compaction Pause) 510M->509M(512M) 963.857ms
[2025-06-03T16:09:07.685+0530][520.993s] GC(767) User=2.24s Sys=0.08s Real=0.96s
[2025-06-03T16:09:07.693+0530][521.001s] GC(768) Pause Young (Concurrent Start) (G1 Evacuation Pause)
[2025-06-03T16:09:07.693+0530][521.001s] GC(768) Using 8 workers of 8 for evacuation
[2025-06-03T16:09:07.694+0530][521.001s] GC(768) Skipped phase 1 of Reference Processing: no references
[2025-06-03T16:09:07.694+0530][521.001s] GC(768) ReferenceProcessor::execute queues: 1, RefProcThreadModel::Single, marks_oops_alive: false
[2025-06-03T16:09:07.694+0530][521.001s] GC(768) Skipped phase 3 of Reference Processing: no references
[2025-06-03T16:09:07.694+0530][521.001s] GC(768) Skipped phase 4 of Reference Processing: no references
[2025-06-03T16:09:07.694+0530][521.002s] GC(768) To-space exhausted
[2025-06-03T16:09:07.694+0530][521.002s] GC(768)   Pre Evacuate Collection Set: 0.1ms
[2025-06-03T16:09:07.694+0530][521.002s] GC(768)   Merge Heap Roots: 0.0ms
[2025-06-03T16:09:07.694+0530][521.002s] GC(768)   Evacuate Collection Set: 0.7ms
[2025-06-03T16:09:07.694+0530][521.002s] GC(768)   Post Evacuate Collection Set: 0.7ms
[2025-06-03T16:09:07.694+0530][521.002s] GC(768)   Other: 0.2ms
[2025-06-03T16:09:07.694+0530][521.002s] GC(768) Eden regions: 1->0(25)
[2025-06-03T16:09:07.694+0530][521.002s] GC(768) Survivor regions: 0->0(0)
[2025-06-03T16:09:07.695+0530][521.002s] GC(768) Old regions: 509->510
[2025-06-03T16:09:07.695+0530][521.002s] GC(768) Archive regions: 2->2
[2025-06-03T16:09:07.695+0530][521.002s] GC(768) Humongous regions: 0->0
[2025-06-03T16:09:07.695+0530][521.002s] GC(768) Metaspace: 20417K(21056K)->20417K(21056K) NonClass: 17888K(18240K)->17888K(18240K) Class: 2529K(2816K)->2529K(2816K)
[2025-06-03T16:09:07.695+0530][521.002s] GC(768) Pause Young (Concurrent Start) (G1 Evacuation Pause) 510M->510M(512M) 1.801ms
[2025-06-03T16:09:07.695+0530][521.002s] GC(768) User=0.00s Sys=0.00s Real=0.00s
[2025-06-03T16:09:07.695+0530][521.002s] Attempting full compaction
[2025-06-03T16:09:07.695+0530][521.002s] GC(769) Concurrent Mark Cycle
[2025-06-03T16:09:07.695+0530][521.002s] GC(769) Concurrent Clear Claimed Marks
[2025-06-03T16:09:07.695+0530][521.002s] GC(770) Using 8 workers of 8 for full compaction
[2025-06-03T16:09:07.695+0530][521.002s] GC(769) Concurrent Clear Claimed Marks 0.048ms
[2025-06-03T16:09:07.695+0530][521.003s] GC(769) Concurrent Scan Root Regions
[2025-06-03T16:09:07.695+0530][521.003s] GC(769) Concurrent Scan Root Regions 0.016ms
[2025-06-03T16:09:07.695+0530][521.003s] GC(769) Concurrent Mark
[2025-06-03T16:09:07.695+0530][521.003s] GC(770) Pause Full (G1 Compaction Pause)
[2025-06-03T16:09:07.695+0530][521.003s] GC(769) Concurrent Mark From Roots
[2025-06-03T16:09:07.695+0530][521.003s] GC(769) Using 2 workers of 2 for marking
[2025-06-03T16:09:07.695+0530][521.003s] GC(770) Phase 1: Mark live objects
[2025-06-03T16:09:08.624+0530][521.932s] GC(770) ReferenceProcessor::execute queues: 8, RefProcThreadModel::Multi, marks_oops_alive: true
[2025-06-03T16:09:08.624+0530][521.932s] GC(770) ReferenceProcessor::execute queues: 2, RefProcThreadModel::Multi, marks_oops_alive: false
[2025-06-03T16:09:08.624+0530][521.932s] GC(770) Skipped phase 3 of Reference Processing: no references
[2025-06-03T16:09:08.624+0530][521.932s] GC(770) ReferenceProcessor::execute queues: 1, RefProcThreadModel::Single, marks_oops_alive: false
[2025-06-03T16:09:08.625+0530][521.933s] GC(770) Phase 1: Mark live objects 929.990ms
[2025-06-03T16:09:08.626+0530][521.933s] GC(770) Phase 2: Prepare for compaction
[2025-06-03T16:09:08.626+0530][521.934s] GC(770) Phase 2: Prepare for compaction 0.647ms
[2025-06-03T16:09:08.626+0530][521.934s] GC(770) Phase 3: Adjust pointers
[2025-06-03T16:09:08.685+0530][521.992s] GC(770) Phase 3: Adjust pointers 58.504ms
[2025-06-03T16:09:08.685+0530][521.993s] GC(770) Phase 4: Compact heap
[2025-06-03T16:09:08.685+0530][521.993s] GC(770) Phase 4: Compact heap 0.372ms
[2025-06-03T16:09:08.689+0530][521.997s] GC(770) Eden regions: 0->0(25)
[2025-06-03T16:09:08.689+0530][521.997s] GC(770) Survivor regions: 0->0(0)
[2025-06-03T16:09:08.689+0530][521.997s] GC(770) Old regions: 510->509
[2025-06-03T16:09:08.689+0530][521.997s] GC(770) Archive regions: 2->2
[2025-06-03T16:09:08.689+0530][521.997s] GC(770) Humongous regions: 0->0
[2025-06-03T16:09:08.689+0530][521.997s] GC(770) Metaspace: 20417K(21056K)->20417K(21056K) NonClass: 17888K(18240K)->17888K(18240K) Class: 2529K(2816K)->2529K(2816K)
[2025-06-03T16:09:08.689+0530][521.997s] GC(770) Pause Full (G1 Compaction Pause) 510M->509M(512M) 994.242ms
[2025-06-03T16:09:08.690+0530][521.997s] GC(770) User=2.27s Sys=0.08s Real=1.00s
[2025-06-03T16:09:08.690+0530][521.997s] GC(769) Concurrent Mark From Roots 994.757ms
[2025-06-03T16:09:08.690+0530][521.997s] GC(769) Concurrent Mark Abort
[2025-06-03T16:09:08.690+0530][521.997s] GC(769) Concurrent Mark Cycle 995.081ms
[2025-06-03T16:09:08.696+0530][522.004s] GC(771) Pause Young (Normal) (G1 Evacuation Pause)
[2025-06-03T16:09:08.696+0530][522.004s] GC(771) Using 8 workers of 8 for evacuation
[2025-06-03T16:09:08.696+0530][522.004s] GC(771) Skipped phase 1 of Reference Processing: no references
[2025-06-03T16:09:08.696+0530][522.004s] GC(771) ReferenceProcessor::execute queues: 1, RefProcThreadModel::Single, marks_oops_alive: false
[2025-06-03T16:09:08.697+0530][522.004s] GC(771) Skipped phase 3 of Reference Processing: no references
[2025-06-03T16:09:08.697+0530][522.004s] GC(771) Skipped phase 4 of Reference Processing: no references
[2025-06-03T16:09:08.697+0530][522.005s] GC(771) To-space exhausted
[2025-06-03T16:09:08.697+0530][522.005s] GC(771)   Pre Evacuate Collection Set: 0.1ms
[2025-06-03T16:09:08.697+0530][522.005s] GC(771)   Merge Heap Roots: 0.0ms
[2025-06-03T16:09:08.697+0530][522.005s] GC(771)   Evacuate Collection Set: 0.4ms
[2025-06-03T16:09:08.697+0530][522.005s] GC(771)   Post Evacuate Collection Set: 0.7ms
[2025-06-03T16:09:08.697+0530][522.005s] GC(771)   Other: 0.2ms
[2025-06-03T16:09:08.697+0530][522.005s] GC(771) Eden regions: 1->0(25)
[2025-06-03T16:09:08.697+0530][522.005s] GC(771) Survivor regions: 0->0(0)
[2025-06-03T16:09:08.697+0530][522.005s] GC(771) Old regions: 509->510
[2025-06-03T16:09:08.697+0530][522.005s] GC(771) Archive regions: 2->2
[2025-06-03T16:09:08.697+0530][522.005s] GC(771) Humongous regions: 0->0
[2025-06-03T16:09:08.697+0530][522.005s] GC(771) Metaspace: 20427K(21056K)->20427K(21056K) NonClass: 17896K(18240K)->17896K(18240K) Class: 2531K(2816K)->2531K(2816K)
[2025-06-03T16:09:08.697+0530][522.005s] GC(771) Pause Young (Normal) (G1 Evacuation Pause) 510M->510M(512M) 1.554ms
[2025-06-03T16:09:08.697+0530][522.005s] GC(771) User=0.00s Sys=0.00s Real=0.00s
[2025-06-03T16:09:08.697+0530][522.005s] Attempting full compaction
[2025-06-03T16:09:08.697+0530][522.005s] GC(772) Using 8 workers of 8 for full compaction
[2025-06-03T16:09:08.698+0530][522.005s] GC(772) Pause Full (G1 Compaction Pause)
[2025-06-03T16:09:08.698+0530][522.005s] GC(772) Phase 1: Mark live objects
[2025-06-03T16:09:09.752+0530][523.059s] GC(772) ReferenceProcessor::execute queues: 8, RefProcThreadModel::Multi, marks_oops_alive: true
[2025-06-03T16:09:09.752+0530][523.060s] GC(772) ReferenceProcessor::execute queues: 2, RefProcThreadModel::Multi, marks_oops_alive: false
[2025-06-03T16:09:09.752+0530][523.060s] GC(772) Skipped phase 3 of Reference Processing: no references
[2025-06-03T16:09:09.752+0530][523.060s] GC(772) ReferenceProcessor::execute queues: 1, RefProcThreadModel::Single, marks_oops_alive: false
[2025-06-03T16:09:09.754+0530][523.062s] GC(772) Phase 1: Mark live objects 1056.486ms
[2025-06-03T16:09:09.754+0530][523.062s] GC(772) Phase 2: Prepare for compaction
[2025-06-03T16:09:09.755+0530][523.062s] GC(772) Phase 2: Prepare for compaction 0.484ms
[2025-06-03T16:09:09.755+0530][523.062s] GC(772) Phase 3: Adjust pointers
[2025-06-03T16:09:09.817+0530][523.125s] GC(772) Phase 3: Adjust pointers 62.217ms
[2025-06-03T16:09:09.817+0530][523.125s] GC(772) Phase 4: Compact heap
[2025-06-03T16:09:09.817+0530][523.125s] GC(772) Phase 4: Compact heap 0.338ms
[2025-06-03T16:09:09.821+0530][523.129s] GC(772) Eden regions: 0->0(25)
[2025-06-03T16:09:09.822+0530][523.129s] GC(772) Survivor regions: 0->0(0)
[2025-06-03T16:09:09.822+0530][523.129s] GC(772) Old regions: 510->509
[2025-06-03T16:09:09.822+0530][523.129s] GC(772) Archive regions: 2->2
[2025-06-03T16:09:09.822+0530][523.129s] GC(772) Humongous regions: 0->0
[2025-06-03T16:09:09.822+0530][523.129s] GC(772) Metaspace: 20427K(21056K)->20400K(21056K) NonClass: 17896K(18240K)->17873K(18240K) Class: 2531K(2816K)->2526K(2816K)
[2025-06-03T16:09:09.822+0530][523.129s] GC(772) Pause Full (G1 Compaction Pause) 510M->509M(512M) 1124.070ms
[2025-06-03T16:09:09.822+0530][523.130s] GC(772) User=2.34s Sys=0.09s Real=1.13s
[2025-06-03T16:09:09.825+0530][523.133s] GC(773) Pause Young (Concurrent Start) (G1 Evacuation Pause)
[2025-06-03T16:09:09.825+0530][523.133s] GC(773) Using 8 workers of 8 for evacuation
[2025-06-03T16:09:09.826+0530][523.134s] GC(773) Skipped phase 1 of Reference Processing: no references
[2025-06-03T16:09:09.826+0530][523.134s] GC(773) ReferenceProcessor::execute queues: 1, RefProcThreadModel::Single, marks_oops_alive: false
[2025-06-03T16:09:09.826+0530][523.134s] GC(773) Skipped phase 3 of Reference Processing: no references
[2025-06-03T16:09:09.826+0530][523.134s] GC(773) Skipped phase 4 of Reference Processing: no references
[2025-06-03T16:09:09.827+0530][523.135s] GC(773) To-space exhausted
[2025-06-03T16:09:09.827+0530][523.135s] GC(773)   Pre Evacuate Collection Set: 0.1ms
[2025-06-03T16:09:09.827+0530][523.135s] GC(773)   Merge Heap Roots: 0.0ms
[2025-06-03T16:09:09.827+0530][523.135s] GC(773)   Evacuate Collection Set: 0.7ms
[2025-06-03T16:09:09.827+0530][523.135s] GC(773)   Post Evacuate Collection Set: 0.9ms
[2025-06-03T16:09:09.827+0530][523.135s] GC(773)   Other: 0.2ms
[2025-06-03T16:09:09.827+0530][523.135s] GC(773) Eden regions: 1->0(25)
[2025-06-03T16:09:09.827+0530][523.135s] GC(773) Survivor regions: 0->0(0)
[2025-06-03T16:09:09.827+0530][523.135s] GC(773) Old regions: 509->510
[2025-06-03T16:09:09.827+0530][523.135s] GC(773) Archive regions: 2->2
[2025-06-03T16:09:09.827+0530][523.135s] GC(773) Humongous regions: 0->0
[2025-06-03T16:09:09.827+0530][523.135s] GC(773) Metaspace: 20403K(21056K)->20403K(21056K) NonClass: 17876K(18240K)->17876K(18240K) Class: 2527K(2816K)->2527K(2816K)
[2025-06-03T16:09:09.827+0530][523.135s] GC(773) Pause Young (Concurrent Start) (G1 Evacuation Pause) 510M->510M(512M) 2.034ms
[2025-06-03T16:09:09.827+0530][523.135s] GC(773) User=0.00s Sys=0.00s Real=0.00s
[2025-06-03T16:09:09.827+0530][523.135s] Attempting full compaction
[2025-06-03T16:09:09.827+0530][523.135s] GC(774) Concurrent Mark Cycle
[2025-06-03T16:09:09.827+0530][523.135s] GC(775) Using 8 workers of 8 for full compaction
[2025-06-03T16:09:09.827+0530][523.135s] GC(774) Concurrent Clear Claimed Marks
[2025-06-03T16:09:09.828+0530][523.135s] GC(775) Pause Full (G1 Compaction Pause)
[2025-06-03T16:09:09.828+0530][523.135s] GC(774) Concurrent Clear Claimed Marks 0.112ms
[2025-06-03T16:09:09.828+0530][523.135s] GC(774) Concurrent Scan Root Regions
[2025-06-03T16:09:09.828+0530][523.135s] GC(774) Concurrent Scan Root Regions 0.038ms
[2025-06-03T16:09:09.828+0530][523.136s] GC(774) Concurrent Mark
[2025-06-03T16:09:09.828+0530][523.136s] GC(774) Concurrent Mark From Roots
[2025-06-03T16:09:09.828+0530][523.136s] GC(774) Using 2 workers of 2 for marking
[2025-06-03T16:09:09.828+0530][523.136s] GC(775) Phase 1: Mark live objects
[2025-06-03T16:09:10.730+0530][524.038s] GC(775) ReferenceProcessor::execute queues: 8, RefProcThreadModel::Multi, marks_oops_alive: true
[2025-06-03T16:09:10.731+0530][524.039s] GC(775) ReferenceProcessor::execute queues: 2, RefProcThreadModel::Multi, marks_oops_alive: false
[2025-06-03T16:09:10.731+0530][524.039s] GC(775) Skipped phase 3 of Reference Processing: no references
[2025-06-03T16:09:10.731+0530][524.039s] GC(775) ReferenceProcessor::execute queues: 1, RefProcThreadModel::Single, marks_oops_alive: false
[2025-06-03T16:09:10.732+0530][524.040s] GC(775) Phase 1: Mark live objects 903.952ms
[2025-06-03T16:09:10.732+0530][524.040s] GC(775) Phase 2: Prepare for compaction
[2025-06-03T16:09:10.733+0530][524.040s] GC(775) Phase 2: Prepare for compaction 0.550ms
[2025-06-03T16:09:10.733+0530][524.040s] GC(775) Phase 3: Adjust pointers
[2025-06-03T16:09:10.789+0530][524.097s] GC(775) Phase 3: Adjust pointers 56.798ms
[2025-06-03T16:09:10.789+0530][524.097s] GC(775) Phase 4: Compact heap
[2025-06-03T16:09:10.790+0530][524.098s] GC(775) Phase 4: Compact heap 0.437ms
[2025-06-03T16:09:10.794+0530][524.102s] GC(775) Eden regions: 0->0(25)
[2025-06-03T16:09:10.794+0530][524.102s] GC(775) Survivor regions: 0->0(0)
[2025-06-03T16:09:10.794+0530][524.102s] GC(775) Old regions: 510->509
[2025-06-03T16:09:10.794+0530][524.102s] GC(775) Archive regions: 2->2
[2025-06-03T16:09:10.794+0530][524.102s] GC(775) Humongous regions: 0->0
[2025-06-03T16:09:10.794+0530][524.102s] GC(775) Metaspace: 20403K(21056K)->20403K(21056K) NonClass: 17876K(18240K)->17876K(18240K) Class: 2527K(2816K)->2527K(2816K)
[2025-06-03T16:09:10.794+0530][524.102s] GC(775) Pause Full (G1 Compaction Pause) 510M->509M(512M) 966.440ms
[2025-06-03T16:09:10.794+0530][524.102s] GC(775) User=2.23s Sys=0.07s Real=0.97s
[2025-06-03T16:09:10.795+0530][524.102s] GC(774) Concurrent Mark From Roots 966.798ms
[2025-06-03T16:09:10.795+0530][524.102s] GC(774) Concurrent Mark Abort
[2025-06-03T16:09:10.795+0530][524.102s] GC(774) Concurrent Mark Cycle 967.213ms
[2025-06-03T16:09:10.799+0530][524.107s] GC(776) Pause Young (Normal) (G1 Evacuation Pause)
[2025-06-03T16:09:10.799+0530][524.107s] GC(776) Using 8 workers of 8 for evacuation
[2025-06-03T16:09:10.800+0530][524.107s] GC(776) Skipped phase 1 of Reference Processing: no references
[2025-06-03T16:09:10.800+0530][524.107s] GC(776) ReferenceProcessor::execute queues: 1, RefProcThreadModel::Single, marks_oops_alive: false
[2025-06-03T16:09:10.800+0530][524.107s] GC(776) Skipped phase 3 of Reference Processing: no references
[2025-06-03T16:09:10.800+0530][524.107s] GC(776) Skipped phase 4 of Reference Processing: no references
[2025-06-03T16:09:10.800+0530][524.108s] GC(776) To-space exhausted
[2025-06-03T16:09:10.800+0530][524.108s] GC(776)   Pre Evacuate Collection Set: 0.1ms
[2025-06-03T16:09:10.800+0530][524.108s] GC(776)   Merge Heap Roots: 0.0ms
[2025-06-03T16:09:10.800+0530][524.108s] GC(776)   Evacuate Collection Set: 0.4ms
[2025-06-03T16:09:10.800+0530][524.108s] GC(776)   Post Evacuate Collection Set: 0.7ms
[2025-06-03T16:09:10.800+0530][524.108s] GC(776)   Other: 0.2ms
[2025-06-03T16:09:10.800+0530][524.108s] GC(776) Eden regions: 1->0(25)
[2025-06-03T16:09:10.800+0530][524.108s] GC(776) Survivor regions: 0->0(0)
[2025-06-03T16:09:10.800+0530][524.108s] GC(776) Old regions: 509->510
[2025-06-03T16:09:10.800+0530][524.108s] GC(776) Archive regions: 2->2
[2025-06-03T16:09:10.800+0530][524.108s] GC(776) Humongous regions: 0->0
[2025-06-03T16:09:10.800+0530][524.108s] GC(776) Metaspace: 20430K(21056K)->20430K(21056K) NonClass: 17899K(18240K)->17899K(18240K) Class: 2531K(2816K)->2531K(2816K)
[2025-06-03T16:09:10.800+0530][524.108s] GC(776) Pause Young (Normal) (G1 Evacuation Pause) 510M->510M(512M) 1.544ms
[2025-06-03T16:09:10.800+0530][524.108s] GC(776) User=0.00s Sys=0.00s Real=0.01s
[2025-06-03T16:09:10.800+0530][524.108s] Attempting full compaction
[2025-06-03T16:09:10.801+0530][524.108s] GC(777) Using 8 workers of 8 for full compaction
[2025-06-03T16:09:10.801+0530][524.108s] GC(777) Pause Full (G1 Compaction Pause)
[2025-06-03T16:09:10.801+0530][524.108s] GC(777) Phase 1: Mark live objects
[2025-06-03T16:09:11.685+0530][524.993s] GC(777) ReferenceProcessor::execute queues: 8, RefProcThreadModel::Multi, marks_oops_alive: true
[2025-06-03T16:09:11.685+0530][524.993s] GC(777) ReferenceProcessor::execute queues: 2, RefProcThreadModel::Multi, marks_oops_alive: false
[2025-06-03T16:09:11.686+0530][524.993s] GC(777) Skipped phase 3 of Reference Processing: no references
[2025-06-03T16:09:11.686+0530][524.993s] GC(777) ReferenceProcessor::execute queues: 1, RefProcThreadModel::Single, marks_oops_alive: false
[2025-06-03T16:09:11.688+0530][524.996s] GC(777) Phase 1: Mark live objects 887.181ms
[2025-06-03T16:09:11.688+0530][524.996s] GC(777) Phase 2: Prepare for compaction
[2025-06-03T16:09:11.688+0530][524.996s] GC(777) Phase 2: Prepare for compaction 0.596ms
[2025-06-03T16:09:11.688+0530][524.996s] GC(777) Phase 3: Adjust pointers
[2025-06-03T16:09:11.745+0530][525.053s] GC(777) Phase 3: Adjust pointers 56.490ms
[2025-06-03T16:09:11.745+0530][525.053s] GC(777) Phase 4: Compact heap
[2025-06-03T16:09:11.745+0530][525.053s] GC(777) Phase 4: Compact heap 0.424ms
[2025-06-03T16:09:11.749+0530][525.057s] GC(777) Eden regions: 0->0(25)
[2025-06-03T16:09:11.749+0530][525.057s] GC(777) Survivor regions: 0->0(0)
[2025-06-03T16:09:11.749+0530][525.057s] GC(777) Old regions: 510->509
[2025-06-03T16:09:11.749+0530][525.057s] GC(777) Archive regions: 2->2
[2025-06-03T16:09:11.749+0530][525.057s] GC(777) Humongous regions: 0->0
[2025-06-03T16:09:11.749+0530][525.057s] GC(777) Metaspace: 20430K(21056K)->20417K(21056K) NonClass: 17899K(18240K)->17888K(18240K) Class: 2531K(2816K)->2529K(2816K)
[2025-06-03T16:09:11.749+0530][525.057s] GC(777) Pause Full (G1 Compaction Pause) 510M->509M(512M) 948.518ms
[2025-06-03T16:09:11.749+0530][525.057s] GC(777) User=2.20s Sys=0.08s Real=0.94s
[2025-06-03T16:09:11.756+0530][525.063s] GC(778) Pause Young (Concurrent Start) (G1 Evacuation Pause)
[2025-06-03T16:09:11.756+0530][525.064s] GC(778) Using 8 workers of 8 for evacuation
[2025-06-03T16:09:11.757+0530][525.064s] GC(778) Skipped phase 1 of Reference Processing: no references
[2025-06-03T16:09:11.757+0530][525.064s] GC(778) ReferenceProcessor::execute queues: 1, RefProcThreadModel::Single, marks_oops_alive: false
[2025-06-03T16:09:11.757+0530][525.065s] GC(778) Skipped phase 3 of Reference Processing: no references
[2025-06-03T16:09:11.757+0530][525.065s] GC(778) Skipped phase 4 of Reference Processing: no references
[2025-06-03T16:09:11.757+0530][525.065s] GC(778) To-space exhausted
[2025-06-03T16:09:11.757+0530][525.065s] GC(778)   Pre Evacuate Collection Set: 0.1ms
[2025-06-03T16:09:11.757+0530][525.065s] GC(778)   Merge Heap Roots: 0.0ms
[2025-06-03T16:09:11.757+0530][525.065s] GC(778)   Evacuate Collection Set: 0.7ms
[2025-06-03T16:09:11.757+0530][525.065s] GC(778)   Post Evacuate Collection Set: 0.6ms
[2025-06-03T16:09:11.757+0530][525.065s] GC(778)   Other: 0.2ms
[2025-06-03T16:09:11.757+0530][525.065s] GC(778) Eden regions: 1->0(25)
[2025-06-03T16:09:11.757+0530][525.065s] GC(778) Survivor regions: 0->0(0)
[2025-06-03T16:09:11.757+0530][525.065s] GC(778) Old regions: 509->510
[2025-06-03T16:09:11.757+0530][525.065s] GC(778) Archive regions: 2->2
[2025-06-03T16:09:11.757+0530][525.065s] GC(778) Humongous regions: 0->0
[2025-06-03T16:09:11.757+0530][525.065s] GC(778) Metaspace: 20427K(21056K)->20427K(21056K) NonClass: 17896K(18240K)->17896K(18240K) Class: 2531K(2816K)->2531K(2816K)
[2025-06-03T16:09:11.757+0530][525.065s] GC(778) Pause Young (Concurrent Start) (G1 Evacuation Pause) 510M->510M(512M) 1.770ms
[2025-06-03T16:09:11.757+0530][525.065s] GC(778) User=0.01s Sys=0.00s Real=0.00s
[2025-06-03T16:09:11.758+0530][525.065s] Attempting full compaction
[2025-06-03T16:09:11.758+0530][525.065s] GC(779) Concurrent Mark Cycle
[2025-06-03T16:09:11.758+0530][525.065s] GC(779) Using 8 workers of 8 for full compaction
[2025-06-03T16:09:11.758+0530][525.065s] GC(779) Concurrent Clear Claimed Marks
[2025-06-03T16:09:11.758+0530][525.065s] GC(779) Pause Full (G1 Compaction Pause)
[2025-06-03T16:09:11.758+0530][525.065s] GC(779) Concurrent Clear Claimed Marks 0.087ms
[2025-06-03T16:09:11.758+0530][525.066s] GC(779) Phase 1: Mark live objects
[2025-06-03T16:09:11.758+0530][525.066s] GC(779) Concurrent Scan Root Regions
[2025-06-03T16:09:11.758+0530][525.066s] GC(779) Concurrent Scan Root Regions 0.106ms
[2025-06-03T16:09:12.641+0530][525.949s] GC(779) ReferenceProcessor::execute queues: 8, RefProcThreadModel::Multi, marks_oops_alive: true
[2025-06-03T16:09:12.642+0530][525.950s] GC(779) ReferenceProcessor::execute queues: 2, RefProcThreadModel::Multi, marks_oops_alive: false
[2025-06-03T16:09:12.642+0530][525.950s] GC(779) Skipped phase 3 of Reference Processing: no references
[2025-06-03T16:09:12.642+0530][525.950s] GC(779) ReferenceProcessor::execute queues: 1, RefProcThreadModel::Single, marks_oops_alive: false
[2025-06-03T16:09:12.644+0530][525.952s] GC(779) Phase 1: Mark live objects 886.046ms
[2025-06-03T16:09:12.644+0530][525.952s] GC(779) Phase 2: Prepare for compaction
[2025-06-03T16:09:12.645+0530][525.953s] GC(779) Phase 2: Prepare for compaction 0.715ms
[2025-06-03T16:09:12.645+0530][525.953s] GC(779) Phase 3: Adjust pointers
[2025-06-03T16:09:12.703+0530][526.011s] GC(779) Phase 3: Adjust pointers 57.798ms
[2025-06-03T16:09:12.703+0530][526.011s] GC(779) Phase 4: Compact heap
[2025-06-03T16:09:12.703+0530][526.011s] GC(779) Phase 4: Compact heap 0.371ms
[2025-06-03T16:09:12.707+0530][526.015s] GC(779) Eden regions: 0->0(25)
[2025-06-03T16:09:12.707+0530][526.015s] GC(779) Survivor regions: 0->0(0)
[2025-06-03T16:09:12.707+0530][526.015s] GC(779) Old regions: 510->509
[2025-06-03T16:09:12.707+0530][526.015s] GC(779) Archive regions: 2->2
[2025-06-03T16:09:12.707+0530][526.015s] GC(779) Humongous regions: 0->0
[2025-06-03T16:09:12.707+0530][526.015s] GC(779) Metaspace: 20427K(21056K)->20400K(21056K) NonClass: 17896K(18240K)->17873K(18240K) Class: 2531K(2816K)->2526K(2816K)
[2025-06-03T16:09:12.707+0530][526.015s] GC(779) Pause Full (G1 Compaction Pause) 510M->509M(512M) 949.869ms
[2025-06-03T16:09:12.708+0530][526.016s] GC(779) User=2.20s Sys=0.07s Real=0.95s
[2025-06-03T16:09:12.708+0530][526.016s] GC(779) Concurrent Mark Abort
[2025-06-03T16:09:12.708+0530][526.016s] GC(779) Concurrent Mark Cycle 950.482ms
[2025-06-03T16:09:12.712+0530][526.019s] GC(780) Pause Young (Normal) (G1 Evacuation Pause)
[2025-06-03T16:09:12.712+0530][526.019s] GC(780) Using 8 workers of 8 for evacuation
[2025-06-03T16:09:12.712+0530][526.020s] GC(780) Skipped phase 1 of Reference Processing: no references
[2025-06-03T16:09:12.712+0530][526.020s] GC(780) ReferenceProcessor::execute queues: 1, RefProcThreadModel::Single, marks_oops_alive: false
[2025-06-03T16:09:12.712+0530][526.020s] GC(780) Skipped phase 3 of Reference Processing: no references
[2025-06-03T16:09:12.712+0530][526.020s] GC(780) Skipped phase 4 of Reference Processing: no references
[2025-06-03T16:09:12.713+0530][526.021s] GC(780) To-space exhausted
[2025-06-03T16:09:12.713+0530][526.021s] GC(780)   Pre Evacuate Collection Set: 0.1ms
[2025-06-03T16:09:12.713+0530][526.021s] GC(780)   Merge Heap Roots: 0.0ms
[2025-06-03T16:09:12.713+0530][526.021s] GC(780)   Evacuate Collection Set: 0.4ms
[2025-06-03T16:09:12.713+0530][526.021s] GC(780)   Post Evacuate Collection Set: 0.8ms
[2025-06-03T16:09:12.713+0530][526.021s] GC(780)   Other: 0.2ms
[2025-06-03T16:09:12.713+0530][526.021s] GC(780) Eden regions: 1->0(25)
[2025-06-03T16:09:12.713+0530][526.021s] GC(780) Survivor regions: 0->0(0)
[2025-06-03T16:09:12.713+0530][526.021s] GC(780) Old regions: 509->510
[2025-06-03T16:09:12.713+0530][526.021s] GC(780) Archive regions: 2->2
[2025-06-03T16:09:12.713+0530][526.021s] GC(780) Humongous regions: 0->0
[2025-06-03T16:09:12.713+0530][526.021s] GC(780) Metaspace: 20403K(21056K)->20403K(21056K) NonClass: 17876K(18240K)->17876K(18240K) Class: 2527K(2816K)->2527K(2816K)
[2025-06-03T16:09:12.713+0530][526.021s] GC(780) Pause Young (Normal) (G1 Evacuation Pause) 510M->510M(512M) 1.648ms
[2025-06-03T16:09:12.713+0530][526.021s] GC(780) User=0.00s Sys=0.00s Real=0.00s
[2025-06-03T16:09:12.713+0530][526.021s] Attempting full compaction
[2025-06-03T16:09:12.713+0530][526.021s] GC(781) Using 8 workers of 8 for full compaction
[2025-06-03T16:09:12.713+0530][526.021s] GC(781) Pause Full (G1 Compaction Pause)
[2025-06-03T16:09:12.713+0530][526.021s] GC(781) Phase 1: Mark live objects
[2025-06-03T16:09:13.607+0530][526.915s] GC(781) ReferenceProcessor::execute queues: 8, RefProcThreadModel::Multi, marks_oops_alive: true
[2025-06-03T16:09:13.608+0530][526.915s] GC(781) ReferenceProcessor::execute queues: 2, RefProcThreadModel::Multi, marks_oops_alive: false
[2025-06-03T16:09:13.608+0530][526.916s] GC(781) Skipped phase 3 of Reference Processing: no references
[2025-06-03T16:09:13.608+0530][526.916s] GC(781) ReferenceProcessor::execute queues: 1, RefProcThreadModel::Single, marks_oops_alive: false
[2025-06-03T16:09:13.609+0530][526.917s] GC(781) Phase 1: Mark live objects 895.522ms
[2025-06-03T16:09:13.609+0530][526.917s] GC(781) Phase 2: Prepare for compaction
[2025-06-03T16:09:13.610+0530][526.918s] GC(781) Phase 2: Prepare for compaction 0.747ms
[2025-06-03T16:09:13.610+0530][526.918s] GC(781) Phase 3: Adjust pointers
[2025-06-03T16:09:13.667+0530][526.975s] GC(781) Phase 3: Adjust pointers 57.560ms
[2025-06-03T16:09:13.667+0530][526.975s] GC(781) Phase 4: Compact heap
[2025-06-03T16:09:13.668+0530][526.976s] GC(781) Phase 4: Compact heap 0.443ms
[2025-06-03T16:09:13.672+0530][526.980s] GC(781) Eden regions: 0->0(25)
[2025-06-03T16:09:13.672+0530][526.980s] GC(781) Survivor regions: 0->0(0)
[2025-06-03T16:09:13.672+0530][526.980s] GC(781) Old regions: 510->509
[2025-06-03T16:09:13.672+0530][526.980s] GC(781) Archive regions: 2->2
[2025-06-03T16:09:13.672+0530][526.980s] GC(781) Humongous regions: 0->0
[2025-06-03T16:09:13.672+0530][526.980s] GC(781) Metaspace: 20403K(21056K)->20403K(21056K) NonClass: 17876K(18240K)->17876K(18240K) Class: 2527K(2816K)->2527K(2816K)
[2025-06-03T16:09:13.672+0530][526.980s] GC(781) Pause Full (G1 Compaction Pause) 510M->509M(512M) 958.475ms
[2025-06-03T16:09:13.672+0530][526.980s] GC(781) User=2.21s Sys=0.07s Real=0.96s
[2025-06-03T16:09:13.676+0530][526.983s] GC(782) Pause Young (Concurrent Start) (G1 Evacuation Pause)
[2025-06-03T16:09:13.676+0530][526.983s] GC(782) Using 8 workers of 8 for evacuation
[2025-06-03T16:09:13.677+0530][526.984s] GC(782) Skipped phase 1 of Reference Processing: no references
[2025-06-03T16:09:13.677+0530][526.984s] GC(782) ReferenceProcessor::execute queues: 1, RefProcThreadModel::Single, marks_oops_alive: false
[2025-06-03T16:09:13.677+0530][526.984s] GC(782) Skipped phase 3 of Reference Processing: no references
[2025-06-03T16:09:13.677+0530][526.984s] GC(782) Skipped phase 4 of Reference Processing: no references
[2025-06-03T16:09:13.677+0530][526.985s] GC(782) To-space exhausted
[2025-06-03T16:09:13.677+0530][526.985s] GC(782)   Pre Evacuate Collection Set: 0.1ms
[2025-06-03T16:09:13.677+0530][526.985s] GC(782)   Merge Heap Roots: 0.1ms
[2025-06-03T16:09:13.677+0530][526.985s] GC(782)   Evacuate Collection Set: 0.7ms
[2025-06-03T16:09:13.677+0530][526.985s] GC(782)   Post Evacuate Collection Set: 0.8ms
[2025-06-03T16:09:13.677+0530][526.985s] GC(782)   Other: 0.2ms
[2025-06-03T16:09:13.677+0530][526.985s] GC(782) Eden regions: 1->0(25)
[2025-06-03T16:09:13.677+0530][526.985s] GC(782) Survivor regions: 0->0(0)
[2025-06-03T16:09:13.677+0530][526.985s] GC(782) Old regions: 509->510
[2025-06-03T16:09:13.677+0530][526.985s] GC(782) Archive regions: 2->2
[2025-06-03T16:09:13.677+0530][526.985s] GC(782) Humongous regions: 0->0
[2025-06-03T16:09:13.677+0530][526.985s] GC(782) Metaspace: 20424K(21056K)->20424K(21056K) NonClass: 17893K(18240K)->17893K(18240K) Class: 2530K(2816K)->2530K(2816K)
[2025-06-03T16:09:13.677+0530][526.985s] GC(782) Pause Young (Concurrent Start) (G1 Evacuation Pause) 510M->510M(512M) 1.941ms
[2025-06-03T16:09:13.678+0530][526.985s] GC(782) User=0.01s Sys=0.00s Real=0.00s
[2025-06-03T16:09:13.678+0530][526.985s] Attempting full compaction
[2025-06-03T16:09:13.678+0530][526.985s] GC(783) Concurrent Mark Cycle
[2025-06-03T16:09:13.678+0530][526.985s] GC(784) Using 8 workers of 8 for full compaction
[2025-06-03T16:09:13.678+0530][526.985s] GC(783) Concurrent Clear Claimed Marks
[2025-06-03T16:09:13.678+0530][526.986s] GC(784) Pause Full (G1 Compaction Pause)
[2025-06-03T16:09:13.678+0530][526.986s] GC(783) Concurrent Clear Claimed Marks 0.159ms
[2025-06-03T16:09:13.678+0530][526.986s] GC(783) Concurrent Scan Root Regions
[2025-06-03T16:09:13.678+0530][526.986s] GC(783) Concurrent Scan Root Regions 0.047ms
[2025-06-03T16:09:13.678+0530][526.986s] GC(783) Concurrent Mark
[2025-06-03T16:09:13.678+0530][526.986s] GC(783) Concurrent Mark From Roots
[2025-06-03T16:09:13.678+0530][526.986s] GC(783) Using 2 workers of 2 for marking
[2025-06-03T16:09:13.678+0530][526.986s] GC(784) Phase 1: Mark live objects
[2025-06-03T16:09:14.492+0530][527.800s] GC(784) ReferenceProcessor::execute queues: 8, RefProcThreadModel::Multi, marks_oops_alive: true
[2025-06-03T16:09:14.492+0530][527.800s] GC(784) ReferenceProcessor::execute queues: 2, RefProcThreadModel::Multi, marks_oops_alive: false
[2025-06-03T16:09:14.492+0530][527.800s] GC(784) Skipped phase 3 of Reference Processing: no references
[2025-06-03T16:09:14.492+0530][527.800s] GC(784) ReferenceProcessor::execute queues: 1, RefProcThreadModel::Single, marks_oops_alive: false
[2025-06-03T16:09:14.494+0530][527.802s] GC(784) Phase 1: Mark live objects 816.157ms
[2025-06-03T16:09:14.494+0530][527.802s] GC(784) Phase 2: Prepare for compaction
[2025-06-03T16:09:14.495+0530][527.803s] GC(784) Phase 2: Prepare for compaction 0.568ms
[2025-06-03T16:09:14.495+0530][527.803s] GC(784) Phase 3: Adjust pointers
[2025-06-03T16:09:14.552+0530][527.860s] GC(784) Phase 3: Adjust pointers 56.753ms
[2025-06-03T16:09:14.552+0530][527.860s] GC(784) Phase 4: Compact heap
[2025-06-03T16:09:14.552+0530][527.860s] GC(784) Phase 4: Compact heap 0.429ms
[2025-06-03T16:09:14.556+0530][527.864s] GC(784) Eden regions: 0->0(25)
[2025-06-03T16:09:14.556+0530][527.864s] GC(784) Survivor regions: 0->0(0)
[2025-06-03T16:09:14.556+0530][527.864s] GC(784) Old regions: 510->509
[2025-06-03T16:09:14.556+0530][527.864s] GC(784) Archive regions: 2->2
[2025-06-03T16:09:14.556+0530][527.864s] GC(784) Humongous regions: 0->0
[2025-06-03T16:09:14.556+0530][527.864s] GC(784) Metaspace: 20424K(21056K)->20407K(21056K) NonClass: 17893K(18240K)->17879K(18240K) Class: 2530K(2816K)->2527K(2816K)
[2025-06-03T16:09:14.556+0530][527.864s] GC(784) Pause Full (G1 Compaction Pause) 510M->509M(512M) 878.129ms
[2025-06-03T16:09:14.556+0530][527.864s] GC(784) User=2.85s Sys=0.06s Real=0.88s
[2025-06-03T16:09:14.556+0530][527.864s] GC(783) Concurrent Mark From Roots 878.357ms
[2025-06-03T16:09:14.556+0530][527.864s] GC(783) Concurrent Mark Abort
[2025-06-03T16:09:14.556+0530][527.864s] GC(783) Concurrent Mark Cycle 878.868ms
[2025-06-03T16:09:14.561+0530][527.869s] GC(785) Pause Young (Normal) (G1 Evacuation Pause)
[2025-06-03T16:09:14.561+0530][527.869s] GC(785) Using 8 workers of 8 for evacuation
[2025-06-03T16:09:14.562+0530][527.870s] GC(785) Skipped phase 1 of Reference Processing: no references
[2025-06-03T16:09:14.562+0530][527.870s] GC(785) ReferenceProcessor::execute queues: 1, RefProcThreadModel::Single, marks_oops_alive: false
[2025-06-03T16:09:14.562+0530][527.870s] GC(785) Skipped phase 3 of Reference Processing: no references
[2025-06-03T16:09:14.562+0530][527.870s] GC(785) Skipped phase 4 of Reference Processing: no references
[2025-06-03T16:09:14.563+0530][527.870s] GC(785) To-space exhausted
[2025-06-03T16:09:14.563+0530][527.870s] GC(785)   Pre Evacuate Collection Set: 0.1ms
[2025-06-03T16:09:14.563+0530][527.870s] GC(785)   Merge Heap Roots: 0.0ms
[2025-06-03T16:09:14.563+0530][527.871s] GC(785)   Evacuate Collection Set: 0.4ms
[2025-06-03T16:09:14.563+0530][527.871s] GC(785)   Post Evacuate Collection Set: 0.6ms
[2025-06-03T16:09:14.563+0530][527.871s] GC(785)   Other: 0.2ms
[2025-06-03T16:09:14.563+0530][527.871s] GC(785) Eden regions: 1->0(25)
[2025-06-03T16:09:14.563+0530][527.871s] GC(785) Survivor regions: 0->0(0)
[2025-06-03T16:09:14.563+0530][527.871s] GC(785) Old regions: 509->510
[2025-06-03T16:09:14.563+0530][527.871s] GC(785) Archive regions: 2->2
[2025-06-03T16:09:14.563+0530][527.871s] GC(785) Humongous regions: 0->0
[2025-06-03T16:09:14.563+0530][527.871s] GC(785) Metaspace: 20418K(21056K)->20418K(21056K) NonClass: 17888K(18240K)->17888K(18240K) Class: 2529K(2816K)->2529K(2816K)
[2025-06-03T16:09:14.563+0530][527.871s] GC(785) Pause Young (Normal) (G1 Evacuation Pause) 510M->510M(512M) 1.399ms
[2025-06-03T16:09:14.563+0530][527.871s] GC(785) User=0.00s Sys=0.00s Real=0.00s
[2025-06-03T16:09:14.563+0530][527.871s] Attempting full compaction
[2025-06-03T16:09:14.563+0530][527.871s] GC(786) Using 8 workers of 8 for full compaction
[2025-06-03T16:09:14.563+0530][527.871s] GC(786) Pause Full (G1 Compaction Pause)
[2025-06-03T16:09:14.563+0530][527.871s] GC(786) Phase 1: Mark live objects
[2025-06-03T16:09:15.482+0530][528.790s] GC(786) ReferenceProcessor::execute queues: 8, RefProcThreadModel::Multi, marks_oops_alive: true
[2025-06-03T16:09:15.483+0530][528.790s] GC(786) ReferenceProcessor::execute queues: 2, RefProcThreadModel::Multi, marks_oops_alive: false
[2025-06-03T16:09:15.483+0530][528.791s] GC(786) Skipped phase 3 of Reference Processing: no references
[2025-06-03T16:09:15.483+0530][528.791s] GC(786) ReferenceProcessor::execute queues: 1, RefProcThreadModel::Single, marks_oops_alive: false
[2025-06-03T16:09:15.484+0530][528.792s] GC(786) Phase 1: Mark live objects 920.945ms
[2025-06-03T16:09:15.484+0530][528.792s] GC(786) Phase 2: Prepare for compaction
[2025-06-03T16:09:15.485+0530][528.793s] GC(786) Phase 2: Prepare for compaction 0.848ms
[2025-06-03T16:09:15.485+0530][528.793s] GC(786) Phase 3: Adjust pointers
[2025-06-03T16:09:15.561+0530][528.869s] GC(786) Phase 3: Adjust pointers 75.961ms
[2025-06-03T16:09:15.561+0530][528.869s] GC(786) Phase 4: Compact heap
[2025-06-03T16:09:15.561+0530][528.869s] GC(786) Phase 4: Compact heap 0.417ms
[2025-06-03T16:09:15.565+0530][528.873s] GC(786) Eden regions: 0->0(25)
[2025-06-03T16:09:15.565+0530][528.873s] GC(786) Survivor regions: 0->0(0)
[2025-06-03T16:09:15.565+0530][528.873s] GC(786) Old regions: 510->509
[2025-06-03T16:09:15.565+0530][528.873s] GC(786) Archive regions: 2->2
[2025-06-03T16:09:15.565+0530][528.873s] GC(786) Humongous regions: 0->0
[2025-06-03T16:09:15.565+0530][528.873s] GC(786) Metaspace: 20418K(21056K)->20418K(21056K) NonClass: 17888K(18240K)->17888K(18240K) Class: 2529K(2816K)->2529K(2816K)
[2025-06-03T16:09:15.565+0530][528.873s] GC(786) Pause Full (G1 Compaction Pause) 510M->509M(512M) 1002.479ms
[2025-06-03T16:09:15.566+0530][528.874s] GC(786) User=2.30s Sys=0.10s Real=1.00s
[2025-06-03T16:09:15.571+0530][528.879s] GC(787) Pause Young (Concurrent Start) (G1 Evacuation Pause)
[2025-06-03T16:09:15.571+0530][528.879s] GC(787) Using 8 workers of 8 for evacuation
[2025-06-03T16:09:15.572+0530][528.880s] GC(787) Skipped phase 1 of Reference Processing: no references
[2025-06-03T16:09:15.572+0530][528.880s] GC(787) Skipped phase 2 of Reference Processing: no references
[2025-06-03T16:09:15.572+0530][528.880s] GC(787) Skipped phase 3 of Reference Processing: no references
[2025-06-03T16:09:15.572+0530][528.880s] GC(787) Skipped phase 4 of Reference Processing: no references
[2025-06-03T16:09:15.573+0530][528.881s] GC(787) To-space exhausted
[2025-06-03T16:09:15.573+0530][528.881s] GC(787)   Pre Evacuate Collection Set: 0.1ms
[2025-06-03T16:09:15.573+0530][528.881s] GC(787)   Merge Heap Roots: 0.0ms
[2025-06-03T16:09:15.573+0530][528.881s] GC(787)   Evacuate Collection Set: 0.7ms
[2025-06-03T16:09:15.573+0530][528.881s] GC(787)   Post Evacuate Collection Set: 1.1ms
[2025-06-03T16:09:15.573+0530][528.881s] GC(787)   Other: 0.2ms
[2025-06-03T16:09:15.573+0530][528.881s] GC(787) Eden regions: 1->0(25)
[2025-06-03T16:09:15.573+0530][528.881s] GC(787) Survivor regions: 0->0(0)
[2025-06-03T16:09:15.573+0530][528.881s] GC(787) Old regions: 509->510
[2025-06-03T16:09:15.573+0530][528.881s] GC(787) Archive regions: 2->2
[2025-06-03T16:09:15.573+0530][528.881s] GC(787) Humongous regions: 0->0
[2025-06-03T16:09:15.573+0530][528.881s] GC(787) Metaspace: 20431K(21056K)->20431K(21056K) NonClass: 17899K(18240K)->17899K(18240K) Class: 2531K(2816K)->2531K(2816K)
[2025-06-03T16:09:15.573+0530][528.881s] GC(787) Pause Young (Concurrent Start) (G1 Evacuation Pause) 510M->510M(512M) 2.269ms
[2025-06-03T16:09:15.573+0530][528.881s] GC(787) User=0.00s Sys=0.00s Real=0.00s
[2025-06-03T16:09:15.574+0530][528.881s] Attempting full compaction
[2025-06-03T16:09:15.574+0530][528.881s] GC(788) Concurrent Mark Cycle
[2025-06-03T16:09:15.574+0530][528.881s] GC(789) Using 8 workers of 8 for full compaction
[2025-06-03T16:09:15.574+0530][528.881s] GC(788) Concurrent Clear Claimed Marks
[2025-06-03T16:09:15.574+0530][528.882s] GC(788) Concurrent Clear Claimed Marks 0.114ms
[2025-06-03T16:09:15.574+0530][528.882s] GC(789) Pause Full (G1 Compaction Pause)
[2025-06-03T16:09:15.574+0530][528.882s] GC(788) Concurrent Scan Root Regions
[2025-06-03T16:09:15.574+0530][528.882s] GC(788) Concurrent Scan Root Regions 0.183ms
[2025-06-03T16:09:15.574+0530][528.882s] GC(788) Concurrent Mark
[2025-06-03T16:09:15.574+0530][528.882s] GC(788) Concurrent Mark From Roots
[2025-06-03T16:09:15.574+0530][528.882s] GC(788) Using 2 workers of 2 for marking
[2025-06-03T16:09:15.575+0530][528.882s] GC(789) Phase 1: Mark live objects
[2025-06-03T16:09:16.512+0530][529.820s] GC(789) ReferenceProcessor::execute queues: 8, RefProcThreadModel::Multi, marks_oops_alive: true
[2025-06-03T16:09:16.512+0530][529.820s] GC(789) ReferenceProcessor::execute queues: 2, RefProcThreadModel::Multi, marks_oops_alive: false
[2025-06-03T16:09:16.512+0530][529.820s] GC(789) Skipped phase 3 of Reference Processing: no references
[2025-06-03T16:09:16.512+0530][529.820s] GC(789) ReferenceProcessor::execute queues: 1, RefProcThreadModel::Single, marks_oops_alive: false
[2025-06-03T16:09:16.514+0530][529.822s] GC(789) Phase 1: Mark live objects 939.818ms
[2025-06-03T16:09:16.514+0530][529.822s] GC(789) Phase 2: Prepare for compaction
[2025-06-03T16:09:16.515+0530][529.823s] GC(789) Phase 2: Prepare for compaction 0.766ms
[2025-06-03T16:09:16.515+0530][529.823s] GC(789) Phase 3: Adjust pointers
[2025-06-03T16:09:16.577+0530][529.885s] GC(789) Phase 3: Adjust pointers 61.681ms
[2025-06-03T16:09:16.577+0530][529.885s] GC(789) Phase 4: Compact heap
[2025-06-03T16:09:16.577+0530][529.885s] GC(789) Phase 4: Compact heap 0.406ms
[2025-06-03T16:09:16.581+0530][529.889s] GC(789) Eden regions: 0->0(25)
[2025-06-03T16:09:16.581+0530][529.889s] GC(789) Survivor regions: 0->0(0)
[2025-06-03T16:09:16.581+0530][529.889s] GC(789) Old regions: 510->509
[2025-06-03T16:09:16.581+0530][529.889s] GC(789) Archive regions: 2->2
[2025-06-03T16:09:16.581+0530][529.889s] GC(789) Humongous regions: 0->0
[2025-06-03T16:09:16.581+0530][529.889s] GC(789) Metaspace: 20431K(21056K)->20404K(21056K) NonClass: 17899K(18240K)->17876K(18240K) Class: 2531K(2816K)->2527K(2816K)
[2025-06-03T16:09:16.581+0530][529.889s] GC(789) Pause Full (G1 Compaction Pause) 510M->509M(512M) 1007.704ms
[2025-06-03T16:09:16.582+0530][529.890s] GC(789) User=2.29s Sys=0.08s Real=1.01s
[2025-06-03T16:09:16.582+0530][529.890s] GC(788) Concurrent Mark From Roots 1008.120ms
[2025-06-03T16:09:16.582+0530][529.890s] GC(788) Concurrent Mark Abort
[2025-06-03T16:09:16.582+0530][529.890s] GC(788) Concurrent Mark Cycle 1008.742ms
[2025-06-03T16:09:16.585+0530][529.892s] GC(790) Pause Young (Normal) (G1 Evacuation Pause)
[2025-06-03T16:09:16.585+0530][529.892s] GC(790) Using 8 workers of 8 for evacuation
[2025-06-03T16:09:16.585+0530][529.893s] GC(790) Skipped phase 1 of Reference Processing: no references
[2025-06-03T16:09:16.585+0530][529.893s] GC(790) ReferenceProcessor::execute queues: 1, RefProcThreadModel::Single, marks_oops_alive: false
[2025-06-03T16:09:16.585+0530][529.893s] GC(790) Skipped phase 3 of Reference Processing: no references
[2025-06-03T16:09:16.585+0530][529.893s] GC(790) Skipped phase 4 of Reference Processing: no references
[2025-06-03T16:09:16.586+0530][529.894s] GC(790) To-space exhausted
[2025-06-03T16:09:16.586+0530][529.894s] GC(790)   Pre Evacuate Collection Set: 0.1ms
[2025-06-03T16:09:16.586+0530][529.894s] GC(790)   Merge Heap Roots: 0.0ms
[2025-06-03T16:09:16.586+0530][529.894s] GC(790)   Evacuate Collection Set: 0.4ms
[2025-06-03T16:09:16.586+0530][529.894s] GC(790)   Post Evacuate Collection Set: 0.7ms
[2025-06-03T16:09:16.586+0530][529.894s] GC(790)   Other: 0.2ms
[2025-06-03T16:09:16.586+0530][529.894s] GC(790) Eden regions: 1->0(25)
[2025-06-03T16:09:16.586+0530][529.894s] GC(790) Survivor regions: 0->0(0)
[2025-06-03T16:09:16.586+0530][529.894s] GC(790) Old regions: 509->510
[2025-06-03T16:09:16.586+0530][529.894s] GC(790) Archive regions: 2->2
[2025-06-03T16:09:16.586+0530][529.894s] GC(790) Humongous regions: 0->0
[2025-06-03T16:09:16.586+0530][529.894s] GC(790) Metaspace: 20417K(21056K)->20417K(21056K) NonClass: 17888K(18240K)->17888K(18240K) Class: 2529K(2816K)->2529K(2816K)
[2025-06-03T16:09:16.586+0530][529.894s] GC(790) Pause Young (Normal) (G1 Evacuation Pause) 510M->510M(512M) 1.537ms
[2025-06-03T16:09:16.586+0530][529.894s] GC(790) User=0.00s Sys=0.00s Real=0.00s
[2025-06-03T16:09:16.586+0530][529.894s] Attempting full compaction
[2025-06-03T16:09:16.586+0530][529.894s] GC(791) Using 8 workers of 8 for full compaction
[2025-06-03T16:09:16.586+0530][529.894s] GC(791) Pause Full (G1 Compaction Pause)
[2025-06-03T16:09:16.586+0530][529.894s] GC(791) Phase 1: Mark live objects
[2025-06-03T16:09:17.526+0530][530.834s] GC(791) ReferenceProcessor::execute queues: 8, RefProcThreadModel::Multi, marks_oops_alive: true
[2025-06-03T16:09:17.526+0530][530.834s] GC(791) ReferenceProcessor::execute queues: 2, RefProcThreadModel::Multi, marks_oops_alive: false
[2025-06-03T16:09:17.526+0530][530.834s] GC(791) Skipped phase 3 of Reference Processing: no references
[2025-06-03T16:09:17.526+0530][530.834s] GC(791) ReferenceProcessor::execute queues: 1, RefProcThreadModel::Single, marks_oops_alive: false
[2025-06-03T16:09:17.529+0530][530.836s] GC(791) Phase 1: Mark live objects 942.391ms
[2025-06-03T16:09:17.529+0530][530.837s] GC(791) Phase 2: Prepare for compaction
[2025-06-03T16:09:17.529+0530][530.837s] GC(791) Phase 2: Prepare for compaction 0.595ms
[2025-06-03T16:09:17.529+0530][530.837s] GC(791) Phase 3: Adjust pointers
[2025-06-03T16:09:17.596+0530][530.904s] GC(791) Phase 3: Adjust pointers 66.585ms
[2025-06-03T16:09:17.596+0530][530.904s] GC(791) Phase 4: Compact heap
[2025-06-03T16:09:17.596+0530][530.904s] GC(791) Phase 4: Compact heap 0.492ms
[2025-06-03T16:09:17.600+0530][530.908s] GC(791) Eden regions: 0->0(25)
[2025-06-03T16:09:17.600+0530][530.908s] GC(791) Survivor regions: 0->0(0)
[2025-06-03T16:09:17.600+0530][530.908s] GC(791) Old regions: 510->509
[2025-06-03T16:09:17.600+0530][530.908s] GC(791) Archive regions: 2->2
[2025-06-03T16:09:17.600+0530][530.908s] GC(791) Humongous regions: 0->0
[2025-06-03T16:09:17.600+0530][530.908s] GC(791) Metaspace: 20417K(21056K)->20400K(21056K) NonClass: 17888K(18240K)->17874K(18240K) Class: 2529K(2816K)->2526K(2816K)
[2025-06-03T16:09:17.600+0530][530.908s] GC(791) Pause Full (G1 Compaction Pause) 510M->509M(512M) 1014.217ms
[2025-06-03T16:09:17.601+0530][530.909s] GC(791) User=2.29s Sys=0.10s Real=1.02s
[2025-06-03T16:09:17.608+0530][530.916s] GC(792) Pause Young (Concurrent Start) (G1 Evacuation Pause)
[2025-06-03T16:09:17.608+0530][530.916s] GC(792) Using 8 workers of 8 for evacuation
[2025-06-03T16:09:17.609+0530][530.917s] GC(792) Skipped phase 1 of Reference Processing: no references
[2025-06-03T16:09:17.609+0530][530.917s] GC(792) ReferenceProcessor::execute queues: 1, RefProcThreadModel::Single, marks_oops_alive: false
[2025-06-03T16:09:17.609+0530][530.917s] GC(792) Skipped phase 3 of Reference Processing: no references
[2025-06-03T16:09:17.609+0530][530.917s] GC(792) Skipped phase 4 of Reference Processing: no references
[2025-06-03T16:09:17.610+0530][530.918s] GC(792) To-space exhausted
[2025-06-03T16:09:17.610+0530][530.918s] GC(792)   Pre Evacuate Collection Set: 0.1ms
[2025-06-03T16:09:17.610+0530][530.918s] GC(792)   Merge Heap Roots: 0.1ms
[2025-06-03T16:09:17.610+0530][530.918s] GC(792)   Evacuate Collection Set: 0.5ms
[2025-06-03T16:09:17.610+0530][530.918s] GC(792)   Post Evacuate Collection Set: 0.7ms
[2025-06-03T16:09:17.610+0530][530.918s] GC(792)   Other: 0.3ms
[2025-06-03T16:09:17.610+0530][530.918s] GC(792) Eden regions: 1->0(25)
[2025-06-03T16:09:17.610+0530][530.918s] GC(792) Survivor regions: 0->0(0)
[2025-06-03T16:09:17.610+0530][530.918s] GC(792) Old regions: 509->510
[2025-06-03T16:09:17.610+0530][530.918s] GC(792) Archive regions: 2->2
[2025-06-03T16:09:17.610+0530][530.918s] GC(792) Humongous regions: 0->0
[2025-06-03T16:09:17.610+0530][530.918s] GC(792) Metaspace: 20425K(21056K)->20425K(21056K) NonClass: 17895K(18240K)->17895K(18240K) Class: 2530K(2816K)->2530K(2816K)
[2025-06-03T16:09:17.610+0530][530.918s] GC(792) Pause Young (Concurrent Start) (G1 Evacuation Pause) 510M->510M(512M) 1.854ms
[2025-06-03T16:09:17.610+0530][530.918s] GC(792) User=0.01s Sys=0.00s Real=0.01s
[2025-06-03T16:09:17.610+0530][530.918s] Attempting full compaction
[2025-06-03T16:09:17.610+0530][530.918s] GC(793) Using 8 workers of 8 for full compaction
[2025-06-03T16:09:17.610+0530][530.918s] GC(794) Concurrent Mark Cycle
[2025-06-03T16:09:17.610+0530][530.918s] GC(793) Pause Full (G1 Compaction Pause)
[2025-06-03T16:09:17.610+0530][530.918s] GC(794) Concurrent Clear Claimed Marks
[2025-06-03T16:09:17.611+0530][530.918s] GC(794) Concurrent Clear Claimed Marks 0.120ms
[2025-06-03T16:09:17.611+0530][530.918s] GC(794) Concurrent Scan Root Regions
[2025-06-03T16:09:17.611+0530][530.919s] GC(794) Concurrent Scan Root Regions 0.039ms
[2025-06-03T16:09:17.611+0530][530.919s] GC(794) Concurrent Mark
[2025-06-03T16:09:17.611+0530][530.919s] GC(794) Concurrent Mark From Roots
[2025-06-03T16:09:17.611+0530][530.919s] GC(794) Using 2 workers of 2 for marking
[2025-06-03T16:09:17.611+0530][530.919s] GC(793) Phase 1: Mark live objects
[2025-06-03T16:09:18.586+0530][531.894s] GC(793) ReferenceProcessor::execute queues: 8, RefProcThreadModel::Multi, marks_oops_alive: true
[2025-06-03T16:09:18.587+0530][531.895s] GC(793) ReferenceProcessor::execute queues: 2, RefProcThreadModel::Multi, marks_oops_alive: false
[2025-06-03T16:09:18.587+0530][531.895s] GC(793) Skipped phase 3 of Reference Processing: no references
[2025-06-03T16:09:18.587+0530][531.895s] GC(793) ReferenceProcessor::execute queues: 1, RefProcThreadModel::Single, marks_oops_alive: false
[2025-06-03T16:09:18.588+0530][531.896s] GC(793) Phase 1: Mark live objects 977.173ms
[2025-06-03T16:09:18.588+0530][531.896s] GC(793) Phase 2: Prepare for compaction
[2025-06-03T16:09:18.589+0530][531.897s] GC(793) Phase 2: Prepare for compaction 0.590ms
[2025-06-03T16:09:18.589+0530][531.897s] GC(793) Phase 3: Adjust pointers
[2025-06-03T16:09:18.654+0530][531.962s] GC(793) Phase 3: Adjust pointers 65.639ms
[2025-06-03T16:09:18.654+0530][531.962s] GC(793) Phase 4: Compact heap
[2025-06-03T16:09:18.655+0530][531.963s] GC(793) Phase 4: Compact heap 0.429ms
[2025-06-03T16:09:18.659+0530][531.967s] GC(793) Eden regions: 0->0(25)
[2025-06-03T16:09:18.659+0530][531.967s] GC(793) Survivor regions: 0->0(0)
[2025-06-03T16:09:18.659+0530][531.967s] GC(793) Old regions: 510->509
[2025-06-03T16:09:18.659+0530][531.967s] GC(793) Archive regions: 2->2
[2025-06-03T16:09:18.659+0530][531.967s] GC(793) Humongous regions: 0->0
[2025-06-03T16:09:18.660+0530][531.967s] GC(793) Metaspace: 20425K(21056K)->20425K(21056K) NonClass: 17895K(18240K)->17895K(18240K) Class: 2530K(2816K)->2530K(2816K)
[2025-06-03T16:09:18.660+0530][531.967s] GC(793) Pause Full (G1 Compaction Pause) 510M->509M(512M) 1049.117ms
[2025-06-03T16:09:18.660+0530][531.968s] GC(793) User=2.34s Sys=0.11s Real=1.05s
[2025-06-03T16:09:18.660+0530][531.968s] GC(794) Concurrent Mark From Roots 1049.396ms
[2025-06-03T16:09:18.660+0530][531.968s] GC(794) Concurrent Mark Abort
[2025-06-03T16:09:18.660+0530][531.968s] GC(794) Concurrent Mark Cycle 1049.783ms
[2025-06-03T16:09:18.665+0530][531.972s] GC(795) Pause Young (Normal) (G1 Evacuation Pause)
[2025-06-03T16:09:18.665+0530][531.973s] GC(795) Using 8 workers of 8 for evacuation
[2025-06-03T16:09:18.665+0530][531.973s] GC(795) Skipped phase 1 of Reference Processing: no references
[2025-06-03T16:09:18.666+0530][531.974s] GC(795) ReferenceProcessor::execute queues: 1, RefProcThreadModel::Single, marks_oops_alive: false
[2025-06-03T16:09:18.666+0530][531.974s] GC(795) Skipped phase 3 of Reference Processing: no references
[2025-06-03T16:09:18.666+0530][531.974s] GC(795) Skipped phase 4 of Reference Processing: no references
[2025-06-03T16:09:18.666+0530][531.974s] GC(795) To-space exhausted
[2025-06-03T16:09:18.666+0530][531.974s] GC(795)   Pre Evacuate Collection Set: 0.1ms
[2025-06-03T16:09:18.666+0530][531.974s] GC(795)   Merge Heap Roots: 0.0ms
[2025-06-03T16:09:18.666+0530][531.974s] GC(795)   Evacuate Collection Set: 0.6ms
[2025-06-03T16:09:18.666+0530][531.974s] GC(795)   Post Evacuate Collection Set: 1.0ms
[2025-06-03T16:09:18.666+0530][531.974s] GC(795)   Other: 0.3ms
[2025-06-03T16:09:18.666+0530][531.974s] GC(795) Eden regions: 1->0(25)
[2025-06-03T16:09:18.667+0530][531.974s] GC(795) Survivor regions: 0->0(0)
[2025-06-03T16:09:18.667+0530][531.974s] GC(795) Old regions: 509->510
[2025-06-03T16:09:18.667+0530][531.974s] GC(795) Archive regions: 2->2
[2025-06-03T16:09:18.667+0530][531.974s] GC(795) Humongous regions: 0->0
[2025-06-03T16:09:18.667+0530][531.975s] GC(795) Metaspace: 20432K(21056K)->20432K(21056K) NonClass: 17900K(18240K)->17900K(18240K) Class: 2531K(2816K)->2531K(2816K)
[2025-06-03T16:09:18.667+0530][531.975s] GC(795) Pause Young (Normal) (G1 Evacuation Pause) 510M->510M(512M) 2.152ms
[2025-06-03T16:09:18.667+0530][531.975s] GC(795) User=0.00s Sys=0.00s Real=0.00s
[2025-06-03T16:09:18.667+0530][531.975s] Attempting full compaction
[2025-06-03T16:09:18.667+0530][531.975s] GC(796) Using 8 workers of 8 for full compaction
[2025-06-03T16:09:18.667+0530][531.975s] GC(796) Pause Full (G1 Compaction Pause)
[2025-06-03T16:09:18.667+0530][531.975s] GC(796) Phase 1: Mark live objects
[2025-06-03T16:09:19.665+0530][532.973s] GC(796) ReferenceProcessor::execute queues: 8, RefProcThreadModel::Multi, marks_oops_alive: true
[2025-06-03T16:09:19.665+0530][532.973s] GC(796) ReferenceProcessor::execute queues: 2, RefProcThreadModel::Multi, marks_oops_alive: false
[2025-06-03T16:09:19.665+0530][532.973s] GC(796) Skipped phase 3 of Reference Processing: no references
[2025-06-03T16:09:19.665+0530][532.973s] GC(796) ReferenceProcessor::execute queues: 1, RefProcThreadModel::Single, marks_oops_alive: false
[2025-06-03T16:09:19.668+0530][532.975s] GC(796) Phase 1: Mark live objects 1000.527ms
[2025-06-03T16:09:19.668+0530][532.976s] GC(796) Phase 2: Prepare for compaction
[2025-06-03T16:09:19.668+0530][532.976s] GC(796) Phase 2: Prepare for compaction 0.604ms
[2025-06-03T16:09:19.668+0530][532.976s] GC(796) Phase 3: Adjust pointers
[2025-06-03T16:09:19.729+0530][533.037s] GC(796) Phase 3: Adjust pointers 60.774ms
[2025-06-03T16:09:19.729+0530][533.037s] GC(796) Phase 4: Compact heap
[2025-06-03T16:09:19.730+0530][533.038s] GC(796) Phase 4: Compact heap 0.528ms
[2025-06-03T16:09:19.734+0530][533.042s] GC(796) Eden regions: 0->0(25)
[2025-06-03T16:09:19.734+0530][533.042s] GC(796) Survivor regions: 0->0(0)
[2025-06-03T16:09:19.734+0530][533.042s] GC(796) Old regions: 510->509
[2025-06-03T16:09:19.734+0530][533.042s] GC(796) Archive regions: 2->2
[2025-06-03T16:09:19.734+0530][533.042s] GC(796) Humongous regions: 0->0
[2025-06-03T16:09:19.734+0530][533.042s] GC(796) Metaspace: 20432K(21056K)->20405K(21056K) NonClass: 17900K(18240K)->17877K(18240K) Class: 2531K(2816K)->2527K(2816K)
[2025-06-03T16:09:19.734+0530][533.042s] GC(796) Pause Full (G1 Compaction Pause) 510M->509M(512M) 1067.047ms
[2025-06-03T16:09:19.734+0530][533.042s] GC(796) User=2.41s Sys=0.11s Real=1.07s
[2025-06-03T16:09:19.738+0530][533.046s] GC(797) Pause Young (Concurrent Start) (G1 Evacuation Pause)
[2025-06-03T16:09:19.738+0530][533.046s] GC(797) Using 8 workers of 8 for evacuation
[2025-06-03T16:09:19.739+0530][533.047s] GC(797) Skipped phase 1 of Reference Processing: no references
[2025-06-03T16:09:19.739+0530][533.047s] GC(797) ReferenceProcessor::execute queues: 1, RefProcThreadModel::Single, marks_oops_alive: false
[2025-06-03T16:09:19.739+0530][533.047s] GC(797) Skipped phase 3 of Reference Processing: no references
[2025-06-03T16:09:19.739+0530][533.047s] GC(797) Skipped phase 4 of Reference Processing: no references
[2025-06-03T16:09:19.739+0530][533.047s] GC(797) To-space exhausted
[2025-06-03T16:09:19.739+0530][533.047s] GC(797)   Pre Evacuate Collection Set: 0.1ms
[2025-06-03T16:09:19.739+0530][533.047s] GC(797)   Merge Heap Roots: 0.0ms
[2025-06-03T16:09:19.739+0530][533.047s] GC(797)   Evacuate Collection Set: 0.6ms
[2025-06-03T16:09:19.739+0530][533.047s] GC(797)   Post Evacuate Collection Set: 0.8ms
[2025-06-03T16:09:19.739+0530][533.047s] GC(797)   Other: 0.2ms
[2025-06-03T16:09:19.739+0530][533.047s] GC(797) Eden regions: 1->0(25)
[2025-06-03T16:09:19.740+0530][533.047s] GC(797) Survivor regions: 0->0(0)
[2025-06-03T16:09:19.740+0530][533.047s] GC(797) Old regions: 509->510
[2025-06-03T16:09:19.740+0530][533.047s] GC(797) Archive regions: 2->2
[2025-06-03T16:09:19.740+0530][533.047s] GC(797) Humongous regions: 0->0
[2025-06-03T16:09:19.740+0530][533.047s] GC(797) Metaspace: 20424K(21056K)->20424K(21056K) NonClass: 17894K(18240K)->17894K(18240K) Class: 2530K(2816K)->2530K(2816K)
[2025-06-03T16:09:19.740+0530][533.048s] GC(797) Pause Young (Concurrent Start) (G1 Evacuation Pause) 510M->510M(512M) 1.816ms
[2025-06-03T16:09:19.740+0530][533.048s] GC(797) User=0.01s Sys=0.00s Real=0.01s
[2025-06-03T16:09:19.740+0530][533.048s] Attempting full compaction
[2025-06-03T16:09:19.740+0530][533.048s] GC(798) Concurrent Mark Cycle
[2025-06-03T16:09:19.740+0530][533.048s] GC(798) Using 8 workers of 8 for full compaction
[2025-06-03T16:09:19.740+0530][533.048s] GC(798) Concurrent Clear Claimed Marks
[2025-06-03T16:09:19.740+0530][533.048s] GC(798) Pause Full (G1 Compaction Pause)
[2025-06-03T16:09:19.740+0530][533.048s] GC(798) Concurrent Clear Claimed Marks 0.112ms
[2025-06-03T16:09:19.740+0530][533.048s] GC(798) Concurrent Scan Root Regions
[2025-06-03T16:09:19.740+0530][533.048s] GC(798) Concurrent Scan Root Regions 0.052ms
[2025-06-03T16:09:19.740+0530][533.048s] GC(798) Concurrent Mark
[2025-06-03T16:09:19.740+0530][533.048s] GC(798) Concurrent Mark From Roots
[2025-06-03T16:09:19.740+0530][533.048s] GC(798) Using 2 workers of 2 for marking
[2025-06-03T16:09:19.740+0530][533.048s] GC(798) Phase 1: Mark live objects
[2025-06-03T16:09:20.659+0530][533.967s] GC(798) ReferenceProcessor::execute queues: 8, RefProcThreadModel::Multi, marks_oops_alive: true
[2025-06-03T16:09:20.659+0530][533.967s] GC(798) ReferenceProcessor::execute queues: 2, RefProcThreadModel::Multi, marks_oops_alive: false
[2025-06-03T16:09:20.659+0530][533.967s] GC(798) Skipped phase 3 of Reference Processing: no references
[2025-06-03T16:09:20.659+0530][533.967s] GC(798) ReferenceProcessor::execute queues: 1, RefProcThreadModel::Single, marks_oops_alive: false
[2025-06-03T16:09:20.661+0530][533.969s] GC(798) Phase 1: Mark live objects 920.974ms
[2025-06-03T16:09:20.661+0530][533.969s] GC(798) Phase 2: Prepare for compaction
[2025-06-03T16:09:20.662+0530][533.970s] GC(798) Phase 2: Prepare for compaction 0.645ms
[2025-06-03T16:09:20.662+0530][533.970s] GC(798) Phase 3: Adjust pointers
[2025-06-03T16:09:20.718+0530][534.026s] GC(798) Phase 3: Adjust pointers 56.186ms
[2025-06-03T16:09:20.718+0530][534.026s] GC(798) Phase 4: Compact heap
[2025-06-03T16:09:20.719+0530][534.027s] GC(798) Phase 4: Compact heap 0.367ms
[2025-06-03T16:09:20.722+0530][534.030s] GC(798) Eden regions: 0->0(25)
[2025-06-03T16:09:20.722+0530][534.030s] GC(798) Survivor regions: 0->0(0)
[2025-06-03T16:09:20.722+0530][534.030s] GC(798) Old regions: 510->509
[2025-06-03T16:09:20.722+0530][534.030s] GC(798) Archive regions: 2->2
[2025-06-03T16:09:20.722+0530][534.030s] GC(798) Humongous regions: 0->0
[2025-06-03T16:09:20.722+0530][534.030s] GC(798) Metaspace: 20424K(21056K)->20408K(21056K) NonClass: 17894K(18240K)->17880K(18240K) Class: 2530K(2816K)->2527K(2816K)
[2025-06-03T16:09:20.722+0530][534.030s] GC(798) Pause Full (G1 Compaction Pause) 510M->509M(512M) 982.734ms
[2025-06-03T16:09:20.723+0530][534.031s] GC(798) User=2.26s Sys=0.08s Real=0.98s
[2025-06-03T16:09:20.723+0530][534.031s] GC(798) Concurrent Mark From Roots 983.073ms
[2025-06-03T16:09:20.723+0530][534.031s] GC(798) Concurrent Mark Abort
[2025-06-03T16:09:20.723+0530][534.031s] GC(798) Concurrent Mark Cycle 983.633ms
[2025-06-03T16:09:20.743+0530][534.051s] GC(799) Pause Young (Normal) (G1 Evacuation Pause)
[2025-06-03T16:09:20.743+0530][534.051s] GC(799) Using 8 workers of 8 for evacuation
[2025-06-03T16:09:20.744+0530][534.052s] GC(799) Skipped phase 1 of Reference Processing: no references
[2025-06-03T16:09:20.744+0530][534.052s] GC(799) ReferenceProcessor::execute queues: 1, RefProcThreadModel::Single, marks_oops_alive: false
[2025-06-03T16:09:20.744+0530][534.052s] GC(799) Skipped phase 3 of Reference Processing: no references
[2025-06-03T16:09:20.744+0530][534.052s] GC(799) Skipped phase 4 of Reference Processing: no references
[2025-06-03T16:09:20.744+0530][534.052s] GC(799) To-space exhausted
[2025-06-03T16:09:20.744+0530][534.052s] GC(799)   Pre Evacuate Collection Set: 0.1ms
[2025-06-03T16:09:20.744+0530][534.052s] GC(799)   Merge Heap Roots: 0.0ms
[2025-06-03T16:09:20.745+0530][534.052s] GC(799)   Evacuate Collection Set: 0.4ms
[2025-06-03T16:09:20.745+0530][534.052s] GC(799)   Post Evacuate Collection Set: 0.6ms
[2025-06-03T16:09:20.745+0530][534.052s] GC(799)   Other: 0.2ms
[2025-06-03T16:09:20.745+0530][534.052s] GC(799) Eden regions: 1->0(25)
[2025-06-03T16:09:20.745+0530][534.053s] GC(799) Survivor regions: 0->0(0)
[2025-06-03T16:09:20.745+0530][534.053s] GC(799) Old regions: 509->510
[2025-06-03T16:09:20.745+0530][534.053s] GC(799) Archive regions: 2->2
[2025-06-03T16:09:20.745+0530][534.053s] GC(799) Humongous regions: 0->0
[2025-06-03T16:09:20.745+0530][534.053s] GC(799) Metaspace: 20431K(21056K)->20431K(21056K) NonClass: 17899K(18240K)->17899K(18240K) Class: 2531K(2816K)->2531K(2816K)
[2025-06-03T16:09:20.745+0530][534.053s] GC(799) Pause Young (Normal) (G1 Evacuation Pause) 510M->510M(512M) 1.520ms
[2025-06-03T16:09:20.745+0530][534.053s] GC(799) User=0.01s Sys=0.00s Real=0.00s
[2025-06-03T16:09:20.745+0530][534.053s] Attempting full compaction
[2025-06-03T16:09:20.745+0530][534.053s] GC(800) Using 8 workers of 8 for full compaction
[2025-06-03T16:09:20.745+0530][534.053s] GC(800) Pause Full (G1 Compaction Pause)
[2025-06-03T16:09:20.745+0530][534.053s] GC(800) Phase 1: Mark live objects
[2025-06-03T16:09:21.646+0530][534.954s] GC(800) ReferenceProcessor::execute queues: 8, RefProcThreadModel::Multi, marks_oops_alive: true
[2025-06-03T16:09:21.646+0530][534.954s] GC(800) ReferenceProcessor::execute queues: 2, RefProcThreadModel::Multi, marks_oops_alive: false
[2025-06-03T16:09:21.647+0530][534.955s] GC(800) Skipped phase 3 of Reference Processing: no references
[2025-06-03T16:09:21.647+0530][534.955s] GC(800) ReferenceProcessor::execute queues: 1, RefProcThreadModel::Single, marks_oops_alive: false
[2025-06-03T16:09:21.649+0530][534.957s] GC(800) Phase 1: Mark live objects 904.110ms
[2025-06-03T16:09:21.649+0530][534.957s] GC(800) Phase 2: Prepare for compaction
[2025-06-03T16:09:21.650+0530][534.958s] GC(800) Phase 2: Prepare for compaction 0.807ms
[2025-06-03T16:09:21.650+0530][534.958s] GC(800) Phase 3: Adjust pointers
[2025-06-03T16:09:21.707+0530][535.014s] GC(800) Phase 3: Adjust pointers 56.674ms
[2025-06-03T16:09:21.707+0530][535.015s] GC(800) Phase 4: Compact heap
[2025-06-03T16:09:21.707+0530][535.015s] GC(800) Phase 4: Compact heap 0.398ms
[2025-06-03T16:09:21.710+0530][535.018s] GC(800) Eden regions: 0->0(25)
[2025-06-03T16:09:21.711+0530][535.018s] GC(800) Survivor regions: 0->0(0)
[2025-06-03T16:09:21.711+0530][535.019s] GC(800) Old regions: 510->509
[2025-06-03T16:09:21.711+0530][535.019s] GC(800) Archive regions: 2->2
[2025-06-03T16:09:21.711+0530][535.019s] GC(800) Humongous regions: 0->0
[2025-06-03T16:09:21.711+0530][535.019s] GC(800) Metaspace: 20431K(21056K)->20427K(21056K) NonClass: 17899K(18240K)->17897K(18240K) Class: 2531K(2816K)->2530K(2816K)
[2025-06-03T16:09:21.711+0530][535.019s] GC(800) Pause Full (G1 Compaction Pause) 510M->509M(512M) 965.828ms
[2025-06-03T16:09:21.711+0530][535.019s] GC(800) User=2.23s Sys=0.07s Real=0.97s
[2025-06-03T16:09:21.715+0530][535.023s] GC(801) Pause Young (Concurrent Start) (G1 Evacuation Pause)
[2025-06-03T16:09:21.715+0530][535.023s] GC(801) Using 8 workers of 8 for evacuation
[2025-06-03T16:09:21.716+0530][535.024s] GC(801) Skipped phase 1 of Reference Processing: no references
[2025-06-03T16:09:21.716+0530][535.024s] GC(801) ReferenceProcessor::execute queues: 1, RefProcThreadModel::Single, marks_oops_alive: false
[2025-06-03T16:09:21.716+0530][535.024s] GC(801) Skipped phase 3 of Reference Processing: no references
[2025-06-03T16:09:21.716+0530][535.024s] GC(801) Skipped phase 4 of Reference Processing: no references
[2025-06-03T16:09:21.717+0530][535.025s] GC(801) To-space exhausted
[2025-06-03T16:09:21.717+0530][535.025s] GC(801)   Pre Evacuate Collection Set: 0.1ms
[2025-06-03T16:09:21.717+0530][535.025s] GC(801)   Merge Heap Roots: 0.1ms
[2025-06-03T16:09:21.717+0530][535.025s] GC(801)   Evacuate Collection Set: 0.6ms
[2025-06-03T16:09:21.717+0530][535.025s] GC(801)   Post Evacuate Collection Set: 0.9ms
[2025-06-03T16:09:21.717+0530][535.025s] GC(801)   Other: 0.2ms
[2025-06-03T16:09:21.717+0530][535.025s] GC(801) Eden regions: 1->0(25)
[2025-06-03T16:09:21.717+0530][535.025s] GC(801) Survivor regions: 0->0(0)
[2025-06-03T16:09:21.717+0530][535.025s] GC(801) Old regions: 509->510
[2025-06-03T16:09:21.717+0530][535.025s] GC(801) Archive regions: 2->2
[2025-06-03T16:09:21.717+0530][535.025s] GC(801) Humongous regions: 0->0
[2025-06-03T16:09:21.717+0530][535.025s] GC(801) Metaspace: 20431K(21056K)->20431K(21056K) NonClass: 17900K(18240K)->17900K(18240K) Class: 2531K(2816K)->2531K(2816K)
[2025-06-03T16:09:21.717+0530][535.025s] GC(801) Pause Young (Concurrent Start) (G1 Evacuation Pause) 510M->510M(512M) 2.082ms
[2025-06-03T16:09:21.717+0530][535.025s] GC(801) User=0.01s Sys=0.00s Real=0.00s
[2025-06-03T16:09:21.717+0530][535.025s] Attempting full compaction
[2025-06-03T16:09:21.717+0530][535.025s] GC(803) Concurrent Mark Cycle
[2025-06-03T16:09:21.717+0530][535.025s] GC(802) Using 8 workers of 8 for full compaction
[2025-06-03T16:09:21.717+0530][535.025s] GC(803) Concurrent Clear Claimed Marks
[2025-06-03T16:09:21.717+0530][535.025s] GC(802) Pause Full (G1 Compaction Pause)
[2025-06-03T16:09:21.717+0530][535.025s] GC(803) Concurrent Clear Claimed Marks 0.088ms
[2025-06-03T16:09:21.717+0530][535.025s] GC(803) Concurrent Scan Root Regions
[2025-06-03T16:09:21.717+0530][535.025s] GC(803) Concurrent Scan Root Regions 0.013ms
[2025-06-03T16:09:21.717+0530][535.025s] GC(803) Concurrent Mark
[2025-06-03T16:09:21.717+0530][535.025s] GC(803) Concurrent Mark From Roots
[2025-06-03T16:09:21.717+0530][535.025s] GC(803) Using 2 workers of 2 for marking
[2025-06-03T16:09:21.718+0530][535.026s] GC(802) Phase 1: Mark live objects
[2025-06-03T16:09:22.615+0530][535.923s] GC(802) ReferenceProcessor::execute queues: 8, RefProcThreadModel::Multi, marks_oops_alive: true
[2025-06-03T16:09:22.615+0530][535.923s] GC(802) ReferenceProcessor::execute queues: 2, RefProcThreadModel::Multi, marks_oops_alive: false
[2025-06-03T16:09:22.615+0530][535.923s] GC(802) Skipped phase 3 of Reference Processing: no references
[2025-06-03T16:09:22.615+0530][535.923s] GC(802) ReferenceProcessor::execute queues: 1, RefProcThreadModel::Single, marks_oops_alive: false
[2025-06-03T16:09:22.617+0530][535.925s] GC(802) Phase 1: Mark live objects 899.678ms
[2025-06-03T16:09:22.617+0530][535.925s] GC(802) Phase 2: Prepare for compaction
[2025-06-03T16:09:22.618+0530][535.926s] GC(802) Phase 2: Prepare for compaction 0.834ms
[2025-06-03T16:09:22.618+0530][535.926s] GC(802) Phase 3: Adjust pointers
[2025-06-03T16:09:22.674+0530][535.982s] GC(802) Phase 3: Adjust pointers 56.028ms
[2025-06-03T16:09:22.674+0530][535.982s] GC(802) Phase 4: Compact heap
[2025-06-03T16:09:22.675+0530][535.983s] GC(802) Phase 4: Compact heap 0.516ms
[2025-06-03T16:09:22.679+0530][535.987s] GC(802) Eden regions: 0->0(25)
[2025-06-03T16:09:22.679+0530][535.987s] GC(802) Survivor regions: 0->0(0)
[2025-06-03T16:09:22.679+0530][535.987s] GC(802) Old regions: 510->509
[2025-06-03T16:09:22.679+0530][535.987s] GC(802) Archive regions: 2->2
[2025-06-03T16:09:22.679+0530][535.987s] GC(802) Humongous regions: 0->0
[2025-06-03T16:09:22.679+0530][535.987s] GC(802) Metaspace: 20431K(21056K)->20407K(21056K) NonClass: 17900K(18240K)->17879K(18240K) Class: 2531K(2816K)->2527K(2816K)
[2025-06-03T16:09:22.679+0530][535.987s] GC(802) Pause Full (G1 Compaction Pause) 510M->509M(512M) 961.874ms
[2025-06-03T16:09:22.679+0530][535.987s] GC(802) User=2.22s Sys=0.07s Real=0.96s
[2025-06-03T16:09:22.679+0530][535.987s] GC(803) Concurrent Mark From Roots 962.312ms
[2025-06-03T16:09:22.680+0530][535.987s] GC(803) Concurrent Mark Abort
[2025-06-03T16:09:22.680+0530][535.988s] GC(803) Concurrent Mark Cycle 962.620ms
[2025-06-03T16:09:22.689+0530][535.997s] GC(804) Pause Young (Normal) (G1 Evacuation Pause)
[2025-06-03T16:09:22.689+0530][535.997s] GC(804) Using 8 workers of 8 for evacuation
[2025-06-03T16:09:22.689+0530][535.997s] GC(804) Skipped phase 1 of Reference Processing: no references
[2025-06-03T16:09:22.689+0530][535.997s] GC(804) ReferenceProcessor::execute queues: 1, RefProcThreadModel::Single, marks_oops_alive: false
[2025-06-03T16:09:22.689+0530][535.997s] GC(804) Skipped phase 3 of Reference Processing: no references
[2025-06-03T16:09:22.689+0530][535.997s] GC(804) Skipped phase 4 of Reference Processing: no references
[2025-06-03T16:09:22.690+0530][535.998s] GC(804) To-space exhausted
[2025-06-03T16:09:22.690+0530][535.998s] GC(804)   Pre Evacuate Collection Set: 0.1ms
[2025-06-03T16:09:22.690+0530][535.998s] GC(804)   Merge Heap Roots: 0.0ms
[2025-06-03T16:09:22.690+0530][535.998s] GC(804)   Evacuate Collection Set: 0.5ms
[2025-06-03T16:09:22.690+0530][535.998s] GC(804)   Post Evacuate Collection Set: 0.6ms
[2025-06-03T16:09:22.690+0530][535.998s] GC(804)   Other: 0.2ms
[2025-06-03T16:09:22.690+0530][535.998s] GC(804) Eden regions: 1->0(25)
[2025-06-03T16:09:22.690+0530][535.998s] GC(804) Survivor regions: 0->0(0)
[2025-06-03T16:09:22.690+0530][535.998s] GC(804) Old regions: 509->510
[2025-06-03T16:09:22.690+0530][535.998s] GC(804) Archive regions: 2->2
[2025-06-03T16:09:22.690+0530][535.998s] GC(804) Humongous regions: 0->0
[2025-06-03T16:09:22.690+0530][535.998s] GC(804) Metaspace: 20434K(21056K)->20434K(21056K) NonClass: 17902K(18240K)->17902K(18240K) Class: 2531K(2816K)->2531K(2816K)
[2025-06-03T16:09:22.690+0530][535.998s] GC(804) Pause Young (Normal) (G1 Evacuation Pause) 510M->510M(512M) 1.584ms
[2025-06-03T16:09:22.690+0530][535.998s] GC(804) User=0.00s Sys=0.00s Real=0.01s
[2025-06-03T16:09:22.690+0530][535.998s] Attempting full compaction
[2025-06-03T16:09:22.690+0530][535.998s] GC(805) Using 8 workers of 8 for full compaction
[2025-06-03T16:09:22.690+0530][535.998s] GC(805) Pause Full (G1 Compaction Pause)
[2025-06-03T16:09:22.690+0530][535.998s] GC(805) Phase 1: Mark live objects
[2025-06-03T16:09:23.603+0530][536.911s] GC(805) ReferenceProcessor::execute queues: 8, RefProcThreadModel::Multi, marks_oops_alive: true
[2025-06-03T16:09:23.603+0530][536.911s] GC(805) ReferenceProcessor::execute queues: 2, RefProcThreadModel::Multi, marks_oops_alive: false
[2025-06-03T16:09:23.603+0530][536.911s] GC(805) Skipped phase 3 of Reference Processing: no references
[2025-06-03T16:09:23.603+0530][536.911s] GC(805) ReferenceProcessor::execute queues: 1, RefProcThreadModel::Single, marks_oops_alive: false
[2025-06-03T16:09:23.605+0530][536.913s] GC(805) Phase 1: Mark live objects 915.028ms
[2025-06-03T16:09:23.606+0530][536.914s] GC(805) Phase 2: Prepare for compaction
[2025-06-03T16:09:23.606+0530][536.914s] GC(805) Phase 2: Prepare for compaction 0.792ms
[2025-06-03T16:09:23.606+0530][536.914s] GC(805) Phase 3: Adjust pointers
[2025-06-03T16:09:23.663+0530][536.971s] GC(805) Phase 3: Adjust pointers 56.292ms
[2025-06-03T16:09:23.663+0530][536.971s] GC(805) Phase 4: Compact heap
[2025-06-03T16:09:23.663+0530][536.971s] GC(805) Phase 4: Compact heap 0.426ms
[2025-06-03T16:09:23.667+0530][536.975s] GC(805) Eden regions: 0->0(25)
[2025-06-03T16:09:23.667+0530][536.975s] GC(805) Survivor regions: 0->0(0)
[2025-06-03T16:09:23.667+0530][536.975s] GC(805) Old regions: 510->509
[2025-06-03T16:09:23.667+0530][536.975s] GC(805) Archive regions: 2->2
[2025-06-03T16:09:23.667+0530][536.975s] GC(805) Humongous regions: 0->0
[2025-06-03T16:09:23.667+0530][536.975s] GC(805) Metaspace: 20434K(21056K)->20431K(21056K) NonClass: 17902K(18240K)->17899K(18240K) Class: 2531K(2816K)->2531K(2816K)
[2025-06-03T16:09:23.667+0530][536.975s] GC(805) Pause Full (G1 Compaction Pause) 510M->509M(512M) 976.382ms
[2025-06-03T16:09:23.667+0530][536.975s] GC(805) User=2.26s Sys=0.06s Real=0.97s
[2025-06-03T16:09:23.671+0530][536.979s] GC(806) Pause Young (Concurrent Start) (G1 Evacuation Pause)
[2025-06-03T16:09:23.671+0530][536.979s] GC(806) Using 8 workers of 8 for evacuation
[2025-06-03T16:09:23.672+0530][536.980s] GC(806) Skipped phase 1 of Reference Processing: no references
[2025-06-03T16:09:23.672+0530][536.980s] GC(806) ReferenceProcessor::execute queues: 1, RefProcThreadModel::Single, marks_oops_alive: false
[2025-06-03T16:09:23.672+0530][536.980s] GC(806) Skipped phase 3 of Reference Processing: no references
[2025-06-03T16:09:23.672+0530][536.980s] GC(806) Skipped phase 4 of Reference Processing: no references
[2025-06-03T16:09:23.672+0530][536.980s] GC(806) To-space exhausted
[2025-06-03T16:09:23.673+0530][536.981s] GC(806)   Pre Evacuate Collection Set: 0.1ms
[2025-06-03T16:09:23.673+0530][536.981s] GC(806)   Merge Heap Roots: 0.1ms
[2025-06-03T16:09:23.673+0530][536.981s] GC(806)   Evacuate Collection Set: 0.6ms
[2025-06-03T16:09:23.673+0530][536.981s] GC(806)   Post Evacuate Collection Set: 0.9ms
[2025-06-03T16:09:23.673+0530][536.981s] GC(806)   Other: 0.2ms
[2025-06-03T16:09:23.673+0530][536.981s] GC(806) Eden regions: 1->0(25)
[2025-06-03T16:09:23.673+0530][536.981s] GC(806) Survivor regions: 0->0(0)
[2025-06-03T16:09:23.673+0530][536.981s] GC(806) Old regions: 509->510
[2025-06-03T16:09:23.673+0530][536.981s] GC(806) Archive regions: 2->2
[2025-06-03T16:09:23.673+0530][536.981s] GC(806) Humongous regions: 0->0
[2025-06-03T16:09:23.673+0530][536.981s] GC(806) Metaspace: 20434K(21056K)->20434K(21056K) NonClass: 17902K(18240K)->17902K(18240K) Class: 2531K(2816K)->2531K(2816K)
[2025-06-03T16:09:23.673+0530][536.981s] GC(806) Pause Young (Concurrent Start) (G1 Evacuation Pause) 510M->510M(512M) 1.992ms
[2025-06-03T16:09:23.673+0530][536.981s] GC(806) User=0.01s Sys=0.00s Real=0.00s
[2025-06-03T16:09:23.673+0530][536.981s] Attempting full compaction
[2025-06-03T16:09:23.673+0530][536.981s] GC(807) Concurrent Mark Cycle
[2025-06-03T16:09:23.673+0530][536.981s] GC(807) Using 8 workers of 8 for full compaction
[2025-06-03T16:09:23.673+0530][536.981s] GC(807) Concurrent Clear Claimed Marks
[2025-06-03T16:09:23.673+0530][536.981s] GC(807) Pause Full (G1 Compaction Pause)
[2025-06-03T16:09:23.673+0530][536.981s] GC(807) Concurrent Clear Claimed Marks 0.102ms
[2025-06-03T16:09:23.673+0530][536.981s] GC(807) Concurrent Scan Root Regions
[2025-06-03T16:09:23.673+0530][536.981s] GC(807) Concurrent Scan Root Regions 0.051ms
[2025-06-03T16:09:23.673+0530][536.981s] GC(807) Concurrent Mark
[2025-06-03T16:09:23.673+0530][536.981s] GC(807) Concurrent Mark From Roots
[2025-06-03T16:09:23.673+0530][536.981s] GC(807) Using 2 workers of 2 for marking
[2025-06-03T16:09:23.673+0530][536.981s] GC(807) Phase 1: Mark live objects
[2025-06-03T16:09:24.545+0530][537.853s] GC(807) ReferenceProcessor::execute queues: 8, RefProcThreadModel::Multi, marks_oops_alive: true
[2025-06-03T16:09:24.545+0530][537.853s] GC(807) ReferenceProcessor::execute queues: 2, RefProcThreadModel::Multi, marks_oops_alive: false
[2025-06-03T16:09:24.545+0530][537.853s] GC(807) Skipped phase 3 of Reference Processing: no references
[2025-06-03T16:09:24.545+0530][537.853s] GC(807) ReferenceProcessor::execute queues: 1, RefProcThreadModel::Single, marks_oops_alive: false
[2025-06-03T16:09:24.548+0530][537.856s] GC(807) Phase 1: Mark live objects 874.156ms
[2025-06-03T16:09:24.548+0530][537.856s] GC(807) Phase 2: Prepare for compaction
[2025-06-03T16:09:24.548+0530][537.856s] GC(807) Phase 2: Prepare for compaction 0.786ms
[2025-06-03T16:09:24.548+0530][537.856s] GC(807) Phase 3: Adjust pointers
[2025-06-03T16:09:24.605+0530][537.913s] GC(807) Phase 3: Adjust pointers 56.104ms
[2025-06-03T16:09:24.605+0530][537.913s] GC(807) Phase 4: Compact heap
[2025-06-03T16:09:24.605+0530][537.913s] GC(807) Phase 4: Compact heap 0.457ms
[2025-06-03T16:09:24.609+0530][537.917s] GC(807) Eden regions: 0->0(25)
[2025-06-03T16:09:24.609+0530][537.917s] GC(807) Survivor regions: 0->0(0)
[2025-06-03T16:09:24.609+0530][537.917s] GC(807) Old regions: 510->509
[2025-06-03T16:09:24.609+0530][537.917s] GC(807) Archive regions: 2->2
[2025-06-03T16:09:24.609+0530][537.917s] GC(807) Humongous regions: 0->0
[2025-06-03T16:09:24.609+0530][537.917s] GC(807) Metaspace: 20434K(21056K)->20407K(21056K) NonClass: 17902K(18240K)->17879K(18240K) Class: 2531K(2816K)->2527K(2816K)
[2025-06-03T16:09:24.609+0530][537.917s] GC(807) Pause Full (G1 Compaction Pause) 510M->509M(512M) 936.425ms
[2025-06-03T16:09:24.610+0530][537.918s] GC(807) User=2.19s Sys=0.06s Real=0.94s
[2025-06-03T16:09:24.610+0530][537.918s] GC(807) Concurrent Mark From Roots 936.724ms
[2025-06-03T16:09:24.610+0530][537.918s] GC(807) Concurrent Mark Abort
[2025-06-03T16:09:24.610+0530][537.918s] GC(807) Concurrent Mark Cycle 937.239ms
[2025-06-03T16:09:24.613+0530][537.921s] GC(808) Pause Young (Normal) (G1 Evacuation Pause)
[2025-06-03T16:09:24.613+0530][537.921s] GC(808) Using 8 workers of 8 for evacuation
[2025-06-03T16:09:24.614+0530][537.922s] GC(808) Skipped phase 1 of Reference Processing: no references
[2025-06-03T16:09:24.614+0530][537.922s] GC(808) ReferenceProcessor::execute queues: 1, RefProcThreadModel::Single, marks_oops_alive: false
[2025-06-03T16:09:24.614+0530][537.922s] GC(808) Skipped phase 3 of Reference Processing: no references
[2025-06-03T16:09:24.614+0530][537.922s] GC(808) Skipped phase 4 of Reference Processing: no references
[2025-06-03T16:09:24.615+0530][537.923s] GC(808) To-space exhausted
[2025-06-03T16:09:24.615+0530][537.923s] GC(808)   Pre Evacuate Collection Set: 0.1ms
[2025-06-03T16:09:24.615+0530][537.923s] GC(808)   Merge Heap Roots: 0.1ms
[2025-06-03T16:09:24.615+0530][537.923s] GC(808)   Evacuate Collection Set: 0.4ms
[2025-06-03T16:09:24.615+0530][537.923s] GC(808)   Post Evacuate Collection Set: 0.6ms
[2025-06-03T16:09:24.615+0530][537.923s] GC(808)   Other: 0.2ms
[2025-06-03T16:09:24.615+0530][537.923s] GC(808) Eden regions: 1->0(25)
[2025-06-03T16:09:24.615+0530][537.923s] GC(808) Survivor regions: 0->0(0)
[2025-06-03T16:09:24.615+0530][537.923s] GC(808) Old regions: 509->510
[2025-06-03T16:09:24.615+0530][537.923s] GC(808) Archive regions: 2->2
[2025-06-03T16:09:24.615+0530][537.923s] GC(808) Humongous regions: 0->0
[2025-06-03T16:09:24.615+0530][537.923s] GC(808) Metaspace: 20433K(21056K)->20433K(21056K) NonClass: 17902K(18240K)->17902K(18240K) Class: 2531K(2816K)->2531K(2816K)
[2025-06-03T16:09:24.615+0530][537.923s] GC(808) Pause Young (Normal) (G1 Evacuation Pause) 510M->510M(512M) 1.594ms
[2025-06-03T16:09:24.615+0530][537.923s] GC(808) User=0.00s Sys=0.00s Real=0.00s
[2025-06-03T16:09:24.615+0530][537.923s] Attempting full compaction
[2025-06-03T16:09:24.615+0530][537.923s] GC(809) Using 8 workers of 8 for full compaction
[2025-06-03T16:09:24.615+0530][537.923s] GC(809) Pause Full (G1 Compaction Pause)
[2025-06-03T16:09:24.615+0530][537.923s] GC(809) Phase 1: Mark live objects
[2025-06-03T16:09:25.500+0530][538.808s] GC(809) ReferenceProcessor::execute queues: 8, RefProcThreadModel::Multi, marks_oops_alive: true
[2025-06-03T16:09:25.500+0530][538.808s] GC(809) ReferenceProcessor::execute queues: 2, RefProcThreadModel::Multi, marks_oops_alive: false
[2025-06-03T16:09:25.500+0530][538.808s] GC(809) Skipped phase 3 of Reference Processing: no references
[2025-06-03T16:09:25.500+0530][538.808s] GC(809) ReferenceProcessor::execute queues: 1, RefProcThreadModel::Single, marks_oops_alive: false
[2025-06-03T16:09:25.502+0530][538.810s] GC(809) Phase 1: Mark live objects 887.323ms
[2025-06-03T16:09:25.502+0530][538.811s] GC(809) Phase 2: Prepare for compaction
[2025-06-03T16:09:25.503+0530][538.811s] GC(809) Phase 2: Prepare for compaction 0.895ms
[2025-06-03T16:09:25.503+0530][538.811s] GC(809) Phase 3: Adjust pointers
[2025-06-03T16:09:25.560+0530][538.868s] GC(809) Phase 3: Adjust pointers 56.270ms
[2025-06-03T16:09:25.560+0530][538.868s] GC(809) Phase 4: Compact heap
[2025-06-03T16:09:25.560+0530][538.868s] GC(809) Phase 4: Compact heap 0.474ms
[2025-06-03T16:09:25.564+0530][538.872s] GC(809) Eden regions: 0->0(25)
[2025-06-03T16:09:25.564+0530][538.872s] GC(809) Survivor regions: 0->0(0)
[2025-06-03T16:09:25.564+0530][538.872s] GC(809) Old regions: 510->510
[2025-06-03T16:09:25.564+0530][538.872s] GC(809) Archive regions: 2->2
[2025-06-03T16:09:25.564+0530][538.872s] GC(809) Humongous regions: 0->0
[2025-06-03T16:09:25.564+0530][538.872s] GC(809) Metaspace: 20433K(21056K)->20416K(21056K) NonClass: 17902K(18240K)->17888K(18240K) Class: 2531K(2816K)->2528K(2816K)
[2025-06-03T16:09:25.564+0530][538.872s] GC(809) Pause Full (G1 Compaction Pause) 510M->509M(512M) 948.780ms
[2025-06-03T16:09:25.564+0530][538.872s] GC(809) User=2.20s Sys=0.06s Real=0.95s
[2025-06-03T16:09:25.564+0530][538.872s] Attempting maximum full compaction clearing soft references
[2025-06-03T16:09:25.564+0530][538.872s] GC(810) Using 8 workers of 8 for full compaction
[2025-06-03T16:09:25.564+0530][538.872s] GC(810) Pause Full (G1 Compaction Pause)
[2025-06-03T16:09:25.564+0530][538.872s] GC(810) Phase 1: Mark live objects
[2025-06-03T16:09:26.441+0530][539.749s] GC(810) ReferenceProcessor::execute queues: 8, RefProcThreadModel::Multi, marks_oops_alive: true
[2025-06-03T16:09:26.442+0530][539.750s] GC(810) ReferenceProcessor::execute queues: 2, RefProcThreadModel::Multi, marks_oops_alive: false
[2025-06-03T16:09:26.442+0530][539.750s] GC(810) Skipped phase 3 of Reference Processing: no references
[2025-06-03T16:09:26.442+0530][539.750s] GC(810) ReferenceProcessor::execute queues: 1, RefProcThreadModel::Single, marks_oops_alive: false
[2025-06-03T16:09:26.444+0530][539.752s] GC(810) Phase 1: Mark live objects 879.761ms
[2025-06-03T16:09:26.444+0530][539.752s] GC(810) Phase 2: Prepare for compaction
[2025-06-03T16:09:26.493+0530][539.801s] GC(810) Phase 2: Prepare for compaction 48.368ms
[2025-06-03T16:09:26.493+0530][539.801s] GC(810) Phase 3: Adjust pointers
[2025-06-03T16:09:26.575+0530][539.883s] GC(810) Phase 3: Adjust pointers 82.260ms
[2025-06-03T16:09:26.575+0530][539.883s] GC(810) Phase 4: Compact heap
[2025-06-03T16:09:26.633+0530][539.941s] GC(810) Phase 4: Compact heap 57.748ms
[2025-06-03T16:09:26.637+0530][539.945s] GC(810) Eden regions: 0->0(25)
[2025-06-03T16:09:26.637+0530][539.945s] GC(810) Survivor regions: 0->0(0)
[2025-06-03T16:09:26.637+0530][539.945s] GC(810) Old regions: 510->509
[2025-06-03T16:09:26.637+0530][539.945s] GC(810) Archive regions: 2->2
[2025-06-03T16:09:26.637+0530][539.945s] GC(810) Humongous regions: 0->0
[2025-06-03T16:09:26.637+0530][539.945s] GC(810) Metaspace: 20416K(21056K)->20405K(21056K) NonClass: 17888K(18240K)->17878K(18240K) Class: 2528K(2816K)->2526K(2816K)
[2025-06-03T16:09:26.637+0530][539.945s] GC(810) Pause Full (G1 Compaction Pause) 509M->509M(512M) 1072.410ms
[2025-06-03T16:09:26.637+0530][539.945s] GC(810) User=3.12s Sys=0.07s Real=1.07s
[2025-06-03T16:09:26.647+0530][539.955s] GC(811) Pause Young (Concurrent Start) (G1 Evacuation Pause)
[2025-06-03T16:09:26.648+0530][539.956s] GC(811) Using 8 workers of 8 for evacuation
[2025-06-03T16:09:26.648+0530][539.956s] GC(811) ReferenceProcessor::execute queues: 8, RefProcThreadModel::Multi, marks_oops_alive: true
[2025-06-03T16:09:26.649+0530][539.957s] GC(811) ReferenceProcessor::execute queues: 1, RefProcThreadModel::Single, marks_oops_alive: false
[2025-06-03T16:09:26.649+0530][539.957s] GC(811) Skipped phase 3 of Reference Processing: no references
[2025-06-03T16:09:26.649+0530][539.957s] GC(811) Skipped phase 4 of Reference Processing: no references
[2025-06-03T16:09:26.649+0530][539.957s] GC(811) To-space exhausted
[2025-06-03T16:09:26.649+0530][539.957s] GC(811)   Pre Evacuate Collection Set: 0.1ms
[2025-06-03T16:09:26.649+0530][539.958s] GC(811)   Merge Heap Roots: 0.0ms
[2025-06-03T16:09:26.649+0530][539.958s] GC(811)   Evacuate Collection Set: 0.7ms
[2025-06-03T16:09:26.650+0530][539.958s] GC(811)   Post Evacuate Collection Set: 1.0ms
[2025-06-03T16:09:26.650+0530][539.958s] GC(811)   Other: 0.2ms
[2025-06-03T16:09:26.650+0530][539.958s] GC(811) Eden regions: 1->0(25)
[2025-06-03T16:09:26.650+0530][539.958s] GC(811) Survivor regions: 0->0(0)
[2025-06-03T16:09:26.650+0530][539.958s] GC(811) Old regions: 509->510
[2025-06-03T16:09:26.650+0530][539.958s] GC(811) Archive regions: 2->2
[2025-06-03T16:09:26.650+0530][539.958s] GC(811) Humongous regions: 0->0
[2025-06-03T16:09:26.650+0530][539.958s] GC(811) Metaspace: 20430K(21056K)->20430K(21056K) NonClass: 17899K(18240K)->17899K(18240K) Class: 2530K(2816K)->2530K(2816K)
[2025-06-03T16:09:26.650+0530][539.958s] GC(811) Pause Young (Concurrent Start) (G1 Evacuation Pause) 510M->510M(512M) 2.177ms
[2025-06-03T16:09:26.650+0530][539.958s] GC(811) User=0.00s Sys=0.01s Real=0.01s
[2025-06-03T16:09:26.650+0530][539.958s] Attempting full compaction
[2025-06-03T16:09:26.650+0530][539.958s] GC(812) Concurrent Mark Cycle
[2025-06-03T16:09:26.650+0530][539.958s] GC(813) Using 8 workers of 8 for full compaction
[2025-06-03T16:09:26.650+0530][539.958s] GC(812) Concurrent Clear Claimed Marks
[2025-06-03T16:09:26.650+0530][539.958s] GC(812) Concurrent Clear Claimed Marks 0.071ms
[2025-06-03T16:09:26.650+0530][539.958s] GC(813) Pause Full (G1 Compaction Pause)
[2025-06-03T16:09:26.650+0530][539.958s] GC(812) Concurrent Scan Root Regions
[2025-06-03T16:09:26.650+0530][539.958s] GC(812) Concurrent Scan Root Regions 0.049ms
[2025-06-03T16:09:26.650+0530][539.958s] GC(812) Concurrent Mark
[2025-06-03T16:09:26.650+0530][539.958s] GC(812) Concurrent Mark From Roots
[2025-06-03T16:09:26.650+0530][539.958s] GC(812) Using 2 workers of 2 for marking
[2025-06-03T16:09:26.650+0530][539.958s] GC(813) Phase 1: Mark live objects
[2025-06-03T16:09:27.563+0530][540.871s] GC(813) ReferenceProcessor::execute queues: 8, RefProcThreadModel::Multi, marks_oops_alive: true
[2025-06-03T16:09:27.563+0530][540.871s] GC(813) ReferenceProcessor::execute queues: 2, RefProcThreadModel::Multi, marks_oops_alive: false
[2025-06-03T16:09:27.563+0530][540.871s] GC(813) Skipped phase 3 of Reference Processing: no references
[2025-06-03T16:09:27.563+0530][540.871s] GC(813) ReferenceProcessor::execute queues: 1, RefProcThreadModel::Single, marks_oops_alive: false
[2025-06-03T16:09:27.565+0530][540.873s] GC(813) Phase 1: Mark live objects 915.158ms
[2025-06-03T16:09:27.565+0530][540.874s] GC(813) Phase 2: Prepare for compaction
[2025-06-03T16:09:27.566+0530][540.874s] GC(813) Phase 2: Prepare for compaction 0.949ms
[2025-06-03T16:09:27.566+0530][540.874s] GC(813) Phase 3: Adjust pointers
[2025-06-03T16:09:27.623+0530][540.931s] GC(813) Phase 3: Adjust pointers 56.470ms
[2025-06-03T16:09:27.623+0530][540.931s] GC(813) Phase 4: Compact heap
[2025-06-03T16:09:27.624+0530][540.932s] GC(813) Phase 4: Compact heap 0.658ms
[2025-06-03T16:09:27.628+0530][540.936s] GC(813) Eden regions: 0->0(25)
[2025-06-03T16:09:27.628+0530][540.936s] GC(813) Survivor regions: 0->0(0)
[2025-06-03T16:09:27.628+0530][540.936s] GC(813) Old regions: 510->509
[2025-06-03T16:09:27.628+0530][540.936s] GC(813) Archive regions: 2->2
[2025-06-03T16:09:27.628+0530][540.936s] GC(813) Humongous regions: 0->0
[2025-06-03T16:09:27.628+0530][540.936s] GC(813) Metaspace: 20430K(21056K)->20410K(21056K) NonClass: 17899K(18240K)->17883K(18240K) Class: 2530K(2816K)->2527K(2816K)
[2025-06-03T16:09:27.628+0530][540.936s] GC(813) Pause Full (G1 Compaction Pause) 510M->509M(512M) 977.892ms
[2025-06-03T16:09:27.628+0530][540.936s] GC(813) User=2.25s Sys=0.08s Real=0.97s
[2025-06-03T16:09:27.628+0530][540.936s] GC(812) Concurrent Mark From Roots 978.222ms
[2025-06-03T16:09:27.628+0530][540.936s] GC(812) Concurrent Mark Abort
[2025-06-03T16:09:27.628+0530][540.936s] GC(812) Concurrent Mark Cycle 978.634ms
[2025-06-03T16:09:27.646+0530][540.954s] GC(814) Pause Young (Normal) (G1 Evacuation Pause)
[2025-06-03T16:09:27.646+0530][540.954s] GC(814) Using 8 workers of 8 for evacuation
[2025-06-03T16:09:27.647+0530][540.955s] GC(814) Skipped phase 1 of Reference Processing: no references
[2025-06-03T16:09:27.647+0530][540.955s] GC(814) ReferenceProcessor::execute queues: 1, RefProcThreadModel::Single, marks_oops_alive: false
[2025-06-03T16:09:27.647+0530][540.955s] GC(814) Skipped phase 3 of Reference Processing: no references
[2025-06-03T16:09:27.647+0530][540.955s] GC(814) Skipped phase 4 of Reference Processing: no references
[2025-06-03T16:09:27.647+0530][540.955s] GC(814) To-space exhausted
[2025-06-03T16:09:27.647+0530][540.955s] GC(814)   Pre Evacuate Collection Set: 0.1ms
[2025-06-03T16:09:27.647+0530][540.955s] GC(814)   Merge Heap Roots: 0.0ms
[2025-06-03T16:09:27.647+0530][540.955s] GC(814)   Evacuate Collection Set: 0.3ms
[2025-06-03T16:09:27.647+0530][540.955s] GC(814)   Post Evacuate Collection Set: 0.6ms
[2025-06-03T16:09:27.647+0530][540.955s] GC(814)   Other: 0.2ms
[2025-06-03T16:09:27.647+0530][540.955s] GC(814) Eden regions: 1->0(25)
[2025-06-03T16:09:27.647+0530][540.955s] GC(814) Survivor regions: 0->0(0)
[2025-06-03T16:09:27.647+0530][540.955s] GC(814) Old regions: 509->510
[2025-06-03T16:09:27.647+0530][540.955s] GC(814) Archive regions: 2->2
[2025-06-03T16:09:27.647+0530][540.955s] GC(814) Humongous regions: 0->0
[2025-06-03T16:09:27.647+0530][540.955s] GC(814) Metaspace: 20417K(21056K)->20417K(21056K) NonClass: 17889K(18240K)->17889K(18240K) Class: 2528K(2816K)->2528K(2816K)
[2025-06-03T16:09:27.647+0530][540.955s] GC(814) Pause Young (Normal) (G1 Evacuation Pause) 510M->510M(512M) 1.349ms
[2025-06-03T16:09:27.647+0530][540.955s] GC(814) User=0.01s Sys=0.00s Real=0.00s
[2025-06-03T16:09:27.647+0530][540.955s] Attempting full compaction
[2025-06-03T16:09:27.647+0530][540.955s] GC(815) Using 8 workers of 8 for full compaction
[2025-06-03T16:09:27.648+0530][540.956s] GC(815) Pause Full (G1 Compaction Pause)
[2025-06-03T16:09:27.648+0530][540.956s] GC(815) Phase 1: Mark live objects
[2025-06-03T16:09:28.535+0530][541.843s] GC(815) ReferenceProcessor::execute queues: 8, RefProcThreadModel::Multi, marks_oops_alive: true
[2025-06-03T16:09:28.535+0530][541.843s] GC(815) ReferenceProcessor::execute queues: 2, RefProcThreadModel::Multi, marks_oops_alive: false
[2025-06-03T16:09:28.535+0530][541.843s] GC(815) Skipped phase 3 of Reference Processing: no references
[2025-06-03T16:09:28.535+0530][541.843s] GC(815) ReferenceProcessor::execute queues: 1, RefProcThreadModel::Single, marks_oops_alive: false
[2025-06-03T16:09:28.537+0530][541.845s] GC(815) Phase 1: Mark live objects 889.790ms
[2025-06-03T16:09:28.537+0530][541.845s] GC(815) Phase 2: Prepare for compaction
[2025-06-03T16:09:28.538+0530][541.846s] GC(815) Phase 2: Prepare for compaction 0.626ms
[2025-06-03T16:09:28.538+0530][541.846s] GC(815) Phase 3: Adjust pointers
[2025-06-03T16:09:28.597+0530][541.905s] GC(815) Phase 3: Adjust pointers 58.720ms
[2025-06-03T16:09:28.597+0530][541.905s] GC(815) Phase 4: Compact heap
[2025-06-03T16:09:28.597+0530][541.905s] GC(815) Phase 4: Compact heap 0.352ms
[2025-06-03T16:09:28.601+0530][541.909s] GC(815) Eden regions: 0->0(25)
[2025-06-03T16:09:28.601+0530][541.909s] GC(815) Survivor regions: 0->0(0)
[2025-06-03T16:09:28.601+0530][541.909s] GC(815) Old regions: 510->509
[2025-06-03T16:09:28.601+0530][541.909s] GC(815) Archive regions: 2->2
[2025-06-03T16:09:28.601+0530][541.909s] GC(815) Humongous regions: 0->0
[2025-06-03T16:09:28.601+0530][541.909s] GC(815) Metaspace: 20417K(21056K)->20403K(21056K) NonClass: 17889K(18240K)->17877K(18240K) Class: 2528K(2816K)->2526K(2816K)
[2025-06-03T16:09:28.601+0530][541.909s] GC(815) Pause Full (G1 Compaction Pause) 510M->509M(512M) 953.470ms
[2025-06-03T16:09:28.601+0530][541.909s] GC(815) User=2.22s Sys=0.08s Real=0.96s
[2025-06-03T16:09:28.605+0530][541.913s] GC(816) Pause Young (Concurrent Start) (G1 Evacuation Pause)
[2025-06-03T16:09:28.605+0530][541.913s] GC(816) Using 8 workers of 8 for evacuation
[2025-06-03T16:09:28.606+0530][541.914s] GC(816) Skipped phase 1 of Reference Processing: no references
[2025-06-03T16:09:28.606+0530][541.914s] GC(816) ReferenceProcessor::execute queues: 1, RefProcThreadModel::Single, marks_oops_alive: false
[2025-06-03T16:09:28.606+0530][541.914s] GC(816) Skipped phase 3 of Reference Processing: no references
[2025-06-03T16:09:28.606+0530][541.914s] GC(816) Skipped phase 4 of Reference Processing: no references
[2025-06-03T16:09:28.607+0530][541.915s] GC(816) To-space exhausted
[2025-06-03T16:09:28.607+0530][541.915s] GC(816)   Pre Evacuate Collection Set: 0.1ms
[2025-06-03T16:09:28.607+0530][541.915s] GC(816)   Merge Heap Roots: 0.1ms
[2025-06-03T16:09:28.607+0530][541.915s] GC(816)   Evacuate Collection Set: 0.6ms
[2025-06-03T16:09:28.607+0530][541.915s] GC(816)   Post Evacuate Collection Set: 1.0ms
[2025-06-03T16:09:28.607+0530][541.915s] GC(816)   Other: 0.4ms
[2025-06-03T16:09:28.607+0530][541.915s] GC(816) Eden regions: 1->0(25)
[2025-06-03T16:09:28.607+0530][541.915s] GC(816) Survivor regions: 0->0(0)
[2025-06-03T16:09:28.607+0530][541.915s] GC(816) Old regions: 509->510
[2025-06-03T16:09:28.607+0530][541.915s] GC(816) Archive regions: 2->2
[2025-06-03T16:09:28.607+0530][541.915s] GC(816) Humongous regions: 0->0
[2025-06-03T16:09:28.607+0530][541.915s] GC(816) Metaspace: 20408K(21056K)->20408K(21056K) NonClass: 17881K(18240K)->17881K(18240K) Class: 2526K(2816K)->2526K(2816K)
[2025-06-03T16:09:28.607+0530][541.915s] GC(816) Pause Young (Concurrent Start) (G1 Evacuation Pause) 510M->510M(512M) 2.226ms
[2025-06-03T16:09:28.607+0530][541.915s] GC(816) User=0.01s Sys=0.00s Real=0.00s
[2025-06-03T16:09:28.607+0530][541.915s] Attempting full compaction
[2025-06-03T16:09:28.607+0530][541.915s] GC(818) Concurrent Mark Cycle
[2025-06-03T16:09:28.607+0530][541.916s] GC(817) Using 8 workers of 8 for full compaction
[2025-06-03T16:09:28.607+0530][541.916s] GC(818) Concurrent Clear Claimed Marks
[2025-06-03T16:09:28.608+0530][541.916s] GC(817) Pause Full (G1 Compaction Pause)
[2025-06-03T16:09:28.608+0530][541.916s] GC(818) Concurrent Clear Claimed Marks 0.109ms
[2025-06-03T16:09:28.608+0530][541.916s] GC(818) Concurrent Scan Root Regions
[2025-06-03T16:09:28.608+0530][541.916s] GC(818) Concurrent Scan Root Regions 0.042ms
[2025-06-03T16:09:28.608+0530][541.916s] GC(818) Concurrent Mark
[2025-06-03T16:09:28.608+0530][541.916s] GC(818) Concurrent Mark From Roots
[2025-06-03T16:09:28.608+0530][541.916s] GC(818) Using 2 workers of 2 for marking
[2025-06-03T16:09:28.608+0530][541.916s] GC(817) Phase 1: Mark live objects
[2025-06-03T16:09:29.508+0530][542.816s] GC(817) ReferenceProcessor::execute queues: 8, RefProcThreadModel::Multi, marks_oops_alive: true
[2025-06-03T16:09:29.508+0530][542.816s] GC(817) ReferenceProcessor::execute queues: 2, RefProcThreadModel::Multi, marks_oops_alive: false
[2025-06-03T16:09:29.508+0530][542.816s] GC(817) Skipped phase 3 of Reference Processing: no references
[2025-06-03T16:09:29.508+0530][542.816s] GC(817) ReferenceProcessor::execute queues: 1, RefProcThreadModel::Single, marks_oops_alive: false
[2025-06-03T16:09:29.509+0530][542.817s] GC(817) Phase 1: Mark live objects 901.113ms
[2025-06-03T16:09:29.509+0530][542.817s] GC(817) Phase 2: Prepare for compaction
[2025-06-03T16:09:29.510+0530][542.818s] GC(817) Phase 2: Prepare for compaction 0.816ms
[2025-06-03T16:09:29.510+0530][542.818s] GC(817) Phase 3: Adjust pointers
[2025-06-03T16:09:29.569+0530][542.877s] GC(817) Phase 3: Adjust pointers 59.076ms
[2025-06-03T16:09:29.569+0530][542.877s] GC(817) Phase 4: Compact heap
[2025-06-03T16:09:29.570+0530][542.878s] GC(817) Phase 4: Compact heap 0.462ms
[2025-06-03T16:09:29.574+0530][542.882s] GC(817) Eden regions: 0->0(25)
[2025-06-03T16:09:29.574+0530][542.882s] GC(817) Survivor regions: 0->0(0)
[2025-06-03T16:09:29.574+0530][542.882s] GC(817) Old regions: 510->509
[2025-06-03T16:09:29.574+0530][542.882s] GC(817) Archive regions: 2->2
[2025-06-03T16:09:29.574+0530][542.882s] GC(817) Humongous regions: 0->0
[2025-06-03T16:09:29.574+0530][542.882s] GC(817) Metaspace: 20408K(21056K)->20408K(21056K) NonClass: 17881K(18240K)->17881K(18240K) Class: 2526K(2816K)->2526K(2816K)
[2025-06-03T16:09:29.574+0530][542.882s] GC(817) Pause Full (G1 Compaction Pause) 510M->509M(512M) 966.219ms
[2025-06-03T16:09:29.574+0530][542.882s] GC(817) User=2.24s Sys=0.07s Real=0.97s
[2025-06-03T16:09:29.574+0530][542.882s] GC(818) Concurrent Mark From Roots 966.573ms
[2025-06-03T16:09:29.574+0530][542.882s] GC(818) Concurrent Mark Abort
[2025-06-03T16:09:29.574+0530][542.882s] GC(818) Concurrent Mark Cycle 967.002ms
[2025-06-03T16:09:29.589+0530][542.897s] GC(819) Pause Young (Normal) (G1 Evacuation Pause)
[2025-06-03T16:09:29.589+0530][542.897s] GC(819) Using 8 workers of 8 for evacuation
[2025-06-03T16:09:29.589+0530][542.897s] GC(819) Skipped phase 1 of Reference Processing: no references
[2025-06-03T16:09:29.589+0530][542.898s] GC(819) ReferenceProcessor::execute queues: 1, RefProcThreadModel::Single, marks_oops_alive: false
[2025-06-03T16:09:29.589+0530][542.898s] GC(819) Skipped phase 3 of Reference Processing: no references
[2025-06-03T16:09:29.589+0530][542.898s] GC(819) Skipped phase 4 of Reference Processing: no references
[2025-06-03T16:09:29.590+0530][542.898s] GC(819) To-space exhausted
[2025-06-03T16:09:29.590+0530][542.898s] GC(819)   Pre Evacuate Collection Set: 0.1ms
[2025-06-03T16:09:29.590+0530][542.898s] GC(819)   Merge Heap Roots: 0.0ms
[2025-06-03T16:09:29.590+0530][542.898s] GC(819)   Evacuate Collection Set: 0.5ms
[2025-06-03T16:09:29.590+0530][542.898s] GC(819)   Post Evacuate Collection Set: 0.6ms
[2025-06-03T16:09:29.590+0530][542.898s] GC(819)   Other: 0.2ms
[2025-06-03T16:09:29.590+0530][542.898s] GC(819) Eden regions: 1->0(25)
[2025-06-03T16:09:29.590+0530][542.898s] GC(819) Survivor regions: 0->0(0)
[2025-06-03T16:09:29.590+0530][542.898s] GC(819) Old regions: 509->510
[2025-06-03T16:09:29.590+0530][542.898s] GC(819) Archive regions: 2->2
[2025-06-03T16:09:29.590+0530][542.898s] GC(819) Humongous regions: 0->0
[2025-06-03T16:09:29.590+0530][542.898s] GC(819) Metaspace: 20444K(21056K)->20444K(21056K) NonClass: 17912K(18240K)->17912K(18240K) Class: 2531K(2816K)->2531K(2816K)
[2025-06-03T16:09:29.590+0530][542.898s] GC(819) Pause Young (Normal) (G1 Evacuation Pause) 510M->510M(512M) 1.577ms
[2025-06-03T16:09:29.590+0530][542.898s] GC(819) User=0.00s Sys=0.00s Real=0.01s
[2025-06-03T16:09:29.590+0530][542.898s] Attempting full compaction
[2025-06-03T16:09:29.590+0530][542.898s] GC(820) Using 8 workers of 8 for full compaction
[2025-06-03T16:09:29.590+0530][542.898s] GC(820) Pause Full (G1 Compaction Pause)
[2025-06-03T16:09:29.590+0530][542.899s] GC(820) Phase 1: Mark live objects
[2025-06-03T16:09:30.499+0530][543.807s] GC(820) ReferenceProcessor::execute queues: 8, RefProcThreadModel::Multi, marks_oops_alive: true
[2025-06-03T16:09:30.499+0530][543.808s] GC(820) ReferenceProcessor::execute queues: 2, RefProcThreadModel::Multi, marks_oops_alive: false
[2025-06-03T16:09:30.500+0530][543.808s] GC(820) Skipped phase 3 of Reference Processing: no references
[2025-06-03T16:09:30.500+0530][543.808s] GC(820) ReferenceProcessor::execute queues: 1, RefProcThreadModel::Single, marks_oops_alive: false
[2025-06-03T16:09:30.502+0530][543.810s] GC(820) Phase 1: Mark live objects 911.312ms
[2025-06-03T16:09:30.502+0530][543.810s] GC(820) Phase 2: Prepare for compaction
[2025-06-03T16:09:30.502+0530][543.810s] GC(820) Phase 2: Prepare for compaction 0.590ms
[2025-06-03T16:09:30.502+0530][543.811s] GC(820) Phase 3: Adjust pointers
[2025-06-03T16:09:30.558+0530][543.867s] GC(820) Phase 3: Adjust pointers 56.027ms
[2025-06-03T16:09:30.559+0530][543.867s] GC(820) Phase 4: Compact heap
[2025-06-03T16:09:30.559+0530][543.867s] GC(820) Phase 4: Compact heap 0.400ms
[2025-06-03T16:09:30.563+0530][543.871s] GC(820) Eden regions: 0->0(25)
[2025-06-03T16:09:30.563+0530][543.871s] GC(820) Survivor regions: 0->0(0)
[2025-06-03T16:09:30.563+0530][543.871s] GC(820) Old regions: 510->509
[2025-06-03T16:09:30.563+0530][543.871s] GC(820) Archive regions: 2->2
[2025-06-03T16:09:30.563+0530][543.871s] GC(820) Humongous regions: 0->0
[2025-06-03T16:09:30.563+0530][543.871s] GC(820) Metaspace: 20444K(21056K)->20441K(21056K) NonClass: 17912K(18240K)->17909K(18240K) Class: 2531K(2816K)->2531K(2816K)
[2025-06-03T16:09:30.563+0530][543.871s] GC(820) Pause Full (G1 Compaction Pause) 510M->509M(512M) 972.746ms
[2025-06-03T16:09:30.563+0530][543.872s] GC(820) User=2.24s Sys=0.08s Real=0.97s
[2025-06-03T16:09:30.568+0530][543.876s] GC(821) Pause Young (Concurrent Start) (G1 Evacuation Pause)
[2025-06-03T16:09:30.568+0530][543.876s] GC(821) Using 8 workers of 8 for evacuation
[2025-06-03T16:09:30.569+0530][543.877s] GC(821) Skipped phase 1 of Reference Processing: no references
[2025-06-03T16:09:30.569+0530][543.877s] GC(821) ReferenceProcessor::execute queues: 1, RefProcThreadModel::Single, marks_oops_alive: false
[2025-06-03T16:09:30.569+0530][543.877s] GC(821) Skipped phase 3 of Reference Processing: no references
[2025-06-03T16:09:30.569+0530][543.877s] GC(821) Skipped phase 4 of Reference Processing: no references
[2025-06-03T16:09:30.570+0530][543.878s] GC(821) To-space exhausted
[2025-06-03T16:09:30.570+0530][543.878s] GC(821)   Pre Evacuate Collection Set: 0.1ms
[2025-06-03T16:09:30.570+0530][543.878s] GC(821)   Merge Heap Roots: 0.0ms
[2025-06-03T16:09:30.570+0530][543.878s] GC(821)   Evacuate Collection Set: 0.6ms
[2025-06-03T16:09:30.570+0530][543.878s] GC(821)   Post Evacuate Collection Set: 0.9ms
[2025-06-03T16:09:30.570+0530][543.878s] GC(821)   Other: 0.2ms
[2025-06-03T16:09:30.570+0530][543.878s] GC(821) Eden regions: 1->0(25)
[2025-06-03T16:09:30.570+0530][543.878s] GC(821) Survivor regions: 0->0(0)
[2025-06-03T16:09:30.570+0530][543.878s] GC(821) Old regions: 509->510
[2025-06-03T16:09:30.570+0530][543.878s] GC(821) Archive regions: 2->2
[2025-06-03T16:09:30.570+0530][543.878s] GC(821) Humongous regions: 0->0
[2025-06-03T16:09:30.570+0530][543.878s] GC(821) Metaspace: 20445K(21056K)->20445K(21056K) NonClass: 17913K(18240K)->17913K(18240K) Class: 2531K(2816K)->2531K(2816K)
[2025-06-03T16:09:30.570+0530][543.878s] GC(821) Pause Young (Concurrent Start) (G1 Evacuation Pause) 510M->510M(512M) 1.960ms
[2025-06-03T16:09:30.570+0530][543.878s] GC(821) User=0.00s Sys=0.00s Real=0.01s
[2025-06-03T16:09:30.570+0530][543.878s] Attempting full compaction
[2025-06-03T16:09:30.570+0530][543.878s] GC(823) Concurrent Mark Cycle
[2025-06-03T16:09:30.570+0530][543.878s] GC(822) Using 8 workers of 8 for full compaction
[2025-06-03T16:09:30.570+0530][543.878s] GC(823) Concurrent Clear Claimed Marks
[2025-06-03T16:09:30.570+0530][543.878s] GC(822) Pause Full (G1 Compaction Pause)
[2025-06-03T16:09:30.570+0530][543.878s] GC(823) Concurrent Clear Claimed Marks 0.105ms
[2025-06-03T16:09:30.570+0530][543.879s] GC(823) Concurrent Scan Root Regions
[2025-06-03T16:09:30.570+0530][543.879s] GC(823) Concurrent Scan Root Regions 0.014ms
[2025-06-03T16:09:30.570+0530][543.879s] GC(823) Concurrent Mark
[2025-06-03T16:09:30.570+0530][543.879s] GC(823) Concurrent Mark From Roots
[2025-06-03T16:09:30.570+0530][543.879s] GC(823) Using 2 workers of 2 for marking
[2025-06-03T16:09:30.571+0530][543.879s] GC(822) Phase 1: Mark live objects
[2025-06-03T16:09:31.460+0530][544.768s] GC(822) ReferenceProcessor::execute queues: 8, RefProcThreadModel::Multi, marks_oops_alive: true
[2025-06-03T16:09:31.460+0530][544.769s] GC(822) ReferenceProcessor::execute queues: 2, RefProcThreadModel::Multi, marks_oops_alive: false
[2025-06-03T16:09:31.461+0530][544.769s] GC(822) Skipped phase 3 of Reference Processing: no references
[2025-06-03T16:09:31.461+0530][544.769s] GC(822) ReferenceProcessor::execute queues: 1, RefProcThreadModel::Single, marks_oops_alive: false
[2025-06-03T16:09:31.462+0530][544.770s] GC(822) Phase 1: Mark live objects 890.943ms
[2025-06-03T16:09:31.462+0530][544.770s] GC(822) Phase 2: Prepare for compaction
[2025-06-03T16:09:31.463+0530][544.771s] GC(822) Phase 2: Prepare for compaction 0.863ms
[2025-06-03T16:09:31.463+0530][544.771s] GC(822) Phase 3: Adjust pointers
[2025-06-03T16:09:31.525+0530][544.833s] GC(822) Phase 3: Adjust pointers 62.047ms
[2025-06-03T16:09:31.525+0530][544.833s] GC(822) Phase 4: Compact heap
[2025-06-03T16:09:31.525+0530][544.833s] GC(822) Phase 4: Compact heap 0.527ms
[2025-06-03T16:09:31.529+0530][544.837s] GC(822) Eden regions: 0->0(25)
[2025-06-03T16:09:31.529+0530][544.837s] GC(822) Survivor regions: 0->0(0)
[2025-06-03T16:09:31.529+0530][544.837s] GC(822) Old regions: 510->509
[2025-06-03T16:09:31.529+0530][544.837s] GC(822) Archive regions: 2->2
[2025-06-03T16:09:31.529+0530][544.837s] GC(822) Humongous regions: 0->0
[2025-06-03T16:09:31.529+0530][544.837s] GC(822) Metaspace: 20445K(21056K)->20445K(21056K) NonClass: 17913K(18240K)->17913K(18240K) Class: 2531K(2816K)->2531K(2816K)
[2025-06-03T16:09:31.529+0530][544.837s] GC(822) Pause Full (G1 Compaction Pause) 510M->509M(512M) 958.977ms
[2025-06-03T16:09:31.530+0530][544.838s] GC(822) User=2.20s Sys=0.06s Real=0.96s
[2025-06-03T16:09:31.530+0530][544.838s] GC(823) Concurrent Mark From Roots 959.446ms
[2025-06-03T16:09:31.530+0530][544.838s] GC(823) Concurrent Mark Abort
[2025-06-03T16:09:31.530+0530][544.838s] GC(823) Concurrent Mark Cycle 959.786ms
[2025-06-03T16:09:31.550+0530][544.858s] GC(824) Pause Young (Normal) (G1 Evacuation Pause)
[2025-06-03T16:09:31.550+0530][544.858s] GC(824) Using 8 workers of 8 for evacuation
[2025-06-03T16:09:31.550+0530][544.858s] GC(824) Skipped phase 1 of Reference Processing: no references
[2025-06-03T16:09:31.550+0530][544.858s] GC(824) ReferenceProcessor::execute queues: 1, RefProcThreadModel::Single, marks_oops_alive: false
[2025-06-03T16:09:31.550+0530][544.858s] GC(824) Skipped phase 3 of Reference Processing: no references
[2025-06-03T16:09:31.550+0530][544.858s] GC(824) Skipped phase 4 of Reference Processing: no references
[2025-06-03T16:09:31.551+0530][544.859s] GC(824) To-space exhausted
[2025-06-03T16:09:31.551+0530][544.859s] GC(824)   Pre Evacuate Collection Set: 0.1ms
[2025-06-03T16:09:31.551+0530][544.859s] GC(824)   Merge Heap Roots: 0.0ms
[2025-06-03T16:09:31.551+0530][544.859s] GC(824)   Evacuate Collection Set: 0.3ms
[2025-06-03T16:09:31.551+0530][544.859s] GC(824)   Post Evacuate Collection Set: 0.6ms
[2025-06-03T16:09:31.551+0530][544.859s] GC(824)   Other: 0.2ms
[2025-06-03T16:09:31.551+0530][544.859s] GC(824) Eden regions: 1->0(25)
[2025-06-03T16:09:31.551+0530][544.859s] GC(824) Survivor regions: 0->0(0)
[2025-06-03T16:09:31.551+0530][544.859s] GC(824) Old regions: 509->510
[2025-06-03T16:09:31.551+0530][544.859s] GC(824) Archive regions: 2->2
[2025-06-03T16:09:31.551+0530][544.859s] GC(824) Humongous regions: 0->0
[2025-06-03T16:09:31.551+0530][544.859s] GC(824) Metaspace: 20445K(21056K)->20445K(21056K) NonClass: 17913K(18240K)->17913K(18240K) Class: 2531K(2816K)->2531K(2816K)
[2025-06-03T16:09:31.551+0530][544.859s] GC(824) Pause Young (Normal) (G1 Evacuation Pause) 510M->510M(512M) 1.313ms
[2025-06-03T16:09:31.551+0530][544.859s] GC(824) User=0.01s Sys=0.00s Real=0.00s
[2025-06-03T16:09:31.551+0530][544.859s] Attempting full compaction
[2025-06-03T16:09:31.551+0530][544.859s] GC(825) Using 8 workers of 8 for full compaction
[2025-06-03T16:09:31.551+0530][544.859s] GC(825) Pause Full (G1 Compaction Pause)
[2025-06-03T16:09:31.551+0530][544.859s] GC(825) Phase 1: Mark live objects
[2025-06-03T16:09:32.358+0530][545.666s] GC(825) ReferenceProcessor::execute queues: 8, RefProcThreadModel::Multi, marks_oops_alive: true
[2025-06-03T16:09:32.358+0530][545.666s] GC(825) ReferenceProcessor::execute queues: 2, RefProcThreadModel::Multi, marks_oops_alive: false
[2025-06-03T16:09:32.358+0530][545.666s] GC(825) Skipped phase 3 of Reference Processing: no references
[2025-06-03T16:09:32.358+0530][545.666s] GC(825) ReferenceProcessor::execute queues: 1, RefProcThreadModel::Single, marks_oops_alive: false
[2025-06-03T16:09:32.361+0530][545.669s] GC(825) Phase 1: Mark live objects 809.486ms
[2025-06-03T16:09:32.361+0530][545.669s] GC(825) Phase 2: Prepare for compaction
[2025-06-03T16:09:32.361+0530][545.669s] GC(825) Phase 2: Prepare for compaction 0.519ms
[2025-06-03T16:09:32.361+0530][545.669s] GC(825) Phase 3: Adjust pointers
[2025-06-03T16:09:32.423+0530][545.731s] GC(825) Phase 3: Adjust pointers 61.422ms
[2025-06-03T16:09:32.423+0530][545.731s] GC(825) Phase 4: Compact heap
[2025-06-03T16:09:32.423+0530][545.731s] GC(825) Phase 4: Compact heap 0.420ms
[2025-06-03T16:09:32.427+0530][545.735s] GC(825) Eden regions: 0->0(25)
[2025-06-03T16:09:32.427+0530][545.735s] GC(825) Survivor regions: 0->0(0)
[2025-06-03T16:09:32.427+0530][545.735s] GC(825) Old regions: 510->509
[2025-06-03T16:09:32.427+0530][545.735s] GC(825) Archive regions: 2->2
[2025-06-03T16:09:32.427+0530][545.735s] GC(825) Humongous regions: 0->0
[2025-06-03T16:09:32.427+0530][545.735s] GC(825) Metaspace: 20445K(21056K)->20425K(21056K) NonClass: 17913K(18240K)->17896K(18240K) Class: 2531K(2816K)->2528K(2816K)
[2025-06-03T16:09:32.427+0530][545.735s] GC(825) Pause Full (G1 Compaction Pause) 510M->509M(512M) 876.077ms
[2025-06-03T16:09:32.427+0530][545.735s] GC(825) User=2.83s Sys=0.06s Real=0.87s
[2025-06-03T16:09:32.431+0530][545.739s] GC(826) Pause Young (Concurrent Start) (G1 Evacuation Pause)
[2025-06-03T16:09:32.431+0530][545.739s] GC(826) Using 8 workers of 8 for evacuation
[2025-06-03T16:09:32.432+0530][545.740s] GC(826) Skipped phase 1 of Reference Processing: no references
[2025-06-03T16:09:32.432+0530][545.740s] GC(826) ReferenceProcessor::execute queues: 1, RefProcThreadModel::Single, marks_oops_alive: false
[2025-06-03T16:09:32.432+0530][545.740s] GC(826) Skipped phase 3 of Reference Processing: no references
[2025-06-03T16:09:32.432+0530][545.740s] GC(826) Skipped phase 4 of Reference Processing: no references
[2025-06-03T16:09:32.433+0530][545.741s] GC(826) To-space exhausted
[2025-06-03T16:09:32.433+0530][545.741s] GC(826)   Pre Evacuate Collection Set: 0.1ms
[2025-06-03T16:09:32.433+0530][545.741s] GC(826)   Merge Heap Roots: 0.0ms
[2025-06-03T16:09:32.433+0530][545.741s] GC(826)   Evacuate Collection Set: 0.7ms
[2025-06-03T16:09:32.433+0530][545.741s] GC(826)   Post Evacuate Collection Set: 0.9ms
[2025-06-03T16:09:32.433+0530][545.741s] GC(826)   Other: 0.2ms
[2025-06-03T16:09:32.433+0530][545.741s] GC(826) Eden regions: 1->0(25)
[2025-06-03T16:09:32.433+0530][545.741s] GC(826) Survivor regions: 0->0(0)
[2025-06-03T16:09:32.433+0530][545.741s] GC(826) Old regions: 509->510
[2025-06-03T16:09:32.433+0530][545.741s] GC(826) Archive regions: 2->2
[2025-06-03T16:09:32.433+0530][545.741s] GC(826) Humongous regions: 0->0
[2025-06-03T16:09:32.433+0530][545.741s] GC(826) Metaspace: 20428K(21056K)->20428K(21056K) NonClass: 17899K(18240K)->17899K(18240K) Class: 2528K(2816K)->2528K(2816K)
[2025-06-03T16:09:32.433+0530][545.741s] GC(826) Pause Young (Concurrent Start) (G1 Evacuation Pause) 510M->510M(512M) 2.064ms
[2025-06-03T16:09:32.433+0530][545.741s] GC(826) User=0.01s Sys=0.00s Real=0.00s
[2025-06-03T16:09:32.433+0530][545.741s] Attempting full compaction
[2025-06-03T16:09:32.433+0530][545.741s] GC(828) Concurrent Mark Cycle
[2025-06-03T16:09:32.433+0530][545.741s] GC(827) Using 8 workers of 8 for full compaction
[2025-06-03T16:09:32.433+0530][545.741s] GC(828) Concurrent Clear Claimed Marks
[2025-06-03T16:09:32.433+0530][545.741s] GC(828) Concurrent Clear Claimed Marks 0.070ms
[2025-06-03T16:09:32.433+0530][545.741s] GC(828) Concurrent Scan Root Regions
[2025-06-03T16:09:32.433+0530][545.741s] GC(828) Concurrent Scan Root Regions 0.013ms
[2025-06-03T16:09:32.433+0530][545.741s] GC(827) Pause Full (G1 Compaction Pause)
[2025-06-03T16:09:32.433+0530][545.741s] GC(828) Concurrent Mark
[2025-06-03T16:09:32.433+0530][545.741s] GC(828) Concurrent Mark From Roots
[2025-06-03T16:09:32.433+0530][545.741s] GC(828) Using 2 workers of 2 for marking
[2025-06-03T16:09:32.433+0530][545.742s] GC(827) Phase 1: Mark live objects
[2025-06-03T16:09:33.380+0530][546.688s] GC(827) ReferenceProcessor::execute queues: 8, RefProcThreadModel::Multi, marks_oops_alive: true
[2025-06-03T16:09:33.380+0530][546.688s] GC(827) ReferenceProcessor::execute queues: 2, RefProcThreadModel::Multi, marks_oops_alive: false
[2025-06-03T16:09:33.380+0530][546.688s] GC(827) Skipped phase 3 of Reference Processing: no references
[2025-06-03T16:09:33.380+0530][546.688s] GC(827) ReferenceProcessor::execute queues: 1, RefProcThreadModel::Single, marks_oops_alive: false
[2025-06-03T16:09:33.381+0530][546.689s] GC(827) Phase 1: Mark live objects 947.767ms
[2025-06-03T16:09:33.381+0530][546.689s] GC(827) Phase 2: Prepare for compaction
[2025-06-03T16:09:33.382+0530][546.690s] GC(827) Phase 2: Prepare for compaction 0.687ms
[2025-06-03T16:09:33.382+0530][546.690s] GC(827) Phase 3: Adjust pointers
[2025-06-03T16:09:33.446+0530][546.754s] GC(827) Phase 3: Adjust pointers 64.179ms
[2025-06-03T16:09:33.446+0530][546.754s] GC(827) Phase 4: Compact heap
[2025-06-03T16:09:33.447+0530][546.755s] GC(827) Phase 4: Compact heap 0.476ms
[2025-06-03T16:09:33.451+0530][546.759s] GC(827) Eden regions: 0->0(25)
[2025-06-03T16:09:33.451+0530][546.759s] GC(827) Survivor regions: 0->0(0)
[2025-06-03T16:09:33.451+0530][546.759s] GC(827) Old regions: 510->509
[2025-06-03T16:09:33.451+0530][546.759s] GC(827) Archive regions: 2->2
[2025-06-03T16:09:33.451+0530][546.759s] GC(827) Humongous regions: 0->0
[2025-06-03T16:09:33.451+0530][546.759s] GC(827) Metaspace: 20428K(21056K)->20428K(21056K) NonClass: 17899K(18240K)->17899K(18240K) Class: 2528K(2816K)->2528K(2816K)
[2025-06-03T16:09:33.451+0530][546.759s] GC(827) Pause Full (G1 Compaction Pause) 510M->509M(512M) 1018.105ms
[2025-06-03T16:09:33.451+0530][546.759s] GC(827) User=2.31s Sys=0.09s Real=1.02s
[2025-06-03T16:09:33.451+0530][546.760s] GC(828) Concurrent Mark From Roots 1018.327ms
[2025-06-03T16:09:33.452+0530][546.760s] GC(828) Concurrent Mark Abort
[2025-06-03T16:09:33.452+0530][546.760s] GC(828) Concurrent Mark Cycle 1018.642ms
[2025-06-03T16:09:33.453+0530][546.762s] GC(829) Pause Young (Normal) (G1 Evacuation Pause)
[2025-06-03T16:09:33.453+0530][546.762s] GC(829) Using 8 workers of 8 for evacuation
[2025-06-03T16:09:33.454+0530][546.762s] GC(829) Skipped phase 1 of Reference Processing: no references
[2025-06-03T16:09:33.454+0530][546.762s] GC(829) Skipped phase 2 of Reference Processing: no references
[2025-06-03T16:09:33.454+0530][546.762s] GC(829) Skipped phase 3 of Reference Processing: no references
[2025-06-03T16:09:33.454+0530][546.762s] GC(829) Skipped phase 4 of Reference Processing: no references
[2025-06-03T16:09:33.455+0530][546.763s] GC(829) To-space exhausted
[2025-06-03T16:09:33.455+0530][546.763s] GC(829)   Pre Evacuate Collection Set: 0.1ms
[2025-06-03T16:09:33.455+0530][546.763s] GC(829)   Merge Heap Roots: 0.0ms
[2025-06-03T16:09:33.455+0530][546.763s] GC(829)   Evacuate Collection Set: 0.4ms
[2025-06-03T16:09:33.455+0530][546.763s] GC(829)   Post Evacuate Collection Set: 0.6ms
[2025-06-03T16:09:33.455+0530][546.763s] GC(829)   Other: 0.2ms
[2025-06-03T16:09:33.455+0530][546.763s] GC(829) Eden regions: 1->0(25)
[2025-06-03T16:09:33.455+0530][546.763s] GC(829) Survivor regions: 0->0(0)
[2025-06-03T16:09:33.455+0530][546.763s] GC(829) Old regions: 509->510
[2025-06-03T16:09:33.455+0530][546.763s] GC(829) Archive regions: 2->2
[2025-06-03T16:09:33.455+0530][546.763s] GC(829) Humongous regions: 0->0
[2025-06-03T16:09:33.455+0530][546.763s] GC(829) Metaspace: 20445K(21056K)->20445K(21056K) NonClass: 17913K(18240K)->17913K(18240K) Class: 2531K(2816K)->2531K(2816K)
[2025-06-03T16:09:33.455+0530][546.763s] GC(829) Pause Young (Normal) (G1 Evacuation Pause) 510M->510M(512M) 1.407ms
[2025-06-03T16:09:33.455+0530][546.763s] GC(829) User=0.00s Sys=0.00s Real=0.00s
[2025-06-03T16:09:33.455+0530][546.763s] Attempting full compaction
[2025-06-03T16:09:33.455+0530][546.763s] GC(830) Using 8 workers of 8 for full compaction
[2025-06-03T16:09:33.455+0530][546.763s] GC(830) Pause Full (G1 Compaction Pause)
[2025-06-03T16:09:33.455+0530][546.763s] GC(830) Phase 1: Mark live objects
[2025-06-03T16:09:34.409+0530][547.717s] GC(830) ReferenceProcessor::execute queues: 8, RefProcThreadModel::Multi, marks_oops_alive: true
[2025-06-03T16:09:34.409+0530][547.717s] GC(830) ReferenceProcessor::execute queues: 2, RefProcThreadModel::Multi, marks_oops_alive: false
[2025-06-03T16:09:34.409+0530][547.717s] GC(830) Skipped phase 3 of Reference Processing: no references
[2025-06-03T16:09:34.409+0530][547.718s] GC(830) ReferenceProcessor::execute queues: 1, RefProcThreadModel::Single, marks_oops_alive: false
[2025-06-03T16:09:34.412+0530][547.720s] GC(830) Phase 1: Mark live objects 956.839ms
[2025-06-03T16:09:34.412+0530][547.720s] GC(830) Phase 2: Prepare for compaction
[2025-06-03T16:09:34.413+0530][547.721s] GC(830) Phase 2: Prepare for compaction 0.649ms
[2025-06-03T16:09:34.413+0530][547.721s] GC(830) Phase 3: Adjust pointers
[2025-06-03T16:09:34.476+0530][547.784s] GC(830) Phase 3: Adjust pointers 63.298ms
[2025-06-03T16:09:34.476+0530][547.784s] GC(830) Phase 4: Compact heap
[2025-06-03T16:09:34.477+0530][547.785s] GC(830) Phase 4: Compact heap 0.529ms
[2025-06-03T16:09:34.480+0530][547.788s] GC(830) Eden regions: 0->0(25)
[2025-06-03T16:09:34.480+0530][547.788s] GC(830) Survivor regions: 0->0(0)
[2025-06-03T16:09:34.480+0530][547.788s] GC(830) Old regions: 510->510
[2025-06-03T16:09:34.480+0530][547.788s] GC(830) Archive regions: 2->2
[2025-06-03T16:09:34.480+0530][547.788s] GC(830) Humongous regions: 0->0
[2025-06-03T16:09:34.480+0530][547.788s] GC(830) Metaspace: 20445K(21056K)->20428K(21056K) NonClass: 17913K(18240K)->17899K(18240K) Class: 2531K(2816K)->2528K(2816K)
[2025-06-03T16:09:34.480+0530][547.788s] GC(830) Pause Full (G1 Compaction Pause) 510M->509M(512M) 1025.308ms
[2025-06-03T16:09:34.481+0530][547.789s] GC(830) User=2.31s Sys=0.09s Real=1.03s
[2025-06-03T16:09:34.481+0530][547.789s] Attempting maximum full compaction clearing soft references
[2025-06-03T16:09:34.481+0530][547.789s] GC(831) Using 8 workers of 8 for full compaction
[2025-06-03T16:09:34.481+0530][547.789s] GC(831) Pause Full (G1 Compaction Pause)
[2025-06-03T16:09:34.481+0530][547.789s] GC(831) Phase 1: Mark live objects
[2025-06-03T16:09:35.454+0530][548.762s] GC(831) ReferenceProcessor::execute queues: 8, RefProcThreadModel::Multi, marks_oops_alive: true
[2025-06-03T16:09:35.454+0530][548.762s] GC(831) ReferenceProcessor::execute queues: 2, RefProcThreadModel::Multi, marks_oops_alive: false
[2025-06-03T16:09:35.454+0530][548.762s] GC(831) Skipped phase 3 of Reference Processing: no references
[2025-06-03T16:09:35.454+0530][548.762s] GC(831) ReferenceProcessor::execute queues: 1, RefProcThreadModel::Single, marks_oops_alive: false
[2025-06-03T16:09:35.456+0530][548.765s] GC(831) Phase 1: Mark live objects 975.523ms
[2025-06-03T16:09:35.456+0530][548.765s] GC(831) Phase 2: Prepare for compaction
[2025-06-03T16:09:35.502+0530][548.810s] GC(831) Phase 2: Prepare for compaction 45.399ms
[2025-06-03T16:09:35.502+0530][548.810s] GC(831) Phase 3: Adjust pointers
[2025-06-03T16:09:35.587+0530][548.895s] GC(831) Phase 3: Adjust pointers 84.945ms
[2025-06-03T16:09:35.587+0530][548.895s] GC(831) Phase 4: Compact heap
[2025-06-03T16:09:35.629+0530][548.937s] GC(831) Phase 4: Compact heap 42.377ms
[2025-06-03T16:09:35.633+0530][548.942s] GC(831) Eden regions: 0->0(25)
[2025-06-03T16:09:35.633+0530][548.942s] GC(831) Survivor regions: 0->0(0)
[2025-06-03T16:09:35.633+0530][548.942s] GC(831) Old regions: 510->509
[2025-06-03T16:09:35.633+0530][548.942s] GC(831) Archive regions: 2->2
[2025-06-03T16:09:35.633+0530][548.942s] GC(831) Humongous regions: 0->0
[2025-06-03T16:09:35.633+0530][548.942s] GC(831) Metaspace: 20428K(21056K)->20418K(21056K) NonClass: 17899K(18240K)->17891K(18240K) Class: 2528K(2816K)->2527K(2816K)
[2025-06-03T16:09:35.633+0530][548.942s] GC(831) Pause Full (G1 Compaction Pause) 509M->509M(512M) 1152.628ms
[2025-06-03T16:09:35.634+0530][548.942s] GC(831) User=2.98s Sys=0.09s Real=1.15s
[2025-06-03T16:09:35.642+0530][548.950s] GC(832) Pause Young (Concurrent Start) (G1 Evacuation Pause)
[2025-06-03T16:09:35.642+0530][548.950s] GC(832) Using 8 workers of 8 for evacuation
[2025-06-03T16:09:35.644+0530][548.952s] GC(832) ReferenceProcessor::execute queues: 8, RefProcThreadModel::Multi, marks_oops_alive: true
[2025-06-03T16:09:35.644+0530][548.952s] GC(832) ReferenceProcessor::execute queues: 1, RefProcThreadModel::Single, marks_oops_alive: false
[2025-06-03T16:09:35.644+0530][548.952s] GC(832) Skipped phase 3 of Reference Processing: no references
[2025-06-03T16:09:35.644+0530][548.952s] GC(832) Skipped phase 4 of Reference Processing: no references
[2025-06-03T16:09:35.645+0530][548.953s] GC(832) To-space exhausted
[2025-06-03T16:09:35.645+0530][548.953s] GC(832)   Pre Evacuate Collection Set: 0.1ms
[2025-06-03T16:09:35.645+0530][548.953s] GC(832)   Merge Heap Roots: 0.4ms
[2025-06-03T16:09:35.645+0530][548.953s] GC(832)   Evacuate Collection Set: 0.9ms
[2025-06-03T16:09:35.645+0530][548.953s] GC(832)   Post Evacuate Collection Set: 1.2ms
[2025-06-03T16:09:35.645+0530][548.953s] GC(832)   Other: 0.2ms
[2025-06-03T16:09:35.645+0530][548.953s] GC(832) Eden regions: 1->0(25)
[2025-06-03T16:09:35.645+0530][548.953s] GC(832) Survivor regions: 0->0(0)
[2025-06-03T16:09:35.645+0530][548.953s] GC(832) Old regions: 509->510
[2025-06-03T16:09:35.645+0530][548.953s] GC(832) Archive regions: 2->2
[2025-06-03T16:09:35.645+0530][548.953s] GC(832) Humongous regions: 0->0
[2025-06-03T16:09:35.645+0530][548.953s] GC(832) Metaspace: 20449K(21056K)->20449K(21056K) NonClass: 17916K(18240K)->17916K(18240K) Class: 2532K(2816K)->2532K(2816K)
[2025-06-03T16:09:35.645+0530][548.953s] GC(832) Pause Young (Concurrent Start) (G1 Evacuation Pause) 510M->510M(512M) 2.898ms
[2025-06-03T16:09:35.645+0530][548.953s] GC(832) User=0.01s Sys=0.00s Real=0.00s
[2025-06-03T16:09:35.645+0530][548.953s] Attempting full compaction
[2025-06-03T16:09:35.645+0530][548.953s] GC(833) Concurrent Mark Cycle
[2025-06-03T16:09:35.645+0530][548.953s] GC(834) Using 8 workers of 8 for full compaction
[2025-06-03T16:09:35.645+0530][548.953s] GC(833) Concurrent Clear Claimed Marks
[2025-06-03T16:09:35.645+0530][548.953s] GC(833) Concurrent Clear Claimed Marks 0.053ms
[2025-06-03T16:09:35.645+0530][548.953s] GC(833) Concurrent Scan Root Regions
[2025-06-03T16:09:35.645+0530][548.953s] GC(833) Concurrent Scan Root Regions 0.013ms
[2025-06-03T16:09:35.645+0530][548.953s] GC(833) Concurrent Mark
[2025-06-03T16:09:35.645+0530][548.953s] GC(833) Concurrent Mark From Roots
[2025-06-03T16:09:35.645+0530][548.953s] GC(833) Using 2 workers of 2 for marking
[2025-06-03T16:09:35.645+0530][548.953s] GC(834) Pause Full (G1 Compaction Pause)
[2025-06-03T16:09:35.646+0530][548.954s] GC(834) Phase 1: Mark live objects
[2025-06-03T16:09:36.538+0530][549.846s] GC(834) ReferenceProcessor::execute queues: 8, RefProcThreadModel::Multi, marks_oops_alive: true
[2025-06-03T16:09:36.538+0530][549.846s] GC(834) ReferenceProcessor::execute queues: 2, RefProcThreadModel::Multi, marks_oops_alive: false
[2025-06-03T16:09:36.538+0530][549.846s] GC(834) Skipped phase 3 of Reference Processing: no references
[2025-06-03T16:09:36.538+0530][549.846s] GC(834) ReferenceProcessor::execute queues: 1, RefProcThreadModel::Single, marks_oops_alive: false
[2025-06-03T16:09:36.540+0530][549.848s] GC(834) Phase 1: Mark live objects 894.038ms
[2025-06-03T16:09:36.540+0530][549.848s] GC(834) Phase 2: Prepare for compaction
[2025-06-03T16:09:36.541+0530][549.849s] GC(834) Phase 2: Prepare for compaction 0.886ms
[2025-06-03T16:09:36.541+0530][549.849s] GC(834) Phase 3: Adjust pointers
[2025-06-03T16:09:36.597+0530][549.906s] GC(834) Phase 3: Adjust pointers 56.507ms
[2025-06-03T16:09:36.598+0530][549.906s] GC(834) Phase 4: Compact heap
[2025-06-03T16:09:36.598+0530][549.906s] GC(834) Phase 4: Compact heap 0.651ms
[2025-06-03T16:09:36.602+0530][549.910s] GC(834) Eden regions: 0->0(25)
[2025-06-03T16:09:36.602+0530][549.910s] GC(834) Survivor regions: 0->0(0)
[2025-06-03T16:09:36.602+0530][549.910s] GC(834) Old regions: 510->509
[2025-06-03T16:09:36.602+0530][549.910s] GC(834) Archive regions: 2->2
[2025-06-03T16:09:36.602+0530][549.910s] GC(834) Humongous regions: 0->0
[2025-06-03T16:09:36.602+0530][549.910s] GC(834) Metaspace: 20449K(21056K)->20429K(21056K) NonClass: 17916K(18240K)->17900K(18240K) Class: 2532K(2816K)->2528K(2816K)
[2025-06-03T16:09:36.602+0530][549.910s] GC(834) Pause Full (G1 Compaction Pause) 510M->509M(512M) 956.918ms
[2025-06-03T16:09:36.603+0530][549.911s] GC(834) User=2.22s Sys=0.07s Real=0.96s
[2025-06-03T16:09:36.603+0530][549.911s] GC(833) Concurrent Mark From Roots 957.677ms
[2025-06-03T16:09:36.603+0530][549.911s] GC(833) Concurrent Mark Abort
[2025-06-03T16:09:36.603+0530][549.911s] GC(833) Concurrent Mark Cycle 957.910ms
[2025-06-03T16:09:36.645+0530][549.953s] GC(835) Pause Young (Normal) (G1 Evacuation Pause)
[2025-06-03T16:09:36.645+0530][549.953s] GC(835) Using 8 workers of 8 for evacuation
[2025-06-03T16:09:36.646+0530][549.954s] GC(835) Skipped phase 1 of Reference Processing: no references
[2025-06-03T16:09:36.646+0530][549.954s] GC(835) ReferenceProcessor::execute queues: 1, RefProcThreadModel::Single, marks_oops_alive: false
[2025-06-03T16:09:36.646+0530][549.954s] GC(835) Skipped phase 3 of Reference Processing: no references
[2025-06-03T16:09:36.646+0530][549.954s] GC(835) Skipped phase 4 of Reference Processing: no references
[2025-06-03T16:09:36.646+0530][549.954s] GC(835) To-space exhausted
[2025-06-03T16:09:36.646+0530][549.955s] GC(835)   Pre Evacuate Collection Set: 0.1ms
[2025-06-03T16:09:36.646+0530][549.955s] GC(835)   Merge Heap Roots: 0.0ms
[2025-06-03T16:09:36.646+0530][549.955s] GC(835)   Evacuate Collection Set: 0.6ms
[2025-06-03T16:09:36.646+0530][549.955s] GC(835)   Post Evacuate Collection Set: 0.6ms
[2025-06-03T16:09:36.646+0530][549.955s] GC(835)   Other: 0.2ms
[2025-06-03T16:09:36.646+0530][549.955s] GC(835) Eden regions: 1->0(25)
[2025-06-03T16:09:36.646+0530][549.955s] GC(835) Survivor regions: 0->0(0)
[2025-06-03T16:09:36.646+0530][549.955s] GC(835) Old regions: 509->510
[2025-06-03T16:09:36.646+0530][549.955s] GC(835) Archive regions: 2->2
[2025-06-03T16:09:36.646+0530][549.955s] GC(835) Humongous regions: 0->0
[2025-06-03T16:09:36.646+0530][549.955s] GC(835) Metaspace: 20429K(21056K)->20429K(21056K) NonClass: 17900K(18240K)->17900K(18240K) Class: 2528K(2816K)->2528K(2816K)
[2025-06-03T16:09:36.646+0530][549.955s] GC(835) Pause Young (Normal) (G1 Evacuation Pause) 510M->510M(512M) 1.643ms
[2025-06-03T16:09:36.647+0530][549.955s] GC(835) User=0.00s Sys=0.00s Real=0.00s
[2025-06-03T16:09:36.647+0530][549.955s] Attempting full compaction
[2025-06-03T16:09:36.647+0530][549.955s] GC(836) Using 8 workers of 8 for full compaction
[2025-06-03T16:09:36.647+0530][549.955s] GC(836) Pause Full (G1 Compaction Pause)
[2025-06-03T16:09:36.647+0530][549.955s] GC(836) Phase 1: Mark live objects
[2025-06-03T16:09:37.554+0530][550.863s] GC(836) ReferenceProcessor::execute queues: 8, RefProcThreadModel::Multi, marks_oops_alive: true
[2025-06-03T16:09:37.555+0530][550.863s] GC(836) ReferenceProcessor::execute queues: 2, RefProcThreadModel::Multi, marks_oops_alive: false
[2025-06-03T16:09:37.555+0530][550.863s] GC(836) Skipped phase 3 of Reference Processing: no references
[2025-06-03T16:09:37.555+0530][550.863s] GC(836) ReferenceProcessor::execute queues: 1, RefProcThreadModel::Single, marks_oops_alive: false
[2025-06-03T16:09:37.557+0530][550.865s] GC(836) Phase 1: Mark live objects 910.257ms
[2025-06-03T16:09:37.557+0530][550.865s] GC(836) Phase 2: Prepare for compaction
[2025-06-03T16:09:37.558+0530][550.866s] GC(836) Phase 2: Prepare for compaction 0.982ms
[2025-06-03T16:09:37.558+0530][550.866s] GC(836) Phase 3: Adjust pointers
[2025-06-03T16:09:37.615+0530][550.923s] GC(836) Phase 3: Adjust pointers 56.623ms
[2025-06-03T16:09:37.615+0530][550.923s] GC(836) Phase 4: Compact heap
[2025-06-03T16:09:37.615+0530][550.924s] GC(836) Phase 4: Compact heap 0.667ms
[2025-06-03T16:09:37.619+0530][550.928s] GC(836) Eden regions: 0->0(25)
[2025-06-03T16:09:37.619+0530][550.928s] GC(836) Survivor regions: 0->0(0)
[2025-06-03T16:09:37.619+0530][550.928s] GC(836) Old regions: 510->509
[2025-06-03T16:09:37.619+0530][550.928s] GC(836) Archive regions: 2->2
[2025-06-03T16:09:37.619+0530][550.928s] GC(836) Humongous regions: 0->0
[2025-06-03T16:09:37.619+0530][550.928s] GC(836) Metaspace: 20429K(21056K)->20402K(21056K) NonClass: 17900K(18240K)->17877K(18240K) Class: 2528K(2816K)->2524K(2816K)
[2025-06-03T16:09:37.620+0530][550.928s] GC(836) Pause Full (G1 Compaction Pause) 510M->509M(512M) 972.917ms
[2025-06-03T16:09:37.621+0530][550.929s] GC(836) User=2.30s Sys=0.07s Real=0.98s
[2025-06-03T16:09:37.627+0530][550.935s] GC(837) Pause Young (Concurrent Start) (G1 Evacuation Pause)
[2025-06-03T16:09:37.627+0530][550.935s] GC(837) Using 8 workers of 8 for evacuation
[2025-06-03T16:09:37.627+0530][550.936s] GC(837) Skipped phase 1 of Reference Processing: no references
[2025-06-03T16:09:37.628+0530][550.936s] GC(837) ReferenceProcessor::execute queues: 1, RefProcThreadModel::Single, marks_oops_alive: false
[2025-06-03T16:09:37.628+0530][550.936s] GC(837) Skipped phase 3 of Reference Processing: no references
[2025-06-03T16:09:37.628+0530][550.936s] GC(837) Skipped phase 4 of Reference Processing: no references
[2025-06-03T16:09:37.628+0530][550.937s] GC(837) To-space exhausted
[2025-06-03T16:09:37.628+0530][550.937s] GC(837)   Pre Evacuate Collection Set: 0.1ms
[2025-06-03T16:09:37.628+0530][550.937s] GC(837)   Merge Heap Roots: 0.1ms
[2025-06-03T16:09:37.628+0530][550.937s] GC(837)   Evacuate Collection Set: 0.6ms
[2025-06-03T16:09:37.628+0530][550.937s] GC(837)   Post Evacuate Collection Set: 0.9ms
[2025-06-03T16:09:37.628+0530][550.937s] GC(837)   Other: 0.2ms
[2025-06-03T16:09:37.628+0530][550.937s] GC(837) Eden regions: 1->0(25)
[2025-06-03T16:09:37.628+0530][550.937s] GC(837) Survivor regions: 0->0(0)
[2025-06-03T16:09:37.628+0530][550.937s] GC(837) Old regions: 509->510
[2025-06-03T16:09:37.628+0530][550.937s] GC(837) Archive regions: 2->2
[2025-06-03T16:09:37.629+0530][550.937s] GC(837) Humongous regions: 0->0
[2025-06-03T16:09:37.629+0530][550.937s] GC(837) Metaspace: 20415K(21056K)->20415K(21056K) NonClass: 17888K(18240K)->17888K(18240K) Class: 2526K(2816K)->2526K(2816K)
[2025-06-03T16:09:37.629+0530][550.937s] GC(837) Pause Young (Concurrent Start) (G1 Evacuation Pause) 510M->510M(512M) 1.916ms
[2025-06-03T16:09:37.629+0530][550.937s] GC(837) User=0.00s Sys=0.00s Real=0.00s
[2025-06-03T16:09:37.629+0530][550.937s] Attempting full compaction
[2025-06-03T16:09:37.629+0530][550.937s] GC(839) Concurrent Mark Cycle
[2025-06-03T16:09:37.629+0530][550.937s] GC(838) Using 8 workers of 8 for full compaction
[2025-06-03T16:09:37.629+0530][550.937s] GC(839) Concurrent Clear Claimed Marks
[2025-06-03T16:09:37.629+0530][550.937s] GC(838) Pause Full (G1 Compaction Pause)
[2025-06-03T16:09:37.629+0530][550.937s] GC(839) Concurrent Clear Claimed Marks 0.127ms
[2025-06-03T16:09:37.629+0530][550.937s] GC(839) Concurrent Scan Root Regions
[2025-06-03T16:09:37.629+0530][550.937s] GC(839) Concurrent Scan Root Regions 0.051ms
[2025-06-03T16:09:37.629+0530][550.937s] GC(839) Concurrent Mark
[2025-06-03T16:09:37.629+0530][550.937s] GC(839) Concurrent Mark From Roots
[2025-06-03T16:09:37.629+0530][550.937s] GC(839) Using 2 workers of 2 for marking
[2025-06-03T16:09:37.629+0530][550.938s] GC(838) Phase 1: Mark live objects
[2025-06-03T16:09:38.520+0530][551.828s] GC(838) ReferenceProcessor::execute queues: 8, RefProcThreadModel::Multi, marks_oops_alive: true
[2025-06-03T16:09:38.520+0530][551.828s] GC(838) ReferenceProcessor::execute queues: 2, RefProcThreadModel::Multi, marks_oops_alive: false
[2025-06-03T16:09:38.520+0530][551.828s] GC(838) Skipped phase 3 of Reference Processing: no references
[2025-06-03T16:09:38.520+0530][551.828s] GC(838) ReferenceProcessor::execute queues: 1, RefProcThreadModel::Single, marks_oops_alive: false
[2025-06-03T16:09:38.522+0530][551.830s] GC(838) Phase 1: Mark live objects 892.554ms
[2025-06-03T16:09:38.522+0530][551.830s] GC(838) Phase 2: Prepare for compaction
[2025-06-03T16:09:38.523+0530][551.831s] GC(838) Phase 2: Prepare for compaction 0.600ms
[2025-06-03T16:09:38.523+0530][551.831s] GC(838) Phase 3: Adjust pointers
[2025-06-03T16:09:38.579+0530][551.887s] GC(838) Phase 3: Adjust pointers 56.284ms
[2025-06-03T16:09:38.579+0530][551.887s] GC(838) Phase 4: Compact heap
[2025-06-03T16:09:38.579+0530][551.888s] GC(838) Phase 4: Compact heap 0.457ms
[2025-06-03T16:09:38.583+0530][551.891s] GC(838) Eden regions: 0->0(25)
[2025-06-03T16:09:38.583+0530][551.891s] GC(838) Survivor regions: 0->0(0)
[2025-06-03T16:09:38.583+0530][551.891s] GC(838) Old regions: 510->509
[2025-06-03T16:09:38.583+0530][551.891s] GC(838) Archive regions: 2->2
[2025-06-03T16:09:38.583+0530][551.891s] GC(838) Humongous regions: 0->0
[2025-06-03T16:09:38.583+0530][551.891s] GC(838) Metaspace: 20415K(21056K)->20412K(21056K) NonClass: 17888K(18240K)->17886K(18240K) Class: 2526K(2816K)->2526K(2816K)
[2025-06-03T16:09:38.583+0530][551.891s] GC(838) Pause Full (G1 Compaction Pause) 510M->509M(512M) 954.426ms
[2025-06-03T16:09:38.584+0530][551.892s] GC(838) User=2.22s Sys=0.08s Real=0.96s
[2025-06-03T16:09:38.584+0530][551.892s] GC(839) Concurrent Mark From Roots 954.737ms
[2025-06-03T16:09:38.584+0530][551.892s] GC(839) Concurrent Mark Abort
[2025-06-03T16:09:38.584+0530][551.892s] GC(839) Concurrent Mark Cycle 955.270ms
[2025-06-03T16:09:38.589+0530][551.897s] GC(840) Pause Young (Normal) (G1 Evacuation Pause)
[2025-06-03T16:09:38.589+0530][551.897s] GC(840) Using 8 workers of 8 for evacuation
[2025-06-03T16:09:38.590+0530][551.898s] GC(840) Skipped phase 1 of Reference Processing: no references
[2025-06-03T16:09:38.590+0530][551.898s] GC(840) ReferenceProcessor::execute queues: 1, RefProcThreadModel::Single, marks_oops_alive: false
[2025-06-03T16:09:38.590+0530][551.898s] GC(840) Skipped phase 3 of Reference Processing: no references
[2025-06-03T16:09:38.590+0530][551.898s] GC(840) Skipped phase 4 of Reference Processing: no references
[2025-06-03T16:09:38.591+0530][551.899s] GC(840) To-space exhausted
[2025-06-03T16:09:38.591+0530][551.899s] GC(840)   Pre Evacuate Collection Set: 0.1ms
[2025-06-03T16:09:38.591+0530][551.899s] GC(840)   Merge Heap Roots: 0.1ms
[2025-06-03T16:09:38.591+0530][551.899s] GC(840)   Evacuate Collection Set: 0.5ms
[2025-06-03T16:09:38.591+0530][551.899s] GC(840)   Post Evacuate Collection Set: 0.7ms
[2025-06-03T16:09:38.591+0530][551.899s] GC(840)   Other: 0.2ms
[2025-06-03T16:09:38.591+0530][551.899s] GC(840) Eden regions: 1->0(25)
[2025-06-03T16:09:38.591+0530][551.899s] GC(840) Survivor regions: 0->0(0)
[2025-06-03T16:09:38.591+0530][551.899s] GC(840) Old regions: 509->510
[2025-06-03T16:09:38.591+0530][551.899s] GC(840) Archive regions: 2->2
[2025-06-03T16:09:38.591+0530][551.899s] GC(840) Humongous regions: 0->0
[2025-06-03T16:09:38.591+0530][551.899s] GC(840) Metaspace: 20445K(21056K)->20445K(21056K) NonClass: 17913K(18240K)->17913K(18240K) Class: 2531K(2816K)->2531K(2816K)
[2025-06-03T16:09:38.591+0530][551.899s] GC(840) Pause Young (Normal) (G1 Evacuation Pause) 510M->510M(512M) 1.613ms
[2025-06-03T16:09:38.591+0530][551.899s] GC(840) User=0.00s Sys=0.00s Real=0.01s
[2025-06-03T16:09:38.591+0530][551.899s] Attempting full compaction
[2025-06-03T16:09:38.591+0530][551.899s] GC(841) Using 8 workers of 8 for full compaction
[2025-06-03T16:09:38.591+0530][551.899s] GC(841) Pause Full (G1 Compaction Pause)
[2025-06-03T16:09:38.591+0530][551.899s] GC(841) Phase 1: Mark live objects
[2025-06-03T16:09:39.462+0530][552.770s] GC(841) ReferenceProcessor::execute queues: 8, RefProcThreadModel::Multi, marks_oops_alive: true
[2025-06-03T16:09:39.462+0530][552.770s] GC(841) ReferenceProcessor::execute queues: 2, RefProcThreadModel::Multi, marks_oops_alive: false
[2025-06-03T16:09:39.462+0530][552.770s] GC(841) Skipped phase 3 of Reference Processing: no references
[2025-06-03T16:09:39.462+0530][552.770s] GC(841) ReferenceProcessor::execute queues: 1, RefProcThreadModel::Single, marks_oops_alive: false
[2025-06-03T16:09:39.464+0530][552.772s] GC(841) Phase 1: Mark live objects 873.169ms
[2025-06-03T16:09:39.464+0530][552.772s] GC(841) Phase 2: Prepare for compaction
[2025-06-03T16:09:39.465+0530][552.773s] GC(841) Phase 2: Prepare for compaction 0.588ms
[2025-06-03T16:09:39.465+0530][552.773s] GC(841) Phase 3: Adjust pointers
[2025-06-03T16:09:39.521+0530][552.830s] GC(841) Phase 3: Adjust pointers 56.605ms
[2025-06-03T16:09:39.522+0530][552.830s] GC(841) Phase 4: Compact heap
[2025-06-03T16:09:39.522+0530][552.830s] GC(841) Phase 4: Compact heap 0.480ms
[2025-06-03T16:09:39.526+0530][552.834s] GC(841) Eden regions: 0->0(25)
[2025-06-03T16:09:39.526+0530][552.834s] GC(841) Survivor regions: 0->0(0)
[2025-06-03T16:09:39.526+0530][552.834s] GC(841) Old regions: 510->509
[2025-06-03T16:09:39.526+0530][552.834s] GC(841) Archive regions: 2->2
[2025-06-03T16:09:39.526+0530][552.834s] GC(841) Humongous regions: 0->0
[2025-06-03T16:09:39.526+0530][552.834s] GC(841) Metaspace: 20445K(21056K)->20432K(21056K) NonClass: 17913K(18240K)->17902K(18240K) Class: 2531K(2816K)->2529K(2816K)
[2025-06-03T16:09:39.526+0530][552.834s] GC(841) Pause Full (G1 Compaction Pause) 510M->509M(512M) 934.719ms
[2025-06-03T16:09:39.526+0530][552.834s] GC(841) User=2.18s Sys=0.06s Real=0.93s
[2025-06-03T16:09:39.546+0530][552.855s] GC(842) Pause Young (Concurrent Start) (G1 Evacuation Pause)
[2025-06-03T16:09:39.546+0530][552.855s] GC(842) Using 8 workers of 8 for evacuation
[2025-06-03T16:09:39.547+0530][552.855s] GC(842) Skipped phase 1 of Reference Processing: no references
[2025-06-03T16:09:39.547+0530][552.855s] GC(842) ReferenceProcessor::execute queues: 1, RefProcThreadModel::Single, marks_oops_alive: false
[2025-06-03T16:09:39.547+0530][552.855s] GC(842) Skipped phase 3 of Reference Processing: no references
[2025-06-03T16:09:39.547+0530][552.855s] GC(842) Skipped phase 4 of Reference Processing: no references
[2025-06-03T16:09:39.548+0530][552.856s] GC(842) To-space exhausted
[2025-06-03T16:09:39.548+0530][552.856s] GC(842)   Pre Evacuate Collection Set: 0.1ms
[2025-06-03T16:09:39.548+0530][552.856s] GC(842)   Merge Heap Roots: 0.0ms
[2025-06-03T16:09:39.548+0530][552.856s] GC(842)   Evacuate Collection Set: 0.6ms
[2025-06-03T16:09:39.548+0530][552.856s] GC(842)   Post Evacuate Collection Set: 0.7ms
[2025-06-03T16:09:39.548+0530][552.856s] GC(842)   Other: 0.2ms
[2025-06-03T16:09:39.548+0530][552.856s] GC(842) Eden regions: 1->0(25)
[2025-06-03T16:09:39.548+0530][552.856s] GC(842) Survivor regions: 0->0(0)
[2025-06-03T16:09:39.548+0530][552.856s] GC(842) Old regions: 509->510
[2025-06-03T16:09:39.548+0530][552.856s] GC(842) Archive regions: 2->2
[2025-06-03T16:09:39.548+0530][552.856s] GC(842) Humongous regions: 0->0
[2025-06-03T16:09:39.548+0530][552.856s] GC(842) Metaspace: 20442K(21056K)->20442K(21056K) NonClass: 17911K(18240K)->17911K(18240K) Class: 2531K(2816K)->2531K(2816K)
[2025-06-03T16:09:39.548+0530][552.856s] GC(842) Pause Young (Concurrent Start) (G1 Evacuation Pause) 510M->510M(512M) 1.716ms
[2025-06-03T16:09:39.548+0530][552.856s] GC(842) User=0.00s Sys=0.00s Real=0.00s
[2025-06-03T16:09:39.548+0530][552.856s] Attempting full compaction
[2025-06-03T16:09:39.548+0530][552.856s] GC(844) Concurrent Mark Cycle
[2025-06-03T16:09:39.548+0530][552.856s] GC(843) Using 8 workers of 8 for full compaction
[2025-06-03T16:09:39.548+0530][552.856s] GC(844) Concurrent Clear Claimed Marks
[2025-06-03T16:09:39.548+0530][552.856s] GC(844) Concurrent Clear Claimed Marks 0.077ms
[2025-06-03T16:09:39.548+0530][552.856s] GC(844) Concurrent Scan Root Regions
[2025-06-03T16:09:39.548+0530][552.856s] GC(843) Pause Full (G1 Compaction Pause)
[2025-06-03T16:09:39.548+0530][552.856s] GC(844) Concurrent Scan Root Regions 0.014ms
[2025-06-03T16:09:39.548+0530][552.857s] GC(844) Concurrent Mark
[2025-06-03T16:09:39.548+0530][552.857s] GC(844) Concurrent Mark From Roots
[2025-06-03T16:09:39.548+0530][552.857s] GC(844) Using 2 workers of 2 for marking
[2025-06-03T16:09:39.549+0530][552.857s] GC(843) Phase 1: Mark live objects
[2025-06-03T16:09:40.423+0530][553.731s] GC(843) ReferenceProcessor::execute queues: 8, RefProcThreadModel::Multi, marks_oops_alive: true
[2025-06-03T16:09:40.423+0530][553.731s] GC(843) ReferenceProcessor::execute queues: 2, RefProcThreadModel::Multi, marks_oops_alive: false
[2025-06-03T16:09:40.423+0530][553.731s] GC(843) Skipped phase 3 of Reference Processing: no references
[2025-06-03T16:09:40.423+0530][553.731s] GC(843) ReferenceProcessor::execute queues: 1, RefProcThreadModel::Single, marks_oops_alive: false
[2025-06-03T16:09:40.425+0530][553.733s] GC(843) Phase 1: Mark live objects 876.403ms
[2025-06-03T16:09:40.425+0530][553.733s] GC(843) Phase 2: Prepare for compaction
[2025-06-03T16:09:40.426+0530][553.734s] GC(843) Phase 2: Prepare for compaction 0.774ms
[2025-06-03T16:09:40.426+0530][553.734s] GC(843) Phase 3: Adjust pointers
[2025-06-03T16:09:40.482+0530][553.790s] GC(843) Phase 3: Adjust pointers 56.223ms
[2025-06-03T16:09:40.482+0530][553.791s] GC(843) Phase 4: Compact heap
[2025-06-03T16:09:40.483+0530][553.791s] GC(843) Phase 4: Compact heap 0.418ms
[2025-06-03T16:09:40.486+0530][553.794s] GC(843) Eden regions: 0->0(25)
[2025-06-03T16:09:40.486+0530][553.794s] GC(843) Survivor regions: 0->0(0)
[2025-06-03T16:09:40.486+0530][553.795s] GC(843) Old regions: 510->509
[2025-06-03T16:09:40.486+0530][553.795s] GC(843) Archive regions: 2->2
[2025-06-03T16:09:40.486+0530][553.795s] GC(843) Humongous regions: 0->0
[2025-06-03T16:09:40.486+0530][553.795s] GC(843) Metaspace: 20442K(21056K)->20426K(21056K) NonClass: 17911K(18240K)->17898K(18240K) Class: 2531K(2816K)->2528K(2816K)
[2025-06-03T16:09:40.486+0530][553.795s] GC(843) Pause Full (G1 Compaction Pause) 510M->509M(512M) 938.105ms
[2025-06-03T16:09:40.487+0530][553.795s] GC(843) User=2.19s Sys=0.06s Real=0.94s
[2025-06-03T16:09:40.487+0530][553.795s] GC(844) Concurrent Mark From Roots 938.427ms
[2025-06-03T16:09:40.487+0530][553.795s] GC(844) Concurrent Mark Abort
[2025-06-03T16:09:40.487+0530][553.795s] GC(844) Concurrent Mark Cycle 938.707ms
[2025-06-03T16:09:40.491+0530][553.799s] GC(845) Pause Young (Normal) (G1 Evacuation Pause)
[2025-06-03T16:09:40.491+0530][553.799s] GC(845) Using 8 workers of 8 for evacuation
[2025-06-03T16:09:40.492+0530][553.800s] GC(845) Skipped phase 1 of Reference Processing: no references
[2025-06-03T16:09:40.492+0530][553.800s] GC(845) ReferenceProcessor::execute queues: 1, RefProcThreadModel::Single, marks_oops_alive: false
[2025-06-03T16:09:40.492+0530][553.800s] GC(845) Skipped phase 3 of Reference Processing: no references
[2025-06-03T16:09:40.492+0530][553.800s] GC(845) Skipped phase 4 of Reference Processing: no references
[2025-06-03T16:09:40.493+0530][553.801s] GC(845) To-space exhausted
[2025-06-03T16:09:40.493+0530][553.801s] GC(845)   Pre Evacuate Collection Set: 0.1ms
[2025-06-03T16:09:40.493+0530][553.801s] GC(845)   Merge Heap Roots: 0.0ms
[2025-06-03T16:09:40.493+0530][553.801s] GC(845)   Evacuate Collection Set: 0.6ms
[2025-06-03T16:09:40.493+0530][553.801s] GC(845)   Post Evacuate Collection Set: 0.9ms
[2025-06-03T16:09:40.493+0530][553.801s] GC(845)   Other: 0.2ms
[2025-06-03T16:09:40.493+0530][553.801s] GC(845) Eden regions: 1->0(25)
[2025-06-03T16:09:40.493+0530][553.801s] GC(845) Survivor regions: 0->0(0)
[2025-06-03T16:09:40.493+0530][553.801s] GC(845) Old regions: 509->510
[2025-06-03T16:09:40.493+0530][553.801s] GC(845) Archive regions: 2->2
[2025-06-03T16:09:40.493+0530][553.801s] GC(845) Humongous regions: 0->0
[2025-06-03T16:09:40.493+0530][553.801s] GC(845) Metaspace: 20429K(21056K)->20429K(21056K) NonClass: 17900K(18240K)->17900K(18240K) Class: 2528K(2816K)->2528K(2816K)
[2025-06-03T16:09:40.493+0530][553.801s] GC(845) Pause Young (Normal) (G1 Evacuation Pause) 510M->510M(512M) 1.884ms
[2025-06-03T16:09:40.493+0530][553.801s] GC(845) User=0.00s Sys=0.00s Real=0.00s
[2025-06-03T16:09:40.493+0530][553.801s] Attempting full compaction
[2025-06-03T16:09:40.493+0530][553.801s] GC(846) Using 8 workers of 8 for full compaction
[2025-06-03T16:09:40.493+0530][553.801s] GC(846) Pause Full (G1 Compaction Pause)
[2025-06-03T16:09:40.493+0530][553.801s] GC(846) Phase 1: Mark live objects
[2025-06-03T16:09:41.445+0530][554.754s] GC(846) ReferenceProcessor::execute queues: 8, RefProcThreadModel::Multi, marks_oops_alive: true
[2025-06-03T16:09:41.445+0530][554.754s] GC(846) ReferenceProcessor::execute queues: 2, RefProcThreadModel::Multi, marks_oops_alive: false
[2025-06-03T16:09:41.446+0530][554.754s] GC(846) Skipped phase 3 of Reference Processing: no references
[2025-06-03T16:09:41.446+0530][554.754s] GC(846) ReferenceProcessor::execute queues: 1, RefProcThreadModel::Single, marks_oops_alive: false
[2025-06-03T16:09:41.448+0530][554.757s] GC(846) Phase 1: Mark live objects 955.469ms
[2025-06-03T16:09:41.448+0530][554.757s] GC(846) Phase 2: Prepare for compaction
[2025-06-03T16:09:41.449+0530][554.757s] GC(846) Phase 2: Prepare for compaction 0.812ms
[2025-06-03T16:09:41.449+0530][554.757s] GC(846) Phase 3: Adjust pointers
[2025-06-03T16:09:41.512+0530][554.820s] GC(846) Phase 3: Adjust pointers 62.578ms
[2025-06-03T16:09:41.512+0530][554.820s] GC(846) Phase 4: Compact heap
[2025-06-03T16:09:41.512+0530][554.821s] GC(846) Phase 4: Compact heap 0.595ms
[2025-06-03T16:09:41.516+0530][554.825s] GC(846) Eden regions: 0->0(25)
[2025-06-03T16:09:41.516+0530][554.825s] GC(846) Survivor regions: 0->0(0)
[2025-06-03T16:09:41.516+0530][554.825s] GC(846) Old regions: 510->509
[2025-06-03T16:09:41.516+0530][554.825s] GC(846) Archive regions: 2->2
[2025-06-03T16:09:41.516+0530][554.825s] GC(846) Humongous regions: 0->0
[2025-06-03T16:09:41.516+0530][554.825s] GC(846) Metaspace: 20429K(21056K)->20422K(21056K) NonClass: 17900K(18240K)->17894K(18240K) Class: 2528K(2816K)->2527K(2816K)
[2025-06-03T16:09:41.516+0530][554.825s] GC(846) Pause Full (G1 Compaction Pause) 510M->509M(512M) 1023.564ms
[2025-06-03T16:09:41.517+0530][554.825s] GC(846) User=2.32s Sys=0.09s Real=1.02s
[2025-06-03T16:09:41.546+0530][554.854s] GC(847) Pause Young (Concurrent Start) (G1 Evacuation Pause)
[2025-06-03T16:09:41.546+0530][554.854s] GC(847) Using 8 workers of 8 for evacuation
[2025-06-03T16:09:41.547+0530][554.856s] GC(847) Skipped phase 1 of Reference Processing: no references
[2025-06-03T16:09:41.547+0530][554.856s] GC(847) ReferenceProcessor::execute queues: 1, RefProcThreadModel::Single, marks_oops_alive: false
[2025-06-03T16:09:41.547+0530][554.856s] GC(847) Skipped phase 3 of Reference Processing: no references
[2025-06-03T16:09:41.547+0530][554.856s] GC(847) Skipped phase 4 of Reference Processing: no references
[2025-06-03T16:09:41.548+0530][554.856s] GC(847) To-space exhausted
[2025-06-03T16:09:41.548+0530][554.856s] GC(847)   Pre Evacuate Collection Set: 0.1ms
[2025-06-03T16:09:41.548+0530][554.857s] GC(847)   Merge Heap Roots: 0.1ms
[2025-06-03T16:09:41.548+0530][554.857s] GC(847)   Evacuate Collection Set: 0.9ms
[2025-06-03T16:09:41.548+0530][554.857s] GC(847)   Post Evacuate Collection Set: 0.9ms
[2025-06-03T16:09:41.548+0530][554.857s] GC(847)   Other: 0.3ms
[2025-06-03T16:09:41.548+0530][554.857s] GC(847) Eden regions: 1->0(25)
[2025-06-03T16:09:41.548+0530][554.857s] GC(847) Survivor regions: 0->0(0)
[2025-06-03T16:09:41.548+0530][554.857s] GC(847) Old regions: 509->510
[2025-06-03T16:09:41.548+0530][554.857s] GC(847) Archive regions: 2->2
[2025-06-03T16:09:41.548+0530][554.857s] GC(847) Humongous regions: 0->0
[2025-06-03T16:09:41.548+0530][554.857s] GC(847) Metaspace: 20446K(21056K)->20446K(21056K) NonClass: 17914K(18240K)->17914K(18240K) Class: 2531K(2816K)->2531K(2816K)
[2025-06-03T16:09:41.548+0530][554.857s] GC(847) Pause Young (Concurrent Start) (G1 Evacuation Pause) 510M->510M(512M) 2.484ms
[2025-06-03T16:09:41.548+0530][554.857s] GC(847) User=0.00s Sys=0.00s Real=0.00s
[2025-06-03T16:09:41.548+0530][554.857s] Attempting full compaction
[2025-06-03T16:09:41.549+0530][554.857s] GC(848) Concurrent Mark Cycle
[2025-06-03T16:09:41.549+0530][554.857s] GC(849) Using 8 workers of 8 for full compaction
[2025-06-03T16:09:41.549+0530][554.857s] GC(848) Concurrent Clear Claimed Marks
[2025-06-03T16:09:41.549+0530][554.857s] GC(849) Pause Full (G1 Compaction Pause)
[2025-06-03T16:09:41.549+0530][554.857s] GC(848) Concurrent Clear Claimed Marks 0.100ms
[2025-06-03T16:09:41.549+0530][554.857s] GC(848) Concurrent Scan Root Regions
[2025-06-03T16:09:41.549+0530][554.857s] GC(848) Concurrent Scan Root Regions 0.062ms
[2025-06-03T16:09:41.549+0530][554.857s] GC(848) Concurrent Mark
[2025-06-03T16:09:41.549+0530][554.857s] GC(848) Concurrent Mark From Roots
[2025-06-03T16:09:41.549+0530][554.857s] GC(848) Using 2 workers of 2 for marking
[2025-06-03T16:09:41.549+0530][554.857s] GC(849) Phase 1: Mark live objects
[2025-06-03T16:09:42.464+0530][555.773s] GC(849) ReferenceProcessor::execute queues: 8, RefProcThreadModel::Multi, marks_oops_alive: true
[2025-06-03T16:09:42.465+0530][555.773s] GC(849) ReferenceProcessor::execute queues: 2, RefProcThreadModel::Multi, marks_oops_alive: false
[2025-06-03T16:09:42.465+0530][555.773s] GC(849) Skipped phase 3 of Reference Processing: no references
[2025-06-03T16:09:42.465+0530][555.773s] GC(849) ReferenceProcessor::execute queues: 1, RefProcThreadModel::Single, marks_oops_alive: false
[2025-06-03T16:09:42.467+0530][555.775s] GC(849) Phase 1: Mark live objects 917.995ms
[2025-06-03T16:09:42.467+0530][555.776s] GC(849) Phase 2: Prepare for compaction
[2025-06-03T16:09:42.468+0530][555.776s] GC(849) Phase 2: Prepare for compaction 0.835ms
[2025-06-03T16:09:42.468+0530][555.776s] GC(849) Phase 3: Adjust pointers
[2025-06-03T16:09:42.530+0530][555.838s] GC(849) Phase 3: Adjust pointers 61.851ms
[2025-06-03T16:09:42.530+0530][555.838s] GC(849) Phase 4: Compact heap
[2025-06-03T16:09:42.531+0530][555.839s] GC(849) Phase 4: Compact heap 0.471ms
[2025-06-03T16:09:42.534+0530][555.843s] GC(849) Eden regions: 0->0(25)
[2025-06-03T16:09:42.534+0530][555.843s] GC(849) Survivor regions: 0->0(0)
[2025-06-03T16:09:42.534+0530][555.843s] GC(849) Old regions: 510->509
[2025-06-03T16:09:42.534+0530][555.843s] GC(849) Archive regions: 2->2
[2025-06-03T16:09:42.534+0530][555.843s] GC(849) Humongous regions: 0->0
[2025-06-03T16:09:42.534+0530][555.843s] GC(849) Metaspace: 20446K(21056K)->20442K(21056K) NonClass: 17914K(18240K)->17911K(18240K) Class: 2531K(2816K)->2531K(2816K)
[2025-06-03T16:09:42.534+0530][555.843s] GC(849) Pause Full (G1 Compaction Pause) 510M->509M(512M) 985.878ms
[2025-06-03T16:09:42.535+0530][555.844s] GC(849) User=2.28s Sys=0.08s Real=0.99s
[2025-06-03T16:09:42.536+0530][555.844s] GC(848) Concurrent Mark From Roots 986.577ms
[2025-06-03T16:09:42.536+0530][555.844s] GC(848) Concurrent Mark Abort
[2025-06-03T16:09:42.536+0530][555.844s] GC(848) Concurrent Mark Cycle 987.095ms
[2025-06-03T16:09:42.540+0530][555.848s] GC(850) Pause Young (Normal) (G1 Evacuation Pause)
[2025-06-03T16:09:42.540+0530][555.848s] GC(850) Using 8 workers of 8 for evacuation
[2025-06-03T16:09:42.540+0530][555.849s] GC(850) Skipped phase 1 of Reference Processing: no references
[2025-06-03T16:09:42.540+0530][555.849s] GC(850) ReferenceProcessor::execute queues: 1, RefProcThreadModel::Single, marks_oops_alive: false
[2025-06-03T16:09:42.540+0530][555.849s] GC(850) Skipped phase 3 of Reference Processing: no references
[2025-06-03T16:09:42.540+0530][555.849s] GC(850) Skipped phase 4 of Reference Processing: no references
[2025-06-03T16:09:42.541+0530][555.849s] GC(850) To-space exhausted
[2025-06-03T16:09:42.541+0530][555.850s] GC(850)   Pre Evacuate Collection Set: 0.1ms
[2025-06-03T16:09:42.541+0530][555.850s] GC(850)   Merge Heap Roots: 0.0ms
[2025-06-03T16:09:42.541+0530][555.850s] GC(850)   Evacuate Collection Set: 0.5ms
[2025-06-03T16:09:42.541+0530][555.850s] GC(850)   Post Evacuate Collection Set: 0.9ms
[2025-06-03T16:09:42.541+0530][555.850s] GC(850)   Other: 0.2ms
[2025-06-03T16:09:42.541+0530][555.850s] GC(850) Eden regions: 1->0(25)
[2025-06-03T16:09:42.541+0530][555.850s] GC(850) Survivor regions: 0->0(0)
[2025-06-03T16:09:42.541+0530][555.850s] GC(850) Old regions: 509->510
[2025-06-03T16:09:42.541+0530][555.850s] GC(850) Archive regions: 2->2
[2025-06-03T16:09:42.541+0530][555.850s] GC(850) Humongous regions: 0->0
[2025-06-03T16:09:42.541+0530][555.850s] GC(850) Metaspace: 20446K(21056K)->20446K(21056K) NonClass: 17914K(18240K)->17914K(18240K) Class: 2531K(2816K)->2531K(2816K)
[2025-06-03T16:09:42.541+0530][555.850s] GC(850) Pause Young (Normal) (G1 Evacuation Pause) 510M->510M(512M) 1.756ms
[2025-06-03T16:09:42.541+0530][555.850s] GC(850) User=0.01s Sys=0.00s Real=0.00s
[2025-06-03T16:09:42.541+0530][555.850s] Attempting full compaction
[2025-06-03T16:09:42.541+0530][555.850s] GC(851) Using 8 workers of 8 for full compaction
[2025-06-03T16:09:42.541+0530][555.850s] GC(851) Pause Full (G1 Compaction Pause)
[2025-06-03T16:09:42.542+0530][555.850s] GC(851) Phase 1: Mark live objects
[2025-06-03T16:09:43.474+0530][556.782s] GC(851) ReferenceProcessor::execute queues: 8, RefProcThreadModel::Multi, marks_oops_alive: true
[2025-06-03T16:09:43.474+0530][556.782s] GC(851) ReferenceProcessor::execute queues: 2, RefProcThreadModel::Multi, marks_oops_alive: false
[2025-06-03T16:09:43.474+0530][556.783s] GC(851) Skipped phase 3 of Reference Processing: no references
[2025-06-03T16:09:43.474+0530][556.783s] GC(851) ReferenceProcessor::execute queues: 1, RefProcThreadModel::Single, marks_oops_alive: false
[2025-06-03T16:09:43.476+0530][556.784s] GC(851) Phase 1: Mark live objects 934.113ms
[2025-06-03T16:09:43.476+0530][556.784s] GC(851) Phase 2: Prepare for compaction
[2025-06-03T16:09:43.477+0530][556.785s] GC(851) Phase 2: Prepare for compaction 0.802ms
[2025-06-03T16:09:43.477+0530][556.785s] GC(851) Phase 3: Adjust pointers
[2025-06-03T16:09:43.551+0530][556.859s] GC(851) Phase 3: Adjust pointers 74.368ms
[2025-06-03T16:09:43.551+0530][556.859s] GC(851) Phase 4: Compact heap
[2025-06-03T16:09:43.552+0530][556.860s] GC(851) Phase 4: Compact heap 0.515ms
[2025-06-03T16:09:43.555+0530][556.864s] GC(851) Eden regions: 0->0(25)
[2025-06-03T16:09:43.555+0530][556.864s] GC(851) Survivor regions: 0->0(0)
[2025-06-03T16:09:43.555+0530][556.864s] GC(851) Old regions: 510->509
[2025-06-03T16:09:43.555+0530][556.864s] GC(851) Archive regions: 2->2
[2025-06-03T16:09:43.555+0530][556.864s] GC(851) Humongous regions: 0->0
[2025-06-03T16:09:43.555+0530][556.864s] GC(851) Metaspace: 20446K(21056K)->20446K(21056K) NonClass: 17914K(18240K)->17914K(18240K) Class: 2531K(2816K)->2531K(2816K)
[2025-06-03T16:09:43.555+0530][556.864s] GC(851) Pause Full (G1 Compaction Pause) 510M->509M(512M) 1013.916ms
[2025-06-03T16:09:43.556+0530][556.864s] GC(851) User=2.29s Sys=0.08s Real=1.01s
[2025-06-03T16:09:43.591+0530][556.900s] GC(852) Pause Young (Concurrent Start) (G1 Evacuation Pause)
[2025-06-03T16:09:43.592+0530][556.900s] GC(852) Using 8 workers of 8 for evacuation
[2025-06-03T16:09:43.592+0530][556.901s] GC(852) Skipped phase 1 of Reference Processing: no references
[2025-06-03T16:09:43.593+0530][556.901s] GC(852) ReferenceProcessor::execute queues: 1, RefProcThreadModel::Single, marks_oops_alive: false
[2025-06-03T16:09:43.593+0530][556.901s] GC(852) Skipped phase 3 of Reference Processing: no references
[2025-06-03T16:09:43.593+0530][556.901s] GC(852) Skipped phase 4 of Reference Processing: no references
[2025-06-03T16:09:43.593+0530][556.901s] GC(852) To-space exhausted
[2025-06-03T16:09:43.593+0530][556.901s] GC(852)   Pre Evacuate Collection Set: 0.1ms
[2025-06-03T16:09:43.593+0530][556.901s] GC(852)   Merge Heap Roots: 0.0ms
[2025-06-03T16:09:43.593+0530][556.901s] GC(852)   Evacuate Collection Set: 0.6ms
[2025-06-03T16:09:43.593+0530][556.901s] GC(852)   Post Evacuate Collection Set: 0.6ms
[2025-06-03T16:09:43.593+0530][556.901s] GC(852)   Other: 0.3ms
[2025-06-03T16:09:43.593+0530][556.901s] GC(852) Eden regions: 1->0(25)
[2025-06-03T16:09:43.593+0530][556.902s] GC(852) Survivor regions: 0->0(0)
[2025-06-03T16:09:43.593+0530][556.902s] GC(852) Old regions: 509->510
[2025-06-03T16:09:43.593+0530][556.902s] GC(852) Archive regions: 2->2
[2025-06-03T16:09:43.593+0530][556.902s] GC(852) Humongous regions: 0->0
[2025-06-03T16:09:43.593+0530][556.902s] GC(852) Metaspace: 20446K(21056K)->20446K(21056K) NonClass: 17914K(18240K)->17914K(18240K) Class: 2531K(2816K)->2531K(2816K)
[2025-06-03T16:09:43.593+0530][556.902s] GC(852) Pause Young (Concurrent Start) (G1 Evacuation Pause) 510M->510M(512M) 1.808ms
[2025-06-03T16:09:43.593+0530][556.902s] GC(852) User=0.00s Sys=0.00s Real=0.00s
[2025-06-03T16:09:43.593+0530][556.902s] Attempting full compaction
[2025-06-03T16:09:43.593+0530][556.902s] GC(853) Concurrent Mark Cycle
[2025-06-03T16:09:43.593+0530][556.902s] GC(854) Using 8 workers of 8 for full compaction
[2025-06-03T16:09:43.593+0530][556.902s] GC(853) Concurrent Clear Claimed Marks
[2025-06-03T16:09:43.593+0530][556.902s] GC(854) Pause Full (G1 Compaction Pause)
[2025-06-03T16:09:43.593+0530][556.902s] GC(853) Concurrent Clear Claimed Marks 0.082ms
[2025-06-03T16:09:43.594+0530][556.902s] GC(853) Concurrent Scan Root Regions
[2025-06-03T16:09:43.594+0530][556.902s] GC(853) Concurrent Scan Root Regions 0.043ms
[2025-06-03T16:09:43.594+0530][556.902s] GC(853) Concurrent Mark
[2025-06-03T16:09:43.594+0530][556.902s] GC(853) Concurrent Mark From Roots
[2025-06-03T16:09:43.594+0530][556.902s] GC(853) Using 2 workers of 2 for marking
[2025-06-03T16:09:43.594+0530][556.902s] GC(854) Phase 1: Mark live objects
[2025-06-03T16:09:44.567+0530][557.875s] GC(854) ReferenceProcessor::execute queues: 8, RefProcThreadModel::Multi, marks_oops_alive: true
[2025-06-03T16:09:44.567+0530][557.876s] GC(854) ReferenceProcessor::execute queues: 2, RefProcThreadModel::Multi, marks_oops_alive: false
[2025-06-03T16:09:44.567+0530][557.876s] GC(854) Skipped phase 3 of Reference Processing: no references
[2025-06-03T16:09:44.567+0530][557.876s] GC(854) ReferenceProcessor::execute queues: 1, RefProcThreadModel::Single, marks_oops_alive: false
[2025-06-03T16:09:44.570+0530][557.878s] GC(854) Phase 1: Mark live objects 975.748ms
[2025-06-03T16:09:44.570+0530][557.878s] GC(854) Phase 2: Prepare for compaction
[2025-06-03T16:09:44.571+0530][557.879s] GC(854) Phase 2: Prepare for compaction 0.859ms
[2025-06-03T16:09:44.571+0530][557.879s] GC(854) Phase 3: Adjust pointers
[2025-06-03T16:09:44.643+0530][557.952s] GC(854) Phase 3: Adjust pointers 72.618ms
[2025-06-03T16:09:44.643+0530][557.952s] GC(854) Phase 4: Compact heap
[2025-06-03T16:09:44.644+0530][557.952s] GC(854) Phase 4: Compact heap 0.445ms
[2025-06-03T16:09:44.648+0530][557.956s] GC(854) Eden regions: 0->0(25)
[2025-06-03T16:09:44.648+0530][557.956s] GC(854) Survivor regions: 0->0(0)
[2025-06-03T16:09:44.648+0530][557.956s] GC(854) Old regions: 510->509
[2025-06-03T16:09:44.648+0530][557.956s] GC(854) Archive regions: 2->2
[2025-06-03T16:09:44.648+0530][557.956s] GC(854) Humongous regions: 0->0
[2025-06-03T16:09:44.648+0530][557.956s] GC(854) Metaspace: 20446K(21056K)->20426K(21056K) NonClass: 17914K(18240K)->17898K(18240K) Class: 2531K(2816K)->2528K(2816K)
[2025-06-03T16:09:44.648+0530][557.956s] GC(854) Pause Full (G1 Compaction Pause) 510M->509M(512M) 1054.580ms
[2025-06-03T16:09:44.648+0530][557.957s] GC(854) User=2.38s Sys=0.10s Real=1.05s
[2025-06-03T16:09:44.649+0530][557.958s] GC(853) Concurrent Mark From Roots 1055.726ms
[2025-06-03T16:09:44.650+0530][557.958s] GC(855) Pause Young (Normal) (G1 Evacuation Pause)
[2025-06-03T16:09:44.650+0530][557.958s] GC(855) Using 8 workers of 8 for evacuation
[2025-06-03T16:09:44.650+0530][557.959s] GC(855) Skipped phase 1 of Reference Processing: no references
[2025-06-03T16:09:44.650+0530][557.959s] GC(855) Skipped phase 2 of Reference Processing: no references
[2025-06-03T16:09:44.650+0530][557.959s] GC(855) Skipped phase 3 of Reference Processing: no references
[2025-06-03T16:09:44.650+0530][557.959s] GC(855) Skipped phase 4 of Reference Processing: no references
[2025-06-03T16:09:44.651+0530][557.959s] GC(855) To-space exhausted
[2025-06-03T16:09:44.651+0530][557.959s] GC(855)   Pre Evacuate Collection Set: 0.1ms
[2025-06-03T16:09:44.651+0530][557.959s] GC(855)   Merge Heap Roots: 0.0ms
[2025-06-03T16:09:44.651+0530][557.959s] GC(855)   Evacuate Collection Set: 0.2ms
[2025-06-03T16:09:44.651+0530][557.959s] GC(855)   Post Evacuate Collection Set: 0.4ms
[2025-06-03T16:09:44.651+0530][557.959s] GC(855)   Other: 0.2ms
[2025-06-03T16:09:44.651+0530][557.959s] GC(855) Eden regions: 1->0(25)
[2025-06-03T16:09:44.651+0530][557.959s] GC(855) Survivor regions: 0->0(0)
[2025-06-03T16:09:44.651+0530][557.959s] GC(855) Old regions: 509->510
[2025-06-03T16:09:44.651+0530][557.959s] GC(855) Archive regions: 2->2
[2025-06-03T16:09:44.651+0530][557.959s] GC(855) Humongous regions: 0->0
[2025-06-03T16:09:44.651+0530][557.959s] GC(855) Metaspace: 20426K(21056K)->20426K(21056K) NonClass: 17898K(18240K)->17898K(18240K) Class: 2528K(2816K)->2528K(2816K)
[2025-06-03T16:09:44.651+0530][557.959s] GC(855) Pause Young (Normal) (G1 Evacuation Pause) 510M->510M(512M) 1.097ms
[2025-06-03T16:09:44.651+0530][557.959s] GC(855) User=0.01s Sys=0.00s Real=0.00s
[2025-06-03T16:09:44.651+0530][557.959s] Attempting full compaction
[2025-06-03T16:09:44.651+0530][557.959s] GC(856) Using 8 workers of 8 for full compaction
[2025-06-03T16:09:44.651+0530][557.959s] GC(856) Pause Full (G1 Compaction Pause)
[2025-06-03T16:09:44.651+0530][557.959s] GC(856) Phase 1: Mark live objects
[2025-06-03T16:09:45.543+0530][558.851s] GC(856) ReferenceProcessor::execute queues: 8, RefProcThreadModel::Multi, marks_oops_alive: true
[2025-06-03T16:09:45.543+0530][558.851s] GC(856) ReferenceProcessor::execute queues: 2, RefProcThreadModel::Multi, marks_oops_alive: false
[2025-06-03T16:09:45.543+0530][558.852s] GC(856) Skipped phase 3 of Reference Processing: no references
[2025-06-03T16:09:45.543+0530][558.852s] GC(856) ReferenceProcessor::execute queues: 1, RefProcThreadModel::Single, marks_oops_alive: false
[2025-06-03T16:09:45.546+0530][558.854s] GC(856) Phase 1: Mark live objects 894.633ms
[2025-06-03T16:09:45.546+0530][558.854s] GC(856) Phase 2: Prepare for compaction
[2025-06-03T16:09:45.546+0530][558.855s] GC(856) Phase 2: Prepare for compaction 0.580ms
[2025-06-03T16:09:45.546+0530][558.855s] GC(856) Phase 3: Adjust pointers
[2025-06-03T16:09:45.603+0530][558.911s] GC(856) Phase 3: Adjust pointers 56.329ms
[2025-06-03T16:09:45.603+0530][558.911s] GC(856) Phase 4: Compact heap
[2025-06-03T16:09:45.603+0530][558.912s] GC(856) Phase 4: Compact heap 0.422ms
[2025-06-03T16:09:45.607+0530][558.916s] GC(856) Eden regions: 0->0(25)
[2025-06-03T16:09:45.607+0530][558.916s] GC(856) Survivor regions: 0->0(0)
[2025-06-03T16:09:45.607+0530][558.916s] GC(856) Old regions: 510->509
[2025-06-03T16:09:45.607+0530][558.916s] GC(856) Archive regions: 2->2
[2025-06-03T16:09:45.607+0530][558.916s] GC(856) Humongous regions: 0->0
[2025-06-03T16:09:45.607+0530][558.916s] GC(856) Metaspace: 20426K(21056K)->20402K(21056K) NonClass: 17898K(18240K)->17878K(18240K) Class: 2528K(2816K)->2524K(2816K)
[2025-06-03T16:09:45.607+0530][558.916s] GC(856) Pause Full (G1 Compaction Pause) 510M->509M(512M) 956.312ms
[2025-06-03T16:09:45.608+0530][558.916s] GC(856) User=2.21s Sys=0.07s Real=0.95s
[2025-06-03T16:09:45.609+0530][558.917s] GC(853) Concurrent Mark Abort
[2025-06-03T16:09:45.609+0530][558.917s] GC(853) Concurrent Mark Cycle 2015.353ms
[2025-06-03T16:09:45.609+0530][558.917s] GC(857) Pause Young (Normal) (G1 Evacuation Pause)
[2025-06-03T16:09:45.609+0530][558.917s] GC(857) Using 8 workers of 8 for evacuation
[2025-06-03T16:09:45.609+0530][558.918s] GC(857) Skipped phase 1 of Reference Processing: no references
[2025-06-03T16:09:45.609+0530][558.918s] GC(857) ReferenceProcessor::execute queues: 1, RefProcThreadModel::Single, marks_oops_alive: false
[2025-06-03T16:09:45.609+0530][558.918s] GC(857) Skipped phase 3 of Reference Processing: no references
[2025-06-03T16:09:45.609+0530][558.918s] GC(857) Skipped phase 4 of Reference Processing: no references
[2025-06-03T16:09:45.610+0530][558.918s] GC(857) To-space exhausted
[2025-06-03T16:09:45.610+0530][558.918s] GC(857)   Pre Evacuate Collection Set: 0.1ms
[2025-06-03T16:09:45.610+0530][558.918s] GC(857)   Merge Heap Roots: 0.0ms
[2025-06-03T16:09:45.610+0530][558.918s] GC(857)   Evacuate Collection Set: 0.3ms
[2025-06-03T16:09:45.610+0530][558.918s] GC(857)   Post Evacuate Collection Set: 0.5ms
[2025-06-03T16:09:45.610+0530][558.918s] GC(857)   Other: 0.2ms
[2025-06-03T16:09:45.610+0530][558.918s] GC(857) Eden regions: 1->0(25)
[2025-06-03T16:09:45.610+0530][558.918s] GC(857) Survivor regions: 0->0(0)
[2025-06-03T16:09:45.610+0530][558.918s] GC(857) Old regions: 509->510
[2025-06-03T16:09:45.610+0530][558.918s] GC(857) Archive regions: 2->2
[2025-06-03T16:09:45.610+0530][558.918s] GC(857) Humongous regions: 0->0
[2025-06-03T16:09:45.610+0530][558.918s] GC(857) Metaspace: 20402K(21056K)->20402K(21056K) NonClass: 17878K(18240K)->17878K(18240K) Class: 2524K(2816K)->2524K(2816K)
[2025-06-03T16:09:45.610+0530][558.918s] GC(857) Pause Young (Normal) (G1 Evacuation Pause) 510M->510M(512M) 1.160ms
[2025-06-03T16:09:45.610+0530][558.918s] GC(857) User=0.01s Sys=0.00s Real=0.01s
[2025-06-03T16:09:45.610+0530][558.918s] Attempting full compaction
[2025-06-03T16:09:45.610+0530][558.919s] GC(858) Using 8 workers of 8 for full compaction
[2025-06-03T16:09:45.610+0530][558.919s] GC(858) Pause Full (G1 Compaction Pause)
[2025-06-03T16:09:45.610+0530][558.919s] GC(858) Phase 1: Mark live objects
[2025-06-03T16:09:46.497+0530][559.806s] GC(858) ReferenceProcessor::execute queues: 8, RefProcThreadModel::Multi, marks_oops_alive: true
[2025-06-03T16:09:46.498+0530][559.806s] GC(858) ReferenceProcessor::execute queues: 2, RefProcThreadModel::Multi, marks_oops_alive: false
[2025-06-03T16:09:46.498+0530][559.806s] GC(858) Skipped phase 3 of Reference Processing: no references
[2025-06-03T16:09:46.498+0530][559.806s] GC(858) ReferenceProcessor::execute queues: 1, RefProcThreadModel::Single, marks_oops_alive: false
[2025-06-03T16:09:46.500+0530][559.808s] GC(858) Phase 1: Mark live objects 889.831ms
[2025-06-03T16:09:46.500+0530][559.808s] GC(858) Phase 2: Prepare for compaction
[2025-06-03T16:09:46.501+0530][559.810s] GC(858) Phase 2: Prepare for compaction 1.198ms
[2025-06-03T16:09:46.501+0530][559.810s] GC(858) Phase 3: Adjust pointers
[2025-06-03T16:09:46.560+0530][559.869s] GC(858) Phase 3: Adjust pointers 58.987ms
[2025-06-03T16:09:46.560+0530][559.869s] GC(858) Phase 4: Compact heap
[2025-06-03T16:09:46.561+0530][559.870s] GC(858) Phase 4: Compact heap 0.753ms
[2025-06-03T16:09:46.565+0530][559.874s] GC(858) Eden regions: 0->0(25)
[2025-06-03T16:09:46.565+0530][559.874s] GC(858) Survivor regions: 0->0(0)
[2025-06-03T16:09:46.565+0530][559.874s] GC(858) Old regions: 510->509
[2025-06-03T16:09:46.565+0530][559.874s] GC(858) Archive regions: 2->2
[2025-06-03T16:09:46.565+0530][559.874s] GC(858) Humongous regions: 0->0
[2025-06-03T16:09:46.565+0530][559.874s] GC(858) Metaspace: 20402K(21056K)->20399K(21056K) NonClass: 17878K(18240K)->17875K(18240K) Class: 2524K(2816K)->2524K(2816K)
[2025-06-03T16:09:46.565+0530][559.874s] GC(858) Pause Full (G1 Compaction Pause) 510M->509M(512M) 955.176ms
[2025-06-03T16:09:46.566+0530][559.874s] GC(858) User=2.22s Sys=0.08s Real=0.95s
[2025-06-03T16:09:46.567+0530][559.875s] GC(859) Pause Young (Normal) (G1 Evacuation Pause)
[2025-06-03T16:09:46.567+0530][559.875s] GC(859) Using 8 workers of 8 for evacuation
[2025-06-03T16:09:46.567+0530][559.875s] GC(859) Skipped phase 1 of Reference Processing: no references
[2025-06-03T16:09:46.567+0530][559.875s] GC(859) Skipped phase 2 of Reference Processing: no references
[2025-06-03T16:09:46.567+0530][559.875s] GC(859) Skipped phase 3 of Reference Processing: no references
[2025-06-03T16:09:46.567+0530][559.875s] GC(859) Skipped phase 4 of Reference Processing: no references
[2025-06-03T16:09:46.568+0530][559.876s] GC(859) To-space exhausted
[2025-06-03T16:09:46.568+0530][559.876s] GC(859)   Pre Evacuate Collection Set: 0.1ms
[2025-06-03T16:09:46.568+0530][559.876s] GC(859)   Merge Heap Roots: 0.1ms
[2025-06-03T16:09:46.568+0530][559.876s] GC(859)   Evacuate Collection Set: 0.2ms
[2025-06-03T16:09:46.568+0530][559.876s] GC(859)   Post Evacuate Collection Set: 0.4ms
[2025-06-03T16:09:46.568+0530][559.876s] GC(859)   Other: 0.2ms
[2025-06-03T16:09:46.568+0530][559.876s] GC(859) Eden regions: 1->0(25)
[2025-06-03T16:09:46.568+0530][559.876s] GC(859) Survivor regions: 0->0(0)
[2025-06-03T16:09:46.568+0530][559.876s] GC(859) Old regions: 509->510
[2025-06-03T16:09:46.568+0530][559.876s] GC(859) Archive regions: 2->2
[2025-06-03T16:09:46.568+0530][559.876s] GC(859) Humongous regions: 0->0
[2025-06-03T16:09:46.568+0530][559.876s] GC(859) Metaspace: 20402K(21056K)->20402K(21056K) NonClass: 17878K(18240K)->17878K(18240K) Class: 2524K(2816K)->2524K(2816K)
[2025-06-03T16:09:46.568+0530][559.876s] GC(859) Pause Young (Normal) (G1 Evacuation Pause) 510M->510M(512M) 1.074ms
[2025-06-03T16:09:46.568+0530][559.876s] GC(859) User=0.00s Sys=0.00s Real=0.00s
[2025-06-03T16:09:46.568+0530][559.876s] Attempting full compaction
[2025-06-03T16:09:46.568+0530][559.876s] GC(860) Using 8 workers of 8 for full compaction
[2025-06-03T16:09:46.568+0530][559.876s] GC(860) Pause Full (G1 Compaction Pause)
[2025-06-03T16:09:46.568+0530][559.876s] GC(860) Phase 1: Mark live objects
[2025-06-03T16:09:47.508+0530][560.816s] GC(860) ReferenceProcessor::execute queues: 8, RefProcThreadModel::Multi, marks_oops_alive: true
[2025-06-03T16:09:47.508+0530][560.817s] GC(860) ReferenceProcessor::execute queues: 2, RefProcThreadModel::Multi, marks_oops_alive: false
[2025-06-03T16:09:47.508+0530][560.817s] GC(860) Skipped phase 3 of Reference Processing: no references
[2025-06-03T16:09:47.508+0530][560.817s] GC(860) ReferenceProcessor::execute queues: 1, RefProcThreadModel::Single, marks_oops_alive: false
[2025-06-03T16:09:47.510+0530][560.818s] GC(860) Phase 1: Mark live objects 941.756ms
[2025-06-03T16:09:47.510+0530][560.818s] GC(860) Phase 2: Prepare for compaction
[2025-06-03T16:09:47.510+0530][560.819s] GC(860) Phase 2: Prepare for compaction 0.561ms
[2025-06-03T16:09:47.510+0530][560.819s] GC(860) Phase 3: Adjust pointers
[2025-06-03T16:09:47.570+0530][560.879s] GC(860) Phase 3: Adjust pointers 59.988ms
[2025-06-03T16:09:47.570+0530][560.879s] GC(860) Phase 4: Compact heap
[2025-06-03T16:09:47.571+0530][560.879s] GC(860) Phase 4: Compact heap 0.322ms
[2025-06-03T16:09:47.575+0530][560.883s] GC(860) Eden regions: 0->0(25)
[2025-06-03T16:09:47.575+0530][560.883s] GC(860) Survivor regions: 0->0(0)
[2025-06-03T16:09:47.575+0530][560.883s] GC(860) Old regions: 510->509
[2025-06-03T16:09:47.575+0530][560.883s] GC(860) Archive regions: 2->2
[2025-06-03T16:09:47.575+0530][560.883s] GC(860) Humongous regions: 0->0
[2025-06-03T16:09:47.575+0530][560.883s] GC(860) Metaspace: 20402K(21056K)->20402K(21056K) NonClass: 17878K(18240K)->17878K(18240K) Class: 2524K(2816K)->2524K(2816K)
[2025-06-03T16:09:47.575+0530][560.883s] GC(860) Pause Full (G1 Compaction Pause) 510M->509M(512M) 1007.159ms
[2025-06-03T16:09:47.575+0530][560.884s] GC(860) User=2.29s Sys=0.08s Real=1.01s
[2025-06-03T16:09:47.576+0530][560.885s] GC(861) Pause Young (Normal) (G1 Evacuation Pause)
[2025-06-03T16:09:47.576+0530][560.885s] GC(861) Using 8 workers of 8 for evacuation
[2025-06-03T16:09:47.577+0530][560.885s] GC(861) Skipped phase 1 of Reference Processing: no references
[2025-06-03T16:09:47.577+0530][560.885s] GC(861) Skipped phase 2 of Reference Processing: no references
[2025-06-03T16:09:47.577+0530][560.885s] GC(861) Skipped phase 3 of Reference Processing: no references
[2025-06-03T16:09:47.577+0530][560.885s] GC(861) Skipped phase 4 of Reference Processing: no references
[2025-06-03T16:09:47.577+0530][560.886s] GC(861) To-space exhausted
[2025-06-03T16:09:47.577+0530][560.886s] GC(861)   Pre Evacuate Collection Set: 0.1ms
[2025-06-03T16:09:47.577+0530][560.886s] GC(861)   Merge Heap Roots: 0.0ms
[2025-06-03T16:09:47.577+0530][560.886s] GC(861)   Evacuate Collection Set: 0.3ms
[2025-06-03T16:09:47.577+0530][560.886s] GC(861)   Post Evacuate Collection Set: 0.5ms
[2025-06-03T16:09:47.577+0530][560.886s] GC(861)   Other: 0.2ms
[2025-06-03T16:09:47.577+0530][560.886s] GC(861) Eden regions: 1->0(25)
[2025-06-03T16:09:47.577+0530][560.886s] GC(861) Survivor regions: 0->0(0)
[2025-06-03T16:09:47.577+0530][560.886s] GC(861) Old regions: 509->510
[2025-06-03T16:09:47.577+0530][560.886s] GC(861) Archive regions: 2->2
[2025-06-03T16:09:47.577+0530][560.886s] GC(861) Humongous regions: 0->0
[2025-06-03T16:09:47.577+0530][560.886s] GC(861) Metaspace: 20402K(21056K)->20402K(21056K) NonClass: 17878K(18240K)->17878K(18240K) Class: 2524K(2816K)->2524K(2816K)
[2025-06-03T16:09:47.577+0530][560.886s] GC(861) Pause Young (Normal) (G1 Evacuation Pause) 510M->510M(512M) 1.138ms
[2025-06-03T16:09:47.577+0530][560.886s] GC(861) User=0.00s Sys=0.01s Real=0.00s
[2025-06-03T16:09:47.577+0530][560.886s] Attempting full compaction
[2025-06-03T16:09:47.577+0530][560.886s] GC(862) Using 8 workers of 8 for full compaction
[2025-06-03T16:09:47.577+0530][560.886s] GC(862) Pause Full (G1 Compaction Pause)
[2025-06-03T16:09:47.578+0530][560.886s] GC(862) Phase 1: Mark live objects
[2025-06-03T16:09:48.540+0530][561.848s] GC(862) ReferenceProcessor::execute queues: 8, RefProcThreadModel::Multi, marks_oops_alive: true
[2025-06-03T16:09:48.540+0530][561.848s] GC(862) ReferenceProcessor::execute queues: 2, RefProcThreadModel::Multi, marks_oops_alive: false
[2025-06-03T16:09:48.540+0530][561.848s] GC(862) Skipped phase 3 of Reference Processing: no references
[2025-06-03T16:09:48.540+0530][561.848s] GC(862) ReferenceProcessor::execute queues: 1, RefProcThreadModel::Single, marks_oops_alive: false
[2025-06-03T16:09:48.541+0530][561.849s] GC(862) Phase 1: Mark live objects 963.311ms
[2025-06-03T16:09:48.541+0530][561.849s] GC(862) Phase 2: Prepare for compaction
[2025-06-03T16:09:48.541+0530][561.850s] GC(862) Phase 2: Prepare for compaction 0.547ms
[2025-06-03T16:09:48.542+0530][561.850s] GC(862) Phase 3: Adjust pointers
[2025-06-03T16:09:48.606+0530][561.914s] GC(862) Phase 3: Adjust pointers 64.061ms
[2025-06-03T16:09:48.606+0530][561.914s] GC(862) Phase 4: Compact heap
[2025-06-03T16:09:48.606+0530][561.914s] GC(862) Phase 4: Compact heap 0.366ms
[2025-06-03T16:09:48.610+0530][561.919s] GC(862) Eden regions: 0->0(25)
[2025-06-03T16:09:48.610+0530][561.919s] GC(862) Survivor regions: 0->0(0)
[2025-06-03T16:09:48.610+0530][561.919s] GC(862) Old regions: 510->509
[2025-06-03T16:09:48.610+0530][561.919s] GC(862) Archive regions: 2->2
[2025-06-03T16:09:48.610+0530][561.919s] GC(862) Humongous regions: 0->0
[2025-06-03T16:09:48.610+0530][561.919s] GC(862) Metaspace: 20402K(21056K)->20402K(21056K) NonClass: 17878K(18240K)->17878K(18240K) Class: 2524K(2816K)->2524K(2816K)
[2025-06-03T16:09:48.610+0530][561.919s] GC(862) Pause Full (G1 Compaction Pause) 510M->509M(512M) 1032.998ms
[2025-06-03T16:09:48.611+0530][561.919s] GC(862) User=2.34s Sys=0.09s Real=1.04s
[2025-06-03T16:09:48.612+0530][561.920s] GC(863) Pause Young (Normal) (G1 Evacuation Pause)
[2025-06-03T16:09:48.612+0530][561.920s] GC(863) Using 8 workers of 8 for evacuation
[2025-06-03T16:09:48.612+0530][561.920s] GC(863) Skipped phase 1 of Reference Processing: no references
[2025-06-03T16:09:48.612+0530][561.920s] GC(863) Skipped phase 2 of Reference Processing: no references
[2025-06-03T16:09:48.612+0530][561.920s] GC(863) Skipped phase 3 of Reference Processing: no references
[2025-06-03T16:09:48.612+0530][561.920s] GC(863) Skipped phase 4 of Reference Processing: no references
[2025-06-03T16:09:48.612+0530][561.921s] GC(863) To-space exhausted
[2025-06-03T16:09:48.613+0530][561.921s] GC(863)   Pre Evacuate Collection Set: 0.1ms
[2025-06-03T16:09:48.613+0530][561.921s] GC(863)   Merge Heap Roots: 0.1ms
[2025-06-03T16:09:48.613+0530][561.921s] GC(863)   Evacuate Collection Set: 0.2ms
[2025-06-03T16:09:48.613+0530][561.921s] GC(863)   Post Evacuate Collection Set: 0.4ms
[2025-06-03T16:09:48.613+0530][561.921s] GC(863)   Other: 0.1ms
[2025-06-03T16:09:48.613+0530][561.921s] GC(863) Eden regions: 1->0(25)
[2025-06-03T16:09:48.613+0530][561.921s] GC(863) Survivor regions: 0->0(0)
[2025-06-03T16:09:48.613+0530][561.921s] GC(863) Old regions: 509->510
[2025-06-03T16:09:48.613+0530][561.921s] GC(863) Archive regions: 2->2
[2025-06-03T16:09:48.613+0530][561.921s] GC(863) Humongous regions: 0->0
[2025-06-03T16:09:48.613+0530][561.921s] GC(863) Metaspace: 20402K(21056K)->20402K(21056K) NonClass: 17878K(18240K)->17878K(18240K) Class: 2524K(2816K)->2524K(2816K)
[2025-06-03T16:09:48.613+0530][561.921s] GC(863) Pause Young (Normal) (G1 Evacuation Pause) 510M->510M(512M) 1.118ms
[2025-06-03T16:09:48.613+0530][561.921s] GC(863) User=0.01s Sys=0.00s Real=0.00s
[2025-06-03T16:09:48.613+0530][561.921s] Attempting full compaction
[2025-06-03T16:09:48.613+0530][561.921s] GC(864) Using 8 workers of 8 for full compaction
[2025-06-03T16:09:48.613+0530][561.921s] GC(864) Pause Full (G1 Compaction Pause)
[2025-06-03T16:09:48.613+0530][561.921s] GC(864) Phase 1: Mark live objects
[2025-06-03T16:09:49.439+0530][562.747s] GC(864) ReferenceProcessor::execute queues: 8, RefProcThreadModel::Multi, marks_oops_alive: true
[2025-06-03T16:09:49.439+0530][562.748s] GC(864) ReferenceProcessor::execute queues: 2, RefProcThreadModel::Multi, marks_oops_alive: false
[2025-06-03T16:09:49.439+0530][562.748s] GC(864) Skipped phase 3 of Reference Processing: no references
[2025-06-03T16:09:49.439+0530][562.748s] GC(864) ReferenceProcessor::execute queues: 1, RefProcThreadModel::Single, marks_oops_alive: false
[2025-06-03T16:09:49.441+0530][562.749s] GC(864) Phase 1: Mark live objects 827.992ms
[2025-06-03T16:09:49.441+0530][562.749s] GC(864) Phase 2: Prepare for compaction
[2025-06-03T16:09:49.442+0530][562.750s] GC(864) Phase 2: Prepare for compaction 0.719ms
[2025-06-03T16:09:49.442+0530][562.750s] GC(864) Phase 3: Adjust pointers
[2025-06-03T16:09:49.503+0530][562.811s] GC(864) Phase 3: Adjust pointers 61.532ms
[2025-06-03T16:09:49.503+0530][562.812s] GC(864) Phase 4: Compact heap
[2025-06-03T16:09:49.504+0530][562.812s] GC(864) Phase 4: Compact heap 0.346ms
[2025-06-03T16:09:49.507+0530][562.815s] GC(864) Eden regions: 0->0(25)
[2025-06-03T16:09:49.507+0530][562.816s] GC(864) Survivor regions: 0->0(0)
[2025-06-03T16:09:49.507+0530][562.816s] GC(864) Old regions: 510->509
[2025-06-03T16:09:49.507+0530][562.816s] GC(864) Archive regions: 2->2
[2025-06-03T16:09:49.507+0530][562.816s] GC(864) Humongous regions: 0->0
[2025-06-03T16:09:49.507+0530][562.816s] GC(864) Metaspace: 20402K(21056K)->20402K(21056K) NonClass: 17878K(18240K)->17878K(18240K) Class: 2524K(2816K)->2524K(2816K)
[2025-06-03T16:09:49.507+0530][562.816s] GC(864) Pause Full (G1 Compaction Pause) 510M->509M(512M) 894.455ms
[2025-06-03T16:09:49.508+0530][562.816s] GC(864) User=2.86s Sys=0.06s Real=0.89s
[2025-06-03T16:09:49.508+0530][562.817s] GC(865) Pause Young (Normal) (G1 Evacuation Pause)
[2025-06-03T16:09:49.508+0530][562.817s] GC(865) Using 8 workers of 8 for evacuation
[2025-06-03T16:09:49.509+0530][562.817s] GC(865) Skipped phase 1 of Reference Processing: no references
[2025-06-03T16:09:49.509+0530][562.817s] GC(865) Skipped phase 2 of Reference Processing: no references
[2025-06-03T16:09:49.509+0530][562.817s] GC(865) Skipped phase 3 of Reference Processing: no references
[2025-06-03T16:09:49.509+0530][562.817s] GC(865) Skipped phase 4 of Reference Processing: no references
[2025-06-03T16:09:49.509+0530][562.818s] GC(865) To-space exhausted
[2025-06-03T16:09:49.509+0530][562.818s] GC(865)   Pre Evacuate Collection Set: 0.1ms
[2025-06-03T16:09:49.509+0530][562.818s] GC(865)   Merge Heap Roots: 0.0ms
[2025-06-03T16:09:49.509+0530][562.818s] GC(865)   Evacuate Collection Set: 0.3ms
[2025-06-03T16:09:49.509+0530][562.818s] GC(865)   Post Evacuate Collection Set: 0.5ms
[2025-06-03T16:09:49.509+0530][562.818s] GC(865)   Other: 0.1ms
[2025-06-03T16:09:49.509+0530][562.818s] GC(865) Eden regions: 1->0(25)
[2025-06-03T16:09:49.509+0530][562.818s] GC(865) Survivor regions: 0->0(0)
[2025-06-03T16:09:49.509+0530][562.818s] GC(865) Old regions: 509->510
[2025-06-03T16:09:49.509+0530][562.818s] GC(865) Archive regions: 2->2
[2025-06-03T16:09:49.510+0530][562.818s] GC(865) Humongous regions: 0->0
[2025-06-03T16:09:49.510+0530][562.818s] GC(865) Metaspace: 20402K(21056K)->20402K(21056K) NonClass: 17878K(18240K)->17878K(18240K) Class: 2524K(2816K)->2524K(2816K)
[2025-06-03T16:09:49.510+0530][562.818s] GC(865) Pause Young (Normal) (G1 Evacuation Pause) 510M->510M(512M) 1.232ms
[2025-06-03T16:09:49.510+0530][562.818s] GC(865) User=0.00s Sys=0.01s Real=0.01s
[2025-06-03T16:09:49.510+0530][562.818s] Attempting full compaction
[2025-06-03T16:09:49.510+0530][562.818s] GC(866) Using 8 workers of 8 for full compaction
[2025-06-03T16:09:49.510+0530][562.818s] GC(866) Pause Full (G1 Compaction Pause)
[2025-06-03T16:09:49.510+0530][562.818s] GC(866) Phase 1: Mark live objects
[2025-06-03T16:09:50.414+0530][563.723s] GC(866) ReferenceProcessor::execute queues: 8, RefProcThreadModel::Multi, marks_oops_alive: true
[2025-06-03T16:09:50.414+0530][563.723s] GC(866) ReferenceProcessor::execute queues: 2, RefProcThreadModel::Multi, marks_oops_alive: false
[2025-06-03T16:09:50.415+0530][563.723s] GC(866) Skipped phase 3 of Reference Processing: no references
[2025-06-03T16:09:50.415+0530][563.723s] GC(866) ReferenceProcessor::execute queues: 1, RefProcThreadModel::Single, marks_oops_alive: false
[2025-06-03T16:09:50.416+0530][563.724s] GC(866) Phase 1: Mark live objects 906.251ms
[2025-06-03T16:09:50.416+0530][563.724s] GC(866) Phase 2: Prepare for compaction
[2025-06-03T16:09:50.416+0530][563.725s] GC(866) Phase 2: Prepare for compaction 0.443ms
[2025-06-03T16:09:50.416+0530][563.725s] GC(866) Phase 3: Adjust pointers
[2025-06-03T16:09:50.473+0530][563.782s] GC(866) Phase 3: Adjust pointers 56.672ms
[2025-06-03T16:09:50.473+0530][563.782s] GC(866) Phase 4: Compact heap
[2025-06-03T16:09:50.474+0530][563.782s] GC(866) Phase 4: Compact heap 0.317ms
[2025-06-03T16:09:50.477+0530][563.785s] GC(866) Eden regions: 0->0(25)
[2025-06-03T16:09:50.477+0530][563.785s] GC(866) Survivor regions: 0->0(0)
[2025-06-03T16:09:50.477+0530][563.785s] GC(866) Old regions: 510->509
[2025-06-03T16:09:50.477+0530][563.785s] GC(866) Archive regions: 2->2
[2025-06-03T16:09:50.477+0530][563.785s] GC(866) Humongous regions: 0->0
[2025-06-03T16:09:50.477+0530][563.785s] GC(866) Metaspace: 20402K(21056K)->20402K(21056K) NonClass: 17878K(18240K)->17878K(18240K) Class: 2524K(2816K)->2524K(2816K)
[2025-06-03T16:09:50.477+0530][563.785s] GC(866) Pause Full (G1 Compaction Pause) 510M->509M(512M) 967.372ms
[2025-06-03T16:09:50.477+0530][563.786s] GC(866) User=2.22s Sys=0.07s Real=0.96s
[2025-06-03T16:09:50.478+0530][563.787s] GC(867) Pause Young (Normal) (G1 Evacuation Pause)
[2025-06-03T16:09:50.478+0530][563.787s] GC(867) Using 8 workers of 8 for evacuation
[2025-06-03T16:09:50.479+0530][563.787s] GC(867) Skipped phase 1 of Reference Processing: no references
[2025-06-03T16:09:50.479+0530][563.787s] GC(867) Skipped phase 2 of Reference Processing: no references
[2025-06-03T16:09:50.479+0530][563.787s] GC(867) Skipped phase 3 of Reference Processing: no references
[2025-06-03T16:09:50.479+0530][563.787s] GC(867) Skipped phase 4 of Reference Processing: no references
[2025-06-03T16:09:50.479+0530][563.788s] GC(867) To-space exhausted
[2025-06-03T16:09:50.479+0530][563.788s] GC(867)   Pre Evacuate Collection Set: 0.1ms
[2025-06-03T16:09:50.479+0530][563.788s] GC(867)   Merge Heap Roots: 0.0ms
[2025-06-03T16:09:50.479+0530][563.788s] GC(867)   Evacuate Collection Set: 0.3ms
[2025-06-03T16:09:50.479+0530][563.788s] GC(867)   Post Evacuate Collection Set: 0.5ms
[2025-06-03T16:09:50.479+0530][563.788s] GC(867)   Other: 0.2ms
[2025-06-03T16:09:50.479+0530][563.788s] GC(867) Eden regions: 1->0(25)
[2025-06-03T16:09:50.479+0530][563.788s] GC(867) Survivor regions: 0->0(0)
[2025-06-03T16:09:50.479+0530][563.788s] GC(867) Old regions: 509->510
[2025-06-03T16:09:50.479+0530][563.788s] GC(867) Archive regions: 2->2
[2025-06-03T16:09:50.479+0530][563.788s] GC(867) Humongous regions: 0->0
[2025-06-03T16:09:50.479+0530][563.788s] GC(867) Metaspace: 20402K(21056K)->20402K(21056K) NonClass: 17878K(18240K)->17878K(18240K) Class: 2524K(2816K)->2524K(2816K)
[2025-06-03T16:09:50.479+0530][563.788s] GC(867) Pause Young (Normal) (G1 Evacuation Pause) 510M->510M(512M) 1.217ms
[2025-06-03T16:09:50.479+0530][563.788s] GC(867) User=0.00s Sys=0.00s Real=0.00s
[2025-06-03T16:09:50.479+0530][563.788s] Attempting full compaction
[2025-06-03T16:09:50.479+0530][563.788s] GC(868) Using 8 workers of 8 for full compaction
[2025-06-03T16:09:50.480+0530][563.788s] GC(868) Pause Full (G1 Compaction Pause)
[2025-06-03T16:09:50.480+0530][563.788s] GC(868) Phase 1: Mark live objects
[2025-06-03T16:09:51.391+0530][564.699s] GC(868) ReferenceProcessor::execute queues: 8, RefProcThreadModel::Multi, marks_oops_alive: true
[2025-06-03T16:09:51.391+0530][564.699s] GC(868) ReferenceProcessor::execute queues: 2, RefProcThreadModel::Multi, marks_oops_alive: false
[2025-06-03T16:09:51.391+0530][564.699s] GC(868) Skipped phase 3 of Reference Processing: no references
[2025-06-03T16:09:51.391+0530][564.700s] GC(868) ReferenceProcessor::execute queues: 1, RefProcThreadModel::Single, marks_oops_alive: false
[2025-06-03T16:09:51.393+0530][564.702s] GC(868) Phase 1: Mark live objects 913.705ms
[2025-06-03T16:09:51.393+0530][564.702s] GC(868) Phase 2: Prepare for compaction
[2025-06-03T16:09:51.395+0530][564.703s] GC(868) Phase 2: Prepare for compaction 1.233ms
[2025-06-03T16:09:51.395+0530][564.703s] GC(868) Phase 3: Adjust pointers
[2025-06-03T16:09:51.454+0530][564.762s] GC(868) Phase 3: Adjust pointers 59.271ms
[2025-06-03T16:09:51.454+0530][564.762s] GC(868) Phase 4: Compact heap
[2025-06-03T16:09:51.455+0530][564.763s] GC(868) Phase 4: Compact heap 0.955ms
[2025-06-03T16:09:51.459+0530][564.767s] GC(868) Eden regions: 0->0(25)
[2025-06-03T16:09:51.459+0530][564.767s] GC(868) Survivor regions: 0->0(0)
[2025-06-03T16:09:51.459+0530][564.767s] GC(868) Old regions: 510->509
[2025-06-03T16:09:51.459+0530][564.767s] GC(868) Archive regions: 2->2
[2025-06-03T16:09:51.459+0530][564.767s] GC(868) Humongous regions: 0->0
[2025-06-03T16:09:51.459+0530][564.767s] GC(868) Metaspace: 20402K(21056K)->20389K(21056K) NonClass: 17878K(18240K)->17866K(18240K) Class: 2524K(2816K)->2522K(2816K)
[2025-06-03T16:09:51.459+0530][564.767s] GC(868) Pause Full (G1 Compaction Pause) 510M->509M(512M) 979.472ms
[2025-06-03T16:09:51.459+0530][564.768s] GC(868) User=2.26s Sys=0.08s Real=0.98s
[2025-06-03T16:09:51.460+0530][564.769s] GC(869) Pause Young (Normal) (G1 Evacuation Pause)
[2025-06-03T16:09:51.461+0530][564.769s] GC(869) Using 8 workers of 8 for evacuation
[2025-06-03T16:09:51.461+0530][564.769s] GC(869) Skipped phase 1 of Reference Processing: no references
[2025-06-03T16:09:51.461+0530][564.769s] GC(869) Skipped phase 2 of Reference Processing: no references
[2025-06-03T16:09:51.461+0530][564.769s] GC(869) Skipped phase 3 of Reference Processing: no references
[2025-06-03T16:09:51.461+0530][564.769s] GC(869) Skipped phase 4 of Reference Processing: no references
[2025-06-03T16:09:51.461+0530][564.770s] GC(869) To-space exhausted
[2025-06-03T16:09:51.462+0530][564.770s] GC(869)   Pre Evacuate Collection Set: 0.1ms
[2025-06-03T16:09:51.462+0530][564.770s] GC(869)   Merge Heap Roots: 0.0ms
[2025-06-03T16:09:51.462+0530][564.770s] GC(869)   Evacuate Collection Set: 0.3ms
[2025-06-03T16:09:51.462+0530][564.770s] GC(869)   Post Evacuate Collection Set: 0.5ms
[2025-06-03T16:09:51.462+0530][564.770s] GC(869)   Other: 0.2ms
[2025-06-03T16:09:51.462+0530][564.770s] GC(869) Eden regions: 1->0(25)
[2025-06-03T16:09:51.462+0530][564.770s] GC(869) Survivor regions: 0->0(0)
[2025-06-03T16:09:51.462+0530][564.770s] GC(869) Old regions: 509->510
[2025-06-03T16:09:51.462+0530][564.770s] GC(869) Archive regions: 2->2
[2025-06-03T16:09:51.462+0530][564.770s] GC(869) Humongous regions: 0->0
[2025-06-03T16:09:51.462+0530][564.770s] GC(869) Metaspace: 20392K(21056K)->20392K(21056K) NonClass: 17869K(18240K)->17869K(18240K) Class: 2523K(2816K)->2523K(2816K)
[2025-06-03T16:09:51.462+0530][564.770s] GC(869) Pause Young (Normal) (G1 Evacuation Pause) 510M->510M(512M) 1.186ms
[2025-06-03T16:09:51.462+0530][564.770s] GC(869) User=0.00s Sys=0.00s Real=0.00s
[2025-06-03T16:09:51.462+0530][564.770s] Attempting full compaction
[2025-06-03T16:09:51.462+0530][564.770s] GC(870) Using 8 workers of 8 for full compaction
[2025-06-03T16:09:51.462+0530][564.770s] GC(870) Pause Full (G1 Compaction Pause)
[2025-06-03T16:09:51.462+0530][564.770s] GC(870) Phase 1: Mark live objects
[2025-06-03T16:09:52.361+0530][565.669s] GC(870) ReferenceProcessor::execute queues: 8, RefProcThreadModel::Multi, marks_oops_alive: true
[2025-06-03T16:09:52.361+0530][565.670s] GC(870) ReferenceProcessor::execute queues: 2, RefProcThreadModel::Multi, marks_oops_alive: false
[2025-06-03T16:09:52.361+0530][565.670s] GC(870) Skipped phase 3 of Reference Processing: no references
[2025-06-03T16:09:52.361+0530][565.670s] GC(870) ReferenceProcessor::execute queues: 1, RefProcThreadModel::Single, marks_oops_alive: false
[2025-06-03T16:09:52.363+0530][565.671s] GC(870) Phase 1: Mark live objects 900.764ms
[2025-06-03T16:09:52.363+0530][565.671s] GC(870) Phase 2: Prepare for compaction
[2025-06-03T16:09:52.364+0530][565.672s] GC(870) Phase 2: Prepare for compaction 1.101ms
[2025-06-03T16:09:52.364+0530][565.672s] GC(870) Phase 3: Adjust pointers
[2025-06-03T16:09:52.423+0530][565.731s] GC(870) Phase 3: Adjust pointers 58.831ms
[2025-06-03T16:09:52.423+0530][565.731s] GC(870) Phase 4: Compact heap
[2025-06-03T16:09:52.423+0530][565.732s] GC(870) Phase 4: Compact heap 0.673ms
[2025-06-03T16:09:52.428+0530][565.736s] GC(870) Eden regions: 0->0(25)
[2025-06-03T16:09:52.428+0530][565.736s] GC(870) Survivor regions: 0->0(0)
[2025-06-03T16:09:52.428+0530][565.736s] GC(870) Old regions: 510->509
[2025-06-03T16:09:52.428+0530][565.736s] GC(870) Archive regions: 2->2
[2025-06-03T16:09:52.428+0530][565.736s] GC(870) Humongous regions: 0->0
[2025-06-03T16:09:52.428+0530][565.736s] GC(870) Metaspace: 20392K(21056K)->20392K(21056K) NonClass: 17869K(18240K)->17869K(18240K) Class: 2523K(2816K)->2523K(2816K)
[2025-06-03T16:09:52.428+0530][565.736s] GC(870) Pause Full (G1 Compaction Pause) 510M->509M(512M) 965.986ms
[2025-06-03T16:09:52.428+0530][565.736s] GC(870) User=2.22s Sys=0.08s Real=0.96s
[2025-06-03T16:09:52.430+0530][565.738s] GC(871) Pause Young (Normal) (G1 Evacuation Pause)
[2025-06-03T16:09:52.430+0530][565.738s] GC(871) Using 8 workers of 8 for evacuation
[2025-06-03T16:09:52.430+0530][565.739s] GC(871) Skipped phase 1 of Reference Processing: no references
[2025-06-03T16:09:52.430+0530][565.739s] GC(871) Skipped phase 2 of Reference Processing: no references
[2025-06-03T16:09:52.430+0530][565.739s] GC(871) Skipped phase 3 of Reference Processing: no references
[2025-06-03T16:09:52.430+0530][565.739s] GC(871) Skipped phase 4 of Reference Processing: no references
[2025-06-03T16:09:52.431+0530][565.739s] GC(871) To-space exhausted
[2025-06-03T16:09:52.431+0530][565.739s] GC(871)   Pre Evacuate Collection Set: 0.1ms
[2025-06-03T16:09:52.431+0530][565.739s] GC(871)   Merge Heap Roots: 0.0ms
[2025-06-03T16:09:52.431+0530][565.739s] GC(871)   Evacuate Collection Set: 0.3ms
[2025-06-03T16:09:52.431+0530][565.739s] GC(871)   Post Evacuate Collection Set: 0.6ms
[2025-06-03T16:09:52.431+0530][565.739s] GC(871)   Other: 0.2ms
[2025-06-03T16:09:52.431+0530][565.739s] GC(871) Eden regions: 1->0(25)
[2025-06-03T16:09:52.431+0530][565.739s] GC(871) Survivor regions: 0->0(0)
[2025-06-03T16:09:52.431+0530][565.739s] GC(871) Old regions: 509->510
[2025-06-03T16:09:52.431+0530][565.739s] GC(871) Archive regions: 2->2
[2025-06-03T16:09:52.431+0530][565.739s] GC(871) Humongous regions: 0->0
[2025-06-03T16:09:52.431+0530][565.739s] GC(871) Metaspace: 20392K(21056K)->20392K(21056K) NonClass: 17869K(18240K)->17869K(18240K) Class: 2523K(2816K)->2523K(2816K)
[2025-06-03T16:09:52.431+0530][565.739s] GC(871) Pause Young (Normal) (G1 Evacuation Pause) 510M->510M(512M) 1.287ms
[2025-06-03T16:09:52.431+0530][565.739s] GC(871) User=0.00s Sys=0.00s Real=0.00s
[2025-06-03T16:09:52.431+0530][565.739s] Attempting full compaction
[2025-06-03T16:09:52.431+0530][565.739s] GC(872) Using 8 workers of 8 for full compaction
[2025-06-03T16:09:52.431+0530][565.739s] GC(872) Pause Full (G1 Compaction Pause)
[2025-06-03T16:09:52.431+0530][565.739s] GC(872) Phase 1: Mark live objects
[2025-06-03T16:09:53.349+0530][566.657s] GC(872) ReferenceProcessor::execute queues: 8, RefProcThreadModel::Multi, marks_oops_alive: true
[2025-06-03T16:09:53.349+0530][566.657s] GC(872) ReferenceProcessor::execute queues: 2, RefProcThreadModel::Multi, marks_oops_alive: false
[2025-06-03T16:09:53.349+0530][566.657s] GC(872) Skipped phase 3 of Reference Processing: no references
[2025-06-03T16:09:53.349+0530][566.658s] GC(872) ReferenceProcessor::execute queues: 1, RefProcThreadModel::Single, marks_oops_alive: false
[2025-06-03T16:09:53.350+0530][566.659s] GC(872) Phase 1: Mark live objects 919.238ms
[2025-06-03T16:09:53.350+0530][566.659s] GC(872) Phase 2: Prepare for compaction
[2025-06-03T16:09:53.351+0530][566.660s] GC(872) Phase 2: Prepare for compaction 1.127ms
[2025-06-03T16:09:53.351+0530][566.660s] GC(872) Phase 3: Adjust pointers
[2025-06-03T16:09:53.409+0530][566.717s] GC(872) Phase 3: Adjust pointers 57.170ms
[2025-06-03T16:09:53.409+0530][566.717s] GC(872) Phase 4: Compact heap
[2025-06-03T16:09:53.409+0530][566.718s] GC(872) Phase 4: Compact heap 0.618ms
[2025-06-03T16:09:53.413+0530][566.721s] GC(872) Eden regions: 0->0(25)
[2025-06-03T16:09:53.413+0530][566.722s] GC(872) Survivor regions: 0->0(0)
[2025-06-03T16:09:53.413+0530][566.722s] GC(872) Old regions: 510->509
[2025-06-03T16:09:53.413+0530][566.722s] GC(872) Archive regions: 2->2
[2025-06-03T16:09:53.413+0530][566.722s] GC(872) Humongous regions: 0->0
[2025-06-03T16:09:53.413+0530][566.722s] GC(872) Metaspace: 20392K(21056K)->20392K(21056K) NonClass: 17869K(18240K)->17869K(18240K) Class: 2523K(2816K)->2523K(2816K)
[2025-06-03T16:09:53.413+0530][566.722s] GC(872) Pause Full (G1 Compaction Pause) 510M->509M(512M) 982.188ms
[2025-06-03T16:09:53.414+0530][566.722s] GC(872) User=2.25s Sys=0.09s Real=0.98s
[2025-06-03T16:09:53.415+0530][566.723s] GC(873) Pause Young (Normal) (G1 Evacuation Pause)
[2025-06-03T16:09:53.415+0530][566.723s] GC(873) Using 8 workers of 8 for evacuation
[2025-06-03T16:09:53.415+0530][566.724s] GC(873) Skipped phase 1 of Reference Processing: no references
[2025-06-03T16:09:53.415+0530][566.724s] GC(873) Skipped phase 2 of Reference Processing: no references
[2025-06-03T16:09:53.415+0530][566.724s] GC(873) Skipped phase 3 of Reference Processing: no references
[2025-06-03T16:09:53.415+0530][566.724s] GC(873) Skipped phase 4 of Reference Processing: no references
[2025-06-03T16:09:53.416+0530][566.724s] GC(873) To-space exhausted
[2025-06-03T16:09:53.416+0530][566.724s] GC(873)   Pre Evacuate Collection Set: 0.1ms
[2025-06-03T16:09:53.416+0530][566.724s] GC(873)   Merge Heap Roots: 0.1ms
[2025-06-03T16:09:53.416+0530][566.724s] GC(873)   Evacuate Collection Set: 0.3ms
[2025-06-03T16:09:53.416+0530][566.724s] GC(873)   Post Evacuate Collection Set: 0.4ms
[2025-06-03T16:09:53.416+0530][566.724s] GC(873)   Other: 0.2ms
[2025-06-03T16:09:53.416+0530][566.724s] GC(873) Eden regions: 1->0(25)
[2025-06-03T16:09:53.416+0530][566.724s] GC(873) Survivor regions: 0->0(0)
[2025-06-03T16:09:53.416+0530][566.724s] GC(873) Old regions: 509->510
[2025-06-03T16:09:53.416+0530][566.724s] GC(873) Archive regions: 2->2
[2025-06-03T16:09:53.416+0530][566.724s] GC(873) Humongous regions: 0->0
[2025-06-03T16:09:53.416+0530][566.724s] GC(873) Metaspace: 20392K(21056K)->20392K(21056K) NonClass: 17869K(18240K)->17869K(18240K) Class: 2523K(2816K)->2523K(2816K)
[2025-06-03T16:09:53.416+0530][566.724s] GC(873) Pause Young (Normal) (G1 Evacuation Pause) 510M->510M(512M) 1.273ms
[2025-06-03T16:09:53.416+0530][566.724s] GC(873) User=0.00s Sys=0.00s Real=0.00s
[2025-06-03T16:09:53.416+0530][566.724s] Attempting full compaction
[2025-06-03T16:09:53.416+0530][566.724s] GC(874) Using 8 workers of 8 for full compaction
[2025-06-03T16:09:53.416+0530][566.724s] GC(874) Pause Full (G1 Compaction Pause)
[2025-06-03T16:09:53.416+0530][566.725s] GC(874) Phase 1: Mark live objects
[2025-06-03T16:09:54.219+0530][567.527s] GC(874) ReferenceProcessor::execute queues: 8, RefProcThreadModel::Multi, marks_oops_alive: true
[2025-06-03T16:09:54.219+0530][567.527s] GC(874) ReferenceProcessor::execute queues: 2, RefProcThreadModel::Multi, marks_oops_alive: false
[2025-06-03T16:09:54.219+0530][567.527s] GC(874) Skipped phase 3 of Reference Processing: no references
[2025-06-03T16:09:54.219+0530][567.527s] GC(874) ReferenceProcessor::execute queues: 1, RefProcThreadModel::Single, marks_oops_alive: false
[2025-06-03T16:09:54.220+0530][567.529s] GC(874) Phase 1: Mark live objects 804.072ms
[2025-06-03T16:09:54.220+0530][567.529s] GC(874) Phase 2: Prepare for compaction
[2025-06-03T16:09:54.221+0530][567.530s] GC(874) Phase 2: Prepare for compaction 1.058ms
[2025-06-03T16:09:54.221+0530][567.530s] GC(874) Phase 3: Adjust pointers
[2025-06-03T16:09:54.278+0530][567.587s] GC(874) Phase 3: Adjust pointers 57.099ms
[2025-06-03T16:09:54.278+0530][567.587s] GC(874) Phase 4: Compact heap
[2025-06-03T16:09:54.279+0530][567.587s] GC(874) Phase 4: Compact heap 0.595ms
[2025-06-03T16:09:54.283+0530][567.592s] GC(874) Eden regions: 0->0(25)
[2025-06-03T16:09:54.283+0530][567.592s] GC(874) Survivor regions: 0->0(0)
[2025-06-03T16:09:54.283+0530][567.592s] GC(874) Old regions: 510->509
[2025-06-03T16:09:54.283+0530][567.592s] GC(874) Archive regions: 2->2
[2025-06-03T16:09:54.283+0530][567.592s] GC(874) Humongous regions: 0->0
[2025-06-03T16:09:54.283+0530][567.592s] GC(874) Metaspace: 20392K(21056K)->20392K(21056K) NonClass: 17869K(18240K)->17869K(18240K) Class: 2523K(2816K)->2523K(2816K)
[2025-06-03T16:09:54.283+0530][567.592s] GC(874) Pause Full (G1 Compaction Pause) 510M->509M(512M) 867.328ms
[2025-06-03T16:09:54.284+0530][567.592s] GC(874) User=2.83s Sys=0.05s Real=0.87s
[2025-06-03T16:09:54.285+0530][567.594s] GC(875) Pause Young (Normal) (G1 Evacuation Pause)
[2025-06-03T16:09:54.285+0530][567.594s] GC(875) Using 8 workers of 8 for evacuation
[2025-06-03T16:09:54.286+0530][567.594s] GC(875) Skipped phase 1 of Reference Processing: no references
[2025-06-03T16:09:54.286+0530][567.594s] GC(875) Skipped phase 2 of Reference Processing: no references
[2025-06-03T16:09:54.286+0530][567.594s] GC(875) Skipped phase 3 of Reference Processing: no references
[2025-06-03T16:09:54.286+0530][567.594s] GC(875) Skipped phase 4 of Reference Processing: no references
[2025-06-03T16:09:54.286+0530][567.595s] GC(875) To-space exhausted
[2025-06-03T16:09:54.286+0530][567.595s] GC(875)   Pre Evacuate Collection Set: 0.1ms
[2025-06-03T16:09:54.286+0530][567.595s] GC(875)   Merge Heap Roots: 0.0ms
[2025-06-03T16:09:54.286+0530][567.595s] GC(875)   Evacuate Collection Set: 0.4ms
[2025-06-03T16:09:54.286+0530][567.595s] GC(875)   Post Evacuate Collection Set: 0.4ms
[2025-06-03T16:09:54.286+0530][567.595s] GC(875)   Other: 0.3ms
[2025-06-03T16:09:54.286+0530][567.595s] GC(875) Eden regions: 1->0(25)
[2025-06-03T16:09:54.286+0530][567.595s] GC(875) Survivor regions: 0->0(0)
[2025-06-03T16:09:54.286+0530][567.595s] GC(875) Old regions: 509->510
[2025-06-03T16:09:54.286+0530][567.595s] GC(875) Archive regions: 2->2
[2025-06-03T16:09:54.286+0530][567.595s] GC(875) Humongous regions: 0->0
[2025-06-03T16:09:54.286+0530][567.595s] GC(875) Metaspace: 20392K(21056K)->20392K(21056K) NonClass: 17869K(18240K)->17869K(18240K) Class: 2523K(2816K)->2523K(2816K)
[2025-06-03T16:09:54.286+0530][567.595s] GC(875) Pause Young (Normal) (G1 Evacuation Pause) 510M->510M(512M) 1.334ms
[2025-06-03T16:09:54.286+0530][567.595s] GC(875) User=0.00s Sys=0.01s Real=0.00s
[2025-06-03T16:09:54.287+0530][567.595s] Attempting full compaction
[2025-06-03T16:09:54.287+0530][567.595s] GC(876) Using 8 workers of 8 for full compaction
[2025-06-03T16:09:54.287+0530][567.595s] GC(876) Pause Full (G1 Compaction Pause)
[2025-06-03T16:09:54.287+0530][567.595s] GC(876) Phase 1: Mark live objects
[2025-06-03T16:09:55.224+0530][568.532s] GC(876) ReferenceProcessor::execute queues: 8, RefProcThreadModel::Multi, marks_oops_alive: true
[2025-06-03T16:09:55.224+0530][568.533s] GC(876) ReferenceProcessor::execute queues: 2, RefProcThreadModel::Multi, marks_oops_alive: false
[2025-06-03T16:09:55.224+0530][568.533s] GC(876) Skipped phase 3 of Reference Processing: no references
[2025-06-03T16:09:55.224+0530][568.533s] GC(876) ReferenceProcessor::execute queues: 1, RefProcThreadModel::Single, marks_oops_alive: false
[2025-06-03T16:09:55.226+0530][568.534s] GC(876) Phase 1: Mark live objects 939.006ms
[2025-06-03T16:09:55.226+0530][568.534s] GC(876) Phase 2: Prepare for compaction
[2025-06-03T16:09:55.227+0530][568.535s] GC(876) Phase 2: Prepare for compaction 0.873ms
[2025-06-03T16:09:55.227+0530][568.535s] GC(876) Phase 3: Adjust pointers
[2025-06-03T16:09:55.288+0530][568.596s] GC(876) Phase 3: Adjust pointers 61.318ms
[2025-06-03T16:09:55.288+0530][568.596s] GC(876) Phase 4: Compact heap
[2025-06-03T16:09:55.289+0530][568.597s] GC(876) Phase 4: Compact heap 0.652ms
[2025-06-03T16:09:55.294+0530][568.602s] GC(876) Eden regions: 0->0(25)
[2025-06-03T16:09:55.294+0530][568.602s] GC(876) Survivor regions: 0->0(0)
[2025-06-03T16:09:55.294+0530][568.602s] GC(876) Old regions: 510->509
[2025-06-03T16:09:55.294+0530][568.602s] GC(876) Archive regions: 2->2
[2025-06-03T16:09:55.294+0530][568.602s] GC(876) Humongous regions: 0->0
[2025-06-03T16:09:55.294+0530][568.602s] GC(876) Metaspace: 20392K(21056K)->20392K(21056K) NonClass: 17869K(18240K)->17869K(18240K) Class: 2523K(2816K)->2523K(2816K)
[2025-06-03T16:09:55.294+0530][568.602s] GC(876) Pause Full (G1 Compaction Pause) 510M->509M(512M) 1007.182ms
[2025-06-03T16:09:55.294+0530][568.603s] GC(876) User=2.29s Sys=0.09s Real=1.01s
[2025-06-03T16:09:55.295+0530][568.603s] GC(877) Pause Young (Normal) (G1 Evacuation Pause)
[2025-06-03T16:09:55.295+0530][568.603s] GC(877) Using 8 workers of 8 for evacuation
[2025-06-03T16:09:55.295+0530][568.604s] GC(877) Skipped phase 1 of Reference Processing: no references
[2025-06-03T16:09:55.295+0530][568.604s] GC(877) ReferenceProcessor::execute queues: 1, RefProcThreadModel::Single, marks_oops_alive: false
[2025-06-03T16:09:55.295+0530][568.604s] GC(877) Skipped phase 3 of Reference Processing: no references
[2025-06-03T16:09:55.295+0530][568.604s] GC(877) Skipped phase 4 of Reference Processing: no references
[2025-06-03T16:09:55.296+0530][568.604s] GC(877) To-space exhausted
[2025-06-03T16:09:55.296+0530][568.604s] GC(877)   Pre Evacuate Collection Set: 0.1ms
[2025-06-03T16:09:55.296+0530][568.604s] GC(877)   Merge Heap Roots: 0.0ms
[2025-06-03T16:09:55.296+0530][568.604s] GC(877)   Evacuate Collection Set: 0.2ms
[2025-06-03T16:09:55.296+0530][568.604s] GC(877)   Post Evacuate Collection Set: 0.5ms
[2025-06-03T16:09:55.296+0530][568.604s] GC(877)   Other: 0.1ms
[2025-06-03T16:09:55.296+0530][568.604s] GC(877) Eden regions: 1->0(25)
[2025-06-03T16:09:55.296+0530][568.604s] GC(877) Survivor regions: 0->0(0)
[2025-06-03T16:09:55.296+0530][568.604s] GC(877) Old regions: 509->510
[2025-06-03T16:09:55.296+0530][568.604s] GC(877) Archive regions: 2->2
[2025-06-03T16:09:55.296+0530][568.604s] GC(877) Humongous regions: 0->0
[2025-06-03T16:09:55.296+0530][568.604s] GC(877) Metaspace: 20392K(21056K)->20392K(21056K) NonClass: 17869K(18240K)->17869K(18240K) Class: 2523K(2816K)->2523K(2816K)
[2025-06-03T16:09:55.296+0530][568.604s] GC(877) Pause Young (Normal) (G1 Evacuation Pause) 510M->510M(512M) 1.081ms
[2025-06-03T16:09:55.296+0530][568.604s] GC(877) User=0.00s Sys=0.00s Real=0.00s
[2025-06-03T16:09:55.296+0530][568.604s] Attempting full compaction
[2025-06-03T16:09:55.296+0530][568.604s] GC(878) Using 8 workers of 8 for full compaction
[2025-06-03T16:09:55.296+0530][568.605s] GC(878) Pause Full (G1 Compaction Pause)
[2025-06-03T16:09:55.296+0530][568.605s] GC(878) Phase 1: Mark live objects
[2025-06-03T16:09:56.276+0530][569.585s] GC(878) ReferenceProcessor::execute queues: 8, RefProcThreadModel::Multi, marks_oops_alive: true
[2025-06-03T16:09:56.277+0530][569.585s] GC(878) ReferenceProcessor::execute queues: 2, RefProcThreadModel::Multi, marks_oops_alive: false
[2025-06-03T16:09:56.277+0530][569.585s] GC(878) Skipped phase 3 of Reference Processing: no references
[2025-06-03T16:09:56.277+0530][569.585s] GC(878) ReferenceProcessor::execute queues: 1, RefProcThreadModel::Single, marks_oops_alive: false
[2025-06-03T16:09:56.278+0530][569.587s] GC(878) Phase 1: Mark live objects 981.971ms
[2025-06-03T16:09:56.278+0530][569.587s] GC(878) Phase 2: Prepare for compaction
[2025-06-03T16:09:56.279+0530][569.587s] GC(878) Phase 2: Prepare for compaction 0.779ms
[2025-06-03T16:09:56.279+0530][569.587s] GC(878) Phase 3: Adjust pointers
[2025-06-03T16:09:56.342+0530][569.651s] GC(878) Phase 3: Adjust pointers 63.469ms
[2025-06-03T16:09:56.342+0530][569.651s] GC(878) Phase 4: Compact heap
[2025-06-03T16:09:56.343+0530][569.652s] GC(878) Phase 4: Compact heap 0.579ms
[2025-06-03T16:09:56.347+0530][569.656s] GC(878) Eden regions: 0->0(25)
[2025-06-03T16:09:56.347+0530][569.656s] GC(878) Survivor regions: 0->0(0)
[2025-06-03T16:09:56.347+0530][569.656s] GC(878) Old regions: 510->509
[2025-06-03T16:09:56.347+0530][569.656s] GC(878) Archive regions: 2->2
[2025-06-03T16:09:56.347+0530][569.656s] GC(878) Humongous regions: 0->0
[2025-06-03T16:09:56.347+0530][569.656s] GC(878) Metaspace: 20392K(21056K)->20392K(21056K) NonClass: 17869K(18240K)->17869K(18240K) Class: 2523K(2816K)->2523K(2816K)
[2025-06-03T16:09:56.347+0530][569.656s] GC(878) Pause Full (G1 Compaction Pause) 510M->509M(512M) 1051.221ms
[2025-06-03T16:09:56.348+0530][569.656s] GC(878) User=2.35s Sys=0.10s Real=1.05s
[2025-06-03T16:09:56.348+0530][569.657s] GC(879) Pause Young (Normal) (G1 Evacuation Pause)
[2025-06-03T16:09:56.348+0530][569.657s] GC(879) Using 8 workers of 8 for evacuation
[2025-06-03T16:09:56.349+0530][569.657s] GC(879) Skipped phase 1 of Reference Processing: no references
[2025-06-03T16:09:56.349+0530][569.657s] GC(879) Skipped phase 2 of Reference Processing: no references
[2025-06-03T16:09:56.349+0530][569.657s] GC(879) Skipped phase 3 of Reference Processing: no references
[2025-06-03T16:09:56.349+0530][569.657s] GC(879) Skipped phase 4 of Reference Processing: no references
[2025-06-03T16:09:56.349+0530][569.658s] GC(879) To-space exhausted
[2025-06-03T16:09:56.349+0530][569.658s] GC(879)   Pre Evacuate Collection Set: 0.1ms
[2025-06-03T16:09:56.349+0530][569.658s] GC(879)   Merge Heap Roots: 0.0ms
[2025-06-03T16:09:56.349+0530][569.658s] GC(879)   Evacuate Collection Set: 0.2ms
[2025-06-03T16:09:56.349+0530][569.658s] GC(879)   Post Evacuate Collection Set: 0.4ms
[2025-06-03T16:09:56.349+0530][569.658s] GC(879)   Other: 0.2ms
[2025-06-03T16:09:56.349+0530][569.658s] GC(879) Eden regions: 1->0(25)
[2025-06-03T16:09:56.349+0530][569.658s] GC(879) Survivor regions: 0->0(0)
[2025-06-03T16:09:56.349+0530][569.658s] GC(879) Old regions: 509->510
[2025-06-03T16:09:56.349+0530][569.658s] GC(879) Archive regions: 2->2
[2025-06-03T16:09:56.349+0530][569.658s] GC(879) Humongous regions: 0->0
[2025-06-03T16:09:56.349+0530][569.658s] GC(879) Metaspace: 20395K(21056K)->20395K(21056K) NonClass: 17872K(18240K)->17872K(18240K) Class: 2523K(2816K)->2523K(2816K)
[2025-06-03T16:09:56.349+0530][569.658s] GC(879) Pause Young (Normal) (G1 Evacuation Pause) 510M->510M(512M) 1.011ms
[2025-06-03T16:09:56.349+0530][569.658s] GC(879) User=0.00s Sys=0.00s Real=0.00s
[2025-06-03T16:09:56.349+0530][569.658s] Attempting full compaction
[2025-06-03T16:09:56.349+0530][569.658s] GC(880) Using 8 workers of 8 for full compaction
[2025-06-03T16:09:56.349+0530][569.658s] GC(880) Pause Full (G1 Compaction Pause)
[2025-06-03T16:09:56.349+0530][569.658s] GC(880) Phase 1: Mark live objects
[2025-06-03T16:09:57.320+0530][570.628s] GC(880) ReferenceProcessor::execute queues: 8, RefProcThreadModel::Multi, marks_oops_alive: true
[2025-06-03T16:09:57.320+0530][570.628s] GC(880) ReferenceProcessor::execute queues: 2, RefProcThreadModel::Multi, marks_oops_alive: false
[2025-06-03T16:09:57.320+0530][570.628s] GC(880) Skipped phase 3 of Reference Processing: no references
[2025-06-03T16:09:57.320+0530][570.628s] GC(880) ReferenceProcessor::execute queues: 1, RefProcThreadModel::Single, marks_oops_alive: false
[2025-06-03T16:09:57.321+0530][570.629s] GC(880) Phase 1: Mark live objects 971.567ms
[2025-06-03T16:09:57.321+0530][570.629s] GC(880) Phase 2: Prepare for compaction
[2025-06-03T16:09:57.322+0530][570.630s] GC(880) Phase 2: Prepare for compaction 1.000ms
[2025-06-03T16:09:57.322+0530][570.631s] GC(880) Phase 3: Adjust pointers
[2025-06-03T16:09:57.381+0530][570.689s] GC(880) Phase 3: Adjust pointers 58.938ms
[2025-06-03T16:09:57.381+0530][570.690s] GC(880) Phase 4: Compact heap
[2025-06-03T16:09:57.382+0530][570.690s] GC(880) Phase 4: Compact heap 0.525ms
[2025-06-03T16:09:57.386+0530][570.694s] GC(880) Eden regions: 0->0(25)
[2025-06-03T16:09:57.386+0530][570.694s] GC(880) Survivor regions: 0->0(0)
[2025-06-03T16:09:57.386+0530][570.694s] GC(880) Old regions: 510->509
[2025-06-03T16:09:57.386+0530][570.694s] GC(880) Archive regions: 2->2
[2025-06-03T16:09:57.386+0530][570.694s] GC(880) Humongous regions: 0->0
[2025-06-03T16:09:57.386+0530][570.694s] GC(880) Metaspace: 20395K(21056K)->20395K(21056K) NonClass: 17872K(18240K)->17872K(18240K) Class: 2523K(2816K)->2523K(2816K)
[2025-06-03T16:09:57.386+0530][570.694s] GC(880) Pause Full (G1 Compaction Pause) 510M->509M(512M) 1036.552ms
[2025-06-03T16:09:57.386+0530][570.695s] GC(880) User=2.32s Sys=0.09s Real=1.04s
[2025-06-03T16:09:57.387+0530][570.696s] GC(881) Pause Young (Normal) (G1 Evacuation Pause)
[2025-06-03T16:09:57.387+0530][570.696s] GC(881) Using 8 workers of 8 for evacuation
[2025-06-03T16:09:57.388+0530][570.696s] GC(881) Skipped phase 1 of Reference Processing: no references
[2025-06-03T16:09:57.388+0530][570.696s] GC(881) Skipped phase 2 of Reference Processing: no references
[2025-06-03T16:09:57.388+0530][570.696s] GC(881) Skipped phase 3 of Reference Processing: no references
[2025-06-03T16:09:57.388+0530][570.696s] GC(881) Skipped phase 4 of Reference Processing: no references
[2025-06-03T16:09:57.388+0530][570.697s] GC(881) To-space exhausted
[2025-06-03T16:09:57.388+0530][570.697s] GC(881)   Pre Evacuate Collection Set: 0.1ms
[2025-06-03T16:09:57.388+0530][570.697s] GC(881)   Merge Heap Roots: 0.0ms
[2025-06-03T16:09:57.388+0530][570.697s] GC(881)   Evacuate Collection Set: 0.3ms
[2025-06-03T16:09:57.388+0530][570.697s] GC(881)   Post Evacuate Collection Set: 0.5ms
[2025-06-03T16:09:57.388+0530][570.697s] GC(881)   Other: 0.2ms
[2025-06-03T16:09:57.388+0530][570.697s] GC(881) Eden regions: 1->0(25)
[2025-06-03T16:09:57.388+0530][570.697s] GC(881) Survivor regions: 0->0(0)
[2025-06-03T16:09:57.388+0530][570.697s] GC(881) Old regions: 509->510
[2025-06-03T16:09:57.388+0530][570.697s] GC(881) Archive regions: 2->2
[2025-06-03T16:09:57.388+0530][570.697s] GC(881) Humongous regions: 0->0
[2025-06-03T16:09:57.388+0530][570.697s] GC(881) Metaspace: 20399K(21056K)->20399K(21056K) NonClass: 17875K(18240K)->17875K(18240K) Class: 2524K(2816K)->2524K(2816K)
[2025-06-03T16:09:57.388+0530][570.697s] GC(881) Pause Young (Normal) (G1 Evacuation Pause) 510M->510M(512M) 1.256ms
[2025-06-03T16:09:57.388+0530][570.697s] GC(881) User=0.01s Sys=0.00s Real=0.00s
[2025-06-03T16:09:57.388+0530][570.697s] Attempting full compaction
[2025-06-03T16:09:57.388+0530][570.697s] GC(882) Using 8 workers of 8 for full compaction
[2025-06-03T16:09:57.388+0530][570.697s] GC(882) Pause Full (G1 Compaction Pause)
[2025-06-03T16:09:57.389+0530][570.697s] GC(882) Phase 1: Mark live objects
[2025-06-03T16:09:58.327+0530][571.635s] GC(882) ReferenceProcessor::execute queues: 8, RefProcThreadModel::Multi, marks_oops_alive: true
[2025-06-03T16:09:58.327+0530][571.636s] GC(882) ReferenceProcessor::execute queues: 2, RefProcThreadModel::Multi, marks_oops_alive: false
[2025-06-03T16:09:58.327+0530][571.636s] GC(882) Skipped phase 3 of Reference Processing: no references
[2025-06-03T16:09:58.327+0530][571.636s] GC(882) ReferenceProcessor::execute queues: 1, RefProcThreadModel::Single, marks_oops_alive: false
[2025-06-03T16:09:58.328+0530][571.637s] GC(882) Phase 1: Mark live objects 939.781ms
[2025-06-03T16:09:58.328+0530][571.637s] GC(882) Phase 2: Prepare for compaction
[2025-06-03T16:09:58.329+0530][571.637s] GC(882) Phase 2: Prepare for compaction 0.459ms
[2025-06-03T16:09:58.329+0530][571.637s] GC(882) Phase 3: Adjust pointers
[2025-06-03T16:09:58.386+0530][571.694s] GC(882) Phase 3: Adjust pointers 56.883ms
[2025-06-03T16:09:58.386+0530][571.694s] GC(882) Phase 4: Compact heap
[2025-06-03T16:09:58.386+0530][571.695s] GC(882) Phase 4: Compact heap 0.469ms
[2025-06-03T16:09:58.391+0530][571.700s] GC(882) Eden regions: 0->0(25)
[2025-06-03T16:09:58.391+0530][571.700s] GC(882) Survivor regions: 0->0(0)
[2025-06-03T16:09:58.391+0530][571.700s] GC(882) Old regions: 510->509
[2025-06-03T16:09:58.391+0530][571.700s] GC(882) Archive regions: 2->2
[2025-06-03T16:09:58.391+0530][571.700s] GC(882) Humongous regions: 0->0
[2025-06-03T16:09:58.391+0530][571.700s] GC(882) Metaspace: 20399K(21056K)->20399K(21056K) NonClass: 17875K(18240K)->17875K(18240K) Class: 2524K(2816K)->2524K(2816K)
[2025-06-03T16:09:58.391+0530][571.700s] GC(882) Pause Full (G1 Compaction Pause) 510M->509M(512M) 1002.748ms
[2025-06-03T16:09:58.392+0530][571.700s] GC(882) User=2.28s Sys=0.08s Real=1.01s
[2025-06-03T16:09:58.392+0530][571.701s] GC(883) Pause Young (Normal) (G1 Evacuation Pause)
[2025-06-03T16:09:58.392+0530][571.701s] GC(883) Using 8 workers of 8 for evacuation
[2025-06-03T16:09:58.393+0530][571.701s] GC(883) Skipped phase 1 of Reference Processing: no references
[2025-06-03T16:09:58.393+0530][571.701s] GC(883) Skipped phase 2 of Reference Processing: no references
[2025-06-03T16:09:58.393+0530][571.701s] GC(883) Skipped phase 3 of Reference Processing: no references
[2025-06-03T16:09:58.393+0530][571.701s] GC(883) Skipped phase 4 of Reference Processing: no references
[2025-06-03T16:09:58.393+0530][571.702s] GC(883) To-space exhausted
[2025-06-03T16:09:58.393+0530][571.702s] GC(883)   Pre Evacuate Collection Set: 0.1ms
[2025-06-03T16:09:58.393+0530][571.702s] GC(883)   Merge Heap Roots: 0.1ms
[2025-06-03T16:09:58.394+0530][571.702s] GC(883)   Evacuate Collection Set: 0.3ms
[2025-06-03T16:09:58.394+0530][571.702s] GC(883)   Post Evacuate Collection Set: 0.5ms
[2025-06-03T16:09:58.394+0530][571.702s] GC(883)   Other: 0.3ms
[2025-06-03T16:09:58.394+0530][571.702s] GC(883) Eden regions: 1->0(25)
[2025-06-03T16:09:58.394+0530][571.702s] GC(883) Survivor regions: 0->0(0)
[2025-06-03T16:09:58.394+0530][571.702s] GC(883) Old regions: 509->510
[2025-06-03T16:09:58.394+0530][571.702s] GC(883) Archive regions: 2->2
[2025-06-03T16:09:58.394+0530][571.702s] GC(883) Humongous regions: 0->0
[2025-06-03T16:09:58.394+0530][571.702s] GC(883) Metaspace: 20399K(21056K)->20399K(21056K) NonClass: 17875K(18240K)->17875K(18240K) Class: 2524K(2816K)->2524K(2816K)
[2025-06-03T16:09:58.394+0530][571.702s] GC(883) Pause Young (Normal) (G1 Evacuation Pause) 510M->510M(512M) 1.378ms
[2025-06-03T16:09:58.394+0530][571.702s] GC(883) User=0.00s Sys=0.00s Real=0.00s
[2025-06-03T16:09:58.394+0530][571.702s] Attempting full compaction
[2025-06-03T16:09:58.394+0530][571.702s] GC(884) Using 8 workers of 8 for full compaction
[2025-06-03T16:09:58.394+0530][571.702s] GC(884) Pause Full (G1 Compaction Pause)
[2025-06-03T16:09:58.394+0530][571.702s] GC(884) Phase 1: Mark live objects
[2025-06-03T16:09:59.355+0530][572.664s] GC(884) ReferenceProcessor::execute queues: 8, RefProcThreadModel::Multi, marks_oops_alive: true
[2025-06-03T16:09:59.355+0530][572.664s] GC(884) ReferenceProcessor::execute queues: 2, RefProcThreadModel::Multi, marks_oops_alive: false
[2025-06-03T16:09:59.355+0530][572.664s] GC(884) Skipped phase 3 of Reference Processing: no references
[2025-06-03T16:09:59.355+0530][572.664s] GC(884) ReferenceProcessor::execute queues: 1, RefProcThreadModel::Single, marks_oops_alive: false
[2025-06-03T16:09:59.357+0530][572.665s] GC(884) Phase 1: Mark live objects 963.013ms
[2025-06-03T16:09:59.357+0530][572.665s] GC(884) Phase 2: Prepare for compaction
[2025-06-03T16:09:59.358+0530][572.666s] GC(884) Phase 2: Prepare for compaction 0.943ms
[2025-06-03T16:09:59.358+0530][572.666s] GC(884) Phase 3: Adjust pointers
[2025-06-03T16:09:59.503+0530][572.812s] GC(884) Phase 3: Adjust pointers 145.585ms
[2025-06-03T16:09:59.503+0530][572.812s] GC(884) Phase 4: Compact heap
[2025-06-03T16:09:59.504+0530][572.813s] GC(884) Phase 4: Compact heap 0.584ms
[2025-06-03T16:09:59.509+0530][572.817s] GC(884) Eden regions: 0->0(25)
[2025-06-03T16:09:59.509+0530][572.817s] GC(884) Survivor regions: 0->0(0)
[2025-06-03T16:09:59.509+0530][572.817s] GC(884) Old regions: 510->509
[2025-06-03T16:09:59.509+0530][572.817s] GC(884) Archive regions: 2->2
[2025-06-03T16:09:59.509+0530][572.817s] GC(884) Humongous regions: 0->0
[2025-06-03T16:09:59.509+0530][572.817s] GC(884) Metaspace: 20399K(21056K)->20399K(21056K) NonClass: 17875K(18240K)->17875K(18240K) Class: 2524K(2816K)->2524K(2816K)
[2025-06-03T16:09:59.509+0530][572.817s] GC(884) Pause Full (G1 Compaction Pause) 510M->508M(512M) 1114.971ms
[2025-06-03T16:09:59.509+0530][572.818s] GC(884) User=2.34s Sys=0.10s Real=1.11s
[2025-06-03T16:09:59.510+0530][572.818s] GC(885) Pause Young (Normal) (G1 Evacuation Pause)
[2025-06-03T16:09:59.510+0530][572.818s] GC(885) Using 8 workers of 8 for evacuation
[2025-06-03T16:09:59.510+0530][572.819s] GC(885) Skipped phase 1 of Reference Processing: no references
[2025-06-03T16:09:59.510+0530][572.819s] GC(885) Skipped phase 2 of Reference Processing: no references
[2025-06-03T16:09:59.511+0530][572.819s] GC(885) Skipped phase 3 of Reference Processing: no references
[2025-06-03T16:09:59.511+0530][572.819s] GC(885) Skipped phase 4 of Reference Processing: no references
[2025-06-03T16:09:59.511+0530][572.820s] GC(885) To-space exhausted
[2025-06-03T16:09:59.511+0530][572.820s] GC(885)   Pre Evacuate Collection Set: 0.1ms
[2025-06-03T16:09:59.511+0530][572.820s] GC(885)   Merge Heap Roots: 0.0ms
[2025-06-03T16:09:59.511+0530][572.820s] GC(885)   Evacuate Collection Set: 0.2ms
[2025-06-03T16:09:59.511+0530][572.820s] GC(885)   Post Evacuate Collection Set: 0.6ms
[2025-06-03T16:09:59.511+0530][572.820s] GC(885)   Other: 0.2ms
[2025-06-03T16:09:59.511+0530][572.820s] GC(885) Eden regions: 1->0(25)
[2025-06-03T16:09:59.511+0530][572.820s] GC(885) Survivor regions: 0->0(0)
[2025-06-03T16:09:59.511+0530][572.820s] GC(885) Old regions: 509->510
[2025-06-03T16:09:59.511+0530][572.820s] GC(885) Archive regions: 2->2
[2025-06-03T16:09:59.511+0530][572.820s] GC(885) Humongous regions: 0->0
[2025-06-03T16:09:59.511+0530][572.820s] GC(885) Metaspace: 20399K(21056K)->20399K(21056K) NonClass: 17875K(18240K)->17875K(18240K) Class: 2524K(2816K)->2524K(2816K)
[2025-06-03T16:09:59.511+0530][572.820s] GC(885) Pause Young (Normal) (G1 Evacuation Pause) 509M->509M(512M) 1.222ms
[2025-06-03T16:09:59.511+0530][572.820s] GC(885) User=0.01s Sys=0.00s Real=0.00s
[2025-06-03T16:09:59.511+0530][572.820s] Attempting full compaction
[2025-06-03T16:09:59.511+0530][572.820s] GC(886) Using 8 workers of 8 for full compaction
[2025-06-03T16:09:59.511+0530][572.820s] GC(886) Pause Full (G1 Compaction Pause)
[2025-06-03T16:09:59.511+0530][572.820s] GC(886) Phase 1: Mark live objects
[2025-06-03T16:10:00.513+0530][573.822s] GC(886) ReferenceProcessor::execute queues: 8, RefProcThreadModel::Multi, marks_oops_alive: true
[2025-06-03T16:10:00.513+0530][573.822s] GC(886) ReferenceProcessor::execute queues: 2, RefProcThreadModel::Multi, marks_oops_alive: false
[2025-06-03T16:10:00.513+0530][573.822s] GC(886) Skipped phase 3 of Reference Processing: no references
[2025-06-03T16:10:00.513+0530][573.822s] GC(886) ReferenceProcessor::execute queues: 1, RefProcThreadModel::Single, marks_oops_alive: false
[2025-06-03T16:10:00.515+0530][573.824s] GC(886) Phase 1: Mark live objects 1003.678ms
[2025-06-03T16:10:00.515+0530][573.824s] GC(886) Phase 2: Prepare for compaction
[2025-06-03T16:10:00.516+0530][573.824s] GC(886) Phase 2: Prepare for compaction 0.944ms
[2025-06-03T16:10:00.516+0530][573.825s] GC(886) Phase 3: Adjust pointers
[2025-06-03T16:10:00.586+0530][573.894s] GC(886) Phase 3: Adjust pointers 69.782ms
[2025-06-03T16:10:00.586+0530][573.894s] GC(886) Phase 4: Compact heap
[2025-06-03T16:10:00.586+0530][573.895s] GC(886) Phase 4: Compact heap 0.587ms
[2025-06-03T16:10:00.591+0530][573.899s] GC(886) Eden regions: 0->0(25)
[2025-06-03T16:10:00.591+0530][573.899s] GC(886) Survivor regions: 0->0(0)
[2025-06-03T16:10:00.591+0530][573.899s] GC(886) Old regions: 510->508
[2025-06-03T16:10:00.591+0530][573.899s] GC(886) Archive regions: 2->2
[2025-06-03T16:10:00.591+0530][573.899s] GC(886) Humongous regions: 0->0
[2025-06-03T16:10:00.591+0530][573.899s] GC(886) Metaspace: 20399K(21056K)->20399K(21056K) NonClass: 17875K(18240K)->17875K(18240K) Class: 2524K(2816K)->2524K(2816K)
[2025-06-03T16:10:00.591+0530][573.899s] GC(886) Pause Full (G1 Compaction Pause) 509M->508M(512M) 1079.381ms
[2025-06-03T16:10:00.591+0530][573.900s] GC(886) User=2.39s Sys=0.11s Real=1.08s
[2025-06-03T16:10:00.593+0530][573.902s] GC(887) Pause Young (Normal) (G1 Evacuation Pause)
[2025-06-03T16:10:00.593+0530][573.902s] GC(887) Using 8 workers of 8 for evacuation
[2025-06-03T16:10:00.594+0530][573.902s] GC(887) Skipped phase 1 of Reference Processing: no references
[2025-06-03T16:10:00.594+0530][573.902s] GC(887) Skipped phase 2 of Reference Processing: no references
[2025-06-03T16:10:00.594+0530][573.902s] GC(887) Skipped phase 3 of Reference Processing: no references
[2025-06-03T16:10:00.594+0530][573.902s] GC(887) Skipped phase 4 of Reference Processing: no references
[2025-06-03T16:10:00.594+0530][573.903s] GC(887) To-space exhausted
[2025-06-03T16:10:00.594+0530][573.903s] GC(887)   Pre Evacuate Collection Set: 0.1ms
[2025-06-03T16:10:00.594+0530][573.903s] GC(887)   Merge Heap Roots: 0.0ms
[2025-06-03T16:10:00.594+0530][573.903s] GC(887)   Evacuate Collection Set: 0.3ms
[2025-06-03T16:10:00.594+0530][573.903s] GC(887)   Post Evacuate Collection Set: 0.5ms
[2025-06-03T16:10:00.594+0530][573.903s] GC(887)   Other: 0.2ms
[2025-06-03T16:10:00.594+0530][573.903s] GC(887) Eden regions: 2->0(25)
[2025-06-03T16:10:00.594+0530][573.903s] GC(887) Survivor regions: 0->0(0)
[2025-06-03T16:10:00.594+0530][573.903s] GC(887) Old regions: 508->510
[2025-06-03T16:10:00.594+0530][573.903s] GC(887) Archive regions: 2->2
[2025-06-03T16:10:00.594+0530][573.903s] GC(887) Humongous regions: 0->0
[2025-06-03T16:10:00.594+0530][573.903s] GC(887) Metaspace: 20399K(21056K)->20399K(21056K) NonClass: 17875K(18240K)->17875K(18240K) Class: 2524K(2816K)->2524K(2816K)
[2025-06-03T16:10:00.594+0530][573.903s] GC(887) Pause Young (Normal) (G1 Evacuation Pause) 510M->510M(512M) 1.295ms
[2025-06-03T16:10:00.594+0530][573.903s] GC(887) User=0.00s Sys=0.00s Real=0.00s
[2025-06-03T16:10:00.594+0530][573.903s] Attempting full compaction
[2025-06-03T16:10:00.594+0530][573.903s] GC(888) Using 8 workers of 8 for full compaction
[2025-06-03T16:10:00.594+0530][573.903s] GC(888) Pause Full (G1 Compaction Pause)
[2025-06-03T16:10:00.594+0530][573.903s] GC(888) Phase 1: Mark live objects
[2025-06-03T16:10:01.585+0530][574.894s] GC(888) ReferenceProcessor::execute queues: 8, RefProcThreadModel::Multi, marks_oops_alive: true
[2025-06-03T16:10:01.585+0530][574.894s] GC(888) ReferenceProcessor::execute queues: 2, RefProcThreadModel::Multi, marks_oops_alive: false
[2025-06-03T16:10:01.585+0530][574.894s] GC(888) Skipped phase 3 of Reference Processing: no references
[2025-06-03T16:10:01.585+0530][574.894s] GC(888) ReferenceProcessor::execute queues: 1, RefProcThreadModel::Single, marks_oops_alive: false
[2025-06-03T16:10:01.586+0530][574.895s] GC(888) Phase 1: Mark live objects 992.028ms
[2025-06-03T16:10:01.586+0530][574.895s] GC(888) Phase 2: Prepare for compaction
[2025-06-03T16:10:01.587+0530][574.896s] GC(888) Phase 2: Prepare for compaction 0.541ms
[2025-06-03T16:10:01.587+0530][574.896s] GC(888) Phase 3: Adjust pointers
[2025-06-03T16:10:01.644+0530][574.952s] GC(888) Phase 3: Adjust pointers 56.633ms
[2025-06-03T16:10:01.644+0530][574.952s] GC(888) Phase 4: Compact heap
[2025-06-03T16:10:01.644+0530][574.953s] GC(888) Phase 4: Compact heap 0.428ms
[2025-06-03T16:10:01.648+0530][574.957s] GC(888) Eden regions: 0->0(25)
[2025-06-03T16:10:01.648+0530][574.957s] GC(888) Survivor regions: 0->0(0)
[2025-06-03T16:10:01.648+0530][574.957s] GC(888) Old regions: 510->509
[2025-06-03T16:10:01.648+0530][574.957s] GC(888) Archive regions: 2->2
[2025-06-03T16:10:01.648+0530][574.957s] GC(888) Humongous regions: 0->0
[2025-06-03T16:10:01.648+0530][574.957s] GC(888) Metaspace: 20399K(21056K)->20399K(21056K) NonClass: 17875K(18240K)->17875K(18240K) Class: 2524K(2816K)->2524K(2816K)
[2025-06-03T16:10:01.648+0530][574.957s] GC(888) Pause Full (G1 Compaction Pause) 510M->508M(512M) 1053.977ms
[2025-06-03T16:10:01.649+0530][574.957s] GC(888) User=2.36s Sys=0.10s Real=1.05s
[2025-06-03T16:10:01.650+0530][574.958s] GC(889) Pause Young (Normal) (G1 Evacuation Pause)
[2025-06-03T16:10:01.650+0530][574.958s] GC(889) Using 8 workers of 8 for evacuation
[2025-06-03T16:10:01.650+0530][574.959s] GC(889) Skipped phase 1 of Reference Processing: no references
[2025-06-03T16:10:01.650+0530][574.959s] GC(889) Skipped phase 2 of Reference Processing: no references
[2025-06-03T16:10:01.650+0530][574.959s] GC(889) Skipped phase 3 of Reference Processing: no references
[2025-06-03T16:10:01.650+0530][574.959s] GC(889) Skipped phase 4 of Reference Processing: no references
[2025-06-03T16:10:01.651+0530][574.959s] GC(889) To-space exhausted
[2025-06-03T16:10:01.651+0530][574.959s] GC(889)   Pre Evacuate Collection Set: 0.1ms
[2025-06-03T16:10:01.651+0530][574.959s] GC(889)   Merge Heap Roots: 0.1ms
[2025-06-03T16:10:01.651+0530][574.959s] GC(889)   Evacuate Collection Set: 0.3ms
[2025-06-03T16:10:01.651+0530][574.959s] GC(889)   Post Evacuate Collection Set: 0.5ms
[2025-06-03T16:10:01.651+0530][574.959s] GC(889)   Other: 0.2ms
[2025-06-03T16:10:01.651+0530][574.959s] GC(889) Eden regions: 1->0(25)
[2025-06-03T16:10:01.651+0530][574.959s] GC(889) Survivor regions: 0->0(0)
[2025-06-03T16:10:01.651+0530][574.959s] GC(889) Old regions: 509->510
[2025-06-03T16:10:01.651+0530][574.959s] GC(889) Archive regions: 2->2
[2025-06-03T16:10:01.651+0530][574.959s] GC(889) Humongous regions: 0->0
[2025-06-03T16:10:01.651+0530][574.959s] GC(889) Metaspace: 20399K(21056K)->20399K(21056K) NonClass: 17875K(18240K)->17875K(18240K) Class: 2524K(2816K)->2524K(2816K)
[2025-06-03T16:10:01.651+0530][574.959s] GC(889) Pause Young (Normal) (G1 Evacuation Pause) 509M->509M(512M) 1.304ms
[2025-06-03T16:10:01.651+0530][574.960s] GC(889) User=0.01s Sys=0.00s Real=0.00s
[2025-06-03T16:10:01.651+0530][574.960s] Attempting full compaction
[2025-06-03T16:10:01.651+0530][574.960s] GC(890) Using 8 workers of 8 for full compaction
[2025-06-03T16:10:01.651+0530][574.960s] GC(890) Pause Full (G1 Compaction Pause)
[2025-06-03T16:10:01.651+0530][574.960s] GC(890) Phase 1: Mark live objects
[2025-06-03T16:10:02.532+0530][575.841s] GC(890) ReferenceProcessor::execute queues: 8, RefProcThreadModel::Multi, marks_oops_alive: true
[2025-06-03T16:10:02.532+0530][575.841s] GC(890) ReferenceProcessor::execute queues: 2, RefProcThreadModel::Multi, marks_oops_alive: false
[2025-06-03T16:10:02.533+0530][575.841s] GC(890) Skipped phase 3 of Reference Processing: no references
[2025-06-03T16:10:02.533+0530][575.841s] GC(890) ReferenceProcessor::execute queues: 1, RefProcThreadModel::Single, marks_oops_alive: false
[2025-06-03T16:10:02.534+0530][575.842s] GC(890) Phase 1: Mark live objects 882.771ms
[2025-06-03T16:10:02.534+0530][575.842s] GC(890) Phase 2: Prepare for compaction
[2025-06-03T16:10:02.534+0530][575.843s] GC(890) Phase 2: Prepare for compaction 0.445ms
[2025-06-03T16:10:02.534+0530][575.843s] GC(890) Phase 3: Adjust pointers
[2025-06-03T16:10:02.594+0530][575.902s] GC(890) Phase 3: Adjust pointers 59.206ms
[2025-06-03T16:10:02.594+0530][575.902s] GC(890) Phase 4: Compact heap
[2025-06-03T16:10:02.594+0530][575.903s] GC(890) Phase 4: Compact heap 0.366ms
[2025-06-03T16:10:02.598+0530][575.907s] GC(890) Eden regions: 0->0(25)
[2025-06-03T16:10:02.598+0530][575.907s] GC(890) Survivor regions: 0->0(0)
[2025-06-03T16:10:02.598+0530][575.907s] GC(890) Old regions: 510->508
[2025-06-03T16:10:02.598+0530][575.907s] GC(890) Archive regions: 2->2
[2025-06-03T16:10:02.598+0530][575.907s] GC(890) Humongous regions: 0->0
[2025-06-03T16:10:02.598+0530][575.907s] GC(890) Metaspace: 20399K(21056K)->20399K(21056K) NonClass: 17875K(18240K)->17875K(18240K) Class: 2524K(2816K)->2524K(2816K)
[2025-06-03T16:10:02.598+0530][575.907s] GC(890) Pause Full (G1 Compaction Pause) 509M->508M(512M) 947.076ms
[2025-06-03T16:10:02.598+0530][575.907s] GC(890) User=2.21s Sys=0.06s Real=0.94s
[2025-06-03T16:10:02.600+0530][575.909s] GC(891) Pause Young (Normal) (G1 Evacuation Pause)
[2025-06-03T16:10:02.600+0530][575.909s] GC(891) Using 8 workers of 8 for evacuation
[2025-06-03T16:10:02.600+0530][575.909s] GC(891) Skipped phase 1 of Reference Processing: no references
[2025-06-03T16:10:02.600+0530][575.909s] GC(891) Skipped phase 2 of Reference Processing: no references
[2025-06-03T16:10:02.600+0530][575.909s] GC(891) Skipped phase 3 of Reference Processing: no references
[2025-06-03T16:10:02.600+0530][575.909s] GC(891) Skipped phase 4 of Reference Processing: no references
[2025-06-03T16:10:02.601+0530][575.910s] GC(891) To-space exhausted
[2025-06-03T16:10:02.601+0530][575.910s] GC(891)   Pre Evacuate Collection Set: 0.1ms
[2025-06-03T16:10:02.601+0530][575.910s] GC(891)   Merge Heap Roots: 0.0ms
[2025-06-03T16:10:02.601+0530][575.910s] GC(891)   Evacuate Collection Set: 0.3ms
[2025-06-03T16:10:02.601+0530][575.910s] GC(891)   Post Evacuate Collection Set: 0.5ms
[2025-06-03T16:10:02.601+0530][575.910s] GC(891)   Other: 0.1ms
[2025-06-03T16:10:02.601+0530][575.910s] GC(891) Eden regions: 2->0(25)
[2025-06-03T16:10:02.601+0530][575.910s] GC(891) Survivor regions: 0->0(0)
[2025-06-03T16:10:02.601+0530][575.910s] GC(891) Old regions: 508->510
[2025-06-03T16:10:02.601+0530][575.910s] GC(891) Archive regions: 2->2
[2025-06-03T16:10:02.601+0530][575.910s] GC(891) Humongous regions: 0->0
[2025-06-03T16:10:02.601+0530][575.910s] GC(891) Metaspace: 20399K(21056K)->20399K(21056K) NonClass: 17875K(18240K)->17875K(18240K) Class: 2524K(2816K)->2524K(2816K)
[2025-06-03T16:10:02.601+0530][575.910s] GC(891) Pause Young (Normal) (G1 Evacuation Pause) 510M->510M(512M) 1.234ms
[2025-06-03T16:10:02.601+0530][575.910s] GC(891) User=0.00s Sys=0.00s Real=0.00s
[2025-06-03T16:10:02.601+0530][575.910s] Attempting full compaction
[2025-06-03T16:10:02.601+0530][575.910s] GC(892) Using 8 workers of 8 for full compaction
[2025-06-03T16:10:02.601+0530][575.910s] GC(892) Pause Full (G1 Compaction Pause)
[2025-06-03T16:10:02.601+0530][575.910s] GC(892) Phase 1: Mark live objects
[2025-06-03T16:10:03.496+0530][576.804s] GC(892) ReferenceProcessor::execute queues: 8, RefProcThreadModel::Multi, marks_oops_alive: true
[2025-06-03T16:10:03.496+0530][576.805s] GC(892) ReferenceProcessor::execute queues: 2, RefProcThreadModel::Multi, marks_oops_alive: false
[2025-06-03T16:10:03.496+0530][576.805s] GC(892) Skipped phase 3 of Reference Processing: no references
[2025-06-03T16:10:03.496+0530][576.805s] GC(892) ReferenceProcessor::execute queues: 1, RefProcThreadModel::Single, marks_oops_alive: false
[2025-06-03T16:10:03.497+0530][576.806s] GC(892) Phase 1: Mark live objects 895.961ms
[2025-06-03T16:10:03.497+0530][576.806s] GC(892) Phase 2: Prepare for compaction
[2025-06-03T16:10:03.498+0530][576.807s] GC(892) Phase 2: Prepare for compaction 0.619ms
[2025-06-03T16:10:03.498+0530][576.807s] GC(892) Phase 3: Adjust pointers
[2025-06-03T16:10:03.558+0530][576.866s] GC(892) Phase 3: Adjust pointers 59.830ms
[2025-06-03T16:10:03.558+0530][576.866s] GC(892) Phase 4: Compact heap
[2025-06-03T16:10:03.558+0530][576.867s] GC(892) Phase 4: Compact heap 0.345ms
[2025-06-03T16:10:03.562+0530][576.870s] GC(892) Eden regions: 0->0(25)
[2025-06-03T16:10:03.562+0530][576.871s] GC(892) Survivor regions: 0->0(0)
[2025-06-03T16:10:03.562+0530][576.871s] GC(892) Old regions: 510->508
[2025-06-03T16:10:03.562+0530][576.871s] GC(892) Archive regions: 2->2
[2025-06-03T16:10:03.562+0530][576.871s] GC(892) Humongous regions: 0->0
[2025-06-03T16:10:03.562+0530][576.871s] GC(892) Metaspace: 20399K(21056K)->20399K(21056K) NonClass: 17875K(18240K)->17875K(18240K) Class: 2524K(2816K)->2524K(2816K)
[2025-06-03T16:10:03.562+0530][576.871s] GC(892) Pause Full (G1 Compaction Pause) 510M->508M(512M) 960.682ms
[2025-06-03T16:10:03.562+0530][576.871s] GC(892) User=2.25s Sys=0.06s Real=0.96s
[2025-06-03T16:10:03.564+0530][576.872s] GC(893) Pause Young (Normal) (G1 Evacuation Pause)
[2025-06-03T16:10:03.564+0530][576.872s] GC(893) Using 8 workers of 8 for evacuation
[2025-06-03T16:10:03.564+0530][576.873s] GC(893) Skipped phase 1 of Reference Processing: no references
[2025-06-03T16:10:03.564+0530][576.873s] GC(893) Skipped phase 2 of Reference Processing: no references
[2025-06-03T16:10:03.564+0530][576.873s] GC(893) Skipped phase 3 of Reference Processing: no references
[2025-06-03T16:10:03.564+0530][576.873s] GC(893) Skipped phase 4 of Reference Processing: no references
[2025-06-03T16:10:03.565+0530][576.874s] GC(893) To-space exhausted
[2025-06-03T16:10:03.565+0530][576.874s] GC(893)   Pre Evacuate Collection Set: 0.1ms
[2025-06-03T16:10:03.565+0530][576.874s] GC(893)   Merge Heap Roots: 0.1ms
[2025-06-03T16:10:03.565+0530][576.874s] GC(893)   Evacuate Collection Set: 0.3ms
[2025-06-03T16:10:03.565+0530][576.874s] GC(893)   Post Evacuate Collection Set: 0.6ms
[2025-06-03T16:10:03.565+0530][576.874s] GC(893)   Other: 0.2ms
[2025-06-03T16:10:03.565+0530][576.874s] GC(893) Eden regions: 2->0(25)
[2025-06-03T16:10:03.565+0530][576.874s] GC(893) Survivor regions: 0->0(0)
[2025-06-03T16:10:03.565+0530][576.874s] GC(893) Old regions: 508->510
[2025-06-03T16:10:03.565+0530][576.874s] GC(893) Archive regions: 2->2
[2025-06-03T16:10:03.565+0530][576.874s] GC(893) Humongous regions: 0->0
[2025-06-03T16:10:03.565+0530][576.874s] GC(893) Metaspace: 20399K(21056K)->20399K(21056K) NonClass: 17875K(18240K)->17875K(18240K) Class: 2524K(2816K)->2524K(2816K)
[2025-06-03T16:10:03.565+0530][576.874s] GC(893) Pause Young (Normal) (G1 Evacuation Pause) 510M->510M(512M) 1.519ms
[2025-06-03T16:10:03.565+0530][576.874s] GC(893) User=0.01s Sys=0.00s Real=0.00s
[2025-06-03T16:10:03.565+0530][576.874s] Attempting full compaction
[2025-06-03T16:10:03.565+0530][576.874s] GC(894) Using 8 workers of 8 for full compaction
[2025-06-03T16:10:03.565+0530][576.874s] GC(894) Pause Full (G1 Compaction Pause)
[2025-06-03T16:10:03.565+0530][576.874s] GC(894) Phase 1: Mark live objects
[2025-06-03T16:10:04.445+0530][577.753s] GC(894) ReferenceProcessor::execute queues: 8, RefProcThreadModel::Multi, marks_oops_alive: true
[2025-06-03T16:10:04.445+0530][577.754s] GC(894) ReferenceProcessor::execute queues: 2, RefProcThreadModel::Multi, marks_oops_alive: false
[2025-06-03T16:10:04.445+0530][577.754s] GC(894) Skipped phase 3 of Reference Processing: no references
[2025-06-03T16:10:04.445+0530][577.754s] GC(894) ReferenceProcessor::execute queues: 1, RefProcThreadModel::Single, marks_oops_alive: false
[2025-06-03T16:10:04.446+0530][577.755s] GC(894) Phase 1: Mark live objects 880.936ms
[2025-06-03T16:10:04.446+0530][577.755s] GC(894) Phase 2: Prepare for compaction
[2025-06-03T16:10:04.447+0530][577.756s] GC(894) Phase 2: Prepare for compaction 0.996ms
[2025-06-03T16:10:04.447+0530][577.756s] GC(894) Phase 3: Adjust pointers
[2025-06-03T16:10:04.503+0530][577.812s] GC(894) Phase 3: Adjust pointers 55.928ms
[2025-06-03T16:10:04.503+0530][577.812s] GC(894) Phase 4: Compact heap
[2025-06-03T16:10:04.504+0530][577.813s] GC(894) Phase 4: Compact heap 0.666ms
[2025-06-03T16:10:04.508+0530][577.817s] GC(894) Eden regions: 0->0(25)
[2025-06-03T16:10:04.508+0530][577.817s] GC(894) Survivor regions: 0->0(0)
[2025-06-03T16:10:04.508+0530][577.817s] GC(894) Old regions: 510->508
[2025-06-03T16:10:04.508+0530][577.817s] GC(894) Archive regions: 2->2
[2025-06-03T16:10:04.508+0530][577.817s] GC(894) Humongous regions: 0->0
[2025-06-03T16:10:04.508+0530][577.817s] GC(894) Metaspace: 20399K(21056K)->20399K(21056K) NonClass: 17875K(18240K)->17875K(18240K) Class: 2524K(2816K)->2524K(2816K)
[2025-06-03T16:10:04.508+0530][577.817s] GC(894) Pause Full (G1 Compaction Pause) 510M->508M(512M) 942.779ms
[2025-06-03T16:10:04.508+0530][577.817s] GC(894) User=2.18s Sys=0.06s Real=0.94s
[2025-06-03T16:10:04.509+0530][577.818s] Heap
[2025-06-03T16:10:04.509+0530][577.818s]  garbage-first heap   total 524288K, used 522117K [0x00000007e0000000, 0x0000000800000000)
[2025-06-03T16:10:04.509+0530][577.818s]   region size 1024K, 2 young (2048K), 0 survivors (0K)
[2025-06-03T16:10:04.509+0530][577.818s]  Metaspace       used 20399K, committed 21056K, reserved 180224K
[2025-06-03T16:10:04.509+0530][577.818s]   class space    used 2524K, committed 2816K, reserved 114688K
