[2025-06-03T15:43:57.252+0530][0.008s] Using G1
[2025-06-03T15:43:57.255+0530][0.012s] Version: 17.0.8+9-LTS-211 (release)
[2025-06-03T15:43:57.256+0530][0.012s] CPUs: 8 total, 8 available
[2025-06-03T15:43:57.256+0530][0.012s] Memory: 16384M
[2025-06-03T15:43:57.256+0530][0.012s] Large Page Support: Disabled
[2025-06-03T15:43:57.256+0530][0.012s] NUMA Support: Disabled
[2025-06-03T15:43:57.256+0530][0.012s] Compressed Oops: Enabled (Zero based)
[2025-06-03T15:43:57.256+0530][0.012s] Heap Region Size: 1M
[2025-06-03T15:43:57.256+0530][0.012s] Heap Min Capacity: 512M
[2025-06-03T15:43:57.256+0530][0.012s] Heap Initial Capacity: 512M
[2025-06-03T15:43:57.256+0530][0.012s] Heap Max Capacity: 512M
[2025-06-03T15:43:57.256+0530][0.012s] Pre-touch: Disabled
[2025-06-03T15:43:57.256+0530][0.012s] Parallel Workers: 8
[2025-06-03T15:43:57.256+0530][0.012s] Concurrent Workers: 2
[2025-06-03T15:43:57.256+0530][0.012s] Concurrent Refinement Workers: 8
[2025-06-03T15:43:57.256+0530][0.012s] Periodic GC: Disabled
[2025-06-03T15:43:57.265+0530][0.021s] CDS archive(s) mapped at: [0x000000012c000000-0x000000012cbe4000-0x000000012cbe4000), size 12468224, SharedBaseAddress: 0x000000012c000000, ArchiveRelocationMode: 1.
[2025-06-03T15:43:57.265+0530][0.021s] Compressed class space mapped at: 0x000000012d000000-0x0000000134000000, reserved size: 117440512
[2025-06-03T15:43:57.265+0530][0.021s] Narrow klass base: 0x000000012c000000, Narrow klass shift: 0, Narrow klass range: 0x100000000
[2025-06-03T15:43:57.785+0530][0.541s] GC(0) Pause Young (Normal) (G1 Evacuation Pause)
[2025-06-03T15:43:57.785+0530][0.542s] GC(0) Using 8 workers of 8 for evacuation
[2025-06-03T15:43:57.788+0530][0.544s] GC(0) Skipped phase 1 of Reference Processing: no references
[2025-06-03T15:43:57.788+0530][0.544s] GC(0) ReferenceProcessor::execute queues: 1, RefProcThreadModel::Single, marks_oops_alive: false
[2025-06-03T15:43:57.788+0530][0.544s] GC(0) Skipped phase 3 of Reference Processing: no references
[2025-06-03T15:43:57.788+0530][0.544s] GC(0) ReferenceProcessor::execute queues: 1, RefProcThreadModel::Single, marks_oops_alive: false
[2025-06-03T15:43:57.788+0530][0.544s] GC(0)   Pre Evacuate Collection Set: 0.1ms
[2025-06-03T15:43:57.788+0530][0.544s] GC(0)   Merge Heap Roots: 0.1ms
[2025-06-03T15:43:57.788+0530][0.544s] GC(0)   Evacuate Collection Set: 1.9ms
[2025-06-03T15:43:57.788+0530][0.544s] GC(0)   Post Evacuate Collection Set: 0.4ms
[2025-06-03T15:43:57.788+0530][0.544s] GC(0)   Other: 0.7ms
[2025-06-03T15:43:57.788+0530][0.544s] GC(0) Eden regions: 25->0(45)
[2025-06-03T15:43:57.788+0530][0.544s] GC(0) Survivor regions: 0->3(4)
[2025-06-03T15:43:57.788+0530][0.544s] GC(0) Old regions: 0->0
[2025-06-03T15:43:57.788+0530][0.544s] GC(0) Archive regions: 2->2
[2025-06-03T15:43:57.788+0530][0.545s] GC(0) Humongous regions: 0->0
[2025-06-03T15:43:57.788+0530][0.545s] GC(0) Metaspace: 5628K(5888K)->5628K(5888K) NonClass: 4944K(5056K)->4944K(5056K) Class: 684K(832K)->684K(832K)
[2025-06-03T15:43:57.788+0530][0.545s] GC(0) Pause Young (Normal) (G1 Evacuation Pause) 25M->3M(512M) 3.268ms
[2025-06-03T15:43:57.788+0530][0.545s] GC(0) User=0.02s Sys=0.00s Real=0.00s
[2025-06-03T15:43:58.493+0530][1.249s] GC(1) Pause Young (Normal) (G1 Evacuation Pause)
[2025-06-03T15:43:58.493+0530][1.249s] GC(1) Using 8 workers of 8 for evacuation
[2025-06-03T15:43:58.498+0530][1.254s] GC(1) Skipped phase 1 of Reference Processing: no references
[2025-06-03T15:43:58.498+0530][1.254s] GC(1) ReferenceProcessor::execute queues: 2, RefProcThreadModel::Multi, marks_oops_alive: false
[2025-06-03T15:43:58.498+0530][1.254s] GC(1) Skipped phase 3 of Reference Processing: no references
[2025-06-03T15:43:58.498+0530][1.254s] GC(1) ReferenceProcessor::execute queues: 2, RefProcThreadModel::Multi, marks_oops_alive: false
[2025-06-03T15:43:58.498+0530][1.255s] GC(1)   Pre Evacuate Collection Set: 0.1ms
[2025-06-03T15:43:58.498+0530][1.255s] GC(1)   Merge Heap Roots: 0.0ms
[2025-06-03T15:43:58.498+0530][1.255s] GC(1)   Evacuate Collection Set: 5.0ms
[2025-06-03T15:43:58.498+0530][1.255s] GC(1)   Post Evacuate Collection Set: 0.7ms
[2025-06-03T15:43:58.498+0530][1.255s] GC(1)   Other: 0.1ms
[2025-06-03T15:43:58.498+0530][1.255s] GC(1) Eden regions: 45->0(131)
[2025-06-03T15:43:58.498+0530][1.255s] GC(1) Survivor regions: 3->5(6)
[2025-06-03T15:43:58.499+0530][1.255s] GC(1) Old regions: 0->0
[2025-06-03T15:43:58.499+0530][1.255s] GC(1) Archive regions: 2->2
[2025-06-03T15:43:58.499+0530][1.255s] GC(1) Humongous regions: 0->0
[2025-06-03T15:43:58.499+0530][1.255s] GC(1) Metaspace: 12755K(13120K)->12755K(13120K) NonClass: 11063K(11264K)->11063K(11264K) Class: 1691K(1856K)->1691K(1856K)
[2025-06-03T15:43:58.499+0530][1.255s] GC(1) Pause Young (Normal) (G1 Evacuation Pause) 48M->5M(512M) 6.062ms
[2025-06-03T15:43:58.499+0530][1.255s] GC(1) User=0.04s Sys=0.01s Real=0.00s
[2025-06-03T15:43:58.812+0530][1.568s] GC(2) Pause Young (Normal) (G1 Evacuation Pause)
[2025-06-03T15:43:58.812+0530][1.568s] GC(2) Using 8 workers of 8 for evacuation
[2025-06-03T15:43:58.817+0530][1.574s] GC(2) Skipped phase 1 of Reference Processing: no references
[2025-06-03T15:43:58.817+0530][1.574s] GC(2) ReferenceProcessor::execute queues: 2, RefProcThreadModel::Multi, marks_oops_alive: false
[2025-06-03T15:43:58.818+0530][1.574s] GC(2) Skipped phase 3 of Reference Processing: no references
[2025-06-03T15:43:58.818+0530][1.574s] GC(2) ReferenceProcessor::execute queues: 1, RefProcThreadModel::Single, marks_oops_alive: false
[2025-06-03T15:43:58.818+0530][1.575s] GC(2)   Pre Evacuate Collection Set: 0.1ms
[2025-06-03T15:43:58.818+0530][1.575s] GC(2)   Merge Heap Roots: 0.1ms
[2025-06-03T15:43:58.818+0530][1.575s] GC(2)   Evacuate Collection Set: 5.1ms
[2025-06-03T15:43:58.818+0530][1.575s] GC(2)   Post Evacuate Collection Set: 0.7ms
[2025-06-03T15:43:58.818+0530][1.575s] GC(2)   Other: 0.2ms
[2025-06-03T15:43:58.818+0530][1.575s] GC(2) Eden regions: 131->0(301)
[2025-06-03T15:43:58.818+0530][1.575s] GC(2) Survivor regions: 5->6(17)
[2025-06-03T15:43:58.818+0530][1.575s] GC(2) Old regions: 0->0
[2025-06-03T15:43:58.818+0530][1.575s] GC(2) Archive regions: 2->2
[2025-06-03T15:43:58.818+0530][1.575s] GC(2) Humongous regions: 0->0
[2025-06-03T15:43:58.818+0530][1.575s] GC(2) Metaspace: 14529K(14912K)->14529K(14912K) NonClass: 12598K(12800K)->12598K(12800K) Class: 1931K(2112K)->1931K(2112K)
[2025-06-03T15:43:58.818+0530][1.575s] GC(2) Pause Young (Normal) (G1 Evacuation Pause) 136M->6M(512M) 6.359ms
[2025-06-03T15:43:58.818+0530][1.575s] GC(2) User=0.03s Sys=0.00s Real=0.00s
[2025-06-03T15:43:59.035+0530][1.791s] GC(3) Pause Young (Normal) (G1 Evacuation Pause)
[2025-06-03T15:43:59.035+0530][1.791s] GC(3) Using 8 workers of 8 for evacuation
[2025-06-03T15:43:59.039+0530][1.796s] GC(3) Skipped phase 1 of Reference Processing: no references
[2025-06-03T15:43:59.039+0530][1.796s] GC(3) ReferenceProcessor::execute queues: 2, RefProcThreadModel::Multi, marks_oops_alive: false
[2025-06-03T15:43:59.039+0530][1.796s] GC(3) Skipped phase 3 of Reference Processing: no references
[2025-06-03T15:43:59.039+0530][1.796s] GC(3) ReferenceProcessor::execute queues: 1, RefProcThreadModel::Single, marks_oops_alive: false
[2025-06-03T15:43:59.040+0530][1.797s] GC(3)   Pre Evacuate Collection Set: 0.1ms
[2025-06-03T15:43:59.040+0530][1.797s] GC(3)   Merge Heap Roots: 0.1ms
[2025-06-03T15:43:59.040+0530][1.797s] GC(3)   Evacuate Collection Set: 4.0ms
[2025-06-03T15:43:59.040+0530][1.797s] GC(3)   Post Evacuate Collection Set: 0.8ms
[2025-06-03T15:43:59.040+0530][1.797s] GC(3)   Other: 0.3ms
[2025-06-03T15:43:59.040+0530][1.797s] GC(3) Eden regions: 301->0(301)
[2025-06-03T15:43:59.040+0530][1.797s] GC(3) Survivor regions: 6->6(39)
[2025-06-03T15:43:59.040+0530][1.797s] GC(3) Old regions: 0->0
[2025-06-03T15:43:59.040+0530][1.797s] GC(3) Archive regions: 2->2
[2025-06-03T15:43:59.040+0530][1.797s] GC(3) Humongous regions: 0->0
[2025-06-03T15:43:59.040+0530][1.797s] GC(3) Metaspace: 14673K(15040K)->14673K(15040K) NonClass: 12741K(12928K)->12741K(12928K) Class: 1931K(2112K)->1931K(2112K)
[2025-06-03T15:43:59.040+0530][1.797s] GC(3) Pause Young (Normal) (G1 Evacuation Pause) 307M->6M(512M) 5.418ms
[2025-06-03T15:43:59.040+0530][1.797s] GC(3) User=0.03s Sys=0.00s Real=0.01s
[2025-06-03T15:43:59.223+0530][1.980s] GC(4) Pause Young (Normal) (G1 Evacuation Pause)
[2025-06-03T15:43:59.223+0530][1.980s] GC(4) Using 8 workers of 8 for evacuation
[2025-06-03T15:43:59.230+0530][1.987s] GC(4) Skipped phase 1 of Reference Processing: no references
[2025-06-03T15:43:59.230+0530][1.987s] GC(4) ReferenceProcessor::execute queues: 2, RefProcThreadModel::Multi, marks_oops_alive: false
[2025-06-03T15:43:59.230+0530][1.987s] GC(4) Skipped phase 3 of Reference Processing: no references
[2025-06-03T15:43:59.230+0530][1.987s] GC(4) ReferenceProcessor::execute queues: 1, RefProcThreadModel::Single, marks_oops_alive: false
[2025-06-03T15:43:59.231+0530][1.987s] GC(4)   Pre Evacuate Collection Set: 0.1ms
[2025-06-03T15:43:59.231+0530][1.987s] GC(4)   Merge Heap Roots: 0.1ms
[2025-06-03T15:43:59.231+0530][1.987s] GC(4)   Evacuate Collection Set: 6.4ms
[2025-06-03T15:43:59.231+0530][1.987s] GC(4)   Post Evacuate Collection Set: 0.8ms
[2025-06-03T15:43:59.231+0530][1.987s] GC(4)   Other: 0.2ms
[2025-06-03T15:43:59.231+0530][1.987s] GC(4) Eden regions: 301->0(301)
[2025-06-03T15:43:59.231+0530][1.987s] GC(4) Survivor regions: 6->6(39)
[2025-06-03T15:43:59.231+0530][1.987s] GC(4) Old regions: 0->0
[2025-06-03T15:43:59.231+0530][1.987s] GC(4) Archive regions: 2->2
[2025-06-03T15:43:59.231+0530][1.987s] GC(4) Humongous regions: 0->0
[2025-06-03T15:43:59.231+0530][1.987s] GC(4) Metaspace: 14696K(15040K)->14696K(15040K) NonClass: 12764K(12928K)->12764K(12928K) Class: 1932K(2112K)->1932K(2112K)
[2025-06-03T15:43:59.231+0530][1.987s] GC(4) Pause Young (Normal) (G1 Evacuation Pause) 307M->6M(512M) 7.751ms
[2025-06-03T15:43:59.231+0530][1.987s] GC(4) User=0.04s Sys=0.01s Real=0.01s
[2025-06-03T15:43:59.399+0530][2.156s] GC(5) Pause Young (Normal) (G1 Evacuation Pause)
[2025-06-03T15:43:59.399+0530][2.156s] GC(5) Using 8 workers of 8 for evacuation
[2025-06-03T15:43:59.403+0530][2.159s] GC(5) Skipped phase 1 of Reference Processing: no references
[2025-06-03T15:43:59.403+0530][2.159s] GC(5) ReferenceProcessor::execute queues: 2, RefProcThreadModel::Multi, marks_oops_alive: false
[2025-06-03T15:43:59.403+0530][2.159s] GC(5) Skipped phase 3 of Reference Processing: no references
[2025-06-03T15:43:59.403+0530][2.160s] GC(5) ReferenceProcessor::execute queues: 1, RefProcThreadModel::Single, marks_oops_alive: false
[2025-06-03T15:43:59.404+0530][2.160s] GC(5)   Pre Evacuate Collection Set: 0.1ms
[2025-06-03T15:43:59.404+0530][2.160s] GC(5)   Merge Heap Roots: 0.1ms
[2025-06-03T15:43:59.404+0530][2.160s] GC(5)   Evacuate Collection Set: 3.5ms
[2025-06-03T15:43:59.404+0530][2.160s] GC(5)   Post Evacuate Collection Set: 0.7ms
[2025-06-03T15:43:59.404+0530][2.160s] GC(5)   Other: 0.1ms
[2025-06-03T15:43:59.404+0530][2.160s] GC(5) Eden regions: 301->0(301)
[2025-06-03T15:43:59.404+0530][2.160s] GC(5) Survivor regions: 6->6(39)
[2025-06-03T15:43:59.404+0530][2.160s] GC(5) Old regions: 0->0
[2025-06-03T15:43:59.404+0530][2.160s] GC(5) Archive regions: 2->2
[2025-06-03T15:43:59.404+0530][2.160s] GC(5) Humongous regions: 0->0
[2025-06-03T15:43:59.404+0530][2.160s] GC(5) Metaspace: 14696K(15040K)->14696K(15040K) NonClass: 12764K(12928K)->12764K(12928K) Class: 1932K(2112K)->1932K(2112K)
[2025-06-03T15:43:59.404+0530][2.160s] GC(5) Pause Young (Normal) (G1 Evacuation Pause) 307M->6M(512M) 4.580ms
[2025-06-03T15:43:59.404+0530][2.160s] GC(5) User=0.03s Sys=0.00s Real=0.01s
[2025-06-03T15:43:59.576+0530][2.332s] GC(6) Pause Young (Normal) (G1 Evacuation Pause)
[2025-06-03T15:43:59.576+0530][2.332s] GC(6) Using 8 workers of 8 for evacuation
[2025-06-03T15:43:59.581+0530][2.338s] GC(6) Skipped phase 1 of Reference Processing: no references
[2025-06-03T15:43:59.581+0530][2.338s] GC(6) ReferenceProcessor::execute queues: 2, RefProcThreadModel::Multi, marks_oops_alive: false
[2025-06-03T15:43:59.581+0530][2.338s] GC(6) Skipped phase 3 of Reference Processing: no references
[2025-06-03T15:43:59.581+0530][2.338s] GC(6) ReferenceProcessor::execute queues: 1, RefProcThreadModel::Single, marks_oops_alive: false
[2025-06-03T15:43:59.582+0530][2.338s] GC(6)   Pre Evacuate Collection Set: 0.1ms
[2025-06-03T15:43:59.582+0530][2.338s] GC(6)   Merge Heap Roots: 0.1ms
[2025-06-03T15:43:59.582+0530][2.338s] GC(6)   Evacuate Collection Set: 5.2ms
[2025-06-03T15:43:59.582+0530][2.338s] GC(6)   Post Evacuate Collection Set: 0.9ms
[2025-06-03T15:43:59.582+0530][2.338s] GC(6)   Other: 0.2ms
[2025-06-03T15:43:59.582+0530][2.338s] GC(6) Eden regions: 301->0(301)
[2025-06-03T15:43:59.582+0530][2.338s] GC(6) Survivor regions: 6->6(39)
[2025-06-03T15:43:59.582+0530][2.338s] GC(6) Old regions: 0->0
[2025-06-03T15:43:59.582+0530][2.338s] GC(6) Archive regions: 2->2
[2025-06-03T15:43:59.582+0530][2.338s] GC(6) Humongous regions: 0->0
[2025-06-03T15:43:59.582+0530][2.338s] GC(6) Metaspace: 14696K(15040K)->14696K(15040K) NonClass: 12764K(12928K)->12764K(12928K) Class: 1932K(2112K)->1932K(2112K)
[2025-06-03T15:43:59.582+0530][2.339s] GC(6) Pause Young (Normal) (G1 Evacuation Pause) 307M->6M(512M) 6.469ms
[2025-06-03T15:43:59.582+0530][2.339s] GC(6) User=0.03s Sys=0.01s Real=0.01s
[2025-06-03T15:43:59.761+0530][2.517s] GC(7) Pause Young (Normal) (G1 Evacuation Pause)
[2025-06-03T15:43:59.761+0530][2.518s] GC(7) Using 8 workers of 8 for evacuation
[2025-06-03T15:43:59.767+0530][2.524s] GC(7) Skipped phase 1 of Reference Processing: no references
[2025-06-03T15:43:59.768+0530][2.524s] GC(7) ReferenceProcessor::execute queues: 2, RefProcThreadModel::Multi, marks_oops_alive: false
[2025-06-03T15:43:59.768+0530][2.524s] GC(7) Skipped phase 3 of Reference Processing: no references
[2025-06-03T15:43:59.768+0530][2.524s] GC(7) ReferenceProcessor::execute queues: 1, RefProcThreadModel::Single, marks_oops_alive: false
[2025-06-03T15:43:59.768+0530][2.525s] GC(7)   Pre Evacuate Collection Set: 0.1ms
[2025-06-03T15:43:59.768+0530][2.525s] GC(7)   Merge Heap Roots: 0.1ms
[2025-06-03T15:43:59.768+0530][2.525s] GC(7)   Evacuate Collection Set: 6.1ms
[2025-06-03T15:43:59.768+0530][2.525s] GC(7)   Post Evacuate Collection Set: 0.9ms
[2025-06-03T15:43:59.768+0530][2.525s] GC(7)   Other: 0.2ms
[2025-06-03T15:43:59.768+0530][2.525s] GC(7) Eden regions: 301->0(301)
[2025-06-03T15:43:59.769+0530][2.525s] GC(7) Survivor regions: 6->6(39)
[2025-06-03T15:43:59.769+0530][2.525s] GC(7) Old regions: 0->0
[2025-06-03T15:43:59.769+0530][2.525s] GC(7) Archive regions: 2->2
[2025-06-03T15:43:59.769+0530][2.525s] GC(7) Humongous regions: 0->0
[2025-06-03T15:43:59.769+0530][2.525s] GC(7) Metaspace: 14696K(15040K)->14696K(15040K) NonClass: 12764K(12928K)->12764K(12928K) Class: 1932K(2112K)->1932K(2112K)
[2025-06-03T15:43:59.769+0530][2.525s] GC(7) Pause Young (Normal) (G1 Evacuation Pause) 307M->6M(512M) 7.567ms
[2025-06-03T15:43:59.769+0530][2.525s] GC(7) User=0.04s Sys=0.01s Real=0.00s
[2025-06-03T15:43:59.950+0530][2.707s] GC(8) Pause Young (Normal) (G1 Evacuation Pause)
[2025-06-03T15:43:59.950+0530][2.707s] GC(8) Using 8 workers of 8 for evacuation
[2025-06-03T15:43:59.956+0530][2.713s] GC(8) Skipped phase 1 of Reference Processing: no references
[2025-06-03T15:43:59.956+0530][2.713s] GC(8) ReferenceProcessor::execute queues: 2, RefProcThreadModel::Multi, marks_oops_alive: false
[2025-06-03T15:43:59.956+0530][2.713s] GC(8) Skipped phase 3 of Reference Processing: no references
[2025-06-03T15:43:59.956+0530][2.713s] GC(8) ReferenceProcessor::execute queues: 1, RefProcThreadModel::Single, marks_oops_alive: false
[2025-06-03T15:43:59.957+0530][2.713s] GC(8)   Pre Evacuate Collection Set: 0.1ms
[2025-06-03T15:43:59.957+0530][2.713s] GC(8)   Merge Heap Roots: 0.1ms
[2025-06-03T15:43:59.957+0530][2.713s] GC(8)   Evacuate Collection Set: 5.4ms
[2025-06-03T15:43:59.957+0530][2.713s] GC(8)   Post Evacuate Collection Set: 0.8ms
[2025-06-03T15:43:59.957+0530][2.713s] GC(8)   Other: 0.2ms
[2025-06-03T15:43:59.957+0530][2.714s] GC(8) Eden regions: 301->0(301)
[2025-06-03T15:43:59.957+0530][2.714s] GC(8) Survivor regions: 6->6(39)
[2025-06-03T15:43:59.957+0530][2.714s] GC(8) Old regions: 0->0
[2025-06-03T15:43:59.957+0530][2.714s] GC(8) Archive regions: 2->2
[2025-06-03T15:43:59.957+0530][2.714s] GC(8) Humongous regions: 0->0
[2025-06-03T15:43:59.957+0530][2.714s] GC(8) Metaspace: 14696K(15040K)->14696K(15040K) NonClass: 12764K(12928K)->12764K(12928K) Class: 1932K(2112K)->1932K(2112K)
[2025-06-03T15:43:59.957+0530][2.714s] GC(8) Pause Young (Normal) (G1 Evacuation Pause) 307M->6M(512M) 6.856ms
[2025-06-03T15:43:59.957+0530][2.714s] GC(8) User=0.04s Sys=0.00s Real=0.00s
[2025-06-03T15:44:00.153+0530][2.910s] GC(9) Pause Young (Normal) (G1 Evacuation Pause)
[2025-06-03T15:44:00.153+0530][2.910s] GC(9) Using 8 workers of 8 for evacuation
[2025-06-03T15:44:00.158+0530][2.915s] GC(9) Skipped phase 1 of Reference Processing: no references
[2025-06-03T15:44:00.158+0530][2.915s] GC(9) ReferenceProcessor::execute queues: 2, RefProcThreadModel::Multi, marks_oops_alive: false
[2025-06-03T15:44:00.159+0530][2.915s] GC(9) Skipped phase 3 of Reference Processing: no references
[2025-06-03T15:44:00.159+0530][2.915s] GC(9) ReferenceProcessor::execute queues: 1, RefProcThreadModel::Single, marks_oops_alive: false
[2025-06-03T15:44:00.159+0530][2.916s] GC(9)   Pre Evacuate Collection Set: 0.1ms
[2025-06-03T15:44:00.159+0530][2.916s] GC(9)   Merge Heap Roots: 0.1ms
[2025-06-03T15:44:00.159+0530][2.916s] GC(9)   Evacuate Collection Set: 4.7ms
[2025-06-03T15:44:00.159+0530][2.916s] GC(9)   Post Evacuate Collection Set: 0.8ms
[2025-06-03T15:44:00.159+0530][2.916s] GC(9)   Other: 0.2ms
[2025-06-03T15:44:00.159+0530][2.916s] GC(9) Eden regions: 301->0(301)
[2025-06-03T15:44:00.159+0530][2.916s] GC(9) Survivor regions: 6->6(39)
[2025-06-03T15:44:00.159+0530][2.916s] GC(9) Old regions: 0->0
[2025-06-03T15:44:00.159+0530][2.916s] GC(9) Archive regions: 2->2
[2025-06-03T15:44:00.159+0530][2.916s] GC(9) Humongous regions: 0->0
[2025-06-03T15:44:00.159+0530][2.916s] GC(9) Metaspace: 14696K(15040K)->14696K(15040K) NonClass: 12764K(12928K)->12764K(12928K) Class: 1932K(2112K)->1932K(2112K)
[2025-06-03T15:44:00.160+0530][2.916s] GC(9) Pause Young (Normal) (G1 Evacuation Pause) 307M->6M(512M) 6.215ms
[2025-06-03T15:44:00.160+0530][2.916s] GC(9) User=0.03s Sys=0.00s Real=0.01s
[2025-06-03T15:44:00.339+0530][3.095s] GC(10) Pause Young (Normal) (G1 Evacuation Pause)
[2025-06-03T15:44:00.339+0530][3.096s] GC(10) Using 8 workers of 8 for evacuation
[2025-06-03T15:44:00.344+0530][3.100s] GC(10) Skipped phase 1 of Reference Processing: no references
[2025-06-03T15:44:00.344+0530][3.100s] GC(10) ReferenceProcessor::execute queues: 2, RefProcThreadModel::Multi, marks_oops_alive: false
[2025-06-03T15:44:00.344+0530][3.100s] GC(10) Skipped phase 3 of Reference Processing: no references
[2025-06-03T15:44:00.344+0530][3.100s] GC(10) ReferenceProcessor::execute queues: 1, RefProcThreadModel::Single, marks_oops_alive: false
[2025-06-03T15:44:00.344+0530][3.101s] GC(10)   Pre Evacuate Collection Set: 0.1ms
[2025-06-03T15:44:00.345+0530][3.101s] GC(10)   Merge Heap Roots: 0.1ms
[2025-06-03T15:44:00.345+0530][3.101s] GC(10)   Evacuate Collection Set: 4.4ms
[2025-06-03T15:44:00.345+0530][3.101s] GC(10)   Post Evacuate Collection Set: 0.8ms
[2025-06-03T15:44:00.345+0530][3.101s] GC(10)   Other: 0.2ms
[2025-06-03T15:44:00.345+0530][3.101s] GC(10) Eden regions: 301->0(301)
[2025-06-03T15:44:00.345+0530][3.101s] GC(10) Survivor regions: 6->6(39)
[2025-06-03T15:44:00.345+0530][3.101s] GC(10) Old regions: 0->0
[2025-06-03T15:44:00.345+0530][3.101s] GC(10) Archive regions: 2->2
[2025-06-03T15:44:00.345+0530][3.101s] GC(10) Humongous regions: 0->0
[2025-06-03T15:44:00.345+0530][3.101s] GC(10) Metaspace: 14696K(15040K)->14696K(15040K) NonClass: 12764K(12928K)->12764K(12928K) Class: 1932K(2112K)->1932K(2112K)
[2025-06-03T15:44:00.345+0530][3.101s] GC(10) Pause Young (Normal) (G1 Evacuation Pause) 307M->6M(512M) 5.678ms
[2025-06-03T15:44:00.345+0530][3.101s] GC(10) User=0.03s Sys=0.00s Real=0.01s
[2025-06-03T15:44:00.512+0530][3.268s] GC(11) Pause Young (Normal) (G1 Evacuation Pause)
[2025-06-03T15:44:00.512+0530][3.268s] GC(11) Using 8 workers of 8 for evacuation
[2025-06-03T15:44:00.520+0530][3.276s] GC(11) Skipped phase 1 of Reference Processing: no references
[2025-06-03T15:44:00.520+0530][3.276s] GC(11) ReferenceProcessor::execute queues: 2, RefProcThreadModel::Multi, marks_oops_alive: false
[2025-06-03T15:44:00.520+0530][3.276s] GC(11) Skipped phase 3 of Reference Processing: no references
[2025-06-03T15:44:00.520+0530][3.276s] GC(11) ReferenceProcessor::execute queues: 1, RefProcThreadModel::Single, marks_oops_alive: false
[2025-06-03T15:44:00.521+0530][3.277s] GC(11)   Pre Evacuate Collection Set: 0.1ms
[2025-06-03T15:44:00.521+0530][3.277s] GC(11)   Merge Heap Roots: 0.1ms
[2025-06-03T15:44:00.521+0530][3.277s] GC(11)   Evacuate Collection Set: 7.6ms
[2025-06-03T15:44:00.521+0530][3.277s] GC(11)   Post Evacuate Collection Set: 1.1ms
[2025-06-03T15:44:00.521+0530][3.277s] GC(11)   Other: 0.2ms
[2025-06-03T15:44:00.521+0530][3.277s] GC(11) Eden regions: 301->0(301)
[2025-06-03T15:44:00.521+0530][3.277s] GC(11) Survivor regions: 6->6(39)
[2025-06-03T15:44:00.521+0530][3.277s] GC(11) Old regions: 0->0
[2025-06-03T15:44:00.521+0530][3.277s] GC(11) Archive regions: 2->2
[2025-06-03T15:44:00.521+0530][3.277s] GC(11) Humongous regions: 0->0
[2025-06-03T15:44:00.521+0530][3.277s] GC(11) Metaspace: 14696K(15040K)->14696K(15040K) NonClass: 12764K(12928K)->12764K(12928K) Class: 1932K(2112K)->1932K(2112K)
[2025-06-03T15:44:00.521+0530][3.277s] GC(11) Pause Young (Normal) (G1 Evacuation Pause) 307M->6M(512M) 9.267ms
[2025-06-03T15:44:00.521+0530][3.277s] GC(11) User=0.05s Sys=0.01s Real=0.01s
[2025-06-03T15:44:00.683+0530][3.439s] GC(12) Pause Young (Normal) (G1 Evacuation Pause)
[2025-06-03T15:44:00.683+0530][3.439s] GC(12) Using 8 workers of 8 for evacuation
[2025-06-03T15:44:00.687+0530][3.444s] GC(12) Skipped phase 1 of Reference Processing: no references
[2025-06-03T15:44:00.688+0530][3.444s] GC(12) ReferenceProcessor::execute queues: 2, RefProcThreadModel::Multi, marks_oops_alive: false
[2025-06-03T15:44:00.688+0530][3.444s] GC(12) Skipped phase 3 of Reference Processing: no references
[2025-06-03T15:44:00.688+0530][3.444s] GC(12) ReferenceProcessor::execute queues: 1, RefProcThreadModel::Single, marks_oops_alive: false
[2025-06-03T15:44:00.688+0530][3.445s] GC(12)   Pre Evacuate Collection Set: 0.1ms
[2025-06-03T15:44:00.688+0530][3.445s] GC(12)   Merge Heap Roots: 0.1ms
[2025-06-03T15:44:00.688+0530][3.445s] GC(12)   Evacuate Collection Set: 4.5ms
[2025-06-03T15:44:00.688+0530][3.445s] GC(12)   Post Evacuate Collection Set: 0.8ms
[2025-06-03T15:44:00.688+0530][3.445s] GC(12)   Other: 0.2ms
[2025-06-03T15:44:00.688+0530][3.445s] GC(12) Eden regions: 301->0(301)
[2025-06-03T15:44:00.688+0530][3.445s] GC(12) Survivor regions: 6->6(39)
[2025-06-03T15:44:00.688+0530][3.445s] GC(12) Old regions: 0->0
[2025-06-03T15:44:00.688+0530][3.445s] GC(12) Archive regions: 2->2
[2025-06-03T15:44:00.688+0530][3.445s] GC(12) Humongous regions: 0->0
[2025-06-03T15:44:00.688+0530][3.445s] GC(12) Metaspace: 14696K(15040K)->14696K(15040K) NonClass: 12764K(12928K)->12764K(12928K) Class: 1932K(2112K)->1932K(2112K)
[2025-06-03T15:44:00.688+0530][3.445s] GC(12) Pause Young (Normal) (G1 Evacuation Pause) 307M->6M(512M) 5.900ms
[2025-06-03T15:44:00.688+0530][3.445s] GC(12) User=0.04s Sys=0.00s Real=0.00s
[2025-06-03T15:44:00.859+0530][3.615s] GC(13) Pause Young (Normal) (G1 Evacuation Pause)
[2025-06-03T15:44:00.859+0530][3.615s] GC(13) Using 8 workers of 8 for evacuation
[2025-06-03T15:44:00.864+0530][3.620s] GC(13) Skipped phase 1 of Reference Processing: no references
[2025-06-03T15:44:00.864+0530][3.620s] GC(13) ReferenceProcessor::execute queues: 2, RefProcThreadModel::Multi, marks_oops_alive: false
[2025-06-03T15:44:00.864+0530][3.620s] GC(13) Skipped phase 3 of Reference Processing: no references
[2025-06-03T15:44:00.864+0530][3.621s] GC(13) ReferenceProcessor::execute queues: 1, RefProcThreadModel::Single, marks_oops_alive: false
[2025-06-03T15:44:00.865+0530][3.621s] GC(13)   Pre Evacuate Collection Set: 0.1ms
[2025-06-03T15:44:00.865+0530][3.621s] GC(13)   Merge Heap Roots: 0.1ms
[2025-06-03T15:44:00.865+0530][3.621s] GC(13)   Evacuate Collection Set: 4.7ms
[2025-06-03T15:44:00.865+0530][3.621s] GC(13)   Post Evacuate Collection Set: 0.9ms
[2025-06-03T15:44:00.865+0530][3.621s] GC(13)   Other: 0.2ms
[2025-06-03T15:44:00.865+0530][3.621s] GC(13) Eden regions: 301->0(301)
[2025-06-03T15:44:00.865+0530][3.621s] GC(13) Survivor regions: 6->6(39)
[2025-06-03T15:44:00.865+0530][3.621s] GC(13) Old regions: 0->0
[2025-06-03T15:44:00.865+0530][3.621s] GC(13) Archive regions: 2->2
[2025-06-03T15:44:00.865+0530][3.621s] GC(13) Humongous regions: 0->0
[2025-06-03T15:44:00.865+0530][3.621s] GC(13) Metaspace: 14696K(15040K)->14696K(15040K) NonClass: 12764K(12928K)->12764K(12928K) Class: 1932K(2112K)->1932K(2112K)
[2025-06-03T15:44:00.865+0530][3.621s] GC(13) Pause Young (Normal) (G1 Evacuation Pause) 307M->6M(512M) 6.229ms
[2025-06-03T15:44:00.865+0530][3.621s] GC(13) User=0.03s Sys=0.00s Real=0.01s
[2025-06-03T15:44:01.012+0530][3.769s] GC(14) Pause Young (Normal) (G1 Evacuation Pause)
[2025-06-03T15:44:01.012+0530][3.769s] GC(14) Using 8 workers of 8 for evacuation
[2025-06-03T15:44:01.018+0530][3.774s] GC(14) Skipped phase 1 of Reference Processing: no references
[2025-06-03T15:44:01.018+0530][3.774s] GC(14) ReferenceProcessor::execute queues: 2, RefProcThreadModel::Multi, marks_oops_alive: false
[2025-06-03T15:44:01.018+0530][3.775s] GC(14) Skipped phase 3 of Reference Processing: no references
[2025-06-03T15:44:01.018+0530][3.775s] GC(14) ReferenceProcessor::execute queues: 1, RefProcThreadModel::Single, marks_oops_alive: false
[2025-06-03T15:44:01.019+0530][3.775s] GC(14)   Pre Evacuate Collection Set: 0.1ms
[2025-06-03T15:44:01.019+0530][3.775s] GC(14)   Merge Heap Roots: 0.1ms
[2025-06-03T15:44:01.019+0530][3.775s] GC(14)   Evacuate Collection Set: 5.2ms
[2025-06-03T15:44:01.019+0530][3.775s] GC(14)   Post Evacuate Collection Set: 1.0ms
[2025-06-03T15:44:01.019+0530][3.775s] GC(14)   Other: 0.2ms
[2025-06-03T15:44:01.019+0530][3.775s] GC(14) Eden regions: 301->0(301)
[2025-06-03T15:44:01.019+0530][3.775s] GC(14) Survivor regions: 6->6(39)
[2025-06-03T15:44:01.019+0530][3.775s] GC(14) Old regions: 0->0
[2025-06-03T15:44:01.019+0530][3.775s] GC(14) Archive regions: 2->2
[2025-06-03T15:44:01.019+0530][3.775s] GC(14) Humongous regions: 0->0
[2025-06-03T15:44:01.019+0530][3.775s] GC(14) Metaspace: 14696K(15040K)->14696K(15040K) NonClass: 12764K(12928K)->12764K(12928K) Class: 1932K(2112K)->1932K(2112K)
[2025-06-03T15:44:01.019+0530][3.776s] GC(14) Pause Young (Normal) (G1 Evacuation Pause) 307M->6M(512M) 6.759ms
[2025-06-03T15:44:01.019+0530][3.776s] GC(14) User=0.03s Sys=0.00s Real=0.00s
[2025-06-03T15:44:01.174+0530][3.930s] GC(15) Pause Young (Normal) (G1 Evacuation Pause)
[2025-06-03T15:44:01.174+0530][3.931s] GC(15) Using 8 workers of 8 for evacuation
[2025-06-03T15:44:01.181+0530][3.937s] GC(15) Skipped phase 1 of Reference Processing: no references
[2025-06-03T15:44:01.181+0530][3.937s] GC(15) ReferenceProcessor::execute queues: 1, RefProcThreadModel::Single, marks_oops_alive: false
[2025-06-03T15:44:01.181+0530][3.937s] GC(15) Skipped phase 3 of Reference Processing: no references
[2025-06-03T15:44:01.181+0530][3.937s] GC(15) ReferenceProcessor::execute queues: 1, RefProcThreadModel::Single, marks_oops_alive: false
[2025-06-03T15:44:01.181+0530][3.938s] GC(15)   Pre Evacuate Collection Set: 0.1ms
[2025-06-03T15:44:01.181+0530][3.938s] GC(15)   Merge Heap Roots: 0.1ms
[2025-06-03T15:44:01.181+0530][3.938s] GC(15)   Evacuate Collection Set: 6.3ms
[2025-06-03T15:44:01.182+0530][3.938s] GC(15)   Post Evacuate Collection Set: 0.9ms
[2025-06-03T15:44:01.182+0530][3.938s] GC(15)   Other: 0.2ms
[2025-06-03T15:44:01.182+0530][3.938s] GC(15) Eden regions: 301->0(303)
[2025-06-03T15:44:01.182+0530][3.938s] GC(15) Survivor regions: 6->4(39)
[2025-06-03T15:44:01.182+0530][3.938s] GC(15) Old regions: 0->2
[2025-06-03T15:44:01.182+0530][3.938s] GC(15) Archive regions: 2->2
[2025-06-03T15:44:01.182+0530][3.938s] GC(15) Humongous regions: 0->0
[2025-06-03T15:44:01.182+0530][3.938s] GC(15) Metaspace: 14696K(15040K)->14696K(15040K) NonClass: 12764K(12928K)->12764K(12928K) Class: 1932K(2112K)->1932K(2112K)
[2025-06-03T15:44:01.182+0530][3.938s] GC(15) Pause Young (Normal) (G1 Evacuation Pause) 307M->6M(512M) 7.775ms
[2025-06-03T15:44:01.182+0530][3.938s] GC(15) User=0.04s Sys=0.01s Real=0.01s
[2025-06-03T15:44:01.329+0530][4.086s] GC(16) Pause Young (Normal) (G1 Evacuation Pause)
[2025-06-03T15:44:01.329+0530][4.086s] GC(16) Using 8 workers of 8 for evacuation
[2025-06-03T15:44:01.333+0530][4.090s] GC(16) Skipped phase 1 of Reference Processing: no references
[2025-06-03T15:44:01.333+0530][4.090s] GC(16) ReferenceProcessor::execute queues: 1, RefProcThreadModel::Single, marks_oops_alive: false
[2025-06-03T15:44:01.333+0530][4.090s] GC(16) Skipped phase 3 of Reference Processing: no references
[2025-06-03T15:44:01.333+0530][4.090s] GC(16) Skipped phase 4 of Reference Processing: no references
[2025-06-03T15:44:01.334+0530][4.090s] GC(16)   Pre Evacuate Collection Set: 0.1ms
[2025-06-03T15:44:01.334+0530][4.090s] GC(16)   Merge Heap Roots: 0.1ms
[2025-06-03T15:44:01.334+0530][4.090s] GC(16)   Evacuate Collection Set: 3.4ms
[2025-06-03T15:44:01.334+0530][4.090s] GC(16)   Post Evacuate Collection Set: 0.6ms
[2025-06-03T15:44:01.334+0530][4.090s] GC(16)   Other: 0.2ms
[2025-06-03T15:44:01.334+0530][4.090s] GC(16) Eden regions: 303->0(305)
[2025-06-03T15:44:01.334+0530][4.090s] GC(16) Survivor regions: 4->2(39)
[2025-06-03T15:44:01.334+0530][4.090s] GC(16) Old regions: 2->5
[2025-06-03T15:44:01.334+0530][4.090s] GC(16) Archive regions: 2->2
[2025-06-03T15:44:01.334+0530][4.090s] GC(16) Humongous regions: 0->0
[2025-06-03T15:44:01.334+0530][4.090s] GC(16) Metaspace: 14696K(15040K)->14696K(15040K) NonClass: 12764K(12928K)->12764K(12928K) Class: 1932K(2112K)->1932K(2112K)
[2025-06-03T15:44:01.334+0530][4.090s] GC(16) Pause Young (Normal) (G1 Evacuation Pause) 309M->6M(512M) 4.625ms
[2025-06-03T15:44:01.334+0530][4.090s] GC(16) User=0.02s Sys=0.00s Real=0.01s
[2025-06-03T15:44:01.482+0530][4.239s] GC(17) Pause Young (Normal) (G1 Evacuation Pause)
[2025-06-03T15:44:01.483+0530][4.239s] GC(17) Using 8 workers of 8 for evacuation
[2025-06-03T15:44:01.484+0530][4.241s] GC(17) Skipped phase 1 of Reference Processing: no references
[2025-06-03T15:44:01.484+0530][4.241s] GC(17) Skipped phase 2 of Reference Processing: no references
[2025-06-03T15:44:01.484+0530][4.241s] GC(17) Skipped phase 3 of Reference Processing: no references
[2025-06-03T15:44:01.485+0530][4.241s] GC(17) Skipped phase 4 of Reference Processing: no references
[2025-06-03T15:44:01.485+0530][4.241s] GC(17)   Pre Evacuate Collection Set: 0.1ms
[2025-06-03T15:44:01.485+0530][4.241s] GC(17)   Merge Heap Roots: 0.1ms
[2025-06-03T15:44:01.485+0530][4.241s] GC(17)   Evacuate Collection Set: 1.6ms
[2025-06-03T15:44:01.485+0530][4.241s] GC(17)   Post Evacuate Collection Set: 0.5ms
[2025-06-03T15:44:01.485+0530][4.242s] GC(17)   Other: 0.2ms
[2025-06-03T15:44:01.485+0530][4.242s] GC(17) Eden regions: 305->0(306)
[2025-06-03T15:44:01.485+0530][4.242s] GC(17) Survivor regions: 2->1(39)
[2025-06-03T15:44:01.485+0530][4.242s] GC(17) Old regions: 5->6
[2025-06-03T15:44:01.485+0530][4.242s] GC(17) Archive regions: 2->2
[2025-06-03T15:44:01.485+0530][4.242s] GC(17) Humongous regions: 0->0
[2025-06-03T15:44:01.485+0530][4.242s] GC(17) Metaspace: 14696K(15040K)->14696K(15040K) NonClass: 12764K(12928K)->12764K(12928K) Class: 1932K(2112K)->1932K(2112K)
[2025-06-03T15:44:01.485+0530][4.242s] GC(17) Pause Young (Normal) (G1 Evacuation Pause) 311M->6M(512M) 2.631ms
[2025-06-03T15:44:01.485+0530][4.242s] GC(17) User=0.01s Sys=0.00s Real=0.00s
[2025-06-03T15:44:01.637+0530][4.393s] GC(18) Pause Young (Normal) (G1 Evacuation Pause)
[2025-06-03T15:44:01.637+0530][4.393s] GC(18) Using 8 workers of 8 for evacuation
[2025-06-03T15:44:01.637+0530][4.394s] GC(18) Skipped phase 1 of Reference Processing: no references
[2025-06-03T15:44:01.637+0530][4.394s] GC(18) Skipped phase 2 of Reference Processing: no references
[2025-06-03T15:44:01.637+0530][4.394s] GC(18) Skipped phase 3 of Reference Processing: no references
[2025-06-03T15:44:01.637+0530][4.394s] GC(18) Skipped phase 4 of Reference Processing: no references
[2025-06-03T15:44:01.638+0530][4.394s] GC(18)   Pre Evacuate Collection Set: 0.1ms
[2025-06-03T15:44:01.638+0530][4.394s] GC(18)   Merge Heap Roots: 0.1ms
[2025-06-03T15:44:01.638+0530][4.394s] GC(18)   Evacuate Collection Set: 0.2ms
[2025-06-03T15:44:01.638+0530][4.394s] GC(18)   Post Evacuate Collection Set: 0.5ms
[2025-06-03T15:44:01.638+0530][4.394s] GC(18)   Other: 0.2ms
[2025-06-03T15:44:01.638+0530][4.394s] GC(18) Eden regions: 306->0(306)
[2025-06-03T15:44:01.638+0530][4.394s] GC(18) Survivor regions: 1->1(39)
[2025-06-03T15:44:01.638+0530][4.395s] GC(18) Old regions: 6->6
[2025-06-03T15:44:01.638+0530][4.395s] GC(18) Archive regions: 2->2
[2025-06-03T15:44:01.638+0530][4.395s] GC(18) Humongous regions: 0->0
[2025-06-03T15:44:01.638+0530][4.395s] GC(18) Metaspace: 14696K(15040K)->14696K(15040K) NonClass: 12764K(12928K)->12764K(12928K) Class: 1932K(2112K)->1932K(2112K)
[2025-06-03T15:44:01.638+0530][4.395s] GC(18) Pause Young (Normal) (G1 Evacuation Pause) 312M->6M(512M) 1.281ms
[2025-06-03T15:44:01.638+0530][4.395s] GC(18) User=0.00s Sys=0.00s Real=0.00s
[2025-06-03T15:44:01.790+0530][4.546s] GC(19) Pause Young (Normal) (G1 Evacuation Pause)
[2025-06-03T15:44:01.790+0530][4.546s] GC(19) Using 8 workers of 8 for evacuation
[2025-06-03T15:44:01.790+0530][4.547s] GC(19) Skipped phase 1 of Reference Processing: no references
[2025-06-03T15:44:01.790+0530][4.547s] GC(19) Skipped phase 2 of Reference Processing: no references
[2025-06-03T15:44:01.790+0530][4.547s] GC(19) Skipped phase 3 of Reference Processing: no references
[2025-06-03T15:44:01.790+0530][4.547s] GC(19) Skipped phase 4 of Reference Processing: no references
[2025-06-03T15:44:01.791+0530][4.547s] GC(19)   Pre Evacuate Collection Set: 0.1ms
[2025-06-03T15:44:01.791+0530][4.547s] GC(19)   Merge Heap Roots: 0.1ms
[2025-06-03T15:44:01.791+0530][4.547s] GC(19)   Evacuate Collection Set: 0.3ms
[2025-06-03T15:44:01.791+0530][4.547s] GC(19)   Post Evacuate Collection Set: 0.5ms
[2025-06-03T15:44:01.791+0530][4.547s] GC(19)   Other: 0.2ms
[2025-06-03T15:44:01.791+0530][4.548s] GC(19) Eden regions: 306->0(306)
[2025-06-03T15:44:01.791+0530][4.548s] GC(19) Survivor regions: 1->1(39)
[2025-06-03T15:44:01.791+0530][4.548s] GC(19) Old regions: 6->6
[2025-06-03T15:44:01.791+0530][4.548s] GC(19) Archive regions: 2->2
[2025-06-03T15:44:01.791+0530][4.548s] GC(19) Humongous regions: 0->0
[2025-06-03T15:44:01.791+0530][4.548s] GC(19) Metaspace: 14696K(15040K)->14696K(15040K) NonClass: 12764K(12928K)->12764K(12928K) Class: 1932K(2112K)->1932K(2112K)
[2025-06-03T15:44:01.791+0530][4.548s] GC(19) Pause Young (Normal) (G1 Evacuation Pause) 312M->6M(512M) 1.323ms
[2025-06-03T15:44:01.791+0530][4.548s] GC(19) User=0.01s Sys=0.00s Real=0.00s
[2025-06-03T15:44:01.956+0530][4.713s] GC(20) Pause Young (Normal) (G1 Evacuation Pause)
[2025-06-03T15:44:01.957+0530][4.713s] GC(20) Using 8 workers of 8 for evacuation
[2025-06-03T15:44:01.957+0530][4.714s] GC(20) Skipped phase 1 of Reference Processing: no references
[2025-06-03T15:44:01.957+0530][4.714s] GC(20) Skipped phase 2 of Reference Processing: no references
[2025-06-03T15:44:01.957+0530][4.714s] GC(20) Skipped phase 3 of Reference Processing: no references
[2025-06-03T15:44:01.957+0530][4.714s] GC(20) Skipped phase 4 of Reference Processing: no references
[2025-06-03T15:44:01.958+0530][4.714s] GC(20)   Pre Evacuate Collection Set: 0.1ms
[2025-06-03T15:44:01.958+0530][4.714s] GC(20)   Merge Heap Roots: 0.1ms
[2025-06-03T15:44:01.958+0530][4.714s] GC(20)   Evacuate Collection Set: 0.3ms
[2025-06-03T15:44:01.958+0530][4.714s] GC(20)   Post Evacuate Collection Set: 0.5ms
[2025-06-03T15:44:01.958+0530][4.714s] GC(20)   Other: 0.2ms
[2025-06-03T15:44:01.958+0530][4.714s] GC(20) Eden regions: 306->0(306)
[2025-06-03T15:44:01.958+0530][4.714s] GC(20) Survivor regions: 1->1(39)
[2025-06-03T15:44:01.958+0530][4.714s] GC(20) Old regions: 6->6
[2025-06-03T15:44:01.958+0530][4.714s] GC(20) Archive regions: 2->2
[2025-06-03T15:44:01.958+0530][4.714s] GC(20) Humongous regions: 0->0
[2025-06-03T15:44:01.958+0530][4.714s] GC(20) Metaspace: 14696K(15040K)->14696K(15040K) NonClass: 12764K(12928K)->12764K(12928K) Class: 1932K(2112K)->1932K(2112K)
[2025-06-03T15:44:01.958+0530][4.714s] GC(20) Pause Young (Normal) (G1 Evacuation Pause) 312M->6M(512M) 1.430ms
[2025-06-03T15:44:01.958+0530][4.714s] GC(20) User=0.01s Sys=0.00s Real=0.00s
[2025-06-03T15:44:02.173+0530][4.929s] GC(21) Pause Young (Normal) (G1 Evacuation Pause)
[2025-06-03T15:44:02.173+0530][4.929s] GC(21) Using 8 workers of 8 for evacuation
[2025-06-03T15:44:02.173+0530][4.930s] GC(21) Skipped phase 1 of Reference Processing: no references
[2025-06-03T15:44:02.173+0530][4.930s] GC(21) Skipped phase 2 of Reference Processing: no references
[2025-06-03T15:44:02.173+0530][4.930s] GC(21) Skipped phase 3 of Reference Processing: no references
[2025-06-03T15:44:02.173+0530][4.930s] GC(21) Skipped phase 4 of Reference Processing: no references
[2025-06-03T15:44:02.174+0530][4.930s] GC(21)   Pre Evacuate Collection Set: 0.1ms
[2025-06-03T15:44:02.174+0530][4.930s] GC(21)   Merge Heap Roots: 0.1ms
[2025-06-03T15:44:02.174+0530][4.930s] GC(21)   Evacuate Collection Set: 0.3ms
[2025-06-03T15:44:02.174+0530][4.930s] GC(21)   Post Evacuate Collection Set: 0.5ms
[2025-06-03T15:44:02.174+0530][4.930s] GC(21)   Other: 0.2ms
[2025-06-03T15:44:02.174+0530][4.930s] GC(21) Eden regions: 306->0(306)
[2025-06-03T15:44:02.174+0530][4.930s] GC(21) Survivor regions: 1->1(39)
[2025-06-03T15:44:02.174+0530][4.930s] GC(21) Old regions: 6->6
[2025-06-03T15:44:02.174+0530][4.930s] GC(21) Archive regions: 2->2
[2025-06-03T15:44:02.174+0530][4.930s] GC(21) Humongous regions: 0->0
[2025-06-03T15:44:02.174+0530][4.930s] GC(21) Metaspace: 14696K(15040K)->14696K(15040K) NonClass: 12764K(12928K)->12764K(12928K) Class: 1932K(2112K)->1932K(2112K)
[2025-06-03T15:44:02.174+0530][4.930s] GC(21) Pause Young (Normal) (G1 Evacuation Pause) 312M->6M(512M) 1.240ms
[2025-06-03T15:44:02.174+0530][4.930s] GC(21) User=0.00s Sys=0.00s Real=0.00s
[2025-06-03T15:44:02.334+0530][5.090s] GC(22) Pause Young (Normal) (G1 Evacuation Pause)
[2025-06-03T15:44:02.334+0530][5.090s] GC(22) Using 8 workers of 8 for evacuation
[2025-06-03T15:44:02.334+0530][5.091s] GC(22) Skipped phase 1 of Reference Processing: no references
[2025-06-03T15:44:02.334+0530][5.091s] GC(22) Skipped phase 2 of Reference Processing: no references
[2025-06-03T15:44:02.334+0530][5.091s] GC(22) Skipped phase 3 of Reference Processing: no references
[2025-06-03T15:44:02.334+0530][5.091s] GC(22) Skipped phase 4 of Reference Processing: no references
[2025-06-03T15:44:02.335+0530][5.091s] GC(22)   Pre Evacuate Collection Set: 0.1ms
[2025-06-03T15:44:02.335+0530][5.091s] GC(22)   Merge Heap Roots: 0.1ms
[2025-06-03T15:44:02.335+0530][5.091s] GC(22)   Evacuate Collection Set: 0.2ms
[2025-06-03T15:44:02.335+0530][5.091s] GC(22)   Post Evacuate Collection Set: 0.4ms
[2025-06-03T15:44:02.335+0530][5.091s] GC(22)   Other: 0.2ms
[2025-06-03T15:44:02.335+0530][5.091s] GC(22) Eden regions: 306->0(306)
[2025-06-03T15:44:02.335+0530][5.092s] GC(22) Survivor regions: 1->1(39)
[2025-06-03T15:44:02.335+0530][5.092s] GC(22) Old regions: 6->6
[2025-06-03T15:44:02.335+0530][5.092s] GC(22) Archive regions: 2->2
[2025-06-03T15:44:02.335+0530][5.092s] GC(22) Humongous regions: 0->0
[2025-06-03T15:44:02.335+0530][5.092s] GC(22) Metaspace: 14696K(15040K)->14696K(15040K) NonClass: 12764K(12928K)->12764K(12928K) Class: 1932K(2112K)->1932K(2112K)
[2025-06-03T15:44:02.335+0530][5.092s] GC(22) Pause Young (Normal) (G1 Evacuation Pause) 312M->6M(512M) 1.213ms
[2025-06-03T15:44:02.335+0530][5.092s] GC(22) User=0.00s Sys=0.00s Real=0.00s
[2025-06-03T15:44:02.496+0530][5.252s] GC(23) Pause Young (Normal) (G1 Evacuation Pause)
[2025-06-03T15:44:02.496+0530][5.252s] GC(23) Using 8 workers of 8 for evacuation
[2025-06-03T15:44:02.496+0530][5.253s] GC(23) Skipped phase 1 of Reference Processing: no references
[2025-06-03T15:44:02.496+0530][5.253s] GC(23) Skipped phase 2 of Reference Processing: no references
[2025-06-03T15:44:02.496+0530][5.253s] GC(23) Skipped phase 3 of Reference Processing: no references
[2025-06-03T15:44:02.496+0530][5.253s] GC(23) Skipped phase 4 of Reference Processing: no references
[2025-06-03T15:44:02.497+0530][5.253s] GC(23)   Pre Evacuate Collection Set: 0.1ms
[2025-06-03T15:44:02.497+0530][5.253s] GC(23)   Merge Heap Roots: 0.1ms
[2025-06-03T15:44:02.497+0530][5.253s] GC(23)   Evacuate Collection Set: 0.3ms
[2025-06-03T15:44:02.497+0530][5.253s] GC(23)   Post Evacuate Collection Set: 0.5ms
[2025-06-03T15:44:02.497+0530][5.254s] GC(23)   Other: 0.2ms
[2025-06-03T15:44:02.497+0530][5.254s] GC(23) Eden regions: 306->0(306)
[2025-06-03T15:44:02.497+0530][5.254s] GC(23) Survivor regions: 1->1(39)
[2025-06-03T15:44:02.497+0530][5.254s] GC(23) Old regions: 6->6
[2025-06-03T15:44:02.497+0530][5.254s] GC(23) Archive regions: 2->2
[2025-06-03T15:44:02.497+0530][5.254s] GC(23) Humongous regions: 0->0
[2025-06-03T15:44:02.497+0530][5.254s] GC(23) Metaspace: 14696K(15040K)->14696K(15040K) NonClass: 12764K(12928K)->12764K(12928K) Class: 1932K(2112K)->1932K(2112K)
[2025-06-03T15:44:02.497+0530][5.254s] GC(23) Pause Young (Normal) (G1 Evacuation Pause) 312M->6M(512M) 1.372ms
[2025-06-03T15:44:02.497+0530][5.254s] GC(23) User=0.00s Sys=0.00s Real=0.00s
[2025-06-03T15:44:02.652+0530][5.409s] GC(24) Pause Young (Normal) (G1 Evacuation Pause)
[2025-06-03T15:44:02.652+0530][5.409s] GC(24) Using 8 workers of 8 for evacuation
[2025-06-03T15:44:02.653+0530][5.409s] GC(24) Skipped phase 1 of Reference Processing: no references
[2025-06-03T15:44:02.653+0530][5.409s] GC(24) Skipped phase 2 of Reference Processing: no references
[2025-06-03T15:44:02.653+0530][5.409s] GC(24) Skipped phase 3 of Reference Processing: no references
[2025-06-03T15:44:02.653+0530][5.409s] GC(24) Skipped phase 4 of Reference Processing: no references
[2025-06-03T15:44:02.653+0530][5.410s] GC(24)   Pre Evacuate Collection Set: 0.1ms
[2025-06-03T15:44:02.653+0530][5.410s] GC(24)   Merge Heap Roots: 0.1ms
[2025-06-03T15:44:02.653+0530][5.410s] GC(24)   Evacuate Collection Set: 0.2ms
[2025-06-03T15:44:02.653+0530][5.410s] GC(24)   Post Evacuate Collection Set: 0.5ms
[2025-06-03T15:44:02.653+0530][5.410s] GC(24)   Other: 0.2ms
[2025-06-03T15:44:02.653+0530][5.410s] GC(24) Eden regions: 306->0(306)
[2025-06-03T15:44:02.653+0530][5.410s] GC(24) Survivor regions: 1->1(39)
[2025-06-03T15:44:02.653+0530][5.410s] GC(24) Old regions: 6->6
[2025-06-03T15:44:02.653+0530][5.410s] GC(24) Archive regions: 2->2
[2025-06-03T15:44:02.653+0530][5.410s] GC(24) Humongous regions: 0->0
[2025-06-03T15:44:02.653+0530][5.410s] GC(24) Metaspace: 14696K(15040K)->14696K(15040K) NonClass: 12764K(12928K)->12764K(12928K) Class: 1932K(2112K)->1932K(2112K)
[2025-06-03T15:44:02.653+0530][5.410s] GC(24) Pause Young (Normal) (G1 Evacuation Pause) 312M->6M(512M) 1.227ms
[2025-06-03T15:44:02.654+0530][5.410s] GC(24) User=0.00s Sys=0.00s Real=0.00s
[2025-06-03T15:44:02.812+0530][5.569s] GC(25) Pause Young (Normal) (G1 Evacuation Pause)
[2025-06-03T15:44:02.812+0530][5.569s] GC(25) Using 8 workers of 8 for evacuation
[2025-06-03T15:44:02.812+0530][5.569s] GC(25) Skipped phase 1 of Reference Processing: no references
[2025-06-03T15:44:02.813+0530][5.569s] GC(25) Skipped phase 2 of Reference Processing: no references
[2025-06-03T15:44:02.813+0530][5.569s] GC(25) Skipped phase 3 of Reference Processing: no references
[2025-06-03T15:44:02.813+0530][5.569s] GC(25) Skipped phase 4 of Reference Processing: no references
[2025-06-03T15:44:02.813+0530][5.570s] GC(25)   Pre Evacuate Collection Set: 0.1ms
[2025-06-03T15:44:02.813+0530][5.570s] GC(25)   Merge Heap Roots: 0.1ms
[2025-06-03T15:44:02.813+0530][5.570s] GC(25)   Evacuate Collection Set: 0.2ms
[2025-06-03T15:44:02.813+0530][5.570s] GC(25)   Post Evacuate Collection Set: 0.6ms
[2025-06-03T15:44:02.813+0530][5.570s] GC(25)   Other: 0.2ms
[2025-06-03T15:44:02.813+0530][5.570s] GC(25) Eden regions: 306->0(306)
[2025-06-03T15:44:02.813+0530][5.570s] GC(25) Survivor regions: 1->1(39)
[2025-06-03T15:44:02.813+0530][5.570s] GC(25) Old regions: 6->6
[2025-06-03T15:44:02.813+0530][5.570s] GC(25) Archive regions: 2->2
[2025-06-03T15:44:02.813+0530][5.570s] GC(25) Humongous regions: 0->0
[2025-06-03T15:44:02.813+0530][5.570s] GC(25) Metaspace: 14696K(15040K)->14696K(15040K) NonClass: 12764K(12928K)->12764K(12928K) Class: 1932K(2112K)->1932K(2112K)
[2025-06-03T15:44:02.813+0530][5.570s] GC(25) Pause Young (Normal) (G1 Evacuation Pause) 312M->6M(512M) 1.398ms
[2025-06-03T15:44:02.813+0530][5.570s] GC(25) User=0.00s Sys=0.00s Real=0.00s
[2025-06-03T15:44:02.968+0530][5.724s] GC(26) Pause Young (Normal) (G1 Evacuation Pause)
[2025-06-03T15:44:02.968+0530][5.725s] GC(26) Using 8 workers of 8 for evacuation
[2025-06-03T15:44:02.969+0530][5.725s] GC(26) Skipped phase 1 of Reference Processing: no references
[2025-06-03T15:44:02.969+0530][5.725s] GC(26) Skipped phase 2 of Reference Processing: no references
[2025-06-03T15:44:02.969+0530][5.725s] GC(26) Skipped phase 3 of Reference Processing: no references
[2025-06-03T15:44:02.969+0530][5.725s] GC(26) Skipped phase 4 of Reference Processing: no references
[2025-06-03T15:44:02.969+0530][5.726s] GC(26)   Pre Evacuate Collection Set: 0.1ms
[2025-06-03T15:44:02.969+0530][5.726s] GC(26)   Merge Heap Roots: 0.1ms
[2025-06-03T15:44:02.969+0530][5.726s] GC(26)   Evacuate Collection Set: 0.3ms
[2025-06-03T15:44:02.969+0530][5.726s] GC(26)   Post Evacuate Collection Set: 0.5ms
[2025-06-03T15:44:02.969+0530][5.726s] GC(26)   Other: 0.2ms
[2025-06-03T15:44:02.969+0530][5.726s] GC(26) Eden regions: 306->0(306)
[2025-06-03T15:44:02.969+0530][5.726s] GC(26) Survivor regions: 1->1(39)
[2025-06-03T15:44:02.969+0530][5.726s] GC(26) Old regions: 6->6
[2025-06-03T15:44:02.969+0530][5.726s] GC(26) Archive regions: 2->2
[2025-06-03T15:44:02.969+0530][5.726s] GC(26) Humongous regions: 0->0
[2025-06-03T15:44:02.969+0530][5.726s] GC(26) Metaspace: 14696K(15040K)->14696K(15040K) NonClass: 12764K(12928K)->12764K(12928K) Class: 1932K(2112K)->1932K(2112K)
[2025-06-03T15:44:02.969+0530][5.726s] GC(26) Pause Young (Normal) (G1 Evacuation Pause) 312M->6M(512M) 1.314ms
[2025-06-03T15:44:02.969+0530][5.726s] GC(26) User=0.00s Sys=0.00s Real=0.00s
[2025-06-03T15:44:03.125+0530][5.882s] GC(27) Pause Young (Normal) (G1 Evacuation Pause)
[2025-06-03T15:44:03.125+0530][5.882s] GC(27) Using 8 workers of 8 for evacuation
[2025-06-03T15:44:03.126+0530][5.882s] GC(27) Skipped phase 1 of Reference Processing: no references
[2025-06-03T15:44:03.126+0530][5.882s] GC(27) Skipped phase 2 of Reference Processing: no references
[2025-06-03T15:44:03.126+0530][5.882s] GC(27) Skipped phase 3 of Reference Processing: no references
[2025-06-03T15:44:03.126+0530][5.882s] GC(27) Skipped phase 4 of Reference Processing: no references
[2025-06-03T15:44:03.126+0530][5.883s] GC(27)   Pre Evacuate Collection Set: 0.1ms
[2025-06-03T15:44:03.126+0530][5.883s] GC(27)   Merge Heap Roots: 0.1ms
[2025-06-03T15:44:03.126+0530][5.883s] GC(27)   Evacuate Collection Set: 0.2ms
[2025-06-03T15:44:03.126+0530][5.883s] GC(27)   Post Evacuate Collection Set: 0.5ms
[2025-06-03T15:44:03.126+0530][5.883s] GC(27)   Other: 0.2ms
[2025-06-03T15:44:03.126+0530][5.883s] GC(27) Eden regions: 306->0(306)
[2025-06-03T15:44:03.126+0530][5.883s] GC(27) Survivor regions: 1->1(39)
[2025-06-03T15:44:03.126+0530][5.883s] GC(27) Old regions: 6->6
[2025-06-03T15:44:03.126+0530][5.883s] GC(27) Archive regions: 2->2
[2025-06-03T15:44:03.126+0530][5.883s] GC(27) Humongous regions: 0->0
[2025-06-03T15:44:03.126+0530][5.883s] GC(27) Metaspace: 14696K(15040K)->14696K(15040K) NonClass: 12764K(12928K)->12764K(12928K) Class: 1932K(2112K)->1932K(2112K)
[2025-06-03T15:44:03.126+0530][5.883s] GC(27) Pause Young (Normal) (G1 Evacuation Pause) 312M->6M(512M) 1.270ms
[2025-06-03T15:44:03.126+0530][5.883s] GC(27) User=0.00s Sys=0.00s Real=0.00s
[2025-06-03T15:44:03.285+0530][6.042s] GC(28) Pause Young (Normal) (G1 Evacuation Pause)
[2025-06-03T15:44:03.285+0530][6.042s] GC(28) Using 8 workers of 8 for evacuation
[2025-06-03T15:44:03.286+0530][6.042s] GC(28) Skipped phase 1 of Reference Processing: no references
[2025-06-03T15:44:03.286+0530][6.042s] GC(28) Skipped phase 2 of Reference Processing: no references
[2025-06-03T15:44:03.286+0530][6.042s] GC(28) Skipped phase 3 of Reference Processing: no references
[2025-06-03T15:44:03.286+0530][6.042s] GC(28) Skipped phase 4 of Reference Processing: no references
[2025-06-03T15:44:03.286+0530][6.043s] GC(28)   Pre Evacuate Collection Set: 0.1ms
[2025-06-03T15:44:03.286+0530][6.043s] GC(28)   Merge Heap Roots: 0.1ms
[2025-06-03T15:44:03.286+0530][6.043s] GC(28)   Evacuate Collection Set: 0.2ms
[2025-06-03T15:44:03.286+0530][6.043s] GC(28)   Post Evacuate Collection Set: 0.5ms
[2025-06-03T15:44:03.286+0530][6.043s] GC(28)   Other: 0.2ms
[2025-06-03T15:44:03.286+0530][6.043s] GC(28) Eden regions: 306->0(306)
[2025-06-03T15:44:03.286+0530][6.043s] GC(28) Survivor regions: 1->1(39)
[2025-06-03T15:44:03.286+0530][6.043s] GC(28) Old regions: 6->6
[2025-06-03T15:44:03.286+0530][6.043s] GC(28) Archive regions: 2->2
[2025-06-03T15:44:03.287+0530][6.043s] GC(28) Humongous regions: 0->0
[2025-06-03T15:44:03.287+0530][6.043s] GC(28) Metaspace: 14696K(15040K)->14696K(15040K) NonClass: 12764K(12928K)->12764K(12928K) Class: 1932K(2112K)->1932K(2112K)
[2025-06-03T15:44:03.287+0530][6.043s] GC(28) Pause Young (Normal) (G1 Evacuation Pause) 312M->6M(512M) 1.346ms
[2025-06-03T15:44:03.287+0530][6.043s] GC(28) User=0.01s Sys=0.00s Real=0.00s
[2025-06-03T15:44:03.441+0530][6.197s] GC(29) Pause Young (Normal) (G1 Evacuation Pause)
[2025-06-03T15:44:03.441+0530][6.198s] GC(29) Using 8 workers of 8 for evacuation
[2025-06-03T15:44:03.441+0530][6.198s] GC(29) Skipped phase 1 of Reference Processing: no references
[2025-06-03T15:44:03.441+0530][6.198s] GC(29) Skipped phase 2 of Reference Processing: no references
[2025-06-03T15:44:03.441+0530][6.198s] GC(29) Skipped phase 3 of Reference Processing: no references
[2025-06-03T15:44:03.442+0530][6.198s] GC(29) Skipped phase 4 of Reference Processing: no references
[2025-06-03T15:44:03.442+0530][6.198s] GC(29)   Pre Evacuate Collection Set: 0.1ms
[2025-06-03T15:44:03.442+0530][6.198s] GC(29)   Merge Heap Roots: 0.1ms
[2025-06-03T15:44:03.442+0530][6.198s] GC(29)   Evacuate Collection Set: 0.2ms
[2025-06-03T15:44:03.442+0530][6.199s] GC(29)   Post Evacuate Collection Set: 0.4ms
[2025-06-03T15:44:03.442+0530][6.199s] GC(29)   Other: 0.2ms
[2025-06-03T15:44:03.442+0530][6.199s] GC(29) Eden regions: 306->0(306)
[2025-06-03T15:44:03.442+0530][6.199s] GC(29) Survivor regions: 1->1(39)
[2025-06-03T15:44:03.442+0530][6.199s] GC(29) Old regions: 6->6
[2025-06-03T15:44:03.442+0530][6.199s] GC(29) Archive regions: 2->2
[2025-06-03T15:44:03.442+0530][6.199s] GC(29) Humongous regions: 0->0
[2025-06-03T15:44:03.442+0530][6.199s] GC(29) Metaspace: 14696K(15040K)->14696K(15040K) NonClass: 12764K(12928K)->12764K(12928K) Class: 1932K(2112K)->1932K(2112K)
[2025-06-03T15:44:03.442+0530][6.199s] GC(29) Pause Young (Normal) (G1 Evacuation Pause) 312M->6M(512M) 1.184ms
[2025-06-03T15:44:03.442+0530][6.199s] GC(29) User=0.01s Sys=0.00s Real=0.00s
[2025-06-03T15:44:03.598+0530][6.354s] GC(30) Pause Young (Normal) (G1 Evacuation Pause)
[2025-06-03T15:44:03.598+0530][6.354s] GC(30) Using 8 workers of 8 for evacuation
[2025-06-03T15:44:03.598+0530][6.355s] GC(30) Skipped phase 1 of Reference Processing: no references
[2025-06-03T15:44:03.598+0530][6.355s] GC(30) Skipped phase 2 of Reference Processing: no references
[2025-06-03T15:44:03.598+0530][6.355s] GC(30) Skipped phase 3 of Reference Processing: no references
[2025-06-03T15:44:03.598+0530][6.355s] GC(30) Skipped phase 4 of Reference Processing: no references
[2025-06-03T15:44:03.599+0530][6.355s] GC(30)   Pre Evacuate Collection Set: 0.1ms
[2025-06-03T15:44:03.599+0530][6.355s] GC(30)   Merge Heap Roots: 0.1ms
[2025-06-03T15:44:03.599+0530][6.355s] GC(30)   Evacuate Collection Set: 0.2ms
[2025-06-03T15:44:03.599+0530][6.355s] GC(30)   Post Evacuate Collection Set: 0.5ms
[2025-06-03T15:44:03.599+0530][6.355s] GC(30)   Other: 0.2ms
[2025-06-03T15:44:03.599+0530][6.355s] GC(30) Eden regions: 306->0(306)
[2025-06-03T15:44:03.599+0530][6.355s] GC(30) Survivor regions: 1->1(39)
[2025-06-03T15:44:03.599+0530][6.355s] GC(30) Old regions: 6->6
[2025-06-03T15:44:03.599+0530][6.355s] GC(30) Archive regions: 2->2
[2025-06-03T15:44:03.599+0530][6.356s] GC(30) Humongous regions: 0->0
[2025-06-03T15:44:03.599+0530][6.356s] GC(30) Metaspace: 14696K(15040K)->14696K(15040K) NonClass: 12764K(12928K)->12764K(12928K) Class: 1932K(2112K)->1932K(2112K)
[2025-06-03T15:44:03.599+0530][6.356s] GC(30) Pause Young (Normal) (G1 Evacuation Pause) 312M->6M(512M) 1.397ms
[2025-06-03T15:44:03.599+0530][6.356s] GC(30) User=0.00s Sys=0.00s Real=0.00s
[2025-06-03T15:44:03.764+0530][6.520s] GC(31) Pause Young (Normal) (G1 Evacuation Pause)
[2025-06-03T15:44:03.764+0530][6.520s] GC(31) Using 8 workers of 8 for evacuation
[2025-06-03T15:44:03.764+0530][6.521s] GC(31) Skipped phase 1 of Reference Processing: no references
[2025-06-03T15:44:03.765+0530][6.521s] GC(31) Skipped phase 2 of Reference Processing: no references
[2025-06-03T15:44:03.765+0530][6.521s] GC(31) Skipped phase 3 of Reference Processing: no references
[2025-06-03T15:44:03.765+0530][6.521s] GC(31) Skipped phase 4 of Reference Processing: no references
[2025-06-03T15:44:03.765+0530][6.522s] GC(31)   Pre Evacuate Collection Set: 0.1ms
[2025-06-03T15:44:03.765+0530][6.522s] GC(31)   Merge Heap Roots: 0.1ms
[2025-06-03T15:44:03.765+0530][6.522s] GC(31)   Evacuate Collection Set: 0.3ms
[2025-06-03T15:44:03.765+0530][6.522s] GC(31)   Post Evacuate Collection Set: 0.5ms
[2025-06-03T15:44:03.765+0530][6.522s] GC(31)   Other: 0.2ms
[2025-06-03T15:44:03.765+0530][6.522s] GC(31) Eden regions: 306->0(306)
[2025-06-03T15:44:03.765+0530][6.522s] GC(31) Survivor regions: 1->1(39)
[2025-06-03T15:44:03.765+0530][6.522s] GC(31) Old regions: 6->6
[2025-06-03T15:44:03.765+0530][6.522s] GC(31) Archive regions: 2->2
[2025-06-03T15:44:03.765+0530][6.522s] GC(31) Humongous regions: 0->0
[2025-06-03T15:44:03.765+0530][6.522s] GC(31) Metaspace: 14696K(15040K)->14696K(15040K) NonClass: 12764K(12928K)->12764K(12928K) Class: 1932K(2112K)->1932K(2112K)
[2025-06-03T15:44:03.765+0530][6.522s] GC(31) Pause Young (Normal) (G1 Evacuation Pause) 312M->6M(512M) 1.303ms
[2025-06-03T15:44:03.765+0530][6.522s] GC(31) User=0.00s Sys=0.00s Real=0.00s
[2025-06-03T15:44:03.937+0530][6.693s] GC(32) Pause Young (Normal) (G1 Evacuation Pause)
[2025-06-03T15:44:03.937+0530][6.693s] GC(32) Using 8 workers of 8 for evacuation
[2025-06-03T15:44:03.937+0530][6.694s] GC(32) Skipped phase 1 of Reference Processing: no references
[2025-06-03T15:44:03.937+0530][6.694s] GC(32) Skipped phase 2 of Reference Processing: no references
[2025-06-03T15:44:03.937+0530][6.694s] GC(32) Skipped phase 3 of Reference Processing: no references
[2025-06-03T15:44:03.937+0530][6.694s] GC(32) Skipped phase 4 of Reference Processing: no references
[2025-06-03T15:44:03.938+0530][6.694s] GC(32)   Pre Evacuate Collection Set: 0.1ms
[2025-06-03T15:44:03.938+0530][6.694s] GC(32)   Merge Heap Roots: 0.1ms
[2025-06-03T15:44:03.938+0530][6.694s] GC(32)   Evacuate Collection Set: 0.3ms
[2025-06-03T15:44:03.938+0530][6.694s] GC(32)   Post Evacuate Collection Set: 0.5ms
[2025-06-03T15:44:03.938+0530][6.695s] GC(32)   Other: 0.2ms
[2025-06-03T15:44:03.938+0530][6.695s] GC(32) Eden regions: 306->0(306)
[2025-06-03T15:44:03.938+0530][6.695s] GC(32) Survivor regions: 1->1(39)
[2025-06-03T15:44:03.938+0530][6.695s] GC(32) Old regions: 6->6
[2025-06-03T15:44:03.938+0530][6.695s] GC(32) Archive regions: 2->2
[2025-06-03T15:44:03.938+0530][6.695s] GC(32) Humongous regions: 0->0
[2025-06-03T15:44:03.938+0530][6.695s] GC(32) Metaspace: 14696K(15040K)->14696K(15040K) NonClass: 12764K(12928K)->12764K(12928K) Class: 1932K(2112K)->1932K(2112K)
[2025-06-03T15:44:03.938+0530][6.695s] GC(32) Pause Young (Normal) (G1 Evacuation Pause) 312M->6M(512M) 1.366ms
[2025-06-03T15:44:03.938+0530][6.695s] GC(32) User=0.01s Sys=0.01s Real=0.00s
[2025-06-03T15:44:04.099+0530][6.855s] GC(33) Pause Young (Normal) (G1 Evacuation Pause)
[2025-06-03T15:44:04.099+0530][6.855s] GC(33) Using 8 workers of 8 for evacuation
[2025-06-03T15:44:04.099+0530][6.856s] GC(33) Skipped phase 1 of Reference Processing: no references
[2025-06-03T15:44:04.099+0530][6.856s] GC(33) Skipped phase 2 of Reference Processing: no references
[2025-06-03T15:44:04.099+0530][6.856s] GC(33) Skipped phase 3 of Reference Processing: no references
[2025-06-03T15:44:04.099+0530][6.856s] GC(33) Skipped phase 4 of Reference Processing: no references
[2025-06-03T15:44:04.100+0530][6.856s] GC(33)   Pre Evacuate Collection Set: 0.1ms
[2025-06-03T15:44:04.100+0530][6.856s] GC(33)   Merge Heap Roots: 0.1ms
[2025-06-03T15:44:04.100+0530][6.856s] GC(33)   Evacuate Collection Set: 0.2ms
[2025-06-03T15:44:04.100+0530][6.856s] GC(33)   Post Evacuate Collection Set: 0.6ms
[2025-06-03T15:44:04.100+0530][6.856s] GC(33)   Other: 0.2ms
[2025-06-03T15:44:04.100+0530][6.856s] GC(33) Eden regions: 306->0(306)
[2025-06-03T15:44:04.100+0530][6.856s] GC(33) Survivor regions: 1->1(39)
[2025-06-03T15:44:04.100+0530][6.856s] GC(33) Old regions: 6->6
[2025-06-03T15:44:04.100+0530][6.856s] GC(33) Archive regions: 2->2
[2025-06-03T15:44:04.100+0530][6.857s] GC(33) Humongous regions: 0->0
[2025-06-03T15:44:04.100+0530][6.857s] GC(33) Metaspace: 14696K(15040K)->14696K(15040K) NonClass: 12764K(12928K)->12764K(12928K) Class: 1932K(2112K)->1932K(2112K)
[2025-06-03T15:44:04.100+0530][6.857s] GC(33) Pause Young (Normal) (G1 Evacuation Pause) 312M->6M(512M) 1.339ms
[2025-06-03T15:44:04.100+0530][6.857s] GC(33) User=0.00s Sys=0.00s Real=0.01s
[2025-06-03T15:44:04.350+0530][7.106s] GC(34) Pause Young (Normal) (G1 Evacuation Pause)
[2025-06-03T15:44:04.350+0530][7.106s] GC(34) Using 8 workers of 8 for evacuation
[2025-06-03T15:44:04.350+0530][7.107s] GC(34) Skipped phase 1 of Reference Processing: no references
[2025-06-03T15:44:04.350+0530][7.107s] GC(34) Skipped phase 2 of Reference Processing: no references
[2025-06-03T15:44:04.350+0530][7.107s] GC(34) Skipped phase 3 of Reference Processing: no references
[2025-06-03T15:44:04.350+0530][7.107s] GC(34) Skipped phase 4 of Reference Processing: no references
[2025-06-03T15:44:04.351+0530][7.108s] GC(34)   Pre Evacuate Collection Set: 0.1ms
[2025-06-03T15:44:04.351+0530][7.108s] GC(34)   Merge Heap Roots: 0.1ms
[2025-06-03T15:44:04.351+0530][7.108s] GC(34)   Evacuate Collection Set: 0.3ms
[2025-06-03T15:44:04.351+0530][7.108s] GC(34)   Post Evacuate Collection Set: 0.6ms
[2025-06-03T15:44:04.351+0530][7.108s] GC(34)   Other: 0.2ms
[2025-06-03T15:44:04.351+0530][7.108s] GC(34) Eden regions: 306->0(306)
[2025-06-03T15:44:04.351+0530][7.108s] GC(34) Survivor regions: 1->1(39)
[2025-06-03T15:44:04.351+0530][7.108s] GC(34) Old regions: 6->6
[2025-06-03T15:44:04.351+0530][7.108s] GC(34) Archive regions: 2->2
[2025-06-03T15:44:04.351+0530][7.108s] GC(34) Humongous regions: 0->0
[2025-06-03T15:44:04.351+0530][7.108s] GC(34) Metaspace: 14696K(15040K)->14696K(15040K) NonClass: 12764K(12928K)->12764K(12928K) Class: 1932K(2112K)->1932K(2112K)
[2025-06-03T15:44:04.351+0530][7.108s] GC(34) Pause Young (Normal) (G1 Evacuation Pause) 312M->6M(512M) 1.428ms
[2025-06-03T15:44:04.351+0530][7.108s] GC(34) User=0.00s Sys=0.00s Real=0.00s
[2025-06-03T15:44:04.513+0530][7.270s] GC(35) Pause Young (Normal) (G1 Evacuation Pause)
[2025-06-03T15:44:04.513+0530][7.270s] GC(35) Using 8 workers of 8 for evacuation
[2025-06-03T15:44:04.514+0530][7.271s] GC(35) Skipped phase 1 of Reference Processing: no references
[2025-06-03T15:44:04.514+0530][7.271s] GC(35) Skipped phase 2 of Reference Processing: no references
[2025-06-03T15:44:04.514+0530][7.271s] GC(35) Skipped phase 3 of Reference Processing: no references
[2025-06-03T15:44:04.514+0530][7.271s] GC(35) Skipped phase 4 of Reference Processing: no references
[2025-06-03T15:44:04.514+0530][7.271s] GC(35)   Pre Evacuate Collection Set: 0.1ms
[2025-06-03T15:44:04.514+0530][7.271s] GC(35)   Merge Heap Roots: 0.1ms
[2025-06-03T15:44:04.514+0530][7.271s] GC(35)   Evacuate Collection Set: 0.2ms
[2025-06-03T15:44:04.514+0530][7.271s] GC(35)   Post Evacuate Collection Set: 0.4ms
[2025-06-03T15:44:04.514+0530][7.271s] GC(35)   Other: 0.2ms
[2025-06-03T15:44:04.515+0530][7.271s] GC(35) Eden regions: 306->0(306)
[2025-06-03T15:44:04.515+0530][7.271s] GC(35) Survivor regions: 1->1(39)
[2025-06-03T15:44:04.515+0530][7.271s] GC(35) Old regions: 6->6
[2025-06-03T15:44:04.515+0530][7.271s] GC(35) Archive regions: 2->2
[2025-06-03T15:44:04.515+0530][7.271s] GC(35) Humongous regions: 0->0
[2025-06-03T15:44:04.515+0530][7.271s] GC(35) Metaspace: 14696K(15040K)->14696K(15040K) NonClass: 12764K(12928K)->12764K(12928K) Class: 1932K(2112K)->1932K(2112K)
[2025-06-03T15:44:04.515+0530][7.271s] GC(35) Pause Young (Normal) (G1 Evacuation Pause) 312M->6M(512M) 1.315ms
[2025-06-03T15:44:04.515+0530][7.271s] GC(35) User=0.00s Sys=0.01s Real=0.00s
[2025-06-03T15:44:04.670+0530][7.426s] GC(36) Pause Young (Normal) (G1 Evacuation Pause)
[2025-06-03T15:44:04.670+0530][7.426s] GC(36) Using 8 workers of 8 for evacuation
[2025-06-03T15:44:04.670+0530][7.427s] GC(36) Skipped phase 1 of Reference Processing: no references
[2025-06-03T15:44:04.670+0530][7.427s] GC(36) Skipped phase 2 of Reference Processing: no references
[2025-06-03T15:44:04.670+0530][7.427s] GC(36) Skipped phase 3 of Reference Processing: no references
[2025-06-03T15:44:04.670+0530][7.427s] GC(36) Skipped phase 4 of Reference Processing: no references
[2025-06-03T15:44:04.670+0530][7.427s] GC(36)   Pre Evacuate Collection Set: 0.1ms
[2025-06-03T15:44:04.671+0530][7.427s] GC(36)   Merge Heap Roots: 0.1ms
[2025-06-03T15:44:04.671+0530][7.427s] GC(36)   Evacuate Collection Set: 0.2ms
[2025-06-03T15:44:04.671+0530][7.427s] GC(36)   Post Evacuate Collection Set: 0.4ms
[2025-06-03T15:44:04.671+0530][7.427s] GC(36)   Other: 0.2ms
[2025-06-03T15:44:04.671+0530][7.427s] GC(36) Eden regions: 306->0(306)
[2025-06-03T15:44:04.671+0530][7.427s] GC(36) Survivor regions: 1->1(39)
[2025-06-03T15:44:04.671+0530][7.427s] GC(36) Old regions: 6->6
[2025-06-03T15:44:04.671+0530][7.427s] GC(36) Archive regions: 2->2
[2025-06-03T15:44:04.671+0530][7.427s] GC(36) Humongous regions: 0->0
[2025-06-03T15:44:04.671+0530][7.427s] GC(36) Metaspace: 14696K(15040K)->14696K(15040K) NonClass: 12764K(12928K)->12764K(12928K) Class: 1932K(2112K)->1932K(2112K)
[2025-06-03T15:44:04.671+0530][7.427s] GC(36) Pause Young (Normal) (G1 Evacuation Pause) 312M->6M(512M) 1.157ms
[2025-06-03T15:44:04.671+0530][7.427s] GC(36) User=0.00s Sys=0.00s Real=0.00s
[2025-06-03T15:44:04.827+0530][7.584s] GC(37) Pause Young (Normal) (G1 Evacuation Pause)
[2025-06-03T15:44:04.827+0530][7.584s] GC(37) Using 8 workers of 8 for evacuation
[2025-06-03T15:44:04.827+0530][7.584s] GC(37) Skipped phase 1 of Reference Processing: no references
[2025-06-03T15:44:04.828+0530][7.584s] GC(37) Skipped phase 2 of Reference Processing: no references
[2025-06-03T15:44:04.828+0530][7.584s] GC(37) Skipped phase 3 of Reference Processing: no references
[2025-06-03T15:44:04.828+0530][7.584s] GC(37) Skipped phase 4 of Reference Processing: no references
[2025-06-03T15:44:04.828+0530][7.585s] GC(37)   Pre Evacuate Collection Set: 0.1ms
[2025-06-03T15:44:04.828+0530][7.585s] GC(37)   Merge Heap Roots: 0.1ms
[2025-06-03T15:44:04.828+0530][7.585s] GC(37)   Evacuate Collection Set: 0.2ms
[2025-06-03T15:44:04.828+0530][7.585s] GC(37)   Post Evacuate Collection Set: 0.5ms
[2025-06-03T15:44:04.828+0530][7.585s] GC(37)   Other: 0.2ms
[2025-06-03T15:44:04.828+0530][7.585s] GC(37) Eden regions: 306->0(306)
[2025-06-03T15:44:04.828+0530][7.585s] GC(37) Survivor regions: 1->1(39)
[2025-06-03T15:44:04.828+0530][7.585s] GC(37) Old regions: 6->6
[2025-06-03T15:44:04.828+0530][7.585s] GC(37) Archive regions: 2->2
[2025-06-03T15:44:04.828+0530][7.585s] GC(37) Humongous regions: 0->0
[2025-06-03T15:44:04.828+0530][7.585s] GC(37) Metaspace: 14696K(15040K)->14696K(15040K) NonClass: 12764K(12928K)->12764K(12928K) Class: 1932K(2112K)->1932K(2112K)
[2025-06-03T15:44:04.828+0530][7.585s] GC(37) Pause Young (Normal) (G1 Evacuation Pause) 312M->6M(512M) 1.279ms
[2025-06-03T15:44:04.828+0530][7.585s] GC(37) User=0.01s Sys=0.00s Real=0.00s
[2025-06-03T15:44:04.991+0530][7.748s] GC(38) Pause Young (Normal) (G1 Evacuation Pause)
[2025-06-03T15:44:04.991+0530][7.748s] GC(38) Using 8 workers of 8 for evacuation
[2025-06-03T15:44:04.992+0530][7.748s] GC(38) Skipped phase 1 of Reference Processing: no references
[2025-06-03T15:44:04.992+0530][7.748s] GC(38) Skipped phase 2 of Reference Processing: no references
[2025-06-03T15:44:04.992+0530][7.749s] GC(38) Skipped phase 3 of Reference Processing: no references
[2025-06-03T15:44:04.992+0530][7.749s] GC(38) Skipped phase 4 of Reference Processing: no references
[2025-06-03T15:44:04.993+0530][7.749s] GC(38)   Pre Evacuate Collection Set: 0.1ms
[2025-06-03T15:44:04.993+0530][7.749s] GC(38)   Merge Heap Roots: 0.1ms
[2025-06-03T15:44:04.993+0530][7.749s] GC(38)   Evacuate Collection Set: 0.2ms
[2025-06-03T15:44:04.993+0530][7.749s] GC(38)   Post Evacuate Collection Set: 0.8ms
[2025-06-03T15:44:04.993+0530][7.749s] GC(38)   Other: 0.2ms
[2025-06-03T15:44:04.993+0530][7.749s] GC(38) Eden regions: 306->0(306)
[2025-06-03T15:44:04.993+0530][7.749s] GC(38) Survivor regions: 1->1(39)
[2025-06-03T15:44:04.993+0530][7.749s] GC(38) Old regions: 6->6
[2025-06-03T15:44:04.993+0530][7.749s] GC(38) Archive regions: 2->2
[2025-06-03T15:44:04.993+0530][7.749s] GC(38) Humongous regions: 0->0
[2025-06-03T15:44:04.993+0530][7.749s] GC(38) Metaspace: 14696K(15040K)->14696K(15040K) NonClass: 12764K(12928K)->12764K(12928K) Class: 1932K(2112K)->1932K(2112K)
[2025-06-03T15:44:04.993+0530][7.749s] GC(38) Pause Young (Normal) (G1 Evacuation Pause) 312M->6M(512M) 1.555ms
[2025-06-03T15:44:04.993+0530][7.749s] GC(38) User=0.00s Sys=0.00s Real=0.00s
[2025-06-03T15:44:05.152+0530][7.909s] GC(39) Pause Young (Normal) (G1 Evacuation Pause)
[2025-06-03T15:44:05.152+0530][7.909s] GC(39) Using 8 workers of 8 for evacuation
[2025-06-03T15:44:05.153+0530][7.910s] GC(39) Skipped phase 1 of Reference Processing: no references
[2025-06-03T15:44:05.153+0530][7.910s] GC(39) Skipped phase 2 of Reference Processing: no references
[2025-06-03T15:44:05.153+0530][7.910s] GC(39) Skipped phase 3 of Reference Processing: no references
[2025-06-03T15:44:05.153+0530][7.910s] GC(39) Skipped phase 4 of Reference Processing: no references
[2025-06-03T15:44:05.153+0530][7.910s] GC(39)   Pre Evacuate Collection Set: 0.1ms
[2025-06-03T15:44:05.154+0530][7.910s] GC(39)   Merge Heap Roots: 0.1ms
[2025-06-03T15:44:05.154+0530][7.910s] GC(39)   Evacuate Collection Set: 0.2ms
[2025-06-03T15:44:05.154+0530][7.910s] GC(39)   Post Evacuate Collection Set: 0.5ms
[2025-06-03T15:44:05.154+0530][7.910s] GC(39)   Other: 0.2ms
[2025-06-03T15:44:05.154+0530][7.910s] GC(39) Eden regions: 306->0(306)
[2025-06-03T15:44:05.154+0530][7.910s] GC(39) Survivor regions: 1->1(39)
[2025-06-03T15:44:05.154+0530][7.910s] GC(39) Old regions: 6->6
[2025-06-03T15:44:05.154+0530][7.910s] GC(39) Archive regions: 2->2
[2025-06-03T15:44:05.154+0530][7.910s] GC(39) Humongous regions: 0->0
[2025-06-03T15:44:05.154+0530][7.910s] GC(39) Metaspace: 14696K(15040K)->14696K(15040K) NonClass: 12764K(12928K)->12764K(12928K) Class: 1932K(2112K)->1932K(2112K)
[2025-06-03T15:44:05.154+0530][7.910s] GC(39) Pause Young (Normal) (G1 Evacuation Pause) 312M->6M(512M) 1.310ms
[2025-06-03T15:44:05.154+0530][7.910s] GC(39) User=0.00s Sys=0.00s Real=0.00s
[2025-06-03T15:44:05.437+0530][8.194s] GC(40) Pause Young (Normal) (G1 Evacuation Pause)
[2025-06-03T15:44:05.438+0530][8.194s] GC(40) Using 8 workers of 8 for evacuation
[2025-06-03T15:44:05.438+0530][8.195s] GC(40) Skipped phase 1 of Reference Processing: no references
[2025-06-03T15:44:05.438+0530][8.195s] GC(40) Skipped phase 2 of Reference Processing: no references
[2025-06-03T15:44:05.438+0530][8.195s] GC(40) Skipped phase 3 of Reference Processing: no references
[2025-06-03T15:44:05.438+0530][8.195s] GC(40) Skipped phase 4 of Reference Processing: no references
[2025-06-03T15:44:05.439+0530][8.195s] GC(40)   Pre Evacuate Collection Set: 0.1ms
[2025-06-03T15:44:05.439+0530][8.195s] GC(40)   Merge Heap Roots: 0.1ms
[2025-06-03T15:44:05.439+0530][8.195s] GC(40)   Evacuate Collection Set: 0.2ms
[2025-06-03T15:44:05.439+0530][8.195s] GC(40)   Post Evacuate Collection Set: 0.5ms
[2025-06-03T15:44:05.439+0530][8.195s] GC(40)   Other: 0.2ms
[2025-06-03T15:44:05.439+0530][8.195s] GC(40) Eden regions: 306->0(306)
[2025-06-03T15:44:05.439+0530][8.196s] GC(40) Survivor regions: 1->1(39)
[2025-06-03T15:44:05.439+0530][8.196s] GC(40) Old regions: 6->6
[2025-06-03T15:44:05.439+0530][8.196s] GC(40) Archive regions: 2->2
[2025-06-03T15:44:05.439+0530][8.196s] GC(40) Humongous regions: 0->0
[2025-06-03T15:44:05.439+0530][8.196s] GC(40) Metaspace: 14696K(15040K)->14696K(15040K) NonClass: 12764K(12928K)->12764K(12928K) Class: 1932K(2112K)->1932K(2112K)
[2025-06-03T15:44:05.439+0530][8.196s] GC(40) Pause Young (Normal) (G1 Evacuation Pause) 312M->6M(512M) 1.596ms
[2025-06-03T15:44:05.439+0530][8.196s] GC(40) User=0.00s Sys=0.00s Real=0.00s
[2025-06-03T15:44:05.651+0530][8.407s] GC(41) Pause Young (Normal) (G1 Evacuation Pause)
[2025-06-03T15:44:05.651+0530][8.408s] GC(41) Using 8 workers of 8 for evacuation
[2025-06-03T15:44:05.651+0530][8.408s] GC(41) Skipped phase 1 of Reference Processing: no references
[2025-06-03T15:44:05.651+0530][8.408s] GC(41) Skipped phase 2 of Reference Processing: no references
[2025-06-03T15:44:05.651+0530][8.408s] GC(41) Skipped phase 3 of Reference Processing: no references
[2025-06-03T15:44:05.652+0530][8.408s] GC(41) Skipped phase 4 of Reference Processing: no references
[2025-06-03T15:44:05.652+0530][8.408s] GC(41)   Pre Evacuate Collection Set: 0.1ms
[2025-06-03T15:44:05.652+0530][8.409s] GC(41)   Merge Heap Roots: 0.1ms
[2025-06-03T15:44:05.652+0530][8.409s] GC(41)   Evacuate Collection Set: 0.2ms
[2025-06-03T15:44:05.652+0530][8.409s] GC(41)   Post Evacuate Collection Set: 0.4ms
[2025-06-03T15:44:05.652+0530][8.409s] GC(41)   Other: 0.2ms
[2025-06-03T15:44:05.652+0530][8.409s] GC(41) Eden regions: 306->0(306)
[2025-06-03T15:44:05.652+0530][8.409s] GC(41) Survivor regions: 1->1(39)
[2025-06-03T15:44:05.652+0530][8.409s] GC(41) Old regions: 6->6
[2025-06-03T15:44:05.652+0530][8.409s] GC(41) Archive regions: 2->2
[2025-06-03T15:44:05.652+0530][8.409s] GC(41) Humongous regions: 0->0
[2025-06-03T15:44:05.652+0530][8.409s] GC(41) Metaspace: 14696K(15040K)->14696K(15040K) NonClass: 12764K(12928K)->12764K(12928K) Class: 1932K(2112K)->1932K(2112K)
[2025-06-03T15:44:05.652+0530][8.409s] GC(41) Pause Young (Normal) (G1 Evacuation Pause) 312M->6M(512M) 1.359ms
[2025-06-03T15:44:05.652+0530][8.409s] GC(41) User=0.00s Sys=0.00s Real=0.00s
[2025-06-03T15:44:05.817+0530][8.574s] GC(42) Pause Young (Normal) (G1 Evacuation Pause)
[2025-06-03T15:44:05.817+0530][8.574s] GC(42) Using 8 workers of 8 for evacuation
[2025-06-03T15:44:05.817+0530][8.574s] GC(42) Skipped phase 1 of Reference Processing: no references
[2025-06-03T15:44:05.818+0530][8.574s] GC(42) Skipped phase 2 of Reference Processing: no references
[2025-06-03T15:44:05.818+0530][8.574s] GC(42) Skipped phase 3 of Reference Processing: no references
[2025-06-03T15:44:05.818+0530][8.574s] GC(42) Skipped phase 4 of Reference Processing: no references
[2025-06-03T15:44:05.818+0530][8.575s] GC(42)   Pre Evacuate Collection Set: 0.1ms
[2025-06-03T15:44:05.818+0530][8.575s] GC(42)   Merge Heap Roots: 0.1ms
[2025-06-03T15:44:05.818+0530][8.575s] GC(42)   Evacuate Collection Set: 0.2ms
[2025-06-03T15:44:05.818+0530][8.575s] GC(42)   Post Evacuate Collection Set: 0.5ms
[2025-06-03T15:44:05.818+0530][8.575s] GC(42)   Other: 0.2ms
[2025-06-03T15:44:05.818+0530][8.575s] GC(42) Eden regions: 306->0(306)
[2025-06-03T15:44:05.818+0530][8.575s] GC(42) Survivor regions: 1->1(39)
[2025-06-03T15:44:05.818+0530][8.575s] GC(42) Old regions: 6->6
[2025-06-03T15:44:05.818+0530][8.575s] GC(42) Archive regions: 2->2
[2025-06-03T15:44:05.818+0530][8.575s] GC(42) Humongous regions: 0->0
[2025-06-03T15:44:05.818+0530][8.575s] GC(42) Metaspace: 14696K(15040K)->14696K(15040K) NonClass: 12764K(12928K)->12764K(12928K) Class: 1932K(2112K)->1932K(2112K)
[2025-06-03T15:44:05.818+0530][8.575s] GC(42) Pause Young (Normal) (G1 Evacuation Pause) 312M->6M(512M) 1.234ms
[2025-06-03T15:44:05.818+0530][8.575s] GC(42) User=0.00s Sys=0.00s Real=0.00s
[2025-06-03T15:44:05.977+0530][8.733s] GC(43) Pause Young (Normal) (G1 Evacuation Pause)
[2025-06-03T15:44:05.977+0530][8.733s] GC(43) Using 8 workers of 8 for evacuation
[2025-06-03T15:44:05.977+0530][8.734s] GC(43) Skipped phase 1 of Reference Processing: no references
[2025-06-03T15:44:05.977+0530][8.734s] GC(43) Skipped phase 2 of Reference Processing: no references
[2025-06-03T15:44:05.977+0530][8.734s] GC(43) Skipped phase 3 of Reference Processing: no references
[2025-06-03T15:44:05.977+0530][8.734s] GC(43) Skipped phase 4 of Reference Processing: no references
[2025-06-03T15:44:05.978+0530][8.734s] GC(43)   Pre Evacuate Collection Set: 0.1ms
[2025-06-03T15:44:05.978+0530][8.734s] GC(43)   Merge Heap Roots: 0.1ms
[2025-06-03T15:44:05.978+0530][8.734s] GC(43)   Evacuate Collection Set: 0.2ms
[2025-06-03T15:44:05.978+0530][8.734s] GC(43)   Post Evacuate Collection Set: 0.5ms
[2025-06-03T15:44:05.978+0530][8.734s] GC(43)   Other: 0.3ms
[2025-06-03T15:44:05.978+0530][8.734s] GC(43) Eden regions: 306->0(306)
[2025-06-03T15:44:05.978+0530][8.734s] GC(43) Survivor regions: 1->1(39)
[2025-06-03T15:44:05.978+0530][8.734s] GC(43) Old regions: 6->6
[2025-06-03T15:44:05.978+0530][8.735s] GC(43) Archive regions: 2->2
[2025-06-03T15:44:05.978+0530][8.735s] GC(43) Humongous regions: 0->0
[2025-06-03T15:44:05.978+0530][8.735s] GC(43) Metaspace: 14696K(15040K)->14696K(15040K) NonClass: 12764K(12928K)->12764K(12928K) Class: 1932K(2112K)->1932K(2112K)
[2025-06-03T15:44:05.978+0530][8.735s] GC(43) Pause Young (Normal) (G1 Evacuation Pause) 312M->6M(512M) 1.369ms
[2025-06-03T15:44:05.978+0530][8.735s] GC(43) User=0.00s Sys=0.00s Real=0.00s
[2025-06-03T15:44:06.134+0530][8.891s] GC(44) Pause Young (Normal) (G1 Evacuation Pause)
[2025-06-03T15:44:06.134+0530][8.891s] GC(44) Using 8 workers of 8 for evacuation
[2025-06-03T15:44:06.135+0530][8.891s] GC(44) Skipped phase 1 of Reference Processing: no references
[2025-06-03T15:44:06.135+0530][8.891s] GC(44) Skipped phase 2 of Reference Processing: no references
[2025-06-03T15:44:06.135+0530][8.891s] GC(44) Skipped phase 3 of Reference Processing: no references
[2025-06-03T15:44:06.135+0530][8.891s] GC(44) Skipped phase 4 of Reference Processing: no references
[2025-06-03T15:44:06.135+0530][8.892s] GC(44)   Pre Evacuate Collection Set: 0.1ms
[2025-06-03T15:44:06.135+0530][8.892s] GC(44)   Merge Heap Roots: 0.1ms
[2025-06-03T15:44:06.135+0530][8.892s] GC(44)   Evacuate Collection Set: 0.2ms
[2025-06-03T15:44:06.135+0530][8.892s] GC(44)   Post Evacuate Collection Set: 0.4ms
[2025-06-03T15:44:06.135+0530][8.892s] GC(44)   Other: 0.3ms
[2025-06-03T15:44:06.135+0530][8.892s] GC(44) Eden regions: 306->0(306)
[2025-06-03T15:44:06.135+0530][8.892s] GC(44) Survivor regions: 1->1(39)
[2025-06-03T15:44:06.135+0530][8.892s] GC(44) Old regions: 6->6
[2025-06-03T15:44:06.135+0530][8.892s] GC(44) Archive regions: 2->2
[2025-06-03T15:44:06.135+0530][8.892s] GC(44) Humongous regions: 0->0
[2025-06-03T15:44:06.135+0530][8.892s] GC(44) Metaspace: 14696K(15040K)->14696K(15040K) NonClass: 12764K(12928K)->12764K(12928K) Class: 1932K(2112K)->1932K(2112K)
[2025-06-03T15:44:06.135+0530][8.892s] GC(44) Pause Young (Normal) (G1 Evacuation Pause) 312M->6M(512M) 1.290ms
[2025-06-03T15:44:06.135+0530][8.892s] GC(44) User=0.00s Sys=0.00s Real=0.00s
[2025-06-03T15:44:06.311+0530][9.067s] GC(45) Pause Young (Normal) (G1 Evacuation Pause)
[2025-06-03T15:44:06.311+0530][9.067s] GC(45) Using 8 workers of 8 for evacuation
[2025-06-03T15:44:06.311+0530][9.068s] GC(45) Skipped phase 1 of Reference Processing: no references
[2025-06-03T15:44:06.311+0530][9.068s] GC(45) Skipped phase 2 of Reference Processing: no references
[2025-06-03T15:44:06.311+0530][9.068s] GC(45) Skipped phase 3 of Reference Processing: no references
[2025-06-03T15:44:06.311+0530][9.068s] GC(45) Skipped phase 4 of Reference Processing: no references
[2025-06-03T15:44:06.312+0530][9.068s] GC(45)   Pre Evacuate Collection Set: 0.1ms
[2025-06-03T15:44:06.312+0530][9.068s] GC(45)   Merge Heap Roots: 0.1ms
[2025-06-03T15:44:06.312+0530][9.068s] GC(45)   Evacuate Collection Set: 0.2ms
[2025-06-03T15:44:06.312+0530][9.068s] GC(45)   Post Evacuate Collection Set: 0.5ms
[2025-06-03T15:44:06.312+0530][9.068s] GC(45)   Other: 0.2ms
[2025-06-03T15:44:06.312+0530][9.068s] GC(45) Eden regions: 306->0(306)
[2025-06-03T15:44:06.312+0530][9.068s] GC(45) Survivor regions: 1->1(39)
[2025-06-03T15:44:06.312+0530][9.068s] GC(45) Old regions: 6->6
[2025-06-03T15:44:06.312+0530][9.068s] GC(45) Archive regions: 2->2
[2025-06-03T15:44:06.312+0530][9.068s] GC(45) Humongous regions: 0->0
[2025-06-03T15:44:06.312+0530][9.068s] GC(45) Metaspace: 14696K(15040K)->14696K(15040K) NonClass: 12764K(12928K)->12764K(12928K) Class: 1932K(2112K)->1932K(2112K)
[2025-06-03T15:44:06.312+0530][9.069s] GC(45) Pause Young (Normal) (G1 Evacuation Pause) 312M->6M(512M) 1.232ms
[2025-06-03T15:44:06.312+0530][9.069s] GC(45) User=0.01s Sys=0.00s Real=0.00s
[2025-06-03T15:44:06.478+0530][9.234s] GC(46) Pause Young (Normal) (G1 Evacuation Pause)
[2025-06-03T15:44:06.478+0530][9.235s] GC(46) Using 8 workers of 8 for evacuation
[2025-06-03T15:44:06.478+0530][9.235s] GC(46) Skipped phase 1 of Reference Processing: no references
[2025-06-03T15:44:06.478+0530][9.235s] GC(46) Skipped phase 2 of Reference Processing: no references
[2025-06-03T15:44:06.478+0530][9.235s] GC(46) Skipped phase 3 of Reference Processing: no references
[2025-06-03T15:44:06.478+0530][9.235s] GC(46) Skipped phase 4 of Reference Processing: no references
[2025-06-03T15:44:06.479+0530][9.235s] GC(46)   Pre Evacuate Collection Set: 0.1ms
[2025-06-03T15:44:06.479+0530][9.235s] GC(46)   Merge Heap Roots: 0.1ms
[2025-06-03T15:44:06.479+0530][9.236s] GC(46)   Evacuate Collection Set: 0.2ms
[2025-06-03T15:44:06.479+0530][9.236s] GC(46)   Post Evacuate Collection Set: 0.4ms
[2025-06-03T15:44:06.479+0530][9.236s] GC(46)   Other: 0.2ms
[2025-06-03T15:44:06.479+0530][9.236s] GC(46) Eden regions: 306->0(306)
[2025-06-03T15:44:06.479+0530][9.236s] GC(46) Survivor regions: 1->1(39)
[2025-06-03T15:44:06.479+0530][9.236s] GC(46) Old regions: 6->6
[2025-06-03T15:44:06.479+0530][9.236s] GC(46) Archive regions: 2->2
[2025-06-03T15:44:06.479+0530][9.236s] GC(46) Humongous regions: 0->0
[2025-06-03T15:44:06.479+0530][9.236s] GC(46) Metaspace: 14696K(15040K)->14696K(15040K) NonClass: 12764K(12928K)->12764K(12928K) Class: 1932K(2112K)->1932K(2112K)
[2025-06-03T15:44:06.479+0530][9.236s] GC(46) Pause Young (Normal) (G1 Evacuation Pause) 312M->6M(512M) 1.202ms
[2025-06-03T15:44:06.479+0530][9.236s] GC(46) User=0.01s Sys=0.00s Real=0.00s
[2025-06-03T15:44:06.647+0530][9.403s] GC(47) Pause Young (Normal) (G1 Evacuation Pause)
[2025-06-03T15:44:06.647+0530][9.403s] GC(47) Using 8 workers of 8 for evacuation
[2025-06-03T15:44:06.647+0530][9.404s] GC(47) Skipped phase 1 of Reference Processing: no references
[2025-06-03T15:44:06.647+0530][9.404s] GC(47) Skipped phase 2 of Reference Processing: no references
[2025-06-03T15:44:06.647+0530][9.404s] GC(47) Skipped phase 3 of Reference Processing: no references
[2025-06-03T15:44:06.647+0530][9.404s] GC(47) Skipped phase 4 of Reference Processing: no references
[2025-06-03T15:44:06.648+0530][9.404s] GC(47)   Pre Evacuate Collection Set: 0.1ms
[2025-06-03T15:44:06.648+0530][9.404s] GC(47)   Merge Heap Roots: 0.1ms
[2025-06-03T15:44:06.648+0530][9.405s] GC(47)   Evacuate Collection Set: 0.2ms
[2025-06-03T15:44:06.648+0530][9.405s] GC(47)   Post Evacuate Collection Set: 0.5ms
[2025-06-03T15:44:06.648+0530][9.405s] GC(47)   Other: 0.2ms
[2025-06-03T15:44:06.648+0530][9.405s] GC(47) Eden regions: 306->0(306)
[2025-06-03T15:44:06.648+0530][9.405s] GC(47) Survivor regions: 1->1(39)
[2025-06-03T15:44:06.648+0530][9.405s] GC(47) Old regions: 6->6
[2025-06-03T15:44:06.648+0530][9.405s] GC(47) Archive regions: 2->2
[2025-06-03T15:44:06.648+0530][9.405s] GC(47) Humongous regions: 0->0
[2025-06-03T15:44:06.648+0530][9.405s] GC(47) Metaspace: 14696K(15040K)->14696K(15040K) NonClass: 12764K(12928K)->12764K(12928K) Class: 1932K(2112K)->1932K(2112K)
[2025-06-03T15:44:06.648+0530][9.405s] GC(47) Pause Young (Normal) (G1 Evacuation Pause) 312M->6M(512M) 1.258ms
[2025-06-03T15:44:06.648+0530][9.405s] GC(47) User=0.00s Sys=0.00s Real=0.00s
[2025-06-03T15:44:06.817+0530][9.573s] GC(48) Pause Young (Normal) (G1 Evacuation Pause)
[2025-06-03T15:44:06.817+0530][9.574s] GC(48) Using 8 workers of 8 for evacuation
[2025-06-03T15:44:06.817+0530][9.574s] GC(48) Skipped phase 1 of Reference Processing: no references
[2025-06-03T15:44:06.817+0530][9.574s] GC(48) Skipped phase 2 of Reference Processing: no references
[2025-06-03T15:44:06.817+0530][9.574s] GC(48) Skipped phase 3 of Reference Processing: no references
[2025-06-03T15:44:06.817+0530][9.574s] GC(48) Skipped phase 4 of Reference Processing: no references
[2025-06-03T15:44:06.818+0530][9.575s] GC(48)   Pre Evacuate Collection Set: 0.1ms
[2025-06-03T15:44:06.818+0530][9.575s] GC(48)   Merge Heap Roots: 0.1ms
[2025-06-03T15:44:06.818+0530][9.575s] GC(48)   Evacuate Collection Set: 0.3ms
[2025-06-03T15:44:06.818+0530][9.575s] GC(48)   Post Evacuate Collection Set: 0.5ms
[2025-06-03T15:44:06.818+0530][9.575s] GC(48)   Other: 0.2ms
[2025-06-03T15:44:06.818+0530][9.575s] GC(48) Eden regions: 306->0(306)
[2025-06-03T15:44:06.818+0530][9.575s] GC(48) Survivor regions: 1->1(39)
[2025-06-03T15:44:06.818+0530][9.575s] GC(48) Old regions: 6->6
[2025-06-03T15:44:06.818+0530][9.575s] GC(48) Archive regions: 2->2
[2025-06-03T15:44:06.818+0530][9.575s] GC(48) Humongous regions: 0->0
[2025-06-03T15:44:06.818+0530][9.575s] GC(48) Metaspace: 14696K(15040K)->14696K(15040K) NonClass: 12764K(12928K)->12764K(12928K) Class: 1932K(2112K)->1932K(2112K)
[2025-06-03T15:44:06.818+0530][9.575s] GC(48) Pause Young (Normal) (G1 Evacuation Pause) 312M->6M(512M) 1.336ms
[2025-06-03T15:44:06.818+0530][9.575s] GC(48) User=0.01s Sys=0.00s Real=0.00s
[2025-06-03T15:44:07.069+0530][9.826s] GC(49) Pause Young (Normal) (G1 Evacuation Pause)
[2025-06-03T15:44:07.069+0530][9.826s] GC(49) Using 8 workers of 8 for evacuation
[2025-06-03T15:44:07.070+0530][9.827s] GC(49) Skipped phase 1 of Reference Processing: no references
[2025-06-03T15:44:07.070+0530][9.827s] GC(49) Skipped phase 2 of Reference Processing: no references
[2025-06-03T15:44:07.070+0530][9.827s] GC(49) Skipped phase 3 of Reference Processing: no references
[2025-06-03T15:44:07.070+0530][9.827s] GC(49) Skipped phase 4 of Reference Processing: no references
[2025-06-03T15:44:07.071+0530][9.828s] GC(49)   Pre Evacuate Collection Set: 0.1ms
[2025-06-03T15:44:07.071+0530][9.828s] GC(49)   Merge Heap Roots: 0.1ms
[2025-06-03T15:44:07.071+0530][9.828s] GC(49)   Evacuate Collection Set: 0.6ms
[2025-06-03T15:44:07.071+0530][9.828s] GC(49)   Post Evacuate Collection Set: 0.7ms
[2025-06-03T15:44:07.071+0530][9.828s] GC(49)   Other: 0.2ms
[2025-06-03T15:44:07.071+0530][9.828s] GC(49) Eden regions: 306->0(306)
[2025-06-03T15:44:07.071+0530][9.828s] GC(49) Survivor regions: 1->1(39)
[2025-06-03T15:44:07.071+0530][9.828s] GC(49) Old regions: 6->6
[2025-06-03T15:44:07.071+0530][9.828s] GC(49) Archive regions: 2->2
[2025-06-03T15:44:07.071+0530][9.828s] GC(49) Humongous regions: 0->0
[2025-06-03T15:44:07.071+0530][9.828s] GC(49) Metaspace: 14696K(15040K)->14696K(15040K) NonClass: 12764K(12928K)->12764K(12928K) Class: 1932K(2112K)->1932K(2112K)
[2025-06-03T15:44:07.071+0530][9.828s] GC(49) Pause Young (Normal) (G1 Evacuation Pause) 312M->6M(512M) 1.995ms
[2025-06-03T15:44:07.071+0530][9.828s] GC(49) User=0.00s Sys=0.00s Real=0.01s
[2025-06-03T15:44:07.311+0530][10.067s] GC(50) Pause Young (Normal) (G1 Evacuation Pause)
[2025-06-03T15:44:07.311+0530][10.067s] GC(50) Using 8 workers of 8 for evacuation
[2025-06-03T15:44:07.311+0530][10.068s] GC(50) Skipped phase 1 of Reference Processing: no references
[2025-06-03T15:44:07.311+0530][10.068s] GC(50) Skipped phase 2 of Reference Processing: no references
[2025-06-03T15:44:07.311+0530][10.068s] GC(50) Skipped phase 3 of Reference Processing: no references
[2025-06-03T15:44:07.311+0530][10.068s] GC(50) Skipped phase 4 of Reference Processing: no references
[2025-06-03T15:44:07.312+0530][10.068s] GC(50)   Pre Evacuate Collection Set: 0.1ms
[2025-06-03T15:44:07.312+0530][10.068s] GC(50)   Merge Heap Roots: 0.1ms
[2025-06-03T15:44:07.312+0530][10.068s] GC(50)   Evacuate Collection Set: 0.2ms
[2025-06-03T15:44:07.312+0530][10.068s] GC(50)   Post Evacuate Collection Set: 0.5ms
[2025-06-03T15:44:07.312+0530][10.068s] GC(50)   Other: 0.2ms
[2025-06-03T15:44:07.312+0530][10.068s] GC(50) Eden regions: 306->0(306)
[2025-06-03T15:44:07.312+0530][10.068s] GC(50) Survivor regions: 1->1(39)
[2025-06-03T15:44:07.312+0530][10.068s] GC(50) Old regions: 6->6
[2025-06-03T15:44:07.312+0530][10.068s] GC(50) Archive regions: 2->2
[2025-06-03T15:44:07.312+0530][10.068s] GC(50) Humongous regions: 0->0
[2025-06-03T15:44:07.312+0530][10.068s] GC(50) Metaspace: 14696K(15040K)->14696K(15040K) NonClass: 12764K(12928K)->12764K(12928K) Class: 1932K(2112K)->1932K(2112K)
[2025-06-03T15:44:07.312+0530][10.069s] GC(50) Pause Young (Normal) (G1 Evacuation Pause) 312M->6M(512M) 1.340ms
[2025-06-03T15:44:07.312+0530][10.069s] GC(50) User=0.00s Sys=0.00s Real=0.00s
[2025-06-03T15:44:07.483+0530][10.240s] GC(51) Pause Young (Normal) (G1 Evacuation Pause)
[2025-06-03T15:44:07.483+0530][10.240s] GC(51) Using 8 workers of 8 for evacuation
[2025-06-03T15:44:07.484+0530][10.240s] GC(51) Skipped phase 1 of Reference Processing: no references
[2025-06-03T15:44:07.484+0530][10.241s] GC(51) Skipped phase 2 of Reference Processing: no references
[2025-06-03T15:44:07.484+0530][10.241s] GC(51) Skipped phase 3 of Reference Processing: no references
[2025-06-03T15:44:07.484+0530][10.241s] GC(51) Skipped phase 4 of Reference Processing: no references
[2025-06-03T15:44:07.484+0530][10.241s] GC(51)   Pre Evacuate Collection Set: 0.1ms
[2025-06-03T15:44:07.484+0530][10.241s] GC(51)   Merge Heap Roots: 0.1ms
[2025-06-03T15:44:07.484+0530][10.241s] GC(51)   Evacuate Collection Set: 0.3ms
[2025-06-03T15:44:07.484+0530][10.241s] GC(51)   Post Evacuate Collection Set: 0.5ms
[2025-06-03T15:44:07.484+0530][10.241s] GC(51)   Other: 0.2ms
[2025-06-03T15:44:07.484+0530][10.241s] GC(51) Eden regions: 306->0(306)
[2025-06-03T15:44:07.484+0530][10.241s] GC(51) Survivor regions: 1->1(39)
[2025-06-03T15:44:07.485+0530][10.241s] GC(51) Old regions: 6->6
[2025-06-03T15:44:07.485+0530][10.241s] GC(51) Archive regions: 2->2
[2025-06-03T15:44:07.485+0530][10.241s] GC(51) Humongous regions: 0->0
[2025-06-03T15:44:07.485+0530][10.241s] GC(51) Metaspace: 14696K(15040K)->14696K(15040K) NonClass: 12764K(12928K)->12764K(12928K) Class: 1932K(2112K)->1932K(2112K)
[2025-06-03T15:44:07.485+0530][10.241s] GC(51) Pause Young (Normal) (G1 Evacuation Pause) 312M->6M(512M) 1.415ms
[2025-06-03T15:44:07.485+0530][10.241s] GC(51) User=0.00s Sys=0.00s Real=0.00s
[2025-06-03T15:44:07.650+0530][10.407s] GC(52) Pause Young (Normal) (G1 Evacuation Pause)
[2025-06-03T15:44:07.650+0530][10.407s] GC(52) Using 8 workers of 8 for evacuation
[2025-06-03T15:44:07.651+0530][10.407s] GC(52) Skipped phase 1 of Reference Processing: no references
[2025-06-03T15:44:07.651+0530][10.407s] GC(52) Skipped phase 2 of Reference Processing: no references
[2025-06-03T15:44:07.651+0530][10.407s] GC(52) Skipped phase 3 of Reference Processing: no references
[2025-06-03T15:44:07.651+0530][10.407s] GC(52) Skipped phase 4 of Reference Processing: no references
[2025-06-03T15:44:07.651+0530][10.408s] GC(52)   Pre Evacuate Collection Set: 0.1ms
[2025-06-03T15:44:07.651+0530][10.408s] GC(52)   Merge Heap Roots: 0.1ms
[2025-06-03T15:44:07.651+0530][10.408s] GC(52)   Evacuate Collection Set: 0.2ms
[2025-06-03T15:44:07.651+0530][10.408s] GC(52)   Post Evacuate Collection Set: 0.4ms
[2025-06-03T15:44:07.651+0530][10.408s] GC(52)   Other: 0.2ms
[2025-06-03T15:44:07.651+0530][10.408s] GC(52) Eden regions: 306->0(306)
[2025-06-03T15:44:07.651+0530][10.408s] GC(52) Survivor regions: 1->1(39)
[2025-06-03T15:44:07.651+0530][10.408s] GC(52) Old regions: 6->6
[2025-06-03T15:44:07.651+0530][10.408s] GC(52) Archive regions: 2->2
[2025-06-03T15:44:07.651+0530][10.408s] GC(52) Humongous regions: 0->0
[2025-06-03T15:44:07.651+0530][10.408s] GC(52) Metaspace: 14704K(15104K)->14704K(15104K) NonClass: 12772K(12992K)->12772K(12992K) Class: 1932K(2112K)->1932K(2112K)
[2025-06-03T15:44:07.651+0530][10.408s] GC(52) Pause Young (Normal) (G1 Evacuation Pause) 312M->6M(512M) 1.182ms
[2025-06-03T15:44:07.651+0530][10.408s] GC(52) User=0.01s Sys=0.00s Real=0.00s
[2025-06-03T15:44:07.799+0530][10.556s] GC(53) Pause Young (Normal) (G1 Evacuation Pause)
[2025-06-03T15:44:07.799+0530][10.556s] GC(53) Using 8 workers of 8 for evacuation
[2025-06-03T15:44:07.799+0530][10.556s] GC(53) Skipped phase 1 of Reference Processing: no references
[2025-06-03T15:44:07.799+0530][10.556s] GC(53) Skipped phase 2 of Reference Processing: no references
[2025-06-03T15:44:07.799+0530][10.556s] GC(53) Skipped phase 3 of Reference Processing: no references
[2025-06-03T15:44:07.799+0530][10.556s] GC(53) Skipped phase 4 of Reference Processing: no references
[2025-06-03T15:44:07.800+0530][10.557s] GC(53)   Pre Evacuate Collection Set: 0.1ms
[2025-06-03T15:44:07.800+0530][10.557s] GC(53)   Merge Heap Roots: 0.1ms
[2025-06-03T15:44:07.800+0530][10.557s] GC(53)   Evacuate Collection Set: 0.2ms
[2025-06-03T15:44:07.800+0530][10.557s] GC(53)   Post Evacuate Collection Set: 0.5ms
[2025-06-03T15:44:07.800+0530][10.557s] GC(53)   Other: 0.2ms
[2025-06-03T15:44:07.800+0530][10.557s] GC(53) Eden regions: 306->0(306)
[2025-06-03T15:44:07.800+0530][10.557s] GC(53) Survivor regions: 1->1(39)
[2025-06-03T15:44:07.800+0530][10.557s] GC(53) Old regions: 6->6
[2025-06-03T15:44:07.800+0530][10.557s] GC(53) Archive regions: 2->2
[2025-06-03T15:44:07.800+0530][10.557s] GC(53) Humongous regions: 0->0
[2025-06-03T15:44:07.800+0530][10.557s] GC(53) Metaspace: 14704K(15104K)->14704K(15104K) NonClass: 12772K(12992K)->12772K(12992K) Class: 1932K(2112K)->1932K(2112K)
[2025-06-03T15:44:07.800+0530][10.557s] GC(53) Pause Young (Normal) (G1 Evacuation Pause) 312M->6M(512M) 1.207ms
[2025-06-03T15:44:07.800+0530][10.557s] GC(53) User=0.00s Sys=0.00s Real=0.01s
[2025-06-03T15:44:07.963+0530][10.720s] GC(54) Pause Young (Normal) (G1 Evacuation Pause)
[2025-06-03T15:44:07.963+0530][10.720s] GC(54) Using 8 workers of 8 for evacuation
[2025-06-03T15:44:07.964+0530][10.721s] GC(54) Skipped phase 1 of Reference Processing: no references
[2025-06-03T15:44:07.964+0530][10.721s] GC(54) Skipped phase 2 of Reference Processing: no references
[2025-06-03T15:44:07.964+0530][10.721s] GC(54) Skipped phase 3 of Reference Processing: no references
[2025-06-03T15:44:07.964+0530][10.721s] GC(54) Skipped phase 4 of Reference Processing: no references
[2025-06-03T15:44:07.964+0530][10.721s] GC(54)   Pre Evacuate Collection Set: 0.1ms
[2025-06-03T15:44:07.965+0530][10.721s] GC(54)   Merge Heap Roots: 0.1ms
[2025-06-03T15:44:07.965+0530][10.721s] GC(54)   Evacuate Collection Set: 0.3ms
[2025-06-03T15:44:07.965+0530][10.721s] GC(54)   Post Evacuate Collection Set: 0.5ms
[2025-06-03T15:44:07.965+0530][10.721s] GC(54)   Other: 0.2ms
[2025-06-03T15:44:07.965+0530][10.721s] GC(54) Eden regions: 306->0(306)
[2025-06-03T15:44:07.965+0530][10.721s] GC(54) Survivor regions: 1->1(39)
[2025-06-03T15:44:07.965+0530][10.721s] GC(54) Old regions: 6->6
[2025-06-03T15:44:07.965+0530][10.721s] GC(54) Archive regions: 2->2
[2025-06-03T15:44:07.965+0530][10.721s] GC(54) Humongous regions: 0->0
[2025-06-03T15:44:07.965+0530][10.721s] GC(54) Metaspace: 14704K(15104K)->14704K(15104K) NonClass: 12772K(12992K)->12772K(12992K) Class: 1932K(2112K)->1932K(2112K)
[2025-06-03T15:44:07.965+0530][10.721s] GC(54) Pause Young (Normal) (G1 Evacuation Pause) 312M->6M(512M) 1.312ms
[2025-06-03T15:44:07.965+0530][10.721s] GC(54) User=0.01s Sys=0.00s Real=0.00s
[2025-06-03T15:44:08.150+0530][10.907s] GC(55) Pause Young (Normal) (G1 Evacuation Pause)
[2025-06-03T15:44:08.150+0530][10.907s] GC(55) Using 8 workers of 8 for evacuation
[2025-06-03T15:44:08.151+0530][10.907s] GC(55) Skipped phase 1 of Reference Processing: no references
[2025-06-03T15:44:08.151+0530][10.907s] GC(55) Skipped phase 2 of Reference Processing: no references
[2025-06-03T15:44:08.151+0530][10.907s] GC(55) Skipped phase 3 of Reference Processing: no references
[2025-06-03T15:44:08.151+0530][10.908s] GC(55) Skipped phase 4 of Reference Processing: no references
[2025-06-03T15:44:08.151+0530][10.908s] GC(55)   Pre Evacuate Collection Set: 0.1ms
[2025-06-03T15:44:08.151+0530][10.908s] GC(55)   Merge Heap Roots: 0.1ms
[2025-06-03T15:44:08.151+0530][10.908s] GC(55)   Evacuate Collection Set: 0.2ms
[2025-06-03T15:44:08.151+0530][10.908s] GC(55)   Post Evacuate Collection Set: 0.6ms
[2025-06-03T15:44:08.151+0530][10.908s] GC(55)   Other: 0.2ms
[2025-06-03T15:44:08.151+0530][10.908s] GC(55) Eden regions: 306->0(306)
[2025-06-03T15:44:08.151+0530][10.908s] GC(55) Survivor regions: 1->1(39)
[2025-06-03T15:44:08.151+0530][10.908s] GC(55) Old regions: 6->6
[2025-06-03T15:44:08.151+0530][10.908s] GC(55) Archive regions: 2->2
[2025-06-03T15:44:08.151+0530][10.908s] GC(55) Humongous regions: 0->0
[2025-06-03T15:44:08.152+0530][10.908s] GC(55) Metaspace: 14704K(15104K)->14704K(15104K) NonClass: 12772K(12992K)->12772K(12992K) Class: 1932K(2112K)->1932K(2112K)
[2025-06-03T15:44:08.152+0530][10.908s] GC(55) Pause Young (Normal) (G1 Evacuation Pause) 312M->6M(512M) 1.405ms
[2025-06-03T15:44:08.152+0530][10.908s] GC(55) User=0.00s Sys=0.00s Real=0.00s
[2025-06-03T15:44:08.320+0530][11.077s] GC(56) Pause Young (Normal) (G1 Evacuation Pause)
[2025-06-03T15:44:08.320+0530][11.077s] GC(56) Using 8 workers of 8 for evacuation
[2025-06-03T15:44:08.320+0530][11.077s] GC(56) Skipped phase 1 of Reference Processing: no references
[2025-06-03T15:44:08.320+0530][11.077s] GC(56) Skipped phase 2 of Reference Processing: no references
[2025-06-03T15:44:08.320+0530][11.077s] GC(56) Skipped phase 3 of Reference Processing: no references
[2025-06-03T15:44:08.320+0530][11.077s] GC(56) Skipped phase 4 of Reference Processing: no references
[2025-06-03T15:44:08.321+0530][11.077s] GC(56)   Pre Evacuate Collection Set: 0.1ms
[2025-06-03T15:44:08.321+0530][11.078s] GC(56)   Merge Heap Roots: 0.1ms
[2025-06-03T15:44:08.321+0530][11.078s] GC(56)   Evacuate Collection Set: 0.2ms
[2025-06-03T15:44:08.321+0530][11.078s] GC(56)   Post Evacuate Collection Set: 0.4ms
[2025-06-03T15:44:08.321+0530][11.078s] GC(56)   Other: 0.2ms
[2025-06-03T15:44:08.321+0530][11.078s] GC(56) Eden regions: 306->0(306)
[2025-06-03T15:44:08.321+0530][11.078s] GC(56) Survivor regions: 1->1(39)
[2025-06-03T15:44:08.321+0530][11.078s] GC(56) Old regions: 6->6
[2025-06-03T15:44:08.321+0530][11.078s] GC(56) Archive regions: 2->2
[2025-06-03T15:44:08.321+0530][11.078s] GC(56) Humongous regions: 0->0
[2025-06-03T15:44:08.321+0530][11.078s] GC(56) Metaspace: 14704K(15104K)->14704K(15104K) NonClass: 12772K(12992K)->12772K(12992K) Class: 1932K(2112K)->1932K(2112K)
[2025-06-03T15:44:08.321+0530][11.078s] GC(56) Pause Young (Normal) (G1 Evacuation Pause) 312M->6M(512M) 1.131ms
[2025-06-03T15:44:08.321+0530][11.078s] GC(56) User=0.00s Sys=0.00s Real=0.00s
[2025-06-03T15:44:08.495+0530][11.252s] GC(57) Pause Young (Normal) (G1 Evacuation Pause)
[2025-06-03T15:44:08.495+0530][11.252s] GC(57) Using 8 workers of 8 for evacuation
[2025-06-03T15:44:08.496+0530][11.252s] GC(57) Skipped phase 1 of Reference Processing: no references
[2025-06-03T15:44:08.496+0530][11.253s] GC(57) Skipped phase 2 of Reference Processing: no references
[2025-06-03T15:44:08.496+0530][11.253s] GC(57) Skipped phase 3 of Reference Processing: no references
[2025-06-03T15:44:08.496+0530][11.253s] GC(57) Skipped phase 4 of Reference Processing: no references
[2025-06-03T15:44:08.496+0530][11.253s] GC(57)   Pre Evacuate Collection Set: 0.1ms
[2025-06-03T15:44:08.496+0530][11.253s] GC(57)   Merge Heap Roots: 0.1ms
[2025-06-03T15:44:08.497+0530][11.253s] GC(57)   Evacuate Collection Set: 0.3ms
[2025-06-03T15:44:08.497+0530][11.253s] GC(57)   Post Evacuate Collection Set: 0.6ms
[2025-06-03T15:44:08.497+0530][11.253s] GC(57)   Other: 0.2ms
[2025-06-03T15:44:08.497+0530][11.253s] GC(57) Eden regions: 306->0(306)
[2025-06-03T15:44:08.497+0530][11.253s] GC(57) Survivor regions: 1->1(39)
[2025-06-03T15:44:08.497+0530][11.253s] GC(57) Old regions: 6->6
[2025-06-03T15:44:08.497+0530][11.253s] GC(57) Archive regions: 2->2
[2025-06-03T15:44:08.497+0530][11.253s] GC(57) Humongous regions: 0->0
[2025-06-03T15:44:08.497+0530][11.253s] GC(57) Metaspace: 14704K(15104K)->14704K(15104K) NonClass: 12772K(12992K)->12772K(12992K) Class: 1932K(2112K)->1932K(2112K)
[2025-06-03T15:44:08.497+0530][11.254s] GC(57) Pause Young (Normal) (G1 Evacuation Pause) 312M->6M(512M) 1.780ms
[2025-06-03T15:44:08.497+0530][11.254s] GC(57) User=0.00s Sys=0.00s Real=0.00s
[2025-06-03T15:44:08.679+0530][11.435s] GC(58) Pause Young (Normal) (G1 Evacuation Pause)
[2025-06-03T15:44:08.679+0530][11.435s] GC(58) Using 8 workers of 8 for evacuation
[2025-06-03T15:44:08.679+0530][11.436s] GC(58) Skipped phase 1 of Reference Processing: no references
[2025-06-03T15:44:08.679+0530][11.436s] GC(58) Skipped phase 2 of Reference Processing: no references
[2025-06-03T15:44:08.679+0530][11.436s] GC(58) Skipped phase 3 of Reference Processing: no references
[2025-06-03T15:44:08.679+0530][11.436s] GC(58) Skipped phase 4 of Reference Processing: no references
[2025-06-03T15:44:08.680+0530][11.437s] GC(58)   Pre Evacuate Collection Set: 0.1ms
[2025-06-03T15:44:08.680+0530][11.437s] GC(58)   Merge Heap Roots: 0.1ms
[2025-06-03T15:44:08.680+0530][11.437s] GC(58)   Evacuate Collection Set: 0.3ms
[2025-06-03T15:44:08.680+0530][11.437s] GC(58)   Post Evacuate Collection Set: 0.6ms
[2025-06-03T15:44:08.680+0530][11.437s] GC(58)   Other: 0.2ms
[2025-06-03T15:44:08.680+0530][11.437s] GC(58) Eden regions: 306->0(306)
[2025-06-03T15:44:08.680+0530][11.437s] GC(58) Survivor regions: 1->1(39)
[2025-06-03T15:44:08.680+0530][11.437s] GC(58) Old regions: 6->6
[2025-06-03T15:44:08.680+0530][11.437s] GC(58) Archive regions: 2->2
[2025-06-03T15:44:08.680+0530][11.437s] GC(58) Humongous regions: 0->0
[2025-06-03T15:44:08.680+0530][11.437s] GC(58) Metaspace: 14704K(15104K)->14704K(15104K) NonClass: 12772K(12992K)->12772K(12992K) Class: 1932K(2112K)->1932K(2112K)
[2025-06-03T15:44:08.680+0530][11.437s] GC(58) Pause Young (Normal) (G1 Evacuation Pause) 312M->6M(512M) 1.573ms
[2025-06-03T15:44:08.680+0530][11.437s] GC(58) User=0.00s Sys=0.00s Real=0.01s
[2025-06-03T15:44:08.849+0530][11.606s] GC(59) Pause Young (Normal) (G1 Evacuation Pause)
[2025-06-03T15:44:08.850+0530][11.606s] GC(59) Using 8 workers of 8 for evacuation
[2025-06-03T15:44:08.850+0530][11.607s] GC(59) Skipped phase 1 of Reference Processing: no references
[2025-06-03T15:44:08.850+0530][11.607s] GC(59) Skipped phase 2 of Reference Processing: no references
[2025-06-03T15:44:08.850+0530][11.607s] GC(59) Skipped phase 3 of Reference Processing: no references
[2025-06-03T15:44:08.850+0530][11.607s] GC(59) Skipped phase 4 of Reference Processing: no references
[2025-06-03T15:44:08.850+0530][11.607s] GC(59)   Pre Evacuate Collection Set: 0.1ms
[2025-06-03T15:44:08.850+0530][11.607s] GC(59)   Merge Heap Roots: 0.1ms
[2025-06-03T15:44:08.851+0530][11.607s] GC(59)   Evacuate Collection Set: 0.2ms
[2025-06-03T15:44:08.851+0530][11.607s] GC(59)   Post Evacuate Collection Set: 0.4ms
[2025-06-03T15:44:08.851+0530][11.607s] GC(59)   Other: 0.2ms
[2025-06-03T15:44:08.851+0530][11.607s] GC(59) Eden regions: 306->0(306)
[2025-06-03T15:44:08.851+0530][11.607s] GC(59) Survivor regions: 1->1(39)
[2025-06-03T15:44:08.851+0530][11.607s] GC(59) Old regions: 6->6
[2025-06-03T15:44:08.851+0530][11.607s] GC(59) Archive regions: 2->2
[2025-06-03T15:44:08.851+0530][11.607s] GC(59) Humongous regions: 0->0
[2025-06-03T15:44:08.851+0530][11.607s] GC(59) Metaspace: 14704K(15104K)->14704K(15104K) NonClass: 12772K(12992K)->12772K(12992K) Class: 1932K(2112K)->1932K(2112K)
[2025-06-03T15:44:08.851+0530][11.607s] GC(59) Pause Young (Normal) (G1 Evacuation Pause) 312M->6M(512M) 1.193ms
[2025-06-03T15:44:08.851+0530][11.607s] GC(59) User=0.00s Sys=0.00s Real=0.01s
[2025-06-03T15:44:09.018+0530][11.775s] GC(60) Pause Young (Normal) (G1 Evacuation Pause)
[2025-06-03T15:44:09.018+0530][11.775s] GC(60) Using 8 workers of 8 for evacuation
[2025-06-03T15:44:09.018+0530][11.775s] GC(60) Skipped phase 1 of Reference Processing: no references
[2025-06-03T15:44:09.019+0530][11.775s] GC(60) Skipped phase 2 of Reference Processing: no references
[2025-06-03T15:44:09.019+0530][11.775s] GC(60) Skipped phase 3 of Reference Processing: no references
[2025-06-03T15:44:09.019+0530][11.775s] GC(60) Skipped phase 4 of Reference Processing: no references
[2025-06-03T15:44:09.019+0530][11.776s] GC(60)   Pre Evacuate Collection Set: 0.1ms
[2025-06-03T15:44:09.019+0530][11.776s] GC(60)   Merge Heap Roots: 0.1ms
[2025-06-03T15:44:09.019+0530][11.776s] GC(60)   Evacuate Collection Set: 0.3ms
[2025-06-03T15:44:09.019+0530][11.776s] GC(60)   Post Evacuate Collection Set: 0.5ms
[2025-06-03T15:44:09.019+0530][11.776s] GC(60)   Other: 0.2ms
[2025-06-03T15:44:09.019+0530][11.776s] GC(60) Eden regions: 306->0(306)
[2025-06-03T15:44:09.019+0530][11.776s] GC(60) Survivor regions: 1->1(39)
[2025-06-03T15:44:09.019+0530][11.776s] GC(60) Old regions: 6->6
[2025-06-03T15:44:09.019+0530][11.776s] GC(60) Archive regions: 2->2
[2025-06-03T15:44:09.019+0530][11.776s] GC(60) Humongous regions: 0->0
[2025-06-03T15:44:09.019+0530][11.776s] GC(60) Metaspace: 14704K(15104K)->14704K(15104K) NonClass: 12772K(12992K)->12772K(12992K) Class: 1932K(2112K)->1932K(2112K)
[2025-06-03T15:44:09.019+0530][11.776s] GC(60) Pause Young (Normal) (G1 Evacuation Pause) 312M->6M(512M) 1.466ms
[2025-06-03T15:44:09.019+0530][11.776s] GC(60) User=0.00s Sys=0.00s Real=0.00s
[2025-06-03T15:44:09.189+0530][11.946s] GC(61) Pause Young (Normal) (G1 Evacuation Pause)
[2025-06-03T15:44:09.189+0530][11.946s] GC(61) Using 8 workers of 8 for evacuation
[2025-06-03T15:44:09.190+0530][11.947s] GC(61) Skipped phase 1 of Reference Processing: no references
[2025-06-03T15:44:09.190+0530][11.947s] GC(61) Skipped phase 2 of Reference Processing: no references
[2025-06-03T15:44:09.190+0530][11.947s] GC(61) Skipped phase 3 of Reference Processing: no references
[2025-06-03T15:44:09.190+0530][11.947s] GC(61) Skipped phase 4 of Reference Processing: no references
[2025-06-03T15:44:09.190+0530][11.947s] GC(61)   Pre Evacuate Collection Set: 0.1ms
[2025-06-03T15:44:09.190+0530][11.947s] GC(61)   Merge Heap Roots: 0.1ms
[2025-06-03T15:44:09.190+0530][11.947s] GC(61)   Evacuate Collection Set: 0.3ms
[2025-06-03T15:44:09.191+0530][11.947s] GC(61)   Post Evacuate Collection Set: 0.5ms
[2025-06-03T15:44:09.191+0530][11.947s] GC(61)   Other: 0.2ms
[2025-06-03T15:44:09.191+0530][11.947s] GC(61) Eden regions: 306->0(306)
[2025-06-03T15:44:09.191+0530][11.947s] GC(61) Survivor regions: 1->1(39)
[2025-06-03T15:44:09.191+0530][11.947s] GC(61) Old regions: 6->6
[2025-06-03T15:44:09.191+0530][11.947s] GC(61) Archive regions: 2->2
[2025-06-03T15:44:09.191+0530][11.947s] GC(61) Humongous regions: 0->0
[2025-06-03T15:44:09.191+0530][11.947s] GC(61) Metaspace: 14704K(15104K)->14704K(15104K) NonClass: 12772K(12992K)->12772K(12992K) Class: 1932K(2112K)->1932K(2112K)
[2025-06-03T15:44:09.191+0530][11.947s] GC(61) Pause Young (Normal) (G1 Evacuation Pause) 312M->6M(512M) 1.350ms
[2025-06-03T15:44:09.191+0530][11.947s] GC(61) User=0.01s Sys=0.00s Real=0.01s
[2025-06-03T15:44:09.347+0530][12.104s] GC(62) Pause Young (Normal) (G1 Evacuation Pause)
[2025-06-03T15:44:09.347+0530][12.104s] GC(62) Using 8 workers of 8 for evacuation
[2025-06-03T15:44:09.348+0530][12.104s] GC(62) Skipped phase 1 of Reference Processing: no references
[2025-06-03T15:44:09.348+0530][12.104s] GC(62) Skipped phase 2 of Reference Processing: no references
[2025-06-03T15:44:09.348+0530][12.104s] GC(62) Skipped phase 3 of Reference Processing: no references
[2025-06-03T15:44:09.348+0530][12.104s] GC(62) Skipped phase 4 of Reference Processing: no references
[2025-06-03T15:44:09.348+0530][12.105s] GC(62)   Pre Evacuate Collection Set: 0.1ms
[2025-06-03T15:44:09.348+0530][12.105s] GC(62)   Merge Heap Roots: 0.1ms
[2025-06-03T15:44:09.348+0530][12.105s] GC(62)   Evacuate Collection Set: 0.2ms
[2025-06-03T15:44:09.348+0530][12.105s] GC(62)   Post Evacuate Collection Set: 0.5ms
[2025-06-03T15:44:09.348+0530][12.105s] GC(62)   Other: 0.2ms
[2025-06-03T15:44:09.348+0530][12.105s] GC(62) Eden regions: 306->0(306)
[2025-06-03T15:44:09.348+0530][12.105s] GC(62) Survivor regions: 1->1(39)
[2025-06-03T15:44:09.348+0530][12.105s] GC(62) Old regions: 6->6
[2025-06-03T15:44:09.348+0530][12.105s] GC(62) Archive regions: 2->2
[2025-06-03T15:44:09.348+0530][12.105s] GC(62) Humongous regions: 0->0
[2025-06-03T15:44:09.348+0530][12.105s] GC(62) Metaspace: 14704K(15104K)->14704K(15104K) NonClass: 12772K(12992K)->12772K(12992K) Class: 1932K(2112K)->1932K(2112K)
[2025-06-03T15:44:09.348+0530][12.105s] GC(62) Pause Young (Normal) (G1 Evacuation Pause) 312M->6M(512M) 1.490ms
[2025-06-03T15:44:09.349+0530][12.105s] GC(62) User=0.01s Sys=0.00s Real=0.00s
[2025-06-03T15:44:09.506+0530][12.263s] GC(63) Pause Young (Normal) (G1 Evacuation Pause)
[2025-06-03T15:44:09.506+0530][12.263s] GC(63) Using 8 workers of 8 for evacuation
[2025-06-03T15:44:09.506+0530][12.263s] GC(63) Skipped phase 1 of Reference Processing: no references
[2025-06-03T15:44:09.506+0530][12.263s] GC(63) Skipped phase 2 of Reference Processing: no references
[2025-06-03T15:44:09.506+0530][12.263s] GC(63) Skipped phase 3 of Reference Processing: no references
[2025-06-03T15:44:09.506+0530][12.263s] GC(63) Skipped phase 4 of Reference Processing: no references
[2025-06-03T15:44:09.507+0530][12.264s] GC(63)   Pre Evacuate Collection Set: 0.1ms
[2025-06-03T15:44:09.507+0530][12.264s] GC(63)   Merge Heap Roots: 0.1ms
[2025-06-03T15:44:09.507+0530][12.264s] GC(63)   Evacuate Collection Set: 0.2ms
[2025-06-03T15:44:09.507+0530][12.264s] GC(63)   Post Evacuate Collection Set: 0.6ms
[2025-06-03T15:44:09.507+0530][12.264s] GC(63)   Other: 0.2ms
[2025-06-03T15:44:09.507+0530][12.264s] GC(63) Eden regions: 306->0(306)
[2025-06-03T15:44:09.507+0530][12.264s] GC(63) Survivor regions: 1->1(39)
[2025-06-03T15:44:09.507+0530][12.264s] GC(63) Old regions: 6->6
[2025-06-03T15:44:09.507+0530][12.264s] GC(63) Archive regions: 2->2
[2025-06-03T15:44:09.507+0530][12.264s] GC(63) Humongous regions: 0->0
[2025-06-03T15:44:09.507+0530][12.264s] GC(63) Metaspace: 14704K(15104K)->14704K(15104K) NonClass: 12772K(12992K)->12772K(12992K) Class: 1932K(2112K)->1932K(2112K)
[2025-06-03T15:44:09.507+0530][12.264s] GC(63) Pause Young (Normal) (G1 Evacuation Pause) 312M->6M(512M) 1.417ms
[2025-06-03T15:44:09.507+0530][12.264s] GC(63) User=0.00s Sys=0.00s Real=0.00s
[2025-06-03T15:44:09.654+0530][12.411s] GC(64) Pause Young (Normal) (G1 Evacuation Pause)
[2025-06-03T15:44:09.654+0530][12.411s] GC(64) Using 8 workers of 8 for evacuation
[2025-06-03T15:44:09.654+0530][12.411s] GC(64) Skipped phase 1 of Reference Processing: no references
[2025-06-03T15:44:09.654+0530][12.411s] GC(64) Skipped phase 2 of Reference Processing: no references
[2025-06-03T15:44:09.654+0530][12.411s] GC(64) Skipped phase 3 of Reference Processing: no references
[2025-06-03T15:44:09.655+0530][12.411s] GC(64) Skipped phase 4 of Reference Processing: no references
[2025-06-03T15:44:09.655+0530][12.412s] GC(64)   Pre Evacuate Collection Set: 0.1ms
[2025-06-03T15:44:09.655+0530][12.412s] GC(64)   Merge Heap Roots: 0.1ms
[2025-06-03T15:44:09.655+0530][12.412s] GC(64)   Evacuate Collection Set: 0.2ms
[2025-06-03T15:44:09.655+0530][12.412s] GC(64)   Post Evacuate Collection Set: 0.4ms
[2025-06-03T15:44:09.655+0530][12.412s] GC(64)   Other: 0.2ms
[2025-06-03T15:44:09.655+0530][12.412s] GC(64) Eden regions: 306->0(306)
[2025-06-03T15:44:09.655+0530][12.412s] GC(64) Survivor regions: 1->1(39)
[2025-06-03T15:44:09.655+0530][12.412s] GC(64) Old regions: 6->6
[2025-06-03T15:44:09.655+0530][12.412s] GC(64) Archive regions: 2->2
[2025-06-03T15:44:09.655+0530][12.412s] GC(64) Humongous regions: 0->0
[2025-06-03T15:44:09.655+0530][12.412s] GC(64) Metaspace: 14704K(15104K)->14704K(15104K) NonClass: 12772K(12992K)->12772K(12992K) Class: 1932K(2112K)->1932K(2112K)
[2025-06-03T15:44:09.655+0530][12.412s] GC(64) Pause Young (Normal) (G1 Evacuation Pause) 312M->6M(512M) 1.075ms
[2025-06-03T15:44:09.655+0530][12.412s] GC(64) User=0.00s Sys=0.00s Real=0.00s
[2025-06-03T15:44:09.811+0530][12.568s] GC(65) Pause Young (Normal) (G1 Evacuation Pause)
[2025-06-03T15:44:09.811+0530][12.568s] GC(65) Using 8 workers of 8 for evacuation
[2025-06-03T15:44:09.812+0530][12.568s] GC(65) Skipped phase 1 of Reference Processing: no references
[2025-06-03T15:44:09.812+0530][12.568s] GC(65) Skipped phase 2 of Reference Processing: no references
[2025-06-03T15:44:09.812+0530][12.568s] GC(65) Skipped phase 3 of Reference Processing: no references
[2025-06-03T15:44:09.812+0530][12.568s] GC(65) Skipped phase 4 of Reference Processing: no references
[2025-06-03T15:44:09.812+0530][12.569s] GC(65)   Pre Evacuate Collection Set: 0.1ms
[2025-06-03T15:44:09.812+0530][12.569s] GC(65)   Merge Heap Roots: 0.1ms
[2025-06-03T15:44:09.812+0530][12.569s] GC(65)   Evacuate Collection Set: 0.2ms
[2025-06-03T15:44:09.812+0530][12.569s] GC(65)   Post Evacuate Collection Set: 0.5ms
[2025-06-03T15:44:09.812+0530][12.569s] GC(65)   Other: 0.2ms
[2025-06-03T15:44:09.812+0530][12.569s] GC(65) Eden regions: 306->0(306)
[2025-06-03T15:44:09.812+0530][12.569s] GC(65) Survivor regions: 1->1(39)
[2025-06-03T15:44:09.812+0530][12.569s] GC(65) Old regions: 6->6
[2025-06-03T15:44:09.812+0530][12.569s] GC(65) Archive regions: 2->2
[2025-06-03T15:44:09.812+0530][12.569s] GC(65) Humongous regions: 0->0
[2025-06-03T15:44:09.812+0530][12.569s] GC(65) Metaspace: 14704K(15104K)->14704K(15104K) NonClass: 12772K(12992K)->12772K(12992K) Class: 1932K(2112K)->1932K(2112K)
[2025-06-03T15:44:09.812+0530][12.569s] GC(65) Pause Young (Normal) (G1 Evacuation Pause) 312M->6M(512M) 1.248ms
[2025-06-03T15:44:09.812+0530][12.569s] GC(65) User=0.00s Sys=0.00s Real=0.00s
[2025-06-03T15:44:09.968+0530][12.724s] GC(66) Pause Young (Normal) (G1 Evacuation Pause)
[2025-06-03T15:44:09.968+0530][12.724s] GC(66) Using 8 workers of 8 for evacuation
[2025-06-03T15:44:09.968+0530][12.725s] GC(66) Skipped phase 1 of Reference Processing: no references
[2025-06-03T15:44:09.968+0530][12.725s] GC(66) Skipped phase 2 of Reference Processing: no references
[2025-06-03T15:44:09.968+0530][12.725s] GC(66) Skipped phase 3 of Reference Processing: no references
[2025-06-03T15:44:09.968+0530][12.725s] GC(66) Skipped phase 4 of Reference Processing: no references
[2025-06-03T15:44:09.969+0530][12.725s] GC(66)   Pre Evacuate Collection Set: 0.1ms
[2025-06-03T15:44:09.969+0530][12.726s] GC(66)   Merge Heap Roots: 0.1ms
[2025-06-03T15:44:09.969+0530][12.726s] GC(66)   Evacuate Collection Set: 0.2ms
[2025-06-03T15:44:09.969+0530][12.726s] GC(66)   Post Evacuate Collection Set: 0.5ms
[2025-06-03T15:44:09.969+0530][12.726s] GC(66)   Other: 0.3ms
[2025-06-03T15:44:09.969+0530][12.726s] GC(66) Eden regions: 306->0(306)
[2025-06-03T15:44:09.969+0530][12.726s] GC(66) Survivor regions: 1->1(39)
[2025-06-03T15:44:09.969+0530][12.726s] GC(66) Old regions: 6->6
[2025-06-03T15:44:09.969+0530][12.726s] GC(66) Archive regions: 2->2
[2025-06-03T15:44:09.969+0530][12.726s] GC(66) Humongous regions: 0->0
[2025-06-03T15:44:09.969+0530][12.726s] GC(66) Metaspace: 14704K(15104K)->14704K(15104K) NonClass: 12772K(12992K)->12772K(12992K) Class: 1932K(2112K)->1932K(2112K)
[2025-06-03T15:44:09.969+0530][12.726s] GC(66) Pause Young (Normal) (G1 Evacuation Pause) 312M->6M(512M) 1.413ms
[2025-06-03T15:44:09.969+0530][12.726s] GC(66) User=0.00s Sys=0.00s Real=0.00s
[2025-06-03T15:44:10.132+0530][12.889s] GC(67) Pause Young (Normal) (G1 Evacuation Pause)
[2025-06-03T15:44:10.132+0530][12.889s] GC(67) Using 8 workers of 8 for evacuation
[2025-06-03T15:44:10.133+0530][12.889s] GC(67) Skipped phase 1 of Reference Processing: no references
[2025-06-03T15:44:10.133+0530][12.889s] GC(67) Skipped phase 2 of Reference Processing: no references
[2025-06-03T15:44:10.133+0530][12.889s] GC(67) Skipped phase 3 of Reference Processing: no references
[2025-06-03T15:44:10.133+0530][12.889s] GC(67) Skipped phase 4 of Reference Processing: no references
[2025-06-03T15:44:10.133+0530][12.890s] GC(67)   Pre Evacuate Collection Set: 0.1ms
[2025-06-03T15:44:10.133+0530][12.890s] GC(67)   Merge Heap Roots: 0.1ms
[2025-06-03T15:44:10.133+0530][12.890s] GC(67)   Evacuate Collection Set: 0.2ms
[2025-06-03T15:44:10.133+0530][12.890s] GC(67)   Post Evacuate Collection Set: 0.5ms
[2025-06-03T15:44:10.133+0530][12.890s] GC(67)   Other: 0.2ms
[2025-06-03T15:44:10.133+0530][12.890s] GC(67) Eden regions: 306->0(306)
[2025-06-03T15:44:10.133+0530][12.890s] GC(67) Survivor regions: 1->1(39)
[2025-06-03T15:44:10.133+0530][12.890s] GC(67) Old regions: 6->6
[2025-06-03T15:44:10.133+0530][12.890s] GC(67) Archive regions: 2->2
[2025-06-03T15:44:10.133+0530][12.890s] GC(67) Humongous regions: 0->0
[2025-06-03T15:44:10.133+0530][12.890s] GC(67) Metaspace: 14704K(15104K)->14704K(15104K) NonClass: 12772K(12992K)->12772K(12992K) Class: 1932K(2112K)->1932K(2112K)
[2025-06-03T15:44:10.133+0530][12.890s] GC(67) Pause Young (Normal) (G1 Evacuation Pause) 312M->6M(512M) 1.291ms
[2025-06-03T15:44:10.133+0530][12.890s] GC(67) User=0.01s Sys=0.00s Real=0.00s
[2025-06-03T15:44:10.292+0530][13.049s] GC(68) Pause Young (Normal) (G1 Evacuation Pause)
[2025-06-03T15:44:10.292+0530][13.049s] GC(68) Using 8 workers of 8 for evacuation
[2025-06-03T15:44:10.293+0530][13.049s] GC(68) Skipped phase 1 of Reference Processing: no references
[2025-06-03T15:44:10.293+0530][13.049s] GC(68) Skipped phase 2 of Reference Processing: no references
[2025-06-03T15:44:10.293+0530][13.049s] GC(68) Skipped phase 3 of Reference Processing: no references
[2025-06-03T15:44:10.293+0530][13.049s] GC(68) Skipped phase 4 of Reference Processing: no references
[2025-06-03T15:44:10.293+0530][13.050s] GC(68)   Pre Evacuate Collection Set: 0.1ms
[2025-06-03T15:44:10.293+0530][13.050s] GC(68)   Merge Heap Roots: 0.1ms
[2025-06-03T15:44:10.293+0530][13.050s] GC(68)   Evacuate Collection Set: 0.3ms
[2025-06-03T15:44:10.293+0530][13.050s] GC(68)   Post Evacuate Collection Set: 0.5ms
[2025-06-03T15:44:10.293+0530][13.050s] GC(68)   Other: 0.2ms
[2025-06-03T15:44:10.293+0530][13.050s] GC(68) Eden regions: 306->0(306)
[2025-06-03T15:44:10.293+0530][13.050s] GC(68) Survivor regions: 1->1(39)
[2025-06-03T15:44:10.293+0530][13.050s] GC(68) Old regions: 6->6
[2025-06-03T15:44:10.293+0530][13.050s] GC(68) Archive regions: 2->2
[2025-06-03T15:44:10.293+0530][13.050s] GC(68) Humongous regions: 0->0
[2025-06-03T15:44:10.293+0530][13.050s] GC(68) Metaspace: 14704K(15104K)->14704K(15104K) NonClass: 12772K(12992K)->12772K(12992K) Class: 1932K(2112K)->1932K(2112K)
[2025-06-03T15:44:10.293+0530][13.050s] GC(68) Pause Young (Normal) (G1 Evacuation Pause) 312M->6M(512M) 1.373ms
[2025-06-03T15:44:10.293+0530][13.050s] GC(68) User=0.00s Sys=0.00s Real=0.00s
[2025-06-03T15:44:10.452+0530][13.209s] GC(69) Pause Young (Normal) (G1 Evacuation Pause)
[2025-06-03T15:44:10.452+0530][13.209s] GC(69) Using 8 workers of 8 for evacuation
[2025-06-03T15:44:10.453+0530][13.210s] GC(69) Skipped phase 1 of Reference Processing: no references
[2025-06-03T15:44:10.453+0530][13.210s] GC(69) ReferenceProcessor::execute queues: 1, RefProcThreadModel::Single, marks_oops_alive: false
[2025-06-03T15:44:10.453+0530][13.210s] GC(69) Skipped phase 3 of Reference Processing: no references
[2025-06-03T15:44:10.453+0530][13.210s] GC(69) ReferenceProcessor::execute queues: 1, RefProcThreadModel::Single, marks_oops_alive: false
[2025-06-03T15:44:10.453+0530][13.210s] GC(69)   Pre Evacuate Collection Set: 0.1ms
[2025-06-03T15:44:10.453+0530][13.210s] GC(69)   Merge Heap Roots: 0.1ms
[2025-06-03T15:44:10.454+0530][13.210s] GC(69)   Evacuate Collection Set: 0.7ms
[2025-06-03T15:44:10.454+0530][13.210s] GC(69)   Post Evacuate Collection Set: 0.6ms
[2025-06-03T15:44:10.454+0530][13.210s] GC(69)   Other: 0.2ms
[2025-06-03T15:44:10.454+0530][13.210s] GC(69) Eden regions: 306->0(306)
[2025-06-03T15:44:10.454+0530][13.210s] GC(69) Survivor regions: 1->1(39)
[2025-06-03T15:44:10.454+0530][13.210s] GC(69) Old regions: 6->6
[2025-06-03T15:44:10.454+0530][13.210s] GC(69) Archive regions: 2->2
[2025-06-03T15:44:10.454+0530][13.210s] GC(69) Humongous regions: 0->0
[2025-06-03T15:44:10.454+0530][13.210s] GC(69) Metaspace: 15262K(15680K)->15262K(15680K) NonClass: 13251K(13504K)->13251K(13504K) Class: 2010K(2176K)->2010K(2176K)
[2025-06-03T15:44:10.454+0530][13.210s] GC(69) Pause Young (Normal) (G1 Evacuation Pause) 312M->6M(512M) 1.841ms
[2025-06-03T15:44:10.454+0530][13.210s] GC(69) User=0.00s Sys=0.00s Real=0.00s
[2025-06-03T15:44:10.719+0530][13.475s] GC(70) Pause Young (Normal) (G1 Evacuation Pause)
[2025-06-03T15:44:10.719+0530][13.475s] GC(70) Using 8 workers of 8 for evacuation
[2025-06-03T15:44:10.720+0530][13.477s] GC(70) Skipped phase 1 of Reference Processing: no references
[2025-06-03T15:44:10.720+0530][13.477s] GC(70) ReferenceProcessor::execute queues: 1, RefProcThreadModel::Single, marks_oops_alive: false
[2025-06-03T15:44:10.720+0530][13.477s] GC(70) Skipped phase 3 of Reference Processing: no references
[2025-06-03T15:44:10.720+0530][13.477s] GC(70) ReferenceProcessor::execute queues: 1, RefProcThreadModel::Single, marks_oops_alive: false
[2025-06-03T15:44:10.721+0530][13.477s] GC(70)   Pre Evacuate Collection Set: 0.1ms
[2025-06-03T15:44:10.721+0530][13.477s] GC(70)   Merge Heap Roots: 0.1ms
[2025-06-03T15:44:10.721+0530][13.478s] GC(70)   Evacuate Collection Set: 1.2ms
[2025-06-03T15:44:10.721+0530][13.478s] GC(70)   Post Evacuate Collection Set: 0.5ms
[2025-06-03T15:44:10.721+0530][13.478s] GC(70)   Other: 0.2ms
[2025-06-03T15:44:10.721+0530][13.478s] GC(70) Eden regions: 306->0(306)
[2025-06-03T15:44:10.721+0530][13.478s] GC(70) Survivor regions: 1->1(39)
[2025-06-03T15:44:10.721+0530][13.478s] GC(70) Old regions: 6->6
[2025-06-03T15:44:10.721+0530][13.478s] GC(70) Archive regions: 2->2
[2025-06-03T15:44:10.721+0530][13.478s] GC(70) Humongous regions: 0->0
[2025-06-03T15:44:10.721+0530][13.478s] GC(70) Metaspace: 16304K(16640K)->16304K(16640K) NonClass: 14175K(14336K)->14175K(14336K) Class: 2129K(2304K)->2129K(2304K)
[2025-06-03T15:44:10.721+0530][13.478s] GC(70) Pause Young (Normal) (G1 Evacuation Pause) 312M->7M(512M) 2.225ms
[2025-06-03T15:44:10.721+0530][13.478s] GC(70) User=0.02s Sys=0.00s Real=0.01s
[2025-06-03T15:44:11.254+0530][14.011s] GC(71) Pause Young (Normal) (G1 Evacuation Pause)
[2025-06-03T15:44:11.254+0530][14.011s] GC(71) Using 8 workers of 8 for evacuation
[2025-06-03T15:44:11.256+0530][14.013s] GC(71) Skipped phase 1 of Reference Processing: no references
[2025-06-03T15:44:11.256+0530][14.013s] GC(71) ReferenceProcessor::execute queues: 1, RefProcThreadModel::Single, marks_oops_alive: false
[2025-06-03T15:44:11.256+0530][14.013s] GC(71) Skipped phase 3 of Reference Processing: no references
[2025-06-03T15:44:11.256+0530][14.013s] GC(71) ReferenceProcessor::execute queues: 1, RefProcThreadModel::Single, marks_oops_alive: false
[2025-06-03T15:44:11.257+0530][14.013s] GC(71)   Pre Evacuate Collection Set: 0.1ms
[2025-06-03T15:44:11.257+0530][14.013s] GC(71)   Merge Heap Roots: 0.1ms
[2025-06-03T15:44:11.257+0530][14.013s] GC(71)   Evacuate Collection Set: 1.4ms
[2025-06-03T15:44:11.257+0530][14.013s] GC(71)   Post Evacuate Collection Set: 0.6ms
[2025-06-03T15:44:11.257+0530][14.013s] GC(71)   Other: 0.2ms
[2025-06-03T15:44:11.257+0530][14.014s] GC(71) Eden regions: 306->0(305)
[2025-06-03T15:44:11.257+0530][14.014s] GC(71) Survivor regions: 1->2(39)
[2025-06-03T15:44:11.257+0530][14.014s] GC(71) Old regions: 6->6
[2025-06-03T15:44:11.257+0530][14.014s] GC(71) Archive regions: 2->2
[2025-06-03T15:44:11.257+0530][14.014s] GC(71) Humongous regions: 0->0
[2025-06-03T15:44:11.257+0530][14.014s] GC(71) Metaspace: 18005K(18432K)->18005K(18432K) NonClass: 15690K(15936K)->15690K(15936K) Class: 2314K(2496K)->2314K(2496K)
[2025-06-03T15:44:11.257+0530][14.014s] GC(71) Pause Young (Normal) (G1 Evacuation Pause) 313M->8M(512M) 2.767ms
[2025-06-03T15:44:11.257+0530][14.014s] GC(71) User=0.02s Sys=0.00s Real=0.00s
[2025-06-03T15:44:11.637+0530][14.394s] GC(72) Pause Young (Normal) (G1 Evacuation Pause)
[2025-06-03T15:44:11.638+0530][14.394s] GC(72) Using 8 workers of 8 for evacuation
[2025-06-03T15:44:11.640+0530][14.397s] GC(72) Skipped phase 1 of Reference Processing: no references
[2025-06-03T15:44:11.640+0530][14.397s] GC(72) ReferenceProcessor::execute queues: 1, RefProcThreadModel::Single, marks_oops_alive: false
[2025-06-03T15:44:11.640+0530][14.397s] GC(72) Skipped phase 3 of Reference Processing: no references
[2025-06-03T15:44:11.640+0530][14.397s] GC(72) ReferenceProcessor::execute queues: 1, RefProcThreadModel::Single, marks_oops_alive: false
[2025-06-03T15:44:11.641+0530][14.398s] GC(72)   Pre Evacuate Collection Set: 0.1ms
[2025-06-03T15:44:11.641+0530][14.398s] GC(72)   Merge Heap Roots: 0.1ms
[2025-06-03T15:44:11.641+0530][14.398s] GC(72)   Evacuate Collection Set: 2.5ms
[2025-06-03T15:44:11.641+0530][14.398s] GC(72)   Post Evacuate Collection Set: 0.7ms
[2025-06-03T15:44:11.641+0530][14.398s] GC(72)   Other: 0.2ms
[2025-06-03T15:44:11.641+0530][14.398s] GC(72) Eden regions: 305->0(304)
[2025-06-03T15:44:11.641+0530][14.398s] GC(72) Survivor regions: 2->3(39)
[2025-06-03T15:44:11.641+0530][14.398s] GC(72) Old regions: 6->6
[2025-06-03T15:44:11.641+0530][14.398s] GC(72) Archive regions: 2->2
[2025-06-03T15:44:11.641+0530][14.398s] GC(72) Humongous regions: 0->0
[2025-06-03T15:44:11.641+0530][14.398s] GC(72) Metaspace: 19734K(20160K)->19734K(20160K) NonClass: 17192K(17408K)->17192K(17408K) Class: 2541K(2752K)->2541K(2752K)
[2025-06-03T15:44:11.641+0530][14.398s] GC(72) Pause Young (Normal) (G1 Evacuation Pause) 313M->8M(512M) 4.023ms
[2025-06-03T15:44:11.642+0530][14.398s] GC(72) User=0.02s Sys=0.00s Real=0.01s
[2025-06-03T15:44:12.041+0530][14.798s] GC(73) Pause Young (Normal) (G1 Evacuation Pause)
[2025-06-03T15:44:12.041+0530][14.798s] GC(73) Using 8 workers of 8 for evacuation
[2025-06-03T15:44:12.045+0530][14.801s] GC(73) Skipped phase 1 of Reference Processing: no references
[2025-06-03T15:44:12.045+0530][14.801s] GC(73) ReferenceProcessor::execute queues: 1, RefProcThreadModel::Single, marks_oops_alive: false
[2025-06-03T15:44:12.045+0530][14.802s] GC(73) Skipped phase 3 of Reference Processing: no references
[2025-06-03T15:44:12.045+0530][14.802s] GC(73) ReferenceProcessor::execute queues: 1, RefProcThreadModel::Single, marks_oops_alive: false
[2025-06-03T15:44:12.045+0530][14.802s] GC(73)   Pre Evacuate Collection Set: 0.1ms
[2025-06-03T15:44:12.045+0530][14.802s] GC(73)   Merge Heap Roots: 0.1ms
[2025-06-03T15:44:12.045+0530][14.802s] GC(73)   Evacuate Collection Set: 3.2ms
[2025-06-03T15:44:12.045+0530][14.802s] GC(73)   Post Evacuate Collection Set: 0.8ms
[2025-06-03T15:44:12.045+0530][14.802s] GC(73)   Other: 0.2ms
[2025-06-03T15:44:12.046+0530][14.802s] GC(73) Eden regions: 304->0(304)
[2025-06-03T15:44:12.046+0530][14.802s] GC(73) Survivor regions: 3->3(39)
[2025-06-03T15:44:12.046+0530][14.802s] GC(73) Old regions: 6->6
[2025-06-03T15:44:12.046+0530][14.802s] GC(73) Archive regions: 2->2
[2025-06-03T15:44:12.046+0530][14.802s] GC(73) Humongous regions: 0->0
[2025-06-03T15:44:12.046+0530][14.802s] GC(73) Metaspace: 19888K(20352K)->19888K(20352K) NonClass: 17328K(17600K)->17328K(17600K) Class: 2559K(2752K)->2559K(2752K)
[2025-06-03T15:44:12.046+0530][14.803s] GC(73) Pause Young (Normal) (G1 Evacuation Pause) 312M->8M(512M) 4.719ms
[2025-06-03T15:44:12.046+0530][14.803s] GC(73) User=0.03s Sys=0.00s Real=0.00s
[2025-06-03T15:44:12.414+0530][15.171s] GC(74) Pause Young (Normal) (G1 Evacuation Pause)
[2025-06-03T15:44:12.414+0530][15.171s] GC(74) Using 8 workers of 8 for evacuation
[2025-06-03T15:44:12.417+0530][15.174s] GC(74) Skipped phase 1 of Reference Processing: no references
[2025-06-03T15:44:12.417+0530][15.174s] GC(74) ReferenceProcessor::execute queues: 1, RefProcThreadModel::Single, marks_oops_alive: false
[2025-06-03T15:44:12.417+0530][15.174s] GC(74) Skipped phase 3 of Reference Processing: no references
[2025-06-03T15:44:12.417+0530][15.174s] GC(74) ReferenceProcessor::execute queues: 1, RefProcThreadModel::Single, marks_oops_alive: false
[2025-06-03T15:44:12.418+0530][15.175s] GC(74)   Pre Evacuate Collection Set: 0.1ms
[2025-06-03T15:44:12.418+0530][15.175s] GC(74)   Merge Heap Roots: 0.1ms
[2025-06-03T15:44:12.418+0530][15.175s] GC(74)   Evacuate Collection Set: 2.5ms
[2025-06-03T15:44:12.418+0530][15.175s] GC(74)   Post Evacuate Collection Set: 0.6ms
[2025-06-03T15:44:12.418+0530][15.175s] GC(74)   Other: 0.2ms
[2025-06-03T15:44:12.418+0530][15.175s] GC(74) Eden regions: 304->0(304)
[2025-06-03T15:44:12.418+0530][15.175s] GC(74) Survivor regions: 3->3(39)
[2025-06-03T15:44:12.418+0530][15.175s] GC(74) Old regions: 6->6
[2025-06-03T15:44:12.418+0530][15.175s] GC(74) Archive regions: 2->2
[2025-06-03T15:44:12.418+0530][15.175s] GC(74) Humongous regions: 0->0
[2025-06-03T15:44:12.418+0530][15.175s] GC(74) Metaspace: 19889K(20352K)->19889K(20352K) NonClass: 17329K(17600K)->17329K(17600K) Class: 2559K(2752K)->2559K(2752K)
[2025-06-03T15:44:12.418+0530][15.175s] GC(74) Pause Young (Normal) (G1 Evacuation Pause) 312M->8M(512M) 3.800ms
[2025-06-03T15:44:12.418+0530][15.175s] GC(74) User=0.02s Sys=0.01s Real=0.00s
[2025-06-03T15:44:12.768+0530][15.525s] GC(75) Pause Young (Normal) (G1 Evacuation Pause)
[2025-06-03T15:44:12.769+0530][15.525s] GC(75) Using 8 workers of 8 for evacuation
[2025-06-03T15:44:12.772+0530][15.528s] GC(75) Skipped phase 1 of Reference Processing: no references
[2025-06-03T15:44:12.772+0530][15.528s] GC(75) ReferenceProcessor::execute queues: 1, RefProcThreadModel::Single, marks_oops_alive: false
[2025-06-03T15:44:12.772+0530][15.529s] GC(75) Skipped phase 3 of Reference Processing: no references
[2025-06-03T15:44:12.772+0530][15.529s] GC(75) ReferenceProcessor::execute queues: 1, RefProcThreadModel::Single, marks_oops_alive: false
[2025-06-03T15:44:12.772+0530][15.529s] GC(75)   Pre Evacuate Collection Set: 0.1ms
[2025-06-03T15:44:12.772+0530][15.529s] GC(75)   Merge Heap Roots: 0.1ms
[2025-06-03T15:44:12.772+0530][15.529s] GC(75)   Evacuate Collection Set: 2.8ms
[2025-06-03T15:44:12.772+0530][15.529s] GC(75)   Post Evacuate Collection Set: 0.7ms
[2025-06-03T15:44:12.773+0530][15.529s] GC(75)   Other: 0.2ms
[2025-06-03T15:44:12.773+0530][15.529s] GC(75) Eden regions: 304->0(304)
[2025-06-03T15:44:12.773+0530][15.529s] GC(75) Survivor regions: 3->3(39)
[2025-06-03T15:44:12.773+0530][15.529s] GC(75) Old regions: 6->6
[2025-06-03T15:44:12.773+0530][15.529s] GC(75) Archive regions: 2->2
[2025-06-03T15:44:12.773+0530][15.529s] GC(75) Humongous regions: 0->0
[2025-06-03T15:44:12.773+0530][15.529s] GC(75) Metaspace: 19893K(20352K)->19893K(20352K) NonClass: 17333K(17600K)->17333K(17600K) Class: 2559K(2752K)->2559K(2752K)
[2025-06-03T15:44:12.773+0530][15.530s] GC(75) Pause Young (Normal) (G1 Evacuation Pause) 312M->8M(512M) 4.288ms
[2025-06-03T15:44:12.773+0530][15.530s] GC(75) User=0.02s Sys=0.00s Real=0.01s
[2025-06-03T15:44:13.143+0530][15.900s] GC(76) Pause Young (Normal) (G1 Evacuation Pause)
[2025-06-03T15:44:13.143+0530][15.900s] GC(76) Using 8 workers of 8 for evacuation
[2025-06-03T15:44:13.145+0530][15.902s] GC(76) Skipped phase 1 of Reference Processing: no references
[2025-06-03T15:44:13.146+0530][15.902s] GC(76) ReferenceProcessor::execute queues: 1, RefProcThreadModel::Single, marks_oops_alive: false
[2025-06-03T15:44:13.146+0530][15.902s] GC(76) Skipped phase 3 of Reference Processing: no references
[2025-06-03T15:44:13.146+0530][15.902s] GC(76) ReferenceProcessor::execute queues: 1, RefProcThreadModel::Single, marks_oops_alive: false
[2025-06-03T15:44:13.146+0530][15.903s] GC(76)   Pre Evacuate Collection Set: 0.1ms
[2025-06-03T15:44:13.146+0530][15.903s] GC(76)   Merge Heap Roots: 0.1ms
[2025-06-03T15:44:13.146+0530][15.903s] GC(76)   Evacuate Collection Set: 2.0ms
[2025-06-03T15:44:13.146+0530][15.903s] GC(76)   Post Evacuate Collection Set: 0.7ms
[2025-06-03T15:44:13.146+0530][15.903s] GC(76)   Other: 0.3ms
[2025-06-03T15:44:13.146+0530][15.903s] GC(76) Eden regions: 304->0(304)
[2025-06-03T15:44:13.146+0530][15.903s] GC(76) Survivor regions: 3->3(39)
[2025-06-03T15:44:13.146+0530][15.903s] GC(76) Old regions: 6->6
[2025-06-03T15:44:13.146+0530][15.903s] GC(76) Archive regions: 2->2
[2025-06-03T15:44:13.146+0530][15.903s] GC(76) Humongous regions: 0->0
[2025-06-03T15:44:13.147+0530][15.903s] GC(76) Metaspace: 19931K(20416K)->19931K(20416K) NonClass: 17368K(17600K)->17368K(17600K) Class: 2562K(2816K)->2562K(2816K)
[2025-06-03T15:44:13.147+0530][15.903s] GC(76) Pause Young (Normal) (G1 Evacuation Pause) 312M->8M(512M) 3.475ms
[2025-06-03T15:44:13.147+0530][15.903s] GC(76) User=0.01s Sys=0.00s Real=0.00s
[2025-06-03T15:44:13.478+0530][16.235s] GC(77) Pause Young (Normal) (G1 Evacuation Pause)
[2025-06-03T15:44:13.478+0530][16.235s] GC(77) Using 8 workers of 8 for evacuation
[2025-06-03T15:44:13.481+0530][16.238s] GC(77) Skipped phase 1 of Reference Processing: no references
[2025-06-03T15:44:13.481+0530][16.238s] GC(77) ReferenceProcessor::execute queues: 1, RefProcThreadModel::Single, marks_oops_alive: false
[2025-06-03T15:44:13.481+0530][16.238s] GC(77) Skipped phase 3 of Reference Processing: no references
[2025-06-03T15:44:13.481+0530][16.238s] GC(77) ReferenceProcessor::execute queues: 1, RefProcThreadModel::Single, marks_oops_alive: false
[2025-06-03T15:44:13.482+0530][16.239s] GC(77)   Pre Evacuate Collection Set: 0.1ms
[2025-06-03T15:44:13.482+0530][16.239s] GC(77)   Merge Heap Roots: 0.1ms
[2025-06-03T15:44:13.482+0530][16.239s] GC(77)   Evacuate Collection Set: 2.1ms
[2025-06-03T15:44:13.482+0530][16.239s] GC(77)   Post Evacuate Collection Set: 0.8ms
[2025-06-03T15:44:13.482+0530][16.239s] GC(77)   Other: 0.3ms
[2025-06-03T15:44:13.482+0530][16.239s] GC(77) Eden regions: 304->0(304)
[2025-06-03T15:44:13.482+0530][16.239s] GC(77) Survivor regions: 3->3(39)
[2025-06-03T15:44:13.482+0530][16.239s] GC(77) Old regions: 6->6
[2025-06-03T15:44:13.482+0530][16.239s] GC(77) Archive regions: 2->2
[2025-06-03T15:44:13.482+0530][16.239s] GC(77) Humongous regions: 0->0
[2025-06-03T15:44:13.482+0530][16.239s] GC(77) Metaspace: 19931K(20416K)->19931K(20416K) NonClass: 17368K(17600K)->17368K(17600K) Class: 2562K(2816K)->2562K(2816K)
[2025-06-03T15:44:13.482+0530][16.239s] GC(77) Pause Young (Normal) (G1 Evacuation Pause) 312M->8M(512M) 3.671ms
[2025-06-03T15:44:13.482+0530][16.239s] GC(77) User=0.02s Sys=0.00s Real=0.01s
[2025-06-03T15:44:13.797+0530][16.554s] GC(78) Pause Young (Normal) (G1 Evacuation Pause)
[2025-06-03T15:44:13.797+0530][16.554s] GC(78) Using 8 workers of 8 for evacuation
[2025-06-03T15:44:13.801+0530][16.558s] GC(78) Skipped phase 1 of Reference Processing: no references
[2025-06-03T15:44:13.801+0530][16.558s] GC(78) ReferenceProcessor::execute queues: 1, RefProcThreadModel::Single, marks_oops_alive: false
[2025-06-03T15:44:13.801+0530][16.558s] GC(78) Skipped phase 3 of Reference Processing: no references
[2025-06-03T15:44:13.801+0530][16.558s] GC(78) ReferenceProcessor::execute queues: 1, RefProcThreadModel::Single, marks_oops_alive: false
[2025-06-03T15:44:13.802+0530][16.558s] GC(78)   Pre Evacuate Collection Set: 0.2ms
[2025-06-03T15:44:13.802+0530][16.559s] GC(78)   Merge Heap Roots: 0.1ms
[2025-06-03T15:44:13.802+0530][16.559s] GC(78)   Evacuate Collection Set: 3.1ms
[2025-06-03T15:44:13.802+0530][16.559s] GC(78)   Post Evacuate Collection Set: 0.6ms
[2025-06-03T15:44:13.802+0530][16.559s] GC(78)   Other: 0.3ms
[2025-06-03T15:44:13.802+0530][16.559s] GC(78) Eden regions: 304->0(304)
[2025-06-03T15:44:13.802+0530][16.559s] GC(78) Survivor regions: 3->3(39)
[2025-06-03T15:44:13.802+0530][16.559s] GC(78) Old regions: 6->6
[2025-06-03T15:44:13.802+0530][16.559s] GC(78) Archive regions: 2->2
[2025-06-03T15:44:13.802+0530][16.559s] GC(78) Humongous regions: 0->0
[2025-06-03T15:44:13.802+0530][16.559s] GC(78) Metaspace: 19932K(20416K)->19932K(20416K) NonClass: 17370K(17600K)->17370K(17600K) Class: 2562K(2816K)->2562K(2816K)
[2025-06-03T15:44:13.802+0530][16.559s] GC(78) Pause Young (Normal) (G1 Evacuation Pause) 312M->8M(512M) 4.525ms
[2025-06-03T15:44:13.802+0530][16.559s] GC(78) User=0.02s Sys=0.00s Real=0.01s
[2025-06-03T15:44:14.049+0530][16.805s] GC(79) Pause Young (Normal) (G1 Evacuation Pause)
[2025-06-03T15:44:14.049+0530][16.805s] GC(79) Using 8 workers of 8 for evacuation
[2025-06-03T15:44:14.053+0530][16.810s] GC(79) Skipped phase 1 of Reference Processing: no references
[2025-06-03T15:44:14.053+0530][16.810s] GC(79) ReferenceProcessor::execute queues: 1, RefProcThreadModel::Single, marks_oops_alive: false
[2025-06-03T15:44:14.053+0530][16.810s] GC(79) Skipped phase 3 of Reference Processing: no references
[2025-06-03T15:44:14.053+0530][16.810s] GC(79) ReferenceProcessor::execute queues: 1, RefProcThreadModel::Single, marks_oops_alive: false
[2025-06-03T15:44:14.054+0530][16.811s] GC(79)   Pre Evacuate Collection Set: 0.1ms
[2025-06-03T15:44:14.054+0530][16.811s] GC(79)   Merge Heap Roots: 0.1ms
[2025-06-03T15:44:14.054+0530][16.811s] GC(79)   Evacuate Collection Set: 3.8ms
[2025-06-03T15:44:14.054+0530][16.811s] GC(79)   Post Evacuate Collection Set: 1.1ms
[2025-06-03T15:44:14.054+0530][16.811s] GC(79)   Other: 0.3ms
[2025-06-03T15:44:14.054+0530][16.811s] GC(79) Eden regions: 304->0(304)
[2025-06-03T15:44:14.054+0530][16.811s] GC(79) Survivor regions: 3->3(39)
[2025-06-03T15:44:14.054+0530][16.811s] GC(79) Old regions: 6->6
[2025-06-03T15:44:14.054+0530][16.811s] GC(79) Archive regions: 2->2
[2025-06-03T15:44:14.054+0530][16.811s] GC(79) Humongous regions: 0->0
[2025-06-03T15:44:14.054+0530][16.811s] GC(79) Metaspace: 20046K(20544K)->20046K(20544K) NonClass: 17470K(17728K)->17470K(17728K) Class: 2576K(2816K)->2576K(2816K)
[2025-06-03T15:44:14.054+0530][16.811s] GC(79) Pause Young (Normal) (G1 Evacuation Pause) 312M->8M(512M) 5.967ms
[2025-06-03T15:44:14.055+0530][16.811s] GC(79) User=0.03s Sys=0.00s Real=0.01s
[2025-06-03T15:44:14.325+0530][17.081s] GC(80) Pause Young (Normal) (G1 Evacuation Pause)
[2025-06-03T15:44:14.325+0530][17.082s] GC(80) Using 8 workers of 8 for evacuation
[2025-06-03T15:44:14.328+0530][17.085s] GC(80) Skipped phase 1 of Reference Processing: no references
[2025-06-03T15:44:14.328+0530][17.085s] GC(80) ReferenceProcessor::execute queues: 1, RefProcThreadModel::Single, marks_oops_alive: false
[2025-06-03T15:44:14.328+0530][17.085s] GC(80) Skipped phase 3 of Reference Processing: no references
[2025-06-03T15:44:14.328+0530][17.085s] GC(80) ReferenceProcessor::execute queues: 1, RefProcThreadModel::Single, marks_oops_alive: false
[2025-06-03T15:44:14.328+0530][17.085s] GC(80)   Pre Evacuate Collection Set: 0.1ms
[2025-06-03T15:44:14.328+0530][17.085s] GC(80)   Merge Heap Roots: 0.1ms
[2025-06-03T15:44:14.329+0530][17.085s] GC(80)   Evacuate Collection Set: 2.8ms
[2025-06-03T15:44:14.329+0530][17.085s] GC(80)   Post Evacuate Collection Set: 0.6ms
[2025-06-03T15:44:14.329+0530][17.085s] GC(80)   Other: 0.2ms
[2025-06-03T15:44:14.329+0530][17.085s] GC(80) Eden regions: 304->0(304)
[2025-06-03T15:44:14.329+0530][17.085s] GC(80) Survivor regions: 3->3(39)
[2025-06-03T15:44:14.329+0530][17.085s] GC(80) Old regions: 6->6
[2025-06-03T15:44:14.329+0530][17.085s] GC(80) Archive regions: 2->2
[2025-06-03T15:44:14.329+0530][17.085s] GC(80) Humongous regions: 0->0
[2025-06-03T15:44:14.329+0530][17.085s] GC(80) Metaspace: 20046K(20544K)->20046K(20544K) NonClass: 17470K(17728K)->17470K(17728K) Class: 2576K(2816K)->2576K(2816K)
[2025-06-03T15:44:14.329+0530][17.086s] GC(80) Pause Young (Normal) (G1 Evacuation Pause) 312M->8M(512M) 4.069ms
[2025-06-03T15:44:14.329+0530][17.086s] GC(80) User=0.02s Sys=0.01s Real=0.00s
[2025-06-03T15:44:14.643+0530][17.400s] GC(81) Pause Young (Normal) (G1 Evacuation Pause)
[2025-06-03T15:44:14.643+0530][17.400s] GC(81) Using 8 workers of 8 for evacuation
[2025-06-03T15:44:14.646+0530][17.403s] GC(81) Skipped phase 1 of Reference Processing: no references
[2025-06-03T15:44:14.647+0530][17.403s] GC(81) ReferenceProcessor::execute queues: 1, RefProcThreadModel::Single, marks_oops_alive: false
[2025-06-03T15:44:14.647+0530][17.403s] GC(81) Skipped phase 3 of Reference Processing: no references
[2025-06-03T15:44:14.647+0530][17.403s] GC(81) ReferenceProcessor::execute queues: 1, RefProcThreadModel::Single, marks_oops_alive: false
[2025-06-03T15:44:14.647+0530][17.404s] GC(81)   Pre Evacuate Collection Set: 0.1ms
[2025-06-03T15:44:14.647+0530][17.404s] GC(81)   Merge Heap Roots: 0.1ms
[2025-06-03T15:44:14.647+0530][17.404s] GC(81)   Evacuate Collection Set: 2.7ms
[2025-06-03T15:44:14.647+0530][17.404s] GC(81)   Post Evacuate Collection Set: 0.6ms
[2025-06-03T15:44:14.647+0530][17.404s] GC(81)   Other: 0.2ms
[2025-06-03T15:44:14.647+0530][17.404s] GC(81) Eden regions: 304->0(304)
[2025-06-03T15:44:14.647+0530][17.404s] GC(81) Survivor regions: 3->3(39)
[2025-06-03T15:44:14.647+0530][17.404s] GC(81) Old regions: 6->6
[2025-06-03T15:44:14.647+0530][17.404s] GC(81) Archive regions: 2->2
[2025-06-03T15:44:14.647+0530][17.404s] GC(81) Humongous regions: 0->0
[2025-06-03T15:44:14.647+0530][17.404s] GC(81) Metaspace: 20046K(20544K)->20046K(20544K) NonClass: 17470K(17728K)->17470K(17728K) Class: 2576K(2816K)->2576K(2816K)
[2025-06-03T15:44:14.647+0530][17.404s] GC(81) Pause Young (Normal) (G1 Evacuation Pause) 312M->8M(512M) 4.036ms
[2025-06-03T15:44:14.647+0530][17.404s] GC(81) User=0.02s Sys=0.00s Real=0.00s
[2025-06-03T15:44:14.934+0530][17.691s] GC(82) Pause Young (Normal) (G1 Evacuation Pause)
[2025-06-03T15:44:14.934+0530][17.691s] GC(82) Using 8 workers of 8 for evacuation
[2025-06-03T15:44:14.938+0530][17.694s] GC(82) Skipped phase 1 of Reference Processing: no references
[2025-06-03T15:44:14.938+0530][17.694s] GC(82) ReferenceProcessor::execute queues: 1, RefProcThreadModel::Single, marks_oops_alive: false
[2025-06-03T15:44:14.938+0530][17.695s] GC(82) Skipped phase 3 of Reference Processing: no references
[2025-06-03T15:44:14.938+0530][17.695s] GC(82) ReferenceProcessor::execute queues: 1, RefProcThreadModel::Single, marks_oops_alive: false
[2025-06-03T15:44:14.938+0530][17.695s] GC(82)   Pre Evacuate Collection Set: 0.1ms
[2025-06-03T15:44:14.938+0530][17.695s] GC(82)   Merge Heap Roots: 0.1ms
[2025-06-03T15:44:14.938+0530][17.695s] GC(82)   Evacuate Collection Set: 2.8ms
[2025-06-03T15:44:14.938+0530][17.695s] GC(82)   Post Evacuate Collection Set: 0.7ms
[2025-06-03T15:44:14.938+0530][17.695s] GC(82)   Other: 0.2ms
[2025-06-03T15:44:14.938+0530][17.695s] GC(82) Eden regions: 304->0(304)
[2025-06-03T15:44:14.939+0530][17.695s] GC(82) Survivor regions: 3->3(39)
[2025-06-03T15:44:14.939+0530][17.695s] GC(82) Old regions: 6->6
[2025-06-03T15:44:14.939+0530][17.695s] GC(82) Archive regions: 2->2
[2025-06-03T15:44:14.939+0530][17.695s] GC(82) Humongous regions: 0->0
[2025-06-03T15:44:14.939+0530][17.695s] GC(82) Metaspace: 20071K(20544K)->20071K(20544K) NonClass: 17493K(17728K)->17493K(17728K) Class: 2577K(2816K)->2577K(2816K)
[2025-06-03T15:44:14.939+0530][17.696s] GC(82) Pause Young (Normal) (G1 Evacuation Pause) 312M->8M(512M) 4.372ms
[2025-06-03T15:44:14.939+0530][17.696s] GC(82) User=0.02s Sys=0.01s Real=0.00s
[2025-06-03T15:44:15.175+0530][17.931s] GC(83) Pause Young (Normal) (G1 Evacuation Pause)
[2025-06-03T15:44:15.175+0530][17.932s] GC(83) Using 8 workers of 8 for evacuation
[2025-06-03T15:44:15.177+0530][17.934s] GC(83) Skipped phase 1 of Reference Processing: no references
[2025-06-03T15:44:15.177+0530][17.934s] GC(83) ReferenceProcessor::execute queues: 1, RefProcThreadModel::Single, marks_oops_alive: false
[2025-06-03T15:44:15.177+0530][17.934s] GC(83) Skipped phase 3 of Reference Processing: no references
[2025-06-03T15:44:15.177+0530][17.934s] GC(83) ReferenceProcessor::execute queues: 1, RefProcThreadModel::Single, marks_oops_alive: false
[2025-06-03T15:44:15.178+0530][17.935s] GC(83)   Pre Evacuate Collection Set: 0.1ms
[2025-06-03T15:44:15.178+0530][17.935s] GC(83)   Merge Heap Roots: 0.1ms
[2025-06-03T15:44:15.178+0530][17.935s] GC(83)   Evacuate Collection Set: 2.2ms
[2025-06-03T15:44:15.178+0530][17.935s] GC(83)   Post Evacuate Collection Set: 0.5ms
[2025-06-03T15:44:15.178+0530][17.935s] GC(83)   Other: 0.2ms
[2025-06-03T15:44:15.178+0530][17.935s] GC(83) Eden regions: 304->0(304)
[2025-06-03T15:44:15.178+0530][17.935s] GC(83) Survivor regions: 3->3(39)
[2025-06-03T15:44:15.178+0530][17.935s] GC(83) Old regions: 6->6
[2025-06-03T15:44:15.178+0530][17.935s] GC(83) Archive regions: 2->2
[2025-06-03T15:44:15.178+0530][17.935s] GC(83) Humongous regions: 0->0
[2025-06-03T15:44:15.178+0530][17.935s] GC(83) Metaspace: 20071K(20544K)->20071K(20544K) NonClass: 17493K(17728K)->17493K(17728K) Class: 2577K(2816K)->2577K(2816K)
[2025-06-03T15:44:15.178+0530][17.935s] GC(83) Pause Young (Normal) (G1 Evacuation Pause) 312M->8M(512M) 3.243ms
[2025-06-03T15:44:15.178+0530][17.935s] GC(83) User=0.02s Sys=0.00s Real=0.00s
[2025-06-03T15:44:15.368+0530][18.124s] GC(84) Pause Young (Normal) (G1 Evacuation Pause)
[2025-06-03T15:44:15.368+0530][18.124s] GC(84) Using 8 workers of 8 for evacuation
[2025-06-03T15:44:15.370+0530][18.127s] GC(84) Skipped phase 1 of Reference Processing: no references
[2025-06-03T15:44:15.370+0530][18.127s] GC(84) ReferenceProcessor::execute queues: 1, RefProcThreadModel::Single, marks_oops_alive: false
[2025-06-03T15:44:15.370+0530][18.127s] GC(84) Skipped phase 3 of Reference Processing: no references
[2025-06-03T15:44:15.370+0530][18.127s] GC(84) ReferenceProcessor::execute queues: 1, RefProcThreadModel::Single, marks_oops_alive: false
[2025-06-03T15:44:15.371+0530][18.128s] GC(84)   Pre Evacuate Collection Set: 0.1ms
[2025-06-03T15:44:15.371+0530][18.128s] GC(84)   Merge Heap Roots: 0.1ms
[2025-06-03T15:44:15.371+0530][18.128s] GC(84)   Evacuate Collection Set: 2.2ms
[2025-06-03T15:44:15.371+0530][18.128s] GC(84)   Post Evacuate Collection Set: 0.7ms
[2025-06-03T15:44:15.371+0530][18.128s] GC(84)   Other: 0.2ms
[2025-06-03T15:44:15.371+0530][18.128s] GC(84) Eden regions: 304->0(304)
[2025-06-03T15:44:15.371+0530][18.128s] GC(84) Survivor regions: 3->3(39)
[2025-06-03T15:44:15.371+0530][18.128s] GC(84) Old regions: 6->6
[2025-06-03T15:44:15.371+0530][18.128s] GC(84) Archive regions: 2->2
[2025-06-03T15:44:15.371+0530][18.128s] GC(84) Humongous regions: 0->0
[2025-06-03T15:44:15.371+0530][18.128s] GC(84) Metaspace: 20071K(20544K)->20071K(20544K) NonClass: 17493K(17728K)->17493K(17728K) Class: 2577K(2816K)->2577K(2816K)
[2025-06-03T15:44:15.371+0530][18.128s] GC(84) Pause Young (Normal) (G1 Evacuation Pause) 312M->8M(512M) 3.413ms
[2025-06-03T15:44:15.371+0530][18.128s] GC(84) User=0.01s Sys=0.00s Real=0.01s
[2025-06-03T15:44:15.531+0530][18.288s] GC(85) Pause Young (Normal) (G1 Evacuation Pause)
[2025-06-03T15:44:15.531+0530][18.288s] GC(85) Using 8 workers of 8 for evacuation
[2025-06-03T15:44:15.534+0530][18.291s] GC(85) Skipped phase 1 of Reference Processing: no references
[2025-06-03T15:44:15.534+0530][18.291s] GC(85) ReferenceProcessor::execute queues: 1, RefProcThreadModel::Single, marks_oops_alive: false
[2025-06-03T15:44:15.534+0530][18.291s] GC(85) Skipped phase 3 of Reference Processing: no references
[2025-06-03T15:44:15.534+0530][18.291s] GC(85) ReferenceProcessor::execute queues: 1, RefProcThreadModel::Single, marks_oops_alive: false
[2025-06-03T15:44:15.535+0530][18.292s] GC(85)   Pre Evacuate Collection Set: 0.1ms
[2025-06-03T15:44:15.535+0530][18.292s] GC(85)   Merge Heap Roots: 0.1ms
[2025-06-03T15:44:15.535+0530][18.292s] GC(85)   Evacuate Collection Set: 2.6ms
[2025-06-03T15:44:15.535+0530][18.292s] GC(85)   Post Evacuate Collection Set: 0.6ms
[2025-06-03T15:44:15.535+0530][18.292s] GC(85)   Other: 0.2ms
[2025-06-03T15:44:15.535+0530][18.292s] GC(85) Eden regions: 304->0(305)
[2025-06-03T15:44:15.535+0530][18.292s] GC(85) Survivor regions: 3->2(39)
[2025-06-03T15:44:15.535+0530][18.292s] GC(85) Old regions: 6->7
[2025-06-03T15:44:15.535+0530][18.292s] GC(85) Archive regions: 2->2
[2025-06-03T15:44:15.535+0530][18.292s] GC(85) Humongous regions: 0->0
[2025-06-03T15:44:15.535+0530][18.292s] GC(85) Metaspace: 20071K(20544K)->20071K(20544K) NonClass: 17493K(17728K)->17493K(17728K) Class: 2577K(2816K)->2577K(2816K)
[2025-06-03T15:44:15.535+0530][18.292s] GC(85) Pause Young (Normal) (G1 Evacuation Pause) 312M->8M(512M) 3.782ms
[2025-06-03T15:44:15.535+0530][18.292s] GC(85) User=0.02s Sys=0.00s Real=0.00s
[2025-06-03T15:44:15.704+0530][18.460s] GC(86) Pause Young (Normal) (G1 Evacuation Pause)
[2025-06-03T15:44:15.704+0530][18.461s] GC(86) Using 8 workers of 8 for evacuation
[2025-06-03T15:44:15.706+0530][18.462s] GC(86) Skipped phase 1 of Reference Processing: no references
[2025-06-03T15:44:15.706+0530][18.462s] GC(86) ReferenceProcessor::execute queues: 1, RefProcThreadModel::Single, marks_oops_alive: false
[2025-06-03T15:44:15.706+0530][18.463s] GC(86) Skipped phase 3 of Reference Processing: no references
[2025-06-03T15:44:15.706+0530][18.463s] GC(86) ReferenceProcessor::execute queues: 1, RefProcThreadModel::Single, marks_oops_alive: false
[2025-06-03T15:44:15.706+0530][18.463s] GC(86)   Pre Evacuate Collection Set: 0.1ms
[2025-06-03T15:44:15.706+0530][18.463s] GC(86)   Merge Heap Roots: 0.1ms
[2025-06-03T15:44:15.706+0530][18.463s] GC(86)   Evacuate Collection Set: 1.6ms
[2025-06-03T15:44:15.706+0530][18.463s] GC(86)   Post Evacuate Collection Set: 0.6ms
[2025-06-03T15:44:15.706+0530][18.463s] GC(86)   Other: 0.2ms
[2025-06-03T15:44:15.706+0530][18.463s] GC(86) Eden regions: 305->0(306)
[2025-06-03T15:44:15.706+0530][18.463s] GC(86) Survivor regions: 2->1(39)
[2025-06-03T15:44:15.706+0530][18.463s] GC(86) Old regions: 7->8
[2025-06-03T15:44:15.706+0530][18.463s] GC(86) Archive regions: 2->2
[2025-06-03T15:44:15.706+0530][18.463s] GC(86) Humongous regions: 0->0
[2025-06-03T15:44:15.706+0530][18.463s] GC(86) Metaspace: 20071K(20544K)->20071K(20544K) NonClass: 17493K(17728K)->17493K(17728K) Class: 2577K(2816K)->2577K(2816K)
[2025-06-03T15:44:15.706+0530][18.463s] GC(86) Pause Young (Normal) (G1 Evacuation Pause) 313M->9M(512M) 2.844ms
[2025-06-03T15:44:15.706+0530][18.463s] GC(86) User=0.01s Sys=0.00s Real=0.00s
[2025-06-03T15:44:15.857+0530][18.614s] GC(87) Pause Young (Normal) (G1 Evacuation Pause)
[2025-06-03T15:44:15.857+0530][18.614s] GC(87) Using 8 workers of 8 for evacuation
[2025-06-03T15:44:15.858+0530][18.615s] GC(87) Skipped phase 1 of Reference Processing: no references
[2025-06-03T15:44:15.858+0530][18.615s] GC(87) ReferenceProcessor::execute queues: 1, RefProcThreadModel::Single, marks_oops_alive: false
[2025-06-03T15:44:15.858+0530][18.615s] GC(87) Skipped phase 3 of Reference Processing: no references
[2025-06-03T15:44:15.858+0530][18.615s] GC(87) Skipped phase 4 of Reference Processing: no references
[2025-06-03T15:44:15.859+0530][18.615s] GC(87)   Pre Evacuate Collection Set: 0.1ms
[2025-06-03T15:44:15.859+0530][18.615s] GC(87)   Merge Heap Roots: 0.1ms
[2025-06-03T15:44:15.859+0530][18.615s] GC(87)   Evacuate Collection Set: 1.0ms
[2025-06-03T15:44:15.859+0530][18.615s] GC(87)   Post Evacuate Collection Set: 0.5ms
[2025-06-03T15:44:15.859+0530][18.616s] GC(87)   Other: 0.2ms
[2025-06-03T15:44:15.859+0530][18.616s] GC(87) Eden regions: 306->0(306)
[2025-06-03T15:44:15.859+0530][18.616s] GC(87) Survivor regions: 1->1(39)
[2025-06-03T15:44:15.859+0530][18.616s] GC(87) Old regions: 8->8
[2025-06-03T15:44:15.859+0530][18.616s] GC(87) Archive regions: 2->2
[2025-06-03T15:44:15.859+0530][18.616s] GC(87) Humongous regions: 0->0
[2025-06-03T15:44:15.859+0530][18.616s] GC(87) Metaspace: 20076K(20544K)->20076K(20544K) NonClass: 17498K(17728K)->17498K(17728K) Class: 2578K(2816K)->2578K(2816K)
[2025-06-03T15:44:15.859+0530][18.616s] GC(87) Pause Young (Normal) (G1 Evacuation Pause) 315M->9M(512M) 2.118ms
[2025-06-03T15:44:15.859+0530][18.616s] GC(87) User=0.00s Sys=0.00s Real=0.00s
[2025-06-03T15:44:16.009+0530][18.766s] GC(88) Pause Young (Normal) (G1 Evacuation Pause)
[2025-06-03T15:44:16.010+0530][18.766s] GC(88) Using 8 workers of 8 for evacuation
[2025-06-03T15:44:16.010+0530][18.767s] GC(88) Skipped phase 1 of Reference Processing: no references
[2025-06-03T15:44:16.010+0530][18.767s] GC(88) Skipped phase 2 of Reference Processing: no references
[2025-06-03T15:44:16.010+0530][18.767s] GC(88) Skipped phase 3 of Reference Processing: no references
[2025-06-03T15:44:16.010+0530][18.767s] GC(88) Skipped phase 4 of Reference Processing: no references
[2025-06-03T15:44:16.011+0530][18.768s] GC(88)   Pre Evacuate Collection Set: 0.1ms
[2025-06-03T15:44:16.011+0530][18.768s] GC(88)   Merge Heap Roots: 0.1ms
[2025-06-03T15:44:16.011+0530][18.768s] GC(88)   Evacuate Collection Set: 0.5ms
[2025-06-03T15:44:16.011+0530][18.768s] GC(88)   Post Evacuate Collection Set: 0.5ms
[2025-06-03T15:44:16.011+0530][18.768s] GC(88)   Other: 0.2ms
[2025-06-03T15:44:16.011+0530][18.768s] GC(88) Eden regions: 306->0(306)
[2025-06-03T15:44:16.011+0530][18.768s] GC(88) Survivor regions: 1->1(39)
[2025-06-03T15:44:16.011+0530][18.768s] GC(88) Old regions: 8->8
[2025-06-03T15:44:16.011+0530][18.768s] GC(88) Archive regions: 2->2
[2025-06-03T15:44:16.011+0530][18.768s] GC(88) Humongous regions: 0->0
[2025-06-03T15:44:16.011+0530][18.768s] GC(88) Metaspace: 20081K(20544K)->20081K(20544K) NonClass: 17503K(17728K)->17503K(17728K) Class: 2578K(2816K)->2578K(2816K)
[2025-06-03T15:44:16.011+0530][18.768s] GC(88) Pause Young (Normal) (G1 Evacuation Pause) 315M->9M(512M) 1.488ms
[2025-06-03T15:44:16.011+0530][18.768s] GC(88) User=0.01s Sys=0.00s Real=0.01s
[2025-06-03T15:44:16.161+0530][18.917s] GC(89) Pause Young (Normal) (G1 Evacuation Pause)
[2025-06-03T15:44:16.161+0530][18.918s] GC(89) Using 8 workers of 8 for evacuation
[2025-06-03T15:44:16.161+0530][18.918s] GC(89) Skipped phase 1 of Reference Processing: no references
[2025-06-03T15:44:16.161+0530][18.918s] GC(89) Skipped phase 2 of Reference Processing: no references
[2025-06-03T15:44:16.161+0530][18.918s] GC(89) Skipped phase 3 of Reference Processing: no references
[2025-06-03T15:44:16.161+0530][18.918s] GC(89) Skipped phase 4 of Reference Processing: no references
[2025-06-03T15:44:16.162+0530][18.919s] GC(89)   Pre Evacuate Collection Set: 0.1ms
[2025-06-03T15:44:16.162+0530][18.919s] GC(89)   Merge Heap Roots: 0.1ms
[2025-06-03T15:44:16.162+0530][18.919s] GC(89)   Evacuate Collection Set: 0.3ms
[2025-06-03T15:44:16.162+0530][18.919s] GC(89)   Post Evacuate Collection Set: 0.4ms
[2025-06-03T15:44:16.162+0530][18.919s] GC(89)   Other: 0.2ms
[2025-06-03T15:44:16.162+0530][18.919s] GC(89) Eden regions: 306->0(306)
[2025-06-03T15:44:16.162+0530][18.919s] GC(89) Survivor regions: 1->1(39)
[2025-06-03T15:44:16.162+0530][18.919s] GC(89) Old regions: 8->8
[2025-06-03T15:44:16.162+0530][18.919s] GC(89) Archive regions: 2->2
[2025-06-03T15:44:16.162+0530][18.919s] GC(89) Humongous regions: 0->0
[2025-06-03T15:44:16.162+0530][18.919s] GC(89) Metaspace: 20081K(20544K)->20081K(20544K) NonClass: 17503K(17728K)->17503K(17728K) Class: 2578K(2816K)->2578K(2816K)
[2025-06-03T15:44:16.162+0530][18.919s] GC(89) Pause Young (Normal) (G1 Evacuation Pause) 315M->9M(512M) 1.372ms
[2025-06-03T15:44:16.162+0530][18.919s] GC(89) User=0.00s Sys=0.00s Real=0.00s
[2025-06-03T15:44:16.326+0530][19.083s] GC(90) Pause Young (Normal) (G1 Evacuation Pause)
[2025-06-03T15:44:16.326+0530][19.083s] GC(90) Using 8 workers of 8 for evacuation
[2025-06-03T15:44:16.326+0530][19.083s] GC(90) Skipped phase 1 of Reference Processing: no references
[2025-06-03T15:44:16.327+0530][19.083s] GC(90) Skipped phase 2 of Reference Processing: no references
[2025-06-03T15:44:16.327+0530][19.083s] GC(90) Skipped phase 3 of Reference Processing: no references
[2025-06-03T15:44:16.327+0530][19.083s] GC(90) Skipped phase 4 of Reference Processing: no references
[2025-06-03T15:44:16.327+0530][19.084s] GC(90)   Pre Evacuate Collection Set: 0.1ms
[2025-06-03T15:44:16.327+0530][19.084s] GC(90)   Merge Heap Roots: 0.1ms
[2025-06-03T15:44:16.327+0530][19.084s] GC(90)   Evacuate Collection Set: 0.3ms
[2025-06-03T15:44:16.327+0530][19.084s] GC(90)   Post Evacuate Collection Set: 0.4ms
[2025-06-03T15:44:16.327+0530][19.084s] GC(90)   Other: 0.2ms
[2025-06-03T15:44:16.327+0530][19.084s] GC(90) Eden regions: 306->0(306)
[2025-06-03T15:44:16.327+0530][19.084s] GC(90) Survivor regions: 1->1(39)
[2025-06-03T15:44:16.327+0530][19.084s] GC(90) Old regions: 8->8
[2025-06-03T15:44:16.327+0530][19.084s] GC(90) Archive regions: 2->2
[2025-06-03T15:44:16.327+0530][19.084s] GC(90) Humongous regions: 0->0
[2025-06-03T15:44:16.327+0530][19.084s] GC(90) Metaspace: 20081K(20544K)->20081K(20544K) NonClass: 17503K(17728K)->17503K(17728K) Class: 2578K(2816K)->2578K(2816K)
[2025-06-03T15:44:16.327+0530][19.084s] GC(90) Pause Young (Normal) (G1 Evacuation Pause) 315M->9M(512M) 1.328ms
[2025-06-03T15:44:16.327+0530][19.084s] GC(90) User=0.00s Sys=0.00s Real=0.00s
[2025-06-03T15:44:16.469+0530][19.226s] GC(91) Pause Young (Normal) (G1 Evacuation Pause)
[2025-06-03T15:44:16.469+0530][19.226s] GC(91) Using 8 workers of 8 for evacuation
[2025-06-03T15:44:16.470+0530][19.227s] GC(91) Skipped phase 1 of Reference Processing: no references
[2025-06-03T15:44:16.470+0530][19.227s] GC(91) Skipped phase 2 of Reference Processing: no references
[2025-06-03T15:44:16.470+0530][19.227s] GC(91) Skipped phase 3 of Reference Processing: no references
[2025-06-03T15:44:16.470+0530][19.227s] GC(91) Skipped phase 4 of Reference Processing: no references
[2025-06-03T15:44:16.470+0530][19.227s] GC(91)   Pre Evacuate Collection Set: 0.1ms
[2025-06-03T15:44:16.470+0530][19.227s] GC(91)   Merge Heap Roots: 0.1ms
[2025-06-03T15:44:16.470+0530][19.227s] GC(91)   Evacuate Collection Set: 0.3ms
[2025-06-03T15:44:16.470+0530][19.227s] GC(91)   Post Evacuate Collection Set: 0.5ms
[2025-06-03T15:44:16.470+0530][19.227s] GC(91)   Other: 0.2ms
[2025-06-03T15:44:16.470+0530][19.227s] GC(91) Eden regions: 306->0(306)
[2025-06-03T15:44:16.471+0530][19.227s] GC(91) Survivor regions: 1->1(39)
[2025-06-03T15:44:16.471+0530][19.227s] GC(91) Old regions: 8->9
[2025-06-03T15:44:16.471+0530][19.227s] GC(91) Archive regions: 2->2
[2025-06-03T15:44:16.471+0530][19.227s] GC(91) Humongous regions: 0->0
[2025-06-03T15:44:16.471+0530][19.227s] GC(91) Metaspace: 20081K(20544K)->20081K(20544K) NonClass: 17503K(17728K)->17503K(17728K) Class: 2578K(2816K)->2578K(2816K)
[2025-06-03T15:44:16.471+0530][19.227s] GC(91) Pause Young (Normal) (G1 Evacuation Pause) 315M->9M(512M) 1.338ms
[2025-06-03T15:44:16.471+0530][19.228s] GC(91) User=0.00s Sys=0.00s Real=0.01s
[2025-06-03T15:44:16.612+0530][19.369s] GC(92) Pause Young (Normal) (G1 Evacuation Pause)
[2025-06-03T15:44:16.612+0530][19.369s] GC(92) Using 8 workers of 8 for evacuation
[2025-06-03T15:44:16.613+0530][19.370s] GC(92) Skipped phase 1 of Reference Processing: no references
[2025-06-03T15:44:16.613+0530][19.370s] GC(92) Skipped phase 2 of Reference Processing: no references
[2025-06-03T15:44:16.613+0530][19.370s] GC(92) Skipped phase 3 of Reference Processing: no references
[2025-06-03T15:44:16.613+0530][19.370s] GC(92) Skipped phase 4 of Reference Processing: no references
[2025-06-03T15:44:16.613+0530][19.370s] GC(92)   Pre Evacuate Collection Set: 0.1ms
[2025-06-03T15:44:16.613+0530][19.370s] GC(92)   Merge Heap Roots: 0.1ms
[2025-06-03T15:44:16.613+0530][19.370s] GC(92)   Evacuate Collection Set: 0.3ms
[2025-06-03T15:44:16.613+0530][19.370s] GC(92)   Post Evacuate Collection Set: 0.4ms
[2025-06-03T15:44:16.613+0530][19.370s] GC(92)   Other: 0.2ms
[2025-06-03T15:44:16.613+0530][19.370s] GC(92) Eden regions: 306->0(306)
[2025-06-03T15:44:16.613+0530][19.370s] GC(92) Survivor regions: 1->1(39)
[2025-06-03T15:44:16.613+0530][19.370s] GC(92) Old regions: 9->9
[2025-06-03T15:44:16.613+0530][19.370s] GC(92) Archive regions: 2->2
[2025-06-03T15:44:16.613+0530][19.370s] GC(92) Humongous regions: 0->0
[2025-06-03T15:44:16.613+0530][19.370s] GC(92) Metaspace: 20081K(20544K)->20081K(20544K) NonClass: 17503K(17728K)->17503K(17728K) Class: 2578K(2816K)->2578K(2816K)
[2025-06-03T15:44:16.613+0530][19.370s] GC(92) Pause Young (Normal) (G1 Evacuation Pause) 315M->9M(512M) 1.218ms
[2025-06-03T15:44:16.613+0530][19.370s] GC(92) User=0.00s Sys=0.00s Real=0.00s
[2025-06-03T15:44:16.751+0530][19.508s] GC(93) Pause Young (Normal) (G1 Evacuation Pause)
[2025-06-03T15:44:16.752+0530][19.508s] GC(93) Using 8 workers of 8 for evacuation
[2025-06-03T15:44:16.752+0530][19.509s] GC(93) Skipped phase 1 of Reference Processing: no references
[2025-06-03T15:44:16.752+0530][19.509s] GC(93) Skipped phase 2 of Reference Processing: no references
[2025-06-03T15:44:16.752+0530][19.509s] GC(93) Skipped phase 3 of Reference Processing: no references
[2025-06-03T15:44:16.752+0530][19.509s] GC(93) Skipped phase 4 of Reference Processing: no references
[2025-06-03T15:44:16.752+0530][19.509s] GC(93)   Pre Evacuate Collection Set: 0.1ms
[2025-06-03T15:44:16.753+0530][19.509s] GC(93)   Merge Heap Roots: 0.1ms
[2025-06-03T15:44:16.753+0530][19.509s] GC(93)   Evacuate Collection Set: 0.3ms
[2025-06-03T15:44:16.753+0530][19.509s] GC(93)   Post Evacuate Collection Set: 0.4ms
[2025-06-03T15:44:16.753+0530][19.509s] GC(93)   Other: 0.2ms
[2025-06-03T15:44:16.753+0530][19.509s] GC(93) Eden regions: 306->0(306)
[2025-06-03T15:44:16.753+0530][19.509s] GC(93) Survivor regions: 1->1(39)
[2025-06-03T15:44:16.753+0530][19.510s] GC(93) Old regions: 9->9
[2025-06-03T15:44:16.753+0530][19.510s] GC(93) Archive regions: 2->2
[2025-06-03T15:44:16.753+0530][19.510s] GC(93) Humongous regions: 0->0
[2025-06-03T15:44:16.753+0530][19.510s] GC(93) Metaspace: 20081K(20544K)->20081K(20544K) NonClass: 17503K(17728K)->17503K(17728K) Class: 2578K(2816K)->2578K(2816K)
[2025-06-03T15:44:16.753+0530][19.510s] GC(93) Pause Young (Normal) (G1 Evacuation Pause) 315M->9M(512M) 1.287ms
[2025-06-03T15:44:16.753+0530][19.510s] GC(93) User=0.01s Sys=0.00s Real=0.00s
[2025-06-03T15:44:16.901+0530][19.658s] GC(94) Pause Young (Normal) (G1 Evacuation Pause)
[2025-06-03T15:44:16.902+0530][19.658s] GC(94) Using 8 workers of 8 for evacuation
[2025-06-03T15:44:16.902+0530][19.659s] GC(94) Skipped phase 1 of Reference Processing: no references
[2025-06-03T15:44:16.902+0530][19.659s] GC(94) Skipped phase 2 of Reference Processing: no references
[2025-06-03T15:44:16.902+0530][19.659s] GC(94) Skipped phase 3 of Reference Processing: no references
[2025-06-03T15:44:16.902+0530][19.659s] GC(94) Skipped phase 4 of Reference Processing: no references
[2025-06-03T15:44:16.903+0530][19.660s] GC(94)   Pre Evacuate Collection Set: 0.1ms
[2025-06-03T15:44:16.903+0530][19.660s] GC(94)   Merge Heap Roots: 0.1ms
[2025-06-03T15:44:16.903+0530][19.660s] GC(94)   Evacuate Collection Set: 0.3ms
[2025-06-03T15:44:16.903+0530][19.660s] GC(94)   Post Evacuate Collection Set: 0.5ms
[2025-06-03T15:44:16.903+0530][19.660s] GC(94)   Other: 0.2ms
[2025-06-03T15:44:16.903+0530][19.660s] GC(94) Eden regions: 306->0(306)
[2025-06-03T15:44:16.903+0530][19.660s] GC(94) Survivor regions: 1->1(39)
[2025-06-03T15:44:16.903+0530][19.660s] GC(94) Old regions: 9->9
[2025-06-03T15:44:16.903+0530][19.660s] GC(94) Archive regions: 2->2
[2025-06-03T15:44:16.903+0530][19.660s] GC(94) Humongous regions: 0->0
[2025-06-03T15:44:16.903+0530][19.660s] GC(94) Metaspace: 20091K(20544K)->20091K(20544K) NonClass: 17513K(17728K)->17513K(17728K) Class: 2578K(2816K)->2578K(2816K)
[2025-06-03T15:44:16.903+0530][19.660s] GC(94) Pause Young (Normal) (G1 Evacuation Pause) 315M->9M(512M) 1.377ms
[2025-06-03T15:44:16.903+0530][19.660s] GC(94) User=0.01s Sys=0.00s Real=0.00s
[2025-06-03T15:44:17.074+0530][19.830s] GC(95) Pause Young (Normal) (G1 Evacuation Pause)
[2025-06-03T15:44:17.074+0530][19.830s] GC(95) Using 8 workers of 8 for evacuation
[2025-06-03T15:44:17.074+0530][19.831s] GC(95) Skipped phase 1 of Reference Processing: no references
[2025-06-03T15:44:17.074+0530][19.831s] GC(95) Skipped phase 2 of Reference Processing: no references
[2025-06-03T15:44:17.074+0530][19.831s] GC(95) Skipped phase 3 of Reference Processing: no references
[2025-06-03T15:44:17.074+0530][19.831s] GC(95) Skipped phase 4 of Reference Processing: no references
[2025-06-03T15:44:17.075+0530][19.832s] GC(95)   Pre Evacuate Collection Set: 0.1ms
[2025-06-03T15:44:17.075+0530][19.832s] GC(95)   Merge Heap Roots: 0.1ms
[2025-06-03T15:44:17.075+0530][19.832s] GC(95)   Evacuate Collection Set: 0.3ms
[2025-06-03T15:44:17.075+0530][19.832s] GC(95)   Post Evacuate Collection Set: 0.6ms
[2025-06-03T15:44:17.075+0530][19.832s] GC(95)   Other: 0.2ms
[2025-06-03T15:44:17.075+0530][19.832s] GC(95) Eden regions: 306->0(306)
[2025-06-03T15:44:17.075+0530][19.832s] GC(95) Survivor regions: 1->1(39)
[2025-06-03T15:44:17.075+0530][19.832s] GC(95) Old regions: 9->9
[2025-06-03T15:44:17.075+0530][19.832s] GC(95) Archive regions: 2->2
[2025-06-03T15:44:17.075+0530][19.832s] GC(95) Humongous regions: 0->0
[2025-06-03T15:44:17.075+0530][19.832s] GC(95) Metaspace: 20091K(20544K)->20091K(20544K) NonClass: 17513K(17728K)->17513K(17728K) Class: 2578K(2816K)->2578K(2816K)
[2025-06-03T15:44:17.075+0530][19.832s] GC(95) Pause Young (Normal) (G1 Evacuation Pause) 315M->9M(512M) 1.532ms
[2025-06-03T15:44:17.075+0530][19.832s] GC(95) User=0.01s Sys=0.00s Real=0.00s
[2025-06-03T15:44:17.232+0530][19.989s] GC(96) Pause Young (Normal) (G1 Evacuation Pause)
[2025-06-03T15:44:17.232+0530][19.989s] GC(96) Using 8 workers of 8 for evacuation
[2025-06-03T15:44:17.233+0530][19.990s] GC(96) Skipped phase 1 of Reference Processing: no references
[2025-06-03T15:44:17.233+0530][19.990s] GC(96) Skipped phase 2 of Reference Processing: no references
[2025-06-03T15:44:17.233+0530][19.990s] GC(96) Skipped phase 3 of Reference Processing: no references
[2025-06-03T15:44:17.233+0530][19.990s] GC(96) Skipped phase 4 of Reference Processing: no references
[2025-06-03T15:44:17.233+0530][19.990s] GC(96)   Pre Evacuate Collection Set: 0.1ms
[2025-06-03T15:44:17.233+0530][19.990s] GC(96)   Merge Heap Roots: 0.1ms
[2025-06-03T15:44:17.233+0530][19.990s] GC(96)   Evacuate Collection Set: 0.2ms
[2025-06-03T15:44:17.233+0530][19.990s] GC(96)   Post Evacuate Collection Set: 0.5ms
[2025-06-03T15:44:17.233+0530][19.990s] GC(96)   Other: 0.2ms
[2025-06-03T15:44:17.233+0530][19.990s] GC(96) Eden regions: 306->0(306)
[2025-06-03T15:44:17.233+0530][19.990s] GC(96) Survivor regions: 1->1(39)
[2025-06-03T15:44:17.233+0530][19.990s] GC(96) Old regions: 9->9
[2025-06-03T15:44:17.233+0530][19.990s] GC(96) Archive regions: 2->2
[2025-06-03T15:44:17.233+0530][19.990s] GC(96) Humongous regions: 0->0
[2025-06-03T15:44:17.233+0530][19.990s] GC(96) Metaspace: 20091K(20544K)->20091K(20544K) NonClass: 17513K(17728K)->17513K(17728K) Class: 2578K(2816K)->2578K(2816K)
[2025-06-03T15:44:17.233+0530][19.990s] GC(96) Pause Young (Normal) (G1 Evacuation Pause) 315M->9M(512M) 1.229ms
[2025-06-03T15:44:17.233+0530][19.990s] GC(96) User=0.01s Sys=0.01s Real=0.00s
[2025-06-03T15:44:17.382+0530][20.139s] GC(97) Pause Young (Normal) (G1 Evacuation Pause)
[2025-06-03T15:44:17.382+0530][20.139s] GC(97) Using 8 workers of 8 for evacuation
[2025-06-03T15:44:17.383+0530][20.140s] GC(97) Skipped phase 1 of Reference Processing: no references
[2025-06-03T15:44:17.383+0530][20.140s] GC(97) Skipped phase 2 of Reference Processing: no references
[2025-06-03T15:44:17.383+0530][20.140s] GC(97) Skipped phase 3 of Reference Processing: no references
[2025-06-03T15:44:17.383+0530][20.140s] GC(97) Skipped phase 4 of Reference Processing: no references
[2025-06-03T15:44:17.383+0530][20.140s] GC(97)   Pre Evacuate Collection Set: 0.1ms
[2025-06-03T15:44:17.383+0530][20.140s] GC(97)   Merge Heap Roots: 0.1ms
[2025-06-03T15:44:17.383+0530][20.140s] GC(97)   Evacuate Collection Set: 0.2ms
[2025-06-03T15:44:17.383+0530][20.140s] GC(97)   Post Evacuate Collection Set: 0.5ms
[2025-06-03T15:44:17.383+0530][20.140s] GC(97)   Other: 0.2ms
[2025-06-03T15:44:17.383+0530][20.140s] GC(97) Eden regions: 306->0(306)
[2025-06-03T15:44:17.383+0530][20.140s] GC(97) Survivor regions: 1->1(39)
[2025-06-03T15:44:17.384+0530][20.140s] GC(97) Old regions: 9->9
[2025-06-03T15:44:17.384+0530][20.140s] GC(97) Archive regions: 2->2
[2025-06-03T15:44:17.384+0530][20.140s] GC(97) Humongous regions: 0->0
[2025-06-03T15:44:17.384+0530][20.140s] GC(97) Metaspace: 20091K(20544K)->20091K(20544K) NonClass: 17513K(17728K)->17513K(17728K) Class: 2578K(2816K)->2578K(2816K)
[2025-06-03T15:44:17.384+0530][20.140s] GC(97) Pause Young (Normal) (G1 Evacuation Pause) 315M->9M(512M) 1.247ms
[2025-06-03T15:44:17.384+0530][20.140s] GC(97) User=0.00s Sys=0.00s Real=0.00s
[2025-06-03T15:44:17.543+0530][20.300s] GC(98) Pause Young (Normal) (G1 Evacuation Pause)
[2025-06-03T15:44:17.543+0530][20.300s] GC(98) Using 8 workers of 8 for evacuation
[2025-06-03T15:44:17.543+0530][20.300s] GC(98) Skipped phase 1 of Reference Processing: no references
[2025-06-03T15:44:17.543+0530][20.300s] GC(98) Skipped phase 2 of Reference Processing: no references
[2025-06-03T15:44:17.544+0530][20.300s] GC(98) Skipped phase 3 of Reference Processing: no references
[2025-06-03T15:44:17.544+0530][20.300s] GC(98) Skipped phase 4 of Reference Processing: no references
[2025-06-03T15:44:17.544+0530][20.301s] GC(98)   Pre Evacuate Collection Set: 0.1ms
[2025-06-03T15:44:17.544+0530][20.301s] GC(98)   Merge Heap Roots: 0.1ms
[2025-06-03T15:44:17.544+0530][20.301s] GC(98)   Evacuate Collection Set: 0.2ms
[2025-06-03T15:44:17.544+0530][20.301s] GC(98)   Post Evacuate Collection Set: 0.6ms
[2025-06-03T15:44:17.544+0530][20.301s] GC(98)   Other: 0.2ms
[2025-06-03T15:44:17.544+0530][20.301s] GC(98) Eden regions: 306->0(306)
[2025-06-03T15:44:17.544+0530][20.301s] GC(98) Survivor regions: 1->1(39)
[2025-06-03T15:44:17.544+0530][20.301s] GC(98) Old regions: 9->9
[2025-06-03T15:44:17.544+0530][20.301s] GC(98) Archive regions: 2->2
[2025-06-03T15:44:17.544+0530][20.301s] GC(98) Humongous regions: 0->0
[2025-06-03T15:44:17.544+0530][20.301s] GC(98) Metaspace: 20091K(20544K)->20091K(20544K) NonClass: 17513K(17728K)->17513K(17728K) Class: 2578K(2816K)->2578K(2816K)
[2025-06-03T15:44:17.544+0530][20.301s] GC(98) Pause Young (Normal) (G1 Evacuation Pause) 315M->9M(512M) 1.422ms
[2025-06-03T15:44:17.544+0530][20.301s] GC(98) User=0.00s Sys=0.00s Real=0.00s
[2025-06-03T15:44:17.686+0530][20.443s] GC(99) Pause Young (Normal) (G1 Evacuation Pause)
[2025-06-03T15:44:17.687+0530][20.443s] GC(99) Using 8 workers of 8 for evacuation
[2025-06-03T15:44:17.687+0530][20.444s] GC(99) Skipped phase 1 of Reference Processing: no references
[2025-06-03T15:44:17.687+0530][20.444s] GC(99) Skipped phase 2 of Reference Processing: no references
[2025-06-03T15:44:17.687+0530][20.444s] GC(99) Skipped phase 3 of Reference Processing: no references
[2025-06-03T15:44:17.687+0530][20.444s] GC(99) Skipped phase 4 of Reference Processing: no references
[2025-06-03T15:44:17.688+0530][20.445s] GC(99)   Pre Evacuate Collection Set: 0.1ms
[2025-06-03T15:44:17.688+0530][20.445s] GC(99)   Merge Heap Roots: 0.1ms
[2025-06-03T15:44:17.688+0530][20.445s] GC(99)   Evacuate Collection Set: 0.3ms
[2025-06-03T15:44:17.688+0530][20.445s] GC(99)   Post Evacuate Collection Set: 0.6ms
[2025-06-03T15:44:17.688+0530][20.445s] GC(99)   Other: 0.2ms
[2025-06-03T15:44:17.688+0530][20.445s] GC(99) Eden regions: 306->0(306)
[2025-06-03T15:44:17.688+0530][20.445s] GC(99) Survivor regions: 1->1(39)
[2025-06-03T15:44:17.688+0530][20.445s] GC(99) Old regions: 9->9
[2025-06-03T15:44:17.688+0530][20.445s] GC(99) Archive regions: 2->2
[2025-06-03T15:44:17.688+0530][20.445s] GC(99) Humongous regions: 0->0
[2025-06-03T15:44:17.688+0530][20.445s] GC(99) Metaspace: 20091K(20544K)->20091K(20544K) NonClass: 17513K(17728K)->17513K(17728K) Class: 2578K(2816K)->2578K(2816K)
[2025-06-03T15:44:17.688+0530][20.445s] GC(99) Pause Young (Normal) (G1 Evacuation Pause) 315M->9M(512M) 1.631ms
[2025-06-03T15:44:17.688+0530][20.445s] GC(99) User=0.00s Sys=0.00s Real=0.00s
[2025-06-03T15:44:17.834+0530][20.591s] GC(100) Pause Young (Normal) (G1 Evacuation Pause)
[2025-06-03T15:44:17.834+0530][20.591s] GC(100) Using 8 workers of 8 for evacuation
[2025-06-03T15:44:17.834+0530][20.591s] GC(100) Skipped phase 1 of Reference Processing: no references
[2025-06-03T15:44:17.834+0530][20.591s] GC(100) Skipped phase 2 of Reference Processing: no references
[2025-06-03T15:44:17.834+0530][20.591s] GC(100) Skipped phase 3 of Reference Processing: no references
[2025-06-03T15:44:17.834+0530][20.591s] GC(100) Skipped phase 4 of Reference Processing: no references
[2025-06-03T15:44:17.835+0530][20.592s] GC(100)   Pre Evacuate Collection Set: 0.1ms
[2025-06-03T15:44:17.835+0530][20.592s] GC(100)   Merge Heap Roots: 0.1ms
[2025-06-03T15:44:17.835+0530][20.592s] GC(100)   Evacuate Collection Set: 0.2ms
[2025-06-03T15:44:17.835+0530][20.592s] GC(100)   Post Evacuate Collection Set: 0.4ms
[2025-06-03T15:44:17.835+0530][20.592s] GC(100)   Other: 0.2ms
[2025-06-03T15:44:17.835+0530][20.592s] GC(100) Eden regions: 306->0(306)
[2025-06-03T15:44:17.835+0530][20.592s] GC(100) Survivor regions: 1->1(39)
[2025-06-03T15:44:17.835+0530][20.592s] GC(100) Old regions: 9->9
[2025-06-03T15:44:17.835+0530][20.592s] GC(100) Archive regions: 2->2
[2025-06-03T15:44:17.835+0530][20.592s] GC(100) Humongous regions: 0->0
[2025-06-03T15:44:17.835+0530][20.592s] GC(100) Metaspace: 20091K(20544K)->20091K(20544K) NonClass: 17513K(17728K)->17513K(17728K) Class: 2578K(2816K)->2578K(2816K)
[2025-06-03T15:44:17.835+0530][20.592s] GC(100) Pause Young (Normal) (G1 Evacuation Pause) 315M->9M(512M) 1.194ms
[2025-06-03T15:44:17.835+0530][20.592s] GC(100) User=0.00s Sys=0.01s Real=0.00s
[2025-06-03T15:44:17.984+0530][20.741s] GC(101) Pause Young (Normal) (G1 Evacuation Pause)
[2025-06-03T15:44:17.984+0530][20.741s] GC(101) Using 8 workers of 8 for evacuation
[2025-06-03T15:44:17.985+0530][20.741s] GC(101) Skipped phase 1 of Reference Processing: no references
[2025-06-03T15:44:17.985+0530][20.742s] GC(101) Skipped phase 2 of Reference Processing: no references
[2025-06-03T15:44:17.985+0530][20.742s] GC(101) Skipped phase 3 of Reference Processing: no references
[2025-06-03T15:44:17.985+0530][20.742s] GC(101) Skipped phase 4 of Reference Processing: no references
[2025-06-03T15:44:17.985+0530][20.742s] GC(101)   Pre Evacuate Collection Set: 0.1ms
[2025-06-03T15:44:17.985+0530][20.742s] GC(101)   Merge Heap Roots: 0.1ms
[2025-06-03T15:44:17.985+0530][20.742s] GC(101)   Evacuate Collection Set: 0.3ms
[2025-06-03T15:44:17.985+0530][20.742s] GC(101)   Post Evacuate Collection Set: 0.5ms
[2025-06-03T15:44:17.985+0530][20.742s] GC(101)   Other: 0.2ms
[2025-06-03T15:44:17.985+0530][20.742s] GC(101) Eden regions: 306->0(306)
[2025-06-03T15:44:17.985+0530][20.742s] GC(101) Survivor regions: 1->1(39)
[2025-06-03T15:44:17.985+0530][20.742s] GC(101) Old regions: 9->9
[2025-06-03T15:44:17.985+0530][20.742s] GC(101) Archive regions: 2->2
[2025-06-03T15:44:17.985+0530][20.742s] GC(101) Humongous regions: 0->0
[2025-06-03T15:44:17.985+0530][20.742s] GC(101) Metaspace: 20092K(20544K)->20092K(20544K) NonClass: 17514K(17728K)->17514K(17728K) Class: 2578K(2816K)->2578K(2816K)
[2025-06-03T15:44:17.985+0530][20.742s] GC(101) Pause Young (Normal) (G1 Evacuation Pause) 315M->9M(512M) 1.306ms
[2025-06-03T15:44:17.985+0530][20.742s] GC(101) User=0.01s Sys=0.01s Real=0.00s
[2025-06-03T15:44:18.127+0530][20.884s] GC(102) Pause Young (Normal) (G1 Evacuation Pause)
[2025-06-03T15:44:18.127+0530][20.884s] GC(102) Using 8 workers of 8 for evacuation
[2025-06-03T15:44:18.128+0530][20.885s] GC(102) Skipped phase 1 of Reference Processing: no references
[2025-06-03T15:44:18.128+0530][20.885s] GC(102) Skipped phase 2 of Reference Processing: no references
[2025-06-03T15:44:18.128+0530][20.885s] GC(102) Skipped phase 3 of Reference Processing: no references
[2025-06-03T15:44:18.128+0530][20.885s] GC(102) Skipped phase 4 of Reference Processing: no references
[2025-06-03T15:44:18.128+0530][20.885s] GC(102)   Pre Evacuate Collection Set: 0.1ms
[2025-06-03T15:44:18.128+0530][20.885s] GC(102)   Merge Heap Roots: 0.1ms
[2025-06-03T15:44:18.128+0530][20.885s] GC(102)   Evacuate Collection Set: 0.2ms
[2025-06-03T15:44:18.128+0530][20.885s] GC(102)   Post Evacuate Collection Set: 0.5ms
[2025-06-03T15:44:18.128+0530][20.885s] GC(102)   Other: 0.2ms
[2025-06-03T15:44:18.128+0530][20.885s] GC(102) Eden regions: 306->0(306)
[2025-06-03T15:44:18.128+0530][20.885s] GC(102) Survivor regions: 1->1(39)
[2025-06-03T15:44:18.128+0530][20.885s] GC(102) Old regions: 9->9
[2025-06-03T15:44:18.128+0530][20.885s] GC(102) Archive regions: 2->2
[2025-06-03T15:44:18.128+0530][20.885s] GC(102) Humongous regions: 0->0
[2025-06-03T15:44:18.128+0530][20.885s] GC(102) Metaspace: 20092K(20544K)->20092K(20544K) NonClass: 17514K(17728K)->17514K(17728K) Class: 2578K(2816K)->2578K(2816K)
[2025-06-03T15:44:18.128+0530][20.885s] GC(102) Pause Young (Normal) (G1 Evacuation Pause) 315M->9M(512M) 1.308ms
[2025-06-03T15:44:18.128+0530][20.885s] GC(102) User=0.00s Sys=0.00s Real=0.00s
[2025-06-03T15:44:18.271+0530][21.028s] GC(103) Pause Young (Normal) (G1 Evacuation Pause)
[2025-06-03T15:44:18.271+0530][21.028s] GC(103) Using 8 workers of 8 for evacuation
[2025-06-03T15:44:18.272+0530][21.029s] GC(103) Skipped phase 1 of Reference Processing: no references
[2025-06-03T15:44:18.272+0530][21.029s] GC(103) Skipped phase 2 of Reference Processing: no references
[2025-06-03T15:44:18.272+0530][21.029s] GC(103) Skipped phase 3 of Reference Processing: no references
[2025-06-03T15:44:18.272+0530][21.029s] GC(103) Skipped phase 4 of Reference Processing: no references
[2025-06-03T15:44:18.272+0530][21.029s] GC(103)   Pre Evacuate Collection Set: 0.1ms
[2025-06-03T15:44:18.272+0530][21.029s] GC(103)   Merge Heap Roots: 0.1ms
[2025-06-03T15:44:18.272+0530][21.029s] GC(103)   Evacuate Collection Set: 0.2ms
[2025-06-03T15:44:18.272+0530][21.029s] GC(103)   Post Evacuate Collection Set: 0.5ms
[2025-06-03T15:44:18.273+0530][21.029s] GC(103)   Other: 0.2ms
[2025-06-03T15:44:18.273+0530][21.030s] GC(103) Eden regions: 306->0(306)
[2025-06-03T15:44:18.273+0530][21.030s] GC(103) Survivor regions: 1->1(39)
[2025-06-03T15:44:18.273+0530][21.030s] GC(103) Old regions: 9->9
[2025-06-03T15:44:18.273+0530][21.030s] GC(103) Archive regions: 2->2
[2025-06-03T15:44:18.273+0530][21.030s] GC(103) Humongous regions: 0->0
[2025-06-03T15:44:18.273+0530][21.030s] GC(103) Metaspace: 20092K(20544K)->20092K(20544K) NonClass: 17514K(17728K)->17514K(17728K) Class: 2578K(2816K)->2578K(2816K)
[2025-06-03T15:44:18.273+0530][21.030s] GC(103) Pause Young (Normal) (G1 Evacuation Pause) 315M->9M(512M) 1.343ms
[2025-06-03T15:44:18.273+0530][21.030s] GC(103) User=0.00s Sys=0.00s Real=0.00s
[2025-06-03T15:44:18.416+0530][21.173s] GC(104) Pause Young (Normal) (G1 Evacuation Pause)
[2025-06-03T15:44:18.416+0530][21.173s] GC(104) Using 8 workers of 8 for evacuation
[2025-06-03T15:44:18.417+0530][21.174s] GC(104) Skipped phase 1 of Reference Processing: no references
[2025-06-03T15:44:18.417+0530][21.174s] GC(104) Skipped phase 2 of Reference Processing: no references
[2025-06-03T15:44:18.417+0530][21.174s] GC(104) Skipped phase 3 of Reference Processing: no references
[2025-06-03T15:44:18.417+0530][21.174s] GC(104) Skipped phase 4 of Reference Processing: no references
[2025-06-03T15:44:18.417+0530][21.174s] GC(104)   Pre Evacuate Collection Set: 0.1ms
[2025-06-03T15:44:18.418+0530][21.174s] GC(104)   Merge Heap Roots: 0.1ms
[2025-06-03T15:44:18.418+0530][21.174s] GC(104)   Evacuate Collection Set: 0.3ms
[2025-06-03T15:44:18.418+0530][21.174s] GC(104)   Post Evacuate Collection Set: 0.4ms
[2025-06-03T15:44:18.418+0530][21.174s] GC(104)   Other: 0.2ms
[2025-06-03T15:44:18.418+0530][21.175s] GC(104) Eden regions: 306->0(306)
[2025-06-03T15:44:18.418+0530][21.175s] GC(104) Survivor regions: 1->1(39)
[2025-06-03T15:44:18.418+0530][21.175s] GC(104) Old regions: 9->9
[2025-06-03T15:44:18.418+0530][21.175s] GC(104) Archive regions: 2->2
[2025-06-03T15:44:18.418+0530][21.175s] GC(104) Humongous regions: 0->0
[2025-06-03T15:44:18.418+0530][21.175s] GC(104) Metaspace: 20092K(20544K)->20092K(20544K) NonClass: 17514K(17728K)->17514K(17728K) Class: 2578K(2816K)->2578K(2816K)
[2025-06-03T15:44:18.418+0530][21.175s] GC(104) Pause Young (Normal) (G1 Evacuation Pause) 315M->9M(512M) 1.267ms
[2025-06-03T15:44:18.418+0530][21.175s] GC(104) User=0.01s Sys=0.00s Real=0.00s
[2025-06-03T15:44:18.559+0530][21.316s] GC(105) Pause Young (Normal) (G1 Evacuation Pause)
[2025-06-03T15:44:18.559+0530][21.316s] GC(105) Using 8 workers of 8 for evacuation
[2025-06-03T15:44:18.560+0530][21.316s] GC(105) Skipped phase 1 of Reference Processing: no references
[2025-06-03T15:44:18.560+0530][21.316s] GC(105) Skipped phase 2 of Reference Processing: no references
[2025-06-03T15:44:18.560+0530][21.316s] GC(105) Skipped phase 3 of Reference Processing: no references
[2025-06-03T15:44:18.560+0530][21.317s] GC(105) Skipped phase 4 of Reference Processing: no references
[2025-06-03T15:44:18.560+0530][21.317s] GC(105)   Pre Evacuate Collection Set: 0.1ms
[2025-06-03T15:44:18.560+0530][21.317s] GC(105)   Merge Heap Roots: 0.1ms
[2025-06-03T15:44:18.560+0530][21.317s] GC(105)   Evacuate Collection Set: 0.2ms
[2025-06-03T15:44:18.560+0530][21.317s] GC(105)   Post Evacuate Collection Set: 0.5ms
[2025-06-03T15:44:18.560+0530][21.317s] GC(105)   Other: 0.2ms
[2025-06-03T15:44:18.560+0530][21.317s] GC(105) Eden regions: 306->0(306)
[2025-06-03T15:44:18.560+0530][21.317s] GC(105) Survivor regions: 1->1(39)
[2025-06-03T15:44:18.560+0530][21.317s] GC(105) Old regions: 9->9
[2025-06-03T15:44:18.560+0530][21.317s] GC(105) Archive regions: 2->2
[2025-06-03T15:44:18.560+0530][21.317s] GC(105) Humongous regions: 0->0
[2025-06-03T15:44:18.560+0530][21.317s] GC(105) Metaspace: 20092K(20544K)->20092K(20544K) NonClass: 17514K(17728K)->17514K(17728K) Class: 2578K(2816K)->2578K(2816K)
[2025-06-03T15:44:18.560+0530][21.317s] GC(105) Pause Young (Normal) (G1 Evacuation Pause) 315M->9M(512M) 1.261ms
[2025-06-03T15:44:18.560+0530][21.317s] GC(105) User=0.00s Sys=0.01s Real=0.01s
[2025-06-03T15:44:18.702+0530][21.459s] GC(106) Pause Young (Normal) (G1 Evacuation Pause)
[2025-06-03T15:44:18.702+0530][21.459s] GC(106) Using 8 workers of 8 for evacuation
[2025-06-03T15:44:18.703+0530][21.459s] GC(106) Skipped phase 1 of Reference Processing: no references
[2025-06-03T15:44:18.703+0530][21.460s] GC(106) Skipped phase 2 of Reference Processing: no references
[2025-06-03T15:44:18.703+0530][21.460s] GC(106) Skipped phase 3 of Reference Processing: no references
[2025-06-03T15:44:18.703+0530][21.460s] GC(106) Skipped phase 4 of Reference Processing: no references
[2025-06-03T15:44:18.703+0530][21.460s] GC(106)   Pre Evacuate Collection Set: 0.1ms
[2025-06-03T15:44:18.703+0530][21.460s] GC(106)   Merge Heap Roots: 0.1ms
[2025-06-03T15:44:18.703+0530][21.460s] GC(106)   Evacuate Collection Set: 0.2ms
[2025-06-03T15:44:18.703+0530][21.460s] GC(106)   Post Evacuate Collection Set: 0.4ms
[2025-06-03T15:44:18.703+0530][21.460s] GC(106)   Other: 0.2ms
[2025-06-03T15:44:18.703+0530][21.460s] GC(106) Eden regions: 306->0(306)
[2025-06-03T15:44:18.703+0530][21.460s] GC(106) Survivor regions: 1->1(39)
[2025-06-03T15:44:18.703+0530][21.460s] GC(106) Old regions: 9->9
[2025-06-03T15:44:18.703+0530][21.460s] GC(106) Archive regions: 2->2
[2025-06-03T15:44:18.703+0530][21.460s] GC(106) Humongous regions: 0->0
[2025-06-03T15:44:18.703+0530][21.460s] GC(106) Metaspace: 20092K(20544K)->20092K(20544K) NonClass: 17514K(17728K)->17514K(17728K) Class: 2578K(2816K)->2578K(2816K)
[2025-06-03T15:44:18.703+0530][21.460s] GC(106) Pause Young (Normal) (G1 Evacuation Pause) 315M->9M(512M) 1.175ms
[2025-06-03T15:44:18.703+0530][21.460s] GC(106) User=0.01s Sys=0.00s Real=0.00s
[2025-06-03T15:44:18.852+0530][21.609s] GC(107) Pause Young (Normal) (G1 Evacuation Pause)
[2025-06-03T15:44:18.852+0530][21.609s] GC(107) Using 8 workers of 8 for evacuation
[2025-06-03T15:44:18.852+0530][21.609s] GC(107) Skipped phase 1 of Reference Processing: no references
[2025-06-03T15:44:18.852+0530][21.609s] GC(107) Skipped phase 2 of Reference Processing: no references
[2025-06-03T15:44:18.852+0530][21.609s] GC(107) Skipped phase 3 of Reference Processing: no references
[2025-06-03T15:44:18.852+0530][21.609s] GC(107) Skipped phase 4 of Reference Processing: no references
[2025-06-03T15:44:18.853+0530][21.610s] GC(107)   Pre Evacuate Collection Set: 0.1ms
[2025-06-03T15:44:18.853+0530][21.610s] GC(107)   Merge Heap Roots: 0.1ms
[2025-06-03T15:44:18.853+0530][21.610s] GC(107)   Evacuate Collection Set: 0.2ms
[2025-06-03T15:44:18.853+0530][21.610s] GC(107)   Post Evacuate Collection Set: 0.5ms
[2025-06-03T15:44:18.853+0530][21.610s] GC(107)   Other: 0.2ms
[2025-06-03T15:44:18.853+0530][21.610s] GC(107) Eden regions: 306->0(306)
[2025-06-03T15:44:18.853+0530][21.610s] GC(107) Survivor regions: 1->1(39)
[2025-06-03T15:44:18.853+0530][21.610s] GC(107) Old regions: 9->9
[2025-06-03T15:44:18.853+0530][21.610s] GC(107) Archive regions: 2->2
[2025-06-03T15:44:18.853+0530][21.610s] GC(107) Humongous regions: 0->0
[2025-06-03T15:44:18.853+0530][21.610s] GC(107) Metaspace: 20096K(20544K)->20096K(20544K) NonClass: 17517K(17728K)->17517K(17728K) Class: 2579K(2816K)->2579K(2816K)
[2025-06-03T15:44:18.853+0530][21.610s] GC(107) Pause Young (Normal) (G1 Evacuation Pause) 315M->9M(512M) 1.222ms
[2025-06-03T15:44:18.853+0530][21.610s] GC(107) User=0.00s Sys=0.01s Real=0.00s
[2025-06-03T15:44:19.000+0530][21.757s] GC(108) Pause Young (Normal) (G1 Evacuation Pause)
[2025-06-03T15:44:19.000+0530][21.757s] GC(108) Using 8 workers of 8 for evacuation
[2025-06-03T15:44:19.001+0530][21.758s] GC(108) Skipped phase 1 of Reference Processing: no references
[2025-06-03T15:44:19.001+0530][21.758s] GC(108) Skipped phase 2 of Reference Processing: no references
[2025-06-03T15:44:19.001+0530][21.758s] GC(108) Skipped phase 3 of Reference Processing: no references
[2025-06-03T15:44:19.001+0530][21.758s] GC(108) Skipped phase 4 of Reference Processing: no references
[2025-06-03T15:44:19.001+0530][21.758s] GC(108)   Pre Evacuate Collection Set: 0.1ms
[2025-06-03T15:44:19.001+0530][21.758s] GC(108)   Merge Heap Roots: 0.1ms
[2025-06-03T15:44:19.001+0530][21.758s] GC(108)   Evacuate Collection Set: 0.2ms
[2025-06-03T15:44:19.002+0530][21.758s] GC(108)   Post Evacuate Collection Set: 0.4ms
[2025-06-03T15:44:19.002+0530][21.758s] GC(108)   Other: 0.2ms
[2025-06-03T15:44:19.002+0530][21.758s] GC(108) Eden regions: 306->0(306)
[2025-06-03T15:44:19.002+0530][21.759s] GC(108) Survivor regions: 1->1(39)
[2025-06-03T15:44:19.002+0530][21.759s] GC(108) Old regions: 9->9
[2025-06-03T15:44:19.002+0530][21.759s] GC(108) Archive regions: 2->2
[2025-06-03T15:44:19.002+0530][21.759s] GC(108) Humongous regions: 0->0
[2025-06-03T15:44:19.002+0530][21.759s] GC(108) Metaspace: 20105K(20544K)->20105K(20544K) NonClass: 17526K(17728K)->17526K(17728K) Class: 2579K(2816K)->2579K(2816K)
[2025-06-03T15:44:19.002+0530][21.759s] GC(108) Pause Young (Normal) (G1 Evacuation Pause) 315M->9M(512M) 1.245ms
[2025-06-03T15:44:19.002+0530][21.759s] GC(108) User=0.00s Sys=0.00s Real=0.00s
[2025-06-03T15:44:19.146+0530][21.903s] GC(109) Pause Young (Normal) (G1 Evacuation Pause)
[2025-06-03T15:44:19.146+0530][21.903s] GC(109) Using 8 workers of 8 for evacuation
[2025-06-03T15:44:19.147+0530][21.904s] GC(109) Skipped phase 1 of Reference Processing: no references
[2025-06-03T15:44:19.147+0530][21.904s] GC(109) Skipped phase 2 of Reference Processing: no references
[2025-06-03T15:44:19.147+0530][21.904s] GC(109) Skipped phase 3 of Reference Processing: no references
[2025-06-03T15:44:19.147+0530][21.904s] GC(109) Skipped phase 4 of Reference Processing: no references
[2025-06-03T15:44:19.147+0530][21.904s] GC(109)   Pre Evacuate Collection Set: 0.1ms
[2025-06-03T15:44:19.147+0530][21.904s] GC(109)   Merge Heap Roots: 0.1ms
[2025-06-03T15:44:19.147+0530][21.904s] GC(109)   Evacuate Collection Set: 0.2ms
[2025-06-03T15:44:19.147+0530][21.904s] GC(109)   Post Evacuate Collection Set: 0.4ms
[2025-06-03T15:44:19.147+0530][21.904s] GC(109)   Other: 0.2ms
[2025-06-03T15:44:19.147+0530][21.904s] GC(109) Eden regions: 306->0(306)
[2025-06-03T15:44:19.147+0530][21.904s] GC(109) Survivor regions: 1->1(39)
[2025-06-03T15:44:19.147+0530][21.904s] GC(109) Old regions: 9->9
[2025-06-03T15:44:19.147+0530][21.904s] GC(109) Archive regions: 2->2
[2025-06-03T15:44:19.147+0530][21.904s] GC(109) Humongous regions: 0->0
[2025-06-03T15:44:19.147+0530][21.904s] GC(109) Metaspace: 20105K(20544K)->20105K(20544K) NonClass: 17526K(17728K)->17526K(17728K) Class: 2579K(2816K)->2579K(2816K)
[2025-06-03T15:44:19.147+0530][21.904s] GC(109) Pause Young (Normal) (G1 Evacuation Pause) 315M->9M(512M) 1.101ms
[2025-06-03T15:44:19.147+0530][21.904s] GC(109) User=0.00s Sys=0.00s Real=0.00s
[2025-06-03T15:44:19.290+0530][22.047s] GC(110) Pause Young (Normal) (G1 Evacuation Pause)
[2025-06-03T15:44:19.290+0530][22.047s] GC(110) Using 8 workers of 8 for evacuation
[2025-06-03T15:44:19.291+0530][22.048s] GC(110) Skipped phase 1 of Reference Processing: no references
[2025-06-03T15:44:19.291+0530][22.048s] GC(110) Skipped phase 2 of Reference Processing: no references
[2025-06-03T15:44:19.291+0530][22.048s] GC(110) Skipped phase 3 of Reference Processing: no references
[2025-06-03T15:44:19.291+0530][22.048s] GC(110) Skipped phase 4 of Reference Processing: no references
[2025-06-03T15:44:19.291+0530][22.048s] GC(110)   Pre Evacuate Collection Set: 0.1ms
[2025-06-03T15:44:19.291+0530][22.048s] GC(110)   Merge Heap Roots: 0.1ms
[2025-06-03T15:44:19.291+0530][22.048s] GC(110)   Evacuate Collection Set: 0.2ms
[2025-06-03T15:44:19.291+0530][22.048s] GC(110)   Post Evacuate Collection Set: 0.5ms
[2025-06-03T15:44:19.291+0530][22.048s] GC(110)   Other: 0.2ms
[2025-06-03T15:44:19.291+0530][22.048s] GC(110) Eden regions: 306->0(306)
[2025-06-03T15:44:19.291+0530][22.048s] GC(110) Survivor regions: 1->1(39)
[2025-06-03T15:44:19.291+0530][22.048s] GC(110) Old regions: 9->9
[2025-06-03T15:44:19.291+0530][22.048s] GC(110) Archive regions: 2->2
[2025-06-03T15:44:19.291+0530][22.048s] GC(110) Humongous regions: 0->0
[2025-06-03T15:44:19.291+0530][22.048s] GC(110) Metaspace: 20105K(20544K)->20105K(20544K) NonClass: 17526K(17728K)->17526K(17728K) Class: 2579K(2816K)->2579K(2816K)
[2025-06-03T15:44:19.292+0530][22.048s] GC(110) Pause Young (Normal) (G1 Evacuation Pause) 315M->9M(512M) 1.258ms
[2025-06-03T15:44:19.292+0530][22.049s] GC(110) User=0.00s Sys=0.00s Real=0.00s
[2025-06-03T15:44:19.438+0530][22.195s] GC(111) Pause Young (Normal) (G1 Evacuation Pause)
[2025-06-03T15:44:19.438+0530][22.195s] GC(111) Using 8 workers of 8 for evacuation
[2025-06-03T15:44:19.439+0530][22.196s] GC(111) Skipped phase 1 of Reference Processing: no references
[2025-06-03T15:44:19.439+0530][22.196s] GC(111) Skipped phase 2 of Reference Processing: no references
[2025-06-03T15:44:19.439+0530][22.196s] GC(111) Skipped phase 3 of Reference Processing: no references
[2025-06-03T15:44:19.439+0530][22.196s] GC(111) Skipped phase 4 of Reference Processing: no references
[2025-06-03T15:44:19.439+0530][22.196s] GC(111)   Pre Evacuate Collection Set: 0.1ms
[2025-06-03T15:44:19.439+0530][22.196s] GC(111)   Merge Heap Roots: 0.1ms
[2025-06-03T15:44:19.439+0530][22.196s] GC(111)   Evacuate Collection Set: 0.2ms
[2025-06-03T15:44:19.439+0530][22.196s] GC(111)   Post Evacuate Collection Set: 0.5ms
[2025-06-03T15:44:19.439+0530][22.196s] GC(111)   Other: 0.2ms
[2025-06-03T15:44:19.439+0530][22.196s] GC(111) Eden regions: 306->0(306)
[2025-06-03T15:44:19.439+0530][22.196s] GC(111) Survivor regions: 1->1(39)
[2025-06-03T15:44:19.439+0530][22.196s] GC(111) Old regions: 9->9
[2025-06-03T15:44:19.439+0530][22.196s] GC(111) Archive regions: 2->2
[2025-06-03T15:44:19.439+0530][22.196s] GC(111) Humongous regions: 0->0
[2025-06-03T15:44:19.439+0530][22.196s] GC(111) Metaspace: 20105K(20544K)->20105K(20544K) NonClass: 17526K(17728K)->17526K(17728K) Class: 2579K(2816K)->2579K(2816K)
[2025-06-03T15:44:19.439+0530][22.196s] GC(111) Pause Young (Normal) (G1 Evacuation Pause) 315M->9M(512M) 1.176ms
[2025-06-03T15:44:19.439+0530][22.196s] GC(111) User=0.01s Sys=0.00s Real=0.00s
[2025-06-03T15:44:19.578+0530][22.335s] GC(112) Pause Young (Normal) (G1 Evacuation Pause)
[2025-06-03T15:44:19.578+0530][22.335s] GC(112) Using 8 workers of 8 for evacuation
[2025-06-03T15:44:19.579+0530][22.336s] GC(112) Skipped phase 1 of Reference Processing: no references
[2025-06-03T15:44:19.579+0530][22.336s] GC(112) Skipped phase 2 of Reference Processing: no references
[2025-06-03T15:44:19.579+0530][22.336s] GC(112) Skipped phase 3 of Reference Processing: no references
[2025-06-03T15:44:19.579+0530][22.336s] GC(112) Skipped phase 4 of Reference Processing: no references
[2025-06-03T15:44:19.579+0530][22.336s] GC(112)   Pre Evacuate Collection Set: 0.1ms
[2025-06-03T15:44:19.579+0530][22.336s] GC(112)   Merge Heap Roots: 0.1ms
[2025-06-03T15:44:19.579+0530][22.336s] GC(112)   Evacuate Collection Set: 0.2ms
[2025-06-03T15:44:19.579+0530][22.336s] GC(112)   Post Evacuate Collection Set: 0.5ms
[2025-06-03T15:44:19.579+0530][22.336s] GC(112)   Other: 0.2ms
[2025-06-03T15:44:19.579+0530][22.336s] GC(112) Eden regions: 306->0(306)
[2025-06-03T15:44:19.579+0530][22.336s] GC(112) Survivor regions: 1->1(39)
[2025-06-03T15:44:19.579+0530][22.336s] GC(112) Old regions: 9->9
[2025-06-03T15:44:19.579+0530][22.336s] GC(112) Archive regions: 2->2
[2025-06-03T15:44:19.579+0530][22.336s] GC(112) Humongous regions: 0->0
[2025-06-03T15:44:19.579+0530][22.336s] GC(112) Metaspace: 20105K(20544K)->20105K(20544K) NonClass: 17526K(17728K)->17526K(17728K) Class: 2579K(2816K)->2579K(2816K)
[2025-06-03T15:44:19.579+0530][22.336s] GC(112) Pause Young (Normal) (G1 Evacuation Pause) 315M->9M(512M) 1.309ms
[2025-06-03T15:44:19.579+0530][22.336s] GC(112) User=0.01s Sys=0.01s Real=0.00s
[2025-06-03T15:44:19.719+0530][22.476s] GC(113) Pause Young (Normal) (G1 Evacuation Pause)
[2025-06-03T15:44:19.719+0530][22.476s] GC(113) Using 8 workers of 8 for evacuation
[2025-06-03T15:44:19.720+0530][22.477s] GC(113) Skipped phase 1 of Reference Processing: no references
[2025-06-03T15:44:19.720+0530][22.477s] GC(113) Skipped phase 2 of Reference Processing: no references
[2025-06-03T15:44:19.720+0530][22.477s] GC(113) Skipped phase 3 of Reference Processing: no references
[2025-06-03T15:44:19.720+0530][22.477s] GC(113) Skipped phase 4 of Reference Processing: no references
[2025-06-03T15:44:19.720+0530][22.477s] GC(113)   Pre Evacuate Collection Set: 0.1ms
[2025-06-03T15:44:19.720+0530][22.477s] GC(113)   Merge Heap Roots: 0.1ms
[2025-06-03T15:44:19.720+0530][22.477s] GC(113)   Evacuate Collection Set: 0.3ms
[2025-06-03T15:44:19.720+0530][22.477s] GC(113)   Post Evacuate Collection Set: 0.5ms
[2025-06-03T15:44:19.721+0530][22.477s] GC(113)   Other: 0.2ms
[2025-06-03T15:44:19.721+0530][22.477s] GC(113) Eden regions: 306->0(306)
[2025-06-03T15:44:19.721+0530][22.478s] GC(113) Survivor regions: 1->1(39)
[2025-06-03T15:44:19.721+0530][22.478s] GC(113) Old regions: 9->9
[2025-06-03T15:44:19.721+0530][22.478s] GC(113) Archive regions: 2->2
[2025-06-03T15:44:19.721+0530][22.478s] GC(113) Humongous regions: 0->0
[2025-06-03T15:44:19.721+0530][22.478s] GC(113) Metaspace: 20105K(20544K)->20105K(20544K) NonClass: 17526K(17728K)->17526K(17728K) Class: 2579K(2816K)->2579K(2816K)
[2025-06-03T15:44:19.721+0530][22.478s] GC(113) Pause Young (Normal) (G1 Evacuation Pause) 315M->9M(512M) 1.268ms
[2025-06-03T15:44:19.721+0530][22.478s] GC(113) User=0.00s Sys=0.01s Real=0.01s
[2025-06-03T15:44:19.856+0530][22.613s] GC(114) Pause Young (Normal) (G1 Evacuation Pause)
[2025-06-03T15:44:19.856+0530][22.613s] GC(114) Using 8 workers of 8 for evacuation
[2025-06-03T15:44:19.856+0530][22.613s] GC(114) Skipped phase 1 of Reference Processing: no references
[2025-06-03T15:44:19.856+0530][22.613s] GC(114) Skipped phase 2 of Reference Processing: no references
[2025-06-03T15:44:19.856+0530][22.613s] GC(114) Skipped phase 3 of Reference Processing: no references
[2025-06-03T15:44:19.856+0530][22.613s] GC(114) Skipped phase 4 of Reference Processing: no references
[2025-06-03T15:44:19.857+0530][22.614s] GC(114)   Pre Evacuate Collection Set: 0.1ms
[2025-06-03T15:44:19.857+0530][22.614s] GC(114)   Merge Heap Roots: 0.1ms
[2025-06-03T15:44:19.857+0530][22.614s] GC(114)   Evacuate Collection Set: 0.2ms
[2025-06-03T15:44:19.857+0530][22.614s] GC(114)   Post Evacuate Collection Set: 0.4ms
[2025-06-03T15:44:19.857+0530][22.614s] GC(114)   Other: 0.2ms
[2025-06-03T15:44:19.857+0530][22.614s] GC(114) Eden regions: 306->0(306)
[2025-06-03T15:44:19.857+0530][22.614s] GC(114) Survivor regions: 1->1(39)
[2025-06-03T15:44:19.857+0530][22.614s] GC(114) Old regions: 9->9
[2025-06-03T15:44:19.857+0530][22.614s] GC(114) Archive regions: 2->2
[2025-06-03T15:44:19.857+0530][22.614s] GC(114) Humongous regions: 0->0
[2025-06-03T15:44:19.857+0530][22.614s] GC(114) Metaspace: 20105K(20544K)->20105K(20544K) NonClass: 17526K(17728K)->17526K(17728K) Class: 2579K(2816K)->2579K(2816K)
[2025-06-03T15:44:19.857+0530][22.614s] GC(114) Pause Young (Normal) (G1 Evacuation Pause) 315M->9M(512M) 1.140ms
[2025-06-03T15:44:19.857+0530][22.614s] GC(114) User=0.01s Sys=0.00s Real=0.00s
[2025-06-03T15:44:19.995+0530][22.752s] GC(115) Pause Young (Normal) (G1 Evacuation Pause)
[2025-06-03T15:44:19.995+0530][22.752s] GC(115) Using 8 workers of 8 for evacuation
[2025-06-03T15:44:19.996+0530][22.753s] GC(115) Skipped phase 1 of Reference Processing: no references
[2025-06-03T15:44:19.996+0530][22.753s] GC(115) Skipped phase 2 of Reference Processing: no references
[2025-06-03T15:44:19.996+0530][22.753s] GC(115) Skipped phase 3 of Reference Processing: no references
[2025-06-03T15:44:19.996+0530][22.753s] GC(115) Skipped phase 4 of Reference Processing: no references
[2025-06-03T15:44:19.996+0530][22.753s] GC(115)   Pre Evacuate Collection Set: 0.1ms
[2025-06-03T15:44:19.996+0530][22.753s] GC(115)   Merge Heap Roots: 0.1ms
[2025-06-03T15:44:19.996+0530][22.753s] GC(115)   Evacuate Collection Set: 0.2ms
[2025-06-03T15:44:19.996+0530][22.753s] GC(115)   Post Evacuate Collection Set: 0.4ms
[2025-06-03T15:44:19.996+0530][22.753s] GC(115)   Other: 0.2ms
[2025-06-03T15:44:19.996+0530][22.753s] GC(115) Eden regions: 306->0(306)
[2025-06-03T15:44:19.996+0530][22.753s] GC(115) Survivor regions: 1->1(39)
[2025-06-03T15:44:19.996+0530][22.753s] GC(115) Old regions: 9->9
[2025-06-03T15:44:19.996+0530][22.753s] GC(115) Archive regions: 2->2
[2025-06-03T15:44:19.996+0530][22.753s] GC(115) Humongous regions: 0->0
[2025-06-03T15:44:19.996+0530][22.753s] GC(115) Metaspace: 20113K(20608K)->20113K(20608K) NonClass: 17534K(17792K)->17534K(17792K) Class: 2579K(2816K)->2579K(2816K)
[2025-06-03T15:44:19.996+0530][22.753s] GC(115) Pause Young (Normal) (G1 Evacuation Pause) 315M->9M(512M) 1.255ms
[2025-06-03T15:44:19.996+0530][22.753s] GC(115) User=0.01s Sys=0.00s Real=0.00s
[2025-06-03T15:44:20.134+0530][22.891s] GC(116) Pause Young (Normal) (G1 Evacuation Pause)
[2025-06-03T15:44:20.134+0530][22.891s] GC(116) Using 8 workers of 8 for evacuation
[2025-06-03T15:44:20.135+0530][22.891s] GC(116) Skipped phase 1 of Reference Processing: no references
[2025-06-03T15:44:20.135+0530][22.892s] GC(116) Skipped phase 2 of Reference Processing: no references
[2025-06-03T15:44:20.135+0530][22.892s] GC(116) Skipped phase 3 of Reference Processing: no references
[2025-06-03T15:44:20.135+0530][22.892s] GC(116) Skipped phase 4 of Reference Processing: no references
[2025-06-03T15:44:20.135+0530][22.892s] GC(116)   Pre Evacuate Collection Set: 0.1ms
[2025-06-03T15:44:20.135+0530][22.892s] GC(116)   Merge Heap Roots: 0.1ms
[2025-06-03T15:44:20.135+0530][22.892s] GC(116)   Evacuate Collection Set: 0.2ms
[2025-06-03T15:44:20.135+0530][22.892s] GC(116)   Post Evacuate Collection Set: 0.4ms
[2025-06-03T15:44:20.135+0530][22.892s] GC(116)   Other: 0.2ms
[2025-06-03T15:44:20.135+0530][22.892s] GC(116) Eden regions: 306->0(306)
[2025-06-03T15:44:20.135+0530][22.892s] GC(116) Survivor regions: 1->1(39)
[2025-06-03T15:44:20.135+0530][22.892s] GC(116) Old regions: 9->9
[2025-06-03T15:44:20.135+0530][22.892s] GC(116) Archive regions: 2->2
[2025-06-03T15:44:20.135+0530][22.892s] GC(116) Humongous regions: 0->0
[2025-06-03T15:44:20.135+0530][22.892s] GC(116) Metaspace: 20113K(20608K)->20113K(20608K) NonClass: 17534K(17792K)->17534K(17792K) Class: 2579K(2816K)->2579K(2816K)
[2025-06-03T15:44:20.135+0530][22.892s] GC(116) Pause Young (Normal) (G1 Evacuation Pause) 315M->9M(512M) 1.184ms
[2025-06-03T15:44:20.135+0530][22.892s] GC(116) User=0.01s Sys=0.01s Real=0.00s
[2025-06-03T15:44:20.271+0530][23.028s] GC(117) Pause Young (Normal) (G1 Evacuation Pause)
[2025-06-03T15:44:20.271+0530][23.028s] GC(117) Using 8 workers of 8 for evacuation
[2025-06-03T15:44:20.272+0530][23.029s] GC(117) Skipped phase 1 of Reference Processing: no references
[2025-06-03T15:44:20.272+0530][23.029s] GC(117) Skipped phase 2 of Reference Processing: no references
[2025-06-03T15:44:20.272+0530][23.029s] GC(117) Skipped phase 3 of Reference Processing: no references
[2025-06-03T15:44:20.272+0530][23.029s] GC(117) Skipped phase 4 of Reference Processing: no references
[2025-06-03T15:44:20.272+0530][23.029s] GC(117)   Pre Evacuate Collection Set: 0.1ms
[2025-06-03T15:44:20.272+0530][23.029s] GC(117)   Merge Heap Roots: 0.1ms
[2025-06-03T15:44:20.272+0530][23.029s] GC(117)   Evacuate Collection Set: 0.2ms
[2025-06-03T15:44:20.272+0530][23.029s] GC(117)   Post Evacuate Collection Set: 0.4ms
[2025-06-03T15:44:20.272+0530][23.029s] GC(117)   Other: 0.2ms
[2025-06-03T15:44:20.272+0530][23.029s] GC(117) Eden regions: 306->0(306)
[2025-06-03T15:44:20.272+0530][23.029s] GC(117) Survivor regions: 1->1(39)
[2025-06-03T15:44:20.272+0530][23.029s] GC(117) Old regions: 9->9
[2025-06-03T15:44:20.272+0530][23.029s] GC(117) Archive regions: 2->2
[2025-06-03T15:44:20.272+0530][23.029s] GC(117) Humongous regions: 0->0
[2025-06-03T15:44:20.272+0530][23.029s] GC(117) Metaspace: 20113K(20608K)->20113K(20608K) NonClass: 17534K(17792K)->17534K(17792K) Class: 2579K(2816K)->2579K(2816K)
[2025-06-03T15:44:20.272+0530][23.029s] GC(117) Pause Young (Normal) (G1 Evacuation Pause) 315M->9M(512M) 1.174ms
[2025-06-03T15:44:20.273+0530][23.029s] GC(117) User=0.01s Sys=0.00s Real=0.00s
[2025-06-03T15:44:20.411+0530][23.168s] GC(118) Pause Young (Normal) (G1 Evacuation Pause)
[2025-06-03T15:44:20.411+0530][23.168s] GC(118) Using 8 workers of 8 for evacuation
[2025-06-03T15:44:20.411+0530][23.168s] GC(118) Skipped phase 1 of Reference Processing: no references
[2025-06-03T15:44:20.411+0530][23.168s] GC(118) Skipped phase 2 of Reference Processing: no references
[2025-06-03T15:44:20.411+0530][23.168s] GC(118) Skipped phase 3 of Reference Processing: no references
[2025-06-03T15:44:20.411+0530][23.168s] GC(118) Skipped phase 4 of Reference Processing: no references
[2025-06-03T15:44:20.412+0530][23.169s] GC(118)   Pre Evacuate Collection Set: 0.1ms
[2025-06-03T15:44:20.412+0530][23.169s] GC(118)   Merge Heap Roots: 0.1ms
[2025-06-03T15:44:20.412+0530][23.169s] GC(118)   Evacuate Collection Set: 0.2ms
[2025-06-03T15:44:20.412+0530][23.169s] GC(118)   Post Evacuate Collection Set: 0.5ms
[2025-06-03T15:44:20.412+0530][23.169s] GC(118)   Other: 0.2ms
[2025-06-03T15:44:20.412+0530][23.169s] GC(118) Eden regions: 306->0(306)
[2025-06-03T15:44:20.412+0530][23.169s] GC(118) Survivor regions: 1->1(39)
[2025-06-03T15:44:20.412+0530][23.169s] GC(118) Old regions: 9->9
[2025-06-03T15:44:20.412+0530][23.169s] GC(118) Archive regions: 2->2
[2025-06-03T15:44:20.412+0530][23.169s] GC(118) Humongous regions: 0->0
[2025-06-03T15:44:20.412+0530][23.169s] GC(118) Metaspace: 20113K(20608K)->20113K(20608K) NonClass: 17534K(17792K)->17534K(17792K) Class: 2579K(2816K)->2579K(2816K)
[2025-06-03T15:44:20.412+0530][23.169s] GC(118) Pause Young (Normal) (G1 Evacuation Pause) 315M->9M(512M) 1.273ms
[2025-06-03T15:44:20.412+0530][23.169s] GC(118) User=0.00s Sys=0.00s Real=0.00s
[2025-06-03T15:44:20.656+0530][23.413s] GC(119) Pause Young (Normal) (G1 Evacuation Pause)
[2025-06-03T15:44:20.656+0530][23.413s] GC(119) Using 8 workers of 8 for evacuation
[2025-06-03T15:44:20.656+0530][23.413s] GC(119) Skipped phase 1 of Reference Processing: no references
[2025-06-03T15:44:20.656+0530][23.413s] GC(119) Skipped phase 2 of Reference Processing: no references
[2025-06-03T15:44:20.656+0530][23.413s] GC(119) Skipped phase 3 of Reference Processing: no references
[2025-06-03T15:44:20.656+0530][23.413s] GC(119) Skipped phase 4 of Reference Processing: no references
[2025-06-03T15:44:20.657+0530][23.414s] GC(119)   Pre Evacuate Collection Set: 0.1ms
[2025-06-03T15:44:20.657+0530][23.414s] GC(119)   Merge Heap Roots: 0.1ms
[2025-06-03T15:44:20.657+0530][23.414s] GC(119)   Evacuate Collection Set: 0.2ms
[2025-06-03T15:44:20.657+0530][23.414s] GC(119)   Post Evacuate Collection Set: 0.4ms
[2025-06-03T15:44:20.657+0530][23.414s] GC(119)   Other: 0.1ms
[2025-06-03T15:44:20.657+0530][23.414s] GC(119) Eden regions: 306->0(306)
[2025-06-03T15:44:20.657+0530][23.414s] GC(119) Survivor regions: 1->1(39)
[2025-06-03T15:44:20.657+0530][23.414s] GC(119) Old regions: 9->9
[2025-06-03T15:44:20.657+0530][23.414s] GC(119) Archive regions: 2->2
[2025-06-03T15:44:20.657+0530][23.414s] GC(119) Humongous regions: 0->0
[2025-06-03T15:44:20.657+0530][23.414s] GC(119) Metaspace: 20113K(20608K)->20113K(20608K) NonClass: 17534K(17792K)->17534K(17792K) Class: 2579K(2816K)->2579K(2816K)
[2025-06-03T15:44:20.657+0530][23.414s] GC(119) Pause Young (Normal) (G1 Evacuation Pause) 315M->9M(512M) 1.064ms
[2025-06-03T15:44:20.657+0530][23.414s] GC(119) User=0.00s Sys=0.00s Real=0.00s
[2025-06-03T15:44:20.876+0530][23.633s] GC(120) Pause Young (Normal) (G1 Evacuation Pause)
[2025-06-03T15:44:20.876+0530][23.633s] GC(120) Using 8 workers of 8 for evacuation
[2025-06-03T15:44:20.877+0530][23.634s] GC(120) Skipped phase 1 of Reference Processing: no references
[2025-06-03T15:44:20.877+0530][23.634s] GC(120) Skipped phase 2 of Reference Processing: no references
[2025-06-03T15:44:20.877+0530][23.634s] GC(120) Skipped phase 3 of Reference Processing: no references
[2025-06-03T15:44:20.877+0530][23.634s] GC(120) Skipped phase 4 of Reference Processing: no references
[2025-06-03T15:44:20.877+0530][23.634s] GC(120)   Pre Evacuate Collection Set: 0.1ms
[2025-06-03T15:44:20.877+0530][23.634s] GC(120)   Merge Heap Roots: 0.1ms
[2025-06-03T15:44:20.877+0530][23.634s] GC(120)   Evacuate Collection Set: 0.3ms
[2025-06-03T15:44:20.877+0530][23.634s] GC(120)   Post Evacuate Collection Set: 0.4ms
[2025-06-03T15:44:20.877+0530][23.634s] GC(120)   Other: 0.2ms
[2025-06-03T15:44:20.877+0530][23.634s] GC(120) Eden regions: 306->0(306)
[2025-06-03T15:44:20.877+0530][23.634s] GC(120) Survivor regions: 1->1(39)
[2025-06-03T15:44:20.877+0530][23.634s] GC(120) Old regions: 9->9
[2025-06-03T15:44:20.877+0530][23.634s] GC(120) Archive regions: 2->2
[2025-06-03T15:44:20.877+0530][23.634s] GC(120) Humongous regions: 0->0
[2025-06-03T15:44:20.877+0530][23.634s] GC(120) Metaspace: 20113K(20608K)->20113K(20608K) NonClass: 17534K(17792K)->17534K(17792K) Class: 2579K(2816K)->2579K(2816K)
[2025-06-03T15:44:20.877+0530][23.634s] GC(120) Pause Young (Normal) (G1 Evacuation Pause) 315M->9M(512M) 1.310ms
[2025-06-03T15:44:20.877+0530][23.634s] GC(120) User=0.00s Sys=0.01s Real=0.00s
[2025-06-03T15:44:21.036+0530][23.793s] GC(121) Pause Young (Normal) (G1 Evacuation Pause)
[2025-06-03T15:44:21.036+0530][23.793s] GC(121) Using 8 workers of 8 for evacuation
[2025-06-03T15:44:21.036+0530][23.793s] GC(121) Skipped phase 1 of Reference Processing: no references
[2025-06-03T15:44:21.036+0530][23.793s] GC(121) Skipped phase 2 of Reference Processing: no references
[2025-06-03T15:44:21.036+0530][23.793s] GC(121) Skipped phase 3 of Reference Processing: no references
[2025-06-03T15:44:21.036+0530][23.793s] GC(121) Skipped phase 4 of Reference Processing: no references
[2025-06-03T15:44:21.037+0530][23.794s] GC(121)   Pre Evacuate Collection Set: 0.1ms
[2025-06-03T15:44:21.037+0530][23.794s] GC(121)   Merge Heap Roots: 0.1ms
[2025-06-03T15:44:21.037+0530][23.794s] GC(121)   Evacuate Collection Set: 0.2ms
[2025-06-03T15:44:21.037+0530][23.794s] GC(121)   Post Evacuate Collection Set: 0.4ms
[2025-06-03T15:44:21.037+0530][23.794s] GC(121)   Other: 0.2ms
[2025-06-03T15:44:21.037+0530][23.794s] GC(121) Eden regions: 306->0(306)
[2025-06-03T15:44:21.037+0530][23.794s] GC(121) Survivor regions: 1->1(39)
[2025-06-03T15:44:21.037+0530][23.794s] GC(121) Old regions: 9->9
[2025-06-03T15:44:21.037+0530][23.794s] GC(121) Archive regions: 2->2
[2025-06-03T15:44:21.037+0530][23.794s] GC(121) Humongous regions: 0->0
[2025-06-03T15:44:21.037+0530][23.794s] GC(121) Metaspace: 20132K(20608K)->20132K(20608K) NonClass: 17553K(17792K)->17553K(17792K) Class: 2579K(2816K)->2579K(2816K)
[2025-06-03T15:44:21.037+0530][23.794s] GC(121) Pause Young (Normal) (G1 Evacuation Pause) 315M->9M(512M) 1.213ms
[2025-06-03T15:44:21.037+0530][23.794s] GC(121) User=0.00s Sys=0.00s Real=0.00s
[2025-06-03T15:44:21.193+0530][23.950s] GC(122) Pause Young (Normal) (G1 Evacuation Pause)
[2025-06-03T15:44:21.193+0530][23.950s] GC(122) Using 8 workers of 8 for evacuation
[2025-06-03T15:44:21.194+0530][23.950s] GC(122) Skipped phase 1 of Reference Processing: no references
[2025-06-03T15:44:21.194+0530][23.951s] GC(122) Skipped phase 2 of Reference Processing: no references
[2025-06-03T15:44:21.194+0530][23.951s] GC(122) Skipped phase 3 of Reference Processing: no references
[2025-06-03T15:44:21.194+0530][23.951s] GC(122) Skipped phase 4 of Reference Processing: no references
[2025-06-03T15:44:21.194+0530][23.951s] GC(122)   Pre Evacuate Collection Set: 0.1ms
[2025-06-03T15:44:21.194+0530][23.951s] GC(122)   Merge Heap Roots: 0.1ms
[2025-06-03T15:44:21.194+0530][23.951s] GC(122)   Evacuate Collection Set: 0.2ms
[2025-06-03T15:44:21.194+0530][23.951s] GC(122)   Post Evacuate Collection Set: 0.4ms
[2025-06-03T15:44:21.194+0530][23.951s] GC(122)   Other: 0.2ms
[2025-06-03T15:44:21.194+0530][23.951s] GC(122) Eden regions: 306->0(306)
[2025-06-03T15:44:21.194+0530][23.951s] GC(122) Survivor regions: 1->1(39)
[2025-06-03T15:44:21.194+0530][23.951s] GC(122) Old regions: 9->9
[2025-06-03T15:44:21.194+0530][23.951s] GC(122) Archive regions: 2->2
[2025-06-03T15:44:21.194+0530][23.951s] GC(122) Humongous regions: 0->0
[2025-06-03T15:44:21.194+0530][23.951s] GC(122) Metaspace: 20132K(20608K)->20132K(20608K) NonClass: 17553K(17792K)->17553K(17792K) Class: 2579K(2816K)->2579K(2816K)
[2025-06-03T15:44:21.194+0530][23.951s] GC(122) Pause Young (Normal) (G1 Evacuation Pause) 315M->9M(512M) 1.262ms
[2025-06-03T15:44:21.194+0530][23.951s] GC(122) User=0.00s Sys=0.00s Real=0.00s
[2025-06-03T15:44:21.368+0530][24.125s] GC(123) Pause Young (Normal) (G1 Evacuation Pause)
[2025-06-03T15:44:21.368+0530][24.125s] GC(123) Using 8 workers of 8 for evacuation
[2025-06-03T15:44:21.368+0530][24.125s] GC(123) Skipped phase 1 of Reference Processing: no references
[2025-06-03T15:44:21.368+0530][24.125s] GC(123) Skipped phase 2 of Reference Processing: no references
[2025-06-03T15:44:21.368+0530][24.125s] GC(123) Skipped phase 3 of Reference Processing: no references
[2025-06-03T15:44:21.368+0530][24.125s] GC(123) Skipped phase 4 of Reference Processing: no references
[2025-06-03T15:44:21.369+0530][24.126s] GC(123)   Pre Evacuate Collection Set: 0.1ms
[2025-06-03T15:44:21.369+0530][24.126s] GC(123)   Merge Heap Roots: 0.1ms
[2025-06-03T15:44:21.369+0530][24.126s] GC(123)   Evacuate Collection Set: 0.2ms
[2025-06-03T15:44:21.369+0530][24.126s] GC(123)   Post Evacuate Collection Set: 0.5ms
[2025-06-03T15:44:21.369+0530][24.126s] GC(123)   Other: 0.2ms
[2025-06-03T15:44:21.369+0530][24.126s] GC(123) Eden regions: 306->0(306)
[2025-06-03T15:44:21.369+0530][24.126s] GC(123) Survivor regions: 1->1(39)
[2025-06-03T15:44:21.369+0530][24.126s] GC(123) Old regions: 9->9
[2025-06-03T15:44:21.369+0530][24.126s] GC(123) Archive regions: 2->2
[2025-06-03T15:44:21.369+0530][24.126s] GC(123) Humongous regions: 0->0
[2025-06-03T15:44:21.369+0530][24.126s] GC(123) Metaspace: 20132K(20608K)->20132K(20608K) NonClass: 17553K(17792K)->17553K(17792K) Class: 2579K(2816K)->2579K(2816K)
[2025-06-03T15:44:21.369+0530][24.126s] GC(123) Pause Young (Normal) (G1 Evacuation Pause) 315M->9M(512M) 1.221ms
[2025-06-03T15:44:21.369+0530][24.126s] GC(123) User=0.00s Sys=0.00s Real=0.00s
[2025-06-03T15:44:21.524+0530][24.281s] GC(124) Pause Young (Normal) (G1 Evacuation Pause)
[2025-06-03T15:44:21.524+0530][24.281s] GC(124) Using 8 workers of 8 for evacuation
[2025-06-03T15:44:21.525+0530][24.282s] GC(124) Skipped phase 1 of Reference Processing: no references
[2025-06-03T15:44:21.525+0530][24.282s] GC(124) Skipped phase 2 of Reference Processing: no references
[2025-06-03T15:44:21.525+0530][24.282s] GC(124) Skipped phase 3 of Reference Processing: no references
[2025-06-03T15:44:21.525+0530][24.282s] GC(124) Skipped phase 4 of Reference Processing: no references
[2025-06-03T15:44:21.525+0530][24.282s] GC(124)   Pre Evacuate Collection Set: 0.1ms
[2025-06-03T15:44:21.525+0530][24.282s] GC(124)   Merge Heap Roots: 0.1ms
[2025-06-03T15:44:21.525+0530][24.282s] GC(124)   Evacuate Collection Set: 0.2ms
[2025-06-03T15:44:21.525+0530][24.282s] GC(124)   Post Evacuate Collection Set: 0.5ms
[2025-06-03T15:44:21.525+0530][24.282s] GC(124)   Other: 0.2ms
[2025-06-03T15:44:21.525+0530][24.282s] GC(124) Eden regions: 306->0(306)
[2025-06-03T15:44:21.525+0530][24.282s] GC(124) Survivor regions: 1->1(39)
[2025-06-03T15:44:21.525+0530][24.282s] GC(124) Old regions: 9->9
[2025-06-03T15:44:21.525+0530][24.282s] GC(124) Archive regions: 2->2
[2025-06-03T15:44:21.525+0530][24.282s] GC(124) Humongous regions: 0->0
[2025-06-03T15:44:21.525+0530][24.282s] GC(124) Metaspace: 20132K(20608K)->20132K(20608K) NonClass: 17553K(17792K)->17553K(17792K) Class: 2579K(2816K)->2579K(2816K)
[2025-06-03T15:44:21.525+0530][24.282s] GC(124) Pause Young (Normal) (G1 Evacuation Pause) 315M->9M(512M) 1.278ms
[2025-06-03T15:44:21.525+0530][24.282s] GC(124) User=0.00s Sys=0.00s Real=0.00s
[2025-06-03T15:44:21.689+0530][24.446s] GC(125) Pause Young (Normal) (G1 Evacuation Pause)
[2025-06-03T15:44:21.689+0530][24.446s] GC(125) Using 8 workers of 8 for evacuation
[2025-06-03T15:44:21.690+0530][24.447s] GC(125) Skipped phase 1 of Reference Processing: no references
[2025-06-03T15:44:21.690+0530][24.447s] GC(125) Skipped phase 2 of Reference Processing: no references
[2025-06-03T15:44:21.690+0530][24.447s] GC(125) Skipped phase 3 of Reference Processing: no references
[2025-06-03T15:44:21.690+0530][24.447s] GC(125) Skipped phase 4 of Reference Processing: no references
[2025-06-03T15:44:21.690+0530][24.447s] GC(125)   Pre Evacuate Collection Set: 0.2ms
[2025-06-03T15:44:21.690+0530][24.447s] GC(125)   Merge Heap Roots: 0.1ms
[2025-06-03T15:44:21.690+0530][24.447s] GC(125)   Evacuate Collection Set: 0.3ms
[2025-06-03T15:44:21.690+0530][24.447s] GC(125)   Post Evacuate Collection Set: 0.6ms
[2025-06-03T15:44:21.690+0530][24.447s] GC(125)   Other: 0.2ms
[2025-06-03T15:44:21.690+0530][24.447s] GC(125) Eden regions: 306->0(306)
[2025-06-03T15:44:21.690+0530][24.447s] GC(125) Survivor regions: 1->1(39)
[2025-06-03T15:44:21.690+0530][24.447s] GC(125) Old regions: 9->9
[2025-06-03T15:44:21.690+0530][24.447s] GC(125) Archive regions: 2->2
[2025-06-03T15:44:21.690+0530][24.447s] GC(125) Humongous regions: 0->0
[2025-06-03T15:44:21.690+0530][24.447s] GC(125) Metaspace: 20132K(20608K)->20132K(20608K) NonClass: 17553K(17792K)->17553K(17792K) Class: 2579K(2816K)->2579K(2816K)
[2025-06-03T15:44:21.691+0530][24.448s] GC(125) Pause Young (Normal) (G1 Evacuation Pause) 315M->9M(512M) 1.753ms
[2025-06-03T15:44:21.691+0530][24.448s] GC(125) User=0.01s Sys=0.00s Real=0.01s
[2025-06-03T15:44:21.855+0530][24.612s] GC(126) Pause Young (Normal) (G1 Evacuation Pause)
[2025-06-03T15:44:21.855+0530][24.612s] GC(126) Using 8 workers of 8 for evacuation
[2025-06-03T15:44:21.855+0530][24.612s] GC(126) Skipped phase 1 of Reference Processing: no references
[2025-06-03T15:44:21.855+0530][24.613s] GC(126) Skipped phase 2 of Reference Processing: no references
[2025-06-03T15:44:21.856+0530][24.613s] GC(126) Skipped phase 3 of Reference Processing: no references
[2025-06-03T15:44:21.856+0530][24.613s] GC(126) Skipped phase 4 of Reference Processing: no references
[2025-06-03T15:44:21.856+0530][24.613s] GC(126)   Pre Evacuate Collection Set: 0.1ms
[2025-06-03T15:44:21.856+0530][24.613s] GC(126)   Merge Heap Roots: 0.1ms
[2025-06-03T15:44:21.856+0530][24.613s] GC(126)   Evacuate Collection Set: 0.2ms
[2025-06-03T15:44:21.856+0530][24.613s] GC(126)   Post Evacuate Collection Set: 0.5ms
[2025-06-03T15:44:21.856+0530][24.613s] GC(126)   Other: 0.1ms
[2025-06-03T15:44:21.856+0530][24.613s] GC(126) Eden regions: 306->0(306)
[2025-06-03T15:44:21.856+0530][24.613s] GC(126) Survivor regions: 1->1(39)
[2025-06-03T15:44:21.856+0530][24.613s] GC(126) Old regions: 9->9
[2025-06-03T15:44:21.856+0530][24.613s] GC(126) Archive regions: 2->2
[2025-06-03T15:44:21.856+0530][24.613s] GC(126) Humongous regions: 0->0
[2025-06-03T15:44:21.856+0530][24.613s] GC(126) Metaspace: 20143K(20608K)->20143K(20608K) NonClass: 17564K(17792K)->17564K(17792K) Class: 2579K(2816K)->2579K(2816K)
[2025-06-03T15:44:21.856+0530][24.613s] GC(126) Pause Young (Normal) (G1 Evacuation Pause) 315M->9M(512M) 1.162ms
[2025-06-03T15:44:21.856+0530][24.613s] GC(126) User=0.01s Sys=0.00s Real=0.00s
[2025-06-03T15:44:22.162+0530][24.919s] GC(127) Pause Young (Normal) (G1 Evacuation Pause)
[2025-06-03T15:44:22.162+0530][24.919s] GC(127) Using 8 workers of 8 for evacuation
[2025-06-03T15:44:22.175+0530][24.932s] GC(127) Skipped phase 1 of Reference Processing: no references
[2025-06-03T15:44:22.175+0530][24.932s] GC(127) Skipped phase 2 of Reference Processing: no references
[2025-06-03T15:44:22.175+0530][24.932s] GC(127) Skipped phase 3 of Reference Processing: no references
[2025-06-03T15:44:22.175+0530][24.932s] GC(127) Skipped phase 4 of Reference Processing: no references
[2025-06-03T15:44:22.177+0530][24.934s] GC(127)   Pre Evacuate Collection Set: 0.2ms
[2025-06-03T15:44:22.177+0530][24.934s] GC(127)   Merge Heap Roots: 0.5ms
[2025-06-03T15:44:22.177+0530][24.934s] GC(127)   Evacuate Collection Set: 12.2ms
[2025-06-03T15:44:22.177+0530][24.934s] GC(127)   Post Evacuate Collection Set: 1.6ms
[2025-06-03T15:44:22.177+0530][24.934s] GC(127)   Other: 0.3ms
[2025-06-03T15:44:22.177+0530][24.934s] GC(127) Eden regions: 306->0(306)
[2025-06-03T15:44:22.177+0530][24.934s] GC(127) Survivor regions: 1->1(39)
[2025-06-03T15:44:22.177+0530][24.934s] GC(127) Old regions: 9->9
[2025-06-03T15:44:22.177+0530][24.934s] GC(127) Archive regions: 2->2
[2025-06-03T15:44:22.177+0530][24.934s] GC(127) Humongous regions: 0->0
[2025-06-03T15:44:22.177+0530][24.934s] GC(127) Metaspace: 20151K(20608K)->20151K(20608K) NonClass: 17571K(17792K)->17571K(17792K) Class: 2579K(2816K)->2579K(2816K)
[2025-06-03T15:44:22.177+0530][24.934s] GC(127) Pause Young (Normal) (G1 Evacuation Pause) 315M->9M(512M) 15.323ms
[2025-06-03T15:44:22.177+0530][24.934s] GC(127) User=0.01s Sys=0.01s Real=0.01s
[2025-06-03T15:44:22.446+0530][25.203s] GC(128) Pause Young (Normal) (G1 Evacuation Pause)
[2025-06-03T15:44:22.446+0530][25.203s] GC(128) Using 8 workers of 8 for evacuation
[2025-06-03T15:44:22.446+0530][25.203s] GC(128) Skipped phase 1 of Reference Processing: no references
[2025-06-03T15:44:22.446+0530][25.204s] GC(128) Skipped phase 2 of Reference Processing: no references
[2025-06-03T15:44:22.447+0530][25.204s] GC(128) Skipped phase 3 of Reference Processing: no references
[2025-06-03T15:44:22.447+0530][25.204s] GC(128) Skipped phase 4 of Reference Processing: no references
[2025-06-03T15:44:22.447+0530][25.204s] GC(128)   Pre Evacuate Collection Set: 0.1ms
[2025-06-03T15:44:22.447+0530][25.204s] GC(128)   Merge Heap Roots: 0.1ms
[2025-06-03T15:44:22.447+0530][25.204s] GC(128)   Evacuate Collection Set: 0.2ms
[2025-06-03T15:44:22.447+0530][25.204s] GC(128)   Post Evacuate Collection Set: 0.4ms
[2025-06-03T15:44:22.447+0530][25.204s] GC(128)   Other: 0.2ms
[2025-06-03T15:44:22.447+0530][25.204s] GC(128) Eden regions: 306->0(306)
[2025-06-03T15:44:22.447+0530][25.204s] GC(128) Survivor regions: 1->1(39)
[2025-06-03T15:44:22.447+0530][25.204s] GC(128) Old regions: 9->9
[2025-06-03T15:44:22.447+0530][25.204s] GC(128) Archive regions: 2->2
[2025-06-03T15:44:22.447+0530][25.204s] GC(128) Humongous regions: 0->0
[2025-06-03T15:44:22.447+0530][25.204s] GC(128) Metaspace: 20151K(20608K)->20151K(20608K) NonClass: 17571K(17792K)->17571K(17792K) Class: 2579K(2816K)->2579K(2816K)
[2025-06-03T15:44:22.447+0530][25.204s] GC(128) Pause Young (Normal) (G1 Evacuation Pause) 315M->9M(512M) 1.173ms
[2025-06-03T15:44:22.447+0530][25.204s] GC(128) User=0.00s Sys=0.00s Real=0.00s
[2025-06-03T15:44:22.644+0530][25.401s] GC(129) Pause Young (Normal) (G1 Evacuation Pause)
[2025-06-03T15:44:22.644+0530][25.401s] GC(129) Using 8 workers of 8 for evacuation
[2025-06-03T15:44:22.645+0530][25.402s] GC(129) Skipped phase 1 of Reference Processing: no references
[2025-06-03T15:44:22.645+0530][25.402s] GC(129) Skipped phase 2 of Reference Processing: no references
[2025-06-03T15:44:22.645+0530][25.402s] GC(129) Skipped phase 3 of Reference Processing: no references
[2025-06-03T15:44:22.645+0530][25.402s] GC(129) Skipped phase 4 of Reference Processing: no references
[2025-06-03T15:44:22.645+0530][25.402s] GC(129)   Pre Evacuate Collection Set: 0.1ms
[2025-06-03T15:44:22.645+0530][25.402s] GC(129)   Merge Heap Roots: 0.1ms
[2025-06-03T15:44:22.645+0530][25.402s] GC(129)   Evacuate Collection Set: 0.2ms
[2025-06-03T15:44:22.645+0530][25.402s] GC(129)   Post Evacuate Collection Set: 0.4ms
[2025-06-03T15:44:22.645+0530][25.402s] GC(129)   Other: 0.2ms
[2025-06-03T15:44:22.645+0530][25.402s] GC(129) Eden regions: 306->0(306)
[2025-06-03T15:44:22.645+0530][25.402s] GC(129) Survivor regions: 1->1(39)
[2025-06-03T15:44:22.645+0530][25.402s] GC(129) Old regions: 9->9
[2025-06-03T15:44:22.645+0530][25.402s] GC(129) Archive regions: 2->2
[2025-06-03T15:44:22.645+0530][25.402s] GC(129) Humongous regions: 0->0
[2025-06-03T15:44:22.645+0530][25.402s] GC(129) Metaspace: 20151K(20608K)->20151K(20608K) NonClass: 17571K(17792K)->17571K(17792K) Class: 2579K(2816K)->2579K(2816K)
[2025-06-03T15:44:22.645+0530][25.402s] GC(129) Pause Young (Normal) (G1 Evacuation Pause) 315M->9M(512M) 1.316ms
[2025-06-03T15:44:22.645+0530][25.402s] GC(129) User=0.00s Sys=0.00s Real=0.00s
[2025-06-03T15:44:22.809+0530][25.566s] GC(130) Pause Young (Normal) (G1 Evacuation Pause)
[2025-06-03T15:44:22.809+0530][25.566s] GC(130) Using 8 workers of 8 for evacuation
[2025-06-03T15:44:22.809+0530][25.566s] GC(130) Skipped phase 1 of Reference Processing: no references
[2025-06-03T15:44:22.809+0530][25.566s] GC(130) Skipped phase 2 of Reference Processing: no references
[2025-06-03T15:44:22.809+0530][25.567s] GC(130) Skipped phase 3 of Reference Processing: no references
[2025-06-03T15:44:22.809+0530][25.567s] GC(130) Skipped phase 4 of Reference Processing: no references
[2025-06-03T15:44:22.810+0530][25.567s] GC(130)   Pre Evacuate Collection Set: 0.1ms
[2025-06-03T15:44:22.810+0530][25.567s] GC(130)   Merge Heap Roots: 0.1ms
[2025-06-03T15:44:22.810+0530][25.567s] GC(130)   Evacuate Collection Set: 0.2ms
[2025-06-03T15:44:22.810+0530][25.567s] GC(130)   Post Evacuate Collection Set: 0.5ms
[2025-06-03T15:44:22.810+0530][25.567s] GC(130)   Other: 0.2ms
[2025-06-03T15:44:22.810+0530][25.567s] GC(130) Eden regions: 306->0(306)
[2025-06-03T15:44:22.810+0530][25.567s] GC(130) Survivor regions: 1->1(39)
[2025-06-03T15:44:22.810+0530][25.567s] GC(130) Old regions: 9->9
[2025-06-03T15:44:22.810+0530][25.567s] GC(130) Archive regions: 2->2
[2025-06-03T15:44:22.810+0530][25.567s] GC(130) Humongous regions: 0->0
[2025-06-03T15:44:22.810+0530][25.567s] GC(130) Metaspace: 20151K(20608K)->20151K(20608K) NonClass: 17571K(17792K)->17571K(17792K) Class: 2579K(2816K)->2579K(2816K)
[2025-06-03T15:44:22.810+0530][25.567s] GC(130) Pause Young (Normal) (G1 Evacuation Pause) 315M->9M(512M) 1.294ms
[2025-06-03T15:44:22.810+0530][25.567s] GC(130) User=0.00s Sys=0.00s Real=0.01s
[2025-06-03T15:44:23.000+0530][25.757s] GC(131) Pause Young (Normal) (G1 Evacuation Pause)
[2025-06-03T15:44:23.000+0530][25.757s] GC(131) Using 8 workers of 8 for evacuation
[2025-06-03T15:44:23.001+0530][25.758s] GC(131) Skipped phase 1 of Reference Processing: no references
[2025-06-03T15:44:23.001+0530][25.758s] GC(131) Skipped phase 2 of Reference Processing: no references
[2025-06-03T15:44:23.001+0530][25.758s] GC(131) Skipped phase 3 of Reference Processing: no references
[2025-06-03T15:44:23.001+0530][25.758s] GC(131) Skipped phase 4 of Reference Processing: no references
[2025-06-03T15:44:23.001+0530][25.758s] GC(131)   Pre Evacuate Collection Set: 0.1ms
[2025-06-03T15:44:23.001+0530][25.758s] GC(131)   Merge Heap Roots: 0.1ms
[2025-06-03T15:44:23.001+0530][25.758s] GC(131)   Evacuate Collection Set: 0.2ms
[2025-06-03T15:44:23.001+0530][25.758s] GC(131)   Post Evacuate Collection Set: 0.5ms
[2025-06-03T15:44:23.001+0530][25.758s] GC(131)   Other: 0.2ms
[2025-06-03T15:44:23.001+0530][25.758s] GC(131) Eden regions: 306->0(306)
[2025-06-03T15:44:23.001+0530][25.758s] GC(131) Survivor regions: 1->1(39)
[2025-06-03T15:44:23.001+0530][25.758s] GC(131) Old regions: 9->9
[2025-06-03T15:44:23.001+0530][25.758s] GC(131) Archive regions: 2->2
[2025-06-03T15:44:23.001+0530][25.758s] GC(131) Humongous regions: 0->0
[2025-06-03T15:44:23.001+0530][25.758s] GC(131) Metaspace: 20162K(20608K)->20162K(20608K) NonClass: 17583K(17792K)->17583K(17792K) Class: 2579K(2816K)->2579K(2816K)
[2025-06-03T15:44:23.001+0530][25.758s] GC(131) Pause Young (Normal) (G1 Evacuation Pause) 315M->9M(512M) 1.493ms
[2025-06-03T15:44:23.002+0530][25.759s] GC(131) User=0.00s Sys=0.00s Real=0.00s
[2025-06-03T15:44:23.171+0530][25.928s] GC(132) Pause Young (Normal) (G1 Evacuation Pause)
[2025-06-03T15:44:23.171+0530][25.929s] GC(132) Using 8 workers of 8 for evacuation
[2025-06-03T15:44:23.172+0530][25.929s] GC(132) Skipped phase 1 of Reference Processing: no references
[2025-06-03T15:44:23.172+0530][25.929s] GC(132) Skipped phase 2 of Reference Processing: no references
[2025-06-03T15:44:23.172+0530][25.929s] GC(132) Skipped phase 3 of Reference Processing: no references
[2025-06-03T15:44:23.172+0530][25.929s] GC(132) Skipped phase 4 of Reference Processing: no references
[2025-06-03T15:44:23.173+0530][25.930s] GC(132)   Pre Evacuate Collection Set: 0.1ms
[2025-06-03T15:44:23.173+0530][25.930s] GC(132)   Merge Heap Roots: 0.1ms
[2025-06-03T15:44:23.173+0530][25.930s] GC(132)   Evacuate Collection Set: 0.3ms
[2025-06-03T15:44:23.173+0530][25.930s] GC(132)   Post Evacuate Collection Set: 0.5ms
[2025-06-03T15:44:23.173+0530][25.930s] GC(132)   Other: 0.2ms
[2025-06-03T15:44:23.173+0530][25.930s] GC(132) Eden regions: 306->0(306)
[2025-06-03T15:44:23.173+0530][25.930s] GC(132) Survivor regions: 1->1(39)
[2025-06-03T15:44:23.173+0530][25.930s] GC(132) Old regions: 9->9
[2025-06-03T15:44:23.173+0530][25.930s] GC(132) Archive regions: 2->2
[2025-06-03T15:44:23.173+0530][25.930s] GC(132) Humongous regions: 0->0
[2025-06-03T15:44:23.173+0530][25.930s] GC(132) Metaspace: 20162K(20608K)->20162K(20608K) NonClass: 17583K(17792K)->17583K(17792K) Class: 2579K(2816K)->2579K(2816K)
[2025-06-03T15:44:23.173+0530][25.930s] GC(132) Pause Young (Normal) (G1 Evacuation Pause) 315M->9M(512M) 1.452ms
[2025-06-03T15:44:23.173+0530][25.930s] GC(132) User=0.00s Sys=0.00s Real=0.00s
[2025-06-03T15:44:23.341+0530][26.098s] GC(133) Pause Young (Normal) (G1 Evacuation Pause)
[2025-06-03T15:44:23.341+0530][26.098s] GC(133) Using 8 workers of 8 for evacuation
[2025-06-03T15:44:23.342+0530][26.099s] GC(133) Skipped phase 1 of Reference Processing: no references
[2025-06-03T15:44:23.342+0530][26.099s] GC(133) Skipped phase 2 of Reference Processing: no references
[2025-06-03T15:44:23.342+0530][26.100s] GC(133) Skipped phase 3 of Reference Processing: no references
[2025-06-03T15:44:23.342+0530][26.100s] GC(133) Skipped phase 4 of Reference Processing: no references
[2025-06-03T15:44:23.343+0530][26.100s] GC(133)   Pre Evacuate Collection Set: 0.2ms
[2025-06-03T15:44:23.343+0530][26.100s] GC(133)   Merge Heap Roots: 0.1ms
[2025-06-03T15:44:23.343+0530][26.100s] GC(133)   Evacuate Collection Set: 0.5ms
[2025-06-03T15:44:23.343+0530][26.100s] GC(133)   Post Evacuate Collection Set: 0.6ms
[2025-06-03T15:44:23.343+0530][26.100s] GC(133)   Other: 0.2ms
[2025-06-03T15:44:23.343+0530][26.100s] GC(133) Eden regions: 306->0(306)
[2025-06-03T15:44:23.343+0530][26.100s] GC(133) Survivor regions: 1->1(39)
[2025-06-03T15:44:23.343+0530][26.100s] GC(133) Old regions: 9->9
[2025-06-03T15:44:23.343+0530][26.100s] GC(133) Archive regions: 2->2
[2025-06-03T15:44:23.343+0530][26.100s] GC(133) Humongous regions: 0->0
[2025-06-03T15:44:23.343+0530][26.100s] GC(133) Metaspace: 20162K(20608K)->20162K(20608K) NonClass: 17583K(17792K)->17583K(17792K) Class: 2579K(2816K)->2579K(2816K)
[2025-06-03T15:44:23.343+0530][26.100s] GC(133) Pause Young (Normal) (G1 Evacuation Pause) 315M->9M(512M) 1.875ms
[2025-06-03T15:44:23.343+0530][26.100s] GC(133) User=0.00s Sys=0.01s Real=0.00s
[2025-06-03T15:44:23.531+0530][26.288s] GC(134) Pause Young (Normal) (G1 Evacuation Pause)
[2025-06-03T15:44:23.531+0530][26.288s] GC(134) Using 8 workers of 8 for evacuation
[2025-06-03T15:44:23.532+0530][26.289s] GC(134) Skipped phase 1 of Reference Processing: no references
[2025-06-03T15:44:23.532+0530][26.289s] GC(134) Skipped phase 2 of Reference Processing: no references
[2025-06-03T15:44:23.532+0530][26.289s] GC(134) Skipped phase 3 of Reference Processing: no references
[2025-06-03T15:44:23.532+0530][26.289s] GC(134) Skipped phase 4 of Reference Processing: no references
[2025-06-03T15:44:23.533+0530][26.290s] GC(134)   Pre Evacuate Collection Set: 0.1ms
[2025-06-03T15:44:23.533+0530][26.290s] GC(134)   Merge Heap Roots: 0.1ms
[2025-06-03T15:44:23.533+0530][26.290s] GC(134)   Evacuate Collection Set: 0.5ms
[2025-06-03T15:44:23.533+0530][26.290s] GC(134)   Post Evacuate Collection Set: 0.5ms
[2025-06-03T15:44:23.533+0530][26.290s] GC(134)   Other: 0.3ms
[2025-06-03T15:44:23.533+0530][26.290s] GC(134) Eden regions: 306->0(306)
[2025-06-03T15:44:23.533+0530][26.290s] GC(134) Survivor regions: 1->1(39)
[2025-06-03T15:44:23.533+0530][26.290s] GC(134) Old regions: 9->9
[2025-06-03T15:44:23.533+0530][26.290s] GC(134) Archive regions: 2->2
[2025-06-03T15:44:23.533+0530][26.290s] GC(134) Humongous regions: 0->0
[2025-06-03T15:44:23.533+0530][26.290s] GC(134) Metaspace: 20162K(20608K)->20162K(20608K) NonClass: 17583K(17792K)->17583K(17792K) Class: 2579K(2816K)->2579K(2816K)
[2025-06-03T15:44:23.533+0530][26.290s] GC(134) Pause Young (Normal) (G1 Evacuation Pause) 315M->9M(512M) 1.683ms
[2025-06-03T15:44:23.533+0530][26.290s] GC(134) User=0.00s Sys=0.00s Real=0.00s
[2025-06-03T15:44:23.693+0530][26.451s] GC(135) Pause Young (Normal) (G1 Evacuation Pause)
[2025-06-03T15:44:23.694+0530][26.451s] GC(135) Using 8 workers of 8 for evacuation
[2025-06-03T15:44:23.694+0530][26.451s] GC(135) Skipped phase 1 of Reference Processing: no references
[2025-06-03T15:44:23.694+0530][26.451s] GC(135) Skipped phase 2 of Reference Processing: no references
[2025-06-03T15:44:23.694+0530][26.451s] GC(135) Skipped phase 3 of Reference Processing: no references
[2025-06-03T15:44:23.694+0530][26.451s] GC(135) Skipped phase 4 of Reference Processing: no references
[2025-06-03T15:44:23.695+0530][26.452s] GC(135)   Pre Evacuate Collection Set: 0.1ms
[2025-06-03T15:44:23.695+0530][26.452s] GC(135)   Merge Heap Roots: 0.1ms
[2025-06-03T15:44:23.695+0530][26.452s] GC(135)   Evacuate Collection Set: 0.3ms
[2025-06-03T15:44:23.695+0530][26.452s] GC(135)   Post Evacuate Collection Set: 0.5ms
[2025-06-03T15:44:23.695+0530][26.452s] GC(135)   Other: 0.4ms
[2025-06-03T15:44:23.695+0530][26.452s] GC(135) Eden regions: 306->0(306)
[2025-06-03T15:44:23.695+0530][26.452s] GC(135) Survivor regions: 1->1(39)
[2025-06-03T15:44:23.695+0530][26.452s] GC(135) Old regions: 9->9
[2025-06-03T15:44:23.695+0530][26.452s] GC(135) Archive regions: 2->2
[2025-06-03T15:44:23.695+0530][26.452s] GC(135) Humongous regions: 0->0
[2025-06-03T15:44:23.695+0530][26.452s] GC(135) Metaspace: 20162K(20608K)->20162K(20608K) NonClass: 17583K(17792K)->17583K(17792K) Class: 2579K(2816K)->2579K(2816K)
[2025-06-03T15:44:23.695+0530][26.452s] GC(135) Pause Young (Normal) (G1 Evacuation Pause) 315M->9M(512M) 1.430ms
[2025-06-03T15:44:23.695+0530][26.452s] GC(135) User=0.00s Sys=0.00s Real=0.00s
[2025-06-03T15:44:23.849+0530][26.606s] GC(136) Pause Young (Normal) (G1 Evacuation Pause)
[2025-06-03T15:44:23.849+0530][26.606s] GC(136) Using 8 workers of 8 for evacuation
[2025-06-03T15:44:23.850+0530][26.607s] GC(136) Skipped phase 1 of Reference Processing: no references
[2025-06-03T15:44:23.850+0530][26.607s] GC(136) Skipped phase 2 of Reference Processing: no references
[2025-06-03T15:44:23.850+0530][26.607s] GC(136) Skipped phase 3 of Reference Processing: no references
[2025-06-03T15:44:23.850+0530][26.607s] GC(136) Skipped phase 4 of Reference Processing: no references
[2025-06-03T15:44:23.850+0530][26.607s] GC(136)   Pre Evacuate Collection Set: 0.1ms
[2025-06-03T15:44:23.850+0530][26.607s] GC(136)   Merge Heap Roots: 0.1ms
[2025-06-03T15:44:23.850+0530][26.608s] GC(136)   Evacuate Collection Set: 0.2ms
[2025-06-03T15:44:23.850+0530][26.608s] GC(136)   Post Evacuate Collection Set: 0.5ms
[2025-06-03T15:44:23.850+0530][26.608s] GC(136)   Other: 0.2ms
[2025-06-03T15:44:23.851+0530][26.608s] GC(136) Eden regions: 306->0(306)
[2025-06-03T15:44:23.851+0530][26.608s] GC(136) Survivor regions: 1->1(39)
[2025-06-03T15:44:23.851+0530][26.608s] GC(136) Old regions: 9->9
[2025-06-03T15:44:23.851+0530][26.608s] GC(136) Archive regions: 2->2
[2025-06-03T15:44:23.851+0530][26.608s] GC(136) Humongous regions: 0->0
[2025-06-03T15:44:23.851+0530][26.608s] GC(136) Metaspace: 20167K(20608K)->20167K(20608K) NonClass: 17587K(17792K)->17587K(17792K) Class: 2579K(2816K)->2579K(2816K)
[2025-06-03T15:44:23.851+0530][26.608s] GC(136) Pause Young (Normal) (G1 Evacuation Pause) 315M->9M(512M) 1.257ms
[2025-06-03T15:44:23.851+0530][26.608s] GC(136) User=0.00s Sys=0.01s Real=0.01s
[2025-06-03T15:44:24.018+0530][26.775s] GC(137) Pause Young (Normal) (G1 Evacuation Pause)
[2025-06-03T15:44:24.018+0530][26.775s] GC(137) Using 8 workers of 8 for evacuation
[2025-06-03T15:44:24.019+0530][26.776s] GC(137) Skipped phase 1 of Reference Processing: no references
[2025-06-03T15:44:24.019+0530][26.776s] GC(137) Skipped phase 2 of Reference Processing: no references
[2025-06-03T15:44:24.019+0530][26.776s] GC(137) Skipped phase 3 of Reference Processing: no references
[2025-06-03T15:44:24.019+0530][26.776s] GC(137) Skipped phase 4 of Reference Processing: no references
[2025-06-03T15:44:24.020+0530][26.777s] GC(137)   Pre Evacuate Collection Set: 0.1ms
[2025-06-03T15:44:24.020+0530][26.777s] GC(137)   Merge Heap Roots: 0.1ms
[2025-06-03T15:44:24.020+0530][26.777s] GC(137)   Evacuate Collection Set: 0.4ms
[2025-06-03T15:44:24.020+0530][26.777s] GC(137)   Post Evacuate Collection Set: 1.0ms
[2025-06-03T15:44:24.020+0530][26.777s] GC(137)   Other: 0.2ms
[2025-06-03T15:44:24.020+0530][26.777s] GC(137) Eden regions: 306->0(306)
[2025-06-03T15:44:24.020+0530][26.777s] GC(137) Survivor regions: 1->1(39)
[2025-06-03T15:44:24.020+0530][26.777s] GC(137) Old regions: 9->9
[2025-06-03T15:44:24.020+0530][26.777s] GC(137) Archive regions: 2->2
[2025-06-03T15:44:24.020+0530][26.777s] GC(137) Humongous regions: 0->0
[2025-06-03T15:44:24.020+0530][26.777s] GC(137) Metaspace: 20176K(20672K)->20176K(20672K) NonClass: 17596K(17856K)->17596K(17856K) Class: 2580K(2816K)->2580K(2816K)
[2025-06-03T15:44:24.020+0530][26.777s] GC(137) Pause Young (Normal) (G1 Evacuation Pause) 315M->9M(512M) 2.351ms
[2025-06-03T15:44:24.020+0530][26.777s] GC(137) User=0.01s Sys=0.00s Real=0.01s
[2025-06-03T15:44:24.411+0530][27.168s] GC(138) Pause Young (Normal) (G1 Evacuation Pause)
[2025-06-03T15:44:24.411+0530][27.168s] GC(138) Using 8 workers of 8 for evacuation
[2025-06-03T15:44:24.411+0530][27.168s] GC(138) Skipped phase 1 of Reference Processing: no references
[2025-06-03T15:44:24.411+0530][27.168s] GC(138) Skipped phase 2 of Reference Processing: no references
[2025-06-03T15:44:24.411+0530][27.168s] GC(138) Skipped phase 3 of Reference Processing: no references
[2025-06-03T15:44:24.411+0530][27.169s] GC(138) Skipped phase 4 of Reference Processing: no references
[2025-06-03T15:44:24.412+0530][27.169s] GC(138)   Pre Evacuate Collection Set: 0.1ms
[2025-06-03T15:44:24.412+0530][27.169s] GC(138)   Merge Heap Roots: 0.1ms
[2025-06-03T15:44:24.412+0530][27.169s] GC(138)   Evacuate Collection Set: 0.3ms
[2025-06-03T15:44:24.412+0530][27.169s] GC(138)   Post Evacuate Collection Set: 0.7ms
[2025-06-03T15:44:24.412+0530][27.169s] GC(138)   Other: 0.2ms
[2025-06-03T15:44:24.412+0530][27.169s] GC(138) Eden regions: 306->0(306)
[2025-06-03T15:44:24.412+0530][27.169s] GC(138) Survivor regions: 1->1(39)
[2025-06-03T15:44:24.412+0530][27.169s] GC(138) Old regions: 9->9
[2025-06-03T15:44:24.412+0530][27.169s] GC(138) Archive regions: 2->2
[2025-06-03T15:44:24.412+0530][27.169s] GC(138) Humongous regions: 0->0
[2025-06-03T15:44:24.412+0530][27.169s] GC(138) Metaspace: 20176K(20672K)->20176K(20672K) NonClass: 17596K(17856K)->17596K(17856K) Class: 2580K(2816K)->2580K(2816K)
[2025-06-03T15:44:24.412+0530][27.170s] GC(138) Pause Young (Normal) (G1 Evacuation Pause) 315M->9M(512M) 1.862ms
[2025-06-03T15:44:24.413+0530][27.170s] GC(138) User=0.00s Sys=0.00s Real=0.00s
[2025-06-03T15:44:24.663+0530][27.420s] GC(139) Pause Young (Normal) (G1 Evacuation Pause)
[2025-06-03T15:44:24.663+0530][27.420s] GC(139) Using 8 workers of 8 for evacuation
[2025-06-03T15:44:24.664+0530][27.421s] GC(139) Skipped phase 1 of Reference Processing: no references
[2025-06-03T15:44:24.664+0530][27.421s] GC(139) Skipped phase 2 of Reference Processing: no references
[2025-06-03T15:44:24.664+0530][27.421s] GC(139) Skipped phase 3 of Reference Processing: no references
[2025-06-03T15:44:24.664+0530][27.421s] GC(139) Skipped phase 4 of Reference Processing: no references
[2025-06-03T15:44:24.665+0530][27.422s] GC(139)   Pre Evacuate Collection Set: 0.1ms
[2025-06-03T15:44:24.665+0530][27.422s] GC(139)   Merge Heap Roots: 0.1ms
[2025-06-03T15:44:24.665+0530][27.422s] GC(139)   Evacuate Collection Set: 0.4ms
[2025-06-03T15:44:24.665+0530][27.422s] GC(139)   Post Evacuate Collection Set: 0.9ms
[2025-06-03T15:44:24.665+0530][27.422s] GC(139)   Other: 0.3ms
[2025-06-03T15:44:24.665+0530][27.422s] GC(139) Eden regions: 306->0(306)
[2025-06-03T15:44:24.665+0530][27.422s] GC(139) Survivor regions: 1->1(39)
[2025-06-03T15:44:24.665+0530][27.422s] GC(139) Old regions: 9->9
[2025-06-03T15:44:24.665+0530][27.422s] GC(139) Archive regions: 2->2
[2025-06-03T15:44:24.665+0530][27.422s] GC(139) Humongous regions: 0->0
[2025-06-03T15:44:24.665+0530][27.422s] GC(139) Metaspace: 20176K(20672K)->20176K(20672K) NonClass: 17596K(17856K)->17596K(17856K) Class: 2580K(2816K)->2580K(2816K)
[2025-06-03T15:44:24.665+0530][27.422s] GC(139) Pause Young (Normal) (G1 Evacuation Pause) 315M->9M(512M) 2.365ms
[2025-06-03T15:44:24.665+0530][27.422s] GC(139) User=0.00s Sys=0.00s Real=0.00s
[2025-06-03T15:44:24.867+0530][27.624s] GC(140) Pause Young (Normal) (G1 Evacuation Pause)
[2025-06-03T15:44:24.867+0530][27.624s] GC(140) Using 8 workers of 8 for evacuation
[2025-06-03T15:44:24.867+0530][27.624s] GC(140) Skipped phase 1 of Reference Processing: no references
[2025-06-03T15:44:24.867+0530][27.624s] GC(140) Skipped phase 2 of Reference Processing: no references
[2025-06-03T15:44:24.867+0530][27.625s] GC(140) Skipped phase 3 of Reference Processing: no references
[2025-06-03T15:44:24.867+0530][27.625s] GC(140) Skipped phase 4 of Reference Processing: no references
[2025-06-03T15:44:24.868+0530][27.625s] GC(140)   Pre Evacuate Collection Set: 0.1ms
[2025-06-03T15:44:24.868+0530][27.625s] GC(140)   Merge Heap Roots: 0.1ms
[2025-06-03T15:44:24.868+0530][27.625s] GC(140)   Evacuate Collection Set: 0.4ms
[2025-06-03T15:44:24.868+0530][27.625s] GC(140)   Post Evacuate Collection Set: 0.7ms
[2025-06-03T15:44:24.868+0530][27.625s] GC(140)   Other: 0.2ms
[2025-06-03T15:44:24.868+0530][27.625s] GC(140) Eden regions: 306->0(306)
[2025-06-03T15:44:24.868+0530][27.625s] GC(140) Survivor regions: 1->1(39)
[2025-06-03T15:44:24.868+0530][27.625s] GC(140) Old regions: 9->9
[2025-06-03T15:44:24.868+0530][27.625s] GC(140) Archive regions: 2->2
[2025-06-03T15:44:24.868+0530][27.625s] GC(140) Humongous regions: 0->0
[2025-06-03T15:44:24.868+0530][27.625s] GC(140) Metaspace: 20179K(20672K)->20179K(20672K) NonClass: 17598K(17856K)->17598K(17856K) Class: 2580K(2816K)->2580K(2816K)
[2025-06-03T15:44:24.868+0530][27.625s] GC(140) Pause Young (Normal) (G1 Evacuation Pause) 315M->9M(512M) 1.716ms
[2025-06-03T15:44:24.868+0530][27.625s] GC(140) User=0.00s Sys=0.00s Real=0.00s
[2025-06-03T15:44:25.053+0530][27.810s] GC(141) Pause Young (Normal) (G1 Evacuation Pause)
[2025-06-03T15:44:25.053+0530][27.810s] GC(141) Using 8 workers of 8 for evacuation
[2025-06-03T15:44:25.054+0530][27.811s] GC(141) Skipped phase 1 of Reference Processing: no references
[2025-06-03T15:44:25.054+0530][27.811s] GC(141) Skipped phase 2 of Reference Processing: no references
[2025-06-03T15:44:25.054+0530][27.811s] GC(141) Skipped phase 3 of Reference Processing: no references
[2025-06-03T15:44:25.054+0530][27.811s] GC(141) Skipped phase 4 of Reference Processing: no references
[2025-06-03T15:44:25.054+0530][27.811s] GC(141)   Pre Evacuate Collection Set: 0.1ms
[2025-06-03T15:44:25.054+0530][27.811s] GC(141)   Merge Heap Roots: 0.1ms
[2025-06-03T15:44:25.054+0530][27.811s] GC(141)   Evacuate Collection Set: 0.3ms
[2025-06-03T15:44:25.054+0530][27.811s] GC(141)   Post Evacuate Collection Set: 0.5ms
[2025-06-03T15:44:25.054+0530][27.811s] GC(141)   Other: 0.2ms
[2025-06-03T15:44:25.054+0530][27.811s] GC(141) Eden regions: 306->0(306)
[2025-06-03T15:44:25.054+0530][27.811s] GC(141) Survivor regions: 1->1(39)
[2025-06-03T15:44:25.054+0530][27.812s] GC(141) Old regions: 9->9
[2025-06-03T15:44:25.054+0530][27.812s] GC(141) Archive regions: 2->2
[2025-06-03T15:44:25.054+0530][27.812s] GC(141) Humongous regions: 0->0
[2025-06-03T15:44:25.054+0530][27.812s] GC(141) Metaspace: 20183K(20736K)->20183K(20736K) NonClass: 17603K(17920K)->17603K(17920K) Class: 2580K(2816K)->2580K(2816K)
[2025-06-03T15:44:25.055+0530][27.812s] GC(141) Pause Young (Normal) (G1 Evacuation Pause) 315M->9M(512M) 1.301ms
[2025-06-03T15:44:25.055+0530][27.812s] GC(141) User=0.00s Sys=0.00s Real=0.00s
[2025-06-03T15:44:25.218+0530][27.975s] GC(142) Pause Young (Normal) (G1 Evacuation Pause)
[2025-06-03T15:44:25.218+0530][27.975s] GC(142) Using 8 workers of 8 for evacuation
[2025-06-03T15:44:25.219+0530][27.976s] GC(142) Skipped phase 1 of Reference Processing: no references
[2025-06-03T15:44:25.219+0530][27.976s] GC(142) Skipped phase 2 of Reference Processing: no references
[2025-06-03T15:44:25.219+0530][27.976s] GC(142) Skipped phase 3 of Reference Processing: no references
[2025-06-03T15:44:25.219+0530][27.976s] GC(142) Skipped phase 4 of Reference Processing: no references
[2025-06-03T15:44:25.219+0530][27.976s] GC(142)   Pre Evacuate Collection Set: 0.1ms
[2025-06-03T15:44:25.219+0530][27.976s] GC(142)   Merge Heap Roots: 0.1ms
[2025-06-03T15:44:25.219+0530][27.976s] GC(142)   Evacuate Collection Set: 0.2ms
[2025-06-03T15:44:25.219+0530][27.976s] GC(142)   Post Evacuate Collection Set: 0.5ms
[2025-06-03T15:44:25.219+0530][27.976s] GC(142)   Other: 0.2ms
[2025-06-03T15:44:25.219+0530][27.976s] GC(142) Eden regions: 306->0(306)
[2025-06-03T15:44:25.219+0530][27.976s] GC(142) Survivor regions: 1->1(39)
[2025-06-03T15:44:25.219+0530][27.977s] GC(142) Old regions: 9->9
[2025-06-03T15:44:25.219+0530][27.977s] GC(142) Archive regions: 2->2
[2025-06-03T15:44:25.219+0530][27.977s] GC(142) Humongous regions: 0->0
[2025-06-03T15:44:25.219+0530][27.977s] GC(142) Metaspace: 20183K(20736K)->20183K(20736K) NonClass: 17603K(17920K)->17603K(17920K) Class: 2580K(2816K)->2580K(2816K)
[2025-06-03T15:44:25.219+0530][27.977s] GC(142) Pause Young (Normal) (G1 Evacuation Pause) 315M->9M(512M) 1.295ms
[2025-06-03T15:44:25.220+0530][27.977s] GC(142) User=0.00s Sys=0.00s Real=0.01s
[2025-06-03T15:44:25.382+0530][28.139s] GC(143) Pause Young (Normal) (G1 Evacuation Pause)
[2025-06-03T15:44:25.382+0530][28.139s] GC(143) Using 8 workers of 8 for evacuation
[2025-06-03T15:44:25.383+0530][28.140s] GC(143) Skipped phase 1 of Reference Processing: no references
[2025-06-03T15:44:25.383+0530][28.140s] GC(143) Skipped phase 2 of Reference Processing: no references
[2025-06-03T15:44:25.383+0530][28.140s] GC(143) Skipped phase 3 of Reference Processing: no references
[2025-06-03T15:44:25.383+0530][28.140s] GC(143) Skipped phase 4 of Reference Processing: no references
[2025-06-03T15:44:25.383+0530][28.140s] GC(143)   Pre Evacuate Collection Set: 0.1ms
[2025-06-03T15:44:25.383+0530][28.140s] GC(143)   Merge Heap Roots: 0.1ms
[2025-06-03T15:44:25.383+0530][28.140s] GC(143)   Evacuate Collection Set: 0.3ms
[2025-06-03T15:44:25.383+0530][28.141s] GC(143)   Post Evacuate Collection Set: 0.6ms
[2025-06-03T15:44:25.383+0530][28.141s] GC(143)   Other: 0.2ms
[2025-06-03T15:44:25.383+0530][28.141s] GC(143) Eden regions: 306->0(306)
[2025-06-03T15:44:25.383+0530][28.141s] GC(143) Survivor regions: 1->1(39)
[2025-06-03T15:44:25.383+0530][28.141s] GC(143) Old regions: 9->9
[2025-06-03T15:44:25.383+0530][28.141s] GC(143) Archive regions: 2->2
[2025-06-03T15:44:25.384+0530][28.141s] GC(143) Humongous regions: 0->0
[2025-06-03T15:44:25.384+0530][28.141s] GC(143) Metaspace: 20183K(20736K)->20183K(20736K) NonClass: 17603K(17920K)->17603K(17920K) Class: 2580K(2816K)->2580K(2816K)
[2025-06-03T15:44:25.384+0530][28.141s] GC(143) Pause Young (Normal) (G1 Evacuation Pause) 315M->9M(512M) 1.479ms
[2025-06-03T15:44:25.384+0530][28.141s] GC(143) User=0.00s Sys=0.01s Real=0.00s
[2025-06-03T15:44:25.541+0530][28.298s] GC(144) Pause Young (Normal) (G1 Evacuation Pause)
[2025-06-03T15:44:25.541+0530][28.298s] GC(144) Using 8 workers of 8 for evacuation
[2025-06-03T15:44:25.541+0530][28.299s] GC(144) Skipped phase 1 of Reference Processing: no references
[2025-06-03T15:44:25.541+0530][28.299s] GC(144) Skipped phase 2 of Reference Processing: no references
[2025-06-03T15:44:25.542+0530][28.299s] GC(144) Skipped phase 3 of Reference Processing: no references
[2025-06-03T15:44:25.542+0530][28.299s] GC(144) Skipped phase 4 of Reference Processing: no references
[2025-06-03T15:44:25.542+0530][28.299s] GC(144)   Pre Evacuate Collection Set: 0.1ms
[2025-06-03T15:44:25.542+0530][28.299s] GC(144)   Merge Heap Roots: 0.1ms
[2025-06-03T15:44:25.542+0530][28.299s] GC(144)   Evacuate Collection Set: 0.3ms
[2025-06-03T15:44:25.542+0530][28.299s] GC(144)   Post Evacuate Collection Set: 0.5ms
[2025-06-03T15:44:25.542+0530][28.299s] GC(144)   Other: 0.2ms
[2025-06-03T15:44:25.542+0530][28.299s] GC(144) Eden regions: 306->0(306)
[2025-06-03T15:44:25.542+0530][28.299s] GC(144) Survivor regions: 1->1(39)
[2025-06-03T15:44:25.542+0530][28.299s] GC(144) Old regions: 9->9
[2025-06-03T15:44:25.542+0530][28.299s] GC(144) Archive regions: 2->2
[2025-06-03T15:44:25.542+0530][28.299s] GC(144) Humongous regions: 0->0
[2025-06-03T15:44:25.542+0530][28.299s] GC(144) Metaspace: 20183K(20736K)->20183K(20736K) NonClass: 17603K(17920K)->17603K(17920K) Class: 2580K(2816K)->2580K(2816K)
[2025-06-03T15:44:25.542+0530][28.299s] GC(144) Pause Young (Normal) (G1 Evacuation Pause) 315M->9M(512M) 1.370ms
[2025-06-03T15:44:25.542+0530][28.299s] GC(144) User=0.00s Sys=0.00s Real=0.00s
[2025-06-03T15:44:25.693+0530][28.450s] GC(145) Pause Young (Normal) (G1 Evacuation Pause)
[2025-06-03T15:44:25.693+0530][28.450s] GC(145) Using 8 workers of 8 for evacuation
[2025-06-03T15:44:25.693+0530][28.450s] GC(145) Skipped phase 1 of Reference Processing: no references
[2025-06-03T15:44:25.693+0530][28.450s] GC(145) Skipped phase 2 of Reference Processing: no references
[2025-06-03T15:44:25.693+0530][28.450s] GC(145) Skipped phase 3 of Reference Processing: no references
[2025-06-03T15:44:25.693+0530][28.450s] GC(145) Skipped phase 4 of Reference Processing: no references
[2025-06-03T15:44:25.694+0530][28.451s] GC(145)   Pre Evacuate Collection Set: 0.1ms
[2025-06-03T15:44:25.694+0530][28.451s] GC(145)   Merge Heap Roots: 0.1ms
[2025-06-03T15:44:25.694+0530][28.451s] GC(145)   Evacuate Collection Set: 0.2ms
[2025-06-03T15:44:25.694+0530][28.451s] GC(145)   Post Evacuate Collection Set: 0.5ms
[2025-06-03T15:44:25.694+0530][28.451s] GC(145)   Other: 0.2ms
[2025-06-03T15:44:25.694+0530][28.451s] GC(145) Eden regions: 306->0(306)
[2025-06-03T15:44:25.694+0530][28.451s] GC(145) Survivor regions: 1->1(39)
[2025-06-03T15:44:25.694+0530][28.451s] GC(145) Old regions: 9->9
[2025-06-03T15:44:25.694+0530][28.451s] GC(145) Archive regions: 2->2
[2025-06-03T15:44:25.694+0530][28.451s] GC(145) Humongous regions: 0->0
[2025-06-03T15:44:25.694+0530][28.451s] GC(145) Metaspace: 20183K(20736K)->20183K(20736K) NonClass: 17603K(17920K)->17603K(17920K) Class: 2580K(2816K)->2580K(2816K)
[2025-06-03T15:44:25.694+0530][28.451s] GC(145) Pause Young (Normal) (G1 Evacuation Pause) 315M->9M(512M) 1.307ms
[2025-06-03T15:44:25.694+0530][28.451s] GC(145) User=0.00s Sys=0.00s Real=0.00s
[2025-06-03T15:44:25.839+0530][28.596s] GC(146) Pause Young (Normal) (G1 Evacuation Pause)
[2025-06-03T15:44:25.839+0530][28.596s] GC(146) Using 8 workers of 8 for evacuation
[2025-06-03T15:44:25.839+0530][28.597s] GC(146) Skipped phase 1 of Reference Processing: no references
[2025-06-03T15:44:25.839+0530][28.597s] GC(146) Skipped phase 2 of Reference Processing: no references
[2025-06-03T15:44:25.840+0530][28.597s] GC(146) Skipped phase 3 of Reference Processing: no references
[2025-06-03T15:44:25.840+0530][28.597s] GC(146) Skipped phase 4 of Reference Processing: no references
[2025-06-03T15:44:25.840+0530][28.597s] GC(146)   Pre Evacuate Collection Set: 0.1ms
[2025-06-03T15:44:25.840+0530][28.597s] GC(146)   Merge Heap Roots: 0.1ms
[2025-06-03T15:44:25.840+0530][28.597s] GC(146)   Evacuate Collection Set: 0.2ms
[2025-06-03T15:44:25.840+0530][28.597s] GC(146)   Post Evacuate Collection Set: 0.5ms
[2025-06-03T15:44:25.840+0530][28.597s] GC(146)   Other: 0.2ms
[2025-06-03T15:44:25.840+0530][28.597s] GC(146) Eden regions: 306->0(306)
[2025-06-03T15:44:25.840+0530][28.597s] GC(146) Survivor regions: 1->1(39)
[2025-06-03T15:44:25.840+0530][28.597s] GC(146) Old regions: 9->9
[2025-06-03T15:44:25.840+0530][28.597s] GC(146) Archive regions: 2->2
[2025-06-03T15:44:25.840+0530][28.597s] GC(146) Humongous regions: 0->0
[2025-06-03T15:44:25.840+0530][28.597s] GC(146) Metaspace: 20183K(20736K)->20183K(20736K) NonClass: 17603K(17920K)->17603K(17920K) Class: 2580K(2816K)->2580K(2816K)
[2025-06-03T15:44:25.840+0530][28.597s] GC(146) Pause Young (Normal) (G1 Evacuation Pause) 315M->9M(512M) 1.333ms
[2025-06-03T15:44:25.840+0530][28.597s] GC(146) User=0.00s Sys=0.00s Real=0.01s
[2025-06-03T15:44:25.987+0530][28.745s] GC(147) Pause Young (Normal) (G1 Evacuation Pause)
[2025-06-03T15:44:25.988+0530][28.745s] GC(147) Using 8 workers of 8 for evacuation
[2025-06-03T15:44:25.988+0530][28.745s] GC(147) Skipped phase 1 of Reference Processing: no references
[2025-06-03T15:44:25.988+0530][28.745s] GC(147) Skipped phase 2 of Reference Processing: no references
[2025-06-03T15:44:25.988+0530][28.745s] GC(147) Skipped phase 3 of Reference Processing: no references
[2025-06-03T15:44:25.988+0530][28.745s] GC(147) Skipped phase 4 of Reference Processing: no references
[2025-06-03T15:44:25.989+0530][28.746s] GC(147)   Pre Evacuate Collection Set: 0.1ms
[2025-06-03T15:44:25.989+0530][28.746s] GC(147)   Merge Heap Roots: 0.1ms
[2025-06-03T15:44:25.989+0530][28.746s] GC(147)   Evacuate Collection Set: 0.3ms
[2025-06-03T15:44:25.989+0530][28.746s] GC(147)   Post Evacuate Collection Set: 0.5ms
[2025-06-03T15:44:25.989+0530][28.746s] GC(147)   Other: 0.2ms
[2025-06-03T15:44:25.989+0530][28.746s] GC(147) Eden regions: 306->0(306)
[2025-06-03T15:44:25.989+0530][28.746s] GC(147) Survivor regions: 1->1(39)
[2025-06-03T15:44:25.989+0530][28.746s] GC(147) Old regions: 9->9
[2025-06-03T15:44:25.989+0530][28.746s] GC(147) Archive regions: 2->2
[2025-06-03T15:44:25.989+0530][28.746s] GC(147) Humongous regions: 0->0
[2025-06-03T15:44:25.989+0530][28.746s] GC(147) Metaspace: 20194K(20736K)->20194K(20736K) NonClass: 17612K(17920K)->17612K(17920K) Class: 2581K(2816K)->2581K(2816K)
[2025-06-03T15:44:25.989+0530][28.746s] GC(147) Pause Young (Normal) (G1 Evacuation Pause) 315M->9M(512M) 1.422ms
[2025-06-03T15:44:25.989+0530][28.746s] GC(147) User=0.00s Sys=0.00s Real=0.00s
[2025-06-03T15:44:26.131+0530][28.888s] GC(148) Pause Young (Normal) (G1 Evacuation Pause)
[2025-06-03T15:44:26.131+0530][28.888s] GC(148) Using 8 workers of 8 for evacuation
[2025-06-03T15:44:26.131+0530][28.888s] GC(148) Skipped phase 1 of Reference Processing: no references
[2025-06-03T15:44:26.131+0530][28.888s] GC(148) Skipped phase 2 of Reference Processing: no references
[2025-06-03T15:44:26.131+0530][28.888s] GC(148) Skipped phase 3 of Reference Processing: no references
[2025-06-03T15:44:26.131+0530][28.888s] GC(148) Skipped phase 4 of Reference Processing: no references
[2025-06-03T15:44:26.132+0530][28.889s] GC(148)   Pre Evacuate Collection Set: 0.1ms
[2025-06-03T15:44:26.132+0530][28.889s] GC(148)   Merge Heap Roots: 0.1ms
[2025-06-03T15:44:26.132+0530][28.889s] GC(148)   Evacuate Collection Set: 0.3ms
[2025-06-03T15:44:26.132+0530][28.889s] GC(148)   Post Evacuate Collection Set: 0.5ms
[2025-06-03T15:44:26.132+0530][28.889s] GC(148)   Other: 0.2ms
[2025-06-03T15:44:26.132+0530][28.889s] GC(148) Eden regions: 306->0(306)
[2025-06-03T15:44:26.132+0530][28.889s] GC(148) Survivor regions: 1->1(39)
[2025-06-03T15:44:26.132+0530][28.889s] GC(148) Old regions: 9->9
[2025-06-03T15:44:26.132+0530][28.889s] GC(148) Archive regions: 2->2
[2025-06-03T15:44:26.132+0530][28.889s] GC(148) Humongous regions: 0->0
[2025-06-03T15:44:26.132+0530][28.889s] GC(148) Metaspace: 20194K(20736K)->20194K(20736K) NonClass: 17612K(17920K)->17612K(17920K) Class: 2581K(2816K)->2581K(2816K)
[2025-06-03T15:44:26.132+0530][28.889s] GC(148) Pause Young (Normal) (G1 Evacuation Pause) 315M->9M(512M) 1.240ms
[2025-06-03T15:44:26.132+0530][28.889s] GC(148) User=0.00s Sys=0.01s Real=0.00s
[2025-06-03T15:44:26.278+0530][29.035s] GC(149) Pause Young (Normal) (G1 Evacuation Pause)
[2025-06-03T15:44:26.278+0530][29.035s] GC(149) Using 8 workers of 8 for evacuation
[2025-06-03T15:44:26.278+0530][29.035s] GC(149) Skipped phase 1 of Reference Processing: no references
[2025-06-03T15:44:26.278+0530][29.036s] GC(149) Skipped phase 2 of Reference Processing: no references
[2025-06-03T15:44:26.278+0530][29.036s] GC(149) Skipped phase 3 of Reference Processing: no references
[2025-06-03T15:44:26.278+0530][29.036s] GC(149) Skipped phase 4 of Reference Processing: no references
[2025-06-03T15:44:26.279+0530][29.036s] GC(149)   Pre Evacuate Collection Set: 0.1ms
[2025-06-03T15:44:26.279+0530][29.036s] GC(149)   Merge Heap Roots: 0.1ms
[2025-06-03T15:44:26.279+0530][29.036s] GC(149)   Evacuate Collection Set: 0.2ms
[2025-06-03T15:44:26.279+0530][29.036s] GC(149)   Post Evacuate Collection Set: 0.5ms
[2025-06-03T15:44:26.279+0530][29.036s] GC(149)   Other: 0.2ms
[2025-06-03T15:44:26.279+0530][29.036s] GC(149) Eden regions: 306->0(306)
[2025-06-03T15:44:26.279+0530][29.036s] GC(149) Survivor regions: 1->1(39)
[2025-06-03T15:44:26.279+0530][29.036s] GC(149) Old regions: 9->9
[2025-06-03T15:44:26.279+0530][29.036s] GC(149) Archive regions: 2->2
[2025-06-03T15:44:26.279+0530][29.036s] GC(149) Humongous regions: 0->0
[2025-06-03T15:44:26.279+0530][29.036s] GC(149) Metaspace: 20194K(20736K)->20194K(20736K) NonClass: 17612K(17920K)->17612K(17920K) Class: 2581K(2816K)->2581K(2816K)
[2025-06-03T15:44:26.279+0530][29.036s] GC(149) Pause Young (Normal) (G1 Evacuation Pause) 315M->9M(512M) 1.319ms
[2025-06-03T15:44:26.279+0530][29.036s] GC(149) User=0.00s Sys=0.00s Real=0.00s
[2025-06-03T15:44:26.421+0530][29.178s] GC(150) Pause Young (Normal) (G1 Evacuation Pause)
[2025-06-03T15:44:26.421+0530][29.178s] GC(150) Using 8 workers of 8 for evacuation
[2025-06-03T15:44:26.421+0530][29.178s] GC(150) Skipped phase 1 of Reference Processing: no references
[2025-06-03T15:44:26.421+0530][29.178s] GC(150) Skipped phase 2 of Reference Processing: no references
[2025-06-03T15:44:26.421+0530][29.178s] GC(150) Skipped phase 3 of Reference Processing: no references
[2025-06-03T15:44:26.421+0530][29.178s] GC(150) Skipped phase 4 of Reference Processing: no references
[2025-06-03T15:44:26.422+0530][29.179s] GC(150)   Pre Evacuate Collection Set: 0.1ms
[2025-06-03T15:44:26.422+0530][29.179s] GC(150)   Merge Heap Roots: 0.1ms
[2025-06-03T15:44:26.422+0530][29.179s] GC(150)   Evacuate Collection Set: 0.2ms
[2025-06-03T15:44:26.422+0530][29.179s] GC(150)   Post Evacuate Collection Set: 0.4ms
[2025-06-03T15:44:26.422+0530][29.179s] GC(150)   Other: 0.2ms
[2025-06-03T15:44:26.422+0530][29.179s] GC(150) Eden regions: 306->0(306)
[2025-06-03T15:44:26.422+0530][29.179s] GC(150) Survivor regions: 1->1(39)
[2025-06-03T15:44:26.422+0530][29.179s] GC(150) Old regions: 9->9
[2025-06-03T15:44:26.422+0530][29.179s] GC(150) Archive regions: 2->2
[2025-06-03T15:44:26.422+0530][29.179s] GC(150) Humongous regions: 0->0
[2025-06-03T15:44:26.422+0530][29.179s] GC(150) Metaspace: 20194K(20736K)->20194K(20736K) NonClass: 17612K(17920K)->17612K(17920K) Class: 2581K(2816K)->2581K(2816K)
[2025-06-03T15:44:26.422+0530][29.179s] GC(150) Pause Young (Normal) (G1 Evacuation Pause) 315M->9M(512M) 1.177ms
[2025-06-03T15:44:26.422+0530][29.179s] GC(150) User=0.00s Sys=0.00s Real=0.00s
[2025-06-03T15:44:26.564+0530][29.321s] GC(151) Pause Young (Normal) (G1 Evacuation Pause)
[2025-06-03T15:44:26.564+0530][29.322s] GC(151) Using 8 workers of 8 for evacuation
[2025-06-03T15:44:26.565+0530][29.322s] GC(151) Skipped phase 1 of Reference Processing: no references
[2025-06-03T15:44:26.565+0530][29.322s] GC(151) Skipped phase 2 of Reference Processing: no references
[2025-06-03T15:44:26.565+0530][29.322s] GC(151) Skipped phase 3 of Reference Processing: no references
[2025-06-03T15:44:26.565+0530][29.322s] GC(151) Skipped phase 4 of Reference Processing: no references
[2025-06-03T15:44:26.565+0530][29.322s] GC(151)   Pre Evacuate Collection Set: 0.1ms
[2025-06-03T15:44:26.565+0530][29.323s] GC(151)   Merge Heap Roots: 0.1ms
[2025-06-03T15:44:26.565+0530][29.323s] GC(151)   Evacuate Collection Set: 0.2ms
[2025-06-03T15:44:26.565+0530][29.323s] GC(151)   Post Evacuate Collection Set: 0.4ms
[2025-06-03T15:44:26.565+0530][29.323s] GC(151)   Other: 0.2ms
[2025-06-03T15:44:26.565+0530][29.323s] GC(151) Eden regions: 306->0(306)
[2025-06-03T15:44:26.565+0530][29.323s] GC(151) Survivor regions: 1->1(39)
[2025-06-03T15:44:26.565+0530][29.323s] GC(151) Old regions: 9->9
[2025-06-03T15:44:26.565+0530][29.323s] GC(151) Archive regions: 2->2
[2025-06-03T15:44:26.566+0530][29.323s] GC(151) Humongous regions: 0->0
[2025-06-03T15:44:26.566+0530][29.323s] GC(151) Metaspace: 20194K(20736K)->20194K(20736K) NonClass: 17612K(17920K)->17612K(17920K) Class: 2581K(2816K)->2581K(2816K)
[2025-06-03T15:44:26.566+0530][29.323s] GC(151) Pause Young (Normal) (G1 Evacuation Pause) 315M->9M(512M) 1.204ms
[2025-06-03T15:44:26.566+0530][29.323s] GC(151) User=0.01s Sys=0.00s Real=0.00s
[2025-06-03T15:44:26.709+0530][29.466s] GC(152) Pause Young (Normal) (G1 Evacuation Pause)
[2025-06-03T15:44:26.709+0530][29.466s] GC(152) Using 8 workers of 8 for evacuation
[2025-06-03T15:44:26.710+0530][29.467s] GC(152) Skipped phase 1 of Reference Processing: no references
[2025-06-03T15:44:26.710+0530][29.467s] GC(152) Skipped phase 2 of Reference Processing: no references
[2025-06-03T15:44:26.710+0530][29.467s] GC(152) Skipped phase 3 of Reference Processing: no references
[2025-06-03T15:44:26.710+0530][29.467s] GC(152) Skipped phase 4 of Reference Processing: no references
[2025-06-03T15:44:26.710+0530][29.467s] GC(152)   Pre Evacuate Collection Set: 0.1ms
[2025-06-03T15:44:26.710+0530][29.467s] GC(152)   Merge Heap Roots: 0.1ms
[2025-06-03T15:44:26.710+0530][29.467s] GC(152)   Evacuate Collection Set: 0.2ms
[2025-06-03T15:44:26.710+0530][29.467s] GC(152)   Post Evacuate Collection Set: 0.4ms
[2025-06-03T15:44:26.710+0530][29.468s] GC(152)   Other: 0.2ms
[2025-06-03T15:44:26.710+0530][29.468s] GC(152) Eden regions: 306->0(306)
[2025-06-03T15:44:26.710+0530][29.468s] GC(152) Survivor regions: 1->1(39)
[2025-06-03T15:44:26.710+0530][29.468s] GC(152) Old regions: 9->9
[2025-06-03T15:44:26.710+0530][29.468s] GC(152) Archive regions: 2->2
[2025-06-03T15:44:26.710+0530][29.468s] GC(152) Humongous regions: 0->0
[2025-06-03T15:44:26.710+0530][29.468s] GC(152) Metaspace: 20194K(20736K)->20194K(20736K) NonClass: 17612K(17920K)->17612K(17920K) Class: 2581K(2816K)->2581K(2816K)
[2025-06-03T15:44:26.711+0530][29.468s] GC(152) Pause Young (Normal) (G1 Evacuation Pause) 315M->9M(512M) 1.231ms
[2025-06-03T15:44:26.711+0530][29.468s] GC(152) User=0.00s Sys=0.00s Real=0.01s
[2025-06-03T15:44:26.855+0530][29.612s] GC(153) Pause Young (Normal) (G1 Evacuation Pause)
[2025-06-03T15:44:26.855+0530][29.612s] GC(153) Using 8 workers of 8 for evacuation
[2025-06-03T15:44:26.856+0530][29.613s] GC(153) Skipped phase 1 of Reference Processing: no references
[2025-06-03T15:44:26.856+0530][29.613s] GC(153) Skipped phase 2 of Reference Processing: no references
[2025-06-03T15:44:26.856+0530][29.613s] GC(153) Skipped phase 3 of Reference Processing: no references
[2025-06-03T15:44:26.856+0530][29.613s] GC(153) Skipped phase 4 of Reference Processing: no references
[2025-06-03T15:44:26.856+0530][29.613s] GC(153)   Pre Evacuate Collection Set: 0.1ms
[2025-06-03T15:44:26.856+0530][29.613s] GC(153)   Merge Heap Roots: 0.1ms
[2025-06-03T15:44:26.856+0530][29.614s] GC(153)   Evacuate Collection Set: 0.3ms
[2025-06-03T15:44:26.856+0530][29.614s] GC(153)   Post Evacuate Collection Set: 0.5ms
[2025-06-03T15:44:26.856+0530][29.614s] GC(153)   Other: 0.2ms
[2025-06-03T15:44:26.856+0530][29.614s] GC(153) Eden regions: 306->0(306)
[2025-06-03T15:44:26.856+0530][29.614s] GC(153) Survivor regions: 1->1(39)
[2025-06-03T15:44:26.856+0530][29.614s] GC(153) Old regions: 9->9
[2025-06-03T15:44:26.857+0530][29.614s] GC(153) Archive regions: 2->2
[2025-06-03T15:44:26.857+0530][29.614s] GC(153) Humongous regions: 0->0
[2025-06-03T15:44:26.857+0530][29.614s] GC(153) Metaspace: 20201K(20736K)->20201K(20736K) NonClass: 17619K(17920K)->17619K(17920K) Class: 2582K(2816K)->2582K(2816K)
[2025-06-03T15:44:26.857+0530][29.614s] GC(153) Pause Young (Normal) (G1 Evacuation Pause) 315M->9M(512M) 1.473ms
[2025-06-03T15:44:26.857+0530][29.614s] GC(153) User=0.01s Sys=0.00s Real=0.00s
[2025-06-03T15:44:27.023+0530][29.781s] GC(154) Pause Young (Normal) (G1 Evacuation Pause)
[2025-06-03T15:44:27.023+0530][29.781s] GC(154) Using 8 workers of 8 for evacuation
[2025-06-03T15:44:27.024+0530][29.781s] GC(154) Skipped phase 1 of Reference Processing: no references
[2025-06-03T15:44:27.024+0530][29.781s] GC(154) Skipped phase 2 of Reference Processing: no references
[2025-06-03T15:44:27.024+0530][29.781s] GC(154) Skipped phase 3 of Reference Processing: no references
[2025-06-03T15:44:27.024+0530][29.781s] GC(154) Skipped phase 4 of Reference Processing: no references
[2025-06-03T15:44:27.025+0530][29.782s] GC(154)   Pre Evacuate Collection Set: 0.1ms
[2025-06-03T15:44:27.025+0530][29.782s] GC(154)   Merge Heap Roots: 0.1ms
[2025-06-03T15:44:27.025+0530][29.782s] GC(154)   Evacuate Collection Set: 0.4ms
[2025-06-03T15:44:27.025+0530][29.782s] GC(154)   Post Evacuate Collection Set: 0.6ms
[2025-06-03T15:44:27.025+0530][29.782s] GC(154)   Other: 0.2ms
[2025-06-03T15:44:27.025+0530][29.782s] GC(154) Eden regions: 306->0(306)
[2025-06-03T15:44:27.025+0530][29.782s] GC(154) Survivor regions: 1->1(39)
[2025-06-03T15:44:27.025+0530][29.782s] GC(154) Old regions: 9->9
[2025-06-03T15:44:27.025+0530][29.782s] GC(154) Archive regions: 2->2
[2025-06-03T15:44:27.025+0530][29.782s] GC(154) Humongous regions: 0->0
[2025-06-03T15:44:27.025+0530][29.782s] GC(154) Metaspace: 20211K(20736K)->20211K(20736K) NonClass: 17628K(17920K)->17628K(17920K) Class: 2582K(2816K)->2582K(2816K)
[2025-06-03T15:44:27.025+0530][29.782s] GC(154) Pause Young (Normal) (G1 Evacuation Pause) 315M->9M(512M) 1.793ms
[2025-06-03T15:44:27.025+0530][29.782s] GC(154) User=0.00s Sys=0.00s Real=0.00s
[2025-06-03T15:44:27.190+0530][29.947s] GC(155) Pause Young (Normal) (G1 Evacuation Pause)
[2025-06-03T15:44:27.190+0530][29.947s] GC(155) Using 8 workers of 8 for evacuation
[2025-06-03T15:44:27.191+0530][29.948s] GC(155) Skipped phase 1 of Reference Processing: no references
[2025-06-03T15:44:27.191+0530][29.948s] GC(155) Skipped phase 2 of Reference Processing: no references
[2025-06-03T15:44:27.191+0530][29.948s] GC(155) Skipped phase 3 of Reference Processing: no references
[2025-06-03T15:44:27.191+0530][29.948s] GC(155) Skipped phase 4 of Reference Processing: no references
[2025-06-03T15:44:27.191+0530][29.948s] GC(155)   Pre Evacuate Collection Set: 0.1ms
[2025-06-03T15:44:27.191+0530][29.948s] GC(155)   Merge Heap Roots: 0.1ms
[2025-06-03T15:44:27.191+0530][29.948s] GC(155)   Evacuate Collection Set: 0.2ms
[2025-06-03T15:44:27.191+0530][29.948s] GC(155)   Post Evacuate Collection Set: 0.5ms
[2025-06-03T15:44:27.191+0530][29.948s] GC(155)   Other: 0.2ms
[2025-06-03T15:44:27.191+0530][29.948s] GC(155) Eden regions: 306->0(306)
[2025-06-03T15:44:27.191+0530][29.948s] GC(155) Survivor regions: 1->1(39)
[2025-06-03T15:44:27.191+0530][29.948s] GC(155) Old regions: 9->9
[2025-06-03T15:44:27.191+0530][29.948s] GC(155) Archive regions: 2->2
[2025-06-03T15:44:27.191+0530][29.948s] GC(155) Humongous regions: 0->0
[2025-06-03T15:44:27.191+0530][29.948s] GC(155) Metaspace: 20211K(20736K)->20211K(20736K) NonClass: 17628K(17920K)->17628K(17920K) Class: 2582K(2816K)->2582K(2816K)
[2025-06-03T15:44:27.191+0530][29.948s] GC(155) Pause Young (Normal) (G1 Evacuation Pause) 315M->9M(512M) 1.203ms
[2025-06-03T15:44:27.191+0530][29.948s] GC(155) User=0.01s Sys=0.00s Real=0.00s
[2025-06-03T15:44:27.342+0530][30.099s] GC(156) Pause Young (Normal) (G1 Evacuation Pause)
[2025-06-03T15:44:27.342+0530][30.099s] GC(156) Using 8 workers of 8 for evacuation
[2025-06-03T15:44:27.342+0530][30.099s] GC(156) Skipped phase 1 of Reference Processing: no references
[2025-06-03T15:44:27.342+0530][30.099s] GC(156) Skipped phase 2 of Reference Processing: no references
[2025-06-03T15:44:27.342+0530][30.099s] GC(156) Skipped phase 3 of Reference Processing: no references
[2025-06-03T15:44:27.342+0530][30.099s] GC(156) Skipped phase 4 of Reference Processing: no references
[2025-06-03T15:44:27.343+0530][30.100s] GC(156)   Pre Evacuate Collection Set: 0.1ms
[2025-06-03T15:44:27.343+0530][30.100s] GC(156)   Merge Heap Roots: 0.1ms
[2025-06-03T15:44:27.343+0530][30.100s] GC(156)   Evacuate Collection Set: 0.3ms
[2025-06-03T15:44:27.343+0530][30.100s] GC(156)   Post Evacuate Collection Set: 0.5ms
[2025-06-03T15:44:27.343+0530][30.100s] GC(156)   Other: 0.2ms
[2025-06-03T15:44:27.343+0530][30.100s] GC(156) Eden regions: 306->0(306)
[2025-06-03T15:44:27.343+0530][30.100s] GC(156) Survivor regions: 1->1(39)
[2025-06-03T15:44:27.343+0530][30.100s] GC(156) Old regions: 9->9
[2025-06-03T15:44:27.343+0530][30.100s] GC(156) Archive regions: 2->2
[2025-06-03T15:44:27.343+0530][30.100s] GC(156) Humongous regions: 0->0
[2025-06-03T15:44:27.343+0530][30.100s] GC(156) Metaspace: 20211K(20736K)->20211K(20736K) NonClass: 17628K(17920K)->17628K(17920K) Class: 2582K(2816K)->2582K(2816K)
[2025-06-03T15:44:27.343+0530][30.100s] GC(156) Pause Young (Normal) (G1 Evacuation Pause) 315M->9M(512M) 1.320ms
[2025-06-03T15:44:27.343+0530][30.100s] GC(156) User=0.00s Sys=0.00s Real=0.00s
[2025-06-03T15:44:27.485+0530][30.242s] GC(157) Pause Young (Normal) (G1 Evacuation Pause)
[2025-06-03T15:44:27.485+0530][30.242s] GC(157) Using 8 workers of 8 for evacuation
[2025-06-03T15:44:27.485+0530][30.242s] GC(157) Skipped phase 1 of Reference Processing: no references
[2025-06-03T15:44:27.485+0530][30.242s] GC(157) Skipped phase 2 of Reference Processing: no references
[2025-06-03T15:44:27.485+0530][30.242s] GC(157) Skipped phase 3 of Reference Processing: no references
[2025-06-03T15:44:27.485+0530][30.242s] GC(157) Skipped phase 4 of Reference Processing: no references
[2025-06-03T15:44:27.486+0530][30.243s] GC(157)   Pre Evacuate Collection Set: 0.1ms
[2025-06-03T15:44:27.486+0530][30.243s] GC(157)   Merge Heap Roots: 0.1ms
[2025-06-03T15:44:27.486+0530][30.243s] GC(157)   Evacuate Collection Set: 0.2ms
[2025-06-03T15:44:27.486+0530][30.243s] GC(157)   Post Evacuate Collection Set: 0.4ms
[2025-06-03T15:44:27.486+0530][30.243s] GC(157)   Other: 0.2ms
[2025-06-03T15:44:27.486+0530][30.243s] GC(157) Eden regions: 306->0(306)
[2025-06-03T15:44:27.486+0530][30.243s] GC(157) Survivor regions: 1->1(39)
[2025-06-03T15:44:27.486+0530][30.243s] GC(157) Old regions: 9->9
[2025-06-03T15:44:27.486+0530][30.243s] GC(157) Archive regions: 2->2
[2025-06-03T15:44:27.486+0530][30.243s] GC(157) Humongous regions: 0->0
[2025-06-03T15:44:27.486+0530][30.243s] GC(157) Metaspace: 20211K(20736K)->20211K(20736K) NonClass: 17628K(17920K)->17628K(17920K) Class: 2582K(2816K)->2582K(2816K)
[2025-06-03T15:44:27.486+0530][30.243s] GC(157) Pause Young (Normal) (G1 Evacuation Pause) 315M->9M(512M) 1.153ms
[2025-06-03T15:44:27.486+0530][30.243s] GC(157) User=0.00s Sys=0.00s Real=0.00s
[2025-06-03T15:44:27.627+0530][30.384s] GC(158) Pause Young (Normal) (G1 Evacuation Pause)
[2025-06-03T15:44:27.627+0530][30.385s] GC(158) Using 8 workers of 8 for evacuation
[2025-06-03T15:44:27.628+0530][30.385s] GC(158) Skipped phase 1 of Reference Processing: no references
[2025-06-03T15:44:27.628+0530][30.385s] GC(158) Skipped phase 2 of Reference Processing: no references
[2025-06-03T15:44:27.628+0530][30.385s] GC(158) Skipped phase 3 of Reference Processing: no references
[2025-06-03T15:44:27.628+0530][30.385s] GC(158) Skipped phase 4 of Reference Processing: no references
[2025-06-03T15:44:27.628+0530][30.386s] GC(158)   Pre Evacuate Collection Set: 0.1ms
[2025-06-03T15:44:27.629+0530][30.386s] GC(158)   Merge Heap Roots: 0.1ms
[2025-06-03T15:44:27.629+0530][30.386s] GC(158)   Evacuate Collection Set: 0.3ms
[2025-06-03T15:44:27.629+0530][30.386s] GC(158)   Post Evacuate Collection Set: 0.5ms
[2025-06-03T15:44:27.629+0530][30.386s] GC(158)   Other: 0.2ms
[2025-06-03T15:44:27.629+0530][30.386s] GC(158) Eden regions: 306->0(306)
[2025-06-03T15:44:27.629+0530][30.386s] GC(158) Survivor regions: 1->1(39)
[2025-06-03T15:44:27.629+0530][30.386s] GC(158) Old regions: 9->9
[2025-06-03T15:44:27.629+0530][30.386s] GC(158) Archive regions: 2->2
[2025-06-03T15:44:27.629+0530][30.386s] GC(158) Humongous regions: 0->0
[2025-06-03T15:44:27.629+0530][30.386s] GC(158) Metaspace: 20211K(20736K)->20211K(20736K) NonClass: 17628K(17920K)->17628K(17920K) Class: 2582K(2816K)->2582K(2816K)
[2025-06-03T15:44:27.629+0530][30.386s] GC(158) Pause Young (Normal) (G1 Evacuation Pause) 315M->9M(512M) 1.356ms
[2025-06-03T15:44:27.629+0530][30.386s] GC(158) User=0.00s Sys=0.01s Real=0.00s
[2025-06-03T15:44:27.771+0530][30.528s] GC(159) Pause Young (Normal) (G1 Evacuation Pause)
[2025-06-03T15:44:27.771+0530][30.528s] GC(159) Using 8 workers of 8 for evacuation
[2025-06-03T15:44:27.772+0530][30.529s] GC(159) Skipped phase 1 of Reference Processing: no references
[2025-06-03T15:44:27.772+0530][30.529s] GC(159) Skipped phase 2 of Reference Processing: no references
[2025-06-03T15:44:27.772+0530][30.529s] GC(159) Skipped phase 3 of Reference Processing: no references
[2025-06-03T15:44:27.772+0530][30.529s] GC(159) Skipped phase 4 of Reference Processing: no references
[2025-06-03T15:44:27.772+0530][30.529s] GC(159)   Pre Evacuate Collection Set: 0.1ms
[2025-06-03T15:44:27.772+0530][30.529s] GC(159)   Merge Heap Roots: 0.1ms
[2025-06-03T15:44:27.772+0530][30.529s] GC(159)   Evacuate Collection Set: 0.3ms
[2025-06-03T15:44:27.772+0530][30.529s] GC(159)   Post Evacuate Collection Set: 0.5ms
[2025-06-03T15:44:27.772+0530][30.530s] GC(159)   Other: 0.2ms
[2025-06-03T15:44:27.772+0530][30.530s] GC(159) Eden regions: 306->0(306)
[2025-06-03T15:44:27.772+0530][30.530s] GC(159) Survivor regions: 1->1(39)
[2025-06-03T15:44:27.773+0530][30.530s] GC(159) Old regions: 9->9
[2025-06-03T15:44:27.773+0530][30.530s] GC(159) Archive regions: 2->2
[2025-06-03T15:44:27.773+0530][30.530s] GC(159) Humongous regions: 0->0
[2025-06-03T15:44:27.773+0530][30.530s] GC(159) Metaspace: 20211K(20736K)->20211K(20736K) NonClass: 17628K(17920K)->17628K(17920K) Class: 2582K(2816K)->2582K(2816K)
[2025-06-03T15:44:27.773+0530][30.530s] GC(159) Pause Young (Normal) (G1 Evacuation Pause) 315M->9M(512M) 1.489ms
[2025-06-03T15:44:27.773+0530][30.530s] GC(159) User=0.01s Sys=0.00s Real=0.00s
[2025-06-03T15:44:27.920+0530][30.677s] GC(160) Pause Young (Normal) (G1 Evacuation Pause)
[2025-06-03T15:44:27.920+0530][30.677s] GC(160) Using 8 workers of 8 for evacuation
[2025-06-03T15:44:27.920+0530][30.678s] GC(160) Skipped phase 1 of Reference Processing: no references
[2025-06-03T15:44:27.921+0530][30.678s] GC(160) Skipped phase 2 of Reference Processing: no references
[2025-06-03T15:44:27.921+0530][30.678s] GC(160) Skipped phase 3 of Reference Processing: no references
[2025-06-03T15:44:27.921+0530][30.678s] GC(160) Skipped phase 4 of Reference Processing: no references
[2025-06-03T15:44:27.921+0530][30.678s] GC(160)   Pre Evacuate Collection Set: 0.1ms
[2025-06-03T15:44:27.921+0530][30.678s] GC(160)   Merge Heap Roots: 0.1ms
[2025-06-03T15:44:27.921+0530][30.678s] GC(160)   Evacuate Collection Set: 0.2ms
[2025-06-03T15:44:27.921+0530][30.678s] GC(160)   Post Evacuate Collection Set: 0.5ms
[2025-06-03T15:44:27.921+0530][30.678s] GC(160)   Other: 0.2ms
[2025-06-03T15:44:27.921+0530][30.678s] GC(160) Eden regions: 306->0(306)
[2025-06-03T15:44:27.921+0530][30.678s] GC(160) Survivor regions: 1->1(39)
[2025-06-03T15:44:27.921+0530][30.678s] GC(160) Old regions: 9->9
[2025-06-03T15:44:27.921+0530][30.678s] GC(160) Archive regions: 2->2
[2025-06-03T15:44:27.921+0530][30.678s] GC(160) Humongous regions: 0->0
[2025-06-03T15:44:27.921+0530][30.678s] GC(160) Metaspace: 20235K(20736K)->20235K(20736K) NonClass: 17650K(17920K)->17650K(17920K) Class: 2584K(2816K)->2584K(2816K)
[2025-06-03T15:44:27.921+0530][30.678s] GC(160) Pause Young (Normal) (G1 Evacuation Pause) 315M->9M(512M) 1.210ms
[2025-06-03T15:44:27.921+0530][30.678s] GC(160) User=0.01s Sys=0.00s Real=0.00s
[2025-06-03T15:44:28.064+0530][30.821s] GC(161) Pause Young (Normal) (G1 Evacuation Pause)
[2025-06-03T15:44:28.064+0530][30.821s] GC(161) Using 8 workers of 8 for evacuation
[2025-06-03T15:44:28.064+0530][30.821s] GC(161) Skipped phase 1 of Reference Processing: no references
[2025-06-03T15:44:28.064+0530][30.821s] GC(161) Skipped phase 2 of Reference Processing: no references
[2025-06-03T15:44:28.064+0530][30.821s] GC(161) Skipped phase 3 of Reference Processing: no references
[2025-06-03T15:44:28.064+0530][30.821s] GC(161) Skipped phase 4 of Reference Processing: no references
[2025-06-03T15:44:28.065+0530][30.822s] GC(161)   Pre Evacuate Collection Set: 0.1ms
[2025-06-03T15:44:28.065+0530][30.822s] GC(161)   Merge Heap Roots: 0.1ms
[2025-06-03T15:44:28.065+0530][30.822s] GC(161)   Evacuate Collection Set: 0.2ms
[2025-06-03T15:44:28.065+0530][30.822s] GC(161)   Post Evacuate Collection Set: 0.4ms
[2025-06-03T15:44:28.065+0530][30.822s] GC(161)   Other: 0.2ms
[2025-06-03T15:44:28.065+0530][30.822s] GC(161) Eden regions: 306->0(306)
[2025-06-03T15:44:28.065+0530][30.822s] GC(161) Survivor regions: 1->1(39)
[2025-06-03T15:44:28.065+0530][30.822s] GC(161) Old regions: 9->9
[2025-06-03T15:44:28.065+0530][30.822s] GC(161) Archive regions: 2->2
[2025-06-03T15:44:28.065+0530][30.822s] GC(161) Humongous regions: 0->0
[2025-06-03T15:44:28.065+0530][30.822s] GC(161) Metaspace: 20235K(20736K)->20235K(20736K) NonClass: 17650K(17920K)->17650K(17920K) Class: 2584K(2816K)->2584K(2816K)
[2025-06-03T15:44:28.065+0530][30.822s] GC(161) Pause Young (Normal) (G1 Evacuation Pause) 315M->9M(512M) 1.264ms
[2025-06-03T15:44:28.065+0530][30.822s] GC(161) User=0.00s Sys=0.00s Real=0.00s
[2025-06-03T15:44:28.205+0530][30.962s] GC(162) Pause Young (Normal) (G1 Evacuation Pause)
[2025-06-03T15:44:28.205+0530][30.962s] GC(162) Using 8 workers of 8 for evacuation
[2025-06-03T15:44:28.206+0530][30.963s] GC(162) Skipped phase 1 of Reference Processing: no references
[2025-06-03T15:44:28.206+0530][30.963s] GC(162) Skipped phase 2 of Reference Processing: no references
[2025-06-03T15:44:28.206+0530][30.963s] GC(162) Skipped phase 3 of Reference Processing: no references
[2025-06-03T15:44:28.206+0530][30.963s] GC(162) Skipped phase 4 of Reference Processing: no references
[2025-06-03T15:44:28.206+0530][30.963s] GC(162)   Pre Evacuate Collection Set: 0.1ms
[2025-06-03T15:44:28.206+0530][30.963s] GC(162)   Merge Heap Roots: 0.1ms
[2025-06-03T15:44:28.206+0530][30.963s] GC(162)   Evacuate Collection Set: 0.3ms
[2025-06-03T15:44:28.206+0530][30.963s] GC(162)   Post Evacuate Collection Set: 0.5ms
[2025-06-03T15:44:28.206+0530][30.963s] GC(162)   Other: 0.2ms
[2025-06-03T15:44:28.206+0530][30.963s] GC(162) Eden regions: 306->0(306)
[2025-06-03T15:44:28.206+0530][30.964s] GC(162) Survivor regions: 1->1(39)
[2025-06-03T15:44:28.206+0530][30.964s] GC(162) Old regions: 9->9
[2025-06-03T15:44:28.206+0530][30.964s] GC(162) Archive regions: 2->2
[2025-06-03T15:44:28.206+0530][30.964s] GC(162) Humongous regions: 0->0
[2025-06-03T15:44:28.206+0530][30.964s] GC(162) Metaspace: 20235K(20736K)->20235K(20736K) NonClass: 17650K(17920K)->17650K(17920K) Class: 2584K(2816K)->2584K(2816K)
[2025-06-03T15:44:28.206+0530][30.964s] GC(162) Pause Young (Normal) (G1 Evacuation Pause) 315M->9M(512M) 1.333ms
[2025-06-03T15:44:28.206+0530][30.964s] GC(162) User=0.00s Sys=0.00s Real=0.00s
[2025-06-03T15:44:28.347+0530][31.104s] GC(163) Pause Young (Normal) (G1 Evacuation Pause)
[2025-06-03T15:44:28.347+0530][31.105s] GC(163) Using 8 workers of 8 for evacuation
[2025-06-03T15:44:28.348+0530][31.105s] GC(163) Skipped phase 1 of Reference Processing: no references
[2025-06-03T15:44:28.348+0530][31.105s] GC(163) Skipped phase 2 of Reference Processing: no references
[2025-06-03T15:44:28.348+0530][31.105s] GC(163) Skipped phase 3 of Reference Processing: no references
[2025-06-03T15:44:28.348+0530][31.105s] GC(163) Skipped phase 4 of Reference Processing: no references
[2025-06-03T15:44:28.348+0530][31.105s] GC(163)   Pre Evacuate Collection Set: 0.1ms
[2025-06-03T15:44:28.348+0530][31.105s] GC(163)   Merge Heap Roots: 0.1ms
[2025-06-03T15:44:28.348+0530][31.106s] GC(163)   Evacuate Collection Set: 0.2ms
[2025-06-03T15:44:28.348+0530][31.106s] GC(163)   Post Evacuate Collection Set: 0.4ms
[2025-06-03T15:44:28.348+0530][31.106s] GC(163)   Other: 0.2ms
[2025-06-03T15:44:28.348+0530][31.106s] GC(163) Eden regions: 306->0(306)
[2025-06-03T15:44:28.348+0530][31.106s] GC(163) Survivor regions: 1->1(39)
[2025-06-03T15:44:28.348+0530][31.106s] GC(163) Old regions: 9->9
[2025-06-03T15:44:28.348+0530][31.106s] GC(163) Archive regions: 2->2
[2025-06-03T15:44:28.348+0530][31.106s] GC(163) Humongous regions: 0->0
[2025-06-03T15:44:28.348+0530][31.106s] GC(163) Metaspace: 20235K(20736K)->20235K(20736K) NonClass: 17650K(17920K)->17650K(17920K) Class: 2584K(2816K)->2584K(2816K)
[2025-06-03T15:44:28.348+0530][31.106s] GC(163) Pause Young (Normal) (G1 Evacuation Pause) 315M->9M(512M) 1.183ms
[2025-06-03T15:44:28.349+0530][31.106s] GC(163) User=0.00s Sys=0.00s Real=0.00s
[2025-06-03T15:44:28.505+0530][31.262s] GC(164) Pause Young (Normal) (G1 Evacuation Pause)
[2025-06-03T15:44:28.505+0530][31.262s] GC(164) Using 8 workers of 8 for evacuation
[2025-06-03T15:44:28.506+0530][31.263s] GC(164) Skipped phase 1 of Reference Processing: no references
[2025-06-03T15:44:28.506+0530][31.263s] GC(164) Skipped phase 2 of Reference Processing: no references
[2025-06-03T15:44:28.506+0530][31.263s] GC(164) Skipped phase 3 of Reference Processing: no references
[2025-06-03T15:44:28.506+0530][31.263s] GC(164) Skipped phase 4 of Reference Processing: no references
[2025-06-03T15:44:28.506+0530][31.264s] GC(164)   Pre Evacuate Collection Set: 0.1ms
[2025-06-03T15:44:28.507+0530][31.264s] GC(164)   Merge Heap Roots: 0.1ms
[2025-06-03T15:44:28.507+0530][31.264s] GC(164)   Evacuate Collection Set: 0.3ms
[2025-06-03T15:44:28.507+0530][31.264s] GC(164)   Post Evacuate Collection Set: 0.5ms
[2025-06-03T15:44:28.507+0530][31.264s] GC(164)   Other: 0.3ms
[2025-06-03T15:44:28.507+0530][31.264s] GC(164) Eden regions: 306->0(306)
[2025-06-03T15:44:28.507+0530][31.264s] GC(164) Survivor regions: 1->1(39)
[2025-06-03T15:44:28.507+0530][31.264s] GC(164) Old regions: 9->9
[2025-06-03T15:44:28.507+0530][31.264s] GC(164) Archive regions: 2->2
[2025-06-03T15:44:28.507+0530][31.264s] GC(164) Humongous regions: 0->0
[2025-06-03T15:44:28.507+0530][31.264s] GC(164) Metaspace: 20235K(20736K)->20235K(20736K) NonClass: 17650K(17920K)->17650K(17920K) Class: 2584K(2816K)->2584K(2816K)
[2025-06-03T15:44:28.507+0530][31.264s] GC(164) Pause Young (Normal) (G1 Evacuation Pause) 315M->9M(512M) 1.509ms
[2025-06-03T15:44:28.507+0530][31.264s] GC(164) User=0.01s Sys=0.00s Real=0.00s
[2025-06-03T15:44:28.667+0530][31.425s] GC(165) Pause Young (Normal) (G1 Evacuation Pause)
[2025-06-03T15:44:28.668+0530][31.425s] GC(165) Using 8 workers of 8 for evacuation
[2025-06-03T15:44:28.668+0530][31.425s] GC(165) Skipped phase 1 of Reference Processing: no references
[2025-06-03T15:44:28.668+0530][31.425s] GC(165) Skipped phase 2 of Reference Processing: no references
[2025-06-03T15:44:28.668+0530][31.425s] GC(165) Skipped phase 3 of Reference Processing: no references
[2025-06-03T15:44:28.668+0530][31.425s] GC(165) Skipped phase 4 of Reference Processing: no references
[2025-06-03T15:44:28.669+0530][31.426s] GC(165)   Pre Evacuate Collection Set: 0.1ms
[2025-06-03T15:44:28.669+0530][31.426s] GC(165)   Merge Heap Roots: 0.1ms
[2025-06-03T15:44:28.669+0530][31.426s] GC(165)   Evacuate Collection Set: 0.2ms
[2025-06-03T15:44:28.669+0530][31.426s] GC(165)   Post Evacuate Collection Set: 0.5ms
[2025-06-03T15:44:28.669+0530][31.426s] GC(165)   Other: 0.2ms
[2025-06-03T15:44:28.669+0530][31.426s] GC(165) Eden regions: 306->0(306)
[2025-06-03T15:44:28.669+0530][31.426s] GC(165) Survivor regions: 1->1(39)
[2025-06-03T15:44:28.669+0530][31.426s] GC(165) Old regions: 9->9
[2025-06-03T15:44:28.669+0530][31.426s] GC(165) Archive regions: 2->2
[2025-06-03T15:44:28.669+0530][31.426s] GC(165) Humongous regions: 0->0
[2025-06-03T15:44:28.669+0530][31.426s] GC(165) Metaspace: 20235K(20736K)->20235K(20736K) NonClass: 17650K(17920K)->17650K(17920K) Class: 2584K(2816K)->2584K(2816K)
[2025-06-03T15:44:28.669+0530][31.426s] GC(165) Pause Young (Normal) (G1 Evacuation Pause) 315M->9M(512M) 1.244ms
[2025-06-03T15:44:28.669+0530][31.426s] GC(165) User=0.00s Sys=0.00s Real=0.00s
[2025-06-03T15:44:28.832+0530][31.590s] GC(166) Pause Young (Normal) (G1 Evacuation Pause)
[2025-06-03T15:44:28.832+0530][31.590s] GC(166) Using 8 workers of 8 for evacuation
[2025-06-03T15:44:28.833+0530][31.590s] GC(166) Skipped phase 1 of Reference Processing: no references
[2025-06-03T15:44:28.833+0530][31.590s] GC(166) Skipped phase 2 of Reference Processing: no references
[2025-06-03T15:44:28.833+0530][31.590s] GC(166) Skipped phase 3 of Reference Processing: no references
[2025-06-03T15:44:28.833+0530][31.590s] GC(166) Skipped phase 4 of Reference Processing: no references
[2025-06-03T15:44:28.833+0530][31.591s] GC(166)   Pre Evacuate Collection Set: 0.1ms
[2025-06-03T15:44:28.833+0530][31.591s] GC(166)   Merge Heap Roots: 0.1ms
[2025-06-03T15:44:28.833+0530][31.591s] GC(166)   Evacuate Collection Set: 0.3ms
[2025-06-03T15:44:28.834+0530][31.591s] GC(166)   Post Evacuate Collection Set: 0.5ms
[2025-06-03T15:44:28.834+0530][31.591s] GC(166)   Other: 0.2ms
[2025-06-03T15:44:28.834+0530][31.591s] GC(166) Eden regions: 306->0(306)
[2025-06-03T15:44:28.834+0530][31.591s] GC(166) Survivor regions: 1->1(39)
[2025-06-03T15:44:28.834+0530][31.591s] GC(166) Old regions: 9->9
[2025-06-03T15:44:28.834+0530][31.591s] GC(166) Archive regions: 2->2
[2025-06-03T15:44:28.834+0530][31.591s] GC(166) Humongous regions: 0->0
[2025-06-03T15:44:28.834+0530][31.591s] GC(166) Metaspace: 20235K(20736K)->20235K(20736K) NonClass: 17650K(17920K)->17650K(17920K) Class: 2584K(2816K)->2584K(2816K)
[2025-06-03T15:44:28.834+0530][31.591s] GC(166) Pause Young (Normal) (G1 Evacuation Pause) 315M->9M(512M) 1.326ms
[2025-06-03T15:44:28.834+0530][31.591s] GC(166) User=0.00s Sys=0.00s Real=0.00s
[2025-06-03T15:44:28.990+0530][31.747s] GC(167) Pause Young (Normal) (G1 Evacuation Pause)
[2025-06-03T15:44:28.990+0530][31.747s] GC(167) Using 8 workers of 8 for evacuation
[2025-06-03T15:44:28.991+0530][31.748s] GC(167) Skipped phase 1 of Reference Processing: no references
[2025-06-03T15:44:28.991+0530][31.748s] GC(167) Skipped phase 2 of Reference Processing: no references
[2025-06-03T15:44:28.991+0530][31.748s] GC(167) Skipped phase 3 of Reference Processing: no references
[2025-06-03T15:44:28.991+0530][31.748s] GC(167) Skipped phase 4 of Reference Processing: no references
[2025-06-03T15:44:28.991+0530][31.748s] GC(167)   Pre Evacuate Collection Set: 0.1ms
[2025-06-03T15:44:28.991+0530][31.748s] GC(167)   Merge Heap Roots: 0.1ms
[2025-06-03T15:44:28.991+0530][31.749s] GC(167)   Evacuate Collection Set: 0.3ms
[2025-06-03T15:44:28.991+0530][31.749s] GC(167)   Post Evacuate Collection Set: 0.5ms
[2025-06-03T15:44:28.991+0530][31.749s] GC(167)   Other: 0.2ms
[2025-06-03T15:44:28.991+0530][31.749s] GC(167) Eden regions: 306->0(306)
[2025-06-03T15:44:28.991+0530][31.749s] GC(167) Survivor regions: 1->1(39)
[2025-06-03T15:44:28.991+0530][31.749s] GC(167) Old regions: 9->9
[2025-06-03T15:44:28.991+0530][31.749s] GC(167) Archive regions: 2->2
[2025-06-03T15:44:28.991+0530][31.749s] GC(167) Humongous regions: 0->0
[2025-06-03T15:44:28.991+0530][31.749s] GC(167) Metaspace: 20239K(20736K)->20239K(20736K) NonClass: 17655K(17920K)->17655K(17920K) Class: 2584K(2816K)->2584K(2816K)
[2025-06-03T15:44:28.991+0530][31.749s] GC(167) Pause Young (Normal) (G1 Evacuation Pause) 315M->9M(512M) 1.262ms
[2025-06-03T15:44:28.992+0530][31.749s] GC(167) User=0.00s Sys=0.00s Real=0.00s
[2025-06-03T15:44:29.136+0530][31.893s] GC(168) Pause Young (Normal) (G1 Evacuation Pause)
[2025-06-03T15:44:29.136+0530][31.893s] GC(168) Using 8 workers of 8 for evacuation
[2025-06-03T15:44:29.137+0530][31.894s] GC(168) Skipped phase 1 of Reference Processing: no references
[2025-06-03T15:44:29.137+0530][31.894s] GC(168) Skipped phase 2 of Reference Processing: no references
[2025-06-03T15:44:29.137+0530][31.894s] GC(168) Skipped phase 3 of Reference Processing: no references
[2025-06-03T15:44:29.137+0530][31.894s] GC(168) Skipped phase 4 of Reference Processing: no references
[2025-06-03T15:44:29.137+0530][31.894s] GC(168)   Pre Evacuate Collection Set: 0.1ms
[2025-06-03T15:44:29.137+0530][31.894s] GC(168)   Merge Heap Roots: 0.1ms
[2025-06-03T15:44:29.137+0530][31.894s] GC(168)   Evacuate Collection Set: 0.2ms
[2025-06-03T15:44:29.137+0530][31.895s] GC(168)   Post Evacuate Collection Set: 0.5ms
[2025-06-03T15:44:29.137+0530][31.895s] GC(168)   Other: 0.2ms
[2025-06-03T15:44:29.137+0530][31.895s] GC(168) Eden regions: 306->0(306)
[2025-06-03T15:44:29.137+0530][31.895s] GC(168) Survivor regions: 1->1(39)
[2025-06-03T15:44:29.137+0530][31.895s] GC(168) Old regions: 9->9
[2025-06-03T15:44:29.137+0530][31.895s] GC(168) Archive regions: 2->2
[2025-06-03T15:44:29.137+0530][31.895s] GC(168) Humongous regions: 0->0
[2025-06-03T15:44:29.137+0530][31.895s] GC(168) Metaspace: 20239K(20736K)->20239K(20736K) NonClass: 17655K(17920K)->17655K(17920K) Class: 2584K(2816K)->2584K(2816K)
[2025-06-03T15:44:29.137+0530][31.895s] GC(168) Pause Young (Normal) (G1 Evacuation Pause) 315M->9M(512M) 1.216ms
[2025-06-03T15:44:29.138+0530][31.895s] GC(168) User=0.00s Sys=0.00s Real=0.00s
[2025-06-03T15:44:29.306+0530][32.063s] GC(169) Pause Young (Normal) (G1 Evacuation Pause)
[2025-06-03T15:44:29.306+0530][32.063s] GC(169) Using 8 workers of 8 for evacuation
[2025-06-03T15:44:29.307+0530][32.065s] GC(169) Skipped phase 1 of Reference Processing: no references
[2025-06-03T15:44:29.307+0530][32.065s] GC(169) Skipped phase 2 of Reference Processing: no references
[2025-06-03T15:44:29.307+0530][32.065s] GC(169) Skipped phase 3 of Reference Processing: no references
[2025-06-03T15:44:29.308+0530][32.065s] GC(169) Skipped phase 4 of Reference Processing: no references
[2025-06-03T15:44:29.308+0530][32.065s] GC(169)   Pre Evacuate Collection Set: 0.1ms
[2025-06-03T15:44:29.308+0530][32.065s] GC(169)   Merge Heap Roots: 0.1ms
[2025-06-03T15:44:29.308+0530][32.065s] GC(169)   Evacuate Collection Set: 0.2ms
[2025-06-03T15:44:29.308+0530][32.065s] GC(169)   Post Evacuate Collection Set: 0.5ms
[2025-06-03T15:44:29.308+0530][32.065s] GC(169)   Other: 1.2ms
[2025-06-03T15:44:29.308+0530][32.065s] GC(169) Eden regions: 306->0(306)
[2025-06-03T15:44:29.308+0530][32.065s] GC(169) Survivor regions: 1->1(39)
[2025-06-03T15:44:29.308+0530][32.065s] GC(169) Old regions: 9->9
[2025-06-03T15:44:29.308+0530][32.065s] GC(169) Archive regions: 2->2
[2025-06-03T15:44:29.308+0530][32.065s] GC(169) Humongous regions: 0->0
[2025-06-03T15:44:29.308+0530][32.065s] GC(169) Metaspace: 20239K(20736K)->20239K(20736K) NonClass: 17655K(17920K)->17655K(17920K) Class: 2584K(2816K)->2584K(2816K)
[2025-06-03T15:44:29.308+0530][32.065s] GC(169) Pause Young (Normal) (G1 Evacuation Pause) 315M->9M(512M) 2.207ms
[2025-06-03T15:44:29.308+0530][32.065s] GC(169) User=0.00s Sys=0.00s Real=0.00s
[2025-06-03T15:44:29.546+0530][32.303s] GC(170) Pause Young (Normal) (G1 Evacuation Pause)
[2025-06-03T15:44:29.546+0530][32.303s] GC(170) Using 8 workers of 8 for evacuation
[2025-06-03T15:44:29.547+0530][32.304s] GC(170) Skipped phase 1 of Reference Processing: no references
[2025-06-03T15:44:29.547+0530][32.304s] GC(170) Skipped phase 2 of Reference Processing: no references
[2025-06-03T15:44:29.547+0530][32.304s] GC(170) Skipped phase 3 of Reference Processing: no references
[2025-06-03T15:44:29.547+0530][32.304s] GC(170) Skipped phase 4 of Reference Processing: no references
[2025-06-03T15:44:29.547+0530][32.305s] GC(170)   Pre Evacuate Collection Set: 0.1ms
[2025-06-03T15:44:29.547+0530][32.305s] GC(170)   Merge Heap Roots: 0.1ms
[2025-06-03T15:44:29.547+0530][32.305s] GC(170)   Evacuate Collection Set: 0.3ms
[2025-06-03T15:44:29.547+0530][32.305s] GC(170)   Post Evacuate Collection Set: 0.5ms
[2025-06-03T15:44:29.547+0530][32.305s] GC(170)   Other: 0.2ms
[2025-06-03T15:44:29.547+0530][32.305s] GC(170) Eden regions: 306->0(306)
[2025-06-03T15:44:29.547+0530][32.305s] GC(170) Survivor regions: 1->1(39)
[2025-06-03T15:44:29.547+0530][32.305s] GC(170) Old regions: 9->9
[2025-06-03T15:44:29.547+0530][32.305s] GC(170) Archive regions: 2->2
[2025-06-03T15:44:29.548+0530][32.305s] GC(170) Humongous regions: 0->0
[2025-06-03T15:44:29.548+0530][32.305s] GC(170) Metaspace: 20239K(20736K)->20239K(20736K) NonClass: 17655K(17920K)->17655K(17920K) Class: 2584K(2816K)->2584K(2816K)
[2025-06-03T15:44:29.548+0530][32.305s] GC(170) Pause Young (Normal) (G1 Evacuation Pause) 315M->9M(512M) 1.319ms
[2025-06-03T15:44:29.548+0530][32.305s] GC(170) User=0.00s Sys=0.00s Real=0.00s
[2025-06-03T15:44:29.724+0530][32.481s] GC(171) Pause Young (Normal) (G1 Evacuation Pause)
[2025-06-03T15:44:29.724+0530][32.481s] GC(171) Using 8 workers of 8 for evacuation
[2025-06-03T15:44:29.725+0530][32.482s] GC(171) Skipped phase 1 of Reference Processing: no references
[2025-06-03T15:44:29.725+0530][32.482s] GC(171) Skipped phase 2 of Reference Processing: no references
[2025-06-03T15:44:29.725+0530][32.482s] GC(171) Skipped phase 3 of Reference Processing: no references
[2025-06-03T15:44:29.725+0530][32.482s] GC(171) Skipped phase 4 of Reference Processing: no references
[2025-06-03T15:44:29.725+0530][32.482s] GC(171)   Pre Evacuate Collection Set: 0.1ms
[2025-06-03T15:44:29.725+0530][32.482s] GC(171)   Merge Heap Roots: 0.1ms
[2025-06-03T15:44:29.725+0530][32.482s] GC(171)   Evacuate Collection Set: 0.2ms
[2025-06-03T15:44:29.725+0530][32.482s] GC(171)   Post Evacuate Collection Set: 0.5ms
[2025-06-03T15:44:29.725+0530][32.482s] GC(171)   Other: 0.2ms
[2025-06-03T15:44:29.725+0530][32.482s] GC(171) Eden regions: 306->0(306)
[2025-06-03T15:44:29.725+0530][32.482s] GC(171) Survivor regions: 1->1(39)
[2025-06-03T15:44:29.725+0530][32.482s] GC(171) Old regions: 9->9
[2025-06-03T15:44:29.725+0530][32.482s] GC(171) Archive regions: 2->2
[2025-06-03T15:44:29.725+0530][32.482s] GC(171) Humongous regions: 0->0
[2025-06-03T15:44:29.725+0530][32.482s] GC(171) Metaspace: 20239K(20736K)->20239K(20736K) NonClass: 17655K(17920K)->17655K(17920K) Class: 2584K(2816K)->2584K(2816K)
[2025-06-03T15:44:29.725+0530][32.482s] GC(171) Pause Young (Normal) (G1 Evacuation Pause) 315M->9M(512M) 1.229ms
[2025-06-03T15:44:29.725+0530][32.482s] GC(171) User=0.00s Sys=0.00s Real=0.00s
[2025-06-03T15:44:29.907+0530][32.664s] GC(172) Pause Young (Normal) (G1 Evacuation Pause)
[2025-06-03T15:44:29.907+0530][32.664s] GC(172) Using 8 workers of 8 for evacuation
[2025-06-03T15:44:29.908+0530][32.665s] GC(172) Skipped phase 1 of Reference Processing: no references
[2025-06-03T15:44:29.908+0530][32.665s] GC(172) Skipped phase 2 of Reference Processing: no references
[2025-06-03T15:44:29.908+0530][32.665s] GC(172) Skipped phase 3 of Reference Processing: no references
[2025-06-03T15:44:29.908+0530][32.665s] GC(172) Skipped phase 4 of Reference Processing: no references
[2025-06-03T15:44:29.908+0530][32.666s] GC(172)   Pre Evacuate Collection Set: 0.1ms
[2025-06-03T15:44:29.909+0530][32.666s] GC(172)   Merge Heap Roots: 0.1ms
[2025-06-03T15:44:29.909+0530][32.666s] GC(172)   Evacuate Collection Set: 0.3ms
[2025-06-03T15:44:29.909+0530][32.666s] GC(172)   Post Evacuate Collection Set: 0.6ms
[2025-06-03T15:44:29.909+0530][32.666s] GC(172)   Other: 0.3ms
[2025-06-03T15:44:29.909+0530][32.666s] GC(172) Eden regions: 306->0(306)
[2025-06-03T15:44:29.909+0530][32.666s] GC(172) Survivor regions: 1->1(39)
[2025-06-03T15:44:29.909+0530][32.666s] GC(172) Old regions: 9->9
[2025-06-03T15:44:29.909+0530][32.666s] GC(172) Archive regions: 2->2
[2025-06-03T15:44:29.909+0530][32.666s] GC(172) Humongous regions: 0->0
[2025-06-03T15:44:29.909+0530][32.666s] GC(172) Metaspace: 20240K(20736K)->20240K(20736K) NonClass: 17656K(17920K)->17656K(17920K) Class: 2584K(2816K)->2584K(2816K)
[2025-06-03T15:44:29.909+0530][32.666s] GC(172) Pause Young (Normal) (G1 Evacuation Pause) 315M->9M(512M) 1.692ms
[2025-06-03T15:44:29.909+0530][32.666s] GC(172) User=0.01s Sys=0.00s Real=0.00s
[2025-06-03T15:44:30.065+0530][32.822s] GC(173) Pause Young (Normal) (G1 Evacuation Pause)
[2025-06-03T15:44:30.065+0530][32.822s] GC(173) Using 8 workers of 8 for evacuation
[2025-06-03T15:44:30.065+0530][32.823s] GC(173) Skipped phase 1 of Reference Processing: no references
[2025-06-03T15:44:30.065+0530][32.823s] GC(173) Skipped phase 2 of Reference Processing: no references
[2025-06-03T15:44:30.065+0530][32.823s] GC(173) Skipped phase 3 of Reference Processing: no references
[2025-06-03T15:44:30.066+0530][32.823s] GC(173) Skipped phase 4 of Reference Processing: no references
[2025-06-03T15:44:30.066+0530][32.823s] GC(173)   Pre Evacuate Collection Set: 0.1ms
[2025-06-03T15:44:30.066+0530][32.823s] GC(173)   Merge Heap Roots: 0.1ms
[2025-06-03T15:44:30.066+0530][32.823s] GC(173)   Evacuate Collection Set: 0.4ms
[2025-06-03T15:44:30.066+0530][32.823s] GC(173)   Post Evacuate Collection Set: 0.6ms
[2025-06-03T15:44:30.066+0530][32.823s] GC(173)   Other: 0.2ms
[2025-06-03T15:44:30.066+0530][32.823s] GC(173) Eden regions: 306->0(306)
[2025-06-03T15:44:30.066+0530][32.823s] GC(173) Survivor regions: 1->1(39)
[2025-06-03T15:44:30.066+0530][32.823s] GC(173) Old regions: 9->9
[2025-06-03T15:44:30.066+0530][32.823s] GC(173) Archive regions: 2->2
[2025-06-03T15:44:30.066+0530][32.823s] GC(173) Humongous regions: 0->0
[2025-06-03T15:44:30.066+0530][32.823s] GC(173) Metaspace: 20240K(20736K)->20240K(20736K) NonClass: 17656K(17920K)->17656K(17920K) Class: 2584K(2816K)->2584K(2816K)
[2025-06-03T15:44:30.066+0530][32.824s] GC(173) Pause Young (Normal) (G1 Evacuation Pause) 315M->9M(512M) 1.793ms
[2025-06-03T15:44:30.066+0530][32.824s] GC(173) User=0.00s Sys=0.01s Real=0.00s
[2025-06-03T15:44:30.224+0530][32.981s] GC(174) Pause Young (Normal) (G1 Evacuation Pause)
[2025-06-03T15:44:30.224+0530][32.981s] GC(174) Using 8 workers of 8 for evacuation
[2025-06-03T15:44:30.224+0530][32.982s] GC(174) Skipped phase 1 of Reference Processing: no references
[2025-06-03T15:44:30.224+0530][32.982s] GC(174) Skipped phase 2 of Reference Processing: no references
[2025-06-03T15:44:30.224+0530][32.982s] GC(174) Skipped phase 3 of Reference Processing: no references
[2025-06-03T15:44:30.224+0530][32.982s] GC(174) Skipped phase 4 of Reference Processing: no references
[2025-06-03T15:44:30.225+0530][32.982s] GC(174)   Pre Evacuate Collection Set: 0.1ms
[2025-06-03T15:44:30.225+0530][32.982s] GC(174)   Merge Heap Roots: 0.1ms
[2025-06-03T15:44:30.225+0530][32.982s] GC(174)   Evacuate Collection Set: 0.2ms
[2025-06-03T15:44:30.225+0530][32.982s] GC(174)   Post Evacuate Collection Set: 0.5ms
[2025-06-03T15:44:30.225+0530][32.982s] GC(174)   Other: 0.2ms
[2025-06-03T15:44:30.225+0530][32.982s] GC(174) Eden regions: 306->0(306)
[2025-06-03T15:44:30.225+0530][32.982s] GC(174) Survivor regions: 1->1(39)
[2025-06-03T15:44:30.225+0530][32.982s] GC(174) Old regions: 9->9
[2025-06-03T15:44:30.225+0530][32.982s] GC(174) Archive regions: 2->2
[2025-06-03T15:44:30.225+0530][32.982s] GC(174) Humongous regions: 0->0
[2025-06-03T15:44:30.225+0530][32.982s] GC(174) Metaspace: 20240K(20736K)->20240K(20736K) NonClass: 17656K(17920K)->17656K(17920K) Class: 2584K(2816K)->2584K(2816K)
[2025-06-03T15:44:30.225+0530][32.982s] GC(174) Pause Young (Normal) (G1 Evacuation Pause) 315M->9M(512M) 1.268ms
[2025-06-03T15:44:30.225+0530][32.982s] GC(174) User=0.00s Sys=0.00s Real=0.00s
[2025-06-03T15:44:30.421+0530][33.178s] GC(175) Pause Young (Normal) (G1 Evacuation Pause)
[2025-06-03T15:44:30.421+0530][33.178s] GC(175) Using 8 workers of 8 for evacuation
[2025-06-03T15:44:30.421+0530][33.179s] GC(175) Skipped phase 1 of Reference Processing: no references
[2025-06-03T15:44:30.421+0530][33.179s] GC(175) Skipped phase 2 of Reference Processing: no references
[2025-06-03T15:44:30.421+0530][33.179s] GC(175) Skipped phase 3 of Reference Processing: no references
[2025-06-03T15:44:30.421+0530][33.179s] GC(175) Skipped phase 4 of Reference Processing: no references
[2025-06-03T15:44:30.422+0530][33.179s] GC(175)   Pre Evacuate Collection Set: 0.1ms
[2025-06-03T15:44:30.422+0530][33.179s] GC(175)   Merge Heap Roots: 0.1ms
[2025-06-03T15:44:30.422+0530][33.179s] GC(175)   Evacuate Collection Set: 0.4ms
[2025-06-03T15:44:30.422+0530][33.179s] GC(175)   Post Evacuate Collection Set: 0.7ms
[2025-06-03T15:44:30.422+0530][33.179s] GC(175)   Other: 0.3ms
[2025-06-03T15:44:30.422+0530][33.179s] GC(175) Eden regions: 306->0(306)
[2025-06-03T15:44:30.422+0530][33.179s] GC(175) Survivor regions: 1->1(39)
[2025-06-03T15:44:30.422+0530][33.179s] GC(175) Old regions: 9->9
[2025-06-03T15:44:30.422+0530][33.180s] GC(175) Archive regions: 2->2
[2025-06-03T15:44:30.422+0530][33.180s] GC(175) Humongous regions: 0->0
[2025-06-03T15:44:30.422+0530][33.180s] GC(175) Metaspace: 20240K(20736K)->20240K(20736K) NonClass: 17656K(17920K)->17656K(17920K) Class: 2584K(2816K)->2584K(2816K)
[2025-06-03T15:44:30.422+0530][33.180s] GC(175) Pause Young (Normal) (G1 Evacuation Pause) 315M->9M(512M) 1.895ms
[2025-06-03T15:44:30.422+0530][33.180s] GC(175) User=0.00s Sys=0.00s Real=0.00s
[2025-06-03T15:44:30.624+0530][33.381s] GC(176) Pause Young (Normal) (G1 Evacuation Pause)
[2025-06-03T15:44:30.624+0530][33.381s] GC(176) Using 8 workers of 8 for evacuation
[2025-06-03T15:44:30.624+0530][33.382s] GC(176) Skipped phase 1 of Reference Processing: no references
[2025-06-03T15:44:30.624+0530][33.382s] GC(176) Skipped phase 2 of Reference Processing: no references
[2025-06-03T15:44:30.625+0530][33.382s] GC(176) Skipped phase 3 of Reference Processing: no references
[2025-06-03T15:44:30.625+0530][33.382s] GC(176) Skipped phase 4 of Reference Processing: no references
[2025-06-03T15:44:30.625+0530][33.382s] GC(176)   Pre Evacuate Collection Set: 0.1ms
[2025-06-03T15:44:30.625+0530][33.382s] GC(176)   Merge Heap Roots: 0.1ms
[2025-06-03T15:44:30.625+0530][33.382s] GC(176)   Evacuate Collection Set: 0.2ms
[2025-06-03T15:44:30.625+0530][33.382s] GC(176)   Post Evacuate Collection Set: 0.6ms
[2025-06-03T15:44:30.625+0530][33.382s] GC(176)   Other: 0.3ms
[2025-06-03T15:44:30.625+0530][33.382s] GC(176) Eden regions: 306->0(306)
[2025-06-03T15:44:30.625+0530][33.382s] GC(176) Survivor regions: 1->1(39)
[2025-06-03T15:44:30.625+0530][33.382s] GC(176) Old regions: 9->9
[2025-06-03T15:44:30.625+0530][33.382s] GC(176) Archive regions: 2->2
[2025-06-03T15:44:30.625+0530][33.382s] GC(176) Humongous regions: 0->0
[2025-06-03T15:44:30.625+0530][33.382s] GC(176) Metaspace: 20240K(20736K)->20240K(20736K) NonClass: 17656K(17920K)->17656K(17920K) Class: 2584K(2816K)->2584K(2816K)
[2025-06-03T15:44:30.625+0530][33.382s] GC(176) Pause Young (Normal) (G1 Evacuation Pause) 315M->9M(512M) 1.423ms
[2025-06-03T15:44:30.625+0530][33.382s] GC(176) User=0.00s Sys=0.00s Real=0.00s
[2025-06-03T15:44:30.810+0530][33.567s] GC(177) Pause Young (Normal) (G1 Evacuation Pause)
[2025-06-03T15:44:30.810+0530][33.567s] GC(177) Using 8 workers of 8 for evacuation
[2025-06-03T15:44:30.811+0530][33.568s] GC(177) Skipped phase 1 of Reference Processing: no references
[2025-06-03T15:44:30.811+0530][33.568s] GC(177) Skipped phase 2 of Reference Processing: no references
[2025-06-03T15:44:30.811+0530][33.568s] GC(177) Skipped phase 3 of Reference Processing: no references
[2025-06-03T15:44:30.811+0530][33.568s] GC(177) Skipped phase 4 of Reference Processing: no references
[2025-06-03T15:44:30.812+0530][33.569s] GC(177)   Pre Evacuate Collection Set: 0.1ms
[2025-06-03T15:44:30.812+0530][33.569s] GC(177)   Merge Heap Roots: 0.1ms
[2025-06-03T15:44:30.812+0530][33.569s] GC(177)   Evacuate Collection Set: 0.5ms
[2025-06-03T15:44:30.812+0530][33.569s] GC(177)   Post Evacuate Collection Set: 0.8ms
[2025-06-03T15:44:30.812+0530][33.569s] GC(177)   Other: 0.2ms
[2025-06-03T15:44:30.812+0530][33.569s] GC(177) Eden regions: 306->0(306)
[2025-06-03T15:44:30.812+0530][33.569s] GC(177) Survivor regions: 1->1(39)
[2025-06-03T15:44:30.812+0530][33.569s] GC(177) Old regions: 9->9
[2025-06-03T15:44:30.812+0530][33.569s] GC(177) Archive regions: 2->2
[2025-06-03T15:44:30.812+0530][33.569s] GC(177) Humongous regions: 0->0
[2025-06-03T15:44:30.812+0530][33.569s] GC(177) Metaspace: 20240K(20736K)->20240K(20736K) NonClass: 17656K(17920K)->17656K(17920K) Class: 2584K(2816K)->2584K(2816K)
[2025-06-03T15:44:30.812+0530][33.569s] GC(177) Pause Young (Normal) (G1 Evacuation Pause) 315M->9M(512M) 1.911ms
[2025-06-03T15:44:30.812+0530][33.569s] GC(177) User=0.00s Sys=0.00s Real=0.00s
[2025-06-03T15:44:31.023+0530][33.780s] GC(178) Pause Young (Normal) (G1 Evacuation Pause)
[2025-06-03T15:44:31.023+0530][33.780s] GC(178) Using 8 workers of 8 for evacuation
[2025-06-03T15:44:31.023+0530][33.781s] GC(178) Skipped phase 1 of Reference Processing: no references
[2025-06-03T15:44:31.023+0530][33.781s] GC(178) Skipped phase 2 of Reference Processing: no references
[2025-06-03T15:44:31.023+0530][33.781s] GC(178) Skipped phase 3 of Reference Processing: no references
[2025-06-03T15:44:31.024+0530][33.781s] GC(178) Skipped phase 4 of Reference Processing: no references
[2025-06-03T15:44:31.024+0530][33.781s] GC(178)   Pre Evacuate Collection Set: 0.1ms
[2025-06-03T15:44:31.024+0530][33.781s] GC(178)   Merge Heap Roots: 0.1ms
[2025-06-03T15:44:31.024+0530][33.781s] GC(178)   Evacuate Collection Set: 0.4ms
[2025-06-03T15:44:31.024+0530][33.781s] GC(178)   Post Evacuate Collection Set: 0.5ms
[2025-06-03T15:44:31.024+0530][33.781s] GC(178)   Other: 0.2ms
[2025-06-03T15:44:31.024+0530][33.781s] GC(178) Eden regions: 306->0(306)
[2025-06-03T15:44:31.024+0530][33.781s] GC(178) Survivor regions: 1->1(39)
[2025-06-03T15:44:31.024+0530][33.782s] GC(178) Old regions: 9->9
[2025-06-03T15:44:31.024+0530][33.782s] GC(178) Archive regions: 2->2
[2025-06-03T15:44:31.024+0530][33.782s] GC(178) Humongous regions: 0->0
[2025-06-03T15:44:31.024+0530][33.782s] GC(178) Metaspace: 20247K(20736K)->20247K(20736K) NonClass: 17662K(17920K)->17662K(17920K) Class: 2584K(2816K)->2584K(2816K)
[2025-06-03T15:44:31.024+0530][33.782s] GC(178) Pause Young (Normal) (G1 Evacuation Pause) 315M->9M(512M) 1.660ms
[2025-06-03T15:44:31.024+0530][33.782s] GC(178) User=0.00s Sys=0.00s Real=0.00s
[2025-06-03T15:44:31.218+0530][33.975s] GC(179) Pause Young (Normal) (G1 Evacuation Pause)
[2025-06-03T15:44:31.218+0530][33.975s] GC(179) Using 8 workers of 8 for evacuation
[2025-06-03T15:44:31.218+0530][33.976s] GC(179) Skipped phase 1 of Reference Processing: no references
[2025-06-03T15:44:31.218+0530][33.976s] GC(179) Skipped phase 2 of Reference Processing: no references
[2025-06-03T15:44:31.218+0530][33.976s] GC(179) Skipped phase 3 of Reference Processing: no references
[2025-06-03T15:44:31.218+0530][33.976s] GC(179) Skipped phase 4 of Reference Processing: no references
[2025-06-03T15:44:31.219+0530][33.976s] GC(179)   Pre Evacuate Collection Set: 0.1ms
[2025-06-03T15:44:31.219+0530][33.976s] GC(179)   Merge Heap Roots: 0.1ms
[2025-06-03T15:44:31.219+0530][33.976s] GC(179)   Evacuate Collection Set: 0.3ms
[2025-06-03T15:44:31.219+0530][33.976s] GC(179)   Post Evacuate Collection Set: 0.6ms
[2025-06-03T15:44:31.219+0530][33.976s] GC(179)   Other: 0.2ms
[2025-06-03T15:44:31.219+0530][33.976s] GC(179) Eden regions: 306->0(306)
[2025-06-03T15:44:31.219+0530][33.976s] GC(179) Survivor regions: 1->1(39)
[2025-06-03T15:44:31.219+0530][33.976s] GC(179) Old regions: 9->9
[2025-06-03T15:44:31.219+0530][33.976s] GC(179) Archive regions: 2->2
[2025-06-03T15:44:31.219+0530][33.976s] GC(179) Humongous regions: 0->0
[2025-06-03T15:44:31.219+0530][33.976s] GC(179) Metaspace: 20247K(20736K)->20247K(20736K) NonClass: 17662K(17920K)->17662K(17920K) Class: 2584K(2816K)->2584K(2816K)
[2025-06-03T15:44:31.219+0530][33.976s] GC(179) Pause Young (Normal) (G1 Evacuation Pause) 315M->9M(512M) 1.442ms
[2025-06-03T15:44:31.219+0530][33.977s] GC(179) User=0.00s Sys=0.00s Real=0.00s
[2025-06-03T15:44:31.496+0530][34.253s] GC(180) Pause Young (Normal) (G1 Evacuation Pause)
[2025-06-03T15:44:31.496+0530][34.253s] GC(180) Using 8 workers of 8 for evacuation
[2025-06-03T15:44:31.497+0530][34.254s] GC(180) Skipped phase 1 of Reference Processing: no references
[2025-06-03T15:44:31.497+0530][34.254s] GC(180) Skipped phase 2 of Reference Processing: no references
[2025-06-03T15:44:31.497+0530][34.254s] GC(180) Skipped phase 3 of Reference Processing: no references
[2025-06-03T15:44:31.497+0530][34.254s] GC(180) Skipped phase 4 of Reference Processing: no references
[2025-06-03T15:44:31.497+0530][34.254s] GC(180)   Pre Evacuate Collection Set: 0.1ms
[2025-06-03T15:44:31.497+0530][34.254s] GC(180)   Merge Heap Roots: 0.1ms
[2025-06-03T15:44:31.497+0530][34.254s] GC(180)   Evacuate Collection Set: 0.2ms
[2025-06-03T15:44:31.497+0530][34.254s] GC(180)   Post Evacuate Collection Set: 0.4ms
[2025-06-03T15:44:31.497+0530][34.254s] GC(180)   Other: 0.2ms
[2025-06-03T15:44:31.497+0530][34.254s] GC(180) Eden regions: 306->0(306)
[2025-06-03T15:44:31.497+0530][34.254s] GC(180) Survivor regions: 1->1(39)
[2025-06-03T15:44:31.497+0530][34.254s] GC(180) Old regions: 9->9
[2025-06-03T15:44:31.497+0530][34.254s] GC(180) Archive regions: 2->2
[2025-06-03T15:44:31.497+0530][34.254s] GC(180) Humongous regions: 0->0
[2025-06-03T15:44:31.497+0530][34.254s] GC(180) Metaspace: 20247K(20736K)->20247K(20736K) NonClass: 17662K(17920K)->17662K(17920K) Class: 2584K(2816K)->2584K(2816K)
[2025-06-03T15:44:31.497+0530][34.255s] GC(180) Pause Young (Normal) (G1 Evacuation Pause) 315M->9M(512M) 1.163ms
[2025-06-03T15:44:31.497+0530][34.255s] GC(180) User=0.00s Sys=0.00s Real=0.00s
[2025-06-03T15:44:31.700+0530][34.457s] GC(181) Pause Young (Normal) (G1 Evacuation Pause)
[2025-06-03T15:44:31.700+0530][34.457s] GC(181) Using 8 workers of 8 for evacuation
[2025-06-03T15:44:31.700+0530][34.457s] GC(181) Skipped phase 1 of Reference Processing: no references
[2025-06-03T15:44:31.700+0530][34.457s] GC(181) Skipped phase 2 of Reference Processing: no references
[2025-06-03T15:44:31.700+0530][34.458s] GC(181) Skipped phase 3 of Reference Processing: no references
[2025-06-03T15:44:31.700+0530][34.458s] GC(181) Skipped phase 4 of Reference Processing: no references
[2025-06-03T15:44:31.701+0530][34.458s] GC(181)   Pre Evacuate Collection Set: 0.1ms
[2025-06-03T15:44:31.701+0530][34.458s] GC(181)   Merge Heap Roots: 0.1ms
[2025-06-03T15:44:31.701+0530][34.458s] GC(181)   Evacuate Collection Set: 0.2ms
[2025-06-03T15:44:31.701+0530][34.458s] GC(181)   Post Evacuate Collection Set: 0.5ms
[2025-06-03T15:44:31.701+0530][34.458s] GC(181)   Other: 0.2ms
[2025-06-03T15:44:31.701+0530][34.458s] GC(181) Eden regions: 306->0(306)
[2025-06-03T15:44:31.701+0530][34.458s] GC(181) Survivor regions: 1->1(39)
[2025-06-03T15:44:31.701+0530][34.458s] GC(181) Old regions: 9->9
[2025-06-03T15:44:31.701+0530][34.458s] GC(181) Archive regions: 2->2
[2025-06-03T15:44:31.701+0530][34.458s] GC(181) Humongous regions: 0->0
[2025-06-03T15:44:31.701+0530][34.458s] GC(181) Metaspace: 20247K(20736K)->20247K(20736K) NonClass: 17662K(17920K)->17662K(17920K) Class: 2584K(2816K)->2584K(2816K)
[2025-06-03T15:44:31.701+0530][34.458s] GC(181) Pause Young (Normal) (G1 Evacuation Pause) 315M->9M(512M) 1.368ms
[2025-06-03T15:44:31.701+0530][34.458s] GC(181) User=0.00s Sys=0.00s Real=0.00s
[2025-06-03T15:44:31.864+0530][34.621s] GC(182) Pause Young (Normal) (G1 Evacuation Pause)
[2025-06-03T15:44:31.864+0530][34.621s] GC(182) Using 8 workers of 8 for evacuation
[2025-06-03T15:44:31.864+0530][34.622s] GC(182) Skipped phase 1 of Reference Processing: no references
[2025-06-03T15:44:31.865+0530][34.622s] GC(182) Skipped phase 2 of Reference Processing: no references
[2025-06-03T15:44:31.865+0530][34.622s] GC(182) Skipped phase 3 of Reference Processing: no references
[2025-06-03T15:44:31.865+0530][34.622s] GC(182) Skipped phase 4 of Reference Processing: no references
[2025-06-03T15:44:31.865+0530][34.622s] GC(182)   Pre Evacuate Collection Set: 0.1ms
[2025-06-03T15:44:31.865+0530][34.622s] GC(182)   Merge Heap Roots: 0.1ms
[2025-06-03T15:44:31.865+0530][34.622s] GC(182)   Evacuate Collection Set: 0.2ms
[2025-06-03T15:44:31.865+0530][34.622s] GC(182)   Post Evacuate Collection Set: 0.6ms
[2025-06-03T15:44:31.865+0530][34.622s] GC(182)   Other: 0.2ms
[2025-06-03T15:44:31.865+0530][34.622s] GC(182) Eden regions: 306->0(306)
[2025-06-03T15:44:31.865+0530][34.623s] GC(182) Survivor regions: 1->1(39)
[2025-06-03T15:44:31.865+0530][34.623s] GC(182) Old regions: 9->9
[2025-06-03T15:44:31.865+0530][34.623s] GC(182) Archive regions: 2->2
[2025-06-03T15:44:31.865+0530][34.623s] GC(182) Humongous regions: 0->0
[2025-06-03T15:44:31.865+0530][34.623s] GC(182) Metaspace: 20255K(20736K)->20255K(20736K) NonClass: 17670K(17920K)->17670K(17920K) Class: 2584K(2816K)->2584K(2816K)
[2025-06-03T15:44:31.865+0530][34.623s] GC(182) Pause Young (Normal) (G1 Evacuation Pause) 315M->9M(512M) 1.396ms
[2025-06-03T15:44:31.865+0530][34.623s] GC(182) User=0.00s Sys=0.00s Real=0.00s
[2025-06-03T15:44:32.047+0530][34.804s] GC(183) Pause Young (Normal) (G1 Evacuation Pause)
[2025-06-03T15:44:32.047+0530][34.804s] GC(183) Using 8 workers of 8 for evacuation
[2025-06-03T15:44:32.047+0530][34.805s] GC(183) Skipped phase 1 of Reference Processing: no references
[2025-06-03T15:44:32.048+0530][34.805s] GC(183) Skipped phase 2 of Reference Processing: no references
[2025-06-03T15:44:32.048+0530][34.805s] GC(183) Skipped phase 3 of Reference Processing: no references
[2025-06-03T15:44:32.048+0530][34.805s] GC(183) Skipped phase 4 of Reference Processing: no references
[2025-06-03T15:44:32.048+0530][34.805s] GC(183)   Pre Evacuate Collection Set: 0.1ms
[2025-06-03T15:44:32.048+0530][34.805s] GC(183)   Merge Heap Roots: 0.1ms
[2025-06-03T15:44:32.048+0530][34.805s] GC(183)   Evacuate Collection Set: 0.3ms
[2025-06-03T15:44:32.048+0530][34.805s] GC(183)   Post Evacuate Collection Set: 0.5ms
[2025-06-03T15:44:32.048+0530][34.806s] GC(183)   Other: 0.2ms
[2025-06-03T15:44:32.048+0530][34.806s] GC(183) Eden regions: 306->0(306)
[2025-06-03T15:44:32.048+0530][34.806s] GC(183) Survivor regions: 1->1(39)
[2025-06-03T15:44:32.048+0530][34.806s] GC(183) Old regions: 9->9
[2025-06-03T15:44:32.048+0530][34.806s] GC(183) Archive regions: 2->2
[2025-06-03T15:44:32.048+0530][34.806s] GC(183) Humongous regions: 0->0
[2025-06-03T15:44:32.048+0530][34.806s] GC(183) Metaspace: 20261K(20736K)->20261K(20736K) NonClass: 17677K(17920K)->17677K(17920K) Class: 2584K(2816K)->2584K(2816K)
[2025-06-03T15:44:32.048+0530][34.806s] GC(183) Pause Young (Normal) (G1 Evacuation Pause) 315M->9M(512M) 1.492ms
[2025-06-03T15:44:32.048+0530][34.806s] GC(183) User=0.01s Sys=0.01s Real=0.00s
[2025-06-03T15:44:32.224+0530][34.981s] GC(184) Pause Young (Normal) (G1 Evacuation Pause)
[2025-06-03T15:44:32.224+0530][34.981s] GC(184) Using 8 workers of 8 for evacuation
[2025-06-03T15:44:32.224+0530][34.982s] GC(184) Skipped phase 1 of Reference Processing: no references
[2025-06-03T15:44:32.224+0530][34.982s] GC(184) Skipped phase 2 of Reference Processing: no references
[2025-06-03T15:44:32.224+0530][34.982s] GC(184) Skipped phase 3 of Reference Processing: no references
[2025-06-03T15:44:32.224+0530][34.982s] GC(184) Skipped phase 4 of Reference Processing: no references
[2025-06-03T15:44:32.225+0530][34.982s] GC(184)   Pre Evacuate Collection Set: 0.1ms
[2025-06-03T15:44:32.225+0530][34.982s] GC(184)   Merge Heap Roots: 0.1ms
[2025-06-03T15:44:32.225+0530][34.982s] GC(184)   Evacuate Collection Set: 0.2ms
[2025-06-03T15:44:32.225+0530][34.982s] GC(184)   Post Evacuate Collection Set: 0.4ms
[2025-06-03T15:44:32.225+0530][34.982s] GC(184)   Other: 0.2ms
[2025-06-03T15:44:32.225+0530][34.982s] GC(184) Eden regions: 306->0(306)
[2025-06-03T15:44:32.225+0530][34.982s] GC(184) Survivor regions: 1->1(39)
[2025-06-03T15:44:32.225+0530][34.982s] GC(184) Old regions: 9->9
[2025-06-03T15:44:32.225+0530][34.982s] GC(184) Archive regions: 2->2
[2025-06-03T15:44:32.225+0530][34.982s] GC(184) Humongous regions: 0->0
[2025-06-03T15:44:32.225+0530][34.982s] GC(184) Metaspace: 20261K(20736K)->20261K(20736K) NonClass: 17677K(17920K)->17677K(17920K) Class: 2584K(2816K)->2584K(2816K)
[2025-06-03T15:44:32.225+0530][34.982s] GC(184) Pause Young (Normal) (G1 Evacuation Pause) 315M->9M(512M) 1.187ms
[2025-06-03T15:44:32.225+0530][34.982s] GC(184) User=0.01s Sys=0.00s Real=0.00s
[2025-06-03T15:44:32.374+0530][35.131s] GC(185) Pause Young (Normal) (G1 Evacuation Pause)
[2025-06-03T15:44:32.374+0530][35.132s] GC(185) Using 8 workers of 8 for evacuation
[2025-06-03T15:44:32.375+0530][35.132s] GC(185) Skipped phase 1 of Reference Processing: no references
[2025-06-03T15:44:32.375+0530][35.132s] GC(185) Skipped phase 2 of Reference Processing: no references
[2025-06-03T15:44:32.375+0530][35.132s] GC(185) Skipped phase 3 of Reference Processing: no references
[2025-06-03T15:44:32.375+0530][35.132s] GC(185) Skipped phase 4 of Reference Processing: no references
[2025-06-03T15:44:32.375+0530][35.132s] GC(185)   Pre Evacuate Collection Set: 0.1ms
[2025-06-03T15:44:32.375+0530][35.133s] GC(185)   Merge Heap Roots: 0.1ms
[2025-06-03T15:44:32.375+0530][35.133s] GC(185)   Evacuate Collection Set: 0.2ms
[2025-06-03T15:44:32.375+0530][35.133s] GC(185)   Post Evacuate Collection Set: 0.5ms
[2025-06-03T15:44:32.375+0530][35.133s] GC(185)   Other: 0.2ms
[2025-06-03T15:44:32.375+0530][35.133s] GC(185) Eden regions: 306->0(306)
[2025-06-03T15:44:32.375+0530][35.133s] GC(185) Survivor regions: 1->1(39)
[2025-06-03T15:44:32.375+0530][35.133s] GC(185) Old regions: 9->9
[2025-06-03T15:44:32.375+0530][35.133s] GC(185) Archive regions: 2->2
[2025-06-03T15:44:32.375+0530][35.133s] GC(185) Humongous regions: 0->0
[2025-06-03T15:44:32.375+0530][35.133s] GC(185) Metaspace: 20261K(20736K)->20261K(20736K) NonClass: 17677K(17920K)->17677K(17920K) Class: 2584K(2816K)->2584K(2816K)
[2025-06-03T15:44:32.376+0530][35.133s] GC(185) Pause Young (Normal) (G1 Evacuation Pause) 315M->9M(512M) 1.305ms
[2025-06-03T15:44:32.376+0530][35.133s] GC(185) User=0.00s Sys=0.00s Real=0.00s
[2025-06-03T15:44:32.526+0530][35.284s] GC(186) Pause Young (Normal) (G1 Evacuation Pause)
[2025-06-03T15:44:32.526+0530][35.284s] GC(186) Using 8 workers of 8 for evacuation
[2025-06-03T15:44:32.527+0530][35.284s] GC(186) Skipped phase 1 of Reference Processing: no references
[2025-06-03T15:44:32.527+0530][35.284s] GC(186) Skipped phase 2 of Reference Processing: no references
[2025-06-03T15:44:32.527+0530][35.284s] GC(186) Skipped phase 3 of Reference Processing: no references
[2025-06-03T15:44:32.527+0530][35.284s] GC(186) Skipped phase 4 of Reference Processing: no references
[2025-06-03T15:44:32.527+0530][35.285s] GC(186)   Pre Evacuate Collection Set: 0.1ms
[2025-06-03T15:44:32.527+0530][35.285s] GC(186)   Merge Heap Roots: 0.1ms
[2025-06-03T15:44:32.527+0530][35.285s] GC(186)   Evacuate Collection Set: 0.2ms
[2025-06-03T15:44:32.528+0530][35.285s] GC(186)   Post Evacuate Collection Set: 0.5ms
[2025-06-03T15:44:32.528+0530][35.285s] GC(186)   Other: 0.2ms
[2025-06-03T15:44:32.528+0530][35.285s] GC(186) Eden regions: 306->0(306)
[2025-06-03T15:44:32.528+0530][35.285s] GC(186) Survivor regions: 1->1(39)
[2025-06-03T15:44:32.528+0530][35.285s] GC(186) Old regions: 9->9
[2025-06-03T15:44:32.528+0530][35.285s] GC(186) Archive regions: 2->2
[2025-06-03T15:44:32.528+0530][35.285s] GC(186) Humongous regions: 0->0
[2025-06-03T15:44:32.528+0530][35.285s] GC(186) Metaspace: 20261K(20736K)->20261K(20736K) NonClass: 17677K(17920K)->17677K(17920K) Class: 2584K(2816K)->2584K(2816K)
[2025-06-03T15:44:32.528+0530][35.285s] GC(186) Pause Young (Normal) (G1 Evacuation Pause) 315M->9M(512M) 1.329ms
[2025-06-03T15:44:32.528+0530][35.285s] GC(186) User=0.00s Sys=0.00s Real=0.00s
[2025-06-03T15:44:32.675+0530][35.432s] GC(187) Pause Young (Normal) (G1 Evacuation Pause)
[2025-06-03T15:44:32.675+0530][35.432s] GC(187) Using 8 workers of 8 for evacuation
[2025-06-03T15:44:32.675+0530][35.432s] GC(187) Skipped phase 1 of Reference Processing: no references
[2025-06-03T15:44:32.675+0530][35.433s] GC(187) Skipped phase 2 of Reference Processing: no references
[2025-06-03T15:44:32.675+0530][35.433s] GC(187) Skipped phase 3 of Reference Processing: no references
[2025-06-03T15:44:32.675+0530][35.433s] GC(187) Skipped phase 4 of Reference Processing: no references
[2025-06-03T15:44:32.676+0530][35.433s] GC(187)   Pre Evacuate Collection Set: 0.1ms
[2025-06-03T15:44:32.676+0530][35.433s] GC(187)   Merge Heap Roots: 0.1ms
[2025-06-03T15:44:32.676+0530][35.433s] GC(187)   Evacuate Collection Set: 0.2ms
[2025-06-03T15:44:32.676+0530][35.433s] GC(187)   Post Evacuate Collection Set: 0.5ms
[2025-06-03T15:44:32.676+0530][35.433s] GC(187)   Other: 0.2ms
[2025-06-03T15:44:32.676+0530][35.433s] GC(187) Eden regions: 306->0(306)
[2025-06-03T15:44:32.676+0530][35.433s] GC(187) Survivor regions: 1->1(39)
[2025-06-03T15:44:32.676+0530][35.433s] GC(187) Old regions: 9->9
[2025-06-03T15:44:32.676+0530][35.433s] GC(187) Archive regions: 2->2
[2025-06-03T15:44:32.676+0530][35.433s] GC(187) Humongous regions: 0->0
[2025-06-03T15:44:32.676+0530][35.433s] GC(187) Metaspace: 20261K(20736K)->20261K(20736K) NonClass: 17677K(17920K)->17677K(17920K) Class: 2584K(2816K)->2584K(2816K)
[2025-06-03T15:44:32.676+0530][35.433s] GC(187) Pause Young (Normal) (G1 Evacuation Pause) 315M->9M(512M) 1.264ms
[2025-06-03T15:44:32.676+0530][35.433s] GC(187) User=0.00s Sys=0.00s Real=0.00s
[2025-06-03T15:44:32.825+0530][35.582s] GC(188) Pause Young (Normal) (G1 Evacuation Pause)
[2025-06-03T15:44:32.825+0530][35.582s] GC(188) Using 8 workers of 8 for evacuation
[2025-06-03T15:44:32.825+0530][35.583s] GC(188) Skipped phase 1 of Reference Processing: no references
[2025-06-03T15:44:32.825+0530][35.583s] GC(188) Skipped phase 2 of Reference Processing: no references
[2025-06-03T15:44:32.825+0530][35.583s] GC(188) Skipped phase 3 of Reference Processing: no references
[2025-06-03T15:44:32.825+0530][35.583s] GC(188) Skipped phase 4 of Reference Processing: no references
[2025-06-03T15:44:32.826+0530][35.583s] GC(188)   Pre Evacuate Collection Set: 0.1ms
[2025-06-03T15:44:32.826+0530][35.583s] GC(188)   Merge Heap Roots: 0.1ms
[2025-06-03T15:44:32.826+0530][35.583s] GC(188)   Evacuate Collection Set: 0.2ms
[2025-06-03T15:44:32.826+0530][35.583s] GC(188)   Post Evacuate Collection Set: 0.5ms
[2025-06-03T15:44:32.826+0530][35.583s] GC(188)   Other: 0.2ms
[2025-06-03T15:44:32.826+0530][35.583s] GC(188) Eden regions: 306->0(306)
[2025-06-03T15:44:32.826+0530][35.583s] GC(188) Survivor regions: 1->1(39)
[2025-06-03T15:44:32.826+0530][35.583s] GC(188) Old regions: 9->9
[2025-06-03T15:44:32.826+0530][35.583s] GC(188) Archive regions: 2->2
[2025-06-03T15:44:32.826+0530][35.583s] GC(188) Humongous regions: 0->0
[2025-06-03T15:44:32.826+0530][35.583s] GC(188) Metaspace: 20261K(20736K)->20261K(20736K) NonClass: 17677K(17920K)->17677K(17920K) Class: 2584K(2816K)->2584K(2816K)
[2025-06-03T15:44:32.826+0530][35.583s] GC(188) Pause Young (Normal) (G1 Evacuation Pause) 315M->9M(512M) 1.275ms
[2025-06-03T15:44:32.826+0530][35.583s] GC(188) User=0.00s Sys=0.00s Real=0.00s
[2025-06-03T15:44:32.978+0530][35.735s] GC(189) Pause Young (Normal) (G1 Evacuation Pause)
[2025-06-03T15:44:32.978+0530][35.735s] GC(189) Using 8 workers of 8 for evacuation
[2025-06-03T15:44:32.978+0530][35.736s] GC(189) Skipped phase 1 of Reference Processing: no references
[2025-06-03T15:44:32.978+0530][35.736s] GC(189) Skipped phase 2 of Reference Processing: no references
[2025-06-03T15:44:32.978+0530][35.736s] GC(189) Skipped phase 3 of Reference Processing: no references
[2025-06-03T15:44:32.978+0530][35.736s] GC(189) Skipped phase 4 of Reference Processing: no references
[2025-06-03T15:44:32.979+0530][35.736s] GC(189)   Pre Evacuate Collection Set: 0.1ms
[2025-06-03T15:44:32.979+0530][35.736s] GC(189)   Merge Heap Roots: 0.1ms
[2025-06-03T15:44:32.979+0530][35.736s] GC(189)   Evacuate Collection Set: 0.2ms
[2025-06-03T15:44:32.979+0530][35.736s] GC(189)   Post Evacuate Collection Set: 0.5ms
[2025-06-03T15:44:32.979+0530][35.736s] GC(189)   Other: 0.2ms
[2025-06-03T15:44:32.979+0530][35.736s] GC(189) Eden regions: 306->0(306)
[2025-06-03T15:44:32.979+0530][35.736s] GC(189) Survivor regions: 1->1(39)
[2025-06-03T15:44:32.979+0530][35.736s] GC(189) Old regions: 9->9
[2025-06-03T15:44:32.979+0530][35.736s] GC(189) Archive regions: 2->2
[2025-06-03T15:44:32.979+0530][35.736s] GC(189) Humongous regions: 0->0
[2025-06-03T15:44:32.979+0530][35.736s] GC(189) Metaspace: 20264K(20736K)->20264K(20736K) NonClass: 17680K(17920K)->17680K(17920K) Class: 2584K(2816K)->2584K(2816K)
[2025-06-03T15:44:32.979+0530][35.736s] GC(189) Pause Young (Normal) (G1 Evacuation Pause) 315M->9M(512M) 1.269ms
[2025-06-03T15:44:32.979+0530][35.736s] GC(189) User=0.01s Sys=0.00s Real=0.00s
[2025-06-03T15:44:33.129+0530][35.886s] GC(190) Pause Young (Normal) (G1 Evacuation Pause)
[2025-06-03T15:44:33.129+0530][35.886s] GC(190) Using 8 workers of 8 for evacuation
[2025-06-03T15:44:33.129+0530][35.887s] GC(190) Skipped phase 1 of Reference Processing: no references
[2025-06-03T15:44:33.129+0530][35.887s] GC(190) Skipped phase 2 of Reference Processing: no references
[2025-06-03T15:44:33.129+0530][35.887s] GC(190) Skipped phase 3 of Reference Processing: no references
[2025-06-03T15:44:33.129+0530][35.887s] GC(190) Skipped phase 4 of Reference Processing: no references
[2025-06-03T15:44:33.130+0530][35.887s] GC(190)   Pre Evacuate Collection Set: 0.1ms
[2025-06-03T15:44:33.130+0530][35.887s] GC(190)   Merge Heap Roots: 0.1ms
[2025-06-03T15:44:33.130+0530][35.887s] GC(190)   Evacuate Collection Set: 0.3ms
[2025-06-03T15:44:33.130+0530][35.887s] GC(190)   Post Evacuate Collection Set: 0.5ms
[2025-06-03T15:44:33.130+0530][35.887s] GC(190)   Other: 0.2ms
[2025-06-03T15:44:33.130+0530][35.887s] GC(190) Eden regions: 306->0(306)
[2025-06-03T15:44:33.130+0530][35.887s] GC(190) Survivor regions: 1->1(39)
[2025-06-03T15:44:33.130+0530][35.887s] GC(190) Old regions: 9->9
[2025-06-03T15:44:33.130+0530][35.887s] GC(190) Archive regions: 2->2
[2025-06-03T15:44:33.130+0530][35.887s] GC(190) Humongous regions: 0->0
[2025-06-03T15:44:33.130+0530][35.887s] GC(190) Metaspace: 20264K(20736K)->20264K(20736K) NonClass: 17680K(17920K)->17680K(17920K) Class: 2584K(2816K)->2584K(2816K)
[2025-06-03T15:44:33.130+0530][35.887s] GC(190) Pause Young (Normal) (G1 Evacuation Pause) 315M->9M(512M) 1.372ms
[2025-06-03T15:44:33.130+0530][35.887s] GC(190) User=0.00s Sys=0.01s Real=0.01s
[2025-06-03T15:44:33.275+0530][36.032s] GC(191) Pause Young (Normal) (G1 Evacuation Pause)
[2025-06-03T15:44:33.275+0530][36.032s] GC(191) Using 8 workers of 8 for evacuation
[2025-06-03T15:44:33.275+0530][36.033s] GC(191) Skipped phase 1 of Reference Processing: no references
[2025-06-03T15:44:33.275+0530][36.033s] GC(191) Skipped phase 2 of Reference Processing: no references
[2025-06-03T15:44:33.275+0530][36.033s] GC(191) Skipped phase 3 of Reference Processing: no references
[2025-06-03T15:44:33.275+0530][36.033s] GC(191) Skipped phase 4 of Reference Processing: no references
[2025-06-03T15:44:33.276+0530][36.033s] GC(191)   Pre Evacuate Collection Set: 0.1ms
[2025-06-03T15:44:33.276+0530][36.033s] GC(191)   Merge Heap Roots: 0.1ms
[2025-06-03T15:44:33.276+0530][36.033s] GC(191)   Evacuate Collection Set: 0.2ms
[2025-06-03T15:44:33.276+0530][36.033s] GC(191)   Post Evacuate Collection Set: 0.4ms
[2025-06-03T15:44:33.276+0530][36.033s] GC(191)   Other: 0.2ms
[2025-06-03T15:44:33.276+0530][36.033s] GC(191) Eden regions: 306->0(306)
[2025-06-03T15:44:33.276+0530][36.033s] GC(191) Survivor regions: 1->1(39)
[2025-06-03T15:44:33.276+0530][36.033s] GC(191) Old regions: 9->9
[2025-06-03T15:44:33.276+0530][36.033s] GC(191) Archive regions: 2->2
[2025-06-03T15:44:33.276+0530][36.033s] GC(191) Humongous regions: 0->0
[2025-06-03T15:44:33.276+0530][36.033s] GC(191) Metaspace: 20264K(20736K)->20264K(20736K) NonClass: 17680K(17920K)->17680K(17920K) Class: 2584K(2816K)->2584K(2816K)
[2025-06-03T15:44:33.276+0530][36.033s] GC(191) Pause Young (Normal) (G1 Evacuation Pause) 315M->9M(512M) 1.138ms
[2025-06-03T15:44:33.276+0530][36.033s] GC(191) User=0.00s Sys=0.00s Real=0.00s
[2025-06-03T15:44:33.415+0530][36.173s] GC(192) Pause Young (Normal) (G1 Evacuation Pause)
[2025-06-03T15:44:33.415+0530][36.173s] GC(192) Using 8 workers of 8 for evacuation
[2025-06-03T15:44:33.416+0530][36.173s] GC(192) Skipped phase 1 of Reference Processing: no references
[2025-06-03T15:44:33.416+0530][36.173s] GC(192) Skipped phase 2 of Reference Processing: no references
[2025-06-03T15:44:33.416+0530][36.173s] GC(192) Skipped phase 3 of Reference Processing: no references
[2025-06-03T15:44:33.416+0530][36.173s] GC(192) Skipped phase 4 of Reference Processing: no references
[2025-06-03T15:44:33.416+0530][36.174s] GC(192)   Pre Evacuate Collection Set: 0.1ms
[2025-06-03T15:44:33.416+0530][36.174s] GC(192)   Merge Heap Roots: 0.1ms
[2025-06-03T15:44:33.416+0530][36.174s] GC(192)   Evacuate Collection Set: 0.3ms
[2025-06-03T15:44:33.416+0530][36.174s] GC(192)   Post Evacuate Collection Set: 0.5ms
[2025-06-03T15:44:33.416+0530][36.174s] GC(192)   Other: 0.2ms
[2025-06-03T15:44:33.416+0530][36.174s] GC(192) Eden regions: 306->0(306)
[2025-06-03T15:44:33.416+0530][36.174s] GC(192) Survivor regions: 1->1(39)
[2025-06-03T15:44:33.416+0530][36.174s] GC(192) Old regions: 9->9
[2025-06-03T15:44:33.416+0530][36.174s] GC(192) Archive regions: 2->2
[2025-06-03T15:44:33.416+0530][36.174s] GC(192) Humongous regions: 0->0
[2025-06-03T15:44:33.416+0530][36.174s] GC(192) Metaspace: 20264K(20736K)->20264K(20736K) NonClass: 17680K(17920K)->17680K(17920K) Class: 2584K(2816K)->2584K(2816K)
[2025-06-03T15:44:33.417+0530][36.174s] GC(192) Pause Young (Normal) (G1 Evacuation Pause) 315M->9M(512M) 1.254ms
[2025-06-03T15:44:33.417+0530][36.174s] GC(192) User=0.00s Sys=0.00s Real=0.00s
[2025-06-03T15:44:33.559+0530][36.316s] GC(193) Pause Young (Normal) (G1 Evacuation Pause)
[2025-06-03T15:44:33.559+0530][36.316s] GC(193) Using 8 workers of 8 for evacuation
[2025-06-03T15:44:33.560+0530][36.317s] GC(193) Skipped phase 1 of Reference Processing: no references
[2025-06-03T15:44:33.560+0530][36.317s] GC(193) Skipped phase 2 of Reference Processing: no references
[2025-06-03T15:44:33.560+0530][36.317s] GC(193) Skipped phase 3 of Reference Processing: no references
[2025-06-03T15:44:33.560+0530][36.317s] GC(193) Skipped phase 4 of Reference Processing: no references
[2025-06-03T15:44:33.560+0530][36.317s] GC(193)   Pre Evacuate Collection Set: 0.1ms
[2025-06-03T15:44:33.560+0530][36.317s] GC(193)   Merge Heap Roots: 0.1ms
[2025-06-03T15:44:33.560+0530][36.317s] GC(193)   Evacuate Collection Set: 0.2ms
[2025-06-03T15:44:33.560+0530][36.317s] GC(193)   Post Evacuate Collection Set: 0.5ms
[2025-06-03T15:44:33.560+0530][36.317s] GC(193)   Other: 0.2ms
[2025-06-03T15:44:33.560+0530][36.317s] GC(193) Eden regions: 306->0(306)
[2025-06-03T15:44:33.560+0530][36.317s] GC(193) Survivor regions: 1->1(39)
[2025-06-03T15:44:33.560+0530][36.317s] GC(193) Old regions: 9->9
[2025-06-03T15:44:33.560+0530][36.317s] GC(193) Archive regions: 2->2
[2025-06-03T15:44:33.560+0530][36.317s] GC(193) Humongous regions: 0->0
[2025-06-03T15:44:33.560+0530][36.317s] GC(193) Metaspace: 20264K(20736K)->20264K(20736K) NonClass: 17680K(17920K)->17680K(17920K) Class: 2584K(2816K)->2584K(2816K)
[2025-06-03T15:44:33.560+0530][36.317s] GC(193) Pause Young (Normal) (G1 Evacuation Pause) 315M->9M(512M) 1.274ms
[2025-06-03T15:44:33.560+0530][36.318s] GC(193) User=0.00s Sys=0.00s Real=0.01s
[2025-06-03T15:44:33.700+0530][36.457s] GC(194) Pause Young (Normal) (G1 Evacuation Pause)
[2025-06-03T15:44:33.700+0530][36.458s] GC(194) Using 8 workers of 8 for evacuation
[2025-06-03T15:44:33.701+0530][36.458s] GC(194) Skipped phase 1 of Reference Processing: no references
[2025-06-03T15:44:33.701+0530][36.458s] GC(194) Skipped phase 2 of Reference Processing: no references
[2025-06-03T15:44:33.701+0530][36.458s] GC(194) Skipped phase 3 of Reference Processing: no references
[2025-06-03T15:44:33.701+0530][36.458s] GC(194) Skipped phase 4 of Reference Processing: no references
[2025-06-03T15:44:33.701+0530][36.458s] GC(194)   Pre Evacuate Collection Set: 0.1ms
[2025-06-03T15:44:33.701+0530][36.458s] GC(194)   Merge Heap Roots: 0.1ms
[2025-06-03T15:44:33.701+0530][36.458s] GC(194)   Evacuate Collection Set: 0.2ms
[2025-06-03T15:44:33.701+0530][36.458s] GC(194)   Post Evacuate Collection Set: 0.4ms
[2025-06-03T15:44:33.701+0530][36.458s] GC(194)   Other: 0.2ms
[2025-06-03T15:44:33.701+0530][36.458s] GC(194) Eden regions: 306->0(306)
[2025-06-03T15:44:33.701+0530][36.459s] GC(194) Survivor regions: 1->1(39)
[2025-06-03T15:44:33.701+0530][36.459s] GC(194) Old regions: 9->9
[2025-06-03T15:44:33.701+0530][36.459s] GC(194) Archive regions: 2->2
[2025-06-03T15:44:33.701+0530][36.459s] GC(194) Humongous regions: 0->0
[2025-06-03T15:44:33.701+0530][36.459s] GC(194) Metaspace: 20264K(20736K)->20264K(20736K) NonClass: 17680K(17920K)->17680K(17920K) Class: 2584K(2816K)->2584K(2816K)
[2025-06-03T15:44:33.701+0530][36.459s] GC(194) Pause Young (Normal) (G1 Evacuation Pause) 315M->9M(512M) 1.107ms
[2025-06-03T15:44:33.701+0530][36.459s] GC(194) User=0.00s Sys=0.00s Real=0.00s
[2025-06-03T15:44:33.842+0530][36.600s] GC(195) Pause Young (Normal) (G1 Evacuation Pause)
[2025-06-03T15:44:33.842+0530][36.600s] GC(195) Using 8 workers of 8 for evacuation
[2025-06-03T15:44:33.843+0530][36.600s] GC(195) Skipped phase 1 of Reference Processing: no references
[2025-06-03T15:44:33.843+0530][36.600s] GC(195) Skipped phase 2 of Reference Processing: no references
[2025-06-03T15:44:33.843+0530][36.600s] GC(195) Skipped phase 3 of Reference Processing: no references
[2025-06-03T15:44:33.843+0530][36.600s] GC(195) Skipped phase 4 of Reference Processing: no references
[2025-06-03T15:44:33.843+0530][36.601s] GC(195)   Pre Evacuate Collection Set: 0.1ms
[2025-06-03T15:44:33.843+0530][36.601s] GC(195)   Merge Heap Roots: 0.1ms
[2025-06-03T15:44:33.843+0530][36.601s] GC(195)   Evacuate Collection Set: 0.2ms
[2025-06-03T15:44:33.844+0530][36.601s] GC(195)   Post Evacuate Collection Set: 0.4ms
[2025-06-03T15:44:33.844+0530][36.601s] GC(195)   Other: 0.2ms
[2025-06-03T15:44:33.844+0530][36.601s] GC(195) Eden regions: 306->0(306)
[2025-06-03T15:44:33.844+0530][36.601s] GC(195) Survivor regions: 1->1(39)
[2025-06-03T15:44:33.844+0530][36.601s] GC(195) Old regions: 9->9
[2025-06-03T15:44:33.844+0530][36.601s] GC(195) Archive regions: 2->2
[2025-06-03T15:44:33.844+0530][36.601s] GC(195) Humongous regions: 0->0
[2025-06-03T15:44:33.844+0530][36.601s] GC(195) Metaspace: 20264K(20736K)->20264K(20736K) NonClass: 17680K(17920K)->17680K(17920K) Class: 2584K(2816K)->2584K(2816K)
[2025-06-03T15:44:33.844+0530][36.601s] GC(195) Pause Young (Normal) (G1 Evacuation Pause) 315M->9M(512M) 1.391ms
[2025-06-03T15:44:33.844+0530][36.601s] GC(195) User=0.01s Sys=0.00s Real=0.00s
[2025-06-03T15:44:33.988+0530][36.746s] GC(196) Pause Young (Normal) (G1 Evacuation Pause)
[2025-06-03T15:44:33.988+0530][36.746s] GC(196) Using 8 workers of 8 for evacuation
[2025-06-03T15:44:33.989+0530][36.746s] GC(196) Skipped phase 1 of Reference Processing: no references
[2025-06-03T15:44:33.989+0530][36.746s] GC(196) Skipped phase 2 of Reference Processing: no references
[2025-06-03T15:44:33.989+0530][36.746s] GC(196) Skipped phase 3 of Reference Processing: no references
[2025-06-03T15:44:33.989+0530][36.746s] GC(196) Skipped phase 4 of Reference Processing: no references
[2025-06-03T15:44:33.989+0530][36.747s] GC(196)   Pre Evacuate Collection Set: 0.1ms
[2025-06-03T15:44:33.989+0530][36.747s] GC(196)   Merge Heap Roots: 0.1ms
[2025-06-03T15:44:33.989+0530][36.747s] GC(196)   Evacuate Collection Set: 0.2ms
[2025-06-03T15:44:33.989+0530][36.747s] GC(196)   Post Evacuate Collection Set: 0.5ms
[2025-06-03T15:44:33.989+0530][36.747s] GC(196)   Other: 0.2ms
[2025-06-03T15:44:33.989+0530][36.747s] GC(196) Eden regions: 306->0(306)
[2025-06-03T15:44:33.989+0530][36.747s] GC(196) Survivor regions: 1->1(39)
[2025-06-03T15:44:33.989+0530][36.747s] GC(196) Old regions: 9->9
[2025-06-03T15:44:33.989+0530][36.747s] GC(196) Archive regions: 2->2
[2025-06-03T15:44:33.989+0530][36.747s] GC(196) Humongous regions: 0->0
[2025-06-03T15:44:33.989+0530][36.747s] GC(196) Metaspace: 20265K(20736K)->20265K(20736K) NonClass: 17681K(17920K)->17681K(17920K) Class: 2584K(2816K)->2584K(2816K)
[2025-06-03T15:44:33.990+0530][36.747s] GC(196) Pause Young (Normal) (G1 Evacuation Pause) 315M->9M(512M) 1.245ms
[2025-06-03T15:44:33.990+0530][36.747s] GC(196) User=0.00s Sys=0.00s Real=0.01s
[2025-06-03T15:44:34.131+0530][36.888s] GC(197) Pause Young (Normal) (G1 Evacuation Pause)
[2025-06-03T15:44:34.131+0530][36.888s] GC(197) Using 8 workers of 8 for evacuation
[2025-06-03T15:44:34.131+0530][36.889s] GC(197) Skipped phase 1 of Reference Processing: no references
[2025-06-03T15:44:34.131+0530][36.889s] GC(197) Skipped phase 2 of Reference Processing: no references
[2025-06-03T15:44:34.131+0530][36.889s] GC(197) Skipped phase 3 of Reference Processing: no references
[2025-06-03T15:44:34.131+0530][36.889s] GC(197) Skipped phase 4 of Reference Processing: no references
[2025-06-03T15:44:34.132+0530][36.889s] GC(197)   Pre Evacuate Collection Set: 0.1ms
[2025-06-03T15:44:34.132+0530][36.889s] GC(197)   Merge Heap Roots: 0.1ms
[2025-06-03T15:44:34.132+0530][36.889s] GC(197)   Evacuate Collection Set: 0.3ms
[2025-06-03T15:44:34.132+0530][36.889s] GC(197)   Post Evacuate Collection Set: 0.4ms
[2025-06-03T15:44:34.132+0530][36.889s] GC(197)   Other: 0.2ms
[2025-06-03T15:44:34.132+0530][36.889s] GC(197) Eden regions: 306->0(306)
[2025-06-03T15:44:34.132+0530][36.889s] GC(197) Survivor regions: 1->1(39)
[2025-06-03T15:44:34.132+0530][36.889s] GC(197) Old regions: 9->9
[2025-06-03T15:44:34.132+0530][36.889s] GC(197) Archive regions: 2->2
[2025-06-03T15:44:34.132+0530][36.889s] GC(197) Humongous regions: 0->0
[2025-06-03T15:44:34.132+0530][36.889s] GC(197) Metaspace: 20265K(20736K)->20265K(20736K) NonClass: 17681K(17920K)->17681K(17920K) Class: 2584K(2816K)->2584K(2816K)
[2025-06-03T15:44:34.132+0530][36.889s] GC(197) Pause Young (Normal) (G1 Evacuation Pause) 315M->9M(512M) 1.200ms
[2025-06-03T15:44:34.132+0530][36.889s] GC(197) User=0.00s Sys=0.00s Real=0.00s
[2025-06-03T15:44:34.283+0530][37.041s] GC(198) Pause Young (Normal) (G1 Evacuation Pause)
[2025-06-03T15:44:34.283+0530][37.041s] GC(198) Using 8 workers of 8 for evacuation
[2025-06-03T15:44:34.284+0530][37.041s] GC(198) Skipped phase 1 of Reference Processing: no references
[2025-06-03T15:44:34.284+0530][37.041s] GC(198) Skipped phase 2 of Reference Processing: no references
[2025-06-03T15:44:34.284+0530][37.041s] GC(198) Skipped phase 3 of Reference Processing: no references
[2025-06-03T15:44:34.284+0530][37.041s] GC(198) Skipped phase 4 of Reference Processing: no references
[2025-06-03T15:44:34.284+0530][37.042s] GC(198)   Pre Evacuate Collection Set: 0.1ms
[2025-06-03T15:44:34.284+0530][37.042s] GC(198)   Merge Heap Roots: 0.1ms
[2025-06-03T15:44:34.284+0530][37.042s] GC(198)   Evacuate Collection Set: 0.3ms
[2025-06-03T15:44:34.284+0530][37.042s] GC(198)   Post Evacuate Collection Set: 0.5ms
[2025-06-03T15:44:34.284+0530][37.042s] GC(198)   Other: 0.2ms
[2025-06-03T15:44:34.284+0530][37.042s] GC(198) Eden regions: 306->0(306)
[2025-06-03T15:44:34.284+0530][37.042s] GC(198) Survivor regions: 1->1(39)
[2025-06-03T15:44:34.284+0530][37.042s] GC(198) Old regions: 9->9
[2025-06-03T15:44:34.284+0530][37.042s] GC(198) Archive regions: 2->2
[2025-06-03T15:44:34.284+0530][37.042s] GC(198) Humongous regions: 0->0
[2025-06-03T15:44:34.284+0530][37.042s] GC(198) Metaspace: 20265K(20736K)->20265K(20736K) NonClass: 17681K(17920K)->17681K(17920K) Class: 2584K(2816K)->2584K(2816K)
[2025-06-03T15:44:34.285+0530][37.042s] GC(198) Pause Young (Normal) (G1 Evacuation Pause) 315M->9M(512M) 1.253ms
[2025-06-03T15:44:34.285+0530][37.042s] GC(198) User=0.00s Sys=0.00s Real=0.00s
[2025-06-03T15:44:34.448+0530][37.205s] GC(199) Pause Young (Normal) (G1 Evacuation Pause)
[2025-06-03T15:44:34.448+0530][37.205s] GC(199) Using 8 workers of 8 for evacuation
[2025-06-03T15:44:34.448+0530][37.206s] GC(199) Skipped phase 1 of Reference Processing: no references
[2025-06-03T15:44:34.448+0530][37.206s] GC(199) Skipped phase 2 of Reference Processing: no references
[2025-06-03T15:44:34.448+0530][37.206s] GC(199) Skipped phase 3 of Reference Processing: no references
[2025-06-03T15:44:34.448+0530][37.206s] GC(199) Skipped phase 4 of Reference Processing: no references
[2025-06-03T15:44:34.449+0530][37.206s] GC(199)   Pre Evacuate Collection Set: 0.1ms
[2025-06-03T15:44:34.449+0530][37.206s] GC(199)   Merge Heap Roots: 0.1ms
[2025-06-03T15:44:34.449+0530][37.206s] GC(199)   Evacuate Collection Set: 0.3ms
[2025-06-03T15:44:34.449+0530][37.206s] GC(199)   Post Evacuate Collection Set: 0.5ms
[2025-06-03T15:44:34.449+0530][37.206s] GC(199)   Other: 0.2ms
[2025-06-03T15:44:34.449+0530][37.206s] GC(199) Eden regions: 306->0(306)
[2025-06-03T15:44:34.449+0530][37.206s] GC(199) Survivor regions: 1->1(39)
[2025-06-03T15:44:34.449+0530][37.206s] GC(199) Old regions: 9->9
[2025-06-03T15:44:34.449+0530][37.206s] GC(199) Archive regions: 2->2
[2025-06-03T15:44:34.449+0530][37.206s] GC(199) Humongous regions: 0->0
[2025-06-03T15:44:34.449+0530][37.206s] GC(199) Metaspace: 20265K(20736K)->20265K(20736K) NonClass: 17681K(17920K)->17681K(17920K) Class: 2584K(2816K)->2584K(2816K)
[2025-06-03T15:44:34.449+0530][37.206s] GC(199) Pause Young (Normal) (G1 Evacuation Pause) 315M->9M(512M) 1.293ms
[2025-06-03T15:44:34.449+0530][37.206s] GC(199) User=0.00s Sys=0.00s Real=0.00s
[2025-06-03T15:44:34.605+0530][37.363s] GC(200) Pause Young (Normal) (G1 Evacuation Pause)
[2025-06-03T15:44:34.606+0530][37.363s] GC(200) Using 8 workers of 8 for evacuation
[2025-06-03T15:44:34.606+0530][37.363s] GC(200) Skipped phase 1 of Reference Processing: no references
[2025-06-03T15:44:34.606+0530][37.363s] GC(200) Skipped phase 2 of Reference Processing: no references
[2025-06-03T15:44:34.606+0530][37.363s] GC(200) Skipped phase 3 of Reference Processing: no references
[2025-06-03T15:44:34.606+0530][37.363s] GC(200) Skipped phase 4 of Reference Processing: no references
[2025-06-03T15:44:34.607+0530][37.364s] GC(200)   Pre Evacuate Collection Set: 0.1ms
[2025-06-03T15:44:34.607+0530][37.364s] GC(200)   Merge Heap Roots: 0.1ms
[2025-06-03T15:44:34.607+0530][37.364s] GC(200)   Evacuate Collection Set: 0.3ms
[2025-06-03T15:44:34.607+0530][37.364s] GC(200)   Post Evacuate Collection Set: 0.5ms
[2025-06-03T15:44:34.607+0530][37.364s] GC(200)   Other: 0.2ms
[2025-06-03T15:44:34.607+0530][37.364s] GC(200) Eden regions: 306->0(306)
[2025-06-03T15:44:34.607+0530][37.364s] GC(200) Survivor regions: 1->1(39)
[2025-06-03T15:44:34.607+0530][37.364s] GC(200) Old regions: 9->9
[2025-06-03T15:44:34.607+0530][37.364s] GC(200) Archive regions: 2->2
[2025-06-03T15:44:34.607+0530][37.364s] GC(200) Humongous regions: 0->0
[2025-06-03T15:44:34.607+0530][37.364s] GC(200) Metaspace: 20265K(20736K)->20265K(20736K) NonClass: 17681K(17920K)->17681K(17920K) Class: 2584K(2816K)->2584K(2816K)
[2025-06-03T15:44:34.607+0530][37.364s] GC(200) Pause Young (Normal) (G1 Evacuation Pause) 315M->9M(512M) 1.305ms
[2025-06-03T15:44:34.607+0530][37.364s] GC(200) User=0.01s Sys=0.00s Real=0.00s
[2025-06-03T15:44:34.763+0530][37.520s] GC(201) Pause Young (Normal) (G1 Evacuation Pause)
[2025-06-03T15:44:34.763+0530][37.520s] GC(201) Using 8 workers of 8 for evacuation
[2025-06-03T15:44:34.764+0530][37.521s] GC(201) Skipped phase 1 of Reference Processing: no references
[2025-06-03T15:44:34.764+0530][37.521s] GC(201) Skipped phase 2 of Reference Processing: no references
[2025-06-03T15:44:34.764+0530][37.521s] GC(201) Skipped phase 3 of Reference Processing: no references
[2025-06-03T15:44:34.764+0530][37.521s] GC(201) Skipped phase 4 of Reference Processing: no references
[2025-06-03T15:44:34.764+0530][37.521s] GC(201)   Pre Evacuate Collection Set: 0.1ms
[2025-06-03T15:44:34.764+0530][37.521s] GC(201)   Merge Heap Roots: 0.1ms
[2025-06-03T15:44:34.764+0530][37.522s] GC(201)   Evacuate Collection Set: 0.3ms
[2025-06-03T15:44:34.764+0530][37.522s] GC(201)   Post Evacuate Collection Set: 0.5ms
[2025-06-03T15:44:34.764+0530][37.522s] GC(201)   Other: 0.2ms
[2025-06-03T15:44:34.764+0530][37.522s] GC(201) Eden regions: 306->0(306)
[2025-06-03T15:44:34.764+0530][37.522s] GC(201) Survivor regions: 1->1(39)
[2025-06-03T15:44:34.764+0530][37.522s] GC(201) Old regions: 9->9
[2025-06-03T15:44:34.764+0530][37.522s] GC(201) Archive regions: 2->2
[2025-06-03T15:44:34.764+0530][37.522s] GC(201) Humongous regions: 0->0
[2025-06-03T15:44:34.764+0530][37.522s] GC(201) Metaspace: 20265K(20736K)->20265K(20736K) NonClass: 17681K(17920K)->17681K(17920K) Class: 2584K(2816K)->2584K(2816K)
[2025-06-03T15:44:34.764+0530][37.522s] GC(201) Pause Young (Normal) (G1 Evacuation Pause) 315M->9M(512M) 1.512ms
[2025-06-03T15:44:34.764+0530][37.522s] GC(201) User=0.00s Sys=0.00s Real=0.00s
[2025-06-03T15:44:34.923+0530][37.680s] GC(202) Pause Young (Normal) (G1 Evacuation Pause)
[2025-06-03T15:44:34.923+0530][37.680s] GC(202) Using 8 workers of 8 for evacuation
[2025-06-03T15:44:34.923+0530][37.681s] GC(202) Skipped phase 1 of Reference Processing: no references
[2025-06-03T15:44:34.923+0530][37.681s] GC(202) Skipped phase 2 of Reference Processing: no references
[2025-06-03T15:44:34.923+0530][37.681s] GC(202) Skipped phase 3 of Reference Processing: no references
[2025-06-03T15:44:34.923+0530][37.681s] GC(202) Skipped phase 4 of Reference Processing: no references
[2025-06-03T15:44:34.924+0530][37.681s] GC(202)   Pre Evacuate Collection Set: 0.1ms
[2025-06-03T15:44:34.924+0530][37.681s] GC(202)   Merge Heap Roots: 0.1ms
[2025-06-03T15:44:34.924+0530][37.681s] GC(202)   Evacuate Collection Set: 0.2ms
[2025-06-03T15:44:34.924+0530][37.681s] GC(202)   Post Evacuate Collection Set: 0.4ms
[2025-06-03T15:44:34.924+0530][37.681s] GC(202)   Other: 0.2ms
[2025-06-03T15:44:34.924+0530][37.681s] GC(202) Eden regions: 306->0(306)
[2025-06-03T15:44:34.924+0530][37.681s] GC(202) Survivor regions: 1->1(39)
[2025-06-03T15:44:34.924+0530][37.681s] GC(202) Old regions: 9->9
[2025-06-03T15:44:34.924+0530][37.681s] GC(202) Archive regions: 2->2
[2025-06-03T15:44:34.924+0530][37.681s] GC(202) Humongous regions: 0->0
[2025-06-03T15:44:34.924+0530][37.681s] GC(202) Metaspace: 20266K(20736K)->20266K(20736K) NonClass: 17681K(17920K)->17681K(17920K) Class: 2584K(2816K)->2584K(2816K)
[2025-06-03T15:44:34.924+0530][37.681s] GC(202) Pause Young (Normal) (G1 Evacuation Pause) 315M->9M(512M) 1.314ms
[2025-06-03T15:44:34.924+0530][37.682s] GC(202) User=0.00s Sys=0.00s Real=0.00s
[2025-06-03T15:44:35.067+0530][37.824s] GC(203) Pause Young (Normal) (G1 Evacuation Pause)
[2025-06-03T15:44:35.067+0530][37.824s] GC(203) Using 8 workers of 8 for evacuation
[2025-06-03T15:44:35.067+0530][37.825s] GC(203) Skipped phase 1 of Reference Processing: no references
[2025-06-03T15:44:35.067+0530][37.825s] GC(203) Skipped phase 2 of Reference Processing: no references
[2025-06-03T15:44:35.067+0530][37.825s] GC(203) Skipped phase 3 of Reference Processing: no references
[2025-06-03T15:44:35.067+0530][37.825s] GC(203) Skipped phase 4 of Reference Processing: no references
[2025-06-03T15:44:35.068+0530][37.825s] GC(203)   Pre Evacuate Collection Set: 0.1ms
[2025-06-03T15:44:35.068+0530][37.825s] GC(203)   Merge Heap Roots: 0.1ms
[2025-06-03T15:44:35.068+0530][37.825s] GC(203)   Evacuate Collection Set: 0.2ms
[2025-06-03T15:44:35.068+0530][37.825s] GC(203)   Post Evacuate Collection Set: 0.5ms
[2025-06-03T15:44:35.068+0530][37.825s] GC(203)   Other: 0.2ms
[2025-06-03T15:44:35.068+0530][37.825s] GC(203) Eden regions: 306->0(306)
[2025-06-03T15:44:35.068+0530][37.825s] GC(203) Survivor regions: 1->1(39)
[2025-06-03T15:44:35.068+0530][37.825s] GC(203) Old regions: 9->9
[2025-06-03T15:44:35.068+0530][37.825s] GC(203) Archive regions: 2->2
[2025-06-03T15:44:35.068+0530][37.825s] GC(203) Humongous regions: 0->0
[2025-06-03T15:44:35.068+0530][37.825s] GC(203) Metaspace: 20266K(20736K)->20266K(20736K) NonClass: 17681K(17920K)->17681K(17920K) Class: 2584K(2816K)->2584K(2816K)
[2025-06-03T15:44:35.068+0530][37.825s] GC(203) Pause Young (Normal) (G1 Evacuation Pause) 315M->9M(512M) 1.163ms
[2025-06-03T15:44:35.068+0530][37.825s] GC(203) User=0.00s Sys=0.00s Real=0.00s
[2025-06-03T15:44:35.209+0530][37.967s] GC(204) Pause Young (Normal) (G1 Evacuation Pause)
[2025-06-03T15:44:35.210+0530][37.967s] GC(204) Using 8 workers of 8 for evacuation
[2025-06-03T15:44:35.210+0530][37.967s] GC(204) Skipped phase 1 of Reference Processing: no references
[2025-06-03T15:44:35.210+0530][37.967s] GC(204) Skipped phase 2 of Reference Processing: no references
[2025-06-03T15:44:35.210+0530][37.967s] GC(204) Skipped phase 3 of Reference Processing: no references
[2025-06-03T15:44:35.210+0530][37.967s] GC(204) Skipped phase 4 of Reference Processing: no references
[2025-06-03T15:44:35.211+0530][37.968s] GC(204)   Pre Evacuate Collection Set: 0.1ms
[2025-06-03T15:44:35.211+0530][37.968s] GC(204)   Merge Heap Roots: 0.1ms
[2025-06-03T15:44:35.211+0530][37.968s] GC(204)   Evacuate Collection Set: 0.3ms
[2025-06-03T15:44:35.211+0530][37.968s] GC(204)   Post Evacuate Collection Set: 0.5ms
[2025-06-03T15:44:35.211+0530][37.968s] GC(204)   Other: 0.2ms
[2025-06-03T15:44:35.211+0530][37.968s] GC(204) Eden regions: 306->0(306)
[2025-06-03T15:44:35.211+0530][37.968s] GC(204) Survivor regions: 1->1(39)
[2025-06-03T15:44:35.211+0530][37.968s] GC(204) Old regions: 9->9
[2025-06-03T15:44:35.211+0530][37.968s] GC(204) Archive regions: 2->2
[2025-06-03T15:44:35.211+0530][37.968s] GC(204) Humongous regions: 0->0
[2025-06-03T15:44:35.211+0530][37.968s] GC(204) Metaspace: 20267K(20800K)->20267K(20800K) NonClass: 17682K(17984K)->17682K(17984K) Class: 2584K(2816K)->2584K(2816K)
[2025-06-03T15:44:35.211+0530][37.968s] GC(204) Pause Young (Normal) (G1 Evacuation Pause) 315M->9M(512M) 1.273ms
[2025-06-03T15:44:35.211+0530][37.968s] GC(204) User=0.01s Sys=0.01s Real=0.01s
[2025-06-03T15:44:35.356+0530][38.114s] GC(205) Pause Young (Normal) (G1 Evacuation Pause)
[2025-06-03T15:44:35.357+0530][38.114s] GC(205) Using 8 workers of 8 for evacuation
[2025-06-03T15:44:35.357+0530][38.114s] GC(205) Skipped phase 1 of Reference Processing: no references
[2025-06-03T15:44:35.357+0530][38.114s] GC(205) Skipped phase 2 of Reference Processing: no references
[2025-06-03T15:44:35.357+0530][38.115s] GC(205) Skipped phase 3 of Reference Processing: no references
[2025-06-03T15:44:35.357+0530][38.115s] GC(205) Skipped phase 4 of Reference Processing: no references
[2025-06-03T15:44:35.358+0530][38.115s] GC(205)   Pre Evacuate Collection Set: 0.1ms
[2025-06-03T15:44:35.358+0530][38.115s] GC(205)   Merge Heap Roots: 0.1ms
[2025-06-03T15:44:35.358+0530][38.115s] GC(205)   Evacuate Collection Set: 0.3ms
[2025-06-03T15:44:35.358+0530][38.115s] GC(205)   Post Evacuate Collection Set: 0.5ms
[2025-06-03T15:44:35.358+0530][38.115s] GC(205)   Other: 0.2ms
[2025-06-03T15:44:35.358+0530][38.115s] GC(205) Eden regions: 306->0(306)
[2025-06-03T15:44:35.358+0530][38.115s] GC(205) Survivor regions: 1->1(39)
[2025-06-03T15:44:35.358+0530][38.115s] GC(205) Old regions: 9->9
[2025-06-03T15:44:35.358+0530][38.115s] GC(205) Archive regions: 2->2
[2025-06-03T15:44:35.358+0530][38.115s] GC(205) Humongous regions: 0->0
[2025-06-03T15:44:35.358+0530][38.115s] GC(205) Metaspace: 20267K(20800K)->20267K(20800K) NonClass: 17682K(17984K)->17682K(17984K) Class: 2584K(2816K)->2584K(2816K)
[2025-06-03T15:44:35.358+0530][38.115s] GC(205) Pause Young (Normal) (G1 Evacuation Pause) 315M->9M(512M) 1.454ms
[2025-06-03T15:44:35.358+0530][38.115s] GC(205) User=0.00s Sys=0.00s Real=0.00s
[2025-06-03T15:44:35.506+0530][38.264s] GC(206) Pause Young (Normal) (G1 Evacuation Pause)
[2025-06-03T15:44:35.506+0530][38.264s] GC(206) Using 8 workers of 8 for evacuation
[2025-06-03T15:44:35.507+0530][38.264s] GC(206) Skipped phase 1 of Reference Processing: no references
[2025-06-03T15:44:35.507+0530][38.264s] GC(206) Skipped phase 2 of Reference Processing: no references
[2025-06-03T15:44:35.507+0530][38.264s] GC(206) Skipped phase 3 of Reference Processing: no references
[2025-06-03T15:44:35.507+0530][38.264s] GC(206) Skipped phase 4 of Reference Processing: no references
[2025-06-03T15:44:35.507+0530][38.265s] GC(206)   Pre Evacuate Collection Set: 0.1ms
[2025-06-03T15:44:35.507+0530][38.265s] GC(206)   Merge Heap Roots: 0.1ms
[2025-06-03T15:44:35.507+0530][38.265s] GC(206)   Evacuate Collection Set: 0.2ms
[2025-06-03T15:44:35.507+0530][38.265s] GC(206)   Post Evacuate Collection Set: 0.5ms
[2025-06-03T15:44:35.507+0530][38.265s] GC(206)   Other: 0.2ms
[2025-06-03T15:44:35.507+0530][38.265s] GC(206) Eden regions: 306->0(306)
[2025-06-03T15:44:35.507+0530][38.265s] GC(206) Survivor regions: 1->1(39)
[2025-06-03T15:44:35.507+0530][38.265s] GC(206) Old regions: 9->9
[2025-06-03T15:44:35.507+0530][38.265s] GC(206) Archive regions: 2->2
[2025-06-03T15:44:35.507+0530][38.265s] GC(206) Humongous regions: 0->0
[2025-06-03T15:44:35.507+0530][38.265s] GC(206) Metaspace: 20267K(20800K)->20267K(20800K) NonClass: 17682K(17984K)->17682K(17984K) Class: 2584K(2816K)->2584K(2816K)
[2025-06-03T15:44:35.507+0530][38.265s] GC(206) Pause Young (Normal) (G1 Evacuation Pause) 315M->9M(512M) 1.220ms
[2025-06-03T15:44:35.507+0530][38.265s] GC(206) User=0.00s Sys=0.00s Real=0.00s
[2025-06-03T15:44:35.651+0530][38.409s] GC(207) Pause Young (Normal) (G1 Evacuation Pause)
[2025-06-03T15:44:35.651+0530][38.409s] GC(207) Using 8 workers of 8 for evacuation
[2025-06-03T15:44:35.652+0530][38.409s] GC(207) Skipped phase 1 of Reference Processing: no references
[2025-06-03T15:44:35.652+0530][38.409s] GC(207) Skipped phase 2 of Reference Processing: no references
[2025-06-03T15:44:35.652+0530][38.409s] GC(207) Skipped phase 3 of Reference Processing: no references
[2025-06-03T15:44:35.652+0530][38.409s] GC(207) Skipped phase 4 of Reference Processing: no references
[2025-06-03T15:44:35.652+0530][38.410s] GC(207)   Pre Evacuate Collection Set: 0.1ms
[2025-06-03T15:44:35.652+0530][38.410s] GC(207)   Merge Heap Roots: 0.1ms
[2025-06-03T15:44:35.652+0530][38.410s] GC(207)   Evacuate Collection Set: 0.2ms
[2025-06-03T15:44:35.652+0530][38.410s] GC(207)   Post Evacuate Collection Set: 0.4ms
[2025-06-03T15:44:35.652+0530][38.410s] GC(207)   Other: 0.2ms
[2025-06-03T15:44:35.652+0530][38.410s] GC(207) Eden regions: 306->0(306)
[2025-06-03T15:44:35.652+0530][38.410s] GC(207) Survivor regions: 1->1(39)
[2025-06-03T15:44:35.653+0530][38.410s] GC(207) Old regions: 9->9
[2025-06-03T15:44:35.653+0530][38.410s] GC(207) Archive regions: 2->2
[2025-06-03T15:44:35.653+0530][38.410s] GC(207) Humongous regions: 0->0
[2025-06-03T15:44:35.653+0530][38.410s] GC(207) Metaspace: 20267K(20800K)->20267K(20800K) NonClass: 17682K(17984K)->17682K(17984K) Class: 2584K(2816K)->2584K(2816K)
[2025-06-03T15:44:35.653+0530][38.410s] GC(207) Pause Young (Normal) (G1 Evacuation Pause) 315M->9M(512M) 1.336ms
[2025-06-03T15:44:35.653+0530][38.410s] GC(207) User=0.01s Sys=0.00s Real=0.00s
[2025-06-03T15:44:35.791+0530][38.549s] GC(208) Pause Young (Normal) (G1 Evacuation Pause)
[2025-06-03T15:44:35.792+0530][38.549s] GC(208) Using 8 workers of 8 for evacuation
[2025-06-03T15:44:35.792+0530][38.549s] GC(208) Skipped phase 1 of Reference Processing: no references
[2025-06-03T15:44:35.792+0530][38.549s] GC(208) Skipped phase 2 of Reference Processing: no references
[2025-06-03T15:44:35.792+0530][38.549s] GC(208) Skipped phase 3 of Reference Processing: no references
[2025-06-03T15:44:35.792+0530][38.549s] GC(208) Skipped phase 4 of Reference Processing: no references
[2025-06-03T15:44:35.792+0530][38.550s] GC(208)   Pre Evacuate Collection Set: 0.1ms
[2025-06-03T15:44:35.792+0530][38.550s] GC(208)   Merge Heap Roots: 0.1ms
[2025-06-03T15:44:35.793+0530][38.550s] GC(208)   Evacuate Collection Set: 0.2ms
[2025-06-03T15:44:35.793+0530][38.550s] GC(208)   Post Evacuate Collection Set: 0.4ms
[2025-06-03T15:44:35.793+0530][38.550s] GC(208)   Other: 0.2ms
[2025-06-03T15:44:35.793+0530][38.550s] GC(208) Eden regions: 306->0(306)
[2025-06-03T15:44:35.793+0530][38.550s] GC(208) Survivor regions: 1->1(39)
[2025-06-03T15:44:35.793+0530][38.550s] GC(208) Old regions: 9->9
[2025-06-03T15:44:35.793+0530][38.550s] GC(208) Archive regions: 2->2
[2025-06-03T15:44:35.793+0530][38.550s] GC(208) Humongous regions: 0->0
[2025-06-03T15:44:35.793+0530][38.550s] GC(208) Metaspace: 20267K(20800K)->20267K(20800K) NonClass: 17682K(17984K)->17682K(17984K) Class: 2584K(2816K)->2584K(2816K)
[2025-06-03T15:44:35.793+0530][38.550s] GC(208) Pause Young (Normal) (G1 Evacuation Pause) 315M->9M(512M) 1.186ms
[2025-06-03T15:44:35.793+0530][38.550s] GC(208) User=0.00s Sys=0.00s Real=0.00s
[2025-06-03T15:44:35.932+0530][38.689s] GC(209) Pause Young (Normal) (G1 Evacuation Pause)
[2025-06-03T15:44:35.932+0530][38.689s] GC(209) Using 8 workers of 8 for evacuation
[2025-06-03T15:44:35.932+0530][38.689s] GC(209) Skipped phase 1 of Reference Processing: no references
[2025-06-03T15:44:35.932+0530][38.689s] GC(209) Skipped phase 2 of Reference Processing: no references
[2025-06-03T15:44:35.932+0530][38.689s] GC(209) Skipped phase 3 of Reference Processing: no references
[2025-06-03T15:44:35.932+0530][38.689s] GC(209) Skipped phase 4 of Reference Processing: no references
[2025-06-03T15:44:35.932+0530][38.690s] GC(209)   Pre Evacuate Collection Set: 0.1ms
[2025-06-03T15:44:35.933+0530][38.690s] GC(209)   Merge Heap Roots: 0.1ms
[2025-06-03T15:44:35.933+0530][38.690s] GC(209)   Evacuate Collection Set: 0.2ms
[2025-06-03T15:44:35.933+0530][38.690s] GC(209)   Post Evacuate Collection Set: 0.4ms
[2025-06-03T15:44:35.933+0530][38.690s] GC(209)   Other: 0.2ms
[2025-06-03T15:44:35.933+0530][38.690s] GC(209) Eden regions: 306->0(306)
[2025-06-03T15:44:35.933+0530][38.690s] GC(209) Survivor regions: 1->1(39)
[2025-06-03T15:44:35.933+0530][38.690s] GC(209) Old regions: 9->9
[2025-06-03T15:44:35.933+0530][38.690s] GC(209) Archive regions: 2->2
[2025-06-03T15:44:35.933+0530][38.690s] GC(209) Humongous regions: 0->0
[2025-06-03T15:44:35.933+0530][38.690s] GC(209) Metaspace: 20273K(20800K)->20273K(20800K) NonClass: 17689K(17984K)->17689K(17984K) Class: 2584K(2816K)->2584K(2816K)
[2025-06-03T15:44:35.933+0530][38.690s] GC(209) Pause Young (Normal) (G1 Evacuation Pause) 315M->9M(512M) 1.136ms
[2025-06-03T15:44:35.933+0530][38.690s] GC(209) User=0.00s Sys=0.00s Real=0.00s
[2025-06-03T15:44:36.066+0530][38.824s] GC(210) Pause Young (Normal) (G1 Evacuation Pause)
[2025-06-03T15:44:36.067+0530][38.824s] GC(210) Using 8 workers of 8 for evacuation
[2025-06-03T15:44:36.067+0530][38.824s] GC(210) Skipped phase 1 of Reference Processing: no references
[2025-06-03T15:44:36.067+0530][38.825s] GC(210) Skipped phase 2 of Reference Processing: no references
[2025-06-03T15:44:36.067+0530][38.825s] GC(210) Skipped phase 3 of Reference Processing: no references
[2025-06-03T15:44:36.067+0530][38.825s] GC(210) Skipped phase 4 of Reference Processing: no references
[2025-06-03T15:44:36.068+0530][38.825s] GC(210)   Pre Evacuate Collection Set: 0.1ms
[2025-06-03T15:44:36.068+0530][38.825s] GC(210)   Merge Heap Roots: 0.1ms
[2025-06-03T15:44:36.068+0530][38.825s] GC(210)   Evacuate Collection Set: 0.2ms
[2025-06-03T15:44:36.068+0530][38.825s] GC(210)   Post Evacuate Collection Set: 0.4ms
[2025-06-03T15:44:36.068+0530][38.825s] GC(210)   Other: 0.3ms
[2025-06-03T15:44:36.068+0530][38.825s] GC(210) Eden regions: 306->0(306)
[2025-06-03T15:44:36.068+0530][38.825s] GC(210) Survivor regions: 1->1(39)
[2025-06-03T15:44:36.068+0530][38.825s] GC(210) Old regions: 9->9
[2025-06-03T15:44:36.068+0530][38.825s] GC(210) Archive regions: 2->2
[2025-06-03T15:44:36.068+0530][38.825s] GC(210) Humongous regions: 0->0
[2025-06-03T15:44:36.068+0530][38.825s] GC(210) Metaspace: 20273K(20800K)->20273K(20800K) NonClass: 17689K(17984K)->17689K(17984K) Class: 2584K(2816K)->2584K(2816K)
[2025-06-03T15:44:36.068+0530][38.825s] GC(210) Pause Young (Normal) (G1 Evacuation Pause) 315M->9M(512M) 1.262ms
[2025-06-03T15:44:36.068+0530][38.825s] GC(210) User=0.00s Sys=0.00s Real=0.00s
[2025-06-03T15:44:36.204+0530][38.961s] GC(211) Pause Young (Normal) (G1 Evacuation Pause)
[2025-06-03T15:44:36.204+0530][38.961s] GC(211) Using 8 workers of 8 for evacuation
[2025-06-03T15:44:36.204+0530][38.961s] GC(211) Skipped phase 1 of Reference Processing: no references
[2025-06-03T15:44:36.204+0530][38.961s] GC(211) Skipped phase 2 of Reference Processing: no references
[2025-06-03T15:44:36.204+0530][38.962s] GC(211) Skipped phase 3 of Reference Processing: no references
[2025-06-03T15:44:36.204+0530][38.962s] GC(211) Skipped phase 4 of Reference Processing: no references
[2025-06-03T15:44:36.205+0530][38.962s] GC(211)   Pre Evacuate Collection Set: 0.1ms
[2025-06-03T15:44:36.205+0530][38.962s] GC(211)   Merge Heap Roots: 0.1ms
[2025-06-03T15:44:36.205+0530][38.962s] GC(211)   Evacuate Collection Set: 0.2ms
[2025-06-03T15:44:36.205+0530][38.962s] GC(211)   Post Evacuate Collection Set: 0.4ms
[2025-06-03T15:44:36.205+0530][38.962s] GC(211)   Other: 0.2ms
[2025-06-03T15:44:36.205+0530][38.962s] GC(211) Eden regions: 306->0(306)
[2025-06-03T15:44:36.205+0530][38.962s] GC(211) Survivor regions: 1->1(39)
[2025-06-03T15:44:36.205+0530][38.962s] GC(211) Old regions: 9->9
[2025-06-03T15:44:36.205+0530][38.962s] GC(211) Archive regions: 2->2
[2025-06-03T15:44:36.205+0530][38.962s] GC(211) Humongous regions: 0->0
[2025-06-03T15:44:36.205+0530][38.962s] GC(211) Metaspace: 20273K(20800K)->20273K(20800K) NonClass: 17689K(17984K)->17689K(17984K) Class: 2584K(2816K)->2584K(2816K)
[2025-06-03T15:44:36.205+0530][38.962s] GC(211) Pause Young (Normal) (G1 Evacuation Pause) 315M->9M(512M) 1.163ms
[2025-06-03T15:44:36.205+0530][38.962s] GC(211) User=0.01s Sys=0.00s Real=0.00s
[2025-06-03T15:44:36.338+0530][39.095s] GC(212) Pause Young (Normal) (G1 Evacuation Pause)
[2025-06-03T15:44:36.338+0530][39.096s] GC(212) Using 8 workers of 8 for evacuation
[2025-06-03T15:44:36.339+0530][39.096s] GC(212) Skipped phase 1 of Reference Processing: no references
[2025-06-03T15:44:36.339+0530][39.096s] GC(212) Skipped phase 2 of Reference Processing: no references
[2025-06-03T15:44:36.339+0530][39.096s] GC(212) Skipped phase 3 of Reference Processing: no references
[2025-06-03T15:44:36.339+0530][39.096s] GC(212) Skipped phase 4 of Reference Processing: no references
[2025-06-03T15:44:36.339+0530][39.096s] GC(212)   Pre Evacuate Collection Set: 0.1ms
[2025-06-03T15:44:36.339+0530][39.096s] GC(212)   Merge Heap Roots: 0.1ms
[2025-06-03T15:44:36.339+0530][39.096s] GC(212)   Evacuate Collection Set: 0.2ms
[2025-06-03T15:44:36.339+0530][39.097s] GC(212)   Post Evacuate Collection Set: 0.4ms
[2025-06-03T15:44:36.339+0530][39.097s] GC(212)   Other: 0.2ms
[2025-06-03T15:44:36.339+0530][39.097s] GC(212) Eden regions: 306->0(306)
[2025-06-03T15:44:36.339+0530][39.097s] GC(212) Survivor regions: 1->1(39)
[2025-06-03T15:44:36.339+0530][39.097s] GC(212) Old regions: 9->9
[2025-06-03T15:44:36.339+0530][39.097s] GC(212) Archive regions: 2->2
[2025-06-03T15:44:36.339+0530][39.097s] GC(212) Humongous regions: 0->0
[2025-06-03T15:44:36.339+0530][39.097s] GC(212) Metaspace: 20273K(20800K)->20273K(20800K) NonClass: 17689K(17984K)->17689K(17984K) Class: 2584K(2816K)->2584K(2816K)
[2025-06-03T15:44:36.339+0530][39.097s] GC(212) Pause Young (Normal) (G1 Evacuation Pause) 315M->9M(512M) 1.303ms
[2025-06-03T15:44:36.339+0530][39.097s] GC(212) User=0.00s Sys=0.00s Real=0.00s
[2025-06-03T15:44:36.476+0530][39.233s] GC(213) Pause Young (Normal) (G1 Evacuation Pause)
[2025-06-03T15:44:36.476+0530][39.233s] GC(213) Using 8 workers of 8 for evacuation
[2025-06-03T15:44:36.476+0530][39.233s] GC(213) Skipped phase 1 of Reference Processing: no references
[2025-06-03T15:44:36.476+0530][39.233s] GC(213) Skipped phase 2 of Reference Processing: no references
[2025-06-03T15:44:36.476+0530][39.233s] GC(213) Skipped phase 3 of Reference Processing: no references
[2025-06-03T15:44:36.476+0530][39.233s] GC(213) Skipped phase 4 of Reference Processing: no references
[2025-06-03T15:44:36.476+0530][39.234s] GC(213)   Pre Evacuate Collection Set: 0.1ms
[2025-06-03T15:44:36.476+0530][39.234s] GC(213)   Merge Heap Roots: 0.1ms
[2025-06-03T15:44:36.476+0530][39.234s] GC(213)   Evacuate Collection Set: 0.2ms
[2025-06-03T15:44:36.477+0530][39.234s] GC(213)   Post Evacuate Collection Set: 0.4ms
[2025-06-03T15:44:36.477+0530][39.234s] GC(213)   Other: 0.2ms
[2025-06-03T15:44:36.477+0530][39.234s] GC(213) Eden regions: 306->0(306)
[2025-06-03T15:44:36.477+0530][39.234s] GC(213) Survivor regions: 1->1(39)
[2025-06-03T15:44:36.477+0530][39.234s] GC(213) Old regions: 9->9
[2025-06-03T15:44:36.477+0530][39.234s] GC(213) Archive regions: 2->2
[2025-06-03T15:44:36.477+0530][39.234s] GC(213) Humongous regions: 0->0
[2025-06-03T15:44:36.477+0530][39.234s] GC(213) Metaspace: 20273K(20800K)->20273K(20800K) NonClass: 17689K(17984K)->17689K(17984K) Class: 2584K(2816K)->2584K(2816K)
[2025-06-03T15:44:36.477+0530][39.234s] GC(213) Pause Young (Normal) (G1 Evacuation Pause) 315M->9M(512M) 1.099ms
[2025-06-03T15:44:36.477+0530][39.234s] GC(213) User=0.00s Sys=0.00s Real=0.00s
[2025-06-03T15:44:36.611+0530][39.368s] GC(214) Pause Young (Normal) (G1 Evacuation Pause)
[2025-06-03T15:44:36.611+0530][39.368s] GC(214) Using 8 workers of 8 for evacuation
[2025-06-03T15:44:36.612+0530][39.369s] GC(214) Skipped phase 1 of Reference Processing: no references
[2025-06-03T15:44:36.612+0530][39.369s] GC(214) Skipped phase 2 of Reference Processing: no references
[2025-06-03T15:44:36.612+0530][39.369s] GC(214) Skipped phase 3 of Reference Processing: no references
[2025-06-03T15:44:36.612+0530][39.369s] GC(214) Skipped phase 4 of Reference Processing: no references
[2025-06-03T15:44:36.612+0530][39.369s] GC(214)   Pre Evacuate Collection Set: 0.1ms
[2025-06-03T15:44:36.612+0530][39.369s] GC(214)   Merge Heap Roots: 0.1ms
[2025-06-03T15:44:36.612+0530][39.369s] GC(214)   Evacuate Collection Set: 0.3ms
[2025-06-03T15:44:36.612+0530][39.369s] GC(214)   Post Evacuate Collection Set: 0.4ms
[2025-06-03T15:44:36.612+0530][39.369s] GC(214)   Other: 0.2ms
[2025-06-03T15:44:36.612+0530][39.369s] GC(214) Eden regions: 306->0(306)
[2025-06-03T15:44:36.612+0530][39.369s] GC(214) Survivor regions: 1->1(39)
[2025-06-03T15:44:36.612+0530][39.369s] GC(214) Old regions: 9->9
[2025-06-03T15:44:36.612+0530][39.370s] GC(214) Archive regions: 2->2
[2025-06-03T15:44:36.612+0530][39.370s] GC(214) Humongous regions: 0->0
[2025-06-03T15:44:36.612+0530][39.370s] GC(214) Metaspace: 20273K(20800K)->20273K(20800K) NonClass: 17689K(17984K)->17689K(17984K) Class: 2584K(2816K)->2584K(2816K)
[2025-06-03T15:44:36.612+0530][39.370s] GC(214) Pause Young (Normal) (G1 Evacuation Pause) 315M->9M(512M) 1.161ms
[2025-06-03T15:44:36.612+0530][39.370s] GC(214) User=0.00s Sys=0.00s Real=0.00s
[2025-06-03T15:44:36.748+0530][39.505s] GC(215) Pause Young (Normal) (G1 Evacuation Pause)
[2025-06-03T15:44:36.748+0530][39.505s] GC(215) Using 8 workers of 8 for evacuation
[2025-06-03T15:44:36.749+0530][39.506s] GC(215) Skipped phase 1 of Reference Processing: no references
[2025-06-03T15:44:36.749+0530][39.506s] GC(215) Skipped phase 2 of Reference Processing: no references
[2025-06-03T15:44:36.749+0530][39.506s] GC(215) Skipped phase 3 of Reference Processing: no references
[2025-06-03T15:44:36.749+0530][39.506s] GC(215) Skipped phase 4 of Reference Processing: no references
[2025-06-03T15:44:36.749+0530][39.506s] GC(215)   Pre Evacuate Collection Set: 0.1ms
[2025-06-03T15:44:36.749+0530][39.506s] GC(215)   Merge Heap Roots: 0.1ms
[2025-06-03T15:44:36.749+0530][39.506s] GC(215)   Evacuate Collection Set: 0.2ms
[2025-06-03T15:44:36.749+0530][39.506s] GC(215)   Post Evacuate Collection Set: 0.4ms
[2025-06-03T15:44:36.749+0530][39.506s] GC(215)   Other: 0.2ms
[2025-06-03T15:44:36.749+0530][39.506s] GC(215) Eden regions: 306->0(306)
[2025-06-03T15:44:36.749+0530][39.506s] GC(215) Survivor regions: 1->1(39)
[2025-06-03T15:44:36.749+0530][39.506s] GC(215) Old regions: 9->9
[2025-06-03T15:44:36.749+0530][39.506s] GC(215) Archive regions: 2->2
[2025-06-03T15:44:36.749+0530][39.506s] GC(215) Humongous regions: 0->0
[2025-06-03T15:44:36.749+0530][39.506s] GC(215) Metaspace: 20273K(20800K)->20273K(20800K) NonClass: 17689K(17984K)->17689K(17984K) Class: 2584K(2816K)->2584K(2816K)
[2025-06-03T15:44:36.749+0530][39.507s] GC(215) Pause Young (Normal) (G1 Evacuation Pause) 315M->9M(512M) 1.165ms
[2025-06-03T15:44:36.749+0530][39.507s] GC(215) User=0.00s Sys=0.00s Real=0.00s
[2025-06-03T15:44:36.892+0530][39.650s] GC(216) Pause Young (Normal) (G1 Evacuation Pause)
[2025-06-03T15:44:36.892+0530][39.650s] GC(216) Using 8 workers of 8 for evacuation
[2025-06-03T15:44:36.893+0530][39.650s] GC(216) Skipped phase 1 of Reference Processing: no references
[2025-06-03T15:44:36.893+0530][39.650s] GC(216) Skipped phase 2 of Reference Processing: no references
[2025-06-03T15:44:36.893+0530][39.650s] GC(216) Skipped phase 3 of Reference Processing: no references
[2025-06-03T15:44:36.893+0530][39.650s] GC(216) Skipped phase 4 of Reference Processing: no references
[2025-06-03T15:44:36.893+0530][39.651s] GC(216)   Pre Evacuate Collection Set: 0.1ms
[2025-06-03T15:44:36.893+0530][39.651s] GC(216)   Merge Heap Roots: 0.1ms
[2025-06-03T15:44:36.893+0530][39.651s] GC(216)   Evacuate Collection Set: 0.3ms
[2025-06-03T15:44:36.893+0530][39.651s] GC(216)   Post Evacuate Collection Set: 0.5ms
[2025-06-03T15:44:36.893+0530][39.651s] GC(216)   Other: 0.2ms
[2025-06-03T15:44:36.893+0530][39.651s] GC(216) Eden regions: 306->0(306)
[2025-06-03T15:44:36.893+0530][39.651s] GC(216) Survivor regions: 1->1(39)
[2025-06-03T15:44:36.893+0530][39.651s] GC(216) Old regions: 9->9
[2025-06-03T15:44:36.894+0530][39.651s] GC(216) Archive regions: 2->2
[2025-06-03T15:44:36.894+0530][39.651s] GC(216) Humongous regions: 0->0
[2025-06-03T15:44:36.894+0530][39.651s] GC(216) Metaspace: 20273K(20800K)->20273K(20800K) NonClass: 17689K(17984K)->17689K(17984K) Class: 2584K(2816K)->2584K(2816K)
[2025-06-03T15:44:36.894+0530][39.651s] GC(216) Pause Young (Normal) (G1 Evacuation Pause) 315M->9M(512M) 1.337ms
[2025-06-03T15:44:36.894+0530][39.651s] GC(216) User=0.00s Sys=0.01s Real=0.00s
[2025-06-03T15:44:37.056+0530][39.813s] GC(217) Pause Young (Normal) (G1 Evacuation Pause)
[2025-06-03T15:44:37.056+0530][39.814s] GC(217) Using 8 workers of 8 for evacuation
[2025-06-03T15:44:37.057+0530][39.814s] GC(217) Skipped phase 1 of Reference Processing: no references
[2025-06-03T15:44:37.057+0530][39.814s] GC(217) Skipped phase 2 of Reference Processing: no references
[2025-06-03T15:44:37.057+0530][39.814s] GC(217) Skipped phase 3 of Reference Processing: no references
[2025-06-03T15:44:37.057+0530][39.814s] GC(217) Skipped phase 4 of Reference Processing: no references
[2025-06-03T15:44:37.057+0530][39.815s] GC(217)   Pre Evacuate Collection Set: 0.1ms
[2025-06-03T15:44:37.057+0530][39.815s] GC(217)   Merge Heap Roots: 0.1ms
[2025-06-03T15:44:37.057+0530][39.815s] GC(217)   Evacuate Collection Set: 0.3ms
[2025-06-03T15:44:37.057+0530][39.815s] GC(217)   Post Evacuate Collection Set: 0.6ms
[2025-06-03T15:44:37.057+0530][39.815s] GC(217)   Other: 0.2ms
[2025-06-03T15:44:37.057+0530][39.815s] GC(217) Eden regions: 306->0(306)
[2025-06-03T15:44:37.057+0530][39.815s] GC(217) Survivor regions: 1->1(39)
[2025-06-03T15:44:37.057+0530][39.815s] GC(217) Old regions: 9->9
[2025-06-03T15:44:37.057+0530][39.815s] GC(217) Archive regions: 2->2
[2025-06-03T15:44:37.057+0530][39.815s] GC(217) Humongous regions: 0->0
[2025-06-03T15:44:37.057+0530][39.815s] GC(217) Metaspace: 20281K(20800K)->20281K(20800K) NonClass: 17696K(17984K)->17696K(17984K) Class: 2584K(2816K)->2584K(2816K)
[2025-06-03T15:44:37.057+0530][39.815s] GC(217) Pause Young (Normal) (G1 Evacuation Pause) 315M->9M(512M) 1.404ms
[2025-06-03T15:44:37.058+0530][39.815s] GC(217) User=0.00s Sys=0.00s Real=0.00s
[2025-06-03T15:44:37.211+0530][39.968s] GC(218) Pause Young (Normal) (G1 Evacuation Pause)
[2025-06-03T15:44:37.211+0530][39.968s] GC(218) Using 8 workers of 8 for evacuation
[2025-06-03T15:44:37.211+0530][39.969s] GC(218) Skipped phase 1 of Reference Processing: no references
[2025-06-03T15:44:37.211+0530][39.969s] GC(218) Skipped phase 2 of Reference Processing: no references
[2025-06-03T15:44:37.211+0530][39.969s] GC(218) Skipped phase 3 of Reference Processing: no references
[2025-06-03T15:44:37.211+0530][39.969s] GC(218) Skipped phase 4 of Reference Processing: no references
[2025-06-03T15:44:37.212+0530][39.969s] GC(218)   Pre Evacuate Collection Set: 0.1ms
[2025-06-03T15:44:37.212+0530][39.969s] GC(218)   Merge Heap Roots: 0.1ms
[2025-06-03T15:44:37.212+0530][39.969s] GC(218)   Evacuate Collection Set: 0.2ms
[2025-06-03T15:44:37.212+0530][39.969s] GC(218)   Post Evacuate Collection Set: 0.4ms
[2025-06-03T15:44:37.212+0530][39.969s] GC(218)   Other: 0.2ms
[2025-06-03T15:44:37.212+0530][39.969s] GC(218) Eden regions: 306->0(306)
[2025-06-03T15:44:37.212+0530][39.969s] GC(218) Survivor regions: 1->1(39)
[2025-06-03T15:44:37.212+0530][39.969s] GC(218) Old regions: 9->9
[2025-06-03T15:44:37.212+0530][39.969s] GC(218) Archive regions: 2->2
[2025-06-03T15:44:37.212+0530][39.969s] GC(218) Humongous regions: 0->0
[2025-06-03T15:44:37.212+0530][39.969s] GC(218) Metaspace: 20281K(20800K)->20281K(20800K) NonClass: 17696K(17984K)->17696K(17984K) Class: 2584K(2816K)->2584K(2816K)
[2025-06-03T15:44:37.212+0530][39.969s] GC(218) Pause Young (Normal) (G1 Evacuation Pause) 315M->9M(512M) 1.124ms
[2025-06-03T15:44:37.212+0530][39.969s] GC(218) User=0.01s Sys=0.00s Real=0.00s
[2025-06-03T15:44:37.346+0530][40.104s] GC(219) Pause Young (Normal) (G1 Evacuation Pause)
[2025-06-03T15:44:37.347+0530][40.104s] GC(219) Using 8 workers of 8 for evacuation
[2025-06-03T15:44:37.347+0530][40.104s] GC(219) Skipped phase 1 of Reference Processing: no references
[2025-06-03T15:44:37.347+0530][40.104s] GC(219) Skipped phase 2 of Reference Processing: no references
[2025-06-03T15:44:37.347+0530][40.104s] GC(219) Skipped phase 3 of Reference Processing: no references
[2025-06-03T15:44:37.347+0530][40.104s] GC(219) Skipped phase 4 of Reference Processing: no references
[2025-06-03T15:44:37.347+0530][40.105s] GC(219)   Pre Evacuate Collection Set: 0.1ms
[2025-06-03T15:44:37.348+0530][40.105s] GC(219)   Merge Heap Roots: 0.1ms
[2025-06-03T15:44:37.348+0530][40.105s] GC(219)   Evacuate Collection Set: 0.2ms
[2025-06-03T15:44:37.348+0530][40.105s] GC(219)   Post Evacuate Collection Set: 0.5ms
[2025-06-03T15:44:37.348+0530][40.105s] GC(219)   Other: 0.2ms
[2025-06-03T15:44:37.348+0530][40.105s] GC(219) Eden regions: 306->0(306)
[2025-06-03T15:44:37.348+0530][40.105s] GC(219) Survivor regions: 1->1(39)
[2025-06-03T15:44:37.348+0530][40.105s] GC(219) Old regions: 9->9
[2025-06-03T15:44:37.348+0530][40.105s] GC(219) Archive regions: 2->2
[2025-06-03T15:44:37.348+0530][40.105s] GC(219) Humongous regions: 0->0
[2025-06-03T15:44:37.348+0530][40.105s] GC(219) Metaspace: 20281K(20800K)->20281K(20800K) NonClass: 17696K(17984K)->17696K(17984K) Class: 2584K(2816K)->2584K(2816K)
[2025-06-03T15:44:37.348+0530][40.105s] GC(219) Pause Young (Normal) (G1 Evacuation Pause) 315M->9M(512M) 1.260ms
[2025-06-03T15:44:37.348+0530][40.105s] GC(219) User=0.00s Sys=0.00s Real=0.00s
[2025-06-03T15:44:37.486+0530][40.243s] GC(220) Pause Young (Normal) (G1 Evacuation Pause)
[2025-06-03T15:44:37.486+0530][40.243s] GC(220) Using 8 workers of 8 for evacuation
[2025-06-03T15:44:37.486+0530][40.243s] GC(220) Skipped phase 1 of Reference Processing: no references
[2025-06-03T15:44:37.486+0530][40.243s] GC(220) Skipped phase 2 of Reference Processing: no references
[2025-06-03T15:44:37.486+0530][40.243s] GC(220) Skipped phase 3 of Reference Processing: no references
[2025-06-03T15:44:37.486+0530][40.243s] GC(220) Skipped phase 4 of Reference Processing: no references
[2025-06-03T15:44:37.486+0530][40.244s] GC(220)   Pre Evacuate Collection Set: 0.1ms
[2025-06-03T15:44:37.486+0530][40.244s] GC(220)   Merge Heap Roots: 0.1ms
[2025-06-03T15:44:37.486+0530][40.244s] GC(220)   Evacuate Collection Set: 0.2ms
[2025-06-03T15:44:37.487+0530][40.244s] GC(220)   Post Evacuate Collection Set: 0.4ms
[2025-06-03T15:44:37.487+0530][40.244s] GC(220)   Other: 0.2ms
[2025-06-03T15:44:37.487+0530][40.244s] GC(220) Eden regions: 306->0(306)
[2025-06-03T15:44:37.487+0530][40.244s] GC(220) Survivor regions: 1->1(39)
[2025-06-03T15:44:37.487+0530][40.244s] GC(220) Old regions: 9->9
[2025-06-03T15:44:37.487+0530][40.244s] GC(220) Archive regions: 2->2
[2025-06-03T15:44:37.487+0530][40.244s] GC(220) Humongous regions: 0->0
[2025-06-03T15:44:37.487+0530][40.244s] GC(220) Metaspace: 20281K(20800K)->20281K(20800K) NonClass: 17696K(17984K)->17696K(17984K) Class: 2584K(2816K)->2584K(2816K)
[2025-06-03T15:44:37.487+0530][40.244s] GC(220) Pause Young (Normal) (G1 Evacuation Pause) 315M->9M(512M) 1.120ms
[2025-06-03T15:44:37.487+0530][40.244s] GC(220) User=0.01s Sys=0.00s Real=0.00s
[2025-06-03T15:44:37.624+0530][40.382s] GC(221) Pause Young (Normal) (G1 Evacuation Pause)
[2025-06-03T15:44:37.624+0530][40.382s] GC(221) Using 8 workers of 8 for evacuation
[2025-06-03T15:44:37.625+0530][40.382s] GC(221) Skipped phase 1 of Reference Processing: no references
[2025-06-03T15:44:37.625+0530][40.382s] GC(221) Skipped phase 2 of Reference Processing: no references
[2025-06-03T15:44:37.625+0530][40.382s] GC(221) Skipped phase 3 of Reference Processing: no references
[2025-06-03T15:44:37.625+0530][40.382s] GC(221) Skipped phase 4 of Reference Processing: no references
[2025-06-03T15:44:37.625+0530][40.383s] GC(221)   Pre Evacuate Collection Set: 0.1ms
[2025-06-03T15:44:37.625+0530][40.383s] GC(221)   Merge Heap Roots: 0.1ms
[2025-06-03T15:44:37.625+0530][40.383s] GC(221)   Evacuate Collection Set: 0.2ms
[2025-06-03T15:44:37.625+0530][40.383s] GC(221)   Post Evacuate Collection Set: 0.4ms
[2025-06-03T15:44:37.625+0530][40.383s] GC(221)   Other: 0.2ms
[2025-06-03T15:44:37.625+0530][40.383s] GC(221) Eden regions: 306->0(306)
[2025-06-03T15:44:37.625+0530][40.383s] GC(221) Survivor regions: 1->1(39)
[2025-06-03T15:44:37.625+0530][40.383s] GC(221) Old regions: 9->9
[2025-06-03T15:44:37.625+0530][40.383s] GC(221) Archive regions: 2->2
[2025-06-03T15:44:37.625+0530][40.383s] GC(221) Humongous regions: 0->0
[2025-06-03T15:44:37.625+0530][40.383s] GC(221) Metaspace: 20281K(20800K)->20281K(20800K) NonClass: 17696K(17984K)->17696K(17984K) Class: 2584K(2816K)->2584K(2816K)
[2025-06-03T15:44:37.626+0530][40.383s] GC(221) Pause Young (Normal) (G1 Evacuation Pause) 315M->9M(512M) 1.136ms
[2025-06-03T15:44:37.626+0530][40.383s] GC(221) User=0.00s Sys=0.00s Real=0.00s
[2025-06-03T15:44:37.760+0530][40.517s] GC(222) Pause Young (Normal) (G1 Evacuation Pause)
[2025-06-03T15:44:37.760+0530][40.518s] GC(222) Using 8 workers of 8 for evacuation
[2025-06-03T15:44:37.761+0530][40.518s] GC(222) Skipped phase 1 of Reference Processing: no references
[2025-06-03T15:44:37.761+0530][40.518s] GC(222) Skipped phase 2 of Reference Processing: no references
[2025-06-03T15:44:37.761+0530][40.518s] GC(222) Skipped phase 3 of Reference Processing: no references
[2025-06-03T15:44:37.761+0530][40.518s] GC(222) Skipped phase 4 of Reference Processing: no references
[2025-06-03T15:44:37.761+0530][40.518s] GC(222)   Pre Evacuate Collection Set: 0.1ms
[2025-06-03T15:44:37.761+0530][40.519s] GC(222)   Merge Heap Roots: 0.1ms
[2025-06-03T15:44:37.761+0530][40.519s] GC(222)   Evacuate Collection Set: 0.2ms
[2025-06-03T15:44:37.761+0530][40.519s] GC(222)   Post Evacuate Collection Set: 0.5ms
[2025-06-03T15:44:37.761+0530][40.519s] GC(222)   Other: 0.2ms
[2025-06-03T15:44:37.761+0530][40.519s] GC(222) Eden regions: 306->0(306)
[2025-06-03T15:44:37.761+0530][40.519s] GC(222) Survivor regions: 1->1(39)
[2025-06-03T15:44:37.761+0530][40.519s] GC(222) Old regions: 9->9
[2025-06-03T15:44:37.761+0530][40.519s] GC(222) Archive regions: 2->2
[2025-06-03T15:44:37.761+0530][40.519s] GC(222) Humongous regions: 0->0
[2025-06-03T15:44:37.761+0530][40.519s] GC(222) Metaspace: 20281K(20800K)->20281K(20800K) NonClass: 17696K(17984K)->17696K(17984K) Class: 2584K(2816K)->2584K(2816K)
[2025-06-03T15:44:37.761+0530][40.519s] GC(222) Pause Young (Normal) (G1 Evacuation Pause) 315M->9M(512M) 1.200ms
[2025-06-03T15:44:37.761+0530][40.519s] GC(222) User=0.00s Sys=0.00s Real=0.00s
[2025-06-03T15:44:37.896+0530][40.653s] GC(223) Pause Young (Normal) (G1 Evacuation Pause)
[2025-06-03T15:44:37.896+0530][40.653s] GC(223) Using 8 workers of 8 for evacuation
[2025-06-03T15:44:37.896+0530][40.654s] GC(223) Skipped phase 1 of Reference Processing: no references
[2025-06-03T15:44:37.896+0530][40.654s] GC(223) Skipped phase 2 of Reference Processing: no references
[2025-06-03T15:44:37.896+0530][40.654s] GC(223) Skipped phase 3 of Reference Processing: no references
[2025-06-03T15:44:37.896+0530][40.654s] GC(223) Skipped phase 4 of Reference Processing: no references
[2025-06-03T15:44:37.897+0530][40.654s] GC(223)   Pre Evacuate Collection Set: 0.1ms
[2025-06-03T15:44:37.897+0530][40.654s] GC(223)   Merge Heap Roots: 0.1ms
[2025-06-03T15:44:37.897+0530][40.654s] GC(223)   Evacuate Collection Set: 0.2ms
[2025-06-03T15:44:37.897+0530][40.654s] GC(223)   Post Evacuate Collection Set: 0.4ms
[2025-06-03T15:44:37.897+0530][40.654s] GC(223)   Other: 0.2ms
[2025-06-03T15:44:37.897+0530][40.654s] GC(223) Eden regions: 306->0(306)
[2025-06-03T15:44:37.897+0530][40.654s] GC(223) Survivor regions: 1->1(39)
[2025-06-03T15:44:37.897+0530][40.654s] GC(223) Old regions: 9->9
[2025-06-03T15:44:37.897+0530][40.654s] GC(223) Archive regions: 2->2
[2025-06-03T15:44:37.897+0530][40.654s] GC(223) Humongous regions: 0->0
[2025-06-03T15:44:37.897+0530][40.654s] GC(223) Metaspace: 20283K(20800K)->20283K(20800K) NonClass: 17699K(17984K)->17699K(17984K) Class: 2584K(2816K)->2584K(2816K)
[2025-06-03T15:44:37.897+0530][40.654s] GC(223) Pause Young (Normal) (G1 Evacuation Pause) 315M->9M(512M) 1.126ms
[2025-06-03T15:44:37.897+0530][40.654s] GC(223) User=0.00s Sys=0.00s Real=0.00s
[2025-06-03T15:44:38.033+0530][40.790s] GC(224) Pause Young (Normal) (G1 Evacuation Pause)
[2025-06-03T15:44:38.033+0530][40.790s] GC(224) Using 8 workers of 8 for evacuation
[2025-06-03T15:44:38.033+0530][40.791s] GC(224) Skipped phase 1 of Reference Processing: no references
[2025-06-03T15:44:38.034+0530][40.791s] GC(224) Skipped phase 2 of Reference Processing: no references
[2025-06-03T15:44:38.034+0530][40.791s] GC(224) Skipped phase 3 of Reference Processing: no references
[2025-06-03T15:44:38.034+0530][40.791s] GC(224) Skipped phase 4 of Reference Processing: no references
[2025-06-03T15:44:38.034+0530][40.791s] GC(224)   Pre Evacuate Collection Set: 0.1ms
[2025-06-03T15:44:38.034+0530][40.791s] GC(224)   Merge Heap Roots: 0.1ms
[2025-06-03T15:44:38.034+0530][40.791s] GC(224)   Evacuate Collection Set: 0.2ms
[2025-06-03T15:44:38.034+0530][40.791s] GC(224)   Post Evacuate Collection Set: 0.5ms
[2025-06-03T15:44:38.034+0530][40.791s] GC(224)   Other: 0.2ms
[2025-06-03T15:44:38.034+0530][40.791s] GC(224) Eden regions: 306->0(306)
[2025-06-03T15:44:38.034+0530][40.792s] GC(224) Survivor regions: 1->1(39)
[2025-06-03T15:44:38.034+0530][40.792s] GC(224) Old regions: 9->9
[2025-06-03T15:44:38.034+0530][40.792s] GC(224) Archive regions: 2->2
[2025-06-03T15:44:38.034+0530][40.792s] GC(224) Humongous regions: 0->0
[2025-06-03T15:44:38.034+0530][40.792s] GC(224) Metaspace: 20283K(20800K)->20283K(20800K) NonClass: 17699K(17984K)->17699K(17984K) Class: 2584K(2816K)->2584K(2816K)
[2025-06-03T15:44:38.034+0530][40.792s] GC(224) Pause Young (Normal) (G1 Evacuation Pause) 315M->9M(512M) 1.268ms
[2025-06-03T15:44:38.034+0530][40.792s] GC(224) User=0.00s Sys=0.00s Real=0.00s
[2025-06-03T15:44:38.169+0530][40.926s] GC(225) Pause Young (Normal) (G1 Evacuation Pause)
[2025-06-03T15:44:38.169+0530][40.926s] GC(225) Using 8 workers of 8 for evacuation
[2025-06-03T15:44:38.170+0530][40.927s] GC(225) Skipped phase 1 of Reference Processing: no references
[2025-06-03T15:44:38.170+0530][40.927s] GC(225) Skipped phase 2 of Reference Processing: no references
[2025-06-03T15:44:38.170+0530][40.927s] GC(225) Skipped phase 3 of Reference Processing: no references
[2025-06-03T15:44:38.170+0530][40.927s] GC(225) Skipped phase 4 of Reference Processing: no references
[2025-06-03T15:44:38.170+0530][40.927s] GC(225)   Pre Evacuate Collection Set: 0.1ms
[2025-06-03T15:44:38.170+0530][40.927s] GC(225)   Merge Heap Roots: 0.1ms
[2025-06-03T15:44:38.170+0530][40.927s] GC(225)   Evacuate Collection Set: 0.2ms
[2025-06-03T15:44:38.170+0530][40.927s] GC(225)   Post Evacuate Collection Set: 0.4ms
[2025-06-03T15:44:38.170+0530][40.927s] GC(225)   Other: 0.2ms
[2025-06-03T15:44:38.170+0530][40.927s] GC(225) Eden regions: 306->0(306)
[2025-06-03T15:44:38.170+0530][40.927s] GC(225) Survivor regions: 1->1(39)
[2025-06-03T15:44:38.170+0530][40.928s] GC(225) Old regions: 9->9
[2025-06-03T15:44:38.170+0530][40.928s] GC(225) Archive regions: 2->2
[2025-06-03T15:44:38.170+0530][40.928s] GC(225) Humongous regions: 0->0
[2025-06-03T15:44:38.170+0530][40.928s] GC(225) Metaspace: 20283K(20800K)->20283K(20800K) NonClass: 17699K(17984K)->17699K(17984K) Class: 2584K(2816K)->2584K(2816K)
[2025-06-03T15:44:38.170+0530][40.928s] GC(225) Pause Young (Normal) (G1 Evacuation Pause) 315M->9M(512M) 1.191ms
[2025-06-03T15:44:38.170+0530][40.928s] GC(225) User=0.01s Sys=0.00s Real=0.01s
[2025-06-03T15:44:38.302+0530][41.059s] GC(226) Pause Young (Normal) (G1 Evacuation Pause)
[2025-06-03T15:44:38.302+0530][41.059s] GC(226) Using 8 workers of 8 for evacuation
[2025-06-03T15:44:38.302+0530][41.060s] GC(226) Skipped phase 1 of Reference Processing: no references
[2025-06-03T15:44:38.302+0530][41.060s] GC(226) Skipped phase 2 of Reference Processing: no references
[2025-06-03T15:44:38.302+0530][41.060s] GC(226) Skipped phase 3 of Reference Processing: no references
[2025-06-03T15:44:38.302+0530][41.060s] GC(226) Skipped phase 4 of Reference Processing: no references
[2025-06-03T15:44:38.303+0530][41.060s] GC(226)   Pre Evacuate Collection Set: 0.1ms
[2025-06-03T15:44:38.303+0530][41.060s] GC(226)   Merge Heap Roots: 0.1ms
[2025-06-03T15:44:38.303+0530][41.060s] GC(226)   Evacuate Collection Set: 0.3ms
[2025-06-03T15:44:38.303+0530][41.060s] GC(226)   Post Evacuate Collection Set: 0.4ms
[2025-06-03T15:44:38.303+0530][41.060s] GC(226)   Other: 0.2ms
[2025-06-03T15:44:38.303+0530][41.060s] GC(226) Eden regions: 306->0(306)
[2025-06-03T15:44:38.303+0530][41.060s] GC(226) Survivor regions: 1->1(39)
[2025-06-03T15:44:38.303+0530][41.060s] GC(226) Old regions: 9->9
[2025-06-03T15:44:38.303+0530][41.060s] GC(226) Archive regions: 2->2
[2025-06-03T15:44:38.303+0530][41.060s] GC(226) Humongous regions: 0->0
[2025-06-03T15:44:38.303+0530][41.060s] GC(226) Metaspace: 20283K(20800K)->20283K(20800K) NonClass: 17699K(17984K)->17699K(17984K) Class: 2584K(2816K)->2584K(2816K)
[2025-06-03T15:44:38.303+0530][41.060s] GC(226) Pause Young (Normal) (G1 Evacuation Pause) 315M->9M(512M) 1.134ms
[2025-06-03T15:44:38.303+0530][41.060s] GC(226) User=0.00s Sys=0.00s Real=0.00s
[2025-06-03T15:44:38.438+0530][41.195s] GC(227) Pause Young (Normal) (G1 Evacuation Pause)
[2025-06-03T15:44:38.438+0530][41.195s] GC(227) Using 8 workers of 8 for evacuation
[2025-06-03T15:44:38.438+0530][41.196s] GC(227) Skipped phase 1 of Reference Processing: no references
[2025-06-03T15:44:38.438+0530][41.196s] GC(227) Skipped phase 2 of Reference Processing: no references
[2025-06-03T15:44:38.438+0530][41.196s] GC(227) Skipped phase 3 of Reference Processing: no references
[2025-06-03T15:44:38.438+0530][41.196s] GC(227) Skipped phase 4 of Reference Processing: no references
[2025-06-03T15:44:38.439+0530][41.196s] GC(227)   Pre Evacuate Collection Set: 0.1ms
[2025-06-03T15:44:38.439+0530][41.196s] GC(227)   Merge Heap Roots: 0.1ms
[2025-06-03T15:44:38.439+0530][41.196s] GC(227)   Evacuate Collection Set: 0.3ms
[2025-06-03T15:44:38.439+0530][41.196s] GC(227)   Post Evacuate Collection Set: 0.4ms
[2025-06-03T15:44:38.439+0530][41.196s] GC(227)   Other: 0.3ms
[2025-06-03T15:44:38.439+0530][41.196s] GC(227) Eden regions: 306->0(306)
[2025-06-03T15:44:38.439+0530][41.196s] GC(227) Survivor regions: 1->1(39)
[2025-06-03T15:44:38.439+0530][41.196s] GC(227) Old regions: 9->9
[2025-06-03T15:44:38.439+0530][41.196s] GC(227) Archive regions: 2->2
[2025-06-03T15:44:38.439+0530][41.196s] GC(227) Humongous regions: 0->0
[2025-06-03T15:44:38.439+0530][41.196s] GC(227) Metaspace: 20283K(20800K)->20283K(20800K) NonClass: 17699K(17984K)->17699K(17984K) Class: 2584K(2816K)->2584K(2816K)
[2025-06-03T15:44:38.439+0530][41.196s] GC(227) Pause Young (Normal) (G1 Evacuation Pause) 315M->9M(512M) 1.326ms
[2025-06-03T15:44:38.439+0530][41.196s] GC(227) User=0.00s Sys=0.00s Real=0.00s
[2025-06-03T15:44:38.575+0530][41.332s] GC(228) Pause Young (Normal) (G1 Evacuation Pause)
[2025-06-03T15:44:38.575+0530][41.332s] GC(228) Using 8 workers of 8 for evacuation
[2025-06-03T15:44:38.575+0530][41.333s] GC(228) Skipped phase 1 of Reference Processing: no references
[2025-06-03T15:44:38.575+0530][41.333s] GC(228) Skipped phase 2 of Reference Processing: no references
[2025-06-03T15:44:38.575+0530][41.333s] GC(228) Skipped phase 3 of Reference Processing: no references
[2025-06-03T15:44:38.575+0530][41.333s] GC(228) Skipped phase 4 of Reference Processing: no references
[2025-06-03T15:44:38.576+0530][41.333s] GC(228)   Pre Evacuate Collection Set: 0.1ms
[2025-06-03T15:44:38.576+0530][41.333s] GC(228)   Merge Heap Roots: 0.1ms
[2025-06-03T15:44:38.576+0530][41.333s] GC(228)   Evacuate Collection Set: 0.2ms
[2025-06-03T15:44:38.576+0530][41.333s] GC(228)   Post Evacuate Collection Set: 0.4ms
[2025-06-03T15:44:38.576+0530][41.333s] GC(228)   Other: 0.2ms
[2025-06-03T15:44:38.576+0530][41.333s] GC(228) Eden regions: 306->0(306)
[2025-06-03T15:44:38.576+0530][41.333s] GC(228) Survivor regions: 1->1(39)
[2025-06-03T15:44:38.576+0530][41.333s] GC(228) Old regions: 9->9
[2025-06-03T15:44:38.576+0530][41.333s] GC(228) Archive regions: 2->2
[2025-06-03T15:44:38.576+0530][41.333s] GC(228) Humongous regions: 0->0
[2025-06-03T15:44:38.576+0530][41.333s] GC(228) Metaspace: 20283K(20800K)->20283K(20800K) NonClass: 17699K(17984K)->17699K(17984K) Class: 2584K(2816K)->2584K(2816K)
[2025-06-03T15:44:38.576+0530][41.333s] GC(228) Pause Young (Normal) (G1 Evacuation Pause) 315M->9M(512M) 1.101ms
[2025-06-03T15:44:38.576+0530][41.333s] GC(228) User=0.00s Sys=0.01s Real=0.00s
[2025-06-03T15:44:38.710+0530][41.468s] GC(229) Pause Young (Normal) (G1 Evacuation Pause)
[2025-06-03T15:44:38.710+0530][41.468s] GC(229) Using 8 workers of 8 for evacuation
[2025-06-03T15:44:38.711+0530][41.468s] GC(229) Skipped phase 1 of Reference Processing: no references
[2025-06-03T15:44:38.711+0530][41.468s] GC(229) Skipped phase 2 of Reference Processing: no references
[2025-06-03T15:44:38.711+0530][41.468s] GC(229) Skipped phase 3 of Reference Processing: no references
[2025-06-03T15:44:38.711+0530][41.468s] GC(229) Skipped phase 4 of Reference Processing: no references
[2025-06-03T15:44:38.711+0530][41.469s] GC(229)   Pre Evacuate Collection Set: 0.1ms
[2025-06-03T15:44:38.711+0530][41.469s] GC(229)   Merge Heap Roots: 0.1ms
[2025-06-03T15:44:38.711+0530][41.469s] GC(229)   Evacuate Collection Set: 0.2ms
[2025-06-03T15:44:38.711+0530][41.469s] GC(229)   Post Evacuate Collection Set: 0.4ms
[2025-06-03T15:44:38.711+0530][41.469s] GC(229)   Other: 0.2ms
[2025-06-03T15:44:38.711+0530][41.469s] GC(229) Eden regions: 306->0(306)
[2025-06-03T15:44:38.711+0530][41.469s] GC(229) Survivor regions: 1->1(39)
[2025-06-03T15:44:38.712+0530][41.469s] GC(229) Old regions: 9->9
[2025-06-03T15:44:38.712+0530][41.469s] GC(229) Archive regions: 2->2
[2025-06-03T15:44:38.712+0530][41.469s] GC(229) Humongous regions: 0->0
[2025-06-03T15:44:38.712+0530][41.469s] GC(229) Metaspace: 20283K(20800K)->20283K(20800K) NonClass: 17699K(17984K)->17699K(17984K) Class: 2584K(2816K)->2584K(2816K)
[2025-06-03T15:44:38.712+0530][41.469s] GC(229) Pause Young (Normal) (G1 Evacuation Pause) 315M->9M(512M) 1.184ms
[2025-06-03T15:44:38.712+0530][41.469s] GC(229) User=0.00s Sys=0.00s Real=0.00s
[2025-06-03T15:44:38.846+0530][41.603s] GC(230) Pause Young (Normal) (G1 Evacuation Pause)
[2025-06-03T15:44:38.846+0530][41.603s] GC(230) Using 8 workers of 8 for evacuation
[2025-06-03T15:44:38.846+0530][41.604s] GC(230) Skipped phase 1 of Reference Processing: no references
[2025-06-03T15:44:38.846+0530][41.604s] GC(230) Skipped phase 2 of Reference Processing: no references
[2025-06-03T15:44:38.846+0530][41.604s] GC(230) Skipped phase 3 of Reference Processing: no references
[2025-06-03T15:44:38.846+0530][41.604s] GC(230) Skipped phase 4 of Reference Processing: no references
[2025-06-03T15:44:38.847+0530][41.604s] GC(230)   Pre Evacuate Collection Set: 0.1ms
[2025-06-03T15:44:38.847+0530][41.604s] GC(230)   Merge Heap Roots: 0.1ms
[2025-06-03T15:44:38.847+0530][41.604s] GC(230)   Evacuate Collection Set: 0.2ms
[2025-06-03T15:44:38.847+0530][41.604s] GC(230)   Post Evacuate Collection Set: 0.4ms
[2025-06-03T15:44:38.847+0530][41.604s] GC(230)   Other: 0.2ms
[2025-06-03T15:44:38.847+0530][41.604s] GC(230) Eden regions: 306->0(306)
[2025-06-03T15:44:38.847+0530][41.604s] GC(230) Survivor regions: 1->1(39)
[2025-06-03T15:44:38.847+0530][41.604s] GC(230) Old regions: 9->9
[2025-06-03T15:44:38.847+0530][41.604s] GC(230) Archive regions: 2->2
[2025-06-03T15:44:38.847+0530][41.604s] GC(230) Humongous regions: 0->0
[2025-06-03T15:44:38.847+0530][41.604s] GC(230) Metaspace: 20283K(20800K)->20283K(20800K) NonClass: 17699K(17984K)->17699K(17984K) Class: 2584K(2816K)->2584K(2816K)
[2025-06-03T15:44:38.847+0530][41.604s] GC(230) Pause Young (Normal) (G1 Evacuation Pause) 315M->9M(512M) 1.161ms
[2025-06-03T15:44:38.847+0530][41.604s] GC(230) User=0.01s Sys=0.00s Real=0.00s
[2025-06-03T15:44:38.984+0530][41.742s] GC(231) Pause Young (Normal) (G1 Evacuation Pause)
[2025-06-03T15:44:38.985+0530][41.742s] GC(231) Using 8 workers of 8 for evacuation
[2025-06-03T15:44:38.985+0530][41.742s] GC(231) Skipped phase 1 of Reference Processing: no references
[2025-06-03T15:44:38.985+0530][41.742s] GC(231) Skipped phase 2 of Reference Processing: no references
[2025-06-03T15:44:38.985+0530][41.742s] GC(231) Skipped phase 3 of Reference Processing: no references
[2025-06-03T15:44:38.985+0530][41.742s] GC(231) Skipped phase 4 of Reference Processing: no references
[2025-06-03T15:44:38.985+0530][41.743s] GC(231)   Pre Evacuate Collection Set: 0.1ms
[2025-06-03T15:44:38.985+0530][41.743s] GC(231)   Merge Heap Roots: 0.1ms
[2025-06-03T15:44:38.985+0530][41.743s] GC(231)   Evacuate Collection Set: 0.2ms
[2025-06-03T15:44:38.985+0530][41.743s] GC(231)   Post Evacuate Collection Set: 0.4ms
[2025-06-03T15:44:38.985+0530][41.743s] GC(231)   Other: 0.2ms
[2025-06-03T15:44:38.985+0530][41.743s] GC(231) Eden regions: 306->0(306)
[2025-06-03T15:44:38.985+0530][41.743s] GC(231) Survivor regions: 1->1(39)
[2025-06-03T15:44:38.986+0530][41.743s] GC(231) Old regions: 9->9
[2025-06-03T15:44:38.986+0530][41.743s] GC(231) Archive regions: 2->2
[2025-06-03T15:44:38.986+0530][41.743s] GC(231) Humongous regions: 0->0
[2025-06-03T15:44:38.986+0530][41.743s] GC(231) Metaspace: 20285K(20800K)->20285K(20800K) NonClass: 17701K(17984K)->17701K(17984K) Class: 2584K(2816K)->2584K(2816K)
[2025-06-03T15:44:38.986+0530][41.743s] GC(231) Pause Young (Normal) (G1 Evacuation Pause) 315M->9M(512M) 1.188ms
[2025-06-03T15:44:38.986+0530][41.743s] GC(231) User=0.00s Sys=0.00s Real=0.00s
[2025-06-03T15:44:39.131+0530][41.889s] GC(232) Pause Young (Normal) (G1 Evacuation Pause)
[2025-06-03T15:44:39.132+0530][41.889s] GC(232) Using 8 workers of 8 for evacuation
[2025-06-03T15:44:39.132+0530][41.889s] GC(232) Skipped phase 1 of Reference Processing: no references
[2025-06-03T15:44:39.132+0530][41.889s] GC(232) Skipped phase 2 of Reference Processing: no references
[2025-06-03T15:44:39.132+0530][41.889s] GC(232) Skipped phase 3 of Reference Processing: no references
[2025-06-03T15:44:39.132+0530][41.889s] GC(232) Skipped phase 4 of Reference Processing: no references
[2025-06-03T15:44:39.132+0530][41.890s] GC(232)   Pre Evacuate Collection Set: 0.1ms
[2025-06-03T15:44:39.132+0530][41.890s] GC(232)   Merge Heap Roots: 0.1ms
[2025-06-03T15:44:39.132+0530][41.890s] GC(232)   Evacuate Collection Set: 0.2ms
[2025-06-03T15:44:39.132+0530][41.890s] GC(232)   Post Evacuate Collection Set: 0.4ms
[2025-06-03T15:44:39.132+0530][41.890s] GC(232)   Other: 0.2ms
[2025-06-03T15:44:39.132+0530][41.890s] GC(232) Eden regions: 306->0(306)
[2025-06-03T15:44:39.133+0530][41.890s] GC(232) Survivor regions: 1->1(39)
[2025-06-03T15:44:39.133+0530][41.890s] GC(232) Old regions: 9->9
[2025-06-03T15:44:39.133+0530][41.890s] GC(232) Archive regions: 2->2
[2025-06-03T15:44:39.133+0530][41.890s] GC(232) Humongous regions: 0->0
[2025-06-03T15:44:39.133+0530][41.890s] GC(232) Metaspace: 20285K(20800K)->20285K(20800K) NonClass: 17701K(17984K)->17701K(17984K) Class: 2584K(2816K)->2584K(2816K)
[2025-06-03T15:44:39.133+0530][41.890s] GC(232) Pause Young (Normal) (G1 Evacuation Pause) 315M->9M(512M) 1.144ms
[2025-06-03T15:44:39.133+0530][41.890s] GC(232) User=0.00s Sys=0.00s Real=0.00s
[2025-06-03T15:44:39.267+0530][42.024s] GC(233) Pause Young (Normal) (G1 Evacuation Pause)
[2025-06-03T15:44:39.267+0530][42.024s] GC(233) Using 8 workers of 8 for evacuation
[2025-06-03T15:44:39.267+0530][42.025s] GC(233) Skipped phase 1 of Reference Processing: no references
[2025-06-03T15:44:39.267+0530][42.025s] GC(233) Skipped phase 2 of Reference Processing: no references
[2025-06-03T15:44:39.267+0530][42.025s] GC(233) Skipped phase 3 of Reference Processing: no references
[2025-06-03T15:44:39.267+0530][42.025s] GC(233) Skipped phase 4 of Reference Processing: no references
[2025-06-03T15:44:39.268+0530][42.025s] GC(233)   Pre Evacuate Collection Set: 0.1ms
[2025-06-03T15:44:39.268+0530][42.025s] GC(233)   Merge Heap Roots: 0.1ms
[2025-06-03T15:44:39.268+0530][42.025s] GC(233)   Evacuate Collection Set: 0.2ms
[2025-06-03T15:44:39.268+0530][42.025s] GC(233)   Post Evacuate Collection Set: 0.5ms
[2025-06-03T15:44:39.268+0530][42.025s] GC(233)   Other: 0.2ms
[2025-06-03T15:44:39.268+0530][42.025s] GC(233) Eden regions: 306->0(306)
[2025-06-03T15:44:39.268+0530][42.025s] GC(233) Survivor regions: 1->1(39)
[2025-06-03T15:44:39.268+0530][42.025s] GC(233) Old regions: 9->9
[2025-06-03T15:44:39.268+0530][42.025s] GC(233) Archive regions: 2->2
[2025-06-03T15:44:39.268+0530][42.025s] GC(233) Humongous regions: 0->0
[2025-06-03T15:44:39.268+0530][42.025s] GC(233) Metaspace: 20285K(20800K)->20285K(20800K) NonClass: 17701K(17984K)->17701K(17984K) Class: 2584K(2816K)->2584K(2816K)
[2025-06-03T15:44:39.268+0530][42.025s] GC(233) Pause Young (Normal) (G1 Evacuation Pause) 315M->9M(512M) 1.248ms
[2025-06-03T15:44:39.268+0530][42.025s] GC(233) User=0.00s Sys=0.00s Real=0.00s
[2025-06-03T15:44:39.403+0530][42.160s] GC(234) Pause Young (Normal) (G1 Evacuation Pause)
[2025-06-03T15:44:39.403+0530][42.160s] GC(234) Using 8 workers of 8 for evacuation
[2025-06-03T15:44:39.403+0530][42.161s] GC(234) Skipped phase 1 of Reference Processing: no references
[2025-06-03T15:44:39.403+0530][42.161s] GC(234) Skipped phase 2 of Reference Processing: no references
[2025-06-03T15:44:39.403+0530][42.161s] GC(234) Skipped phase 3 of Reference Processing: no references
[2025-06-03T15:44:39.403+0530][42.161s] GC(234) Skipped phase 4 of Reference Processing: no references
[2025-06-03T15:44:39.404+0530][42.161s] GC(234)   Pre Evacuate Collection Set: 0.1ms
[2025-06-03T15:44:39.404+0530][42.161s] GC(234)   Merge Heap Roots: 0.1ms
[2025-06-03T15:44:39.404+0530][42.161s] GC(234)   Evacuate Collection Set: 0.2ms
[2025-06-03T15:44:39.404+0530][42.161s] GC(234)   Post Evacuate Collection Set: 0.5ms
[2025-06-03T15:44:39.404+0530][42.161s] GC(234)   Other: 0.2ms
[2025-06-03T15:44:39.404+0530][42.161s] GC(234) Eden regions: 306->0(306)
[2025-06-03T15:44:39.404+0530][42.161s] GC(234) Survivor regions: 1->1(39)
[2025-06-03T15:44:39.404+0530][42.161s] GC(234) Old regions: 9->9
[2025-06-03T15:44:39.404+0530][42.161s] GC(234) Archive regions: 2->2
[2025-06-03T15:44:39.404+0530][42.161s] GC(234) Humongous regions: 0->0
[2025-06-03T15:44:39.404+0530][42.161s] GC(234) Metaspace: 20285K(20800K)->20285K(20800K) NonClass: 17701K(17984K)->17701K(17984K) Class: 2584K(2816K)->2584K(2816K)
[2025-06-03T15:44:39.404+0530][42.161s] GC(234) Pause Young (Normal) (G1 Evacuation Pause) 315M->9M(512M) 1.224ms
[2025-06-03T15:44:39.404+0530][42.161s] GC(234) User=0.00s Sys=0.00s Real=0.00s
[2025-06-03T15:44:39.539+0530][42.296s] GC(235) Pause Young (Normal) (G1 Evacuation Pause)
[2025-06-03T15:44:39.539+0530][42.296s] GC(235) Using 8 workers of 8 for evacuation
[2025-06-03T15:44:39.540+0530][42.297s] GC(235) Skipped phase 1 of Reference Processing: no references
[2025-06-03T15:44:39.540+0530][42.297s] GC(235) Skipped phase 2 of Reference Processing: no references
[2025-06-03T15:44:39.540+0530][42.297s] GC(235) Skipped phase 3 of Reference Processing: no references
[2025-06-03T15:44:39.540+0530][42.297s] GC(235) Skipped phase 4 of Reference Processing: no references
[2025-06-03T15:44:39.540+0530][42.297s] GC(235)   Pre Evacuate Collection Set: 0.1ms
[2025-06-03T15:44:39.540+0530][42.297s] GC(235)   Merge Heap Roots: 0.1ms
[2025-06-03T15:44:39.540+0530][42.297s] GC(235)   Evacuate Collection Set: 0.2ms
[2025-06-03T15:44:39.540+0530][42.297s] GC(235)   Post Evacuate Collection Set: 0.4ms
[2025-06-03T15:44:39.540+0530][42.297s] GC(235)   Other: 0.2ms
[2025-06-03T15:44:39.540+0530][42.297s] GC(235) Eden regions: 306->0(306)
[2025-06-03T15:44:39.540+0530][42.297s] GC(235) Survivor regions: 1->1(39)
[2025-06-03T15:44:39.540+0530][42.298s] GC(235) Old regions: 9->9
[2025-06-03T15:44:39.540+0530][42.298s] GC(235) Archive regions: 2->2
[2025-06-03T15:44:39.540+0530][42.298s] GC(235) Humongous regions: 0->0
[2025-06-03T15:44:39.540+0530][42.298s] GC(235) Metaspace: 20285K(20800K)->20285K(20800K) NonClass: 17701K(17984K)->17701K(17984K) Class: 2584K(2816K)->2584K(2816K)
[2025-06-03T15:44:39.540+0530][42.298s] GC(235) Pause Young (Normal) (G1 Evacuation Pause) 315M->9M(512M) 1.153ms
[2025-06-03T15:44:39.540+0530][42.298s] GC(235) User=0.00s Sys=0.00s Real=0.01s
[2025-06-03T15:44:39.674+0530][42.431s] GC(236) Pause Young (Normal) (G1 Evacuation Pause)
[2025-06-03T15:44:39.674+0530][42.431s] GC(236) Using 8 workers of 8 for evacuation
[2025-06-03T15:44:39.674+0530][42.432s] GC(236) Skipped phase 1 of Reference Processing: no references
[2025-06-03T15:44:39.674+0530][42.432s] GC(236) Skipped phase 2 of Reference Processing: no references
[2025-06-03T15:44:39.675+0530][42.432s] GC(236) Skipped phase 3 of Reference Processing: no references
[2025-06-03T15:44:39.675+0530][42.432s] GC(236) Skipped phase 4 of Reference Processing: no references
[2025-06-03T15:44:39.675+0530][42.432s] GC(236)   Pre Evacuate Collection Set: 0.1ms
[2025-06-03T15:44:39.675+0530][42.432s] GC(236)   Merge Heap Roots: 0.1ms
[2025-06-03T15:44:39.675+0530][42.432s] GC(236)   Evacuate Collection Set: 0.2ms
[2025-06-03T15:44:39.675+0530][42.432s] GC(236)   Post Evacuate Collection Set: 0.5ms
[2025-06-03T15:44:39.675+0530][42.432s] GC(236)   Other: 0.2ms
[2025-06-03T15:44:39.675+0530][42.432s] GC(236) Eden regions: 306->0(306)
[2025-06-03T15:44:39.675+0530][42.432s] GC(236) Survivor regions: 1->1(39)
[2025-06-03T15:44:39.675+0530][42.432s] GC(236) Old regions: 9->9
[2025-06-03T15:44:39.675+0530][42.433s] GC(236) Archive regions: 2->2
[2025-06-03T15:44:39.675+0530][42.433s] GC(236) Humongous regions: 0->0
[2025-06-03T15:44:39.675+0530][42.433s] GC(236) Metaspace: 20285K(20800K)->20285K(20800K) NonClass: 17701K(17984K)->17701K(17984K) Class: 2584K(2816K)->2584K(2816K)
[2025-06-03T15:44:39.675+0530][42.433s] GC(236) Pause Young (Normal) (G1 Evacuation Pause) 315M->9M(512M) 1.210ms
[2025-06-03T15:44:39.675+0530][42.433s] GC(236) User=0.01s Sys=0.00s Real=0.00s
[2025-06-03T15:44:39.812+0530][42.569s] GC(237) Pause Young (Normal) (G1 Evacuation Pause)
[2025-06-03T15:44:39.812+0530][42.569s] GC(237) Using 8 workers of 8 for evacuation
[2025-06-03T15:44:39.812+0530][42.570s] GC(237) Skipped phase 1 of Reference Processing: no references
[2025-06-03T15:44:39.812+0530][42.570s] GC(237) Skipped phase 2 of Reference Processing: no references
[2025-06-03T15:44:39.812+0530][42.570s] GC(237) Skipped phase 3 of Reference Processing: no references
[2025-06-03T15:44:39.812+0530][42.570s] GC(237) Skipped phase 4 of Reference Processing: no references
[2025-06-03T15:44:39.813+0530][42.570s] GC(237)   Pre Evacuate Collection Set: 0.1ms
[2025-06-03T15:44:39.813+0530][42.570s] GC(237)   Merge Heap Roots: 0.1ms
[2025-06-03T15:44:39.813+0530][42.570s] GC(237)   Evacuate Collection Set: 0.2ms
[2025-06-03T15:44:39.813+0530][42.570s] GC(237)   Post Evacuate Collection Set: 0.4ms
[2025-06-03T15:44:39.813+0530][42.570s] GC(237)   Other: 0.2ms
[2025-06-03T15:44:39.813+0530][42.570s] GC(237) Eden regions: 306->0(306)
[2025-06-03T15:44:39.813+0530][42.570s] GC(237) Survivor regions: 1->1(39)
[2025-06-03T15:44:39.813+0530][42.570s] GC(237) Old regions: 9->9
[2025-06-03T15:44:39.813+0530][42.570s] GC(237) Archive regions: 2->2
[2025-06-03T15:44:39.813+0530][42.570s] GC(237) Humongous regions: 0->0
[2025-06-03T15:44:39.813+0530][42.570s] GC(237) Metaspace: 20285K(20800K)->20285K(20800K) NonClass: 17701K(17984K)->17701K(17984K) Class: 2584K(2816K)->2584K(2816K)
[2025-06-03T15:44:39.813+0530][42.570s] GC(237) Pause Young (Normal) (G1 Evacuation Pause) 315M->9M(512M) 1.144ms
[2025-06-03T15:44:39.813+0530][42.570s] GC(237) User=0.01s Sys=0.00s Real=0.00s
[2025-06-03T15:44:39.948+0530][42.705s] GC(238) Pause Young (Normal) (G1 Evacuation Pause)
[2025-06-03T15:44:39.948+0530][42.705s] GC(238) Using 8 workers of 8 for evacuation
[2025-06-03T15:44:39.948+0530][42.706s] GC(238) Skipped phase 1 of Reference Processing: no references
[2025-06-03T15:44:39.948+0530][42.706s] GC(238) Skipped phase 2 of Reference Processing: no references
[2025-06-03T15:44:39.948+0530][42.706s] GC(238) Skipped phase 3 of Reference Processing: no references
[2025-06-03T15:44:39.948+0530][42.706s] GC(238) Skipped phase 4 of Reference Processing: no references
[2025-06-03T15:44:39.949+0530][42.706s] GC(238)   Pre Evacuate Collection Set: 0.1ms
[2025-06-03T15:44:39.949+0530][42.706s] GC(238)   Merge Heap Roots: 0.1ms
[2025-06-03T15:44:39.949+0530][42.706s] GC(238)   Evacuate Collection Set: 0.3ms
[2025-06-03T15:44:39.949+0530][42.706s] GC(238)   Post Evacuate Collection Set: 0.5ms
[2025-06-03T15:44:39.949+0530][42.706s] GC(238)   Other: 0.2ms
[2025-06-03T15:44:39.949+0530][42.706s] GC(238) Eden regions: 306->0(306)
[2025-06-03T15:44:39.949+0530][42.706s] GC(238) Survivor regions: 1->1(39)
[2025-06-03T15:44:39.949+0530][42.706s] GC(238) Old regions: 9->9
[2025-06-03T15:44:39.949+0530][42.706s] GC(238) Archive regions: 2->2
[2025-06-03T15:44:39.949+0530][42.706s] GC(238) Humongous regions: 0->0
[2025-06-03T15:44:39.949+0530][42.706s] GC(238) Metaspace: 20293K(20800K)->20293K(20800K) NonClass: 17708K(17984K)->17708K(17984K) Class: 2584K(2816K)->2584K(2816K)
[2025-06-03T15:44:39.949+0530][42.706s] GC(238) Pause Young (Normal) (G1 Evacuation Pause) 315M->9M(512M) 1.253ms
[2025-06-03T15:44:39.949+0530][42.706s] GC(238) User=0.00s Sys=0.00s Real=0.00s
[2025-06-03T15:44:40.086+0530][42.843s] GC(239) Pause Young (Normal) (G1 Evacuation Pause)
[2025-06-03T15:44:40.086+0530][42.843s] GC(239) Using 8 workers of 8 for evacuation
[2025-06-03T15:44:40.086+0530][42.843s] GC(239) Skipped phase 1 of Reference Processing: no references
[2025-06-03T15:44:40.086+0530][42.844s] GC(239) Skipped phase 2 of Reference Processing: no references
[2025-06-03T15:44:40.086+0530][42.844s] GC(239) Skipped phase 3 of Reference Processing: no references
[2025-06-03T15:44:40.086+0530][42.844s] GC(239) Skipped phase 4 of Reference Processing: no references
[2025-06-03T15:44:40.086+0530][42.844s] GC(239)   Pre Evacuate Collection Set: 0.1ms
[2025-06-03T15:44:40.087+0530][42.844s] GC(239)   Merge Heap Roots: 0.1ms
[2025-06-03T15:44:40.087+0530][42.844s] GC(239)   Evacuate Collection Set: 0.2ms
[2025-06-03T15:44:40.087+0530][42.844s] GC(239)   Post Evacuate Collection Set: 0.5ms
[2025-06-03T15:44:40.087+0530][42.844s] GC(239)   Other: 0.2ms
[2025-06-03T15:44:40.087+0530][42.844s] GC(239) Eden regions: 306->0(306)
[2025-06-03T15:44:40.087+0530][42.844s] GC(239) Survivor regions: 1->1(39)
[2025-06-03T15:44:40.087+0530][42.844s] GC(239) Old regions: 9->9
[2025-06-03T15:44:40.087+0530][42.844s] GC(239) Archive regions: 2->2
[2025-06-03T15:44:40.087+0530][42.844s] GC(239) Humongous regions: 0->0
[2025-06-03T15:44:40.087+0530][42.844s] GC(239) Metaspace: 20293K(20800K)->20293K(20800K) NonClass: 17708K(17984K)->17708K(17984K) Class: 2584K(2816K)->2584K(2816K)
[2025-06-03T15:44:40.087+0530][42.844s] GC(239) Pause Young (Normal) (G1 Evacuation Pause) 315M->9M(512M) 1.187ms
[2025-06-03T15:44:40.087+0530][42.844s] GC(239) User=0.00s Sys=0.00s Real=0.00s
[2025-06-03T15:44:40.222+0530][42.980s] GC(240) Pause Young (Normal) (G1 Evacuation Pause)
[2025-06-03T15:44:40.223+0530][42.980s] GC(240) Using 8 workers of 8 for evacuation
[2025-06-03T15:44:40.223+0530][42.980s] GC(240) Skipped phase 1 of Reference Processing: no references
[2025-06-03T15:44:40.223+0530][42.980s] GC(240) Skipped phase 2 of Reference Processing: no references
[2025-06-03T15:44:40.223+0530][42.981s] GC(240) Skipped phase 3 of Reference Processing: no references
[2025-06-03T15:44:40.223+0530][42.981s] GC(240) Skipped phase 4 of Reference Processing: no references
[2025-06-03T15:44:40.223+0530][42.981s] GC(240)   Pre Evacuate Collection Set: 0.1ms
[2025-06-03T15:44:40.223+0530][42.981s] GC(240)   Merge Heap Roots: 0.1ms
[2025-06-03T15:44:40.224+0530][42.981s] GC(240)   Evacuate Collection Set: 0.2ms
[2025-06-03T15:44:40.224+0530][42.981s] GC(240)   Post Evacuate Collection Set: 0.4ms
[2025-06-03T15:44:40.224+0530][42.981s] GC(240)   Other: 0.2ms
[2025-06-03T15:44:40.224+0530][42.981s] GC(240) Eden regions: 306->0(306)
[2025-06-03T15:44:40.224+0530][42.981s] GC(240) Survivor regions: 1->1(39)
[2025-06-03T15:44:40.224+0530][42.981s] GC(240) Old regions: 9->9
[2025-06-03T15:44:40.224+0530][42.981s] GC(240) Archive regions: 2->2
[2025-06-03T15:44:40.224+0530][42.981s] GC(240) Humongous regions: 0->0
[2025-06-03T15:44:40.224+0530][42.981s] GC(240) Metaspace: 20293K(20800K)->20293K(20800K) NonClass: 17708K(17984K)->17708K(17984K) Class: 2584K(2816K)->2584K(2816K)
[2025-06-03T15:44:40.224+0530][42.981s] GC(240) Pause Young (Normal) (G1 Evacuation Pause) 315M->9M(512M) 1.175ms
[2025-06-03T15:44:40.224+0530][42.981s] GC(240) User=0.00s Sys=0.00s Real=0.00s
[2025-06-03T15:44:40.359+0530][43.117s] GC(241) Pause Young (Normal) (G1 Evacuation Pause)
[2025-06-03T15:44:40.359+0530][43.117s] GC(241) Using 8 workers of 8 for evacuation
[2025-06-03T15:44:40.360+0530][43.117s] GC(241) Skipped phase 1 of Reference Processing: no references
[2025-06-03T15:44:40.360+0530][43.117s] GC(241) Skipped phase 2 of Reference Processing: no references
[2025-06-03T15:44:40.360+0530][43.117s] GC(241) Skipped phase 3 of Reference Processing: no references
[2025-06-03T15:44:40.360+0530][43.117s] GC(241) Skipped phase 4 of Reference Processing: no references
[2025-06-03T15:44:40.360+0530][43.118s] GC(241)   Pre Evacuate Collection Set: 0.1ms
[2025-06-03T15:44:40.360+0530][43.118s] GC(241)   Merge Heap Roots: 0.1ms
[2025-06-03T15:44:40.360+0530][43.118s] GC(241)   Evacuate Collection Set: 0.2ms
[2025-06-03T15:44:40.360+0530][43.118s] GC(241)   Post Evacuate Collection Set: 0.4ms
[2025-06-03T15:44:40.360+0530][43.118s] GC(241)   Other: 0.2ms
[2025-06-03T15:44:40.360+0530][43.118s] GC(241) Eden regions: 306->0(306)
[2025-06-03T15:44:40.360+0530][43.118s] GC(241) Survivor regions: 1->1(39)
[2025-06-03T15:44:40.360+0530][43.118s] GC(241) Old regions: 9->9
[2025-06-03T15:44:40.360+0530][43.118s] GC(241) Archive regions: 2->2
[2025-06-03T15:44:40.360+0530][43.118s] GC(241) Humongous regions: 0->0
[2025-06-03T15:44:40.360+0530][43.118s] GC(241) Metaspace: 20293K(20800K)->20293K(20800K) NonClass: 17708K(17984K)->17708K(17984K) Class: 2584K(2816K)->2584K(2816K)
[2025-06-03T15:44:40.360+0530][43.118s] GC(241) Pause Young (Normal) (G1 Evacuation Pause) 315M->9M(512M) 1.219ms
[2025-06-03T15:44:40.360+0530][43.118s] GC(241) User=0.00s Sys=0.00s Real=0.01s
[2025-06-03T15:44:40.495+0530][43.252s] GC(242) Pause Young (Normal) (G1 Evacuation Pause)
[2025-06-03T15:44:40.495+0530][43.253s] GC(242) Using 8 workers of 8 for evacuation
[2025-06-03T15:44:40.496+0530][43.253s] GC(242) Skipped phase 1 of Reference Processing: no references
[2025-06-03T15:44:40.496+0530][43.253s] GC(242) Skipped phase 2 of Reference Processing: no references
[2025-06-03T15:44:40.496+0530][43.253s] GC(242) Skipped phase 3 of Reference Processing: no references
[2025-06-03T15:44:40.496+0530][43.253s] GC(242) Skipped phase 4 of Reference Processing: no references
[2025-06-03T15:44:40.496+0530][43.254s] GC(242)   Pre Evacuate Collection Set: 0.1ms
[2025-06-03T15:44:40.496+0530][43.254s] GC(242)   Merge Heap Roots: 0.1ms
[2025-06-03T15:44:40.496+0530][43.254s] GC(242)   Evacuate Collection Set: 0.3ms
[2025-06-03T15:44:40.496+0530][43.254s] GC(242)   Post Evacuate Collection Set: 0.6ms
[2025-06-03T15:44:40.496+0530][43.254s] GC(242)   Other: 0.2ms
[2025-06-03T15:44:40.496+0530][43.254s] GC(242) Eden regions: 306->0(306)
[2025-06-03T15:44:40.496+0530][43.254s] GC(242) Survivor regions: 1->1(39)
[2025-06-03T15:44:40.496+0530][43.254s] GC(242) Old regions: 9->9
[2025-06-03T15:44:40.496+0530][43.254s] GC(242) Archive regions: 2->2
[2025-06-03T15:44:40.496+0530][43.254s] GC(242) Humongous regions: 0->0
[2025-06-03T15:44:40.496+0530][43.254s] GC(242) Metaspace: 20293K(20800K)->20293K(20800K) NonClass: 17708K(17984K)->17708K(17984K) Class: 2584K(2816K)->2584K(2816K)
[2025-06-03T15:44:40.496+0530][43.254s] GC(242) Pause Young (Normal) (G1 Evacuation Pause) 315M->9M(512M) 1.375ms
[2025-06-03T15:44:40.496+0530][43.254s] GC(242) User=0.00s Sys=0.01s Real=0.00s
[2025-06-03T15:44:40.631+0530][43.388s] GC(243) Pause Young (Normal) (G1 Evacuation Pause)
[2025-06-03T15:44:40.631+0530][43.388s] GC(243) Using 8 workers of 8 for evacuation
[2025-06-03T15:44:40.631+0530][43.389s] GC(243) Skipped phase 1 of Reference Processing: no references
[2025-06-03T15:44:40.631+0530][43.389s] GC(243) Skipped phase 2 of Reference Processing: no references
[2025-06-03T15:44:40.631+0530][43.389s] GC(243) Skipped phase 3 of Reference Processing: no references
[2025-06-03T15:44:40.631+0530][43.389s] GC(243) Skipped phase 4 of Reference Processing: no references
[2025-06-03T15:44:40.632+0530][43.389s] GC(243)   Pre Evacuate Collection Set: 0.1ms
[2025-06-03T15:44:40.632+0530][43.389s] GC(243)   Merge Heap Roots: 0.1ms
[2025-06-03T15:44:40.632+0530][43.389s] GC(243)   Evacuate Collection Set: 0.2ms
[2025-06-03T15:44:40.632+0530][43.389s] GC(243)   Post Evacuate Collection Set: 0.4ms
[2025-06-03T15:44:40.632+0530][43.389s] GC(243)   Other: 0.2ms
[2025-06-03T15:44:40.632+0530][43.389s] GC(243) Eden regions: 306->0(306)
[2025-06-03T15:44:40.632+0530][43.389s] GC(243) Survivor regions: 1->1(39)
[2025-06-03T15:44:40.632+0530][43.389s] GC(243) Old regions: 9->9
[2025-06-03T15:44:40.632+0530][43.389s] GC(243) Archive regions: 2->2
[2025-06-03T15:44:40.632+0530][43.389s] GC(243) Humongous regions: 0->0
[2025-06-03T15:44:40.632+0530][43.389s] GC(243) Metaspace: 20293K(20800K)->20293K(20800K) NonClass: 17708K(17984K)->17708K(17984K) Class: 2584K(2816K)->2584K(2816K)
[2025-06-03T15:44:40.632+0530][43.389s] GC(243) Pause Young (Normal) (G1 Evacuation Pause) 315M->9M(512M) 1.126ms
[2025-06-03T15:44:40.632+0530][43.390s] GC(243) User=0.00s Sys=0.00s Real=0.00s
[2025-06-03T15:44:40.768+0530][43.526s] GC(244) Pause Young (Normal) (G1 Evacuation Pause)
[2025-06-03T15:44:40.768+0530][43.526s] GC(244) Using 8 workers of 8 for evacuation
[2025-06-03T15:44:40.769+0530][43.526s] GC(244) Skipped phase 1 of Reference Processing: no references
[2025-06-03T15:44:40.769+0530][43.526s] GC(244) Skipped phase 2 of Reference Processing: no references
[2025-06-03T15:44:40.769+0530][43.526s] GC(244) Skipped phase 3 of Reference Processing: no references
[2025-06-03T15:44:40.769+0530][43.526s] GC(244) Skipped phase 4 of Reference Processing: no references
[2025-06-03T15:44:40.769+0530][43.527s] GC(244)   Pre Evacuate Collection Set: 0.1ms
[2025-06-03T15:44:40.769+0530][43.527s] GC(244)   Merge Heap Roots: 0.1ms
[2025-06-03T15:44:40.769+0530][43.527s] GC(244)   Evacuate Collection Set: 0.2ms
[2025-06-03T15:44:40.769+0530][43.527s] GC(244)   Post Evacuate Collection Set: 0.4ms
[2025-06-03T15:44:40.769+0530][43.527s] GC(244)   Other: 0.2ms
[2025-06-03T15:44:40.769+0530][43.527s] GC(244) Eden regions: 306->0(306)
[2025-06-03T15:44:40.769+0530][43.527s] GC(244) Survivor regions: 1->1(39)
[2025-06-03T15:44:40.769+0530][43.527s] GC(244) Old regions: 9->9
[2025-06-03T15:44:40.769+0530][43.527s] GC(244) Archive regions: 2->2
[2025-06-03T15:44:40.769+0530][43.527s] GC(244) Humongous regions: 0->0
[2025-06-03T15:44:40.769+0530][43.527s] GC(244) Metaspace: 20293K(20800K)->20293K(20800K) NonClass: 17708K(17984K)->17708K(17984K) Class: 2584K(2816K)->2584K(2816K)
[2025-06-03T15:44:40.769+0530][43.527s] GC(244) Pause Young (Normal) (G1 Evacuation Pause) 315M->9M(512M) 1.226ms
[2025-06-03T15:44:40.769+0530][43.527s] GC(244) User=0.00s Sys=0.00s Real=0.00s
[2025-06-03T15:44:40.910+0530][43.667s] GC(245) Pause Young (Normal) (G1 Evacuation Pause)
[2025-06-03T15:44:40.910+0530][43.667s] GC(245) Using 8 workers of 8 for evacuation
[2025-06-03T15:44:40.910+0530][43.668s] GC(245) Skipped phase 1 of Reference Processing: no references
[2025-06-03T15:44:40.910+0530][43.668s] GC(245) Skipped phase 2 of Reference Processing: no references
[2025-06-03T15:44:40.910+0530][43.668s] GC(245) Skipped phase 3 of Reference Processing: no references
[2025-06-03T15:44:40.910+0530][43.668s] GC(245) Skipped phase 4 of Reference Processing: no references
[2025-06-03T15:44:40.911+0530][43.668s] GC(245)   Pre Evacuate Collection Set: 0.1ms
[2025-06-03T15:44:40.911+0530][43.668s] GC(245)   Merge Heap Roots: 0.1ms
[2025-06-03T15:44:40.911+0530][43.668s] GC(245)   Evacuate Collection Set: 0.2ms
[2025-06-03T15:44:40.911+0530][43.668s] GC(245)   Post Evacuate Collection Set: 0.4ms
[2025-06-03T15:44:40.911+0530][43.668s] GC(245)   Other: 0.2ms
[2025-06-03T15:44:40.911+0530][43.668s] GC(245) Eden regions: 306->0(306)
[2025-06-03T15:44:40.911+0530][43.668s] GC(245) Survivor regions: 1->1(39)
[2025-06-03T15:44:40.911+0530][43.668s] GC(245) Old regions: 9->9
[2025-06-03T15:44:40.911+0530][43.668s] GC(245) Archive regions: 2->2
[2025-06-03T15:44:40.911+0530][43.668s] GC(245) Humongous regions: 0->0
[2025-06-03T15:44:40.911+0530][43.668s] GC(245) Metaspace: 20298K(20800K)->20298K(20800K) NonClass: 17714K(17984K)->17714K(17984K) Class: 2584K(2816K)->2584K(2816K)
[2025-06-03T15:44:40.911+0530][43.668s] GC(245) Pause Young (Normal) (G1 Evacuation Pause) 315M->9M(512M) 1.175ms
[2025-06-03T15:44:40.911+0530][43.668s] GC(245) User=0.00s Sys=0.00s Real=0.00s
[2025-06-03T15:44:41.046+0530][43.804s] GC(246) Pause Young (Normal) (G1 Evacuation Pause)
[2025-06-03T15:44:41.046+0530][43.804s] GC(246) Using 8 workers of 8 for evacuation
[2025-06-03T15:44:41.047+0530][43.804s] GC(246) Skipped phase 1 of Reference Processing: no references
[2025-06-03T15:44:41.047+0530][43.804s] GC(246) Skipped phase 2 of Reference Processing: no references
[2025-06-03T15:44:41.047+0530][43.804s] GC(246) Skipped phase 3 of Reference Processing: no references
[2025-06-03T15:44:41.047+0530][43.804s] GC(246) Skipped phase 4 of Reference Processing: no references
[2025-06-03T15:44:41.047+0530][43.805s] GC(246)   Pre Evacuate Collection Set: 0.1ms
[2025-06-03T15:44:41.047+0530][43.805s] GC(246)   Merge Heap Roots: 0.1ms
[2025-06-03T15:44:41.047+0530][43.805s] GC(246)   Evacuate Collection Set: 0.2ms
[2025-06-03T15:44:41.047+0530][43.805s] GC(246)   Post Evacuate Collection Set: 0.5ms
[2025-06-03T15:44:41.047+0530][43.805s] GC(246)   Other: 0.2ms
[2025-06-03T15:44:41.047+0530][43.805s] GC(246) Eden regions: 306->0(306)
[2025-06-03T15:44:41.047+0530][43.805s] GC(246) Survivor regions: 1->1(39)
[2025-06-03T15:44:41.047+0530][43.805s] GC(246) Old regions: 9->9
[2025-06-03T15:44:41.048+0530][43.805s] GC(246) Archive regions: 2->2
[2025-06-03T15:44:41.048+0530][43.805s] GC(246) Humongous regions: 0->0
[2025-06-03T15:44:41.048+0530][43.805s] GC(246) Metaspace: 20298K(20800K)->20298K(20800K) NonClass: 17714K(17984K)->17714K(17984K) Class: 2584K(2816K)->2584K(2816K)
[2025-06-03T15:44:41.048+0530][43.805s] GC(246) Pause Young (Normal) (G1 Evacuation Pause) 315M->9M(512M) 1.298ms
[2025-06-03T15:44:41.048+0530][43.805s] GC(246) User=0.00s Sys=0.00s Real=0.00s
[2025-06-03T15:44:41.189+0530][43.947s] GC(247) Pause Young (Normal) (G1 Evacuation Pause)
[2025-06-03T15:44:41.189+0530][43.947s] GC(247) Using 8 workers of 8 for evacuation
[2025-06-03T15:44:41.190+0530][43.947s] GC(247) Skipped phase 1 of Reference Processing: no references
[2025-06-03T15:44:41.190+0530][43.947s] GC(247) Skipped phase 2 of Reference Processing: no references
[2025-06-03T15:44:41.190+0530][43.947s] GC(247) Skipped phase 3 of Reference Processing: no references
[2025-06-03T15:44:41.190+0530][43.947s] GC(247) Skipped phase 4 of Reference Processing: no references
[2025-06-03T15:44:41.190+0530][43.948s] GC(247)   Pre Evacuate Collection Set: 0.1ms
[2025-06-03T15:44:41.190+0530][43.948s] GC(247)   Merge Heap Roots: 0.1ms
[2025-06-03T15:44:41.190+0530][43.948s] GC(247)   Evacuate Collection Set: 0.3ms
[2025-06-03T15:44:41.190+0530][43.948s] GC(247)   Post Evacuate Collection Set: 0.4ms
[2025-06-03T15:44:41.190+0530][43.948s] GC(247)   Other: 0.2ms
[2025-06-03T15:44:41.190+0530][43.948s] GC(247) Eden regions: 306->0(306)
[2025-06-03T15:44:41.190+0530][43.948s] GC(247) Survivor regions: 1->1(39)
[2025-06-03T15:44:41.190+0530][43.948s] GC(247) Old regions: 9->9
[2025-06-03T15:44:41.190+0530][43.948s] GC(247) Archive regions: 2->2
[2025-06-03T15:44:41.190+0530][43.948s] GC(247) Humongous regions: 0->0
[2025-06-03T15:44:41.190+0530][43.948s] GC(247) Metaspace: 20298K(20800K)->20298K(20800K) NonClass: 17714K(17984K)->17714K(17984K) Class: 2584K(2816K)->2584K(2816K)
[2025-06-03T15:44:41.190+0530][43.948s] GC(247) Pause Young (Normal) (G1 Evacuation Pause) 315M->9M(512M) 1.253ms
[2025-06-03T15:44:41.190+0530][43.948s] GC(247) User=0.00s Sys=0.00s Real=0.01s
[2025-06-03T15:44:41.325+0530][44.082s] GC(248) Pause Young (Normal) (G1 Evacuation Pause)
[2025-06-03T15:44:41.325+0530][44.082s] GC(248) Using 8 workers of 8 for evacuation
[2025-06-03T15:44:41.325+0530][44.082s] GC(248) Skipped phase 1 of Reference Processing: no references
[2025-06-03T15:44:41.325+0530][44.083s] GC(248) Skipped phase 2 of Reference Processing: no references
[2025-06-03T15:44:41.325+0530][44.083s] GC(248) Skipped phase 3 of Reference Processing: no references
[2025-06-03T15:44:41.325+0530][44.083s] GC(248) Skipped phase 4 of Reference Processing: no references
[2025-06-03T15:44:41.325+0530][44.083s] GC(248)   Pre Evacuate Collection Set: 0.1ms
[2025-06-03T15:44:41.325+0530][44.083s] GC(248)   Merge Heap Roots: 0.1ms
[2025-06-03T15:44:41.325+0530][44.083s] GC(248)   Evacuate Collection Set: 0.2ms
[2025-06-03T15:44:41.325+0530][44.083s] GC(248)   Post Evacuate Collection Set: 0.4ms
[2025-06-03T15:44:41.325+0530][44.083s] GC(248)   Other: 0.2ms
[2025-06-03T15:44:41.326+0530][44.083s] GC(248) Eden regions: 306->0(306)
[2025-06-03T15:44:41.326+0530][44.083s] GC(248) Survivor regions: 1->1(39)
[2025-06-03T15:44:41.326+0530][44.083s] GC(248) Old regions: 9->9
[2025-06-03T15:44:41.326+0530][44.083s] GC(248) Archive regions: 2->2
[2025-06-03T15:44:41.326+0530][44.083s] GC(248) Humongous regions: 0->0
[2025-06-03T15:44:41.326+0530][44.083s] GC(248) Metaspace: 20298K(20800K)->20298K(20800K) NonClass: 17714K(17984K)->17714K(17984K) Class: 2584K(2816K)->2584K(2816K)
[2025-06-03T15:44:41.326+0530][44.083s] GC(248) Pause Young (Normal) (G1 Evacuation Pause) 315M->9M(512M) 1.166ms
[2025-06-03T15:44:41.326+0530][44.083s] GC(248) User=0.00s Sys=0.00s Real=0.00s
[2025-06-03T15:44:41.461+0530][44.218s] GC(249) Pause Young (Normal) (G1 Evacuation Pause)
[2025-06-03T15:44:41.461+0530][44.218s] GC(249) Using 8 workers of 8 for evacuation
[2025-06-03T15:44:41.461+0530][44.219s] GC(249) Skipped phase 1 of Reference Processing: no references
[2025-06-03T15:44:41.461+0530][44.219s] GC(249) Skipped phase 2 of Reference Processing: no references
[2025-06-03T15:44:41.461+0530][44.219s] GC(249) Skipped phase 3 of Reference Processing: no references
[2025-06-03T15:44:41.461+0530][44.219s] GC(249) Skipped phase 4 of Reference Processing: no references
[2025-06-03T15:44:41.461+0530][44.219s] GC(249)   Pre Evacuate Collection Set: 0.1ms
[2025-06-03T15:44:41.462+0530][44.219s] GC(249)   Merge Heap Roots: 0.1ms
[2025-06-03T15:44:41.462+0530][44.219s] GC(249)   Evacuate Collection Set: 0.2ms
[2025-06-03T15:44:41.462+0530][44.219s] GC(249)   Post Evacuate Collection Set: 0.4ms
[2025-06-03T15:44:41.462+0530][44.219s] GC(249)   Other: 0.2ms
[2025-06-03T15:44:41.462+0530][44.219s] GC(249) Eden regions: 306->0(306)
[2025-06-03T15:44:41.462+0530][44.219s] GC(249) Survivor regions: 1->1(39)
[2025-06-03T15:44:41.462+0530][44.219s] GC(249) Old regions: 9->9
[2025-06-03T15:44:41.462+0530][44.219s] GC(249) Archive regions: 2->2
[2025-06-03T15:44:41.462+0530][44.219s] GC(249) Humongous regions: 0->0
[2025-06-03T15:44:41.462+0530][44.219s] GC(249) Metaspace: 20298K(20800K)->20298K(20800K) NonClass: 17714K(17984K)->17714K(17984K) Class: 2584K(2816K)->2584K(2816K)
[2025-06-03T15:44:41.462+0530][44.219s] GC(249) Pause Young (Normal) (G1 Evacuation Pause) 315M->9M(512M) 1.094ms
[2025-06-03T15:44:41.462+0530][44.219s] GC(249) User=0.00s Sys=0.00s Real=0.00s
[2025-06-03T15:44:41.597+0530][44.354s] GC(250) Pause Young (Normal) (G1 Evacuation Pause)
[2025-06-03T15:44:41.597+0530][44.354s] GC(250) Using 8 workers of 8 for evacuation
[2025-06-03T15:44:41.597+0530][44.355s] GC(250) Skipped phase 1 of Reference Processing: no references
[2025-06-03T15:44:41.598+0530][44.355s] GC(250) Skipped phase 2 of Reference Processing: no references
[2025-06-03T15:44:41.598+0530][44.355s] GC(250) Skipped phase 3 of Reference Processing: no references
[2025-06-03T15:44:41.598+0530][44.355s] GC(250) Skipped phase 4 of Reference Processing: no references
[2025-06-03T15:44:41.598+0530][44.355s] GC(250)   Pre Evacuate Collection Set: 0.1ms
[2025-06-03T15:44:41.598+0530][44.355s] GC(250)   Merge Heap Roots: 0.1ms
[2025-06-03T15:44:41.598+0530][44.355s] GC(250)   Evacuate Collection Set: 0.3ms
[2025-06-03T15:44:41.598+0530][44.356s] GC(250)   Post Evacuate Collection Set: 0.4ms
[2025-06-03T15:44:41.598+0530][44.356s] GC(250)   Other: 0.2ms
[2025-06-03T15:44:41.598+0530][44.356s] GC(250) Eden regions: 306->0(306)
[2025-06-03T15:44:41.598+0530][44.356s] GC(250) Survivor regions: 1->1(39)
[2025-06-03T15:44:41.598+0530][44.356s] GC(250) Old regions: 9->9
[2025-06-03T15:44:41.598+0530][44.356s] GC(250) Archive regions: 2->2
[2025-06-03T15:44:41.598+0530][44.356s] GC(250) Humongous regions: 0->0
[2025-06-03T15:44:41.598+0530][44.356s] GC(250) Metaspace: 20298K(20800K)->20298K(20800K) NonClass: 17714K(17984K)->17714K(17984K) Class: 2584K(2816K)->2584K(2816K)
[2025-06-03T15:44:41.598+0530][44.356s] GC(250) Pause Young (Normal) (G1 Evacuation Pause) 315M->9M(512M) 1.222ms
[2025-06-03T15:44:41.598+0530][44.356s] GC(250) User=0.00s Sys=0.00s Real=0.00s
[2025-06-03T15:44:41.733+0530][44.491s] GC(251) Pause Young (Normal) (G1 Evacuation Pause)
[2025-06-03T15:44:41.733+0530][44.491s] GC(251) Using 8 workers of 8 for evacuation
[2025-06-03T15:44:41.734+0530][44.491s] GC(251) Skipped phase 1 of Reference Processing: no references
[2025-06-03T15:44:41.734+0530][44.491s] GC(251) Skipped phase 2 of Reference Processing: no references
[2025-06-03T15:44:41.734+0530][44.491s] GC(251) Skipped phase 3 of Reference Processing: no references
[2025-06-03T15:44:41.734+0530][44.491s] GC(251) Skipped phase 4 of Reference Processing: no references
[2025-06-03T15:44:41.734+0530][44.492s] GC(251)   Pre Evacuate Collection Set: 0.1ms
[2025-06-03T15:44:41.734+0530][44.492s] GC(251)   Merge Heap Roots: 0.1ms
[2025-06-03T15:44:41.734+0530][44.492s] GC(251)   Evacuate Collection Set: 0.2ms
[2025-06-03T15:44:41.734+0530][44.492s] GC(251)   Post Evacuate Collection Set: 0.5ms
[2025-06-03T15:44:41.734+0530][44.492s] GC(251)   Other: 0.2ms
[2025-06-03T15:44:41.734+0530][44.492s] GC(251) Eden regions: 306->0(306)
[2025-06-03T15:44:41.734+0530][44.492s] GC(251) Survivor regions: 1->1(39)
[2025-06-03T15:44:41.734+0530][44.492s] GC(251) Old regions: 9->9
[2025-06-03T15:44:41.734+0530][44.492s] GC(251) Archive regions: 2->2
[2025-06-03T15:44:41.734+0530][44.492s] GC(251) Humongous regions: 0->0
[2025-06-03T15:44:41.734+0530][44.492s] GC(251) Metaspace: 20298K(20800K)->20298K(20800K) NonClass: 17714K(17984K)->17714K(17984K) Class: 2584K(2816K)->2584K(2816K)
[2025-06-03T15:44:41.734+0530][44.492s] GC(251) Pause Young (Normal) (G1 Evacuation Pause) 315M->9M(512M) 1.255ms
[2025-06-03T15:44:41.734+0530][44.492s] GC(251) User=0.00s Sys=0.00s Real=0.00s
[2025-06-03T15:44:41.871+0530][44.628s] GC(252) Pause Young (Normal) (G1 Evacuation Pause)
[2025-06-03T15:44:41.871+0530][44.628s] GC(252) Using 8 workers of 8 for evacuation
[2025-06-03T15:44:41.871+0530][44.629s] GC(252) Skipped phase 1 of Reference Processing: no references
[2025-06-03T15:44:41.871+0530][44.629s] GC(252) Skipped phase 2 of Reference Processing: no references
[2025-06-03T15:44:41.872+0530][44.629s] GC(252) Skipped phase 3 of Reference Processing: no references
[2025-06-03T15:44:41.872+0530][44.629s] GC(252) Skipped phase 4 of Reference Processing: no references
[2025-06-03T15:44:41.872+0530][44.629s] GC(252)   Pre Evacuate Collection Set: 0.1ms
[2025-06-03T15:44:41.872+0530][44.629s] GC(252)   Merge Heap Roots: 0.1ms
[2025-06-03T15:44:41.872+0530][44.629s] GC(252)   Evacuate Collection Set: 0.2ms
[2025-06-03T15:44:41.872+0530][44.629s] GC(252)   Post Evacuate Collection Set: 0.4ms
[2025-06-03T15:44:41.872+0530][44.629s] GC(252)   Other: 0.2ms
[2025-06-03T15:44:41.872+0530][44.629s] GC(252) Eden regions: 306->0(306)
[2025-06-03T15:44:41.872+0530][44.630s] GC(252) Survivor regions: 1->1(39)
[2025-06-03T15:44:41.872+0530][44.630s] GC(252) Old regions: 9->9
[2025-06-03T15:44:41.872+0530][44.630s] GC(252) Archive regions: 2->2
[2025-06-03T15:44:41.872+0530][44.630s] GC(252) Humongous regions: 0->0
[2025-06-03T15:44:41.872+0530][44.630s] GC(252) Metaspace: 20300K(20800K)->20300K(20800K) NonClass: 17716K(17984K)->17716K(17984K) Class: 2584K(2816K)->2584K(2816K)
[2025-06-03T15:44:41.872+0530][44.630s] GC(252) Pause Young (Normal) (G1 Evacuation Pause) 315M->9M(512M) 1.169ms
[2025-06-03T15:44:41.872+0530][44.630s] GC(252) User=0.00s Sys=0.00s Real=0.00s
[2025-06-03T15:44:42.038+0530][44.795s] GC(253) Pause Young (Normal) (G1 Evacuation Pause)
[2025-06-03T15:44:42.038+0530][44.796s] GC(253) Using 8 workers of 8 for evacuation
[2025-06-03T15:44:42.039+0530][44.796s] GC(253) Skipped phase 1 of Reference Processing: no references
[2025-06-03T15:44:42.039+0530][44.796s] GC(253) Skipped phase 2 of Reference Processing: no references
[2025-06-03T15:44:42.039+0530][44.796s] GC(253) Skipped phase 3 of Reference Processing: no references
[2025-06-03T15:44:42.039+0530][44.796s] GC(253) Skipped phase 4 of Reference Processing: no references
[2025-06-03T15:44:42.039+0530][44.797s] GC(253)   Pre Evacuate Collection Set: 0.1ms
[2025-06-03T15:44:42.039+0530][44.797s] GC(253)   Merge Heap Roots: 0.1ms
[2025-06-03T15:44:42.039+0530][44.797s] GC(253)   Evacuate Collection Set: 0.2ms
[2025-06-03T15:44:42.039+0530][44.797s] GC(253)   Post Evacuate Collection Set: 0.5ms
[2025-06-03T15:44:42.039+0530][44.797s] GC(253)   Other: 0.2ms
[2025-06-03T15:44:42.039+0530][44.797s] GC(253) Eden regions: 306->0(306)
[2025-06-03T15:44:42.039+0530][44.797s] GC(253) Survivor regions: 1->1(39)
[2025-06-03T15:44:42.039+0530][44.797s] GC(253) Old regions: 9->9
[2025-06-03T15:44:42.039+0530][44.797s] GC(253) Archive regions: 2->2
[2025-06-03T15:44:42.039+0530][44.797s] GC(253) Humongous regions: 0->0
[2025-06-03T15:44:42.040+0530][44.797s] GC(253) Metaspace: 20301K(20800K)->20301K(20800K) NonClass: 17716K(17984K)->17716K(17984K) Class: 2584K(2816K)->2584K(2816K)
[2025-06-03T15:44:42.040+0530][44.797s] GC(253) Pause Young (Normal) (G1 Evacuation Pause) 315M->9M(512M) 1.610ms
[2025-06-03T15:44:42.040+0530][44.797s] GC(253) User=0.01s Sys=0.00s Real=0.01s
[2025-06-03T15:44:42.209+0530][44.966s] GC(254) Pause Young (Normal) (G1 Evacuation Pause)
[2025-06-03T15:44:42.209+0530][44.966s] GC(254) Using 8 workers of 8 for evacuation
[2025-06-03T15:44:42.209+0530][44.967s] GC(254) Skipped phase 1 of Reference Processing: no references
[2025-06-03T15:44:42.209+0530][44.967s] GC(254) Skipped phase 2 of Reference Processing: no references
[2025-06-03T15:44:42.209+0530][44.967s] GC(254) Skipped phase 3 of Reference Processing: no references
[2025-06-03T15:44:42.210+0530][44.967s] GC(254) Skipped phase 4 of Reference Processing: no references
[2025-06-03T15:44:42.210+0530][44.967s] GC(254)   Pre Evacuate Collection Set: 0.1ms
[2025-06-03T15:44:42.210+0530][44.967s] GC(254)   Merge Heap Roots: 0.1ms
[2025-06-03T15:44:42.210+0530][44.968s] GC(254)   Evacuate Collection Set: 0.3ms
[2025-06-03T15:44:42.210+0530][44.968s] GC(254)   Post Evacuate Collection Set: 0.5ms
[2025-06-03T15:44:42.210+0530][44.968s] GC(254)   Other: 0.2ms
[2025-06-03T15:44:42.210+0530][44.968s] GC(254) Eden regions: 306->0(306)
[2025-06-03T15:44:42.210+0530][44.968s] GC(254) Survivor regions: 1->1(39)
[2025-06-03T15:44:42.210+0530][44.968s] GC(254) Old regions: 9->9
[2025-06-03T15:44:42.210+0530][44.968s] GC(254) Archive regions: 2->2
[2025-06-03T15:44:42.210+0530][44.968s] GC(254) Humongous regions: 0->0
[2025-06-03T15:44:42.210+0530][44.968s] GC(254) Metaspace: 20301K(20800K)->20301K(20800K) NonClass: 17716K(17984K)->17716K(17984K) Class: 2584K(2816K)->2584K(2816K)
[2025-06-03T15:44:42.210+0530][44.968s] GC(254) Pause Young (Normal) (G1 Evacuation Pause) 315M->9M(512M) 1.419ms
[2025-06-03T15:44:42.210+0530][44.968s] GC(254) User=0.00s Sys=0.00s Real=0.01s
[2025-06-03T15:44:42.353+0530][45.110s] GC(255) Pause Young (Normal) (G1 Evacuation Pause)
[2025-06-03T15:44:42.353+0530][45.110s] GC(255) Using 8 workers of 8 for evacuation
[2025-06-03T15:44:42.353+0530][45.111s] GC(255) Skipped phase 1 of Reference Processing: no references
[2025-06-03T15:44:42.354+0530][45.111s] GC(255) Skipped phase 2 of Reference Processing: no references
[2025-06-03T15:44:42.354+0530][45.111s] GC(255) Skipped phase 3 of Reference Processing: no references
[2025-06-03T15:44:42.354+0530][45.111s] GC(255) Skipped phase 4 of Reference Processing: no references
[2025-06-03T15:44:42.354+0530][45.111s] GC(255)   Pre Evacuate Collection Set: 0.1ms
[2025-06-03T15:44:42.354+0530][45.111s] GC(255)   Merge Heap Roots: 0.1ms
[2025-06-03T15:44:42.354+0530][45.112s] GC(255)   Evacuate Collection Set: 0.2ms
[2025-06-03T15:44:42.354+0530][45.112s] GC(255)   Post Evacuate Collection Set: 0.5ms
[2025-06-03T15:44:42.354+0530][45.112s] GC(255)   Other: 0.2ms
[2025-06-03T15:44:42.354+0530][45.112s] GC(255) Eden regions: 306->0(306)
[2025-06-03T15:44:42.354+0530][45.112s] GC(255) Survivor regions: 1->1(39)
[2025-06-03T15:44:42.354+0530][45.112s] GC(255) Old regions: 9->9
[2025-06-03T15:44:42.354+0530][45.112s] GC(255) Archive regions: 2->2
[2025-06-03T15:44:42.354+0530][45.112s] GC(255) Humongous regions: 0->0
[2025-06-03T15:44:42.354+0530][45.112s] GC(255) Metaspace: 20301K(20800K)->20301K(20800K) NonClass: 17716K(17984K)->17716K(17984K) Class: 2584K(2816K)->2584K(2816K)
[2025-06-03T15:44:42.354+0530][45.112s] GC(255) Pause Young (Normal) (G1 Evacuation Pause) 315M->9M(512M) 1.256ms
[2025-06-03T15:44:42.354+0530][45.112s] GC(255) User=0.00s Sys=0.00s Real=0.00s
[2025-06-03T15:44:42.500+0530][45.257s] GC(256) Pause Young (Normal) (G1 Evacuation Pause)
[2025-06-03T15:44:42.500+0530][45.257s] GC(256) Using 8 workers of 8 for evacuation
[2025-06-03T15:44:42.500+0530][45.258s] GC(256) Skipped phase 1 of Reference Processing: no references
[2025-06-03T15:44:42.500+0530][45.258s] GC(256) Skipped phase 2 of Reference Processing: no references
[2025-06-03T15:44:42.500+0530][45.258s] GC(256) Skipped phase 3 of Reference Processing: no references
[2025-06-03T15:44:42.500+0530][45.258s] GC(256) Skipped phase 4 of Reference Processing: no references
[2025-06-03T15:44:42.501+0530][45.258s] GC(256)   Pre Evacuate Collection Set: 0.1ms
[2025-06-03T15:44:42.501+0530][45.258s] GC(256)   Merge Heap Roots: 0.1ms
[2025-06-03T15:44:42.501+0530][45.258s] GC(256)   Evacuate Collection Set: 0.2ms
[2025-06-03T15:44:42.501+0530][45.258s] GC(256)   Post Evacuate Collection Set: 0.5ms
[2025-06-03T15:44:42.501+0530][45.258s] GC(256)   Other: 0.2ms
[2025-06-03T15:44:42.501+0530][45.258s] GC(256) Eden regions: 306->0(306)
[2025-06-03T15:44:42.501+0530][45.258s] GC(256) Survivor regions: 1->1(39)
[2025-06-03T15:44:42.501+0530][45.258s] GC(256) Old regions: 9->9
[2025-06-03T15:44:42.501+0530][45.258s] GC(256) Archive regions: 2->2
[2025-06-03T15:44:42.501+0530][45.258s] GC(256) Humongous regions: 0->0
[2025-06-03T15:44:42.501+0530][45.258s] GC(256) Metaspace: 20301K(20800K)->20301K(20800K) NonClass: 17716K(17984K)->17716K(17984K) Class: 2584K(2816K)->2584K(2816K)
[2025-06-03T15:44:42.501+0530][45.258s] GC(256) Pause Young (Normal) (G1 Evacuation Pause) 315M->9M(512M) 1.244ms
[2025-06-03T15:44:42.501+0530][45.258s] GC(256) User=0.01s Sys=0.00s Real=0.00s
[2025-06-03T15:44:42.644+0530][45.401s] GC(257) Pause Young (Normal) (G1 Evacuation Pause)
[2025-06-03T15:44:42.644+0530][45.401s] GC(257) Using 8 workers of 8 for evacuation
[2025-06-03T15:44:42.644+0530][45.402s] GC(257) Skipped phase 1 of Reference Processing: no references
[2025-06-03T15:44:42.644+0530][45.402s] GC(257) Skipped phase 2 of Reference Processing: no references
[2025-06-03T15:44:42.644+0530][45.402s] GC(257) Skipped phase 3 of Reference Processing: no references
[2025-06-03T15:44:42.644+0530][45.402s] GC(257) Skipped phase 4 of Reference Processing: no references
[2025-06-03T15:44:42.645+0530][45.402s] GC(257)   Pre Evacuate Collection Set: 0.1ms
[2025-06-03T15:44:42.645+0530][45.402s] GC(257)   Merge Heap Roots: 0.1ms
[2025-06-03T15:44:42.645+0530][45.402s] GC(257)   Evacuate Collection Set: 0.2ms
[2025-06-03T15:44:42.645+0530][45.402s] GC(257)   Post Evacuate Collection Set: 0.4ms
[2025-06-03T15:44:42.645+0530][45.402s] GC(257)   Other: 0.2ms
[2025-06-03T15:44:42.645+0530][45.402s] GC(257) Eden regions: 306->0(306)
[2025-06-03T15:44:42.645+0530][45.402s] GC(257) Survivor regions: 1->1(39)
[2025-06-03T15:44:42.645+0530][45.402s] GC(257) Old regions: 9->9
[2025-06-03T15:44:42.645+0530][45.402s] GC(257) Archive regions: 2->2
[2025-06-03T15:44:42.645+0530][45.402s] GC(257) Humongous regions: 0->0
[2025-06-03T15:44:42.645+0530][45.402s] GC(257) Metaspace: 20301K(20800K)->20301K(20800K) NonClass: 17716K(17984K)->17716K(17984K) Class: 2584K(2816K)->2584K(2816K)
[2025-06-03T15:44:42.645+0530][45.402s] GC(257) Pause Young (Normal) (G1 Evacuation Pause) 315M->9M(512M) 1.168ms
[2025-06-03T15:44:42.645+0530][45.402s] GC(257) User=0.00s Sys=0.00s Real=0.00s
[2025-06-03T15:44:42.785+0530][45.542s] GC(258) Pause Young (Normal) (G1 Evacuation Pause)
[2025-06-03T15:44:42.785+0530][45.542s] GC(258) Using 8 workers of 8 for evacuation
[2025-06-03T15:44:42.785+0530][45.543s] GC(258) Skipped phase 1 of Reference Processing: no references
[2025-06-03T15:44:42.785+0530][45.543s] GC(258) Skipped phase 2 of Reference Processing: no references
[2025-06-03T15:44:42.785+0530][45.543s] GC(258) Skipped phase 3 of Reference Processing: no references
[2025-06-03T15:44:42.785+0530][45.543s] GC(258) Skipped phase 4 of Reference Processing: no references
[2025-06-03T15:44:42.786+0530][45.543s] GC(258)   Pre Evacuate Collection Set: 0.1ms
[2025-06-03T15:44:42.786+0530][45.543s] GC(258)   Merge Heap Roots: 0.1ms
[2025-06-03T15:44:42.786+0530][45.543s] GC(258)   Evacuate Collection Set: 0.2ms
[2025-06-03T15:44:42.786+0530][45.543s] GC(258)   Post Evacuate Collection Set: 0.4ms
[2025-06-03T15:44:42.786+0530][45.543s] GC(258)   Other: 0.2ms
[2025-06-03T15:44:42.786+0530][45.543s] GC(258) Eden regions: 306->0(306)
[2025-06-03T15:44:42.786+0530][45.543s] GC(258) Survivor regions: 1->1(39)
[2025-06-03T15:44:42.786+0530][45.543s] GC(258) Old regions: 9->9
[2025-06-03T15:44:42.786+0530][45.543s] GC(258) Archive regions: 2->2
[2025-06-03T15:44:42.786+0530][45.543s] GC(258) Humongous regions: 0->0
[2025-06-03T15:44:42.786+0530][45.543s] GC(258) Metaspace: 20301K(20800K)->20301K(20800K) NonClass: 17716K(17984K)->17716K(17984K) Class: 2584K(2816K)->2584K(2816K)
[2025-06-03T15:44:42.786+0530][45.544s] GC(258) Pause Young (Normal) (G1 Evacuation Pause) 315M->9M(512M) 1.239ms
[2025-06-03T15:44:42.786+0530][45.544s] GC(258) User=0.00s Sys=0.00s Real=0.00s
[2025-06-03T15:44:42.930+0530][45.688s] GC(259) Pause Young (Normal) (G1 Evacuation Pause)
[2025-06-03T15:44:42.930+0530][45.688s] GC(259) Using 8 workers of 8 for evacuation
[2025-06-03T15:44:42.931+0530][45.688s] GC(259) Skipped phase 1 of Reference Processing: no references
[2025-06-03T15:44:42.931+0530][45.688s] GC(259) Skipped phase 2 of Reference Processing: no references
[2025-06-03T15:44:42.931+0530][45.688s] GC(259) Skipped phase 3 of Reference Processing: no references
[2025-06-03T15:44:42.931+0530][45.688s] GC(259) Skipped phase 4 of Reference Processing: no references
[2025-06-03T15:44:42.931+0530][45.689s] GC(259)   Pre Evacuate Collection Set: 0.1ms
[2025-06-03T15:44:42.931+0530][45.689s] GC(259)   Merge Heap Roots: 0.1ms
[2025-06-03T15:44:42.931+0530][45.689s] GC(259)   Evacuate Collection Set: 0.2ms
[2025-06-03T15:44:42.931+0530][45.689s] GC(259)   Post Evacuate Collection Set: 0.4ms
[2025-06-03T15:44:42.931+0530][45.689s] GC(259)   Other: 0.2ms
[2025-06-03T15:44:42.931+0530][45.689s] GC(259) Eden regions: 306->0(306)
[2025-06-03T15:44:42.931+0530][45.689s] GC(259) Survivor regions: 1->1(39)
[2025-06-03T15:44:42.931+0530][45.689s] GC(259) Old regions: 9->9
[2025-06-03T15:44:42.931+0530][45.689s] GC(259) Archive regions: 2->2
[2025-06-03T15:44:42.931+0530][45.689s] GC(259) Humongous regions: 0->0
[2025-06-03T15:44:42.931+0530][45.689s] GC(259) Metaspace: 20310K(20800K)->20310K(20800K) NonClass: 17725K(17984K)->17725K(17984K) Class: 2584K(2816K)->2584K(2816K)
[2025-06-03T15:44:42.931+0530][45.689s] GC(259) Pause Young (Normal) (G1 Evacuation Pause) 315M->9M(512M) 1.291ms
[2025-06-03T15:44:42.931+0530][45.689s] GC(259) User=0.00s Sys=0.00s Real=0.00s
[2025-06-03T15:44:43.074+0530][45.832s] GC(260) Pause Young (Normal) (G1 Evacuation Pause)
[2025-06-03T15:44:43.074+0530][45.832s] GC(260) Using 8 workers of 8 for evacuation
[2025-06-03T15:44:43.075+0530][45.832s] GC(260) Skipped phase 1 of Reference Processing: no references
[2025-06-03T15:44:43.075+0530][45.832s] GC(260) Skipped phase 2 of Reference Processing: no references
[2025-06-03T15:44:43.075+0530][45.832s] GC(260) Skipped phase 3 of Reference Processing: no references
[2025-06-03T15:44:43.075+0530][45.833s] GC(260) Skipped phase 4 of Reference Processing: no references
[2025-06-03T15:44:43.075+0530][45.833s] GC(260)   Pre Evacuate Collection Set: 0.1ms
[2025-06-03T15:44:43.075+0530][45.833s] GC(260)   Merge Heap Roots: 0.1ms
[2025-06-03T15:44:43.075+0530][45.833s] GC(260)   Evacuate Collection Set: 0.2ms
[2025-06-03T15:44:43.075+0530][45.833s] GC(260)   Post Evacuate Collection Set: 0.4ms
[2025-06-03T15:44:43.075+0530][45.833s] GC(260)   Other: 0.2ms
[2025-06-03T15:44:43.075+0530][45.833s] GC(260) Eden regions: 306->0(306)
[2025-06-03T15:44:43.075+0530][45.833s] GC(260) Survivor regions: 1->1(39)
[2025-06-03T15:44:43.075+0530][45.833s] GC(260) Old regions: 9->9
[2025-06-03T15:44:43.076+0530][45.833s] GC(260) Archive regions: 2->2
[2025-06-03T15:44:43.076+0530][45.833s] GC(260) Humongous regions: 0->0
[2025-06-03T15:44:43.076+0530][45.833s] GC(260) Metaspace: 20310K(20800K)->20310K(20800K) NonClass: 17725K(17984K)->17725K(17984K) Class: 2584K(2816K)->2584K(2816K)
[2025-06-03T15:44:43.076+0530][45.833s] GC(260) Pause Young (Normal) (G1 Evacuation Pause) 315M->9M(512M) 1.150ms
[2025-06-03T15:44:43.076+0530][45.833s] GC(260) User=0.00s Sys=0.00s Real=0.00s
[2025-06-03T15:44:43.220+0530][45.977s] GC(261) Pause Young (Normal) (G1 Evacuation Pause)
[2025-06-03T15:44:43.220+0530][45.977s] GC(261) Using 8 workers of 8 for evacuation
[2025-06-03T15:44:43.220+0530][45.978s] GC(261) Skipped phase 1 of Reference Processing: no references
[2025-06-03T15:44:43.220+0530][45.978s] GC(261) Skipped phase 2 of Reference Processing: no references
[2025-06-03T15:44:43.221+0530][45.978s] GC(261) Skipped phase 3 of Reference Processing: no references
[2025-06-03T15:44:43.221+0530][45.978s] GC(261) Skipped phase 4 of Reference Processing: no references
[2025-06-03T15:44:43.221+0530][45.978s] GC(261)   Pre Evacuate Collection Set: 0.1ms
[2025-06-03T15:44:43.221+0530][45.978s] GC(261)   Merge Heap Roots: 0.1ms
[2025-06-03T15:44:43.221+0530][45.978s] GC(261)   Evacuate Collection Set: 0.3ms
[2025-06-03T15:44:43.221+0530][45.978s] GC(261)   Post Evacuate Collection Set: 0.4ms
[2025-06-03T15:44:43.221+0530][45.979s] GC(261)   Other: 0.2ms
[2025-06-03T15:44:43.221+0530][45.979s] GC(261) Eden regions: 306->0(306)
[2025-06-03T15:44:43.221+0530][45.979s] GC(261) Survivor regions: 1->1(39)
[2025-06-03T15:44:43.221+0530][45.979s] GC(261) Old regions: 9->9
[2025-06-03T15:44:43.221+0530][45.979s] GC(261) Archive regions: 2->2
[2025-06-03T15:44:43.221+0530][45.979s] GC(261) Humongous regions: 0->0
[2025-06-03T15:44:43.221+0530][45.979s] GC(261) Metaspace: 20310K(20800K)->20310K(20800K) NonClass: 17725K(17984K)->17725K(17984K) Class: 2584K(2816K)->2584K(2816K)
[2025-06-03T15:44:43.221+0530][45.979s] GC(261) Pause Young (Normal) (G1 Evacuation Pause) 315M->9M(512M) 1.225ms
[2025-06-03T15:44:43.221+0530][45.979s] GC(261) User=0.01s Sys=0.00s Real=0.00s
[2025-06-03T15:44:43.363+0530][46.120s] GC(262) Pause Young (Normal) (G1 Evacuation Pause)
[2025-06-03T15:44:43.363+0530][46.120s] GC(262) Using 8 workers of 8 for evacuation
[2025-06-03T15:44:43.363+0530][46.121s] GC(262) Skipped phase 1 of Reference Processing: no references
[2025-06-03T15:44:43.363+0530][46.121s] GC(262) Skipped phase 2 of Reference Processing: no references
[2025-06-03T15:44:43.363+0530][46.121s] GC(262) Skipped phase 3 of Reference Processing: no references
[2025-06-03T15:44:43.363+0530][46.121s] GC(262) Skipped phase 4 of Reference Processing: no references
[2025-06-03T15:44:43.364+0530][46.121s] GC(262)   Pre Evacuate Collection Set: 0.1ms
[2025-06-03T15:44:43.364+0530][46.121s] GC(262)   Merge Heap Roots: 0.1ms
[2025-06-03T15:44:43.364+0530][46.121s] GC(262)   Evacuate Collection Set: 0.2ms
[2025-06-03T15:44:43.364+0530][46.121s] GC(262)   Post Evacuate Collection Set: 0.5ms
[2025-06-03T15:44:43.364+0530][46.121s] GC(262)   Other: 0.2ms
[2025-06-03T15:44:43.364+0530][46.121s] GC(262) Eden regions: 306->0(306)
[2025-06-03T15:44:43.364+0530][46.121s] GC(262) Survivor regions: 1->1(39)
[2025-06-03T15:44:43.364+0530][46.121s] GC(262) Old regions: 9->9
[2025-06-03T15:44:43.364+0530][46.121s] GC(262) Archive regions: 2->2
[2025-06-03T15:44:43.364+0530][46.121s] GC(262) Humongous regions: 0->0
[2025-06-03T15:44:43.364+0530][46.121s] GC(262) Metaspace: 20310K(20800K)->20310K(20800K) NonClass: 17725K(17984K)->17725K(17984K) Class: 2584K(2816K)->2584K(2816K)
[2025-06-03T15:44:43.364+0530][46.121s] GC(262) Pause Young (Normal) (G1 Evacuation Pause) 315M->9M(512M) 1.174ms
[2025-06-03T15:44:43.364+0530][46.121s] GC(262) User=0.00s Sys=0.01s Real=0.00s
[2025-06-03T15:44:43.507+0530][46.264s] GC(263) Pause Young (Normal) (G1 Evacuation Pause)
[2025-06-03T15:44:43.507+0530][46.264s] GC(263) Using 8 workers of 8 for evacuation
[2025-06-03T15:44:43.507+0530][46.265s] GC(263) Skipped phase 1 of Reference Processing: no references
[2025-06-03T15:44:43.507+0530][46.265s] GC(263) Skipped phase 2 of Reference Processing: no references
[2025-06-03T15:44:43.507+0530][46.265s] GC(263) Skipped phase 3 of Reference Processing: no references
[2025-06-03T15:44:43.507+0530][46.265s] GC(263) Skipped phase 4 of Reference Processing: no references
[2025-06-03T15:44:43.508+0530][46.265s] GC(263)   Pre Evacuate Collection Set: 0.1ms
[2025-06-03T15:44:43.508+0530][46.265s] GC(263)   Merge Heap Roots: 0.1ms
[2025-06-03T15:44:43.508+0530][46.265s] GC(263)   Evacuate Collection Set: 0.2ms
[2025-06-03T15:44:43.508+0530][46.265s] GC(263)   Post Evacuate Collection Set: 0.5ms
[2025-06-03T15:44:43.508+0530][46.266s] GC(263)   Other: 0.2ms
[2025-06-03T15:44:43.508+0530][46.266s] GC(263) Eden regions: 306->0(306)
[2025-06-03T15:44:43.508+0530][46.266s] GC(263) Survivor regions: 1->1(39)
[2025-06-03T15:44:43.508+0530][46.266s] GC(263) Old regions: 9->9
[2025-06-03T15:44:43.508+0530][46.266s] GC(263) Archive regions: 2->2
[2025-06-03T15:44:43.508+0530][46.266s] GC(263) Humongous regions: 0->0
[2025-06-03T15:44:43.508+0530][46.266s] GC(263) Metaspace: 20310K(20800K)->20310K(20800K) NonClass: 17725K(17984K)->17725K(17984K) Class: 2584K(2816K)->2584K(2816K)
[2025-06-03T15:44:43.508+0530][46.266s] GC(263) Pause Young (Normal) (G1 Evacuation Pause) 315M->9M(512M) 1.244ms
[2025-06-03T15:44:43.508+0530][46.266s] GC(263) User=0.00s Sys=0.00s Real=0.00s
[2025-06-03T15:44:43.650+0530][46.408s] GC(264) Pause Young (Normal) (G1 Evacuation Pause)
[2025-06-03T15:44:43.650+0530][46.408s] GC(264) Using 8 workers of 8 for evacuation
[2025-06-03T15:44:43.651+0530][46.409s] GC(264) Skipped phase 1 of Reference Processing: no references
[2025-06-03T15:44:43.651+0530][46.409s] GC(264) Skipped phase 2 of Reference Processing: no references
[2025-06-03T15:44:43.651+0530][46.409s] GC(264) Skipped phase 3 of Reference Processing: no references
[2025-06-03T15:44:43.651+0530][46.409s] GC(264) Skipped phase 4 of Reference Processing: no references
[2025-06-03T15:44:43.652+0530][46.409s] GC(264)   Pre Evacuate Collection Set: 0.1ms
[2025-06-03T15:44:43.652+0530][46.409s] GC(264)   Merge Heap Roots: 0.1ms
[2025-06-03T15:44:43.652+0530][46.409s] GC(264)   Evacuate Collection Set: 0.3ms
[2025-06-03T15:44:43.652+0530][46.409s] GC(264)   Post Evacuate Collection Set: 0.5ms
[2025-06-03T15:44:43.652+0530][46.409s] GC(264)   Other: 0.3ms
[2025-06-03T15:44:43.652+0530][46.409s] GC(264) Eden regions: 306->0(306)
[2025-06-03T15:44:43.652+0530][46.409s] GC(264) Survivor regions: 1->1(39)
[2025-06-03T15:44:43.652+0530][46.409s] GC(264) Old regions: 9->9
[2025-06-03T15:44:43.652+0530][46.409s] GC(264) Archive regions: 2->2
[2025-06-03T15:44:43.652+0530][46.409s] GC(264) Humongous regions: 0->0
[2025-06-03T15:44:43.652+0530][46.409s] GC(264) Metaspace: 20310K(20800K)->20310K(20800K) NonClass: 17725K(17984K)->17725K(17984K) Class: 2584K(2816K)->2584K(2816K)
[2025-06-03T15:44:43.652+0530][46.409s] GC(264) Pause Young (Normal) (G1 Evacuation Pause) 315M->9M(512M) 1.371ms
[2025-06-03T15:44:43.652+0530][46.409s] GC(264) User=0.00s Sys=0.00s Real=0.00s
[2025-06-03T15:44:43.790+0530][46.548s] GC(265) Pause Young (Normal) (G1 Evacuation Pause)
[2025-06-03T15:44:43.790+0530][46.548s] GC(265) Using 8 workers of 8 for evacuation
[2025-06-03T15:44:43.791+0530][46.548s] GC(265) Skipped phase 1 of Reference Processing: no references
[2025-06-03T15:44:43.791+0530][46.548s] GC(265) Skipped phase 2 of Reference Processing: no references
[2025-06-03T15:44:43.791+0530][46.548s] GC(265) Skipped phase 3 of Reference Processing: no references
[2025-06-03T15:44:43.791+0530][46.548s] GC(265) Skipped phase 4 of Reference Processing: no references
[2025-06-03T15:44:43.791+0530][46.549s] GC(265)   Pre Evacuate Collection Set: 0.1ms
[2025-06-03T15:44:43.791+0530][46.549s] GC(265)   Merge Heap Roots: 0.1ms
[2025-06-03T15:44:43.791+0530][46.549s] GC(265)   Evacuate Collection Set: 0.2ms
[2025-06-03T15:44:43.791+0530][46.549s] GC(265)   Post Evacuate Collection Set: 0.5ms
[2025-06-03T15:44:43.791+0530][46.549s] GC(265)   Other: 0.2ms
[2025-06-03T15:44:43.791+0530][46.549s] GC(265) Eden regions: 306->0(306)
[2025-06-03T15:44:43.791+0530][46.549s] GC(265) Survivor regions: 1->1(39)
[2025-06-03T15:44:43.791+0530][46.549s] GC(265) Old regions: 9->9
[2025-06-03T15:44:43.791+0530][46.549s] GC(265) Archive regions: 2->2
[2025-06-03T15:44:43.791+0530][46.549s] GC(265) Humongous regions: 0->0
[2025-06-03T15:44:43.791+0530][46.549s] GC(265) Metaspace: 20310K(20800K)->20310K(20800K) NonClass: 17725K(17984K)->17725K(17984K) Class: 2584K(2816K)->2584K(2816K)
[2025-06-03T15:44:43.791+0530][46.549s] GC(265) Pause Young (Normal) (G1 Evacuation Pause) 315M->9M(512M) 1.284ms
[2025-06-03T15:44:43.791+0530][46.549s] GC(265) User=0.00s Sys=0.00s Real=0.00s
[2025-06-03T15:44:43.936+0530][46.693s] GC(266) Pause Young (Normal) (G1 Evacuation Pause)
[2025-06-03T15:44:43.936+0530][46.693s] GC(266) Using 8 workers of 8 for evacuation
[2025-06-03T15:44:43.936+0530][46.694s] GC(266) Skipped phase 1 of Reference Processing: no references
[2025-06-03T15:44:43.936+0530][46.694s] GC(266) Skipped phase 2 of Reference Processing: no references
[2025-06-03T15:44:43.936+0530][46.694s] GC(266) Skipped phase 3 of Reference Processing: no references
[2025-06-03T15:44:43.936+0530][46.694s] GC(266) Skipped phase 4 of Reference Processing: no references
[2025-06-03T15:44:43.937+0530][46.694s] GC(266)   Pre Evacuate Collection Set: 0.1ms
[2025-06-03T15:44:43.937+0530][46.694s] GC(266)   Merge Heap Roots: 0.1ms
[2025-06-03T15:44:43.937+0530][46.694s] GC(266)   Evacuate Collection Set: 0.2ms
[2025-06-03T15:44:43.937+0530][46.694s] GC(266)   Post Evacuate Collection Set: 0.5ms
[2025-06-03T15:44:43.937+0530][46.694s] GC(266)   Other: 0.2ms
[2025-06-03T15:44:43.937+0530][46.694s] GC(266) Eden regions: 306->0(306)
[2025-06-03T15:44:43.937+0530][46.694s] GC(266) Survivor regions: 1->1(39)
[2025-06-03T15:44:43.937+0530][46.694s] GC(266) Old regions: 9->9
[2025-06-03T15:44:43.937+0530][46.694s] GC(266) Archive regions: 2->2
[2025-06-03T15:44:43.937+0530][46.694s] GC(266) Humongous regions: 0->0
[2025-06-03T15:44:43.937+0530][46.694s] GC(266) Metaspace: 20316K(20800K)->20316K(20800K) NonClass: 17731K(17984K)->17731K(17984K) Class: 2584K(2816K)->2584K(2816K)
[2025-06-03T15:44:43.937+0530][46.695s] GC(266) Pause Young (Normal) (G1 Evacuation Pause) 315M->9M(512M) 1.267ms
[2025-06-03T15:44:43.937+0530][46.695s] GC(266) User=0.00s Sys=0.00s Real=0.00s
[2025-06-03T15:44:44.094+0530][46.851s] GC(267) Pause Young (Normal) (G1 Evacuation Pause)
[2025-06-03T15:44:44.094+0530][46.851s] GC(267) Using 8 workers of 8 for evacuation
[2025-06-03T15:44:44.094+0530][46.852s] GC(267) Skipped phase 1 of Reference Processing: no references
[2025-06-03T15:44:44.094+0530][46.852s] GC(267) Skipped phase 2 of Reference Processing: no references
[2025-06-03T15:44:44.094+0530][46.852s] GC(267) Skipped phase 3 of Reference Processing: no references
[2025-06-03T15:44:44.094+0530][46.852s] GC(267) Skipped phase 4 of Reference Processing: no references
[2025-06-03T15:44:44.095+0530][46.852s] GC(267)   Pre Evacuate Collection Set: 0.1ms
[2025-06-03T15:44:44.095+0530][46.852s] GC(267)   Merge Heap Roots: 0.1ms
[2025-06-03T15:44:44.095+0530][46.852s] GC(267)   Evacuate Collection Set: 0.3ms
[2025-06-03T15:44:44.095+0530][46.852s] GC(267)   Post Evacuate Collection Set: 0.5ms
[2025-06-03T15:44:44.095+0530][46.852s] GC(267)   Other: 0.2ms
[2025-06-03T15:44:44.095+0530][46.852s] GC(267) Eden regions: 306->0(306)
[2025-06-03T15:44:44.095+0530][46.852s] GC(267) Survivor regions: 1->1(39)
[2025-06-03T15:44:44.095+0530][46.852s] GC(267) Old regions: 9->9
[2025-06-03T15:44:44.095+0530][46.852s] GC(267) Archive regions: 2->2
[2025-06-03T15:44:44.095+0530][46.852s] GC(267) Humongous regions: 0->0
[2025-06-03T15:44:44.095+0530][46.852s] GC(267) Metaspace: 20316K(20800K)->20316K(20800K) NonClass: 17731K(17984K)->17731K(17984K) Class: 2584K(2816K)->2584K(2816K)
[2025-06-03T15:44:44.095+0530][46.852s] GC(267) Pause Young (Normal) (G1 Evacuation Pause) 315M->9M(512M) 1.339ms
[2025-06-03T15:44:44.095+0530][46.852s] GC(267) User=0.00s Sys=0.00s Real=0.00s
[2025-06-03T15:44:44.256+0530][47.013s] GC(268) Pause Young (Normal) (G1 Evacuation Pause)
[2025-06-03T15:44:44.256+0530][47.013s] GC(268) Using 8 workers of 8 for evacuation
[2025-06-03T15:44:44.256+0530][47.014s] GC(268) Skipped phase 1 of Reference Processing: no references
[2025-06-03T15:44:44.256+0530][47.014s] GC(268) Skipped phase 2 of Reference Processing: no references
[2025-06-03T15:44:44.256+0530][47.014s] GC(268) Skipped phase 3 of Reference Processing: no references
[2025-06-03T15:44:44.256+0530][47.014s] GC(268) Skipped phase 4 of Reference Processing: no references
[2025-06-03T15:44:44.257+0530][47.014s] GC(268)   Pre Evacuate Collection Set: 0.1ms
[2025-06-03T15:44:44.257+0530][47.014s] GC(268)   Merge Heap Roots: 0.1ms
[2025-06-03T15:44:44.257+0530][47.014s] GC(268)   Evacuate Collection Set: 0.2ms
[2025-06-03T15:44:44.257+0530][47.014s] GC(268)   Post Evacuate Collection Set: 0.5ms
[2025-06-03T15:44:44.257+0530][47.014s] GC(268)   Other: 0.2ms
[2025-06-03T15:44:44.257+0530][47.014s] GC(268) Eden regions: 306->0(306)
[2025-06-03T15:44:44.257+0530][47.014s] GC(268) Survivor regions: 1->1(39)
[2025-06-03T15:44:44.257+0530][47.014s] GC(268) Old regions: 9->9
[2025-06-03T15:44:44.257+0530][47.014s] GC(268) Archive regions: 2->2
[2025-06-03T15:44:44.257+0530][47.014s] GC(268) Humongous regions: 0->0
[2025-06-03T15:44:44.257+0530][47.014s] GC(268) Metaspace: 20316K(20800K)->20316K(20800K) NonClass: 17731K(17984K)->17731K(17984K) Class: 2584K(2816K)->2584K(2816K)
[2025-06-03T15:44:44.257+0530][47.014s] GC(268) Pause Young (Normal) (G1 Evacuation Pause) 315M->9M(512M) 1.291ms
[2025-06-03T15:44:44.257+0530][47.014s] GC(268) User=0.00s Sys=0.00s Real=0.00s
[2025-06-03T15:44:44.418+0530][47.176s] GC(269) Pause Young (Normal) (G1 Evacuation Pause)
[2025-06-03T15:44:44.419+0530][47.176s] GC(269) Using 8 workers of 8 for evacuation
[2025-06-03T15:44:44.419+0530][47.177s] GC(269) Skipped phase 1 of Reference Processing: no references
[2025-06-03T15:44:44.419+0530][47.177s] GC(269) Skipped phase 2 of Reference Processing: no references
[2025-06-03T15:44:44.419+0530][47.177s] GC(269) Skipped phase 3 of Reference Processing: no references
[2025-06-03T15:44:44.419+0530][47.177s] GC(269) Skipped phase 4 of Reference Processing: no references
[2025-06-03T15:44:44.420+0530][47.177s] GC(269)   Pre Evacuate Collection Set: 0.1ms
[2025-06-03T15:44:44.420+0530][47.177s] GC(269)   Merge Heap Roots: 0.1ms
[2025-06-03T15:44:44.420+0530][47.177s] GC(269)   Evacuate Collection Set: 0.2ms
[2025-06-03T15:44:44.420+0530][47.177s] GC(269)   Post Evacuate Collection Set: 0.5ms
[2025-06-03T15:44:44.420+0530][47.177s] GC(269)   Other: 0.2ms
[2025-06-03T15:44:44.420+0530][47.177s] GC(269) Eden regions: 306->0(306)
[2025-06-03T15:44:44.420+0530][47.177s] GC(269) Survivor regions: 1->1(39)
[2025-06-03T15:44:44.420+0530][47.177s] GC(269) Old regions: 9->9
[2025-06-03T15:44:44.420+0530][47.177s] GC(269) Archive regions: 2->2
[2025-06-03T15:44:44.420+0530][47.177s] GC(269) Humongous regions: 0->0
[2025-06-03T15:44:44.420+0530][47.177s] GC(269) Metaspace: 20316K(20800K)->20316K(20800K) NonClass: 17731K(17984K)->17731K(17984K) Class: 2584K(2816K)->2584K(2816K)
[2025-06-03T15:44:44.420+0530][47.177s] GC(269) Pause Young (Normal) (G1 Evacuation Pause) 315M->9M(512M) 1.277ms
[2025-06-03T15:44:44.420+0530][47.177s] GC(269) User=0.01s Sys=0.00s Real=0.01s
[2025-06-03T15:44:44.583+0530][47.341s] GC(270) Pause Young (Normal) (G1 Evacuation Pause)
[2025-06-03T15:44:44.583+0530][47.341s] GC(270) Using 8 workers of 8 for evacuation
[2025-06-03T15:44:44.584+0530][47.341s] GC(270) Skipped phase 1 of Reference Processing: no references
[2025-06-03T15:44:44.584+0530][47.341s] GC(270) Skipped phase 2 of Reference Processing: no references
[2025-06-03T15:44:44.584+0530][47.341s] GC(270) Skipped phase 3 of Reference Processing: no references
[2025-06-03T15:44:44.584+0530][47.341s] GC(270) Skipped phase 4 of Reference Processing: no references
[2025-06-03T15:44:44.584+0530][47.342s] GC(270)   Pre Evacuate Collection Set: 0.1ms
[2025-06-03T15:44:44.584+0530][47.342s] GC(270)   Merge Heap Roots: 0.1ms
[2025-06-03T15:44:44.584+0530][47.342s] GC(270)   Evacuate Collection Set: 0.3ms
[2025-06-03T15:44:44.584+0530][47.342s] GC(270)   Post Evacuate Collection Set: 0.6ms
[2025-06-03T15:44:44.584+0530][47.342s] GC(270)   Other: 0.2ms
[2025-06-03T15:44:44.584+0530][47.342s] GC(270) Eden regions: 306->0(306)
[2025-06-03T15:44:44.584+0530][47.342s] GC(270) Survivor regions: 1->1(39)
[2025-06-03T15:44:44.584+0530][47.342s] GC(270) Old regions: 9->9
[2025-06-03T15:44:44.584+0530][47.342s] GC(270) Archive regions: 2->2
[2025-06-03T15:44:44.585+0530][47.342s] GC(270) Humongous regions: 0->0
[2025-06-03T15:44:44.585+0530][47.342s] GC(270) Metaspace: 20316K(20800K)->20316K(20800K) NonClass: 17731K(17984K)->17731K(17984K) Class: 2584K(2816K)->2584K(2816K)
[2025-06-03T15:44:44.585+0530][47.342s] GC(270) Pause Young (Normal) (G1 Evacuation Pause) 315M->9M(512M) 1.449ms
[2025-06-03T15:44:44.585+0530][47.342s] GC(270) User=0.00s Sys=0.00s Real=0.00s
[2025-06-03T15:44:44.732+0530][47.490s] GC(271) Pause Young (Normal) (G1 Evacuation Pause)
[2025-06-03T15:44:44.732+0530][47.490s] GC(271) Using 8 workers of 8 for evacuation
[2025-06-03T15:44:44.733+0530][47.490s] GC(271) Skipped phase 1 of Reference Processing: no references
[2025-06-03T15:44:44.733+0530][47.490s] GC(271) Skipped phase 2 of Reference Processing: no references
[2025-06-03T15:44:44.733+0530][47.490s] GC(271) Skipped phase 3 of Reference Processing: no references
[2025-06-03T15:44:44.733+0530][47.490s] GC(271) Skipped phase 4 of Reference Processing: no references
[2025-06-03T15:44:44.733+0530][47.491s] GC(271)   Pre Evacuate Collection Set: 0.1ms
[2025-06-03T15:44:44.733+0530][47.491s] GC(271)   Merge Heap Roots: 0.1ms
[2025-06-03T15:44:44.733+0530][47.491s] GC(271)   Evacuate Collection Set: 0.2ms
[2025-06-03T15:44:44.733+0530][47.491s] GC(271)   Post Evacuate Collection Set: 0.4ms
[2025-06-03T15:44:44.733+0530][47.491s] GC(271)   Other: 0.2ms
[2025-06-03T15:44:44.733+0530][47.491s] GC(271) Eden regions: 306->0(306)
[2025-06-03T15:44:44.733+0530][47.491s] GC(271) Survivor regions: 1->1(39)
[2025-06-03T15:44:44.733+0530][47.491s] GC(271) Old regions: 9->9
[2025-06-03T15:44:44.733+0530][47.491s] GC(271) Archive regions: 2->2
[2025-06-03T15:44:44.733+0530][47.491s] GC(271) Humongous regions: 0->0
[2025-06-03T15:44:44.733+0530][47.491s] GC(271) Metaspace: 20316K(20800K)->20316K(20800K) NonClass: 17731K(17984K)->17731K(17984K) Class: 2584K(2816K)->2584K(2816K)
[2025-06-03T15:44:44.733+0530][47.491s] GC(271) Pause Young (Normal) (G1 Evacuation Pause) 315M->9M(512M) 1.275ms
[2025-06-03T15:44:44.733+0530][47.491s] GC(271) User=0.00s Sys=0.00s Real=0.00s
[2025-06-03T15:44:44.925+0530][47.682s] GC(272) Pause Young (Normal) (G1 Evacuation Pause)
[2025-06-03T15:44:44.925+0530][47.682s] GC(272) Using 8 workers of 8 for evacuation
[2025-06-03T15:44:44.925+0530][47.683s] GC(272) Skipped phase 1 of Reference Processing: no references
[2025-06-03T15:44:44.925+0530][47.683s] GC(272) Skipped phase 2 of Reference Processing: no references
[2025-06-03T15:44:44.925+0530][47.683s] GC(272) Skipped phase 3 of Reference Processing: no references
[2025-06-03T15:44:44.925+0530][47.683s] GC(272) Skipped phase 4 of Reference Processing: no references
[2025-06-03T15:44:44.926+0530][47.683s] GC(272)   Pre Evacuate Collection Set: 0.1ms
[2025-06-03T15:44:44.926+0530][47.683s] GC(272)   Merge Heap Roots: 0.1ms
[2025-06-03T15:44:44.926+0530][47.683s] GC(272)   Evacuate Collection Set: 0.3ms
[2025-06-03T15:44:44.926+0530][47.683s] GC(272)   Post Evacuate Collection Set: 0.5ms
[2025-06-03T15:44:44.926+0530][47.683s] GC(272)   Other: 0.2ms
[2025-06-03T15:44:44.926+0530][47.683s] GC(272) Eden regions: 306->0(306)
[2025-06-03T15:44:44.926+0530][47.683s] GC(272) Survivor regions: 1->1(39)
[2025-06-03T15:44:44.926+0530][47.683s] GC(272) Old regions: 9->9
[2025-06-03T15:44:44.926+0530][47.683s] GC(272) Archive regions: 2->2
[2025-06-03T15:44:44.926+0530][47.683s] GC(272) Humongous regions: 0->0
[2025-06-03T15:44:44.926+0530][47.683s] GC(272) Metaspace: 20320K(20800K)->20320K(20800K) NonClass: 17735K(17984K)->17735K(17984K) Class: 2584K(2816K)->2584K(2816K)
[2025-06-03T15:44:44.926+0530][47.683s] GC(272) Pause Young (Normal) (G1 Evacuation Pause) 315M->9M(512M) 1.337ms
[2025-06-03T15:44:44.926+0530][47.683s] GC(272) User=0.00s Sys=0.00s Real=0.00s
[2025-06-03T15:44:45.094+0530][47.852s] GC(273) Pause Young (Normal) (G1 Evacuation Pause)
[2025-06-03T15:44:45.094+0530][47.852s] GC(273) Using 8 workers of 8 for evacuation
[2025-06-03T15:44:45.095+0530][47.853s] GC(273) Skipped phase 1 of Reference Processing: no references
[2025-06-03T15:44:45.095+0530][47.853s] GC(273) Skipped phase 2 of Reference Processing: no references
[2025-06-03T15:44:45.095+0530][47.853s] GC(273) Skipped phase 3 of Reference Processing: no references
[2025-06-03T15:44:45.095+0530][47.853s] GC(273) Skipped phase 4 of Reference Processing: no references
[2025-06-03T15:44:45.096+0530][47.853s] GC(273)   Pre Evacuate Collection Set: 0.1ms
[2025-06-03T15:44:45.096+0530][47.853s] GC(273)   Merge Heap Roots: 0.1ms
[2025-06-03T15:44:45.096+0530][47.853s] GC(273)   Evacuate Collection Set: 0.3ms
[2025-06-03T15:44:45.096+0530][47.853s] GC(273)   Post Evacuate Collection Set: 0.6ms
[2025-06-03T15:44:45.096+0530][47.853s] GC(273)   Other: 0.2ms
[2025-06-03T15:44:45.096+0530][47.853s] GC(273) Eden regions: 306->0(306)
[2025-06-03T15:44:45.096+0530][47.853s] GC(273) Survivor regions: 1->1(39)
[2025-06-03T15:44:45.096+0530][47.853s] GC(273) Old regions: 9->9
[2025-06-03T15:44:45.096+0530][47.853s] GC(273) Archive regions: 2->2
[2025-06-03T15:44:45.096+0530][47.853s] GC(273) Humongous regions: 0->0
[2025-06-03T15:44:45.096+0530][47.853s] GC(273) Metaspace: 20320K(20800K)->20320K(20800K) NonClass: 17735K(17984K)->17735K(17984K) Class: 2584K(2816K)->2584K(2816K)
[2025-06-03T15:44:45.096+0530][47.854s] GC(273) Pause Young (Normal) (G1 Evacuation Pause) 315M->9M(512M) 1.606ms
[2025-06-03T15:44:45.096+0530][47.854s] GC(273) User=0.00s Sys=0.00s Real=0.00s
[2025-06-03T15:44:45.238+0530][47.995s] GC(274) Pause Young (Normal) (G1 Evacuation Pause)
[2025-06-03T15:44:45.238+0530][47.995s] GC(274) Using 8 workers of 8 for evacuation
[2025-06-03T15:44:45.238+0530][47.996s] GC(274) Skipped phase 1 of Reference Processing: no references
[2025-06-03T15:44:45.238+0530][47.996s] GC(274) Skipped phase 2 of Reference Processing: no references
[2025-06-03T15:44:45.238+0530][47.996s] GC(274) Skipped phase 3 of Reference Processing: no references
[2025-06-03T15:44:45.238+0530][47.996s] GC(274) Skipped phase 4 of Reference Processing: no references
[2025-06-03T15:44:45.239+0530][47.996s] GC(274)   Pre Evacuate Collection Set: 0.1ms
[2025-06-03T15:44:45.239+0530][47.996s] GC(274)   Merge Heap Roots: 0.1ms
[2025-06-03T15:44:45.239+0530][47.996s] GC(274)   Evacuate Collection Set: 0.2ms
[2025-06-03T15:44:45.239+0530][47.996s] GC(274)   Post Evacuate Collection Set: 0.4ms
[2025-06-03T15:44:45.239+0530][47.996s] GC(274)   Other: 0.2ms
[2025-06-03T15:44:45.239+0530][47.996s] GC(274) Eden regions: 306->0(306)
[2025-06-03T15:44:45.239+0530][47.996s] GC(274) Survivor regions: 1->1(39)
[2025-06-03T15:44:45.239+0530][47.996s] GC(274) Old regions: 9->9
[2025-06-03T15:44:45.239+0530][47.996s] GC(274) Archive regions: 2->2
[2025-06-03T15:44:45.239+0530][47.996s] GC(274) Humongous regions: 0->0
[2025-06-03T15:44:45.239+0530][47.996s] GC(274) Metaspace: 20320K(20800K)->20320K(20800K) NonClass: 17735K(17984K)->17735K(17984K) Class: 2584K(2816K)->2584K(2816K)
[2025-06-03T15:44:45.239+0530][47.996s] GC(274) Pause Young (Normal) (G1 Evacuation Pause) 315M->9M(512M) 1.123ms
[2025-06-03T15:44:45.239+0530][47.996s] GC(274) User=0.00s Sys=0.00s Real=0.00s
[2025-06-03T15:44:45.386+0530][48.144s] GC(275) Pause Young (Normal) (G1 Evacuation Pause)
[2025-06-03T15:44:45.386+0530][48.144s] GC(275) Using 8 workers of 8 for evacuation
[2025-06-03T15:44:45.386+0530][48.144s] GC(275) Skipped phase 1 of Reference Processing: no references
[2025-06-03T15:44:45.387+0530][48.144s] GC(275) Skipped phase 2 of Reference Processing: no references
[2025-06-03T15:44:45.387+0530][48.144s] GC(275) Skipped phase 3 of Reference Processing: no references
[2025-06-03T15:44:45.387+0530][48.144s] GC(275) Skipped phase 4 of Reference Processing: no references
[2025-06-03T15:44:45.387+0530][48.145s] GC(275)   Pre Evacuate Collection Set: 0.1ms
[2025-06-03T15:44:45.387+0530][48.145s] GC(275)   Merge Heap Roots: 0.1ms
[2025-06-03T15:44:45.387+0530][48.145s] GC(275)   Evacuate Collection Set: 0.3ms
[2025-06-03T15:44:45.387+0530][48.145s] GC(275)   Post Evacuate Collection Set: 0.5ms
[2025-06-03T15:44:45.387+0530][48.145s] GC(275)   Other: 0.2ms
[2025-06-03T15:44:45.387+0530][48.145s] GC(275) Eden regions: 306->0(306)
[2025-06-03T15:44:45.387+0530][48.145s] GC(275) Survivor regions: 1->1(39)
[2025-06-03T15:44:45.387+0530][48.145s] GC(275) Old regions: 9->9
[2025-06-03T15:44:45.387+0530][48.145s] GC(275) Archive regions: 2->2
[2025-06-03T15:44:45.387+0530][48.145s] GC(275) Humongous regions: 0->0
[2025-06-03T15:44:45.387+0530][48.145s] GC(275) Metaspace: 20320K(20800K)->20320K(20800K) NonClass: 17735K(17984K)->17735K(17984K) Class: 2584K(2816K)->2584K(2816K)
[2025-06-03T15:44:45.387+0530][48.145s] GC(275) Pause Young (Normal) (G1 Evacuation Pause) 315M->9M(512M) 1.347ms
[2025-06-03T15:44:45.387+0530][48.145s] GC(275) User=0.00s Sys=0.00s Real=0.00s
[2025-06-03T15:44:45.536+0530][48.293s] GC(276) Pause Young (Normal) (G1 Evacuation Pause)
[2025-06-03T15:44:45.536+0530][48.293s] GC(276) Using 8 workers of 8 for evacuation
[2025-06-03T15:44:45.536+0530][48.294s] GC(276) Skipped phase 1 of Reference Processing: no references
[2025-06-03T15:44:45.536+0530][48.294s] GC(276) Skipped phase 2 of Reference Processing: no references
[2025-06-03T15:44:45.536+0530][48.294s] GC(276) Skipped phase 3 of Reference Processing: no references
[2025-06-03T15:44:45.536+0530][48.294s] GC(276) Skipped phase 4 of Reference Processing: no references
[2025-06-03T15:44:45.537+0530][48.294s] GC(276)   Pre Evacuate Collection Set: 0.1ms
[2025-06-03T15:44:45.537+0530][48.294s] GC(276)   Merge Heap Roots: 0.1ms
[2025-06-03T15:44:45.537+0530][48.294s] GC(276)   Evacuate Collection Set: 0.2ms
[2025-06-03T15:44:45.537+0530][48.294s] GC(276)   Post Evacuate Collection Set: 0.5ms
[2025-06-03T15:44:45.537+0530][48.294s] GC(276)   Other: 0.2ms
[2025-06-03T15:44:45.537+0530][48.294s] GC(276) Eden regions: 306->0(306)
[2025-06-03T15:44:45.537+0530][48.294s] GC(276) Survivor regions: 1->1(39)
[2025-06-03T15:44:45.537+0530][48.294s] GC(276) Old regions: 9->9
[2025-06-03T15:44:45.537+0530][48.294s] GC(276) Archive regions: 2->2
[2025-06-03T15:44:45.537+0530][48.294s] GC(276) Humongous regions: 0->0
[2025-06-03T15:44:45.537+0530][48.294s] GC(276) Metaspace: 20320K(20800K)->20320K(20800K) NonClass: 17735K(17984K)->17735K(17984K) Class: 2584K(2816K)->2584K(2816K)
[2025-06-03T15:44:45.537+0530][48.294s] GC(276) Pause Young (Normal) (G1 Evacuation Pause) 315M->9M(512M) 1.230ms
[2025-06-03T15:44:45.537+0530][48.294s] GC(276) User=0.00s Sys=0.00s Real=0.00s
[2025-06-03T15:44:45.682+0530][48.439s] GC(277) Pause Young (Normal) (G1 Evacuation Pause)
[2025-06-03T15:44:45.682+0530][48.439s] GC(277) Using 8 workers of 8 for evacuation
[2025-06-03T15:44:45.682+0530][48.440s] GC(277) Skipped phase 1 of Reference Processing: no references
[2025-06-03T15:44:45.682+0530][48.440s] GC(277) Skipped phase 2 of Reference Processing: no references
[2025-06-03T15:44:45.682+0530][48.440s] GC(277) Skipped phase 3 of Reference Processing: no references
[2025-06-03T15:44:45.682+0530][48.440s] GC(277) Skipped phase 4 of Reference Processing: no references
[2025-06-03T15:44:45.683+0530][48.440s] GC(277)   Pre Evacuate Collection Set: 0.1ms
[2025-06-03T15:44:45.683+0530][48.440s] GC(277)   Merge Heap Roots: 0.1ms
[2025-06-03T15:44:45.683+0530][48.440s] GC(277)   Evacuate Collection Set: 0.2ms
[2025-06-03T15:44:45.683+0530][48.440s] GC(277)   Post Evacuate Collection Set: 0.4ms
[2025-06-03T15:44:45.683+0530][48.440s] GC(277)   Other: 0.2ms
[2025-06-03T15:44:45.683+0530][48.440s] GC(277) Eden regions: 306->0(306)
[2025-06-03T15:44:45.683+0530][48.440s] GC(277) Survivor regions: 1->1(39)
[2025-06-03T15:44:45.683+0530][48.440s] GC(277) Old regions: 9->9
[2025-06-03T15:44:45.683+0530][48.440s] GC(277) Archive regions: 2->2
[2025-06-03T15:44:45.683+0530][48.440s] GC(277) Humongous regions: 0->0
[2025-06-03T15:44:45.683+0530][48.440s] GC(277) Metaspace: 20320K(20800K)->20320K(20800K) NonClass: 17735K(17984K)->17735K(17984K) Class: 2584K(2816K)->2584K(2816K)
[2025-06-03T15:44:45.683+0530][48.440s] GC(277) Pause Young (Normal) (G1 Evacuation Pause) 315M->9M(512M) 1.243ms
[2025-06-03T15:44:45.683+0530][48.441s] GC(277) User=0.00s Sys=0.00s Real=0.00s
[2025-06-03T15:44:45.964+0530][48.722s] GC(278) Pause Young (Normal) (G1 Evacuation Pause)
[2025-06-03T15:44:45.964+0530][48.722s] GC(278) Using 8 workers of 8 for evacuation
[2025-06-03T15:44:45.965+0530][48.722s] GC(278) Skipped phase 1 of Reference Processing: no references
[2025-06-03T15:44:45.965+0530][48.723s] GC(278) Skipped phase 2 of Reference Processing: no references
[2025-06-03T15:44:45.965+0530][48.723s] GC(278) Skipped phase 3 of Reference Processing: no references
[2025-06-03T15:44:45.965+0530][48.723s] GC(278) Skipped phase 4 of Reference Processing: no references
[2025-06-03T15:44:45.965+0530][48.723s] GC(278)   Pre Evacuate Collection Set: 0.1ms
[2025-06-03T15:44:45.965+0530][48.723s] GC(278)   Merge Heap Roots: 0.1ms
[2025-06-03T15:44:45.965+0530][48.723s] GC(278)   Evacuate Collection Set: 0.4ms
[2025-06-03T15:44:45.966+0530][48.723s] GC(278)   Post Evacuate Collection Set: 0.5ms
[2025-06-03T15:44:45.966+0530][48.723s] GC(278)   Other: 0.2ms
[2025-06-03T15:44:45.966+0530][48.723s] GC(278) Eden regions: 306->0(306)
[2025-06-03T15:44:45.966+0530][48.723s] GC(278) Survivor regions: 1->1(39)
[2025-06-03T15:44:45.966+0530][48.723s] GC(278) Old regions: 9->9
[2025-06-03T15:44:45.966+0530][48.723s] GC(278) Archive regions: 2->2
[2025-06-03T15:44:45.966+0530][48.723s] GC(278) Humongous regions: 0->0
[2025-06-03T15:44:45.966+0530][48.723s] GC(278) Metaspace: 20323K(20800K)->20323K(20800K) NonClass: 17738K(17984K)->17738K(17984K) Class: 2584K(2816K)->2584K(2816K)
[2025-06-03T15:44:45.966+0530][48.723s] GC(278) Pause Young (Normal) (G1 Evacuation Pause) 315M->9M(512M) 1.486ms
[2025-06-03T15:44:45.966+0530][48.723s] GC(278) User=0.01s Sys=0.00s Real=0.00s
[2025-06-03T15:44:46.208+0530][48.966s] GC(279) Pause Young (Normal) (G1 Evacuation Pause)
[2025-06-03T15:44:46.209+0530][48.966s] GC(279) Using 8 workers of 8 for evacuation
[2025-06-03T15:44:46.209+0530][48.967s] GC(279) Skipped phase 1 of Reference Processing: no references
[2025-06-03T15:44:46.209+0530][48.967s] GC(279) Skipped phase 2 of Reference Processing: no references
[2025-06-03T15:44:46.209+0530][48.967s] GC(279) Skipped phase 3 of Reference Processing: no references
[2025-06-03T15:44:46.209+0530][48.967s] GC(279) Skipped phase 4 of Reference Processing: no references
[2025-06-03T15:44:46.209+0530][48.967s] GC(279)   Pre Evacuate Collection Set: 0.1ms
[2025-06-03T15:44:46.209+0530][48.967s] GC(279)   Merge Heap Roots: 0.1ms
[2025-06-03T15:44:46.210+0530][48.967s] GC(279)   Evacuate Collection Set: 0.2ms
[2025-06-03T15:44:46.210+0530][48.967s] GC(279)   Post Evacuate Collection Set: 0.5ms
[2025-06-03T15:44:46.210+0530][48.967s] GC(279)   Other: 0.2ms
[2025-06-03T15:44:46.210+0530][48.967s] GC(279) Eden regions: 306->0(306)
[2025-06-03T15:44:46.210+0530][48.967s] GC(279) Survivor regions: 1->1(39)
[2025-06-03T15:44:46.210+0530][48.967s] GC(279) Old regions: 9->9
[2025-06-03T15:44:46.210+0530][48.967s] GC(279) Archive regions: 2->2
[2025-06-03T15:44:46.210+0530][48.967s] GC(279) Humongous regions: 0->0
[2025-06-03T15:44:46.210+0530][48.967s] GC(279) Metaspace: 20323K(20800K)->20323K(20800K) NonClass: 17738K(17984K)->17738K(17984K) Class: 2584K(2816K)->2584K(2816K)
[2025-06-03T15:44:46.210+0530][48.967s] GC(279) Pause Young (Normal) (G1 Evacuation Pause) 315M->9M(512M) 1.221ms
[2025-06-03T15:44:46.210+0530][48.967s] GC(279) User=0.01s Sys=0.00s Real=0.01s
[2025-06-03T15:44:46.433+0530][49.190s] GC(280) Pause Young (Normal) (G1 Evacuation Pause)
[2025-06-03T15:44:46.433+0530][49.190s] GC(280) Using 8 workers of 8 for evacuation
[2025-06-03T15:44:46.433+0530][49.191s] GC(280) Skipped phase 1 of Reference Processing: no references
[2025-06-03T15:44:46.433+0530][49.191s] GC(280) Skipped phase 2 of Reference Processing: no references
[2025-06-03T15:44:46.433+0530][49.191s] GC(280) Skipped phase 3 of Reference Processing: no references
[2025-06-03T15:44:46.433+0530][49.191s] GC(280) Skipped phase 4 of Reference Processing: no references
[2025-06-03T15:44:46.434+0530][49.192s] GC(280)   Pre Evacuate Collection Set: 0.1ms
[2025-06-03T15:44:46.434+0530][49.192s] GC(280)   Merge Heap Roots: 0.1ms
[2025-06-03T15:44:46.434+0530][49.192s] GC(280)   Evacuate Collection Set: 0.2ms
[2025-06-03T15:44:46.434+0530][49.192s] GC(280)   Post Evacuate Collection Set: 1.0ms
[2025-06-03T15:44:46.434+0530][49.192s] GC(280)   Other: 0.2ms
[2025-06-03T15:44:46.434+0530][49.192s] GC(280) Eden regions: 306->0(306)
[2025-06-03T15:44:46.434+0530][49.192s] GC(280) Survivor regions: 1->1(39)
[2025-06-03T15:44:46.434+0530][49.192s] GC(280) Old regions: 9->9
[2025-06-03T15:44:46.434+0530][49.192s] GC(280) Archive regions: 2->2
[2025-06-03T15:44:46.435+0530][49.192s] GC(280) Humongous regions: 0->0
[2025-06-03T15:44:46.435+0530][49.192s] GC(280) Metaspace: 20323K(20800K)->20323K(20800K) NonClass: 17738K(17984K)->17738K(17984K) Class: 2584K(2816K)->2584K(2816K)
[2025-06-03T15:44:46.435+0530][49.192s] GC(280) Pause Young (Normal) (G1 Evacuation Pause) 315M->9M(512M) 1.880ms
[2025-06-03T15:44:46.435+0530][49.192s] GC(280) User=0.00s Sys=0.00s Real=0.00s
[2025-06-03T15:44:46.770+0530][49.527s] GC(281) Pause Young (Normal) (G1 Evacuation Pause)
[2025-06-03T15:44:46.770+0530][49.527s] GC(281) Using 8 workers of 8 for evacuation
[2025-06-03T15:44:46.770+0530][49.528s] GC(281) Skipped phase 1 of Reference Processing: no references
[2025-06-03T15:44:46.770+0530][49.528s] GC(281) Skipped phase 2 of Reference Processing: no references
[2025-06-03T15:44:46.770+0530][49.528s] GC(281) Skipped phase 3 of Reference Processing: no references
[2025-06-03T15:44:46.770+0530][49.528s] GC(281) Skipped phase 4 of Reference Processing: no references
[2025-06-03T15:44:46.771+0530][49.528s] GC(281)   Pre Evacuate Collection Set: 0.1ms
[2025-06-03T15:44:46.771+0530][49.528s] GC(281)   Merge Heap Roots: 0.1ms
[2025-06-03T15:44:46.771+0530][49.528s] GC(281)   Evacuate Collection Set: 0.2ms
[2025-06-03T15:44:46.771+0530][49.528s] GC(281)   Post Evacuate Collection Set: 0.4ms
[2025-06-03T15:44:46.771+0530][49.528s] GC(281)   Other: 0.2ms
[2025-06-03T15:44:46.771+0530][49.528s] GC(281) Eden regions: 306->0(306)
[2025-06-03T15:44:46.771+0530][49.528s] GC(281) Survivor regions: 1->1(39)
[2025-06-03T15:44:46.771+0530][49.528s] GC(281) Old regions: 9->9
[2025-06-03T15:44:46.771+0530][49.528s] GC(281) Archive regions: 2->2
[2025-06-03T15:44:46.771+0530][49.528s] GC(281) Humongous regions: 0->0
[2025-06-03T15:44:46.771+0530][49.528s] GC(281) Metaspace: 20323K(20800K)->20323K(20800K) NonClass: 17738K(17984K)->17738K(17984K) Class: 2584K(2816K)->2584K(2816K)
[2025-06-03T15:44:46.771+0530][49.528s] GC(281) Pause Young (Normal) (G1 Evacuation Pause) 315M->9M(512M) 1.168ms
[2025-06-03T15:44:46.771+0530][49.528s] GC(281) User=0.00s Sys=0.00s Real=0.00s
[2025-06-03T15:44:46.938+0530][49.696s] GC(282) Pause Young (Normal) (G1 Evacuation Pause)
[2025-06-03T15:44:46.938+0530][49.696s] GC(282) Using 8 workers of 8 for evacuation
[2025-06-03T15:44:46.939+0530][49.696s] GC(282) Skipped phase 1 of Reference Processing: no references
[2025-06-03T15:44:46.939+0530][49.696s] GC(282) Skipped phase 2 of Reference Processing: no references
[2025-06-03T15:44:46.939+0530][49.696s] GC(282) Skipped phase 3 of Reference Processing: no references
[2025-06-03T15:44:46.939+0530][49.696s] GC(282) Skipped phase 4 of Reference Processing: no references
[2025-06-03T15:44:46.939+0530][49.697s] GC(282)   Pre Evacuate Collection Set: 0.1ms
[2025-06-03T15:44:46.939+0530][49.697s] GC(282)   Merge Heap Roots: 0.1ms
[2025-06-03T15:44:46.939+0530][49.697s] GC(282)   Evacuate Collection Set: 0.3ms
[2025-06-03T15:44:46.939+0530][49.697s] GC(282)   Post Evacuate Collection Set: 0.5ms
[2025-06-03T15:44:46.939+0530][49.697s] GC(282)   Other: 0.2ms
[2025-06-03T15:44:46.939+0530][49.697s] GC(282) Eden regions: 306->0(306)
[2025-06-03T15:44:46.939+0530][49.697s] GC(282) Survivor regions: 1->1(39)
[2025-06-03T15:44:46.939+0530][49.697s] GC(282) Old regions: 9->9
[2025-06-03T15:44:46.939+0530][49.697s] GC(282) Archive regions: 2->2
[2025-06-03T15:44:46.939+0530][49.697s] GC(282) Humongous regions: 0->0
[2025-06-03T15:44:46.939+0530][49.697s] GC(282) Metaspace: 20335K(20800K)->20335K(20800K) NonClass: 17751K(17984K)->17751K(17984K) Class: 2584K(2816K)->2584K(2816K)
[2025-06-03T15:44:46.939+0530][49.697s] GC(282) Pause Young (Normal) (G1 Evacuation Pause) 315M->9M(512M) 1.563ms
[2025-06-03T15:44:46.939+0530][49.697s] GC(282) User=0.00s Sys=0.00s Real=0.00s
[2025-06-03T15:44:47.188+0530][49.946s] GC(283) Pause Young (Normal) (G1 Evacuation Pause)
[2025-06-03T15:44:47.189+0530][49.946s] GC(283) Using 8 workers of 8 for evacuation
[2025-06-03T15:44:47.189+0530][49.947s] GC(283) Skipped phase 1 of Reference Processing: no references
[2025-06-03T15:44:47.189+0530][49.947s] GC(283) Skipped phase 2 of Reference Processing: no references
[2025-06-03T15:44:47.189+0530][49.947s] GC(283) Skipped phase 3 of Reference Processing: no references
[2025-06-03T15:44:47.189+0530][49.947s] GC(283) Skipped phase 4 of Reference Processing: no references
[2025-06-03T15:44:47.190+0530][49.947s] GC(283)   Pre Evacuate Collection Set: 0.1ms
[2025-06-03T15:44:47.190+0530][49.947s] GC(283)   Merge Heap Roots: 0.1ms
[2025-06-03T15:44:47.190+0530][49.947s] GC(283)   Evacuate Collection Set: 0.3ms
[2025-06-03T15:44:47.190+0530][49.947s] GC(283)   Post Evacuate Collection Set: 0.5ms
[2025-06-03T15:44:47.190+0530][49.947s] GC(283)   Other: 0.2ms
[2025-06-03T15:44:47.190+0530][49.947s] GC(283) Eden regions: 306->0(306)
[2025-06-03T15:44:47.190+0530][49.947s] GC(283) Survivor regions: 1->1(39)
[2025-06-03T15:44:47.190+0530][49.947s] GC(283) Old regions: 9->9
[2025-06-03T15:44:47.190+0530][49.947s] GC(283) Archive regions: 2->2
[2025-06-03T15:44:47.190+0530][49.947s] GC(283) Humongous regions: 0->0
[2025-06-03T15:44:47.190+0530][49.947s] GC(283) Metaspace: 20335K(20800K)->20335K(20800K) NonClass: 17751K(17984K)->17751K(17984K) Class: 2584K(2816K)->2584K(2816K)
[2025-06-03T15:44:47.190+0530][49.947s] GC(283) Pause Young (Normal) (G1 Evacuation Pause) 315M->9M(512M) 1.322ms
[2025-06-03T15:44:47.190+0530][49.947s] GC(283) User=0.00s Sys=0.00s Real=0.01s
[2025-06-03T15:44:47.360+0530][50.118s] GC(284) Pause Young (Normal) (G1 Evacuation Pause)
[2025-06-03T15:44:47.360+0530][50.118s] GC(284) Using 8 workers of 8 for evacuation
[2025-06-03T15:44:47.361+0530][50.119s] GC(284) Skipped phase 1 of Reference Processing: no references
[2025-06-03T15:44:47.361+0530][50.119s] GC(284) Skipped phase 2 of Reference Processing: no references
[2025-06-03T15:44:47.361+0530][50.119s] GC(284) Skipped phase 3 of Reference Processing: no references
[2025-06-03T15:44:47.361+0530][50.119s] GC(284) Skipped phase 4 of Reference Processing: no references
[2025-06-03T15:44:47.362+0530][50.119s] GC(284)   Pre Evacuate Collection Set: 0.1ms
[2025-06-03T15:44:47.362+0530][50.119s] GC(284)   Merge Heap Roots: 0.1ms
[2025-06-03T15:44:47.362+0530][50.119s] GC(284)   Evacuate Collection Set: 0.2ms
[2025-06-03T15:44:47.362+0530][50.119s] GC(284)   Post Evacuate Collection Set: 0.6ms
[2025-06-03T15:44:47.362+0530][50.119s] GC(284)   Other: 0.2ms
[2025-06-03T15:44:47.362+0530][50.119s] GC(284) Eden regions: 306->0(306)
[2025-06-03T15:44:47.362+0530][50.119s] GC(284) Survivor regions: 1->1(39)
[2025-06-03T15:44:47.362+0530][50.119s] GC(284) Old regions: 9->9
[2025-06-03T15:44:47.362+0530][50.119s] GC(284) Archive regions: 2->2
[2025-06-03T15:44:47.362+0530][50.120s] GC(284) Humongous regions: 0->0
[2025-06-03T15:44:47.362+0530][50.120s] GC(284) Metaspace: 20335K(20800K)->20335K(20800K) NonClass: 17751K(17984K)->17751K(17984K) Class: 2584K(2816K)->2584K(2816K)
[2025-06-03T15:44:47.362+0530][50.120s] GC(284) Pause Young (Normal) (G1 Evacuation Pause) 315M->9M(512M) 1.587ms
[2025-06-03T15:44:47.362+0530][50.120s] GC(284) User=0.00s Sys=0.00s Real=0.00s
[2025-06-03T15:44:47.552+0530][50.309s] GC(285) Pause Young (Normal) (G1 Evacuation Pause)
[2025-06-03T15:44:47.552+0530][50.309s] GC(285) Using 8 workers of 8 for evacuation
[2025-06-03T15:44:47.553+0530][50.310s] GC(285) Skipped phase 1 of Reference Processing: no references
[2025-06-03T15:44:47.553+0530][50.310s] GC(285) Skipped phase 2 of Reference Processing: no references
[2025-06-03T15:44:47.553+0530][50.310s] GC(285) Skipped phase 3 of Reference Processing: no references
[2025-06-03T15:44:47.553+0530][50.310s] GC(285) Skipped phase 4 of Reference Processing: no references
[2025-06-03T15:44:47.553+0530][50.311s] GC(285)   Pre Evacuate Collection Set: 0.1ms
[2025-06-03T15:44:47.553+0530][50.311s] GC(285)   Merge Heap Roots: 0.1ms
[2025-06-03T15:44:47.553+0530][50.311s] GC(285)   Evacuate Collection Set: 0.3ms
[2025-06-03T15:44:47.553+0530][50.311s] GC(285)   Post Evacuate Collection Set: 0.5ms
[2025-06-03T15:44:47.553+0530][50.311s] GC(285)   Other: 0.4ms
[2025-06-03T15:44:47.553+0530][50.311s] GC(285) Eden regions: 306->0(306)
[2025-06-03T15:44:47.553+0530][50.311s] GC(285) Survivor regions: 1->1(39)
[2025-06-03T15:44:47.553+0530][50.311s] GC(285) Old regions: 9->9
[2025-06-03T15:44:47.553+0530][50.311s] GC(285) Archive regions: 2->2
[2025-06-03T15:44:47.553+0530][50.311s] GC(285) Humongous regions: 0->0
[2025-06-03T15:44:47.553+0530][50.311s] GC(285) Metaspace: 20335K(20800K)->20335K(20800K) NonClass: 17751K(17984K)->17751K(17984K) Class: 2584K(2816K)->2584K(2816K)
[2025-06-03T15:44:47.553+0530][50.311s] GC(285) Pause Young (Normal) (G1 Evacuation Pause) 315M->9M(512M) 1.687ms
[2025-06-03T15:44:47.553+0530][50.311s] GC(285) User=0.01s Sys=0.00s Real=0.00s
[2025-06-03T15:44:47.746+0530][50.504s] GC(286) Pause Young (Normal) (G1 Evacuation Pause)
[2025-06-03T15:44:47.746+0530][50.504s] GC(286) Using 8 workers of 8 for evacuation
[2025-06-03T15:44:47.747+0530][50.504s] GC(286) Skipped phase 1 of Reference Processing: no references
[2025-06-03T15:44:47.747+0530][50.504s] GC(286) Skipped phase 2 of Reference Processing: no references
[2025-06-03T15:44:47.747+0530][50.504s] GC(286) Skipped phase 3 of Reference Processing: no references
[2025-06-03T15:44:47.747+0530][50.504s] GC(286) Skipped phase 4 of Reference Processing: no references
[2025-06-03T15:44:47.747+0530][50.505s] GC(286)   Pre Evacuate Collection Set: 0.1ms
[2025-06-03T15:44:47.747+0530][50.505s] GC(286)   Merge Heap Roots: 0.1ms
[2025-06-03T15:44:47.747+0530][50.505s] GC(286)   Evacuate Collection Set: 0.3ms
[2025-06-03T15:44:47.747+0530][50.505s] GC(286)   Post Evacuate Collection Set: 0.5ms
[2025-06-03T15:44:47.747+0530][50.505s] GC(286)   Other: 0.2ms
[2025-06-03T15:44:47.747+0530][50.505s] GC(286) Eden regions: 306->0(306)
[2025-06-03T15:44:47.747+0530][50.505s] GC(286) Survivor regions: 1->1(39)
[2025-06-03T15:44:47.747+0530][50.505s] GC(286) Old regions: 9->9
[2025-06-03T15:44:47.747+0530][50.505s] GC(286) Archive regions: 2->2
[2025-06-03T15:44:47.747+0530][50.505s] GC(286) Humongous regions: 0->0
[2025-06-03T15:44:47.747+0530][50.505s] GC(286) Metaspace: 20335K(20800K)->20335K(20800K) NonClass: 17751K(17984K)->17751K(17984K) Class: 2584K(2816K)->2584K(2816K)
[2025-06-03T15:44:47.747+0530][50.505s] GC(286) Pause Young (Normal) (G1 Evacuation Pause) 315M->9M(512M) 1.401ms
[2025-06-03T15:44:47.748+0530][50.505s] GC(286) User=0.00s Sys=0.00s Real=0.00s
[2025-06-03T15:44:47.910+0530][50.668s] GC(287) Pause Young (Normal) (G1 Evacuation Pause)
[2025-06-03T15:44:47.910+0530][50.668s] GC(287) Using 8 workers of 8 for evacuation
[2025-06-03T15:44:47.911+0530][50.668s] GC(287) Skipped phase 1 of Reference Processing: no references
[2025-06-03T15:44:47.911+0530][50.668s] GC(287) Skipped phase 2 of Reference Processing: no references
[2025-06-03T15:44:47.911+0530][50.668s] GC(287) Skipped phase 3 of Reference Processing: no references
[2025-06-03T15:44:47.911+0530][50.668s] GC(287) Skipped phase 4 of Reference Processing: no references
[2025-06-03T15:44:47.911+0530][50.669s] GC(287)   Pre Evacuate Collection Set: 0.1ms
[2025-06-03T15:44:47.911+0530][50.669s] GC(287)   Merge Heap Roots: 0.1ms
[2025-06-03T15:44:47.911+0530][50.669s] GC(287)   Evacuate Collection Set: 0.3ms
[2025-06-03T15:44:47.911+0530][50.669s] GC(287)   Post Evacuate Collection Set: 0.6ms
[2025-06-03T15:44:47.912+0530][50.669s] GC(287)   Other: 0.2ms
[2025-06-03T15:44:47.912+0530][50.669s] GC(287) Eden regions: 306->0(306)
[2025-06-03T15:44:47.912+0530][50.669s] GC(287) Survivor regions: 1->1(39)
[2025-06-03T15:44:47.912+0530][50.669s] GC(287) Old regions: 9->9
[2025-06-03T15:44:47.912+0530][50.669s] GC(287) Archive regions: 2->2
[2025-06-03T15:44:47.912+0530][50.669s] GC(287) Humongous regions: 0->0
[2025-06-03T15:44:47.912+0530][50.669s] GC(287) Metaspace: 20337K(20864K)->20337K(20864K) NonClass: 17752K(18048K)->17752K(18048K) Class: 2584K(2816K)->2584K(2816K)
[2025-06-03T15:44:47.912+0530][50.670s] GC(287) Pause Young (Normal) (G1 Evacuation Pause) 315M->9M(512M) 1.863ms
[2025-06-03T15:44:47.912+0530][50.670s] GC(287) User=0.00s Sys=0.01s Real=0.00s
[2025-06-03T15:44:48.085+0530][50.843s] GC(288) Pause Young (Normal) (G1 Evacuation Pause)
[2025-06-03T15:44:48.085+0530][50.843s] GC(288) Using 8 workers of 8 for evacuation
[2025-06-03T15:44:48.086+0530][50.843s] GC(288) Skipped phase 1 of Reference Processing: no references
[2025-06-03T15:44:48.086+0530][50.844s] GC(288) Skipped phase 2 of Reference Processing: no references
[2025-06-03T15:44:48.086+0530][50.844s] GC(288) Skipped phase 3 of Reference Processing: no references
[2025-06-03T15:44:48.086+0530][50.844s] GC(288) Skipped phase 4 of Reference Processing: no references
[2025-06-03T15:44:48.086+0530][50.844s] GC(288)   Pre Evacuate Collection Set: 0.1ms
[2025-06-03T15:44:48.086+0530][50.844s] GC(288)   Merge Heap Roots: 0.1ms
[2025-06-03T15:44:48.086+0530][50.844s] GC(288)   Evacuate Collection Set: 0.2ms
[2025-06-03T15:44:48.086+0530][50.844s] GC(288)   Post Evacuate Collection Set: 0.4ms
[2025-06-03T15:44:48.086+0530][50.844s] GC(288)   Other: 0.2ms
[2025-06-03T15:44:48.086+0530][50.844s] GC(288) Eden regions: 306->0(306)
[2025-06-03T15:44:48.086+0530][50.844s] GC(288) Survivor regions: 1->1(39)
[2025-06-03T15:44:48.086+0530][50.844s] GC(288) Old regions: 9->9
[2025-06-03T15:44:48.086+0530][50.844s] GC(288) Archive regions: 2->2
[2025-06-03T15:44:48.086+0530][50.844s] GC(288) Humongous regions: 0->0
[2025-06-03T15:44:48.086+0530][50.844s] GC(288) Metaspace: 20337K(20864K)->20337K(20864K) NonClass: 17752K(18048K)->17752K(18048K) Class: 2584K(2816K)->2584K(2816K)
[2025-06-03T15:44:48.087+0530][50.844s] GC(288) Pause Young (Normal) (G1 Evacuation Pause) 315M->9M(512M) 1.182ms
[2025-06-03T15:44:48.087+0530][50.844s] GC(288) User=0.00s Sys=0.00s Real=0.00s
[2025-06-03T15:44:48.247+0530][51.004s] GC(289) Pause Young (Normal) (G1 Evacuation Pause)
[2025-06-03T15:44:48.247+0530][51.004s] GC(289) Using 8 workers of 8 for evacuation
[2025-06-03T15:44:48.247+0530][51.005s] GC(289) Skipped phase 1 of Reference Processing: no references
[2025-06-03T15:44:48.247+0530][51.005s] GC(289) Skipped phase 2 of Reference Processing: no references
[2025-06-03T15:44:48.247+0530][51.005s] GC(289) Skipped phase 3 of Reference Processing: no references
[2025-06-03T15:44:48.247+0530][51.005s] GC(289) Skipped phase 4 of Reference Processing: no references
[2025-06-03T15:44:48.248+0530][51.005s] GC(289)   Pre Evacuate Collection Set: 0.1ms
[2025-06-03T15:44:48.248+0530][51.005s] GC(289)   Merge Heap Roots: 0.1ms
[2025-06-03T15:44:48.248+0530][51.005s] GC(289)   Evacuate Collection Set: 0.2ms
[2025-06-03T15:44:48.248+0530][51.005s] GC(289)   Post Evacuate Collection Set: 0.4ms
[2025-06-03T15:44:48.248+0530][51.005s] GC(289)   Other: 0.2ms
[2025-06-03T15:44:48.248+0530][51.005s] GC(289) Eden regions: 306->0(306)
[2025-06-03T15:44:48.248+0530][51.005s] GC(289) Survivor regions: 1->1(39)
[2025-06-03T15:44:48.248+0530][51.005s] GC(289) Old regions: 9->9
[2025-06-03T15:44:48.248+0530][51.005s] GC(289) Archive regions: 2->2
[2025-06-03T15:44:48.248+0530][51.005s] GC(289) Humongous regions: 0->0
[2025-06-03T15:44:48.248+0530][51.005s] GC(289) Metaspace: 20337K(20864K)->20337K(20864K) NonClass: 17752K(18048K)->17752K(18048K) Class: 2584K(2816K)->2584K(2816K)
[2025-06-03T15:44:48.248+0530][51.006s] GC(289) Pause Young (Normal) (G1 Evacuation Pause) 315M->9M(512M) 1.317ms
[2025-06-03T15:44:48.248+0530][51.006s] GC(289) User=0.00s Sys=0.00s Real=0.00s
[2025-06-03T15:44:48.406+0530][51.163s] GC(290) Pause Young (Normal) (G1 Evacuation Pause)
[2025-06-03T15:44:48.406+0530][51.163s] GC(290) Using 8 workers of 8 for evacuation
[2025-06-03T15:44:48.406+0530][51.164s] GC(290) Skipped phase 1 of Reference Processing: no references
[2025-06-03T15:44:48.406+0530][51.164s] GC(290) Skipped phase 2 of Reference Processing: no references
[2025-06-03T15:44:48.406+0530][51.164s] GC(290) Skipped phase 3 of Reference Processing: no references
[2025-06-03T15:44:48.407+0530][51.164s] GC(290) Skipped phase 4 of Reference Processing: no references
[2025-06-03T15:44:48.407+0530][51.165s] GC(290)   Pre Evacuate Collection Set: 0.1ms
[2025-06-03T15:44:48.407+0530][51.165s] GC(290)   Merge Heap Roots: 0.1ms
[2025-06-03T15:44:48.407+0530][51.165s] GC(290)   Evacuate Collection Set: 0.3ms
[2025-06-03T15:44:48.407+0530][51.165s] GC(290)   Post Evacuate Collection Set: 0.5ms
[2025-06-03T15:44:48.407+0530][51.165s] GC(290)   Other: 0.2ms
[2025-06-03T15:44:48.407+0530][51.165s] GC(290) Eden regions: 306->0(306)
[2025-06-03T15:44:48.407+0530][51.165s] GC(290) Survivor regions: 1->1(39)
[2025-06-03T15:44:48.407+0530][51.165s] GC(290) Old regions: 9->9
[2025-06-03T15:44:48.407+0530][51.165s] GC(290) Archive regions: 2->2
[2025-06-03T15:44:48.407+0530][51.165s] GC(290) Humongous regions: 0->0
[2025-06-03T15:44:48.407+0530][51.165s] GC(290) Metaspace: 20337K(20864K)->20337K(20864K) NonClass: 17752K(18048K)->17752K(18048K) Class: 2584K(2816K)->2584K(2816K)
[2025-06-03T15:44:48.407+0530][51.165s] GC(290) Pause Young (Normal) (G1 Evacuation Pause) 315M->9M(512M) 1.380ms
[2025-06-03T15:44:48.407+0530][51.165s] GC(290) User=0.00s Sys=0.00s Real=0.00s
[2025-06-03T15:44:48.568+0530][51.325s] GC(291) Pause Young (Normal) (G1 Evacuation Pause)
[2025-06-03T15:44:48.568+0530][51.325s] GC(291) Using 8 workers of 8 for evacuation
[2025-06-03T15:44:48.568+0530][51.326s] GC(291) Skipped phase 1 of Reference Processing: no references
[2025-06-03T15:44:48.568+0530][51.326s] GC(291) Skipped phase 2 of Reference Processing: no references
[2025-06-03T15:44:48.568+0530][51.326s] GC(291) Skipped phase 3 of Reference Processing: no references
[2025-06-03T15:44:48.568+0530][51.326s] GC(291) Skipped phase 4 of Reference Processing: no references
[2025-06-03T15:44:48.569+0530][51.326s] GC(291)   Pre Evacuate Collection Set: 0.1ms
[2025-06-03T15:44:48.569+0530][51.326s] GC(291)   Merge Heap Roots: 0.1ms
[2025-06-03T15:44:48.569+0530][51.326s] GC(291)   Evacuate Collection Set: 0.2ms
[2025-06-03T15:44:48.569+0530][51.326s] GC(291)   Post Evacuate Collection Set: 0.5ms
[2025-06-03T15:44:48.569+0530][51.327s] GC(291)   Other: 0.2ms
[2025-06-03T15:44:48.569+0530][51.327s] GC(291) Eden regions: 306->0(306)
[2025-06-03T15:44:48.569+0530][51.327s] GC(291) Survivor regions: 1->1(39)
[2025-06-03T15:44:48.569+0530][51.327s] GC(291) Old regions: 9->9
[2025-06-03T15:44:48.569+0530][51.327s] GC(291) Archive regions: 2->2
[2025-06-03T15:44:48.569+0530][51.327s] GC(291) Humongous regions: 0->0
[2025-06-03T15:44:48.569+0530][51.327s] GC(291) Metaspace: 20337K(20864K)->20337K(20864K) NonClass: 17752K(18048K)->17752K(18048K) Class: 2584K(2816K)->2584K(2816K)
[2025-06-03T15:44:48.569+0530][51.327s] GC(291) Pause Young (Normal) (G1 Evacuation Pause) 315M->9M(512M) 1.279ms
[2025-06-03T15:44:48.569+0530][51.327s] GC(291) User=0.01s Sys=0.00s Real=0.00s
[2025-06-03T15:44:48.716+0530][51.474s] GC(292) Pause Young (Normal) (G1 Evacuation Pause)
[2025-06-03T15:44:48.716+0530][51.474s] GC(292) Using 8 workers of 8 for evacuation
[2025-06-03T15:44:48.716+0530][51.474s] GC(292) Skipped phase 1 of Reference Processing: no references
[2025-06-03T15:44:48.717+0530][51.474s] GC(292) Skipped phase 2 of Reference Processing: no references
[2025-06-03T15:44:48.717+0530][51.474s] GC(292) Skipped phase 3 of Reference Processing: no references
[2025-06-03T15:44:48.717+0530][51.474s] GC(292) Skipped phase 4 of Reference Processing: no references
[2025-06-03T15:44:48.717+0530][51.475s] GC(292)   Pre Evacuate Collection Set: 0.1ms
[2025-06-03T15:44:48.717+0530][51.475s] GC(292)   Merge Heap Roots: 0.1ms
[2025-06-03T15:44:48.717+0530][51.475s] GC(292)   Evacuate Collection Set: 0.2ms
[2025-06-03T15:44:48.717+0530][51.475s] GC(292)   Post Evacuate Collection Set: 0.4ms
[2025-06-03T15:44:48.717+0530][51.475s] GC(292)   Other: 0.2ms
[2025-06-03T15:44:48.717+0530][51.475s] GC(292) Eden regions: 306->0(306)
[2025-06-03T15:44:48.717+0530][51.475s] GC(292) Survivor regions: 1->1(39)
[2025-06-03T15:44:48.717+0530][51.475s] GC(292) Old regions: 9->9
[2025-06-03T15:44:48.717+0530][51.475s] GC(292) Archive regions: 2->2
[2025-06-03T15:44:48.717+0530][51.475s] GC(292) Humongous regions: 0->0
[2025-06-03T15:44:48.717+0530][51.475s] GC(292) Metaspace: 20337K(20864K)->20337K(20864K) NonClass: 17752K(18048K)->17752K(18048K) Class: 2584K(2816K)->2584K(2816K)
[2025-06-03T15:44:48.717+0530][51.475s] GC(292) Pause Young (Normal) (G1 Evacuation Pause) 315M->9M(512M) 1.240ms
[2025-06-03T15:44:48.717+0530][51.475s] GC(292) User=0.00s Sys=0.00s Real=0.00s
[2025-06-03T15:44:48.889+0530][51.647s] GC(293) Pause Young (Normal) (G1 Evacuation Pause)
[2025-06-03T15:44:48.889+0530][51.647s] GC(293) Using 8 workers of 8 for evacuation
[2025-06-03T15:44:48.890+0530][51.648s] GC(293) Skipped phase 1 of Reference Processing: no references
[2025-06-03T15:44:48.890+0530][51.648s] GC(293) Skipped phase 2 of Reference Processing: no references
[2025-06-03T15:44:48.890+0530][51.648s] GC(293) Skipped phase 3 of Reference Processing: no references
[2025-06-03T15:44:48.890+0530][51.648s] GC(293) Skipped phase 4 of Reference Processing: no references
[2025-06-03T15:44:48.891+0530][51.648s] GC(293)   Pre Evacuate Collection Set: 0.1ms
[2025-06-03T15:44:48.891+0530][51.648s] GC(293)   Merge Heap Roots: 0.1ms
[2025-06-03T15:44:48.891+0530][51.648s] GC(293)   Evacuate Collection Set: 0.3ms
[2025-06-03T15:44:48.891+0530][51.648s] GC(293)   Post Evacuate Collection Set: 0.6ms
[2025-06-03T15:44:48.891+0530][51.648s] GC(293)   Other: 0.2ms
[2025-06-03T15:44:48.891+0530][51.648s] GC(293) Eden regions: 306->0(306)
[2025-06-03T15:44:48.891+0530][51.649s] GC(293) Survivor regions: 1->1(39)
[2025-06-03T15:44:48.891+0530][51.649s] GC(293) Old regions: 9->9
[2025-06-03T15:44:48.891+0530][51.649s] GC(293) Archive regions: 2->2
[2025-06-03T15:44:48.891+0530][51.649s] GC(293) Humongous regions: 0->0
[2025-06-03T15:44:48.891+0530][51.649s] GC(293) Metaspace: 20343K(20864K)->20343K(20864K) NonClass: 17759K(18048K)->17759K(18048K) Class: 2584K(2816K)->2584K(2816K)
[2025-06-03T15:44:48.891+0530][51.649s] GC(293) Pause Young (Normal) (G1 Evacuation Pause) 315M->9M(512M) 1.746ms
[2025-06-03T15:44:48.891+0530][51.649s] GC(293) User=0.00s Sys=0.00s Real=0.01s
[2025-06-03T15:44:49.085+0530][51.843s] GC(294) Pause Young (Normal) (G1 Evacuation Pause)
[2025-06-03T15:44:49.085+0530][51.843s] GC(294) Using 8 workers of 8 for evacuation
[2025-06-03T15:44:49.085+0530][51.843s] GC(294) Skipped phase 1 of Reference Processing: no references
[2025-06-03T15:44:49.085+0530][51.843s] GC(294) Skipped phase 2 of Reference Processing: no references
[2025-06-03T15:44:49.085+0530][51.843s] GC(294) Skipped phase 3 of Reference Processing: no references
[2025-06-03T15:44:49.085+0530][51.843s] GC(294) Skipped phase 4 of Reference Processing: no references
[2025-06-03T15:44:49.086+0530][51.843s] GC(294)   Pre Evacuate Collection Set: 0.1ms
[2025-06-03T15:44:49.086+0530][51.843s] GC(294)   Merge Heap Roots: 0.1ms
[2025-06-03T15:44:49.086+0530][51.843s] GC(294)   Evacuate Collection Set: 0.2ms
[2025-06-03T15:44:49.086+0530][51.843s] GC(294)   Post Evacuate Collection Set: 0.4ms
[2025-06-03T15:44:49.086+0530][51.844s] GC(294)   Other: 0.2ms
[2025-06-03T15:44:49.086+0530][51.844s] GC(294) Eden regions: 306->0(306)
[2025-06-03T15:44:49.086+0530][51.844s] GC(294) Survivor regions: 1->1(39)
[2025-06-03T15:44:49.086+0530][51.844s] GC(294) Old regions: 9->9
[2025-06-03T15:44:49.086+0530][51.844s] GC(294) Archive regions: 2->2
[2025-06-03T15:44:49.086+0530][51.844s] GC(294) Humongous regions: 0->0
[2025-06-03T15:44:49.086+0530][51.844s] GC(294) Metaspace: 20360K(20864K)->20360K(20864K) NonClass: 17776K(18048K)->17776K(18048K) Class: 2584K(2816K)->2584K(2816K)
[2025-06-03T15:44:49.086+0530][51.844s] GC(294) Pause Young (Normal) (G1 Evacuation Pause) 315M->9M(512M) 1.195ms
[2025-06-03T15:44:49.086+0530][51.844s] GC(294) User=0.01s Sys=0.01s Real=0.00s
[2025-06-03T15:44:49.248+0530][52.005s] GC(295) Pause Young (Normal) (G1 Evacuation Pause)
[2025-06-03T15:44:49.248+0530][52.005s] GC(295) Using 8 workers of 8 for evacuation
[2025-06-03T15:44:49.248+0530][52.006s] GC(295) Skipped phase 1 of Reference Processing: no references
[2025-06-03T15:44:49.248+0530][52.006s] GC(295) Skipped phase 2 of Reference Processing: no references
[2025-06-03T15:44:49.248+0530][52.006s] GC(295) Skipped phase 3 of Reference Processing: no references
[2025-06-03T15:44:49.248+0530][52.006s] GC(295) Skipped phase 4 of Reference Processing: no references
[2025-06-03T15:44:49.249+0530][52.006s] GC(295)   Pre Evacuate Collection Set: 0.1ms
[2025-06-03T15:44:49.249+0530][52.006s] GC(295)   Merge Heap Roots: 0.1ms
[2025-06-03T15:44:49.249+0530][52.006s] GC(295)   Evacuate Collection Set: 0.3ms
[2025-06-03T15:44:49.249+0530][52.006s] GC(295)   Post Evacuate Collection Set: 0.4ms
[2025-06-03T15:44:49.249+0530][52.006s] GC(295)   Other: 0.2ms
[2025-06-03T15:44:49.249+0530][52.006s] GC(295) Eden regions: 306->0(306)
[2025-06-03T15:44:49.249+0530][52.006s] GC(295) Survivor regions: 1->1(39)
[2025-06-03T15:44:49.249+0530][52.006s] GC(295) Old regions: 9->9
[2025-06-03T15:44:49.249+0530][52.006s] GC(295) Archive regions: 2->2
[2025-06-03T15:44:49.249+0530][52.007s] GC(295) Humongous regions: 0->0
[2025-06-03T15:44:49.249+0530][52.007s] GC(295) Metaspace: 20360K(20864K)->20360K(20864K) NonClass: 17776K(18048K)->17776K(18048K) Class: 2584K(2816K)->2584K(2816K)
[2025-06-03T15:44:49.249+0530][52.007s] GC(295) Pause Young (Normal) (G1 Evacuation Pause) 315M->9M(512M) 1.244ms
[2025-06-03T15:44:49.249+0530][52.007s] GC(295) User=0.01s Sys=0.00s Real=0.00s
[2025-06-03T15:44:49.446+0530][52.204s] GC(296) Pause Young (Normal) (G1 Evacuation Pause)
[2025-06-03T15:44:49.446+0530][52.204s] GC(296) Using 8 workers of 8 for evacuation
[2025-06-03T15:44:49.447+0530][52.205s] GC(296) Skipped phase 1 of Reference Processing: no references
[2025-06-03T15:44:49.447+0530][52.205s] GC(296) Skipped phase 2 of Reference Processing: no references
[2025-06-03T15:44:49.447+0530][52.205s] GC(296) Skipped phase 3 of Reference Processing: no references
[2025-06-03T15:44:49.447+0530][52.205s] GC(296) Skipped phase 4 of Reference Processing: no references
[2025-06-03T15:44:49.448+0530][52.205s] GC(296)   Pre Evacuate Collection Set: 0.1ms
[2025-06-03T15:44:49.448+0530][52.205s] GC(296)   Merge Heap Roots: 0.1ms
[2025-06-03T15:44:49.448+0530][52.205s] GC(296)   Evacuate Collection Set: 0.4ms
[2025-06-03T15:44:49.448+0530][52.206s] GC(296)   Post Evacuate Collection Set: 0.6ms
[2025-06-03T15:44:49.448+0530][52.206s] GC(296)   Other: 0.3ms
[2025-06-03T15:44:49.448+0530][52.206s] GC(296) Eden regions: 306->0(306)
[2025-06-03T15:44:49.448+0530][52.206s] GC(296) Survivor regions: 1->1(39)
[2025-06-03T15:44:49.448+0530][52.206s] GC(296) Old regions: 9->9
[2025-06-03T15:44:49.448+0530][52.206s] GC(296) Archive regions: 2->2
[2025-06-03T15:44:49.448+0530][52.206s] GC(296) Humongous regions: 0->0
[2025-06-03T15:44:49.448+0530][52.206s] GC(296) Metaspace: 20360K(20864K)->20360K(20864K) NonClass: 17776K(18048K)->17776K(18048K) Class: 2584K(2816K)->2584K(2816K)
[2025-06-03T15:44:49.448+0530][52.206s] GC(296) Pause Young (Normal) (G1 Evacuation Pause) 315M->9M(512M) 1.859ms
[2025-06-03T15:44:49.448+0530][52.206s] GC(296) User=0.00s Sys=0.00s Real=0.00s
[2025-06-03T15:44:49.624+0530][52.382s] GC(297) Pause Young (Normal) (G1 Evacuation Pause)
[2025-06-03T15:44:49.624+0530][52.382s] GC(297) Using 8 workers of 8 for evacuation
[2025-06-03T15:44:49.625+0530][52.383s] GC(297) Skipped phase 1 of Reference Processing: no references
[2025-06-03T15:44:49.625+0530][52.383s] GC(297) Skipped phase 2 of Reference Processing: no references
[2025-06-03T15:44:49.625+0530][52.383s] GC(297) Skipped phase 3 of Reference Processing: no references
[2025-06-03T15:44:49.625+0530][52.383s] GC(297) Skipped phase 4 of Reference Processing: no references
[2025-06-03T15:44:49.626+0530][52.383s] GC(297)   Pre Evacuate Collection Set: 0.1ms
[2025-06-03T15:44:49.626+0530][52.383s] GC(297)   Merge Heap Roots: 0.1ms
[2025-06-03T15:44:49.626+0530][52.383s] GC(297)   Evacuate Collection Set: 0.3ms
[2025-06-03T15:44:49.626+0530][52.383s] GC(297)   Post Evacuate Collection Set: 0.5ms
[2025-06-03T15:44:49.626+0530][52.383s] GC(297)   Other: 0.2ms
[2025-06-03T15:44:49.626+0530][52.383s] GC(297) Eden regions: 306->0(306)
[2025-06-03T15:44:49.626+0530][52.383s] GC(297) Survivor regions: 1->1(39)
[2025-06-03T15:44:49.626+0530][52.383s] GC(297) Old regions: 9->9
[2025-06-03T15:44:49.626+0530][52.383s] GC(297) Archive regions: 2->2
[2025-06-03T15:44:49.626+0530][52.383s] GC(297) Humongous regions: 0->0
[2025-06-03T15:44:49.626+0530][52.383s] GC(297) Metaspace: 20360K(20864K)->20360K(20864K) NonClass: 17776K(18048K)->17776K(18048K) Class: 2584K(2816K)->2584K(2816K)
[2025-06-03T15:44:49.626+0530][52.383s] GC(297) Pause Young (Normal) (G1 Evacuation Pause) 315M->9M(512M) 1.448ms
[2025-06-03T15:44:49.626+0530][52.383s] GC(297) User=0.00s Sys=0.00s Real=0.00s
[2025-06-03T15:44:49.781+0530][52.538s] GC(298) Pause Young (Normal) (G1 Evacuation Pause)
[2025-06-03T15:44:49.781+0530][52.538s] GC(298) Using 8 workers of 8 for evacuation
[2025-06-03T15:44:49.781+0530][52.539s] GC(298) Skipped phase 1 of Reference Processing: no references
[2025-06-03T15:44:49.781+0530][52.539s] GC(298) Skipped phase 2 of Reference Processing: no references
[2025-06-03T15:44:49.781+0530][52.539s] GC(298) Skipped phase 3 of Reference Processing: no references
[2025-06-03T15:44:49.781+0530][52.539s] GC(298) Skipped phase 4 of Reference Processing: no references
[2025-06-03T15:44:49.782+0530][52.539s] GC(298)   Pre Evacuate Collection Set: 0.1ms
[2025-06-03T15:44:49.782+0530][52.539s] GC(298)   Merge Heap Roots: 0.1ms
[2025-06-03T15:44:49.782+0530][52.539s] GC(298)   Evacuate Collection Set: 0.3ms
[2025-06-03T15:44:49.782+0530][52.539s] GC(298)   Post Evacuate Collection Set: 0.5ms
[2025-06-03T15:44:49.782+0530][52.540s] GC(298)   Other: 0.2ms
[2025-06-03T15:44:49.782+0530][52.540s] GC(298) Eden regions: 306->0(306)
[2025-06-03T15:44:49.782+0530][52.540s] GC(298) Survivor regions: 1->1(39)
[2025-06-03T15:44:49.782+0530][52.540s] GC(298) Old regions: 9->9
[2025-06-03T15:44:49.782+0530][52.540s] GC(298) Archive regions: 2->2
[2025-06-03T15:44:49.782+0530][52.540s] GC(298) Humongous regions: 0->0
[2025-06-03T15:44:49.782+0530][52.540s] GC(298) Metaspace: 20360K(20864K)->20360K(20864K) NonClass: 17776K(18048K)->17776K(18048K) Class: 2584K(2816K)->2584K(2816K)
[2025-06-03T15:44:49.782+0530][52.540s] GC(298) Pause Young (Normal) (G1 Evacuation Pause) 315M->9M(512M) 1.298ms
[2025-06-03T15:44:49.782+0530][52.540s] GC(298) User=0.00s Sys=0.00s Real=0.00s
[2025-06-03T15:44:49.958+0530][52.716s] GC(299) Pause Young (Normal) (G1 Evacuation Pause)
[2025-06-03T15:44:49.958+0530][52.716s] GC(299) Using 8 workers of 8 for evacuation
[2025-06-03T15:44:49.959+0530][52.717s] GC(299) Skipped phase 1 of Reference Processing: no references
[2025-06-03T15:44:49.959+0530][52.717s] GC(299) Skipped phase 2 of Reference Processing: no references
[2025-06-03T15:44:49.959+0530][52.717s] GC(299) Skipped phase 3 of Reference Processing: no references
[2025-06-03T15:44:49.959+0530][52.717s] GC(299) Skipped phase 4 of Reference Processing: no references
[2025-06-03T15:44:49.960+0530][52.717s] GC(299)   Pre Evacuate Collection Set: 0.1ms
[2025-06-03T15:44:49.960+0530][52.717s] GC(299)   Merge Heap Roots: 0.1ms
[2025-06-03T15:44:49.960+0530][52.717s] GC(299)   Evacuate Collection Set: 0.3ms
[2025-06-03T15:44:49.960+0530][52.717s] GC(299)   Post Evacuate Collection Set: 0.6ms
[2025-06-03T15:44:49.960+0530][52.717s] GC(299)   Other: 0.2ms
[2025-06-03T15:44:49.960+0530][52.717s] GC(299) Eden regions: 306->0(306)
[2025-06-03T15:44:49.960+0530][52.717s] GC(299) Survivor regions: 1->1(39)
[2025-06-03T15:44:49.960+0530][52.717s] GC(299) Old regions: 9->9
[2025-06-03T15:44:49.960+0530][52.717s] GC(299) Archive regions: 2->2
[2025-06-03T15:44:49.960+0530][52.717s] GC(299) Humongous regions: 0->0
[2025-06-03T15:44:49.960+0530][52.717s] GC(299) Metaspace: 20385K(20864K)->20385K(20864K) NonClass: 17800K(18048K)->17800K(18048K) Class: 2584K(2816K)->2584K(2816K)
[2025-06-03T15:44:49.960+0530][52.717s] GC(299) Pause Young (Normal) (G1 Evacuation Pause) 315M->9M(512M) 1.562ms
[2025-06-03T15:44:49.960+0530][52.717s] GC(299) User=0.00s Sys=0.00s Real=0.01s
[2025-06-03T15:44:50.138+0530][52.896s] GC(300) Pause Young (Normal) (G1 Evacuation Pause)
[2025-06-03T15:44:50.138+0530][52.896s] GC(300) Using 8 workers of 8 for evacuation
[2025-06-03T15:44:50.139+0530][52.897s] GC(300) Skipped phase 1 of Reference Processing: no references
[2025-06-03T15:44:50.139+0530][52.897s] GC(300) Skipped phase 2 of Reference Processing: no references
[2025-06-03T15:44:50.139+0530][52.897s] GC(300) Skipped phase 3 of Reference Processing: no references
[2025-06-03T15:44:50.139+0530][52.897s] GC(300) Skipped phase 4 of Reference Processing: no references
[2025-06-03T15:44:50.139+0530][52.897s] GC(300)   Pre Evacuate Collection Set: 0.1ms
[2025-06-03T15:44:50.139+0530][52.897s] GC(300)   Merge Heap Roots: 0.1ms
[2025-06-03T15:44:50.139+0530][52.897s] GC(300)   Evacuate Collection Set: 0.3ms
[2025-06-03T15:44:50.140+0530][52.897s] GC(300)   Post Evacuate Collection Set: 0.6ms
[2025-06-03T15:44:50.140+0530][52.897s] GC(300)   Other: 0.2ms
[2025-06-03T15:44:50.140+0530][52.897s] GC(300) Eden regions: 306->0(306)
[2025-06-03T15:44:50.140+0530][52.897s] GC(300) Survivor regions: 1->1(39)
[2025-06-03T15:44:50.140+0530][52.897s] GC(300) Old regions: 9->9
[2025-06-03T15:44:50.140+0530][52.897s] GC(300) Archive regions: 2->2
[2025-06-03T15:44:50.140+0530][52.897s] GC(300) Humongous regions: 0->0
[2025-06-03T15:44:50.140+0530][52.897s] GC(300) Metaspace: 20385K(20864K)->20385K(20864K) NonClass: 17800K(18048K)->17800K(18048K) Class: 2584K(2816K)->2584K(2816K)
[2025-06-03T15:44:50.140+0530][52.897s] GC(300) Pause Young (Normal) (G1 Evacuation Pause) 315M->9M(512M) 1.355ms
[2025-06-03T15:44:50.140+0530][52.897s] GC(300) User=0.00s Sys=0.00s Real=0.01s
[2025-06-03T15:44:50.312+0530][53.070s] GC(301) Pause Young (Normal) (G1 Evacuation Pause)
[2025-06-03T15:44:50.313+0530][53.070s] GC(301) Using 8 workers of 8 for evacuation
[2025-06-03T15:44:50.313+0530][53.071s] GC(301) Skipped phase 1 of Reference Processing: no references
[2025-06-03T15:44:50.313+0530][53.071s] GC(301) Skipped phase 2 of Reference Processing: no references
[2025-06-03T15:44:50.313+0530][53.071s] GC(301) Skipped phase 3 of Reference Processing: no references
[2025-06-03T15:44:50.313+0530][53.071s] GC(301) Skipped phase 4 of Reference Processing: no references
[2025-06-03T15:44:50.314+0530][53.071s] GC(301)   Pre Evacuate Collection Set: 0.1ms
[2025-06-03T15:44:50.314+0530][53.071s] GC(301)   Merge Heap Roots: 0.1ms
[2025-06-03T15:44:50.314+0530][53.071s] GC(301)   Evacuate Collection Set: 0.3ms
[2025-06-03T15:44:50.314+0530][53.071s] GC(301)   Post Evacuate Collection Set: 0.5ms
[2025-06-03T15:44:50.314+0530][53.071s] GC(301)   Other: 0.2ms
[2025-06-03T15:44:50.314+0530][53.071s] GC(301) Eden regions: 306->0(306)
[2025-06-03T15:44:50.314+0530][53.071s] GC(301) Survivor regions: 1->1(39)
[2025-06-03T15:44:50.314+0530][53.071s] GC(301) Old regions: 9->9
[2025-06-03T15:44:50.314+0530][53.071s] GC(301) Archive regions: 2->2
[2025-06-03T15:44:50.314+0530][53.071s] GC(301) Humongous regions: 0->0
[2025-06-03T15:44:50.314+0530][53.072s] GC(301) Metaspace: 20385K(20864K)->20385K(20864K) NonClass: 17800K(18048K)->17800K(18048K) Class: 2584K(2816K)->2584K(2816K)
[2025-06-03T15:44:50.314+0530][53.072s] GC(301) Pause Young (Normal) (G1 Evacuation Pause) 315M->9M(512M) 1.374ms
[2025-06-03T15:44:50.314+0530][53.072s] GC(301) User=0.00s Sys=0.00s Real=0.00s
[2025-06-03T15:44:50.983+0530][53.741s] GC(302) Pause Young (Normal) (G1 Evacuation Pause)
[2025-06-03T15:44:50.983+0530][53.741s] GC(302) Using 8 workers of 8 for evacuation
[2025-06-03T15:44:50.984+0530][53.741s] GC(302) Skipped phase 1 of Reference Processing: no references
[2025-06-03T15:44:50.984+0530][53.742s] GC(302) Skipped phase 2 of Reference Processing: no references
[2025-06-03T15:44:50.984+0530][53.742s] GC(302) Skipped phase 3 of Reference Processing: no references
[2025-06-03T15:44:50.984+0530][53.742s] GC(302) Skipped phase 4 of Reference Processing: no references
[2025-06-03T15:44:50.984+0530][53.742s] GC(302)   Pre Evacuate Collection Set: 0.1ms
[2025-06-03T15:44:50.984+0530][53.742s] GC(302)   Merge Heap Roots: 0.1ms
[2025-06-03T15:44:50.984+0530][53.742s] GC(302)   Evacuate Collection Set: 0.3ms
[2025-06-03T15:44:50.984+0530][53.742s] GC(302)   Post Evacuate Collection Set: 0.5ms
[2025-06-03T15:44:50.984+0530][53.742s] GC(302)   Other: 0.2ms
[2025-06-03T15:44:50.984+0530][53.742s] GC(302) Eden regions: 306->0(306)
[2025-06-03T15:44:50.984+0530][53.742s] GC(302) Survivor regions: 1->1(39)
[2025-06-03T15:44:50.984+0530][53.742s] GC(302) Old regions: 9->9
[2025-06-03T15:44:50.984+0530][53.742s] GC(302) Archive regions: 2->2
[2025-06-03T15:44:50.984+0530][53.742s] GC(302) Humongous regions: 0->0
[2025-06-03T15:44:50.984+0530][53.742s] GC(302) Metaspace: 20387K(20864K)->20387K(20864K) NonClass: 17803K(18048K)->17803K(18048K) Class: 2584K(2816K)->2584K(2816K)
[2025-06-03T15:44:50.985+0530][53.742s] GC(302) Pause Young (Normal) (G1 Evacuation Pause) 315M->9M(512M) 1.312ms
[2025-06-03T15:44:50.985+0530][53.742s] GC(302) User=0.00s Sys=0.00s Real=0.00s
[2025-06-03T15:44:52.230+0530][54.988s] GC(303) Pause Young (Normal) (G1 Evacuation Pause)
[2025-06-03T15:44:52.230+0530][54.988s] GC(303) Using 8 workers of 8 for evacuation
[2025-06-03T15:44:52.231+0530][54.989s] GC(303) Skipped phase 1 of Reference Processing: no references
[2025-06-03T15:44:52.231+0530][54.989s] GC(303) Skipped phase 2 of Reference Processing: no references
[2025-06-03T15:44:52.231+0530][54.989s] GC(303) Skipped phase 3 of Reference Processing: no references
[2025-06-03T15:44:52.231+0530][54.989s] GC(303) Skipped phase 4 of Reference Processing: no references
[2025-06-03T15:44:52.231+0530][54.989s] GC(303)   Pre Evacuate Collection Set: 0.1ms
[2025-06-03T15:44:52.231+0530][54.989s] GC(303)   Merge Heap Roots: 0.1ms
[2025-06-03T15:44:52.231+0530][54.989s] GC(303)   Evacuate Collection Set: 0.4ms
[2025-06-03T15:44:52.231+0530][54.989s] GC(303)   Post Evacuate Collection Set: 0.4ms
[2025-06-03T15:44:52.231+0530][54.989s] GC(303)   Other: 0.2ms
[2025-06-03T15:44:52.231+0530][54.989s] GC(303) Eden regions: 306->0(306)
[2025-06-03T15:44:52.231+0530][54.989s] GC(303) Survivor regions: 1->1(39)
[2025-06-03T15:44:52.231+0530][54.989s] GC(303) Old regions: 9->9
[2025-06-03T15:44:52.231+0530][54.989s] GC(303) Archive regions: 2->2
[2025-06-03T15:44:52.231+0530][54.989s] GC(303) Humongous regions: 0->0
[2025-06-03T15:44:52.231+0530][54.989s] GC(303) Metaspace: 20387K(20864K)->20387K(20864K) NonClass: 17803K(18048K)->17803K(18048K) Class: 2584K(2816K)->2584K(2816K)
[2025-06-03T15:44:52.231+0530][54.989s] GC(303) Pause Young (Normal) (G1 Evacuation Pause) 315M->9M(512M) 1.360ms
[2025-06-03T15:44:52.231+0530][54.989s] GC(303) User=0.00s Sys=0.00s Real=0.00s
[2025-06-03T15:44:54.072+0530][56.830s] GC(304) Pause Young (Normal) (G1 Evacuation Pause)
[2025-06-03T15:44:54.072+0530][56.830s] GC(304) Using 8 workers of 8 for evacuation
[2025-06-03T15:44:54.073+0530][56.831s] GC(304) Skipped phase 1 of Reference Processing: no references
[2025-06-03T15:44:54.073+0530][56.831s] GC(304) Skipped phase 2 of Reference Processing: no references
[2025-06-03T15:44:54.073+0530][56.831s] GC(304) Skipped phase 3 of Reference Processing: no references
[2025-06-03T15:44:54.073+0530][56.831s] GC(304) Skipped phase 4 of Reference Processing: no references
[2025-06-03T15:44:54.073+0530][56.831s] GC(304)   Pre Evacuate Collection Set: 0.2ms
[2025-06-03T15:44:54.073+0530][56.831s] GC(304)   Merge Heap Roots: 0.1ms
[2025-06-03T15:44:54.073+0530][56.831s] GC(304)   Evacuate Collection Set: 0.6ms
[2025-06-03T15:44:54.074+0530][56.831s] GC(304)   Post Evacuate Collection Set: 0.4ms
[2025-06-03T15:44:54.074+0530][56.831s] GC(304)   Other: 0.2ms
[2025-06-03T15:44:54.074+0530][56.831s] GC(304) Eden regions: 306->0(306)
[2025-06-03T15:44:54.074+0530][56.831s] GC(304) Survivor regions: 1->1(39)
[2025-06-03T15:44:54.074+0530][56.831s] GC(304) Old regions: 9->9
[2025-06-03T15:44:54.074+0530][56.831s] GC(304) Archive regions: 2->2
[2025-06-03T15:44:54.074+0530][56.831s] GC(304) Humongous regions: 0->0
[2025-06-03T15:44:54.074+0530][56.831s] GC(304) Metaspace: 20400K(20864K)->20400K(20864K) NonClass: 17815K(18048K)->17815K(18048K) Class: 2584K(2816K)->2584K(2816K)
[2025-06-03T15:44:54.074+0530][56.831s] GC(304) Pause Young (Normal) (G1 Evacuation Pause) 315M->9M(512M) 1.758ms
[2025-06-03T15:44:54.074+0530][56.832s] GC(304) User=0.01s Sys=0.00s Real=0.00s
[2025-06-03T15:44:55.888+0530][58.646s] GC(305) Pause Young (Normal) (G1 Evacuation Pause)
[2025-06-03T15:44:55.888+0530][58.646s] GC(305) Using 8 workers of 8 for evacuation
[2025-06-03T15:44:55.888+0530][58.646s] GC(305) Skipped phase 1 of Reference Processing: no references
[2025-06-03T15:44:55.888+0530][58.646s] GC(305) Skipped phase 2 of Reference Processing: no references
[2025-06-03T15:44:55.888+0530][58.646s] GC(305) Skipped phase 3 of Reference Processing: no references
[2025-06-03T15:44:55.888+0530][58.646s] GC(305) Skipped phase 4 of Reference Processing: no references
[2025-06-03T15:44:55.889+0530][58.646s] GC(305)   Pre Evacuate Collection Set: 0.1ms
[2025-06-03T15:44:55.889+0530][58.646s] GC(305)   Merge Heap Roots: 0.1ms
[2025-06-03T15:44:55.889+0530][58.647s] GC(305)   Evacuate Collection Set: 0.2ms
[2025-06-03T15:44:55.889+0530][58.647s] GC(305)   Post Evacuate Collection Set: 0.4ms
[2025-06-03T15:44:55.889+0530][58.647s] GC(305)   Other: 0.1ms
[2025-06-03T15:44:55.889+0530][58.647s] GC(305) Eden regions: 306->0(306)
[2025-06-03T15:44:55.889+0530][58.647s] GC(305) Survivor regions: 1->1(39)
[2025-06-03T15:44:55.889+0530][58.647s] GC(305) Old regions: 9->9
[2025-06-03T15:44:55.889+0530][58.647s] GC(305) Archive regions: 2->2
[2025-06-03T15:44:55.889+0530][58.647s] GC(305) Humongous regions: 0->0
[2025-06-03T15:44:55.889+0530][58.647s] GC(305) Metaspace: 20400K(20864K)->20400K(20864K) NonClass: 17816K(18048K)->17816K(18048K) Class: 2584K(2816K)->2584K(2816K)
[2025-06-03T15:44:55.889+0530][58.647s] GC(305) Pause Young (Normal) (G1 Evacuation Pause) 315M->9M(512M) 1.060ms
[2025-06-03T15:44:55.889+0530][58.647s] GC(305) User=0.00s Sys=0.00s Real=0.00s
[2025-06-03T15:44:56.701+0530][59.458s] GC(306) Pause Young (Normal) (G1 Evacuation Pause)
[2025-06-03T15:44:56.701+0530][59.459s] GC(306) Using 8 workers of 8 for evacuation
[2025-06-03T15:44:56.701+0530][59.459s] GC(306) Skipped phase 1 of Reference Processing: no references
[2025-06-03T15:44:56.701+0530][59.459s] GC(306) Skipped phase 2 of Reference Processing: no references
[2025-06-03T15:44:56.701+0530][59.459s] GC(306) Skipped phase 3 of Reference Processing: no references
[2025-06-03T15:44:56.701+0530][59.459s] GC(306) Skipped phase 4 of Reference Processing: no references
[2025-06-03T15:44:56.701+0530][59.459s] GC(306)   Pre Evacuate Collection Set: 0.1ms
[2025-06-03T15:44:56.702+0530][59.459s] GC(306)   Merge Heap Roots: 0.1ms
[2025-06-03T15:44:56.702+0530][59.459s] GC(306)   Evacuate Collection Set: 0.2ms
[2025-06-03T15:44:56.702+0530][59.459s] GC(306)   Post Evacuate Collection Set: 0.4ms
[2025-06-03T15:44:56.702+0530][59.459s] GC(306)   Other: 0.2ms
[2025-06-03T15:44:56.702+0530][59.459s] GC(306) Eden regions: 306->0(306)
[2025-06-03T15:44:56.702+0530][59.459s] GC(306) Survivor regions: 1->1(39)
[2025-06-03T15:44:56.702+0530][59.459s] GC(306) Old regions: 9->9
[2025-06-03T15:44:56.702+0530][59.459s] GC(306) Archive regions: 2->2
[2025-06-03T15:44:56.702+0530][59.459s] GC(306) Humongous regions: 0->0
[2025-06-03T15:44:56.702+0530][59.459s] GC(306) Metaspace: 20400K(20864K)->20400K(20864K) NonClass: 17816K(18048K)->17816K(18048K) Class: 2584K(2816K)->2584K(2816K)
[2025-06-03T15:44:56.702+0530][59.460s] GC(306) Pause Young (Normal) (G1 Evacuation Pause) 315M->9M(512M) 1.032ms
[2025-06-03T15:44:56.702+0530][59.460s] GC(306) User=0.01s Sys=0.00s Real=0.00s
[2025-06-03T15:44:57.354+0530][60.112s] GC(307) Pause Young (Normal) (G1 Evacuation Pause)
[2025-06-03T15:44:57.354+0530][60.112s] GC(307) Using 8 workers of 8 for evacuation
[2025-06-03T15:44:57.354+0530][60.112s] GC(307) Skipped phase 1 of Reference Processing: no references
[2025-06-03T15:44:57.354+0530][60.112s] GC(307) Skipped phase 2 of Reference Processing: no references
[2025-06-03T15:44:57.354+0530][60.112s] GC(307) Skipped phase 3 of Reference Processing: no references
[2025-06-03T15:44:57.354+0530][60.112s] GC(307) Skipped phase 4 of Reference Processing: no references
[2025-06-03T15:44:57.355+0530][60.113s] GC(307)   Pre Evacuate Collection Set: 0.1ms
[2025-06-03T15:44:57.355+0530][60.113s] GC(307)   Merge Heap Roots: 0.1ms
[2025-06-03T15:44:57.355+0530][60.113s] GC(307)   Evacuate Collection Set: 0.3ms
[2025-06-03T15:44:57.355+0530][60.113s] GC(307)   Post Evacuate Collection Set: 0.4ms
[2025-06-03T15:44:57.355+0530][60.113s] GC(307)   Other: 0.2ms
[2025-06-03T15:44:57.355+0530][60.113s] GC(307) Eden regions: 306->0(306)
[2025-06-03T15:44:57.355+0530][60.113s] GC(307) Survivor regions: 1->1(39)
[2025-06-03T15:44:57.355+0530][60.113s] GC(307) Old regions: 9->9
[2025-06-03T15:44:57.355+0530][60.113s] GC(307) Archive regions: 2->2
[2025-06-03T15:44:57.355+0530][60.113s] GC(307) Humongous regions: 0->0
[2025-06-03T15:44:57.355+0530][60.113s] GC(307) Metaspace: 20407K(20864K)->20407K(20864K) NonClass: 17822K(18048K)->17822K(18048K) Class: 2584K(2816K)->2584K(2816K)
[2025-06-03T15:44:57.355+0530][60.113s] GC(307) Pause Young (Normal) (G1 Evacuation Pause) 315M->9M(512M) 1.169ms
[2025-06-03T15:44:57.355+0530][60.113s] GC(307) User=0.01s Sys=0.00s Real=0.00s
[2025-06-03T15:44:57.821+0530][60.578s] GC(308) Pause Young (Normal) (G1 Evacuation Pause)
[2025-06-03T15:44:57.821+0530][60.579s] GC(308) Using 8 workers of 8 for evacuation
[2025-06-03T15:44:57.821+0530][60.579s] GC(308) Skipped phase 1 of Reference Processing: no references
[2025-06-03T15:44:57.821+0530][60.579s] GC(308) Skipped phase 2 of Reference Processing: no references
[2025-06-03T15:44:57.821+0530][60.579s] GC(308) Skipped phase 3 of Reference Processing: no references
[2025-06-03T15:44:57.821+0530][60.579s] GC(308) Skipped phase 4 of Reference Processing: no references
[2025-06-03T15:44:57.822+0530][60.579s] GC(308)   Pre Evacuate Collection Set: 0.1ms
[2025-06-03T15:44:57.822+0530][60.579s] GC(308)   Merge Heap Roots: 0.1ms
[2025-06-03T15:44:57.822+0530][60.580s] GC(308)   Evacuate Collection Set: 0.2ms
[2025-06-03T15:44:57.822+0530][60.580s] GC(308)   Post Evacuate Collection Set: 0.4ms
[2025-06-03T15:44:57.822+0530][60.580s] GC(308)   Other: 0.2ms
[2025-06-03T15:44:57.822+0530][60.580s] GC(308) Eden regions: 306->0(306)
[2025-06-03T15:44:57.822+0530][60.580s] GC(308) Survivor regions: 1->1(39)
[2025-06-03T15:44:57.822+0530][60.580s] GC(308) Old regions: 9->9
[2025-06-03T15:44:57.822+0530][60.580s] GC(308) Archive regions: 2->2
[2025-06-03T15:44:57.822+0530][60.580s] GC(308) Humongous regions: 0->0
[2025-06-03T15:44:57.822+0530][60.580s] GC(308) Metaspace: 20407K(20864K)->20407K(20864K) NonClass: 17822K(18048K)->17822K(18048K) Class: 2584K(2816K)->2584K(2816K)
[2025-06-03T15:44:57.822+0530][60.580s] GC(308) Pause Young (Normal) (G1 Evacuation Pause) 315M->9M(512M) 1.264ms
[2025-06-03T15:44:57.822+0530][60.580s] GC(308) User=0.00s Sys=0.00s Real=0.00s
[2025-06-03T15:44:58.168+0530][60.926s] GC(309) Pause Young (Normal) (G1 Evacuation Pause)
[2025-06-03T15:44:58.168+0530][60.926s] GC(309) Using 8 workers of 8 for evacuation
[2025-06-03T15:44:58.168+0530][60.926s] GC(309) Skipped phase 1 of Reference Processing: no references
[2025-06-03T15:44:58.168+0530][60.926s] GC(309) Skipped phase 2 of Reference Processing: no references
[2025-06-03T15:44:58.168+0530][60.926s] GC(309) Skipped phase 3 of Reference Processing: no references
[2025-06-03T15:44:58.168+0530][60.926s] GC(309) Skipped phase 4 of Reference Processing: no references
[2025-06-03T15:44:58.169+0530][60.927s] GC(309)   Pre Evacuate Collection Set: 0.1ms
[2025-06-03T15:44:58.169+0530][60.927s] GC(309)   Merge Heap Roots: 0.1ms
[2025-06-03T15:44:58.169+0530][60.927s] GC(309)   Evacuate Collection Set: 0.2ms
[2025-06-03T15:44:58.169+0530][60.927s] GC(309)   Post Evacuate Collection Set: 0.5ms
[2025-06-03T15:44:58.169+0530][60.927s] GC(309)   Other: 0.2ms
[2025-06-03T15:44:58.169+0530][60.927s] GC(309) Eden regions: 306->0(306)
[2025-06-03T15:44:58.169+0530][60.927s] GC(309) Survivor regions: 1->1(39)
[2025-06-03T15:44:58.169+0530][60.927s] GC(309) Old regions: 9->9
[2025-06-03T15:44:58.169+0530][60.927s] GC(309) Archive regions: 2->2
[2025-06-03T15:44:58.169+0530][60.927s] GC(309) Humongous regions: 0->0
[2025-06-03T15:44:58.169+0530][60.927s] GC(309) Metaspace: 20407K(20864K)->20407K(20864K) NonClass: 17822K(18048K)->17822K(18048K) Class: 2584K(2816K)->2584K(2816K)
[2025-06-03T15:44:58.169+0530][60.927s] GC(309) Pause Young (Normal) (G1 Evacuation Pause) 315M->9M(512M) 1.278ms
[2025-06-03T15:44:58.169+0530][60.927s] GC(309) User=0.00s Sys=0.00s Real=0.00s
[2025-06-03T15:44:58.447+0530][61.205s] GC(310) Pause Young (Normal) (G1 Evacuation Pause)
[2025-06-03T15:44:58.447+0530][61.205s] GC(310) Using 8 workers of 8 for evacuation
[2025-06-03T15:44:58.448+0530][61.206s] GC(310) Skipped phase 1 of Reference Processing: no references
[2025-06-03T15:44:58.448+0530][61.206s] GC(310) Skipped phase 2 of Reference Processing: no references
[2025-06-03T15:44:58.448+0530][61.206s] GC(310) Skipped phase 3 of Reference Processing: no references
[2025-06-03T15:44:58.448+0530][61.206s] GC(310) Skipped phase 4 of Reference Processing: no references
[2025-06-03T15:44:58.448+0530][61.206s] GC(310)   Pre Evacuate Collection Set: 0.1ms
[2025-06-03T15:44:58.448+0530][61.206s] GC(310)   Merge Heap Roots: 0.1ms
[2025-06-03T15:44:58.448+0530][61.206s] GC(310)   Evacuate Collection Set: 0.3ms
[2025-06-03T15:44:58.448+0530][61.206s] GC(310)   Post Evacuate Collection Set: 0.5ms
[2025-06-03T15:44:58.448+0530][61.206s] GC(310)   Other: 0.2ms
[2025-06-03T15:44:58.448+0530][61.206s] GC(310) Eden regions: 306->0(306)
[2025-06-03T15:44:58.448+0530][61.206s] GC(310) Survivor regions: 1->1(39)
[2025-06-03T15:44:58.448+0530][61.206s] GC(310) Old regions: 9->9
[2025-06-03T15:44:58.448+0530][61.206s] GC(310) Archive regions: 2->2
[2025-06-03T15:44:58.448+0530][61.206s] GC(310) Humongous regions: 0->0
[2025-06-03T15:44:58.448+0530][61.206s] GC(310) Metaspace: 20407K(20864K)->20407K(20864K) NonClass: 17822K(18048K)->17822K(18048K) Class: 2584K(2816K)->2584K(2816K)
[2025-06-03T15:44:58.448+0530][61.206s] GC(310) Pause Young (Normal) (G1 Evacuation Pause) 315M->9M(512M) 1.366ms
[2025-06-03T15:44:58.448+0530][61.206s] GC(310) User=0.00s Sys=0.01s Real=0.00s
[2025-06-03T15:44:58.689+0530][61.447s] GC(311) Pause Young (Normal) (G1 Evacuation Pause)
[2025-06-03T15:44:58.689+0530][61.447s] GC(311) Using 8 workers of 8 for evacuation
[2025-06-03T15:44:58.690+0530][61.447s] GC(311) Skipped phase 1 of Reference Processing: no references
[2025-06-03T15:44:58.690+0530][61.447s] GC(311) Skipped phase 2 of Reference Processing: no references
[2025-06-03T15:44:58.690+0530][61.448s] GC(311) Skipped phase 3 of Reference Processing: no references
[2025-06-03T15:44:58.690+0530][61.448s] GC(311) Skipped phase 4 of Reference Processing: no references
[2025-06-03T15:44:58.690+0530][61.448s] GC(311)   Pre Evacuate Collection Set: 0.1ms
[2025-06-03T15:44:58.690+0530][61.448s] GC(311)   Merge Heap Roots: 0.1ms
[2025-06-03T15:44:58.690+0530][61.448s] GC(311)   Evacuate Collection Set: 0.3ms
[2025-06-03T15:44:58.690+0530][61.448s] GC(311)   Post Evacuate Collection Set: 0.5ms
[2025-06-03T15:44:58.690+0530][61.448s] GC(311)   Other: 0.2ms
[2025-06-03T15:44:58.690+0530][61.448s] GC(311) Eden regions: 306->0(306)
[2025-06-03T15:44:58.690+0530][61.448s] GC(311) Survivor regions: 1->1(39)
[2025-06-03T15:44:58.690+0530][61.448s] GC(311) Old regions: 9->9
[2025-06-03T15:44:58.690+0530][61.448s] GC(311) Archive regions: 2->2
[2025-06-03T15:44:58.690+0530][61.448s] GC(311) Humongous regions: 0->0
[2025-06-03T15:44:58.690+0530][61.448s] GC(311) Metaspace: 20407K(20864K)->20407K(20864K) NonClass: 17822K(18048K)->17822K(18048K) Class: 2584K(2816K)->2584K(2816K)
[2025-06-03T15:44:58.690+0530][61.448s] GC(311) Pause Young (Normal) (G1 Evacuation Pause) 315M->9M(512M) 1.449ms
[2025-06-03T15:44:58.690+0530][61.448s] GC(311) User=0.00s Sys=0.00s Real=0.01s
[2025-06-03T15:44:58.870+0530][61.627s] GC(312) Pause Young (Normal) (G1 Evacuation Pause)
[2025-06-03T15:44:58.870+0530][61.628s] GC(312) Using 8 workers of 8 for evacuation
[2025-06-03T15:44:58.870+0530][61.628s] GC(312) Skipped phase 1 of Reference Processing: no references
[2025-06-03T15:44:58.870+0530][61.628s] GC(312) Skipped phase 2 of Reference Processing: no references
[2025-06-03T15:44:58.870+0530][61.628s] GC(312) Skipped phase 3 of Reference Processing: no references
[2025-06-03T15:44:58.870+0530][61.628s] GC(312) Skipped phase 4 of Reference Processing: no references
[2025-06-03T15:44:58.871+0530][61.629s] GC(312)   Pre Evacuate Collection Set: 0.1ms
[2025-06-03T15:44:58.871+0530][61.629s] GC(312)   Merge Heap Roots: 0.1ms
[2025-06-03T15:44:58.871+0530][61.629s] GC(312)   Evacuate Collection Set: 0.3ms
[2025-06-03T15:44:58.871+0530][61.629s] GC(312)   Post Evacuate Collection Set: 0.5ms
[2025-06-03T15:44:58.871+0530][61.629s] GC(312)   Other: 0.2ms
[2025-06-03T15:44:58.871+0530][61.629s] GC(312) Eden regions: 306->0(306)
[2025-06-03T15:44:58.871+0530][61.629s] GC(312) Survivor regions: 1->1(39)
[2025-06-03T15:44:58.871+0530][61.629s] GC(312) Old regions: 9->9
[2025-06-03T15:44:58.871+0530][61.629s] GC(312) Archive regions: 2->2
[2025-06-03T15:44:58.871+0530][61.629s] GC(312) Humongous regions: 0->0
[2025-06-03T15:44:58.871+0530][61.629s] GC(312) Metaspace: 20407K(20864K)->20407K(20864K) NonClass: 17822K(18048K)->17822K(18048K) Class: 2584K(2816K)->2584K(2816K)
[2025-06-03T15:44:58.871+0530][61.629s] GC(312) Pause Young (Normal) (G1 Evacuation Pause) 315M->9M(512M) 1.306ms
[2025-06-03T15:44:58.871+0530][61.629s] GC(312) User=0.00s Sys=0.00s Real=0.00s
[2025-06-03T15:44:59.022+0530][61.780s] GC(313) Pause Young (Normal) (G1 Evacuation Pause)
[2025-06-03T15:44:59.022+0530][61.780s] GC(313) Using 8 workers of 8 for evacuation
[2025-06-03T15:44:59.023+0530][61.780s] GC(313) Skipped phase 1 of Reference Processing: no references
[2025-06-03T15:44:59.023+0530][61.780s] GC(313) Skipped phase 2 of Reference Processing: no references
[2025-06-03T15:44:59.023+0530][61.780s] GC(313) Skipped phase 3 of Reference Processing: no references
[2025-06-03T15:44:59.023+0530][61.780s] GC(313) Skipped phase 4 of Reference Processing: no references
[2025-06-03T15:44:59.023+0530][61.781s] GC(313)   Pre Evacuate Collection Set: 0.1ms
[2025-06-03T15:44:59.023+0530][61.781s] GC(313)   Merge Heap Roots: 0.1ms
[2025-06-03T15:44:59.023+0530][61.781s] GC(313)   Evacuate Collection Set: 0.2ms
[2025-06-03T15:44:59.023+0530][61.781s] GC(313)   Post Evacuate Collection Set: 0.4ms
[2025-06-03T15:44:59.023+0530][61.781s] GC(313)   Other: 0.2ms
[2025-06-03T15:44:59.023+0530][61.781s] GC(313) Eden regions: 306->0(306)
[2025-06-03T15:44:59.023+0530][61.781s] GC(313) Survivor regions: 1->1(39)
[2025-06-03T15:44:59.023+0530][61.781s] GC(313) Old regions: 9->9
[2025-06-03T15:44:59.023+0530][61.781s] GC(313) Archive regions: 2->2
[2025-06-03T15:44:59.023+0530][61.781s] GC(313) Humongous regions: 0->0
[2025-06-03T15:44:59.023+0530][61.781s] GC(313) Metaspace: 20407K(20864K)->20407K(20864K) NonClass: 17822K(18048K)->17822K(18048K) Class: 2584K(2816K)->2584K(2816K)
[2025-06-03T15:44:59.023+0530][61.781s] GC(313) Pause Young (Normal) (G1 Evacuation Pause) 315M->9M(512M) 1.186ms
[2025-06-03T15:44:59.023+0530][61.781s] GC(313) User=0.00s Sys=0.00s Real=0.00s
[2025-06-03T15:44:59.172+0530][61.930s] GC(314) Pause Young (Normal) (G1 Evacuation Pause)
[2025-06-03T15:44:59.172+0530][61.930s] GC(314) Using 8 workers of 8 for evacuation
[2025-06-03T15:44:59.173+0530][61.930s] GC(314) Skipped phase 1 of Reference Processing: no references
[2025-06-03T15:44:59.173+0530][61.931s] GC(314) Skipped phase 2 of Reference Processing: no references
[2025-06-03T15:44:59.173+0530][61.931s] GC(314) Skipped phase 3 of Reference Processing: no references
[2025-06-03T15:44:59.173+0530][61.931s] GC(314) Skipped phase 4 of Reference Processing: no references
[2025-06-03T15:44:59.173+0530][61.931s] GC(314)   Pre Evacuate Collection Set: 0.1ms
[2025-06-03T15:44:59.173+0530][61.931s] GC(314)   Merge Heap Roots: 0.1ms
[2025-06-03T15:44:59.173+0530][61.931s] GC(314)   Evacuate Collection Set: 0.3ms
[2025-06-03T15:44:59.173+0530][61.931s] GC(314)   Post Evacuate Collection Set: 0.6ms
[2025-06-03T15:44:59.173+0530][61.931s] GC(314)   Other: 0.2ms
[2025-06-03T15:44:59.173+0530][61.931s] GC(314) Eden regions: 306->0(306)
[2025-06-03T15:44:59.173+0530][61.931s] GC(314) Survivor regions: 1->1(39)
[2025-06-03T15:44:59.173+0530][61.931s] GC(314) Old regions: 9->9
[2025-06-03T15:44:59.173+0530][61.931s] GC(314) Archive regions: 2->2
[2025-06-03T15:44:59.173+0530][61.931s] GC(314) Humongous regions: 0->0
[2025-06-03T15:44:59.173+0530][61.931s] GC(314) Metaspace: 20407K(20864K)->20407K(20864K) NonClass: 17822K(18048K)->17822K(18048K) Class: 2584K(2816K)->2584K(2816K)
[2025-06-03T15:44:59.173+0530][61.931s] GC(314) Pause Young (Normal) (G1 Evacuation Pause) 315M->9M(512M) 1.411ms
[2025-06-03T15:44:59.173+0530][61.931s] GC(314) User=0.00s Sys=0.00s Real=0.00s
[2025-06-03T15:44:59.322+0530][62.079s] GC(315) Pause Young (Normal) (G1 Evacuation Pause)
[2025-06-03T15:44:59.322+0530][62.079s] GC(315) Using 8 workers of 8 for evacuation
[2025-06-03T15:44:59.322+0530][62.080s] GC(315) Skipped phase 1 of Reference Processing: no references
[2025-06-03T15:44:59.322+0530][62.080s] GC(315) Skipped phase 2 of Reference Processing: no references
[2025-06-03T15:44:59.322+0530][62.080s] GC(315) Skipped phase 3 of Reference Processing: no references
[2025-06-03T15:44:59.322+0530][62.080s] GC(315) Skipped phase 4 of Reference Processing: no references
[2025-06-03T15:44:59.323+0530][62.080s] GC(315)   Pre Evacuate Collection Set: 0.1ms
[2025-06-03T15:44:59.323+0530][62.081s] GC(315)   Merge Heap Roots: 0.1ms
[2025-06-03T15:44:59.323+0530][62.081s] GC(315)   Evacuate Collection Set: 0.2ms
[2025-06-03T15:44:59.323+0530][62.081s] GC(315)   Post Evacuate Collection Set: 0.5ms
[2025-06-03T15:44:59.323+0530][62.081s] GC(315)   Other: 0.2ms
[2025-06-03T15:44:59.323+0530][62.081s] GC(315) Eden regions: 306->0(306)
[2025-06-03T15:44:59.323+0530][62.081s] GC(315) Survivor regions: 1->1(39)
[2025-06-03T15:44:59.323+0530][62.081s] GC(315) Old regions: 9->9
[2025-06-03T15:44:59.323+0530][62.081s] GC(315) Archive regions: 2->2
[2025-06-03T15:44:59.323+0530][62.081s] GC(315) Humongous regions: 0->0
[2025-06-03T15:44:59.323+0530][62.081s] GC(315) Metaspace: 20407K(20864K)->20407K(20864K) NonClass: 17822K(18048K)->17822K(18048K) Class: 2584K(2816K)->2584K(2816K)
[2025-06-03T15:44:59.323+0530][62.081s] GC(315) Pause Young (Normal) (G1 Evacuation Pause) 315M->9M(512M) 1.509ms
[2025-06-03T15:44:59.323+0530][62.081s] GC(315) User=0.00s Sys=0.00s Real=0.00s
[2025-06-03T15:44:59.483+0530][62.241s] GC(316) Pause Young (Normal) (G1 Evacuation Pause)
[2025-06-03T15:44:59.483+0530][62.241s] GC(316) Using 8 workers of 8 for evacuation
[2025-06-03T15:44:59.484+0530][62.241s] GC(316) Skipped phase 1 of Reference Processing: no references
[2025-06-03T15:44:59.484+0530][62.241s] GC(316) Skipped phase 2 of Reference Processing: no references
[2025-06-03T15:44:59.484+0530][62.241s] GC(316) Skipped phase 3 of Reference Processing: no references
[2025-06-03T15:44:59.484+0530][62.241s] GC(316) Skipped phase 4 of Reference Processing: no references
[2025-06-03T15:44:59.484+0530][62.242s] GC(316)   Pre Evacuate Collection Set: 0.1ms
[2025-06-03T15:44:59.484+0530][62.242s] GC(316)   Merge Heap Roots: 0.1ms
[2025-06-03T15:44:59.484+0530][62.242s] GC(316)   Evacuate Collection Set: 0.2ms
[2025-06-03T15:44:59.484+0530][62.242s] GC(316)   Post Evacuate Collection Set: 0.5ms
[2025-06-03T15:44:59.484+0530][62.242s] GC(316)   Other: 0.2ms
[2025-06-03T15:44:59.484+0530][62.242s] GC(316) Eden regions: 306->0(306)
[2025-06-03T15:44:59.484+0530][62.242s] GC(316) Survivor regions: 1->1(39)
[2025-06-03T15:44:59.484+0530][62.242s] GC(316) Old regions: 9->9
[2025-06-03T15:44:59.484+0530][62.242s] GC(316) Archive regions: 2->2
[2025-06-03T15:44:59.484+0530][62.242s] GC(316) Humongous regions: 0->0
[2025-06-03T15:44:59.484+0530][62.242s] GC(316) Metaspace: 20407K(20864K)->20407K(20864K) NonClass: 17822K(18048K)->17822K(18048K) Class: 2584K(2816K)->2584K(2816K)
[2025-06-03T15:44:59.484+0530][62.242s] GC(316) Pause Young (Normal) (G1 Evacuation Pause) 315M->9M(512M) 1.306ms
[2025-06-03T15:44:59.484+0530][62.242s] GC(316) User=0.00s Sys=0.00s Real=0.00s
[2025-06-03T15:44:59.648+0530][62.406s] GC(317) Pause Young (Normal) (G1 Evacuation Pause)
[2025-06-03T15:44:59.648+0530][62.406s] GC(317) Using 8 workers of 8 for evacuation
[2025-06-03T15:44:59.648+0530][62.406s] GC(317) Skipped phase 1 of Reference Processing: no references
[2025-06-03T15:44:59.649+0530][62.406s] GC(317) Skipped phase 2 of Reference Processing: no references
[2025-06-03T15:44:59.649+0530][62.406s] GC(317) Skipped phase 3 of Reference Processing: no references
[2025-06-03T15:44:59.649+0530][62.406s] GC(317) Skipped phase 4 of Reference Processing: no references
[2025-06-03T15:44:59.649+0530][62.407s] GC(317)   Pre Evacuate Collection Set: 0.1ms
[2025-06-03T15:44:59.649+0530][62.407s] GC(317)   Merge Heap Roots: 0.1ms
[2025-06-03T15:44:59.649+0530][62.407s] GC(317)   Evacuate Collection Set: 0.3ms
[2025-06-03T15:44:59.649+0530][62.407s] GC(317)   Post Evacuate Collection Set: 0.5ms
[2025-06-03T15:44:59.649+0530][62.407s] GC(317)   Other: 0.2ms
[2025-06-03T15:44:59.649+0530][62.407s] GC(317) Eden regions: 306->0(306)
[2025-06-03T15:44:59.649+0530][62.407s] GC(317) Survivor regions: 1->1(39)
[2025-06-03T15:44:59.649+0530][62.407s] GC(317) Old regions: 9->9
[2025-06-03T15:44:59.649+0530][62.407s] GC(317) Archive regions: 2->2
[2025-06-03T15:44:59.649+0530][62.407s] GC(317) Humongous regions: 0->0
[2025-06-03T15:44:59.649+0530][62.407s] GC(317) Metaspace: 20407K(20864K)->20407K(20864K) NonClass: 17822K(18048K)->17822K(18048K) Class: 2584K(2816K)->2584K(2816K)
[2025-06-03T15:44:59.649+0530][62.407s] GC(317) Pause Young (Normal) (G1 Evacuation Pause) 315M->9M(512M) 1.316ms
[2025-06-03T15:44:59.649+0530][62.407s] GC(317) User=0.00s Sys=0.00s Real=0.00s
[2025-06-03T15:44:59.857+0530][62.615s] GC(318) Pause Young (Normal) (G1 Evacuation Pause)
[2025-06-03T15:44:59.857+0530][62.615s] GC(318) Using 8 workers of 8 for evacuation
[2025-06-03T15:44:59.857+0530][62.615s] GC(318) Skipped phase 1 of Reference Processing: no references
[2025-06-03T15:44:59.857+0530][62.615s] GC(318) Skipped phase 2 of Reference Processing: no references
[2025-06-03T15:44:59.857+0530][62.615s] GC(318) Skipped phase 3 of Reference Processing: no references
[2025-06-03T15:44:59.857+0530][62.615s] GC(318) Skipped phase 4 of Reference Processing: no references
[2025-06-03T15:44:59.858+0530][62.616s] GC(318)   Pre Evacuate Collection Set: 0.1ms
[2025-06-03T15:44:59.858+0530][62.616s] GC(318)   Merge Heap Roots: 0.1ms
[2025-06-03T15:44:59.858+0530][62.616s] GC(318)   Evacuate Collection Set: 0.2ms
[2025-06-03T15:44:59.858+0530][62.616s] GC(318)   Post Evacuate Collection Set: 0.5ms
[2025-06-03T15:44:59.858+0530][62.616s] GC(318)   Other: 0.2ms
[2025-06-03T15:44:59.858+0530][62.616s] GC(318) Eden regions: 306->0(306)
[2025-06-03T15:44:59.858+0530][62.616s] GC(318) Survivor regions: 1->1(39)
[2025-06-03T15:44:59.858+0530][62.616s] GC(318) Old regions: 9->9
[2025-06-03T15:44:59.858+0530][62.616s] GC(318) Archive regions: 2->2
[2025-06-03T15:44:59.858+0530][62.616s] GC(318) Humongous regions: 0->0
[2025-06-03T15:44:59.858+0530][62.616s] GC(318) Metaspace: 20407K(20864K)->20407K(20864K) NonClass: 17822K(18048K)->17822K(18048K) Class: 2584K(2816K)->2584K(2816K)
[2025-06-03T15:44:59.858+0530][62.616s] GC(318) Pause Young (Normal) (G1 Evacuation Pause) 315M->9M(512M) 1.313ms
[2025-06-03T15:44:59.858+0530][62.616s] GC(318) User=0.00s Sys=0.00s Real=0.00s
[2025-06-03T15:45:00.065+0530][62.823s] GC(319) Pause Young (Normal) (G1 Evacuation Pause)
[2025-06-03T15:45:00.065+0530][62.823s] GC(319) Using 8 workers of 8 for evacuation
[2025-06-03T15:45:00.065+0530][62.823s] GC(319) Skipped phase 1 of Reference Processing: no references
[2025-06-03T15:45:00.065+0530][62.823s] GC(319) Skipped phase 2 of Reference Processing: no references
[2025-06-03T15:45:00.065+0530][62.823s] GC(319) Skipped phase 3 of Reference Processing: no references
[2025-06-03T15:45:00.065+0530][62.823s] GC(319) Skipped phase 4 of Reference Processing: no references
[2025-06-03T15:45:00.066+0530][62.824s] GC(319)   Pre Evacuate Collection Set: 0.1ms
[2025-06-03T15:45:00.066+0530][62.824s] GC(319)   Merge Heap Roots: 0.1ms
[2025-06-03T15:45:00.066+0530][62.824s] GC(319)   Evacuate Collection Set: 0.3ms
[2025-06-03T15:45:00.066+0530][62.824s] GC(319)   Post Evacuate Collection Set: 0.5ms
[2025-06-03T15:45:00.066+0530][62.824s] GC(319)   Other: 0.2ms
[2025-06-03T15:45:00.066+0530][62.824s] GC(319) Eden regions: 306->0(306)
[2025-06-03T15:45:00.066+0530][62.824s] GC(319) Survivor regions: 1->1(39)
[2025-06-03T15:45:00.066+0530][62.824s] GC(319) Old regions: 9->9
[2025-06-03T15:45:00.066+0530][62.824s] GC(319) Archive regions: 2->2
[2025-06-03T15:45:00.066+0530][62.824s] GC(319) Humongous regions: 0->0
[2025-06-03T15:45:00.066+0530][62.824s] GC(319) Metaspace: 20407K(20864K)->20407K(20864K) NonClass: 17822K(18048K)->17822K(18048K) Class: 2584K(2816K)->2584K(2816K)
[2025-06-03T15:45:00.066+0530][62.824s] GC(319) Pause Young (Normal) (G1 Evacuation Pause) 315M->9M(512M) 1.419ms
[2025-06-03T15:45:00.066+0530][62.824s] GC(319) User=0.00s Sys=0.00s Real=0.00s
[2025-06-03T15:45:00.227+0530][62.985s] GC(320) Pause Young (Normal) (G1 Evacuation Pause)
[2025-06-03T15:45:00.227+0530][62.985s] GC(320) Using 8 workers of 8 for evacuation
[2025-06-03T15:45:00.228+0530][62.986s] GC(320) Skipped phase 1 of Reference Processing: no references
[2025-06-03T15:45:00.228+0530][62.986s] GC(320) Skipped phase 2 of Reference Processing: no references
[2025-06-03T15:45:00.228+0530][62.986s] GC(320) Skipped phase 3 of Reference Processing: no references
[2025-06-03T15:45:00.228+0530][62.986s] GC(320) Skipped phase 4 of Reference Processing: no references
[2025-06-03T15:45:00.229+0530][62.986s] GC(320)   Pre Evacuate Collection Set: 0.1ms
[2025-06-03T15:45:00.229+0530][62.987s] GC(320)   Merge Heap Roots: 0.1ms
[2025-06-03T15:45:00.229+0530][62.987s] GC(320)   Evacuate Collection Set: 0.3ms
[2025-06-03T15:45:00.229+0530][62.987s] GC(320)   Post Evacuate Collection Set: 0.5ms
[2025-06-03T15:45:00.229+0530][62.987s] GC(320)   Other: 0.2ms
[2025-06-03T15:45:00.229+0530][62.987s] GC(320) Eden regions: 306->0(306)
[2025-06-03T15:45:00.229+0530][62.987s] GC(320) Survivor regions: 1->1(39)
[2025-06-03T15:45:00.229+0530][62.987s] GC(320) Old regions: 9->9
[2025-06-03T15:45:00.229+0530][62.987s] GC(320) Archive regions: 2->2
[2025-06-03T15:45:00.229+0530][62.987s] GC(320) Humongous regions: 0->0
[2025-06-03T15:45:00.229+0530][62.987s] GC(320) Metaspace: 20407K(20864K)->20407K(20864K) NonClass: 17822K(18048K)->17822K(18048K) Class: 2584K(2816K)->2584K(2816K)
[2025-06-03T15:45:00.229+0530][62.987s] GC(320) Pause Young (Normal) (G1 Evacuation Pause) 315M->9M(512M) 1.379ms
[2025-06-03T15:45:00.229+0530][62.987s] GC(320) User=0.00s Sys=0.00s Real=0.00s
[2025-06-03T15:45:00.386+0530][63.144s] GC(321) Pause Young (Normal) (G1 Evacuation Pause)
[2025-06-03T15:45:00.386+0530][63.144s] GC(321) Using 8 workers of 8 for evacuation
[2025-06-03T15:45:00.387+0530][63.145s] GC(321) Skipped phase 1 of Reference Processing: no references
[2025-06-03T15:45:00.387+0530][63.145s] GC(321) Skipped phase 2 of Reference Processing: no references
[2025-06-03T15:45:00.387+0530][63.145s] GC(321) Skipped phase 3 of Reference Processing: no references
[2025-06-03T15:45:00.387+0530][63.145s] GC(321) Skipped phase 4 of Reference Processing: no references
[2025-06-03T15:45:00.387+0530][63.145s] GC(321)   Pre Evacuate Collection Set: 0.1ms
[2025-06-03T15:45:00.387+0530][63.145s] GC(321)   Merge Heap Roots: 0.1ms
[2025-06-03T15:45:00.387+0530][63.145s] GC(321)   Evacuate Collection Set: 0.2ms
[2025-06-03T15:45:00.387+0530][63.145s] GC(321)   Post Evacuate Collection Set: 0.5ms
[2025-06-03T15:45:00.387+0530][63.145s] GC(321)   Other: 0.2ms
[2025-06-03T15:45:00.387+0530][63.145s] GC(321) Eden regions: 306->0(306)
[2025-06-03T15:45:00.387+0530][63.145s] GC(321) Survivor regions: 1->1(39)
[2025-06-03T15:45:00.387+0530][63.145s] GC(321) Old regions: 9->9
[2025-06-03T15:45:00.387+0530][63.145s] GC(321) Archive regions: 2->2
[2025-06-03T15:45:00.387+0530][63.145s] GC(321) Humongous regions: 0->0
[2025-06-03T15:45:00.388+0530][63.145s] GC(321) Metaspace: 20407K(20864K)->20407K(20864K) NonClass: 17822K(18048K)->17822K(18048K) Class: 2584K(2816K)->2584K(2816K)
[2025-06-03T15:45:00.388+0530][63.145s] GC(321) Pause Young (Normal) (G1 Evacuation Pause) 315M->9M(512M) 1.301ms
[2025-06-03T15:45:00.388+0530][63.145s] GC(321) User=0.00s Sys=0.00s Real=0.00s
[2025-06-03T15:45:00.546+0530][63.304s] GC(322) Pause Young (Normal) (G1 Evacuation Pause)
[2025-06-03T15:45:00.546+0530][63.304s] GC(322) Using 8 workers of 8 for evacuation
[2025-06-03T15:45:00.547+0530][63.305s] GC(322) Skipped phase 1 of Reference Processing: no references
[2025-06-03T15:45:00.547+0530][63.305s] GC(322) Skipped phase 2 of Reference Processing: no references
[2025-06-03T15:45:00.547+0530][63.305s] GC(322) Skipped phase 3 of Reference Processing: no references
[2025-06-03T15:45:00.547+0530][63.305s] GC(322) Skipped phase 4 of Reference Processing: no references
[2025-06-03T15:45:00.547+0530][63.305s] GC(322)   Pre Evacuate Collection Set: 0.1ms
[2025-06-03T15:45:00.547+0530][63.305s] GC(322)   Merge Heap Roots: 0.1ms
[2025-06-03T15:45:00.547+0530][63.305s] GC(322)   Evacuate Collection Set: 0.3ms
[2025-06-03T15:45:00.547+0530][63.305s] GC(322)   Post Evacuate Collection Set: 0.5ms
[2025-06-03T15:45:00.548+0530][63.305s] GC(322)   Other: 0.2ms
[2025-06-03T15:45:00.548+0530][63.305s] GC(322) Eden regions: 306->0(306)
[2025-06-03T15:45:00.548+0530][63.305s] GC(322) Survivor regions: 1->1(39)
[2025-06-03T15:45:00.548+0530][63.305s] GC(322) Old regions: 9->9
[2025-06-03T15:45:00.548+0530][63.306s] GC(322) Archive regions: 2->2
[2025-06-03T15:45:00.548+0530][63.306s] GC(322) Humongous regions: 0->0
[2025-06-03T15:45:00.548+0530][63.306s] GC(322) Metaspace: 20407K(20864K)->20407K(20864K) NonClass: 17822K(18048K)->17822K(18048K) Class: 2584K(2816K)->2584K(2816K)
[2025-06-03T15:45:00.548+0530][63.306s] GC(322) Pause Young (Normal) (G1 Evacuation Pause) 315M->9M(512M) 1.334ms
[2025-06-03T15:45:00.548+0530][63.306s] GC(322) User=0.00s Sys=0.01s Real=0.00s
[2025-06-03T15:45:00.708+0530][63.466s] GC(323) Pause Young (Normal) (G1 Evacuation Pause)
[2025-06-03T15:45:00.708+0530][63.466s] GC(323) Using 8 workers of 8 for evacuation
[2025-06-03T15:45:00.708+0530][63.466s] GC(323) Skipped phase 1 of Reference Processing: no references
[2025-06-03T15:45:00.708+0530][63.466s] GC(323) Skipped phase 2 of Reference Processing: no references
[2025-06-03T15:45:00.708+0530][63.466s] GC(323) Skipped phase 3 of Reference Processing: no references
[2025-06-03T15:45:00.708+0530][63.466s] GC(323) Skipped phase 4 of Reference Processing: no references
[2025-06-03T15:45:00.709+0530][63.467s] GC(323)   Pre Evacuate Collection Set: 0.1ms
[2025-06-03T15:45:00.709+0530][63.467s] GC(323)   Merge Heap Roots: 0.1ms
[2025-06-03T15:45:00.709+0530][63.467s] GC(323)   Evacuate Collection Set: 0.2ms
[2025-06-03T15:45:00.709+0530][63.467s] GC(323)   Post Evacuate Collection Set: 0.5ms
[2025-06-03T15:45:00.709+0530][63.467s] GC(323)   Other: 0.2ms
[2025-06-03T15:45:00.709+0530][63.467s] GC(323) Eden regions: 306->0(306)
[2025-06-03T15:45:00.709+0530][63.467s] GC(323) Survivor regions: 1->1(39)
[2025-06-03T15:45:00.709+0530][63.467s] GC(323) Old regions: 9->9
[2025-06-03T15:45:00.709+0530][63.467s] GC(323) Archive regions: 2->2
[2025-06-03T15:45:00.709+0530][63.467s] GC(323) Humongous regions: 0->0
[2025-06-03T15:45:00.709+0530][63.467s] GC(323) Metaspace: 20407K(20864K)->20407K(20864K) NonClass: 17822K(18048K)->17822K(18048K) Class: 2584K(2816K)->2584K(2816K)
[2025-06-03T15:45:00.709+0530][63.467s] GC(323) Pause Young (Normal) (G1 Evacuation Pause) 315M->9M(512M) 1.620ms
[2025-06-03T15:45:00.709+0530][63.467s] GC(323) User=0.00s Sys=0.01s Real=0.00s
[2025-06-03T15:45:00.908+0530][63.666s] GC(324) Pause Young (Normal) (G1 Evacuation Pause)
[2025-06-03T15:45:00.908+0530][63.666s] GC(324) Using 8 workers of 8 for evacuation
[2025-06-03T15:45:00.908+0530][63.666s] GC(324) Skipped phase 1 of Reference Processing: no references
[2025-06-03T15:45:00.908+0530][63.666s] GC(324) Skipped phase 2 of Reference Processing: no references
[2025-06-03T15:45:00.908+0530][63.666s] GC(324) Skipped phase 3 of Reference Processing: no references
[2025-06-03T15:45:00.909+0530][63.666s] GC(324) Skipped phase 4 of Reference Processing: no references
[2025-06-03T15:45:00.909+0530][63.667s] GC(324)   Pre Evacuate Collection Set: 0.1ms
[2025-06-03T15:45:00.910+0530][63.668s] GC(324)   Merge Heap Roots: 0.1ms
[2025-06-03T15:45:00.910+0530][63.668s] GC(324)   Evacuate Collection Set: 0.4ms
[2025-06-03T15:45:00.910+0530][63.668s] GC(324)   Post Evacuate Collection Set: 1.0ms
[2025-06-03T15:45:00.910+0530][63.668s] GC(324)   Other: 0.3ms
[2025-06-03T15:45:00.910+0530][63.668s] GC(324) Eden regions: 306->0(306)
[2025-06-03T15:45:00.910+0530][63.668s] GC(324) Survivor regions: 1->1(39)
[2025-06-03T15:45:00.910+0530][63.668s] GC(324) Old regions: 9->9
[2025-06-03T15:45:00.910+0530][63.668s] GC(324) Archive regions: 2->2
[2025-06-03T15:45:00.910+0530][63.668s] GC(324) Humongous regions: 0->0
[2025-06-03T15:45:00.910+0530][63.668s] GC(324) Metaspace: 20407K(20864K)->20407K(20864K) NonClass: 17823K(18048K)->17823K(18048K) Class: 2584K(2816K)->2584K(2816K)
[2025-06-03T15:45:00.910+0530][63.668s] GC(324) Pause Young (Normal) (G1 Evacuation Pause) 315M->9M(512M) 2.440ms
[2025-06-03T15:45:00.910+0530][63.668s] GC(324) User=0.00s Sys=0.00s Real=0.01s
[2025-06-03T15:45:01.259+0530][64.017s] GC(325) Pause Young (Normal) (G1 Evacuation Pause)
[2025-06-03T15:45:01.260+0530][64.017s] GC(325) Using 8 workers of 8 for evacuation
[2025-06-03T15:45:01.260+0530][64.018s] GC(325) Skipped phase 1 of Reference Processing: no references
[2025-06-03T15:45:01.260+0530][64.018s] GC(325) Skipped phase 2 of Reference Processing: no references
[2025-06-03T15:45:01.260+0530][64.018s] GC(325) Skipped phase 3 of Reference Processing: no references
[2025-06-03T15:45:01.260+0530][64.018s] GC(325) Skipped phase 4 of Reference Processing: no references
[2025-06-03T15:45:01.261+0530][64.019s] GC(325)   Pre Evacuate Collection Set: 0.1ms
[2025-06-03T15:45:01.261+0530][64.019s] GC(325)   Merge Heap Roots: 0.1ms
[2025-06-03T15:45:01.261+0530][64.019s] GC(325)   Evacuate Collection Set: 0.3ms
[2025-06-03T15:45:01.261+0530][64.019s] GC(325)   Post Evacuate Collection Set: 0.5ms
[2025-06-03T15:45:01.261+0530][64.019s] GC(325)   Other: 0.2ms
[2025-06-03T15:45:01.261+0530][64.019s] GC(325) Eden regions: 306->0(306)
[2025-06-03T15:45:01.261+0530][64.019s] GC(325) Survivor regions: 1->1(39)
[2025-06-03T15:45:01.261+0530][64.019s] GC(325) Old regions: 9->9
[2025-06-03T15:45:01.261+0530][64.019s] GC(325) Archive regions: 2->2
[2025-06-03T15:45:01.261+0530][64.019s] GC(325) Humongous regions: 0->0
[2025-06-03T15:45:01.261+0530][64.019s] GC(325) Metaspace: 20407K(20864K)->20407K(20864K) NonClass: 17823K(18048K)->17823K(18048K) Class: 2584K(2816K)->2584K(2816K)
[2025-06-03T15:45:01.261+0530][64.019s] GC(325) Pause Young (Normal) (G1 Evacuation Pause) 315M->9M(512M) 1.493ms
[2025-06-03T15:45:01.261+0530][64.019s] GC(325) User=0.01s Sys=0.00s Real=0.01s
[2025-06-03T15:45:01.432+0530][64.190s] GC(326) Pause Young (Normal) (G1 Evacuation Pause)
[2025-06-03T15:45:01.432+0530][64.190s] GC(326) Using 8 workers of 8 for evacuation
[2025-06-03T15:45:01.433+0530][64.191s] GC(326) Skipped phase 1 of Reference Processing: no references
[2025-06-03T15:45:01.433+0530][64.191s] GC(326) Skipped phase 2 of Reference Processing: no references
[2025-06-03T15:45:01.433+0530][64.191s] GC(326) Skipped phase 3 of Reference Processing: no references
[2025-06-03T15:45:01.433+0530][64.191s] GC(326) Skipped phase 4 of Reference Processing: no references
[2025-06-03T15:45:01.433+0530][64.191s] GC(326)   Pre Evacuate Collection Set: 0.1ms
[2025-06-03T15:45:01.433+0530][64.191s] GC(326)   Merge Heap Roots: 0.1ms
[2025-06-03T15:45:01.434+0530][64.191s] GC(326)   Evacuate Collection Set: 0.3ms
[2025-06-03T15:45:01.434+0530][64.191s] GC(326)   Post Evacuate Collection Set: 0.7ms
[2025-06-03T15:45:01.434+0530][64.191s] GC(326)   Other: 0.2ms
[2025-06-03T15:45:01.434+0530][64.192s] GC(326) Eden regions: 306->0(306)
[2025-06-03T15:45:01.434+0530][64.192s] GC(326) Survivor regions: 1->1(39)
[2025-06-03T15:45:01.434+0530][64.192s] GC(326) Old regions: 9->9
[2025-06-03T15:45:01.434+0530][64.192s] GC(326) Archive regions: 2->2
[2025-06-03T15:45:01.434+0530][64.192s] GC(326) Humongous regions: 0->0
[2025-06-03T15:45:01.434+0530][64.192s] GC(326) Metaspace: 20407K(20864K)->20407K(20864K) NonClass: 17823K(18048K)->17823K(18048K) Class: 2584K(2816K)->2584K(2816K)
[2025-06-03T15:45:01.434+0530][64.192s] GC(326) Pause Young (Normal) (G1 Evacuation Pause) 315M->9M(512M) 1.531ms
[2025-06-03T15:45:01.434+0530][64.192s] GC(326) User=0.01s Sys=0.00s Real=0.00s
[2025-06-03T15:45:01.590+0530][64.348s] GC(327) Pause Young (Normal) (G1 Evacuation Pause)
[2025-06-03T15:45:01.590+0530][64.348s] GC(327) Using 8 workers of 8 for evacuation
[2025-06-03T15:45:01.590+0530][64.348s] GC(327) Skipped phase 1 of Reference Processing: no references
[2025-06-03T15:45:01.590+0530][64.348s] GC(327) Skipped phase 2 of Reference Processing: no references
[2025-06-03T15:45:01.590+0530][64.348s] GC(327) Skipped phase 3 of Reference Processing: no references
[2025-06-03T15:45:01.590+0530][64.348s] GC(327) Skipped phase 4 of Reference Processing: no references
[2025-06-03T15:45:01.591+0530][64.349s] GC(327)   Pre Evacuate Collection Set: 0.1ms
[2025-06-03T15:45:01.591+0530][64.349s] GC(327)   Merge Heap Roots: 0.1ms
[2025-06-03T15:45:01.591+0530][64.349s] GC(327)   Evacuate Collection Set: 0.3ms
[2025-06-03T15:45:01.591+0530][64.349s] GC(327)   Post Evacuate Collection Set: 0.4ms
[2025-06-03T15:45:01.591+0530][64.349s] GC(327)   Other: 0.2ms
[2025-06-03T15:45:01.591+0530][64.349s] GC(327) Eden regions: 306->0(306)
[2025-06-03T15:45:01.591+0530][64.349s] GC(327) Survivor regions: 1->1(39)
[2025-06-03T15:45:01.591+0530][64.349s] GC(327) Old regions: 9->9
[2025-06-03T15:45:01.591+0530][64.349s] GC(327) Archive regions: 2->2
[2025-06-03T15:45:01.591+0530][64.349s] GC(327) Humongous regions: 0->0
[2025-06-03T15:45:01.591+0530][64.349s] GC(327) Metaspace: 20407K(20864K)->20407K(20864K) NonClass: 17823K(18048K)->17823K(18048K) Class: 2584K(2816K)->2584K(2816K)
[2025-06-03T15:45:01.591+0530][64.349s] GC(327) Pause Young (Normal) (G1 Evacuation Pause) 315M->9M(512M) 1.266ms
[2025-06-03T15:45:01.591+0530][64.349s] GC(327) User=0.00s Sys=0.00s Real=0.00s
[2025-06-03T15:45:01.747+0530][64.505s] GC(328) Pause Young (Normal) (G1 Evacuation Pause)
[2025-06-03T15:45:01.747+0530][64.505s] GC(328) Using 8 workers of 8 for evacuation
[2025-06-03T15:45:01.747+0530][64.505s] GC(328) Skipped phase 1 of Reference Processing: no references
[2025-06-03T15:45:01.748+0530][64.505s] GC(328) Skipped phase 2 of Reference Processing: no references
[2025-06-03T15:45:01.748+0530][64.506s] GC(328) Skipped phase 3 of Reference Processing: no references
[2025-06-03T15:45:01.748+0530][64.506s] GC(328) Skipped phase 4 of Reference Processing: no references
[2025-06-03T15:45:01.748+0530][64.506s] GC(328)   Pre Evacuate Collection Set: 0.1ms
[2025-06-03T15:45:01.748+0530][64.506s] GC(328)   Merge Heap Roots: 0.1ms
[2025-06-03T15:45:01.748+0530][64.506s] GC(328)   Evacuate Collection Set: 0.3ms
[2025-06-03T15:45:01.748+0530][64.506s] GC(328)   Post Evacuate Collection Set: 0.5ms
[2025-06-03T15:45:01.748+0530][64.506s] GC(328)   Other: 0.2ms
[2025-06-03T15:45:01.748+0530][64.506s] GC(328) Eden regions: 306->0(306)
[2025-06-03T15:45:01.748+0530][64.506s] GC(328) Survivor regions: 1->1(39)
[2025-06-03T15:45:01.748+0530][64.506s] GC(328) Old regions: 9->9
[2025-06-03T15:45:01.748+0530][64.506s] GC(328) Archive regions: 2->2
[2025-06-03T15:45:01.748+0530][64.506s] GC(328) Humongous regions: 0->0
[2025-06-03T15:45:01.748+0530][64.506s] GC(328) Metaspace: 20407K(20864K)->20407K(20864K) NonClass: 17823K(18048K)->17823K(18048K) Class: 2584K(2816K)->2584K(2816K)
[2025-06-03T15:45:01.748+0530][64.506s] GC(328) Pause Young (Normal) (G1 Evacuation Pause) 315M->9M(512M) 1.472ms
[2025-06-03T15:45:01.748+0530][64.506s] GC(328) User=0.00s Sys=0.00s Real=0.00s
[2025-06-03T15:45:01.909+0530][64.667s] GC(329) Pause Young (Normal) (G1 Evacuation Pause)
[2025-06-03T15:45:01.909+0530][64.667s] GC(329) Using 8 workers of 8 for evacuation
[2025-06-03T15:45:01.910+0530][64.668s] GC(329) Skipped phase 1 of Reference Processing: no references
[2025-06-03T15:45:01.910+0530][64.668s] GC(329) Skipped phase 2 of Reference Processing: no references
[2025-06-03T15:45:01.910+0530][64.668s] GC(329) Skipped phase 3 of Reference Processing: no references
[2025-06-03T15:45:01.910+0530][64.668s] GC(329) Skipped phase 4 of Reference Processing: no references
[2025-06-03T15:45:01.910+0530][64.668s] GC(329)   Pre Evacuate Collection Set: 0.1ms
[2025-06-03T15:45:01.910+0530][64.668s] GC(329)   Merge Heap Roots: 0.1ms
[2025-06-03T15:45:01.910+0530][64.668s] GC(329)   Evacuate Collection Set: 0.3ms
[2025-06-03T15:45:01.910+0530][64.668s] GC(329)   Post Evacuate Collection Set: 0.5ms
[2025-06-03T15:45:01.910+0530][64.668s] GC(329)   Other: 0.2ms
[2025-06-03T15:45:01.910+0530][64.668s] GC(329) Eden regions: 306->0(306)
[2025-06-03T15:45:01.910+0530][64.668s] GC(329) Survivor regions: 1->1(39)
[2025-06-03T15:45:01.910+0530][64.668s] GC(329) Old regions: 9->9
[2025-06-03T15:45:01.911+0530][64.668s] GC(329) Archive regions: 2->2
[2025-06-03T15:45:01.911+0530][64.668s] GC(329) Humongous regions: 0->0
[2025-06-03T15:45:01.911+0530][64.669s] GC(329) Metaspace: 20407K(20864K)->20407K(20864K) NonClass: 17823K(18048K)->17823K(18048K) Class: 2584K(2816K)->2584K(2816K)
[2025-06-03T15:45:01.911+0530][64.669s] GC(329) Pause Young (Normal) (G1 Evacuation Pause) 315M->9M(512M) 1.444ms
[2025-06-03T15:45:01.911+0530][64.669s] GC(329) User=0.00s Sys=0.00s Real=0.01s
[2025-06-03T15:45:02.090+0530][64.848s] GC(330) Pause Young (Normal) (G1 Evacuation Pause)
[2025-06-03T15:45:02.090+0530][64.848s] GC(330) Using 8 workers of 8 for evacuation
[2025-06-03T15:45:02.091+0530][64.849s] GC(330) Skipped phase 1 of Reference Processing: no references
[2025-06-03T15:45:02.091+0530][64.849s] GC(330) Skipped phase 2 of Reference Processing: no references
[2025-06-03T15:45:02.091+0530][64.849s] GC(330) Skipped phase 3 of Reference Processing: no references
[2025-06-03T15:45:02.091+0530][64.849s] GC(330) Skipped phase 4 of Reference Processing: no references
[2025-06-03T15:45:02.092+0530][64.850s] GC(330)   Pre Evacuate Collection Set: 0.1ms
[2025-06-03T15:45:02.092+0530][64.850s] GC(330)   Merge Heap Roots: 0.1ms
[2025-06-03T15:45:02.092+0530][64.850s] GC(330)   Evacuate Collection Set: 0.4ms
[2025-06-03T15:45:02.092+0530][64.850s] GC(330)   Post Evacuate Collection Set: 0.6ms
[2025-06-03T15:45:02.092+0530][64.850s] GC(330)   Other: 0.3ms
[2025-06-03T15:45:02.092+0530][64.850s] GC(330) Eden regions: 306->0(306)
[2025-06-03T15:45:02.092+0530][64.850s] GC(330) Survivor regions: 1->1(39)
[2025-06-03T15:45:02.092+0530][64.850s] GC(330) Old regions: 9->9
[2025-06-03T15:45:02.092+0530][64.850s] GC(330) Archive regions: 2->2
[2025-06-03T15:45:02.092+0530][64.850s] GC(330) Humongous regions: 0->0
[2025-06-03T15:45:02.092+0530][64.850s] GC(330) Metaspace: 20407K(20864K)->20407K(20864K) NonClass: 17823K(18048K)->17823K(18048K) Class: 2584K(2816K)->2584K(2816K)
[2025-06-03T15:45:02.092+0530][64.850s] GC(330) Pause Young (Normal) (G1 Evacuation Pause) 315M->9M(512M) 1.814ms
[2025-06-03T15:45:02.092+0530][64.850s] GC(330) User=0.00s Sys=0.00s Real=0.00s
[2025-06-03T15:45:02.268+0530][65.026s] GC(331) Pause Young (Normal) (G1 Evacuation Pause)
[2025-06-03T15:45:02.268+0530][65.026s] GC(331) Using 8 workers of 8 for evacuation
[2025-06-03T15:45:02.269+0530][65.027s] GC(331) Skipped phase 1 of Reference Processing: no references
[2025-06-03T15:45:02.269+0530][65.027s] GC(331) Skipped phase 2 of Reference Processing: no references
[2025-06-03T15:45:02.269+0530][65.027s] GC(331) Skipped phase 3 of Reference Processing: no references
[2025-06-03T15:45:02.269+0530][65.027s] GC(331) Skipped phase 4 of Reference Processing: no references
[2025-06-03T15:45:02.269+0530][65.027s] GC(331)   Pre Evacuate Collection Set: 0.1ms
[2025-06-03T15:45:02.269+0530][65.027s] GC(331)   Merge Heap Roots: 0.1ms
[2025-06-03T15:45:02.269+0530][65.027s] GC(331)   Evacuate Collection Set: 0.3ms
[2025-06-03T15:45:02.269+0530][65.027s] GC(331)   Post Evacuate Collection Set: 0.5ms
[2025-06-03T15:45:02.269+0530][65.027s] GC(331)   Other: 0.4ms
[2025-06-03T15:45:02.269+0530][65.027s] GC(331) Eden regions: 306->0(306)
[2025-06-03T15:45:02.269+0530][65.027s] GC(331) Survivor regions: 1->1(39)
[2025-06-03T15:45:02.269+0530][65.027s] GC(331) Old regions: 9->9
[2025-06-03T15:45:02.269+0530][65.027s] GC(331) Archive regions: 2->2
[2025-06-03T15:45:02.269+0530][65.027s] GC(331) Humongous regions: 0->0
[2025-06-03T15:45:02.269+0530][65.027s] GC(331) Metaspace: 20407K(20864K)->20407K(20864K) NonClass: 17823K(18048K)->17823K(18048K) Class: 2584K(2816K)->2584K(2816K)
[2025-06-03T15:45:02.269+0530][65.027s] GC(331) Pause Young (Normal) (G1 Evacuation Pause) 315M->9M(512M) 1.503ms
[2025-06-03T15:45:02.269+0530][65.027s] GC(331) User=0.00s Sys=0.00s Real=0.00s
[2025-06-03T15:45:02.425+0530][65.183s] GC(332) Pause Young (Normal) (G1 Evacuation Pause)
[2025-06-03T15:45:02.425+0530][65.183s] GC(332) Using 8 workers of 8 for evacuation
[2025-06-03T15:45:02.426+0530][65.184s] GC(332) Skipped phase 1 of Reference Processing: no references
[2025-06-03T15:45:02.426+0530][65.184s] GC(332) Skipped phase 2 of Reference Processing: no references
[2025-06-03T15:45:02.426+0530][65.184s] GC(332) Skipped phase 3 of Reference Processing: no references
[2025-06-03T15:45:02.426+0530][65.184s] GC(332) Skipped phase 4 of Reference Processing: no references
[2025-06-03T15:45:02.426+0530][65.184s] GC(332)   Pre Evacuate Collection Set: 0.1ms
[2025-06-03T15:45:02.426+0530][65.184s] GC(332)   Merge Heap Roots: 0.1ms
[2025-06-03T15:45:02.426+0530][65.184s] GC(332)   Evacuate Collection Set: 0.3ms
[2025-06-03T15:45:02.426+0530][65.184s] GC(332)   Post Evacuate Collection Set: 0.5ms
[2025-06-03T15:45:02.426+0530][65.184s] GC(332)   Other: 0.3ms
[2025-06-03T15:45:02.426+0530][65.184s] GC(332) Eden regions: 306->0(306)
[2025-06-03T15:45:02.426+0530][65.184s] GC(332) Survivor regions: 1->1(39)
[2025-06-03T15:45:02.426+0530][65.184s] GC(332) Old regions: 9->9
[2025-06-03T15:45:02.426+0530][65.184s] GC(332) Archive regions: 2->2
[2025-06-03T15:45:02.426+0530][65.184s] GC(332) Humongous regions: 0->0
[2025-06-03T15:45:02.427+0530][65.184s] GC(332) Metaspace: 20407K(20864K)->20407K(20864K) NonClass: 17823K(18048K)->17823K(18048K) Class: 2584K(2816K)->2584K(2816K)
[2025-06-03T15:45:02.427+0530][65.185s] GC(332) Pause Young (Normal) (G1 Evacuation Pause) 315M->9M(512M) 1.467ms
[2025-06-03T15:45:02.427+0530][65.185s] GC(332) User=0.01s Sys=0.00s Real=0.00s
[2025-06-03T15:45:02.587+0530][65.345s] GC(333) Pause Young (Normal) (G1 Evacuation Pause)
[2025-06-03T15:45:02.587+0530][65.345s] GC(333) Using 8 workers of 8 for evacuation
[2025-06-03T15:45:02.588+0530][65.346s] GC(333) Skipped phase 1 of Reference Processing: no references
[2025-06-03T15:45:02.588+0530][65.346s] GC(333) Skipped phase 2 of Reference Processing: no references
[2025-06-03T15:45:02.588+0530][65.346s] GC(333) Skipped phase 3 of Reference Processing: no references
[2025-06-03T15:45:02.588+0530][65.346s] GC(333) Skipped phase 4 of Reference Processing: no references
[2025-06-03T15:45:02.588+0530][65.346s] GC(333)   Pre Evacuate Collection Set: 0.1ms
[2025-06-03T15:45:02.588+0530][65.346s] GC(333)   Merge Heap Roots: 0.1ms
[2025-06-03T15:45:02.588+0530][65.346s] GC(333)   Evacuate Collection Set: 0.2ms
[2025-06-03T15:45:02.589+0530][65.346s] GC(333)   Post Evacuate Collection Set: 0.5ms
[2025-06-03T15:45:02.589+0530][65.347s] GC(333)   Other: 0.2ms
[2025-06-03T15:45:02.589+0530][65.347s] GC(333) Eden regions: 306->0(306)
[2025-06-03T15:45:02.589+0530][65.347s] GC(333) Survivor regions: 1->1(39)
[2025-06-03T15:45:02.589+0530][65.347s] GC(333) Old regions: 9->9
[2025-06-03T15:45:02.589+0530][65.347s] GC(333) Archive regions: 2->2
[2025-06-03T15:45:02.589+0530][65.347s] GC(333) Humongous regions: 0->0
[2025-06-03T15:45:02.589+0530][65.347s] GC(333) Metaspace: 20407K(20864K)->20407K(20864K) NonClass: 17823K(18048K)->17823K(18048K) Class: 2584K(2816K)->2584K(2816K)
[2025-06-03T15:45:02.589+0530][65.347s] GC(333) Pause Young (Normal) (G1 Evacuation Pause) 315M->9M(512M) 1.297ms
[2025-06-03T15:45:02.589+0530][65.347s] GC(333) User=0.01s Sys=0.00s Real=0.00s
[2025-06-03T15:45:02.741+0530][65.499s] GC(334) Pause Young (Normal) (G1 Evacuation Pause)
[2025-06-03T15:45:02.741+0530][65.499s] GC(334) Using 8 workers of 8 for evacuation
[2025-06-03T15:45:02.741+0530][65.499s] GC(334) Skipped phase 1 of Reference Processing: no references
[2025-06-03T15:45:02.741+0530][65.499s] GC(334) Skipped phase 2 of Reference Processing: no references
[2025-06-03T15:45:02.741+0530][65.499s] GC(334) Skipped phase 3 of Reference Processing: no references
[2025-06-03T15:45:02.741+0530][65.499s] GC(334) Skipped phase 4 of Reference Processing: no references
[2025-06-03T15:45:02.742+0530][65.500s] GC(334)   Pre Evacuate Collection Set: 0.1ms
[2025-06-03T15:45:02.742+0530][65.500s] GC(334)   Merge Heap Roots: 0.1ms
[2025-06-03T15:45:02.742+0530][65.500s] GC(334)   Evacuate Collection Set: 0.3ms
[2025-06-03T15:45:02.742+0530][65.500s] GC(334)   Post Evacuate Collection Set: 0.5ms
[2025-06-03T15:45:02.742+0530][65.500s] GC(334)   Other: 0.2ms
[2025-06-03T15:45:02.742+0530][65.500s] GC(334) Eden regions: 306->0(306)
[2025-06-03T15:45:02.742+0530][65.500s] GC(334) Survivor regions: 1->1(39)
[2025-06-03T15:45:02.742+0530][65.500s] GC(334) Old regions: 9->9
[2025-06-03T15:45:02.742+0530][65.500s] GC(334) Archive regions: 2->2
[2025-06-03T15:45:02.742+0530][65.500s] GC(334) Humongous regions: 0->0
[2025-06-03T15:45:02.742+0530][65.500s] GC(334) Metaspace: 20407K(20864K)->20407K(20864K) NonClass: 17823K(18048K)->17823K(18048K) Class: 2584K(2816K)->2584K(2816K)
[2025-06-03T15:45:02.742+0530][65.500s] GC(334) Pause Young (Normal) (G1 Evacuation Pause) 315M->9M(512M) 1.344ms
[2025-06-03T15:45:02.742+0530][65.500s] GC(334) User=0.00s Sys=0.00s Real=0.00s
[2025-06-03T15:45:02.892+0530][65.650s] GC(335) Pause Young (Normal) (G1 Evacuation Pause)
[2025-06-03T15:45:02.892+0530][65.650s] GC(335) Using 8 workers of 8 for evacuation
[2025-06-03T15:45:02.893+0530][65.651s] GC(335) Skipped phase 1 of Reference Processing: no references
[2025-06-03T15:45:02.893+0530][65.651s] GC(335) Skipped phase 2 of Reference Processing: no references
[2025-06-03T15:45:02.893+0530][65.651s] GC(335) Skipped phase 3 of Reference Processing: no references
[2025-06-03T15:45:02.893+0530][65.651s] GC(335) Skipped phase 4 of Reference Processing: no references
[2025-06-03T15:45:02.893+0530][65.651s] GC(335)   Pre Evacuate Collection Set: 0.1ms
[2025-06-03T15:45:02.893+0530][65.651s] GC(335)   Merge Heap Roots: 0.1ms
[2025-06-03T15:45:02.893+0530][65.651s] GC(335)   Evacuate Collection Set: 0.3ms
[2025-06-03T15:45:02.893+0530][65.651s] GC(335)   Post Evacuate Collection Set: 0.5ms
[2025-06-03T15:45:02.893+0530][65.651s] GC(335)   Other: 0.2ms
[2025-06-03T15:45:02.893+0530][65.651s] GC(335) Eden regions: 306->0(306)
[2025-06-03T15:45:02.893+0530][65.651s] GC(335) Survivor regions: 1->1(39)
[2025-06-03T15:45:02.893+0530][65.651s] GC(335) Old regions: 9->9
[2025-06-03T15:45:02.893+0530][65.651s] GC(335) Archive regions: 2->2
[2025-06-03T15:45:02.893+0530][65.651s] GC(335) Humongous regions: 0->0
[2025-06-03T15:45:02.893+0530][65.651s] GC(335) Metaspace: 20407K(20864K)->20407K(20864K) NonClass: 17823K(18048K)->17823K(18048K) Class: 2584K(2816K)->2584K(2816K)
[2025-06-03T15:45:02.893+0530][65.651s] GC(335) Pause Young (Normal) (G1 Evacuation Pause) 315M->9M(512M) 1.370ms
[2025-06-03T15:45:02.893+0530][65.651s] GC(335) User=0.00s Sys=0.00s Real=0.00s
[2025-06-03T15:45:03.047+0530][65.805s] GC(336) Pause Young (Normal) (G1 Evacuation Pause)
[2025-06-03T15:45:03.047+0530][65.805s] GC(336) Using 8 workers of 8 for evacuation
[2025-06-03T15:45:03.048+0530][65.806s] GC(336) Skipped phase 1 of Reference Processing: no references
[2025-06-03T15:45:03.048+0530][65.806s] GC(336) Skipped phase 2 of Reference Processing: no references
[2025-06-03T15:45:03.048+0530][65.806s] GC(336) Skipped phase 3 of Reference Processing: no references
[2025-06-03T15:45:03.048+0530][65.806s] GC(336) Skipped phase 4 of Reference Processing: no references
[2025-06-03T15:45:03.048+0530][65.806s] GC(336)   Pre Evacuate Collection Set: 0.1ms
[2025-06-03T15:45:03.048+0530][65.806s] GC(336)   Merge Heap Roots: 0.1ms
[2025-06-03T15:45:03.048+0530][65.806s] GC(336)   Evacuate Collection Set: 0.3ms
[2025-06-03T15:45:03.048+0530][65.806s] GC(336)   Post Evacuate Collection Set: 0.5ms
[2025-06-03T15:45:03.048+0530][65.806s] GC(336)   Other: 0.2ms
[2025-06-03T15:45:03.048+0530][65.806s] GC(336) Eden regions: 306->0(306)
[2025-06-03T15:45:03.048+0530][65.806s] GC(336) Survivor regions: 1->1(39)
[2025-06-03T15:45:03.048+0530][65.806s] GC(336) Old regions: 9->9
[2025-06-03T15:45:03.048+0530][65.806s] GC(336) Archive regions: 2->2
[2025-06-03T15:45:03.048+0530][65.806s] GC(336) Humongous regions: 0->0
[2025-06-03T15:45:03.048+0530][65.806s] GC(336) Metaspace: 20418K(20928K)->20418K(20928K) NonClass: 17834K(18112K)->17834K(18112K) Class: 2584K(2816K)->2584K(2816K)
[2025-06-03T15:45:03.049+0530][65.807s] GC(336) Pause Young (Normal) (G1 Evacuation Pause) 315M->9M(512M) 1.264ms
[2025-06-03T15:45:03.049+0530][65.807s] GC(336) User=0.00s Sys=0.00s Real=0.00s
[2025-06-03T15:45:03.200+0530][65.958s] GC(337) Pause Young (Normal) (G1 Evacuation Pause)
[2025-06-03T15:45:03.200+0530][65.958s] GC(337) Using 8 workers of 8 for evacuation
[2025-06-03T15:45:03.200+0530][65.958s] GC(337) Skipped phase 1 of Reference Processing: no references
[2025-06-03T15:45:03.200+0530][65.958s] GC(337) Skipped phase 2 of Reference Processing: no references
[2025-06-03T15:45:03.200+0530][65.958s] GC(337) Skipped phase 3 of Reference Processing: no references
[2025-06-03T15:45:03.200+0530][65.958s] GC(337) Skipped phase 4 of Reference Processing: no references
[2025-06-03T15:45:03.201+0530][65.959s] GC(337)   Pre Evacuate Collection Set: 0.1ms
[2025-06-03T15:45:03.201+0530][65.959s] GC(337)   Merge Heap Roots: 0.1ms
[2025-06-03T15:45:03.201+0530][65.959s] GC(337)   Evacuate Collection Set: 0.2ms
[2025-06-03T15:45:03.201+0530][65.959s] GC(337)   Post Evacuate Collection Set: 0.5ms
[2025-06-03T15:45:03.201+0530][65.959s] GC(337)   Other: 0.3ms
[2025-06-03T15:45:03.201+0530][65.959s] GC(337) Eden regions: 306->0(306)
[2025-06-03T15:45:03.201+0530][65.959s] GC(337) Survivor regions: 1->1(39)
[2025-06-03T15:45:03.201+0530][65.959s] GC(337) Old regions: 9->9
[2025-06-03T15:45:03.201+0530][65.959s] GC(337) Archive regions: 2->2
[2025-06-03T15:45:03.201+0530][65.959s] GC(337) Humongous regions: 0->0
[2025-06-03T15:45:03.201+0530][65.959s] GC(337) Metaspace: 20418K(20928K)->20418K(20928K) NonClass: 17834K(18112K)->17834K(18112K) Class: 2584K(2816K)->2584K(2816K)
[2025-06-03T15:45:03.201+0530][65.959s] GC(337) Pause Young (Normal) (G1 Evacuation Pause) 315M->9M(512M) 1.346ms
[2025-06-03T15:45:03.201+0530][65.959s] GC(337) User=0.00s Sys=0.00s Real=0.00s
[2025-06-03T15:45:03.351+0530][66.109s] GC(338) Pause Young (Normal) (G1 Evacuation Pause)
[2025-06-03T15:45:03.351+0530][66.109s] GC(338) Using 8 workers of 8 for evacuation
[2025-06-03T15:45:03.351+0530][66.109s] GC(338) Skipped phase 1 of Reference Processing: no references
[2025-06-03T15:45:03.351+0530][66.109s] GC(338) Skipped phase 2 of Reference Processing: no references
[2025-06-03T15:45:03.351+0530][66.109s] GC(338) Skipped phase 3 of Reference Processing: no references
[2025-06-03T15:45:03.351+0530][66.109s] GC(338) Skipped phase 4 of Reference Processing: no references
[2025-06-03T15:45:03.352+0530][66.110s] GC(338)   Pre Evacuate Collection Set: 0.1ms
[2025-06-03T15:45:03.352+0530][66.110s] GC(338)   Merge Heap Roots: 0.1ms
[2025-06-03T15:45:03.352+0530][66.110s] GC(338)   Evacuate Collection Set: 0.2ms
[2025-06-03T15:45:03.352+0530][66.110s] GC(338)   Post Evacuate Collection Set: 0.4ms
[2025-06-03T15:45:03.352+0530][66.110s] GC(338)   Other: 0.2ms
[2025-06-03T15:45:03.352+0530][66.110s] GC(338) Eden regions: 306->0(306)
[2025-06-03T15:45:03.352+0530][66.110s] GC(338) Survivor regions: 1->1(39)
[2025-06-03T15:45:03.352+0530][66.110s] GC(338) Old regions: 9->9
[2025-06-03T15:45:03.352+0530][66.110s] GC(338) Archive regions: 2->2
[2025-06-03T15:45:03.352+0530][66.110s] GC(338) Humongous regions: 0->0
[2025-06-03T15:45:03.352+0530][66.110s] GC(338) Metaspace: 20418K(20928K)->20418K(20928K) NonClass: 17834K(18112K)->17834K(18112K) Class: 2584K(2816K)->2584K(2816K)
[2025-06-03T15:45:03.352+0530][66.110s] GC(338) Pause Young (Normal) (G1 Evacuation Pause) 315M->9M(512M) 1.227ms
[2025-06-03T15:45:03.352+0530][66.110s] GC(338) User=0.00s Sys=0.00s Real=0.00s
[2025-06-03T15:45:03.504+0530][66.262s] GC(339) Pause Young (Normal) (G1 Evacuation Pause)
[2025-06-03T15:45:03.504+0530][66.262s] GC(339) Using 8 workers of 8 for evacuation
[2025-06-03T15:45:03.504+0530][66.262s] GC(339) Skipped phase 1 of Reference Processing: no references
[2025-06-03T15:45:03.504+0530][66.262s] GC(339) Skipped phase 2 of Reference Processing: no references
[2025-06-03T15:45:03.504+0530][66.262s] GC(339) Skipped phase 3 of Reference Processing: no references
[2025-06-03T15:45:03.504+0530][66.262s] GC(339) Skipped phase 4 of Reference Processing: no references
[2025-06-03T15:45:03.505+0530][66.263s] GC(339)   Pre Evacuate Collection Set: 0.1ms
[2025-06-03T15:45:03.505+0530][66.263s] GC(339)   Merge Heap Roots: 0.1ms
[2025-06-03T15:45:03.505+0530][66.263s] GC(339)   Evacuate Collection Set: 0.2ms
[2025-06-03T15:45:03.505+0530][66.263s] GC(339)   Post Evacuate Collection Set: 0.5ms
[2025-06-03T15:45:03.505+0530][66.263s] GC(339)   Other: 0.2ms
[2025-06-03T15:45:03.505+0530][66.263s] GC(339) Eden regions: 306->0(306)
[2025-06-03T15:45:03.505+0530][66.263s] GC(339) Survivor regions: 1->1(39)
[2025-06-03T15:45:03.505+0530][66.263s] GC(339) Old regions: 9->9
[2025-06-03T15:45:03.505+0530][66.263s] GC(339) Archive regions: 2->2
[2025-06-03T15:45:03.505+0530][66.263s] GC(339) Humongous regions: 0->0
[2025-06-03T15:45:03.505+0530][66.263s] GC(339) Metaspace: 20418K(20928K)->20418K(20928K) NonClass: 17834K(18112K)->17834K(18112K) Class: 2584K(2816K)->2584K(2816K)
[2025-06-03T15:45:03.505+0530][66.263s] GC(339) Pause Young (Normal) (G1 Evacuation Pause) 315M->9M(512M) 1.242ms
[2025-06-03T15:45:03.505+0530][66.263s] GC(339) User=0.00s Sys=0.00s Real=0.00s
[2025-06-03T15:45:03.653+0530][66.411s] GC(340) Pause Young (Normal) (G1 Evacuation Pause)
[2025-06-03T15:45:03.653+0530][66.411s] GC(340) Using 8 workers of 8 for evacuation
[2025-06-03T15:45:03.654+0530][66.412s] GC(340) Skipped phase 1 of Reference Processing: no references
[2025-06-03T15:45:03.654+0530][66.412s] GC(340) Skipped phase 2 of Reference Processing: no references
[2025-06-03T15:45:03.654+0530][66.412s] GC(340) Skipped phase 3 of Reference Processing: no references
[2025-06-03T15:45:03.654+0530][66.412s] GC(340) Skipped phase 4 of Reference Processing: no references
[2025-06-03T15:45:03.654+0530][66.412s] GC(340)   Pre Evacuate Collection Set: 0.1ms
[2025-06-03T15:45:03.654+0530][66.412s] GC(340)   Merge Heap Roots: 0.1ms
[2025-06-03T15:45:03.654+0530][66.412s] GC(340)   Evacuate Collection Set: 0.3ms
[2025-06-03T15:45:03.654+0530][66.412s] GC(340)   Post Evacuate Collection Set: 0.5ms
[2025-06-03T15:45:03.654+0530][66.412s] GC(340)   Other: 0.2ms
[2025-06-03T15:45:03.654+0530][66.412s] GC(340) Eden regions: 306->0(306)
[2025-06-03T15:45:03.654+0530][66.412s] GC(340) Survivor regions: 1->1(39)
[2025-06-03T15:45:03.654+0530][66.412s] GC(340) Old regions: 9->9
[2025-06-03T15:45:03.654+0530][66.412s] GC(340) Archive regions: 2->2
[2025-06-03T15:45:03.654+0530][66.412s] GC(340) Humongous regions: 0->0
[2025-06-03T15:45:03.655+0530][66.413s] GC(340) Metaspace: 20418K(20928K)->20418K(20928K) NonClass: 17834K(18112K)->17834K(18112K) Class: 2584K(2816K)->2584K(2816K)
[2025-06-03T15:45:03.655+0530][66.413s] GC(340) Pause Young (Normal) (G1 Evacuation Pause) 315M->9M(512M) 1.374ms
[2025-06-03T15:45:03.655+0530][66.413s] GC(340) User=0.00s Sys=0.01s Real=0.00s
[2025-06-03T15:45:03.799+0530][66.557s] GC(341) Pause Young (Normal) (G1 Evacuation Pause)
[2025-06-03T15:45:03.799+0530][66.557s] GC(341) Using 8 workers of 8 for evacuation
[2025-06-03T15:45:03.799+0530][66.558s] GC(341) Skipped phase 1 of Reference Processing: no references
[2025-06-03T15:45:03.800+0530][66.558s] GC(341) Skipped phase 2 of Reference Processing: no references
[2025-06-03T15:45:03.800+0530][66.558s] GC(341) Skipped phase 3 of Reference Processing: no references
[2025-06-03T15:45:03.800+0530][66.558s] GC(341) Skipped phase 4 of Reference Processing: no references
[2025-06-03T15:45:03.800+0530][66.558s] GC(341)   Pre Evacuate Collection Set: 0.1ms
[2025-06-03T15:45:03.800+0530][66.558s] GC(341)   Merge Heap Roots: 0.1ms
[2025-06-03T15:45:03.800+0530][66.558s] GC(341)   Evacuate Collection Set: 0.2ms
[2025-06-03T15:45:03.800+0530][66.558s] GC(341)   Post Evacuate Collection Set: 0.5ms
[2025-06-03T15:45:03.800+0530][66.558s] GC(341)   Other: 0.2ms
[2025-06-03T15:45:03.800+0530][66.558s] GC(341) Eden regions: 306->0(306)
[2025-06-03T15:45:03.800+0530][66.558s] GC(341) Survivor regions: 1->1(39)
[2025-06-03T15:45:03.800+0530][66.558s] GC(341) Old regions: 9->9
[2025-06-03T15:45:03.800+0530][66.558s] GC(341) Archive regions: 2->2
[2025-06-03T15:45:03.800+0530][66.558s] GC(341) Humongous regions: 0->0
[2025-06-03T15:45:03.800+0530][66.558s] GC(341) Metaspace: 20418K(20928K)->20418K(20928K) NonClass: 17834K(18112K)->17834K(18112K) Class: 2584K(2816K)->2584K(2816K)
[2025-06-03T15:45:03.800+0530][66.558s] GC(341) Pause Young (Normal) (G1 Evacuation Pause) 315M->9M(512M) 1.214ms
[2025-06-03T15:45:03.800+0530][66.558s] GC(341) User=0.00s Sys=0.00s Real=0.01s
[2025-06-03T15:45:03.946+0530][66.704s] GC(342) Pause Young (Normal) (G1 Evacuation Pause)
[2025-06-03T15:45:03.946+0530][66.704s] GC(342) Using 8 workers of 8 for evacuation
[2025-06-03T15:45:03.946+0530][66.704s] GC(342) Skipped phase 1 of Reference Processing: no references
[2025-06-03T15:45:03.946+0530][66.704s] GC(342) Skipped phase 2 of Reference Processing: no references
[2025-06-03T15:45:03.946+0530][66.704s] GC(342) Skipped phase 3 of Reference Processing: no references
[2025-06-03T15:45:03.946+0530][66.704s] GC(342) Skipped phase 4 of Reference Processing: no references
[2025-06-03T15:45:03.947+0530][66.705s] GC(342)   Pre Evacuate Collection Set: 0.1ms
[2025-06-03T15:45:03.947+0530][66.705s] GC(342)   Merge Heap Roots: 0.1ms
[2025-06-03T15:45:03.947+0530][66.705s] GC(342)   Evacuate Collection Set: 0.2ms
[2025-06-03T15:45:03.947+0530][66.705s] GC(342)   Post Evacuate Collection Set: 0.4ms
[2025-06-03T15:45:03.947+0530][66.705s] GC(342)   Other: 0.2ms
[2025-06-03T15:45:03.947+0530][66.705s] GC(342) Eden regions: 306->0(306)
[2025-06-03T15:45:03.947+0530][66.705s] GC(342) Survivor regions: 1->1(39)
[2025-06-03T15:45:03.947+0530][66.705s] GC(342) Old regions: 9->9
[2025-06-03T15:45:03.947+0530][66.705s] GC(342) Archive regions: 2->2
[2025-06-03T15:45:03.947+0530][66.705s] GC(342) Humongous regions: 0->0
[2025-06-03T15:45:03.947+0530][66.705s] GC(342) Metaspace: 20425K(20928K)->20425K(20928K) NonClass: 17840K(18112K)->17840K(18112K) Class: 2584K(2816K)->2584K(2816K)
[2025-06-03T15:45:03.947+0530][66.705s] GC(342) Pause Young (Normal) (G1 Evacuation Pause) 315M->9M(512M) 1.196ms
[2025-06-03T15:45:03.947+0530][66.705s] GC(342) User=0.01s Sys=0.00s Real=0.00s
[2025-06-03T15:45:04.114+0530][66.872s] GC(343) Pause Young (Normal) (G1 Evacuation Pause)
[2025-06-03T15:45:04.114+0530][66.872s] GC(343) Using 8 workers of 8 for evacuation
[2025-06-03T15:45:04.115+0530][66.873s] GC(343) Skipped phase 1 of Reference Processing: no references
[2025-06-03T15:45:04.115+0530][66.873s] GC(343) Skipped phase 2 of Reference Processing: no references
[2025-06-03T15:45:04.115+0530][66.873s] GC(343) Skipped phase 3 of Reference Processing: no references
[2025-06-03T15:45:04.115+0530][66.873s] GC(343) Skipped phase 4 of Reference Processing: no references
[2025-06-03T15:45:04.115+0530][66.873s] GC(343)   Pre Evacuate Collection Set: 0.1ms
[2025-06-03T15:45:04.115+0530][66.873s] GC(343)   Merge Heap Roots: 0.1ms
[2025-06-03T15:45:04.115+0530][66.873s] GC(343)   Evacuate Collection Set: 0.2ms
[2025-06-03T15:45:04.115+0530][66.873s] GC(343)   Post Evacuate Collection Set: 0.5ms
[2025-06-03T15:45:04.115+0530][66.873s] GC(343)   Other: 0.2ms
[2025-06-03T15:45:04.115+0530][66.873s] GC(343) Eden regions: 306->0(306)
[2025-06-03T15:45:04.115+0530][66.873s] GC(343) Survivor regions: 1->1(39)
[2025-06-03T15:45:04.115+0530][66.873s] GC(343) Old regions: 9->9
[2025-06-03T15:45:04.115+0530][66.873s] GC(343) Archive regions: 2->2
[2025-06-03T15:45:04.115+0530][66.873s] GC(343) Humongous regions: 0->0
[2025-06-03T15:45:04.115+0530][66.873s] GC(343) Metaspace: 20425K(20928K)->20425K(20928K) NonClass: 17840K(18112K)->17840K(18112K) Class: 2584K(2816K)->2584K(2816K)
[2025-06-03T15:45:04.115+0530][66.873s] GC(343) Pause Young (Normal) (G1 Evacuation Pause) 315M->9M(512M) 1.212ms
[2025-06-03T15:45:04.115+0530][66.873s] GC(343) User=0.00s Sys=0.00s Real=0.00s
[2025-06-03T15:45:04.259+0530][67.017s] GC(344) Pause Young (Normal) (G1 Evacuation Pause)
[2025-06-03T15:45:04.259+0530][67.017s] GC(344) Using 8 workers of 8 for evacuation
[2025-06-03T15:45:04.259+0530][67.017s] GC(344) Skipped phase 1 of Reference Processing: no references
[2025-06-03T15:45:04.259+0530][67.017s] GC(344) Skipped phase 2 of Reference Processing: no references
[2025-06-03T15:45:04.259+0530][67.017s] GC(344) Skipped phase 3 of Reference Processing: no references
[2025-06-03T15:45:04.259+0530][67.017s] GC(344) Skipped phase 4 of Reference Processing: no references
[2025-06-03T15:45:04.260+0530][67.018s] GC(344)   Pre Evacuate Collection Set: 0.1ms
[2025-06-03T15:45:04.260+0530][67.018s] GC(344)   Merge Heap Roots: 0.1ms
[2025-06-03T15:45:04.260+0530][67.018s] GC(344)   Evacuate Collection Set: 0.2ms
[2025-06-03T15:45:04.260+0530][67.018s] GC(344)   Post Evacuate Collection Set: 0.4ms
[2025-06-03T15:45:04.260+0530][67.018s] GC(344)   Other: 0.2ms
[2025-06-03T15:45:04.260+0530][67.018s] GC(344) Eden regions: 306->0(306)
[2025-06-03T15:45:04.260+0530][67.018s] GC(344) Survivor regions: 1->1(39)
[2025-06-03T15:45:04.260+0530][67.018s] GC(344) Old regions: 9->9
[2025-06-03T15:45:04.260+0530][67.018s] GC(344) Archive regions: 2->2
[2025-06-03T15:45:04.260+0530][67.018s] GC(344) Humongous regions: 0->0
[2025-06-03T15:45:04.260+0530][67.018s] GC(344) Metaspace: 20425K(20928K)->20425K(20928K) NonClass: 17840K(18112K)->17840K(18112K) Class: 2584K(2816K)->2584K(2816K)
[2025-06-03T15:45:04.260+0530][67.018s] GC(344) Pause Young (Normal) (G1 Evacuation Pause) 315M->9M(512M) 1.104ms
[2025-06-03T15:45:04.260+0530][67.018s] GC(344) User=0.01s Sys=0.00s Real=0.01s
[2025-06-03T15:45:04.404+0530][67.162s] GC(345) Pause Young (Normal) (G1 Evacuation Pause)
[2025-06-03T15:45:04.404+0530][67.162s] GC(345) Using 8 workers of 8 for evacuation
[2025-06-03T15:45:04.405+0530][67.163s] GC(345) Skipped phase 1 of Reference Processing: no references
[2025-06-03T15:45:04.405+0530][67.163s] GC(345) Skipped phase 2 of Reference Processing: no references
[2025-06-03T15:45:04.405+0530][67.163s] GC(345) Skipped phase 3 of Reference Processing: no references
[2025-06-03T15:45:04.405+0530][67.163s] GC(345) Skipped phase 4 of Reference Processing: no references
[2025-06-03T15:45:04.405+0530][67.163s] GC(345)   Pre Evacuate Collection Set: 0.1ms
[2025-06-03T15:45:04.405+0530][67.163s] GC(345)   Merge Heap Roots: 0.1ms
[2025-06-03T15:45:04.405+0530][67.163s] GC(345)   Evacuate Collection Set: 0.2ms
[2025-06-03T15:45:04.405+0530][67.163s] GC(345)   Post Evacuate Collection Set: 0.4ms
[2025-06-03T15:45:04.405+0530][67.163s] GC(345)   Other: 0.3ms
[2025-06-03T15:45:04.405+0530][67.163s] GC(345) Eden regions: 306->0(306)
[2025-06-03T15:45:04.405+0530][67.163s] GC(345) Survivor regions: 1->1(39)
[2025-06-03T15:45:04.406+0530][67.164s] GC(345) Old regions: 9->9
[2025-06-03T15:45:04.406+0530][67.164s] GC(345) Archive regions: 2->2
[2025-06-03T15:45:04.406+0530][67.164s] GC(345) Humongous regions: 0->0
[2025-06-03T15:45:04.406+0530][67.164s] GC(345) Metaspace: 20425K(20928K)->20425K(20928K) NonClass: 17840K(18112K)->17840K(18112K) Class: 2584K(2816K)->2584K(2816K)
[2025-06-03T15:45:04.406+0530][67.164s] GC(345) Pause Young (Normal) (G1 Evacuation Pause) 315M->9M(512M) 1.590ms
[2025-06-03T15:45:04.406+0530][67.164s] GC(345) User=0.00s Sys=0.01s Real=0.00s
[2025-06-03T15:45:04.568+0530][67.326s] GC(346) Pause Young (Normal) (G1 Evacuation Pause)
[2025-06-03T15:45:04.568+0530][67.326s] GC(346) Using 8 workers of 8 for evacuation
[2025-06-03T15:45:04.569+0530][67.327s] GC(346) Skipped phase 1 of Reference Processing: no references
[2025-06-03T15:45:04.569+0530][67.327s] GC(346) Skipped phase 2 of Reference Processing: no references
[2025-06-03T15:45:04.569+0530][67.327s] GC(346) Skipped phase 3 of Reference Processing: no references
[2025-06-03T15:45:04.569+0530][67.327s] GC(346) Skipped phase 4 of Reference Processing: no references
[2025-06-03T15:45:04.569+0530][67.327s] GC(346)   Pre Evacuate Collection Set: 0.1ms
[2025-06-03T15:45:04.569+0530][67.327s] GC(346)   Merge Heap Roots: 0.1ms
[2025-06-03T15:45:04.569+0530][67.327s] GC(346)   Evacuate Collection Set: 0.3ms
[2025-06-03T15:45:04.569+0530][67.327s] GC(346)   Post Evacuate Collection Set: 0.7ms
[2025-06-03T15:45:04.569+0530][67.327s] GC(346)   Other: 0.2ms
[2025-06-03T15:45:04.569+0530][67.327s] GC(346) Eden regions: 306->0(306)
[2025-06-03T15:45:04.569+0530][67.327s] GC(346) Survivor regions: 1->1(39)
[2025-06-03T15:45:04.569+0530][67.328s] GC(346) Old regions: 9->9
[2025-06-03T15:45:04.570+0530][67.328s] GC(346) Archive regions: 2->2
[2025-06-03T15:45:04.570+0530][67.328s] GC(346) Humongous regions: 0->0
[2025-06-03T15:45:04.570+0530][67.328s] GC(346) Metaspace: 20425K(20928K)->20425K(20928K) NonClass: 17840K(18112K)->17840K(18112K) Class: 2584K(2816K)->2584K(2816K)
[2025-06-03T15:45:04.570+0530][67.328s] GC(346) Pause Young (Normal) (G1 Evacuation Pause) 315M->9M(512M) 1.826ms
[2025-06-03T15:45:04.570+0530][67.328s] GC(346) User=0.00s Sys=0.00s Real=0.01s
[2025-06-03T15:45:04.728+0530][67.486s] GC(347) Pause Young (Normal) (G1 Evacuation Pause)
[2025-06-03T15:45:04.728+0530][67.486s] GC(347) Using 8 workers of 8 for evacuation
[2025-06-03T15:45:04.728+0530][67.486s] GC(347) Skipped phase 1 of Reference Processing: no references
[2025-06-03T15:45:04.728+0530][67.486s] GC(347) Skipped phase 2 of Reference Processing: no references
[2025-06-03T15:45:04.728+0530][67.486s] GC(347) Skipped phase 3 of Reference Processing: no references
[2025-06-03T15:45:04.728+0530][67.486s] GC(347) Skipped phase 4 of Reference Processing: no references
[2025-06-03T15:45:04.729+0530][67.487s] GC(347)   Pre Evacuate Collection Set: 0.1ms
[2025-06-03T15:45:04.729+0530][67.487s] GC(347)   Merge Heap Roots: 0.1ms
[2025-06-03T15:45:04.729+0530][67.487s] GC(347)   Evacuate Collection Set: 0.2ms
[2025-06-03T15:45:04.729+0530][67.487s] GC(347)   Post Evacuate Collection Set: 0.4ms
[2025-06-03T15:45:04.729+0530][67.487s] GC(347)   Other: 0.2ms
[2025-06-03T15:45:04.729+0530][67.487s] GC(347) Eden regions: 306->0(306)
[2025-06-03T15:45:04.729+0530][67.487s] GC(347) Survivor regions: 1->1(39)
[2025-06-03T15:45:04.729+0530][67.487s] GC(347) Old regions: 9->9
[2025-06-03T15:45:04.729+0530][67.487s] GC(347) Archive regions: 2->2
[2025-06-03T15:45:04.729+0530][67.487s] GC(347) Humongous regions: 0->0
[2025-06-03T15:45:04.729+0530][67.487s] GC(347) Metaspace: 20425K(20928K)->20425K(20928K) NonClass: 17840K(18112K)->17840K(18112K) Class: 2584K(2816K)->2584K(2816K)
[2025-06-03T15:45:04.729+0530][67.487s] GC(347) Pause Young (Normal) (G1 Evacuation Pause) 315M->9M(512M) 1.139ms
[2025-06-03T15:45:04.729+0530][67.487s] GC(347) User=0.01s Sys=0.00s Real=0.00s
[2025-06-03T15:45:04.871+0530][67.629s] GC(348) Pause Young (Normal) (G1 Evacuation Pause)
[2025-06-03T15:45:04.871+0530][67.629s] GC(348) Using 8 workers of 8 for evacuation
[2025-06-03T15:45:04.871+0530][67.629s] GC(348) Skipped phase 1 of Reference Processing: no references
[2025-06-03T15:45:04.871+0530][67.629s] GC(348) Skipped phase 2 of Reference Processing: no references
[2025-06-03T15:45:04.871+0530][67.629s] GC(348) Skipped phase 3 of Reference Processing: no references
[2025-06-03T15:45:04.871+0530][67.629s] GC(348) Skipped phase 4 of Reference Processing: no references
[2025-06-03T15:45:04.872+0530][67.630s] GC(348)   Pre Evacuate Collection Set: 0.1ms
[2025-06-03T15:45:04.872+0530][67.630s] GC(348)   Merge Heap Roots: 0.1ms
[2025-06-03T15:45:04.872+0530][67.630s] GC(348)   Evacuate Collection Set: 0.2ms
[2025-06-03T15:45:04.872+0530][67.630s] GC(348)   Post Evacuate Collection Set: 0.5ms
[2025-06-03T15:45:04.872+0530][67.630s] GC(348)   Other: 0.2ms
[2025-06-03T15:45:04.872+0530][67.630s] GC(348) Eden regions: 306->0(306)
[2025-06-03T15:45:04.872+0530][67.630s] GC(348) Survivor regions: 1->1(39)
[2025-06-03T15:45:04.872+0530][67.630s] GC(348) Old regions: 9->9
[2025-06-03T15:45:04.872+0530][67.630s] GC(348) Archive regions: 2->2
[2025-06-03T15:45:04.872+0530][67.630s] GC(348) Humongous regions: 0->0
[2025-06-03T15:45:04.872+0530][67.630s] GC(348) Metaspace: 20425K(20928K)->20425K(20928K) NonClass: 17840K(18112K)->17840K(18112K) Class: 2584K(2816K)->2584K(2816K)
[2025-06-03T15:45:04.872+0530][67.630s] GC(348) Pause Young (Normal) (G1 Evacuation Pause) 315M->9M(512M) 1.324ms
[2025-06-03T15:45:04.872+0530][67.630s] GC(348) User=0.00s Sys=0.01s Real=0.00s
[2025-06-03T15:45:05.017+0530][67.775s] GC(349) Pause Young (Normal) (G1 Evacuation Pause)
[2025-06-03T15:45:05.017+0530][67.775s] GC(349) Using 8 workers of 8 for evacuation
[2025-06-03T15:45:05.017+0530][67.775s] GC(349) Skipped phase 1 of Reference Processing: no references
[2025-06-03T15:45:05.017+0530][67.775s] GC(349) Skipped phase 2 of Reference Processing: no references
[2025-06-03T15:45:05.017+0530][67.775s] GC(349) Skipped phase 3 of Reference Processing: no references
[2025-06-03T15:45:05.017+0530][67.775s] GC(349) Skipped phase 4 of Reference Processing: no references
[2025-06-03T15:45:05.018+0530][67.776s] GC(349)   Pre Evacuate Collection Set: 0.1ms
[2025-06-03T15:45:05.018+0530][67.776s] GC(349)   Merge Heap Roots: 0.1ms
[2025-06-03T15:45:05.018+0530][67.776s] GC(349)   Evacuate Collection Set: 0.2ms
[2025-06-03T15:45:05.018+0530][67.776s] GC(349)   Post Evacuate Collection Set: 0.5ms
[2025-06-03T15:45:05.018+0530][67.776s] GC(349)   Other: 0.2ms
[2025-06-03T15:45:05.018+0530][67.776s] GC(349) Eden regions: 306->0(306)
[2025-06-03T15:45:05.018+0530][67.776s] GC(349) Survivor regions: 1->1(39)
[2025-06-03T15:45:05.018+0530][67.776s] GC(349) Old regions: 9->9
[2025-06-03T15:45:05.018+0530][67.776s] GC(349) Archive regions: 2->2
[2025-06-03T15:45:05.018+0530][67.776s] GC(349) Humongous regions: 0->0
[2025-06-03T15:45:05.018+0530][67.776s] GC(349) Metaspace: 20427K(20928K)->20427K(20928K) NonClass: 17843K(18112K)->17843K(18112K) Class: 2584K(2816K)->2584K(2816K)
[2025-06-03T15:45:05.018+0530][67.776s] GC(349) Pause Young (Normal) (G1 Evacuation Pause) 315M->9M(512M) 1.284ms
[2025-06-03T15:45:05.018+0530][67.776s] GC(349) User=0.01s Sys=0.00s Real=0.00s
[2025-06-03T15:45:05.196+0530][67.954s] GC(350) Pause Young (Normal) (G1 Evacuation Pause)
[2025-06-03T15:45:05.196+0530][67.954s] GC(350) Using 8 workers of 8 for evacuation
[2025-06-03T15:45:05.197+0530][67.955s] GC(350) Skipped phase 1 of Reference Processing: no references
[2025-06-03T15:45:05.197+0530][67.955s] GC(350) Skipped phase 2 of Reference Processing: no references
[2025-06-03T15:45:05.197+0530][67.955s] GC(350) Skipped phase 3 of Reference Processing: no references
[2025-06-03T15:45:05.197+0530][67.955s] GC(350) Skipped phase 4 of Reference Processing: no references
[2025-06-03T15:45:05.197+0530][67.955s] GC(350)   Pre Evacuate Collection Set: 0.1ms
[2025-06-03T15:45:05.197+0530][67.955s] GC(350)   Merge Heap Roots: 0.1ms
[2025-06-03T15:45:05.197+0530][67.955s] GC(350)   Evacuate Collection Set: 0.2ms
[2025-06-03T15:45:05.197+0530][67.955s] GC(350)   Post Evacuate Collection Set: 0.5ms
[2025-06-03T15:45:05.197+0530][67.955s] GC(350)   Other: 0.1ms
[2025-06-03T15:45:05.197+0530][67.955s] GC(350) Eden regions: 306->0(306)
[2025-06-03T15:45:05.197+0530][67.955s] GC(350) Survivor regions: 1->1(39)
[2025-06-03T15:45:05.197+0530][67.955s] GC(350) Old regions: 9->9
[2025-06-03T15:45:05.197+0530][67.955s] GC(350) Archive regions: 2->2
[2025-06-03T15:45:05.197+0530][67.955s] GC(350) Humongous regions: 0->0
[2025-06-03T15:45:05.197+0530][67.955s] GC(350) Metaspace: 20427K(20928K)->20427K(20928K) NonClass: 17843K(18112K)->17843K(18112K) Class: 2584K(2816K)->2584K(2816K)
[2025-06-03T15:45:05.197+0530][67.955s] GC(350) Pause Young (Normal) (G1 Evacuation Pause) 315M->9M(512M) 1.249ms
[2025-06-03T15:45:05.197+0530][67.955s] GC(350) User=0.00s Sys=0.00s Real=0.00s
[2025-06-03T15:45:05.340+0530][68.098s] GC(351) Pause Young (Normal) (G1 Evacuation Pause)
[2025-06-03T15:45:05.340+0530][68.098s] GC(351) Using 8 workers of 8 for evacuation
[2025-06-03T15:45:05.340+0530][68.098s] GC(351) Skipped phase 1 of Reference Processing: no references
[2025-06-03T15:45:05.340+0530][68.098s] GC(351) Skipped phase 2 of Reference Processing: no references
[2025-06-03T15:45:05.340+0530][68.098s] GC(351) Skipped phase 3 of Reference Processing: no references
[2025-06-03T15:45:05.340+0530][68.098s] GC(351) Skipped phase 4 of Reference Processing: no references
[2025-06-03T15:45:05.341+0530][68.099s] GC(351)   Pre Evacuate Collection Set: 0.1ms
[2025-06-03T15:45:05.341+0530][68.099s] GC(351)   Merge Heap Roots: 0.1ms
[2025-06-03T15:45:05.341+0530][68.099s] GC(351)   Evacuate Collection Set: 0.2ms
[2025-06-03T15:45:05.341+0530][68.099s] GC(351)   Post Evacuate Collection Set: 0.4ms
[2025-06-03T15:45:05.341+0530][68.099s] GC(351)   Other: 0.2ms
[2025-06-03T15:45:05.341+0530][68.099s] GC(351) Eden regions: 306->0(306)
[2025-06-03T15:45:05.341+0530][68.099s] GC(351) Survivor regions: 1->1(39)
[2025-06-03T15:45:05.341+0530][68.099s] GC(351) Old regions: 9->9
[2025-06-03T15:45:05.341+0530][68.099s] GC(351) Archive regions: 2->2
[2025-06-03T15:45:05.341+0530][68.099s] GC(351) Humongous regions: 0->0
[2025-06-03T15:45:05.341+0530][68.099s] GC(351) Metaspace: 20427K(20928K)->20427K(20928K) NonClass: 17843K(18112K)->17843K(18112K) Class: 2584K(2816K)->2584K(2816K)
[2025-06-03T15:45:05.341+0530][68.099s] GC(351) Pause Young (Normal) (G1 Evacuation Pause) 315M->9M(512M) 1.101ms
[2025-06-03T15:45:05.341+0530][68.099s] GC(351) User=0.01s Sys=0.00s Real=0.00s
[2025-06-03T15:45:05.480+0530][68.239s] GC(352) Pause Young (Normal) (G1 Evacuation Pause)
[2025-06-03T15:45:05.481+0530][68.239s] GC(352) Using 8 workers of 8 for evacuation
[2025-06-03T15:45:05.481+0530][68.239s] GC(352) Skipped phase 1 of Reference Processing: no references
[2025-06-03T15:45:05.481+0530][68.239s] GC(352) Skipped phase 2 of Reference Processing: no references
[2025-06-03T15:45:05.481+0530][68.239s] GC(352) Skipped phase 3 of Reference Processing: no references
[2025-06-03T15:45:05.481+0530][68.239s] GC(352) Skipped phase 4 of Reference Processing: no references
[2025-06-03T15:45:05.481+0530][68.239s] GC(352)   Pre Evacuate Collection Set: 0.1ms
[2025-06-03T15:45:05.481+0530][68.240s] GC(352)   Merge Heap Roots: 0.1ms
[2025-06-03T15:45:05.481+0530][68.240s] GC(352)   Evacuate Collection Set: 0.2ms
[2025-06-03T15:45:05.482+0530][68.240s] GC(352)   Post Evacuate Collection Set: 0.4ms
[2025-06-03T15:45:05.482+0530][68.240s] GC(352)   Other: 0.2ms
[2025-06-03T15:45:05.482+0530][68.240s] GC(352) Eden regions: 306->0(306)
[2025-06-03T15:45:05.482+0530][68.240s] GC(352) Survivor regions: 1->1(39)
[2025-06-03T15:45:05.482+0530][68.240s] GC(352) Old regions: 9->9
[2025-06-03T15:45:05.482+0530][68.240s] GC(352) Archive regions: 2->2
[2025-06-03T15:45:05.482+0530][68.240s] GC(352) Humongous regions: 0->0
[2025-06-03T15:45:05.482+0530][68.240s] GC(352) Metaspace: 20427K(20928K)->20427K(20928K) NonClass: 17843K(18112K)->17843K(18112K) Class: 2584K(2816K)->2584K(2816K)
[2025-06-03T15:45:05.482+0530][68.240s] GC(352) Pause Young (Normal) (G1 Evacuation Pause) 315M->9M(512M) 1.227ms
[2025-06-03T15:45:05.482+0530][68.240s] GC(352) User=0.00s Sys=0.00s Real=0.00s
[2025-06-03T15:45:05.623+0530][68.381s] GC(353) Pause Young (Normal) (G1 Evacuation Pause)
[2025-06-03T15:45:05.623+0530][68.381s] GC(353) Using 8 workers of 8 for evacuation
[2025-06-03T15:45:05.624+0530][68.382s] GC(353) Skipped phase 1 of Reference Processing: no references
[2025-06-03T15:45:05.624+0530][68.382s] GC(353) Skipped phase 2 of Reference Processing: no references
[2025-06-03T15:45:05.624+0530][68.382s] GC(353) Skipped phase 3 of Reference Processing: no references
[2025-06-03T15:45:05.624+0530][68.382s] GC(353) Skipped phase 4 of Reference Processing: no references
[2025-06-03T15:45:05.624+0530][68.382s] GC(353)   Pre Evacuate Collection Set: 0.1ms
[2025-06-03T15:45:05.624+0530][68.382s] GC(353)   Merge Heap Roots: 0.1ms
[2025-06-03T15:45:05.624+0530][68.382s] GC(353)   Evacuate Collection Set: 0.2ms
[2025-06-03T15:45:05.624+0530][68.382s] GC(353)   Post Evacuate Collection Set: 0.4ms
[2025-06-03T15:45:05.624+0530][68.382s] GC(353)   Other: 0.2ms
[2025-06-03T15:45:05.624+0530][68.382s] GC(353) Eden regions: 306->0(306)
[2025-06-03T15:45:05.624+0530][68.382s] GC(353) Survivor regions: 1->1(39)
[2025-06-03T15:45:05.624+0530][68.382s] GC(353) Old regions: 9->9
[2025-06-03T15:45:05.624+0530][68.382s] GC(353) Archive regions: 2->2
[2025-06-03T15:45:05.624+0530][68.382s] GC(353) Humongous regions: 0->0
[2025-06-03T15:45:05.624+0530][68.382s] GC(353) Metaspace: 20427K(20928K)->20427K(20928K) NonClass: 17843K(18112K)->17843K(18112K) Class: 2584K(2816K)->2584K(2816K)
[2025-06-03T15:45:05.624+0530][68.382s] GC(353) Pause Young (Normal) (G1 Evacuation Pause) 315M->9M(512M) 1.207ms
[2025-06-03T15:45:05.624+0530][68.382s] GC(353) User=0.00s Sys=0.00s Real=0.00s
[2025-06-03T15:45:05.766+0530][68.524s] GC(354) Pause Young (Normal) (G1 Evacuation Pause)
[2025-06-03T15:45:05.766+0530][68.524s] GC(354) Using 8 workers of 8 for evacuation
[2025-06-03T15:45:05.767+0530][68.525s] GC(354) Skipped phase 1 of Reference Processing: no references
[2025-06-03T15:45:05.767+0530][68.525s] GC(354) Skipped phase 2 of Reference Processing: no references
[2025-06-03T15:45:05.767+0530][68.525s] GC(354) Skipped phase 3 of Reference Processing: no references
[2025-06-03T15:45:05.767+0530][68.525s] GC(354) Skipped phase 4 of Reference Processing: no references
[2025-06-03T15:45:05.767+0530][68.525s] GC(354)   Pre Evacuate Collection Set: 0.1ms
[2025-06-03T15:45:05.767+0530][68.525s] GC(354)   Merge Heap Roots: 0.1ms
[2025-06-03T15:45:05.767+0530][68.525s] GC(354)   Evacuate Collection Set: 0.2ms
[2025-06-03T15:45:05.767+0530][68.525s] GC(354)   Post Evacuate Collection Set: 0.5ms
[2025-06-03T15:45:05.767+0530][68.525s] GC(354)   Other: 0.2ms
[2025-06-03T15:45:05.767+0530][68.525s] GC(354) Eden regions: 306->0(306)
[2025-06-03T15:45:05.767+0530][68.525s] GC(354) Survivor regions: 1->1(39)
[2025-06-03T15:45:05.767+0530][68.525s] GC(354) Old regions: 9->9
[2025-06-03T15:45:05.767+0530][68.525s] GC(354) Archive regions: 2->2
[2025-06-03T15:45:05.767+0530][68.525s] GC(354) Humongous regions: 0->0
[2025-06-03T15:45:05.767+0530][68.525s] GC(354) Metaspace: 20427K(20928K)->20427K(20928K) NonClass: 17843K(18112K)->17843K(18112K) Class: 2584K(2816K)->2584K(2816K)
[2025-06-03T15:45:05.767+0530][68.525s] GC(354) Pause Young (Normal) (G1 Evacuation Pause) 315M->9M(512M) 1.195ms
[2025-06-03T15:45:05.767+0530][68.525s] GC(354) User=0.00s Sys=0.00s Real=0.00s
[2025-06-03T15:45:05.910+0530][68.668s] GC(355) Pause Young (Normal) (G1 Evacuation Pause)
[2025-06-03T15:45:05.910+0530][68.668s] GC(355) Using 8 workers of 8 for evacuation
[2025-06-03T15:45:05.911+0530][68.669s] GC(355) Skipped phase 1 of Reference Processing: no references
[2025-06-03T15:45:05.911+0530][68.669s] GC(355) Skipped phase 2 of Reference Processing: no references
[2025-06-03T15:45:05.911+0530][68.669s] GC(355) Skipped phase 3 of Reference Processing: no references
[2025-06-03T15:45:05.911+0530][68.669s] GC(355) Skipped phase 4 of Reference Processing: no references
[2025-06-03T15:45:05.911+0530][68.669s] GC(355)   Pre Evacuate Collection Set: 0.1ms
[2025-06-03T15:45:05.911+0530][68.669s] GC(355)   Merge Heap Roots: 0.1ms
[2025-06-03T15:45:05.911+0530][68.670s] GC(355)   Evacuate Collection Set: 0.3ms
[2025-06-03T15:45:05.911+0530][68.670s] GC(355)   Post Evacuate Collection Set: 0.6ms
[2025-06-03T15:45:05.911+0530][68.670s] GC(355)   Other: 0.2ms
[2025-06-03T15:45:05.911+0530][68.670s] GC(355) Eden regions: 306->0(306)
[2025-06-03T15:45:05.912+0530][68.670s] GC(355) Survivor regions: 1->1(39)
[2025-06-03T15:45:05.912+0530][68.670s] GC(355) Old regions: 9->9
[2025-06-03T15:45:05.912+0530][68.670s] GC(355) Archive regions: 2->2
[2025-06-03T15:45:05.912+0530][68.670s] GC(355) Humongous regions: 0->0
[2025-06-03T15:45:05.912+0530][68.670s] GC(355) Metaspace: 20427K(20928K)->20427K(20928K) NonClass: 17843K(18112K)->17843K(18112K) Class: 2584K(2816K)->2584K(2816K)
[2025-06-03T15:45:05.912+0530][68.670s] GC(355) Pause Young (Normal) (G1 Evacuation Pause) 315M->9M(512M) 1.516ms
[2025-06-03T15:45:05.912+0530][68.670s] GC(355) User=0.00s Sys=0.00s Real=0.00s
[2025-06-03T15:45:06.052+0530][68.810s] GC(356) Pause Young (Normal) (G1 Evacuation Pause)
[2025-06-03T15:45:06.052+0530][68.810s] GC(356) Using 8 workers of 8 for evacuation
[2025-06-03T15:45:06.053+0530][68.811s] GC(356) Skipped phase 1 of Reference Processing: no references
[2025-06-03T15:45:06.053+0530][68.811s] GC(356) Skipped phase 2 of Reference Processing: no references
[2025-06-03T15:45:06.053+0530][68.811s] GC(356) Skipped phase 3 of Reference Processing: no references
[2025-06-03T15:45:06.053+0530][68.811s] GC(356) Skipped phase 4 of Reference Processing: no references
[2025-06-03T15:45:06.053+0530][68.811s] GC(356)   Pre Evacuate Collection Set: 0.1ms
[2025-06-03T15:45:06.053+0530][68.811s] GC(356)   Merge Heap Roots: 0.1ms
[2025-06-03T15:45:06.053+0530][68.811s] GC(356)   Evacuate Collection Set: 0.2ms
[2025-06-03T15:45:06.053+0530][68.811s] GC(356)   Post Evacuate Collection Set: 0.4ms
[2025-06-03T15:45:06.053+0530][68.811s] GC(356)   Other: 0.2ms
[2025-06-03T15:45:06.053+0530][68.812s] GC(356) Eden regions: 306->0(306)
[2025-06-03T15:45:06.053+0530][68.812s] GC(356) Survivor regions: 1->1(39)
[2025-06-03T15:45:06.053+0530][68.812s] GC(356) Old regions: 9->9
[2025-06-03T15:45:06.053+0530][68.812s] GC(356) Archive regions: 2->2
[2025-06-03T15:45:06.054+0530][68.812s] GC(356) Humongous regions: 0->0
[2025-06-03T15:45:06.054+0530][68.812s] GC(356) Metaspace: 20427K(20928K)->20427K(20928K) NonClass: 17843K(18112K)->17843K(18112K) Class: 2584K(2816K)->2584K(2816K)
[2025-06-03T15:45:06.054+0530][68.812s] GC(356) Pause Young (Normal) (G1 Evacuation Pause) 315M->9M(512M) 1.281ms
[2025-06-03T15:45:06.054+0530][68.812s] GC(356) User=0.00s Sys=0.00s Real=0.00s
[2025-06-03T15:45:06.202+0530][68.960s] GC(357) Pause Young (Normal) (G1 Evacuation Pause)
[2025-06-03T15:45:06.202+0530][68.960s] GC(357) Using 8 workers of 8 for evacuation
[2025-06-03T15:45:06.202+0530][68.960s] GC(357) Skipped phase 1 of Reference Processing: no references
[2025-06-03T15:45:06.202+0530][68.960s] GC(357) Skipped phase 2 of Reference Processing: no references
[2025-06-03T15:45:06.202+0530][68.960s] GC(357) Skipped phase 3 of Reference Processing: no references
[2025-06-03T15:45:06.202+0530][68.960s] GC(357) Skipped phase 4 of Reference Processing: no references
[2025-06-03T15:45:06.203+0530][68.961s] GC(357)   Pre Evacuate Collection Set: 0.1ms
[2025-06-03T15:45:06.203+0530][68.961s] GC(357)   Merge Heap Roots: 0.1ms
[2025-06-03T15:45:06.203+0530][68.961s] GC(357)   Evacuate Collection Set: 0.2ms
[2025-06-03T15:45:06.203+0530][68.961s] GC(357)   Post Evacuate Collection Set: 0.4ms
[2025-06-03T15:45:06.203+0530][68.961s] GC(357)   Other: 0.2ms
[2025-06-03T15:45:06.203+0530][68.961s] GC(357) Eden regions: 306->0(306)
[2025-06-03T15:45:06.203+0530][68.961s] GC(357) Survivor regions: 1->1(39)
[2025-06-03T15:45:06.203+0530][68.961s] GC(357) Old regions: 9->9
[2025-06-03T15:45:06.203+0530][68.961s] GC(357) Archive regions: 2->2
[2025-06-03T15:45:06.203+0530][68.961s] GC(357) Humongous regions: 0->0
[2025-06-03T15:45:06.203+0530][68.961s] GC(357) Metaspace: 20427K(20928K)->20427K(20928K) NonClass: 17843K(18112K)->17843K(18112K) Class: 2584K(2816K)->2584K(2816K)
[2025-06-03T15:45:06.203+0530][68.961s] GC(357) Pause Young (Normal) (G1 Evacuation Pause) 315M->9M(512M) 1.204ms
[2025-06-03T15:45:06.203+0530][68.961s] GC(357) User=0.00s Sys=0.01s Real=0.00s
[2025-06-03T15:45:06.345+0530][69.103s] GC(358) Pause Young (Normal) (G1 Evacuation Pause)
[2025-06-03T15:45:06.345+0530][69.104s] GC(358) Using 8 workers of 8 for evacuation
[2025-06-03T15:45:06.346+0530][69.104s] GC(358) Skipped phase 1 of Reference Processing: no references
[2025-06-03T15:45:06.346+0530][69.104s] GC(358) Skipped phase 2 of Reference Processing: no references
[2025-06-03T15:45:06.346+0530][69.104s] GC(358) Skipped phase 3 of Reference Processing: no references
[2025-06-03T15:45:06.346+0530][69.104s] GC(358) Skipped phase 4 of Reference Processing: no references
[2025-06-03T15:45:06.346+0530][69.104s] GC(358)   Pre Evacuate Collection Set: 0.1ms
[2025-06-03T15:45:06.346+0530][69.104s] GC(358)   Merge Heap Roots: 0.1ms
[2025-06-03T15:45:06.346+0530][69.104s] GC(358)   Evacuate Collection Set: 0.2ms
[2025-06-03T15:45:06.346+0530][69.104s] GC(358)   Post Evacuate Collection Set: 0.5ms
[2025-06-03T15:45:06.346+0530][69.105s] GC(358)   Other: 0.2ms
[2025-06-03T15:45:06.346+0530][69.105s] GC(358) Eden regions: 306->0(306)
[2025-06-03T15:45:06.346+0530][69.105s] GC(358) Survivor regions: 1->1(39)
[2025-06-03T15:45:06.346+0530][69.105s] GC(358) Old regions: 9->9
[2025-06-03T15:45:06.346+0530][69.105s] GC(358) Archive regions: 2->2
[2025-06-03T15:45:06.347+0530][69.105s] GC(358) Humongous regions: 0->0
[2025-06-03T15:45:06.347+0530][69.105s] GC(358) Metaspace: 20427K(20928K)->20427K(20928K) NonClass: 17843K(18112K)->17843K(18112K) Class: 2584K(2816K)->2584K(2816K)
[2025-06-03T15:45:06.347+0530][69.105s] GC(358) Pause Young (Normal) (G1 Evacuation Pause) 315M->9M(512M) 1.190ms
[2025-06-03T15:45:06.347+0530][69.105s] GC(358) User=0.00s Sys=0.01s Real=0.00s
[2025-06-03T15:45:06.488+0530][69.246s] GC(359) Pause Young (Normal) (G1 Evacuation Pause)
[2025-06-03T15:45:06.488+0530][69.246s] GC(359) Using 8 workers of 8 for evacuation
[2025-06-03T15:45:06.489+0530][69.247s] GC(359) Skipped phase 1 of Reference Processing: no references
[2025-06-03T15:45:06.489+0530][69.247s] GC(359) Skipped phase 2 of Reference Processing: no references
[2025-06-03T15:45:06.489+0530][69.247s] GC(359) Skipped phase 3 of Reference Processing: no references
[2025-06-03T15:45:06.489+0530][69.247s] GC(359) Skipped phase 4 of Reference Processing: no references
[2025-06-03T15:45:06.489+0530][69.247s] GC(359)   Pre Evacuate Collection Set: 0.1ms
[2025-06-03T15:45:06.489+0530][69.247s] GC(359)   Merge Heap Roots: 0.1ms
[2025-06-03T15:45:06.489+0530][69.247s] GC(359)   Evacuate Collection Set: 0.3ms
[2025-06-03T15:45:06.489+0530][69.248s] GC(359)   Post Evacuate Collection Set: 0.5ms
[2025-06-03T15:45:06.489+0530][69.248s] GC(359)   Other: 0.2ms
[2025-06-03T15:45:06.489+0530][69.248s] GC(359) Eden regions: 306->0(306)
[2025-06-03T15:45:06.489+0530][69.248s] GC(359) Survivor regions: 1->1(39)
[2025-06-03T15:45:06.489+0530][69.248s] GC(359) Old regions: 9->9
[2025-06-03T15:45:06.490+0530][69.248s] GC(359) Archive regions: 2->2
[2025-06-03T15:45:06.490+0530][69.248s] GC(359) Humongous regions: 0->0
[2025-06-03T15:45:06.490+0530][69.248s] GC(359) Metaspace: 20427K(20928K)->20427K(20928K) NonClass: 17843K(18112K)->17843K(18112K) Class: 2584K(2816K)->2584K(2816K)
[2025-06-03T15:45:06.490+0530][69.248s] GC(359) Pause Young (Normal) (G1 Evacuation Pause) 315M->9M(512M) 1.296ms
[2025-06-03T15:45:06.490+0530][69.248s] GC(359) User=0.00s Sys=0.00s Real=0.01s
[2025-06-03T15:45:06.632+0530][69.390s] GC(360) Pause Young (Normal) (G1 Evacuation Pause)
[2025-06-03T15:45:06.632+0530][69.390s] GC(360) Using 8 workers of 8 for evacuation
[2025-06-03T15:45:06.632+0530][69.390s] GC(360) Skipped phase 1 of Reference Processing: no references
[2025-06-03T15:45:06.632+0530][69.390s] GC(360) Skipped phase 2 of Reference Processing: no references
[2025-06-03T15:45:06.632+0530][69.390s] GC(360) Skipped phase 3 of Reference Processing: no references
[2025-06-03T15:45:06.632+0530][69.390s] GC(360) Skipped phase 4 of Reference Processing: no references
[2025-06-03T15:45:06.633+0530][69.391s] GC(360)   Pre Evacuate Collection Set: 0.1ms
[2025-06-03T15:45:06.633+0530][69.391s] GC(360)   Merge Heap Roots: 0.1ms
[2025-06-03T15:45:06.633+0530][69.391s] GC(360)   Evacuate Collection Set: 0.3ms
[2025-06-03T15:45:06.633+0530][69.391s] GC(360)   Post Evacuate Collection Set: 0.5ms
[2025-06-03T15:45:06.633+0530][69.391s] GC(360)   Other: 0.2ms
[2025-06-03T15:45:06.633+0530][69.391s] GC(360) Eden regions: 306->0(306)
[2025-06-03T15:45:06.633+0530][69.391s] GC(360) Survivor regions: 1->1(39)
[2025-06-03T15:45:06.633+0530][69.391s] GC(360) Old regions: 9->9
[2025-06-03T15:45:06.633+0530][69.391s] GC(360) Archive regions: 2->2
[2025-06-03T15:45:06.633+0530][69.391s] GC(360) Humongous regions: 0->0
[2025-06-03T15:45:06.633+0530][69.391s] GC(360) Metaspace: 20427K(20928K)->20427K(20928K) NonClass: 17843K(18112K)->17843K(18112K) Class: 2584K(2816K)->2584K(2816K)
[2025-06-03T15:45:06.633+0530][69.391s] GC(360) Pause Young (Normal) (G1 Evacuation Pause) 315M->9M(512M) 1.312ms
[2025-06-03T15:45:06.633+0530][69.391s] GC(360) User=0.00s Sys=0.00s Real=0.00s
[2025-06-03T15:45:06.774+0530][69.532s] GC(361) Pause Young (Normal) (G1 Evacuation Pause)
[2025-06-03T15:45:06.774+0530][69.532s] GC(361) Using 8 workers of 8 for evacuation
[2025-06-03T15:45:06.775+0530][69.533s] GC(361) Skipped phase 1 of Reference Processing: no references
[2025-06-03T15:45:06.775+0530][69.533s] GC(361) Skipped phase 2 of Reference Processing: no references
[2025-06-03T15:45:06.775+0530][69.533s] GC(361) Skipped phase 3 of Reference Processing: no references
[2025-06-03T15:45:06.775+0530][69.533s] GC(361) Skipped phase 4 of Reference Processing: no references
[2025-06-03T15:45:06.775+0530][69.533s] GC(361)   Pre Evacuate Collection Set: 0.1ms
[2025-06-03T15:45:06.775+0530][69.533s] GC(361)   Merge Heap Roots: 0.1ms
[2025-06-03T15:45:06.775+0530][69.533s] GC(361)   Evacuate Collection Set: 0.2ms
[2025-06-03T15:45:06.775+0530][69.533s] GC(361)   Post Evacuate Collection Set: 0.4ms
[2025-06-03T15:45:06.775+0530][69.533s] GC(361)   Other: 0.2ms
[2025-06-03T15:45:06.775+0530][69.533s] GC(361) Eden regions: 306->0(306)
[2025-06-03T15:45:06.775+0530][69.533s] GC(361) Survivor regions: 1->1(39)
[2025-06-03T15:45:06.775+0530][69.533s] GC(361) Old regions: 9->9
[2025-06-03T15:45:06.775+0530][69.533s] GC(361) Archive regions: 2->2
[2025-06-03T15:45:06.775+0530][69.533s] GC(361) Humongous regions: 0->0
[2025-06-03T15:45:06.775+0530][69.533s] GC(361) Metaspace: 20427K(20928K)->20427K(20928K) NonClass: 17843K(18112K)->17843K(18112K) Class: 2584K(2816K)->2584K(2816K)
[2025-06-03T15:45:06.775+0530][69.533s] GC(361) Pause Young (Normal) (G1 Evacuation Pause) 315M->9M(512M) 1.164ms
[2025-06-03T15:45:06.775+0530][69.533s] GC(361) User=0.00s Sys=0.00s Real=0.00s
[2025-06-03T15:45:06.921+0530][69.679s] GC(362) Pause Young (Normal) (G1 Evacuation Pause)
[2025-06-03T15:45:06.921+0530][69.679s] GC(362) Using 8 workers of 8 for evacuation
[2025-06-03T15:45:06.922+0530][69.680s] GC(362) Skipped phase 1 of Reference Processing: no references
[2025-06-03T15:45:06.922+0530][69.680s] GC(362) Skipped phase 2 of Reference Processing: no references
[2025-06-03T15:45:06.922+0530][69.680s] GC(362) Skipped phase 3 of Reference Processing: no references
[2025-06-03T15:45:06.922+0530][69.680s] GC(362) Skipped phase 4 of Reference Processing: no references
[2025-06-03T15:45:06.923+0530][69.681s] GC(362)   Pre Evacuate Collection Set: 0.1ms
[2025-06-03T15:45:06.923+0530][69.681s] GC(362)   Merge Heap Roots: 0.1ms
[2025-06-03T15:45:06.923+0530][69.681s] GC(362)   Evacuate Collection Set: 0.3ms
[2025-06-03T15:45:06.923+0530][69.681s] GC(362)   Post Evacuate Collection Set: 0.9ms
[2025-06-03T15:45:06.923+0530][69.681s] GC(362)   Other: 0.4ms
[2025-06-03T15:45:06.923+0530][69.681s] GC(362) Eden regions: 306->0(306)
[2025-06-03T15:45:06.923+0530][69.681s] GC(362) Survivor regions: 1->1(39)
[2025-06-03T15:45:06.923+0530][69.682s] GC(362) Old regions: 9->9
[2025-06-03T15:45:06.923+0530][69.682s] GC(362) Archive regions: 2->2
[2025-06-03T15:45:06.924+0530][69.682s] GC(362) Humongous regions: 0->0
[2025-06-03T15:45:06.924+0530][69.682s] GC(362) Metaspace: 20429K(20928K)->20429K(20928K) NonClass: 17845K(18112K)->17845K(18112K) Class: 2584K(2816K)->2584K(2816K)
[2025-06-03T15:45:06.924+0530][69.682s] GC(362) Pause Young (Normal) (G1 Evacuation Pause) 315M->9M(512M) 2.323ms
[2025-06-03T15:45:06.924+0530][69.682s] GC(362) User=0.00s Sys=0.00s Real=0.00s
[2025-06-03T15:45:07.107+0530][69.865s] GC(363) Pause Young (Normal) (G1 Evacuation Pause)
[2025-06-03T15:45:07.107+0530][69.865s] GC(363) Using 8 workers of 8 for evacuation
[2025-06-03T15:45:07.108+0530][69.866s] GC(363) Skipped phase 1 of Reference Processing: no references
[2025-06-03T15:45:07.108+0530][69.866s] GC(363) Skipped phase 2 of Reference Processing: no references
[2025-06-03T15:45:07.108+0530][69.866s] GC(363) Skipped phase 3 of Reference Processing: no references
[2025-06-03T15:45:07.108+0530][69.866s] GC(363) Skipped phase 4 of Reference Processing: no references
[2025-06-03T15:45:07.108+0530][69.866s] GC(363)   Pre Evacuate Collection Set: 0.1ms
[2025-06-03T15:45:07.108+0530][69.866s] GC(363)   Merge Heap Roots: 0.1ms
[2025-06-03T15:45:07.108+0530][69.867s] GC(363)   Evacuate Collection Set: 0.3ms
[2025-06-03T15:45:07.108+0530][69.867s] GC(363)   Post Evacuate Collection Set: 0.6ms
[2025-06-03T15:45:07.109+0530][69.867s] GC(363)   Other: 0.2ms
[2025-06-03T15:45:07.109+0530][69.867s] GC(363) Eden regions: 306->0(306)
[2025-06-03T15:45:07.109+0530][69.867s] GC(363) Survivor regions: 1->1(39)
[2025-06-03T15:45:07.109+0530][69.867s] GC(363) Old regions: 9->9
[2025-06-03T15:45:07.109+0530][69.867s] GC(363) Archive regions: 2->2
[2025-06-03T15:45:07.109+0530][69.867s] GC(363) Humongous regions: 0->0
[2025-06-03T15:45:07.109+0530][69.867s] GC(363) Metaspace: 20429K(20928K)->20429K(20928K) NonClass: 17845K(18112K)->17845K(18112K) Class: 2584K(2816K)->2584K(2816K)
[2025-06-03T15:45:07.109+0530][69.867s] GC(363) Pause Young (Normal) (G1 Evacuation Pause) 315M->9M(512M) 1.639ms
[2025-06-03T15:45:07.109+0530][69.867s] GC(363) User=0.00s Sys=0.00s Real=0.00s
[2025-06-03T15:45:07.261+0530][70.019s] GC(364) Pause Young (Normal) (G1 Evacuation Pause)
[2025-06-03T15:45:07.261+0530][70.019s] GC(364) Using 8 workers of 8 for evacuation
[2025-06-03T15:45:07.261+0530][70.019s] GC(364) Skipped phase 1 of Reference Processing: no references
[2025-06-03T15:45:07.261+0530][70.019s] GC(364) Skipped phase 2 of Reference Processing: no references
[2025-06-03T15:45:07.261+0530][70.019s] GC(364) Skipped phase 3 of Reference Processing: no references
[2025-06-03T15:45:07.261+0530][70.019s] GC(364) Skipped phase 4 of Reference Processing: no references
[2025-06-03T15:45:07.262+0530][70.020s] GC(364)   Pre Evacuate Collection Set: 0.1ms
[2025-06-03T15:45:07.262+0530][70.020s] GC(364)   Merge Heap Roots: 0.1ms
[2025-06-03T15:45:07.262+0530][70.020s] GC(364)   Evacuate Collection Set: 0.2ms
[2025-06-03T15:45:07.262+0530][70.020s] GC(364)   Post Evacuate Collection Set: 0.4ms
[2025-06-03T15:45:07.262+0530][70.020s] GC(364)   Other: 0.2ms
[2025-06-03T15:45:07.262+0530][70.020s] GC(364) Eden regions: 306->0(306)
[2025-06-03T15:45:07.262+0530][70.020s] GC(364) Survivor regions: 1->1(39)
[2025-06-03T15:45:07.262+0530][70.020s] GC(364) Old regions: 9->9
[2025-06-03T15:45:07.262+0530][70.020s] GC(364) Archive regions: 2->2
[2025-06-03T15:45:07.262+0530][70.020s] GC(364) Humongous regions: 0->0
[2025-06-03T15:45:07.262+0530][70.020s] GC(364) Metaspace: 20429K(20928K)->20429K(20928K) NonClass: 17845K(18112K)->17845K(18112K) Class: 2584K(2816K)->2584K(2816K)
[2025-06-03T15:45:07.262+0530][70.020s] GC(364) Pause Young (Normal) (G1 Evacuation Pause) 315M->9M(512M) 1.182ms
[2025-06-03T15:45:07.262+0530][70.020s] GC(364) User=0.01s Sys=0.00s Real=0.00s
[2025-06-03T15:45:07.404+0530][70.162s] GC(365) Pause Young (Normal) (G1 Evacuation Pause)
[2025-06-03T15:45:07.404+0530][70.162s] GC(365) Using 8 workers of 8 for evacuation
[2025-06-03T15:45:07.404+0530][70.162s] GC(365) Skipped phase 1 of Reference Processing: no references
[2025-06-03T15:45:07.404+0530][70.162s] GC(365) Skipped phase 2 of Reference Processing: no references
[2025-06-03T15:45:07.404+0530][70.162s] GC(365) Skipped phase 3 of Reference Processing: no references
[2025-06-03T15:45:07.404+0530][70.162s] GC(365) Skipped phase 4 of Reference Processing: no references
[2025-06-03T15:45:07.405+0530][70.163s] GC(365)   Pre Evacuate Collection Set: 0.1ms
[2025-06-03T15:45:07.405+0530][70.163s] GC(365)   Merge Heap Roots: 0.1ms
[2025-06-03T15:45:07.405+0530][70.163s] GC(365)   Evacuate Collection Set: 0.2ms
[2025-06-03T15:45:07.405+0530][70.163s] GC(365)   Post Evacuate Collection Set: 0.5ms
[2025-06-03T15:45:07.405+0530][70.163s] GC(365)   Other: 0.2ms
[2025-06-03T15:45:07.405+0530][70.163s] GC(365) Eden regions: 306->0(306)
[2025-06-03T15:45:07.405+0530][70.163s] GC(365) Survivor regions: 1->1(39)
[2025-06-03T15:45:07.405+0530][70.163s] GC(365) Old regions: 9->9
[2025-06-03T15:45:07.405+0530][70.163s] GC(365) Archive regions: 2->2
[2025-06-03T15:45:07.405+0530][70.163s] GC(365) Humongous regions: 0->0
[2025-06-03T15:45:07.405+0530][70.163s] GC(365) Metaspace: 20429K(20928K)->20429K(20928K) NonClass: 17845K(18112K)->17845K(18112K) Class: 2584K(2816K)->2584K(2816K)
[2025-06-03T15:45:07.405+0530][70.163s] GC(365) Pause Young (Normal) (G1 Evacuation Pause) 315M->9M(512M) 1.174ms
[2025-06-03T15:45:07.405+0530][70.163s] GC(365) User=0.00s Sys=0.00s Real=0.00s
[2025-06-03T15:45:07.547+0530][70.305s] GC(366) Pause Young (Normal) (G1 Evacuation Pause)
[2025-06-03T15:45:07.547+0530][70.305s] GC(366) Using 8 workers of 8 for evacuation
[2025-06-03T15:45:07.547+0530][70.305s] GC(366) Skipped phase 1 of Reference Processing: no references
[2025-06-03T15:45:07.547+0530][70.306s] GC(366) Skipped phase 2 of Reference Processing: no references
[2025-06-03T15:45:07.547+0530][70.306s] GC(366) Skipped phase 3 of Reference Processing: no references
[2025-06-03T15:45:07.547+0530][70.306s] GC(366) Skipped phase 4 of Reference Processing: no references
[2025-06-03T15:45:07.548+0530][70.306s] GC(366)   Pre Evacuate Collection Set: 0.1ms
[2025-06-03T15:45:07.548+0530][70.306s] GC(366)   Merge Heap Roots: 0.1ms
[2025-06-03T15:45:07.548+0530][70.306s] GC(366)   Evacuate Collection Set: 0.3ms
[2025-06-03T15:45:07.548+0530][70.306s] GC(366)   Post Evacuate Collection Set: 0.4ms
[2025-06-03T15:45:07.548+0530][70.306s] GC(366)   Other: 0.2ms
[2025-06-03T15:45:07.548+0530][70.306s] GC(366) Eden regions: 306->0(306)
[2025-06-03T15:45:07.548+0530][70.306s] GC(366) Survivor regions: 1->1(39)
[2025-06-03T15:45:07.548+0530][70.306s] GC(366) Old regions: 9->9
[2025-06-03T15:45:07.548+0530][70.306s] GC(366) Archive regions: 2->2
[2025-06-03T15:45:07.548+0530][70.306s] GC(366) Humongous regions: 0->0
[2025-06-03T15:45:07.548+0530][70.306s] GC(366) Metaspace: 20429K(20928K)->20429K(20928K) NonClass: 17845K(18112K)->17845K(18112K) Class: 2584K(2816K)->2584K(2816K)
[2025-06-03T15:45:07.548+0530][70.306s] GC(366) Pause Young (Normal) (G1 Evacuation Pause) 315M->9M(512M) 1.175ms
[2025-06-03T15:45:07.548+0530][70.306s] GC(366) User=0.01s Sys=0.00s Real=0.00s
[2025-06-03T15:45:07.689+0530][70.447s] GC(367) Pause Young (Normal) (G1 Evacuation Pause)
[2025-06-03T15:45:07.689+0530][70.447s] GC(367) Using 8 workers of 8 for evacuation
[2025-06-03T15:45:07.689+0530][70.447s] GC(367) Skipped phase 1 of Reference Processing: no references
[2025-06-03T15:45:07.689+0530][70.447s] GC(367) Skipped phase 2 of Reference Processing: no references
[2025-06-03T15:45:07.689+0530][70.447s] GC(367) Skipped phase 3 of Reference Processing: no references
[2025-06-03T15:45:07.689+0530][70.447s] GC(367) Skipped phase 4 of Reference Processing: no references
[2025-06-03T15:45:07.690+0530][70.448s] GC(367)   Pre Evacuate Collection Set: 0.1ms
[2025-06-03T15:45:07.690+0530][70.448s] GC(367)   Merge Heap Roots: 0.1ms
[2025-06-03T15:45:07.690+0530][70.448s] GC(367)   Evacuate Collection Set: 0.2ms
[2025-06-03T15:45:07.690+0530][70.448s] GC(367)   Post Evacuate Collection Set: 0.5ms
[2025-06-03T15:45:07.690+0530][70.448s] GC(367)   Other: 0.3ms
[2025-06-03T15:45:07.690+0530][70.448s] GC(367) Eden regions: 306->0(306)
[2025-06-03T15:45:07.690+0530][70.448s] GC(367) Survivor regions: 1->1(39)
[2025-06-03T15:45:07.690+0530][70.448s] GC(367) Old regions: 9->9
[2025-06-03T15:45:07.690+0530][70.448s] GC(367) Archive regions: 2->2
[2025-06-03T15:45:07.690+0530][70.448s] GC(367) Humongous regions: 0->0
[2025-06-03T15:45:07.690+0530][70.448s] GC(367) Metaspace: 20429K(20928K)->20429K(20928K) NonClass: 17845K(18112K)->17845K(18112K) Class: 2584K(2816K)->2584K(2816K)
[2025-06-03T15:45:07.690+0530][70.448s] GC(367) Pause Young (Normal) (G1 Evacuation Pause) 315M->9M(512M) 1.385ms
[2025-06-03T15:45:07.690+0530][70.448s] GC(367) User=0.00s Sys=0.01s Real=0.01s
[2025-06-03T15:45:07.831+0530][70.590s] GC(368) Pause Young (Normal) (G1 Evacuation Pause)
[2025-06-03T15:45:07.832+0530][70.590s] GC(368) Using 8 workers of 8 for evacuation
[2025-06-03T15:45:07.832+0530][70.590s] GC(368) Skipped phase 1 of Reference Processing: no references
[2025-06-03T15:45:07.832+0530][70.590s] GC(368) Skipped phase 2 of Reference Processing: no references
[2025-06-03T15:45:07.832+0530][70.590s] GC(368) Skipped phase 3 of Reference Processing: no references
[2025-06-03T15:45:07.832+0530][70.590s] GC(368) Skipped phase 4 of Reference Processing: no references
[2025-06-03T15:45:07.832+0530][70.591s] GC(368)   Pre Evacuate Collection Set: 0.1ms
[2025-06-03T15:45:07.832+0530][70.591s] GC(368)   Merge Heap Roots: 0.1ms
[2025-06-03T15:45:07.832+0530][70.591s] GC(368)   Evacuate Collection Set: 0.2ms
[2025-06-03T15:45:07.832+0530][70.591s] GC(368)   Post Evacuate Collection Set: 0.4ms
[2025-06-03T15:45:07.832+0530][70.591s] GC(368)   Other: 0.2ms
[2025-06-03T15:45:07.832+0530][70.591s] GC(368) Eden regions: 306->0(306)
[2025-06-03T15:45:07.833+0530][70.591s] GC(368) Survivor regions: 1->1(39)
[2025-06-03T15:45:07.833+0530][70.591s] GC(368) Old regions: 9->9
[2025-06-03T15:45:07.833+0530][70.591s] GC(368) Archive regions: 2->2
[2025-06-03T15:45:07.833+0530][70.591s] GC(368) Humongous regions: 0->0
[2025-06-03T15:45:07.833+0530][70.591s] GC(368) Metaspace: 20429K(20928K)->20429K(20928K) NonClass: 17845K(18112K)->17845K(18112K) Class: 2584K(2816K)->2584K(2816K)
[2025-06-03T15:45:07.833+0530][70.591s] GC(368) Pause Young (Normal) (G1 Evacuation Pause) 315M->9M(512M) 1.118ms
[2025-06-03T15:45:07.833+0530][70.591s] GC(368) User=0.01s Sys=0.00s Real=0.00s
[2025-06-03T15:45:07.979+0530][70.737s] GC(369) Pause Young (Normal) (G1 Evacuation Pause)
[2025-06-03T15:45:07.979+0530][70.737s] GC(369) Using 8 workers of 8 for evacuation
[2025-06-03T15:45:07.979+0530][70.737s] GC(369) Skipped phase 1 of Reference Processing: no references
[2025-06-03T15:45:07.979+0530][70.737s] GC(369) Skipped phase 2 of Reference Processing: no references
[2025-06-03T15:45:07.979+0530][70.737s] GC(369) Skipped phase 3 of Reference Processing: no references
[2025-06-03T15:45:07.979+0530][70.737s] GC(369) Skipped phase 4 of Reference Processing: no references
[2025-06-03T15:45:07.980+0530][70.738s] GC(369)   Pre Evacuate Collection Set: 0.1ms
[2025-06-03T15:45:07.980+0530][70.738s] GC(369)   Merge Heap Roots: 0.1ms
[2025-06-03T15:45:07.980+0530][70.738s] GC(369)   Evacuate Collection Set: 0.2ms
[2025-06-03T15:45:07.980+0530][70.738s] GC(369)   Post Evacuate Collection Set: 0.5ms
[2025-06-03T15:45:07.980+0530][70.738s] GC(369)   Other: 0.2ms
[2025-06-03T15:45:07.980+0530][70.738s] GC(369) Eden regions: 306->0(306)
[2025-06-03T15:45:07.980+0530][70.738s] GC(369) Survivor regions: 1->1(39)
[2025-06-03T15:45:07.980+0530][70.738s] GC(369) Old regions: 9->9
[2025-06-03T15:45:07.980+0530][70.738s] GC(369) Archive regions: 2->2
[2025-06-03T15:45:07.980+0530][70.738s] GC(369) Humongous regions: 0->0
[2025-06-03T15:45:07.980+0530][70.738s] GC(369) Metaspace: 20429K(20928K)->20429K(20928K) NonClass: 17845K(18112K)->17845K(18112K) Class: 2584K(2816K)->2584K(2816K)
[2025-06-03T15:45:07.980+0530][70.738s] GC(369) Pause Young (Normal) (G1 Evacuation Pause) 315M->9M(512M) 1.519ms
[2025-06-03T15:45:07.980+0530][70.738s] GC(369) User=0.00s Sys=0.00s Real=0.01s
[2025-06-03T15:45:08.134+0530][70.892s] GC(370) Pause Young (Normal) (G1 Evacuation Pause)
[2025-06-03T15:45:08.134+0530][70.892s] GC(370) Using 8 workers of 8 for evacuation
[2025-06-03T15:45:08.135+0530][70.893s] GC(370) Skipped phase 1 of Reference Processing: no references
[2025-06-03T15:45:08.135+0530][70.893s] GC(370) Skipped phase 2 of Reference Processing: no references
[2025-06-03T15:45:08.135+0530][70.893s] GC(370) Skipped phase 3 of Reference Processing: no references
[2025-06-03T15:45:08.135+0530][70.893s] GC(370) Skipped phase 4 of Reference Processing: no references
[2025-06-03T15:45:08.135+0530][70.893s] GC(370)   Pre Evacuate Collection Set: 0.1ms
[2025-06-03T15:45:08.135+0530][70.893s] GC(370)   Merge Heap Roots: 0.1ms
[2025-06-03T15:45:08.135+0530][70.893s] GC(370)   Evacuate Collection Set: 0.2ms
[2025-06-03T15:45:08.135+0530][70.893s] GC(370)   Post Evacuate Collection Set: 0.4ms
[2025-06-03T15:45:08.135+0530][70.893s] GC(370)   Other: 0.2ms
[2025-06-03T15:45:08.135+0530][70.893s] GC(370) Eden regions: 306->0(306)
[2025-06-03T15:45:08.135+0530][70.894s] GC(370) Survivor regions: 1->1(39)
[2025-06-03T15:45:08.135+0530][70.894s] GC(370) Old regions: 9->9
[2025-06-03T15:45:08.135+0530][70.894s] GC(370) Archive regions: 2->2
[2025-06-03T15:45:08.135+0530][70.894s] GC(370) Humongous regions: 0->0
[2025-06-03T15:45:08.135+0530][70.894s] GC(370) Metaspace: 20429K(20928K)->20429K(20928K) NonClass: 17845K(18112K)->17845K(18112K) Class: 2584K(2816K)->2584K(2816K)
[2025-06-03T15:45:08.135+0530][70.894s] GC(370) Pause Young (Normal) (G1 Evacuation Pause) 315M->9M(512M) 1.176ms
[2025-06-03T15:45:08.135+0530][70.894s] GC(370) User=0.00s Sys=0.00s Real=0.00s
[2025-06-03T15:45:08.317+0530][71.075s] GC(371) Pause Young (Normal) (G1 Evacuation Pause)
[2025-06-03T15:45:08.317+0530][71.075s] GC(371) Using 8 workers of 8 for evacuation
[2025-06-03T15:45:08.317+0530][71.075s] GC(371) Skipped phase 1 of Reference Processing: no references
[2025-06-03T15:45:08.317+0530][71.075s] GC(371) Skipped phase 2 of Reference Processing: no references
[2025-06-03T15:45:08.317+0530][71.075s] GC(371) Skipped phase 3 of Reference Processing: no references
[2025-06-03T15:45:08.317+0530][71.076s] GC(371) Skipped phase 4 of Reference Processing: no references
[2025-06-03T15:45:08.318+0530][71.076s] GC(371)   Pre Evacuate Collection Set: 0.1ms
[2025-06-03T15:45:08.318+0530][71.076s] GC(371)   Merge Heap Roots: 0.1ms
[2025-06-03T15:45:08.318+0530][71.076s] GC(371)   Evacuate Collection Set: 0.3ms
[2025-06-03T15:45:08.318+0530][71.076s] GC(371)   Post Evacuate Collection Set: 0.5ms
[2025-06-03T15:45:08.318+0530][71.076s] GC(371)   Other: 0.2ms
[2025-06-03T15:45:08.318+0530][71.076s] GC(371) Eden regions: 306->0(306)
[2025-06-03T15:45:08.318+0530][71.076s] GC(371) Survivor regions: 1->1(39)
[2025-06-03T15:45:08.318+0530][71.076s] GC(371) Old regions: 9->9
[2025-06-03T15:45:08.318+0530][71.076s] GC(371) Archive regions: 2->2
[2025-06-03T15:45:08.318+0530][71.076s] GC(371) Humongous regions: 0->0
[2025-06-03T15:45:08.318+0530][71.076s] GC(371) Metaspace: 20429K(20928K)->20429K(20928K) NonClass: 17845K(18112K)->17845K(18112K) Class: 2584K(2816K)->2584K(2816K)
[2025-06-03T15:45:08.318+0530][71.076s] GC(371) Pause Young (Normal) (G1 Evacuation Pause) 315M->9M(512M) 1.258ms
[2025-06-03T15:45:08.318+0530][71.076s] GC(371) User=0.00s Sys=0.00s Real=0.00s
[2025-06-03T15:45:08.477+0530][71.235s] GC(372) Pause Young (Normal) (G1 Evacuation Pause)
[2025-06-03T15:45:08.477+0530][71.235s] GC(372) Using 8 workers of 8 for evacuation
[2025-06-03T15:45:08.478+0530][71.236s] GC(372) Skipped phase 1 of Reference Processing: no references
[2025-06-03T15:45:08.478+0530][71.236s] GC(372) Skipped phase 2 of Reference Processing: no references
[2025-06-03T15:45:08.478+0530][71.236s] GC(372) Skipped phase 3 of Reference Processing: no references
[2025-06-03T15:45:08.478+0530][71.236s] GC(372) Skipped phase 4 of Reference Processing: no references
[2025-06-03T15:45:08.478+0530][71.236s] GC(372)   Pre Evacuate Collection Set: 0.1ms
[2025-06-03T15:45:08.478+0530][71.236s] GC(372)   Merge Heap Roots: 0.1ms
[2025-06-03T15:45:08.478+0530][71.236s] GC(372)   Evacuate Collection Set: 0.2ms
[2025-06-03T15:45:08.478+0530][71.236s] GC(372)   Post Evacuate Collection Set: 0.5ms
[2025-06-03T15:45:08.478+0530][71.236s] GC(372)   Other: 0.2ms
[2025-06-03T15:45:08.478+0530][71.236s] GC(372) Eden regions: 306->0(306)
[2025-06-03T15:45:08.478+0530][71.236s] GC(372) Survivor regions: 1->1(39)
[2025-06-03T15:45:08.478+0530][71.236s] GC(372) Old regions: 9->9
[2025-06-03T15:45:08.478+0530][71.236s] GC(372) Archive regions: 2->2
[2025-06-03T15:45:08.478+0530][71.236s] GC(372) Humongous regions: 0->0
[2025-06-03T15:45:08.478+0530][71.236s] GC(372) Metaspace: 20429K(20928K)->20429K(20928K) NonClass: 17845K(18112K)->17845K(18112K) Class: 2584K(2816K)->2584K(2816K)
[2025-06-03T15:45:08.478+0530][71.236s] GC(372) Pause Young (Normal) (G1 Evacuation Pause) 315M->9M(512M) 1.342ms
[2025-06-03T15:45:08.478+0530][71.236s] GC(372) User=0.01s Sys=0.00s Real=0.00s
[2025-06-03T15:45:08.642+0530][71.400s] GC(373) Pause Young (Normal) (G1 Evacuation Pause)
[2025-06-03T15:45:08.642+0530][71.400s] GC(373) Using 8 workers of 8 for evacuation
[2025-06-03T15:45:08.642+0530][71.401s] GC(373) Skipped phase 1 of Reference Processing: no references
[2025-06-03T15:45:08.642+0530][71.401s] GC(373) Skipped phase 2 of Reference Processing: no references
[2025-06-03T15:45:08.642+0530][71.401s] GC(373) Skipped phase 3 of Reference Processing: no references
[2025-06-03T15:45:08.642+0530][71.401s] GC(373) Skipped phase 4 of Reference Processing: no references
[2025-06-03T15:45:08.643+0530][71.401s] GC(373)   Pre Evacuate Collection Set: 0.1ms
[2025-06-03T15:45:08.643+0530][71.401s] GC(373)   Merge Heap Roots: 0.1ms
[2025-06-03T15:45:08.643+0530][71.401s] GC(373)   Evacuate Collection Set: 0.3ms
[2025-06-03T15:45:08.643+0530][71.401s] GC(373)   Post Evacuate Collection Set: 0.6ms
[2025-06-03T15:45:08.643+0530][71.401s] GC(373)   Other: 0.2ms
[2025-06-03T15:45:08.643+0530][71.401s] GC(373) Eden regions: 306->0(306)
[2025-06-03T15:45:08.643+0530][71.401s] GC(373) Survivor regions: 1->1(39)
[2025-06-03T15:45:08.643+0530][71.401s] GC(373) Old regions: 9->9
[2025-06-03T15:45:08.643+0530][71.401s] GC(373) Archive regions: 2->2
[2025-06-03T15:45:08.643+0530][71.401s] GC(373) Humongous regions: 0->0
[2025-06-03T15:45:08.643+0530][71.401s] GC(373) Metaspace: 20429K(20928K)->20429K(20928K) NonClass: 17845K(18112K)->17845K(18112K) Class: 2584K(2816K)->2584K(2816K)
[2025-06-03T15:45:08.643+0530][71.401s] GC(373) Pause Young (Normal) (G1 Evacuation Pause) 315M->9M(512M) 1.463ms
[2025-06-03T15:45:08.643+0530][71.401s] GC(373) User=0.00s Sys=0.00s Real=0.00s
[2025-06-03T15:45:08.804+0530][71.562s] GC(374) Pause Young (Normal) (G1 Evacuation Pause)
[2025-06-03T15:45:08.804+0530][71.562s] GC(374) Using 8 workers of 8 for evacuation
[2025-06-03T15:45:08.804+0530][71.562s] GC(374) Skipped phase 1 of Reference Processing: no references
[2025-06-03T15:45:08.804+0530][71.563s] GC(374) Skipped phase 2 of Reference Processing: no references
[2025-06-03T15:45:08.804+0530][71.563s] GC(374) Skipped phase 3 of Reference Processing: no references
[2025-06-03T15:45:08.804+0530][71.563s] GC(374) Skipped phase 4 of Reference Processing: no references
[2025-06-03T15:45:08.805+0530][71.563s] GC(374)   Pre Evacuate Collection Set: 0.1ms
[2025-06-03T15:45:08.805+0530][71.563s] GC(374)   Merge Heap Roots: 0.1ms
[2025-06-03T15:45:08.805+0530][71.563s] GC(374)   Evacuate Collection Set: 0.3ms
[2025-06-03T15:45:08.805+0530][71.563s] GC(374)   Post Evacuate Collection Set: 0.6ms
[2025-06-03T15:45:08.805+0530][71.563s] GC(374)   Other: 0.3ms
[2025-06-03T15:45:08.805+0530][71.563s] GC(374) Eden regions: 306->0(306)
[2025-06-03T15:45:08.805+0530][71.563s] GC(374) Survivor regions: 1->1(39)
[2025-06-03T15:45:08.805+0530][71.563s] GC(374) Old regions: 9->9
[2025-06-03T15:45:08.805+0530][71.563s] GC(374) Archive regions: 2->2
[2025-06-03T15:45:08.805+0530][71.563s] GC(374) Humongous regions: 0->0
[2025-06-03T15:45:08.805+0530][71.563s] GC(374) Metaspace: 20429K(20928K)->20429K(20928K) NonClass: 17845K(18112K)->17845K(18112K) Class: 2584K(2816K)->2584K(2816K)
[2025-06-03T15:45:08.805+0530][71.563s] GC(374) Pause Young (Normal) (G1 Evacuation Pause) 315M->9M(512M) 1.594ms
[2025-06-03T15:45:08.805+0530][71.563s] GC(374) User=0.00s Sys=0.00s Real=0.00s
[2025-06-03T15:45:08.976+0530][71.734s] GC(375) Pause Young (Normal) (G1 Evacuation Pause)
[2025-06-03T15:45:08.976+0530][71.734s] GC(375) Using 8 workers of 8 for evacuation
[2025-06-03T15:45:08.976+0530][71.734s] GC(375) Skipped phase 1 of Reference Processing: no references
[2025-06-03T15:45:08.976+0530][71.734s] GC(375) Skipped phase 2 of Reference Processing: no references
[2025-06-03T15:45:08.976+0530][71.734s] GC(375) Skipped phase 3 of Reference Processing: no references
[2025-06-03T15:45:08.976+0530][71.734s] GC(375) Skipped phase 4 of Reference Processing: no references
[2025-06-03T15:45:08.977+0530][71.735s] GC(375)   Pre Evacuate Collection Set: 0.1ms
[2025-06-03T15:45:08.977+0530][71.735s] GC(375)   Merge Heap Roots: 0.1ms
[2025-06-03T15:45:08.977+0530][71.735s] GC(375)   Evacuate Collection Set: 0.3ms
[2025-06-03T15:45:08.977+0530][71.735s] GC(375)   Post Evacuate Collection Set: 0.4ms
[2025-06-03T15:45:08.977+0530][71.735s] GC(375)   Other: 0.2ms
[2025-06-03T15:45:08.977+0530][71.735s] GC(375) Eden regions: 306->0(306)
[2025-06-03T15:45:08.977+0530][71.735s] GC(375) Survivor regions: 1->1(39)
[2025-06-03T15:45:08.977+0530][71.735s] GC(375) Old regions: 9->9
[2025-06-03T15:45:08.977+0530][71.735s] GC(375) Archive regions: 2->2
[2025-06-03T15:45:08.977+0530][71.735s] GC(375) Humongous regions: 0->0
[2025-06-03T15:45:08.977+0530][71.735s] GC(375) Metaspace: 20429K(20928K)->20429K(20928K) NonClass: 17845K(18112K)->17845K(18112K) Class: 2584K(2816K)->2584K(2816K)
[2025-06-03T15:45:08.977+0530][71.735s] GC(375) Pause Young (Normal) (G1 Evacuation Pause) 315M->9M(512M) 1.218ms
[2025-06-03T15:45:08.977+0530][71.735s] GC(375) User=0.01s Sys=0.00s Real=0.00s
[2025-06-03T15:45:09.131+0530][71.889s] GC(376) Pause Young (Normal) (G1 Evacuation Pause)
[2025-06-03T15:45:09.131+0530][71.889s] GC(376) Using 8 workers of 8 for evacuation
[2025-06-03T15:45:09.131+0530][71.889s] GC(376) Skipped phase 1 of Reference Processing: no references
[2025-06-03T15:45:09.131+0530][71.889s] GC(376) Skipped phase 2 of Reference Processing: no references
[2025-06-03T15:45:09.131+0530][71.889s] GC(376) Skipped phase 3 of Reference Processing: no references
[2025-06-03T15:45:09.131+0530][71.889s] GC(376) Skipped phase 4 of Reference Processing: no references
[2025-06-03T15:45:09.132+0530][71.890s] GC(376)   Pre Evacuate Collection Set: 0.1ms
[2025-06-03T15:45:09.132+0530][71.890s] GC(376)   Merge Heap Roots: 0.1ms
[2025-06-03T15:45:09.132+0530][71.890s] GC(376)   Evacuate Collection Set: 0.2ms
[2025-06-03T15:45:09.132+0530][71.890s] GC(376)   Post Evacuate Collection Set: 0.5ms
[2025-06-03T15:45:09.132+0530][71.890s] GC(376)   Other: 0.2ms
[2025-06-03T15:45:09.132+0530][71.890s] GC(376) Eden regions: 306->0(306)
[2025-06-03T15:45:09.132+0530][71.890s] GC(376) Survivor regions: 1->1(39)
[2025-06-03T15:45:09.132+0530][71.890s] GC(376) Old regions: 9->9
[2025-06-03T15:45:09.132+0530][71.890s] GC(376) Archive regions: 2->2
[2025-06-03T15:45:09.132+0530][71.890s] GC(376) Humongous regions: 0->0
[2025-06-03T15:45:09.132+0530][71.890s] GC(376) Metaspace: 20429K(20928K)->20429K(20928K) NonClass: 17845K(18112K)->17845K(18112K) Class: 2584K(2816K)->2584K(2816K)
[2025-06-03T15:45:09.132+0530][71.890s] GC(376) Pause Young (Normal) (G1 Evacuation Pause) 315M->9M(512M) 1.185ms
[2025-06-03T15:45:09.132+0530][71.890s] GC(376) User=0.00s Sys=0.01s Real=0.00s
[2025-06-03T15:45:09.285+0530][72.043s] GC(377) Pause Young (Normal) (G1 Evacuation Pause)
[2025-06-03T15:45:09.285+0530][72.043s] GC(377) Using 8 workers of 8 for evacuation
[2025-06-03T15:45:09.285+0530][72.043s] GC(377) Skipped phase 1 of Reference Processing: no references
[2025-06-03T15:45:09.285+0530][72.043s] GC(377) Skipped phase 2 of Reference Processing: no references
[2025-06-03T15:45:09.285+0530][72.043s] GC(377) Skipped phase 3 of Reference Processing: no references
[2025-06-03T15:45:09.285+0530][72.044s] GC(377) Skipped phase 4 of Reference Processing: no references
[2025-06-03T15:45:09.286+0530][72.044s] GC(377)   Pre Evacuate Collection Set: 0.1ms
[2025-06-03T15:45:09.286+0530][72.044s] GC(377)   Merge Heap Roots: 0.1ms
[2025-06-03T15:45:09.286+0530][72.044s] GC(377)   Evacuate Collection Set: 0.2ms
[2025-06-03T15:45:09.286+0530][72.044s] GC(377)   Post Evacuate Collection Set: 0.4ms
[2025-06-03T15:45:09.286+0530][72.044s] GC(377)   Other: 0.3ms
[2025-06-03T15:45:09.286+0530][72.044s] GC(377) Eden regions: 306->0(306)
[2025-06-03T15:45:09.286+0530][72.044s] GC(377) Survivor regions: 1->1(39)
[2025-06-03T15:45:09.286+0530][72.044s] GC(377) Old regions: 9->9
[2025-06-03T15:45:09.286+0530][72.044s] GC(377) Archive regions: 2->2
[2025-06-03T15:45:09.286+0530][72.044s] GC(377) Humongous regions: 0->0
[2025-06-03T15:45:09.286+0530][72.044s] GC(377) Metaspace: 20429K(20928K)->20429K(20928K) NonClass: 17845K(18112K)->17845K(18112K) Class: 2584K(2816K)->2584K(2816K)
[2025-06-03T15:45:09.286+0530][72.044s] GC(377) Pause Young (Normal) (G1 Evacuation Pause) 315M->9M(512M) 1.301ms
[2025-06-03T15:45:09.286+0530][72.044s] GC(377) User=0.00s Sys=0.00s Real=0.00s
[2025-06-03T15:45:09.438+0530][72.196s] GC(378) Pause Young (Normal) (G1 Evacuation Pause)
[2025-06-03T15:45:09.438+0530][72.196s] GC(378) Using 8 workers of 8 for evacuation
[2025-06-03T15:45:09.438+0530][72.196s] GC(378) Skipped phase 1 of Reference Processing: no references
[2025-06-03T15:45:09.438+0530][72.196s] GC(378) Skipped phase 2 of Reference Processing: no references
[2025-06-03T15:45:09.438+0530][72.197s] GC(378) Skipped phase 3 of Reference Processing: no references
[2025-06-03T15:45:09.438+0530][72.197s] GC(378) Skipped phase 4 of Reference Processing: no references
[2025-06-03T15:45:09.439+0530][72.197s] GC(378)   Pre Evacuate Collection Set: 0.1ms
[2025-06-03T15:45:09.439+0530][72.197s] GC(378)   Merge Heap Roots: 0.1ms
[2025-06-03T15:45:09.439+0530][72.197s] GC(378)   Evacuate Collection Set: 0.3ms
[2025-06-03T15:45:09.439+0530][72.197s] GC(378)   Post Evacuate Collection Set: 0.5ms
[2025-06-03T15:45:09.439+0530][72.197s] GC(378)   Other: 0.2ms
[2025-06-03T15:45:09.439+0530][72.197s] GC(378) Eden regions: 306->0(306)
[2025-06-03T15:45:09.439+0530][72.197s] GC(378) Survivor regions: 1->1(39)
[2025-06-03T15:45:09.439+0530][72.197s] GC(378) Old regions: 9->9
[2025-06-03T15:45:09.439+0530][72.197s] GC(378) Archive regions: 2->2
[2025-06-03T15:45:09.439+0530][72.197s] GC(378) Humongous regions: 0->0
[2025-06-03T15:45:09.439+0530][72.197s] GC(378) Metaspace: 20429K(20928K)->20429K(20928K) NonClass: 17845K(18112K)->17845K(18112K) Class: 2584K(2816K)->2584K(2816K)
[2025-06-03T15:45:09.439+0530][72.197s] GC(378) Pause Young (Normal) (G1 Evacuation Pause) 315M->9M(512M) 1.304ms
[2025-06-03T15:45:09.439+0530][72.197s] GC(378) User=0.01s Sys=0.00s Real=0.00s
[2025-06-03T15:45:09.593+0530][72.351s] GC(379) Pause Young (Normal) (G1 Evacuation Pause)
[2025-06-03T15:45:09.593+0530][72.351s] GC(379) Using 8 workers of 8 for evacuation
[2025-06-03T15:45:09.594+0530][72.352s] GC(379) Skipped phase 1 of Reference Processing: no references
[2025-06-03T15:45:09.594+0530][72.352s] GC(379) Skipped phase 2 of Reference Processing: no references
[2025-06-03T15:45:09.594+0530][72.352s] GC(379) Skipped phase 3 of Reference Processing: no references
[2025-06-03T15:45:09.594+0530][72.352s] GC(379) Skipped phase 4 of Reference Processing: no references
[2025-06-03T15:45:09.594+0530][72.352s] GC(379)   Pre Evacuate Collection Set: 0.1ms
[2025-06-03T15:45:09.594+0530][72.352s] GC(379)   Merge Heap Roots: 0.1ms
[2025-06-03T15:45:09.594+0530][72.352s] GC(379)   Evacuate Collection Set: 0.3ms
[2025-06-03T15:45:09.594+0530][72.353s] GC(379)   Post Evacuate Collection Set: 0.4ms
[2025-06-03T15:45:09.594+0530][72.353s] GC(379)   Other: 0.2ms
[2025-06-03T15:45:09.594+0530][72.353s] GC(379) Eden regions: 306->0(306)
[2025-06-03T15:45:09.594+0530][72.353s] GC(379) Survivor regions: 1->1(39)
[2025-06-03T15:45:09.595+0530][72.353s] GC(379) Old regions: 9->9
[2025-06-03T15:45:09.595+0530][72.353s] GC(379) Archive regions: 2->2
[2025-06-03T15:45:09.595+0530][72.353s] GC(379) Humongous regions: 0->0
[2025-06-03T15:45:09.595+0530][72.353s] GC(379) Metaspace: 20429K(20928K)->20429K(20928K) NonClass: 17845K(18112K)->17845K(18112K) Class: 2584K(2816K)->2584K(2816K)
[2025-06-03T15:45:09.595+0530][72.353s] GC(379) Pause Young (Normal) (G1 Evacuation Pause) 315M->9M(512M) 1.434ms
[2025-06-03T15:45:09.595+0530][72.353s] GC(379) User=0.00s Sys=0.00s Real=0.00s
[2025-06-03T15:45:09.745+0530][72.503s] GC(380) Pause Young (Normal) (G1 Evacuation Pause)
[2025-06-03T15:45:09.745+0530][72.503s] GC(380) Using 8 workers of 8 for evacuation
[2025-06-03T15:45:09.745+0530][72.503s] GC(380) Skipped phase 1 of Reference Processing: no references
[2025-06-03T15:45:09.745+0530][72.503s] GC(380) Skipped phase 2 of Reference Processing: no references
[2025-06-03T15:45:09.745+0530][72.503s] GC(380) Skipped phase 3 of Reference Processing: no references
[2025-06-03T15:45:09.745+0530][72.503s] GC(380) Skipped phase 4 of Reference Processing: no references
[2025-06-03T15:45:09.746+0530][72.504s] GC(380)   Pre Evacuate Collection Set: 0.1ms
[2025-06-03T15:45:09.746+0530][72.504s] GC(380)   Merge Heap Roots: 0.1ms
[2025-06-03T15:45:09.746+0530][72.504s] GC(380)   Evacuate Collection Set: 0.2ms
[2025-06-03T15:45:09.746+0530][72.504s] GC(380)   Post Evacuate Collection Set: 0.5ms
[2025-06-03T15:45:09.746+0530][72.504s] GC(380)   Other: 0.2ms
[2025-06-03T15:45:09.746+0530][72.504s] GC(380) Eden regions: 306->0(306)
[2025-06-03T15:45:09.746+0530][72.504s] GC(380) Survivor regions: 1->1(39)
[2025-06-03T15:45:09.746+0530][72.504s] GC(380) Old regions: 9->9
[2025-06-03T15:45:09.746+0530][72.504s] GC(380) Archive regions: 2->2
[2025-06-03T15:45:09.746+0530][72.504s] GC(380) Humongous regions: 0->0
[2025-06-03T15:45:09.746+0530][72.504s] GC(380) Metaspace: 20429K(20928K)->20429K(20928K) NonClass: 17845K(18112K)->17845K(18112K) Class: 2584K(2816K)->2584K(2816K)
[2025-06-03T15:45:09.746+0530][72.504s] GC(380) Pause Young (Normal) (G1 Evacuation Pause) 315M->9M(512M) 1.223ms
[2025-06-03T15:45:09.746+0530][72.504s] GC(380) User=0.00s Sys=0.00s Real=0.00s
[2025-06-03T15:45:09.925+0530][72.683s] GC(381) Pause Young (Normal) (G1 Evacuation Pause)
[2025-06-03T15:45:09.925+0530][72.683s] GC(381) Using 8 workers of 8 for evacuation
[2025-06-03T15:45:09.926+0530][72.684s] GC(381) Skipped phase 1 of Reference Processing: no references
[2025-06-03T15:45:09.926+0530][72.684s] GC(381) Skipped phase 2 of Reference Processing: no references
[2025-06-03T15:45:09.926+0530][72.684s] GC(381) Skipped phase 3 of Reference Processing: no references
[2025-06-03T15:45:09.926+0530][72.684s] GC(381) Skipped phase 4 of Reference Processing: no references
[2025-06-03T15:45:09.926+0530][72.684s] GC(381)   Pre Evacuate Collection Set: 0.1ms
[2025-06-03T15:45:09.926+0530][72.684s] GC(381)   Merge Heap Roots: 0.1ms
[2025-06-03T15:45:09.926+0530][72.684s] GC(381)   Evacuate Collection Set: 0.3ms
[2025-06-03T15:45:09.926+0530][72.684s] GC(381)   Post Evacuate Collection Set: 0.5ms
[2025-06-03T15:45:09.926+0530][72.684s] GC(381)   Other: 0.2ms
[2025-06-03T15:45:09.926+0530][72.684s] GC(381) Eden regions: 306->0(306)
[2025-06-03T15:45:09.926+0530][72.684s] GC(381) Survivor regions: 1->1(39)
[2025-06-03T15:45:09.926+0530][72.684s] GC(381) Old regions: 9->9
[2025-06-03T15:45:09.926+0530][72.684s] GC(381) Archive regions: 2->2
[2025-06-03T15:45:09.926+0530][72.684s] GC(381) Humongous regions: 0->0
[2025-06-03T15:45:09.926+0530][72.684s] GC(381) Metaspace: 20443K(20928K)->20443K(20928K) NonClass: 17859K(18112K)->17859K(18112K) Class: 2584K(2816K)->2584K(2816K)
[2025-06-03T15:45:09.926+0530][72.684s] GC(381) Pause Young (Normal) (G1 Evacuation Pause) 315M->9M(512M) 1.298ms
[2025-06-03T15:45:09.926+0530][72.685s] GC(381) User=0.01s Sys=0.00s Real=0.00s
[2025-06-03T15:45:10.104+0530][72.862s] GC(382) Pause Young (Normal) (G1 Evacuation Pause)
[2025-06-03T15:45:10.104+0530][72.862s] GC(382) Using 8 workers of 8 for evacuation
[2025-06-03T15:45:10.105+0530][72.863s] GC(382) Skipped phase 1 of Reference Processing: no references
[2025-06-03T15:45:10.105+0530][72.863s] GC(382) Skipped phase 2 of Reference Processing: no references
[2025-06-03T15:45:10.105+0530][72.863s] GC(382) Skipped phase 3 of Reference Processing: no references
[2025-06-03T15:45:10.105+0530][72.863s] GC(382) Skipped phase 4 of Reference Processing: no references
[2025-06-03T15:45:10.105+0530][72.863s] GC(382)   Pre Evacuate Collection Set: 0.1ms
[2025-06-03T15:45:10.105+0530][72.863s] GC(382)   Merge Heap Roots: 0.1ms
[2025-06-03T15:45:10.105+0530][72.863s] GC(382)   Evacuate Collection Set: 0.2ms
[2025-06-03T15:45:10.105+0530][72.863s] GC(382)   Post Evacuate Collection Set: 0.5ms
[2025-06-03T15:45:10.105+0530][72.863s] GC(382)   Other: 0.2ms
[2025-06-03T15:45:10.105+0530][72.863s] GC(382) Eden regions: 306->0(306)
[2025-06-03T15:45:10.105+0530][72.863s] GC(382) Survivor regions: 1->1(39)
[2025-06-03T15:45:10.105+0530][72.863s] GC(382) Old regions: 9->9
[2025-06-03T15:45:10.105+0530][72.863s] GC(382) Archive regions: 2->2
[2025-06-03T15:45:10.105+0530][72.863s] GC(382) Humongous regions: 0->0
[2025-06-03T15:45:10.105+0530][72.863s] GC(382) Metaspace: 20443K(20928K)->20443K(20928K) NonClass: 17859K(18112K)->17859K(18112K) Class: 2584K(2816K)->2584K(2816K)
[2025-06-03T15:45:10.105+0530][72.863s] GC(382) Pause Young (Normal) (G1 Evacuation Pause) 315M->9M(512M) 1.339ms
[2025-06-03T15:45:10.105+0530][72.864s] GC(382) User=0.00s Sys=0.00s Real=0.00s
[2025-06-03T15:45:10.260+0530][73.019s] GC(383) Pause Young (Normal) (G1 Evacuation Pause)
[2025-06-03T15:45:10.260+0530][73.019s] GC(383) Using 8 workers of 8 for evacuation
[2025-06-03T15:45:10.261+0530][73.019s] GC(383) Skipped phase 1 of Reference Processing: no references
[2025-06-03T15:45:10.261+0530][73.019s] GC(383) Skipped phase 2 of Reference Processing: no references
[2025-06-03T15:45:10.261+0530][73.019s] GC(383) Skipped phase 3 of Reference Processing: no references
[2025-06-03T15:45:10.261+0530][73.019s] GC(383) Skipped phase 4 of Reference Processing: no references
[2025-06-03T15:45:10.261+0530][73.020s] GC(383)   Pre Evacuate Collection Set: 0.1ms
[2025-06-03T15:45:10.261+0530][73.020s] GC(383)   Merge Heap Roots: 0.1ms
[2025-06-03T15:45:10.261+0530][73.020s] GC(383)   Evacuate Collection Set: 0.2ms
[2025-06-03T15:45:10.261+0530][73.020s] GC(383)   Post Evacuate Collection Set: 0.4ms
[2025-06-03T15:45:10.261+0530][73.020s] GC(383)   Other: 0.2ms
[2025-06-03T15:45:10.261+0530][73.020s] GC(383) Eden regions: 306->0(306)
[2025-06-03T15:45:10.261+0530][73.020s] GC(383) Survivor regions: 1->1(39)
[2025-06-03T15:45:10.261+0530][73.020s] GC(383) Old regions: 9->9
[2025-06-03T15:45:10.262+0530][73.020s] GC(383) Archive regions: 2->2
[2025-06-03T15:45:10.262+0530][73.020s] GC(383) Humongous regions: 0->0
[2025-06-03T15:45:10.262+0530][73.020s] GC(383) Metaspace: 20443K(20928K)->20443K(20928K) NonClass: 17859K(18112K)->17859K(18112K) Class: 2584K(2816K)->2584K(2816K)
[2025-06-03T15:45:10.262+0530][73.020s] GC(383) Pause Young (Normal) (G1 Evacuation Pause) 315M->9M(512M) 1.164ms
[2025-06-03T15:45:10.262+0530][73.020s] GC(383) User=0.00s Sys=0.00s Real=0.00s
[2025-06-03T15:45:10.422+0530][73.180s] GC(384) Pause Young (Normal) (G1 Evacuation Pause)
[2025-06-03T15:45:10.422+0530][73.180s] GC(384) Using 8 workers of 8 for evacuation
[2025-06-03T15:45:10.422+0530][73.181s] GC(384) Skipped phase 1 of Reference Processing: no references
[2025-06-03T15:45:10.423+0530][73.181s] GC(384) Skipped phase 2 of Reference Processing: no references
[2025-06-03T15:45:10.423+0530][73.181s] GC(384) Skipped phase 3 of Reference Processing: no references
[2025-06-03T15:45:10.423+0530][73.181s] GC(384) Skipped phase 4 of Reference Processing: no references
[2025-06-03T15:45:10.423+0530][73.181s] GC(384)   Pre Evacuate Collection Set: 0.1ms
[2025-06-03T15:45:10.423+0530][73.181s] GC(384)   Merge Heap Roots: 0.1ms
[2025-06-03T15:45:10.423+0530][73.181s] GC(384)   Evacuate Collection Set: 0.3ms
[2025-06-03T15:45:10.423+0530][73.181s] GC(384)   Post Evacuate Collection Set: 0.6ms
[2025-06-03T15:45:10.423+0530][73.182s] GC(384)   Other: 0.2ms
[2025-06-03T15:45:10.423+0530][73.182s] GC(384) Eden regions: 306->0(306)
[2025-06-03T15:45:10.423+0530][73.182s] GC(384) Survivor regions: 1->1(39)
[2025-06-03T15:45:10.423+0530][73.182s] GC(384) Old regions: 9->9
[2025-06-03T15:45:10.423+0530][73.182s] GC(384) Archive regions: 2->2
[2025-06-03T15:45:10.423+0530][73.182s] GC(384) Humongous regions: 0->0
[2025-06-03T15:45:10.424+0530][73.182s] GC(384) Metaspace: 20443K(20928K)->20443K(20928K) NonClass: 17859K(18112K)->17859K(18112K) Class: 2584K(2816K)->2584K(2816K)
[2025-06-03T15:45:10.424+0530][73.182s] GC(384) Pause Young (Normal) (G1 Evacuation Pause) 315M->9M(512M) 1.783ms
[2025-06-03T15:45:10.424+0530][73.182s] GC(384) User=0.01s Sys=0.00s Real=0.00s
[2025-06-03T15:45:10.582+0530][73.340s] GC(385) Pause Young (Normal) (G1 Evacuation Pause)
[2025-06-03T15:45:10.582+0530][73.340s] GC(385) Using 8 workers of 8 for evacuation
[2025-06-03T15:45:10.582+0530][73.341s] GC(385) Skipped phase 1 of Reference Processing: no references
[2025-06-03T15:45:10.583+0530][73.341s] GC(385) Skipped phase 2 of Reference Processing: no references
[2025-06-03T15:45:10.583+0530][73.341s] GC(385) Skipped phase 3 of Reference Processing: no references
[2025-06-03T15:45:10.583+0530][73.341s] GC(385) Skipped phase 4 of Reference Processing: no references
[2025-06-03T15:45:10.583+0530][73.341s] GC(385)   Pre Evacuate Collection Set: 0.1ms
[2025-06-03T15:45:10.583+0530][73.341s] GC(385)   Merge Heap Roots: 0.1ms
[2025-06-03T15:45:10.583+0530][73.341s] GC(385)   Evacuate Collection Set: 0.4ms
[2025-06-03T15:45:10.583+0530][73.341s] GC(385)   Post Evacuate Collection Set: 0.5ms
[2025-06-03T15:45:10.583+0530][73.341s] GC(385)   Other: 0.2ms
[2025-06-03T15:45:10.583+0530][73.341s] GC(385) Eden regions: 306->0(306)
[2025-06-03T15:45:10.583+0530][73.341s] GC(385) Survivor regions: 1->1(39)
[2025-06-03T15:45:10.583+0530][73.341s] GC(385) Old regions: 9->9
[2025-06-03T15:45:10.583+0530][73.341s] GC(385) Archive regions: 2->2
[2025-06-03T15:45:10.583+0530][73.341s] GC(385) Humongous regions: 0->0
[2025-06-03T15:45:10.583+0530][73.341s] GC(385) Metaspace: 20443K(20928K)->20443K(20928K) NonClass: 17859K(18112K)->17859K(18112K) Class: 2584K(2816K)->2584K(2816K)
[2025-06-03T15:45:10.583+0530][73.341s] GC(385) Pause Young (Normal) (G1 Evacuation Pause) 315M->9M(512M) 1.435ms
[2025-06-03T15:45:10.583+0530][73.341s] GC(385) User=0.00s Sys=0.00s Real=0.00s
[2025-06-03T15:45:10.740+0530][73.498s] GC(386) Pause Young (Normal) (G1 Evacuation Pause)
[2025-06-03T15:45:10.740+0530][73.498s] GC(386) Using 8 workers of 8 for evacuation
[2025-06-03T15:45:10.740+0530][73.498s] GC(386) Skipped phase 1 of Reference Processing: no references
[2025-06-03T15:45:10.740+0530][73.498s] GC(386) Skipped phase 2 of Reference Processing: no references
[2025-06-03T15:45:10.740+0530][73.498s] GC(386) Skipped phase 3 of Reference Processing: no references
[2025-06-03T15:45:10.740+0530][73.498s] GC(386) Skipped phase 4 of Reference Processing: no references
[2025-06-03T15:45:10.741+0530][73.499s] GC(386)   Pre Evacuate Collection Set: 0.1ms
[2025-06-03T15:45:10.741+0530][73.499s] GC(386)   Merge Heap Roots: 0.1ms
[2025-06-03T15:45:10.741+0530][73.499s] GC(386)   Evacuate Collection Set: 0.2ms
[2025-06-03T15:45:10.741+0530][73.499s] GC(386)   Post Evacuate Collection Set: 0.5ms
[2025-06-03T15:45:10.741+0530][73.499s] GC(386)   Other: 0.2ms
[2025-06-03T15:45:10.741+0530][73.499s] GC(386) Eden regions: 306->0(306)
[2025-06-03T15:45:10.741+0530][73.499s] GC(386) Survivor regions: 1->1(39)
[2025-06-03T15:45:10.741+0530][73.499s] GC(386) Old regions: 9->9
[2025-06-03T15:45:10.741+0530][73.499s] GC(386) Archive regions: 2->2
[2025-06-03T15:45:10.741+0530][73.499s] GC(386) Humongous regions: 0->0
[2025-06-03T15:45:10.741+0530][73.499s] GC(386) Metaspace: 20443K(20928K)->20443K(20928K) NonClass: 17859K(18112K)->17859K(18112K) Class: 2584K(2816K)->2584K(2816K)
[2025-06-03T15:45:10.741+0530][73.499s] GC(386) Pause Young (Normal) (G1 Evacuation Pause) 315M->9M(512M) 1.273ms
[2025-06-03T15:45:10.741+0530][73.499s] GC(386) User=0.00s Sys=0.00s Real=0.00s
[2025-06-03T15:45:10.893+0530][73.652s] GC(387) Pause Young (Normal) (G1 Evacuation Pause)
[2025-06-03T15:45:10.893+0530][73.652s] GC(387) Using 8 workers of 8 for evacuation
[2025-06-03T15:45:10.894+0530][73.652s] GC(387) Skipped phase 1 of Reference Processing: no references
[2025-06-03T15:45:10.894+0530][73.652s] GC(387) Skipped phase 2 of Reference Processing: no references
[2025-06-03T15:45:10.894+0530][73.652s] GC(387) Skipped phase 3 of Reference Processing: no references
[2025-06-03T15:45:10.894+0530][73.652s] GC(387) Skipped phase 4 of Reference Processing: no references
[2025-06-03T15:45:10.894+0530][73.653s] GC(387)   Pre Evacuate Collection Set: 0.1ms
[2025-06-03T15:45:10.895+0530][73.653s] GC(387)   Merge Heap Roots: 0.1ms
[2025-06-03T15:45:10.895+0530][73.653s] GC(387)   Evacuate Collection Set: 0.3ms
[2025-06-03T15:45:10.895+0530][73.653s] GC(387)   Post Evacuate Collection Set: 0.5ms
[2025-06-03T15:45:10.895+0530][73.653s] GC(387)   Other: 0.2ms
[2025-06-03T15:45:10.895+0530][73.653s] GC(387) Eden regions: 306->0(306)
[2025-06-03T15:45:10.895+0530][73.653s] GC(387) Survivor regions: 1->1(39)
[2025-06-03T15:45:10.895+0530][73.653s] GC(387) Old regions: 9->9
[2025-06-03T15:45:10.895+0530][73.653s] GC(387) Archive regions: 2->2
[2025-06-03T15:45:10.895+0530][73.653s] GC(387) Humongous regions: 0->0
[2025-06-03T15:45:10.895+0530][73.653s] GC(387) Metaspace: 20443K(20928K)->20443K(20928K) NonClass: 17859K(18112K)->17859K(18112K) Class: 2584K(2816K)->2584K(2816K)
[2025-06-03T15:45:10.895+0530][73.653s] GC(387) Pause Young (Normal) (G1 Evacuation Pause) 315M->9M(512M) 1.462ms
[2025-06-03T15:45:10.895+0530][73.653s] GC(387) User=0.00s Sys=0.00s Real=0.00s
[2025-06-03T15:45:11.049+0530][73.807s] GC(388) Pause Young (Normal) (G1 Evacuation Pause)
[2025-06-03T15:45:11.049+0530][73.807s] GC(388) Using 8 workers of 8 for evacuation
[2025-06-03T15:45:11.049+0530][73.807s] GC(388) Skipped phase 1 of Reference Processing: no references
[2025-06-03T15:45:11.049+0530][73.807s] GC(388) Skipped phase 2 of Reference Processing: no references
[2025-06-03T15:45:11.049+0530][73.807s] GC(388) Skipped phase 3 of Reference Processing: no references
[2025-06-03T15:45:11.049+0530][73.807s] GC(388) Skipped phase 4 of Reference Processing: no references
[2025-06-03T15:45:11.050+0530][73.808s] GC(388)   Pre Evacuate Collection Set: 0.1ms
[2025-06-03T15:45:11.050+0530][73.808s] GC(388)   Merge Heap Roots: 0.1ms
[2025-06-03T15:45:11.050+0530][73.808s] GC(388)   Evacuate Collection Set: 0.2ms
[2025-06-03T15:45:11.050+0530][73.808s] GC(388)   Post Evacuate Collection Set: 0.5ms
[2025-06-03T15:45:11.050+0530][73.808s] GC(388)   Other: 0.2ms
[2025-06-03T15:45:11.050+0530][73.808s] GC(388) Eden regions: 306->0(306)
[2025-06-03T15:45:11.050+0530][73.808s] GC(388) Survivor regions: 1->1(39)
[2025-06-03T15:45:11.050+0530][73.808s] GC(388) Old regions: 9->9
[2025-06-03T15:45:11.050+0530][73.808s] GC(388) Archive regions: 2->2
[2025-06-03T15:45:11.050+0530][73.808s] GC(388) Humongous regions: 0->0
[2025-06-03T15:45:11.050+0530][73.808s] GC(388) Metaspace: 20444K(20928K)->20444K(20928K) NonClass: 17860K(18112K)->17860K(18112K) Class: 2584K(2816K)->2584K(2816K)
[2025-06-03T15:45:11.050+0530][73.808s] GC(388) Pause Young (Normal) (G1 Evacuation Pause) 315M->9M(512M) 1.236ms
[2025-06-03T15:45:11.050+0530][73.808s] GC(388) User=0.01s Sys=0.00s Real=0.01s
[2025-06-03T15:45:11.203+0530][73.961s] GC(389) Pause Young (Normal) (G1 Evacuation Pause)
[2025-06-03T15:45:11.203+0530][73.961s] GC(389) Using 8 workers of 8 for evacuation
[2025-06-03T15:45:11.204+0530][73.962s] GC(389) Skipped phase 1 of Reference Processing: no references
[2025-06-03T15:45:11.204+0530][73.962s] GC(389) Skipped phase 2 of Reference Processing: no references
[2025-06-03T15:45:11.204+0530][73.962s] GC(389) Skipped phase 3 of Reference Processing: no references
[2025-06-03T15:45:11.204+0530][73.962s] GC(389) Skipped phase 4 of Reference Processing: no references
[2025-06-03T15:45:11.204+0530][73.962s] GC(389)   Pre Evacuate Collection Set: 0.1ms
[2025-06-03T15:45:11.204+0530][73.962s] GC(389)   Merge Heap Roots: 0.1ms
[2025-06-03T15:45:11.204+0530][73.962s] GC(389)   Evacuate Collection Set: 0.3ms
[2025-06-03T15:45:11.204+0530][73.962s] GC(389)   Post Evacuate Collection Set: 0.6ms
[2025-06-03T15:45:11.204+0530][73.963s] GC(389)   Other: 0.2ms
[2025-06-03T15:45:11.204+0530][73.963s] GC(389) Eden regions: 306->0(306)
[2025-06-03T15:45:11.204+0530][73.963s] GC(389) Survivor regions: 1->1(39)
[2025-06-03T15:45:11.204+0530][73.963s] GC(389) Old regions: 9->9
[2025-06-03T15:45:11.204+0530][73.963s] GC(389) Archive regions: 2->2
[2025-06-03T15:45:11.204+0530][73.963s] GC(389) Humongous regions: 0->0
[2025-06-03T15:45:11.204+0530][73.963s] GC(389) Metaspace: 20444K(20928K)->20444K(20928K) NonClass: 17860K(18112K)->17860K(18112K) Class: 2584K(2816K)->2584K(2816K)
[2025-06-03T15:45:11.204+0530][73.963s] GC(389) Pause Young (Normal) (G1 Evacuation Pause) 315M->9M(512M) 1.367ms
[2025-06-03T15:45:11.204+0530][73.963s] GC(389) User=0.01s Sys=0.00s Real=0.00s
[2025-06-03T15:45:11.348+0530][74.106s] GC(390) Pause Young (Normal) (G1 Evacuation Pause)
[2025-06-03T15:45:11.348+0530][74.107s] GC(390) Using 8 workers of 8 for evacuation
[2025-06-03T15:45:11.349+0530][74.107s] GC(390) Skipped phase 1 of Reference Processing: no references
[2025-06-03T15:45:11.349+0530][74.107s] GC(390) Skipped phase 2 of Reference Processing: no references
[2025-06-03T15:45:11.349+0530][74.107s] GC(390) Skipped phase 3 of Reference Processing: no references
[2025-06-03T15:45:11.349+0530][74.107s] GC(390) Skipped phase 4 of Reference Processing: no references
[2025-06-03T15:45:11.349+0530][74.107s] GC(390)   Pre Evacuate Collection Set: 0.1ms
[2025-06-03T15:45:11.349+0530][74.108s] GC(390)   Merge Heap Roots: 0.1ms
[2025-06-03T15:45:11.349+0530][74.108s] GC(390)   Evacuate Collection Set: 0.3ms
[2025-06-03T15:45:11.349+0530][74.108s] GC(390)   Post Evacuate Collection Set: 0.5ms
[2025-06-03T15:45:11.349+0530][74.108s] GC(390)   Other: 0.2ms
[2025-06-03T15:45:11.349+0530][74.108s] GC(390) Eden regions: 306->0(306)
[2025-06-03T15:45:11.349+0530][74.108s] GC(390) Survivor regions: 1->1(39)
[2025-06-03T15:45:11.349+0530][74.108s] GC(390) Old regions: 9->9
[2025-06-03T15:45:11.349+0530][74.108s] GC(390) Archive regions: 2->2
[2025-06-03T15:45:11.349+0530][74.108s] GC(390) Humongous regions: 0->0
[2025-06-03T15:45:11.349+0530][74.108s] GC(390) Metaspace: 20444K(20928K)->20444K(20928K) NonClass: 17860K(18112K)->17860K(18112K) Class: 2584K(2816K)->2584K(2816K)
[2025-06-03T15:45:11.349+0530][74.108s] GC(390) Pause Young (Normal) (G1 Evacuation Pause) 315M->9M(512M) 1.222ms
[2025-06-03T15:45:11.350+0530][74.108s] GC(390) User=0.00s Sys=0.00s Real=0.01s
[2025-06-03T15:45:11.490+0530][74.249s] GC(391) Pause Young (Normal) (G1 Evacuation Pause)
[2025-06-03T15:45:11.490+0530][74.249s] GC(391) Using 8 workers of 8 for evacuation
[2025-06-03T15:45:11.491+0530][74.249s] GC(391) Skipped phase 1 of Reference Processing: no references
[2025-06-03T15:45:11.491+0530][74.249s] GC(391) Skipped phase 2 of Reference Processing: no references
[2025-06-03T15:45:11.491+0530][74.249s] GC(391) Skipped phase 3 of Reference Processing: no references
[2025-06-03T15:45:11.491+0530][74.249s] GC(391) Skipped phase 4 of Reference Processing: no references
[2025-06-03T15:45:11.491+0530][74.250s] GC(391)   Pre Evacuate Collection Set: 0.1ms
[2025-06-03T15:45:11.491+0530][74.250s] GC(391)   Merge Heap Roots: 0.1ms
[2025-06-03T15:45:11.491+0530][74.250s] GC(391)   Evacuate Collection Set: 0.3ms
[2025-06-03T15:45:11.491+0530][74.250s] GC(391)   Post Evacuate Collection Set: 0.4ms
[2025-06-03T15:45:11.491+0530][74.250s] GC(391)   Other: 0.2ms
[2025-06-03T15:45:11.491+0530][74.250s] GC(391) Eden regions: 306->0(306)
[2025-06-03T15:45:11.492+0530][74.250s] GC(391) Survivor regions: 1->1(39)
[2025-06-03T15:45:11.492+0530][74.250s] GC(391) Old regions: 9->9
[2025-06-03T15:45:11.492+0530][74.250s] GC(391) Archive regions: 2->2
[2025-06-03T15:45:11.492+0530][74.250s] GC(391) Humongous regions: 0->0
[2025-06-03T15:45:11.492+0530][74.250s] GC(391) Metaspace: 20444K(20928K)->20444K(20928K) NonClass: 17860K(18112K)->17860K(18112K) Class: 2584K(2816K)->2584K(2816K)
[2025-06-03T15:45:11.492+0530][74.250s] GC(391) Pause Young (Normal) (G1 Evacuation Pause) 315M->9M(512M) 1.293ms
[2025-06-03T15:45:11.492+0530][74.250s] GC(391) User=0.00s Sys=0.01s Real=0.00s
[2025-06-03T15:45:11.636+0530][74.394s] GC(392) Pause Young (Normal) (G1 Evacuation Pause)
[2025-06-03T15:45:11.636+0530][74.394s] GC(392) Using 8 workers of 8 for evacuation
[2025-06-03T15:45:11.636+0530][74.395s] GC(392) Skipped phase 1 of Reference Processing: no references
[2025-06-03T15:45:11.636+0530][74.395s] GC(392) Skipped phase 2 of Reference Processing: no references
[2025-06-03T15:45:11.636+0530][74.395s] GC(392) Skipped phase 3 of Reference Processing: no references
[2025-06-03T15:45:11.636+0530][74.395s] GC(392) Skipped phase 4 of Reference Processing: no references
[2025-06-03T15:45:11.637+0530][74.395s] GC(392)   Pre Evacuate Collection Set: 0.1ms
[2025-06-03T15:45:11.637+0530][74.395s] GC(392)   Merge Heap Roots: 0.1ms
[2025-06-03T15:45:11.637+0530][74.395s] GC(392)   Evacuate Collection Set: 0.2ms
[2025-06-03T15:45:11.637+0530][74.395s] GC(392)   Post Evacuate Collection Set: 0.4ms
[2025-06-03T15:45:11.637+0530][74.395s] GC(392)   Other: 0.2ms
[2025-06-03T15:45:11.637+0530][74.395s] GC(392) Eden regions: 306->0(306)
[2025-06-03T15:45:11.637+0530][74.395s] GC(392) Survivor regions: 1->1(39)
[2025-06-03T15:45:11.637+0530][74.395s] GC(392) Old regions: 9->9
[2025-06-03T15:45:11.637+0530][74.395s] GC(392) Archive regions: 2->2
[2025-06-03T15:45:11.637+0530][74.395s] GC(392) Humongous regions: 0->0
[2025-06-03T15:45:11.637+0530][74.395s] GC(392) Metaspace: 20444K(20928K)->20444K(20928K) NonClass: 17860K(18112K)->17860K(18112K) Class: 2584K(2816K)->2584K(2816K)
[2025-06-03T15:45:11.637+0530][74.395s] GC(392) Pause Young (Normal) (G1 Evacuation Pause) 315M->9M(512M) 1.115ms
[2025-06-03T15:45:11.637+0530][74.395s] GC(392) User=0.00s Sys=0.00s Real=0.00s
[2025-06-03T15:45:11.781+0530][74.539s] GC(393) Pause Young (Normal) (G1 Evacuation Pause)
[2025-06-03T15:45:11.781+0530][74.539s] GC(393) Using 8 workers of 8 for evacuation
[2025-06-03T15:45:11.781+0530][74.540s] GC(393) Skipped phase 1 of Reference Processing: no references
[2025-06-03T15:45:11.781+0530][74.540s] GC(393) Skipped phase 2 of Reference Processing: no references
[2025-06-03T15:45:11.781+0530][74.540s] GC(393) Skipped phase 3 of Reference Processing: no references
[2025-06-03T15:45:11.781+0530][74.540s] GC(393) Skipped phase 4 of Reference Processing: no references
[2025-06-03T15:45:11.782+0530][74.540s] GC(393)   Pre Evacuate Collection Set: 0.1ms
[2025-06-03T15:45:11.782+0530][74.540s] GC(393)   Merge Heap Roots: 0.1ms
[2025-06-03T15:45:11.782+0530][74.540s] GC(393)   Evacuate Collection Set: 0.2ms
[2025-06-03T15:45:11.782+0530][74.540s] GC(393)   Post Evacuate Collection Set: 0.4ms
[2025-06-03T15:45:11.782+0530][74.540s] GC(393)   Other: 0.2ms
[2025-06-03T15:45:11.782+0530][74.540s] GC(393) Eden regions: 306->0(306)
[2025-06-03T15:45:11.782+0530][74.540s] GC(393) Survivor regions: 1->1(39)
[2025-06-03T15:45:11.782+0530][74.540s] GC(393) Old regions: 9->9
[2025-06-03T15:45:11.782+0530][74.540s] GC(393) Archive regions: 2->2
[2025-06-03T15:45:11.782+0530][74.540s] GC(393) Humongous regions: 0->0
[2025-06-03T15:45:11.782+0530][74.540s] GC(393) Metaspace: 20444K(20928K)->20444K(20928K) NonClass: 17860K(18112K)->17860K(18112K) Class: 2584K(2816K)->2584K(2816K)
[2025-06-03T15:45:11.782+0530][74.540s] GC(393) Pause Young (Normal) (G1 Evacuation Pause) 315M->9M(512M) 1.203ms
[2025-06-03T15:45:11.782+0530][74.540s] GC(393) User=0.00s Sys=0.00s Real=0.00s
[2025-06-03T15:45:11.931+0530][74.689s] GC(394) Pause Young (Normal) (G1 Evacuation Pause)
[2025-06-03T15:45:11.931+0530][74.689s] GC(394) Using 8 workers of 8 for evacuation
[2025-06-03T15:45:11.932+0530][74.690s] GC(394) Skipped phase 1 of Reference Processing: no references
[2025-06-03T15:45:11.932+0530][74.690s] GC(394) Skipped phase 2 of Reference Processing: no references
[2025-06-03T15:45:11.932+0530][74.690s] GC(394) Skipped phase 3 of Reference Processing: no references
[2025-06-03T15:45:11.932+0530][74.690s] GC(394) Skipped phase 4 of Reference Processing: no references
[2025-06-03T15:45:11.932+0530][74.690s] GC(394)   Pre Evacuate Collection Set: 0.1ms
[2025-06-03T15:45:11.932+0530][74.690s] GC(394)   Merge Heap Roots: 0.1ms
[2025-06-03T15:45:11.932+0530][74.690s] GC(394)   Evacuate Collection Set: 0.3ms
[2025-06-03T15:45:11.932+0530][74.690s] GC(394)   Post Evacuate Collection Set: 0.5ms
[2025-06-03T15:45:11.932+0530][74.691s] GC(394)   Other: 0.3ms
[2025-06-03T15:45:11.932+0530][74.691s] GC(394) Eden regions: 306->0(306)
[2025-06-03T15:45:11.932+0530][74.691s] GC(394) Survivor regions: 1->1(39)
[2025-06-03T15:45:11.932+0530][74.691s] GC(394) Old regions: 9->9
[2025-06-03T15:45:11.932+0530][74.691s] GC(394) Archive regions: 2->2
[2025-06-03T15:45:11.932+0530][74.691s] GC(394) Humongous regions: 0->0
[2025-06-03T15:45:11.932+0530][74.691s] GC(394) Metaspace: 20444K(20928K)->20444K(20928K) NonClass: 17860K(18112K)->17860K(18112K) Class: 2584K(2816K)->2584K(2816K)
[2025-06-03T15:45:11.932+0530][74.691s] GC(394) Pause Young (Normal) (G1 Evacuation Pause) 315M->9M(512M) 1.421ms
[2025-06-03T15:45:11.932+0530][74.691s] GC(394) User=0.00s Sys=0.00s Real=0.00s
[2025-06-03T15:45:12.104+0530][74.862s] GC(395) Pause Young (Normal) (G1 Evacuation Pause)
[2025-06-03T15:45:12.104+0530][74.862s] GC(395) Using 8 workers of 8 for evacuation
[2025-06-03T15:45:12.104+0530][74.862s] GC(395) Skipped phase 1 of Reference Processing: no references
[2025-06-03T15:45:12.104+0530][74.862s] GC(395) Skipped phase 2 of Reference Processing: no references
[2025-06-03T15:45:12.104+0530][74.862s] GC(395) Skipped phase 3 of Reference Processing: no references
[2025-06-03T15:45:12.104+0530][74.862s] GC(395) Skipped phase 4 of Reference Processing: no references
[2025-06-03T15:45:12.105+0530][74.863s] GC(395)   Pre Evacuate Collection Set: 0.1ms
[2025-06-03T15:45:12.105+0530][74.863s] GC(395)   Merge Heap Roots: 0.1ms
[2025-06-03T15:45:12.105+0530][74.863s] GC(395)   Evacuate Collection Set: 0.3ms
[2025-06-03T15:45:12.105+0530][74.863s] GC(395)   Post Evacuate Collection Set: 0.5ms
[2025-06-03T15:45:12.105+0530][74.863s] GC(395)   Other: 0.2ms
[2025-06-03T15:45:12.105+0530][74.863s] GC(395) Eden regions: 306->0(306)
[2025-06-03T15:45:12.105+0530][74.863s] GC(395) Survivor regions: 1->1(39)
[2025-06-03T15:45:12.105+0530][74.863s] GC(395) Old regions: 9->9
[2025-06-03T15:45:12.105+0530][74.863s] GC(395) Archive regions: 2->2
[2025-06-03T15:45:12.105+0530][74.863s] GC(395) Humongous regions: 0->0
[2025-06-03T15:45:12.105+0530][74.863s] GC(395) Metaspace: 20444K(20928K)->20444K(20928K) NonClass: 17860K(18112K)->17860K(18112K) Class: 2584K(2816K)->2584K(2816K)
[2025-06-03T15:45:12.105+0530][74.863s] GC(395) Pause Young (Normal) (G1 Evacuation Pause) 315M->9M(512M) 1.437ms
[2025-06-03T15:45:12.105+0530][74.863s] GC(395) User=0.01s Sys=0.00s Real=0.00s
[2025-06-03T15:45:12.264+0530][75.022s] GC(396) Pause Young (Normal) (G1 Evacuation Pause)
[2025-06-03T15:45:12.264+0530][75.022s] GC(396) Using 8 workers of 8 for evacuation
[2025-06-03T15:45:12.264+0530][75.022s] GC(396) Skipped phase 1 of Reference Processing: no references
[2025-06-03T15:45:12.264+0530][75.022s] GC(396) Skipped phase 2 of Reference Processing: no references
[2025-06-03T15:45:12.264+0530][75.022s] GC(396) Skipped phase 3 of Reference Processing: no references
[2025-06-03T15:45:12.264+0530][75.022s] GC(396) Skipped phase 4 of Reference Processing: no references
[2025-06-03T15:45:12.265+0530][75.023s] GC(396)   Pre Evacuate Collection Set: 0.1ms
[2025-06-03T15:45:12.265+0530][75.023s] GC(396)   Merge Heap Roots: 0.1ms
[2025-06-03T15:45:12.265+0530][75.023s] GC(396)   Evacuate Collection Set: 0.3ms
[2025-06-03T15:45:12.265+0530][75.023s] GC(396)   Post Evacuate Collection Set: 0.4ms
[2025-06-03T15:45:12.265+0530][75.023s] GC(396)   Other: 0.2ms
[2025-06-03T15:45:12.265+0530][75.023s] GC(396) Eden regions: 306->0(306)
[2025-06-03T15:45:12.265+0530][75.023s] GC(396) Survivor regions: 1->1(39)
[2025-06-03T15:45:12.265+0530][75.023s] GC(396) Old regions: 9->9
[2025-06-03T15:45:12.265+0530][75.023s] GC(396) Archive regions: 2->2
[2025-06-03T15:45:12.265+0530][75.023s] GC(396) Humongous regions: 0->0
[2025-06-03T15:45:12.265+0530][75.023s] GC(396) Metaspace: 20444K(20928K)->20444K(20928K) NonClass: 17860K(18112K)->17860K(18112K) Class: 2584K(2816K)->2584K(2816K)
[2025-06-03T15:45:12.265+0530][75.023s] GC(396) Pause Young (Normal) (G1 Evacuation Pause) 315M->9M(512M) 1.322ms
[2025-06-03T15:45:12.265+0530][75.023s] GC(396) User=0.01s Sys=0.01s Real=0.00s
[2025-06-03T15:45:12.408+0530][75.167s] GC(397) Pause Young (Normal) (G1 Evacuation Pause)
[2025-06-03T15:45:12.408+0530][75.167s] GC(397) Using 8 workers of 8 for evacuation
[2025-06-03T15:45:12.409+0530][75.167s] GC(397) Skipped phase 1 of Reference Processing: no references
[2025-06-03T15:45:12.409+0530][75.167s] GC(397) Skipped phase 2 of Reference Processing: no references
[2025-06-03T15:45:12.409+0530][75.167s] GC(397) Skipped phase 3 of Reference Processing: no references
[2025-06-03T15:45:12.409+0530][75.167s] GC(397) Skipped phase 4 of Reference Processing: no references
[2025-06-03T15:45:12.409+0530][75.168s] GC(397)   Pre Evacuate Collection Set: 0.1ms
[2025-06-03T15:45:12.409+0530][75.168s] GC(397)   Merge Heap Roots: 0.1ms
[2025-06-03T15:45:12.409+0530][75.168s] GC(397)   Evacuate Collection Set: 0.3ms
[2025-06-03T15:45:12.409+0530][75.168s] GC(397)   Post Evacuate Collection Set: 0.5ms
[2025-06-03T15:45:12.409+0530][75.168s] GC(397)   Other: 0.2ms
[2025-06-03T15:45:12.410+0530][75.168s] GC(397) Eden regions: 306->0(306)
[2025-06-03T15:45:12.410+0530][75.168s] GC(397) Survivor regions: 1->1(39)
[2025-06-03T15:45:12.410+0530][75.168s] GC(397) Old regions: 9->9
[2025-06-03T15:45:12.410+0530][75.168s] GC(397) Archive regions: 2->2
[2025-06-03T15:45:12.410+0530][75.168s] GC(397) Humongous regions: 0->0
[2025-06-03T15:45:12.410+0530][75.168s] GC(397) Metaspace: 20444K(20928K)->20444K(20928K) NonClass: 17860K(18112K)->17860K(18112K) Class: 2584K(2816K)->2584K(2816K)
[2025-06-03T15:45:12.410+0530][75.168s] GC(397) Pause Young (Normal) (G1 Evacuation Pause) 315M->9M(512M) 1.330ms
[2025-06-03T15:45:12.410+0530][75.168s] GC(397) User=0.00s Sys=0.00s Real=0.01s
[2025-06-03T15:45:12.554+0530][75.312s] GC(398) Pause Young (Normal) (G1 Evacuation Pause)
[2025-06-03T15:45:12.554+0530][75.312s] GC(398) Using 8 workers of 8 for evacuation
[2025-06-03T15:45:12.554+0530][75.313s] GC(398) Skipped phase 1 of Reference Processing: no references
[2025-06-03T15:45:12.554+0530][75.313s] GC(398) Skipped phase 2 of Reference Processing: no references
[2025-06-03T15:45:12.554+0530][75.313s] GC(398) Skipped phase 3 of Reference Processing: no references
[2025-06-03T15:45:12.554+0530][75.313s] GC(398) Skipped phase 4 of Reference Processing: no references
[2025-06-03T15:45:12.555+0530][75.313s] GC(398)   Pre Evacuate Collection Set: 0.1ms
[2025-06-03T15:45:12.555+0530][75.313s] GC(398)   Merge Heap Roots: 0.1ms
[2025-06-03T15:45:12.555+0530][75.313s] GC(398)   Evacuate Collection Set: 0.2ms
[2025-06-03T15:45:12.555+0530][75.313s] GC(398)   Post Evacuate Collection Set: 0.4ms
[2025-06-03T15:45:12.555+0530][75.313s] GC(398)   Other: 0.2ms
[2025-06-03T15:45:12.555+0530][75.313s] GC(398) Eden regions: 306->0(306)
[2025-06-03T15:45:12.555+0530][75.313s] GC(398) Survivor regions: 1->1(39)
[2025-06-03T15:45:12.555+0530][75.313s] GC(398) Old regions: 9->9
[2025-06-03T15:45:12.555+0530][75.313s] GC(398) Archive regions: 2->2
[2025-06-03T15:45:12.555+0530][75.313s] GC(398) Humongous regions: 0->0
[2025-06-03T15:45:12.555+0530][75.313s] GC(398) Metaspace: 20444K(20928K)->20444K(20928K) NonClass: 17860K(18112K)->17860K(18112K) Class: 2584K(2816K)->2584K(2816K)
[2025-06-03T15:45:12.555+0530][75.313s] GC(398) Pause Young (Normal) (G1 Evacuation Pause) 315M->9M(512M) 1.207ms
[2025-06-03T15:45:12.555+0530][75.313s] GC(398) User=0.00s Sys=0.00s Real=0.00s
[2025-06-03T15:45:12.700+0530][75.458s] GC(399) Pause Young (Normal) (G1 Evacuation Pause)
[2025-06-03T15:45:12.700+0530][75.458s] GC(399) Using 8 workers of 8 for evacuation
[2025-06-03T15:45:12.700+0530][75.458s] GC(399) Skipped phase 1 of Reference Processing: no references
[2025-06-03T15:45:12.700+0530][75.458s] GC(399) Skipped phase 2 of Reference Processing: no references
[2025-06-03T15:45:12.700+0530][75.458s] GC(399) Skipped phase 3 of Reference Processing: no references
[2025-06-03T15:45:12.700+0530][75.458s] GC(399) Skipped phase 4 of Reference Processing: no references
[2025-06-03T15:45:12.701+0530][75.459s] GC(399)   Pre Evacuate Collection Set: 0.1ms
[2025-06-03T15:45:12.701+0530][75.459s] GC(399)   Merge Heap Roots: 0.1ms
[2025-06-03T15:45:12.701+0530][75.459s] GC(399)   Evacuate Collection Set: 0.3ms
[2025-06-03T15:45:12.701+0530][75.459s] GC(399)   Post Evacuate Collection Set: 0.4ms
[2025-06-03T15:45:12.701+0530][75.459s] GC(399)   Other: 0.2ms
[2025-06-03T15:45:12.701+0530][75.459s] GC(399) Eden regions: 306->0(306)
[2025-06-03T15:45:12.701+0530][75.459s] GC(399) Survivor regions: 1->1(39)
[2025-06-03T15:45:12.701+0530][75.459s] GC(399) Old regions: 9->9
[2025-06-03T15:45:12.701+0530][75.459s] GC(399) Archive regions: 2->2
[2025-06-03T15:45:12.701+0530][75.459s] GC(399) Humongous regions: 0->0
[2025-06-03T15:45:12.701+0530][75.459s] GC(399) Metaspace: 20444K(20928K)->20444K(20928K) NonClass: 17860K(18112K)->17860K(18112K) Class: 2584K(2816K)->2584K(2816K)
[2025-06-03T15:45:12.701+0530][75.459s] GC(399) Pause Young (Normal) (G1 Evacuation Pause) 315M->9M(512M) 1.236ms
[2025-06-03T15:45:12.701+0530][75.459s] GC(399) User=0.00s Sys=0.00s Real=0.00s
[2025-06-03T15:45:12.846+0530][75.605s] GC(400) Pause Young (Normal) (G1 Evacuation Pause)
[2025-06-03T15:45:12.846+0530][75.605s] GC(400) Using 8 workers of 8 for evacuation
[2025-06-03T15:45:12.847+0530][75.605s] GC(400) Skipped phase 1 of Reference Processing: no references
[2025-06-03T15:45:12.847+0530][75.605s] GC(400) Skipped phase 2 of Reference Processing: no references
[2025-06-03T15:45:12.847+0530][75.605s] GC(400) Skipped phase 3 of Reference Processing: no references
[2025-06-03T15:45:12.847+0530][75.605s] GC(400) Skipped phase 4 of Reference Processing: no references
[2025-06-03T15:45:12.847+0530][75.606s] GC(400)   Pre Evacuate Collection Set: 0.1ms
[2025-06-03T15:45:12.847+0530][75.606s] GC(400)   Merge Heap Roots: 0.1ms
[2025-06-03T15:45:12.847+0530][75.606s] GC(400)   Evacuate Collection Set: 0.3ms
[2025-06-03T15:45:12.847+0530][75.606s] GC(400)   Post Evacuate Collection Set: 0.4ms
[2025-06-03T15:45:12.847+0530][75.606s] GC(400)   Other: 0.2ms
[2025-06-03T15:45:12.847+0530][75.606s] GC(400) Eden regions: 306->0(306)
[2025-06-03T15:45:12.848+0530][75.606s] GC(400) Survivor regions: 1->1(39)
[2025-06-03T15:45:12.848+0530][75.606s] GC(400) Old regions: 9->9
[2025-06-03T15:45:12.848+0530][75.606s] GC(400) Archive regions: 2->2
[2025-06-03T15:45:12.848+0530][75.606s] GC(400) Humongous regions: 0->0
[2025-06-03T15:45:12.848+0530][75.606s] GC(400) Metaspace: 20444K(20928K)->20444K(20928K) NonClass: 17860K(18112K)->17860K(18112K) Class: 2584K(2816K)->2584K(2816K)
[2025-06-03T15:45:12.848+0530][75.606s] GC(400) Pause Young (Normal) (G1 Evacuation Pause) 315M->9M(512M) 1.240ms
[2025-06-03T15:45:12.848+0530][75.606s] GC(400) User=0.00s Sys=0.00s Real=0.00s
[2025-06-03T15:45:12.994+0530][75.752s] GC(401) Pause Young (Normal) (G1 Evacuation Pause)
[2025-06-03T15:45:12.994+0530][75.752s] GC(401) Using 8 workers of 8 for evacuation
[2025-06-03T15:45:12.995+0530][75.753s] GC(401) Skipped phase 1 of Reference Processing: no references
[2025-06-03T15:45:12.995+0530][75.753s] GC(401) Skipped phase 2 of Reference Processing: no references
[2025-06-03T15:45:12.995+0530][75.753s] GC(401) Skipped phase 3 of Reference Processing: no references
[2025-06-03T15:45:12.995+0530][75.753s] GC(401) Skipped phase 4 of Reference Processing: no references
[2025-06-03T15:45:12.995+0530][75.754s] GC(401)   Pre Evacuate Collection Set: 0.1ms
[2025-06-03T15:45:12.995+0530][75.754s] GC(401)   Merge Heap Roots: 0.1ms
[2025-06-03T15:45:12.995+0530][75.754s] GC(401)   Evacuate Collection Set: 0.3ms
[2025-06-03T15:45:12.995+0530][75.754s] GC(401)   Post Evacuate Collection Set: 0.5ms
[2025-06-03T15:45:12.995+0530][75.754s] GC(401)   Other: 0.3ms
[2025-06-03T15:45:12.996+0530][75.754s] GC(401) Eden regions: 306->0(306)
[2025-06-03T15:45:12.996+0530][75.754s] GC(401) Survivor regions: 1->1(39)
[2025-06-03T15:45:12.996+0530][75.754s] GC(401) Old regions: 9->9
[2025-06-03T15:45:12.996+0530][75.754s] GC(401) Archive regions: 2->2
[2025-06-03T15:45:12.996+0530][75.754s] GC(401) Humongous regions: 0->0
[2025-06-03T15:45:12.996+0530][75.754s] GC(401) Metaspace: 20444K(20928K)->20444K(20928K) NonClass: 17860K(18112K)->17860K(18112K) Class: 2584K(2816K)->2584K(2816K)
[2025-06-03T15:45:12.996+0530][75.754s] GC(401) Pause Young (Normal) (G1 Evacuation Pause) 315M->9M(512M) 1.460ms
[2025-06-03T15:45:12.996+0530][75.754s] GC(401) User=0.00s Sys=0.00s Real=0.00s
[2025-06-03T15:45:13.140+0530][75.899s] GC(402) Pause Young (Normal) (G1 Evacuation Pause)
[2025-06-03T15:45:13.140+0530][75.899s] GC(402) Using 8 workers of 8 for evacuation
[2025-06-03T15:45:13.141+0530][75.899s] GC(402) Skipped phase 1 of Reference Processing: no references
[2025-06-03T15:45:13.141+0530][75.899s] GC(402) Skipped phase 2 of Reference Processing: no references
[2025-06-03T15:45:13.141+0530][75.899s] GC(402) Skipped phase 3 of Reference Processing: no references
[2025-06-03T15:45:13.141+0530][75.899s] GC(402) Skipped phase 4 of Reference Processing: no references
[2025-06-03T15:45:13.141+0530][75.900s] GC(402)   Pre Evacuate Collection Set: 0.1ms
[2025-06-03T15:45:13.141+0530][75.900s] GC(402)   Merge Heap Roots: 0.1ms
[2025-06-03T15:45:13.141+0530][75.900s] GC(402)   Evacuate Collection Set: 0.2ms
[2025-06-03T15:45:13.141+0530][75.900s] GC(402)   Post Evacuate Collection Set: 0.4ms
[2025-06-03T15:45:13.141+0530][75.900s] GC(402)   Other: 0.2ms
[2025-06-03T15:45:13.141+0530][75.900s] GC(402) Eden regions: 306->0(306)
[2025-06-03T15:45:13.141+0530][75.900s] GC(402) Survivor regions: 1->1(39)
[2025-06-03T15:45:13.141+0530][75.900s] GC(402) Old regions: 9->9
[2025-06-03T15:45:13.141+0530][75.900s] GC(402) Archive regions: 2->2
[2025-06-03T15:45:13.141+0530][75.900s] GC(402) Humongous regions: 0->0
[2025-06-03T15:45:13.141+0530][75.900s] GC(402) Metaspace: 20444K(20928K)->20444K(20928K) NonClass: 17860K(18112K)->17860K(18112K) Class: 2584K(2816K)->2584K(2816K)
[2025-06-03T15:45:13.141+0530][75.900s] GC(402) Pause Young (Normal) (G1 Evacuation Pause) 315M->9M(512M) 1.178ms
[2025-06-03T15:45:13.141+0530][75.900s] GC(402) User=0.00s Sys=0.00s Real=0.00s
[2025-06-03T15:45:13.297+0530][76.055s] GC(403) Pause Young (Normal) (G1 Evacuation Pause)
[2025-06-03T15:45:13.297+0530][76.055s] GC(403) Using 8 workers of 8 for evacuation
[2025-06-03T15:45:13.298+0530][76.056s] GC(403) Skipped phase 1 of Reference Processing: no references
[2025-06-03T15:45:13.298+0530][76.056s] GC(403) Skipped phase 2 of Reference Processing: no references
[2025-06-03T15:45:13.298+0530][76.056s] GC(403) Skipped phase 3 of Reference Processing: no references
[2025-06-03T15:45:13.298+0530][76.056s] GC(403) Skipped phase 4 of Reference Processing: no references
[2025-06-03T15:45:13.298+0530][76.056s] GC(403)   Pre Evacuate Collection Set: 0.1ms
[2025-06-03T15:45:13.298+0530][76.056s] GC(403)   Merge Heap Roots: 0.1ms
[2025-06-03T15:45:13.298+0530][76.056s] GC(403)   Evacuate Collection Set: 0.2ms
[2025-06-03T15:45:13.298+0530][76.056s] GC(403)   Post Evacuate Collection Set: 0.5ms
[2025-06-03T15:45:13.298+0530][76.056s] GC(403)   Other: 0.3ms
[2025-06-03T15:45:13.298+0530][76.056s] GC(403) Eden regions: 306->0(306)
[2025-06-03T15:45:13.298+0530][76.056s] GC(403) Survivor regions: 1->1(39)
[2025-06-03T15:45:13.298+0530][76.056s] GC(403) Old regions: 9->9
[2025-06-03T15:45:13.298+0530][76.056s] GC(403) Archive regions: 2->2
[2025-06-03T15:45:13.298+0530][76.057s] GC(403) Humongous regions: 0->0
[2025-06-03T15:45:13.298+0530][76.057s] GC(403) Metaspace: 20444K(20928K)->20444K(20928K) NonClass: 17860K(18112K)->17860K(18112K) Class: 2584K(2816K)->2584K(2816K)
[2025-06-03T15:45:13.298+0530][76.057s] GC(403) Pause Young (Normal) (G1 Evacuation Pause) 315M->9M(512M) 1.430ms
[2025-06-03T15:45:13.298+0530][76.057s] GC(403) User=0.00s Sys=0.01s Real=0.00s
[2025-06-03T15:45:13.459+0530][76.217s] GC(404) Pause Young (Normal) (G1 Evacuation Pause)
[2025-06-03T15:45:13.459+0530][76.217s] GC(404) Using 8 workers of 8 for evacuation
[2025-06-03T15:45:13.459+0530][76.218s] GC(404) Skipped phase 1 of Reference Processing: no references
[2025-06-03T15:45:13.459+0530][76.218s] GC(404) Skipped phase 2 of Reference Processing: no references
[2025-06-03T15:45:13.459+0530][76.218s] GC(404) Skipped phase 3 of Reference Processing: no references
[2025-06-03T15:45:13.460+0530][76.218s] GC(404) Skipped phase 4 of Reference Processing: no references
[2025-06-03T15:45:13.460+0530][76.218s] GC(404)   Pre Evacuate Collection Set: 0.1ms
[2025-06-03T15:45:13.460+0530][76.218s] GC(404)   Merge Heap Roots: 0.1ms
[2025-06-03T15:45:13.460+0530][76.218s] GC(404)   Evacuate Collection Set: 0.2ms
[2025-06-03T15:45:13.460+0530][76.218s] GC(404)   Post Evacuate Collection Set: 0.5ms
[2025-06-03T15:45:13.460+0530][76.218s] GC(404)   Other: 0.2ms
[2025-06-03T15:45:13.460+0530][76.218s] GC(404) Eden regions: 306->0(306)
[2025-06-03T15:45:13.460+0530][76.218s] GC(404) Survivor regions: 1->1(39)
[2025-06-03T15:45:13.460+0530][76.218s] GC(404) Old regions: 9->9
[2025-06-03T15:45:13.460+0530][76.218s] GC(404) Archive regions: 2->2
[2025-06-03T15:45:13.460+0530][76.218s] GC(404) Humongous regions: 0->0
[2025-06-03T15:45:13.460+0530][76.218s] GC(404) Metaspace: 20444K(20928K)->20444K(20928K) NonClass: 17860K(18112K)->17860K(18112K) Class: 2584K(2816K)->2584K(2816K)
[2025-06-03T15:45:13.460+0530][76.218s] GC(404) Pause Young (Normal) (G1 Evacuation Pause) 315M->9M(512M) 1.243ms
[2025-06-03T15:45:13.460+0530][76.218s] GC(404) User=0.00s Sys=0.00s Real=0.01s
[2025-06-03T15:45:13.646+0530][76.404s] GC(405) Pause Young (Normal) (G1 Evacuation Pause)
[2025-06-03T15:45:13.646+0530][76.404s] GC(405) Using 8 workers of 8 for evacuation
[2025-06-03T15:45:13.646+0530][76.405s] GC(405) Skipped phase 1 of Reference Processing: no references
[2025-06-03T15:45:13.646+0530][76.405s] GC(405) Skipped phase 2 of Reference Processing: no references
[2025-06-03T15:45:13.646+0530][76.405s] GC(405) Skipped phase 3 of Reference Processing: no references
[2025-06-03T15:45:13.646+0530][76.405s] GC(405) Skipped phase 4 of Reference Processing: no references
[2025-06-03T15:45:13.647+0530][76.405s] GC(405)   Pre Evacuate Collection Set: 0.1ms
[2025-06-03T15:45:13.647+0530][76.405s] GC(405)   Merge Heap Roots: 0.1ms
[2025-06-03T15:45:13.647+0530][76.405s] GC(405)   Evacuate Collection Set: 0.2ms
[2025-06-03T15:45:13.647+0530][76.405s] GC(405)   Post Evacuate Collection Set: 0.4ms
[2025-06-03T15:45:13.647+0530][76.405s] GC(405)   Other: 0.2ms
[2025-06-03T15:45:13.647+0530][76.405s] GC(405) Eden regions: 306->0(306)
[2025-06-03T15:45:13.647+0530][76.405s] GC(405) Survivor regions: 1->1(39)
[2025-06-03T15:45:13.647+0530][76.405s] GC(405) Old regions: 9->9
[2025-06-03T15:45:13.647+0530][76.405s] GC(405) Archive regions: 2->2
[2025-06-03T15:45:13.647+0530][76.405s] GC(405) Humongous regions: 0->0
[2025-06-03T15:45:13.647+0530][76.405s] GC(405) Metaspace: 20444K(20928K)->20444K(20928K) NonClass: 17860K(18112K)->17860K(18112K) Class: 2584K(2816K)->2584K(2816K)
[2025-06-03T15:45:13.647+0530][76.405s] GC(405) Pause Young (Normal) (G1 Evacuation Pause) 315M->9M(512M) 1.138ms
[2025-06-03T15:45:13.647+0530][76.405s] GC(405) User=0.00s Sys=0.00s Real=0.00s
[2025-06-03T15:45:13.814+0530][76.572s] GC(406) Pause Young (Normal) (G1 Evacuation Pause)
[2025-06-03T15:45:13.814+0530][76.572s] GC(406) Using 8 workers of 8 for evacuation
[2025-06-03T15:45:13.815+0530][76.573s] GC(406) Skipped phase 1 of Reference Processing: no references
[2025-06-03T15:45:13.815+0530][76.573s] GC(406) Skipped phase 2 of Reference Processing: no references
[2025-06-03T15:45:13.815+0530][76.573s] GC(406) Skipped phase 3 of Reference Processing: no references
[2025-06-03T15:45:13.815+0530][76.573s] GC(406) Skipped phase 4 of Reference Processing: no references
[2025-06-03T15:45:13.815+0530][76.573s] GC(406)   Pre Evacuate Collection Set: 0.1ms
[2025-06-03T15:45:13.815+0530][76.573s] GC(406)   Merge Heap Roots: 0.1ms
[2025-06-03T15:45:13.815+0530][76.574s] GC(406)   Evacuate Collection Set: 0.2ms
[2025-06-03T15:45:13.815+0530][76.574s] GC(406)   Post Evacuate Collection Set: 0.6ms
[2025-06-03T15:45:13.815+0530][76.574s] GC(406)   Other: 0.2ms
[2025-06-03T15:45:13.815+0530][76.574s] GC(406) Eden regions: 306->0(306)
[2025-06-03T15:45:13.815+0530][76.574s] GC(406) Survivor regions: 1->1(39)
[2025-06-03T15:45:13.815+0530][76.574s] GC(406) Old regions: 9->9
[2025-06-03T15:45:13.815+0530][76.574s] GC(406) Archive regions: 2->2
[2025-06-03T15:45:13.815+0530][76.574s] GC(406) Humongous regions: 0->0
[2025-06-03T15:45:13.815+0530][76.574s] GC(406) Metaspace: 20444K(20928K)->20444K(20928K) NonClass: 17860K(18112K)->17860K(18112K) Class: 2584K(2816K)->2584K(2816K)
[2025-06-03T15:45:13.815+0530][76.574s] GC(406) Pause Young (Normal) (G1 Evacuation Pause) 315M->9M(512M) 1.258ms
[2025-06-03T15:45:13.815+0530][76.574s] GC(406) User=0.00s Sys=0.00s Real=0.00s
[2025-06-03T15:45:13.990+0530][76.748s] GC(407) Pause Young (Normal) (G1 Evacuation Pause)
[2025-06-03T15:45:13.990+0530][76.749s] GC(407) Using 8 workers of 8 for evacuation
[2025-06-03T15:45:13.991+0530][76.749s] GC(407) Skipped phase 1 of Reference Processing: no references
[2025-06-03T15:45:13.991+0530][76.749s] GC(407) Skipped phase 2 of Reference Processing: no references
[2025-06-03T15:45:13.991+0530][76.749s] GC(407) Skipped phase 3 of Reference Processing: no references
[2025-06-03T15:45:13.991+0530][76.749s] GC(407) Skipped phase 4 of Reference Processing: no references
[2025-06-03T15:45:13.991+0530][76.750s] GC(407)   Pre Evacuate Collection Set: 0.1ms
[2025-06-03T15:45:13.991+0530][76.750s] GC(407)   Merge Heap Roots: 0.1ms
[2025-06-03T15:45:13.991+0530][76.750s] GC(407)   Evacuate Collection Set: 0.3ms
[2025-06-03T15:45:13.991+0530][76.750s] GC(407)   Post Evacuate Collection Set: 0.5ms
[2025-06-03T15:45:13.991+0530][76.750s] GC(407)   Other: 0.2ms
[2025-06-03T15:45:13.991+0530][76.750s] GC(407) Eden regions: 306->0(306)
[2025-06-03T15:45:13.991+0530][76.750s] GC(407) Survivor regions: 1->1(39)
[2025-06-03T15:45:13.991+0530][76.750s] GC(407) Old regions: 9->9
[2025-06-03T15:45:13.991+0530][76.750s] GC(407) Archive regions: 2->2
[2025-06-03T15:45:13.991+0530][76.750s] GC(407) Humongous regions: 0->0
[2025-06-03T15:45:13.991+0530][76.750s] GC(407) Metaspace: 20444K(20928K)->20444K(20928K) NonClass: 17860K(18112K)->17860K(18112K) Class: 2584K(2816K)->2584K(2816K)
[2025-06-03T15:45:13.991+0530][76.750s] GC(407) Pause Young (Normal) (G1 Evacuation Pause) 315M->9M(512M) 1.238ms
[2025-06-03T15:45:13.991+0530][76.750s] GC(407) User=0.00s Sys=0.00s Real=0.00s
[2025-06-03T15:45:14.162+0530][76.920s] GC(408) Pause Young (Normal) (G1 Evacuation Pause)
[2025-06-03T15:45:14.162+0530][76.920s] GC(408) Using 8 workers of 8 for evacuation
[2025-06-03T15:45:14.162+0530][76.921s] GC(408) Skipped phase 1 of Reference Processing: no references
[2025-06-03T15:45:14.162+0530][76.921s] GC(408) Skipped phase 2 of Reference Processing: no references
[2025-06-03T15:45:14.162+0530][76.921s] GC(408) Skipped phase 3 of Reference Processing: no references
[2025-06-03T15:45:14.162+0530][76.921s] GC(408) Skipped phase 4 of Reference Processing: no references
[2025-06-03T15:45:14.163+0530][76.921s] GC(408)   Pre Evacuate Collection Set: 0.1ms
[2025-06-03T15:45:14.163+0530][76.921s] GC(408)   Merge Heap Roots: 0.1ms
[2025-06-03T15:45:14.163+0530][76.921s] GC(408)   Evacuate Collection Set: 0.3ms
[2025-06-03T15:45:14.163+0530][76.921s] GC(408)   Post Evacuate Collection Set: 0.4ms
[2025-06-03T15:45:14.163+0530][76.921s] GC(408)   Other: 0.2ms
[2025-06-03T15:45:14.163+0530][76.921s] GC(408) Eden regions: 306->0(306)
[2025-06-03T15:45:14.163+0530][76.921s] GC(408) Survivor regions: 1->1(39)
[2025-06-03T15:45:14.163+0530][76.921s] GC(408) Old regions: 9->9
[2025-06-03T15:45:14.163+0530][76.921s] GC(408) Archive regions: 2->2
[2025-06-03T15:45:14.163+0530][76.921s] GC(408) Humongous regions: 0->0
[2025-06-03T15:45:14.163+0530][76.921s] GC(408) Metaspace: 20444K(20928K)->20444K(20928K) NonClass: 17860K(18112K)->17860K(18112K) Class: 2584K(2816K)->2584K(2816K)
[2025-06-03T15:45:14.163+0530][76.921s] GC(408) Pause Young (Normal) (G1 Evacuation Pause) 315M->9M(512M) 1.330ms
[2025-06-03T15:45:14.163+0530][76.921s] GC(408) User=0.00s Sys=0.00s Real=0.00s
[2025-06-03T15:45:14.326+0530][77.084s] GC(409) Pause Young (Normal) (G1 Evacuation Pause)
[2025-06-03T15:45:14.326+0530][77.084s] GC(409) Using 8 workers of 8 for evacuation
[2025-06-03T15:45:14.327+0530][77.085s] GC(409) Skipped phase 1 of Reference Processing: no references
[2025-06-03T15:45:14.327+0530][77.085s] GC(409) Skipped phase 2 of Reference Processing: no references
[2025-06-03T15:45:14.327+0530][77.085s] GC(409) Skipped phase 3 of Reference Processing: no references
[2025-06-03T15:45:14.327+0530][77.085s] GC(409) Skipped phase 4 of Reference Processing: no references
[2025-06-03T15:45:14.327+0530][77.086s] GC(409)   Pre Evacuate Collection Set: 0.1ms
[2025-06-03T15:45:14.327+0530][77.086s] GC(409)   Merge Heap Roots: 0.1ms
[2025-06-03T15:45:14.327+0530][77.086s] GC(409)   Evacuate Collection Set: 0.3ms
[2025-06-03T15:45:14.327+0530][77.086s] GC(409)   Post Evacuate Collection Set: 0.7ms
[2025-06-03T15:45:14.327+0530][77.086s] GC(409)   Other: 0.3ms
[2025-06-03T15:45:14.327+0530][77.086s] GC(409) Eden regions: 306->0(306)
[2025-06-03T15:45:14.327+0530][77.086s] GC(409) Survivor regions: 1->1(39)
[2025-06-03T15:45:14.327+0530][77.086s] GC(409) Old regions: 9->9
[2025-06-03T15:45:14.327+0530][77.086s] GC(409) Archive regions: 2->2
[2025-06-03T15:45:14.327+0530][77.086s] GC(409) Humongous regions: 0->0
[2025-06-03T15:45:14.327+0530][77.086s] GC(409) Metaspace: 20444K(20928K)->20444K(20928K) NonClass: 17860K(18112K)->17860K(18112K) Class: 2584K(2816K)->2584K(2816K)
[2025-06-03T15:45:14.327+0530][77.086s] GC(409) Pause Young (Normal) (G1 Evacuation Pause) 315M->9M(512M) 1.725ms
[2025-06-03T15:45:14.327+0530][77.086s] GC(409) User=0.00s Sys=0.00s Real=0.00s
[2025-06-03T15:45:14.508+0530][77.266s] GC(410) Pause Young (Normal) (G1 Evacuation Pause)
[2025-06-03T15:45:14.508+0530][77.266s] GC(410) Using 8 workers of 8 for evacuation
[2025-06-03T15:45:14.509+0530][77.267s] GC(410) Skipped phase 1 of Reference Processing: no references
[2025-06-03T15:45:14.509+0530][77.267s] GC(410) Skipped phase 2 of Reference Processing: no references
[2025-06-03T15:45:14.509+0530][77.267s] GC(410) Skipped phase 3 of Reference Processing: no references
[2025-06-03T15:45:14.509+0530][77.267s] GC(410) Skipped phase 4 of Reference Processing: no references
[2025-06-03T15:45:14.509+0530][77.267s] GC(410)   Pre Evacuate Collection Set: 0.1ms
[2025-06-03T15:45:14.509+0530][77.267s] GC(410)   Merge Heap Roots: 0.1ms
[2025-06-03T15:45:14.509+0530][77.267s] GC(410)   Evacuate Collection Set: 0.2ms
[2025-06-03T15:45:14.509+0530][77.267s] GC(410)   Post Evacuate Collection Set: 0.4ms
[2025-06-03T15:45:14.509+0530][77.267s] GC(410)   Other: 0.2ms
[2025-06-03T15:45:14.509+0530][77.268s] GC(410) Eden regions: 306->0(306)
[2025-06-03T15:45:14.509+0530][77.268s] GC(410) Survivor regions: 1->1(39)
[2025-06-03T15:45:14.509+0530][77.268s] GC(410) Old regions: 9->9
[2025-06-03T15:45:14.509+0530][77.268s] GC(410) Archive regions: 2->2
[2025-06-03T15:45:14.509+0530][77.268s] GC(410) Humongous regions: 0->0
[2025-06-03T15:45:14.509+0530][77.268s] GC(410) Metaspace: 20444K(20928K)->20444K(20928K) NonClass: 17860K(18112K)->17860K(18112K) Class: 2584K(2816K)->2584K(2816K)
[2025-06-03T15:45:14.509+0530][77.268s] GC(410) Pause Young (Normal) (G1 Evacuation Pause) 315M->9M(512M) 1.357ms
[2025-06-03T15:45:14.509+0530][77.268s] GC(410) User=0.00s Sys=0.00s Real=0.00s
[2025-06-03T15:45:14.675+0530][77.434s] GC(411) Pause Young (Normal) (G1 Evacuation Pause)
[2025-06-03T15:45:14.676+0530][77.434s] GC(411) Using 8 workers of 8 for evacuation
[2025-06-03T15:45:14.676+0530][77.434s] GC(411) Skipped phase 1 of Reference Processing: no references
[2025-06-03T15:45:14.676+0530][77.434s] GC(411) Skipped phase 2 of Reference Processing: no references
[2025-06-03T15:45:14.676+0530][77.434s] GC(411) Skipped phase 3 of Reference Processing: no references
[2025-06-03T15:45:14.676+0530][77.435s] GC(411) Skipped phase 4 of Reference Processing: no references
[2025-06-03T15:45:14.677+0530][77.435s] GC(411)   Pre Evacuate Collection Set: 0.1ms
[2025-06-03T15:45:14.677+0530][77.435s] GC(411)   Merge Heap Roots: 0.1ms
[2025-06-03T15:45:14.677+0530][77.435s] GC(411)   Evacuate Collection Set: 0.3ms
[2025-06-03T15:45:14.677+0530][77.435s] GC(411)   Post Evacuate Collection Set: 0.5ms
[2025-06-03T15:45:14.677+0530][77.435s] GC(411)   Other: 0.2ms
[2025-06-03T15:45:14.677+0530][77.435s] GC(411) Eden regions: 306->0(306)
[2025-06-03T15:45:14.677+0530][77.435s] GC(411) Survivor regions: 1->1(39)
[2025-06-03T15:45:14.677+0530][77.435s] GC(411) Old regions: 9->9
[2025-06-03T15:45:14.677+0530][77.435s] GC(411) Archive regions: 2->2
[2025-06-03T15:45:14.677+0530][77.435s] GC(411) Humongous regions: 0->0
[2025-06-03T15:45:14.677+0530][77.435s] GC(411) Metaspace: 20444K(20928K)->20444K(20928K) NonClass: 17860K(18112K)->17860K(18112K) Class: 2584K(2816K)->2584K(2816K)
[2025-06-03T15:45:14.677+0530][77.435s] GC(411) Pause Young (Normal) (G1 Evacuation Pause) 315M->9M(512M) 1.574ms
[2025-06-03T15:45:14.677+0530][77.435s] GC(411) User=0.00s Sys=0.00s Real=0.00s
[2025-06-03T15:45:14.844+0530][77.602s] GC(412) Pause Young (Normal) (G1 Evacuation Pause)
[2025-06-03T15:45:14.844+0530][77.603s] GC(412) Using 8 workers of 8 for evacuation
[2025-06-03T15:45:14.845+0530][77.603s] GC(412) Skipped phase 1 of Reference Processing: no references
[2025-06-03T15:45:14.845+0530][77.603s] GC(412) Skipped phase 2 of Reference Processing: no references
[2025-06-03T15:45:14.845+0530][77.603s] GC(412) Skipped phase 3 of Reference Processing: no references
[2025-06-03T15:45:14.845+0530][77.603s] GC(412) Skipped phase 4 of Reference Processing: no references
[2025-06-03T15:45:14.845+0530][77.604s] GC(412)   Pre Evacuate Collection Set: 0.1ms
[2025-06-03T15:45:14.845+0530][77.604s] GC(412)   Merge Heap Roots: 0.1ms
[2025-06-03T15:45:14.845+0530][77.604s] GC(412)   Evacuate Collection Set: 0.3ms
[2025-06-03T15:45:14.845+0530][77.604s] GC(412)   Post Evacuate Collection Set: 0.6ms
[2025-06-03T15:45:14.846+0530][77.604s] GC(412)   Other: 0.2ms
[2025-06-03T15:45:14.846+0530][77.604s] GC(412) Eden regions: 306->0(306)
[2025-06-03T15:45:14.846+0530][77.604s] GC(412) Survivor regions: 1->1(39)
[2025-06-03T15:45:14.846+0530][77.604s] GC(412) Old regions: 9->9
[2025-06-03T15:45:14.846+0530][77.604s] GC(412) Archive regions: 2->2
[2025-06-03T15:45:14.846+0530][77.604s] GC(412) Humongous regions: 0->0
[2025-06-03T15:45:14.846+0530][77.604s] GC(412) Metaspace: 20444K(20928K)->20444K(20928K) NonClass: 17860K(18112K)->17860K(18112K) Class: 2584K(2816K)->2584K(2816K)
[2025-06-03T15:45:14.846+0530][77.604s] GC(412) Pause Young (Normal) (G1 Evacuation Pause) 315M->9M(512M) 1.586ms
[2025-06-03T15:45:14.846+0530][77.604s] GC(412) User=0.00s Sys=0.00s Real=0.00s
[2025-06-03T15:45:15.033+0530][77.791s] GC(413) Pause Young (Normal) (G1 Evacuation Pause)
[2025-06-03T15:45:15.033+0530][77.791s] GC(413) Using 8 workers of 8 for evacuation
[2025-06-03T15:45:15.033+0530][77.791s] GC(413) Skipped phase 1 of Reference Processing: no references
[2025-06-03T15:45:15.033+0530][77.791s] GC(413) Skipped phase 2 of Reference Processing: no references
[2025-06-03T15:45:15.033+0530][77.791s] GC(413) Skipped phase 3 of Reference Processing: no references
[2025-06-03T15:45:15.033+0530][77.791s] GC(413) Skipped phase 4 of Reference Processing: no references
[2025-06-03T15:45:15.034+0530][77.792s] GC(413)   Pre Evacuate Collection Set: 0.1ms
[2025-06-03T15:45:15.034+0530][77.792s] GC(413)   Merge Heap Roots: 0.1ms
[2025-06-03T15:45:15.034+0530][77.792s] GC(413)   Evacuate Collection Set: 0.3ms
[2025-06-03T15:45:15.034+0530][77.792s] GC(413)   Post Evacuate Collection Set: 0.5ms
[2025-06-03T15:45:15.034+0530][77.792s] GC(413)   Other: 0.2ms
[2025-06-03T15:45:15.034+0530][77.792s] GC(413) Eden regions: 306->0(306)
[2025-06-03T15:45:15.034+0530][77.792s] GC(413) Survivor regions: 1->1(39)
[2025-06-03T15:45:15.034+0530][77.792s] GC(413) Old regions: 9->9
[2025-06-03T15:45:15.034+0530][77.792s] GC(413) Archive regions: 2->2
[2025-06-03T15:45:15.034+0530][77.792s] GC(413) Humongous regions: 0->0
[2025-06-03T15:45:15.034+0530][77.792s] GC(413) Metaspace: 20445K(20928K)->20445K(20928K) NonClass: 17860K(18112K)->17860K(18112K) Class: 2584K(2816K)->2584K(2816K)
[2025-06-03T15:45:15.034+0530][77.792s] GC(413) Pause Young (Normal) (G1 Evacuation Pause) 315M->9M(512M) 1.337ms
[2025-06-03T15:45:15.034+0530][77.792s] GC(413) User=0.01s Sys=0.01s Real=0.00s
[2025-06-03T15:45:15.196+0530][77.954s] GC(414) Pause Young (Normal) (G1 Evacuation Pause)
[2025-06-03T15:45:15.196+0530][77.954s] GC(414) Using 8 workers of 8 for evacuation
[2025-06-03T15:45:15.196+0530][77.955s] GC(414) Skipped phase 1 of Reference Processing: no references
[2025-06-03T15:45:15.196+0530][77.955s] GC(414) Skipped phase 2 of Reference Processing: no references
[2025-06-03T15:45:15.196+0530][77.955s] GC(414) Skipped phase 3 of Reference Processing: no references
[2025-06-03T15:45:15.196+0530][77.955s] GC(414) Skipped phase 4 of Reference Processing: no references
[2025-06-03T15:45:15.197+0530][77.955s] GC(414)   Pre Evacuate Collection Set: 0.1ms
[2025-06-03T15:45:15.197+0530][77.955s] GC(414)   Merge Heap Roots: 0.1ms
[2025-06-03T15:45:15.197+0530][77.955s] GC(414)   Evacuate Collection Set: 0.3ms
[2025-06-03T15:45:15.197+0530][77.955s] GC(414)   Post Evacuate Collection Set: 0.5ms
[2025-06-03T15:45:15.197+0530][77.956s] GC(414)   Other: 0.2ms
[2025-06-03T15:45:15.197+0530][77.956s] GC(414) Eden regions: 306->0(306)
[2025-06-03T15:45:15.197+0530][77.956s] GC(414) Survivor regions: 1->1(39)
[2025-06-03T15:45:15.197+0530][77.956s] GC(414) Old regions: 9->9
[2025-06-03T15:45:15.198+0530][77.956s] GC(414) Archive regions: 2->2
[2025-06-03T15:45:15.198+0530][77.956s] GC(414) Humongous regions: 0->0
[2025-06-03T15:45:15.198+0530][77.956s] GC(414) Metaspace: 20445K(20928K)->20445K(20928K) NonClass: 17860K(18112K)->17860K(18112K) Class: 2584K(2816K)->2584K(2816K)
[2025-06-03T15:45:15.198+0530][77.956s] GC(414) Pause Young (Normal) (G1 Evacuation Pause) 315M->9M(512M) 1.867ms
[2025-06-03T15:45:15.198+0530][77.956s] GC(414) User=0.00s Sys=0.00s Real=0.00s
[2025-06-03T15:45:15.372+0530][78.131s] GC(415) Pause Young (Normal) (G1 Evacuation Pause)
[2025-06-03T15:45:15.372+0530][78.131s] GC(415) Using 8 workers of 8 for evacuation
[2025-06-03T15:45:15.373+0530][78.131s] GC(415) Skipped phase 1 of Reference Processing: no references
[2025-06-03T15:45:15.373+0530][78.131s] GC(415) Skipped phase 2 of Reference Processing: no references
[2025-06-03T15:45:15.373+0530][78.131s] GC(415) Skipped phase 3 of Reference Processing: no references
[2025-06-03T15:45:15.373+0530][78.131s] GC(415) Skipped phase 4 of Reference Processing: no references
[2025-06-03T15:45:15.373+0530][78.132s] GC(415)   Pre Evacuate Collection Set: 0.1ms
[2025-06-03T15:45:15.373+0530][78.132s] GC(415)   Merge Heap Roots: 0.1ms
[2025-06-03T15:45:15.373+0530][78.132s] GC(415)   Evacuate Collection Set: 0.3ms
[2025-06-03T15:45:15.374+0530][78.132s] GC(415)   Post Evacuate Collection Set: 0.5ms
[2025-06-03T15:45:15.374+0530][78.132s] GC(415)   Other: 0.2ms
[2025-06-03T15:45:15.374+0530][78.132s] GC(415) Eden regions: 306->0(306)
[2025-06-03T15:45:15.374+0530][78.132s] GC(415) Survivor regions: 1->1(39)
[2025-06-03T15:45:15.374+0530][78.132s] GC(415) Old regions: 9->9
[2025-06-03T15:45:15.374+0530][78.132s] GC(415) Archive regions: 2->2
[2025-06-03T15:45:15.374+0530][78.132s] GC(415) Humongous regions: 0->0
[2025-06-03T15:45:15.374+0530][78.132s] GC(415) Metaspace: 20445K(20928K)->20445K(20928K) NonClass: 17860K(18112K)->17860K(18112K) Class: 2584K(2816K)->2584K(2816K)
[2025-06-03T15:45:15.374+0530][78.132s] GC(415) Pause Young (Normal) (G1 Evacuation Pause) 315M->9M(512M) 1.334ms
[2025-06-03T15:45:15.374+0530][78.132s] GC(415) User=0.01s Sys=0.00s Real=0.00s
[2025-06-03T15:45:15.524+0530][78.282s] GC(416) Pause Young (Normal) (G1 Evacuation Pause)
[2025-06-03T15:45:15.524+0530][78.282s] GC(416) Using 8 workers of 8 for evacuation
[2025-06-03T15:45:15.524+0530][78.283s] GC(416) Skipped phase 1 of Reference Processing: no references
[2025-06-03T15:45:15.524+0530][78.283s] GC(416) Skipped phase 2 of Reference Processing: no references
[2025-06-03T15:45:15.524+0530][78.283s] GC(416) Skipped phase 3 of Reference Processing: no references
[2025-06-03T15:45:15.524+0530][78.283s] GC(416) Skipped phase 4 of Reference Processing: no references
[2025-06-03T15:45:15.525+0530][78.283s] GC(416)   Pre Evacuate Collection Set: 0.1ms
[2025-06-03T15:45:15.525+0530][78.283s] GC(416)   Merge Heap Roots: 0.1ms
[2025-06-03T15:45:15.525+0530][78.283s] GC(416)   Evacuate Collection Set: 0.2ms
[2025-06-03T15:45:15.525+0530][78.283s] GC(416)   Post Evacuate Collection Set: 0.4ms
[2025-06-03T15:45:15.525+0530][78.283s] GC(416)   Other: 0.2ms
[2025-06-03T15:45:15.525+0530][78.283s] GC(416) Eden regions: 306->0(306)
[2025-06-03T15:45:15.525+0530][78.283s] GC(416) Survivor regions: 1->1(39)
[2025-06-03T15:45:15.525+0530][78.283s] GC(416) Old regions: 9->9
[2025-06-03T15:45:15.525+0530][78.283s] GC(416) Archive regions: 2->2
[2025-06-03T15:45:15.525+0530][78.283s] GC(416) Humongous regions: 0->0
[2025-06-03T15:45:15.525+0530][78.283s] GC(416) Metaspace: 20445K(20928K)->20445K(20928K) NonClass: 17860K(18112K)->17860K(18112K) Class: 2584K(2816K)->2584K(2816K)
[2025-06-03T15:45:15.525+0530][78.283s] GC(416) Pause Young (Normal) (G1 Evacuation Pause) 315M->9M(512M) 1.208ms
[2025-06-03T15:45:15.525+0530][78.283s] GC(416) User=0.00s Sys=0.00s Real=0.00s
[2025-06-03T15:45:15.673+0530][78.431s] GC(417) Pause Young (Normal) (G1 Evacuation Pause)
[2025-06-03T15:45:15.673+0530][78.431s] GC(417) Using 8 workers of 8 for evacuation
[2025-06-03T15:45:15.674+0530][78.432s] GC(417) Skipped phase 1 of Reference Processing: no references
[2025-06-03T15:45:15.674+0530][78.432s] GC(417) Skipped phase 2 of Reference Processing: no references
[2025-06-03T15:45:15.674+0530][78.432s] GC(417) Skipped phase 3 of Reference Processing: no references
[2025-06-03T15:45:15.674+0530][78.432s] GC(417) Skipped phase 4 of Reference Processing: no references
[2025-06-03T15:45:15.674+0530][78.432s] GC(417)   Pre Evacuate Collection Set: 0.1ms
[2025-06-03T15:45:15.674+0530][78.432s] GC(417)   Merge Heap Roots: 0.1ms
[2025-06-03T15:45:15.674+0530][78.432s] GC(417)   Evacuate Collection Set: 0.2ms
[2025-06-03T15:45:15.674+0530][78.432s] GC(417)   Post Evacuate Collection Set: 0.5ms
[2025-06-03T15:45:15.674+0530][78.432s] GC(417)   Other: 0.2ms
[2025-06-03T15:45:15.674+0530][78.432s] GC(417) Eden regions: 306->0(306)
[2025-06-03T15:45:15.674+0530][78.432s] GC(417) Survivor regions: 1->1(39)
[2025-06-03T15:45:15.674+0530][78.433s] GC(417) Old regions: 9->9
[2025-06-03T15:45:15.674+0530][78.433s] GC(417) Archive regions: 2->2
[2025-06-03T15:45:15.674+0530][78.433s] GC(417) Humongous regions: 0->0
[2025-06-03T15:45:15.674+0530][78.433s] GC(417) Metaspace: 20445K(20928K)->20445K(20928K) NonClass: 17860K(18112K)->17860K(18112K) Class: 2584K(2816K)->2584K(2816K)
[2025-06-03T15:45:15.674+0530][78.433s] GC(417) Pause Young (Normal) (G1 Evacuation Pause) 315M->9M(512M) 1.213ms
[2025-06-03T15:45:15.674+0530][78.433s] GC(417) User=0.00s Sys=0.00s Real=0.00s
[2025-06-03T15:45:15.825+0530][78.583s] GC(418) Pause Young (Normal) (G1 Evacuation Pause)
[2025-06-03T15:45:15.825+0530][78.584s] GC(418) Using 8 workers of 8 for evacuation
[2025-06-03T15:45:15.826+0530][78.584s] GC(418) Skipped phase 1 of Reference Processing: no references
[2025-06-03T15:45:15.826+0530][78.584s] GC(418) Skipped phase 2 of Reference Processing: no references
[2025-06-03T15:45:15.826+0530][78.584s] GC(418) Skipped phase 3 of Reference Processing: no references
[2025-06-03T15:45:15.826+0530][78.584s] GC(418) Skipped phase 4 of Reference Processing: no references
[2025-06-03T15:45:15.826+0530][78.585s] GC(418)   Pre Evacuate Collection Set: 0.1ms
[2025-06-03T15:45:15.826+0530][78.585s] GC(418)   Merge Heap Roots: 0.1ms
[2025-06-03T15:45:15.826+0530][78.585s] GC(418)   Evacuate Collection Set: 0.3ms
[2025-06-03T15:45:15.826+0530][78.585s] GC(418)   Post Evacuate Collection Set: 0.5ms
[2025-06-03T15:45:15.826+0530][78.585s] GC(418)   Other: 0.2ms
[2025-06-03T15:45:15.826+0530][78.585s] GC(418) Eden regions: 306->0(306)
[2025-06-03T15:45:15.826+0530][78.585s] GC(418) Survivor regions: 1->1(39)
[2025-06-03T15:45:15.826+0530][78.585s] GC(418) Old regions: 9->9
[2025-06-03T15:45:15.827+0530][78.585s] GC(418) Archive regions: 2->2
[2025-06-03T15:45:15.827+0530][78.585s] GC(418) Humongous regions: 0->0
[2025-06-03T15:45:15.827+0530][78.585s] GC(418) Metaspace: 20445K(20928K)->20445K(20928K) NonClass: 17860K(18112K)->17860K(18112K) Class: 2584K(2816K)->2584K(2816K)
[2025-06-03T15:45:15.827+0530][78.585s] GC(418) Pause Young (Normal) (G1 Evacuation Pause) 315M->9M(512M) 1.385ms
[2025-06-03T15:45:15.827+0530][78.585s] GC(418) User=0.00s Sys=0.00s Real=0.00s
[2025-06-03T15:45:15.981+0530][78.739s] GC(419) Pause Young (Normal) (G1 Evacuation Pause)
[2025-06-03T15:45:15.981+0530][78.739s] GC(419) Using 8 workers of 8 for evacuation
[2025-06-03T15:45:15.981+0530][78.740s] GC(419) Skipped phase 1 of Reference Processing: no references
[2025-06-03T15:45:15.981+0530][78.740s] GC(419) Skipped phase 2 of Reference Processing: no references
[2025-06-03T15:45:15.981+0530][78.740s] GC(419) Skipped phase 3 of Reference Processing: no references
[2025-06-03T15:45:15.981+0530][78.740s] GC(419) Skipped phase 4 of Reference Processing: no references
[2025-06-03T15:45:15.982+0530][78.740s] GC(419)   Pre Evacuate Collection Set: 0.1ms
[2025-06-03T15:45:15.982+0530][78.740s] GC(419)   Merge Heap Roots: 0.1ms
[2025-06-03T15:45:15.982+0530][78.740s] GC(419)   Evacuate Collection Set: 0.3ms
[2025-06-03T15:45:15.982+0530][78.740s] GC(419)   Post Evacuate Collection Set: 0.4ms
[2025-06-03T15:45:15.982+0530][78.740s] GC(419)   Other: 0.2ms
[2025-06-03T15:45:15.982+0530][78.740s] GC(419) Eden regions: 306->0(306)
[2025-06-03T15:45:15.982+0530][78.740s] GC(419) Survivor regions: 1->1(39)
[2025-06-03T15:45:15.982+0530][78.740s] GC(419) Old regions: 9->9
[2025-06-03T15:45:15.982+0530][78.740s] GC(419) Archive regions: 2->2
[2025-06-03T15:45:15.982+0530][78.740s] GC(419) Humongous regions: 0->0
[2025-06-03T15:45:15.982+0530][78.740s] GC(419) Metaspace: 20445K(20928K)->20445K(20928K) NonClass: 17860K(18112K)->17860K(18112K) Class: 2584K(2816K)->2584K(2816K)
[2025-06-03T15:45:15.982+0530][78.740s] GC(419) Pause Young (Normal) (G1 Evacuation Pause) 315M->9M(512M) 1.209ms
[2025-06-03T15:45:15.982+0530][78.740s] GC(419) User=0.00s Sys=0.00s Real=0.00s
[2025-06-03T15:45:16.131+0530][78.889s] GC(420) Pause Young (Normal) (G1 Evacuation Pause)
[2025-06-03T15:45:16.131+0530][78.890s] GC(420) Using 8 workers of 8 for evacuation
[2025-06-03T15:45:16.132+0530][78.890s] GC(420) Skipped phase 1 of Reference Processing: no references
[2025-06-03T15:45:16.132+0530][78.890s] GC(420) Skipped phase 2 of Reference Processing: no references
[2025-06-03T15:45:16.132+0530][78.890s] GC(420) Skipped phase 3 of Reference Processing: no references
[2025-06-03T15:45:16.132+0530][78.890s] GC(420) Skipped phase 4 of Reference Processing: no references
[2025-06-03T15:45:16.132+0530][78.890s] GC(420)   Pre Evacuate Collection Set: 0.1ms
[2025-06-03T15:45:16.132+0530][78.891s] GC(420)   Merge Heap Roots: 0.1ms
[2025-06-03T15:45:16.132+0530][78.891s] GC(420)   Evacuate Collection Set: 0.2ms
[2025-06-03T15:45:16.132+0530][78.891s] GC(420)   Post Evacuate Collection Set: 0.4ms
[2025-06-03T15:45:16.132+0530][78.891s] GC(420)   Other: 0.2ms
[2025-06-03T15:45:16.132+0530][78.891s] GC(420) Eden regions: 306->0(306)
[2025-06-03T15:45:16.132+0530][78.891s] GC(420) Survivor regions: 1->1(39)
[2025-06-03T15:45:16.132+0530][78.891s] GC(420) Old regions: 9->9
[2025-06-03T15:45:16.132+0530][78.891s] GC(420) Archive regions: 2->2
[2025-06-03T15:45:16.132+0530][78.891s] GC(420) Humongous regions: 0->0
[2025-06-03T15:45:16.132+0530][78.891s] GC(420) Metaspace: 20445K(20928K)->20445K(20928K) NonClass: 17860K(18112K)->17860K(18112K) Class: 2584K(2816K)->2584K(2816K)
[2025-06-03T15:45:16.132+0530][78.891s] GC(420) Pause Young (Normal) (G1 Evacuation Pause) 315M->9M(512M) 1.322ms
[2025-06-03T15:45:16.132+0530][78.891s] GC(420) User=0.00s Sys=0.00s Real=0.00s
[2025-06-03T15:45:16.281+0530][79.039s] GC(421) Pause Young (Normal) (G1 Evacuation Pause)
[2025-06-03T15:45:16.281+0530][79.039s] GC(421) Using 8 workers of 8 for evacuation
[2025-06-03T15:45:16.281+0530][79.039s] GC(421) Skipped phase 1 of Reference Processing: no references
[2025-06-03T15:45:16.281+0530][79.039s] GC(421) Skipped phase 2 of Reference Processing: no references
[2025-06-03T15:45:16.281+0530][79.040s] GC(421) Skipped phase 3 of Reference Processing: no references
[2025-06-03T15:45:16.281+0530][79.040s] GC(421) Skipped phase 4 of Reference Processing: no references
[2025-06-03T15:45:16.282+0530][79.040s] GC(421)   Pre Evacuate Collection Set: 0.1ms
[2025-06-03T15:45:16.282+0530][79.040s] GC(421)   Merge Heap Roots: 0.1ms
[2025-06-03T15:45:16.282+0530][79.040s] GC(421)   Evacuate Collection Set: 0.2ms
[2025-06-03T15:45:16.282+0530][79.040s] GC(421)   Post Evacuate Collection Set: 0.5ms
[2025-06-03T15:45:16.282+0530][79.040s] GC(421)   Other: 0.2ms
[2025-06-03T15:45:16.282+0530][79.040s] GC(421) Eden regions: 306->0(306)
[2025-06-03T15:45:16.282+0530][79.040s] GC(421) Survivor regions: 1->1(39)
[2025-06-03T15:45:16.282+0530][79.040s] GC(421) Old regions: 9->9
[2025-06-03T15:45:16.282+0530][79.040s] GC(421) Archive regions: 2->2
[2025-06-03T15:45:16.282+0530][79.040s] GC(421) Humongous regions: 0->0
[2025-06-03T15:45:16.282+0530][79.040s] GC(421) Metaspace: 20445K(20928K)->20445K(20928K) NonClass: 17860K(18112K)->17860K(18112K) Class: 2584K(2816K)->2584K(2816K)
[2025-06-03T15:45:16.282+0530][79.040s] GC(421) Pause Young (Normal) (G1 Evacuation Pause) 315M->9M(512M) 1.242ms
[2025-06-03T15:45:16.282+0530][79.040s] GC(421) User=0.00s Sys=0.00s Real=0.00s
[2025-06-03T15:45:16.432+0530][79.190s] GC(422) Pause Young (Normal) (G1 Evacuation Pause)
[2025-06-03T15:45:16.432+0530][79.190s] GC(422) Using 8 workers of 8 for evacuation
[2025-06-03T15:45:16.433+0530][79.191s] GC(422) Skipped phase 1 of Reference Processing: no references
[2025-06-03T15:45:16.433+0530][79.191s] GC(422) Skipped phase 2 of Reference Processing: no references
[2025-06-03T15:45:16.433+0530][79.191s] GC(422) Skipped phase 3 of Reference Processing: no references
[2025-06-03T15:45:16.433+0530][79.191s] GC(422) Skipped phase 4 of Reference Processing: no references
[2025-06-03T15:45:16.433+0530][79.191s] GC(422)   Pre Evacuate Collection Set: 0.1ms
[2025-06-03T15:45:16.433+0530][79.192s] GC(422)   Merge Heap Roots: 0.1ms
[2025-06-03T15:45:16.433+0530][79.192s] GC(422)   Evacuate Collection Set: 0.3ms
[2025-06-03T15:45:16.433+0530][79.192s] GC(422)   Post Evacuate Collection Set: 0.5ms
[2025-06-03T15:45:16.433+0530][79.192s] GC(422)   Other: 0.2ms
[2025-06-03T15:45:16.433+0530][79.192s] GC(422) Eden regions: 306->0(306)
[2025-06-03T15:45:16.433+0530][79.192s] GC(422) Survivor regions: 1->1(39)
[2025-06-03T15:45:16.433+0530][79.192s] GC(422) Old regions: 9->9
[2025-06-03T15:45:16.433+0530][79.192s] GC(422) Archive regions: 2->2
[2025-06-03T15:45:16.433+0530][79.192s] GC(422) Humongous regions: 0->0
[2025-06-03T15:45:16.433+0530][79.192s] GC(422) Metaspace: 20445K(20928K)->20445K(20928K) NonClass: 17860K(18112K)->17860K(18112K) Class: 2584K(2816K)->2584K(2816K)
[2025-06-03T15:45:16.433+0530][79.192s] GC(422) Pause Young (Normal) (G1 Evacuation Pause) 315M->9M(512M) 1.263ms
[2025-06-03T15:45:16.433+0530][79.192s] GC(422) User=0.01s Sys=0.00s Real=0.00s
[2025-06-03T15:45:16.582+0530][79.340s] GC(423) Pause Young (Normal) (G1 Evacuation Pause)
[2025-06-03T15:45:16.582+0530][79.340s] GC(423) Using 8 workers of 8 for evacuation
[2025-06-03T15:45:16.583+0530][79.341s] GC(423) Skipped phase 1 of Reference Processing: no references
[2025-06-03T15:45:16.583+0530][79.341s] GC(423) Skipped phase 2 of Reference Processing: no references
[2025-06-03T15:45:16.583+0530][79.341s] GC(423) Skipped phase 3 of Reference Processing: no references
[2025-06-03T15:45:16.583+0530][79.341s] GC(423) Skipped phase 4 of Reference Processing: no references
[2025-06-03T15:45:16.583+0530][79.341s] GC(423)   Pre Evacuate Collection Set: 0.1ms
[2025-06-03T15:45:16.583+0530][79.341s] GC(423)   Merge Heap Roots: 0.1ms
[2025-06-03T15:45:16.583+0530][79.342s] GC(423)   Evacuate Collection Set: 0.2ms
[2025-06-03T15:45:16.583+0530][79.342s] GC(423)   Post Evacuate Collection Set: 0.5ms
[2025-06-03T15:45:16.583+0530][79.342s] GC(423)   Other: 0.3ms
[2025-06-03T15:45:16.583+0530][79.342s] GC(423) Eden regions: 306->0(306)
[2025-06-03T15:45:16.583+0530][79.342s] GC(423) Survivor regions: 1->1(39)
[2025-06-03T15:45:16.583+0530][79.342s] GC(423) Old regions: 9->9
[2025-06-03T15:45:16.583+0530][79.342s] GC(423) Archive regions: 2->2
[2025-06-03T15:45:16.583+0530][79.342s] GC(423) Humongous regions: 0->0
[2025-06-03T15:45:16.583+0530][79.342s] GC(423) Metaspace: 20445K(20928K)->20445K(20928K) NonClass: 17860K(18112K)->17860K(18112K) Class: 2584K(2816K)->2584K(2816K)
[2025-06-03T15:45:16.583+0530][79.342s] GC(423) Pause Young (Normal) (G1 Evacuation Pause) 315M->9M(512M) 1.387ms
[2025-06-03T15:45:16.583+0530][79.342s] GC(423) User=0.00s Sys=0.00s Real=0.00s
[2025-06-03T15:45:16.732+0530][79.491s] GC(424) Pause Young (Normal) (G1 Evacuation Pause)
[2025-06-03T15:45:16.732+0530][79.491s] GC(424) Using 8 workers of 8 for evacuation
[2025-06-03T15:45:16.733+0530][79.491s] GC(424) Skipped phase 1 of Reference Processing: no references
[2025-06-03T15:45:16.733+0530][79.491s] GC(424) Skipped phase 2 of Reference Processing: no references
[2025-06-03T15:45:16.733+0530][79.491s] GC(424) Skipped phase 3 of Reference Processing: no references
[2025-06-03T15:45:16.733+0530][79.491s] GC(424) Skipped phase 4 of Reference Processing: no references
[2025-06-03T15:45:16.733+0530][79.492s] GC(424)   Pre Evacuate Collection Set: 0.1ms
[2025-06-03T15:45:16.733+0530][79.492s] GC(424)   Merge Heap Roots: 0.1ms
[2025-06-03T15:45:16.733+0530][79.492s] GC(424)   Evacuate Collection Set: 0.2ms
[2025-06-03T15:45:16.733+0530][79.492s] GC(424)   Post Evacuate Collection Set: 0.5ms
[2025-06-03T15:45:16.733+0530][79.492s] GC(424)   Other: 0.2ms
[2025-06-03T15:45:16.733+0530][79.492s] GC(424) Eden regions: 306->0(306)
[2025-06-03T15:45:16.733+0530][79.492s] GC(424) Survivor regions: 1->1(39)
[2025-06-03T15:45:16.733+0530][79.492s] GC(424) Old regions: 9->9
[2025-06-03T15:45:16.733+0530][79.492s] GC(424) Archive regions: 2->2
[2025-06-03T15:45:16.733+0530][79.492s] GC(424) Humongous regions: 0->0
[2025-06-03T15:45:16.733+0530][79.492s] GC(424) Metaspace: 20445K(20928K)->20445K(20928K) NonClass: 17860K(18112K)->17860K(18112K) Class: 2584K(2816K)->2584K(2816K)
[2025-06-03T15:45:16.733+0530][79.492s] GC(424) Pause Young (Normal) (G1 Evacuation Pause) 315M->9M(512M) 1.205ms
[2025-06-03T15:45:16.733+0530][79.492s] GC(424) User=0.01s Sys=0.00s Real=0.00s
[2025-06-03T15:45:16.882+0530][79.640s] GC(425) Pause Young (Normal) (G1 Evacuation Pause)
[2025-06-03T15:45:16.882+0530][79.640s] GC(425) Using 8 workers of 8 for evacuation
[2025-06-03T15:45:16.882+0530][79.641s] GC(425) Skipped phase 1 of Reference Processing: no references
[2025-06-03T15:45:16.882+0530][79.641s] GC(425) Skipped phase 2 of Reference Processing: no references
[2025-06-03T15:45:16.882+0530][79.641s] GC(425) Skipped phase 3 of Reference Processing: no references
[2025-06-03T15:45:16.882+0530][79.641s] GC(425) Skipped phase 4 of Reference Processing: no references
[2025-06-03T15:45:16.883+0530][79.641s] GC(425)   Pre Evacuate Collection Set: 0.1ms
[2025-06-03T15:45:16.883+0530][79.641s] GC(425)   Merge Heap Roots: 0.1ms
[2025-06-03T15:45:16.883+0530][79.641s] GC(425)   Evacuate Collection Set: 0.2ms
[2025-06-03T15:45:16.883+0530][79.641s] GC(425)   Post Evacuate Collection Set: 0.5ms
[2025-06-03T15:45:16.883+0530][79.641s] GC(425)   Other: 0.2ms
[2025-06-03T15:45:16.883+0530][79.641s] GC(425) Eden regions: 306->0(306)
[2025-06-03T15:45:16.883+0530][79.641s] GC(425) Survivor regions: 1->1(39)
[2025-06-03T15:45:16.883+0530][79.641s] GC(425) Old regions: 9->9
[2025-06-03T15:45:16.883+0530][79.641s] GC(425) Archive regions: 2->2
[2025-06-03T15:45:16.883+0530][79.641s] GC(425) Humongous regions: 0->0
[2025-06-03T15:45:16.883+0530][79.641s] GC(425) Metaspace: 20445K(20928K)->20445K(20928K) NonClass: 17860K(18112K)->17860K(18112K) Class: 2584K(2816K)->2584K(2816K)
[2025-06-03T15:45:16.883+0530][79.641s] GC(425) Pause Young (Normal) (G1 Evacuation Pause) 315M->9M(512M) 1.298ms
[2025-06-03T15:45:16.883+0530][79.641s] GC(425) User=0.01s Sys=0.00s Real=0.00s
[2025-06-03T15:45:17.104+0530][79.862s] GC(426) Pause Young (Normal) (G1 Evacuation Pause)
[2025-06-03T15:45:17.104+0530][79.862s] GC(426) Using 8 workers of 8 for evacuation
[2025-06-03T15:45:17.104+0530][79.863s] GC(426) Skipped phase 1 of Reference Processing: no references
[2025-06-03T15:45:17.105+0530][79.863s] GC(426) Skipped phase 2 of Reference Processing: no references
[2025-06-03T15:45:17.105+0530][79.863s] GC(426) Skipped phase 3 of Reference Processing: no references
[2025-06-03T15:45:17.105+0530][79.863s] GC(426) Skipped phase 4 of Reference Processing: no references
[2025-06-03T15:45:17.105+0530][79.864s] GC(426)   Pre Evacuate Collection Set: 0.1ms
[2025-06-03T15:45:17.105+0530][79.864s] GC(426)   Merge Heap Roots: 0.1ms
[2025-06-03T15:45:17.105+0530][79.864s] GC(426)   Evacuate Collection Set: 0.4ms
[2025-06-03T15:45:17.105+0530][79.864s] GC(426)   Post Evacuate Collection Set: 0.8ms
[2025-06-03T15:45:17.105+0530][79.864s] GC(426)   Other: 0.3ms
[2025-06-03T15:45:17.105+0530][79.864s] GC(426) Eden regions: 306->0(306)
[2025-06-03T15:45:17.105+0530][79.864s] GC(426) Survivor regions: 1->1(39)
[2025-06-03T15:45:17.105+0530][79.864s] GC(426) Old regions: 9->9
[2025-06-03T15:45:17.105+0530][79.864s] GC(426) Archive regions: 2->2
[2025-06-03T15:45:17.105+0530][79.864s] GC(426) Humongous regions: 0->0
[2025-06-03T15:45:17.106+0530][79.864s] GC(426) Metaspace: 20445K(20928K)->20445K(20928K) NonClass: 17860K(18112K)->17860K(18112K) Class: 2584K(2816K)->2584K(2816K)
[2025-06-03T15:45:17.106+0530][79.864s] GC(426) Pause Young (Normal) (G1 Evacuation Pause) 315M->9M(512M) 1.949ms
[2025-06-03T15:45:17.106+0530][79.864s] GC(426) User=0.00s Sys=0.01s Real=0.00s
[2025-06-03T15:45:17.312+0530][80.070s] GC(427) Pause Young (Normal) (G1 Evacuation Pause)
[2025-06-03T15:45:17.312+0530][80.070s] GC(427) Using 8 workers of 8 for evacuation
[2025-06-03T15:45:17.312+0530][80.071s] GC(427) Skipped phase 1 of Reference Processing: no references
[2025-06-03T15:45:17.313+0530][80.071s] GC(427) Skipped phase 2 of Reference Processing: no references
[2025-06-03T15:45:17.313+0530][80.071s] GC(427) Skipped phase 3 of Reference Processing: no references
[2025-06-03T15:45:17.313+0530][80.071s] GC(427) Skipped phase 4 of Reference Processing: no references
[2025-06-03T15:45:17.313+0530][80.071s] GC(427)   Pre Evacuate Collection Set: 0.1ms
[2025-06-03T15:45:17.313+0530][80.071s] GC(427)   Merge Heap Roots: 0.1ms
[2025-06-03T15:45:17.313+0530][80.071s] GC(427)   Evacuate Collection Set: 0.2ms
[2025-06-03T15:45:17.313+0530][80.071s] GC(427)   Post Evacuate Collection Set: 0.4ms
[2025-06-03T15:45:17.313+0530][80.071s] GC(427)   Other: 0.2ms
[2025-06-03T15:45:17.313+0530][80.071s] GC(427) Eden regions: 306->0(306)
[2025-06-03T15:45:17.313+0530][80.071s] GC(427) Survivor regions: 1->1(39)
[2025-06-03T15:45:17.313+0530][80.071s] GC(427) Old regions: 9->9
[2025-06-03T15:45:17.313+0530][80.071s] GC(427) Archive regions: 2->2
[2025-06-03T15:45:17.313+0530][80.071s] GC(427) Humongous regions: 0->0
[2025-06-03T15:45:17.313+0530][80.071s] GC(427) Metaspace: 20445K(20928K)->20445K(20928K) NonClass: 17860K(18112K)->17860K(18112K) Class: 2584K(2816K)->2584K(2816K)
[2025-06-03T15:45:17.313+0530][80.071s] GC(427) Pause Young (Normal) (G1 Evacuation Pause) 315M->9M(512M) 1.151ms
[2025-06-03T15:45:17.313+0530][80.072s] GC(427) User=0.00s Sys=0.01s Real=0.00s
[2025-06-03T15:45:17.471+0530][80.229s] GC(428) Pause Young (Normal) (G1 Evacuation Pause)
[2025-06-03T15:45:17.471+0530][80.229s] GC(428) Using 8 workers of 8 for evacuation
[2025-06-03T15:45:17.472+0530][80.230s] GC(428) Skipped phase 1 of Reference Processing: no references
[2025-06-03T15:45:17.472+0530][80.230s] GC(428) Skipped phase 2 of Reference Processing: no references
[2025-06-03T15:45:17.472+0530][80.230s] GC(428) Skipped phase 3 of Reference Processing: no references
[2025-06-03T15:45:17.472+0530][80.230s] GC(428) Skipped phase 4 of Reference Processing: no references
[2025-06-03T15:45:17.472+0530][80.230s] GC(428)   Pre Evacuate Collection Set: 0.1ms
[2025-06-03T15:45:17.472+0530][80.230s] GC(428)   Merge Heap Roots: 0.1ms
[2025-06-03T15:45:17.472+0530][80.230s] GC(428)   Evacuate Collection Set: 0.3ms
[2025-06-03T15:45:17.472+0530][80.230s] GC(428)   Post Evacuate Collection Set: 0.6ms
[2025-06-03T15:45:17.472+0530][80.231s] GC(428)   Other: 0.2ms
[2025-06-03T15:45:17.472+0530][80.231s] GC(428) Eden regions: 306->0(306)
[2025-06-03T15:45:17.472+0530][80.231s] GC(428) Survivor regions: 1->1(39)
[2025-06-03T15:45:17.472+0530][80.231s] GC(428) Old regions: 9->9
[2025-06-03T15:45:17.472+0530][80.231s] GC(428) Archive regions: 2->2
[2025-06-03T15:45:17.472+0530][80.231s] GC(428) Humongous regions: 0->0
[2025-06-03T15:45:17.472+0530][80.231s] GC(428) Metaspace: 20445K(20928K)->20445K(20928K) NonClass: 17860K(18112K)->17860K(18112K) Class: 2584K(2816K)->2584K(2816K)
[2025-06-03T15:45:17.472+0530][80.231s] GC(428) Pause Young (Normal) (G1 Evacuation Pause) 315M->9M(512M) 1.388ms
[2025-06-03T15:45:17.472+0530][80.231s] GC(428) User=0.00s Sys=0.00s Real=0.00s
[2025-06-03T15:45:17.659+0530][80.417s] GC(429) Pause Young (Normal) (G1 Evacuation Pause)
[2025-06-03T15:45:17.659+0530][80.417s] GC(429) Using 8 workers of 8 for evacuation
[2025-06-03T15:45:17.659+0530][80.418s] GC(429) Skipped phase 1 of Reference Processing: no references
[2025-06-03T15:45:17.659+0530][80.418s] GC(429) Skipped phase 2 of Reference Processing: no references
[2025-06-03T15:45:17.659+0530][80.418s] GC(429) Skipped phase 3 of Reference Processing: no references
[2025-06-03T15:45:17.659+0530][80.418s] GC(429) Skipped phase 4 of Reference Processing: no references
[2025-06-03T15:45:17.660+0530][80.418s] GC(429)   Pre Evacuate Collection Set: 0.1ms
[2025-06-03T15:45:17.660+0530][80.418s] GC(429)   Merge Heap Roots: 0.1ms
[2025-06-03T15:45:17.660+0530][80.418s] GC(429)   Evacuate Collection Set: 0.2ms
[2025-06-03T15:45:17.660+0530][80.418s] GC(429)   Post Evacuate Collection Set: 0.5ms
[2025-06-03T15:45:17.660+0530][80.418s] GC(429)   Other: 0.2ms
[2025-06-03T15:45:17.660+0530][80.418s] GC(429) Eden regions: 306->0(306)
[2025-06-03T15:45:17.660+0530][80.418s] GC(429) Survivor regions: 1->1(39)
[2025-06-03T15:45:17.660+0530][80.418s] GC(429) Old regions: 9->9
[2025-06-03T15:45:17.660+0530][80.418s] GC(429) Archive regions: 2->2
[2025-06-03T15:45:17.660+0530][80.418s] GC(429) Humongous regions: 0->0
[2025-06-03T15:45:17.660+0530][80.418s] GC(429) Metaspace: 20445K(20928K)->20445K(20928K) NonClass: 17860K(18112K)->17860K(18112K) Class: 2584K(2816K)->2584K(2816K)
[2025-06-03T15:45:17.660+0530][80.418s] GC(429) Pause Young (Normal) (G1 Evacuation Pause) 315M->9M(512M) 1.276ms
[2025-06-03T15:45:17.660+0530][80.418s] GC(429) User=0.00s Sys=0.00s Real=0.01s
[2025-06-03T15:45:17.831+0530][80.589s] GC(430) Pause Young (Normal) (G1 Evacuation Pause)
[2025-06-03T15:45:17.831+0530][80.589s] GC(430) Using 8 workers of 8 for evacuation
[2025-06-03T15:45:17.832+0530][80.590s] GC(430) Skipped phase 1 of Reference Processing: no references
[2025-06-03T15:45:17.832+0530][80.590s] GC(430) Skipped phase 2 of Reference Processing: no references
[2025-06-03T15:45:17.832+0530][80.590s] GC(430) Skipped phase 3 of Reference Processing: no references
[2025-06-03T15:45:17.832+0530][80.590s] GC(430) Skipped phase 4 of Reference Processing: no references
[2025-06-03T15:45:17.832+0530][80.591s] GC(430)   Pre Evacuate Collection Set: 0.1ms
[2025-06-03T15:45:17.832+0530][80.591s] GC(430)   Merge Heap Roots: 0.1ms
[2025-06-03T15:45:17.832+0530][80.591s] GC(430)   Evacuate Collection Set: 0.3ms
[2025-06-03T15:45:17.832+0530][80.591s] GC(430)   Post Evacuate Collection Set: 0.5ms
[2025-06-03T15:45:17.832+0530][80.591s] GC(430)   Other: 0.2ms
[2025-06-03T15:45:17.832+0530][80.591s] GC(430) Eden regions: 306->0(306)
[2025-06-03T15:45:17.832+0530][80.591s] GC(430) Survivor regions: 1->1(39)
[2025-06-03T15:45:17.832+0530][80.591s] GC(430) Old regions: 9->9
[2025-06-03T15:45:17.832+0530][80.591s] GC(430) Archive regions: 2->2
[2025-06-03T15:45:17.832+0530][80.591s] GC(430) Humongous regions: 0->0
[2025-06-03T15:45:17.832+0530][80.591s] GC(430) Metaspace: 20445K(20928K)->20445K(20928K) NonClass: 17860K(18112K)->17860K(18112K) Class: 2584K(2816K)->2584K(2816K)
[2025-06-03T15:45:17.833+0530][80.591s] GC(430) Pause Young (Normal) (G1 Evacuation Pause) 315M->9M(512M) 1.469ms
[2025-06-03T15:45:17.833+0530][80.591s] GC(430) User=0.00s Sys=0.00s Real=0.00s
[2025-06-03T15:45:17.985+0530][80.743s] GC(431) Pause Young (Normal) (G1 Evacuation Pause)
[2025-06-03T15:45:17.985+0530][80.743s] GC(431) Using 8 workers of 8 for evacuation
[2025-06-03T15:45:17.985+0530][80.744s] GC(431) Skipped phase 1 of Reference Processing: no references
[2025-06-03T15:45:17.985+0530][80.744s] GC(431) Skipped phase 2 of Reference Processing: no references
[2025-06-03T15:45:17.985+0530][80.744s] GC(431) Skipped phase 3 of Reference Processing: no references
[2025-06-03T15:45:17.985+0530][80.744s] GC(431) Skipped phase 4 of Reference Processing: no references
[2025-06-03T15:45:17.986+0530][80.744s] GC(431)   Pre Evacuate Collection Set: 0.1ms
[2025-06-03T15:45:17.986+0530][80.744s] GC(431)   Merge Heap Roots: 0.1ms
[2025-06-03T15:45:17.986+0530][80.744s] GC(431)   Evacuate Collection Set: 0.2ms
[2025-06-03T15:45:17.986+0530][80.744s] GC(431)   Post Evacuate Collection Set: 0.5ms
[2025-06-03T15:45:17.986+0530][80.744s] GC(431)   Other: 0.2ms
[2025-06-03T15:45:17.986+0530][80.744s] GC(431) Eden regions: 306->0(306)
[2025-06-03T15:45:17.986+0530][80.744s] GC(431) Survivor regions: 1->1(39)
[2025-06-03T15:45:17.986+0530][80.744s] GC(431) Old regions: 9->9
[2025-06-03T15:45:17.986+0530][80.744s] GC(431) Archive regions: 2->2
[2025-06-03T15:45:17.986+0530][80.744s] GC(431) Humongous regions: 0->0
[2025-06-03T15:45:17.986+0530][80.744s] GC(431) Metaspace: 20445K(20928K)->20445K(20928K) NonClass: 17860K(18112K)->17860K(18112K) Class: 2584K(2816K)->2584K(2816K)
[2025-06-03T15:45:17.986+0530][80.744s] GC(431) Pause Young (Normal) (G1 Evacuation Pause) 315M->9M(512M) 1.220ms
[2025-06-03T15:45:17.986+0530][80.744s] GC(431) User=0.00s Sys=0.00s Real=0.00s
[2025-06-03T15:45:18.136+0530][80.895s] GC(432) Pause Young (Normal) (G1 Evacuation Pause)
[2025-06-03T15:45:18.136+0530][80.895s] GC(432) Using 8 workers of 8 for evacuation
[2025-06-03T15:45:18.137+0530][80.895s] GC(432) Skipped phase 1 of Reference Processing: no references
[2025-06-03T15:45:18.137+0530][80.895s] GC(432) Skipped phase 2 of Reference Processing: no references
[2025-06-03T15:45:18.137+0530][80.895s] GC(432) Skipped phase 3 of Reference Processing: no references
[2025-06-03T15:45:18.137+0530][80.895s] GC(432) Skipped phase 4 of Reference Processing: no references
[2025-06-03T15:45:18.137+0530][80.896s] GC(432)   Pre Evacuate Collection Set: 0.1ms
[2025-06-03T15:45:18.137+0530][80.896s] GC(432)   Merge Heap Roots: 0.1ms
[2025-06-03T15:45:18.137+0530][80.896s] GC(432)   Evacuate Collection Set: 0.2ms
[2025-06-03T15:45:18.137+0530][80.896s] GC(432)   Post Evacuate Collection Set: 0.5ms
[2025-06-03T15:45:18.138+0530][80.896s] GC(432)   Other: 0.2ms
[2025-06-03T15:45:18.138+0530][80.896s] GC(432) Eden regions: 306->0(306)
[2025-06-03T15:45:18.138+0530][80.896s] GC(432) Survivor regions: 1->1(39)
[2025-06-03T15:45:18.138+0530][80.896s] GC(432) Old regions: 9->9
[2025-06-03T15:45:18.138+0530][80.896s] GC(432) Archive regions: 2->2
[2025-06-03T15:45:18.138+0530][80.896s] GC(432) Humongous regions: 0->0
[2025-06-03T15:45:18.138+0530][80.896s] GC(432) Metaspace: 20445K(20928K)->20445K(20928K) NonClass: 17860K(18112K)->17860K(18112K) Class: 2584K(2816K)->2584K(2816K)
[2025-06-03T15:45:18.138+0530][80.896s] GC(432) Pause Young (Normal) (G1 Evacuation Pause) 315M->9M(512M) 1.479ms
[2025-06-03T15:45:18.138+0530][80.896s] GC(432) User=0.01s Sys=0.00s Real=0.00s
[2025-06-03T15:45:18.296+0530][81.055s] GC(433) Pause Young (Normal) (G1 Evacuation Pause)
[2025-06-03T15:45:18.296+0530][81.055s] GC(433) Using 8 workers of 8 for evacuation
[2025-06-03T15:45:18.297+0530][81.055s] GC(433) Skipped phase 1 of Reference Processing: no references
[2025-06-03T15:45:18.297+0530][81.055s] GC(433) Skipped phase 2 of Reference Processing: no references
[2025-06-03T15:45:18.297+0530][81.055s] GC(433) Skipped phase 3 of Reference Processing: no references
[2025-06-03T15:45:18.297+0530][81.055s] GC(433) Skipped phase 4 of Reference Processing: no references
[2025-06-03T15:45:18.297+0530][81.056s] GC(433)   Pre Evacuate Collection Set: 0.1ms
[2025-06-03T15:45:18.297+0530][81.056s] GC(433)   Merge Heap Roots: 0.1ms
[2025-06-03T15:45:18.297+0530][81.056s] GC(433)   Evacuate Collection Set: 0.2ms
[2025-06-03T15:45:18.297+0530][81.056s] GC(433)   Post Evacuate Collection Set: 0.5ms
[2025-06-03T15:45:18.297+0530][81.056s] GC(433)   Other: 0.2ms
[2025-06-03T15:45:18.297+0530][81.056s] GC(433) Eden regions: 306->0(306)
[2025-06-03T15:45:18.297+0530][81.056s] GC(433) Survivor regions: 1->1(39)
[2025-06-03T15:45:18.297+0530][81.056s] GC(433) Old regions: 9->9
[2025-06-03T15:45:18.297+0530][81.056s] GC(433) Archive regions: 2->2
[2025-06-03T15:45:18.297+0530][81.056s] GC(433) Humongous regions: 0->0
[2025-06-03T15:45:18.297+0530][81.056s] GC(433) Metaspace: 20445K(20928K)->20445K(20928K) NonClass: 17860K(18112K)->17860K(18112K) Class: 2584K(2816K)->2584K(2816K)
[2025-06-03T15:45:18.297+0530][81.056s] GC(433) Pause Young (Normal) (G1 Evacuation Pause) 315M->9M(512M) 1.217ms
[2025-06-03T15:45:18.297+0530][81.056s] GC(433) User=0.00s Sys=0.00s Real=0.00s
[2025-06-03T15:45:18.464+0530][81.222s] GC(434) Pause Young (Normal) (G1 Evacuation Pause)
[2025-06-03T15:45:18.464+0530][81.222s] GC(434) Using 8 workers of 8 for evacuation
[2025-06-03T15:45:18.465+0530][81.223s] GC(434) Skipped phase 1 of Reference Processing: no references
[2025-06-03T15:45:18.465+0530][81.223s] GC(434) Skipped phase 2 of Reference Processing: no references
[2025-06-03T15:45:18.465+0530][81.223s] GC(434) Skipped phase 3 of Reference Processing: no references
[2025-06-03T15:45:18.465+0530][81.223s] GC(434) Skipped phase 4 of Reference Processing: no references
[2025-06-03T15:45:18.466+0530][81.224s] GC(434)   Pre Evacuate Collection Set: 0.1ms
[2025-06-03T15:45:18.466+0530][81.224s] GC(434)   Merge Heap Roots: 0.1ms
[2025-06-03T15:45:18.466+0530][81.224s] GC(434)   Evacuate Collection Set: 0.5ms
[2025-06-03T15:45:18.466+0530][81.224s] GC(434)   Post Evacuate Collection Set: 0.5ms
[2025-06-03T15:45:18.466+0530][81.224s] GC(434)   Other: 0.7ms
[2025-06-03T15:45:18.466+0530][81.224s] GC(434) Eden regions: 306->0(306)
[2025-06-03T15:45:18.466+0530][81.224s] GC(434) Survivor regions: 1->1(39)
[2025-06-03T15:45:18.466+0530][81.224s] GC(434) Old regions: 9->9
[2025-06-03T15:45:18.466+0530][81.224s] GC(434) Archive regions: 2->2
[2025-06-03T15:45:18.466+0530][81.224s] GC(434) Humongous regions: 0->0
[2025-06-03T15:45:18.466+0530][81.224s] GC(434) Metaspace: 20445K(20928K)->20445K(20928K) NonClass: 17860K(18112K)->17860K(18112K) Class: 2584K(2816K)->2584K(2816K)
[2025-06-03T15:45:18.466+0530][81.224s] GC(434) Pause Young (Normal) (G1 Evacuation Pause) 315M->9M(512M) 2.248ms
[2025-06-03T15:45:18.466+0530][81.224s] GC(434) User=0.00s Sys=0.00s Real=0.00s
[2025-06-03T15:45:18.645+0530][81.404s] GC(435) Pause Young (Normal) (G1 Evacuation Pause)
[2025-06-03T15:45:18.645+0530][81.404s] GC(435) Using 8 workers of 8 for evacuation
[2025-06-03T15:45:18.646+0530][81.404s] GC(435) Skipped phase 1 of Reference Processing: no references
[2025-06-03T15:45:18.646+0530][81.404s] GC(435) Skipped phase 2 of Reference Processing: no references
[2025-06-03T15:45:18.646+0530][81.404s] GC(435) Skipped phase 3 of Reference Processing: no references
[2025-06-03T15:45:18.646+0530][81.405s] GC(435) Skipped phase 4 of Reference Processing: no references
[2025-06-03T15:45:18.647+0530][81.405s] GC(435)   Pre Evacuate Collection Set: 0.1ms
[2025-06-03T15:45:18.647+0530][81.405s] GC(435)   Merge Heap Roots: 0.1ms
[2025-06-03T15:45:18.647+0530][81.405s] GC(435)   Evacuate Collection Set: 0.2ms
[2025-06-03T15:45:18.647+0530][81.405s] GC(435)   Post Evacuate Collection Set: 0.6ms
[2025-06-03T15:45:18.647+0530][81.405s] GC(435)   Other: 0.2ms
[2025-06-03T15:45:18.647+0530][81.405s] GC(435) Eden regions: 306->0(306)
[2025-06-03T15:45:18.647+0530][81.405s] GC(435) Survivor regions: 1->1(39)
[2025-06-03T15:45:18.647+0530][81.405s] GC(435) Old regions: 9->9
[2025-06-03T15:45:18.647+0530][81.405s] GC(435) Archive regions: 2->2
[2025-06-03T15:45:18.647+0530][81.405s] GC(435) Humongous regions: 0->0
[2025-06-03T15:45:18.647+0530][81.405s] GC(435) Metaspace: 20445K(20928K)->20445K(20928K) NonClass: 17860K(18112K)->17860K(18112K) Class: 2584K(2816K)->2584K(2816K)
[2025-06-03T15:45:18.647+0530][81.405s] GC(435) Pause Young (Normal) (G1 Evacuation Pause) 315M->9M(512M) 1.460ms
[2025-06-03T15:45:18.647+0530][81.405s] GC(435) User=0.00s Sys=0.00s Real=0.00s
[2025-06-03T15:45:18.813+0530][81.571s] GC(436) Pause Young (Normal) (G1 Evacuation Pause)
[2025-06-03T15:45:18.813+0530][81.571s] GC(436) Using 8 workers of 8 for evacuation
[2025-06-03T15:45:18.814+0530][81.572s] GC(436) Skipped phase 1 of Reference Processing: no references
[2025-06-03T15:45:18.814+0530][81.572s] GC(436) Skipped phase 2 of Reference Processing: no references
[2025-06-03T15:45:18.814+0530][81.572s] GC(436) Skipped phase 3 of Reference Processing: no references
[2025-06-03T15:45:18.814+0530][81.572s] GC(436) Skipped phase 4 of Reference Processing: no references
[2025-06-03T15:45:18.814+0530][81.572s] GC(436)   Pre Evacuate Collection Set: 0.1ms
[2025-06-03T15:45:18.814+0530][81.573s] GC(436)   Merge Heap Roots: 0.1ms
[2025-06-03T15:45:18.814+0530][81.573s] GC(436)   Evacuate Collection Set: 0.2ms
[2025-06-03T15:45:18.814+0530][81.573s] GC(436)   Post Evacuate Collection Set: 0.5ms
[2025-06-03T15:45:18.814+0530][81.573s] GC(436)   Other: 0.3ms
[2025-06-03T15:45:18.814+0530][81.573s] GC(436) Eden regions: 306->0(306)
[2025-06-03T15:45:18.814+0530][81.573s] GC(436) Survivor regions: 1->1(39)
[2025-06-03T15:45:18.814+0530][81.573s] GC(436) Old regions: 9->9
[2025-06-03T15:45:18.814+0530][81.573s] GC(436) Archive regions: 2->2
[2025-06-03T15:45:18.814+0530][81.573s] GC(436) Humongous regions: 0->0
[2025-06-03T15:45:18.814+0530][81.573s] GC(436) Metaspace: 20445K(20928K)->20445K(20928K) NonClass: 17860K(18112K)->17860K(18112K) Class: 2584K(2816K)->2584K(2816K)
[2025-06-03T15:45:18.814+0530][81.573s] GC(436) Pause Young (Normal) (G1 Evacuation Pause) 315M->9M(512M) 1.376ms
[2025-06-03T15:45:18.814+0530][81.573s] GC(436) User=0.00s Sys=0.00s Real=0.00s
[2025-06-03T15:45:18.978+0530][81.736s] GC(437) Pause Young (Normal) (G1 Evacuation Pause)
[2025-06-03T15:45:18.978+0530][81.737s] GC(437) Using 8 workers of 8 for evacuation
[2025-06-03T15:45:18.979+0530][81.737s] GC(437) Skipped phase 1 of Reference Processing: no references
[2025-06-03T15:45:18.979+0530][81.737s] GC(437) Skipped phase 2 of Reference Processing: no references
[2025-06-03T15:45:18.979+0530][81.737s] GC(437) Skipped phase 3 of Reference Processing: no references
[2025-06-03T15:45:18.979+0530][81.737s] GC(437) Skipped phase 4 of Reference Processing: no references
[2025-06-03T15:45:18.979+0530][81.737s] GC(437)   Pre Evacuate Collection Set: 0.1ms
[2025-06-03T15:45:18.979+0530][81.738s] GC(437)   Merge Heap Roots: 0.1ms
[2025-06-03T15:45:18.979+0530][81.738s] GC(437)   Evacuate Collection Set: 0.2ms
[2025-06-03T15:45:18.979+0530][81.738s] GC(437)   Post Evacuate Collection Set: 0.5ms
[2025-06-03T15:45:18.979+0530][81.738s] GC(437)   Other: 0.2ms
[2025-06-03T15:45:18.979+0530][81.738s] GC(437) Eden regions: 306->0(306)
[2025-06-03T15:45:18.979+0530][81.738s] GC(437) Survivor regions: 1->1(39)
[2025-06-03T15:45:18.979+0530][81.738s] GC(437) Old regions: 9->9
[2025-06-03T15:45:18.979+0530][81.738s] GC(437) Archive regions: 2->2
[2025-06-03T15:45:18.979+0530][81.738s] GC(437) Humongous regions: 0->0
[2025-06-03T15:45:18.979+0530][81.738s] GC(437) Metaspace: 20445K(20928K)->20445K(20928K) NonClass: 17860K(18112K)->17860K(18112K) Class: 2584K(2816K)->2584K(2816K)
[2025-06-03T15:45:18.979+0530][81.738s] GC(437) Pause Young (Normal) (G1 Evacuation Pause) 315M->9M(512M) 1.321ms
[2025-06-03T15:45:18.979+0530][81.738s] GC(437) User=0.00s Sys=0.01s Real=0.00s
[2025-06-03T15:45:19.148+0530][81.906s] GC(438) Pause Young (Normal) (G1 Evacuation Pause)
[2025-06-03T15:45:19.148+0530][81.906s] GC(438) Using 8 workers of 8 for evacuation
[2025-06-03T15:45:19.149+0530][81.907s] GC(438) Skipped phase 1 of Reference Processing: no references
[2025-06-03T15:45:19.149+0530][81.907s] GC(438) Skipped phase 2 of Reference Processing: no references
[2025-06-03T15:45:19.149+0530][81.907s] GC(438) Skipped phase 3 of Reference Processing: no references
[2025-06-03T15:45:19.149+0530][81.907s] GC(438) Skipped phase 4 of Reference Processing: no references
[2025-06-03T15:45:19.149+0530][81.907s] GC(438)   Pre Evacuate Collection Set: 0.1ms
[2025-06-03T15:45:19.149+0530][81.907s] GC(438)   Merge Heap Roots: 0.1ms
[2025-06-03T15:45:19.149+0530][81.907s] GC(438)   Evacuate Collection Set: 0.2ms
[2025-06-03T15:45:19.149+0530][81.908s] GC(438)   Post Evacuate Collection Set: 0.5ms
[2025-06-03T15:45:19.149+0530][81.908s] GC(438)   Other: 0.2ms
[2025-06-03T15:45:19.149+0530][81.908s] GC(438) Eden regions: 306->0(306)
[2025-06-03T15:45:19.149+0530][81.908s] GC(438) Survivor regions: 1->1(39)
[2025-06-03T15:45:19.149+0530][81.908s] GC(438) Old regions: 9->9
[2025-06-03T15:45:19.149+0530][81.908s] GC(438) Archive regions: 2->2
[2025-06-03T15:45:19.149+0530][81.908s] GC(438) Humongous regions: 0->0
[2025-06-03T15:45:19.149+0530][81.908s] GC(438) Metaspace: 20445K(20928K)->20445K(20928K) NonClass: 17860K(18112K)->17860K(18112K) Class: 2584K(2816K)->2584K(2816K)
[2025-06-03T15:45:19.149+0530][81.908s] GC(438) Pause Young (Normal) (G1 Evacuation Pause) 315M->9M(512M) 1.223ms
[2025-06-03T15:45:19.149+0530][81.908s] GC(438) User=0.01s Sys=0.00s Real=0.00s
[2025-06-03T15:45:19.317+0530][82.076s] GC(439) Pause Young (Normal) (G1 Evacuation Pause)
[2025-06-03T15:45:19.317+0530][82.076s] GC(439) Using 8 workers of 8 for evacuation
[2025-06-03T15:45:19.318+0530][82.076s] GC(439) Skipped phase 1 of Reference Processing: no references
[2025-06-03T15:45:19.318+0530][82.076s] GC(439) Skipped phase 2 of Reference Processing: no references
[2025-06-03T15:45:19.318+0530][82.076s] GC(439) Skipped phase 3 of Reference Processing: no references
[2025-06-03T15:45:19.318+0530][82.076s] GC(439) Skipped phase 4 of Reference Processing: no references
[2025-06-03T15:45:19.318+0530][82.077s] GC(439)   Pre Evacuate Collection Set: 0.1ms
[2025-06-03T15:45:19.318+0530][82.077s] GC(439)   Merge Heap Roots: 0.1ms
[2025-06-03T15:45:19.318+0530][82.077s] GC(439)   Evacuate Collection Set: 0.2ms
[2025-06-03T15:45:19.318+0530][82.077s] GC(439)   Post Evacuate Collection Set: 0.5ms
[2025-06-03T15:45:19.318+0530][82.077s] GC(439)   Other: 0.2ms
[2025-06-03T15:45:19.318+0530][82.077s] GC(439) Eden regions: 306->0(306)
[2025-06-03T15:45:19.318+0530][82.077s] GC(439) Survivor regions: 1->1(39)
[2025-06-03T15:45:19.318+0530][82.077s] GC(439) Old regions: 9->9
[2025-06-03T15:45:19.318+0530][82.077s] GC(439) Archive regions: 2->2
[2025-06-03T15:45:19.318+0530][82.077s] GC(439) Humongous regions: 0->0
[2025-06-03T15:45:19.318+0530][82.077s] GC(439) Metaspace: 20445K(20928K)->20445K(20928K) NonClass: 17860K(18112K)->17860K(18112K) Class: 2584K(2816K)->2584K(2816K)
[2025-06-03T15:45:19.318+0530][82.077s] GC(439) Pause Young (Normal) (G1 Evacuation Pause) 315M->9M(512M) 1.287ms
[2025-06-03T15:45:19.318+0530][82.077s] GC(439) User=0.00s Sys=0.00s Real=0.00s
[2025-06-03T15:45:19.489+0530][82.248s] GC(440) Pause Young (Normal) (G1 Evacuation Pause)
[2025-06-03T15:45:19.489+0530][82.248s] GC(440) Using 8 workers of 8 for evacuation
[2025-06-03T15:45:19.490+0530][82.249s] GC(440) Skipped phase 1 of Reference Processing: no references
[2025-06-03T15:45:19.490+0530][82.249s] GC(440) Skipped phase 2 of Reference Processing: no references
[2025-06-03T15:45:19.490+0530][82.249s] GC(440) Skipped phase 3 of Reference Processing: no references
[2025-06-03T15:45:19.490+0530][82.249s] GC(440) Skipped phase 4 of Reference Processing: no references
[2025-06-03T15:45:19.491+0530][82.249s] GC(440)   Pre Evacuate Collection Set: 0.1ms
[2025-06-03T15:45:19.491+0530][82.249s] GC(440)   Merge Heap Roots: 0.1ms
[2025-06-03T15:45:19.491+0530][82.249s] GC(440)   Evacuate Collection Set: 0.4ms
[2025-06-03T15:45:19.491+0530][82.249s] GC(440)   Post Evacuate Collection Set: 0.6ms
[2025-06-03T15:45:19.491+0530][82.249s] GC(440)   Other: 0.4ms
[2025-06-03T15:45:19.491+0530][82.249s] GC(440) Eden regions: 306->0(306)
[2025-06-03T15:45:19.491+0530][82.249s] GC(440) Survivor regions: 1->1(39)
[2025-06-03T15:45:19.491+0530][82.249s] GC(440) Old regions: 9->9
[2025-06-03T15:45:19.491+0530][82.249s] GC(440) Archive regions: 2->2
[2025-06-03T15:45:19.491+0530][82.249s] GC(440) Humongous regions: 0->0
[2025-06-03T15:45:19.491+0530][82.250s] GC(440) Metaspace: 20445K(20928K)->20445K(20928K) NonClass: 17860K(18112K)->17860K(18112K) Class: 2584K(2816K)->2584K(2816K)
[2025-06-03T15:45:19.491+0530][82.250s] GC(440) Pause Young (Normal) (G1 Evacuation Pause) 315M->9M(512M) 1.838ms
[2025-06-03T15:45:19.491+0530][82.250s] GC(440) User=0.01s Sys=0.00s Real=0.01s
[2025-06-03T15:45:19.658+0530][82.416s] GC(441) Pause Young (Normal) (G1 Evacuation Pause)
[2025-06-03T15:45:19.658+0530][82.416s] GC(441) Using 8 workers of 8 for evacuation
[2025-06-03T15:45:19.658+0530][82.417s] GC(441) Skipped phase 1 of Reference Processing: no references
[2025-06-03T15:45:19.658+0530][82.417s] GC(441) Skipped phase 2 of Reference Processing: no references
[2025-06-03T15:45:19.658+0530][82.417s] GC(441) Skipped phase 3 of Reference Processing: no references
[2025-06-03T15:45:19.658+0530][82.417s] GC(441) Skipped phase 4 of Reference Processing: no references
[2025-06-03T15:45:19.659+0530][82.417s] GC(441)   Pre Evacuate Collection Set: 0.1ms
[2025-06-03T15:45:19.659+0530][82.417s] GC(441)   Merge Heap Roots: 0.1ms
[2025-06-03T15:45:19.659+0530][82.417s] GC(441)   Evacuate Collection Set: 0.3ms
[2025-06-03T15:45:19.659+0530][82.417s] GC(441)   Post Evacuate Collection Set: 0.6ms
[2025-06-03T15:45:19.659+0530][82.417s] GC(441)   Other: 0.2ms
[2025-06-03T15:45:19.659+0530][82.418s] GC(441) Eden regions: 306->0(306)
[2025-06-03T15:45:19.659+0530][82.418s] GC(441) Survivor regions: 1->1(39)
[2025-06-03T15:45:19.659+0530][82.418s] GC(441) Old regions: 9->9
[2025-06-03T15:45:19.659+0530][82.418s] GC(441) Archive regions: 2->2
[2025-06-03T15:45:19.659+0530][82.418s] GC(441) Humongous regions: 0->0
[2025-06-03T15:45:19.659+0530][82.418s] GC(441) Metaspace: 20445K(20928K)->20445K(20928K) NonClass: 17860K(18112K)->17860K(18112K) Class: 2584K(2816K)->2584K(2816K)
[2025-06-03T15:45:19.659+0530][82.418s] GC(441) Pause Young (Normal) (G1 Evacuation Pause) 315M->9M(512M) 1.658ms
[2025-06-03T15:45:19.659+0530][82.418s] GC(441) User=0.00s Sys=0.00s Real=0.00s
[2025-06-03T15:45:19.835+0530][82.593s] GC(442) Pause Young (Normal) (G1 Evacuation Pause)
[2025-06-03T15:45:19.835+0530][82.593s] GC(442) Using 8 workers of 8 for evacuation
[2025-06-03T15:45:19.835+0530][82.594s] GC(442) Skipped phase 1 of Reference Processing: no references
[2025-06-03T15:45:19.835+0530][82.594s] GC(442) Skipped phase 2 of Reference Processing: no references
[2025-06-03T15:45:19.835+0530][82.594s] GC(442) Skipped phase 3 of Reference Processing: no references
[2025-06-03T15:45:19.835+0530][82.594s] GC(442) Skipped phase 4 of Reference Processing: no references
[2025-06-03T15:45:19.836+0530][82.594s] GC(442)   Pre Evacuate Collection Set: 0.1ms
[2025-06-03T15:45:19.836+0530][82.594s] GC(442)   Merge Heap Roots: 0.1ms
[2025-06-03T15:45:19.836+0530][82.594s] GC(442)   Evacuate Collection Set: 0.3ms
[2025-06-03T15:45:19.836+0530][82.594s] GC(442)   Post Evacuate Collection Set: 0.4ms
[2025-06-03T15:45:19.836+0530][82.594s] GC(442)   Other: 0.2ms
[2025-06-03T15:45:19.836+0530][82.594s] GC(442) Eden regions: 306->0(306)
[2025-06-03T15:45:19.836+0530][82.594s] GC(442) Survivor regions: 1->1(39)
[2025-06-03T15:45:19.836+0530][82.594s] GC(442) Old regions: 9->9
[2025-06-03T15:45:19.836+0530][82.594s] GC(442) Archive regions: 2->2
[2025-06-03T15:45:19.836+0530][82.594s] GC(442) Humongous regions: 0->0
[2025-06-03T15:45:19.836+0530][82.594s] GC(442) Metaspace: 20445K(20928K)->20445K(20928K) NonClass: 17860K(18112K)->17860K(18112K) Class: 2584K(2816K)->2584K(2816K)
[2025-06-03T15:45:19.836+0530][82.594s] GC(442) Pause Young (Normal) (G1 Evacuation Pause) 315M->9M(512M) 1.286ms
[2025-06-03T15:45:19.836+0530][82.594s] GC(442) User=0.01s Sys=0.00s Real=0.00s
[2025-06-03T15:45:20.020+0530][82.778s] GC(443) Pause Young (Normal) (G1 Evacuation Pause)
[2025-06-03T15:45:20.020+0530][82.778s] GC(443) Using 8 workers of 8 for evacuation
[2025-06-03T15:45:20.020+0530][82.778s] GC(443) Skipped phase 1 of Reference Processing: no references
[2025-06-03T15:45:20.020+0530][82.779s] GC(443) Skipped phase 2 of Reference Processing: no references
[2025-06-03T15:45:20.020+0530][82.779s] GC(443) Skipped phase 3 of Reference Processing: no references
[2025-06-03T15:45:20.020+0530][82.779s] GC(443) Skipped phase 4 of Reference Processing: no references
[2025-06-03T15:45:20.021+0530][82.779s] GC(443)   Pre Evacuate Collection Set: 0.1ms
[2025-06-03T15:45:20.021+0530][82.779s] GC(443)   Merge Heap Roots: 0.1ms
[2025-06-03T15:45:20.021+0530][82.779s] GC(443)   Evacuate Collection Set: 0.2ms
[2025-06-03T15:45:20.021+0530][82.779s] GC(443)   Post Evacuate Collection Set: 0.5ms
[2025-06-03T15:45:20.021+0530][82.779s] GC(443)   Other: 0.2ms
[2025-06-03T15:45:20.021+0530][82.779s] GC(443) Eden regions: 306->0(306)
[2025-06-03T15:45:20.021+0530][82.779s] GC(443) Survivor regions: 1->1(39)
[2025-06-03T15:45:20.021+0530][82.779s] GC(443) Old regions: 9->9
[2025-06-03T15:45:20.021+0530][82.779s] GC(443) Archive regions: 2->2
[2025-06-03T15:45:20.021+0530][82.779s] GC(443) Humongous regions: 0->0
[2025-06-03T15:45:20.021+0530][82.779s] GC(443) Metaspace: 20445K(20928K)->20445K(20928K) NonClass: 17860K(18112K)->17860K(18112K) Class: 2584K(2816K)->2584K(2816K)
[2025-06-03T15:45:20.021+0530][82.779s] GC(443) Pause Young (Normal) (G1 Evacuation Pause) 315M->9M(512M) 1.219ms
[2025-06-03T15:45:20.021+0530][82.779s] GC(443) User=0.00s Sys=0.00s Real=0.00s
[2025-06-03T15:45:20.186+0530][82.944s] GC(444) Pause Young (Normal) (G1 Evacuation Pause)
[2025-06-03T15:45:20.186+0530][82.944s] GC(444) Using 8 workers of 8 for evacuation
[2025-06-03T15:45:20.186+0530][82.945s] GC(444) Skipped phase 1 of Reference Processing: no references
[2025-06-03T15:45:20.186+0530][82.945s] GC(444) Skipped phase 2 of Reference Processing: no references
[2025-06-03T15:45:20.186+0530][82.945s] GC(444) Skipped phase 3 of Reference Processing: no references
[2025-06-03T15:45:20.186+0530][82.945s] GC(444) Skipped phase 4 of Reference Processing: no references
[2025-06-03T15:45:20.187+0530][82.945s] GC(444)   Pre Evacuate Collection Set: 0.1ms
[2025-06-03T15:45:20.187+0530][82.945s] GC(444)   Merge Heap Roots: 0.1ms
[2025-06-03T15:45:20.187+0530][82.945s] GC(444)   Evacuate Collection Set: 0.2ms
[2025-06-03T15:45:20.187+0530][82.945s] GC(444)   Post Evacuate Collection Set: 0.5ms
[2025-06-03T15:45:20.187+0530][82.945s] GC(444)   Other: 0.2ms
[2025-06-03T15:45:20.187+0530][82.945s] GC(444) Eden regions: 306->0(306)
[2025-06-03T15:45:20.187+0530][82.945s] GC(444) Survivor regions: 1->1(39)
[2025-06-03T15:45:20.187+0530][82.945s] GC(444) Old regions: 9->9
[2025-06-03T15:45:20.187+0530][82.945s] GC(444) Archive regions: 2->2
[2025-06-03T15:45:20.187+0530][82.945s] GC(444) Humongous regions: 0->0
[2025-06-03T15:45:20.187+0530][82.945s] GC(444) Metaspace: 20445K(20928K)->20445K(20928K) NonClass: 17860K(18112K)->17860K(18112K) Class: 2584K(2816K)->2584K(2816K)
[2025-06-03T15:45:20.187+0530][82.945s] GC(444) Pause Young (Normal) (G1 Evacuation Pause) 315M->9M(512M) 1.385ms
[2025-06-03T15:45:20.187+0530][82.945s] GC(444) User=0.00s Sys=0.00s Real=0.00s
[2025-06-03T15:45:20.365+0530][83.123s] GC(445) Pause Young (Normal) (G1 Evacuation Pause)
[2025-06-03T15:45:20.365+0530][83.123s] GC(445) Using 8 workers of 8 for evacuation
[2025-06-03T15:45:20.365+0530][83.124s] GC(445) Skipped phase 1 of Reference Processing: no references
[2025-06-03T15:45:20.365+0530][83.124s] GC(445) Skipped phase 2 of Reference Processing: no references
[2025-06-03T15:45:20.365+0530][83.124s] GC(445) Skipped phase 3 of Reference Processing: no references
[2025-06-03T15:45:20.365+0530][83.124s] GC(445) Skipped phase 4 of Reference Processing: no references
[2025-06-03T15:45:20.366+0530][83.124s] GC(445)   Pre Evacuate Collection Set: 0.1ms
[2025-06-03T15:45:20.366+0530][83.124s] GC(445)   Merge Heap Roots: 0.1ms
[2025-06-03T15:45:20.366+0530][83.124s] GC(445)   Evacuate Collection Set: 0.2ms
[2025-06-03T15:45:20.366+0530][83.124s] GC(445)   Post Evacuate Collection Set: 0.4ms
[2025-06-03T15:45:20.366+0530][83.124s] GC(445)   Other: 0.2ms
[2025-06-03T15:45:20.366+0530][83.124s] GC(445) Eden regions: 306->0(306)
[2025-06-03T15:45:20.366+0530][83.124s] GC(445) Survivor regions: 1->1(39)
[2025-06-03T15:45:20.366+0530][83.124s] GC(445) Old regions: 9->9
[2025-06-03T15:45:20.366+0530][83.124s] GC(445) Archive regions: 2->2
[2025-06-03T15:45:20.366+0530][83.124s] GC(445) Humongous regions: 0->0
[2025-06-03T15:45:20.366+0530][83.124s] GC(445) Metaspace: 20445K(20928K)->20445K(20928K) NonClass: 17860K(18112K)->17860K(18112K) Class: 2584K(2816K)->2584K(2816K)
[2025-06-03T15:45:20.366+0530][83.124s] GC(445) Pause Young (Normal) (G1 Evacuation Pause) 315M->9M(512M) 1.220ms
[2025-06-03T15:45:20.366+0530][83.124s] GC(445) User=0.00s Sys=0.01s Real=0.00s
[2025-06-03T15:45:20.537+0530][83.296s] GC(446) Pause Young (Normal) (G1 Evacuation Pause)
[2025-06-03T15:45:20.537+0530][83.296s] GC(446) Using 8 workers of 8 for evacuation
[2025-06-03T15:45:20.538+0530][83.296s] GC(446) Skipped phase 1 of Reference Processing: no references
[2025-06-03T15:45:20.538+0530][83.296s] GC(446) Skipped phase 2 of Reference Processing: no references
[2025-06-03T15:45:20.538+0530][83.296s] GC(446) Skipped phase 3 of Reference Processing: no references
[2025-06-03T15:45:20.538+0530][83.296s] GC(446) Skipped phase 4 of Reference Processing: no references
[2025-06-03T15:45:20.538+0530][83.297s] GC(446)   Pre Evacuate Collection Set: 0.1ms
[2025-06-03T15:45:20.538+0530][83.297s] GC(446)   Merge Heap Roots: 0.1ms
[2025-06-03T15:45:20.538+0530][83.297s] GC(446)   Evacuate Collection Set: 0.2ms
[2025-06-03T15:45:20.538+0530][83.297s] GC(446)   Post Evacuate Collection Set: 0.5ms
[2025-06-03T15:45:20.538+0530][83.297s] GC(446)   Other: 0.2ms
[2025-06-03T15:45:20.539+0530][83.297s] GC(446) Eden regions: 306->0(306)
[2025-06-03T15:45:20.539+0530][83.297s] GC(446) Survivor regions: 1->1(39)
[2025-06-03T15:45:20.539+0530][83.297s] GC(446) Old regions: 9->9
[2025-06-03T15:45:20.539+0530][83.297s] GC(446) Archive regions: 2->2
[2025-06-03T15:45:20.539+0530][83.297s] GC(446) Humongous regions: 0->0
[2025-06-03T15:45:20.539+0530][83.297s] GC(446) Metaspace: 20445K(20928K)->20445K(20928K) NonClass: 17860K(18112K)->17860K(18112K) Class: 2584K(2816K)->2584K(2816K)
[2025-06-03T15:45:20.539+0530][83.297s] GC(446) Pause Young (Normal) (G1 Evacuation Pause) 315M->9M(512M) 1.246ms
[2025-06-03T15:45:20.539+0530][83.297s] GC(446) User=0.00s Sys=0.00s Real=0.00s
[2025-06-03T15:45:20.696+0530][83.455s] GC(447) Pause Young (Normal) (G1 Evacuation Pause)
[2025-06-03T15:45:20.697+0530][83.455s] GC(447) Using 8 workers of 8 for evacuation
[2025-06-03T15:45:20.697+0530][83.455s] GC(447) Skipped phase 1 of Reference Processing: no references
[2025-06-03T15:45:20.697+0530][83.456s] GC(447) Skipped phase 2 of Reference Processing: no references
[2025-06-03T15:45:20.697+0530][83.456s] GC(447) Skipped phase 3 of Reference Processing: no references
[2025-06-03T15:45:20.697+0530][83.456s] GC(447) Skipped phase 4 of Reference Processing: no references
[2025-06-03T15:45:20.698+0530][83.456s] GC(447)   Pre Evacuate Collection Set: 0.1ms
[2025-06-03T15:45:20.698+0530][83.456s] GC(447)   Merge Heap Roots: 0.1ms
[2025-06-03T15:45:20.698+0530][83.456s] GC(447)   Evacuate Collection Set: 0.3ms
[2025-06-03T15:45:20.698+0530][83.456s] GC(447)   Post Evacuate Collection Set: 0.7ms
[2025-06-03T15:45:20.698+0530][83.456s] GC(447)   Other: 0.2ms
[2025-06-03T15:45:20.698+0530][83.456s] GC(447) Eden regions: 306->0(306)
[2025-06-03T15:45:20.698+0530][83.456s] GC(447) Survivor regions: 1->1(39)
[2025-06-03T15:45:20.698+0530][83.456s] GC(447) Old regions: 9->9
[2025-06-03T15:45:20.698+0530][83.456s] GC(447) Archive regions: 2->2
[2025-06-03T15:45:20.698+0530][83.456s] GC(447) Humongous regions: 0->0
[2025-06-03T15:45:20.698+0530][83.456s] GC(447) Metaspace: 20445K(20928K)->20445K(20928K) NonClass: 17860K(18112K)->17860K(18112K) Class: 2584K(2816K)->2584K(2816K)
[2025-06-03T15:45:20.698+0530][83.457s] GC(447) Pause Young (Normal) (G1 Evacuation Pause) 315M->9M(512M) 1.614ms
[2025-06-03T15:45:20.698+0530][83.457s] GC(447) User=0.00s Sys=0.00s Real=0.00s
[2025-06-03T15:45:20.861+0530][83.619s] GC(448) Pause Young (Normal) (G1 Evacuation Pause)
[2025-06-03T15:45:20.861+0530][83.619s] GC(448) Using 8 workers of 8 for evacuation
[2025-06-03T15:45:20.861+0530][83.620s] GC(448) Skipped phase 1 of Reference Processing: no references
[2025-06-03T15:45:20.861+0530][83.620s] GC(448) Skipped phase 2 of Reference Processing: no references
[2025-06-03T15:45:20.861+0530][83.620s] GC(448) Skipped phase 3 of Reference Processing: no references
[2025-06-03T15:45:20.861+0530][83.620s] GC(448) Skipped phase 4 of Reference Processing: no references
[2025-06-03T15:45:20.862+0530][83.620s] GC(448)   Pre Evacuate Collection Set: 0.1ms
[2025-06-03T15:45:20.862+0530][83.620s] GC(448)   Merge Heap Roots: 0.1ms
[2025-06-03T15:45:20.862+0530][83.620s] GC(448)   Evacuate Collection Set: 0.3ms
[2025-06-03T15:45:20.862+0530][83.620s] GC(448)   Post Evacuate Collection Set: 0.5ms
[2025-06-03T15:45:20.862+0530][83.620s] GC(448)   Other: 0.2ms
[2025-06-03T15:45:20.862+0530][83.620s] GC(448) Eden regions: 306->0(306)
[2025-06-03T15:45:20.862+0530][83.620s] GC(448) Survivor regions: 1->1(39)
[2025-06-03T15:45:20.862+0530][83.620s] GC(448) Old regions: 9->9
[2025-06-03T15:45:20.862+0530][83.620s] GC(448) Archive regions: 2->2
[2025-06-03T15:45:20.862+0530][83.620s] GC(448) Humongous regions: 0->0
[2025-06-03T15:45:20.862+0530][83.620s] GC(448) Metaspace: 20445K(20928K)->20445K(20928K) NonClass: 17860K(18112K)->17860K(18112K) Class: 2584K(2816K)->2584K(2816K)
[2025-06-03T15:45:20.862+0530][83.620s] GC(448) Pause Young (Normal) (G1 Evacuation Pause) 315M->9M(512M) 1.257ms
[2025-06-03T15:45:20.862+0530][83.620s] GC(448) User=0.00s Sys=0.01s Real=0.00s
[2025-06-03T15:45:21.034+0530][83.792s] GC(449) Pause Young (Normal) (G1 Evacuation Pause)
[2025-06-03T15:45:21.034+0530][83.792s] GC(449) Using 8 workers of 8 for evacuation
[2025-06-03T15:45:21.034+0530][83.793s] GC(449) Skipped phase 1 of Reference Processing: no references
[2025-06-03T15:45:21.034+0530][83.793s] GC(449) Skipped phase 2 of Reference Processing: no references
[2025-06-03T15:45:21.034+0530][83.793s] GC(449) Skipped phase 3 of Reference Processing: no references
[2025-06-03T15:45:21.034+0530][83.793s] GC(449) Skipped phase 4 of Reference Processing: no references
[2025-06-03T15:45:21.035+0530][83.793s] GC(449)   Pre Evacuate Collection Set: 0.1ms
[2025-06-03T15:45:21.035+0530][83.793s] GC(449)   Merge Heap Roots: 0.1ms
[2025-06-03T15:45:21.035+0530][83.793s] GC(449)   Evacuate Collection Set: 0.2ms
[2025-06-03T15:45:21.035+0530][83.793s] GC(449)   Post Evacuate Collection Set: 0.5ms
[2025-06-03T15:45:21.035+0530][83.793s] GC(449)   Other: 0.2ms
[2025-06-03T15:45:21.035+0530][83.793s] GC(449) Eden regions: 306->0(306)
[2025-06-03T15:45:21.035+0530][83.793s] GC(449) Survivor regions: 1->1(39)
[2025-06-03T15:45:21.035+0530][83.793s] GC(449) Old regions: 9->9
[2025-06-03T15:45:21.035+0530][83.793s] GC(449) Archive regions: 2->2
[2025-06-03T15:45:21.035+0530][83.794s] GC(449) Humongous regions: 0->0
[2025-06-03T15:45:21.035+0530][83.794s] GC(449) Metaspace: 20445K(20928K)->20445K(20928K) NonClass: 17860K(18112K)->17860K(18112K) Class: 2584K(2816K)->2584K(2816K)
[2025-06-03T15:45:21.035+0530][83.794s] GC(449) Pause Young (Normal) (G1 Evacuation Pause) 315M->9M(512M) 1.510ms
[2025-06-03T15:45:21.035+0530][83.794s] GC(449) User=0.00s Sys=0.00s Real=0.00s
[2025-06-03T15:45:21.194+0530][83.952s] GC(450) Pause Young (Normal) (G1 Evacuation Pause)
[2025-06-03T15:45:21.194+0530][83.952s] GC(450) Using 8 workers of 8 for evacuation
[2025-06-03T15:45:21.194+0530][83.953s] GC(450) Skipped phase 1 of Reference Processing: no references
[2025-06-03T15:45:21.194+0530][83.953s] GC(450) Skipped phase 2 of Reference Processing: no references
[2025-06-03T15:45:21.194+0530][83.953s] GC(450) Skipped phase 3 of Reference Processing: no references
[2025-06-03T15:45:21.194+0530][83.953s] GC(450) Skipped phase 4 of Reference Processing: no references
[2025-06-03T15:45:21.195+0530][83.953s] GC(450)   Pre Evacuate Collection Set: 0.1ms
[2025-06-03T15:45:21.195+0530][83.953s] GC(450)   Merge Heap Roots: 0.1ms
[2025-06-03T15:45:21.195+0530][83.953s] GC(450)   Evacuate Collection Set: 0.2ms
[2025-06-03T15:45:21.195+0530][83.953s] GC(450)   Post Evacuate Collection Set: 0.4ms
[2025-06-03T15:45:21.195+0530][83.953s] GC(450)   Other: 0.2ms
[2025-06-03T15:45:21.195+0530][83.953s] GC(450) Eden regions: 306->0(306)
[2025-06-03T15:45:21.195+0530][83.953s] GC(450) Survivor regions: 1->1(39)
[2025-06-03T15:45:21.195+0530][83.953s] GC(450) Old regions: 9->9
[2025-06-03T15:45:21.195+0530][83.953s] GC(450) Archive regions: 2->2
[2025-06-03T15:45:21.195+0530][83.953s] GC(450) Humongous regions: 0->0
[2025-06-03T15:45:21.195+0530][83.953s] GC(450) Metaspace: 20445K(20928K)->20445K(20928K) NonClass: 17860K(18112K)->17860K(18112K) Class: 2584K(2816K)->2584K(2816K)
[2025-06-03T15:45:21.195+0530][83.954s] GC(450) Pause Young (Normal) (G1 Evacuation Pause) 315M->9M(512M) 1.143ms
[2025-06-03T15:45:21.195+0530][83.954s] GC(450) User=0.00s Sys=0.00s Real=0.00s
[2025-06-03T15:45:21.371+0530][84.129s] GC(451) Pause Young (Normal) (G1 Evacuation Pause)
[2025-06-03T15:45:21.371+0530][84.129s] GC(451) Using 8 workers of 8 for evacuation
[2025-06-03T15:45:21.371+0530][84.130s] GC(451) Skipped phase 1 of Reference Processing: no references
[2025-06-03T15:45:21.372+0530][84.130s] GC(451) Skipped phase 2 of Reference Processing: no references
[2025-06-03T15:45:21.372+0530][84.130s] GC(451) Skipped phase 3 of Reference Processing: no references
[2025-06-03T15:45:21.372+0530][84.130s] GC(451) Skipped phase 4 of Reference Processing: no references
[2025-06-03T15:45:21.372+0530][84.130s] GC(451)   Pre Evacuate Collection Set: 0.1ms
[2025-06-03T15:45:21.372+0530][84.131s] GC(451)   Merge Heap Roots: 0.1ms
[2025-06-03T15:45:21.372+0530][84.131s] GC(451)   Evacuate Collection Set: 0.2ms
[2025-06-03T15:45:21.372+0530][84.131s] GC(451)   Post Evacuate Collection Set: 0.5ms
[2025-06-03T15:45:21.372+0530][84.131s] GC(451)   Other: 0.2ms
[2025-06-03T15:45:21.372+0530][84.131s] GC(451) Eden regions: 306->0(306)
[2025-06-03T15:45:21.372+0530][84.131s] GC(451) Survivor regions: 1->1(39)
[2025-06-03T15:45:21.372+0530][84.131s] GC(451) Old regions: 9->9
[2025-06-03T15:45:21.372+0530][84.131s] GC(451) Archive regions: 2->2
[2025-06-03T15:45:21.372+0530][84.131s] GC(451) Humongous regions: 0->0
[2025-06-03T15:45:21.372+0530][84.131s] GC(451) Metaspace: 20445K(20928K)->20445K(20928K) NonClass: 17860K(18112K)->17860K(18112K) Class: 2584K(2816K)->2584K(2816K)
[2025-06-03T15:45:21.372+0530][84.131s] GC(451) Pause Young (Normal) (G1 Evacuation Pause) 315M->9M(512M) 1.323ms
[2025-06-03T15:45:21.372+0530][84.131s] GC(451) User=0.01s Sys=0.00s Real=0.00s
[2025-06-03T15:45:21.548+0530][84.306s] GC(452) Pause Young (Normal) (G1 Evacuation Pause)
[2025-06-03T15:45:21.548+0530][84.306s] GC(452) Using 8 workers of 8 for evacuation
[2025-06-03T15:45:21.549+0530][84.307s] GC(452) Skipped phase 1 of Reference Processing: no references
[2025-06-03T15:45:21.549+0530][84.307s] GC(452) Skipped phase 2 of Reference Processing: no references
[2025-06-03T15:45:21.549+0530][84.307s] GC(452) Skipped phase 3 of Reference Processing: no references
[2025-06-03T15:45:21.549+0530][84.307s] GC(452) Skipped phase 4 of Reference Processing: no references
[2025-06-03T15:45:21.549+0530][84.308s] GC(452)   Pre Evacuate Collection Set: 0.1ms
[2025-06-03T15:45:21.549+0530][84.308s] GC(452)   Merge Heap Roots: 0.1ms
[2025-06-03T15:45:21.549+0530][84.308s] GC(452)   Evacuate Collection Set: 0.4ms
[2025-06-03T15:45:21.549+0530][84.308s] GC(452)   Post Evacuate Collection Set: 0.5ms
[2025-06-03T15:45:21.549+0530][84.308s] GC(452)   Other: 0.2ms
[2025-06-03T15:45:21.549+0530][84.308s] GC(452) Eden regions: 306->0(306)
[2025-06-03T15:45:21.549+0530][84.308s] GC(452) Survivor regions: 1->1(39)
[2025-06-03T15:45:21.549+0530][84.308s] GC(452) Old regions: 9->9
[2025-06-03T15:45:21.549+0530][84.308s] GC(452) Archive regions: 2->2
[2025-06-03T15:45:21.549+0530][84.308s] GC(452) Humongous regions: 0->0
[2025-06-03T15:45:21.549+0530][84.308s] GC(452) Metaspace: 20445K(20928K)->20445K(20928K) NonClass: 17860K(18112K)->17860K(18112K) Class: 2584K(2816K)->2584K(2816K)
[2025-06-03T15:45:21.549+0530][84.308s] GC(452) Pause Young (Normal) (G1 Evacuation Pause) 315M->9M(512M) 1.479ms
[2025-06-03T15:45:21.549+0530][84.308s] GC(452) User=0.01s Sys=0.00s Real=0.00s
[2025-06-03T15:45:21.712+0530][84.470s] GC(453) Pause Young (Normal) (G1 Evacuation Pause)
[2025-06-03T15:45:21.712+0530][84.470s] GC(453) Using 8 workers of 8 for evacuation
[2025-06-03T15:45:21.712+0530][84.471s] GC(453) Skipped phase 1 of Reference Processing: no references
[2025-06-03T15:45:21.712+0530][84.471s] GC(453) Skipped phase 2 of Reference Processing: no references
[2025-06-03T15:45:21.712+0530][84.471s] GC(453) Skipped phase 3 of Reference Processing: no references
[2025-06-03T15:45:21.713+0530][84.471s] GC(453) Skipped phase 4 of Reference Processing: no references
[2025-06-03T15:45:21.713+0530][84.472s] GC(453)   Pre Evacuate Collection Set: 0.1ms
[2025-06-03T15:45:21.713+0530][84.472s] GC(453)   Merge Heap Roots: 0.1ms
[2025-06-03T15:45:21.713+0530][84.472s] GC(453)   Evacuate Collection Set: 0.3ms
[2025-06-03T15:45:21.713+0530][84.472s] GC(453)   Post Evacuate Collection Set: 0.8ms
[2025-06-03T15:45:21.713+0530][84.472s] GC(453)   Other: 0.2ms
[2025-06-03T15:45:21.713+0530][84.472s] GC(453) Eden regions: 306->0(306)
[2025-06-03T15:45:21.713+0530][84.472s] GC(453) Survivor regions: 1->1(39)
[2025-06-03T15:45:21.713+0530][84.472s] GC(453) Old regions: 9->9
[2025-06-03T15:45:21.713+0530][84.472s] GC(453) Archive regions: 2->2
[2025-06-03T15:45:21.713+0530][84.472s] GC(453) Humongous regions: 0->0
[2025-06-03T15:45:21.713+0530][84.472s] GC(453) Metaspace: 20445K(20928K)->20445K(20928K) NonClass: 17860K(18112K)->17860K(18112K) Class: 2584K(2816K)->2584K(2816K)
[2025-06-03T15:45:21.713+0530][84.472s] GC(453) Pause Young (Normal) (G1 Evacuation Pause) 315M->9M(512M) 1.708ms
[2025-06-03T15:45:21.714+0530][84.472s] GC(453) User=0.00s Sys=0.00s Real=0.00s
[2025-06-03T15:45:21.885+0530][84.644s] GC(454) Pause Young (Normal) (G1 Evacuation Pause)
[2025-06-03T15:45:21.886+0530][84.644s] GC(454) Using 8 workers of 8 for evacuation
[2025-06-03T15:45:21.886+0530][84.645s] GC(454) Skipped phase 1 of Reference Processing: no references
[2025-06-03T15:45:21.886+0530][84.645s] GC(454) Skipped phase 2 of Reference Processing: no references
[2025-06-03T15:45:21.886+0530][84.645s] GC(454) Skipped phase 3 of Reference Processing: no references
[2025-06-03T15:45:21.886+0530][84.645s] GC(454) Skipped phase 4 of Reference Processing: no references
[2025-06-03T15:45:21.887+0530][84.645s] GC(454)   Pre Evacuate Collection Set: 0.1ms
[2025-06-03T15:45:21.887+0530][84.645s] GC(454)   Merge Heap Roots: 0.1ms
[2025-06-03T15:45:21.887+0530][84.645s] GC(454)   Evacuate Collection Set: 0.4ms
[2025-06-03T15:45:21.887+0530][84.645s] GC(454)   Post Evacuate Collection Set: 0.5ms
[2025-06-03T15:45:21.887+0530][84.645s] GC(454)   Other: 0.2ms
[2025-06-03T15:45:21.887+0530][84.645s] GC(454) Eden regions: 306->0(306)
[2025-06-03T15:45:21.887+0530][84.645s] GC(454) Survivor regions: 1->1(39)
[2025-06-03T15:45:21.887+0530][84.645s] GC(454) Old regions: 9->9
[2025-06-03T15:45:21.887+0530][84.645s] GC(454) Archive regions: 2->2
[2025-06-03T15:45:21.887+0530][84.645s] GC(454) Humongous regions: 0->0
[2025-06-03T15:45:21.887+0530][84.645s] GC(454) Metaspace: 20445K(20928K)->20445K(20928K) NonClass: 17860K(18112K)->17860K(18112K) Class: 2584K(2816K)->2584K(2816K)
[2025-06-03T15:45:21.887+0530][84.645s] GC(454) Pause Young (Normal) (G1 Evacuation Pause) 315M->9M(512M) 1.550ms
[2025-06-03T15:45:21.887+0530][84.646s] GC(454) User=0.00s Sys=0.00s Real=0.00s
[2025-06-03T15:45:22.099+0530][84.857s] GC(455) Pause Young (Normal) (G1 Evacuation Pause)
[2025-06-03T15:45:22.099+0530][84.857s] GC(455) Using 8 workers of 8 for evacuation
[2025-06-03T15:45:22.099+0530][84.858s] GC(455) Skipped phase 1 of Reference Processing: no references
[2025-06-03T15:45:22.099+0530][84.858s] GC(455) Skipped phase 2 of Reference Processing: no references
[2025-06-03T15:45:22.099+0530][84.858s] GC(455) Skipped phase 3 of Reference Processing: no references
[2025-06-03T15:45:22.099+0530][84.858s] GC(455) Skipped phase 4 of Reference Processing: no references
[2025-06-03T15:45:22.100+0530][84.858s] GC(455)   Pre Evacuate Collection Set: 0.1ms
[2025-06-03T15:45:22.100+0530][84.858s] GC(455)   Merge Heap Roots: 0.1ms
[2025-06-03T15:45:22.100+0530][84.858s] GC(455)   Evacuate Collection Set: 0.3ms
[2025-06-03T15:45:22.100+0530][84.858s] GC(455)   Post Evacuate Collection Set: 0.6ms
[2025-06-03T15:45:22.100+0530][84.858s] GC(455)   Other: 0.2ms
[2025-06-03T15:45:22.100+0530][84.858s] GC(455) Eden regions: 306->0(306)
[2025-06-03T15:45:22.100+0530][84.859s] GC(455) Survivor regions: 1->1(39)
[2025-06-03T15:45:22.100+0530][84.859s] GC(455) Old regions: 9->9
[2025-06-03T15:45:22.100+0530][84.859s] GC(455) Archive regions: 2->2
[2025-06-03T15:45:22.100+0530][84.859s] GC(455) Humongous regions: 0->0
[2025-06-03T15:45:22.100+0530][84.859s] GC(455) Metaspace: 20445K(20928K)->20445K(20928K) NonClass: 17860K(18112K)->17860K(18112K) Class: 2584K(2816K)->2584K(2816K)
[2025-06-03T15:45:22.100+0530][84.859s] GC(455) Pause Young (Normal) (G1 Evacuation Pause) 315M->9M(512M) 1.575ms
[2025-06-03T15:45:22.100+0530][84.859s] GC(455) User=0.00s Sys=0.00s Real=0.01s
[2025-06-03T15:45:22.285+0530][85.043s] GC(456) Pause Young (Normal) (G1 Evacuation Pause)
[2025-06-03T15:45:22.285+0530][85.043s] GC(456) Using 8 workers of 8 for evacuation
[2025-06-03T15:45:22.285+0530][85.044s] GC(456) Skipped phase 1 of Reference Processing: no references
[2025-06-03T15:45:22.285+0530][85.044s] GC(456) Skipped phase 2 of Reference Processing: no references
[2025-06-03T15:45:22.285+0530][85.044s] GC(456) Skipped phase 3 of Reference Processing: no references
[2025-06-03T15:45:22.285+0530][85.044s] GC(456) Skipped phase 4 of Reference Processing: no references
[2025-06-03T15:45:22.286+0530][85.045s] GC(456)   Pre Evacuate Collection Set: 0.1ms
[2025-06-03T15:45:22.286+0530][85.045s] GC(456)   Merge Heap Roots: 0.1ms
[2025-06-03T15:45:22.286+0530][85.045s] GC(456)   Evacuate Collection Set: 0.3ms
[2025-06-03T15:45:22.286+0530][85.045s] GC(456)   Post Evacuate Collection Set: 0.7ms
[2025-06-03T15:45:22.286+0530][85.045s] GC(456)   Other: 0.2ms
[2025-06-03T15:45:22.286+0530][85.045s] GC(456) Eden regions: 306->0(306)
[2025-06-03T15:45:22.287+0530][85.045s] GC(456) Survivor regions: 1->1(39)
[2025-06-03T15:45:22.287+0530][85.045s] GC(456) Old regions: 9->9
[2025-06-03T15:45:22.287+0530][85.045s] GC(456) Archive regions: 2->2
[2025-06-03T15:45:22.287+0530][85.045s] GC(456) Humongous regions: 0->0
[2025-06-03T15:45:22.287+0530][85.045s] GC(456) Metaspace: 20445K(20928K)->20445K(20928K) NonClass: 17860K(18112K)->17860K(18112K) Class: 2584K(2816K)->2584K(2816K)
[2025-06-03T15:45:22.287+0530][85.045s] GC(456) Pause Young (Normal) (G1 Evacuation Pause) 315M->9M(512M) 1.842ms
[2025-06-03T15:45:22.287+0530][85.045s] GC(456) User=0.00s Sys=0.00s Real=0.00s
[2025-06-03T15:45:22.452+0530][85.210s] GC(457) Pause Young (Normal) (G1 Evacuation Pause)
[2025-06-03T15:45:22.452+0530][85.210s] GC(457) Using 8 workers of 8 for evacuation
[2025-06-03T15:45:22.452+0530][85.211s] GC(457) Skipped phase 1 of Reference Processing: no references
[2025-06-03T15:45:22.452+0530][85.211s] GC(457) Skipped phase 2 of Reference Processing: no references
[2025-06-03T15:45:22.452+0530][85.211s] GC(457) Skipped phase 3 of Reference Processing: no references
[2025-06-03T15:45:22.452+0530][85.211s] GC(457) Skipped phase 4 of Reference Processing: no references
[2025-06-03T15:45:22.452+0530][85.211s] GC(457)   Pre Evacuate Collection Set: 0.1ms
[2025-06-03T15:45:22.453+0530][85.211s] GC(457)   Merge Heap Roots: 0.1ms
[2025-06-03T15:45:22.453+0530][85.211s] GC(457)   Evacuate Collection Set: 0.2ms
[2025-06-03T15:45:22.453+0530][85.211s] GC(457)   Post Evacuate Collection Set: 0.4ms
[2025-06-03T15:45:22.453+0530][85.211s] GC(457)   Other: 0.2ms
[2025-06-03T15:45:22.453+0530][85.211s] GC(457) Eden regions: 306->0(306)
[2025-06-03T15:45:22.453+0530][85.211s] GC(457) Survivor regions: 1->1(39)
[2025-06-03T15:45:22.453+0530][85.211s] GC(457) Old regions: 9->9
[2025-06-03T15:45:22.453+0530][85.211s] GC(457) Archive regions: 2->2
[2025-06-03T15:45:22.453+0530][85.211s] GC(457) Humongous regions: 0->0
[2025-06-03T15:45:22.453+0530][85.211s] GC(457) Metaspace: 20445K(20928K)->20445K(20928K) NonClass: 17860K(18112K)->17860K(18112K) Class: 2584K(2816K)->2584K(2816K)
[2025-06-03T15:45:22.453+0530][85.211s] GC(457) Pause Young (Normal) (G1 Evacuation Pause) 315M->9M(512M) 1.163ms
[2025-06-03T15:45:22.453+0530][85.211s] GC(457) User=0.00s Sys=0.00s Real=0.00s
[2025-06-03T15:45:22.622+0530][85.380s] GC(458) Pause Young (Normal) (G1 Evacuation Pause)
[2025-06-03T15:45:22.622+0530][85.380s] GC(458) Using 8 workers of 8 for evacuation
[2025-06-03T15:45:22.622+0530][85.381s] GC(458) Skipped phase 1 of Reference Processing: no references
[2025-06-03T15:45:22.622+0530][85.381s] GC(458) Skipped phase 2 of Reference Processing: no references
[2025-06-03T15:45:22.622+0530][85.381s] GC(458) Skipped phase 3 of Reference Processing: no references
[2025-06-03T15:45:22.622+0530][85.381s] GC(458) Skipped phase 4 of Reference Processing: no references
[2025-06-03T15:45:22.623+0530][85.381s] GC(458)   Pre Evacuate Collection Set: 0.1ms
[2025-06-03T15:45:22.623+0530][85.381s] GC(458)   Merge Heap Roots: 0.1ms
[2025-06-03T15:45:22.623+0530][85.381s] GC(458)   Evacuate Collection Set: 0.2ms
[2025-06-03T15:45:22.623+0530][85.381s] GC(458)   Post Evacuate Collection Set: 0.6ms
[2025-06-03T15:45:22.623+0530][85.381s] GC(458)   Other: 0.2ms
[2025-06-03T15:45:22.623+0530][85.381s] GC(458) Eden regions: 306->0(306)
[2025-06-03T15:45:22.623+0530][85.381s] GC(458) Survivor regions: 1->1(39)
[2025-06-03T15:45:22.623+0530][85.381s] GC(458) Old regions: 9->9
[2025-06-03T15:45:22.623+0530][85.381s] GC(458) Archive regions: 2->2
[2025-06-03T15:45:22.623+0530][85.381s] GC(458) Humongous regions: 0->0
[2025-06-03T15:45:22.623+0530][85.381s] GC(458) Metaspace: 20445K(20928K)->20445K(20928K) NonClass: 17860K(18112K)->17860K(18112K) Class: 2584K(2816K)->2584K(2816K)
[2025-06-03T15:45:22.623+0530][85.382s] GC(458) Pause Young (Normal) (G1 Evacuation Pause) 315M->9M(512M) 1.356ms
[2025-06-03T15:45:22.623+0530][85.382s] GC(458) User=0.01s Sys=0.00s Real=0.00s
[2025-06-03T15:45:22.793+0530][85.551s] GC(459) Pause Young (Normal) (G1 Evacuation Pause)
[2025-06-03T15:45:22.793+0530][85.551s] GC(459) Using 8 workers of 8 for evacuation
[2025-06-03T15:45:22.793+0530][85.552s] GC(459) Skipped phase 1 of Reference Processing: no references
[2025-06-03T15:45:22.793+0530][85.552s] GC(459) Skipped phase 2 of Reference Processing: no references
[2025-06-03T15:45:22.793+0530][85.552s] GC(459) Skipped phase 3 of Reference Processing: no references
[2025-06-03T15:45:22.793+0530][85.552s] GC(459) Skipped phase 4 of Reference Processing: no references
[2025-06-03T15:45:22.794+0530][85.552s] GC(459)   Pre Evacuate Collection Set: 0.1ms
[2025-06-03T15:45:22.794+0530][85.552s] GC(459)   Merge Heap Roots: 0.1ms
[2025-06-03T15:45:22.794+0530][85.552s] GC(459)   Evacuate Collection Set: 0.3ms
[2025-06-03T15:45:22.794+0530][85.552s] GC(459)   Post Evacuate Collection Set: 0.5ms
[2025-06-03T15:45:22.794+0530][85.552s] GC(459)   Other: 0.2ms
[2025-06-03T15:45:22.794+0530][85.552s] GC(459) Eden regions: 306->0(306)
[2025-06-03T15:45:22.794+0530][85.552s] GC(459) Survivor regions: 1->1(39)
[2025-06-03T15:45:22.794+0530][85.552s] GC(459) Old regions: 9->9
[2025-06-03T15:45:22.794+0530][85.552s] GC(459) Archive regions: 2->2
[2025-06-03T15:45:22.794+0530][85.552s] GC(459) Humongous regions: 0->0
[2025-06-03T15:45:22.794+0530][85.552s] GC(459) Metaspace: 20445K(20928K)->20445K(20928K) NonClass: 17860K(18112K)->17860K(18112K) Class: 2584K(2816K)->2584K(2816K)
[2025-06-03T15:45:22.794+0530][85.553s] GC(459) Pause Young (Normal) (G1 Evacuation Pause) 315M->9M(512M) 1.465ms
[2025-06-03T15:45:22.794+0530][85.553s] GC(459) User=0.00s Sys=0.01s Real=0.00s
[2025-06-03T15:45:22.964+0530][85.722s] GC(460) Pause Young (Normal) (G1 Evacuation Pause)
[2025-06-03T15:45:22.964+0530][85.722s] GC(460) Using 8 workers of 8 for evacuation
[2025-06-03T15:45:22.964+0530][85.723s] GC(460) Skipped phase 1 of Reference Processing: no references
[2025-06-03T15:45:22.964+0530][85.723s] GC(460) Skipped phase 2 of Reference Processing: no references
[2025-06-03T15:45:22.964+0530][85.723s] GC(460) Skipped phase 3 of Reference Processing: no references
[2025-06-03T15:45:22.964+0530][85.723s] GC(460) Skipped phase 4 of Reference Processing: no references
[2025-06-03T15:45:22.965+0530][85.723s] GC(460)   Pre Evacuate Collection Set: 0.1ms
[2025-06-03T15:45:22.965+0530][85.723s] GC(460)   Merge Heap Roots: 0.1ms
[2025-06-03T15:45:22.965+0530][85.723s] GC(460)   Evacuate Collection Set: 0.3ms
[2025-06-03T15:45:22.965+0530][85.723s] GC(460)   Post Evacuate Collection Set: 0.6ms
[2025-06-03T15:45:22.965+0530][85.723s] GC(460)   Other: 0.2ms
[2025-06-03T15:45:22.965+0530][85.723s] GC(460) Eden regions: 306->0(306)
[2025-06-03T15:45:22.965+0530][85.724s] GC(460) Survivor regions: 1->1(39)
[2025-06-03T15:45:22.965+0530][85.724s] GC(460) Old regions: 9->9
[2025-06-03T15:45:22.965+0530][85.724s] GC(460) Archive regions: 2->2
[2025-06-03T15:45:22.965+0530][85.724s] GC(460) Humongous regions: 0->0
[2025-06-03T15:45:22.965+0530][85.724s] GC(460) Metaspace: 20445K(20928K)->20445K(20928K) NonClass: 17860K(18112K)->17860K(18112K) Class: 2584K(2816K)->2584K(2816K)
[2025-06-03T15:45:22.965+0530][85.724s] GC(460) Pause Young (Normal) (G1 Evacuation Pause) 315M->9M(512M) 1.630ms
[2025-06-03T15:45:22.965+0530][85.724s] GC(460) User=0.00s Sys=0.00s Real=0.00s
[2025-06-03T15:45:23.134+0530][85.893s] GC(461) Pause Young (Normal) (G1 Evacuation Pause)
[2025-06-03T15:45:23.134+0530][85.893s] GC(461) Using 8 workers of 8 for evacuation
[2025-06-03T15:45:23.135+0530][85.894s] GC(461) Skipped phase 1 of Reference Processing: no references
[2025-06-03T15:45:23.135+0530][85.894s] GC(461) Skipped phase 2 of Reference Processing: no references
[2025-06-03T15:45:23.135+0530][85.894s] GC(461) Skipped phase 3 of Reference Processing: no references
[2025-06-03T15:45:23.135+0530][85.894s] GC(461) Skipped phase 4 of Reference Processing: no references
[2025-06-03T15:45:23.136+0530][85.894s] GC(461)   Pre Evacuate Collection Set: 0.6ms
[2025-06-03T15:45:23.136+0530][85.894s] GC(461)   Merge Heap Roots: 0.1ms
[2025-06-03T15:45:23.136+0530][85.894s] GC(461)   Evacuate Collection Set: 0.2ms
[2025-06-03T15:45:23.136+0530][85.894s] GC(461)   Post Evacuate Collection Set: 0.5ms
[2025-06-03T15:45:23.136+0530][85.894s] GC(461)   Other: 0.2ms
[2025-06-03T15:45:23.136+0530][85.894s] GC(461) Eden regions: 306->0(306)
[2025-06-03T15:45:23.136+0530][85.894s] GC(461) Survivor regions: 1->1(39)
[2025-06-03T15:45:23.136+0530][85.894s] GC(461) Old regions: 9->9
[2025-06-03T15:45:23.136+0530][85.895s] GC(461) Archive regions: 2->2
[2025-06-03T15:45:23.136+0530][85.895s] GC(461) Humongous regions: 0->0
[2025-06-03T15:45:23.136+0530][85.895s] GC(461) Metaspace: 20445K(20928K)->20445K(20928K) NonClass: 17860K(18112K)->17860K(18112K) Class: 2584K(2816K)->2584K(2816K)
[2025-06-03T15:45:23.136+0530][85.895s] GC(461) Pause Young (Normal) (G1 Evacuation Pause) 315M->9M(512M) 1.894ms
[2025-06-03T15:45:23.136+0530][85.895s] GC(461) User=0.00s Sys=0.00s Real=0.00s
[2025-06-03T15:45:23.320+0530][86.078s] GC(462) Pause Young (Normal) (G1 Evacuation Pause)
[2025-06-03T15:45:23.320+0530][86.078s] GC(462) Using 8 workers of 8 for evacuation
[2025-06-03T15:45:23.320+0530][86.079s] GC(462) Skipped phase 1 of Reference Processing: no references
[2025-06-03T15:45:23.320+0530][86.079s] GC(462) Skipped phase 2 of Reference Processing: no references
[2025-06-03T15:45:23.320+0530][86.079s] GC(462) Skipped phase 3 of Reference Processing: no references
[2025-06-03T15:45:23.321+0530][86.079s] GC(462) Skipped phase 4 of Reference Processing: no references
[2025-06-03T15:45:23.321+0530][86.079s] GC(462)   Pre Evacuate Collection Set: 0.1ms
[2025-06-03T15:45:23.321+0530][86.080s] GC(462)   Merge Heap Roots: 0.1ms
[2025-06-03T15:45:23.321+0530][86.080s] GC(462)   Evacuate Collection Set: 0.3ms
[2025-06-03T15:45:23.321+0530][86.080s] GC(462)   Post Evacuate Collection Set: 0.6ms
[2025-06-03T15:45:23.321+0530][86.080s] GC(462)   Other: 0.2ms
[2025-06-03T15:45:23.321+0530][86.080s] GC(462) Eden regions: 306->0(306)
[2025-06-03T15:45:23.321+0530][86.080s] GC(462) Survivor regions: 1->1(39)
[2025-06-03T15:45:23.321+0530][86.080s] GC(462) Old regions: 9->9
[2025-06-03T15:45:23.321+0530][86.080s] GC(462) Archive regions: 2->2
[2025-06-03T15:45:23.321+0530][86.080s] GC(462) Humongous regions: 0->0
[2025-06-03T15:45:23.321+0530][86.080s] GC(462) Metaspace: 20445K(20928K)->20445K(20928K) NonClass: 17860K(18112K)->17860K(18112K) Class: 2584K(2816K)->2584K(2816K)
[2025-06-03T15:45:23.321+0530][86.080s] GC(462) Pause Young (Normal) (G1 Evacuation Pause) 315M->9M(512M) 1.462ms
[2025-06-03T15:45:23.321+0530][86.080s] GC(462) User=0.00s Sys=0.00s Real=0.00s
[2025-06-03T15:45:23.498+0530][86.256s] GC(463) Pause Young (Normal) (G1 Evacuation Pause)
[2025-06-03T15:45:23.498+0530][86.256s] GC(463) Using 8 workers of 8 for evacuation
[2025-06-03T15:45:23.498+0530][86.257s] GC(463) Skipped phase 1 of Reference Processing: no references
[2025-06-03T15:45:23.498+0530][86.257s] GC(463) Skipped phase 2 of Reference Processing: no references
[2025-06-03T15:45:23.498+0530][86.257s] GC(463) Skipped phase 3 of Reference Processing: no references
[2025-06-03T15:45:23.498+0530][86.257s] GC(463) Skipped phase 4 of Reference Processing: no references
[2025-06-03T15:45:23.499+0530][86.257s] GC(463)   Pre Evacuate Collection Set: 0.1ms
[2025-06-03T15:45:23.499+0530][86.257s] GC(463)   Merge Heap Roots: 0.1ms
[2025-06-03T15:45:23.499+0530][86.257s] GC(463)   Evacuate Collection Set: 0.2ms
[2025-06-03T15:45:23.499+0530][86.257s] GC(463)   Post Evacuate Collection Set: 0.5ms
[2025-06-03T15:45:23.499+0530][86.257s] GC(463)   Other: 0.2ms
[2025-06-03T15:45:23.499+0530][86.257s] GC(463) Eden regions: 306->0(306)
[2025-06-03T15:45:23.499+0530][86.257s] GC(463) Survivor regions: 1->1(39)
[2025-06-03T15:45:23.499+0530][86.257s] GC(463) Old regions: 9->9
[2025-06-03T15:45:23.499+0530][86.257s] GC(463) Archive regions: 2->2
[2025-06-03T15:45:23.499+0530][86.257s] GC(463) Humongous regions: 0->0
[2025-06-03T15:45:23.499+0530][86.258s] GC(463) Metaspace: 20445K(20928K)->20445K(20928K) NonClass: 17860K(18112K)->17860K(18112K) Class: 2584K(2816K)->2584K(2816K)
[2025-06-03T15:45:23.499+0530][86.258s] GC(463) Pause Young (Normal) (G1 Evacuation Pause) 315M->9M(512M) 1.334ms
[2025-06-03T15:45:23.499+0530][86.258s] GC(463) User=0.00s Sys=0.00s Real=0.00s
[2025-06-03T15:45:23.660+0530][86.419s] GC(464) Pause Young (Normal) (G1 Evacuation Pause)
[2025-06-03T15:45:23.660+0530][86.419s] GC(464) Using 8 workers of 8 for evacuation
[2025-06-03T15:45:23.661+0530][86.419s] GC(464) Skipped phase 1 of Reference Processing: no references
[2025-06-03T15:45:23.661+0530][86.419s] GC(464) Skipped phase 2 of Reference Processing: no references
[2025-06-03T15:45:23.661+0530][86.419s] GC(464) Skipped phase 3 of Reference Processing: no references
[2025-06-03T15:45:23.661+0530][86.420s] GC(464) Skipped phase 4 of Reference Processing: no references
[2025-06-03T15:45:23.662+0530][86.420s] GC(464)   Pre Evacuate Collection Set: 0.1ms
[2025-06-03T15:45:23.662+0530][86.420s] GC(464)   Merge Heap Roots: 0.1ms
[2025-06-03T15:45:23.662+0530][86.420s] GC(464)   Evacuate Collection Set: 0.3ms
[2025-06-03T15:45:23.662+0530][86.420s] GC(464)   Post Evacuate Collection Set: 0.6ms
[2025-06-03T15:45:23.662+0530][86.420s] GC(464)   Other: 0.4ms
[2025-06-03T15:45:23.662+0530][86.420s] GC(464) Eden regions: 306->0(306)
[2025-06-03T15:45:23.662+0530][86.420s] GC(464) Survivor regions: 1->1(39)
[2025-06-03T15:45:23.662+0530][86.420s] GC(464) Old regions: 9->9
[2025-06-03T15:45:23.662+0530][86.420s] GC(464) Archive regions: 2->2
[2025-06-03T15:45:23.662+0530][86.420s] GC(464) Humongous regions: 0->0
[2025-06-03T15:45:23.662+0530][86.420s] GC(464) Metaspace: 20445K(20928K)->20445K(20928K) NonClass: 17860K(18112K)->17860K(18112K) Class: 2584K(2816K)->2584K(2816K)
[2025-06-03T15:45:23.662+0530][86.420s] GC(464) Pause Young (Normal) (G1 Evacuation Pause) 315M->9M(512M) 1.752ms
[2025-06-03T15:45:23.662+0530][86.420s] GC(464) User=0.01s Sys=0.00s Real=0.00s
[2025-06-03T15:45:23.817+0530][86.575s] GC(465) Pause Young (Normal) (G1 Evacuation Pause)
[2025-06-03T15:45:23.817+0530][86.575s] GC(465) Using 8 workers of 8 for evacuation
[2025-06-03T15:45:23.817+0530][86.576s] GC(465) Skipped phase 1 of Reference Processing: no references
[2025-06-03T15:45:23.817+0530][86.576s] GC(465) Skipped phase 2 of Reference Processing: no references
[2025-06-03T15:45:23.817+0530][86.576s] GC(465) Skipped phase 3 of Reference Processing: no references
[2025-06-03T15:45:23.817+0530][86.576s] GC(465) Skipped phase 4 of Reference Processing: no references
[2025-06-03T15:45:23.818+0530][86.576s] GC(465)   Pre Evacuate Collection Set: 0.1ms
[2025-06-03T15:45:23.818+0530][86.576s] GC(465)   Merge Heap Roots: 0.1ms
[2025-06-03T15:45:23.818+0530][86.576s] GC(465)   Evacuate Collection Set: 0.3ms
[2025-06-03T15:45:23.818+0530][86.576s] GC(465)   Post Evacuate Collection Set: 0.5ms
[2025-06-03T15:45:23.818+0530][86.576s] GC(465)   Other: 0.2ms
[2025-06-03T15:45:23.818+0530][86.576s] GC(465) Eden regions: 306->0(306)
[2025-06-03T15:45:23.818+0530][86.576s] GC(465) Survivor regions: 1->1(39)
[2025-06-03T15:45:23.818+0530][86.576s] GC(465) Old regions: 9->9
[2025-06-03T15:45:23.818+0530][86.576s] GC(465) Archive regions: 2->2
[2025-06-03T15:45:23.818+0530][86.576s] GC(465) Humongous regions: 0->0
[2025-06-03T15:45:23.818+0530][86.576s] GC(465) Metaspace: 20445K(20928K)->20445K(20928K) NonClass: 17860K(18112K)->17860K(18112K) Class: 2584K(2816K)->2584K(2816K)
[2025-06-03T15:45:23.818+0530][86.577s] GC(465) Pause Young (Normal) (G1 Evacuation Pause) 315M->9M(512M) 1.343ms
[2025-06-03T15:45:23.818+0530][86.577s] GC(465) User=0.00s Sys=0.00s Real=0.00s
[2025-06-03T15:45:23.978+0530][86.736s] GC(466) Pause Young (Normal) (G1 Evacuation Pause)
[2025-06-03T15:45:23.978+0530][86.736s] GC(466) Using 8 workers of 8 for evacuation
[2025-06-03T15:45:23.978+0530][86.737s] GC(466) Skipped phase 1 of Reference Processing: no references
[2025-06-03T15:45:23.978+0530][86.737s] GC(466) Skipped phase 2 of Reference Processing: no references
[2025-06-03T15:45:23.978+0530][86.737s] GC(466) Skipped phase 3 of Reference Processing: no references
[2025-06-03T15:45:23.978+0530][86.737s] GC(466) Skipped phase 4 of Reference Processing: no references
[2025-06-03T15:45:23.979+0530][86.737s] GC(466)   Pre Evacuate Collection Set: 0.1ms
[2025-06-03T15:45:23.979+0530][86.737s] GC(466)   Merge Heap Roots: 0.1ms
[2025-06-03T15:45:23.979+0530][86.737s] GC(466)   Evacuate Collection Set: 0.2ms
[2025-06-03T15:45:23.979+0530][86.737s] GC(466)   Post Evacuate Collection Set: 0.5ms
[2025-06-03T15:45:23.979+0530][86.737s] GC(466)   Other: 0.2ms
[2025-06-03T15:45:23.979+0530][86.737s] GC(466) Eden regions: 306->0(306)
[2025-06-03T15:45:23.979+0530][86.737s] GC(466) Survivor regions: 1->1(39)
[2025-06-03T15:45:23.979+0530][86.738s] GC(466) Old regions: 9->9
[2025-06-03T15:45:23.979+0530][86.738s] GC(466) Archive regions: 2->2
[2025-06-03T15:45:23.979+0530][86.738s] GC(466) Humongous regions: 0->0
[2025-06-03T15:45:23.979+0530][86.738s] GC(466) Metaspace: 20445K(20928K)->20445K(20928K) NonClass: 17861K(18112K)->17861K(18112K) Class: 2584K(2816K)->2584K(2816K)
[2025-06-03T15:45:23.979+0530][86.738s] GC(466) Pause Young (Normal) (G1 Evacuation Pause) 315M->9M(512M) 1.307ms
[2025-06-03T15:45:23.979+0530][86.738s] GC(466) User=0.00s Sys=0.00s Real=0.00s
[2025-06-03T15:45:24.166+0530][86.925s] GC(467) Pause Young (Normal) (G1 Evacuation Pause)
[2025-06-03T15:45:24.166+0530][86.925s] GC(467) Using 8 workers of 8 for evacuation
[2025-06-03T15:45:24.167+0530][86.925s] GC(467) Skipped phase 1 of Reference Processing: no references
[2025-06-03T15:45:24.167+0530][86.925s] GC(467) Skipped phase 2 of Reference Processing: no references
[2025-06-03T15:45:24.167+0530][86.925s] GC(467) Skipped phase 3 of Reference Processing: no references
[2025-06-03T15:45:24.167+0530][86.925s] GC(467) Skipped phase 4 of Reference Processing: no references
[2025-06-03T15:45:24.167+0530][86.926s] GC(467)   Pre Evacuate Collection Set: 0.1ms
[2025-06-03T15:45:24.167+0530][86.926s] GC(467)   Merge Heap Roots: 0.1ms
[2025-06-03T15:45:24.167+0530][86.926s] GC(467)   Evacuate Collection Set: 0.3ms
[2025-06-03T15:45:24.167+0530][86.926s] GC(467)   Post Evacuate Collection Set: 0.4ms
[2025-06-03T15:45:24.167+0530][86.926s] GC(467)   Other: 0.2ms
[2025-06-03T15:45:24.167+0530][86.926s] GC(467) Eden regions: 306->0(306)
[2025-06-03T15:45:24.167+0530][86.926s] GC(467) Survivor regions: 1->1(39)
[2025-06-03T15:45:24.167+0530][86.926s] GC(467) Old regions: 9->9
[2025-06-03T15:45:24.167+0530][86.926s] GC(467) Archive regions: 2->2
[2025-06-03T15:45:24.167+0530][86.926s] GC(467) Humongous regions: 0->0
[2025-06-03T15:45:24.167+0530][86.926s] GC(467) Metaspace: 20445K(20928K)->20445K(20928K) NonClass: 17861K(18112K)->17861K(18112K) Class: 2584K(2816K)->2584K(2816K)
[2025-06-03T15:45:24.167+0530][86.926s] GC(467) Pause Young (Normal) (G1 Evacuation Pause) 315M->9M(512M) 1.351ms
[2025-06-03T15:45:24.167+0530][86.926s] GC(467) User=0.00s Sys=0.00s Real=0.00s
[2025-06-03T15:45:24.378+0530][87.137s] GC(468) Pause Young (Normal) (G1 Evacuation Pause)
[2025-06-03T15:45:24.378+0530][87.137s] GC(468) Using 8 workers of 8 for evacuation
[2025-06-03T15:45:24.379+0530][87.138s] GC(468) Skipped phase 1 of Reference Processing: no references
[2025-06-03T15:45:24.379+0530][87.138s] GC(468) Skipped phase 2 of Reference Processing: no references
[2025-06-03T15:45:24.379+0530][87.138s] GC(468) Skipped phase 3 of Reference Processing: no references
[2025-06-03T15:45:24.379+0530][87.138s] GC(468) Skipped phase 4 of Reference Processing: no references
[2025-06-03T15:45:24.380+0530][87.138s] GC(468)   Pre Evacuate Collection Set: 0.1ms
[2025-06-03T15:45:24.380+0530][87.138s] GC(468)   Merge Heap Roots: 0.1ms
[2025-06-03T15:45:24.380+0530][87.138s] GC(468)   Evacuate Collection Set: 0.3ms
[2025-06-03T15:45:24.380+0530][87.138s] GC(468)   Post Evacuate Collection Set: 0.6ms
[2025-06-03T15:45:24.380+0530][87.138s] GC(468)   Other: 0.3ms
[2025-06-03T15:45:24.380+0530][87.138s] GC(468) Eden regions: 306->0(306)
[2025-06-03T15:45:24.380+0530][87.138s] GC(468) Survivor regions: 1->1(39)
[2025-06-03T15:45:24.380+0530][87.139s] GC(468) Old regions: 9->9
[2025-06-03T15:45:24.380+0530][87.139s] GC(468) Archive regions: 2->2
[2025-06-03T15:45:24.380+0530][87.139s] GC(468) Humongous regions: 0->0
[2025-06-03T15:45:24.380+0530][87.139s] GC(468) Metaspace: 20445K(20928K)->20445K(20928K) NonClass: 17861K(18112K)->17861K(18112K) Class: 2584K(2816K)->2584K(2816K)
[2025-06-03T15:45:24.380+0530][87.139s] GC(468) Pause Young (Normal) (G1 Evacuation Pause) 315M->9M(512M) 1.885ms
[2025-06-03T15:45:24.380+0530][87.139s] GC(468) User=0.00s Sys=0.01s Real=0.01s
[2025-06-03T15:45:24.559+0530][87.318s] GC(469) Pause Young (Normal) (G1 Evacuation Pause)
[2025-06-03T15:45:24.560+0530][87.318s] GC(469) Using 8 workers of 8 for evacuation
[2025-06-03T15:45:24.560+0530][87.319s] GC(469) Skipped phase 1 of Reference Processing: no references
[2025-06-03T15:45:24.560+0530][87.319s] GC(469) Skipped phase 2 of Reference Processing: no references
[2025-06-03T15:45:24.560+0530][87.319s] GC(469) Skipped phase 3 of Reference Processing: no references
[2025-06-03T15:45:24.560+0530][87.319s] GC(469) Skipped phase 4 of Reference Processing: no references
[2025-06-03T15:45:24.561+0530][87.319s] GC(469)   Pre Evacuate Collection Set: 0.1ms
[2025-06-03T15:45:24.561+0530][87.319s] GC(469)   Merge Heap Roots: 0.1ms
[2025-06-03T15:45:24.561+0530][87.319s] GC(469)   Evacuate Collection Set: 0.2ms
[2025-06-03T15:45:24.561+0530][87.319s] GC(469)   Post Evacuate Collection Set: 0.5ms
[2025-06-03T15:45:24.561+0530][87.319s] GC(469)   Other: 0.2ms
[2025-06-03T15:45:24.561+0530][87.319s] GC(469) Eden regions: 306->0(306)
[2025-06-03T15:45:24.561+0530][87.319s] GC(469) Survivor regions: 1->1(39)
[2025-06-03T15:45:24.561+0530][87.319s] GC(469) Old regions: 9->9
[2025-06-03T15:45:24.561+0530][87.319s] GC(469) Archive regions: 2->2
[2025-06-03T15:45:24.561+0530][87.319s] GC(469) Humongous regions: 0->0
[2025-06-03T15:45:24.561+0530][87.319s] GC(469) Metaspace: 20445K(20928K)->20445K(20928K) NonClass: 17861K(18112K)->17861K(18112K) Class: 2584K(2816K)->2584K(2816K)
[2025-06-03T15:45:24.561+0530][87.319s] GC(469) Pause Young (Normal) (G1 Evacuation Pause) 315M->9M(512M) 1.285ms
[2025-06-03T15:45:24.561+0530][87.319s] GC(469) User=0.00s Sys=0.00s Real=0.01s
[2025-06-03T15:45:24.718+0530][87.477s] GC(470) Pause Young (Normal) (G1 Evacuation Pause)
[2025-06-03T15:45:24.718+0530][87.477s] GC(470) Using 8 workers of 8 for evacuation
[2025-06-03T15:45:24.719+0530][87.477s] GC(470) Skipped phase 1 of Reference Processing: no references
[2025-06-03T15:45:24.719+0530][87.477s] GC(470) Skipped phase 2 of Reference Processing: no references
[2025-06-03T15:45:24.719+0530][87.477s] GC(470) Skipped phase 3 of Reference Processing: no references
[2025-06-03T15:45:24.719+0530][87.477s] GC(470) Skipped phase 4 of Reference Processing: no references
[2025-06-03T15:45:24.719+0530][87.478s] GC(470)   Pre Evacuate Collection Set: 0.1ms
[2025-06-03T15:45:24.719+0530][87.478s] GC(470)   Merge Heap Roots: 0.1ms
[2025-06-03T15:45:24.719+0530][87.478s] GC(470)   Evacuate Collection Set: 0.2ms
[2025-06-03T15:45:24.719+0530][87.478s] GC(470)   Post Evacuate Collection Set: 0.5ms
[2025-06-03T15:45:24.719+0530][87.478s] GC(470)   Other: 0.2ms
[2025-06-03T15:45:24.719+0530][87.478s] GC(470) Eden regions: 306->0(306)
[2025-06-03T15:45:24.719+0530][87.478s] GC(470) Survivor regions: 1->1(39)
[2025-06-03T15:45:24.719+0530][87.478s] GC(470) Old regions: 9->9
[2025-06-03T15:45:24.719+0530][87.478s] GC(470) Archive regions: 2->2
[2025-06-03T15:45:24.719+0530][87.478s] GC(470) Humongous regions: 0->0
[2025-06-03T15:45:24.719+0530][87.478s] GC(470) Metaspace: 20445K(20928K)->20445K(20928K) NonClass: 17861K(18112K)->17861K(18112K) Class: 2584K(2816K)->2584K(2816K)
[2025-06-03T15:45:24.719+0530][87.478s] GC(470) Pause Young (Normal) (G1 Evacuation Pause) 315M->9M(512M) 1.250ms
[2025-06-03T15:45:24.719+0530][87.478s] GC(470) User=0.00s Sys=0.00s Real=0.00s
[2025-06-03T15:45:24.876+0530][87.635s] GC(471) Pause Young (Normal) (G1 Evacuation Pause)
[2025-06-03T15:45:24.877+0530][87.635s] GC(471) Using 8 workers of 8 for evacuation
[2025-06-03T15:45:24.877+0530][87.635s] GC(471) Skipped phase 1 of Reference Processing: no references
[2025-06-03T15:45:24.877+0530][87.636s] GC(471) Skipped phase 2 of Reference Processing: no references
[2025-06-03T15:45:24.877+0530][87.636s] GC(471) Skipped phase 3 of Reference Processing: no references
[2025-06-03T15:45:24.877+0530][87.636s] GC(471) Skipped phase 4 of Reference Processing: no references
[2025-06-03T15:45:24.877+0530][87.636s] GC(471)   Pre Evacuate Collection Set: 0.1ms
[2025-06-03T15:45:24.877+0530][87.636s] GC(471)   Merge Heap Roots: 0.1ms
[2025-06-03T15:45:24.877+0530][87.636s] GC(471)   Evacuate Collection Set: 0.2ms
[2025-06-03T15:45:24.877+0530][87.636s] GC(471)   Post Evacuate Collection Set: 0.4ms
[2025-06-03T15:45:24.878+0530][87.636s] GC(471)   Other: 0.2ms
[2025-06-03T15:45:24.878+0530][87.636s] GC(471) Eden regions: 306->0(306)
[2025-06-03T15:45:24.878+0530][87.636s] GC(471) Survivor regions: 1->1(39)
[2025-06-03T15:45:24.878+0530][87.636s] GC(471) Old regions: 9->9
[2025-06-03T15:45:24.878+0530][87.636s] GC(471) Archive regions: 2->2
[2025-06-03T15:45:24.878+0530][87.636s] GC(471) Humongous regions: 0->0
[2025-06-03T15:45:24.878+0530][87.636s] GC(471) Metaspace: 20445K(20928K)->20445K(20928K) NonClass: 17861K(18112K)->17861K(18112K) Class: 2584K(2816K)->2584K(2816K)
[2025-06-03T15:45:24.878+0530][87.636s] GC(471) Pause Young (Normal) (G1 Evacuation Pause) 315M->9M(512M) 1.252ms
[2025-06-03T15:45:24.878+0530][87.636s] GC(471) User=0.01s Sys=0.00s Real=0.00s
[2025-06-03T15:45:25.035+0530][87.794s] GC(472) Pause Young (Normal) (G1 Evacuation Pause)
[2025-06-03T15:45:25.036+0530][87.794s] GC(472) Using 8 workers of 8 for evacuation
[2025-06-03T15:45:25.036+0530][87.795s] GC(472) Skipped phase 1 of Reference Processing: no references
[2025-06-03T15:45:25.036+0530][87.795s] GC(472) Skipped phase 2 of Reference Processing: no references
[2025-06-03T15:45:25.036+0530][87.795s] GC(472) Skipped phase 3 of Reference Processing: no references
[2025-06-03T15:45:25.036+0530][87.795s] GC(472) Skipped phase 4 of Reference Processing: no references
[2025-06-03T15:45:25.037+0530][87.795s] GC(472)   Pre Evacuate Collection Set: 0.1ms
[2025-06-03T15:45:25.037+0530][87.795s] GC(472)   Merge Heap Roots: 0.1ms
[2025-06-03T15:45:25.037+0530][87.795s] GC(472)   Evacuate Collection Set: 0.3ms
[2025-06-03T15:45:25.037+0530][87.795s] GC(472)   Post Evacuate Collection Set: 0.5ms
[2025-06-03T15:45:25.037+0530][87.795s] GC(472)   Other: 0.2ms
[2025-06-03T15:45:25.037+0530][87.795s] GC(472) Eden regions: 306->0(306)
[2025-06-03T15:45:25.037+0530][87.795s] GC(472) Survivor regions: 1->1(39)
[2025-06-03T15:45:25.037+0530][87.795s] GC(472) Old regions: 9->9
[2025-06-03T15:45:25.037+0530][87.795s] GC(472) Archive regions: 2->2
[2025-06-03T15:45:25.037+0530][87.795s] GC(472) Humongous regions: 0->0
[2025-06-03T15:45:25.037+0530][87.795s] GC(472) Metaspace: 20445K(20928K)->20445K(20928K) NonClass: 17861K(18112K)->17861K(18112K) Class: 2584K(2816K)->2584K(2816K)
[2025-06-03T15:45:25.037+0530][87.795s] GC(472) Pause Young (Normal) (G1 Evacuation Pause) 315M->9M(512M) 1.364ms
[2025-06-03T15:45:25.037+0530][87.795s] GC(472) User=0.00s Sys=0.00s Real=0.00s
[2025-06-03T15:45:25.197+0530][87.955s] GC(473) Pause Young (Normal) (G1 Evacuation Pause)
[2025-06-03T15:45:25.197+0530][87.955s] GC(473) Using 8 workers of 8 for evacuation
[2025-06-03T15:45:25.197+0530][87.956s] GC(473) Skipped phase 1 of Reference Processing: no references
[2025-06-03T15:45:25.197+0530][87.956s] GC(473) Skipped phase 2 of Reference Processing: no references
[2025-06-03T15:45:25.197+0530][87.956s] GC(473) Skipped phase 3 of Reference Processing: no references
[2025-06-03T15:45:25.197+0530][87.956s] GC(473) Skipped phase 4 of Reference Processing: no references
[2025-06-03T15:45:25.198+0530][87.956s] GC(473)   Pre Evacuate Collection Set: 0.1ms
[2025-06-03T15:45:25.198+0530][87.957s] GC(473)   Merge Heap Roots: 0.1ms
[2025-06-03T15:45:25.198+0530][87.957s] GC(473)   Evacuate Collection Set: 0.3ms
[2025-06-03T15:45:25.198+0530][87.957s] GC(473)   Post Evacuate Collection Set: 0.6ms
[2025-06-03T15:45:25.198+0530][87.957s] GC(473)   Other: 0.2ms
[2025-06-03T15:45:25.198+0530][87.957s] GC(473) Eden regions: 306->0(306)
[2025-06-03T15:45:25.198+0530][87.957s] GC(473) Survivor regions: 1->1(39)
[2025-06-03T15:45:25.198+0530][87.957s] GC(473) Old regions: 9->9
[2025-06-03T15:45:25.198+0530][87.957s] GC(473) Archive regions: 2->2
[2025-06-03T15:45:25.198+0530][87.957s] GC(473) Humongous regions: 0->0
[2025-06-03T15:45:25.198+0530][87.957s] GC(473) Metaspace: 20445K(20928K)->20445K(20928K) NonClass: 17861K(18112K)->17861K(18112K) Class: 2584K(2816K)->2584K(2816K)
[2025-06-03T15:45:25.198+0530][87.957s] GC(473) Pause Young (Normal) (G1 Evacuation Pause) 315M->9M(512M) 1.534ms
[2025-06-03T15:45:25.198+0530][87.957s] GC(473) User=0.00s Sys=0.01s Real=0.00s
[2025-06-03T15:45:25.382+0530][88.141s] GC(474) Pause Young (Normal) (G1 Evacuation Pause)
[2025-06-03T15:45:25.382+0530][88.141s] GC(474) Using 8 workers of 8 for evacuation
[2025-06-03T15:45:25.383+0530][88.141s] GC(474) Skipped phase 1 of Reference Processing: no references
[2025-06-03T15:45:25.383+0530][88.141s] GC(474) Skipped phase 2 of Reference Processing: no references
[2025-06-03T15:45:25.383+0530][88.141s] GC(474) Skipped phase 3 of Reference Processing: no references
[2025-06-03T15:45:25.383+0530][88.141s] GC(474) Skipped phase 4 of Reference Processing: no references
[2025-06-03T15:45:25.383+0530][88.142s] GC(474)   Pre Evacuate Collection Set: 0.1ms
[2025-06-03T15:45:25.384+0530][88.142s] GC(474)   Merge Heap Roots: 0.1ms
[2025-06-03T15:45:25.384+0530][88.142s] GC(474)   Evacuate Collection Set: 0.3ms
[2025-06-03T15:45:25.384+0530][88.142s] GC(474)   Post Evacuate Collection Set: 0.6ms
[2025-06-03T15:45:25.384+0530][88.142s] GC(474)   Other: 0.2ms
[2025-06-03T15:45:25.384+0530][88.142s] GC(474) Eden regions: 306->0(306)
[2025-06-03T15:45:25.384+0530][88.142s] GC(474) Survivor regions: 1->1(39)
[2025-06-03T15:45:25.384+0530][88.142s] GC(474) Old regions: 9->9
[2025-06-03T15:45:25.384+0530][88.142s] GC(474) Archive regions: 2->2
[2025-06-03T15:45:25.384+0530][88.142s] GC(474) Humongous regions: 0->0
[2025-06-03T15:45:25.384+0530][88.142s] GC(474) Metaspace: 20445K(20928K)->20445K(20928K) NonClass: 17861K(18112K)->17861K(18112K) Class: 2584K(2816K)->2584K(2816K)
[2025-06-03T15:45:25.384+0530][88.142s] GC(474) Pause Young (Normal) (G1 Evacuation Pause) 315M->9M(512M) 1.713ms
[2025-06-03T15:45:25.384+0530][88.142s] GC(474) User=0.00s Sys=0.00s Real=0.00s
[2025-06-03T15:45:25.554+0530][88.313s] GC(475) Pause Young (Normal) (G1 Evacuation Pause)
[2025-06-03T15:45:25.554+0530][88.313s] GC(475) Using 8 workers of 8 for evacuation
[2025-06-03T15:45:25.555+0530][88.313s] GC(475) Skipped phase 1 of Reference Processing: no references
[2025-06-03T15:45:25.555+0530][88.313s] GC(475) Skipped phase 2 of Reference Processing: no references
[2025-06-03T15:45:25.555+0530][88.313s] GC(475) Skipped phase 3 of Reference Processing: no references
[2025-06-03T15:45:25.555+0530][88.313s] GC(475) Skipped phase 4 of Reference Processing: no references
[2025-06-03T15:45:25.555+0530][88.314s] GC(475)   Pre Evacuate Collection Set: 0.1ms
[2025-06-03T15:45:25.555+0530][88.314s] GC(475)   Merge Heap Roots: 0.1ms
[2025-06-03T15:45:25.555+0530][88.314s] GC(475)   Evacuate Collection Set: 0.3ms
[2025-06-03T15:45:25.555+0530][88.314s] GC(475)   Post Evacuate Collection Set: 0.5ms
[2025-06-03T15:45:25.555+0530][88.314s] GC(475)   Other: 0.2ms
[2025-06-03T15:45:25.555+0530][88.314s] GC(475) Eden regions: 306->0(306)
[2025-06-03T15:45:25.555+0530][88.314s] GC(475) Survivor regions: 1->1(39)
[2025-06-03T15:45:25.555+0530][88.314s] GC(475) Old regions: 9->9
[2025-06-03T15:45:25.555+0530][88.314s] GC(475) Archive regions: 2->2
[2025-06-03T15:45:25.555+0530][88.314s] GC(475) Humongous regions: 0->0
[2025-06-03T15:45:25.555+0530][88.314s] GC(475) Metaspace: 20445K(20928K)->20445K(20928K) NonClass: 17861K(18112K)->17861K(18112K) Class: 2584K(2816K)->2584K(2816K)
[2025-06-03T15:45:25.555+0530][88.314s] GC(475) Pause Young (Normal) (G1 Evacuation Pause) 315M->9M(512M) 1.233ms
[2025-06-03T15:45:25.556+0530][88.314s] GC(475) User=0.00s Sys=0.00s Real=0.00s
[2025-06-03T15:45:25.711+0530][88.469s] GC(476) Pause Young (Normal) (G1 Evacuation Pause)
[2025-06-03T15:45:25.711+0530][88.469s] GC(476) Using 8 workers of 8 for evacuation
[2025-06-03T15:45:25.711+0530][88.470s] GC(476) Skipped phase 1 of Reference Processing: no references
[2025-06-03T15:45:25.711+0530][88.470s] GC(476) Skipped phase 2 of Reference Processing: no references
[2025-06-03T15:45:25.711+0530][88.470s] GC(476) Skipped phase 3 of Reference Processing: no references
[2025-06-03T15:45:25.711+0530][88.470s] GC(476) Skipped phase 4 of Reference Processing: no references
[2025-06-03T15:45:25.712+0530][88.470s] GC(476)   Pre Evacuate Collection Set: 0.1ms
[2025-06-03T15:45:25.712+0530][88.470s] GC(476)   Merge Heap Roots: 0.1ms
[2025-06-03T15:45:25.712+0530][88.470s] GC(476)   Evacuate Collection Set: 0.2ms
[2025-06-03T15:45:25.712+0530][88.470s] GC(476)   Post Evacuate Collection Set: 0.5ms
[2025-06-03T15:45:25.712+0530][88.470s] GC(476)   Other: 0.2ms
[2025-06-03T15:45:25.712+0530][88.470s] GC(476) Eden regions: 306->0(306)
[2025-06-03T15:45:25.712+0530][88.470s] GC(476) Survivor regions: 1->1(39)
[2025-06-03T15:45:25.712+0530][88.471s] GC(476) Old regions: 9->9
[2025-06-03T15:45:25.712+0530][88.471s] GC(476) Archive regions: 2->2
[2025-06-03T15:45:25.712+0530][88.471s] GC(476) Humongous regions: 0->0
[2025-06-03T15:45:25.712+0530][88.471s] GC(476) Metaspace: 20445K(20928K)->20445K(20928K) NonClass: 17861K(18112K)->17861K(18112K) Class: 2584K(2816K)->2584K(2816K)
[2025-06-03T15:45:25.712+0530][88.471s] GC(476) Pause Young (Normal) (G1 Evacuation Pause) 315M->9M(512M) 1.271ms
[2025-06-03T15:45:25.712+0530][88.471s] GC(476) User=0.00s Sys=0.00s Real=0.00s
[2025-06-03T15:45:26.024+0530][88.782s] GC(477) Pause Young (Normal) (G1 Evacuation Pause)
[2025-06-03T15:45:26.024+0530][88.782s] GC(477) Using 8 workers of 8 for evacuation
[2025-06-03T15:45:26.024+0530][88.783s] GC(477) Skipped phase 1 of Reference Processing: no references
[2025-06-03T15:45:26.025+0530][88.783s] GC(477) Skipped phase 2 of Reference Processing: no references
[2025-06-03T15:45:26.025+0530][88.783s] GC(477) Skipped phase 3 of Reference Processing: no references
[2025-06-03T15:45:26.025+0530][88.783s] GC(477) Skipped phase 4 of Reference Processing: no references
[2025-06-03T15:45:26.026+0530][88.784s] GC(477)   Pre Evacuate Collection Set: 0.1ms
[2025-06-03T15:45:26.026+0530][88.784s] GC(477)   Merge Heap Roots: 0.1ms
[2025-06-03T15:45:26.026+0530][88.784s] GC(477)   Evacuate Collection Set: 0.3ms
[2025-06-03T15:45:26.026+0530][88.784s] GC(477)   Post Evacuate Collection Set: 0.9ms
[2025-06-03T15:45:26.026+0530][88.784s] GC(477)   Other: 0.6ms
[2025-06-03T15:45:26.026+0530][88.784s] GC(477) Eden regions: 306->0(306)
[2025-06-03T15:45:26.026+0530][88.784s] GC(477) Survivor regions: 1->1(39)
[2025-06-03T15:45:26.026+0530][88.784s] GC(477) Old regions: 9->9
[2025-06-03T15:45:26.026+0530][88.784s] GC(477) Archive regions: 2->2
[2025-06-03T15:45:26.026+0530][88.785s] GC(477) Humongous regions: 0->0
[2025-06-03T15:45:26.026+0530][88.785s] GC(477) Metaspace: 20445K(20928K)->20445K(20928K) NonClass: 17861K(18112K)->17861K(18112K) Class: 2584K(2816K)->2584K(2816K)
[2025-06-03T15:45:26.026+0530][88.785s] GC(477) Pause Young (Normal) (G1 Evacuation Pause) 315M->9M(512M) 2.234ms
[2025-06-03T15:45:26.026+0530][88.785s] GC(477) User=0.00s Sys=0.00s Real=0.00s
[2025-06-03T15:45:26.248+0530][89.006s] GC(478) Pause Young (Normal) (G1 Evacuation Pause)
[2025-06-03T15:45:26.248+0530][89.006s] GC(478) Using 8 workers of 8 for evacuation
[2025-06-03T15:45:26.248+0530][89.007s] GC(478) Skipped phase 1 of Reference Processing: no references
[2025-06-03T15:45:26.248+0530][89.007s] GC(478) Skipped phase 2 of Reference Processing: no references
[2025-06-03T15:45:26.248+0530][89.007s] GC(478) Skipped phase 3 of Reference Processing: no references
[2025-06-03T15:45:26.248+0530][89.007s] GC(478) Skipped phase 4 of Reference Processing: no references
[2025-06-03T15:45:26.249+0530][89.008s] GC(478)   Pre Evacuate Collection Set: 0.1ms
[2025-06-03T15:45:26.249+0530][89.008s] GC(478)   Merge Heap Roots: 0.1ms
[2025-06-03T15:45:26.249+0530][89.008s] GC(478)   Evacuate Collection Set: 0.3ms
[2025-06-03T15:45:26.249+0530][89.008s] GC(478)   Post Evacuate Collection Set: 0.5ms
[2025-06-03T15:45:26.249+0530][89.008s] GC(478)   Other: 0.2ms
[2025-06-03T15:45:26.249+0530][89.008s] GC(478) Eden regions: 306->0(306)
[2025-06-03T15:45:26.249+0530][89.008s] GC(478) Survivor regions: 1->1(39)
[2025-06-03T15:45:26.249+0530][89.008s] GC(478) Old regions: 9->9
[2025-06-03T15:45:26.249+0530][89.008s] GC(478) Archive regions: 2->2
[2025-06-03T15:45:26.249+0530][89.008s] GC(478) Humongous regions: 0->0
[2025-06-03T15:45:26.249+0530][89.008s] GC(478) Metaspace: 20445K(20928K)->20445K(20928K) NonClass: 17861K(18112K)->17861K(18112K) Class: 2584K(2816K)->2584K(2816K)
[2025-06-03T15:45:26.249+0530][89.008s] GC(478) Pause Young (Normal) (G1 Evacuation Pause) 315M->9M(512M) 1.533ms
[2025-06-03T15:45:26.249+0530][89.008s] GC(478) User=0.01s Sys=0.00s Real=0.00s
[2025-06-03T15:45:26.412+0530][89.170s] GC(479) Pause Young (Normal) (G1 Evacuation Pause)
[2025-06-03T15:45:26.412+0530][89.170s] GC(479) Using 8 workers of 8 for evacuation
[2025-06-03T15:45:26.412+0530][89.171s] GC(479) Skipped phase 1 of Reference Processing: no references
[2025-06-03T15:45:26.412+0530][89.171s] GC(479) Skipped phase 2 of Reference Processing: no references
[2025-06-03T15:45:26.412+0530][89.171s] GC(479) Skipped phase 3 of Reference Processing: no references
[2025-06-03T15:45:26.412+0530][89.171s] GC(479) Skipped phase 4 of Reference Processing: no references
[2025-06-03T15:45:26.413+0530][89.171s] GC(479)   Pre Evacuate Collection Set: 0.1ms
[2025-06-03T15:45:26.413+0530][89.171s] GC(479)   Merge Heap Roots: 0.1ms
[2025-06-03T15:45:26.413+0530][89.171s] GC(479)   Evacuate Collection Set: 0.2ms
[2025-06-03T15:45:26.413+0530][89.171s] GC(479)   Post Evacuate Collection Set: 0.5ms
[2025-06-03T15:45:26.413+0530][89.171s] GC(479)   Other: 0.2ms
[2025-06-03T15:45:26.413+0530][89.172s] GC(479) Eden regions: 306->0(306)
[2025-06-03T15:45:26.413+0530][89.172s] GC(479) Survivor regions: 1->1(39)
[2025-06-03T15:45:26.413+0530][89.172s] GC(479) Old regions: 9->9
[2025-06-03T15:45:26.413+0530][89.172s] GC(479) Archive regions: 2->2
[2025-06-03T15:45:26.413+0530][89.172s] GC(479) Humongous regions: 0->0
[2025-06-03T15:45:26.413+0530][89.172s] GC(479) Metaspace: 20445K(20928K)->20445K(20928K) NonClass: 17861K(18112K)->17861K(18112K) Class: 2584K(2816K)->2584K(2816K)
[2025-06-03T15:45:26.413+0530][89.172s] GC(479) Pause Young (Normal) (G1 Evacuation Pause) 315M->9M(512M) 1.749ms
[2025-06-03T15:45:26.414+0530][89.172s] GC(479) User=0.01s Sys=0.00s Real=0.00s
[2025-06-03T15:45:26.582+0530][89.341s] GC(480) Pause Young (Normal) (G1 Evacuation Pause)
[2025-06-03T15:45:26.582+0530][89.341s] GC(480) Using 8 workers of 8 for evacuation
[2025-06-03T15:45:26.583+0530][89.341s] GC(480) Skipped phase 1 of Reference Processing: no references
[2025-06-03T15:45:26.583+0530][89.341s] GC(480) Skipped phase 2 of Reference Processing: no references
[2025-06-03T15:45:26.583+0530][89.341s] GC(480) Skipped phase 3 of Reference Processing: no references
[2025-06-03T15:45:26.583+0530][89.342s] GC(480) Skipped phase 4 of Reference Processing: no references
[2025-06-03T15:45:26.583+0530][89.342s] GC(480)   Pre Evacuate Collection Set: 0.1ms
[2025-06-03T15:45:26.583+0530][89.342s] GC(480)   Merge Heap Roots: 0.1ms
[2025-06-03T15:45:26.583+0530][89.342s] GC(480)   Evacuate Collection Set: 0.2ms
[2025-06-03T15:45:26.583+0530][89.342s] GC(480)   Post Evacuate Collection Set: 0.5ms
[2025-06-03T15:45:26.583+0530][89.342s] GC(480)   Other: 0.2ms
[2025-06-03T15:45:26.584+0530][89.342s] GC(480) Eden regions: 306->0(306)
[2025-06-03T15:45:26.584+0530][89.342s] GC(480) Survivor regions: 1->1(39)
[2025-06-03T15:45:26.584+0530][89.342s] GC(480) Old regions: 9->9
[2025-06-03T15:45:26.584+0530][89.342s] GC(480) Archive regions: 2->2
[2025-06-03T15:45:26.584+0530][89.342s] GC(480) Humongous regions: 0->0
[2025-06-03T15:45:26.584+0530][89.342s] GC(480) Metaspace: 20445K(20928K)->20445K(20928K) NonClass: 17861K(18112K)->17861K(18112K) Class: 2584K(2816K)->2584K(2816K)
[2025-06-03T15:45:26.584+0530][89.342s] GC(480) Pause Young (Normal) (G1 Evacuation Pause) 315M->9M(512M) 1.356ms
[2025-06-03T15:45:26.584+0530][89.342s] GC(480) User=0.00s Sys=0.00s Real=0.00s
[2025-06-03T15:45:26.762+0530][89.520s] GC(481) Pause Young (Normal) (G1 Evacuation Pause)
[2025-06-03T15:45:26.762+0530][89.521s] GC(481) Using 8 workers of 8 for evacuation
[2025-06-03T15:45:26.763+0530][89.521s] GC(481) Skipped phase 1 of Reference Processing: no references
[2025-06-03T15:45:26.763+0530][89.521s] GC(481) Skipped phase 2 of Reference Processing: no references
[2025-06-03T15:45:26.763+0530][89.521s] GC(481) Skipped phase 3 of Reference Processing: no references
[2025-06-03T15:45:26.763+0530][89.521s] GC(481) Skipped phase 4 of Reference Processing: no references
[2025-06-03T15:45:26.763+0530][89.522s] GC(481)   Pre Evacuate Collection Set: 0.1ms
[2025-06-03T15:45:26.764+0530][89.522s] GC(481)   Merge Heap Roots: 0.1ms
[2025-06-03T15:45:26.764+0530][89.522s] GC(481)   Evacuate Collection Set: 0.4ms
[2025-06-03T15:45:26.764+0530][89.522s] GC(481)   Post Evacuate Collection Set: 0.8ms
[2025-06-03T15:45:26.764+0530][89.522s] GC(481)   Other: 0.2ms
[2025-06-03T15:45:26.764+0530][89.522s] GC(481) Eden regions: 306->0(306)
[2025-06-03T15:45:26.764+0530][89.522s] GC(481) Survivor regions: 1->1(39)
[2025-06-03T15:45:26.764+0530][89.522s] GC(481) Old regions: 9->9
[2025-06-03T15:45:26.764+0530][89.522s] GC(481) Archive regions: 2->2
[2025-06-03T15:45:26.764+0530][89.522s] GC(481) Humongous regions: 0->0
[2025-06-03T15:45:26.764+0530][89.522s] GC(481) Metaspace: 20445K(20928K)->20445K(20928K) NonClass: 17861K(18112K)->17861K(18112K) Class: 2584K(2816K)->2584K(2816K)
[2025-06-03T15:45:26.764+0530][89.522s] GC(481) Pause Young (Normal) (G1 Evacuation Pause) 315M->9M(512M) 1.790ms
[2025-06-03T15:45:26.764+0530][89.522s] GC(481) User=0.01s Sys=0.00s Real=0.00s
[2025-06-03T15:45:26.945+0530][89.704s] GC(482) Pause Young (Normal) (G1 Evacuation Pause)
[2025-06-03T15:45:26.945+0530][89.704s] GC(482) Using 8 workers of 8 for evacuation
[2025-06-03T15:45:26.946+0530][89.705s] GC(482) Skipped phase 1 of Reference Processing: no references
[2025-06-03T15:45:26.946+0530][89.705s] GC(482) Skipped phase 2 of Reference Processing: no references
[2025-06-03T15:45:26.946+0530][89.705s] GC(482) Skipped phase 3 of Reference Processing: no references
[2025-06-03T15:45:26.946+0530][89.705s] GC(482) Skipped phase 4 of Reference Processing: no references
[2025-06-03T15:45:26.946+0530][89.705s] GC(482)   Pre Evacuate Collection Set: 0.1ms
[2025-06-03T15:45:26.946+0530][89.705s] GC(482)   Merge Heap Roots: 0.1ms
[2025-06-03T15:45:26.946+0530][89.705s] GC(482)   Evacuate Collection Set: 0.3ms
[2025-06-03T15:45:26.947+0530][89.705s] GC(482)   Post Evacuate Collection Set: 0.5ms
[2025-06-03T15:45:26.947+0530][89.705s] GC(482)   Other: 0.2ms
[2025-06-03T15:45:26.947+0530][89.705s] GC(482) Eden regions: 306->0(306)
[2025-06-03T15:45:26.947+0530][89.705s] GC(482) Survivor regions: 1->1(39)
[2025-06-03T15:45:26.947+0530][89.705s] GC(482) Old regions: 9->9
[2025-06-03T15:45:26.947+0530][89.705s] GC(482) Archive regions: 2->2
[2025-06-03T15:45:26.947+0530][89.705s] GC(482) Humongous regions: 0->0
[2025-06-03T15:45:26.947+0530][89.705s] GC(482) Metaspace: 20445K(20928K)->20445K(20928K) NonClass: 17861K(18112K)->17861K(18112K) Class: 2584K(2816K)->2584K(2816K)
[2025-06-03T15:45:26.947+0530][89.705s] GC(482) Pause Young (Normal) (G1 Evacuation Pause) 315M->9M(512M) 1.434ms
[2025-06-03T15:45:26.947+0530][89.705s] GC(482) User=0.00s Sys=0.00s Real=0.00s
[2025-06-03T15:45:27.178+0530][89.936s] GC(483) Pause Young (Normal) (G1 Evacuation Pause)
[2025-06-03T15:45:27.178+0530][89.936s] GC(483) Using 8 workers of 8 for evacuation
[2025-06-03T15:45:27.179+0530][89.937s] GC(483) Skipped phase 1 of Reference Processing: no references
[2025-06-03T15:45:27.179+0530][89.937s] GC(483) Skipped phase 2 of Reference Processing: no references
[2025-06-03T15:45:27.179+0530][89.937s] GC(483) Skipped phase 3 of Reference Processing: no references
[2025-06-03T15:45:27.179+0530][89.937s] GC(483) Skipped phase 4 of Reference Processing: no references
[2025-06-03T15:45:27.179+0530][89.938s] GC(483)   Pre Evacuate Collection Set: 0.1ms
[2025-06-03T15:45:27.179+0530][89.938s] GC(483)   Merge Heap Roots: 0.1ms
[2025-06-03T15:45:27.179+0530][89.938s] GC(483)   Evacuate Collection Set: 0.5ms
[2025-06-03T15:45:27.179+0530][89.938s] GC(483)   Post Evacuate Collection Set: 0.7ms
[2025-06-03T15:45:27.180+0530][89.938s] GC(483)   Other: 0.2ms
[2025-06-03T15:45:27.180+0530][89.938s] GC(483) Eden regions: 306->0(306)
[2025-06-03T15:45:27.180+0530][89.938s] GC(483) Survivor regions: 1->1(39)
[2025-06-03T15:45:27.180+0530][89.938s] GC(483) Old regions: 9->9
[2025-06-03T15:45:27.180+0530][89.938s] GC(483) Archive regions: 2->2
[2025-06-03T15:45:27.180+0530][89.938s] GC(483) Humongous regions: 0->0
[2025-06-03T15:45:27.180+0530][89.938s] GC(483) Metaspace: 20445K(20928K)->20445K(20928K) NonClass: 17861K(18112K)->17861K(18112K) Class: 2584K(2816K)->2584K(2816K)
[2025-06-03T15:45:27.180+0530][89.938s] GC(483) Pause Young (Normal) (G1 Evacuation Pause) 315M->9M(512M) 1.996ms
[2025-06-03T15:45:27.180+0530][89.938s] GC(483) User=0.00s Sys=0.00s Real=0.01s
[2025-06-03T15:45:27.371+0530][90.130s] GC(484) Pause Young (Normal) (G1 Evacuation Pause)
[2025-06-03T15:45:27.371+0530][90.130s] GC(484) Using 8 workers of 8 for evacuation
[2025-06-03T15:45:27.372+0530][90.130s] GC(484) Skipped phase 1 of Reference Processing: no references
[2025-06-03T15:45:27.372+0530][90.130s] GC(484) Skipped phase 2 of Reference Processing: no references
[2025-06-03T15:45:27.372+0530][90.130s] GC(484) Skipped phase 3 of Reference Processing: no references
[2025-06-03T15:45:27.372+0530][90.130s] GC(484) Skipped phase 4 of Reference Processing: no references
[2025-06-03T15:45:27.372+0530][90.131s] GC(484)   Pre Evacuate Collection Set: 0.1ms
[2025-06-03T15:45:27.372+0530][90.131s] GC(484)   Merge Heap Roots: 0.1ms
[2025-06-03T15:45:27.372+0530][90.131s] GC(484)   Evacuate Collection Set: 0.3ms
[2025-06-03T15:45:27.372+0530][90.131s] GC(484)   Post Evacuate Collection Set: 0.5ms
[2025-06-03T15:45:27.372+0530][90.131s] GC(484)   Other: 0.2ms
[2025-06-03T15:45:27.372+0530][90.131s] GC(484) Eden regions: 306->0(306)
[2025-06-03T15:45:27.372+0530][90.131s] GC(484) Survivor regions: 1->1(39)
[2025-06-03T15:45:27.372+0530][90.131s] GC(484) Old regions: 9->9
[2025-06-03T15:45:27.372+0530][90.131s] GC(484) Archive regions: 2->2
[2025-06-03T15:45:27.372+0530][90.131s] GC(484) Humongous regions: 0->0
[2025-06-03T15:45:27.373+0530][90.131s] GC(484) Metaspace: 20445K(20928K)->20445K(20928K) NonClass: 17861K(18112K)->17861K(18112K) Class: 2584K(2816K)->2584K(2816K)
[2025-06-03T15:45:27.373+0530][90.131s] GC(484) Pause Young (Normal) (G1 Evacuation Pause) 315M->9M(512M) 1.416ms
[2025-06-03T15:45:27.373+0530][90.131s] GC(484) User=0.00s Sys=0.00s Real=0.00s
[2025-06-03T15:45:27.556+0530][90.314s] GC(485) Pause Young (Normal) (G1 Evacuation Pause)
[2025-06-03T15:45:27.556+0530][90.314s] GC(485) Using 8 workers of 8 for evacuation
[2025-06-03T15:45:27.556+0530][90.315s] GC(485) Skipped phase 1 of Reference Processing: no references
[2025-06-03T15:45:27.556+0530][90.315s] GC(485) Skipped phase 2 of Reference Processing: no references
[2025-06-03T15:45:27.556+0530][90.315s] GC(485) Skipped phase 3 of Reference Processing: no references
[2025-06-03T15:45:27.556+0530][90.315s] GC(485) Skipped phase 4 of Reference Processing: no references
[2025-06-03T15:45:27.557+0530][90.316s] GC(485)   Pre Evacuate Collection Set: 0.1ms
[2025-06-03T15:45:27.557+0530][90.316s] GC(485)   Merge Heap Roots: 0.1ms
[2025-06-03T15:45:27.557+0530][90.316s] GC(485)   Evacuate Collection Set: 0.3ms
[2025-06-03T15:45:27.557+0530][90.316s] GC(485)   Post Evacuate Collection Set: 0.8ms
[2025-06-03T15:45:27.557+0530][90.316s] GC(485)   Other: 0.2ms
[2025-06-03T15:45:27.557+0530][90.316s] GC(485) Eden regions: 306->0(306)
[2025-06-03T15:45:27.557+0530][90.316s] GC(485) Survivor regions: 1->1(39)
[2025-06-03T15:45:27.557+0530][90.316s] GC(485) Old regions: 9->9
[2025-06-03T15:45:27.557+0530][90.316s] GC(485) Archive regions: 2->2
[2025-06-03T15:45:27.558+0530][90.316s] GC(485) Humongous regions: 0->0
[2025-06-03T15:45:27.558+0530][90.316s] GC(485) Metaspace: 20445K(20928K)->20445K(20928K) NonClass: 17861K(18112K)->17861K(18112K) Class: 2584K(2816K)->2584K(2816K)
[2025-06-03T15:45:27.558+0530][90.316s] GC(485) Pause Young (Normal) (G1 Evacuation Pause) 315M->9M(512M) 1.995ms
[2025-06-03T15:45:27.558+0530][90.316s] GC(485) User=0.01s Sys=0.00s Real=0.00s
[2025-06-03T15:45:27.746+0530][90.505s] GC(486) Pause Young (Normal) (G1 Evacuation Pause)
[2025-06-03T15:45:27.746+0530][90.505s] GC(486) Using 8 workers of 8 for evacuation
[2025-06-03T15:45:27.747+0530][90.505s] GC(486) Skipped phase 1 of Reference Processing: no references
[2025-06-03T15:45:27.747+0530][90.505s] GC(486) Skipped phase 2 of Reference Processing: no references
[2025-06-03T15:45:27.747+0530][90.505s] GC(486) Skipped phase 3 of Reference Processing: no references
[2025-06-03T15:45:27.747+0530][90.505s] GC(486) Skipped phase 4 of Reference Processing: no references
[2025-06-03T15:45:27.748+0530][90.506s] GC(486)   Pre Evacuate Collection Set: 0.1ms
[2025-06-03T15:45:27.748+0530][90.506s] GC(486)   Merge Heap Roots: 0.1ms
[2025-06-03T15:45:27.748+0530][90.507s] GC(486)   Evacuate Collection Set: 0.3ms
[2025-06-03T15:45:27.748+0530][90.507s] GC(486)   Post Evacuate Collection Set: 1.0ms
[2025-06-03T15:45:27.748+0530][90.507s] GC(486)   Other: 0.3ms
[2025-06-03T15:45:27.748+0530][90.507s] GC(486) Eden regions: 306->0(306)
[2025-06-03T15:45:27.748+0530][90.507s] GC(486) Survivor regions: 1->1(39)
[2025-06-03T15:45:27.748+0530][90.507s] GC(486) Old regions: 9->9
[2025-06-03T15:45:27.748+0530][90.507s] GC(486) Archive regions: 2->2
[2025-06-03T15:45:27.748+0530][90.507s] GC(486) Humongous regions: 0->0
[2025-06-03T15:45:27.748+0530][90.507s] GC(486) Metaspace: 20445K(20928K)->20445K(20928K) NonClass: 17861K(18112K)->17861K(18112K) Class: 2584K(2816K)->2584K(2816K)
[2025-06-03T15:45:27.748+0530][90.507s] GC(486) Pause Young (Normal) (G1 Evacuation Pause) 315M->9M(512M) 2.266ms
[2025-06-03T15:45:27.748+0530][90.507s] GC(486) User=0.00s Sys=0.00s Real=0.00s
[2025-06-03T15:45:27.930+0530][90.689s] GC(487) Pause Young (Normal) (G1 Evacuation Pause)
[2025-06-03T15:45:27.931+0530][90.689s] GC(487) Using 8 workers of 8 for evacuation
[2025-06-03T15:45:27.931+0530][90.690s] GC(487) Skipped phase 1 of Reference Processing: no references
[2025-06-03T15:45:27.932+0530][90.690s] GC(487) Skipped phase 2 of Reference Processing: no references
[2025-06-03T15:45:27.932+0530][90.690s] GC(487) Skipped phase 3 of Reference Processing: no references
[2025-06-03T15:45:27.932+0530][90.690s] GC(487) Skipped phase 4 of Reference Processing: no references
[2025-06-03T15:45:27.932+0530][90.691s] GC(487)   Pre Evacuate Collection Set: 0.1ms
[2025-06-03T15:45:27.932+0530][90.691s] GC(487)   Merge Heap Roots: 0.3ms
[2025-06-03T15:45:27.932+0530][90.691s] GC(487)   Evacuate Collection Set: 0.3ms
[2025-06-03T15:45:27.932+0530][90.691s] GC(487)   Post Evacuate Collection Set: 0.7ms
[2025-06-03T15:45:27.932+0530][90.691s] GC(487)   Other: 0.4ms
[2025-06-03T15:45:27.932+0530][90.691s] GC(487) Eden regions: 306->0(306)
[2025-06-03T15:45:27.932+0530][90.691s] GC(487) Survivor regions: 1->1(39)
[2025-06-03T15:45:27.932+0530][90.691s] GC(487) Old regions: 9->9
[2025-06-03T15:45:27.932+0530][90.691s] GC(487) Archive regions: 2->2
[2025-06-03T15:45:27.932+0530][90.691s] GC(487) Humongous regions: 0->0
[2025-06-03T15:45:27.932+0530][90.691s] GC(487) Metaspace: 20445K(20928K)->20445K(20928K) NonClass: 17861K(18112K)->17861K(18112K) Class: 2584K(2816K)->2584K(2816K)
[2025-06-03T15:45:27.932+0530][90.691s] GC(487) Pause Young (Normal) (G1 Evacuation Pause) 315M->9M(512M) 1.968ms
[2025-06-03T15:45:27.932+0530][90.691s] GC(487) User=0.00s Sys=0.00s Real=0.00s
[2025-06-03T15:45:28.130+0530][90.888s] GC(488) Pause Young (Normal) (G1 Evacuation Pause)
[2025-06-03T15:45:28.130+0530][90.888s] GC(488) Using 8 workers of 8 for evacuation
[2025-06-03T15:45:28.130+0530][90.889s] GC(488) Skipped phase 1 of Reference Processing: no references
[2025-06-03T15:45:28.130+0530][90.889s] GC(488) Skipped phase 2 of Reference Processing: no references
[2025-06-03T15:45:28.131+0530][90.889s] GC(488) Skipped phase 3 of Reference Processing: no references
[2025-06-03T15:45:28.131+0530][90.889s] GC(488) Skipped phase 4 of Reference Processing: no references
[2025-06-03T15:45:28.131+0530][90.890s] GC(488)   Pre Evacuate Collection Set: 0.1ms
[2025-06-03T15:45:28.131+0530][90.890s] GC(488)   Merge Heap Roots: 0.1ms
[2025-06-03T15:45:28.131+0530][90.890s] GC(488)   Evacuate Collection Set: 0.4ms
[2025-06-03T15:45:28.131+0530][90.890s] GC(488)   Post Evacuate Collection Set: 0.8ms
[2025-06-03T15:45:28.131+0530][90.890s] GC(488)   Other: 0.2ms
[2025-06-03T15:45:28.132+0530][90.890s] GC(488) Eden regions: 306->0(306)
[2025-06-03T15:45:28.132+0530][90.890s] GC(488) Survivor regions: 1->1(39)
[2025-06-03T15:45:28.132+0530][90.890s] GC(488) Old regions: 9->9
[2025-06-03T15:45:28.132+0530][90.890s] GC(488) Archive regions: 2->2
[2025-06-03T15:45:28.132+0530][90.890s] GC(488) Humongous regions: 0->0
[2025-06-03T15:45:28.132+0530][90.890s] GC(488) Metaspace: 20445K(20928K)->20445K(20928K) NonClass: 17861K(18112K)->17861K(18112K) Class: 2584K(2816K)->2584K(2816K)
[2025-06-03T15:45:28.132+0530][90.890s] GC(488) Pause Young (Normal) (G1 Evacuation Pause) 315M->9M(512M) 1.988ms
[2025-06-03T15:45:28.132+0530][90.890s] GC(488) User=0.00s Sys=0.00s Real=0.00s
[2025-06-03T15:45:28.299+0530][91.057s] GC(489) Pause Young (Normal) (G1 Evacuation Pause)
[2025-06-03T15:45:28.299+0530][91.057s] GC(489) Using 8 workers of 8 for evacuation
[2025-06-03T15:45:28.299+0530][91.058s] GC(489) Skipped phase 1 of Reference Processing: no references
[2025-06-03T15:45:28.299+0530][91.058s] GC(489) Skipped phase 2 of Reference Processing: no references
[2025-06-03T15:45:28.299+0530][91.058s] GC(489) Skipped phase 3 of Reference Processing: no references
[2025-06-03T15:45:28.299+0530][91.058s] GC(489) Skipped phase 4 of Reference Processing: no references
[2025-06-03T15:45:28.300+0530][91.058s] GC(489)   Pre Evacuate Collection Set: 0.1ms
[2025-06-03T15:45:28.300+0530][91.058s] GC(489)   Merge Heap Roots: 0.1ms
[2025-06-03T15:45:28.300+0530][91.058s] GC(489)   Evacuate Collection Set: 0.2ms
[2025-06-03T15:45:28.300+0530][91.058s] GC(489)   Post Evacuate Collection Set: 0.5ms
[2025-06-03T15:45:28.300+0530][91.058s] GC(489)   Other: 0.2ms
[2025-06-03T15:45:28.300+0530][91.058s] GC(489) Eden regions: 306->0(306)
[2025-06-03T15:45:28.300+0530][91.058s] GC(489) Survivor regions: 1->1(39)
[2025-06-03T15:45:28.300+0530][91.058s] GC(489) Old regions: 9->9
[2025-06-03T15:45:28.300+0530][91.058s] GC(489) Archive regions: 2->2
[2025-06-03T15:45:28.300+0530][91.058s] GC(489) Humongous regions: 0->0
[2025-06-03T15:45:28.300+0530][91.058s] GC(489) Metaspace: 20445K(20928K)->20445K(20928K) NonClass: 17861K(18112K)->17861K(18112K) Class: 2584K(2816K)->2584K(2816K)
[2025-06-03T15:45:28.300+0530][91.058s] GC(489) Pause Young (Normal) (G1 Evacuation Pause) 315M->9M(512M) 1.243ms
[2025-06-03T15:45:28.300+0530][91.058s] GC(489) User=0.00s Sys=0.00s Real=0.01s
[2025-06-03T15:45:28.468+0530][91.227s] GC(490) Pause Young (Normal) (G1 Evacuation Pause)
[2025-06-03T15:45:28.468+0530][91.227s] GC(490) Using 8 workers of 8 for evacuation
[2025-06-03T15:45:28.469+0530][91.227s] GC(490) Skipped phase 1 of Reference Processing: no references
[2025-06-03T15:45:28.469+0530][91.227s] GC(490) Skipped phase 2 of Reference Processing: no references
[2025-06-03T15:45:28.469+0530][91.227s] GC(490) Skipped phase 3 of Reference Processing: no references
[2025-06-03T15:45:28.469+0530][91.227s] GC(490) Skipped phase 4 of Reference Processing: no references
[2025-06-03T15:45:28.469+0530][91.228s] GC(490)   Pre Evacuate Collection Set: 0.1ms
[2025-06-03T15:45:28.469+0530][91.228s] GC(490)   Merge Heap Roots: 0.1ms
[2025-06-03T15:45:28.469+0530][91.228s] GC(490)   Evacuate Collection Set: 0.3ms
[2025-06-03T15:45:28.469+0530][91.228s] GC(490)   Post Evacuate Collection Set: 0.5ms
[2025-06-03T15:45:28.469+0530][91.228s] GC(490)   Other: 0.2ms
[2025-06-03T15:45:28.469+0530][91.228s] GC(490) Eden regions: 306->0(306)
[2025-06-03T15:45:28.469+0530][91.228s] GC(490) Survivor regions: 1->1(39)
[2025-06-03T15:45:28.469+0530][91.228s] GC(490) Old regions: 9->9
[2025-06-03T15:45:28.469+0530][91.228s] GC(490) Archive regions: 2->2
[2025-06-03T15:45:28.469+0530][91.228s] GC(490) Humongous regions: 0->0
[2025-06-03T15:45:28.469+0530][91.228s] GC(490) Metaspace: 20445K(20928K)->20445K(20928K) NonClass: 17861K(18112K)->17861K(18112K) Class: 2584K(2816K)->2584K(2816K)
[2025-06-03T15:45:28.469+0530][91.228s] GC(490) Pause Young (Normal) (G1 Evacuation Pause) 315M->9M(512M) 1.372ms
[2025-06-03T15:45:28.469+0530][91.228s] GC(490) User=0.00s Sys=0.00s Real=0.00s
[2025-06-03T15:45:28.660+0530][91.419s] GC(491) Pause Young (Normal) (G1 Evacuation Pause)
[2025-06-03T15:45:28.660+0530][91.419s] GC(491) Using 8 workers of 8 for evacuation
[2025-06-03T15:45:28.661+0530][91.419s] GC(491) Skipped phase 1 of Reference Processing: no references
[2025-06-03T15:45:28.661+0530][91.419s] GC(491) Skipped phase 2 of Reference Processing: no references
[2025-06-03T15:45:28.661+0530][91.419s] GC(491) Skipped phase 3 of Reference Processing: no references
[2025-06-03T15:45:28.661+0530][91.419s] GC(491) Skipped phase 4 of Reference Processing: no references
[2025-06-03T15:45:28.661+0530][91.420s] GC(491)   Pre Evacuate Collection Set: 0.1ms
[2025-06-03T15:45:28.661+0530][91.420s] GC(491)   Merge Heap Roots: 0.1ms
[2025-06-03T15:45:28.661+0530][91.420s] GC(491)   Evacuate Collection Set: 0.2ms
[2025-06-03T15:45:28.661+0530][91.420s] GC(491)   Post Evacuate Collection Set: 0.5ms
[2025-06-03T15:45:28.661+0530][91.420s] GC(491)   Other: 0.2ms
[2025-06-03T15:45:28.661+0530][91.420s] GC(491) Eden regions: 306->0(306)
[2025-06-03T15:45:28.661+0530][91.420s] GC(491) Survivor regions: 1->1(39)
[2025-06-03T15:45:28.661+0530][91.420s] GC(491) Old regions: 9->9
[2025-06-03T15:45:28.661+0530][91.420s] GC(491) Archive regions: 2->2
[2025-06-03T15:45:28.661+0530][91.420s] GC(491) Humongous regions: 0->0
[2025-06-03T15:45:28.661+0530][91.420s] GC(491) Metaspace: 20445K(20928K)->20445K(20928K) NonClass: 17861K(18112K)->17861K(18112K) Class: 2584K(2816K)->2584K(2816K)
[2025-06-03T15:45:28.661+0530][91.420s] GC(491) Pause Young (Normal) (G1 Evacuation Pause) 315M->9M(512M) 1.396ms
[2025-06-03T15:45:28.661+0530][91.420s] GC(491) User=0.00s Sys=0.00s Real=0.00s
[2025-06-03T15:45:28.819+0530][91.577s] GC(492) Pause Young (Normal) (G1 Evacuation Pause)
[2025-06-03T15:45:28.819+0530][91.577s] GC(492) Using 8 workers of 8 for evacuation
[2025-06-03T15:45:28.819+0530][91.578s] GC(492) Skipped phase 1 of Reference Processing: no references
[2025-06-03T15:45:28.819+0530][91.578s] GC(492) Skipped phase 2 of Reference Processing: no references
[2025-06-03T15:45:28.819+0530][91.578s] GC(492) Skipped phase 3 of Reference Processing: no references
[2025-06-03T15:45:28.819+0530][91.578s] GC(492) Skipped phase 4 of Reference Processing: no references
[2025-06-03T15:45:28.820+0530][91.579s] GC(492)   Pre Evacuate Collection Set: 0.1ms
[2025-06-03T15:45:28.820+0530][91.579s] GC(492)   Merge Heap Roots: 0.1ms
[2025-06-03T15:45:28.820+0530][91.579s] GC(492)   Evacuate Collection Set: 0.3ms
[2025-06-03T15:45:28.820+0530][91.579s] GC(492)   Post Evacuate Collection Set: 0.6ms
[2025-06-03T15:45:28.820+0530][91.579s] GC(492)   Other: 0.2ms
[2025-06-03T15:45:28.820+0530][91.579s] GC(492) Eden regions: 306->0(306)
[2025-06-03T15:45:28.820+0530][91.579s] GC(492) Survivor regions: 1->1(39)
[2025-06-03T15:45:28.820+0530][91.579s] GC(492) Old regions: 9->9
[2025-06-03T15:45:28.820+0530][91.579s] GC(492) Archive regions: 2->2
[2025-06-03T15:45:28.820+0530][91.579s] GC(492) Humongous regions: 0->0
[2025-06-03T15:45:28.820+0530][91.579s] GC(492) Metaspace: 20445K(20928K)->20445K(20928K) NonClass: 17861K(18112K)->17861K(18112K) Class: 2584K(2816K)->2584K(2816K)
[2025-06-03T15:45:28.820+0530][91.579s] GC(492) Pause Young (Normal) (G1 Evacuation Pause) 315M->9M(512M) 1.404ms
[2025-06-03T15:45:28.820+0530][91.579s] GC(492) User=0.00s Sys=0.01s Real=0.01s
[2025-06-03T15:45:28.976+0530][91.735s] GC(493) Pause Young (Normal) (G1 Evacuation Pause)
[2025-06-03T15:45:28.976+0530][91.735s] GC(493) Using 8 workers of 8 for evacuation
[2025-06-03T15:45:28.977+0530][91.736s] GC(493) Skipped phase 1 of Reference Processing: no references
[2025-06-03T15:45:28.977+0530][91.736s] GC(493) Skipped phase 2 of Reference Processing: no references
[2025-06-03T15:45:28.977+0530][91.736s] GC(493) Skipped phase 3 of Reference Processing: no references
[2025-06-03T15:45:28.977+0530][91.736s] GC(493) Skipped phase 4 of Reference Processing: no references
[2025-06-03T15:45:28.978+0530][91.736s] GC(493)   Pre Evacuate Collection Set: 0.1ms
[2025-06-03T15:45:28.978+0530][91.736s] GC(493)   Merge Heap Roots: 0.1ms
[2025-06-03T15:45:28.978+0530][91.736s] GC(493)   Evacuate Collection Set: 0.3ms
[2025-06-03T15:45:28.978+0530][91.736s] GC(493)   Post Evacuate Collection Set: 0.6ms
[2025-06-03T15:45:28.978+0530][91.736s] GC(493)   Other: 0.2ms
[2025-06-03T15:45:28.978+0530][91.736s] GC(493) Eden regions: 306->0(306)
[2025-06-03T15:45:28.978+0530][91.736s] GC(493) Survivor regions: 1->1(39)
[2025-06-03T15:45:28.978+0530][91.736s] GC(493) Old regions: 9->9
[2025-06-03T15:45:28.978+0530][91.736s] GC(493) Archive regions: 2->2
[2025-06-03T15:45:28.978+0530][91.736s] GC(493) Humongous regions: 0->0
[2025-06-03T15:45:28.978+0530][91.736s] GC(493) Metaspace: 20445K(20928K)->20445K(20928K) NonClass: 17861K(18112K)->17861K(18112K) Class: 2584K(2816K)->2584K(2816K)
[2025-06-03T15:45:28.978+0530][91.736s] GC(493) Pause Young (Normal) (G1 Evacuation Pause) 315M->9M(512M) 1.420ms
[2025-06-03T15:45:28.978+0530][91.736s] GC(493) User=0.00s Sys=0.00s Real=0.00s
[2025-06-03T15:45:29.134+0530][91.893s] GC(494) Pause Young (Normal) (G1 Evacuation Pause)
[2025-06-03T15:45:29.135+0530][91.893s] GC(494) Using 8 workers of 8 for evacuation
[2025-06-03T15:45:29.135+0530][91.894s] GC(494) Skipped phase 1 of Reference Processing: no references
[2025-06-03T15:45:29.135+0530][91.894s] GC(494) Skipped phase 2 of Reference Processing: no references
[2025-06-03T15:45:29.135+0530][91.894s] GC(494) Skipped phase 3 of Reference Processing: no references
[2025-06-03T15:45:29.135+0530][91.894s] GC(494) Skipped phase 4 of Reference Processing: no references
[2025-06-03T15:45:29.135+0530][91.894s] GC(494)   Pre Evacuate Collection Set: 0.1ms
[2025-06-03T15:45:29.136+0530][91.894s] GC(494)   Merge Heap Roots: 0.1ms
[2025-06-03T15:45:29.136+0530][91.894s] GC(494)   Evacuate Collection Set: 0.2ms
[2025-06-03T15:45:29.136+0530][91.894s] GC(494)   Post Evacuate Collection Set: 0.5ms
[2025-06-03T15:45:29.136+0530][91.894s] GC(494)   Other: 0.2ms
[2025-06-03T15:45:29.136+0530][91.894s] GC(494) Eden regions: 306->0(306)
[2025-06-03T15:45:29.136+0530][91.894s] GC(494) Survivor regions: 1->1(39)
[2025-06-03T15:45:29.136+0530][91.894s] GC(494) Old regions: 9->9
[2025-06-03T15:45:29.136+0530][91.894s] GC(494) Archive regions: 2->2
[2025-06-03T15:45:29.136+0530][91.894s] GC(494) Humongous regions: 0->0
[2025-06-03T15:45:29.136+0530][91.894s] GC(494) Metaspace: 20445K(20928K)->20445K(20928K) NonClass: 17861K(18112K)->17861K(18112K) Class: 2584K(2816K)->2584K(2816K)
[2025-06-03T15:45:29.136+0530][91.894s] GC(494) Pause Young (Normal) (G1 Evacuation Pause) 315M->9M(512M) 1.208ms
[2025-06-03T15:45:29.136+0530][91.894s] GC(494) User=0.00s Sys=0.00s Real=0.00s
[2025-06-03T15:45:29.293+0530][92.052s] GC(495) Pause Young (Normal) (G1 Evacuation Pause)
[2025-06-03T15:45:29.293+0530][92.052s] GC(495) Using 8 workers of 8 for evacuation
[2025-06-03T15:45:29.294+0530][92.052s] GC(495) Skipped phase 1 of Reference Processing: no references
[2025-06-03T15:45:29.294+0530][92.052s] GC(495) Skipped phase 2 of Reference Processing: no references
[2025-06-03T15:45:29.294+0530][92.052s] GC(495) Skipped phase 3 of Reference Processing: no references
[2025-06-03T15:45:29.294+0530][92.052s] GC(495) Skipped phase 4 of Reference Processing: no references
[2025-06-03T15:45:29.294+0530][92.053s] GC(495)   Pre Evacuate Collection Set: 0.1ms
[2025-06-03T15:45:29.294+0530][92.053s] GC(495)   Merge Heap Roots: 0.1ms
[2025-06-03T15:45:29.294+0530][92.053s] GC(495)   Evacuate Collection Set: 0.3ms
[2025-06-03T15:45:29.294+0530][92.053s] GC(495)   Post Evacuate Collection Set: 0.5ms
[2025-06-03T15:45:29.294+0530][92.053s] GC(495)   Other: 0.2ms
[2025-06-03T15:45:29.294+0530][92.053s] GC(495) Eden regions: 306->0(306)
[2025-06-03T15:45:29.294+0530][92.053s] GC(495) Survivor regions: 1->1(39)
[2025-06-03T15:45:29.294+0530][92.053s] GC(495) Old regions: 9->9
[2025-06-03T15:45:29.294+0530][92.053s] GC(495) Archive regions: 2->2
[2025-06-03T15:45:29.294+0530][92.053s] GC(495) Humongous regions: 0->0
[2025-06-03T15:45:29.294+0530][92.053s] GC(495) Metaspace: 20445K(20928K)->20445K(20928K) NonClass: 17861K(18112K)->17861K(18112K) Class: 2584K(2816K)->2584K(2816K)
[2025-06-03T15:45:29.294+0530][92.053s] GC(495) Pause Young (Normal) (G1 Evacuation Pause) 315M->9M(512M) 1.423ms
[2025-06-03T15:45:29.294+0530][92.053s] GC(495) User=0.01s Sys=0.00s Real=0.00s
[2025-06-03T15:45:29.450+0530][92.209s] GC(496) Pause Young (Normal) (G1 Evacuation Pause)
[2025-06-03T15:45:29.450+0530][92.209s] GC(496) Using 8 workers of 8 for evacuation
[2025-06-03T15:45:29.451+0530][92.209s] GC(496) Skipped phase 1 of Reference Processing: no references
[2025-06-03T15:45:29.451+0530][92.210s] GC(496) Skipped phase 2 of Reference Processing: no references
[2025-06-03T15:45:29.451+0530][92.210s] GC(496) Skipped phase 3 of Reference Processing: no references
[2025-06-03T15:45:29.451+0530][92.210s] GC(496) Skipped phase 4 of Reference Processing: no references
[2025-06-03T15:45:29.451+0530][92.210s] GC(496)   Pre Evacuate Collection Set: 0.1ms
[2025-06-03T15:45:29.451+0530][92.210s] GC(496)   Merge Heap Roots: 0.1ms
[2025-06-03T15:45:29.451+0530][92.210s] GC(496)   Evacuate Collection Set: 0.2ms
[2025-06-03T15:45:29.451+0530][92.210s] GC(496)   Post Evacuate Collection Set: 0.5ms
[2025-06-03T15:45:29.451+0530][92.210s] GC(496)   Other: 0.2ms
[2025-06-03T15:45:29.451+0530][92.210s] GC(496) Eden regions: 306->0(306)
[2025-06-03T15:45:29.451+0530][92.210s] GC(496) Survivor regions: 1->1(39)
[2025-06-03T15:45:29.452+0530][92.210s] GC(496) Old regions: 9->9
[2025-06-03T15:45:29.452+0530][92.210s] GC(496) Archive regions: 2->2
[2025-06-03T15:45:29.452+0530][92.210s] GC(496) Humongous regions: 0->0
[2025-06-03T15:45:29.452+0530][92.210s] GC(496) Metaspace: 20445K(20928K)->20445K(20928K) NonClass: 17861K(18112K)->17861K(18112K) Class: 2584K(2816K)->2584K(2816K)
[2025-06-03T15:45:29.452+0530][92.210s] GC(496) Pause Young (Normal) (G1 Evacuation Pause) 315M->9M(512M) 1.274ms
[2025-06-03T15:45:29.452+0530][92.210s] GC(496) User=0.00s Sys=0.01s Real=0.00s
[2025-06-03T15:45:29.612+0530][92.370s] GC(497) Pause Young (Normal) (G1 Evacuation Pause)
[2025-06-03T15:45:29.612+0530][92.370s] GC(497) Using 8 workers of 8 for evacuation
[2025-06-03T15:45:29.612+0530][92.371s] GC(497) Skipped phase 1 of Reference Processing: no references
[2025-06-03T15:45:29.612+0530][92.371s] GC(497) Skipped phase 2 of Reference Processing: no references
[2025-06-03T15:45:29.612+0530][92.371s] GC(497) Skipped phase 3 of Reference Processing: no references
[2025-06-03T15:45:29.612+0530][92.371s] GC(497) Skipped phase 4 of Reference Processing: no references
[2025-06-03T15:45:29.613+0530][92.371s] GC(497)   Pre Evacuate Collection Set: 0.1ms
[2025-06-03T15:45:29.613+0530][92.372s] GC(497)   Merge Heap Roots: 0.1ms
[2025-06-03T15:45:29.613+0530][92.372s] GC(497)   Evacuate Collection Set: 0.3ms
[2025-06-03T15:45:29.613+0530][92.372s] GC(497)   Post Evacuate Collection Set: 0.5ms
[2025-06-03T15:45:29.613+0530][92.372s] GC(497)   Other: 0.2ms
[2025-06-03T15:45:29.613+0530][92.372s] GC(497) Eden regions: 306->0(306)
[2025-06-03T15:45:29.613+0530][92.372s] GC(497) Survivor regions: 1->1(39)
[2025-06-03T15:45:29.613+0530][92.372s] GC(497) Old regions: 9->9
[2025-06-03T15:45:29.613+0530][92.372s] GC(497) Archive regions: 2->2
[2025-06-03T15:45:29.613+0530][92.372s] GC(497) Humongous regions: 0->0
[2025-06-03T15:45:29.613+0530][92.372s] GC(497) Metaspace: 20445K(20928K)->20445K(20928K) NonClass: 17861K(18112K)->17861K(18112K) Class: 2584K(2816K)->2584K(2816K)
[2025-06-03T15:45:29.613+0530][92.372s] GC(497) Pause Young (Normal) (G1 Evacuation Pause) 315M->9M(512M) 1.336ms
[2025-06-03T15:45:29.613+0530][92.372s] GC(497) User=0.00s Sys=0.00s Real=0.00s
[2025-06-03T15:45:29.770+0530][92.528s] GC(498) Pause Young (Normal) (G1 Evacuation Pause)
[2025-06-03T15:45:29.770+0530][92.528s] GC(498) Using 8 workers of 8 for evacuation
[2025-06-03T15:45:29.770+0530][92.529s] GC(498) Skipped phase 1 of Reference Processing: no references
[2025-06-03T15:45:29.770+0530][92.529s] GC(498) Skipped phase 2 of Reference Processing: no references
[2025-06-03T15:45:29.770+0530][92.529s] GC(498) Skipped phase 3 of Reference Processing: no references
[2025-06-03T15:45:29.770+0530][92.529s] GC(498) Skipped phase 4 of Reference Processing: no references
[2025-06-03T15:45:29.771+0530][92.530s] GC(498)   Pre Evacuate Collection Set: 0.1ms
[2025-06-03T15:45:29.771+0530][92.530s] GC(498)   Merge Heap Roots: 0.1ms
[2025-06-03T15:45:29.771+0530][92.530s] GC(498)   Evacuate Collection Set: 0.2ms
[2025-06-03T15:45:29.771+0530][92.530s] GC(498)   Post Evacuate Collection Set: 0.6ms
[2025-06-03T15:45:29.771+0530][92.530s] GC(498)   Other: 0.2ms
[2025-06-03T15:45:29.771+0530][92.530s] GC(498) Eden regions: 306->0(306)
[2025-06-03T15:45:29.771+0530][92.530s] GC(498) Survivor regions: 1->1(39)
[2025-06-03T15:45:29.771+0530][92.530s] GC(498) Old regions: 9->9
[2025-06-03T15:45:29.771+0530][92.530s] GC(498) Archive regions: 2->2
[2025-06-03T15:45:29.771+0530][92.530s] GC(498) Humongous regions: 0->0
[2025-06-03T15:45:29.771+0530][92.530s] GC(498) Metaspace: 20445K(20928K)->20445K(20928K) NonClass: 17861K(18112K)->17861K(18112K) Class: 2584K(2816K)->2584K(2816K)
[2025-06-03T15:45:29.771+0530][92.530s] GC(498) Pause Young (Normal) (G1 Evacuation Pause) 315M->9M(512M) 1.387ms
[2025-06-03T15:45:29.771+0530][92.530s] GC(498) User=0.00s Sys=0.00s Real=0.00s
[2025-06-03T15:45:29.932+0530][92.691s] GC(499) Pause Young (Normal) (G1 Evacuation Pause)
[2025-06-03T15:45:29.932+0530][92.691s] GC(499) Using 8 workers of 8 for evacuation
[2025-06-03T15:45:29.933+0530][92.692s] GC(499) Skipped phase 1 of Reference Processing: no references
[2025-06-03T15:45:29.933+0530][92.692s] GC(499) Skipped phase 2 of Reference Processing: no references
[2025-06-03T15:45:29.933+0530][92.692s] GC(499) Skipped phase 3 of Reference Processing: no references
[2025-06-03T15:45:29.933+0530][92.692s] GC(499) Skipped phase 4 of Reference Processing: no references
[2025-06-03T15:45:29.934+0530][92.692s] GC(499)   Pre Evacuate Collection Set: 0.1ms
[2025-06-03T15:45:29.934+0530][92.692s] GC(499)   Merge Heap Roots: 0.1ms
[2025-06-03T15:45:29.934+0530][92.692s] GC(499)   Evacuate Collection Set: 0.3ms
[2025-06-03T15:45:29.934+0530][92.692s] GC(499)   Post Evacuate Collection Set: 0.6ms
[2025-06-03T15:45:29.934+0530][92.692s] GC(499)   Other: 0.2ms
[2025-06-03T15:45:29.934+0530][92.692s] GC(499) Eden regions: 306->0(306)
[2025-06-03T15:45:29.934+0530][92.692s] GC(499) Survivor regions: 1->1(39)
[2025-06-03T15:45:29.934+0530][92.692s] GC(499) Old regions: 9->9
[2025-06-03T15:45:29.934+0530][92.692s] GC(499) Archive regions: 2->2
[2025-06-03T15:45:29.934+0530][92.692s] GC(499) Humongous regions: 0->0
[2025-06-03T15:45:29.934+0530][92.692s] GC(499) Metaspace: 20445K(20928K)->20445K(20928K) NonClass: 17861K(18112K)->17861K(18112K) Class: 2584K(2816K)->2584K(2816K)
[2025-06-03T15:45:29.934+0530][92.692s] GC(499) Pause Young (Normal) (G1 Evacuation Pause) 315M->9M(512M) 1.595ms
[2025-06-03T15:45:29.934+0530][92.693s] GC(499) User=0.01s Sys=0.00s Real=0.00s
[2025-06-03T15:45:30.095+0530][92.853s] GC(500) Pause Young (Normal) (G1 Evacuation Pause)
[2025-06-03T15:45:30.095+0530][92.853s] GC(500) Using 8 workers of 8 for evacuation
[2025-06-03T15:45:30.095+0530][92.854s] GC(500) Skipped phase 1 of Reference Processing: no references
[2025-06-03T15:45:30.095+0530][92.854s] GC(500) Skipped phase 2 of Reference Processing: no references
[2025-06-03T15:45:30.095+0530][92.854s] GC(500) Skipped phase 3 of Reference Processing: no references
[2025-06-03T15:45:30.095+0530][92.854s] GC(500) Skipped phase 4 of Reference Processing: no references
[2025-06-03T15:45:30.096+0530][92.854s] GC(500)   Pre Evacuate Collection Set: 0.1ms
[2025-06-03T15:45:30.096+0530][92.854s] GC(500)   Merge Heap Roots: 0.1ms
[2025-06-03T15:45:30.096+0530][92.854s] GC(500)   Evacuate Collection Set: 0.3ms
[2025-06-03T15:45:30.096+0530][92.854s] GC(500)   Post Evacuate Collection Set: 0.5ms
[2025-06-03T15:45:30.096+0530][92.854s] GC(500)   Other: 0.2ms
[2025-06-03T15:45:30.096+0530][92.854s] GC(500) Eden regions: 306->0(306)
[2025-06-03T15:45:30.096+0530][92.855s] GC(500) Survivor regions: 1->1(39)
[2025-06-03T15:45:30.096+0530][92.855s] GC(500) Old regions: 9->9
[2025-06-03T15:45:30.096+0530][92.855s] GC(500) Archive regions: 2->2
[2025-06-03T15:45:30.096+0530][92.855s] GC(500) Humongous regions: 0->0
[2025-06-03T15:45:30.096+0530][92.855s] GC(500) Metaspace: 20445K(20928K)->20445K(20928K) NonClass: 17861K(18112K)->17861K(18112K) Class: 2584K(2816K)->2584K(2816K)
[2025-06-03T15:45:30.096+0530][92.855s] GC(500) Pause Young (Normal) (G1 Evacuation Pause) 315M->9M(512M) 1.444ms
[2025-06-03T15:45:30.096+0530][92.855s] GC(500) User=0.00s Sys=0.00s Real=0.00s
[2025-06-03T15:45:30.255+0530][93.013s] GC(501) Pause Young (Normal) (G1 Evacuation Pause)
[2025-06-03T15:45:30.255+0530][93.013s] GC(501) Using 8 workers of 8 for evacuation
[2025-06-03T15:45:30.255+0530][93.014s] GC(501) Skipped phase 1 of Reference Processing: no references
[2025-06-03T15:45:30.255+0530][93.014s] GC(501) Skipped phase 2 of Reference Processing: no references
[2025-06-03T15:45:30.255+0530][93.014s] GC(501) Skipped phase 3 of Reference Processing: no references
[2025-06-03T15:45:30.255+0530][93.014s] GC(501) Skipped phase 4 of Reference Processing: no references
[2025-06-03T15:45:30.256+0530][93.014s] GC(501)   Pre Evacuate Collection Set: 0.1ms
[2025-06-03T15:45:30.256+0530][93.014s] GC(501)   Merge Heap Roots: 0.1ms
[2025-06-03T15:45:30.256+0530][93.014s] GC(501)   Evacuate Collection Set: 0.3ms
[2025-06-03T15:45:30.256+0530][93.014s] GC(501)   Post Evacuate Collection Set: 0.5ms
[2025-06-03T15:45:30.256+0530][93.015s] GC(501)   Other: 0.2ms
[2025-06-03T15:45:30.256+0530][93.015s] GC(501) Eden regions: 306->0(306)
[2025-06-03T15:45:30.256+0530][93.015s] GC(501) Survivor regions: 1->1(39)
[2025-06-03T15:45:30.256+0530][93.015s] GC(501) Old regions: 9->9
[2025-06-03T15:45:30.256+0530][93.015s] GC(501) Archive regions: 2->2
[2025-06-03T15:45:30.256+0530][93.015s] GC(501) Humongous regions: 0->0
[2025-06-03T15:45:30.256+0530][93.015s] GC(501) Metaspace: 20445K(20928K)->20445K(20928K) NonClass: 17861K(18112K)->17861K(18112K) Class: 2584K(2816K)->2584K(2816K)
[2025-06-03T15:45:30.256+0530][93.015s] GC(501) Pause Young (Normal) (G1 Evacuation Pause) 315M->9M(512M) 1.376ms
[2025-06-03T15:45:30.256+0530][93.015s] GC(501) User=0.00s Sys=0.00s Real=0.00s
[2025-06-03T15:45:30.430+0530][93.189s] GC(502) Pause Young (Normal) (G1 Evacuation Pause)
[2025-06-03T15:45:30.430+0530][93.189s] GC(502) Using 8 workers of 8 for evacuation
[2025-06-03T15:45:30.431+0530][93.189s] GC(502) Skipped phase 1 of Reference Processing: no references
[2025-06-03T15:45:30.431+0530][93.189s] GC(502) Skipped phase 2 of Reference Processing: no references
[2025-06-03T15:45:30.431+0530][93.189s] GC(502) Skipped phase 3 of Reference Processing: no references
[2025-06-03T15:45:30.431+0530][93.189s] GC(502) Skipped phase 4 of Reference Processing: no references
[2025-06-03T15:45:30.431+0530][93.190s] GC(502)   Pre Evacuate Collection Set: 0.1ms
[2025-06-03T15:45:30.431+0530][93.190s] GC(502)   Merge Heap Roots: 0.1ms
[2025-06-03T15:45:30.431+0530][93.190s] GC(502)   Evacuate Collection Set: 0.2ms
[2025-06-03T15:45:30.431+0530][93.190s] GC(502)   Post Evacuate Collection Set: 0.5ms
[2025-06-03T15:45:30.431+0530][93.190s] GC(502)   Other: 0.2ms
[2025-06-03T15:45:30.431+0530][93.190s] GC(502) Eden regions: 306->0(306)
[2025-06-03T15:45:30.431+0530][93.190s] GC(502) Survivor regions: 1->1(39)
[2025-06-03T15:45:30.431+0530][93.190s] GC(502) Old regions: 9->9
[2025-06-03T15:45:30.431+0530][93.190s] GC(502) Archive regions: 2->2
[2025-06-03T15:45:30.431+0530][93.190s] GC(502) Humongous regions: 0->0
[2025-06-03T15:45:30.432+0530][93.190s] GC(502) Metaspace: 20445K(20928K)->20445K(20928K) NonClass: 17861K(18112K)->17861K(18112K) Class: 2584K(2816K)->2584K(2816K)
[2025-06-03T15:45:30.432+0530][93.190s] GC(502) Pause Young (Normal) (G1 Evacuation Pause) 315M->9M(512M) 1.374ms
[2025-06-03T15:45:30.432+0530][93.190s] GC(502) User=0.01s Sys=0.00s Real=0.00s
[2025-06-03T15:45:30.601+0530][93.360s] GC(503) Pause Young (Normal) (G1 Evacuation Pause)
[2025-06-03T15:45:30.601+0530][93.360s] GC(503) Using 8 workers of 8 for evacuation
[2025-06-03T15:45:30.602+0530][93.360s] GC(503) Skipped phase 1 of Reference Processing: no references
[2025-06-03T15:45:30.602+0530][93.360s] GC(503) Skipped phase 2 of Reference Processing: no references
[2025-06-03T15:45:30.602+0530][93.360s] GC(503) Skipped phase 3 of Reference Processing: no references
[2025-06-03T15:45:30.602+0530][93.360s] GC(503) Skipped phase 4 of Reference Processing: no references
[2025-06-03T15:45:30.602+0530][93.361s] GC(503)   Pre Evacuate Collection Set: 0.1ms
[2025-06-03T15:45:30.602+0530][93.361s] GC(503)   Merge Heap Roots: 0.1ms
[2025-06-03T15:45:30.602+0530][93.361s] GC(503)   Evacuate Collection Set: 0.2ms
[2025-06-03T15:45:30.602+0530][93.361s] GC(503)   Post Evacuate Collection Set: 0.5ms
[2025-06-03T15:45:30.602+0530][93.361s] GC(503)   Other: 0.2ms
[2025-06-03T15:45:30.602+0530][93.361s] GC(503) Eden regions: 306->0(306)
[2025-06-03T15:45:30.602+0530][93.361s] GC(503) Survivor regions: 1->1(39)
[2025-06-03T15:45:30.602+0530][93.361s] GC(503) Old regions: 9->9
[2025-06-03T15:45:30.602+0530][93.361s] GC(503) Archive regions: 2->2
[2025-06-03T15:45:30.602+0530][93.361s] GC(503) Humongous regions: 0->0
[2025-06-03T15:45:30.602+0530][93.361s] GC(503) Metaspace: 20445K(20928K)->20445K(20928K) NonClass: 17861K(18112K)->17861K(18112K) Class: 2584K(2816K)->2584K(2816K)
[2025-06-03T15:45:30.602+0530][93.361s] GC(503) Pause Young (Normal) (G1 Evacuation Pause) 315M->9M(512M) 1.261ms
[2025-06-03T15:45:30.602+0530][93.361s] GC(503) User=0.00s Sys=0.01s Real=0.00s
[2025-06-03T15:45:30.777+0530][93.536s] GC(504) Pause Young (Normal) (G1 Evacuation Pause)
[2025-06-03T15:45:30.777+0530][93.536s] GC(504) Using 8 workers of 8 for evacuation
[2025-06-03T15:45:30.778+0530][93.536s] GC(504) Skipped phase 1 of Reference Processing: no references
[2025-06-03T15:45:30.778+0530][93.536s] GC(504) Skipped phase 2 of Reference Processing: no references
[2025-06-03T15:45:30.778+0530][93.536s] GC(504) Skipped phase 3 of Reference Processing: no references
[2025-06-03T15:45:30.778+0530][93.536s] GC(504) Skipped phase 4 of Reference Processing: no references
[2025-06-03T15:45:30.778+0530][93.537s] GC(504)   Pre Evacuate Collection Set: 0.1ms
[2025-06-03T15:45:30.778+0530][93.537s] GC(504)   Merge Heap Roots: 0.1ms
[2025-06-03T15:45:30.778+0530][93.537s] GC(504)   Evacuate Collection Set: 0.3ms
[2025-06-03T15:45:30.778+0530][93.537s] GC(504)   Post Evacuate Collection Set: 0.5ms
[2025-06-03T15:45:30.778+0530][93.537s] GC(504)   Other: 0.2ms
[2025-06-03T15:45:30.778+0530][93.537s] GC(504) Eden regions: 306->0(306)
[2025-06-03T15:45:30.778+0530][93.537s] GC(504) Survivor regions: 1->1(39)
[2025-06-03T15:45:30.778+0530][93.537s] GC(504) Old regions: 9->9
[2025-06-03T15:45:30.778+0530][93.537s] GC(504) Archive regions: 2->2
[2025-06-03T15:45:30.778+0530][93.537s] GC(504) Humongous regions: 0->0
[2025-06-03T15:45:30.778+0530][93.537s] GC(504) Metaspace: 20445K(20928K)->20445K(20928K) NonClass: 17861K(18112K)->17861K(18112K) Class: 2584K(2816K)->2584K(2816K)
[2025-06-03T15:45:30.778+0530][93.537s] GC(504) Pause Young (Normal) (G1 Evacuation Pause) 315M->9M(512M) 1.318ms
[2025-06-03T15:45:30.778+0530][93.537s] GC(504) User=0.01s Sys=0.00s Real=0.00s
[2025-06-03T15:45:30.939+0530][93.698s] GC(505) Pause Young (Normal) (G1 Evacuation Pause)
[2025-06-03T15:45:30.939+0530][93.698s] GC(505) Using 8 workers of 8 for evacuation
[2025-06-03T15:45:30.940+0530][93.698s] GC(505) Skipped phase 1 of Reference Processing: no references
[2025-06-03T15:45:30.940+0530][93.698s] GC(505) Skipped phase 2 of Reference Processing: no references
[2025-06-03T15:45:30.940+0530][93.698s] GC(505) Skipped phase 3 of Reference Processing: no references
[2025-06-03T15:45:30.940+0530][93.698s] GC(505) Skipped phase 4 of Reference Processing: no references
[2025-06-03T15:45:30.940+0530][93.699s] GC(505)   Pre Evacuate Collection Set: 0.1ms
[2025-06-03T15:45:30.940+0530][93.699s] GC(505)   Merge Heap Roots: 0.1ms
[2025-06-03T15:45:30.940+0530][93.699s] GC(505)   Evacuate Collection Set: 0.2ms
[2025-06-03T15:45:30.940+0530][93.699s] GC(505)   Post Evacuate Collection Set: 0.5ms
[2025-06-03T15:45:30.940+0530][93.699s] GC(505)   Other: 0.2ms
[2025-06-03T15:45:30.940+0530][93.699s] GC(505) Eden regions: 306->0(306)
[2025-06-03T15:45:30.940+0530][93.699s] GC(505) Survivor regions: 1->1(39)
[2025-06-03T15:45:30.940+0530][93.699s] GC(505) Old regions: 9->9
[2025-06-03T15:45:30.940+0530][93.699s] GC(505) Archive regions: 2->2
[2025-06-03T15:45:30.940+0530][93.699s] GC(505) Humongous regions: 0->0
[2025-06-03T15:45:30.940+0530][93.699s] GC(505) Metaspace: 20454K(20928K)->20454K(20928K) NonClass: 17869K(18112K)->17869K(18112K) Class: 2584K(2816K)->2584K(2816K)
[2025-06-03T15:45:30.940+0530][93.699s] GC(505) Pause Young (Normal) (G1 Evacuation Pause) 315M->9M(512M) 1.434ms
[2025-06-03T15:45:30.940+0530][93.699s] GC(505) User=0.00s Sys=0.00s Real=0.01s
[2025-06-03T15:45:31.094+0530][93.853s] GC(506) Pause Young (Normal) (G1 Evacuation Pause)
[2025-06-03T15:45:31.094+0530][93.853s] GC(506) Using 8 workers of 8 for evacuation
[2025-06-03T15:45:31.095+0530][93.854s] GC(506) Skipped phase 1 of Reference Processing: no references
[2025-06-03T15:45:31.095+0530][93.854s] GC(506) Skipped phase 2 of Reference Processing: no references
[2025-06-03T15:45:31.095+0530][93.854s] GC(506) Skipped phase 3 of Reference Processing: no references
[2025-06-03T15:45:31.095+0530][93.854s] GC(506) Skipped phase 4 of Reference Processing: no references
[2025-06-03T15:45:31.095+0530][93.854s] GC(506)   Pre Evacuate Collection Set: 0.1ms
[2025-06-03T15:45:31.095+0530][93.854s] GC(506)   Merge Heap Roots: 0.1ms
[2025-06-03T15:45:31.095+0530][93.854s] GC(506)   Evacuate Collection Set: 0.3ms
[2025-06-03T15:45:31.095+0530][93.854s] GC(506)   Post Evacuate Collection Set: 0.5ms
[2025-06-03T15:45:31.095+0530][93.854s] GC(506)   Other: 0.2ms
[2025-06-03T15:45:31.095+0530][93.854s] GC(506) Eden regions: 306->0(306)
[2025-06-03T15:45:31.095+0530][93.854s] GC(506) Survivor regions: 1->1(39)
[2025-06-03T15:45:31.095+0530][93.854s] GC(506) Old regions: 9->9
[2025-06-03T15:45:31.096+0530][93.854s] GC(506) Archive regions: 2->2
[2025-06-03T15:45:31.096+0530][93.854s] GC(506) Humongous regions: 0->0
[2025-06-03T15:45:31.096+0530][93.854s] GC(506) Metaspace: 20454K(20928K)->20454K(20928K) NonClass: 17869K(18112K)->17869K(18112K) Class: 2584K(2816K)->2584K(2816K)
[2025-06-03T15:45:31.096+0530][93.854s] GC(506) Pause Young (Normal) (G1 Evacuation Pause) 315M->9M(512M) 1.285ms
[2025-06-03T15:45:31.096+0530][93.854s] GC(506) User=0.00s Sys=0.00s Real=0.00s
[2025-06-03T15:45:31.252+0530][94.011s] GC(507) Pause Young (Normal) (G1 Evacuation Pause)
[2025-06-03T15:45:31.253+0530][94.011s] GC(507) Using 8 workers of 8 for evacuation
[2025-06-03T15:45:31.253+0530][94.012s] GC(507) Skipped phase 1 of Reference Processing: no references
[2025-06-03T15:45:31.253+0530][94.012s] GC(507) Skipped phase 2 of Reference Processing: no references
[2025-06-03T15:45:31.253+0530][94.012s] GC(507) Skipped phase 3 of Reference Processing: no references
[2025-06-03T15:45:31.253+0530][94.012s] GC(507) Skipped phase 4 of Reference Processing: no references
[2025-06-03T15:45:31.254+0530][94.012s] GC(507)   Pre Evacuate Collection Set: 0.1ms
[2025-06-03T15:45:31.254+0530][94.012s] GC(507)   Merge Heap Roots: 0.1ms
[2025-06-03T15:45:31.254+0530][94.012s] GC(507)   Evacuate Collection Set: 0.3ms
[2025-06-03T15:45:31.254+0530][94.012s] GC(507)   Post Evacuate Collection Set: 0.5ms
[2025-06-03T15:45:31.254+0530][94.012s] GC(507)   Other: 0.2ms
[2025-06-03T15:45:31.254+0530][94.012s] GC(507) Eden regions: 306->0(306)
[2025-06-03T15:45:31.254+0530][94.012s] GC(507) Survivor regions: 1->1(39)
[2025-06-03T15:45:31.254+0530][94.012s] GC(507) Old regions: 9->9
[2025-06-03T15:45:31.254+0530][94.012s] GC(507) Archive regions: 2->2
[2025-06-03T15:45:31.254+0530][94.012s] GC(507) Humongous regions: 0->0
[2025-06-03T15:45:31.254+0530][94.012s] GC(507) Metaspace: 20454K(20928K)->20454K(20928K) NonClass: 17869K(18112K)->17869K(18112K) Class: 2584K(2816K)->2584K(2816K)
[2025-06-03T15:45:31.254+0530][94.013s] GC(507) Pause Young (Normal) (G1 Evacuation Pause) 315M->9M(512M) 1.403ms
[2025-06-03T15:45:31.254+0530][94.013s] GC(507) User=0.01s Sys=0.00s Real=0.00s
[2025-06-03T15:45:31.405+0530][94.164s] GC(508) Pause Young (Normal) (G1 Evacuation Pause)
[2025-06-03T15:45:31.405+0530][94.164s] GC(508) Using 8 workers of 8 for evacuation
[2025-06-03T15:45:31.406+0530][94.164s] GC(508) Skipped phase 1 of Reference Processing: no references
[2025-06-03T15:45:31.406+0530][94.164s] GC(508) Skipped phase 2 of Reference Processing: no references
[2025-06-03T15:45:31.406+0530][94.164s] GC(508) Skipped phase 3 of Reference Processing: no references
[2025-06-03T15:45:31.406+0530][94.164s] GC(508) Skipped phase 4 of Reference Processing: no references
[2025-06-03T15:45:31.406+0530][94.165s] GC(508)   Pre Evacuate Collection Set: 0.1ms
[2025-06-03T15:45:31.406+0530][94.165s] GC(508)   Merge Heap Roots: 0.1ms
[2025-06-03T15:45:31.406+0530][94.165s] GC(508)   Evacuate Collection Set: 0.2ms
[2025-06-03T15:45:31.406+0530][94.165s] GC(508)   Post Evacuate Collection Set: 0.5ms
[2025-06-03T15:45:31.406+0530][94.165s] GC(508)   Other: 0.2ms
[2025-06-03T15:45:31.406+0530][94.165s] GC(508) Eden regions: 306->0(306)
[2025-06-03T15:45:31.406+0530][94.165s] GC(508) Survivor regions: 1->1(39)
[2025-06-03T15:45:31.406+0530][94.165s] GC(508) Old regions: 9->9
[2025-06-03T15:45:31.406+0530][94.165s] GC(508) Archive regions: 2->2
[2025-06-03T15:45:31.406+0530][94.165s] GC(508) Humongous regions: 0->0
[2025-06-03T15:45:31.406+0530][94.165s] GC(508) Metaspace: 20454K(20928K)->20454K(20928K) NonClass: 17869K(18112K)->17869K(18112K) Class: 2584K(2816K)->2584K(2816K)
[2025-06-03T15:45:31.406+0530][94.165s] GC(508) Pause Young (Normal) (G1 Evacuation Pause) 315M->9M(512M) 1.295ms
[2025-06-03T15:45:31.406+0530][94.165s] GC(508) User=0.00s Sys=0.00s Real=0.00s
[2025-06-03T15:45:31.554+0530][94.312s] GC(509) Pause Young (Normal) (G1 Evacuation Pause)
[2025-06-03T15:45:31.554+0530][94.312s] GC(509) Using 8 workers of 8 for evacuation
[2025-06-03T15:45:31.554+0530][94.313s] GC(509) Skipped phase 1 of Reference Processing: no references
[2025-06-03T15:45:31.554+0530][94.313s] GC(509) Skipped phase 2 of Reference Processing: no references
[2025-06-03T15:45:31.554+0530][94.313s] GC(509) Skipped phase 3 of Reference Processing: no references
[2025-06-03T15:45:31.554+0530][94.313s] GC(509) Skipped phase 4 of Reference Processing: no references
[2025-06-03T15:45:31.555+0530][94.313s] GC(509)   Pre Evacuate Collection Set: 0.1ms
[2025-06-03T15:45:31.555+0530][94.314s] GC(509)   Merge Heap Roots: 0.1ms
[2025-06-03T15:45:31.555+0530][94.314s] GC(509)   Evacuate Collection Set: 0.2ms
[2025-06-03T15:45:31.555+0530][94.314s] GC(509)   Post Evacuate Collection Set: 0.5ms
[2025-06-03T15:45:31.555+0530][94.314s] GC(509)   Other: 0.2ms
[2025-06-03T15:45:31.555+0530][94.314s] GC(509) Eden regions: 306->0(306)
[2025-06-03T15:45:31.555+0530][94.314s] GC(509) Survivor regions: 1->1(39)
[2025-06-03T15:45:31.555+0530][94.314s] GC(509) Old regions: 9->9
[2025-06-03T15:45:31.555+0530][94.314s] GC(509) Archive regions: 2->2
[2025-06-03T15:45:31.555+0530][94.314s] GC(509) Humongous regions: 0->0
[2025-06-03T15:45:31.555+0530][94.314s] GC(509) Metaspace: 20454K(20928K)->20454K(20928K) NonClass: 17869K(18112K)->17869K(18112K) Class: 2584K(2816K)->2584K(2816K)
[2025-06-03T15:45:31.555+0530][94.314s] GC(509) Pause Young (Normal) (G1 Evacuation Pause) 315M->9M(512M) 1.415ms
[2025-06-03T15:45:31.555+0530][94.314s] GC(509) User=0.00s Sys=0.00s Real=0.00s
[2025-06-03T15:45:31.703+0530][94.462s] GC(510) Pause Young (Normal) (G1 Evacuation Pause)
[2025-06-03T15:45:31.703+0530][94.462s] GC(510) Using 8 workers of 8 for evacuation
[2025-06-03T15:45:31.704+0530][94.463s] GC(510) Skipped phase 1 of Reference Processing: no references
[2025-06-03T15:45:31.704+0530][94.463s] GC(510) Skipped phase 2 of Reference Processing: no references
[2025-06-03T15:45:31.704+0530][94.463s] GC(510) Skipped phase 3 of Reference Processing: no references
[2025-06-03T15:45:31.704+0530][94.463s] GC(510) Skipped phase 4 of Reference Processing: no references
[2025-06-03T15:45:31.705+0530][94.463s] GC(510)   Pre Evacuate Collection Set: 0.1ms
[2025-06-03T15:45:31.705+0530][94.463s] GC(510)   Merge Heap Roots: 0.1ms
[2025-06-03T15:45:31.705+0530][94.463s] GC(510)   Evacuate Collection Set: 0.3ms
[2025-06-03T15:45:31.705+0530][94.463s] GC(510)   Post Evacuate Collection Set: 0.6ms
[2025-06-03T15:45:31.705+0530][94.463s] GC(510)   Other: 0.2ms
[2025-06-03T15:45:31.705+0530][94.463s] GC(510) Eden regions: 306->0(306)
[2025-06-03T15:45:31.705+0530][94.463s] GC(510) Survivor regions: 1->1(39)
[2025-06-03T15:45:31.705+0530][94.463s] GC(510) Old regions: 9->9
[2025-06-03T15:45:31.705+0530][94.463s] GC(510) Archive regions: 2->2
[2025-06-03T15:45:31.705+0530][94.463s] GC(510) Humongous regions: 0->0
[2025-06-03T15:45:31.705+0530][94.463s] GC(510) Metaspace: 20454K(20928K)->20454K(20928K) NonClass: 17869K(18112K)->17869K(18112K) Class: 2584K(2816K)->2584K(2816K)
[2025-06-03T15:45:31.705+0530][94.463s] GC(510) Pause Young (Normal) (G1 Evacuation Pause) 315M->9M(512M) 1.379ms
[2025-06-03T15:45:31.705+0530][94.464s] GC(510) User=0.00s Sys=0.00s Real=0.00s
[2025-06-03T15:45:31.853+0530][94.612s] GC(511) Pause Young (Normal) (G1 Evacuation Pause)
[2025-06-03T15:45:31.853+0530][94.612s] GC(511) Using 8 workers of 8 for evacuation
[2025-06-03T15:45:31.854+0530][94.613s] GC(511) Skipped phase 1 of Reference Processing: no references
[2025-06-03T15:45:31.854+0530][94.613s] GC(511) Skipped phase 2 of Reference Processing: no references
[2025-06-03T15:45:31.854+0530][94.613s] GC(511) Skipped phase 3 of Reference Processing: no references
[2025-06-03T15:45:31.854+0530][94.613s] GC(511) Skipped phase 4 of Reference Processing: no references
[2025-06-03T15:45:31.854+0530][94.613s] GC(511)   Pre Evacuate Collection Set: 0.1ms
[2025-06-03T15:45:31.854+0530][94.613s] GC(511)   Merge Heap Roots: 0.1ms
[2025-06-03T15:45:31.854+0530][94.613s] GC(511)   Evacuate Collection Set: 0.3ms
[2025-06-03T15:45:31.854+0530][94.613s] GC(511)   Post Evacuate Collection Set: 0.4ms
[2025-06-03T15:45:31.854+0530][94.613s] GC(511)   Other: 0.2ms
[2025-06-03T15:45:31.854+0530][94.613s] GC(511) Eden regions: 306->0(306)
[2025-06-03T15:45:31.854+0530][94.613s] GC(511) Survivor regions: 1->1(39)
[2025-06-03T15:45:31.854+0530][94.613s] GC(511) Old regions: 9->9
[2025-06-03T15:45:31.855+0530][94.613s] GC(511) Archive regions: 2->2
[2025-06-03T15:45:31.855+0530][94.613s] GC(511) Humongous regions: 0->0
[2025-06-03T15:45:31.855+0530][94.613s] GC(511) Metaspace: 20454K(20928K)->20454K(20928K) NonClass: 17869K(18112K)->17869K(18112K) Class: 2584K(2816K)->2584K(2816K)
[2025-06-03T15:45:31.855+0530][94.613s] GC(511) Pause Young (Normal) (G1 Evacuation Pause) 315M->9M(512M) 1.239ms
[2025-06-03T15:45:31.855+0530][94.613s] GC(511) User=0.00s Sys=0.00s Real=0.00s
[2025-06-03T15:45:32.020+0530][94.778s] GC(512) Pause Young (Normal) (G1 Evacuation Pause)
[2025-06-03T15:45:32.020+0530][94.778s] GC(512) Using 8 workers of 8 for evacuation
[2025-06-03T15:45:32.020+0530][94.779s] GC(512) Skipped phase 1 of Reference Processing: no references
[2025-06-03T15:45:32.020+0530][94.779s] GC(512) Skipped phase 2 of Reference Processing: no references
[2025-06-03T15:45:32.020+0530][94.779s] GC(512) Skipped phase 3 of Reference Processing: no references
[2025-06-03T15:45:32.020+0530][94.779s] GC(512) Skipped phase 4 of Reference Processing: no references
[2025-06-03T15:45:32.021+0530][94.780s] GC(512)   Pre Evacuate Collection Set: 0.1ms
[2025-06-03T15:45:32.021+0530][94.780s] GC(512)   Merge Heap Roots: 0.1ms
[2025-06-03T15:45:32.021+0530][94.780s] GC(512)   Evacuate Collection Set: 0.4ms
[2025-06-03T15:45:32.021+0530][94.780s] GC(512)   Post Evacuate Collection Set: 0.5ms
[2025-06-03T15:45:32.021+0530][94.780s] GC(512)   Other: 0.2ms
[2025-06-03T15:45:32.021+0530][94.780s] GC(512) Eden regions: 306->0(306)
[2025-06-03T15:45:32.021+0530][94.780s] GC(512) Survivor regions: 1->1(39)
[2025-06-03T15:45:32.021+0530][94.780s] GC(512) Old regions: 9->9
[2025-06-03T15:45:32.021+0530][94.780s] GC(512) Archive regions: 2->2
[2025-06-03T15:45:32.021+0530][94.780s] GC(512) Humongous regions: 0->0
[2025-06-03T15:45:32.021+0530][94.780s] GC(512) Metaspace: 20455K(20928K)->20455K(20928K) NonClass: 17871K(18112K)->17871K(18112K) Class: 2584K(2816K)->2584K(2816K)
[2025-06-03T15:45:32.021+0530][94.780s] GC(512) Pause Young (Normal) (G1 Evacuation Pause) 315M->9M(512M) 1.467ms
[2025-06-03T15:45:32.021+0530][94.780s] GC(512) User=0.01s Sys=0.00s Real=0.00s
[2025-06-03T15:45:32.204+0530][94.963s] GC(513) Pause Young (Normal) (G1 Evacuation Pause)
[2025-06-03T15:45:32.204+0530][94.963s] GC(513) Using 8 workers of 8 for evacuation
[2025-06-03T15:45:32.204+0530][94.963s] GC(513) Skipped phase 1 of Reference Processing: no references
[2025-06-03T15:45:32.205+0530][94.963s] GC(513) Skipped phase 2 of Reference Processing: no references
[2025-06-03T15:45:32.205+0530][94.963s] GC(513) Skipped phase 3 of Reference Processing: no references
[2025-06-03T15:45:32.205+0530][94.963s] GC(513) Skipped phase 4 of Reference Processing: no references
[2025-06-03T15:45:32.205+0530][94.964s] GC(513)   Pre Evacuate Collection Set: 0.1ms
[2025-06-03T15:45:32.205+0530][94.964s] GC(513)   Merge Heap Roots: 0.1ms
[2025-06-03T15:45:32.205+0530][94.964s] GC(513)   Evacuate Collection Set: 0.3ms
[2025-06-03T15:45:32.205+0530][94.964s] GC(513)   Post Evacuate Collection Set: 0.6ms
[2025-06-03T15:45:32.205+0530][94.964s] GC(513)   Other: 0.2ms
[2025-06-03T15:45:32.205+0530][94.964s] GC(513) Eden regions: 306->0(306)
[2025-06-03T15:45:32.205+0530][94.964s] GC(513) Survivor regions: 1->1(39)
[2025-06-03T15:45:32.205+0530][94.964s] GC(513) Old regions: 9->9
[2025-06-03T15:45:32.205+0530][94.964s] GC(513) Archive regions: 2->2
[2025-06-03T15:45:32.205+0530][94.964s] GC(513) Humongous regions: 0->0
[2025-06-03T15:45:32.205+0530][94.964s] GC(513) Metaspace: 20455K(20928K)->20455K(20928K) NonClass: 17871K(18112K)->17871K(18112K) Class: 2584K(2816K)->2584K(2816K)
[2025-06-03T15:45:32.205+0530][94.964s] GC(513) Pause Young (Normal) (G1 Evacuation Pause) 315M->9M(512M) 1.502ms
[2025-06-03T15:45:32.205+0530][94.964s] GC(513) User=0.00s Sys=0.01s Real=0.00s
[2025-06-03T15:45:32.353+0530][95.112s] GC(514) Pause Young (Normal) (G1 Evacuation Pause)
[2025-06-03T15:45:32.353+0530][95.112s] GC(514) Using 8 workers of 8 for evacuation
[2025-06-03T15:45:32.354+0530][95.113s] GC(514) Skipped phase 1 of Reference Processing: no references
[2025-06-03T15:45:32.354+0530][95.113s] GC(514) Skipped phase 2 of Reference Processing: no references
[2025-06-03T15:45:32.354+0530][95.113s] GC(514) Skipped phase 3 of Reference Processing: no references
[2025-06-03T15:45:32.354+0530][95.113s] GC(514) Skipped phase 4 of Reference Processing: no references
[2025-06-03T15:45:32.354+0530][95.113s] GC(514)   Pre Evacuate Collection Set: 0.1ms
[2025-06-03T15:45:32.354+0530][95.113s] GC(514)   Merge Heap Roots: 0.1ms
[2025-06-03T15:45:32.354+0530][95.113s] GC(514)   Evacuate Collection Set: 0.3ms
[2025-06-03T15:45:32.354+0530][95.113s] GC(514)   Post Evacuate Collection Set: 0.5ms
[2025-06-03T15:45:32.354+0530][95.113s] GC(514)   Other: 0.2ms
[2025-06-03T15:45:32.355+0530][95.113s] GC(514) Eden regions: 306->0(306)
[2025-06-03T15:45:32.355+0530][95.113s] GC(514) Survivor regions: 1->1(39)
[2025-06-03T15:45:32.355+0530][95.113s] GC(514) Old regions: 9->9
[2025-06-03T15:45:32.355+0530][95.113s] GC(514) Archive regions: 2->2
[2025-06-03T15:45:32.355+0530][95.113s] GC(514) Humongous regions: 0->0
[2025-06-03T15:45:32.355+0530][95.113s] GC(514) Metaspace: 20455K(20928K)->20455K(20928K) NonClass: 17871K(18112K)->17871K(18112K) Class: 2584K(2816K)->2584K(2816K)
[2025-06-03T15:45:32.355+0530][95.113s] GC(514) Pause Young (Normal) (G1 Evacuation Pause) 315M->9M(512M) 1.401ms
[2025-06-03T15:45:32.355+0530][95.113s] GC(514) User=0.00s Sys=0.00s Real=0.00s
[2025-06-03T15:45:32.503+0530][95.262s] GC(515) Pause Young (Normal) (G1 Evacuation Pause)
[2025-06-03T15:45:32.503+0530][95.262s] GC(515) Using 8 workers of 8 for evacuation
[2025-06-03T15:45:32.504+0530][95.263s] GC(515) Skipped phase 1 of Reference Processing: no references
[2025-06-03T15:45:32.504+0530][95.263s] GC(515) Skipped phase 2 of Reference Processing: no references
[2025-06-03T15:45:32.504+0530][95.263s] GC(515) Skipped phase 3 of Reference Processing: no references
[2025-06-03T15:45:32.504+0530][95.263s] GC(515) Skipped phase 4 of Reference Processing: no references
[2025-06-03T15:45:32.504+0530][95.263s] GC(515)   Pre Evacuate Collection Set: 0.1ms
[2025-06-03T15:45:32.504+0530][95.263s] GC(515)   Merge Heap Roots: 0.1ms
[2025-06-03T15:45:32.504+0530][95.263s] GC(515)   Evacuate Collection Set: 0.3ms
[2025-06-03T15:45:32.504+0530][95.263s] GC(515)   Post Evacuate Collection Set: 0.5ms
[2025-06-03T15:45:32.504+0530][95.263s] GC(515)   Other: 0.2ms
[2025-06-03T15:45:32.504+0530][95.263s] GC(515) Eden regions: 306->0(306)
[2025-06-03T15:45:32.504+0530][95.263s] GC(515) Survivor regions: 1->1(39)
[2025-06-03T15:45:32.505+0530][95.263s] GC(515) Old regions: 9->9
[2025-06-03T15:45:32.505+0530][95.263s] GC(515) Archive regions: 2->2
[2025-06-03T15:45:32.505+0530][95.263s] GC(515) Humongous regions: 0->0
[2025-06-03T15:45:32.505+0530][95.263s] GC(515) Metaspace: 20455K(20928K)->20455K(20928K) NonClass: 17871K(18112K)->17871K(18112K) Class: 2584K(2816K)->2584K(2816K)
[2025-06-03T15:45:32.505+0530][95.263s] GC(515) Pause Young (Normal) (G1 Evacuation Pause) 315M->9M(512M) 1.294ms
[2025-06-03T15:45:32.505+0530][95.263s] GC(515) User=0.00s Sys=0.00s Real=0.00s
[2025-06-03T15:45:32.670+0530][95.429s] GC(516) Pause Young (Normal) (G1 Evacuation Pause)
[2025-06-03T15:45:32.670+0530][95.429s] GC(516) Using 8 workers of 8 for evacuation
[2025-06-03T15:45:32.671+0530][95.429s] GC(516) Skipped phase 1 of Reference Processing: no references
[2025-06-03T15:45:32.671+0530][95.429s] GC(516) Skipped phase 2 of Reference Processing: no references
[2025-06-03T15:45:32.671+0530][95.429s] GC(516) Skipped phase 3 of Reference Processing: no references
[2025-06-03T15:45:32.671+0530][95.429s] GC(516) Skipped phase 4 of Reference Processing: no references
[2025-06-03T15:45:32.671+0530][95.430s] GC(516)   Pre Evacuate Collection Set: 0.1ms
[2025-06-03T15:45:32.671+0530][95.430s] GC(516)   Merge Heap Roots: 0.1ms
[2025-06-03T15:45:32.671+0530][95.430s] GC(516)   Evacuate Collection Set: 0.2ms
[2025-06-03T15:45:32.671+0530][95.430s] GC(516)   Post Evacuate Collection Set: 0.4ms
[2025-06-03T15:45:32.671+0530][95.430s] GC(516)   Other: 0.2ms
[2025-06-03T15:45:32.671+0530][95.430s] GC(516) Eden regions: 306->0(306)
[2025-06-03T15:45:32.671+0530][95.430s] GC(516) Survivor regions: 1->1(39)
[2025-06-03T15:45:32.671+0530][95.430s] GC(516) Old regions: 9->9
[2025-06-03T15:45:32.671+0530][95.430s] GC(516) Archive regions: 2->2
[2025-06-03T15:45:32.671+0530][95.430s] GC(516) Humongous regions: 0->0
[2025-06-03T15:45:32.671+0530][95.430s] GC(516) Metaspace: 20455K(20928K)->20455K(20928K) NonClass: 17871K(18112K)->17871K(18112K) Class: 2584K(2816K)->2584K(2816K)
[2025-06-03T15:45:32.671+0530][95.430s] GC(516) Pause Young (Normal) (G1 Evacuation Pause) 315M->9M(512M) 1.204ms
[2025-06-03T15:45:32.671+0530][95.430s] GC(516) User=0.01s Sys=0.00s Real=0.00s
[2025-06-03T15:45:32.818+0530][95.577s] GC(517) Pause Young (Normal) (G1 Evacuation Pause)
[2025-06-03T15:45:32.818+0530][95.577s] GC(517) Using 8 workers of 8 for evacuation
[2025-06-03T15:45:32.818+0530][95.577s] GC(517) Skipped phase 1 of Reference Processing: no references
[2025-06-03T15:45:32.819+0530][95.577s] GC(517) Skipped phase 2 of Reference Processing: no references
[2025-06-03T15:45:32.819+0530][95.577s] GC(517) Skipped phase 3 of Reference Processing: no references
[2025-06-03T15:45:32.819+0530][95.577s] GC(517) Skipped phase 4 of Reference Processing: no references
[2025-06-03T15:45:32.819+0530][95.578s] GC(517)   Pre Evacuate Collection Set: 0.1ms
[2025-06-03T15:45:32.819+0530][95.578s] GC(517)   Merge Heap Roots: 0.1ms
[2025-06-03T15:45:32.819+0530][95.578s] GC(517)   Evacuate Collection Set: 0.2ms
[2025-06-03T15:45:32.819+0530][95.578s] GC(517)   Post Evacuate Collection Set: 0.5ms
[2025-06-03T15:45:32.819+0530][95.578s] GC(517)   Other: 0.2ms
[2025-06-03T15:45:32.819+0530][95.578s] GC(517) Eden regions: 306->0(306)
[2025-06-03T15:45:32.819+0530][95.578s] GC(517) Survivor regions: 1->1(39)
[2025-06-03T15:45:32.819+0530][95.578s] GC(517) Old regions: 9->9
[2025-06-03T15:45:32.819+0530][95.578s] GC(517) Archive regions: 2->2
[2025-06-03T15:45:32.819+0530][95.578s] GC(517) Humongous regions: 0->0
[2025-06-03T15:45:32.819+0530][95.578s] GC(517) Metaspace: 20455K(20928K)->20455K(20928K) NonClass: 17871K(18112K)->17871K(18112K) Class: 2584K(2816K)->2584K(2816K)
[2025-06-03T15:45:32.819+0530][95.578s] GC(517) Pause Young (Normal) (G1 Evacuation Pause) 315M->9M(512M) 1.331ms
[2025-06-03T15:45:32.819+0530][95.578s] GC(517) User=0.01s Sys=0.01s Real=0.00s
[2025-06-03T15:45:32.967+0530][95.726s] GC(518) Pause Young (Normal) (G1 Evacuation Pause)
[2025-06-03T15:45:32.967+0530][95.726s] GC(518) Using 8 workers of 8 for evacuation
[2025-06-03T15:45:32.968+0530][95.726s] GC(518) Skipped phase 1 of Reference Processing: no references
[2025-06-03T15:45:32.968+0530][95.726s] GC(518) Skipped phase 2 of Reference Processing: no references
[2025-06-03T15:45:32.968+0530][95.726s] GC(518) Skipped phase 3 of Reference Processing: no references
[2025-06-03T15:45:32.968+0530][95.726s] GC(518) Skipped phase 4 of Reference Processing: no references
[2025-06-03T15:45:32.968+0530][95.727s] GC(518)   Pre Evacuate Collection Set: 0.1ms
[2025-06-03T15:45:32.968+0530][95.727s] GC(518)   Merge Heap Roots: 0.1ms
[2025-06-03T15:45:32.968+0530][95.727s] GC(518)   Evacuate Collection Set: 0.2ms
[2025-06-03T15:45:32.968+0530][95.727s] GC(518)   Post Evacuate Collection Set: 0.5ms
[2025-06-03T15:45:32.968+0530][95.727s] GC(518)   Other: 0.2ms
[2025-06-03T15:45:32.968+0530][95.727s] GC(518) Eden regions: 306->0(306)
[2025-06-03T15:45:32.968+0530][95.727s] GC(518) Survivor regions: 1->1(39)
[2025-06-03T15:45:32.968+0530][95.727s] GC(518) Old regions: 9->9
[2025-06-03T15:45:32.968+0530][95.727s] GC(518) Archive regions: 2->2
[2025-06-03T15:45:32.968+0530][95.727s] GC(518) Humongous regions: 0->0
[2025-06-03T15:45:32.968+0530][95.727s] GC(518) Metaspace: 20455K(20928K)->20455K(20928K) NonClass: 17871K(18112K)->17871K(18112K) Class: 2584K(2816K)->2584K(2816K)
[2025-06-03T15:45:32.968+0530][95.727s] GC(518) Pause Young (Normal) (G1 Evacuation Pause) 315M->9M(512M) 1.156ms
[2025-06-03T15:45:32.968+0530][95.727s] GC(518) User=0.00s Sys=0.00s Real=0.00s
[2025-06-03T15:45:33.115+0530][95.874s] GC(519) Pause Young (Normal) (G1 Evacuation Pause)
[2025-06-03T15:45:33.115+0530][95.874s] GC(519) Using 8 workers of 8 for evacuation
[2025-06-03T15:45:33.116+0530][95.874s] GC(519) Skipped phase 1 of Reference Processing: no references
[2025-06-03T15:45:33.116+0530][95.874s] GC(519) Skipped phase 2 of Reference Processing: no references
[2025-06-03T15:45:33.116+0530][95.874s] GC(519) Skipped phase 3 of Reference Processing: no references
[2025-06-03T15:45:33.116+0530][95.874s] GC(519) Skipped phase 4 of Reference Processing: no references
[2025-06-03T15:45:33.116+0530][95.875s] GC(519)   Pre Evacuate Collection Set: 0.1ms
[2025-06-03T15:45:33.116+0530][95.875s] GC(519)   Merge Heap Roots: 0.1ms
[2025-06-03T15:45:33.116+0530][95.875s] GC(519)   Evacuate Collection Set: 0.3ms
[2025-06-03T15:45:33.116+0530][95.875s] GC(519)   Post Evacuate Collection Set: 0.4ms
[2025-06-03T15:45:33.116+0530][95.875s] GC(519)   Other: 0.2ms
[2025-06-03T15:45:33.116+0530][95.875s] GC(519) Eden regions: 306->0(306)
[2025-06-03T15:45:33.116+0530][95.875s] GC(519) Survivor regions: 1->1(39)
[2025-06-03T15:45:33.116+0530][95.875s] GC(519) Old regions: 9->9
[2025-06-03T15:45:33.116+0530][95.875s] GC(519) Archive regions: 2->2
[2025-06-03T15:45:33.116+0530][95.875s] GC(519) Humongous regions: 0->0
[2025-06-03T15:45:33.116+0530][95.875s] GC(519) Metaspace: 20455K(20928K)->20455K(20928K) NonClass: 17871K(18112K)->17871K(18112K) Class: 2584K(2816K)->2584K(2816K)
[2025-06-03T15:45:33.116+0530][95.875s] GC(519) Pause Young (Normal) (G1 Evacuation Pause) 315M->9M(512M) 1.314ms
[2025-06-03T15:45:33.116+0530][95.875s] GC(519) User=0.00s Sys=0.00s Real=0.00s
[2025-06-03T15:45:33.264+0530][96.023s] GC(520) Pause Young (Normal) (G1 Evacuation Pause)
[2025-06-03T15:45:33.264+0530][96.023s] GC(520) Using 8 workers of 8 for evacuation
[2025-06-03T15:45:33.265+0530][96.023s] GC(520) Skipped phase 1 of Reference Processing: no references
[2025-06-03T15:45:33.265+0530][96.024s] GC(520) Skipped phase 2 of Reference Processing: no references
[2025-06-03T15:45:33.265+0530][96.024s] GC(520) Skipped phase 3 of Reference Processing: no references
[2025-06-03T15:45:33.265+0530][96.024s] GC(520) Skipped phase 4 of Reference Processing: no references
[2025-06-03T15:45:33.265+0530][96.024s] GC(520)   Pre Evacuate Collection Set: 0.1ms
[2025-06-03T15:45:33.265+0530][96.024s] GC(520)   Merge Heap Roots: 0.1ms
[2025-06-03T15:45:33.265+0530][96.024s] GC(520)   Evacuate Collection Set: 0.3ms
[2025-06-03T15:45:33.265+0530][96.024s] GC(520)   Post Evacuate Collection Set: 0.5ms
[2025-06-03T15:45:33.265+0530][96.024s] GC(520)   Other: 0.2ms
[2025-06-03T15:45:33.265+0530][96.024s] GC(520) Eden regions: 306->0(306)
[2025-06-03T15:45:33.265+0530][96.024s] GC(520) Survivor regions: 1->1(39)
[2025-06-03T15:45:33.265+0530][96.024s] GC(520) Old regions: 9->9
[2025-06-03T15:45:33.265+0530][96.024s] GC(520) Archive regions: 2->2
[2025-06-03T15:45:33.265+0530][96.024s] GC(520) Humongous regions: 0->0
[2025-06-03T15:45:33.265+0530][96.024s] GC(520) Metaspace: 20455K(20928K)->20455K(20928K) NonClass: 17871K(18112K)->17871K(18112K) Class: 2584K(2816K)->2584K(2816K)
[2025-06-03T15:45:33.266+0530][96.024s] GC(520) Pause Young (Normal) (G1 Evacuation Pause) 315M->9M(512M) 1.327ms
[2025-06-03T15:45:33.266+0530][96.024s] GC(520) User=0.00s Sys=0.01s Real=0.00s
[2025-06-03T15:45:33.412+0530][96.171s] GC(521) Pause Young (Normal) (G1 Evacuation Pause)
[2025-06-03T15:45:33.412+0530][96.171s] GC(521) Using 8 workers of 8 for evacuation
[2025-06-03T15:45:33.413+0530][96.171s] GC(521) Skipped phase 1 of Reference Processing: no references
[2025-06-03T15:45:33.413+0530][96.171s] GC(521) Skipped phase 2 of Reference Processing: no references
[2025-06-03T15:45:33.413+0530][96.171s] GC(521) Skipped phase 3 of Reference Processing: no references
[2025-06-03T15:45:33.413+0530][96.171s] GC(521) Skipped phase 4 of Reference Processing: no references
[2025-06-03T15:45:33.413+0530][96.172s] GC(521)   Pre Evacuate Collection Set: 0.1ms
[2025-06-03T15:45:33.413+0530][96.172s] GC(521)   Merge Heap Roots: 0.1ms
[2025-06-03T15:45:33.413+0530][96.172s] GC(521)   Evacuate Collection Set: 0.2ms
[2025-06-03T15:45:33.413+0530][96.172s] GC(521)   Post Evacuate Collection Set: 0.5ms
[2025-06-03T15:45:33.413+0530][96.172s] GC(521)   Other: 0.2ms
[2025-06-03T15:45:33.413+0530][96.172s] GC(521) Eden regions: 306->0(306)
[2025-06-03T15:45:33.413+0530][96.172s] GC(521) Survivor regions: 1->1(39)
[2025-06-03T15:45:33.413+0530][96.172s] GC(521) Old regions: 9->9
[2025-06-03T15:45:33.413+0530][96.172s] GC(521) Archive regions: 2->2
[2025-06-03T15:45:33.413+0530][96.172s] GC(521) Humongous regions: 0->0
[2025-06-03T15:45:33.413+0530][96.172s] GC(521) Metaspace: 20455K(20928K)->20455K(20928K) NonClass: 17871K(18112K)->17871K(18112K) Class: 2584K(2816K)->2584K(2816K)
[2025-06-03T15:45:33.413+0530][96.172s] GC(521) Pause Young (Normal) (G1 Evacuation Pause) 315M->9M(512M) 1.193ms
[2025-06-03T15:45:33.413+0530][96.172s] GC(521) User=0.00s Sys=0.00s Real=0.00s
[2025-06-03T15:45:33.564+0530][96.323s] GC(522) Pause Young (Normal) (G1 Evacuation Pause)
[2025-06-03T15:45:33.564+0530][96.323s] GC(522) Using 8 workers of 8 for evacuation
[2025-06-03T15:45:33.564+0530][96.323s] GC(522) Skipped phase 1 of Reference Processing: no references
[2025-06-03T15:45:33.564+0530][96.323s] GC(522) Skipped phase 2 of Reference Processing: no references
[2025-06-03T15:45:33.564+0530][96.323s] GC(522) Skipped phase 3 of Reference Processing: no references
[2025-06-03T15:45:33.564+0530][96.323s] GC(522) Skipped phase 4 of Reference Processing: no references
[2025-06-03T15:45:33.565+0530][96.324s] GC(522)   Pre Evacuate Collection Set: 0.1ms
[2025-06-03T15:45:33.565+0530][96.324s] GC(522)   Merge Heap Roots: 0.1ms
[2025-06-03T15:45:33.565+0530][96.324s] GC(522)   Evacuate Collection Set: 0.2ms
[2025-06-03T15:45:33.565+0530][96.324s] GC(522)   Post Evacuate Collection Set: 0.5ms
[2025-06-03T15:45:33.565+0530][96.324s] GC(522)   Other: 0.2ms
[2025-06-03T15:45:33.565+0530][96.324s] GC(522) Eden regions: 306->0(306)
[2025-06-03T15:45:33.565+0530][96.324s] GC(522) Survivor regions: 1->1(39)
[2025-06-03T15:45:33.565+0530][96.324s] GC(522) Old regions: 9->9
[2025-06-03T15:45:33.565+0530][96.324s] GC(522) Archive regions: 2->2
[2025-06-03T15:45:33.565+0530][96.324s] GC(522) Humongous regions: 0->0
[2025-06-03T15:45:33.565+0530][96.324s] GC(522) Metaspace: 20455K(20928K)->20455K(20928K) NonClass: 17871K(18112K)->17871K(18112K) Class: 2584K(2816K)->2584K(2816K)
[2025-06-03T15:45:33.565+0530][96.324s] GC(522) Pause Young (Normal) (G1 Evacuation Pause) 315M->9M(512M) 1.326ms
[2025-06-03T15:45:33.565+0530][96.324s] GC(522) User=0.00s Sys=0.00s Real=0.00s
[2025-06-03T15:45:33.711+0530][96.470s] GC(523) Pause Young (Normal) (G1 Evacuation Pause)
[2025-06-03T15:45:33.711+0530][96.470s] GC(523) Using 8 workers of 8 for evacuation
[2025-06-03T15:45:33.712+0530][96.470s] GC(523) Skipped phase 1 of Reference Processing: no references
[2025-06-03T15:45:33.712+0530][96.470s] GC(523) Skipped phase 2 of Reference Processing: no references
[2025-06-03T15:45:33.712+0530][96.470s] GC(523) Skipped phase 3 of Reference Processing: no references
[2025-06-03T15:45:33.712+0530][96.470s] GC(523) Skipped phase 4 of Reference Processing: no references
[2025-06-03T15:45:33.712+0530][96.471s] GC(523)   Pre Evacuate Collection Set: 0.1ms
[2025-06-03T15:45:33.712+0530][96.471s] GC(523)   Merge Heap Roots: 0.1ms
[2025-06-03T15:45:33.712+0530][96.471s] GC(523)   Evacuate Collection Set: 0.2ms
[2025-06-03T15:45:33.712+0530][96.471s] GC(523)   Post Evacuate Collection Set: 0.5ms
[2025-06-03T15:45:33.712+0530][96.471s] GC(523)   Other: 0.2ms
[2025-06-03T15:45:33.712+0530][96.471s] GC(523) Eden regions: 306->0(306)
[2025-06-03T15:45:33.712+0530][96.471s] GC(523) Survivor regions: 1->1(39)
[2025-06-03T15:45:33.712+0530][96.471s] GC(523) Old regions: 9->9
[2025-06-03T15:45:33.712+0530][96.471s] GC(523) Archive regions: 2->2
[2025-06-03T15:45:33.712+0530][96.471s] GC(523) Humongous regions: 0->0
[2025-06-03T15:45:33.712+0530][96.471s] GC(523) Metaspace: 20455K(20928K)->20455K(20928K) NonClass: 17871K(18112K)->17871K(18112K) Class: 2584K(2816K)->2584K(2816K)
[2025-06-03T15:45:33.712+0530][96.471s] GC(523) Pause Young (Normal) (G1 Evacuation Pause) 315M->9M(512M) 1.218ms
[2025-06-03T15:45:33.712+0530][96.471s] GC(523) User=0.00s Sys=0.00s Real=0.00s
[2025-06-03T15:45:33.863+0530][96.622s] GC(524) Pause Young (Normal) (G1 Evacuation Pause)
[2025-06-03T15:45:33.863+0530][96.622s] GC(524) Using 8 workers of 8 for evacuation
[2025-06-03T15:45:33.863+0530][96.622s] GC(524) Skipped phase 1 of Reference Processing: no references
[2025-06-03T15:45:33.863+0530][96.622s] GC(524) Skipped phase 2 of Reference Processing: no references
[2025-06-03T15:45:33.863+0530][96.622s] GC(524) Skipped phase 3 of Reference Processing: no references
[2025-06-03T15:45:33.864+0530][96.622s] GC(524) Skipped phase 4 of Reference Processing: no references
[2025-06-03T15:45:33.864+0530][96.623s] GC(524)   Pre Evacuate Collection Set: 0.1ms
[2025-06-03T15:45:33.864+0530][96.623s] GC(524)   Merge Heap Roots: 0.1ms
[2025-06-03T15:45:33.864+0530][96.623s] GC(524)   Evacuate Collection Set: 0.3ms
[2025-06-03T15:45:33.864+0530][96.623s] GC(524)   Post Evacuate Collection Set: 0.6ms
[2025-06-03T15:45:33.864+0530][96.623s] GC(524)   Other: 0.2ms
[2025-06-03T15:45:33.864+0530][96.623s] GC(524) Eden regions: 306->0(306)
[2025-06-03T15:45:33.864+0530][96.623s] GC(524) Survivor regions: 1->1(39)
[2025-06-03T15:45:33.864+0530][96.623s] GC(524) Old regions: 9->9
[2025-06-03T15:45:33.864+0530][96.623s] GC(524) Archive regions: 2->2
[2025-06-03T15:45:33.864+0530][96.623s] GC(524) Humongous regions: 0->0
[2025-06-03T15:45:33.864+0530][96.623s] GC(524) Metaspace: 20455K(20928K)->20455K(20928K) NonClass: 17871K(18112K)->17871K(18112K) Class: 2584K(2816K)->2584K(2816K)
[2025-06-03T15:45:33.864+0530][96.623s] GC(524) Pause Young (Normal) (G1 Evacuation Pause) 315M->9M(512M) 1.653ms
[2025-06-03T15:45:33.864+0530][96.623s] GC(524) User=0.00s Sys=0.00s Real=0.00s
[2025-06-03T15:45:34.028+0530][96.787s] GC(525) Pause Young (Normal) (G1 Evacuation Pause)
[2025-06-03T15:45:34.028+0530][96.787s] GC(525) Using 8 workers of 8 for evacuation
[2025-06-03T15:45:34.029+0530][96.788s] GC(525) Skipped phase 1 of Reference Processing: no references
[2025-06-03T15:45:34.029+0530][96.788s] GC(525) Skipped phase 2 of Reference Processing: no references
[2025-06-03T15:45:34.029+0530][96.788s] GC(525) Skipped phase 3 of Reference Processing: no references
[2025-06-03T15:45:34.029+0530][96.788s] GC(525) Skipped phase 4 of Reference Processing: no references
[2025-06-03T15:45:34.029+0530][96.788s] GC(525)   Pre Evacuate Collection Set: 0.1ms
[2025-06-03T15:45:34.029+0530][96.788s] GC(525)   Merge Heap Roots: 0.1ms
[2025-06-03T15:45:34.029+0530][96.788s] GC(525)   Evacuate Collection Set: 0.2ms
[2025-06-03T15:45:34.030+0530][96.788s] GC(525)   Post Evacuate Collection Set: 0.5ms
[2025-06-03T15:45:34.030+0530][96.788s] GC(525)   Other: 0.2ms
[2025-06-03T15:45:34.030+0530][96.788s] GC(525) Eden regions: 306->0(306)
[2025-06-03T15:45:34.030+0530][96.788s] GC(525) Survivor regions: 1->1(39)
[2025-06-03T15:45:34.030+0530][96.788s] GC(525) Old regions: 9->9
[2025-06-03T15:45:34.030+0530][96.788s] GC(525) Archive regions: 2->2
[2025-06-03T15:45:34.030+0530][96.788s] GC(525) Humongous regions: 0->0
[2025-06-03T15:45:34.030+0530][96.788s] GC(525) Metaspace: 20455K(20928K)->20455K(20928K) NonClass: 17871K(18112K)->17871K(18112K) Class: 2584K(2816K)->2584K(2816K)
[2025-06-03T15:45:34.030+0530][96.788s] GC(525) Pause Young (Normal) (G1 Evacuation Pause) 315M->9M(512M) 1.261ms
[2025-06-03T15:45:34.030+0530][96.788s] GC(525) User=0.00s Sys=0.00s Real=0.01s
[2025-06-03T15:45:34.193+0530][96.952s] GC(526) Pause Young (Normal) (G1 Evacuation Pause)
[2025-06-03T15:45:34.193+0530][96.952s] GC(526) Using 8 workers of 8 for evacuation
[2025-06-03T15:45:34.193+0530][96.952s] GC(526) Skipped phase 1 of Reference Processing: no references
[2025-06-03T15:45:34.193+0530][96.952s] GC(526) Skipped phase 2 of Reference Processing: no references
[2025-06-03T15:45:34.194+0530][96.952s] GC(526) Skipped phase 3 of Reference Processing: no references
[2025-06-03T15:45:34.194+0530][96.952s] GC(526) Skipped phase 4 of Reference Processing: no references
[2025-06-03T15:45:34.194+0530][96.953s] GC(526)   Pre Evacuate Collection Set: 0.1ms
[2025-06-03T15:45:34.194+0530][96.953s] GC(526)   Merge Heap Roots: 0.1ms
[2025-06-03T15:45:34.194+0530][96.953s] GC(526)   Evacuate Collection Set: 0.2ms
[2025-06-03T15:45:34.194+0530][96.953s] GC(526)   Post Evacuate Collection Set: 0.4ms
[2025-06-03T15:45:34.194+0530][96.953s] GC(526)   Other: 0.1ms
[2025-06-03T15:45:34.194+0530][96.953s] GC(526) Eden regions: 306->0(306)
[2025-06-03T15:45:34.194+0530][96.953s] GC(526) Survivor regions: 1->1(39)
[2025-06-03T15:45:34.194+0530][96.953s] GC(526) Old regions: 9->9
[2025-06-03T15:45:34.194+0530][96.953s] GC(526) Archive regions: 2->2
[2025-06-03T15:45:34.194+0530][96.953s] GC(526) Humongous regions: 0->0
[2025-06-03T15:45:34.194+0530][96.953s] GC(526) Metaspace: 20455K(20928K)->20455K(20928K) NonClass: 17871K(18112K)->17871K(18112K) Class: 2584K(2816K)->2584K(2816K)
[2025-06-03T15:45:34.194+0530][96.953s] GC(526) Pause Young (Normal) (G1 Evacuation Pause) 315M->9M(512M) 1.167ms
[2025-06-03T15:45:34.194+0530][96.953s] GC(526) User=0.00s Sys=0.00s Real=0.00s
[2025-06-03T15:45:34.349+0530][97.108s] GC(527) Pause Young (Normal) (G1 Evacuation Pause)
[2025-06-03T15:45:34.349+0530][97.108s] GC(527) Using 8 workers of 8 for evacuation
[2025-06-03T15:45:34.350+0530][97.109s] GC(527) Skipped phase 1 of Reference Processing: no references
[2025-06-03T15:45:34.350+0530][97.109s] GC(527) Skipped phase 2 of Reference Processing: no references
[2025-06-03T15:45:34.350+0530][97.109s] GC(527) Skipped phase 3 of Reference Processing: no references
[2025-06-03T15:45:34.350+0530][97.109s] GC(527) Skipped phase 4 of Reference Processing: no references
[2025-06-03T15:45:34.350+0530][97.109s] GC(527)   Pre Evacuate Collection Set: 0.1ms
[2025-06-03T15:45:34.350+0530][97.109s] GC(527)   Merge Heap Roots: 0.1ms
[2025-06-03T15:45:34.350+0530][97.109s] GC(527)   Evacuate Collection Set: 0.3ms
[2025-06-03T15:45:34.350+0530][97.109s] GC(527)   Post Evacuate Collection Set: 0.5ms
[2025-06-03T15:45:34.350+0530][97.109s] GC(527)   Other: 0.2ms
[2025-06-03T15:45:34.350+0530][97.109s] GC(527) Eden regions: 306->0(306)
[2025-06-03T15:45:34.350+0530][97.109s] GC(527) Survivor regions: 1->1(39)
[2025-06-03T15:45:34.351+0530][97.109s] GC(527) Old regions: 9->9
[2025-06-03T15:45:34.351+0530][97.109s] GC(527) Archive regions: 2->2
[2025-06-03T15:45:34.351+0530][97.109s] GC(527) Humongous regions: 0->0
[2025-06-03T15:45:34.351+0530][97.109s] GC(527) Metaspace: 20455K(20928K)->20455K(20928K) NonClass: 17871K(18112K)->17871K(18112K) Class: 2584K(2816K)->2584K(2816K)
[2025-06-03T15:45:34.351+0530][97.109s] GC(527) Pause Young (Normal) (G1 Evacuation Pause) 315M->9M(512M) 1.359ms
[2025-06-03T15:45:34.351+0530][97.109s] GC(527) User=0.00s Sys=0.00s Real=0.01s
[2025-06-03T15:45:34.524+0530][97.283s] GC(528) Pause Young (Normal) (G1 Evacuation Pause)
[2025-06-03T15:45:34.524+0530][97.283s] GC(528) Using 8 workers of 8 for evacuation
[2025-06-03T15:45:34.525+0530][97.284s] GC(528) Skipped phase 1 of Reference Processing: no references
[2025-06-03T15:45:34.525+0530][97.284s] GC(528) Skipped phase 2 of Reference Processing: no references
[2025-06-03T15:45:34.525+0530][97.284s] GC(528) Skipped phase 3 of Reference Processing: no references
[2025-06-03T15:45:34.525+0530][97.284s] GC(528) Skipped phase 4 of Reference Processing: no references
[2025-06-03T15:45:34.525+0530][97.284s] GC(528)   Pre Evacuate Collection Set: 0.1ms
[2025-06-03T15:45:34.525+0530][97.284s] GC(528)   Merge Heap Roots: 0.1ms
[2025-06-03T15:45:34.526+0530][97.284s] GC(528)   Evacuate Collection Set: 0.6ms
[2025-06-03T15:45:34.526+0530][97.284s] GC(528)   Post Evacuate Collection Set: 0.6ms
[2025-06-03T15:45:34.526+0530][97.284s] GC(528)   Other: 0.3ms
[2025-06-03T15:45:34.526+0530][97.284s] GC(528) Eden regions: 306->0(306)
[2025-06-03T15:45:34.526+0530][97.284s] GC(528) Survivor regions: 1->1(39)
[2025-06-03T15:45:34.526+0530][97.284s] GC(528) Old regions: 9->9
[2025-06-03T15:45:34.526+0530][97.284s] GC(528) Archive regions: 2->2
[2025-06-03T15:45:34.526+0530][97.284s] GC(528) Humongous regions: 0->0
[2025-06-03T15:45:34.526+0530][97.284s] GC(528) Metaspace: 20455K(20928K)->20455K(20928K) NonClass: 17871K(18112K)->17871K(18112K) Class: 2584K(2816K)->2584K(2816K)
[2025-06-03T15:45:34.526+0530][97.284s] GC(528) Pause Young (Normal) (G1 Evacuation Pause) 315M->9M(512M) 1.921ms
[2025-06-03T15:45:34.526+0530][97.285s] GC(528) User=0.00s Sys=0.01s Real=0.00s
[2025-06-03T15:45:34.756+0530][97.515s] GC(529) Pause Young (Normal) (G1 Evacuation Pause)
[2025-06-03T15:45:34.756+0530][97.515s] GC(529) Using 8 workers of 8 for evacuation
[2025-06-03T15:45:34.757+0530][97.516s] GC(529) Skipped phase 1 of Reference Processing: no references
[2025-06-03T15:45:34.757+0530][97.516s] GC(529) Skipped phase 2 of Reference Processing: no references
[2025-06-03T15:45:34.757+0530][97.516s] GC(529) Skipped phase 3 of Reference Processing: no references
[2025-06-03T15:45:34.757+0530][97.516s] GC(529) Skipped phase 4 of Reference Processing: no references
[2025-06-03T15:45:34.757+0530][97.516s] GC(529)   Pre Evacuate Collection Set: 0.1ms
[2025-06-03T15:45:34.757+0530][97.516s] GC(529)   Merge Heap Roots: 0.1ms
[2025-06-03T15:45:34.757+0530][97.516s] GC(529)   Evacuate Collection Set: 0.3ms
[2025-06-03T15:45:34.757+0530][97.516s] GC(529)   Post Evacuate Collection Set: 0.6ms
[2025-06-03T15:45:34.757+0530][97.516s] GC(529)   Other: 0.2ms
[2025-06-03T15:45:34.757+0530][97.516s] GC(529) Eden regions: 306->0(306)
[2025-06-03T15:45:34.758+0530][97.516s] GC(529) Survivor regions: 1->1(39)
[2025-06-03T15:45:34.758+0530][97.516s] GC(529) Old regions: 9->9
[2025-06-03T15:45:34.758+0530][97.516s] GC(529) Archive regions: 2->2
[2025-06-03T15:45:34.758+0530][97.516s] GC(529) Humongous regions: 0->0
[2025-06-03T15:45:34.758+0530][97.516s] GC(529) Metaspace: 20455K(20928K)->20455K(20928K) NonClass: 17871K(18112K)->17871K(18112K) Class: 2584K(2816K)->2584K(2816K)
[2025-06-03T15:45:34.758+0530][97.516s] GC(529) Pause Young (Normal) (G1 Evacuation Pause) 315M->9M(512M) 1.511ms
[2025-06-03T15:45:34.758+0530][97.516s] GC(529) User=0.00s Sys=0.00s Real=0.00s
[2025-06-03T15:45:34.940+0530][97.699s] GC(530) Pause Young (Normal) (G1 Evacuation Pause)
[2025-06-03T15:45:34.941+0530][97.699s] GC(530) Using 8 workers of 8 for evacuation
[2025-06-03T15:45:34.941+0530][97.700s] GC(530) Skipped phase 1 of Reference Processing: no references
[2025-06-03T15:45:34.941+0530][97.700s] GC(530) Skipped phase 2 of Reference Processing: no references
[2025-06-03T15:45:34.941+0530][97.700s] GC(530) Skipped phase 3 of Reference Processing: no references
[2025-06-03T15:45:34.941+0530][97.700s] GC(530) Skipped phase 4 of Reference Processing: no references
[2025-06-03T15:45:34.942+0530][97.700s] GC(530)   Pre Evacuate Collection Set: 0.1ms
[2025-06-03T15:45:34.942+0530][97.700s] GC(530)   Merge Heap Roots: 0.1ms
[2025-06-03T15:45:34.942+0530][97.700s] GC(530)   Evacuate Collection Set: 0.2ms
[2025-06-03T15:45:34.942+0530][97.700s] GC(530)   Post Evacuate Collection Set: 0.5ms
[2025-06-03T15:45:34.942+0530][97.700s] GC(530)   Other: 0.2ms
[2025-06-03T15:45:34.942+0530][97.700s] GC(530) Eden regions: 306->0(306)
[2025-06-03T15:45:34.942+0530][97.701s] GC(530) Survivor regions: 1->1(39)
[2025-06-03T15:45:34.942+0530][97.701s] GC(530) Old regions: 9->9
[2025-06-03T15:45:34.942+0530][97.701s] GC(530) Archive regions: 2->2
[2025-06-03T15:45:34.942+0530][97.701s] GC(530) Humongous regions: 0->0
[2025-06-03T15:45:34.942+0530][97.701s] GC(530) Metaspace: 20455K(20928K)->20455K(20928K) NonClass: 17871K(18112K)->17871K(18112K) Class: 2584K(2816K)->2584K(2816K)
[2025-06-03T15:45:34.942+0530][97.701s] GC(530) Pause Young (Normal) (G1 Evacuation Pause) 315M->9M(512M) 1.342ms
[2025-06-03T15:45:34.942+0530][97.701s] GC(530) User=0.00s Sys=0.00s Real=0.00s
[2025-06-03T15:45:35.116+0530][97.875s] GC(531) Pause Young (Normal) (G1 Evacuation Pause)
[2025-06-03T15:45:35.116+0530][97.875s] GC(531) Using 8 workers of 8 for evacuation
[2025-06-03T15:45:35.117+0530][97.875s] GC(531) Skipped phase 1 of Reference Processing: no references
[2025-06-03T15:45:35.117+0530][97.876s] GC(531) Skipped phase 2 of Reference Processing: no references
[2025-06-03T15:45:35.117+0530][97.876s] GC(531) Skipped phase 3 of Reference Processing: no references
[2025-06-03T15:45:35.117+0530][97.876s] GC(531) Skipped phase 4 of Reference Processing: no references
[2025-06-03T15:45:35.117+0530][97.876s] GC(531)   Pre Evacuate Collection Set: 0.1ms
[2025-06-03T15:45:35.117+0530][97.876s] GC(531)   Merge Heap Roots: 0.1ms
[2025-06-03T15:45:35.117+0530][97.876s] GC(531)   Evacuate Collection Set: 0.3ms
[2025-06-03T15:45:35.117+0530][97.876s] GC(531)   Post Evacuate Collection Set: 0.4ms
[2025-06-03T15:45:35.117+0530][97.876s] GC(531)   Other: 0.2ms
[2025-06-03T15:45:35.117+0530][97.876s] GC(531) Eden regions: 306->0(306)
[2025-06-03T15:45:35.117+0530][97.876s] GC(531) Survivor regions: 1->1(39)
[2025-06-03T15:45:35.117+0530][97.876s] GC(531) Old regions: 9->9
[2025-06-03T15:45:35.117+0530][97.876s] GC(531) Archive regions: 2->2
[2025-06-03T15:45:35.117+0530][97.876s] GC(531) Humongous regions: 0->0
[2025-06-03T15:45:35.117+0530][97.876s] GC(531) Metaspace: 20455K(20928K)->20455K(20928K) NonClass: 17871K(18112K)->17871K(18112K) Class: 2584K(2816K)->2584K(2816K)
[2025-06-03T15:45:35.117+0530][97.876s] GC(531) Pause Young (Normal) (G1 Evacuation Pause) 315M->9M(512M) 1.212ms
[2025-06-03T15:45:35.117+0530][97.876s] GC(531) User=0.00s Sys=0.00s Real=0.00s
[2025-06-03T15:45:35.347+0530][98.105s] GC(532) Pause Young (Normal) (G1 Evacuation Pause)
[2025-06-03T15:45:35.347+0530][98.106s] GC(532) Using 8 workers of 8 for evacuation
[2025-06-03T15:45:35.348+0530][98.107s] GC(532) Skipped phase 1 of Reference Processing: no references
[2025-06-03T15:45:35.348+0530][98.107s] GC(532) Skipped phase 2 of Reference Processing: no references
[2025-06-03T15:45:35.348+0530][98.107s] GC(532) Skipped phase 3 of Reference Processing: no references
[2025-06-03T15:45:35.348+0530][98.107s] GC(532) Skipped phase 4 of Reference Processing: no references
[2025-06-03T15:45:35.348+0530][98.107s] GC(532)   Pre Evacuate Collection Set: 0.1ms
[2025-06-03T15:45:35.349+0530][98.107s] GC(532)   Merge Heap Roots: 0.1ms
[2025-06-03T15:45:35.349+0530][98.107s] GC(532)   Evacuate Collection Set: 0.5ms
[2025-06-03T15:45:35.349+0530][98.107s] GC(532)   Post Evacuate Collection Set: 0.6ms
[2025-06-03T15:45:35.349+0530][98.107s] GC(532)   Other: 0.6ms
[2025-06-03T15:45:35.349+0530][98.107s] GC(532) Eden regions: 306->0(306)
[2025-06-03T15:45:35.349+0530][98.107s] GC(532) Survivor regions: 1->1(39)
[2025-06-03T15:45:35.349+0530][98.107s] GC(532) Old regions: 9->9
[2025-06-03T15:45:35.349+0530][98.107s] GC(532) Archive regions: 2->2
[2025-06-03T15:45:35.349+0530][98.107s] GC(532) Humongous regions: 0->0
[2025-06-03T15:45:35.349+0530][98.107s] GC(532) Metaspace: 20455K(20928K)->20455K(20928K) NonClass: 17871K(18112K)->17871K(18112K) Class: 2584K(2816K)->2584K(2816K)
[2025-06-03T15:45:35.349+0530][98.108s] GC(532) Pause Young (Normal) (G1 Evacuation Pause) 315M->9M(512M) 2.174ms
[2025-06-03T15:45:35.349+0530][98.108s] GC(532) User=0.00s Sys=0.00s Real=0.00s
[2025-06-03T15:45:35.659+0530][98.418s] GC(533) Pause Young (Normal) (G1 Evacuation Pause)
[2025-06-03T15:45:35.660+0530][98.418s] GC(533) Using 8 workers of 8 for evacuation
[2025-06-03T15:45:35.661+0530][98.419s] GC(533) Skipped phase 1 of Reference Processing: no references
[2025-06-03T15:45:35.661+0530][98.419s] GC(533) Skipped phase 2 of Reference Processing: no references
[2025-06-03T15:45:35.661+0530][98.419s] GC(533) Skipped phase 3 of Reference Processing: no references
[2025-06-03T15:45:35.661+0530][98.420s] GC(533) Skipped phase 4 of Reference Processing: no references
[2025-06-03T15:45:35.662+0530][98.420s] GC(533)   Pre Evacuate Collection Set: 0.1ms
[2025-06-03T15:45:35.662+0530][98.421s] GC(533)   Merge Heap Roots: 0.2ms
[2025-06-03T15:45:35.662+0530][98.421s] GC(533)   Evacuate Collection Set: 0.5ms
[2025-06-03T15:45:35.662+0530][98.421s] GC(533)   Post Evacuate Collection Set: 1.2ms
[2025-06-03T15:45:35.662+0530][98.421s] GC(533)   Other: 0.3ms
[2025-06-03T15:45:35.662+0530][98.421s] GC(533) Eden regions: 306->0(306)
[2025-06-03T15:45:35.662+0530][98.421s] GC(533) Survivor regions: 1->1(39)
[2025-06-03T15:45:35.662+0530][98.421s] GC(533) Old regions: 9->9
[2025-06-03T15:45:35.662+0530][98.421s] GC(533) Archive regions: 2->2
[2025-06-03T15:45:35.662+0530][98.421s] GC(533) Humongous regions: 0->0
[2025-06-03T15:45:35.662+0530][98.421s] GC(533) Metaspace: 20455K(20928K)->20455K(20928K) NonClass: 17871K(18112K)->17871K(18112K) Class: 2584K(2816K)->2584K(2816K)
[2025-06-03T15:45:35.663+0530][98.421s] GC(533) Pause Young (Normal) (G1 Evacuation Pause) 315M->9M(512M) 3.037ms
[2025-06-03T15:45:35.663+0530][98.421s] GC(533) User=0.00s Sys=0.00s Real=0.01s
[2025-06-03T15:45:35.937+0530][98.696s] GC(534) Pause Young (Normal) (G1 Evacuation Pause)
[2025-06-03T15:45:35.937+0530][98.696s] GC(534) Using 8 workers of 8 for evacuation
[2025-06-03T15:45:35.938+0530][98.697s] GC(534) Skipped phase 1 of Reference Processing: no references
[2025-06-03T15:45:35.938+0530][98.697s] GC(534) Skipped phase 2 of Reference Processing: no references
[2025-06-03T15:45:35.938+0530][98.697s] GC(534) Skipped phase 3 of Reference Processing: no references
[2025-06-03T15:45:35.938+0530][98.697s] GC(534) Skipped phase 4 of Reference Processing: no references
[2025-06-03T15:45:35.938+0530][98.697s] GC(534)   Pre Evacuate Collection Set: 0.1ms
[2025-06-03T15:45:35.939+0530][98.697s] GC(534)   Merge Heap Roots: 0.1ms
[2025-06-03T15:45:35.939+0530][98.697s] GC(534)   Evacuate Collection Set: 0.3ms
[2025-06-03T15:45:35.939+0530][98.697s] GC(534)   Post Evacuate Collection Set: 0.5ms
[2025-06-03T15:45:35.939+0530][98.698s] GC(534)   Other: 0.3ms
[2025-06-03T15:45:35.939+0530][98.698s] GC(534) Eden regions: 306->0(306)
[2025-06-03T15:45:35.939+0530][98.698s] GC(534) Survivor regions: 1->1(39)
[2025-06-03T15:45:35.939+0530][98.698s] GC(534) Old regions: 9->9
[2025-06-03T15:45:35.939+0530][98.698s] GC(534) Archive regions: 2->2
[2025-06-03T15:45:35.939+0530][98.698s] GC(534) Humongous regions: 0->0
[2025-06-03T15:45:35.939+0530][98.698s] GC(534) Metaspace: 20461K(20928K)->20461K(20928K) NonClass: 17876K(18112K)->17876K(18112K) Class: 2584K(2816K)->2584K(2816K)
[2025-06-03T15:45:35.939+0530][98.698s] GC(534) Pause Young (Normal) (G1 Evacuation Pause) 315M->9M(512M) 1.647ms
[2025-06-03T15:45:35.939+0530][98.698s] GC(534) User=0.00s Sys=0.00s Real=0.00s
[2025-06-03T15:45:36.110+0530][98.869s] GC(535) Pause Young (Normal) (G1 Evacuation Pause)
[2025-06-03T15:45:36.110+0530][98.869s] GC(535) Using 8 workers of 8 for evacuation
[2025-06-03T15:45:36.111+0530][98.869s] GC(535) Skipped phase 1 of Reference Processing: no references
[2025-06-03T15:45:36.111+0530][98.870s] GC(535) Skipped phase 2 of Reference Processing: no references
[2025-06-03T15:45:36.111+0530][98.870s] GC(535) Skipped phase 3 of Reference Processing: no references
[2025-06-03T15:45:36.111+0530][98.870s] GC(535) Skipped phase 4 of Reference Processing: no references
[2025-06-03T15:45:36.111+0530][98.870s] GC(535)   Pre Evacuate Collection Set: 0.1ms
[2025-06-03T15:45:36.111+0530][98.870s] GC(535)   Merge Heap Roots: 0.1ms
[2025-06-03T15:45:36.111+0530][98.870s] GC(535)   Evacuate Collection Set: 0.3ms
[2025-06-03T15:45:36.111+0530][98.870s] GC(535)   Post Evacuate Collection Set: 0.5ms
[2025-06-03T15:45:36.111+0530][98.870s] GC(535)   Other: 0.2ms
[2025-06-03T15:45:36.111+0530][98.870s] GC(535) Eden regions: 306->0(306)
[2025-06-03T15:45:36.111+0530][98.870s] GC(535) Survivor regions: 1->1(39)
[2025-06-03T15:45:36.111+0530][98.870s] GC(535) Old regions: 9->9
[2025-06-03T15:45:36.111+0530][98.870s] GC(535) Archive regions: 2->2
[2025-06-03T15:45:36.111+0530][98.870s] GC(535) Humongous regions: 0->0
[2025-06-03T15:45:36.111+0530][98.870s] GC(535) Metaspace: 20461K(20928K)->20461K(20928K) NonClass: 17876K(18112K)->17876K(18112K) Class: 2584K(2816K)->2584K(2816K)
[2025-06-03T15:45:36.111+0530][98.870s] GC(535) Pause Young (Normal) (G1 Evacuation Pause) 315M->9M(512M) 1.298ms
[2025-06-03T15:45:36.111+0530][98.870s] GC(535) User=0.00s Sys=0.00s Real=0.00s
[2025-06-03T15:45:36.295+0530][99.054s] GC(536) Pause Young (Normal) (G1 Evacuation Pause)
[2025-06-03T15:45:36.296+0530][99.054s] GC(536) Using 8 workers of 8 for evacuation
[2025-06-03T15:45:36.296+0530][99.055s] GC(536) Skipped phase 1 of Reference Processing: no references
[2025-06-03T15:45:36.296+0530][99.055s] GC(536) Skipped phase 2 of Reference Processing: no references
[2025-06-03T15:45:36.296+0530][99.055s] GC(536) Skipped phase 3 of Reference Processing: no references
[2025-06-03T15:45:36.296+0530][99.055s] GC(536) Skipped phase 4 of Reference Processing: no references
[2025-06-03T15:45:36.297+0530][99.055s] GC(536)   Pre Evacuate Collection Set: 0.1ms
[2025-06-03T15:45:36.297+0530][99.055s] GC(536)   Merge Heap Roots: 0.1ms
[2025-06-03T15:45:36.297+0530][99.055s] GC(536)   Evacuate Collection Set: 0.3ms
[2025-06-03T15:45:36.297+0530][99.055s] GC(536)   Post Evacuate Collection Set: 0.5ms
[2025-06-03T15:45:36.297+0530][99.055s] GC(536)   Other: 0.2ms
[2025-06-03T15:45:36.297+0530][99.055s] GC(536) Eden regions: 306->0(306)
[2025-06-03T15:45:36.297+0530][99.055s] GC(536) Survivor regions: 1->1(39)
[2025-06-03T15:45:36.297+0530][99.055s] GC(536) Old regions: 9->9
[2025-06-03T15:45:36.297+0530][99.055s] GC(536) Archive regions: 2->2
[2025-06-03T15:45:36.297+0530][99.056s] GC(536) Humongous regions: 0->0
[2025-06-03T15:45:36.297+0530][99.056s] GC(536) Metaspace: 20461K(20928K)->20461K(20928K) NonClass: 17876K(18112K)->17876K(18112K) Class: 2584K(2816K)->2584K(2816K)
[2025-06-03T15:45:36.297+0530][99.056s] GC(536) Pause Young (Normal) (G1 Evacuation Pause) 315M->9M(512M) 1.378ms
[2025-06-03T15:45:36.297+0530][99.056s] GC(536) User=0.00s Sys=0.00s Real=0.00s
[2025-06-03T15:45:36.478+0530][99.236s] GC(537) Pause Young (Normal) (G1 Evacuation Pause)
[2025-06-03T15:45:36.478+0530][99.236s] GC(537) Using 8 workers of 8 for evacuation
[2025-06-03T15:45:36.478+0530][99.237s] GC(537) Skipped phase 1 of Reference Processing: no references
[2025-06-03T15:45:36.478+0530][99.237s] GC(537) Skipped phase 2 of Reference Processing: no references
[2025-06-03T15:45:36.478+0530][99.237s] GC(537) Skipped phase 3 of Reference Processing: no references
[2025-06-03T15:45:36.478+0530][99.237s] GC(537) Skipped phase 4 of Reference Processing: no references
[2025-06-03T15:45:36.479+0530][99.238s] GC(537)   Pre Evacuate Collection Set: 0.1ms
[2025-06-03T15:45:36.479+0530][99.238s] GC(537)   Merge Heap Roots: 0.1ms
[2025-06-03T15:45:36.479+0530][99.238s] GC(537)   Evacuate Collection Set: 0.4ms
[2025-06-03T15:45:36.479+0530][99.238s] GC(537)   Post Evacuate Collection Set: 0.6ms
[2025-06-03T15:45:36.479+0530][99.238s] GC(537)   Other: 0.2ms
[2025-06-03T15:45:36.479+0530][99.238s] GC(537) Eden regions: 306->0(306)
[2025-06-03T15:45:36.479+0530][99.238s] GC(537) Survivor regions: 1->1(39)
[2025-06-03T15:45:36.479+0530][99.238s] GC(537) Old regions: 9->9
[2025-06-03T15:45:36.479+0530][99.238s] GC(537) Archive regions: 2->2
[2025-06-03T15:45:36.479+0530][99.238s] GC(537) Humongous regions: 0->0
[2025-06-03T15:45:36.480+0530][99.238s] GC(537) Metaspace: 20461K(20928K)->20461K(20928K) NonClass: 17876K(18112K)->17876K(18112K) Class: 2584K(2816K)->2584K(2816K)
[2025-06-03T15:45:36.480+0530][99.238s] GC(537) Pause Young (Normal) (G1 Evacuation Pause) 315M->9M(512M) 2.051ms
[2025-06-03T15:45:36.480+0530][99.238s] GC(537) User=0.00s Sys=0.00s Real=0.01s
[2025-06-03T15:45:36.659+0530][99.418s] GC(538) Pause Young (Normal) (G1 Evacuation Pause)
[2025-06-03T15:45:36.660+0530][99.418s] GC(538) Using 8 workers of 8 for evacuation
[2025-06-03T15:45:36.660+0530][99.419s] GC(538) Skipped phase 1 of Reference Processing: no references
[2025-06-03T15:45:36.660+0530][99.419s] GC(538) Skipped phase 2 of Reference Processing: no references
[2025-06-03T15:45:36.660+0530][99.419s] GC(538) Skipped phase 3 of Reference Processing: no references
[2025-06-03T15:45:36.660+0530][99.419s] GC(538) Skipped phase 4 of Reference Processing: no references
[2025-06-03T15:45:36.661+0530][99.419s] GC(538)   Pre Evacuate Collection Set: 0.1ms
[2025-06-03T15:45:36.661+0530][99.419s] GC(538)   Merge Heap Roots: 0.1ms
[2025-06-03T15:45:36.661+0530][99.419s] GC(538)   Evacuate Collection Set: 0.3ms
[2025-06-03T15:45:36.661+0530][99.419s] GC(538)   Post Evacuate Collection Set: 0.5ms
[2025-06-03T15:45:36.661+0530][99.420s] GC(538)   Other: 0.2ms
[2025-06-03T15:45:36.661+0530][99.420s] GC(538) Eden regions: 306->0(306)
[2025-06-03T15:45:36.661+0530][99.420s] GC(538) Survivor regions: 1->1(39)
[2025-06-03T15:45:36.661+0530][99.420s] GC(538) Old regions: 9->9
[2025-06-03T15:45:36.661+0530][99.420s] GC(538) Archive regions: 2->2
[2025-06-03T15:45:36.661+0530][99.420s] GC(538) Humongous regions: 0->0
[2025-06-03T15:45:36.661+0530][99.420s] GC(538) Metaspace: 20461K(20928K)->20461K(20928K) NonClass: 17876K(18112K)->17876K(18112K) Class: 2584K(2816K)->2584K(2816K)
[2025-06-03T15:45:36.661+0530][99.420s] GC(538) Pause Young (Normal) (G1 Evacuation Pause) 315M->9M(512M) 1.421ms
[2025-06-03T15:45:36.661+0530][99.420s] GC(538) User=0.00s Sys=0.00s Real=0.01s
[2025-06-03T15:45:36.838+0530][99.597s] GC(539) Pause Young (Normal) (G1 Evacuation Pause)
[2025-06-03T15:45:36.838+0530][99.597s] GC(539) Using 8 workers of 8 for evacuation
[2025-06-03T15:45:36.838+0530][99.597s] GC(539) Skipped phase 1 of Reference Processing: no references
[2025-06-03T15:45:36.839+0530][99.597s] GC(539) Skipped phase 2 of Reference Processing: no references
[2025-06-03T15:45:36.839+0530][99.597s] GC(539) Skipped phase 3 of Reference Processing: no references
[2025-06-03T15:45:36.839+0530][99.597s] GC(539) Skipped phase 4 of Reference Processing: no references
[2025-06-03T15:45:36.839+0530][99.598s] GC(539)   Pre Evacuate Collection Set: 0.1ms
[2025-06-03T15:45:36.839+0530][99.598s] GC(539)   Merge Heap Roots: 0.1ms
[2025-06-03T15:45:36.839+0530][99.598s] GC(539)   Evacuate Collection Set: 0.2ms
[2025-06-03T15:45:36.839+0530][99.598s] GC(539)   Post Evacuate Collection Set: 0.6ms
[2025-06-03T15:45:36.839+0530][99.598s] GC(539)   Other: 0.2ms
[2025-06-03T15:45:36.839+0530][99.598s] GC(539) Eden regions: 306->0(306)
[2025-06-03T15:45:36.839+0530][99.598s] GC(539) Survivor regions: 1->1(39)
[2025-06-03T15:45:36.839+0530][99.598s] GC(539) Old regions: 9->9
[2025-06-03T15:45:36.839+0530][99.598s] GC(539) Archive regions: 2->2
[2025-06-03T15:45:36.839+0530][99.598s] GC(539) Humongous regions: 0->0
[2025-06-03T15:45:36.839+0530][99.598s] GC(539) Metaspace: 20461K(20928K)->20461K(20928K) NonClass: 17876K(18112K)->17876K(18112K) Class: 2584K(2816K)->2584K(2816K)
[2025-06-03T15:45:36.839+0530][99.598s] GC(539) Pause Young (Normal) (G1 Evacuation Pause) 315M->9M(512M) 1.358ms
[2025-06-03T15:45:36.839+0530][99.598s] GC(539) User=0.01s Sys=0.00s Real=0.00s
[2025-06-03T15:45:37.022+0530][99.781s] GC(540) Pause Young (Normal) (G1 Evacuation Pause)
[2025-06-03T15:45:37.022+0530][99.781s] GC(540) Using 8 workers of 8 for evacuation
[2025-06-03T15:45:37.022+0530][99.781s] GC(540) Skipped phase 1 of Reference Processing: no references
[2025-06-03T15:45:37.023+0530][99.781s] GC(540) Skipped phase 2 of Reference Processing: no references
[2025-06-03T15:45:37.023+0530][99.781s] GC(540) Skipped phase 3 of Reference Processing: no references
[2025-06-03T15:45:37.023+0530][99.781s] GC(540) Skipped phase 4 of Reference Processing: no references
[2025-06-03T15:45:37.023+0530][99.782s] GC(540)   Pre Evacuate Collection Set: 0.1ms
[2025-06-03T15:45:37.023+0530][99.782s] GC(540)   Merge Heap Roots: 0.1ms
[2025-06-03T15:45:37.023+0530][99.782s] GC(540)   Evacuate Collection Set: 0.3ms
[2025-06-03T15:45:37.023+0530][99.782s] GC(540)   Post Evacuate Collection Set: 0.8ms
[2025-06-03T15:45:37.023+0530][99.782s] GC(540)   Other: 0.2ms
[2025-06-03T15:45:37.023+0530][99.782s] GC(540) Eden regions: 306->0(306)
[2025-06-03T15:45:37.023+0530][99.782s] GC(540) Survivor regions: 1->1(39)
[2025-06-03T15:45:37.023+0530][99.782s] GC(540) Old regions: 9->9
[2025-06-03T15:45:37.023+0530][99.782s] GC(540) Archive regions: 2->2
[2025-06-03T15:45:37.023+0530][99.782s] GC(540) Humongous regions: 0->0
[2025-06-03T15:45:37.023+0530][99.782s] GC(540) Metaspace: 20463K(20928K)->20463K(20928K) NonClass: 17879K(18112K)->17879K(18112K) Class: 2584K(2816K)->2584K(2816K)
[2025-06-03T15:45:37.023+0530][99.782s] GC(540) Pause Young (Normal) (G1 Evacuation Pause) 315M->9M(512M) 1.670ms
[2025-06-03T15:45:37.024+0530][99.782s] GC(540) User=0.00s Sys=0.00s Real=0.00s
[2025-06-03T15:45:37.265+0530][100.024s] GC(541) Pause Young (Normal) (G1 Evacuation Pause)
[2025-06-03T15:45:37.265+0530][100.024s] GC(541) Using 8 workers of 8 for evacuation
[2025-06-03T15:45:37.265+0530][100.024s] GC(541) Skipped phase 1 of Reference Processing: no references
[2025-06-03T15:45:37.265+0530][100.024s] GC(541) Skipped phase 2 of Reference Processing: no references
[2025-06-03T15:45:37.265+0530][100.024s] GC(541) Skipped phase 3 of Reference Processing: no references
[2025-06-03T15:45:37.265+0530][100.024s] GC(541) Skipped phase 4 of Reference Processing: no references
[2025-06-03T15:45:37.266+0530][100.025s] GC(541)   Pre Evacuate Collection Set: 0.1ms
[2025-06-03T15:45:37.266+0530][100.025s] GC(541)   Merge Heap Roots: 0.1ms
[2025-06-03T15:45:37.266+0530][100.025s] GC(541)   Evacuate Collection Set: 0.3ms
[2025-06-03T15:45:37.266+0530][100.025s] GC(541)   Post Evacuate Collection Set: 0.4ms
[2025-06-03T15:45:37.266+0530][100.025s] GC(541)   Other: 0.2ms
[2025-06-03T15:45:37.266+0530][100.025s] GC(541) Eden regions: 306->0(306)
[2025-06-03T15:45:37.266+0530][100.025s] GC(541) Survivor regions: 1->1(39)
[2025-06-03T15:45:37.266+0530][100.025s] GC(541) Old regions: 9->9
[2025-06-03T15:45:37.266+0530][100.025s] GC(541) Archive regions: 2->2
[2025-06-03T15:45:37.266+0530][100.025s] GC(541) Humongous regions: 0->0
[2025-06-03T15:45:37.266+0530][100.025s] GC(541) Metaspace: 20463K(20928K)->20463K(20928K) NonClass: 17879K(18112K)->17879K(18112K) Class: 2584K(2816K)->2584K(2816K)
[2025-06-03T15:45:37.266+0530][100.025s] GC(541) Pause Young (Normal) (G1 Evacuation Pause) 315M->9M(512M) 1.339ms
[2025-06-03T15:45:37.266+0530][100.025s] GC(541) User=0.00s Sys=0.00s Real=0.00s
[2025-06-03T15:45:37.467+0530][100.226s] GC(542) Pause Young (Normal) (G1 Evacuation Pause)
[2025-06-03T15:45:37.467+0530][100.226s] GC(542) Using 8 workers of 8 for evacuation
[2025-06-03T15:45:37.468+0530][100.226s] GC(542) Skipped phase 1 of Reference Processing: no references
[2025-06-03T15:45:37.468+0530][100.227s] GC(542) Skipped phase 2 of Reference Processing: no references
[2025-06-03T15:45:37.468+0530][100.227s] GC(542) Skipped phase 3 of Reference Processing: no references
[2025-06-03T15:45:37.468+0530][100.227s] GC(542) Skipped phase 4 of Reference Processing: no references
[2025-06-03T15:45:37.468+0530][100.227s] GC(542)   Pre Evacuate Collection Set: 0.1ms
[2025-06-03T15:45:37.468+0530][100.227s] GC(542)   Merge Heap Roots: 0.1ms
[2025-06-03T15:45:37.468+0530][100.227s] GC(542)   Evacuate Collection Set: 0.3ms
[2025-06-03T15:45:37.468+0530][100.227s] GC(542)   Post Evacuate Collection Set: 0.5ms
[2025-06-03T15:45:37.468+0530][100.227s] GC(542)   Other: 0.3ms
[2025-06-03T15:45:37.468+0530][100.227s] GC(542) Eden regions: 306->0(306)
[2025-06-03T15:45:37.468+0530][100.227s] GC(542) Survivor regions: 1->1(39)
[2025-06-03T15:45:37.468+0530][100.227s] GC(542) Old regions: 9->9
[2025-06-03T15:45:37.468+0530][100.227s] GC(542) Archive regions: 2->2
[2025-06-03T15:45:37.468+0530][100.227s] GC(542) Humongous regions: 0->0
[2025-06-03T15:45:37.468+0530][100.227s] GC(542) Metaspace: 20463K(20928K)->20463K(20928K) NonClass: 17879K(18112K)->17879K(18112K) Class: 2584K(2816K)->2584K(2816K)
[2025-06-03T15:45:37.468+0530][100.227s] GC(542) Pause Young (Normal) (G1 Evacuation Pause) 315M->9M(512M) 1.545ms
[2025-06-03T15:45:37.468+0530][100.227s] GC(542) User=0.00s Sys=0.00s Real=0.00s
[2025-06-03T15:45:37.639+0530][100.397s] GC(543) Pause Young (Normal) (G1 Evacuation Pause)
[2025-06-03T15:45:37.639+0530][100.397s] GC(543) Using 8 workers of 8 for evacuation
[2025-06-03T15:45:37.639+0530][100.398s] GC(543) Skipped phase 1 of Reference Processing: no references
[2025-06-03T15:45:37.639+0530][100.398s] GC(543) Skipped phase 2 of Reference Processing: no references
[2025-06-03T15:45:37.639+0530][100.398s] GC(543) Skipped phase 3 of Reference Processing: no references
[2025-06-03T15:45:37.639+0530][100.398s] GC(543) Skipped phase 4 of Reference Processing: no references
[2025-06-03T15:45:37.640+0530][100.398s] GC(543)   Pre Evacuate Collection Set: 0.1ms
[2025-06-03T15:45:37.640+0530][100.398s] GC(543)   Merge Heap Roots: 0.1ms
[2025-06-03T15:45:37.640+0530][100.398s] GC(543)   Evacuate Collection Set: 0.2ms
[2025-06-03T15:45:37.640+0530][100.399s] GC(543)   Post Evacuate Collection Set: 0.5ms
[2025-06-03T15:45:37.640+0530][100.399s] GC(543)   Other: 0.2ms
[2025-06-03T15:45:37.640+0530][100.399s] GC(543) Eden regions: 306->0(306)
[2025-06-03T15:45:37.640+0530][100.399s] GC(543) Survivor regions: 1->1(39)
[2025-06-03T15:45:37.640+0530][100.399s] GC(543) Old regions: 9->9
[2025-06-03T15:45:37.640+0530][100.399s] GC(543) Archive regions: 2->2
[2025-06-03T15:45:37.640+0530][100.399s] GC(543) Humongous regions: 0->0
[2025-06-03T15:45:37.640+0530][100.399s] GC(543) Metaspace: 20463K(20928K)->20463K(20928K) NonClass: 17879K(18112K)->17879K(18112K) Class: 2584K(2816K)->2584K(2816K)
[2025-06-03T15:45:37.640+0530][100.399s] GC(543) Pause Young (Normal) (G1 Evacuation Pause) 315M->9M(512M) 1.305ms
[2025-06-03T15:45:37.640+0530][100.399s] GC(543) User=0.01s Sys=0.00s Real=0.01s
[2025-06-03T15:45:37.807+0530][100.566s] GC(544) Pause Young (Normal) (G1 Evacuation Pause)
[2025-06-03T15:45:37.807+0530][100.566s] GC(544) Using 8 workers of 8 for evacuation
[2025-06-03T15:45:37.807+0530][100.566s] GC(544) Skipped phase 1 of Reference Processing: no references
[2025-06-03T15:45:37.807+0530][100.566s] GC(544) Skipped phase 2 of Reference Processing: no references
[2025-06-03T15:45:37.807+0530][100.566s] GC(544) Skipped phase 3 of Reference Processing: no references
[2025-06-03T15:45:37.807+0530][100.566s] GC(544) Skipped phase 4 of Reference Processing: no references
[2025-06-03T15:45:37.808+0530][100.567s] GC(544)   Pre Evacuate Collection Set: 0.1ms
[2025-06-03T15:45:37.808+0530][100.567s] GC(544)   Merge Heap Roots: 0.1ms
[2025-06-03T15:45:37.808+0530][100.567s] GC(544)   Evacuate Collection Set: 0.3ms
[2025-06-03T15:45:37.808+0530][100.567s] GC(544)   Post Evacuate Collection Set: 0.5ms
[2025-06-03T15:45:37.808+0530][100.567s] GC(544)   Other: 0.2ms
[2025-06-03T15:45:37.808+0530][100.567s] GC(544) Eden regions: 306->0(306)
[2025-06-03T15:45:37.808+0530][100.567s] GC(544) Survivor regions: 1->1(39)
[2025-06-03T15:45:37.808+0530][100.567s] GC(544) Old regions: 9->9
[2025-06-03T15:45:37.808+0530][100.567s] GC(544) Archive regions: 2->2
[2025-06-03T15:45:37.808+0530][100.567s] GC(544) Humongous regions: 0->0
[2025-06-03T15:45:37.808+0530][100.567s] GC(544) Metaspace: 20463K(20928K)->20463K(20928K) NonClass: 17879K(18112K)->17879K(18112K) Class: 2584K(2816K)->2584K(2816K)
[2025-06-03T15:45:37.808+0530][100.567s] GC(544) Pause Young (Normal) (G1 Evacuation Pause) 315M->9M(512M) 1.369ms
[2025-06-03T15:45:37.808+0530][100.567s] GC(544) User=0.00s Sys=0.00s Real=0.00s
[2025-06-03T15:45:37.979+0530][100.738s] GC(545) Pause Young (Normal) (G1 Evacuation Pause)
[2025-06-03T15:45:37.979+0530][100.738s] GC(545) Using 8 workers of 8 for evacuation
[2025-06-03T15:45:37.979+0530][100.738s] GC(545) Skipped phase 1 of Reference Processing: no references
[2025-06-03T15:45:37.979+0530][100.738s] GC(545) Skipped phase 2 of Reference Processing: no references
[2025-06-03T15:45:37.979+0530][100.738s] GC(545) Skipped phase 3 of Reference Processing: no references
[2025-06-03T15:45:37.979+0530][100.738s] GC(545) Skipped phase 4 of Reference Processing: no references
[2025-06-03T15:45:37.980+0530][100.739s] GC(545)   Pre Evacuate Collection Set: 0.1ms
[2025-06-03T15:45:37.980+0530][100.739s] GC(545)   Merge Heap Roots: 0.1ms
[2025-06-03T15:45:37.980+0530][100.739s] GC(545)   Evacuate Collection Set: 0.3ms
[2025-06-03T15:45:37.980+0530][100.739s] GC(545)   Post Evacuate Collection Set: 0.5ms
[2025-06-03T15:45:37.980+0530][100.739s] GC(545)   Other: 0.2ms
[2025-06-03T15:45:37.980+0530][100.739s] GC(545) Eden regions: 306->0(306)
[2025-06-03T15:45:37.980+0530][100.739s] GC(545) Survivor regions: 1->1(39)
[2025-06-03T15:45:37.980+0530][100.739s] GC(545) Old regions: 9->9
[2025-06-03T15:45:37.980+0530][100.739s] GC(545) Archive regions: 2->2
[2025-06-03T15:45:37.980+0530][100.739s] GC(545) Humongous regions: 0->0
[2025-06-03T15:45:37.980+0530][100.739s] GC(545) Metaspace: 20463K(20928K)->20463K(20928K) NonClass: 17879K(18112K)->17879K(18112K) Class: 2584K(2816K)->2584K(2816K)
[2025-06-03T15:45:37.980+0530][100.739s] GC(545) Pause Young (Normal) (G1 Evacuation Pause) 315M->9M(512M) 1.441ms
[2025-06-03T15:45:37.980+0530][100.739s] GC(545) User=0.00s Sys=0.00s Real=0.01s
[2025-06-03T15:45:38.154+0530][100.912s] GC(546) Pause Young (Normal) (G1 Evacuation Pause)
[2025-06-03T15:45:38.154+0530][100.912s] GC(546) Using 8 workers of 8 for evacuation
[2025-06-03T15:45:38.154+0530][100.913s] GC(546) Skipped phase 1 of Reference Processing: no references
[2025-06-03T15:45:38.154+0530][100.913s] GC(546) Skipped phase 2 of Reference Processing: no references
[2025-06-03T15:45:38.154+0530][100.913s] GC(546) Skipped phase 3 of Reference Processing: no references
[2025-06-03T15:45:38.154+0530][100.913s] GC(546) Skipped phase 4 of Reference Processing: no references
[2025-06-03T15:45:38.155+0530][100.914s] GC(546)   Pre Evacuate Collection Set: 0.1ms
[2025-06-03T15:45:38.155+0530][100.914s] GC(546)   Merge Heap Roots: 0.1ms
[2025-06-03T15:45:38.155+0530][100.914s] GC(546)   Evacuate Collection Set: 0.3ms
[2025-06-03T15:45:38.155+0530][100.914s] GC(546)   Post Evacuate Collection Set: 0.5ms
[2025-06-03T15:45:38.155+0530][100.914s] GC(546)   Other: 0.2ms
[2025-06-03T15:45:38.155+0530][100.914s] GC(546) Eden regions: 306->0(306)
[2025-06-03T15:45:38.155+0530][100.914s] GC(546) Survivor regions: 1->1(39)
[2025-06-03T15:45:38.155+0530][100.914s] GC(546) Old regions: 9->9
[2025-06-03T15:45:38.155+0530][100.914s] GC(546) Archive regions: 2->2
[2025-06-03T15:45:38.155+0530][100.914s] GC(546) Humongous regions: 0->0
[2025-06-03T15:45:38.155+0530][100.914s] GC(546) Metaspace: 20463K(20928K)->20463K(20928K) NonClass: 17879K(18112K)->17879K(18112K) Class: 2584K(2816K)->2584K(2816K)
[2025-06-03T15:45:38.155+0530][100.914s] GC(546) Pause Young (Normal) (G1 Evacuation Pause) 315M->9M(512M) 1.444ms
[2025-06-03T15:45:38.155+0530][100.914s] GC(546) User=0.00s Sys=0.00s Real=0.00s
[2025-06-03T15:45:38.323+0530][101.081s] GC(547) Pause Young (Normal) (G1 Evacuation Pause)
[2025-06-03T15:45:38.323+0530][101.081s] GC(547) Using 8 workers of 8 for evacuation
[2025-06-03T15:45:38.323+0530][101.082s] GC(547) Skipped phase 1 of Reference Processing: no references
[2025-06-03T15:45:38.323+0530][101.082s] GC(547) Skipped phase 2 of Reference Processing: no references
[2025-06-03T15:45:38.323+0530][101.082s] GC(547) Skipped phase 3 of Reference Processing: no references
[2025-06-03T15:45:38.323+0530][101.082s] GC(547) Skipped phase 4 of Reference Processing: no references
[2025-06-03T15:45:38.324+0530][101.082s] GC(547)   Pre Evacuate Collection Set: 0.1ms
[2025-06-03T15:45:38.324+0530][101.082s] GC(547)   Merge Heap Roots: 0.1ms
[2025-06-03T15:45:38.324+0530][101.083s] GC(547)   Evacuate Collection Set: 0.3ms
[2025-06-03T15:45:38.324+0530][101.083s] GC(547)   Post Evacuate Collection Set: 0.4ms
[2025-06-03T15:45:38.324+0530][101.083s] GC(547)   Other: 0.2ms
[2025-06-03T15:45:38.324+0530][101.083s] GC(547) Eden regions: 306->0(306)
[2025-06-03T15:45:38.324+0530][101.083s] GC(547) Survivor regions: 1->1(39)
[2025-06-03T15:45:38.324+0530][101.083s] GC(547) Old regions: 9->9
[2025-06-03T15:45:38.324+0530][101.083s] GC(547) Archive regions: 2->2
[2025-06-03T15:45:38.324+0530][101.083s] GC(547) Humongous regions: 0->0
[2025-06-03T15:45:38.324+0530][101.083s] GC(547) Metaspace: 20463K(20928K)->20463K(20928K) NonClass: 17879K(18112K)->17879K(18112K) Class: 2584K(2816K)->2584K(2816K)
[2025-06-03T15:45:38.324+0530][101.083s] GC(547) Pause Young (Normal) (G1 Evacuation Pause) 315M->9M(512M) 1.278ms
[2025-06-03T15:45:38.324+0530][101.083s] GC(547) User=0.00s Sys=0.00s Real=0.00s
[2025-06-03T15:45:38.492+0530][101.251s] GC(548) Pause Young (Normal) (G1 Evacuation Pause)
[2025-06-03T15:45:38.492+0530][101.251s] GC(548) Using 8 workers of 8 for evacuation
[2025-06-03T15:45:38.493+0530][101.251s] GC(548) Skipped phase 1 of Reference Processing: no references
[2025-06-03T15:45:38.493+0530][101.251s] GC(548) Skipped phase 2 of Reference Processing: no references
[2025-06-03T15:45:38.493+0530][101.251s] GC(548) Skipped phase 3 of Reference Processing: no references
[2025-06-03T15:45:38.493+0530][101.251s] GC(548) Skipped phase 4 of Reference Processing: no references
[2025-06-03T15:45:38.493+0530][101.252s] GC(548)   Pre Evacuate Collection Set: 0.1ms
[2025-06-03T15:45:38.493+0530][101.252s] GC(548)   Merge Heap Roots: 0.1ms
[2025-06-03T15:45:38.493+0530][101.252s] GC(548)   Evacuate Collection Set: 0.2ms
[2025-06-03T15:45:38.493+0530][101.252s] GC(548)   Post Evacuate Collection Set: 0.5ms
[2025-06-03T15:45:38.493+0530][101.252s] GC(548)   Other: 0.2ms
[2025-06-03T15:45:38.493+0530][101.252s] GC(548) Eden regions: 306->0(306)
[2025-06-03T15:45:38.493+0530][101.252s] GC(548) Survivor regions: 1->1(39)
[2025-06-03T15:45:38.493+0530][101.252s] GC(548) Old regions: 9->9
[2025-06-03T15:45:38.493+0530][101.252s] GC(548) Archive regions: 2->2
[2025-06-03T15:45:38.493+0530][101.252s] GC(548) Humongous regions: 0->0
[2025-06-03T15:45:38.493+0530][101.252s] GC(548) Metaspace: 20463K(20928K)->20463K(20928K) NonClass: 17879K(18112K)->17879K(18112K) Class: 2584K(2816K)->2584K(2816K)
[2025-06-03T15:45:38.493+0530][101.252s] GC(548) Pause Young (Normal) (G1 Evacuation Pause) 315M->9M(512M) 1.417ms
[2025-06-03T15:45:38.493+0530][101.252s] GC(548) User=0.00s Sys=0.00s Real=0.00s
[2025-06-03T15:45:38.656+0530][101.415s] GC(549) Pause Young (Normal) (G1 Evacuation Pause)
[2025-06-03T15:45:38.656+0530][101.415s] GC(549) Using 8 workers of 8 for evacuation
[2025-06-03T15:45:38.657+0530][101.416s] GC(549) Skipped phase 1 of Reference Processing: no references
[2025-06-03T15:45:38.657+0530][101.416s] GC(549) Skipped phase 2 of Reference Processing: no references
[2025-06-03T15:45:38.657+0530][101.416s] GC(549) Skipped phase 3 of Reference Processing: no references
[2025-06-03T15:45:38.657+0530][101.416s] GC(549) Skipped phase 4 of Reference Processing: no references
[2025-06-03T15:45:38.657+0530][101.416s] GC(549)   Pre Evacuate Collection Set: 0.1ms
[2025-06-03T15:45:38.657+0530][101.416s] GC(549)   Merge Heap Roots: 0.1ms
[2025-06-03T15:45:38.657+0530][101.416s] GC(549)   Evacuate Collection Set: 0.2ms
[2025-06-03T15:45:38.658+0530][101.416s] GC(549)   Post Evacuate Collection Set: 0.5ms
[2025-06-03T15:45:38.658+0530][101.416s] GC(549)   Other: 0.2ms
[2025-06-03T15:45:38.658+0530][101.416s] GC(549) Eden regions: 306->0(306)
[2025-06-03T15:45:38.658+0530][101.416s] GC(549) Survivor regions: 1->1(39)
[2025-06-03T15:45:38.658+0530][101.416s] GC(549) Old regions: 9->9
[2025-06-03T15:45:38.658+0530][101.416s] GC(549) Archive regions: 2->2
[2025-06-03T15:45:38.658+0530][101.416s] GC(549) Humongous regions: 0->0
[2025-06-03T15:45:38.658+0530][101.416s] GC(549) Metaspace: 20463K(20928K)->20463K(20928K) NonClass: 17879K(18112K)->17879K(18112K) Class: 2584K(2816K)->2584K(2816K)
[2025-06-03T15:45:38.658+0530][101.417s] GC(549) Pause Young (Normal) (G1 Evacuation Pause) 315M->9M(512M) 1.271ms
[2025-06-03T15:45:38.658+0530][101.417s] GC(549) User=0.00s Sys=0.00s Real=0.00s
[2025-06-03T15:45:38.814+0530][101.572s] GC(550) Pause Young (Normal) (G1 Evacuation Pause)
[2025-06-03T15:45:38.814+0530][101.573s] GC(550) Using 8 workers of 8 for evacuation
[2025-06-03T15:45:38.814+0530][101.573s] GC(550) Skipped phase 1 of Reference Processing: no references
[2025-06-03T15:45:38.814+0530][101.573s] GC(550) Skipped phase 2 of Reference Processing: no references
[2025-06-03T15:45:38.814+0530][101.573s] GC(550) Skipped phase 3 of Reference Processing: no references
[2025-06-03T15:45:38.814+0530][101.573s] GC(550) Skipped phase 4 of Reference Processing: no references
[2025-06-03T15:45:38.815+0530][101.573s] GC(550)   Pre Evacuate Collection Set: 0.1ms
[2025-06-03T15:45:38.815+0530][101.574s] GC(550)   Merge Heap Roots: 0.1ms
[2025-06-03T15:45:38.815+0530][101.574s] GC(550)   Evacuate Collection Set: 0.2ms
[2025-06-03T15:45:38.815+0530][101.574s] GC(550)   Post Evacuate Collection Set: 0.5ms
[2025-06-03T15:45:38.815+0530][101.574s] GC(550)   Other: 0.2ms
[2025-06-03T15:45:38.815+0530][101.574s] GC(550) Eden regions: 306->0(306)
[2025-06-03T15:45:38.815+0530][101.574s] GC(550) Survivor regions: 1->1(39)
[2025-06-03T15:45:38.815+0530][101.574s] GC(550) Old regions: 9->9
[2025-06-03T15:45:38.815+0530][101.574s] GC(550) Archive regions: 2->2
[2025-06-03T15:45:38.815+0530][101.574s] GC(550) Humongous regions: 0->0
[2025-06-03T15:45:38.815+0530][101.574s] GC(550) Metaspace: 20463K(20928K)->20463K(20928K) NonClass: 17879K(18112K)->17879K(18112K) Class: 2584K(2816K)->2584K(2816K)
[2025-06-03T15:45:38.815+0530][101.574s] GC(550) Pause Young (Normal) (G1 Evacuation Pause) 315M->9M(512M) 1.270ms
[2025-06-03T15:45:38.815+0530][101.574s] GC(550) User=0.00s Sys=0.00s Real=0.00s
[2025-06-03T15:45:38.974+0530][101.732s] GC(551) Pause Young (Normal) (G1 Evacuation Pause)
[2025-06-03T15:45:38.974+0530][101.732s] GC(551) Using 8 workers of 8 for evacuation
[2025-06-03T15:45:38.974+0530][101.733s] GC(551) Skipped phase 1 of Reference Processing: no references
[2025-06-03T15:45:38.974+0530][101.733s] GC(551) Skipped phase 2 of Reference Processing: no references
[2025-06-03T15:45:38.974+0530][101.733s] GC(551) Skipped phase 3 of Reference Processing: no references
[2025-06-03T15:45:38.974+0530][101.733s] GC(551) Skipped phase 4 of Reference Processing: no references
[2025-06-03T15:45:38.975+0530][101.734s] GC(551)   Pre Evacuate Collection Set: 0.1ms
[2025-06-03T15:45:38.975+0530][101.734s] GC(551)   Merge Heap Roots: 0.1ms
[2025-06-03T15:45:38.975+0530][101.734s] GC(551)   Evacuate Collection Set: 0.3ms
[2025-06-03T15:45:38.975+0530][101.734s] GC(551)   Post Evacuate Collection Set: 0.6ms
[2025-06-03T15:45:38.975+0530][101.734s] GC(551)   Other: 0.2ms
[2025-06-03T15:45:38.975+0530][101.734s] GC(551) Eden regions: 306->0(306)
[2025-06-03T15:45:38.975+0530][101.734s] GC(551) Survivor regions: 1->1(39)
[2025-06-03T15:45:38.975+0530][101.734s] GC(551) Old regions: 9->9
[2025-06-03T15:45:38.975+0530][101.734s] GC(551) Archive regions: 2->2
[2025-06-03T15:45:38.975+0530][101.734s] GC(551) Humongous regions: 0->0
[2025-06-03T15:45:38.975+0530][101.734s] GC(551) Metaspace: 20463K(20928K)->20463K(20928K) NonClass: 17879K(18112K)->17879K(18112K) Class: 2584K(2816K)->2584K(2816K)
[2025-06-03T15:45:38.975+0530][101.734s] GC(551) Pause Young (Normal) (G1 Evacuation Pause) 315M->9M(512M) 1.419ms
[2025-06-03T15:45:38.975+0530][101.734s] GC(551) User=0.01s Sys=0.01s Real=0.00s
[2025-06-03T15:45:39.130+0530][101.888s] GC(552) Pause Young (Normal) (G1 Evacuation Pause)
[2025-06-03T15:45:39.130+0530][101.888s] GC(552) Using 8 workers of 8 for evacuation
[2025-06-03T15:45:39.130+0530][101.889s] GC(552) Skipped phase 1 of Reference Processing: no references
[2025-06-03T15:45:39.130+0530][101.889s] GC(552) Skipped phase 2 of Reference Processing: no references
[2025-06-03T15:45:39.130+0530][101.889s] GC(552) Skipped phase 3 of Reference Processing: no references
[2025-06-03T15:45:39.130+0530][101.889s] GC(552) Skipped phase 4 of Reference Processing: no references
[2025-06-03T15:45:39.131+0530][101.890s] GC(552)   Pre Evacuate Collection Set: 0.1ms
[2025-06-03T15:45:39.131+0530][101.890s] GC(552)   Merge Heap Roots: 0.1ms
[2025-06-03T15:45:39.131+0530][101.890s] GC(552)   Evacuate Collection Set: 0.3ms
[2025-06-03T15:45:39.131+0530][101.890s] GC(552)   Post Evacuate Collection Set: 0.5ms
[2025-06-03T15:45:39.131+0530][101.890s] GC(552)   Other: 0.2ms
[2025-06-03T15:45:39.131+0530][101.890s] GC(552) Eden regions: 306->0(306)
[2025-06-03T15:45:39.131+0530][101.890s] GC(552) Survivor regions: 1->1(39)
[2025-06-03T15:45:39.131+0530][101.890s] GC(552) Old regions: 9->9
[2025-06-03T15:45:39.131+0530][101.890s] GC(552) Archive regions: 2->2
[2025-06-03T15:45:39.131+0530][101.890s] GC(552) Humongous regions: 0->0
[2025-06-03T15:45:39.131+0530][101.890s] GC(552) Metaspace: 20463K(20928K)->20463K(20928K) NonClass: 17879K(18112K)->17879K(18112K) Class: 2584K(2816K)->2584K(2816K)
[2025-06-03T15:45:39.131+0530][101.890s] GC(552) Pause Young (Normal) (G1 Evacuation Pause) 315M->9M(512M) 1.325ms
[2025-06-03T15:45:39.131+0530][101.890s] GC(552) User=0.01s Sys=0.00s Real=0.00s
[2025-06-03T15:45:39.286+0530][102.045s] GC(553) Pause Young (Normal) (G1 Evacuation Pause)
[2025-06-03T15:45:39.286+0530][102.045s] GC(553) Using 8 workers of 8 for evacuation
[2025-06-03T15:45:39.286+0530][102.045s] GC(553) Skipped phase 1 of Reference Processing: no references
[2025-06-03T15:45:39.286+0530][102.045s] GC(553) Skipped phase 2 of Reference Processing: no references
[2025-06-03T15:45:39.286+0530][102.045s] GC(553) Skipped phase 3 of Reference Processing: no references
[2025-06-03T15:45:39.286+0530][102.045s] GC(553) Skipped phase 4 of Reference Processing: no references
[2025-06-03T15:45:39.287+0530][102.046s] GC(553)   Pre Evacuate Collection Set: 0.1ms
[2025-06-03T15:45:39.287+0530][102.046s] GC(553)   Merge Heap Roots: 0.1ms
[2025-06-03T15:45:39.287+0530][102.046s] GC(553)   Evacuate Collection Set: 0.2ms
[2025-06-03T15:45:39.287+0530][102.046s] GC(553)   Post Evacuate Collection Set: 0.5ms
[2025-06-03T15:45:39.287+0530][102.046s] GC(553)   Other: 0.2ms
[2025-06-03T15:45:39.287+0530][102.046s] GC(553) Eden regions: 306->0(306)
[2025-06-03T15:45:39.287+0530][102.046s] GC(553) Survivor regions: 1->1(39)
[2025-06-03T15:45:39.287+0530][102.046s] GC(553) Old regions: 9->9
[2025-06-03T15:45:39.287+0530][102.046s] GC(553) Archive regions: 2->2
[2025-06-03T15:45:39.287+0530][102.046s] GC(553) Humongous regions: 0->0
[2025-06-03T15:45:39.287+0530][102.046s] GC(553) Metaspace: 20463K(20928K)->20463K(20928K) NonClass: 17879K(18112K)->17879K(18112K) Class: 2584K(2816K)->2584K(2816K)
[2025-06-03T15:45:39.287+0530][102.046s] GC(553) Pause Young (Normal) (G1 Evacuation Pause) 315M->9M(512M) 1.317ms
[2025-06-03T15:45:39.287+0530][102.046s] GC(553) User=0.00s Sys=0.00s Real=0.00s
[2025-06-03T15:45:39.444+0530][102.203s] GC(554) Pause Young (Normal) (G1 Evacuation Pause)
[2025-06-03T15:45:39.444+0530][102.203s] GC(554) Using 8 workers of 8 for evacuation
[2025-06-03T15:45:39.445+0530][102.204s] GC(554) Skipped phase 1 of Reference Processing: no references
[2025-06-03T15:45:39.445+0530][102.204s] GC(554) Skipped phase 2 of Reference Processing: no references
[2025-06-03T15:45:39.445+0530][102.204s] GC(554) Skipped phase 3 of Reference Processing: no references
[2025-06-03T15:45:39.445+0530][102.204s] GC(554) Skipped phase 4 of Reference Processing: no references
[2025-06-03T15:45:39.445+0530][102.204s] GC(554)   Pre Evacuate Collection Set: 0.1ms
[2025-06-03T15:45:39.445+0530][102.204s] GC(554)   Merge Heap Roots: 0.1ms
[2025-06-03T15:45:39.445+0530][102.204s] GC(554)   Evacuate Collection Set: 0.3ms
[2025-06-03T15:45:39.445+0530][102.204s] GC(554)   Post Evacuate Collection Set: 0.5ms
[2025-06-03T15:45:39.446+0530][102.204s] GC(554)   Other: 0.2ms
[2025-06-03T15:45:39.446+0530][102.204s] GC(554) Eden regions: 306->0(306)
[2025-06-03T15:45:39.446+0530][102.205s] GC(554) Survivor regions: 1->1(39)
[2025-06-03T15:45:39.446+0530][102.205s] GC(554) Old regions: 9->9
[2025-06-03T15:45:39.446+0530][102.205s] GC(554) Archive regions: 2->2
[2025-06-03T15:45:39.446+0530][102.205s] GC(554) Humongous regions: 0->0
[2025-06-03T15:45:39.446+0530][102.205s] GC(554) Metaspace: 20463K(20928K)->20463K(20928K) NonClass: 17879K(18112K)->17879K(18112K) Class: 2584K(2816K)->2584K(2816K)
[2025-06-03T15:45:39.446+0530][102.205s] GC(554) Pause Young (Normal) (G1 Evacuation Pause) 315M->9M(512M) 1.560ms
[2025-06-03T15:45:39.446+0530][102.205s] GC(554) User=0.00s Sys=0.00s Real=0.00s
[2025-06-03T15:45:39.603+0530][102.362s] GC(555) Pause Young (Normal) (G1 Evacuation Pause)
[2025-06-03T15:45:39.603+0530][102.362s] GC(555) Using 8 workers of 8 for evacuation
[2025-06-03T15:45:39.603+0530][102.362s] GC(555) Skipped phase 1 of Reference Processing: no references
[2025-06-03T15:45:39.603+0530][102.362s] GC(555) Skipped phase 2 of Reference Processing: no references
[2025-06-03T15:45:39.603+0530][102.362s] GC(555) Skipped phase 3 of Reference Processing: no references
[2025-06-03T15:45:39.603+0530][102.362s] GC(555) Skipped phase 4 of Reference Processing: no references
[2025-06-03T15:45:39.604+0530][102.363s] GC(555)   Pre Evacuate Collection Set: 0.1ms
[2025-06-03T15:45:39.604+0530][102.363s] GC(555)   Merge Heap Roots: 0.1ms
[2025-06-03T15:45:39.604+0530][102.363s] GC(555)   Evacuate Collection Set: 0.2ms
[2025-06-03T15:45:39.604+0530][102.363s] GC(555)   Post Evacuate Collection Set: 0.5ms
[2025-06-03T15:45:39.604+0530][102.363s] GC(555)   Other: 0.2ms
[2025-06-03T15:45:39.604+0530][102.363s] GC(555) Eden regions: 306->0(306)
[2025-06-03T15:45:39.604+0530][102.363s] GC(555) Survivor regions: 1->1(39)
[2025-06-03T15:45:39.604+0530][102.363s] GC(555) Old regions: 9->9
[2025-06-03T15:45:39.604+0530][102.363s] GC(555) Archive regions: 2->2
[2025-06-03T15:45:39.604+0530][102.363s] GC(555) Humongous regions: 0->0
[2025-06-03T15:45:39.604+0530][102.363s] GC(555) Metaspace: 20463K(20928K)->20463K(20928K) NonClass: 17879K(18112K)->17879K(18112K) Class: 2584K(2816K)->2584K(2816K)
[2025-06-03T15:45:39.604+0530][102.363s] GC(555) Pause Young (Normal) (G1 Evacuation Pause) 315M->9M(512M) 1.243ms
[2025-06-03T15:45:39.604+0530][102.363s] GC(555) User=0.00s Sys=0.00s Real=0.00s
[2025-06-03T15:45:39.774+0530][102.533s] GC(556) Pause Young (Normal) (G1 Evacuation Pause)
[2025-06-03T15:45:39.774+0530][102.533s] GC(556) Using 8 workers of 8 for evacuation
[2025-06-03T15:45:39.775+0530][102.533s] GC(556) Skipped phase 1 of Reference Processing: no references
[2025-06-03T15:45:39.775+0530][102.533s] GC(556) Skipped phase 2 of Reference Processing: no references
[2025-06-03T15:45:39.775+0530][102.534s] GC(556) Skipped phase 3 of Reference Processing: no references
[2025-06-03T15:45:39.775+0530][102.534s] GC(556) Skipped phase 4 of Reference Processing: no references
[2025-06-03T15:45:39.775+0530][102.534s] GC(556)   Pre Evacuate Collection Set: 0.1ms
[2025-06-03T15:45:39.775+0530][102.534s] GC(556)   Merge Heap Roots: 0.1ms
[2025-06-03T15:45:39.775+0530][102.534s] GC(556)   Evacuate Collection Set: 0.3ms
[2025-06-03T15:45:39.775+0530][102.534s] GC(556)   Post Evacuate Collection Set: 0.8ms
[2025-06-03T15:45:39.776+0530][102.534s] GC(556)   Other: 0.3ms
[2025-06-03T15:45:39.776+0530][102.534s] GC(556) Eden regions: 306->0(306)
[2025-06-03T15:45:39.776+0530][102.534s] GC(556) Survivor regions: 1->1(39)
[2025-06-03T15:45:39.776+0530][102.534s] GC(556) Old regions: 9->9
[2025-06-03T15:45:39.776+0530][102.534s] GC(556) Archive regions: 2->2
[2025-06-03T15:45:39.776+0530][102.535s] GC(556) Humongous regions: 0->0
[2025-06-03T15:45:39.776+0530][102.535s] GC(556) Metaspace: 20463K(20928K)->20463K(20928K) NonClass: 17879K(18112K)->17879K(18112K) Class: 2584K(2816K)->2584K(2816K)
[2025-06-03T15:45:39.776+0530][102.535s] GC(556) Pause Young (Normal) (G1 Evacuation Pause) 315M->9M(512M) 1.968ms
[2025-06-03T15:45:39.776+0530][102.535s] GC(556) User=0.01s Sys=0.01s Real=0.00s
[2025-06-03T15:45:39.956+0530][102.715s] GC(557) Pause Young (Normal) (G1 Evacuation Pause)
[2025-06-03T15:45:39.956+0530][102.715s] GC(557) Using 8 workers of 8 for evacuation
[2025-06-03T15:45:39.957+0530][102.716s] GC(557) Skipped phase 1 of Reference Processing: no references
[2025-06-03T15:45:39.957+0530][102.716s] GC(557) Skipped phase 2 of Reference Processing: no references
[2025-06-03T15:45:39.957+0530][102.716s] GC(557) Skipped phase 3 of Reference Processing: no references
[2025-06-03T15:45:39.957+0530][102.716s] GC(557) Skipped phase 4 of Reference Processing: no references
[2025-06-03T15:45:39.957+0530][102.716s] GC(557)   Pre Evacuate Collection Set: 0.1ms
[2025-06-03T15:45:39.957+0530][102.716s] GC(557)   Merge Heap Roots: 0.1ms
[2025-06-03T15:45:39.957+0530][102.716s] GC(557)   Evacuate Collection Set: 0.3ms
[2025-06-03T15:45:39.957+0530][102.716s] GC(557)   Post Evacuate Collection Set: 0.6ms
[2025-06-03T15:45:39.957+0530][102.716s] GC(557)   Other: 0.2ms
[2025-06-03T15:45:39.957+0530][102.716s] GC(557) Eden regions: 306->0(306)
[2025-06-03T15:45:39.957+0530][102.716s] GC(557) Survivor regions: 1->1(39)
[2025-06-03T15:45:39.957+0530][102.716s] GC(557) Old regions: 9->9
[2025-06-03T15:45:39.957+0530][102.716s] GC(557) Archive regions: 2->2
[2025-06-03T15:45:39.957+0530][102.716s] GC(557) Humongous regions: 0->0
[2025-06-03T15:45:39.957+0530][102.716s] GC(557) Metaspace: 20463K(20928K)->20463K(20928K) NonClass: 17879K(18112K)->17879K(18112K) Class: 2584K(2816K)->2584K(2816K)
[2025-06-03T15:45:39.957+0530][102.716s] GC(557) Pause Young (Normal) (G1 Evacuation Pause) 315M->9M(512M) 1.561ms
[2025-06-03T15:45:39.958+0530][102.716s] GC(557) User=0.01s Sys=0.00s Real=0.00s
[2025-06-03T15:45:40.135+0530][102.894s] GC(558) Pause Young (Normal) (G1 Evacuation Pause)
[2025-06-03T15:45:40.135+0530][102.894s] GC(558) Using 8 workers of 8 for evacuation
[2025-06-03T15:45:40.136+0530][102.894s] GC(558) Skipped phase 1 of Reference Processing: no references
[2025-06-03T15:45:40.136+0530][102.894s] GC(558) Skipped phase 2 of Reference Processing: no references
[2025-06-03T15:45:40.136+0530][102.895s] GC(558) Skipped phase 3 of Reference Processing: no references
[2025-06-03T15:45:40.136+0530][102.895s] GC(558) Skipped phase 4 of Reference Processing: no references
[2025-06-03T15:45:40.136+0530][102.895s] GC(558)   Pre Evacuate Collection Set: 0.1ms
[2025-06-03T15:45:40.136+0530][102.895s] GC(558)   Merge Heap Roots: 0.1ms
[2025-06-03T15:45:40.136+0530][102.895s] GC(558)   Evacuate Collection Set: 0.3ms
[2025-06-03T15:45:40.136+0530][102.895s] GC(558)   Post Evacuate Collection Set: 0.5ms
[2025-06-03T15:45:40.136+0530][102.895s] GC(558)   Other: 0.2ms
[2025-06-03T15:45:40.136+0530][102.895s] GC(558) Eden regions: 306->0(306)
[2025-06-03T15:45:40.136+0530][102.895s] GC(558) Survivor regions: 1->1(39)
[2025-06-03T15:45:40.136+0530][102.895s] GC(558) Old regions: 9->9
[2025-06-03T15:45:40.136+0530][102.895s] GC(558) Archive regions: 2->2
[2025-06-03T15:45:40.136+0530][102.895s] GC(558) Humongous regions: 0->0
[2025-06-03T15:45:40.136+0530][102.895s] GC(558) Metaspace: 20463K(20928K)->20463K(20928K) NonClass: 17879K(18112K)->17879K(18112K) Class: 2584K(2816K)->2584K(2816K)
[2025-06-03T15:45:40.136+0530][102.895s] GC(558) Pause Young (Normal) (G1 Evacuation Pause) 315M->9M(512M) 1.406ms
[2025-06-03T15:45:40.136+0530][102.895s] GC(558) User=0.00s Sys=0.00s Real=0.00s
[2025-06-03T15:45:40.290+0530][103.049s] GC(559) Pause Young (Normal) (G1 Evacuation Pause)
[2025-06-03T15:45:40.290+0530][103.049s] GC(559) Using 8 workers of 8 for evacuation
[2025-06-03T15:45:40.290+0530][103.049s] GC(559) Skipped phase 1 of Reference Processing: no references
[2025-06-03T15:45:40.290+0530][103.049s] GC(559) Skipped phase 2 of Reference Processing: no references
[2025-06-03T15:45:40.290+0530][103.049s] GC(559) Skipped phase 3 of Reference Processing: no references
[2025-06-03T15:45:40.290+0530][103.049s] GC(559) Skipped phase 4 of Reference Processing: no references
[2025-06-03T15:45:40.291+0530][103.050s] GC(559)   Pre Evacuate Collection Set: 0.1ms
[2025-06-03T15:45:40.291+0530][103.050s] GC(559)   Merge Heap Roots: 0.1ms
[2025-06-03T15:45:40.291+0530][103.050s] GC(559)   Evacuate Collection Set: 0.3ms
[2025-06-03T15:45:40.291+0530][103.050s] GC(559)   Post Evacuate Collection Set: 0.5ms
[2025-06-03T15:45:40.291+0530][103.050s] GC(559)   Other: 0.2ms
[2025-06-03T15:45:40.291+0530][103.050s] GC(559) Eden regions: 306->0(306)
[2025-06-03T15:45:40.291+0530][103.050s] GC(559) Survivor regions: 1->1(39)
[2025-06-03T15:45:40.291+0530][103.050s] GC(559) Old regions: 9->9
[2025-06-03T15:45:40.291+0530][103.050s] GC(559) Archive regions: 2->2
[2025-06-03T15:45:40.291+0530][103.050s] GC(559) Humongous regions: 0->0
[2025-06-03T15:45:40.291+0530][103.050s] GC(559) Metaspace: 20463K(20928K)->20463K(20928K) NonClass: 17879K(18112K)->17879K(18112K) Class: 2584K(2816K)->2584K(2816K)
[2025-06-03T15:45:40.291+0530][103.050s] GC(559) Pause Young (Normal) (G1 Evacuation Pause) 315M->9M(512M) 1.544ms
[2025-06-03T15:45:40.291+0530][103.050s] GC(559) User=0.00s Sys=0.00s Real=0.00s
[2025-06-03T15:45:40.460+0530][103.219s] GC(560) Pause Young (Normal) (G1 Evacuation Pause)
[2025-06-03T15:45:40.460+0530][103.219s] GC(560) Using 8 workers of 8 for evacuation
[2025-06-03T15:45:40.461+0530][103.220s] GC(560) Skipped phase 1 of Reference Processing: no references
[2025-06-03T15:45:40.461+0530][103.220s] GC(560) Skipped phase 2 of Reference Processing: no references
[2025-06-03T15:45:40.461+0530][103.220s] GC(560) Skipped phase 3 of Reference Processing: no references
[2025-06-03T15:45:40.461+0530][103.220s] GC(560) Skipped phase 4 of Reference Processing: no references
[2025-06-03T15:45:40.461+0530][103.220s] GC(560)   Pre Evacuate Collection Set: 0.1ms
[2025-06-03T15:45:40.461+0530][103.220s] GC(560)   Merge Heap Roots: 0.1ms
[2025-06-03T15:45:40.461+0530][103.220s] GC(560)   Evacuate Collection Set: 0.2ms
[2025-06-03T15:45:40.461+0530][103.220s] GC(560)   Post Evacuate Collection Set: 0.4ms
[2025-06-03T15:45:40.461+0530][103.220s] GC(560)   Other: 0.2ms
[2025-06-03T15:45:40.461+0530][103.220s] GC(560) Eden regions: 306->0(306)
[2025-06-03T15:45:40.461+0530][103.220s] GC(560) Survivor regions: 1->1(39)
[2025-06-03T15:45:40.461+0530][103.220s] GC(560) Old regions: 9->9
[2025-06-03T15:45:40.461+0530][103.220s] GC(560) Archive regions: 2->2
[2025-06-03T15:45:40.461+0530][103.220s] GC(560) Humongous regions: 0->0
[2025-06-03T15:45:40.461+0530][103.220s] GC(560) Metaspace: 20463K(20928K)->20463K(20928K) NonClass: 17879K(18112K)->17879K(18112K) Class: 2584K(2816K)->2584K(2816K)
[2025-06-03T15:45:40.462+0530][103.220s] GC(560) Pause Young (Normal) (G1 Evacuation Pause) 315M->9M(512M) 1.266ms
[2025-06-03T15:45:40.462+0530][103.220s] GC(560) User=0.00s Sys=0.01s Real=0.00s
[2025-06-03T15:45:40.630+0530][103.388s] GC(561) Pause Young (Normal) (G1 Evacuation Pause)
[2025-06-03T15:45:40.630+0530][103.389s] GC(561) Using 8 workers of 8 for evacuation
[2025-06-03T15:45:40.630+0530][103.389s] GC(561) Skipped phase 1 of Reference Processing: no references
[2025-06-03T15:45:40.630+0530][103.389s] GC(561) Skipped phase 2 of Reference Processing: no references
[2025-06-03T15:45:40.630+0530][103.389s] GC(561) Skipped phase 3 of Reference Processing: no references
[2025-06-03T15:45:40.630+0530][103.389s] GC(561) Skipped phase 4 of Reference Processing: no references
[2025-06-03T15:45:40.631+0530][103.389s] GC(561)   Pre Evacuate Collection Set: 0.1ms
[2025-06-03T15:45:40.631+0530][103.390s] GC(561)   Merge Heap Roots: 0.1ms
[2025-06-03T15:45:40.631+0530][103.390s] GC(561)   Evacuate Collection Set: 0.2ms
[2025-06-03T15:45:40.631+0530][103.390s] GC(561)   Post Evacuate Collection Set: 0.5ms
[2025-06-03T15:45:40.631+0530][103.390s] GC(561)   Other: 0.2ms
[2025-06-03T15:45:40.631+0530][103.390s] GC(561) Eden regions: 306->0(306)
[2025-06-03T15:45:40.631+0530][103.390s] GC(561) Survivor regions: 1->1(39)
[2025-06-03T15:45:40.631+0530][103.390s] GC(561) Old regions: 9->9
[2025-06-03T15:45:40.631+0530][103.390s] GC(561) Archive regions: 2->2
[2025-06-03T15:45:40.631+0530][103.390s] GC(561) Humongous regions: 0->0
[2025-06-03T15:45:40.631+0530][103.390s] GC(561) Metaspace: 20463K(20928K)->20463K(20928K) NonClass: 17879K(18112K)->17879K(18112K) Class: 2584K(2816K)->2584K(2816K)
[2025-06-03T15:45:40.631+0530][103.390s] GC(561) Pause Young (Normal) (G1 Evacuation Pause) 315M->9M(512M) 1.247ms
[2025-06-03T15:45:40.631+0530][103.390s] GC(561) User=0.00s Sys=0.00s Real=0.00s
[2025-06-03T15:45:40.789+0530][103.548s] GC(562) Pause Young (Normal) (G1 Evacuation Pause)
[2025-06-03T15:45:40.789+0530][103.548s] GC(562) Using 8 workers of 8 for evacuation
[2025-06-03T15:45:40.789+0530][103.548s] GC(562) Skipped phase 1 of Reference Processing: no references
[2025-06-03T15:45:40.790+0530][103.548s] GC(562) Skipped phase 2 of Reference Processing: no references
[2025-06-03T15:45:40.790+0530][103.548s] GC(562) Skipped phase 3 of Reference Processing: no references
[2025-06-03T15:45:40.790+0530][103.548s] GC(562) Skipped phase 4 of Reference Processing: no references
[2025-06-03T15:45:40.790+0530][103.549s] GC(562)   Pre Evacuate Collection Set: 0.1ms
[2025-06-03T15:45:40.790+0530][103.549s] GC(562)   Merge Heap Roots: 0.1ms
[2025-06-03T15:45:40.790+0530][103.549s] GC(562)   Evacuate Collection Set: 0.2ms
[2025-06-03T15:45:40.790+0530][103.549s] GC(562)   Post Evacuate Collection Set: 0.5ms
[2025-06-03T15:45:40.790+0530][103.549s] GC(562)   Other: 0.2ms
[2025-06-03T15:45:40.790+0530][103.549s] GC(562) Eden regions: 306->0(306)
[2025-06-03T15:45:40.790+0530][103.549s] GC(562) Survivor regions: 1->1(39)
[2025-06-03T15:45:40.790+0530][103.549s] GC(562) Old regions: 9->9
[2025-06-03T15:45:40.790+0530][103.549s] GC(562) Archive regions: 2->2
[2025-06-03T15:45:40.790+0530][103.549s] GC(562) Humongous regions: 0->0
[2025-06-03T15:45:40.790+0530][103.549s] GC(562) Metaspace: 20463K(20928K)->20463K(20928K) NonClass: 17879K(18112K)->17879K(18112K) Class: 2584K(2816K)->2584K(2816K)
[2025-06-03T15:45:40.790+0530][103.549s] GC(562) Pause Young (Normal) (G1 Evacuation Pause) 315M->9M(512M) 1.189ms
[2025-06-03T15:45:40.790+0530][103.549s] GC(562) User=0.00s Sys=0.00s Real=0.01s
[2025-06-03T15:45:40.948+0530][103.707s] GC(563) Pause Young (Normal) (G1 Evacuation Pause)
[2025-06-03T15:45:40.948+0530][103.707s] GC(563) Using 8 workers of 8 for evacuation
[2025-06-03T15:45:40.949+0530][103.708s] GC(563) Skipped phase 1 of Reference Processing: no references
[2025-06-03T15:45:40.949+0530][103.708s] GC(563) Skipped phase 2 of Reference Processing: no references
[2025-06-03T15:45:40.949+0530][103.708s] GC(563) Skipped phase 3 of Reference Processing: no references
[2025-06-03T15:45:40.949+0530][103.708s] GC(563) Skipped phase 4 of Reference Processing: no references
[2025-06-03T15:45:40.949+0530][103.708s] GC(563)   Pre Evacuate Collection Set: 0.1ms
[2025-06-03T15:45:40.949+0530][103.708s] GC(563)   Merge Heap Roots: 0.1ms
[2025-06-03T15:45:40.949+0530][103.708s] GC(563)   Evacuate Collection Set: 0.3ms
[2025-06-03T15:45:40.949+0530][103.708s] GC(563)   Post Evacuate Collection Set: 0.5ms
[2025-06-03T15:45:40.949+0530][103.708s] GC(563)   Other: 0.2ms
[2025-06-03T15:45:40.949+0530][103.708s] GC(563) Eden regions: 306->0(306)
[2025-06-03T15:45:40.949+0530][103.708s] GC(563) Survivor regions: 1->1(39)
[2025-06-03T15:45:40.949+0530][103.708s] GC(563) Old regions: 9->9
[2025-06-03T15:45:40.949+0530][103.708s] GC(563) Archive regions: 2->2
[2025-06-03T15:45:40.949+0530][103.708s] GC(563) Humongous regions: 0->0
[2025-06-03T15:45:40.949+0530][103.708s] GC(563) Metaspace: 20463K(20928K)->20463K(20928K) NonClass: 17879K(18112K)->17879K(18112K) Class: 2584K(2816K)->2584K(2816K)
[2025-06-03T15:45:40.949+0530][103.708s] GC(563) Pause Young (Normal) (G1 Evacuation Pause) 315M->9M(512M) 1.354ms
[2025-06-03T15:45:40.949+0530][103.708s] GC(563) User=0.00s Sys=0.00s Real=0.00s
[2025-06-03T15:45:41.104+0530][103.863s] GC(564) Pause Young (Normal) (G1 Evacuation Pause)
[2025-06-03T15:45:41.104+0530][103.863s] GC(564) Using 8 workers of 8 for evacuation
[2025-06-03T15:45:41.105+0530][103.864s] GC(564) Skipped phase 1 of Reference Processing: no references
[2025-06-03T15:45:41.105+0530][103.864s] GC(564) Skipped phase 2 of Reference Processing: no references
[2025-06-03T15:45:41.105+0530][103.864s] GC(564) Skipped phase 3 of Reference Processing: no references
[2025-06-03T15:45:41.105+0530][103.864s] GC(564) Skipped phase 4 of Reference Processing: no references
[2025-06-03T15:45:41.106+0530][103.864s] GC(564)   Pre Evacuate Collection Set: 0.1ms
[2025-06-03T15:45:41.106+0530][103.864s] GC(564)   Merge Heap Roots: 0.1ms
[2025-06-03T15:45:41.106+0530][103.864s] GC(564)   Evacuate Collection Set: 0.3ms
[2025-06-03T15:45:41.106+0530][103.864s] GC(564)   Post Evacuate Collection Set: 0.4ms
[2025-06-03T15:45:41.106+0530][103.865s] GC(564)   Other: 0.2ms
[2025-06-03T15:45:41.106+0530][103.865s] GC(564) Eden regions: 306->0(306)
[2025-06-03T15:45:41.106+0530][103.865s] GC(564) Survivor regions: 1->1(39)
[2025-06-03T15:45:41.106+0530][103.865s] GC(564) Old regions: 9->9
[2025-06-03T15:45:41.106+0530][103.865s] GC(564) Archive regions: 2->2
[2025-06-03T15:45:41.106+0530][103.865s] GC(564) Humongous regions: 0->0
[2025-06-03T15:45:41.106+0530][103.865s] GC(564) Metaspace: 20463K(20928K)->20463K(20928K) NonClass: 17879K(18112K)->17879K(18112K) Class: 2584K(2816K)->2584K(2816K)
[2025-06-03T15:45:41.106+0530][103.865s] GC(564) Pause Young (Normal) (G1 Evacuation Pause) 315M->9M(512M) 1.337ms
[2025-06-03T15:45:41.106+0530][103.865s] GC(564) User=0.00s Sys=0.00s Real=0.00s
[2025-06-03T15:45:41.267+0530][104.026s] GC(565) Pause Young (Normal) (G1 Evacuation Pause)
[2025-06-03T15:45:41.267+0530][104.026s] GC(565) Using 8 workers of 8 for evacuation
[2025-06-03T15:45:41.268+0530][104.027s] GC(565) Skipped phase 1 of Reference Processing: no references
[2025-06-03T15:45:41.268+0530][104.027s] GC(565) Skipped phase 2 of Reference Processing: no references
[2025-06-03T15:45:41.268+0530][104.027s] GC(565) Skipped phase 3 of Reference Processing: no references
[2025-06-03T15:45:41.268+0530][104.027s] GC(565) Skipped phase 4 of Reference Processing: no references
[2025-06-03T15:45:41.268+0530][104.027s] GC(565)   Pre Evacuate Collection Set: 0.1ms
[2025-06-03T15:45:41.268+0530][104.027s] GC(565)   Merge Heap Roots: 0.1ms
[2025-06-03T15:45:41.268+0530][104.027s] GC(565)   Evacuate Collection Set: 0.2ms
[2025-06-03T15:45:41.268+0530][104.027s] GC(565)   Post Evacuate Collection Set: 0.5ms
[2025-06-03T15:45:41.268+0530][104.027s] GC(565)   Other: 0.2ms
[2025-06-03T15:45:41.268+0530][104.027s] GC(565) Eden regions: 306->0(306)
[2025-06-03T15:45:41.268+0530][104.027s] GC(565) Survivor regions: 1->1(39)
[2025-06-03T15:45:41.269+0530][104.027s] GC(565) Old regions: 9->9
[2025-06-03T15:45:41.269+0530][104.027s] GC(565) Archive regions: 2->2
[2025-06-03T15:45:41.269+0530][104.027s] GC(565) Humongous regions: 0->0
[2025-06-03T15:45:41.269+0530][104.027s] GC(565) Metaspace: 20463K(20928K)->20463K(20928K) NonClass: 17879K(18112K)->17879K(18112K) Class: 2584K(2816K)->2584K(2816K)
[2025-06-03T15:45:41.269+0530][104.028s] GC(565) Pause Young (Normal) (G1 Evacuation Pause) 315M->9M(512M) 1.299ms
[2025-06-03T15:45:41.269+0530][104.028s] GC(565) User=0.00s Sys=0.00s Real=0.00s
[2025-06-03T15:45:41.421+0530][104.180s] GC(566) Pause Young (Normal) (G1 Evacuation Pause)
[2025-06-03T15:45:41.421+0530][104.180s] GC(566) Using 8 workers of 8 for evacuation
[2025-06-03T15:45:41.422+0530][104.180s] GC(566) Skipped phase 1 of Reference Processing: no references
[2025-06-03T15:45:41.422+0530][104.181s] GC(566) Skipped phase 2 of Reference Processing: no references
[2025-06-03T15:45:41.422+0530][104.181s] GC(566) Skipped phase 3 of Reference Processing: no references
[2025-06-03T15:45:41.422+0530][104.181s] GC(566) Skipped phase 4 of Reference Processing: no references
[2025-06-03T15:45:41.422+0530][104.181s] GC(566)   Pre Evacuate Collection Set: 0.1ms
[2025-06-03T15:45:41.422+0530][104.181s] GC(566)   Merge Heap Roots: 0.1ms
[2025-06-03T15:45:41.422+0530][104.181s] GC(566)   Evacuate Collection Set: 0.3ms
[2025-06-03T15:45:41.422+0530][104.181s] GC(566)   Post Evacuate Collection Set: 0.5ms
[2025-06-03T15:45:41.422+0530][104.181s] GC(566)   Other: 0.2ms
[2025-06-03T15:45:41.422+0530][104.181s] GC(566) Eden regions: 306->0(306)
[2025-06-03T15:45:41.422+0530][104.181s] GC(566) Survivor regions: 1->1(39)
[2025-06-03T15:45:41.422+0530][104.181s] GC(566) Old regions: 9->9
[2025-06-03T15:45:41.422+0530][104.181s] GC(566) Archive regions: 2->2
[2025-06-03T15:45:41.422+0530][104.181s] GC(566) Humongous regions: 0->0
[2025-06-03T15:45:41.422+0530][104.181s] GC(566) Metaspace: 20463K(20928K)->20463K(20928K) NonClass: 17879K(18112K)->17879K(18112K) Class: 2584K(2816K)->2584K(2816K)
[2025-06-03T15:45:41.422+0530][104.181s] GC(566) Pause Young (Normal) (G1 Evacuation Pause) 315M->9M(512M) 1.284ms
[2025-06-03T15:45:41.422+0530][104.181s] GC(566) User=0.00s Sys=0.00s Real=0.00s
[2025-06-03T15:45:41.575+0530][104.334s] GC(567) Pause Young (Normal) (G1 Evacuation Pause)
[2025-06-03T15:45:41.575+0530][104.334s] GC(567) Using 8 workers of 8 for evacuation
[2025-06-03T15:45:41.575+0530][104.334s] GC(567) Skipped phase 1 of Reference Processing: no references
[2025-06-03T15:45:41.575+0530][104.334s] GC(567) Skipped phase 2 of Reference Processing: no references
[2025-06-03T15:45:41.575+0530][104.334s] GC(567) Skipped phase 3 of Reference Processing: no references
[2025-06-03T15:45:41.575+0530][104.334s] GC(567) Skipped phase 4 of Reference Processing: no references
[2025-06-03T15:45:41.576+0530][104.335s] GC(567)   Pre Evacuate Collection Set: 0.1ms
[2025-06-03T15:45:41.576+0530][104.335s] GC(567)   Merge Heap Roots: 0.1ms
[2025-06-03T15:45:41.576+0530][104.335s] GC(567)   Evacuate Collection Set: 0.3ms
[2025-06-03T15:45:41.576+0530][104.335s] GC(567)   Post Evacuate Collection Set: 0.5ms
[2025-06-03T15:45:41.576+0530][104.335s] GC(567)   Other: 0.2ms
[2025-06-03T15:45:41.576+0530][104.335s] GC(567) Eden regions: 306->0(306)
[2025-06-03T15:45:41.576+0530][104.335s] GC(567) Survivor regions: 1->1(39)
[2025-06-03T15:45:41.576+0530][104.335s] GC(567) Old regions: 9->9
[2025-06-03T15:45:41.576+0530][104.335s] GC(567) Archive regions: 2->2
[2025-06-03T15:45:41.576+0530][104.335s] GC(567) Humongous regions: 0->0
[2025-06-03T15:45:41.576+0530][104.335s] GC(567) Metaspace: 20463K(20928K)->20463K(20928K) NonClass: 17879K(18112K)->17879K(18112K) Class: 2584K(2816K)->2584K(2816K)
[2025-06-03T15:45:41.576+0530][104.335s] GC(567) Pause Young (Normal) (G1 Evacuation Pause) 315M->9M(512M) 1.415ms
[2025-06-03T15:45:41.576+0530][104.335s] GC(567) User=0.00s Sys=0.00s Real=0.00s
[2025-06-03T15:45:41.728+0530][104.487s] GC(568) Pause Young (Normal) (G1 Evacuation Pause)
[2025-06-03T15:45:41.728+0530][104.487s] GC(568) Using 8 workers of 8 for evacuation
[2025-06-03T15:45:41.728+0530][104.487s] GC(568) Skipped phase 1 of Reference Processing: no references
[2025-06-03T15:45:41.728+0530][104.487s] GC(568) Skipped phase 2 of Reference Processing: no references
[2025-06-03T15:45:41.729+0530][104.487s] GC(568) Skipped phase 3 of Reference Processing: no references
[2025-06-03T15:45:41.729+0530][104.487s] GC(568) Skipped phase 4 of Reference Processing: no references
[2025-06-03T15:45:41.729+0530][104.488s] GC(568)   Pre Evacuate Collection Set: 0.1ms
[2025-06-03T15:45:41.729+0530][104.488s] GC(568)   Merge Heap Roots: 0.1ms
[2025-06-03T15:45:41.729+0530][104.488s] GC(568)   Evacuate Collection Set: 0.3ms
[2025-06-03T15:45:41.729+0530][104.488s] GC(568)   Post Evacuate Collection Set: 0.5ms
[2025-06-03T15:45:41.729+0530][104.488s] GC(568)   Other: 0.3ms
[2025-06-03T15:45:41.729+0530][104.488s] GC(568) Eden regions: 306->0(306)
[2025-06-03T15:45:41.729+0530][104.488s] GC(568) Survivor regions: 1->1(39)
[2025-06-03T15:45:41.729+0530][104.488s] GC(568) Old regions: 9->9
[2025-06-03T15:45:41.729+0530][104.488s] GC(568) Archive regions: 2->2
[2025-06-03T15:45:41.729+0530][104.488s] GC(568) Humongous regions: 0->0
[2025-06-03T15:45:41.729+0530][104.488s] GC(568) Metaspace: 20463K(20928K)->20463K(20928K) NonClass: 17879K(18112K)->17879K(18112K) Class: 2584K(2816K)->2584K(2816K)
[2025-06-03T15:45:41.729+0530][104.488s] GC(568) Pause Young (Normal) (G1 Evacuation Pause) 315M->9M(512M) 1.388ms
[2025-06-03T15:45:41.729+0530][104.488s] GC(568) User=0.01s Sys=0.00s Real=0.00s
[2025-06-03T15:45:41.881+0530][104.640s] GC(569) Pause Young (Normal) (G1 Evacuation Pause)
[2025-06-03T15:45:41.881+0530][104.640s] GC(569) Using 8 workers of 8 for evacuation
[2025-06-03T15:45:41.882+0530][104.640s] GC(569) Skipped phase 1 of Reference Processing: no references
[2025-06-03T15:45:41.882+0530][104.641s] GC(569) Skipped phase 2 of Reference Processing: no references
[2025-06-03T15:45:41.882+0530][104.641s] GC(569) Skipped phase 3 of Reference Processing: no references
[2025-06-03T15:45:41.882+0530][104.641s] GC(569) Skipped phase 4 of Reference Processing: no references
[2025-06-03T15:45:41.882+0530][104.641s] GC(569)   Pre Evacuate Collection Set: 0.1ms
[2025-06-03T15:45:41.882+0530][104.641s] GC(569)   Merge Heap Roots: 0.1ms
[2025-06-03T15:45:41.882+0530][104.641s] GC(569)   Evacuate Collection Set: 0.2ms
[2025-06-03T15:45:41.882+0530][104.641s] GC(569)   Post Evacuate Collection Set: 0.4ms
[2025-06-03T15:45:41.882+0530][104.641s] GC(569)   Other: 0.2ms
[2025-06-03T15:45:41.882+0530][104.641s] GC(569) Eden regions: 306->0(306)
[2025-06-03T15:45:41.882+0530][104.641s] GC(569) Survivor regions: 1->1(39)
[2025-06-03T15:45:41.882+0530][104.641s] GC(569) Old regions: 9->9
[2025-06-03T15:45:41.882+0530][104.641s] GC(569) Archive regions: 2->2
[2025-06-03T15:45:41.882+0530][104.641s] GC(569) Humongous regions: 0->0
[2025-06-03T15:45:41.882+0530][104.641s] GC(569) Metaspace: 20463K(20928K)->20463K(20928K) NonClass: 17879K(18112K)->17879K(18112K) Class: 2584K(2816K)->2584K(2816K)
[2025-06-03T15:45:41.882+0530][104.641s] GC(569) Pause Young (Normal) (G1 Evacuation Pause) 315M->9M(512M) 1.201ms
[2025-06-03T15:45:41.882+0530][104.641s] GC(569) User=0.00s Sys=0.00s Real=0.00s
[2025-06-03T15:45:42.054+0530][104.813s] GC(570) Pause Young (Normal) (G1 Evacuation Pause)
[2025-06-03T15:45:42.054+0530][104.813s] GC(570) Using 8 workers of 8 for evacuation
[2025-06-03T15:45:42.054+0530][104.813s] GC(570) Skipped phase 1 of Reference Processing: no references
[2025-06-03T15:45:42.054+0530][104.813s] GC(570) Skipped phase 2 of Reference Processing: no references
[2025-06-03T15:45:42.054+0530][104.813s] GC(570) Skipped phase 3 of Reference Processing: no references
[2025-06-03T15:45:42.054+0530][104.813s] GC(570) Skipped phase 4 of Reference Processing: no references
[2025-06-03T15:45:42.055+0530][104.814s] GC(570)   Pre Evacuate Collection Set: 0.1ms
[2025-06-03T15:45:42.055+0530][104.814s] GC(570)   Merge Heap Roots: 0.1ms
[2025-06-03T15:45:42.055+0530][104.814s] GC(570)   Evacuate Collection Set: 0.3ms
[2025-06-03T15:45:42.055+0530][104.814s] GC(570)   Post Evacuate Collection Set: 0.5ms
[2025-06-03T15:45:42.055+0530][104.814s] GC(570)   Other: 0.3ms
[2025-06-03T15:45:42.055+0530][104.814s] GC(570) Eden regions: 306->0(306)
[2025-06-03T15:45:42.055+0530][104.814s] GC(570) Survivor regions: 1->1(39)
[2025-06-03T15:45:42.055+0530][104.814s] GC(570) Old regions: 9->9
[2025-06-03T15:45:42.055+0530][104.814s] GC(570) Archive regions: 2->2
[2025-06-03T15:45:42.055+0530][104.814s] GC(570) Humongous regions: 0->0
[2025-06-03T15:45:42.055+0530][104.814s] GC(570) Metaspace: 20465K(20928K)->20465K(20928K) NonClass: 17881K(18112K)->17881K(18112K) Class: 2584K(2816K)->2584K(2816K)
[2025-06-03T15:45:42.055+0530][104.814s] GC(570) Pause Young (Normal) (G1 Evacuation Pause) 315M->9M(512M) 1.569ms
[2025-06-03T15:45:42.055+0530][104.814s] GC(570) User=0.00s Sys=0.00s Real=0.00s
[2025-06-03T15:45:42.238+0530][104.997s] GC(571) Pause Young (Normal) (G1 Evacuation Pause)
[2025-06-03T15:45:42.238+0530][104.997s] GC(571) Using 8 workers of 8 for evacuation
[2025-06-03T15:45:42.239+0530][104.997s] GC(571) Skipped phase 1 of Reference Processing: no references
[2025-06-03T15:45:42.239+0530][104.998s] GC(571) Skipped phase 2 of Reference Processing: no references
[2025-06-03T15:45:42.239+0530][104.998s] GC(571) Skipped phase 3 of Reference Processing: no references
[2025-06-03T15:45:42.239+0530][104.998s] GC(571) Skipped phase 4 of Reference Processing: no references
[2025-06-03T15:45:42.239+0530][104.998s] GC(571)   Pre Evacuate Collection Set: 0.1ms
[2025-06-03T15:45:42.239+0530][104.998s] GC(571)   Merge Heap Roots: 0.1ms
[2025-06-03T15:45:42.239+0530][104.998s] GC(571)   Evacuate Collection Set: 0.2ms
[2025-06-03T15:45:42.239+0530][104.998s] GC(571)   Post Evacuate Collection Set: 0.5ms
[2025-06-03T15:45:42.239+0530][104.998s] GC(571)   Other: 0.2ms
[2025-06-03T15:45:42.239+0530][104.998s] GC(571) Eden regions: 306->0(306)
[2025-06-03T15:45:42.239+0530][104.998s] GC(571) Survivor regions: 1->1(39)
[2025-06-03T15:45:42.239+0530][104.998s] GC(571) Old regions: 9->9
[2025-06-03T15:45:42.239+0530][104.998s] GC(571) Archive regions: 2->2
[2025-06-03T15:45:42.239+0530][104.998s] GC(571) Humongous regions: 0->0
[2025-06-03T15:45:42.239+0530][104.998s] GC(571) Metaspace: 20465K(20928K)->20465K(20928K) NonClass: 17881K(18112K)->17881K(18112K) Class: 2584K(2816K)->2584K(2816K)
[2025-06-03T15:45:42.239+0530][104.998s] GC(571) Pause Young (Normal) (G1 Evacuation Pause) 315M->9M(512M) 1.336ms
[2025-06-03T15:45:42.239+0530][104.998s] GC(571) User=0.01s Sys=0.00s Real=0.00s
[2025-06-03T15:45:42.390+0530][105.149s] GC(572) Pause Young (Normal) (G1 Evacuation Pause)
[2025-06-03T15:45:42.390+0530][105.149s] GC(572) Using 8 workers of 8 for evacuation
[2025-06-03T15:45:42.390+0530][105.149s] GC(572) Skipped phase 1 of Reference Processing: no references
[2025-06-03T15:45:42.390+0530][105.149s] GC(572) Skipped phase 2 of Reference Processing: no references
[2025-06-03T15:45:42.391+0530][105.149s] GC(572) Skipped phase 3 of Reference Processing: no references
[2025-06-03T15:45:42.391+0530][105.149s] GC(572) Skipped phase 4 of Reference Processing: no references
[2025-06-03T15:45:42.391+0530][105.150s] GC(572)   Pre Evacuate Collection Set: 0.1ms
[2025-06-03T15:45:42.391+0530][105.150s] GC(572)   Merge Heap Roots: 0.1ms
[2025-06-03T15:45:42.391+0530][105.150s] GC(572)   Evacuate Collection Set: 0.3ms
[2025-06-03T15:45:42.391+0530][105.150s] GC(572)   Post Evacuate Collection Set: 0.5ms
[2025-06-03T15:45:42.391+0530][105.150s] GC(572)   Other: 0.2ms
[2025-06-03T15:45:42.391+0530][105.150s] GC(572) Eden regions: 306->0(306)
[2025-06-03T15:45:42.391+0530][105.150s] GC(572) Survivor regions: 1->1(39)
[2025-06-03T15:45:42.391+0530][105.150s] GC(572) Old regions: 9->9
[2025-06-03T15:45:42.391+0530][105.150s] GC(572) Archive regions: 2->2
[2025-06-03T15:45:42.391+0530][105.150s] GC(572) Humongous regions: 0->0
[2025-06-03T15:45:42.391+0530][105.150s] GC(572) Metaspace: 20465K(20928K)->20465K(20928K) NonClass: 17881K(18112K)->17881K(18112K) Class: 2584K(2816K)->2584K(2816K)
[2025-06-03T15:45:42.391+0530][105.150s] GC(572) Pause Young (Normal) (G1 Evacuation Pause) 315M->9M(512M) 1.497ms
[2025-06-03T15:45:42.391+0530][105.150s] GC(572) User=0.01s Sys=0.00s Real=0.00s
[2025-06-03T15:45:42.545+0530][105.304s] GC(573) Pause Young (Normal) (G1 Evacuation Pause)
[2025-06-03T15:45:42.545+0530][105.304s] GC(573) Using 8 workers of 8 for evacuation
[2025-06-03T15:45:42.545+0530][105.304s] GC(573) Skipped phase 1 of Reference Processing: no references
[2025-06-03T15:45:42.545+0530][105.304s] GC(573) Skipped phase 2 of Reference Processing: no references
[2025-06-03T15:45:42.545+0530][105.304s] GC(573) Skipped phase 3 of Reference Processing: no references
[2025-06-03T15:45:42.545+0530][105.304s] GC(573) Skipped phase 4 of Reference Processing: no references
[2025-06-03T15:45:42.546+0530][105.305s] GC(573)   Pre Evacuate Collection Set: 0.1ms
[2025-06-03T15:45:42.546+0530][105.305s] GC(573)   Merge Heap Roots: 0.1ms
[2025-06-03T15:45:42.546+0530][105.305s] GC(573)   Evacuate Collection Set: 0.2ms
[2025-06-03T15:45:42.546+0530][105.305s] GC(573)   Post Evacuate Collection Set: 0.5ms
[2025-06-03T15:45:42.546+0530][105.305s] GC(573)   Other: 0.2ms
[2025-06-03T15:45:42.546+0530][105.305s] GC(573) Eden regions: 306->0(306)
[2025-06-03T15:45:42.546+0530][105.305s] GC(573) Survivor regions: 1->1(39)
[2025-06-03T15:45:42.546+0530][105.305s] GC(573) Old regions: 9->9
[2025-06-03T15:45:42.546+0530][105.305s] GC(573) Archive regions: 2->2
[2025-06-03T15:45:42.546+0530][105.305s] GC(573) Humongous regions: 0->0
[2025-06-03T15:45:42.546+0530][105.305s] GC(573) Metaspace: 20465K(20928K)->20465K(20928K) NonClass: 17881K(18112K)->17881K(18112K) Class: 2584K(2816K)->2584K(2816K)
[2025-06-03T15:45:42.546+0530][105.305s] GC(573) Pause Young (Normal) (G1 Evacuation Pause) 315M->9M(512M) 1.267ms
[2025-06-03T15:45:42.546+0530][105.305s] GC(573) User=0.00s Sys=0.00s Real=0.00s
[2025-06-03T15:45:42.697+0530][105.455s] GC(574) Pause Young (Normal) (G1 Evacuation Pause)
[2025-06-03T15:45:42.697+0530][105.456s] GC(574) Using 8 workers of 8 for evacuation
[2025-06-03T15:45:42.697+0530][105.456s] GC(574) Skipped phase 1 of Reference Processing: no references
[2025-06-03T15:45:42.697+0530][105.456s] GC(574) Skipped phase 2 of Reference Processing: no references
[2025-06-03T15:45:42.697+0530][105.456s] GC(574) Skipped phase 3 of Reference Processing: no references
[2025-06-03T15:45:42.697+0530][105.456s] GC(574) Skipped phase 4 of Reference Processing: no references
[2025-06-03T15:45:42.698+0530][105.457s] GC(574)   Pre Evacuate Collection Set: 0.1ms
[2025-06-03T15:45:42.698+0530][105.457s] GC(574)   Merge Heap Roots: 0.1ms
[2025-06-03T15:45:42.698+0530][105.457s] GC(574)   Evacuate Collection Set: 0.2ms
[2025-06-03T15:45:42.698+0530][105.457s] GC(574)   Post Evacuate Collection Set: 0.5ms
[2025-06-03T15:45:42.698+0530][105.457s] GC(574)   Other: 0.2ms
[2025-06-03T15:45:42.698+0530][105.457s] GC(574) Eden regions: 306->0(306)
[2025-06-03T15:45:42.698+0530][105.457s] GC(574) Survivor regions: 1->1(39)
[2025-06-03T15:45:42.698+0530][105.457s] GC(574) Old regions: 9->9
[2025-06-03T15:45:42.698+0530][105.457s] GC(574) Archive regions: 2->2
[2025-06-03T15:45:42.698+0530][105.457s] GC(574) Humongous regions: 0->0
[2025-06-03T15:45:42.698+0530][105.457s] GC(574) Metaspace: 20465K(20928K)->20465K(20928K) NonClass: 17881K(18112K)->17881K(18112K) Class: 2584K(2816K)->2584K(2816K)
[2025-06-03T15:45:42.698+0530][105.457s] GC(574) Pause Young (Normal) (G1 Evacuation Pause) 315M->9M(512M) 1.245ms
[2025-06-03T15:45:42.698+0530][105.457s] GC(574) User=0.00s Sys=0.00s Real=0.00s
[2025-06-03T15:45:42.849+0530][105.608s] GC(575) Pause Young (Normal) (G1 Evacuation Pause)
[2025-06-03T15:45:42.849+0530][105.608s] GC(575) Using 8 workers of 8 for evacuation
[2025-06-03T15:45:42.849+0530][105.608s] GC(575) Skipped phase 1 of Reference Processing: no references
[2025-06-03T15:45:42.849+0530][105.608s] GC(575) Skipped phase 2 of Reference Processing: no references
[2025-06-03T15:45:42.850+0530][105.609s] GC(575) Skipped phase 3 of Reference Processing: no references
[2025-06-03T15:45:42.850+0530][105.609s] GC(575) Skipped phase 4 of Reference Processing: no references
[2025-06-03T15:45:42.850+0530][105.609s] GC(575)   Pre Evacuate Collection Set: 0.1ms
[2025-06-03T15:45:42.850+0530][105.609s] GC(575)   Merge Heap Roots: 0.1ms
[2025-06-03T15:45:42.850+0530][105.609s] GC(575)   Evacuate Collection Set: 0.2ms
[2025-06-03T15:45:42.850+0530][105.609s] GC(575)   Post Evacuate Collection Set: 0.5ms
[2025-06-03T15:45:42.850+0530][105.609s] GC(575)   Other: 0.2ms
[2025-06-03T15:45:42.850+0530][105.609s] GC(575) Eden regions: 306->0(306)
[2025-06-03T15:45:42.850+0530][105.609s] GC(575) Survivor regions: 1->1(39)
[2025-06-03T15:45:42.850+0530][105.609s] GC(575) Old regions: 9->9
[2025-06-03T15:45:42.850+0530][105.609s] GC(575) Archive regions: 2->2
[2025-06-03T15:45:42.850+0530][105.609s] GC(575) Humongous regions: 0->0
[2025-06-03T15:45:42.850+0530][105.609s] GC(575) Metaspace: 20465K(20928K)->20465K(20928K) NonClass: 17881K(18112K)->17881K(18112K) Class: 2584K(2816K)->2584K(2816K)
[2025-06-03T15:45:42.850+0530][105.609s] GC(575) Pause Young (Normal) (G1 Evacuation Pause) 315M->9M(512M) 1.300ms
[2025-06-03T15:45:42.850+0530][105.609s] GC(575) User=0.01s Sys=0.00s Real=0.01s
[2025-06-03T15:45:43.002+0530][105.761s] GC(576) Pause Young (Normal) (G1 Evacuation Pause)
[2025-06-03T15:45:43.002+0530][105.761s] GC(576) Using 8 workers of 8 for evacuation
[2025-06-03T15:45:43.003+0530][105.762s] GC(576) Skipped phase 1 of Reference Processing: no references
[2025-06-03T15:45:43.003+0530][105.762s] GC(576) Skipped phase 2 of Reference Processing: no references
[2025-06-03T15:45:43.003+0530][105.762s] GC(576) Skipped phase 3 of Reference Processing: no references
[2025-06-03T15:45:43.003+0530][105.762s] GC(576) Skipped phase 4 of Reference Processing: no references
[2025-06-03T15:45:43.003+0530][105.762s] GC(576)   Pre Evacuate Collection Set: 0.1ms
[2025-06-03T15:45:43.003+0530][105.762s] GC(576)   Merge Heap Roots: 0.1ms
[2025-06-03T15:45:43.003+0530][105.762s] GC(576)   Evacuate Collection Set: 0.4ms
[2025-06-03T15:45:43.003+0530][105.762s] GC(576)   Post Evacuate Collection Set: 0.5ms
[2025-06-03T15:45:43.003+0530][105.762s] GC(576)   Other: 0.2ms
[2025-06-03T15:45:43.003+0530][105.762s] GC(576) Eden regions: 306->0(306)
[2025-06-03T15:45:43.003+0530][105.762s] GC(576) Survivor regions: 1->1(39)
[2025-06-03T15:45:43.003+0530][105.762s] GC(576) Old regions: 9->9
[2025-06-03T15:45:43.003+0530][105.762s] GC(576) Archive regions: 2->2
[2025-06-03T15:45:43.003+0530][105.762s] GC(576) Humongous regions: 0->0
[2025-06-03T15:45:43.004+0530][105.762s] GC(576) Metaspace: 20465K(20928K)->20465K(20928K) NonClass: 17881K(18112K)->17881K(18112K) Class: 2584K(2816K)->2584K(2816K)
[2025-06-03T15:45:43.004+0530][105.762s] GC(576) Pause Young (Normal) (G1 Evacuation Pause) 315M->9M(512M) 1.446ms
[2025-06-03T15:45:43.004+0530][105.763s] GC(576) User=0.00s Sys=0.00s Real=0.00s
[2025-06-03T15:45:43.158+0530][105.917s] GC(577) Pause Young (Normal) (G1 Evacuation Pause)
[2025-06-03T15:45:43.158+0530][105.917s] GC(577) Using 8 workers of 8 for evacuation
[2025-06-03T15:45:43.159+0530][105.918s] GC(577) Skipped phase 1 of Reference Processing: no references
[2025-06-03T15:45:43.159+0530][105.918s] GC(577) Skipped phase 2 of Reference Processing: no references
[2025-06-03T15:45:43.159+0530][105.918s] GC(577) Skipped phase 3 of Reference Processing: no references
[2025-06-03T15:45:43.159+0530][105.918s] GC(577) Skipped phase 4 of Reference Processing: no references
[2025-06-03T15:45:43.159+0530][105.918s] GC(577)   Pre Evacuate Collection Set: 0.1ms
[2025-06-03T15:45:43.159+0530][105.918s] GC(577)   Merge Heap Roots: 0.1ms
[2025-06-03T15:45:43.159+0530][105.918s] GC(577)   Evacuate Collection Set: 0.5ms
[2025-06-03T15:45:43.159+0530][105.918s] GC(577)   Post Evacuate Collection Set: 0.6ms
[2025-06-03T15:45:43.159+0530][105.918s] GC(577)   Other: 0.3ms
[2025-06-03T15:45:43.159+0530][105.918s] GC(577) Eden regions: 306->0(306)
[2025-06-03T15:45:43.160+0530][105.919s] GC(577) Survivor regions: 1->1(39)
[2025-06-03T15:45:43.160+0530][105.919s] GC(577) Old regions: 9->9
[2025-06-03T15:45:43.160+0530][105.919s] GC(577) Archive regions: 2->2
[2025-06-03T15:45:43.160+0530][105.919s] GC(577) Humongous regions: 0->0
[2025-06-03T15:45:43.160+0530][105.919s] GC(577) Metaspace: 20465K(20928K)->20465K(20928K) NonClass: 17881K(18112K)->17881K(18112K) Class: 2584K(2816K)->2584K(2816K)
[2025-06-03T15:45:43.160+0530][105.919s] GC(577) Pause Young (Normal) (G1 Evacuation Pause) 315M->9M(512M) 1.953ms
[2025-06-03T15:45:43.160+0530][105.919s] GC(577) User=0.00s Sys=0.01s Real=0.01s
[2025-06-03T15:45:43.310+0530][106.069s] GC(578) Pause Young (Normal) (G1 Evacuation Pause)
[2025-06-03T15:45:43.311+0530][106.069s] GC(578) Using 8 workers of 8 for evacuation
[2025-06-03T15:45:43.311+0530][106.070s] GC(578) Skipped phase 1 of Reference Processing: no references
[2025-06-03T15:45:43.311+0530][106.070s] GC(578) Skipped phase 2 of Reference Processing: no references
[2025-06-03T15:45:43.311+0530][106.070s] GC(578) Skipped phase 3 of Reference Processing: no references
[2025-06-03T15:45:43.311+0530][106.070s] GC(578) Skipped phase 4 of Reference Processing: no references
[2025-06-03T15:45:43.311+0530][106.070s] GC(578)   Pre Evacuate Collection Set: 0.1ms
[2025-06-03T15:45:43.312+0530][106.070s] GC(578)   Merge Heap Roots: 0.1ms
[2025-06-03T15:45:43.312+0530][106.071s] GC(578)   Evacuate Collection Set: 0.2ms
[2025-06-03T15:45:43.312+0530][106.071s] GC(578)   Post Evacuate Collection Set: 0.5ms
[2025-06-03T15:45:43.312+0530][106.071s] GC(578)   Other: 0.2ms
[2025-06-03T15:45:43.312+0530][106.071s] GC(578) Eden regions: 306->0(306)
[2025-06-03T15:45:43.312+0530][106.071s] GC(578) Survivor regions: 1->1(39)
[2025-06-03T15:45:43.312+0530][106.071s] GC(578) Old regions: 9->9
[2025-06-03T15:45:43.312+0530][106.071s] GC(578) Archive regions: 2->2
[2025-06-03T15:45:43.312+0530][106.071s] GC(578) Humongous regions: 0->0
[2025-06-03T15:45:43.312+0530][106.071s] GC(578) Metaspace: 20465K(20928K)->20465K(20928K) NonClass: 17881K(18112K)->17881K(18112K) Class: 2584K(2816K)->2584K(2816K)
[2025-06-03T15:45:43.312+0530][106.071s] GC(578) Pause Young (Normal) (G1 Evacuation Pause) 315M->9M(512M) 1.272ms
[2025-06-03T15:45:43.312+0530][106.071s] GC(578) User=0.00s Sys=0.00s Real=0.00s
[2025-06-03T15:45:43.465+0530][106.224s] GC(579) Pause Young (Normal) (G1 Evacuation Pause)
[2025-06-03T15:45:43.465+0530][106.224s] GC(579) Using 8 workers of 8 for evacuation
[2025-06-03T15:45:43.466+0530][106.224s] GC(579) Skipped phase 1 of Reference Processing: no references
[2025-06-03T15:45:43.466+0530][106.225s] GC(579) Skipped phase 2 of Reference Processing: no references
[2025-06-03T15:45:43.466+0530][106.225s] GC(579) Skipped phase 3 of Reference Processing: no references
[2025-06-03T15:45:43.466+0530][106.225s] GC(579) Skipped phase 4 of Reference Processing: no references
[2025-06-03T15:45:43.466+0530][106.225s] GC(579)   Pre Evacuate Collection Set: 0.1ms
[2025-06-03T15:45:43.466+0530][106.225s] GC(579)   Merge Heap Roots: 0.1ms
[2025-06-03T15:45:43.466+0530][106.225s] GC(579)   Evacuate Collection Set: 0.2ms
[2025-06-03T15:45:43.466+0530][106.225s] GC(579)   Post Evacuate Collection Set: 0.5ms
[2025-06-03T15:45:43.466+0530][106.225s] GC(579)   Other: 0.2ms
[2025-06-03T15:45:43.466+0530][106.225s] GC(579) Eden regions: 306->0(306)
[2025-06-03T15:45:43.466+0530][106.225s] GC(579) Survivor regions: 1->1(39)
[2025-06-03T15:45:43.466+0530][106.225s] GC(579) Old regions: 9->9
[2025-06-03T15:45:43.466+0530][106.225s] GC(579) Archive regions: 2->2
[2025-06-03T15:45:43.466+0530][106.225s] GC(579) Humongous regions: 0->0
[2025-06-03T15:45:43.466+0530][106.225s] GC(579) Metaspace: 20465K(20928K)->20465K(20928K) NonClass: 17881K(18112K)->17881K(18112K) Class: 2584K(2816K)->2584K(2816K)
[2025-06-03T15:45:43.466+0530][106.225s] GC(579) Pause Young (Normal) (G1 Evacuation Pause) 315M->9M(512M) 1.325ms
[2025-06-03T15:45:43.466+0530][106.225s] GC(579) User=0.00s Sys=0.00s Real=0.00s
[2025-06-03T15:45:43.616+0530][106.375s] GC(580) Pause Young (Normal) (G1 Evacuation Pause)
[2025-06-03T15:45:43.616+0530][106.375s] GC(580) Using 8 workers of 8 for evacuation
[2025-06-03T15:45:43.617+0530][106.376s] GC(580) Skipped phase 1 of Reference Processing: no references
[2025-06-03T15:45:43.617+0530][106.376s] GC(580) Skipped phase 2 of Reference Processing: no references
[2025-06-03T15:45:43.617+0530][106.376s] GC(580) Skipped phase 3 of Reference Processing: no references
[2025-06-03T15:45:43.617+0530][106.376s] GC(580) Skipped phase 4 of Reference Processing: no references
[2025-06-03T15:45:43.617+0530][106.376s] GC(580)   Pre Evacuate Collection Set: 0.1ms
[2025-06-03T15:45:43.617+0530][106.376s] GC(580)   Merge Heap Roots: 0.1ms
[2025-06-03T15:45:43.617+0530][106.376s] GC(580)   Evacuate Collection Set: 0.2ms
[2025-06-03T15:45:43.617+0530][106.376s] GC(580)   Post Evacuate Collection Set: 0.4ms
[2025-06-03T15:45:43.618+0530][106.376s] GC(580)   Other: 0.4ms
[2025-06-03T15:45:43.618+0530][106.377s] GC(580) Eden regions: 306->0(306)
[2025-06-03T15:45:43.618+0530][106.377s] GC(580) Survivor regions: 1->1(39)
[2025-06-03T15:45:43.618+0530][106.377s] GC(580) Old regions: 9->9
[2025-06-03T15:45:43.618+0530][106.377s] GC(580) Archive regions: 2->2
[2025-06-03T15:45:43.618+0530][106.377s] GC(580) Humongous regions: 0->0
[2025-06-03T15:45:43.618+0530][106.377s] GC(580) Metaspace: 20465K(20928K)->20465K(20928K) NonClass: 17881K(18112K)->17881K(18112K) Class: 2584K(2816K)->2584K(2816K)
[2025-06-03T15:45:43.618+0530][106.377s] GC(580) Pause Young (Normal) (G1 Evacuation Pause) 315M->9M(512M) 1.390ms
[2025-06-03T15:45:43.618+0530][106.377s] GC(580) User=0.00s Sys=0.01s Real=0.00s
[2025-06-03T15:45:43.765+0530][106.524s] GC(581) Pause Young (Normal) (G1 Evacuation Pause)
[2025-06-03T15:45:43.765+0530][106.524s] GC(581) Using 8 workers of 8 for evacuation
[2025-06-03T15:45:43.766+0530][106.525s] GC(581) Skipped phase 1 of Reference Processing: no references
[2025-06-03T15:45:43.766+0530][106.525s] GC(581) Skipped phase 2 of Reference Processing: no references
[2025-06-03T15:45:43.766+0530][106.525s] GC(581) Skipped phase 3 of Reference Processing: no references
[2025-06-03T15:45:43.766+0530][106.525s] GC(581) Skipped phase 4 of Reference Processing: no references
[2025-06-03T15:45:43.766+0530][106.525s] GC(581)   Pre Evacuate Collection Set: 0.1ms
[2025-06-03T15:45:43.766+0530][106.525s] GC(581)   Merge Heap Roots: 0.1ms
[2025-06-03T15:45:43.766+0530][106.525s] GC(581)   Evacuate Collection Set: 0.2ms
[2025-06-03T15:45:43.766+0530][106.525s] GC(581)   Post Evacuate Collection Set: 0.4ms
[2025-06-03T15:45:43.766+0530][106.525s] GC(581)   Other: 0.2ms
[2025-06-03T15:45:43.766+0530][106.525s] GC(581) Eden regions: 306->0(306)
[2025-06-03T15:45:43.766+0530][106.525s] GC(581) Survivor regions: 1->1(39)
[2025-06-03T15:45:43.766+0530][106.525s] GC(581) Old regions: 9->9
[2025-06-03T15:45:43.766+0530][106.525s] GC(581) Archive regions: 2->2
[2025-06-03T15:45:43.766+0530][106.525s] GC(581) Humongous regions: 0->0
[2025-06-03T15:45:43.766+0530][106.525s] GC(581) Metaspace: 20465K(20928K)->20465K(20928K) NonClass: 17881K(18112K)->17881K(18112K) Class: 2584K(2816K)->2584K(2816K)
[2025-06-03T15:45:43.766+0530][106.525s] GC(581) Pause Young (Normal) (G1 Evacuation Pause) 315M->9M(512M) 1.320ms
[2025-06-03T15:45:43.766+0530][106.525s] GC(581) User=0.00s Sys=0.00s Real=0.00s
[2025-06-03T15:45:43.916+0530][106.675s] GC(582) Pause Young (Normal) (G1 Evacuation Pause)
[2025-06-03T15:45:43.916+0530][106.675s] GC(582) Using 8 workers of 8 for evacuation
[2025-06-03T15:45:43.917+0530][106.676s] GC(582) Skipped phase 1 of Reference Processing: no references
[2025-06-03T15:45:43.917+0530][106.676s] GC(582) Skipped phase 2 of Reference Processing: no references
[2025-06-03T15:45:43.917+0530][106.676s] GC(582) Skipped phase 3 of Reference Processing: no references
[2025-06-03T15:45:43.917+0530][106.676s] GC(582) Skipped phase 4 of Reference Processing: no references
[2025-06-03T15:45:43.918+0530][106.677s] GC(582)   Pre Evacuate Collection Set: 0.1ms
[2025-06-03T15:45:43.918+0530][106.677s] GC(582)   Merge Heap Roots: 0.1ms
[2025-06-03T15:45:43.918+0530][106.677s] GC(582)   Evacuate Collection Set: 0.4ms
[2025-06-03T15:45:43.918+0530][106.677s] GC(582)   Post Evacuate Collection Set: 1.0ms
[2025-06-03T15:45:43.918+0530][106.677s] GC(582)   Other: 0.2ms
[2025-06-03T15:45:43.918+0530][106.677s] GC(582) Eden regions: 306->0(306)
[2025-06-03T15:45:43.918+0530][106.677s] GC(582) Survivor regions: 1->1(39)
[2025-06-03T15:45:43.918+0530][106.677s] GC(582) Old regions: 9->9
[2025-06-03T15:45:43.918+0530][106.677s] GC(582) Archive regions: 2->2
[2025-06-03T15:45:43.918+0530][106.677s] GC(582) Humongous regions: 0->0
[2025-06-03T15:45:43.918+0530][106.677s] GC(582) Metaspace: 20465K(20928K)->20465K(20928K) NonClass: 17881K(18112K)->17881K(18112K) Class: 2584K(2816K)->2584K(2816K)
[2025-06-03T15:45:43.918+0530][106.677s] GC(582) Pause Young (Normal) (G1 Evacuation Pause) 315M->9M(512M) 2.082ms
[2025-06-03T15:45:43.918+0530][106.677s] GC(582) User=0.00s Sys=0.00s Real=0.00s
[2025-06-03T15:45:44.070+0530][106.829s] GC(583) Pause Young (Normal) (G1 Evacuation Pause)
[2025-06-03T15:45:44.070+0530][106.829s] GC(583) Using 8 workers of 8 for evacuation
[2025-06-03T15:45:44.071+0530][106.830s] GC(583) Skipped phase 1 of Reference Processing: no references
[2025-06-03T15:45:44.071+0530][106.830s] GC(583) Skipped phase 2 of Reference Processing: no references
[2025-06-03T15:45:44.071+0530][106.830s] GC(583) Skipped phase 3 of Reference Processing: no references
[2025-06-03T15:45:44.071+0530][106.830s] GC(583) Skipped phase 4 of Reference Processing: no references
[2025-06-03T15:45:44.071+0530][106.830s] GC(583)   Pre Evacuate Collection Set: 0.1ms
[2025-06-03T15:45:44.071+0530][106.830s] GC(583)   Merge Heap Roots: 0.1ms
[2025-06-03T15:45:44.071+0530][106.830s] GC(583)   Evacuate Collection Set: 0.2ms
[2025-06-03T15:45:44.071+0530][106.830s] GC(583)   Post Evacuate Collection Set: 0.5ms
[2025-06-03T15:45:44.071+0530][106.830s] GC(583)   Other: 0.2ms
[2025-06-03T15:45:44.071+0530][106.830s] GC(583) Eden regions: 306->0(306)
[2025-06-03T15:45:44.071+0530][106.830s] GC(583) Survivor regions: 1->1(39)
[2025-06-03T15:45:44.071+0530][106.830s] GC(583) Old regions: 9->9
[2025-06-03T15:45:44.071+0530][106.830s] GC(583) Archive regions: 2->2
[2025-06-03T15:45:44.071+0530][106.830s] GC(583) Humongous regions: 0->0
[2025-06-03T15:45:44.071+0530][106.830s] GC(583) Metaspace: 20465K(20928K)->20465K(20928K) NonClass: 17881K(18112K)->17881K(18112K) Class: 2584K(2816K)->2584K(2816K)
[2025-06-03T15:45:44.072+0530][106.831s] GC(583) Pause Young (Normal) (G1 Evacuation Pause) 315M->9M(512M) 1.250ms
[2025-06-03T15:45:44.072+0530][106.831s] GC(583) User=0.00s Sys=0.00s Real=0.00s
[2025-06-03T15:45:44.223+0530][106.982s] GC(584) Pause Young (Normal) (G1 Evacuation Pause)
[2025-06-03T15:45:44.223+0530][106.982s] GC(584) Using 8 workers of 8 for evacuation
[2025-06-03T15:45:44.224+0530][106.983s] GC(584) Skipped phase 1 of Reference Processing: no references
[2025-06-03T15:45:44.224+0530][106.983s] GC(584) Skipped phase 2 of Reference Processing: no references
[2025-06-03T15:45:44.224+0530][106.983s] GC(584) Skipped phase 3 of Reference Processing: no references
[2025-06-03T15:45:44.224+0530][106.983s] GC(584) Skipped phase 4 of Reference Processing: no references
[2025-06-03T15:45:44.224+0530][106.983s] GC(584)   Pre Evacuate Collection Set: 0.1ms
[2025-06-03T15:45:44.224+0530][106.983s] GC(584)   Merge Heap Roots: 0.1ms
[2025-06-03T15:45:44.224+0530][106.983s] GC(584)   Evacuate Collection Set: 0.3ms
[2025-06-03T15:45:44.224+0530][106.983s] GC(584)   Post Evacuate Collection Set: 0.5ms
[2025-06-03T15:45:44.224+0530][106.983s] GC(584)   Other: 0.2ms
[2025-06-03T15:45:44.224+0530][106.983s] GC(584) Eden regions: 306->0(306)
[2025-06-03T15:45:44.224+0530][106.983s] GC(584) Survivor regions: 1->1(39)
[2025-06-03T15:45:44.224+0530][106.983s] GC(584) Old regions: 9->9
[2025-06-03T15:45:44.224+0530][106.983s] GC(584) Archive regions: 2->2
[2025-06-03T15:45:44.224+0530][106.983s] GC(584) Humongous regions: 0->0
[2025-06-03T15:45:44.225+0530][106.983s] GC(584) Metaspace: 20465K(20928K)->20465K(20928K) NonClass: 17881K(18112K)->17881K(18112K) Class: 2584K(2816K)->2584K(2816K)
[2025-06-03T15:45:44.225+0530][106.984s] GC(584) Pause Young (Normal) (G1 Evacuation Pause) 315M->9M(512M) 1.453ms
[2025-06-03T15:45:44.225+0530][106.984s] GC(584) User=0.00s Sys=0.00s Real=0.00s
[2025-06-03T15:45:44.373+0530][107.132s] GC(585) Pause Young (Normal) (G1 Evacuation Pause)
[2025-06-03T15:45:44.373+0530][107.132s] GC(585) Using 8 workers of 8 for evacuation
[2025-06-03T15:45:44.374+0530][107.133s] GC(585) Skipped phase 1 of Reference Processing: no references
[2025-06-03T15:45:44.374+0530][107.133s] GC(585) Skipped phase 2 of Reference Processing: no references
[2025-06-03T15:45:44.374+0530][107.133s] GC(585) Skipped phase 3 of Reference Processing: no references
[2025-06-03T15:45:44.374+0530][107.133s] GC(585) Skipped phase 4 of Reference Processing: no references
[2025-06-03T15:45:44.374+0530][107.133s] GC(585)   Pre Evacuate Collection Set: 0.1ms
[2025-06-03T15:45:44.374+0530][107.133s] GC(585)   Merge Heap Roots: 0.1ms
[2025-06-03T15:45:44.374+0530][107.133s] GC(585)   Evacuate Collection Set: 0.2ms
[2025-06-03T15:45:44.374+0530][107.133s] GC(585)   Post Evacuate Collection Set: 0.4ms
[2025-06-03T15:45:44.374+0530][107.133s] GC(585)   Other: 0.2ms
[2025-06-03T15:45:44.374+0530][107.133s] GC(585) Eden regions: 306->0(306)
[2025-06-03T15:45:44.374+0530][107.133s] GC(585) Survivor regions: 1->1(39)
[2025-06-03T15:45:44.374+0530][107.133s] GC(585) Old regions: 9->9
[2025-06-03T15:45:44.374+0530][107.133s] GC(585) Archive regions: 2->2
[2025-06-03T15:45:44.374+0530][107.133s] GC(585) Humongous regions: 0->0
[2025-06-03T15:45:44.374+0530][107.133s] GC(585) Metaspace: 20465K(20928K)->20465K(20928K) NonClass: 17881K(18112K)->17881K(18112K) Class: 2584K(2816K)->2584K(2816K)
[2025-06-03T15:45:44.374+0530][107.133s] GC(585) Pause Young (Normal) (G1 Evacuation Pause) 315M->9M(512M) 1.179ms
[2025-06-03T15:45:44.374+0530][107.133s] GC(585) User=0.01s Sys=0.01s Real=0.00s
[2025-06-03T15:45:44.524+0530][107.283s] GC(586) Pause Young (Normal) (G1 Evacuation Pause)
[2025-06-03T15:45:44.525+0530][107.283s] GC(586) Using 8 workers of 8 for evacuation
[2025-06-03T15:45:44.525+0530][107.284s] GC(586) Skipped phase 1 of Reference Processing: no references
[2025-06-03T15:45:44.525+0530][107.284s] GC(586) Skipped phase 2 of Reference Processing: no references
[2025-06-03T15:45:44.525+0530][107.284s] GC(586) Skipped phase 3 of Reference Processing: no references
[2025-06-03T15:45:44.525+0530][107.284s] GC(586) Skipped phase 4 of Reference Processing: no references
[2025-06-03T15:45:44.526+0530][107.285s] GC(586)   Pre Evacuate Collection Set: 0.1ms
[2025-06-03T15:45:44.526+0530][107.285s] GC(586)   Merge Heap Roots: 0.1ms
[2025-06-03T15:45:44.526+0530][107.285s] GC(586)   Evacuate Collection Set: 0.3ms
[2025-06-03T15:45:44.526+0530][107.285s] GC(586)   Post Evacuate Collection Set: 0.6ms
[2025-06-03T15:45:44.526+0530][107.285s] GC(586)   Other: 0.2ms
[2025-06-03T15:45:44.526+0530][107.285s] GC(586) Eden regions: 306->0(306)
[2025-06-03T15:45:44.526+0530][107.285s] GC(586) Survivor regions: 1->1(39)
[2025-06-03T15:45:44.526+0530][107.285s] GC(586) Old regions: 9->9
[2025-06-03T15:45:44.526+0530][107.285s] GC(586) Archive regions: 2->2
[2025-06-03T15:45:44.526+0530][107.285s] GC(586) Humongous regions: 0->0
[2025-06-03T15:45:44.526+0530][107.285s] GC(586) Metaspace: 20465K(20928K)->20465K(20928K) NonClass: 17881K(18112K)->17881K(18112K) Class: 2584K(2816K)->2584K(2816K)
[2025-06-03T15:45:44.526+0530][107.285s] GC(586) Pause Young (Normal) (G1 Evacuation Pause) 315M->9M(512M) 1.650ms
[2025-06-03T15:45:44.526+0530][107.285s] GC(586) User=0.01s Sys=0.00s Real=0.00s
[2025-06-03T15:45:44.674+0530][107.433s] GC(587) Pause Young (Normal) (G1 Evacuation Pause)
[2025-06-03T15:45:44.674+0530][107.433s] GC(587) Using 8 workers of 8 for evacuation
[2025-06-03T15:45:44.674+0530][107.433s] GC(587) Skipped phase 1 of Reference Processing: no references
[2025-06-03T15:45:44.675+0530][107.434s] GC(587) Skipped phase 2 of Reference Processing: no references
[2025-06-03T15:45:44.675+0530][107.434s] GC(587) Skipped phase 3 of Reference Processing: no references
[2025-06-03T15:45:44.675+0530][107.434s] GC(587) Skipped phase 4 of Reference Processing: no references
[2025-06-03T15:45:44.675+0530][107.434s] GC(587)   Pre Evacuate Collection Set: 0.1ms
[2025-06-03T15:45:44.675+0530][107.434s] GC(587)   Merge Heap Roots: 0.1ms
[2025-06-03T15:45:44.675+0530][107.434s] GC(587)   Evacuate Collection Set: 0.2ms
[2025-06-03T15:45:44.675+0530][107.434s] GC(587)   Post Evacuate Collection Set: 0.5ms
[2025-06-03T15:45:44.675+0530][107.434s] GC(587)   Other: 0.2ms
[2025-06-03T15:45:44.675+0530][107.434s] GC(587) Eden regions: 306->0(306)
[2025-06-03T15:45:44.675+0530][107.434s] GC(587) Survivor regions: 1->1(39)
[2025-06-03T15:45:44.675+0530][107.434s] GC(587) Old regions: 9->9
[2025-06-03T15:45:44.675+0530][107.434s] GC(587) Archive regions: 2->2
[2025-06-03T15:45:44.675+0530][107.434s] GC(587) Humongous regions: 0->0
[2025-06-03T15:45:44.675+0530][107.434s] GC(587) Metaspace: 20465K(20928K)->20465K(20928K) NonClass: 17881K(18112K)->17881K(18112K) Class: 2584K(2816K)->2584K(2816K)
[2025-06-03T15:45:44.675+0530][107.434s] GC(587) Pause Young (Normal) (G1 Evacuation Pause) 315M->9M(512M) 1.418ms
[2025-06-03T15:45:44.675+0530][107.434s] GC(587) User=0.01s Sys=0.00s Real=0.00s
[2025-06-03T15:45:44.827+0530][107.586s] GC(588) Pause Young (Normal) (G1 Evacuation Pause)
[2025-06-03T15:45:44.827+0530][107.586s] GC(588) Using 8 workers of 8 for evacuation
[2025-06-03T15:45:44.828+0530][107.587s] GC(588) Skipped phase 1 of Reference Processing: no references
[2025-06-03T15:45:44.828+0530][107.587s] GC(588) Skipped phase 2 of Reference Processing: no references
[2025-06-03T15:45:44.828+0530][107.587s] GC(588) Skipped phase 3 of Reference Processing: no references
[2025-06-03T15:45:44.828+0530][107.587s] GC(588) Skipped phase 4 of Reference Processing: no references
[2025-06-03T15:45:44.828+0530][107.587s] GC(588)   Pre Evacuate Collection Set: 0.1ms
[2025-06-03T15:45:44.828+0530][107.587s] GC(588)   Merge Heap Roots: 0.1ms
[2025-06-03T15:45:44.828+0530][107.587s] GC(588)   Evacuate Collection Set: 0.2ms
[2025-06-03T15:45:44.828+0530][107.587s] GC(588)   Post Evacuate Collection Set: 0.4ms
[2025-06-03T15:45:44.828+0530][107.587s] GC(588)   Other: 0.2ms
[2025-06-03T15:45:44.829+0530][107.588s] GC(588) Eden regions: 306->0(306)
[2025-06-03T15:45:44.829+0530][107.588s] GC(588) Survivor regions: 1->1(39)
[2025-06-03T15:45:44.829+0530][107.588s] GC(588) Old regions: 9->9
[2025-06-03T15:45:44.829+0530][107.588s] GC(588) Archive regions: 2->2
[2025-06-03T15:45:44.829+0530][107.588s] GC(588) Humongous regions: 0->0
[2025-06-03T15:45:44.829+0530][107.588s] GC(588) Metaspace: 20465K(20928K)->20465K(20928K) NonClass: 17881K(18112K)->17881K(18112K) Class: 2584K(2816K)->2584K(2816K)
[2025-06-03T15:45:44.829+0530][107.588s] GC(588) Pause Young (Normal) (G1 Evacuation Pause) 315M->9M(512M) 1.222ms
[2025-06-03T15:45:44.829+0530][107.588s] GC(588) User=0.00s Sys=0.00s Real=0.00s
[2025-06-03T15:45:44.984+0530][107.743s] GC(589) Pause Young (Normal) (G1 Evacuation Pause)
[2025-06-03T15:45:44.984+0530][107.743s] GC(589) Using 8 workers of 8 for evacuation
[2025-06-03T15:45:44.984+0530][107.743s] GC(589) Skipped phase 1 of Reference Processing: no references
[2025-06-03T15:45:44.985+0530][107.744s] GC(589) Skipped phase 2 of Reference Processing: no references
[2025-06-03T15:45:44.985+0530][107.744s] GC(589) Skipped phase 3 of Reference Processing: no references
[2025-06-03T15:45:44.985+0530][107.744s] GC(589) Skipped phase 4 of Reference Processing: no references
[2025-06-03T15:45:44.985+0530][107.744s] GC(589)   Pre Evacuate Collection Set: 0.1ms
[2025-06-03T15:45:44.985+0530][107.744s] GC(589)   Merge Heap Roots: 0.1ms
[2025-06-03T15:45:44.985+0530][107.744s] GC(589)   Evacuate Collection Set: 0.3ms
[2025-06-03T15:45:44.985+0530][107.744s] GC(589)   Post Evacuate Collection Set: 0.6ms
[2025-06-03T15:45:44.985+0530][107.744s] GC(589)   Other: 0.2ms
[2025-06-03T15:45:44.985+0530][107.744s] GC(589) Eden regions: 306->0(306)
[2025-06-03T15:45:44.985+0530][107.744s] GC(589) Survivor regions: 1->1(39)
[2025-06-03T15:45:44.985+0530][107.744s] GC(589) Old regions: 9->9
[2025-06-03T15:45:44.985+0530][107.744s] GC(589) Archive regions: 2->2
[2025-06-03T15:45:44.985+0530][107.744s] GC(589) Humongous regions: 0->0
[2025-06-03T15:45:44.985+0530][107.744s] GC(589) Metaspace: 20465K(20928K)->20465K(20928K) NonClass: 17881K(18112K)->17881K(18112K) Class: 2584K(2816K)->2584K(2816K)
[2025-06-03T15:45:44.985+0530][107.744s] GC(589) Pause Young (Normal) (G1 Evacuation Pause) 315M->9M(512M) 1.530ms
[2025-06-03T15:45:44.985+0530][107.744s] GC(589) User=0.00s Sys=0.00s Real=0.00s
[2025-06-03T15:45:45.136+0530][107.895s] GC(590) Pause Young (Normal) (G1 Evacuation Pause)
[2025-06-03T15:45:45.136+0530][107.895s] GC(590) Using 8 workers of 8 for evacuation
[2025-06-03T15:45:45.136+0530][107.895s] GC(590) Skipped phase 1 of Reference Processing: no references
[2025-06-03T15:45:45.136+0530][107.895s] GC(590) Skipped phase 2 of Reference Processing: no references
[2025-06-03T15:45:45.136+0530][107.895s] GC(590) Skipped phase 3 of Reference Processing: no references
[2025-06-03T15:45:45.136+0530][107.895s] GC(590) Skipped phase 4 of Reference Processing: no references
[2025-06-03T15:45:45.137+0530][107.896s] GC(590)   Pre Evacuate Collection Set: 0.1ms
[2025-06-03T15:45:45.137+0530][107.896s] GC(590)   Merge Heap Roots: 0.1ms
[2025-06-03T15:45:45.137+0530][107.896s] GC(590)   Evacuate Collection Set: 0.2ms
[2025-06-03T15:45:45.137+0530][107.896s] GC(590)   Post Evacuate Collection Set: 0.5ms
[2025-06-03T15:45:45.137+0530][107.896s] GC(590)   Other: 0.2ms
[2025-06-03T15:45:45.137+0530][107.896s] GC(590) Eden regions: 306->0(306)
[2025-06-03T15:45:45.137+0530][107.896s] GC(590) Survivor regions: 1->1(39)
[2025-06-03T15:45:45.137+0530][107.896s] GC(590) Old regions: 9->9
[2025-06-03T15:45:45.137+0530][107.896s] GC(590) Archive regions: 2->2
[2025-06-03T15:45:45.137+0530][107.896s] GC(590) Humongous regions: 0->0
[2025-06-03T15:45:45.137+0530][107.896s] GC(590) Metaspace: 20465K(20928K)->20465K(20928K) NonClass: 17881K(18112K)->17881K(18112K) Class: 2584K(2816K)->2584K(2816K)
[2025-06-03T15:45:45.137+0530][107.896s] GC(590) Pause Young (Normal) (G1 Evacuation Pause) 315M->9M(512M) 1.181ms
[2025-06-03T15:45:45.137+0530][107.896s] GC(590) User=0.01s Sys=0.00s Real=0.00s
[2025-06-03T15:45:45.286+0530][108.045s] GC(591) Pause Young (Normal) (G1 Evacuation Pause)
[2025-06-03T15:45:45.286+0530][108.045s] GC(591) Using 8 workers of 8 for evacuation
[2025-06-03T15:45:45.287+0530][108.046s] GC(591) Skipped phase 1 of Reference Processing: no references
[2025-06-03T15:45:45.287+0530][108.046s] GC(591) Skipped phase 2 of Reference Processing: no references
[2025-06-03T15:45:45.287+0530][108.046s] GC(591) Skipped phase 3 of Reference Processing: no references
[2025-06-03T15:45:45.287+0530][108.046s] GC(591) Skipped phase 4 of Reference Processing: no references
[2025-06-03T15:45:45.287+0530][108.046s] GC(591)   Pre Evacuate Collection Set: 0.1ms
[2025-06-03T15:45:45.287+0530][108.046s] GC(591)   Merge Heap Roots: 0.1ms
[2025-06-03T15:45:45.287+0530][108.046s] GC(591)   Evacuate Collection Set: 0.2ms
[2025-06-03T15:45:45.287+0530][108.046s] GC(591)   Post Evacuate Collection Set: 0.5ms
[2025-06-03T15:45:45.287+0530][108.046s] GC(591)   Other: 0.2ms
[2025-06-03T15:45:45.287+0530][108.046s] GC(591) Eden regions: 306->0(306)
[2025-06-03T15:45:45.287+0530][108.046s] GC(591) Survivor regions: 1->1(39)
[2025-06-03T15:45:45.287+0530][108.046s] GC(591) Old regions: 9->9
[2025-06-03T15:45:45.287+0530][108.046s] GC(591) Archive regions: 2->2
[2025-06-03T15:45:45.287+0530][108.046s] GC(591) Humongous regions: 0->0
[2025-06-03T15:45:45.288+0530][108.047s] GC(591) Metaspace: 20465K(20928K)->20465K(20928K) NonClass: 17881K(18112K)->17881K(18112K) Class: 2584K(2816K)->2584K(2816K)
[2025-06-03T15:45:45.288+0530][108.047s] GC(591) Pause Young (Normal) (G1 Evacuation Pause) 315M->9M(512M) 1.243ms
[2025-06-03T15:45:45.288+0530][108.047s] GC(591) User=0.00s Sys=0.01s Real=0.00s
[2025-06-03T15:45:45.451+0530][108.210s] GC(592) Pause Young (Normal) (G1 Evacuation Pause)
[2025-06-03T15:45:45.451+0530][108.210s] GC(592) Using 8 workers of 8 for evacuation
[2025-06-03T15:45:45.452+0530][108.211s] GC(592) Skipped phase 1 of Reference Processing: no references
[2025-06-03T15:45:45.452+0530][108.211s] GC(592) Skipped phase 2 of Reference Processing: no references
[2025-06-03T15:45:45.452+0530][108.211s] GC(592) Skipped phase 3 of Reference Processing: no references
[2025-06-03T15:45:45.452+0530][108.211s] GC(592) Skipped phase 4 of Reference Processing: no references
[2025-06-03T15:45:45.452+0530][108.211s] GC(592)   Pre Evacuate Collection Set: 0.1ms
[2025-06-03T15:45:45.452+0530][108.211s] GC(592)   Merge Heap Roots: 0.1ms
[2025-06-03T15:45:45.452+0530][108.211s] GC(592)   Evacuate Collection Set: 0.3ms
[2025-06-03T15:45:45.452+0530][108.211s] GC(592)   Post Evacuate Collection Set: 0.5ms
[2025-06-03T15:45:45.452+0530][108.211s] GC(592)   Other: 0.2ms
[2025-06-03T15:45:45.452+0530][108.211s] GC(592) Eden regions: 306->0(306)
[2025-06-03T15:45:45.452+0530][108.211s] GC(592) Survivor regions: 1->1(39)
[2025-06-03T15:45:45.452+0530][108.211s] GC(592) Old regions: 9->9
[2025-06-03T15:45:45.452+0530][108.211s] GC(592) Archive regions: 2->2
[2025-06-03T15:45:45.452+0530][108.211s] GC(592) Humongous regions: 0->0
[2025-06-03T15:45:45.452+0530][108.211s] GC(592) Metaspace: 20465K(20928K)->20465K(20928K) NonClass: 17881K(18112K)->17881K(18112K) Class: 2584K(2816K)->2584K(2816K)
[2025-06-03T15:45:45.452+0530][108.211s] GC(592) Pause Young (Normal) (G1 Evacuation Pause) 315M->9M(512M) 1.518ms
[2025-06-03T15:45:45.452+0530][108.211s] GC(592) User=0.01s Sys=0.00s Real=0.00s
[2025-06-03T15:45:45.609+0530][108.368s] GC(593) Pause Young (Normal) (G1 Evacuation Pause)
[2025-06-03T15:45:45.609+0530][108.368s] GC(593) Using 8 workers of 8 for evacuation
[2025-06-03T15:45:45.610+0530][108.369s] GC(593) Skipped phase 1 of Reference Processing: no references
[2025-06-03T15:45:45.610+0530][108.369s] GC(593) Skipped phase 2 of Reference Processing: no references
[2025-06-03T15:45:45.610+0530][108.369s] GC(593) Skipped phase 3 of Reference Processing: no references
[2025-06-03T15:45:45.610+0530][108.369s] GC(593) Skipped phase 4 of Reference Processing: no references
[2025-06-03T15:45:45.611+0530][108.370s] GC(593)   Pre Evacuate Collection Set: 0.1ms
[2025-06-03T15:45:45.611+0530][108.370s] GC(593)   Merge Heap Roots: 0.1ms
[2025-06-03T15:45:45.611+0530][108.370s] GC(593)   Evacuate Collection Set: 0.2ms
[2025-06-03T15:45:45.611+0530][108.370s] GC(593)   Post Evacuate Collection Set: 0.6ms
[2025-06-03T15:45:45.611+0530][108.370s] GC(593)   Other: 0.2ms
[2025-06-03T15:45:45.611+0530][108.370s] GC(593) Eden regions: 306->0(306)
[2025-06-03T15:45:45.611+0530][108.370s] GC(593) Survivor regions: 1->1(39)
[2025-06-03T15:45:45.611+0530][108.370s] GC(593) Old regions: 9->9
[2025-06-03T15:45:45.611+0530][108.370s] GC(593) Archive regions: 2->2
[2025-06-03T15:45:45.611+0530][108.370s] GC(593) Humongous regions: 0->0
[2025-06-03T15:45:45.611+0530][108.370s] GC(593) Metaspace: 20465K(20928K)->20465K(20928K) NonClass: 17881K(18112K)->17881K(18112K) Class: 2584K(2816K)->2584K(2816K)
[2025-06-03T15:45:45.611+0530][108.370s] GC(593) Pause Young (Normal) (G1 Evacuation Pause) 315M->9M(512M) 1.401ms
[2025-06-03T15:45:45.611+0530][108.370s] GC(593) User=0.00s Sys=0.00s Real=0.01s
[2025-06-03T15:45:45.798+0530][108.557s] GC(594) Pause Young (Normal) (G1 Evacuation Pause)
[2025-06-03T15:45:45.798+0530][108.557s] GC(594) Using 8 workers of 8 for evacuation
[2025-06-03T15:45:45.798+0530][108.557s] GC(594) Skipped phase 1 of Reference Processing: no references
[2025-06-03T15:45:45.798+0530][108.557s] GC(594) Skipped phase 2 of Reference Processing: no references
[2025-06-03T15:45:45.798+0530][108.557s] GC(594) Skipped phase 3 of Reference Processing: no references
[2025-06-03T15:45:45.798+0530][108.557s] GC(594) Skipped phase 4 of Reference Processing: no references
[2025-06-03T15:45:45.799+0530][108.558s] GC(594)   Pre Evacuate Collection Set: 0.1ms
[2025-06-03T15:45:45.799+0530][108.558s] GC(594)   Merge Heap Roots: 0.1ms
[2025-06-03T15:45:45.799+0530][108.558s] GC(594)   Evacuate Collection Set: 0.3ms
[2025-06-03T15:45:45.799+0530][108.558s] GC(594)   Post Evacuate Collection Set: 0.5ms
[2025-06-03T15:45:45.799+0530][108.558s] GC(594)   Other: 0.2ms
[2025-06-03T15:45:45.799+0530][108.558s] GC(594) Eden regions: 306->0(306)
[2025-06-03T15:45:45.799+0530][108.558s] GC(594) Survivor regions: 1->1(39)
[2025-06-03T15:45:45.799+0530][108.558s] GC(594) Old regions: 9->9
[2025-06-03T15:45:45.799+0530][108.558s] GC(594) Archive regions: 2->2
[2025-06-03T15:45:45.799+0530][108.558s] GC(594) Humongous regions: 0->0
[2025-06-03T15:45:45.799+0530][108.558s] GC(594) Metaspace: 20465K(20928K)->20465K(20928K) NonClass: 17881K(18112K)->17881K(18112K) Class: 2584K(2816K)->2584K(2816K)
[2025-06-03T15:45:45.799+0530][108.558s] GC(594) Pause Young (Normal) (G1 Evacuation Pause) 315M->9M(512M) 1.568ms
[2025-06-03T15:45:45.799+0530][108.558s] GC(594) User=0.01s Sys=0.00s Real=0.00s
[2025-06-03T15:45:45.957+0530][108.716s] GC(595) Pause Young (Normal) (G1 Evacuation Pause)
[2025-06-03T15:45:45.958+0530][108.717s] GC(595) Using 8 workers of 8 for evacuation
[2025-06-03T15:45:45.958+0530][108.717s] GC(595) Skipped phase 1 of Reference Processing: no references
[2025-06-03T15:45:45.958+0530][108.717s] GC(595) Skipped phase 2 of Reference Processing: no references
[2025-06-03T15:45:45.958+0530][108.717s] GC(595) Skipped phase 3 of Reference Processing: no references
[2025-06-03T15:45:45.958+0530][108.717s] GC(595) Skipped phase 4 of Reference Processing: no references
[2025-06-03T15:45:45.958+0530][108.718s] GC(595)   Pre Evacuate Collection Set: 0.1ms
[2025-06-03T15:45:45.959+0530][108.718s] GC(595)   Merge Heap Roots: 0.1ms
[2025-06-03T15:45:45.959+0530][108.718s] GC(595)   Evacuate Collection Set: 0.3ms
[2025-06-03T15:45:45.959+0530][108.718s] GC(595)   Post Evacuate Collection Set: 0.4ms
[2025-06-03T15:45:45.959+0530][108.718s] GC(595)   Other: 0.2ms
[2025-06-03T15:45:45.959+0530][108.718s] GC(595) Eden regions: 306->0(306)
[2025-06-03T15:45:45.959+0530][108.718s] GC(595) Survivor regions: 1->1(39)
[2025-06-03T15:45:45.959+0530][108.718s] GC(595) Old regions: 9->9
[2025-06-03T15:45:45.959+0530][108.718s] GC(595) Archive regions: 2->2
[2025-06-03T15:45:45.959+0530][108.718s] GC(595) Humongous regions: 0->0
[2025-06-03T15:45:45.959+0530][108.718s] GC(595) Metaspace: 20465K(20928K)->20465K(20928K) NonClass: 17881K(18112K)->17881K(18112K) Class: 2584K(2816K)->2584K(2816K)
[2025-06-03T15:45:45.959+0530][108.718s] GC(595) Pause Young (Normal) (G1 Evacuation Pause) 315M->9M(512M) 1.284ms
[2025-06-03T15:45:45.959+0530][108.718s] GC(595) User=0.00s Sys=0.01s Real=0.00s
[2025-06-03T15:45:46.115+0530][108.874s] GC(596) Pause Young (Normal) (G1 Evacuation Pause)
[2025-06-03T15:45:46.115+0530][108.874s] GC(596) Using 8 workers of 8 for evacuation
[2025-06-03T15:45:46.116+0530][108.875s] GC(596) Skipped phase 1 of Reference Processing: no references
[2025-06-03T15:45:46.116+0530][108.875s] GC(596) Skipped phase 2 of Reference Processing: no references
[2025-06-03T15:45:46.116+0530][108.875s] GC(596) Skipped phase 3 of Reference Processing: no references
[2025-06-03T15:45:46.116+0530][108.875s] GC(596) Skipped phase 4 of Reference Processing: no references
[2025-06-03T15:45:46.116+0530][108.875s] GC(596)   Pre Evacuate Collection Set: 0.1ms
[2025-06-03T15:45:46.116+0530][108.875s] GC(596)   Merge Heap Roots: 0.1ms
[2025-06-03T15:45:46.116+0530][108.875s] GC(596)   Evacuate Collection Set: 0.3ms
[2025-06-03T15:45:46.116+0530][108.875s] GC(596)   Post Evacuate Collection Set: 0.6ms
[2025-06-03T15:45:46.116+0530][108.875s] GC(596)   Other: 0.2ms
[2025-06-03T15:45:46.116+0530][108.875s] GC(596) Eden regions: 306->0(306)
[2025-06-03T15:45:46.116+0530][108.875s] GC(596) Survivor regions: 1->1(39)
[2025-06-03T15:45:46.116+0530][108.875s] GC(596) Old regions: 9->9
[2025-06-03T15:45:46.116+0530][108.875s] GC(596) Archive regions: 2->2
[2025-06-03T15:45:46.116+0530][108.875s] GC(596) Humongous regions: 0->0
[2025-06-03T15:45:46.117+0530][108.876s] GC(596) Metaspace: 20465K(20928K)->20465K(20928K) NonClass: 17881K(18112K)->17881K(18112K) Class: 2584K(2816K)->2584K(2816K)
[2025-06-03T15:45:46.117+0530][108.876s] GC(596) Pause Young (Normal) (G1 Evacuation Pause) 315M->9M(512M) 1.576ms
[2025-06-03T15:45:46.117+0530][108.876s] GC(596) User=0.00s Sys=0.00s Real=0.00s
[2025-06-03T15:45:46.275+0530][109.034s] GC(597) Pause Young (Normal) (G1 Evacuation Pause)
[2025-06-03T15:45:46.275+0530][109.034s] GC(597) Using 8 workers of 8 for evacuation
[2025-06-03T15:45:46.275+0530][109.034s] GC(597) Skipped phase 1 of Reference Processing: no references
[2025-06-03T15:45:46.275+0530][109.034s] GC(597) Skipped phase 2 of Reference Processing: no references
[2025-06-03T15:45:46.275+0530][109.034s] GC(597) Skipped phase 3 of Reference Processing: no references
[2025-06-03T15:45:46.275+0530][109.034s] GC(597) Skipped phase 4 of Reference Processing: no references
[2025-06-03T15:45:46.276+0530][109.035s] GC(597)   Pre Evacuate Collection Set: 0.1ms
[2025-06-03T15:45:46.276+0530][109.035s] GC(597)   Merge Heap Roots: 0.1ms
[2025-06-03T15:45:46.276+0530][109.035s] GC(597)   Evacuate Collection Set: 0.2ms
[2025-06-03T15:45:46.276+0530][109.035s] GC(597)   Post Evacuate Collection Set: 0.5ms
[2025-06-03T15:45:46.276+0530][109.035s] GC(597)   Other: 0.2ms
[2025-06-03T15:45:46.276+0530][109.035s] GC(597) Eden regions: 306->0(306)
[2025-06-03T15:45:46.276+0530][109.035s] GC(597) Survivor regions: 1->1(39)
[2025-06-03T15:45:46.276+0530][109.035s] GC(597) Old regions: 9->9
[2025-06-03T15:45:46.276+0530][109.035s] GC(597) Archive regions: 2->2
[2025-06-03T15:45:46.276+0530][109.035s] GC(597) Humongous regions: 0->0
[2025-06-03T15:45:46.276+0530][109.035s] GC(597) Metaspace: 20465K(20928K)->20465K(20928K) NonClass: 17881K(18112K)->17881K(18112K) Class: 2584K(2816K)->2584K(2816K)
[2025-06-03T15:45:46.276+0530][109.035s] GC(597) Pause Young (Normal) (G1 Evacuation Pause) 315M->9M(512M) 1.241ms
[2025-06-03T15:45:46.276+0530][109.035s] GC(597) User=0.00s Sys=0.00s Real=0.00s
[2025-06-03T15:45:46.432+0530][109.191s] GC(598) Pause Young (Normal) (G1 Evacuation Pause)
[2025-06-03T15:45:46.432+0530][109.191s] GC(598) Using 8 workers of 8 for evacuation
[2025-06-03T15:45:46.432+0530][109.191s] GC(598) Skipped phase 1 of Reference Processing: no references
[2025-06-03T15:45:46.432+0530][109.191s] GC(598) Skipped phase 2 of Reference Processing: no references
[2025-06-03T15:45:46.432+0530][109.191s] GC(598) Skipped phase 3 of Reference Processing: no references
[2025-06-03T15:45:46.432+0530][109.191s] GC(598) Skipped phase 4 of Reference Processing: no references
[2025-06-03T15:45:46.433+0530][109.192s] GC(598)   Pre Evacuate Collection Set: 0.1ms
[2025-06-03T15:45:46.433+0530][109.192s] GC(598)   Merge Heap Roots: 0.1ms
[2025-06-03T15:45:46.433+0530][109.192s] GC(598)   Evacuate Collection Set: 0.3ms
[2025-06-03T15:45:46.433+0530][109.192s] GC(598)   Post Evacuate Collection Set: 0.5ms
[2025-06-03T15:45:46.433+0530][109.192s] GC(598)   Other: 0.2ms
[2025-06-03T15:45:46.433+0530][109.192s] GC(598) Eden regions: 306->0(306)
[2025-06-03T15:45:46.433+0530][109.192s] GC(598) Survivor regions: 1->1(39)
[2025-06-03T15:45:46.433+0530][109.192s] GC(598) Old regions: 9->9
[2025-06-03T15:45:46.433+0530][109.192s] GC(598) Archive regions: 2->2
[2025-06-03T15:45:46.433+0530][109.192s] GC(598) Humongous regions: 0->0
[2025-06-03T15:45:46.433+0530][109.192s] GC(598) Metaspace: 20465K(20928K)->20465K(20928K) NonClass: 17881K(18112K)->17881K(18112K) Class: 2584K(2816K)->2584K(2816K)
[2025-06-03T15:45:46.433+0530][109.192s] GC(598) Pause Young (Normal) (G1 Evacuation Pause) 315M->9M(512M) 1.295ms
[2025-06-03T15:45:46.433+0530][109.192s] GC(598) User=0.01s Sys=0.01s Real=0.00s
[2025-06-03T15:45:46.589+0530][109.348s] GC(599) Pause Young (Normal) (G1 Evacuation Pause)
[2025-06-03T15:45:46.589+0530][109.348s] GC(599) Using 8 workers of 8 for evacuation
[2025-06-03T15:45:46.590+0530][109.349s] GC(599) Skipped phase 1 of Reference Processing: no references
[2025-06-03T15:45:46.590+0530][109.349s] GC(599) Skipped phase 2 of Reference Processing: no references
[2025-06-03T15:45:46.590+0530][109.349s] GC(599) Skipped phase 3 of Reference Processing: no references
[2025-06-03T15:45:46.590+0530][109.349s] GC(599) Skipped phase 4 of Reference Processing: no references
[2025-06-03T15:45:46.591+0530][109.350s] GC(599)   Pre Evacuate Collection Set: 0.1ms
[2025-06-03T15:45:46.591+0530][109.350s] GC(599)   Merge Heap Roots: 0.1ms
[2025-06-03T15:45:46.591+0530][109.350s] GC(599)   Evacuate Collection Set: 0.3ms
[2025-06-03T15:45:46.591+0530][109.350s] GC(599)   Post Evacuate Collection Set: 0.7ms
[2025-06-03T15:45:46.591+0530][109.350s] GC(599)   Other: 0.2ms
[2025-06-03T15:45:46.591+0530][109.350s] GC(599) Eden regions: 306->0(306)
[2025-06-03T15:45:46.591+0530][109.350s] GC(599) Survivor regions: 1->1(39)
[2025-06-03T15:45:46.591+0530][109.350s] GC(599) Old regions: 9->9
[2025-06-03T15:45:46.591+0530][109.350s] GC(599) Archive regions: 2->2
[2025-06-03T15:45:46.591+0530][109.350s] GC(599) Humongous regions: 0->0
[2025-06-03T15:45:46.591+0530][109.350s] GC(599) Metaspace: 20465K(20928K)->20465K(20928K) NonClass: 17881K(18112K)->17881K(18112K) Class: 2584K(2816K)->2584K(2816K)
[2025-06-03T15:45:46.591+0530][109.350s] GC(599) Pause Young (Normal) (G1 Evacuation Pause) 315M->9M(512M) 1.694ms
[2025-06-03T15:45:46.591+0530][109.350s] GC(599) User=0.00s Sys=0.00s Real=0.01s
[2025-06-03T15:45:46.744+0530][109.503s] GC(600) Pause Young (Normal) (G1 Evacuation Pause)
[2025-06-03T15:45:46.744+0530][109.503s] GC(600) Using 8 workers of 8 for evacuation
[2025-06-03T15:45:46.744+0530][109.503s] GC(600) Skipped phase 1 of Reference Processing: no references
[2025-06-03T15:45:46.744+0530][109.503s] GC(600) Skipped phase 2 of Reference Processing: no references
[2025-06-03T15:45:46.744+0530][109.503s] GC(600) Skipped phase 3 of Reference Processing: no references
[2025-06-03T15:45:46.744+0530][109.503s] GC(600) Skipped phase 4 of Reference Processing: no references
[2025-06-03T15:45:46.745+0530][109.504s] GC(600)   Pre Evacuate Collection Set: 0.1ms
[2025-06-03T15:45:46.745+0530][109.504s] GC(600)   Merge Heap Roots: 0.1ms
[2025-06-03T15:45:46.745+0530][109.504s] GC(600)   Evacuate Collection Set: 0.3ms
[2025-06-03T15:45:46.745+0530][109.504s] GC(600)   Post Evacuate Collection Set: 0.5ms
[2025-06-03T15:45:46.745+0530][109.504s] GC(600)   Other: 0.2ms
[2025-06-03T15:45:46.745+0530][109.504s] GC(600) Eden regions: 306->0(306)
[2025-06-03T15:45:46.745+0530][109.504s] GC(600) Survivor regions: 1->1(39)
[2025-06-03T15:45:46.745+0530][109.504s] GC(600) Old regions: 9->9
[2025-06-03T15:45:46.745+0530][109.504s] GC(600) Archive regions: 2->2
[2025-06-03T15:45:46.745+0530][109.504s] GC(600) Humongous regions: 0->0
[2025-06-03T15:45:46.745+0530][109.504s] GC(600) Metaspace: 20465K(20928K)->20465K(20928K) NonClass: 17881K(18112K)->17881K(18112K) Class: 2584K(2816K)->2584K(2816K)
[2025-06-03T15:45:46.745+0530][109.504s] GC(600) Pause Young (Normal) (G1 Evacuation Pause) 315M->9M(512M) 1.384ms
[2025-06-03T15:45:46.745+0530][109.504s] GC(600) User=0.00s Sys=0.00s Real=0.00s
[2025-06-03T15:45:46.902+0530][109.661s] GC(601) Pause Young (Normal) (G1 Evacuation Pause)
[2025-06-03T15:45:46.902+0530][109.661s] GC(601) Using 8 workers of 8 for evacuation
[2025-06-03T15:45:46.903+0530][109.662s] GC(601) Skipped phase 1 of Reference Processing: no references
[2025-06-03T15:45:46.903+0530][109.662s] GC(601) Skipped phase 2 of Reference Processing: no references
[2025-06-03T15:45:46.903+0530][109.662s] GC(601) Skipped phase 3 of Reference Processing: no references
[2025-06-03T15:45:46.903+0530][109.662s] GC(601) Skipped phase 4 of Reference Processing: no references
[2025-06-03T15:45:46.903+0530][109.662s] GC(601)   Pre Evacuate Collection Set: 0.1ms
[2025-06-03T15:45:46.903+0530][109.662s] GC(601)   Merge Heap Roots: 0.1ms
[2025-06-03T15:45:46.903+0530][109.662s] GC(601)   Evacuate Collection Set: 0.2ms
[2025-06-03T15:45:46.903+0530][109.662s] GC(601)   Post Evacuate Collection Set: 0.5ms
[2025-06-03T15:45:46.903+0530][109.662s] GC(601)   Other: 0.2ms
[2025-06-03T15:45:46.903+0530][109.662s] GC(601) Eden regions: 306->0(306)
[2025-06-03T15:45:46.903+0530][109.663s] GC(601) Survivor regions: 1->1(39)
[2025-06-03T15:45:46.903+0530][109.663s] GC(601) Old regions: 9->9
[2025-06-03T15:45:46.903+0530][109.663s] GC(601) Archive regions: 2->2
[2025-06-03T15:45:46.904+0530][109.663s] GC(601) Humongous regions: 0->0
[2025-06-03T15:45:46.904+0530][109.663s] GC(601) Metaspace: 20465K(20928K)->20465K(20928K) NonClass: 17881K(18112K)->17881K(18112K) Class: 2584K(2816K)->2584K(2816K)
[2025-06-03T15:45:46.904+0530][109.663s] GC(601) Pause Young (Normal) (G1 Evacuation Pause) 315M->9M(512M) 1.524ms
[2025-06-03T15:45:46.904+0530][109.663s] GC(601) User=0.00s Sys=0.00s Real=0.00s
[2025-06-03T15:45:47.088+0530][109.847s] GC(602) Pause Young (Normal) (G1 Evacuation Pause)
[2025-06-03T15:45:47.088+0530][109.847s] GC(602) Using 8 workers of 8 for evacuation
[2025-06-03T15:45:47.088+0530][109.847s] GC(602) Skipped phase 1 of Reference Processing: no references
[2025-06-03T15:45:47.088+0530][109.847s] GC(602) Skipped phase 2 of Reference Processing: no references
[2025-06-03T15:45:47.088+0530][109.847s] GC(602) Skipped phase 3 of Reference Processing: no references
[2025-06-03T15:45:47.088+0530][109.848s] GC(602) Skipped phase 4 of Reference Processing: no references
[2025-06-03T15:45:47.089+0530][109.848s] GC(602)   Pre Evacuate Collection Set: 0.1ms
[2025-06-03T15:45:47.089+0530][109.848s] GC(602)   Merge Heap Roots: 0.1ms
[2025-06-03T15:45:47.089+0530][109.848s] GC(602)   Evacuate Collection Set: 0.3ms
[2025-06-03T15:45:47.089+0530][109.848s] GC(602)   Post Evacuate Collection Set: 0.6ms
[2025-06-03T15:45:47.089+0530][109.848s] GC(602)   Other: 0.2ms
[2025-06-03T15:45:47.089+0530][109.848s] GC(602) Eden regions: 306->0(306)
[2025-06-03T15:45:47.089+0530][109.848s] GC(602) Survivor regions: 1->1(39)
[2025-06-03T15:45:47.089+0530][109.848s] GC(602) Old regions: 9->9
[2025-06-03T15:45:47.089+0530][109.848s] GC(602) Archive regions: 2->2
[2025-06-03T15:45:47.089+0530][109.848s] GC(602) Humongous regions: 0->0
[2025-06-03T15:45:47.089+0530][109.848s] GC(602) Metaspace: 20465K(20928K)->20465K(20928K) NonClass: 17881K(18112K)->17881K(18112K) Class: 2584K(2816K)->2584K(2816K)
[2025-06-03T15:45:47.089+0530][109.848s] GC(602) Pause Young (Normal) (G1 Evacuation Pause) 315M->9M(512M) 1.555ms
[2025-06-03T15:45:47.089+0530][109.848s] GC(602) User=0.00s Sys=0.00s Real=0.00s
[2025-06-03T15:45:47.277+0530][110.036s] GC(603) Pause Young (Normal) (G1 Evacuation Pause)
[2025-06-03T15:45:47.277+0530][110.036s] GC(603) Using 8 workers of 8 for evacuation
[2025-06-03T15:45:47.278+0530][110.037s] GC(603) Skipped phase 1 of Reference Processing: no references
[2025-06-03T15:45:47.278+0530][110.037s] GC(603) Skipped phase 2 of Reference Processing: no references
[2025-06-03T15:45:47.278+0530][110.037s] GC(603) Skipped phase 3 of Reference Processing: no references
[2025-06-03T15:45:47.278+0530][110.037s] GC(603) Skipped phase 4 of Reference Processing: no references
[2025-06-03T15:45:47.278+0530][110.037s] GC(603)   Pre Evacuate Collection Set: 0.1ms
[2025-06-03T15:45:47.278+0530][110.037s] GC(603)   Merge Heap Roots: 0.1ms
[2025-06-03T15:45:47.278+0530][110.037s] GC(603)   Evacuate Collection Set: 0.2ms
[2025-06-03T15:45:47.278+0530][110.037s] GC(603)   Post Evacuate Collection Set: 0.5ms
[2025-06-03T15:45:47.278+0530][110.037s] GC(603)   Other: 0.2ms
[2025-06-03T15:45:47.278+0530][110.037s] GC(603) Eden regions: 306->0(306)
[2025-06-03T15:45:47.278+0530][110.037s] GC(603) Survivor regions: 1->1(39)
[2025-06-03T15:45:47.278+0530][110.037s] GC(603) Old regions: 9->9
[2025-06-03T15:45:47.278+0530][110.038s] GC(603) Archive regions: 2->2
[2025-06-03T15:45:47.278+0530][110.038s] GC(603) Humongous regions: 0->0
[2025-06-03T15:45:47.278+0530][110.038s] GC(603) Metaspace: 20465K(20928K)->20465K(20928K) NonClass: 17881K(18112K)->17881K(18112K) Class: 2584K(2816K)->2584K(2816K)
[2025-06-03T15:45:47.279+0530][110.038s] GC(603) Pause Young (Normal) (G1 Evacuation Pause) 315M->9M(512M) 1.229ms
[2025-06-03T15:45:47.279+0530][110.038s] GC(603) User=0.00s Sys=0.00s Real=0.00s
[2025-06-03T15:45:47.447+0530][110.206s] GC(604) Pause Young (Normal) (G1 Evacuation Pause)
[2025-06-03T15:45:47.447+0530][110.206s] GC(604) Using 8 workers of 8 for evacuation
[2025-06-03T15:45:47.447+0530][110.206s] GC(604) Skipped phase 1 of Reference Processing: no references
[2025-06-03T15:45:47.447+0530][110.206s] GC(604) Skipped phase 2 of Reference Processing: no references
[2025-06-03T15:45:47.447+0530][110.207s] GC(604) Skipped phase 3 of Reference Processing: no references
[2025-06-03T15:45:47.447+0530][110.207s] GC(604) Skipped phase 4 of Reference Processing: no references
[2025-06-03T15:45:47.448+0530][110.207s] GC(604)   Pre Evacuate Collection Set: 0.1ms
[2025-06-03T15:45:47.448+0530][110.207s] GC(604)   Merge Heap Roots: 0.1ms
[2025-06-03T15:45:47.448+0530][110.207s] GC(604)   Evacuate Collection Set: 0.3ms
[2025-06-03T15:45:47.448+0530][110.207s] GC(604)   Post Evacuate Collection Set: 0.5ms
[2025-06-03T15:45:47.448+0530][110.207s] GC(604)   Other: 0.2ms
[2025-06-03T15:45:47.448+0530][110.207s] GC(604) Eden regions: 306->0(306)
[2025-06-03T15:45:47.448+0530][110.207s] GC(604) Survivor regions: 1->1(39)
[2025-06-03T15:45:47.448+0530][110.207s] GC(604) Old regions: 9->9
[2025-06-03T15:45:47.448+0530][110.207s] GC(604) Archive regions: 2->2
[2025-06-03T15:45:47.448+0530][110.207s] GC(604) Humongous regions: 0->0
[2025-06-03T15:45:47.448+0530][110.207s] GC(604) Metaspace: 20465K(20928K)->20465K(20928K) NonClass: 17881K(18112K)->17881K(18112K) Class: 2584K(2816K)->2584K(2816K)
[2025-06-03T15:45:47.448+0530][110.207s] GC(604) Pause Young (Normal) (G1 Evacuation Pause) 315M->9M(512M) 1.452ms
[2025-06-03T15:45:47.448+0530][110.207s] GC(604) User=0.00s Sys=0.00s Real=0.00s
[2025-06-03T15:45:47.605+0530][110.364s] GC(605) Pause Young (Normal) (G1 Evacuation Pause)
[2025-06-03T15:45:47.605+0530][110.364s] GC(605) Using 8 workers of 8 for evacuation
[2025-06-03T15:45:47.606+0530][110.365s] GC(605) Skipped phase 1 of Reference Processing: no references
[2025-06-03T15:45:47.606+0530][110.365s] GC(605) Skipped phase 2 of Reference Processing: no references
[2025-06-03T15:45:47.606+0530][110.365s] GC(605) Skipped phase 3 of Reference Processing: no references
[2025-06-03T15:45:47.606+0530][110.365s] GC(605) Skipped phase 4 of Reference Processing: no references
[2025-06-03T15:45:47.606+0530][110.365s] GC(605)   Pre Evacuate Collection Set: 0.1ms
[2025-06-03T15:45:47.606+0530][110.365s] GC(605)   Merge Heap Roots: 0.1ms
[2025-06-03T15:45:47.606+0530][110.365s] GC(605)   Evacuate Collection Set: 0.3ms
[2025-06-03T15:45:47.606+0530][110.365s] GC(605)   Post Evacuate Collection Set: 0.5ms
[2025-06-03T15:45:47.606+0530][110.365s] GC(605)   Other: 0.2ms
[2025-06-03T15:45:47.606+0530][110.365s] GC(605) Eden regions: 306->0(306)
[2025-06-03T15:45:47.606+0530][110.365s] GC(605) Survivor regions: 1->1(39)
[2025-06-03T15:45:47.606+0530][110.365s] GC(605) Old regions: 9->9
[2025-06-03T15:45:47.606+0530][110.366s] GC(605) Archive regions: 2->2
[2025-06-03T15:45:47.606+0530][110.366s] GC(605) Humongous regions: 0->0
[2025-06-03T15:45:47.606+0530][110.366s] GC(605) Metaspace: 20465K(20928K)->20465K(20928K) NonClass: 17881K(18112K)->17881K(18112K) Class: 2584K(2816K)->2584K(2816K)
[2025-06-03T15:45:47.607+0530][110.366s] GC(605) Pause Young (Normal) (G1 Evacuation Pause) 315M->9M(512M) 1.316ms
[2025-06-03T15:45:47.607+0530][110.366s] GC(605) User=0.00s Sys=0.00s Real=0.00s
[2025-06-03T15:45:47.763+0530][110.522s] GC(606) Pause Young (Normal) (G1 Evacuation Pause)
[2025-06-03T15:45:47.763+0530][110.522s] GC(606) Using 8 workers of 8 for evacuation
[2025-06-03T15:45:47.763+0530][110.522s] GC(606) Skipped phase 1 of Reference Processing: no references
[2025-06-03T15:45:47.763+0530][110.522s] GC(606) Skipped phase 2 of Reference Processing: no references
[2025-06-03T15:45:47.763+0530][110.522s] GC(606) Skipped phase 3 of Reference Processing: no references
[2025-06-03T15:45:47.763+0530][110.522s] GC(606) Skipped phase 4 of Reference Processing: no references
[2025-06-03T15:45:47.764+0530][110.523s] GC(606)   Pre Evacuate Collection Set: 0.1ms
[2025-06-03T15:45:47.764+0530][110.523s] GC(606)   Merge Heap Roots: 0.1ms
[2025-06-03T15:45:47.764+0530][110.523s] GC(606)   Evacuate Collection Set: 0.2ms
[2025-06-03T15:45:47.764+0530][110.523s] GC(606)   Post Evacuate Collection Set: 0.5ms
[2025-06-03T15:45:47.764+0530][110.523s] GC(606)   Other: 0.2ms
[2025-06-03T15:45:47.764+0530][110.523s] GC(606) Eden regions: 306->0(306)
[2025-06-03T15:45:47.764+0530][110.523s] GC(606) Survivor regions: 1->1(39)
[2025-06-03T15:45:47.764+0530][110.523s] GC(606) Old regions: 9->9
[2025-06-03T15:45:47.764+0530][110.523s] GC(606) Archive regions: 2->2
[2025-06-03T15:45:47.764+0530][110.523s] GC(606) Humongous regions: 0->0
[2025-06-03T15:45:47.764+0530][110.523s] GC(606) Metaspace: 20465K(20928K)->20465K(20928K) NonClass: 17881K(18112K)->17881K(18112K) Class: 2584K(2816K)->2584K(2816K)
[2025-06-03T15:45:47.764+0530][110.523s] GC(606) Pause Young (Normal) (G1 Evacuation Pause) 315M->9M(512M) 1.339ms
[2025-06-03T15:45:47.764+0530][110.523s] GC(606) User=0.00s Sys=0.01s Real=0.00s
[2025-06-03T15:45:47.921+0530][110.680s] GC(607) Pause Young (Normal) (G1 Evacuation Pause)
[2025-06-03T15:45:47.921+0530][110.680s] GC(607) Using 8 workers of 8 for evacuation
[2025-06-03T15:45:47.922+0530][110.681s] GC(607) Skipped phase 1 of Reference Processing: no references
[2025-06-03T15:45:47.922+0530][110.681s] GC(607) Skipped phase 2 of Reference Processing: no references
[2025-06-03T15:45:47.922+0530][110.681s] GC(607) Skipped phase 3 of Reference Processing: no references
[2025-06-03T15:45:47.922+0530][110.681s] GC(607) Skipped phase 4 of Reference Processing: no references
[2025-06-03T15:45:47.922+0530][110.681s] GC(607)   Pre Evacuate Collection Set: 0.1ms
[2025-06-03T15:45:47.922+0530][110.681s] GC(607)   Merge Heap Roots: 0.1ms
[2025-06-03T15:45:47.922+0530][110.681s] GC(607)   Evacuate Collection Set: 0.2ms
[2025-06-03T15:45:47.922+0530][110.681s] GC(607)   Post Evacuate Collection Set: 0.5ms
[2025-06-03T15:45:47.922+0530][110.681s] GC(607)   Other: 0.2ms
[2025-06-03T15:45:47.922+0530][110.681s] GC(607) Eden regions: 306->0(306)
[2025-06-03T15:45:47.922+0530][110.681s] GC(607) Survivor regions: 1->1(39)
[2025-06-03T15:45:47.922+0530][110.682s] GC(607) Old regions: 9->9
[2025-06-03T15:45:47.922+0530][110.682s] GC(607) Archive regions: 2->2
[2025-06-03T15:45:47.922+0530][110.682s] GC(607) Humongous regions: 0->0
[2025-06-03T15:45:47.922+0530][110.682s] GC(607) Metaspace: 20465K(20928K)->20465K(20928K) NonClass: 17881K(18112K)->17881K(18112K) Class: 2584K(2816K)->2584K(2816K)
[2025-06-03T15:45:47.923+0530][110.682s] GC(607) Pause Young (Normal) (G1 Evacuation Pause) 315M->9M(512M) 1.296ms
[2025-06-03T15:45:47.923+0530][110.682s] GC(607) User=0.00s Sys=0.00s Real=0.00s
[2025-06-03T15:45:48.081+0530][110.840s] GC(608) Pause Young (Normal) (G1 Evacuation Pause)
[2025-06-03T15:45:48.081+0530][110.840s] GC(608) Using 8 workers of 8 for evacuation
[2025-06-03T15:45:48.081+0530][110.841s] GC(608) Skipped phase 1 of Reference Processing: no references
[2025-06-03T15:45:48.082+0530][110.841s] GC(608) Skipped phase 2 of Reference Processing: no references
[2025-06-03T15:45:48.082+0530][110.841s] GC(608) Skipped phase 3 of Reference Processing: no references
[2025-06-03T15:45:48.082+0530][110.841s] GC(608) Skipped phase 4 of Reference Processing: no references
[2025-06-03T15:45:48.082+0530][110.841s] GC(608)   Pre Evacuate Collection Set: 0.1ms
[2025-06-03T15:45:48.082+0530][110.841s] GC(608)   Merge Heap Roots: 0.1ms
[2025-06-03T15:45:48.082+0530][110.841s] GC(608)   Evacuate Collection Set: 0.2ms
[2025-06-03T15:45:48.082+0530][110.841s] GC(608)   Post Evacuate Collection Set: 0.5ms
[2025-06-03T15:45:48.082+0530][110.841s] GC(608)   Other: 0.2ms
[2025-06-03T15:45:48.082+0530][110.841s] GC(608) Eden regions: 306->0(306)
[2025-06-03T15:45:48.082+0530][110.841s] GC(608) Survivor regions: 1->1(39)
[2025-06-03T15:45:48.082+0530][110.841s] GC(608) Old regions: 9->9
[2025-06-03T15:45:48.082+0530][110.841s] GC(608) Archive regions: 2->2
[2025-06-03T15:45:48.082+0530][110.841s] GC(608) Humongous regions: 0->0
[2025-06-03T15:45:48.082+0530][110.841s] GC(608) Metaspace: 20465K(20928K)->20465K(20928K) NonClass: 17881K(18112K)->17881K(18112K) Class: 2584K(2816K)->2584K(2816K)
[2025-06-03T15:45:48.082+0530][110.841s] GC(608) Pause Young (Normal) (G1 Evacuation Pause) 315M->9M(512M) 1.402ms
[2025-06-03T15:45:48.082+0530][110.841s] GC(608) User=0.00s Sys=0.00s Real=0.00s
[2025-06-03T15:45:48.238+0530][110.997s] GC(609) Pause Young (Normal) (G1 Evacuation Pause)
[2025-06-03T15:45:48.238+0530][110.997s] GC(609) Using 8 workers of 8 for evacuation
[2025-06-03T15:45:48.239+0530][110.998s] GC(609) Skipped phase 1 of Reference Processing: no references
[2025-06-03T15:45:48.239+0530][110.998s] GC(609) Skipped phase 2 of Reference Processing: no references
[2025-06-03T15:45:48.239+0530][110.998s] GC(609) Skipped phase 3 of Reference Processing: no references
[2025-06-03T15:45:48.239+0530][110.998s] GC(609) Skipped phase 4 of Reference Processing: no references
[2025-06-03T15:45:48.239+0530][110.998s] GC(609)   Pre Evacuate Collection Set: 0.1ms
[2025-06-03T15:45:48.239+0530][110.998s] GC(609)   Merge Heap Roots: 0.1ms
[2025-06-03T15:45:48.239+0530][110.998s] GC(609)   Evacuate Collection Set: 0.3ms
[2025-06-03T15:45:48.239+0530][110.998s] GC(609)   Post Evacuate Collection Set: 0.5ms
[2025-06-03T15:45:48.239+0530][110.998s] GC(609)   Other: 0.2ms
[2025-06-03T15:45:48.239+0530][110.998s] GC(609) Eden regions: 306->0(306)
[2025-06-03T15:45:48.239+0530][110.998s] GC(609) Survivor regions: 1->1(39)
[2025-06-03T15:45:48.239+0530][110.998s] GC(609) Old regions: 9->9
[2025-06-03T15:45:48.239+0530][110.998s] GC(609) Archive regions: 2->2
[2025-06-03T15:45:48.239+0530][110.998s] GC(609) Humongous regions: 0->0
[2025-06-03T15:45:48.239+0530][110.998s] GC(609) Metaspace: 20465K(20928K)->20465K(20928K) NonClass: 17881K(18112K)->17881K(18112K) Class: 2584K(2816K)->2584K(2816K)
[2025-06-03T15:45:48.239+0530][110.999s] GC(609) Pause Young (Normal) (G1 Evacuation Pause) 315M->9M(512M) 1.317ms
[2025-06-03T15:45:48.239+0530][110.999s] GC(609) User=0.00s Sys=0.00s Real=0.00s
[2025-06-03T15:45:48.395+0530][111.154s] GC(610) Pause Young (Normal) (G1 Evacuation Pause)
[2025-06-03T15:45:48.395+0530][111.154s] GC(610) Using 8 workers of 8 for evacuation
[2025-06-03T15:45:48.396+0530][111.155s] GC(610) Skipped phase 1 of Reference Processing: no references
[2025-06-03T15:45:48.396+0530][111.155s] GC(610) Skipped phase 2 of Reference Processing: no references
[2025-06-03T15:45:48.396+0530][111.155s] GC(610) Skipped phase 3 of Reference Processing: no references
[2025-06-03T15:45:48.396+0530][111.155s] GC(610) Skipped phase 4 of Reference Processing: no references
[2025-06-03T15:45:48.396+0530][111.155s] GC(610)   Pre Evacuate Collection Set: 0.1ms
[2025-06-03T15:45:48.396+0530][111.155s] GC(610)   Merge Heap Roots: 0.1ms
[2025-06-03T15:45:48.396+0530][111.155s] GC(610)   Evacuate Collection Set: 0.2ms
[2025-06-03T15:45:48.396+0530][111.155s] GC(610)   Post Evacuate Collection Set: 0.5ms
[2025-06-03T15:45:48.396+0530][111.155s] GC(610)   Other: 0.2ms
[2025-06-03T15:45:48.396+0530][111.155s] GC(610) Eden regions: 306->0(306)
[2025-06-03T15:45:48.396+0530][111.155s] GC(610) Survivor regions: 1->1(39)
[2025-06-03T15:45:48.396+0530][111.155s] GC(610) Old regions: 9->9
[2025-06-03T15:45:48.396+0530][111.155s] GC(610) Archive regions: 2->2
[2025-06-03T15:45:48.396+0530][111.155s] GC(610) Humongous regions: 0->0
[2025-06-03T15:45:48.396+0530][111.155s] GC(610) Metaspace: 20465K(20928K)->20465K(20928K) NonClass: 17881K(18112K)->17881K(18112K) Class: 2584K(2816K)->2584K(2816K)
[2025-06-03T15:45:48.396+0530][111.155s] GC(610) Pause Young (Normal) (G1 Evacuation Pause) 315M->9M(512M) 1.273ms
[2025-06-03T15:45:48.396+0530][111.155s] GC(610) User=0.00s Sys=0.00s Real=0.00s
[2025-06-03T15:45:48.552+0530][111.311s] GC(611) Pause Young (Normal) (G1 Evacuation Pause)
[2025-06-03T15:45:48.552+0530][111.311s] GC(611) Using 8 workers of 8 for evacuation
[2025-06-03T15:45:48.552+0530][111.311s] GC(611) Skipped phase 1 of Reference Processing: no references
[2025-06-03T15:45:48.552+0530][111.311s] GC(611) Skipped phase 2 of Reference Processing: no references
[2025-06-03T15:45:48.552+0530][111.311s] GC(611) Skipped phase 3 of Reference Processing: no references
[2025-06-03T15:45:48.552+0530][111.311s] GC(611) Skipped phase 4 of Reference Processing: no references
[2025-06-03T15:45:48.553+0530][111.312s] GC(611)   Pre Evacuate Collection Set: 0.1ms
[2025-06-03T15:45:48.553+0530][111.312s] GC(611)   Merge Heap Roots: 0.1ms
[2025-06-03T15:45:48.553+0530][111.312s] GC(611)   Evacuate Collection Set: 0.2ms
[2025-06-03T15:45:48.553+0530][111.312s] GC(611)   Post Evacuate Collection Set: 0.5ms
[2025-06-03T15:45:48.553+0530][111.312s] GC(611)   Other: 0.2ms
[2025-06-03T15:45:48.553+0530][111.312s] GC(611) Eden regions: 306->0(306)
[2025-06-03T15:45:48.553+0530][111.312s] GC(611) Survivor regions: 1->1(39)
[2025-06-03T15:45:48.553+0530][111.312s] GC(611) Old regions: 9->9
[2025-06-03T15:45:48.553+0530][111.312s] GC(611) Archive regions: 2->2
[2025-06-03T15:45:48.553+0530][111.312s] GC(611) Humongous regions: 0->0
[2025-06-03T15:45:48.553+0530][111.312s] GC(611) Metaspace: 20465K(20928K)->20465K(20928K) NonClass: 17881K(18112K)->17881K(18112K) Class: 2584K(2816K)->2584K(2816K)
[2025-06-03T15:45:48.553+0530][111.312s] GC(611) Pause Young (Normal) (G1 Evacuation Pause) 315M->9M(512M) 1.311ms
[2025-06-03T15:45:48.553+0530][111.312s] GC(611) User=0.01s Sys=0.00s Real=0.00s
[2025-06-03T15:45:48.708+0530][111.467s] GC(612) Pause Young (Normal) (G1 Evacuation Pause)
[2025-06-03T15:45:48.708+0530][111.467s] GC(612) Using 8 workers of 8 for evacuation
[2025-06-03T15:45:48.708+0530][111.468s] GC(612) Skipped phase 1 of Reference Processing: no references
[2025-06-03T15:45:48.708+0530][111.468s] GC(612) Skipped phase 2 of Reference Processing: no references
[2025-06-03T15:45:48.708+0530][111.468s] GC(612) Skipped phase 3 of Reference Processing: no references
[2025-06-03T15:45:48.708+0530][111.468s] GC(612) Skipped phase 4 of Reference Processing: no references
[2025-06-03T15:45:48.709+0530][111.468s] GC(612)   Pre Evacuate Collection Set: 0.1ms
[2025-06-03T15:45:48.709+0530][111.468s] GC(612)   Merge Heap Roots: 0.1ms
[2025-06-03T15:45:48.709+0530][111.468s] GC(612)   Evacuate Collection Set: 0.2ms
[2025-06-03T15:45:48.709+0530][111.468s] GC(612)   Post Evacuate Collection Set: 0.4ms
[2025-06-03T15:45:48.709+0530][111.468s] GC(612)   Other: 0.2ms
[2025-06-03T15:45:48.709+0530][111.468s] GC(612) Eden regions: 306->0(306)
[2025-06-03T15:45:48.709+0530][111.468s] GC(612) Survivor regions: 1->1(39)
[2025-06-03T15:45:48.709+0530][111.468s] GC(612) Old regions: 9->9
[2025-06-03T15:45:48.709+0530][111.468s] GC(612) Archive regions: 2->2
[2025-06-03T15:45:48.709+0530][111.468s] GC(612) Humongous regions: 0->0
[2025-06-03T15:45:48.709+0530][111.468s] GC(612) Metaspace: 20465K(20928K)->20465K(20928K) NonClass: 17881K(18112K)->17881K(18112K) Class: 2584K(2816K)->2584K(2816K)
[2025-06-03T15:45:48.709+0530][111.468s] GC(612) Pause Young (Normal) (G1 Evacuation Pause) 315M->9M(512M) 1.211ms
[2025-06-03T15:45:48.709+0530][111.468s] GC(612) User=0.00s Sys=0.00s Real=0.00s
[2025-06-03T15:45:48.866+0530][111.625s] GC(613) Pause Young (Normal) (G1 Evacuation Pause)
[2025-06-03T15:45:48.866+0530][111.625s] GC(613) Using 8 workers of 8 for evacuation
[2025-06-03T15:45:48.866+0530][111.625s] GC(613) Skipped phase 1 of Reference Processing: no references
[2025-06-03T15:45:48.866+0530][111.625s] GC(613) Skipped phase 2 of Reference Processing: no references
[2025-06-03T15:45:48.866+0530][111.625s] GC(613) Skipped phase 3 of Reference Processing: no references
[2025-06-03T15:45:48.866+0530][111.626s] GC(613) Skipped phase 4 of Reference Processing: no references
[2025-06-03T15:45:48.867+0530][111.626s] GC(613)   Pre Evacuate Collection Set: 0.1ms
[2025-06-03T15:45:48.867+0530][111.626s] GC(613)   Merge Heap Roots: 0.1ms
[2025-06-03T15:45:48.867+0530][111.626s] GC(613)   Evacuate Collection Set: 0.3ms
[2025-06-03T15:45:48.867+0530][111.626s] GC(613)   Post Evacuate Collection Set: 0.5ms
[2025-06-03T15:45:48.867+0530][111.626s] GC(613)   Other: 0.2ms
[2025-06-03T15:45:48.867+0530][111.626s] GC(613) Eden regions: 306->0(306)
[2025-06-03T15:45:48.867+0530][111.626s] GC(613) Survivor regions: 1->1(39)
[2025-06-03T15:45:48.867+0530][111.626s] GC(613) Old regions: 9->9
[2025-06-03T15:45:48.867+0530][111.626s] GC(613) Archive regions: 2->2
[2025-06-03T15:45:48.867+0530][111.626s] GC(613) Humongous regions: 0->0
[2025-06-03T15:45:48.867+0530][111.626s] GC(613) Metaspace: 20465K(20928K)->20465K(20928K) NonClass: 17881K(18112K)->17881K(18112K) Class: 2584K(2816K)->2584K(2816K)
[2025-06-03T15:45:48.867+0530][111.626s] GC(613) Pause Young (Normal) (G1 Evacuation Pause) 315M->9M(512M) 1.340ms
[2025-06-03T15:45:48.867+0530][111.626s] GC(613) User=0.00s Sys=0.00s Real=0.00s
[2025-06-03T15:45:49.025+0530][111.784s] GC(614) Pause Young (Normal) (G1 Evacuation Pause)
[2025-06-03T15:45:49.025+0530][111.784s] GC(614) Using 8 workers of 8 for evacuation
[2025-06-03T15:45:49.025+0530][111.784s] GC(614) Skipped phase 1 of Reference Processing: no references
[2025-06-03T15:45:49.025+0530][111.784s] GC(614) Skipped phase 2 of Reference Processing: no references
[2025-06-03T15:45:49.025+0530][111.784s] GC(614) Skipped phase 3 of Reference Processing: no references
[2025-06-03T15:45:49.025+0530][111.784s] GC(614) Skipped phase 4 of Reference Processing: no references
[2025-06-03T15:45:49.025+0530][111.785s] GC(614)   Pre Evacuate Collection Set: 0.1ms
[2025-06-03T15:45:49.026+0530][111.785s] GC(614)   Merge Heap Roots: 0.1ms
[2025-06-03T15:45:49.026+0530][111.785s] GC(614)   Evacuate Collection Set: 0.2ms
[2025-06-03T15:45:49.026+0530][111.785s] GC(614)   Post Evacuate Collection Set: 0.5ms
[2025-06-03T15:45:49.026+0530][111.785s] GC(614)   Other: 0.2ms
[2025-06-03T15:45:49.026+0530][111.785s] GC(614) Eden regions: 306->0(306)
[2025-06-03T15:45:49.026+0530][111.785s] GC(614) Survivor regions: 1->1(39)
[2025-06-03T15:45:49.026+0530][111.785s] GC(614) Old regions: 9->9
[2025-06-03T15:45:49.026+0530][111.785s] GC(614) Archive regions: 2->2
[2025-06-03T15:45:49.026+0530][111.785s] GC(614) Humongous regions: 0->0
[2025-06-03T15:45:49.026+0530][111.785s] GC(614) Metaspace: 20465K(20928K)->20465K(20928K) NonClass: 17881K(18112K)->17881K(18112K) Class: 2584K(2816K)->2584K(2816K)
[2025-06-03T15:45:49.026+0530][111.785s] GC(614) Pause Young (Normal) (G1 Evacuation Pause) 315M->9M(512M) 1.195ms
[2025-06-03T15:45:49.026+0530][111.785s] GC(614) User=0.00s Sys=0.00s Real=0.00s
[2025-06-03T15:45:49.182+0530][111.942s] GC(615) Pause Young (Normal) (G1 Evacuation Pause)
[2025-06-03T15:45:49.183+0530][111.942s] GC(615) Using 8 workers of 8 for evacuation
[2025-06-03T15:45:49.183+0530][111.942s] GC(615) Skipped phase 1 of Reference Processing: no references
[2025-06-03T15:45:49.183+0530][111.942s] GC(615) Skipped phase 2 of Reference Processing: no references
[2025-06-03T15:45:49.183+0530][111.942s] GC(615) Skipped phase 3 of Reference Processing: no references
[2025-06-03T15:45:49.183+0530][111.942s] GC(615) Skipped phase 4 of Reference Processing: no references
[2025-06-03T15:45:49.184+0530][111.943s] GC(615)   Pre Evacuate Collection Set: 0.1ms
[2025-06-03T15:45:49.184+0530][111.943s] GC(615)   Merge Heap Roots: 0.2ms
[2025-06-03T15:45:49.184+0530][111.943s] GC(615)   Evacuate Collection Set: 0.4ms
[2025-06-03T15:45:49.184+0530][111.943s] GC(615)   Post Evacuate Collection Set: 0.6ms
[2025-06-03T15:45:49.184+0530][111.943s] GC(615)   Other: 0.2ms
[2025-06-03T15:45:49.184+0530][111.943s] GC(615) Eden regions: 306->0(306)
[2025-06-03T15:45:49.184+0530][111.943s] GC(615) Survivor regions: 1->1(39)
[2025-06-03T15:45:49.184+0530][111.943s] GC(615) Old regions: 9->9
[2025-06-03T15:45:49.184+0530][111.943s] GC(615) Archive regions: 2->2
[2025-06-03T15:45:49.184+0530][111.943s] GC(615) Humongous regions: 0->0
[2025-06-03T15:45:49.184+0530][111.943s] GC(615) Metaspace: 20465K(20928K)->20465K(20928K) NonClass: 17881K(18112K)->17881K(18112K) Class: 2584K(2816K)->2584K(2816K)
[2025-06-03T15:45:49.184+0530][111.943s] GC(615) Pause Young (Normal) (G1 Evacuation Pause) 315M->9M(512M) 1.623ms
[2025-06-03T15:45:49.184+0530][111.943s] GC(615) User=0.00s Sys=0.00s Real=0.00s
[2025-06-03T15:45:49.342+0530][112.101s] GC(616) Pause Young (Normal) (G1 Evacuation Pause)
[2025-06-03T15:45:49.342+0530][112.101s] GC(616) Using 8 workers of 8 for evacuation
[2025-06-03T15:45:49.343+0530][112.102s] GC(616) Skipped phase 1 of Reference Processing: no references
[2025-06-03T15:45:49.343+0530][112.102s] GC(616) Skipped phase 2 of Reference Processing: no references
[2025-06-03T15:45:49.343+0530][112.102s] GC(616) Skipped phase 3 of Reference Processing: no references
[2025-06-03T15:45:49.343+0530][112.102s] GC(616) Skipped phase 4 of Reference Processing: no references
[2025-06-03T15:45:49.343+0530][112.102s] GC(616)   Pre Evacuate Collection Set: 0.1ms
[2025-06-03T15:45:49.343+0530][112.102s] GC(616)   Merge Heap Roots: 0.1ms
[2025-06-03T15:45:49.343+0530][112.102s] GC(616)   Evacuate Collection Set: 0.2ms
[2025-06-03T15:45:49.343+0530][112.102s] GC(616)   Post Evacuate Collection Set: 0.5ms
[2025-06-03T15:45:49.343+0530][112.102s] GC(616)   Other: 0.3ms
[2025-06-03T15:45:49.343+0530][112.102s] GC(616) Eden regions: 306->0(306)
[2025-06-03T15:45:49.343+0530][112.102s] GC(616) Survivor regions: 1->1(39)
[2025-06-03T15:45:49.343+0530][112.103s] GC(616) Old regions: 9->9
[2025-06-03T15:45:49.343+0530][112.103s] GC(616) Archive regions: 2->2
[2025-06-03T15:45:49.343+0530][112.103s] GC(616) Humongous regions: 0->0
[2025-06-03T15:45:49.343+0530][112.103s] GC(616) Metaspace: 20465K(20928K)->20465K(20928K) NonClass: 17881K(18112K)->17881K(18112K) Class: 2584K(2816K)->2584K(2816K)
[2025-06-03T15:45:49.344+0530][112.103s] GC(616) Pause Young (Normal) (G1 Evacuation Pause) 315M->9M(512M) 1.472ms
[2025-06-03T15:45:49.344+0530][112.103s] GC(616) User=0.00s Sys=0.00s Real=0.00s
[2025-06-03T15:45:49.499+0530][112.258s] GC(617) Pause Young (Normal) (G1 Evacuation Pause)
[2025-06-03T15:45:49.499+0530][112.259s] GC(617) Using 8 workers of 8 for evacuation
[2025-06-03T15:45:49.500+0530][112.259s] GC(617) Skipped phase 1 of Reference Processing: no references
[2025-06-03T15:45:49.500+0530][112.259s] GC(617) Skipped phase 2 of Reference Processing: no references
[2025-06-03T15:45:49.500+0530][112.259s] GC(617) Skipped phase 3 of Reference Processing: no references
[2025-06-03T15:45:49.500+0530][112.259s] GC(617) Skipped phase 4 of Reference Processing: no references
[2025-06-03T15:45:49.500+0530][112.260s] GC(617)   Pre Evacuate Collection Set: 0.1ms
[2025-06-03T15:45:49.501+0530][112.260s] GC(617)   Merge Heap Roots: 0.1ms
[2025-06-03T15:45:49.501+0530][112.260s] GC(617)   Evacuate Collection Set: 0.3ms
[2025-06-03T15:45:49.501+0530][112.260s] GC(617)   Post Evacuate Collection Set: 0.5ms
[2025-06-03T15:45:49.501+0530][112.260s] GC(617)   Other: 0.2ms
[2025-06-03T15:45:49.501+0530][112.260s] GC(617) Eden regions: 306->0(306)
[2025-06-03T15:45:49.501+0530][112.260s] GC(617) Survivor regions: 1->1(39)
[2025-06-03T15:45:49.501+0530][112.260s] GC(617) Old regions: 9->9
[2025-06-03T15:45:49.501+0530][112.260s] GC(617) Archive regions: 2->2
[2025-06-03T15:45:49.501+0530][112.260s] GC(617) Humongous regions: 0->0
[2025-06-03T15:45:49.501+0530][112.260s] GC(617) Metaspace: 20465K(20928K)->20465K(20928K) NonClass: 17881K(18112K)->17881K(18112K) Class: 2584K(2816K)->2584K(2816K)
[2025-06-03T15:45:49.501+0530][112.260s] GC(617) Pause Young (Normal) (G1 Evacuation Pause) 315M->9M(512M) 1.450ms
[2025-06-03T15:45:49.501+0530][112.260s] GC(617) User=0.00s Sys=0.00s Real=0.01s
[2025-06-03T15:45:49.658+0530][112.417s] GC(618) Pause Young (Normal) (G1 Evacuation Pause)
[2025-06-03T15:45:49.658+0530][112.417s] GC(618) Using 8 workers of 8 for evacuation
[2025-06-03T15:45:49.658+0530][112.417s] GC(618) Skipped phase 1 of Reference Processing: no references
[2025-06-03T15:45:49.658+0530][112.417s] GC(618) Skipped phase 2 of Reference Processing: no references
[2025-06-03T15:45:49.658+0530][112.417s] GC(618) Skipped phase 3 of Reference Processing: no references
[2025-06-03T15:45:49.658+0530][112.417s] GC(618) Skipped phase 4 of Reference Processing: no references
[2025-06-03T15:45:49.659+0530][112.418s] GC(618)   Pre Evacuate Collection Set: 0.1ms
[2025-06-03T15:45:49.659+0530][112.418s] GC(618)   Merge Heap Roots: 0.1ms
[2025-06-03T15:45:49.659+0530][112.418s] GC(618)   Evacuate Collection Set: 0.2ms
[2025-06-03T15:45:49.659+0530][112.418s] GC(618)   Post Evacuate Collection Set: 0.6ms
[2025-06-03T15:45:49.659+0530][112.418s] GC(618)   Other: 0.2ms
[2025-06-03T15:45:49.659+0530][112.418s] GC(618) Eden regions: 306->0(306)
[2025-06-03T15:45:49.659+0530][112.418s] GC(618) Survivor regions: 1->1(39)
[2025-06-03T15:45:49.659+0530][112.418s] GC(618) Old regions: 9->9
[2025-06-03T15:45:49.659+0530][112.418s] GC(618) Archive regions: 2->2
[2025-06-03T15:45:49.659+0530][112.418s] GC(618) Humongous regions: 0->0
[2025-06-03T15:45:49.659+0530][112.418s] GC(618) Metaspace: 20465K(20928K)->20465K(20928K) NonClass: 17881K(18112K)->17881K(18112K) Class: 2584K(2816K)->2584K(2816K)
[2025-06-03T15:45:49.659+0530][112.418s] GC(618) Pause Young (Normal) (G1 Evacuation Pause) 315M->9M(512M) 1.365ms
[2025-06-03T15:45:49.659+0530][112.418s] GC(618) User=0.00s Sys=0.00s Real=0.00s
[2025-06-03T15:45:49.816+0530][112.575s] GC(619) Pause Young (Normal) (G1 Evacuation Pause)
[2025-06-03T15:45:49.816+0530][112.575s] GC(619) Using 8 workers of 8 for evacuation
[2025-06-03T15:45:49.816+0530][112.575s] GC(619) Skipped phase 1 of Reference Processing: no references
[2025-06-03T15:45:49.816+0530][112.575s] GC(619) Skipped phase 2 of Reference Processing: no references
[2025-06-03T15:45:49.816+0530][112.575s] GC(619) Skipped phase 3 of Reference Processing: no references
[2025-06-03T15:45:49.816+0530][112.575s] GC(619) Skipped phase 4 of Reference Processing: no references
[2025-06-03T15:45:49.817+0530][112.576s] GC(619)   Pre Evacuate Collection Set: 0.1ms
[2025-06-03T15:45:49.817+0530][112.576s] GC(619)   Merge Heap Roots: 0.1ms
[2025-06-03T15:45:49.817+0530][112.576s] GC(619)   Evacuate Collection Set: 0.3ms
[2025-06-03T15:45:49.817+0530][112.576s] GC(619)   Post Evacuate Collection Set: 0.6ms
[2025-06-03T15:45:49.817+0530][112.576s] GC(619)   Other: 0.2ms
[2025-06-03T15:45:49.817+0530][112.576s] GC(619) Eden regions: 306->0(306)
[2025-06-03T15:45:49.817+0530][112.576s] GC(619) Survivor regions: 1->1(39)
[2025-06-03T15:45:49.817+0530][112.576s] GC(619) Old regions: 9->9
[2025-06-03T15:45:49.817+0530][112.576s] GC(619) Archive regions: 2->2
[2025-06-03T15:45:49.817+0530][112.576s] GC(619) Humongous regions: 0->0
[2025-06-03T15:45:49.817+0530][112.576s] GC(619) Metaspace: 20465K(20928K)->20465K(20928K) NonClass: 17881K(18112K)->17881K(18112K) Class: 2584K(2816K)->2584K(2816K)
[2025-06-03T15:45:49.817+0530][112.576s] GC(619) Pause Young (Normal) (G1 Evacuation Pause) 315M->9M(512M) 1.457ms
[2025-06-03T15:45:49.817+0530][112.576s] GC(619) User=0.00s Sys=0.00s Real=0.00s
[2025-06-03T15:45:49.976+0530][112.735s] GC(620) Pause Young (Normal) (G1 Evacuation Pause)
[2025-06-03T15:45:49.976+0530][112.735s] GC(620) Using 8 workers of 8 for evacuation
[2025-06-03T15:45:49.977+0530][112.736s] GC(620) Skipped phase 1 of Reference Processing: no references
[2025-06-03T15:45:49.977+0530][112.736s] GC(620) Skipped phase 2 of Reference Processing: no references
[2025-06-03T15:45:49.977+0530][112.736s] GC(620) Skipped phase 3 of Reference Processing: no references
[2025-06-03T15:45:49.977+0530][112.736s] GC(620) Skipped phase 4 of Reference Processing: no references
[2025-06-03T15:45:49.977+0530][112.736s] GC(620)   Pre Evacuate Collection Set: 0.1ms
[2025-06-03T15:45:49.977+0530][112.736s] GC(620)   Merge Heap Roots: 0.1ms
[2025-06-03T15:45:49.977+0530][112.736s] GC(620)   Evacuate Collection Set: 0.3ms
[2025-06-03T15:45:49.977+0530][112.736s] GC(620)   Post Evacuate Collection Set: 0.5ms
[2025-06-03T15:45:49.977+0530][112.736s] GC(620)   Other: 0.2ms
[2025-06-03T15:45:49.977+0530][112.736s] GC(620) Eden regions: 306->0(306)
[2025-06-03T15:45:49.977+0530][112.736s] GC(620) Survivor regions: 1->1(39)
[2025-06-03T15:45:49.977+0530][112.736s] GC(620) Old regions: 9->9
[2025-06-03T15:45:49.977+0530][112.736s] GC(620) Archive regions: 2->2
[2025-06-03T15:45:49.977+0530][112.736s] GC(620) Humongous regions: 0->0
[2025-06-03T15:45:49.977+0530][112.736s] GC(620) Metaspace: 20465K(20928K)->20465K(20928K) NonClass: 17881K(18112K)->17881K(18112K) Class: 2584K(2816K)->2584K(2816K)
[2025-06-03T15:45:49.977+0530][112.737s] GC(620) Pause Young (Normal) (G1 Evacuation Pause) 315M->9M(512M) 1.449ms
[2025-06-03T15:45:49.977+0530][112.737s] GC(620) User=0.00s Sys=0.00s Real=0.00s
[2025-06-03T15:45:50.143+0530][112.902s] GC(621) Pause Young (Normal) (G1 Evacuation Pause)
[2025-06-03T15:45:50.143+0530][112.903s] GC(621) Using 8 workers of 8 for evacuation
[2025-06-03T15:45:50.144+0530][112.903s] GC(621) Skipped phase 1 of Reference Processing: no references
[2025-06-03T15:45:50.144+0530][112.903s] GC(621) Skipped phase 2 of Reference Processing: no references
[2025-06-03T15:45:50.144+0530][112.903s] GC(621) Skipped phase 3 of Reference Processing: no references
[2025-06-03T15:45:50.144+0530][112.903s] GC(621) Skipped phase 4 of Reference Processing: no references
[2025-06-03T15:45:50.144+0530][112.904s] GC(621)   Pre Evacuate Collection Set: 0.1ms
[2025-06-03T15:45:50.144+0530][112.904s] GC(621)   Merge Heap Roots: 0.1ms
[2025-06-03T15:45:50.144+0530][112.904s] GC(621)   Evacuate Collection Set: 0.2ms
[2025-06-03T15:45:50.144+0530][112.904s] GC(621)   Post Evacuate Collection Set: 0.5ms
[2025-06-03T15:45:50.145+0530][112.904s] GC(621)   Other: 0.3ms
[2025-06-03T15:45:50.145+0530][112.904s] GC(621) Eden regions: 306->0(306)
[2025-06-03T15:45:50.145+0530][112.904s] GC(621) Survivor regions: 1->1(39)
[2025-06-03T15:45:50.145+0530][112.904s] GC(621) Old regions: 9->9
[2025-06-03T15:45:50.145+0530][112.904s] GC(621) Archive regions: 2->2
[2025-06-03T15:45:50.145+0530][112.904s] GC(621) Humongous regions: 0->0
[2025-06-03T15:45:50.145+0530][112.904s] GC(621) Metaspace: 20465K(20928K)->20465K(20928K) NonClass: 17881K(18112K)->17881K(18112K) Class: 2584K(2816K)->2584K(2816K)
[2025-06-03T15:45:50.145+0530][112.904s] GC(621) Pause Young (Normal) (G1 Evacuation Pause) 315M->9M(512M) 1.275ms
[2025-06-03T15:45:50.145+0530][112.904s] GC(621) User=0.00s Sys=0.00s Real=0.00s
[2025-06-03T15:45:50.297+0530][113.056s] GC(622) Pause Young (Normal) (G1 Evacuation Pause)
[2025-06-03T15:45:50.297+0530][113.056s] GC(622) Using 8 workers of 8 for evacuation
[2025-06-03T15:45:50.298+0530][113.057s] GC(622) Skipped phase 1 of Reference Processing: no references
[2025-06-03T15:45:50.298+0530][113.057s] GC(622) Skipped phase 2 of Reference Processing: no references
[2025-06-03T15:45:50.298+0530][113.057s] GC(622) Skipped phase 3 of Reference Processing: no references
[2025-06-03T15:45:50.298+0530][113.057s] GC(622) Skipped phase 4 of Reference Processing: no references
[2025-06-03T15:45:50.298+0530][113.057s] GC(622)   Pre Evacuate Collection Set: 0.1ms
[2025-06-03T15:45:50.298+0530][113.057s] GC(622)   Merge Heap Roots: 0.1ms
[2025-06-03T15:45:50.298+0530][113.057s] GC(622)   Evacuate Collection Set: 0.3ms
[2025-06-03T15:45:50.298+0530][113.057s] GC(622)   Post Evacuate Collection Set: 0.5ms
[2025-06-03T15:45:50.298+0530][113.057s] GC(622)   Other: 0.2ms
[2025-06-03T15:45:50.298+0530][113.057s] GC(622) Eden regions: 306->0(306)
[2025-06-03T15:45:50.298+0530][113.057s] GC(622) Survivor regions: 1->1(39)
[2025-06-03T15:45:50.298+0530][113.057s] GC(622) Old regions: 9->9
[2025-06-03T15:45:50.298+0530][113.057s] GC(622) Archive regions: 2->2
[2025-06-03T15:45:50.298+0530][113.057s] GC(622) Humongous regions: 0->0
[2025-06-03T15:45:50.298+0530][113.057s] GC(622) Metaspace: 20466K(20928K)->20466K(20928K) NonClass: 17881K(18112K)->17881K(18112K) Class: 2584K(2816K)->2584K(2816K)
[2025-06-03T15:45:50.298+0530][113.057s] GC(622) Pause Young (Normal) (G1 Evacuation Pause) 315M->9M(512M) 1.276ms
[2025-06-03T15:45:50.298+0530][113.057s] GC(622) User=0.00s Sys=0.00s Real=0.00s
[2025-06-03T15:45:50.448+0530][113.207s] GC(623) Pause Young (Normal) (G1 Evacuation Pause)
[2025-06-03T15:45:50.448+0530][113.207s] GC(623) Using 8 workers of 8 for evacuation
[2025-06-03T15:45:50.448+0530][113.207s] GC(623) Skipped phase 1 of Reference Processing: no references
[2025-06-03T15:45:50.448+0530][113.207s] GC(623) Skipped phase 2 of Reference Processing: no references
[2025-06-03T15:45:50.448+0530][113.207s] GC(623) Skipped phase 3 of Reference Processing: no references
[2025-06-03T15:45:50.448+0530][113.207s] GC(623) Skipped phase 4 of Reference Processing: no references
[2025-06-03T15:45:50.449+0530][113.208s] GC(623)   Pre Evacuate Collection Set: 0.1ms
[2025-06-03T15:45:50.449+0530][113.208s] GC(623)   Merge Heap Roots: 0.1ms
[2025-06-03T15:45:50.449+0530][113.208s] GC(623)   Evacuate Collection Set: 0.3ms
[2025-06-03T15:45:50.449+0530][113.208s] GC(623)   Post Evacuate Collection Set: 0.5ms
[2025-06-03T15:45:50.449+0530][113.208s] GC(623)   Other: 0.2ms
[2025-06-03T15:45:50.449+0530][113.208s] GC(623) Eden regions: 306->0(306)
[2025-06-03T15:45:50.449+0530][113.208s] GC(623) Survivor regions: 1->1(39)
[2025-06-03T15:45:50.449+0530][113.208s] GC(623) Old regions: 9->9
[2025-06-03T15:45:50.449+0530][113.208s] GC(623) Archive regions: 2->2
[2025-06-03T15:45:50.449+0530][113.208s] GC(623) Humongous regions: 0->0
[2025-06-03T15:45:50.449+0530][113.208s] GC(623) Metaspace: 20466K(20928K)->20466K(20928K) NonClass: 17881K(18112K)->17881K(18112K) Class: 2584K(2816K)->2584K(2816K)
[2025-06-03T15:45:50.449+0530][113.208s] GC(623) Pause Young (Normal) (G1 Evacuation Pause) 315M->9M(512M) 1.381ms
[2025-06-03T15:45:50.449+0530][113.208s] GC(623) User=0.01s Sys=0.00s Real=0.00s
[2025-06-03T15:45:50.599+0530][113.358s] GC(624) Pause Young (Normal) (G1 Evacuation Pause)
[2025-06-03T15:45:50.599+0530][113.358s] GC(624) Using 8 workers of 8 for evacuation
[2025-06-03T15:45:50.599+0530][113.358s] GC(624) Skipped phase 1 of Reference Processing: no references
[2025-06-03T15:45:50.599+0530][113.358s] GC(624) Skipped phase 2 of Reference Processing: no references
[2025-06-03T15:45:50.599+0530][113.358s] GC(624) Skipped phase 3 of Reference Processing: no references
[2025-06-03T15:45:50.599+0530][113.358s] GC(624) Skipped phase 4 of Reference Processing: no references
[2025-06-03T15:45:50.600+0530][113.359s] GC(624)   Pre Evacuate Collection Set: 0.1ms
[2025-06-03T15:45:50.600+0530][113.359s] GC(624)   Merge Heap Roots: 0.1ms
[2025-06-03T15:45:50.600+0530][113.359s] GC(624)   Evacuate Collection Set: 0.2ms
[2025-06-03T15:45:50.600+0530][113.359s] GC(624)   Post Evacuate Collection Set: 0.4ms
[2025-06-03T15:45:50.600+0530][113.359s] GC(624)   Other: 0.2ms
[2025-06-03T15:45:50.600+0530][113.359s] GC(624) Eden regions: 306->0(306)
[2025-06-03T15:45:50.600+0530][113.359s] GC(624) Survivor regions: 1->1(39)
[2025-06-03T15:45:50.600+0530][113.359s] GC(624) Old regions: 9->9
[2025-06-03T15:45:50.600+0530][113.359s] GC(624) Archive regions: 2->2
[2025-06-03T15:45:50.600+0530][113.359s] GC(624) Humongous regions: 0->0
[2025-06-03T15:45:50.600+0530][113.359s] GC(624) Metaspace: 20466K(20928K)->20466K(20928K) NonClass: 17881K(18112K)->17881K(18112K) Class: 2584K(2816K)->2584K(2816K)
[2025-06-03T15:45:50.600+0530][113.359s] GC(624) Pause Young (Normal) (G1 Evacuation Pause) 315M->9M(512M) 1.275ms
[2025-06-03T15:45:50.600+0530][113.359s] GC(624) User=0.00s Sys=0.00s Real=0.01s
[2025-06-03T15:45:50.749+0530][113.508s] GC(625) Pause Young (Normal) (G1 Evacuation Pause)
[2025-06-03T15:45:50.749+0530][113.508s] GC(625) Using 8 workers of 8 for evacuation
[2025-06-03T15:45:50.750+0530][113.509s] GC(625) Skipped phase 1 of Reference Processing: no references
[2025-06-03T15:45:50.750+0530][113.509s] GC(625) Skipped phase 2 of Reference Processing: no references
[2025-06-03T15:45:50.750+0530][113.509s] GC(625) Skipped phase 3 of Reference Processing: no references
[2025-06-03T15:45:50.750+0530][113.509s] GC(625) Skipped phase 4 of Reference Processing: no references
[2025-06-03T15:45:50.750+0530][113.509s] GC(625)   Pre Evacuate Collection Set: 0.1ms
[2025-06-03T15:45:50.750+0530][113.509s] GC(625)   Merge Heap Roots: 0.1ms
[2025-06-03T15:45:50.750+0530][113.509s] GC(625)   Evacuate Collection Set: 0.2ms
[2025-06-03T15:45:50.750+0530][113.509s] GC(625)   Post Evacuate Collection Set: 0.5ms
[2025-06-03T15:45:50.750+0530][113.509s] GC(625)   Other: 0.2ms
[2025-06-03T15:45:50.750+0530][113.509s] GC(625) Eden regions: 306->0(306)
[2025-06-03T15:45:50.750+0530][113.510s] GC(625) Survivor regions: 1->1(39)
[2025-06-03T15:45:50.750+0530][113.510s] GC(625) Old regions: 9->9
[2025-06-03T15:45:50.750+0530][113.510s] GC(625) Archive regions: 2->2
[2025-06-03T15:45:50.750+0530][113.510s] GC(625) Humongous regions: 0->0
[2025-06-03T15:45:50.750+0530][113.510s] GC(625) Metaspace: 20466K(20928K)->20466K(20928K) NonClass: 17881K(18112K)->17881K(18112K) Class: 2584K(2816K)->2584K(2816K)
[2025-06-03T15:45:50.750+0530][113.510s] GC(625) Pause Young (Normal) (G1 Evacuation Pause) 315M->9M(512M) 1.236ms
[2025-06-03T15:45:50.750+0530][113.510s] GC(625) User=0.00s Sys=0.00s Real=0.01s
[2025-06-03T15:45:50.900+0530][113.659s] GC(626) Pause Young (Normal) (G1 Evacuation Pause)
[2025-06-03T15:45:50.900+0530][113.659s] GC(626) Using 8 workers of 8 for evacuation
[2025-06-03T15:45:50.900+0530][113.659s] GC(626) Skipped phase 1 of Reference Processing: no references
[2025-06-03T15:45:50.900+0530][113.659s] GC(626) Skipped phase 2 of Reference Processing: no references
[2025-06-03T15:45:50.900+0530][113.659s] GC(626) Skipped phase 3 of Reference Processing: no references
[2025-06-03T15:45:50.900+0530][113.659s] GC(626) Skipped phase 4 of Reference Processing: no references
[2025-06-03T15:45:50.901+0530][113.660s] GC(626)   Pre Evacuate Collection Set: 0.1ms
[2025-06-03T15:45:50.901+0530][113.660s] GC(626)   Merge Heap Roots: 0.1ms
[2025-06-03T15:45:50.901+0530][113.660s] GC(626)   Evacuate Collection Set: 0.2ms
[2025-06-03T15:45:50.901+0530][113.660s] GC(626)   Post Evacuate Collection Set: 0.5ms
[2025-06-03T15:45:50.901+0530][113.660s] GC(626)   Other: 0.2ms
[2025-06-03T15:45:50.901+0530][113.660s] GC(626) Eden regions: 306->0(306)
[2025-06-03T15:45:50.901+0530][113.660s] GC(626) Survivor regions: 1->1(39)
[2025-06-03T15:45:50.901+0530][113.660s] GC(626) Old regions: 9->9
[2025-06-03T15:45:50.901+0530][113.660s] GC(626) Archive regions: 2->2
[2025-06-03T15:45:50.901+0530][113.660s] GC(626) Humongous regions: 0->0
[2025-06-03T15:45:50.901+0530][113.660s] GC(626) Metaspace: 20466K(20928K)->20466K(20928K) NonClass: 17881K(18112K)->17881K(18112K) Class: 2584K(2816K)->2584K(2816K)
[2025-06-03T15:45:50.901+0530][113.660s] GC(626) Pause Young (Normal) (G1 Evacuation Pause) 315M->9M(512M) 1.210ms
[2025-06-03T15:45:50.901+0530][113.660s] GC(626) User=0.00s Sys=0.01s Real=0.00s
[2025-06-03T15:45:51.774+0530][114.533s] GC(627) Pause Young (Normal) (G1 Evacuation Pause)
[2025-06-03T15:45:51.774+0530][114.533s] GC(627) Using 8 workers of 8 for evacuation
[2025-06-03T15:45:51.774+0530][114.534s] GC(627) Skipped phase 1 of Reference Processing: no references
[2025-06-03T15:45:51.774+0530][114.534s] GC(627) Skipped phase 2 of Reference Processing: no references
[2025-06-03T15:45:51.774+0530][114.534s] GC(627) Skipped phase 3 of Reference Processing: no references
[2025-06-03T15:45:51.775+0530][114.534s] GC(627) Skipped phase 4 of Reference Processing: no references
[2025-06-03T15:45:51.775+0530][114.534s] GC(627)   Pre Evacuate Collection Set: 0.1ms
[2025-06-03T15:45:51.775+0530][114.534s] GC(627)   Merge Heap Roots: 0.1ms
[2025-06-03T15:45:51.775+0530][114.534s] GC(627)   Evacuate Collection Set: 0.3ms
[2025-06-03T15:45:51.775+0530][114.534s] GC(627)   Post Evacuate Collection Set: 0.5ms
[2025-06-03T15:45:51.775+0530][114.534s] GC(627)   Other: 0.3ms
[2025-06-03T15:45:51.775+0530][114.534s] GC(627) Eden regions: 306->0(306)
[2025-06-03T15:45:51.775+0530][114.534s] GC(627) Survivor regions: 1->1(39)
[2025-06-03T15:45:51.775+0530][114.534s] GC(627) Old regions: 9->9
[2025-06-03T15:45:51.775+0530][114.534s] GC(627) Archive regions: 2->2
[2025-06-03T15:45:51.775+0530][114.534s] GC(627) Humongous regions: 0->0
[2025-06-03T15:45:51.775+0530][114.534s] GC(627) Metaspace: 20466K(20928K)->20466K(20928K) NonClass: 17881K(18112K)->17881K(18112K) Class: 2584K(2816K)->2584K(2816K)
[2025-06-03T15:45:51.775+0530][114.534s] GC(627) Pause Young (Normal) (G1 Evacuation Pause) 315M->9M(512M) 1.687ms
[2025-06-03T15:45:51.775+0530][114.534s] GC(627) User=0.01s Sys=0.00s Real=0.00s
[2025-06-03T15:45:52.622+0530][115.381s] GC(628) Pause Young (Normal) (G1 Evacuation Pause)
[2025-06-03T15:45:52.622+0530][115.382s] GC(628) Using 8 workers of 8 for evacuation
[2025-06-03T15:45:52.623+0530][115.382s] GC(628) Skipped phase 1 of Reference Processing: no references
[2025-06-03T15:45:52.623+0530][115.382s] GC(628) Skipped phase 2 of Reference Processing: no references
[2025-06-03T15:45:52.623+0530][115.382s] GC(628) Skipped phase 3 of Reference Processing: no references
[2025-06-03T15:45:52.623+0530][115.382s] GC(628) Skipped phase 4 of Reference Processing: no references
[2025-06-03T15:45:52.623+0530][115.383s] GC(628)   Pre Evacuate Collection Set: 0.1ms
[2025-06-03T15:45:52.623+0530][115.383s] GC(628)   Merge Heap Roots: 0.1ms
[2025-06-03T15:45:52.623+0530][115.383s] GC(628)   Evacuate Collection Set: 0.3ms
[2025-06-03T15:45:52.623+0530][115.383s] GC(628)   Post Evacuate Collection Set: 0.5ms
[2025-06-03T15:45:52.624+0530][115.383s] GC(628)   Other: 0.2ms
[2025-06-03T15:45:52.624+0530][115.383s] GC(628) Eden regions: 306->0(306)
[2025-06-03T15:45:52.624+0530][115.383s] GC(628) Survivor regions: 1->1(39)
[2025-06-03T15:45:52.624+0530][115.383s] GC(628) Old regions: 9->9
[2025-06-03T15:45:52.624+0530][115.383s] GC(628) Archive regions: 2->2
[2025-06-03T15:45:52.624+0530][115.383s] GC(628) Humongous regions: 0->0
[2025-06-03T15:45:52.624+0530][115.383s] GC(628) Metaspace: 20466K(20928K)->20466K(20928K) NonClass: 17882K(18112K)->17882K(18112K) Class: 2584K(2816K)->2584K(2816K)
[2025-06-03T15:45:52.624+0530][115.383s] GC(628) Pause Young (Normal) (G1 Evacuation Pause) 315M->9M(512M) 1.371ms
[2025-06-03T15:45:52.624+0530][115.383s] GC(628) User=0.01s Sys=0.00s Real=0.00s
[2025-06-03T15:45:54.126+0530][116.885s] GC(629) Pause Young (Normal) (G1 Evacuation Pause)
[2025-06-03T15:45:54.126+0530][116.885s] GC(629) Using 8 workers of 8 for evacuation
[2025-06-03T15:45:54.127+0530][116.886s] GC(629) Skipped phase 1 of Reference Processing: no references
[2025-06-03T15:45:54.127+0530][116.887s] GC(629) Skipped phase 2 of Reference Processing: no references
[2025-06-03T15:45:54.127+0530][116.887s] GC(629) Skipped phase 3 of Reference Processing: no references
[2025-06-03T15:45:54.127+0530][116.887s] GC(629) Skipped phase 4 of Reference Processing: no references
[2025-06-03T15:45:54.128+0530][116.887s] GC(629)   Pre Evacuate Collection Set: 0.1ms
[2025-06-03T15:45:54.128+0530][116.887s] GC(629)   Merge Heap Roots: 0.1ms
[2025-06-03T15:45:54.128+0530][116.887s] GC(629)   Evacuate Collection Set: 0.7ms
[2025-06-03T15:45:54.128+0530][116.887s] GC(629)   Post Evacuate Collection Set: 0.6ms
[2025-06-03T15:45:54.128+0530][116.887s] GC(629)   Other: 0.2ms
[2025-06-03T15:45:54.128+0530][116.887s] GC(629) Eden regions: 306->0(306)
[2025-06-03T15:45:54.128+0530][116.887s] GC(629) Survivor regions: 1->1(39)
[2025-06-03T15:45:54.128+0530][116.887s] GC(629) Old regions: 9->9
[2025-06-03T15:45:54.128+0530][116.887s] GC(629) Archive regions: 2->2
[2025-06-03T15:45:54.128+0530][116.887s] GC(629) Humongous regions: 0->0
[2025-06-03T15:45:54.128+0530][116.887s] GC(629) Metaspace: 20466K(20928K)->20466K(20928K) NonClass: 17882K(18112K)->17882K(18112K) Class: 2584K(2816K)->2584K(2816K)
[2025-06-03T15:45:54.128+0530][116.887s] GC(629) Pause Young (Normal) (G1 Evacuation Pause) 315M->9M(512M) 1.876ms
[2025-06-03T15:45:54.128+0530][116.887s] GC(629) User=0.01s Sys=0.00s Real=0.00s
[2025-06-03T15:45:58.587+0530][121.346s] GC(630) Pause Young (Normal) (G1 Evacuation Pause)
[2025-06-03T15:45:58.587+0530][121.346s] GC(630) Using 8 workers of 8 for evacuation
[2025-06-03T15:45:58.588+0530][121.348s] GC(630) Skipped phase 1 of Reference Processing: no references
[2025-06-03T15:45:58.589+0530][121.348s] GC(630) Skipped phase 2 of Reference Processing: no references
[2025-06-03T15:45:58.589+0530][121.348s] GC(630) Skipped phase 3 of Reference Processing: no references
[2025-06-03T15:45:58.589+0530][121.348s] GC(630) Skipped phase 4 of Reference Processing: no references
[2025-06-03T15:45:58.589+0530][121.349s] GC(630)   Pre Evacuate Collection Set: 0.3ms
[2025-06-03T15:45:58.589+0530][121.349s] GC(630)   Merge Heap Roots: 0.1ms
[2025-06-03T15:45:58.589+0530][121.349s] GC(630)   Evacuate Collection Set: 1.4ms
[2025-06-03T15:45:58.589+0530][121.349s] GC(630)   Post Evacuate Collection Set: 0.8ms
[2025-06-03T15:45:58.589+0530][121.349s] GC(630)   Other: 0.4ms
[2025-06-03T15:45:58.589+0530][121.349s] GC(630) Eden regions: 306->0(305)
[2025-06-03T15:45:58.589+0530][121.349s] GC(630) Survivor regions: 1->2(39)
[2025-06-03T15:45:58.589+0530][121.349s] GC(630) Old regions: 9->9
[2025-06-03T15:45:58.589+0530][121.349s] GC(630) Archive regions: 2->2
[2025-06-03T15:45:58.589+0530][121.349s] GC(630) Humongous regions: 0->0
[2025-06-03T15:45:58.590+0530][121.349s] GC(630) Metaspace: 20468K(20928K)->20468K(20928K) NonClass: 17884K(18112K)->17884K(18112K) Class: 2584K(2816K)->2584K(2816K)
[2025-06-03T15:45:58.590+0530][121.349s] GC(630) Pause Young (Normal) (G1 Evacuation Pause) 315M->10M(512M) 3.008ms
[2025-06-03T15:45:58.590+0530][121.349s] GC(630) User=0.01s Sys=0.00s Real=0.01s
[2025-06-03T15:46:08.965+0530][131.725s] GC(631) Pause Young (Normal) (G1 Evacuation Pause)
[2025-06-03T15:46:08.965+0530][131.725s] GC(631) Using 8 workers of 8 for evacuation
[2025-06-03T15:46:08.966+0530][131.726s] GC(631) Skipped phase 1 of Reference Processing: no references
[2025-06-03T15:46:08.966+0530][131.726s] GC(631) Skipped phase 2 of Reference Processing: no references
[2025-06-03T15:46:08.966+0530][131.726s] GC(631) Skipped phase 3 of Reference Processing: no references
[2025-06-03T15:46:08.966+0530][131.726s] GC(631) Skipped phase 4 of Reference Processing: no references
[2025-06-03T15:46:08.967+0530][131.726s] GC(631)   Pre Evacuate Collection Set: 0.1ms
[2025-06-03T15:46:08.967+0530][131.726s] GC(631)   Merge Heap Roots: 0.1ms
[2025-06-03T15:46:08.967+0530][131.726s] GC(631)   Evacuate Collection Set: 0.4ms
[2025-06-03T15:46:08.967+0530][131.726s] GC(631)   Post Evacuate Collection Set: 0.5ms
[2025-06-03T15:46:08.967+0530][131.726s] GC(631)   Other: 0.2ms
[2025-06-03T15:46:08.967+0530][131.726s] GC(631) Eden regions: 305->0(306)
[2025-06-03T15:46:08.967+0530][131.726s] GC(631) Survivor regions: 2->1(39)
[2025-06-03T15:46:08.967+0530][131.726s] GC(631) Old regions: 9->9
[2025-06-03T15:46:08.967+0530][131.726s] GC(631) Archive regions: 2->2
[2025-06-03T15:46:08.967+0530][131.726s] GC(631) Humongous regions: 0->0
[2025-06-03T15:46:08.967+0530][131.726s] GC(631) Metaspace: 20471K(20928K)->20471K(20928K) NonClass: 17886K(18112K)->17886K(18112K) Class: 2584K(2816K)->2584K(2816K)
[2025-06-03T15:46:08.967+0530][131.726s] GC(631) Pause Young (Normal) (G1 Evacuation Pause) 315M->9M(512M) 1.380ms
[2025-06-03T15:46:08.967+0530][131.726s] GC(631) User=0.01s Sys=0.00s Real=0.00s
[2025-06-03T15:46:12.382+0530][135.142s] GC(632) Pause Young (Normal) (G1 Evacuation Pause)
[2025-06-03T15:46:12.383+0530][135.142s] GC(632) Using 8 workers of 8 for evacuation
[2025-06-03T15:46:12.383+0530][135.143s] GC(632) Skipped phase 1 of Reference Processing: no references
[2025-06-03T15:46:12.383+0530][135.143s] GC(632) Skipped phase 2 of Reference Processing: no references
[2025-06-03T15:46:12.383+0530][135.143s] GC(632) Skipped phase 3 of Reference Processing: no references
[2025-06-03T15:46:12.383+0530][135.143s] GC(632) Skipped phase 4 of Reference Processing: no references
[2025-06-03T15:46:12.384+0530][135.143s] GC(632)   Pre Evacuate Collection Set: 0.1ms
[2025-06-03T15:46:12.384+0530][135.143s] GC(632)   Merge Heap Roots: 0.1ms
[2025-06-03T15:46:12.384+0530][135.144s] GC(632)   Evacuate Collection Set: 0.4ms
[2025-06-03T15:46:12.384+0530][135.144s] GC(632)   Post Evacuate Collection Set: 0.6ms
[2025-06-03T15:46:12.384+0530][135.144s] GC(632)   Other: 0.2ms
[2025-06-03T15:46:12.384+0530][135.144s] GC(632) Eden regions: 306->0(306)
[2025-06-03T15:46:12.384+0530][135.144s] GC(632) Survivor regions: 1->1(39)
[2025-06-03T15:46:12.384+0530][135.144s] GC(632) Old regions: 9->9
[2025-06-03T15:46:12.384+0530][135.144s] GC(632) Archive regions: 2->2
[2025-06-03T15:46:12.384+0530][135.144s] GC(632) Humongous regions: 0->0
[2025-06-03T15:46:12.384+0530][135.144s] GC(632) Metaspace: 20471K(20928K)->20471K(20928K) NonClass: 17886K(18112K)->17886K(18112K) Class: 2584K(2816K)->2584K(2816K)
[2025-06-03T15:46:12.384+0530][135.144s] GC(632) Pause Young (Normal) (G1 Evacuation Pause) 315M->9M(512M) 1.727ms
[2025-06-03T15:46:12.384+0530][135.144s] GC(632) User=0.00s Sys=0.00s Real=0.00s
[2025-06-03T15:46:14.904+0530][137.664s] GC(633) Pause Young (Normal) (G1 Evacuation Pause)
[2025-06-03T15:46:14.904+0530][137.664s] GC(633) Using 8 workers of 8 for evacuation
[2025-06-03T15:46:14.905+0530][137.665s] GC(633) Skipped phase 1 of Reference Processing: no references
[2025-06-03T15:46:14.905+0530][137.665s] GC(633) Skipped phase 2 of Reference Processing: no references
[2025-06-03T15:46:14.905+0530][137.665s] GC(633) Skipped phase 3 of Reference Processing: no references
[2025-06-03T15:46:14.905+0530][137.665s] GC(633) Skipped phase 4 of Reference Processing: no references
[2025-06-03T15:46:14.905+0530][137.665s] GC(633)   Pre Evacuate Collection Set: 0.1ms
[2025-06-03T15:46:14.905+0530][137.665s] GC(633)   Merge Heap Roots: 0.1ms
[2025-06-03T15:46:14.905+0530][137.665s] GC(633)   Evacuate Collection Set: 0.3ms
[2025-06-03T15:46:14.905+0530][137.665s] GC(633)   Post Evacuate Collection Set: 0.5ms
[2025-06-03T15:46:14.905+0530][137.665s] GC(633)   Other: 0.2ms
[2025-06-03T15:46:14.905+0530][137.665s] GC(633) Eden regions: 306->0(306)
[2025-06-03T15:46:14.905+0530][137.665s] GC(633) Survivor regions: 1->1(39)
[2025-06-03T15:46:14.905+0530][137.665s] GC(633) Old regions: 9->9
[2025-06-03T15:46:14.905+0530][137.665s] GC(633) Archive regions: 2->2
[2025-06-03T15:46:14.905+0530][137.665s] GC(633) Humongous regions: 0->0
[2025-06-03T15:46:14.905+0530][137.665s] GC(633) Metaspace: 20471K(20928K)->20471K(20928K) NonClass: 17886K(18112K)->17886K(18112K) Class: 2584K(2816K)->2584K(2816K)
[2025-06-03T15:46:14.906+0530][137.665s] GC(633) Pause Young (Normal) (G1 Evacuation Pause) 315M->9M(512M) 1.380ms
[2025-06-03T15:46:14.906+0530][137.665s] GC(633) User=0.00s Sys=0.00s Real=0.00s
[2025-06-03T15:46:16.583+0530][139.343s] GC(634) Pause Young (Normal) (G1 Evacuation Pause)
[2025-06-03T15:46:16.584+0530][139.343s] GC(634) Using 8 workers of 8 for evacuation
[2025-06-03T15:46:16.584+0530][139.344s] GC(634) Skipped phase 1 of Reference Processing: no references
[2025-06-03T15:46:16.584+0530][139.344s] GC(634) Skipped phase 2 of Reference Processing: no references
[2025-06-03T15:46:16.584+0530][139.344s] GC(634) Skipped phase 3 of Reference Processing: no references
[2025-06-03T15:46:16.584+0530][139.344s] GC(634) Skipped phase 4 of Reference Processing: no references
[2025-06-03T15:46:16.585+0530][139.344s] GC(634)   Pre Evacuate Collection Set: 0.1ms
[2025-06-03T15:46:16.585+0530][139.344s] GC(634)   Merge Heap Roots: 0.1ms
[2025-06-03T15:46:16.585+0530][139.344s] GC(634)   Evacuate Collection Set: 0.3ms
[2025-06-03T15:46:16.585+0530][139.344s] GC(634)   Post Evacuate Collection Set: 0.5ms
[2025-06-03T15:46:16.585+0530][139.344s] GC(634)   Other: 0.2ms
[2025-06-03T15:46:16.585+0530][139.345s] GC(634) Eden regions: 306->0(306)
[2025-06-03T15:46:16.585+0530][139.345s] GC(634) Survivor regions: 1->1(39)
[2025-06-03T15:46:16.585+0530][139.345s] GC(634) Old regions: 9->9
[2025-06-03T15:46:16.585+0530][139.345s] GC(634) Archive regions: 2->2
[2025-06-03T15:46:16.585+0530][139.345s] GC(634) Humongous regions: 0->0
[2025-06-03T15:46:16.585+0530][139.345s] GC(634) Metaspace: 20471K(20928K)->20471K(20928K) NonClass: 17886K(18112K)->17886K(18112K) Class: 2584K(2816K)->2584K(2816K)
[2025-06-03T15:46:16.585+0530][139.345s] GC(634) Pause Young (Normal) (G1 Evacuation Pause) 315M->9M(512M) 1.349ms
[2025-06-03T15:46:16.585+0530][139.345s] GC(634) User=0.00s Sys=0.00s Real=0.00s
[2025-06-03T15:46:17.710+0530][140.470s] GC(635) Pause Young (Normal) (G1 Evacuation Pause)
[2025-06-03T15:46:17.710+0530][140.470s] GC(635) Using 8 workers of 8 for evacuation
[2025-06-03T15:46:17.711+0530][140.470s] GC(635) Skipped phase 1 of Reference Processing: no references
[2025-06-03T15:46:17.711+0530][140.470s] GC(635) Skipped phase 2 of Reference Processing: no references
[2025-06-03T15:46:17.711+0530][140.470s] GC(635) Skipped phase 3 of Reference Processing: no references
[2025-06-03T15:46:17.711+0530][140.470s] GC(635) Skipped phase 4 of Reference Processing: no references
[2025-06-03T15:46:17.711+0530][140.471s] GC(635)   Pre Evacuate Collection Set: 0.1ms
[2025-06-03T15:46:17.711+0530][140.471s] GC(635)   Merge Heap Roots: 0.1ms
[2025-06-03T15:46:17.711+0530][140.471s] GC(635)   Evacuate Collection Set: 0.4ms
[2025-06-03T15:46:17.711+0530][140.471s] GC(635)   Post Evacuate Collection Set: 0.5ms
[2025-06-03T15:46:17.711+0530][140.471s] GC(635)   Other: 0.3ms
[2025-06-03T15:46:17.711+0530][140.471s] GC(635) Eden regions: 306->0(306)
[2025-06-03T15:46:17.711+0530][140.471s] GC(635) Survivor regions: 1->1(39)
[2025-06-03T15:46:17.711+0530][140.471s] GC(635) Old regions: 9->9
[2025-06-03T15:46:17.711+0530][140.471s] GC(635) Archive regions: 2->2
[2025-06-03T15:46:17.711+0530][140.471s] GC(635) Humongous regions: 0->0
[2025-06-03T15:46:17.711+0530][140.471s] GC(635) Metaspace: 20471K(20928K)->20471K(20928K) NonClass: 17886K(18112K)->17886K(18112K) Class: 2584K(2816K)->2584K(2816K)
[2025-06-03T15:46:17.711+0530][140.471s] GC(635) Pause Young (Normal) (G1 Evacuation Pause) 315M->9M(512M) 1.594ms
[2025-06-03T15:46:17.711+0530][140.471s] GC(635) User=0.00s Sys=0.00s Real=0.00s
[2025-06-03T15:46:18.472+0530][141.232s] GC(636) Pause Young (Normal) (G1 Evacuation Pause)
[2025-06-03T15:46:18.472+0530][141.232s] GC(636) Using 8 workers of 8 for evacuation
[2025-06-03T15:46:18.473+0530][141.233s] GC(636) Skipped phase 1 of Reference Processing: no references
[2025-06-03T15:46:18.473+0530][141.233s] GC(636) Skipped phase 2 of Reference Processing: no references
[2025-06-03T15:46:18.473+0530][141.233s] GC(636) Skipped phase 3 of Reference Processing: no references
[2025-06-03T15:46:18.473+0530][141.233s] GC(636) Skipped phase 4 of Reference Processing: no references
[2025-06-03T15:46:18.474+0530][141.233s] GC(636)   Pre Evacuate Collection Set: 0.1ms
[2025-06-03T15:46:18.474+0530][141.233s] GC(636)   Merge Heap Roots: 0.1ms
[2025-06-03T15:46:18.474+0530][141.233s] GC(636)   Evacuate Collection Set: 0.3ms
[2025-06-03T15:46:18.474+0530][141.234s] GC(636)   Post Evacuate Collection Set: 0.5ms
[2025-06-03T15:46:18.474+0530][141.234s] GC(636)   Other: 0.2ms
[2025-06-03T15:46:18.474+0530][141.234s] GC(636) Eden regions: 306->0(306)
[2025-06-03T15:46:18.474+0530][141.234s] GC(636) Survivor regions: 1->1(39)
[2025-06-03T15:46:18.474+0530][141.234s] GC(636) Old regions: 9->9
[2025-06-03T15:46:18.474+0530][141.234s] GC(636) Archive regions: 2->2
[2025-06-03T15:46:18.474+0530][141.234s] GC(636) Humongous regions: 0->0
[2025-06-03T15:46:18.474+0530][141.234s] GC(636) Metaspace: 20471K(20928K)->20471K(20928K) NonClass: 17886K(18112K)->17886K(18112K) Class: 2584K(2816K)->2584K(2816K)
[2025-06-03T15:46:18.474+0530][141.234s] GC(636) Pause Young (Normal) (G1 Evacuation Pause) 315M->9M(512M) 1.533ms
[2025-06-03T15:46:18.474+0530][141.234s] GC(636) User=0.00s Sys=0.00s Real=0.00s
[2025-06-03T15:46:19.012+0530][141.772s] GC(637) Pause Young (Normal) (G1 Evacuation Pause)
[2025-06-03T15:46:19.012+0530][141.772s] GC(637) Using 8 workers of 8 for evacuation
[2025-06-03T15:46:19.013+0530][141.773s] GC(637) Skipped phase 1 of Reference Processing: no references
[2025-06-03T15:46:19.013+0530][141.773s] GC(637) Skipped phase 2 of Reference Processing: no references
[2025-06-03T15:46:19.013+0530][141.773s] GC(637) Skipped phase 3 of Reference Processing: no references
[2025-06-03T15:46:19.013+0530][141.773s] GC(637) Skipped phase 4 of Reference Processing: no references
[2025-06-03T15:46:19.013+0530][141.773s] GC(637)   Pre Evacuate Collection Set: 0.1ms
[2025-06-03T15:46:19.013+0530][141.773s] GC(637)   Merge Heap Roots: 0.1ms
[2025-06-03T15:46:19.013+0530][141.773s] GC(637)   Evacuate Collection Set: 0.4ms
[2025-06-03T15:46:19.013+0530][141.773s] GC(637)   Post Evacuate Collection Set: 0.5ms
[2025-06-03T15:46:19.013+0530][141.773s] GC(637)   Other: 0.2ms
[2025-06-03T15:46:19.014+0530][141.773s] GC(637) Eden regions: 306->0(306)
[2025-06-03T15:46:19.014+0530][141.773s] GC(637) Survivor regions: 1->1(39)
[2025-06-03T15:46:19.014+0530][141.773s] GC(637) Old regions: 9->9
[2025-06-03T15:46:19.014+0530][141.773s] GC(637) Archive regions: 2->2
[2025-06-03T15:46:19.014+0530][141.773s] GC(637) Humongous regions: 0->0
[2025-06-03T15:46:19.014+0530][141.773s] GC(637) Metaspace: 20471K(20928K)->20471K(20928K) NonClass: 17887K(18112K)->17887K(18112K) Class: 2584K(2816K)->2584K(2816K)
[2025-06-03T15:46:19.014+0530][141.773s] GC(637) Pause Young (Normal) (G1 Evacuation Pause) 315M->9M(512M) 1.558ms
[2025-06-03T15:46:19.014+0530][141.773s] GC(637) User=0.00s Sys=0.00s Real=0.00s
[2025-06-03T15:46:19.483+0530][142.243s] GC(638) Pause Young (Normal) (G1 Evacuation Pause)
[2025-06-03T15:46:19.483+0530][142.243s] GC(638) Using 8 workers of 8 for evacuation
[2025-06-03T15:46:19.484+0530][142.243s] GC(638) Skipped phase 1 of Reference Processing: no references
[2025-06-03T15:46:19.484+0530][142.243s] GC(638) Skipped phase 2 of Reference Processing: no references
[2025-06-03T15:46:19.484+0530][142.243s] GC(638) Skipped phase 3 of Reference Processing: no references
[2025-06-03T15:46:19.484+0530][142.243s] GC(638) Skipped phase 4 of Reference Processing: no references
[2025-06-03T15:46:19.484+0530][142.244s] GC(638)   Pre Evacuate Collection Set: 0.1ms
[2025-06-03T15:46:19.484+0530][142.244s] GC(638)   Merge Heap Roots: 0.1ms
[2025-06-03T15:46:19.484+0530][142.244s] GC(638)   Evacuate Collection Set: 0.5ms
[2025-06-03T15:46:19.484+0530][142.244s] GC(638)   Post Evacuate Collection Set: 0.5ms
[2025-06-03T15:46:19.484+0530][142.244s] GC(638)   Other: 0.2ms
[2025-06-03T15:46:19.484+0530][142.244s] GC(638) Eden regions: 306->0(306)
[2025-06-03T15:46:19.484+0530][142.244s] GC(638) Survivor regions: 1->1(39)
[2025-06-03T15:46:19.484+0530][142.244s] GC(638) Old regions: 9->9
[2025-06-03T15:46:19.484+0530][142.244s] GC(638) Archive regions: 2->2
[2025-06-03T15:46:19.484+0530][142.244s] GC(638) Humongous regions: 0->0
[2025-06-03T15:46:19.484+0530][142.244s] GC(638) Metaspace: 20471K(20928K)->20471K(20928K) NonClass: 17887K(18112K)->17887K(18112K) Class: 2584K(2816K)->2584K(2816K)
[2025-06-03T15:46:19.484+0530][142.244s] GC(638) Pause Young (Normal) (G1 Evacuation Pause) 315M->9M(512M) 1.616ms
[2025-06-03T15:46:19.484+0530][142.244s] GC(638) User=0.00s Sys=0.00s Real=0.00s
[2025-06-03T15:46:19.948+0530][142.708s] GC(639) Pause Young (Normal) (G1 Evacuation Pause)
[2025-06-03T15:46:19.948+0530][142.708s] GC(639) Using 8 workers of 8 for evacuation
[2025-06-03T15:46:19.949+0530][142.709s] GC(639) Skipped phase 1 of Reference Processing: no references
[2025-06-03T15:46:19.949+0530][142.709s] GC(639) Skipped phase 2 of Reference Processing: no references
[2025-06-03T15:46:19.949+0530][142.709s] GC(639) Skipped phase 3 of Reference Processing: no references
[2025-06-03T15:46:19.949+0530][142.709s] GC(639) Skipped phase 4 of Reference Processing: no references
[2025-06-03T15:46:19.950+0530][142.709s] GC(639)   Pre Evacuate Collection Set: 0.1ms
[2025-06-03T15:46:19.950+0530][142.709s] GC(639)   Merge Heap Roots: 0.1ms
[2025-06-03T15:46:19.950+0530][142.709s] GC(639)   Evacuate Collection Set: 0.5ms
[2025-06-03T15:46:19.950+0530][142.709s] GC(639)   Post Evacuate Collection Set: 0.6ms
[2025-06-03T15:46:19.950+0530][142.710s] GC(639)   Other: 0.3ms
[2025-06-03T15:46:19.950+0530][142.710s] GC(639) Eden regions: 306->0(306)
[2025-06-03T15:46:19.950+0530][142.710s] GC(639) Survivor regions: 1->1(39)
[2025-06-03T15:46:19.950+0530][142.710s] GC(639) Old regions: 9->9
[2025-06-03T15:46:19.950+0530][142.710s] GC(639) Archive regions: 2->2
[2025-06-03T15:46:19.950+0530][142.710s] GC(639) Humongous regions: 0->0
[2025-06-03T15:46:19.950+0530][142.710s] GC(639) Metaspace: 20471K(20928K)->20471K(20928K) NonClass: 17887K(18112K)->17887K(18112K) Class: 2584K(2816K)->2584K(2816K)
[2025-06-03T15:46:19.950+0530][142.710s] GC(639) Pause Young (Normal) (G1 Evacuation Pause) 315M->9M(512M) 1.952ms
[2025-06-03T15:46:19.950+0530][142.710s] GC(639) User=0.00s Sys=0.01s Real=0.01s
[2025-06-03T15:46:20.315+0530][143.074s] GC(640) Pause Young (Normal) (G1 Evacuation Pause)
[2025-06-03T15:46:20.315+0530][143.074s] GC(640) Using 8 workers of 8 for evacuation
[2025-06-03T15:46:20.315+0530][143.075s] GC(640) Skipped phase 1 of Reference Processing: no references
[2025-06-03T15:46:20.315+0530][143.075s] GC(640) Skipped phase 2 of Reference Processing: no references
[2025-06-03T15:46:20.315+0530][143.075s] GC(640) Skipped phase 3 of Reference Processing: no references
[2025-06-03T15:46:20.315+0530][143.075s] GC(640) Skipped phase 4 of Reference Processing: no references
[2025-06-03T15:46:20.316+0530][143.076s] GC(640)   Pre Evacuate Collection Set: 0.1ms
[2025-06-03T15:46:20.316+0530][143.076s] GC(640)   Merge Heap Roots: 0.1ms
[2025-06-03T15:46:20.316+0530][143.076s] GC(640)   Evacuate Collection Set: 0.4ms
[2025-06-03T15:46:20.316+0530][143.076s] GC(640)   Post Evacuate Collection Set: 0.5ms
[2025-06-03T15:46:20.316+0530][143.076s] GC(640)   Other: 0.2ms
[2025-06-03T15:46:20.316+0530][143.076s] GC(640) Eden regions: 306->0(306)
[2025-06-03T15:46:20.316+0530][143.076s] GC(640) Survivor regions: 1->1(39)
[2025-06-03T15:46:20.316+0530][143.076s] GC(640) Old regions: 9->9
[2025-06-03T15:46:20.316+0530][143.076s] GC(640) Archive regions: 2->2
[2025-06-03T15:46:20.316+0530][143.076s] GC(640) Humongous regions: 0->0
[2025-06-03T15:46:20.316+0530][143.076s] GC(640) Metaspace: 20471K(20928K)->20471K(20928K) NonClass: 17887K(18112K)->17887K(18112K) Class: 2584K(2816K)->2584K(2816K)
[2025-06-03T15:46:20.316+0530][143.076s] GC(640) Pause Young (Normal) (G1 Evacuation Pause) 315M->9M(512M) 1.583ms
[2025-06-03T15:46:20.316+0530][143.076s] GC(640) User=0.00s Sys=0.00s Real=0.00s
[2025-06-03T15:46:20.575+0530][143.335s] GC(641) Pause Young (Normal) (G1 Evacuation Pause)
[2025-06-03T15:46:20.575+0530][143.335s] GC(641) Using 8 workers of 8 for evacuation
[2025-06-03T15:46:20.576+0530][143.336s] GC(641) Skipped phase 1 of Reference Processing: no references
[2025-06-03T15:46:20.576+0530][143.336s] GC(641) Skipped phase 2 of Reference Processing: no references
[2025-06-03T15:46:20.576+0530][143.336s] GC(641) Skipped phase 3 of Reference Processing: no references
[2025-06-03T15:46:20.576+0530][143.336s] GC(641) Skipped phase 4 of Reference Processing: no references
[2025-06-03T15:46:20.577+0530][143.337s] GC(641)   Pre Evacuate Collection Set: 0.1ms
[2025-06-03T15:46:20.577+0530][143.337s] GC(641)   Merge Heap Roots: 0.1ms
[2025-06-03T15:46:20.577+0530][143.337s] GC(641)   Evacuate Collection Set: 0.6ms
[2025-06-03T15:46:20.577+0530][143.337s] GC(641)   Post Evacuate Collection Set: 1.0ms
[2025-06-03T15:46:20.578+0530][143.337s] GC(641)   Other: 0.6ms
[2025-06-03T15:46:20.578+0530][143.337s] GC(641) Eden regions: 306->0(306)
[2025-06-03T15:46:20.578+0530][143.337s] GC(641) Survivor regions: 1->1(39)
[2025-06-03T15:46:20.578+0530][143.338s] GC(641) Old regions: 9->9
[2025-06-03T15:46:20.578+0530][143.338s] GC(641) Archive regions: 2->2
[2025-06-03T15:46:20.578+0530][143.338s] GC(641) Humongous regions: 0->0
[2025-06-03T15:46:20.578+0530][143.338s] GC(641) Metaspace: 20471K(20928K)->20471K(20928K) NonClass: 17887K(18112K)->17887K(18112K) Class: 2584K(2816K)->2584K(2816K)
[2025-06-03T15:46:20.578+0530][143.338s] GC(641) Pause Young (Normal) (G1 Evacuation Pause) 315M->9M(512M) 3.019ms
[2025-06-03T15:46:20.578+0530][143.338s] GC(641) User=0.00s Sys=0.00s Real=0.00s
[2025-06-03T15:46:20.835+0530][143.595s] GC(642) Pause Young (Normal) (G1 Evacuation Pause)
[2025-06-03T15:46:20.835+0530][143.595s] GC(642) Using 8 workers of 8 for evacuation
[2025-06-03T15:46:20.836+0530][143.596s] GC(642) Skipped phase 1 of Reference Processing: no references
[2025-06-03T15:46:20.836+0530][143.596s] GC(642) Skipped phase 2 of Reference Processing: no references
[2025-06-03T15:46:20.836+0530][143.596s] GC(642) Skipped phase 3 of Reference Processing: no references
[2025-06-03T15:46:20.836+0530][143.596s] GC(642) Skipped phase 4 of Reference Processing: no references
[2025-06-03T15:46:20.837+0530][143.597s] GC(642)   Pre Evacuate Collection Set: 0.1ms
[2025-06-03T15:46:20.837+0530][143.597s] GC(642)   Merge Heap Roots: 0.1ms
[2025-06-03T15:46:20.837+0530][143.597s] GC(642)   Evacuate Collection Set: 0.4ms
[2025-06-03T15:46:20.837+0530][143.597s] GC(642)   Post Evacuate Collection Set: 0.8ms
[2025-06-03T15:46:20.837+0530][143.597s] GC(642)   Other: 0.2ms
[2025-06-03T15:46:20.837+0530][143.597s] GC(642) Eden regions: 306->0(306)
[2025-06-03T15:46:20.837+0530][143.597s] GC(642) Survivor regions: 1->1(39)
[2025-06-03T15:46:20.837+0530][143.597s] GC(642) Old regions: 9->9
[2025-06-03T15:46:20.837+0530][143.597s] GC(642) Archive regions: 2->2
[2025-06-03T15:46:20.837+0530][143.597s] GC(642) Humongous regions: 0->0
[2025-06-03T15:46:20.837+0530][143.597s] GC(642) Metaspace: 20471K(20928K)->20471K(20928K) NonClass: 17887K(18112K)->17887K(18112K) Class: 2584K(2816K)->2584K(2816K)
[2025-06-03T15:46:20.837+0530][143.597s] GC(642) Pause Young (Normal) (G1 Evacuation Pause) 315M->9M(512M) 1.777ms
[2025-06-03T15:46:20.837+0530][143.597s] GC(642) User=0.01s Sys=0.00s Real=0.00s
[2025-06-03T15:46:21.033+0530][143.793s] GC(643) Pause Young (Normal) (G1 Evacuation Pause)
[2025-06-03T15:46:21.033+0530][143.793s] GC(643) Using 8 workers of 8 for evacuation
[2025-06-03T15:46:21.033+0530][143.793s] GC(643) Skipped phase 1 of Reference Processing: no references
[2025-06-03T15:46:21.034+0530][143.793s] GC(643) Skipped phase 2 of Reference Processing: no references
[2025-06-03T15:46:21.034+0530][143.793s] GC(643) Skipped phase 3 of Reference Processing: no references
[2025-06-03T15:46:21.034+0530][143.793s] GC(643) Skipped phase 4 of Reference Processing: no references
[2025-06-03T15:46:21.034+0530][143.794s] GC(643)   Pre Evacuate Collection Set: 0.1ms
[2025-06-03T15:46:21.034+0530][143.794s] GC(643)   Merge Heap Roots: 0.1ms
[2025-06-03T15:46:21.034+0530][143.794s] GC(643)   Evacuate Collection Set: 0.4ms
[2025-06-03T15:46:21.034+0530][143.794s] GC(643)   Post Evacuate Collection Set: 0.6ms
[2025-06-03T15:46:21.034+0530][143.794s] GC(643)   Other: 0.2ms
[2025-06-03T15:46:21.034+0530][143.794s] GC(643) Eden regions: 306->0(306)
[2025-06-03T15:46:21.034+0530][143.794s] GC(643) Survivor regions: 1->1(39)
[2025-06-03T15:46:21.034+0530][143.794s] GC(643) Old regions: 9->9
[2025-06-03T15:46:21.034+0530][143.794s] GC(643) Archive regions: 2->2
[2025-06-03T15:46:21.034+0530][143.794s] GC(643) Humongous regions: 0->0
[2025-06-03T15:46:21.034+0530][143.794s] GC(643) Metaspace: 20471K(20928K)->20471K(20928K) NonClass: 17887K(18112K)->17887K(18112K) Class: 2584K(2816K)->2584K(2816K)
[2025-06-03T15:46:21.034+0530][143.794s] GC(643) Pause Young (Normal) (G1 Evacuation Pause) 315M->9M(512M) 1.568ms
[2025-06-03T15:46:21.034+0530][143.794s] GC(643) User=0.00s Sys=0.00s Real=0.00s
[2025-06-03T15:46:21.234+0530][143.993s] GC(644) Pause Young (Normal) (G1 Evacuation Pause)
[2025-06-03T15:46:21.234+0530][143.993s] GC(644) Using 8 workers of 8 for evacuation
[2025-06-03T15:46:21.234+0530][143.994s] GC(644) Skipped phase 1 of Reference Processing: no references
[2025-06-03T15:46:21.234+0530][143.994s] GC(644) Skipped phase 2 of Reference Processing: no references
[2025-06-03T15:46:21.234+0530][143.994s] GC(644) Skipped phase 3 of Reference Processing: no references
[2025-06-03T15:46:21.235+0530][143.994s] GC(644) Skipped phase 4 of Reference Processing: no references
[2025-06-03T15:46:21.235+0530][143.995s] GC(644)   Pre Evacuate Collection Set: 0.1ms
[2025-06-03T15:46:21.235+0530][143.995s] GC(644)   Merge Heap Roots: 0.1ms
[2025-06-03T15:46:21.235+0530][143.995s] GC(644)   Evacuate Collection Set: 0.5ms
[2025-06-03T15:46:21.235+0530][143.995s] GC(644)   Post Evacuate Collection Set: 0.6ms
[2025-06-03T15:46:21.235+0530][143.995s] GC(644)   Other: 0.2ms
[2025-06-03T15:46:21.235+0530][143.995s] GC(644) Eden regions: 306->0(306)
[2025-06-03T15:46:21.235+0530][143.995s] GC(644) Survivor regions: 1->1(39)
[2025-06-03T15:46:21.235+0530][143.995s] GC(644) Old regions: 9->9
[2025-06-03T15:46:21.235+0530][143.995s] GC(644) Archive regions: 2->2
[2025-06-03T15:46:21.235+0530][143.995s] GC(644) Humongous regions: 0->0
[2025-06-03T15:46:21.235+0530][143.995s] GC(644) Metaspace: 20471K(20928K)->20471K(20928K) NonClass: 17887K(18112K)->17887K(18112K) Class: 2584K(2816K)->2584K(2816K)
[2025-06-03T15:46:21.235+0530][143.995s] GC(644) Pause Young (Normal) (G1 Evacuation Pause) 315M->9M(512M) 1.826ms
[2025-06-03T15:46:21.235+0530][143.995s] GC(644) User=0.01s Sys=0.00s Real=0.00s
[2025-06-03T15:46:21.437+0530][144.197s] GC(645) Pause Young (Normal) (G1 Evacuation Pause)
[2025-06-03T15:46:21.437+0530][144.197s] GC(645) Using 8 workers of 8 for evacuation
[2025-06-03T15:46:21.438+0530][144.198s] GC(645) Skipped phase 1 of Reference Processing: no references
[2025-06-03T15:46:21.438+0530][144.198s] GC(645) Skipped phase 2 of Reference Processing: no references
[2025-06-03T15:46:21.438+0530][144.198s] GC(645) Skipped phase 3 of Reference Processing: no references
[2025-06-03T15:46:21.438+0530][144.198s] GC(645) Skipped phase 4 of Reference Processing: no references
[2025-06-03T15:46:21.438+0530][144.198s] GC(645)   Pre Evacuate Collection Set: 0.1ms
[2025-06-03T15:46:21.438+0530][144.198s] GC(645)   Merge Heap Roots: 0.1ms
[2025-06-03T15:46:21.438+0530][144.198s] GC(645)   Evacuate Collection Set: 0.7ms
[2025-06-03T15:46:21.438+0530][144.198s] GC(645)   Post Evacuate Collection Set: 0.6ms
[2025-06-03T15:46:21.439+0530][144.198s] GC(645)   Other: 0.3ms
[2025-06-03T15:46:21.439+0530][144.198s] GC(645) Eden regions: 306->0(306)
[2025-06-03T15:46:21.439+0530][144.198s] GC(645) Survivor regions: 1->1(39)
[2025-06-03T15:46:21.439+0530][144.198s] GC(645) Old regions: 9->9
[2025-06-03T15:46:21.439+0530][144.198s] GC(645) Archive regions: 2->2
[2025-06-03T15:46:21.439+0530][144.198s] GC(645) Humongous regions: 0->0
[2025-06-03T15:46:21.439+0530][144.199s] GC(645) Metaspace: 20471K(20928K)->20471K(20928K) NonClass: 17887K(18112K)->17887K(18112K) Class: 2584K(2816K)->2584K(2816K)
[2025-06-03T15:46:21.439+0530][144.199s] GC(645) Pause Young (Normal) (G1 Evacuation Pause) 315M->9M(512M) 1.990ms
[2025-06-03T15:46:21.439+0530][144.199s] GC(645) User=0.00s Sys=0.00s Real=0.00s
[2025-06-03T15:46:21.632+0530][144.392s] GC(646) Pause Young (Normal) (G1 Evacuation Pause)
[2025-06-03T15:46:21.632+0530][144.392s] GC(646) Using 8 workers of 8 for evacuation
[2025-06-03T15:46:21.633+0530][144.393s] GC(646) Skipped phase 1 of Reference Processing: no references
[2025-06-03T15:46:21.633+0530][144.393s] GC(646) Skipped phase 2 of Reference Processing: no references
[2025-06-03T15:46:21.633+0530][144.393s] GC(646) Skipped phase 3 of Reference Processing: no references
[2025-06-03T15:46:21.633+0530][144.393s] GC(646) Skipped phase 4 of Reference Processing: no references
[2025-06-03T15:46:21.633+0530][144.393s] GC(646)   Pre Evacuate Collection Set: 0.1ms
[2025-06-03T15:46:21.633+0530][144.393s] GC(646)   Merge Heap Roots: 0.1ms
[2025-06-03T15:46:21.633+0530][144.393s] GC(646)   Evacuate Collection Set: 0.3ms
[2025-06-03T15:46:21.633+0530][144.393s] GC(646)   Post Evacuate Collection Set: 0.6ms
[2025-06-03T15:46:21.633+0530][144.393s] GC(646)   Other: 0.3ms
[2025-06-03T15:46:21.634+0530][144.393s] GC(646) Eden regions: 306->0(306)
[2025-06-03T15:46:21.634+0530][144.393s] GC(646) Survivor regions: 1->1(39)
[2025-06-03T15:46:21.634+0530][144.393s] GC(646) Old regions: 9->9
[2025-06-03T15:46:21.634+0530][144.393s] GC(646) Archive regions: 2->2
[2025-06-03T15:46:21.634+0530][144.393s] GC(646) Humongous regions: 0->0
[2025-06-03T15:46:21.634+0530][144.394s] GC(646) Metaspace: 20471K(20928K)->20471K(20928K) NonClass: 17887K(18112K)->17887K(18112K) Class: 2584K(2816K)->2584K(2816K)
[2025-06-03T15:46:21.634+0530][144.394s] GC(646) Pause Young (Normal) (G1 Evacuation Pause) 315M->9M(512M) 1.711ms
[2025-06-03T15:46:21.634+0530][144.394s] GC(646) User=0.00s Sys=0.00s Real=0.00s
[2025-06-03T15:46:21.896+0530][144.656s] GC(647) Pause Young (Normal) (G1 Evacuation Pause)
[2025-06-03T15:46:21.897+0530][144.656s] GC(647) Using 8 workers of 8 for evacuation
[2025-06-03T15:46:21.897+0530][144.657s] GC(647) Skipped phase 1 of Reference Processing: no references
[2025-06-03T15:46:21.897+0530][144.657s] GC(647) Skipped phase 2 of Reference Processing: no references
[2025-06-03T15:46:21.897+0530][144.657s] GC(647) Skipped phase 3 of Reference Processing: no references
[2025-06-03T15:46:21.897+0530][144.657s] GC(647) Skipped phase 4 of Reference Processing: no references
[2025-06-03T15:46:21.898+0530][144.658s] GC(647)   Pre Evacuate Collection Set: 0.1ms
[2025-06-03T15:46:21.898+0530][144.658s] GC(647)   Merge Heap Roots: 0.1ms
[2025-06-03T15:46:21.898+0530][144.658s] GC(647)   Evacuate Collection Set: 0.3ms
[2025-06-03T15:46:21.898+0530][144.658s] GC(647)   Post Evacuate Collection Set: 0.6ms
[2025-06-03T15:46:21.898+0530][144.658s] GC(647)   Other: 0.3ms
[2025-06-03T15:46:21.898+0530][144.658s] GC(647) Eden regions: 306->0(306)
[2025-06-03T15:46:21.898+0530][144.658s] GC(647) Survivor regions: 1->1(39)
[2025-06-03T15:46:21.898+0530][144.658s] GC(647) Old regions: 9->9
[2025-06-03T15:46:21.898+0530][144.658s] GC(647) Archive regions: 2->2
[2025-06-03T15:46:21.898+0530][144.658s] GC(647) Humongous regions: 0->0
[2025-06-03T15:46:21.898+0530][144.658s] GC(647) Metaspace: 20471K(20928K)->20471K(20928K) NonClass: 17887K(18112K)->17887K(18112K) Class: 2584K(2816K)->2584K(2816K)
[2025-06-03T15:46:21.898+0530][144.658s] GC(647) Pause Young (Normal) (G1 Evacuation Pause) 315M->9M(512M) 1.600ms
[2025-06-03T15:46:21.898+0530][144.658s] GC(647) User=0.00s Sys=0.00s Real=0.00s
[2025-06-03T15:46:22.140+0530][144.900s] GC(648) Pause Young (Normal) (G1 Evacuation Pause)
[2025-06-03T15:46:22.140+0530][144.900s] GC(648) Using 8 workers of 8 for evacuation
[2025-06-03T15:46:22.141+0530][144.901s] GC(648) Skipped phase 1 of Reference Processing: no references
[2025-06-03T15:46:22.141+0530][144.901s] GC(648) Skipped phase 2 of Reference Processing: no references
[2025-06-03T15:46:22.141+0530][144.901s] GC(648) Skipped phase 3 of Reference Processing: no references
[2025-06-03T15:46:22.141+0530][144.901s] GC(648) Skipped phase 4 of Reference Processing: no references
[2025-06-03T15:46:22.142+0530][144.902s] GC(648)   Pre Evacuate Collection Set: 0.1ms
[2025-06-03T15:46:22.142+0530][144.902s] GC(648)   Merge Heap Roots: 0.1ms
[2025-06-03T15:46:22.142+0530][144.902s] GC(648)   Evacuate Collection Set: 0.5ms
[2025-06-03T15:46:22.142+0530][144.902s] GC(648)   Post Evacuate Collection Set: 0.7ms
[2025-06-03T15:46:22.142+0530][144.902s] GC(648)   Other: 0.3ms
[2025-06-03T15:46:22.142+0530][144.902s] GC(648) Eden regions: 306->0(306)
[2025-06-03T15:46:22.142+0530][144.902s] GC(648) Survivor regions: 1->1(39)
[2025-06-03T15:46:22.142+0530][144.902s] GC(648) Old regions: 9->9
[2025-06-03T15:46:22.142+0530][144.902s] GC(648) Archive regions: 2->2
[2025-06-03T15:46:22.142+0530][144.902s] GC(648) Humongous regions: 0->0
[2025-06-03T15:46:22.142+0530][144.902s] GC(648) Metaspace: 20471K(20928K)->20471K(20928K) NonClass: 17887K(18112K)->17887K(18112K) Class: 2584K(2816K)->2584K(2816K)
[2025-06-03T15:46:22.142+0530][144.902s] GC(648) Pause Young (Normal) (G1 Evacuation Pause) 315M->9M(512M) 1.939ms
[2025-06-03T15:46:22.142+0530][144.902s] GC(648) User=0.00s Sys=0.00s Real=0.00s
[2025-06-03T15:46:22.401+0530][145.161s] GC(649) Pause Young (Normal) (G1 Evacuation Pause)
[2025-06-03T15:46:22.401+0530][145.161s] GC(649) Using 8 workers of 8 for evacuation
[2025-06-03T15:46:22.402+0530][145.162s] GC(649) Skipped phase 1 of Reference Processing: no references
[2025-06-03T15:46:22.402+0530][145.162s] GC(649) Skipped phase 2 of Reference Processing: no references
[2025-06-03T15:46:22.402+0530][145.162s] GC(649) Skipped phase 3 of Reference Processing: no references
[2025-06-03T15:46:22.402+0530][145.162s] GC(649) Skipped phase 4 of Reference Processing: no references
[2025-06-03T15:46:22.403+0530][145.162s] GC(649)   Pre Evacuate Collection Set: 0.1ms
[2025-06-03T15:46:22.403+0530][145.162s] GC(649)   Merge Heap Roots: 0.1ms
[2025-06-03T15:46:22.403+0530][145.163s] GC(649)   Evacuate Collection Set: 0.3ms
[2025-06-03T15:46:22.403+0530][145.163s] GC(649)   Post Evacuate Collection Set: 0.6ms
[2025-06-03T15:46:22.403+0530][145.163s] GC(649)   Other: 0.2ms
[2025-06-03T15:46:22.403+0530][145.163s] GC(649) Eden regions: 306->0(306)
[2025-06-03T15:46:22.403+0530][145.163s] GC(649) Survivor regions: 1->1(39)
[2025-06-03T15:46:22.403+0530][145.163s] GC(649) Old regions: 9->9
[2025-06-03T15:46:22.403+0530][145.163s] GC(649) Archive regions: 2->2
[2025-06-03T15:46:22.403+0530][145.163s] GC(649) Humongous regions: 0->0
[2025-06-03T15:46:22.403+0530][145.163s] GC(649) Metaspace: 20471K(20928K)->20471K(20928K) NonClass: 17887K(18112K)->17887K(18112K) Class: 2584K(2816K)->2584K(2816K)
[2025-06-03T15:46:22.403+0530][145.163s] GC(649) Pause Young (Normal) (G1 Evacuation Pause) 315M->9M(512M) 1.564ms
[2025-06-03T15:46:22.403+0530][145.163s] GC(649) User=0.00s Sys=0.00s Real=0.00s
[2025-06-03T15:46:22.618+0530][145.378s] GC(650) Pause Young (Normal) (G1 Evacuation Pause)
[2025-06-03T15:46:22.618+0530][145.378s] GC(650) Using 8 workers of 8 for evacuation
[2025-06-03T15:46:22.618+0530][145.378s] GC(650) Skipped phase 1 of Reference Processing: no references
[2025-06-03T15:46:22.618+0530][145.378s] GC(650) Skipped phase 2 of Reference Processing: no references
[2025-06-03T15:46:22.618+0530][145.378s] GC(650) Skipped phase 3 of Reference Processing: no references
[2025-06-03T15:46:22.619+0530][145.378s] GC(650) Skipped phase 4 of Reference Processing: no references
[2025-06-03T15:46:22.619+0530][145.379s] GC(650)   Pre Evacuate Collection Set: 0.2ms
[2025-06-03T15:46:22.619+0530][145.379s] GC(650)   Merge Heap Roots: 0.1ms
[2025-06-03T15:46:22.619+0530][145.379s] GC(650)   Evacuate Collection Set: 0.3ms
[2025-06-03T15:46:22.619+0530][145.379s] GC(650)   Post Evacuate Collection Set: 0.6ms
[2025-06-03T15:46:22.619+0530][145.379s] GC(650)   Other: 0.2ms
[2025-06-03T15:46:22.619+0530][145.379s] GC(650) Eden regions: 306->0(306)
[2025-06-03T15:46:22.619+0530][145.379s] GC(650) Survivor regions: 1->1(39)
[2025-06-03T15:46:22.619+0530][145.379s] GC(650) Old regions: 9->9
[2025-06-03T15:46:22.619+0530][145.379s] GC(650) Archive regions: 2->2
[2025-06-03T15:46:22.619+0530][145.379s] GC(650) Humongous regions: 0->0
[2025-06-03T15:46:22.619+0530][145.379s] GC(650) Metaspace: 20471K(20928K)->20471K(20928K) NonClass: 17887K(18112K)->17887K(18112K) Class: 2584K(2816K)->2584K(2816K)
[2025-06-03T15:46:22.619+0530][145.379s] GC(650) Pause Young (Normal) (G1 Evacuation Pause) 315M->9M(512M) 1.702ms
[2025-06-03T15:46:22.619+0530][145.379s] GC(650) User=0.00s Sys=0.00s Real=0.00s
[2025-06-03T15:46:22.838+0530][145.598s] GC(651) Pause Young (Normal) (G1 Evacuation Pause)
[2025-06-03T15:46:22.838+0530][145.598s] GC(651) Using 8 workers of 8 for evacuation
[2025-06-03T15:46:22.840+0530][145.599s] GC(651) Skipped phase 1 of Reference Processing: no references
[2025-06-03T15:46:22.840+0530][145.600s] GC(651) Skipped phase 2 of Reference Processing: no references
[2025-06-03T15:46:22.840+0530][145.600s] GC(651) Skipped phase 3 of Reference Processing: no references
[2025-06-03T15:46:22.840+0530][145.600s] GC(651) Skipped phase 4 of Reference Processing: no references
[2025-06-03T15:46:22.841+0530][145.601s] GC(651)   Pre Evacuate Collection Set: 0.2ms
[2025-06-03T15:46:22.841+0530][145.601s] GC(651)   Merge Heap Roots: 0.1ms
[2025-06-03T15:46:22.841+0530][145.601s] GC(651)   Evacuate Collection Set: 0.8ms
[2025-06-03T15:46:22.841+0530][145.601s] GC(651)   Post Evacuate Collection Set: 1.2ms
[2025-06-03T15:46:22.841+0530][145.601s] GC(651)   Other: 0.4ms
[2025-06-03T15:46:22.841+0530][145.601s] GC(651) Eden regions: 306->0(306)
[2025-06-03T15:46:22.841+0530][145.601s] GC(651) Survivor regions: 1->1(39)
[2025-06-03T15:46:22.841+0530][145.601s] GC(651) Old regions: 9->9
[2025-06-03T15:46:22.841+0530][145.601s] GC(651) Archive regions: 2->2
[2025-06-03T15:46:22.841+0530][145.601s] GC(651) Humongous regions: 0->0
[2025-06-03T15:46:22.841+0530][145.601s] GC(651) Metaspace: 20471K(20928K)->20471K(20928K) NonClass: 17887K(18112K)->17887K(18112K) Class: 2584K(2816K)->2584K(2816K)
[2025-06-03T15:46:22.841+0530][145.601s] GC(651) Pause Young (Normal) (G1 Evacuation Pause) 315M->9M(512M) 3.061ms
[2025-06-03T15:46:22.841+0530][145.601s] GC(651) User=0.00s Sys=0.00s Real=0.01s
[2025-06-03T15:46:23.097+0530][145.856s] GC(652) Pause Young (Normal) (G1 Evacuation Pause)
[2025-06-03T15:46:23.097+0530][145.857s] GC(652) Using 8 workers of 8 for evacuation
[2025-06-03T15:46:23.097+0530][145.857s] GC(652) Skipped phase 1 of Reference Processing: no references
[2025-06-03T15:46:23.097+0530][145.857s] GC(652) Skipped phase 2 of Reference Processing: no references
[2025-06-03T15:46:23.097+0530][145.857s] GC(652) Skipped phase 3 of Reference Processing: no references
[2025-06-03T15:46:23.097+0530][145.857s] GC(652) ReferenceProcessor::execute queues: 1, RefProcThreadModel::Single, marks_oops_alive: false
[2025-06-03T15:46:23.098+0530][145.858s] GC(652)   Pre Evacuate Collection Set: 0.1ms
[2025-06-03T15:46:23.098+0530][145.858s] GC(652)   Merge Heap Roots: 0.1ms
[2025-06-03T15:46:23.098+0530][145.858s] GC(652)   Evacuate Collection Set: 0.4ms
[2025-06-03T15:46:23.098+0530][145.858s] GC(652)   Post Evacuate Collection Set: 0.6ms
[2025-06-03T15:46:23.098+0530][145.858s] GC(652)   Other: 0.2ms
[2025-06-03T15:46:23.098+0530][145.858s] GC(652) Eden regions: 306->0(306)
[2025-06-03T15:46:23.098+0530][145.858s] GC(652) Survivor regions: 1->1(39)
[2025-06-03T15:46:23.098+0530][145.858s] GC(652) Old regions: 9->9
[2025-06-03T15:46:23.098+0530][145.858s] GC(652) Archive regions: 2->2
[2025-06-03T15:46:23.098+0530][145.858s] GC(652) Humongous regions: 0->0
[2025-06-03T15:46:23.098+0530][145.858s] GC(652) Metaspace: 20471K(20928K)->20471K(20928K) NonClass: 17887K(18112K)->17887K(18112K) Class: 2584K(2816K)->2584K(2816K)
[2025-06-03T15:46:23.098+0530][145.858s] GC(652) Pause Young (Normal) (G1 Evacuation Pause) 315M->9M(512M) 1.631ms
[2025-06-03T15:46:23.098+0530][145.858s] GC(652) User=0.00s Sys=0.00s Real=0.00s
[2025-06-03T15:46:23.365+0530][146.125s] GC(653) Pause Young (Normal) (G1 Evacuation Pause)
[2025-06-03T15:46:23.365+0530][146.125s] GC(653) Using 8 workers of 8 for evacuation
[2025-06-03T15:46:23.366+0530][146.126s] GC(653) Skipped phase 1 of Reference Processing: no references
[2025-06-03T15:46:23.366+0530][146.126s] GC(653) Skipped phase 2 of Reference Processing: no references
[2025-06-03T15:46:23.366+0530][146.126s] GC(653) Skipped phase 3 of Reference Processing: no references
[2025-06-03T15:46:23.366+0530][146.126s] GC(653) ReferenceProcessor::execute queues: 1, RefProcThreadModel::Single, marks_oops_alive: false
[2025-06-03T15:46:23.366+0530][146.126s] GC(653)   Pre Evacuate Collection Set: 0.1ms
[2025-06-03T15:46:23.367+0530][146.126s] GC(653)   Merge Heap Roots: 0.1ms
[2025-06-03T15:46:23.367+0530][146.126s] GC(653)   Evacuate Collection Set: 0.3ms
[2025-06-03T15:46:23.367+0530][146.126s] GC(653)   Post Evacuate Collection Set: 0.6ms
[2025-06-03T15:46:23.367+0530][146.126s] GC(653)   Other: 0.2ms
[2025-06-03T15:46:23.367+0530][146.127s] GC(653) Eden regions: 306->0(306)
[2025-06-03T15:46:23.367+0530][146.127s] GC(653) Survivor regions: 1->1(39)
[2025-06-03T15:46:23.367+0530][146.127s] GC(653) Old regions: 9->9
[2025-06-03T15:46:23.367+0530][146.127s] GC(653) Archive regions: 2->2
[2025-06-03T15:46:23.367+0530][146.127s] GC(653) Humongous regions: 0->0
[2025-06-03T15:46:23.367+0530][146.127s] GC(653) Metaspace: 20471K(20928K)->20471K(20928K) NonClass: 17887K(18112K)->17887K(18112K) Class: 2584K(2816K)->2584K(2816K)
[2025-06-03T15:46:23.367+0530][146.127s] GC(653) Pause Young (Normal) (G1 Evacuation Pause) 315M->9M(512M) 1.438ms
[2025-06-03T15:46:23.367+0530][146.127s] GC(653) User=0.00s Sys=0.00s Real=0.00s
[2025-06-03T15:46:23.644+0530][146.404s] GC(654) Pause Young (Normal) (G1 Evacuation Pause)
[2025-06-03T15:46:23.644+0530][146.404s] GC(654) Using 8 workers of 8 for evacuation
[2025-06-03T15:46:23.645+0530][146.405s] GC(654) Skipped phase 1 of Reference Processing: no references
[2025-06-03T15:46:23.645+0530][146.405s] GC(654) Skipped phase 2 of Reference Processing: no references
[2025-06-03T15:46:23.645+0530][146.405s] GC(654) Skipped phase 3 of Reference Processing: no references
[2025-06-03T15:46:23.645+0530][146.405s] GC(654) ReferenceProcessor::execute queues: 1, RefProcThreadModel::Single, marks_oops_alive: false
[2025-06-03T15:46:23.646+0530][146.406s] GC(654)   Pre Evacuate Collection Set: 0.1ms
[2025-06-03T15:46:23.646+0530][146.406s] GC(654)   Merge Heap Roots: 0.1ms
[2025-06-03T15:46:23.646+0530][146.406s] GC(654)   Evacuate Collection Set: 0.5ms
[2025-06-03T15:46:23.646+0530][146.406s] GC(654)   Post Evacuate Collection Set: 0.9ms
[2025-06-03T15:46:23.646+0530][146.406s] GC(654)   Other: 0.4ms
[2025-06-03T15:46:23.646+0530][146.406s] GC(654) Eden regions: 306->0(306)
[2025-06-03T15:46:23.646+0530][146.406s] GC(654) Survivor regions: 1->1(39)
[2025-06-03T15:46:23.646+0530][146.406s] GC(654) Old regions: 9->9
[2025-06-03T15:46:23.646+0530][146.406s] GC(654) Archive regions: 2->2
[2025-06-03T15:46:23.646+0530][146.406s] GC(654) Humongous regions: 0->0
[2025-06-03T15:46:23.646+0530][146.406s] GC(654) Metaspace: 20471K(20928K)->20471K(20928K) NonClass: 17887K(18112K)->17887K(18112K) Class: 2584K(2816K)->2584K(2816K)
[2025-06-03T15:46:23.646+0530][146.406s] GC(654) Pause Young (Normal) (G1 Evacuation Pause) 315M->9M(512M) 2.450ms
[2025-06-03T15:46:23.646+0530][146.406s] GC(654) User=0.01s Sys=0.00s Real=0.00s
[2025-06-03T15:46:24.006+0530][146.766s] GC(655) Pause Young (Normal) (G1 Evacuation Pause)
[2025-06-03T15:46:24.006+0530][146.766s] GC(655) Using 8 workers of 8 for evacuation
[2025-06-03T15:46:24.007+0530][146.767s] GC(655) Skipped phase 1 of Reference Processing: no references
[2025-06-03T15:46:24.007+0530][146.767s] GC(655) Skipped phase 2 of Reference Processing: no references
[2025-06-03T15:46:24.007+0530][146.767s] GC(655) Skipped phase 3 of Reference Processing: no references
[2025-06-03T15:46:24.007+0530][146.767s] GC(655) ReferenceProcessor::execute queues: 1, RefProcThreadModel::Single, marks_oops_alive: false
[2025-06-03T15:46:24.008+0530][146.768s] GC(655)   Pre Evacuate Collection Set: 0.2ms
[2025-06-03T15:46:24.008+0530][146.768s] GC(655)   Merge Heap Roots: 0.2ms
[2025-06-03T15:46:24.008+0530][146.768s] GC(655)   Evacuate Collection Set: 0.7ms
[2025-06-03T15:46:24.008+0530][146.768s] GC(655)   Post Evacuate Collection Set: 0.8ms
[2025-06-03T15:46:24.008+0530][146.768s] GC(655)   Other: 0.3ms
[2025-06-03T15:46:24.008+0530][146.768s] GC(655) Eden regions: 306->0(306)
[2025-06-03T15:46:24.008+0530][146.768s] GC(655) Survivor regions: 1->1(39)
[2025-06-03T15:46:24.008+0530][146.768s] GC(655) Old regions: 9->9
[2025-06-03T15:46:24.008+0530][146.768s] GC(655) Archive regions: 2->2
[2025-06-03T15:46:24.008+0530][146.768s] GC(655) Humongous regions: 0->0
[2025-06-03T15:46:24.008+0530][146.768s] GC(655) Metaspace: 20471K(20928K)->20471K(20928K) NonClass: 17887K(18112K)->17887K(18112K) Class: 2584K(2816K)->2584K(2816K)
[2025-06-03T15:46:24.008+0530][146.768s] GC(655) Pause Young (Normal) (G1 Evacuation Pause) 315M->9M(512M) 2.401ms
[2025-06-03T15:46:24.008+0530][146.768s] GC(655) User=0.00s Sys=0.00s Real=0.00s
[2025-06-03T15:46:24.349+0530][147.109s] GC(656) Pause Young (Normal) (G1 Evacuation Pause)
[2025-06-03T15:46:24.349+0530][147.109s] GC(656) Using 8 workers of 8 for evacuation
[2025-06-03T15:46:24.350+0530][147.110s] GC(656) Skipped phase 1 of Reference Processing: no references
[2025-06-03T15:46:24.350+0530][147.110s] GC(656) Skipped phase 2 of Reference Processing: no references
[2025-06-03T15:46:24.350+0530][147.110s] GC(656) Skipped phase 3 of Reference Processing: no references
[2025-06-03T15:46:24.350+0530][147.110s] GC(656) ReferenceProcessor::execute queues: 1, RefProcThreadModel::Single, marks_oops_alive: false
[2025-06-03T15:46:24.351+0530][147.111s] GC(656)   Pre Evacuate Collection Set: 0.1ms
[2025-06-03T15:46:24.351+0530][147.111s] GC(656)   Merge Heap Roots: 0.1ms
[2025-06-03T15:46:24.351+0530][147.111s] GC(656)   Evacuate Collection Set: 0.4ms
[2025-06-03T15:46:24.351+0530][147.111s] GC(656)   Post Evacuate Collection Set: 0.8ms
[2025-06-03T15:46:24.351+0530][147.111s] GC(656)   Other: 0.3ms
[2025-06-03T15:46:24.351+0530][147.111s] GC(656) Eden regions: 306->0(306)
[2025-06-03T15:46:24.351+0530][147.111s] GC(656) Survivor regions: 1->1(39)
[2025-06-03T15:46:24.351+0530][147.111s] GC(656) Old regions: 9->9
[2025-06-03T15:46:24.351+0530][147.111s] GC(656) Archive regions: 2->2
[2025-06-03T15:46:24.351+0530][147.111s] GC(656) Humongous regions: 0->0
[2025-06-03T15:46:24.351+0530][147.111s] GC(656) Metaspace: 20471K(20928K)->20471K(20928K) NonClass: 17887K(18112K)->17887K(18112K) Class: 2584K(2816K)->2584K(2816K)
[2025-06-03T15:46:24.351+0530][147.111s] GC(656) Pause Young (Normal) (G1 Evacuation Pause) 315M->9M(512M) 2.107ms
[2025-06-03T15:46:24.351+0530][147.111s] GC(656) User=0.01s Sys=0.00s Real=0.01s
[2025-06-03T15:46:24.803+0530][147.563s] GC(657) Pause Young (Normal) (G1 Evacuation Pause)
[2025-06-03T15:46:24.803+0530][147.563s] GC(657) Using 8 workers of 8 for evacuation
[2025-06-03T15:46:24.804+0530][147.564s] GC(657) Skipped phase 1 of Reference Processing: no references
[2025-06-03T15:46:24.804+0530][147.564s] GC(657) Skipped phase 2 of Reference Processing: no references
[2025-06-03T15:46:24.804+0530][147.564s] GC(657) Skipped phase 3 of Reference Processing: no references
[2025-06-03T15:46:24.804+0530][147.564s] GC(657) ReferenceProcessor::execute queues: 1, RefProcThreadModel::Single, marks_oops_alive: false
[2025-06-03T15:46:24.804+0530][147.564s] GC(657)   Pre Evacuate Collection Set: 0.1ms
[2025-06-03T15:46:24.804+0530][147.564s] GC(657)   Merge Heap Roots: 0.2ms
[2025-06-03T15:46:24.805+0530][147.564s] GC(657)   Evacuate Collection Set: 0.6ms
[2025-06-03T15:46:24.805+0530][147.565s] GC(657)   Post Evacuate Collection Set: 0.7ms
[2025-06-03T15:46:24.805+0530][147.565s] GC(657)   Other: 0.2ms
[2025-06-03T15:46:24.805+0530][147.565s] GC(657) Eden regions: 306->0(306)
[2025-06-03T15:46:24.805+0530][147.565s] GC(657) Survivor regions: 1->1(39)
[2025-06-03T15:46:24.805+0530][147.565s] GC(657) Old regions: 9->9
[2025-06-03T15:46:24.805+0530][147.565s] GC(657) Archive regions: 2->2
[2025-06-03T15:46:24.805+0530][147.565s] GC(657) Humongous regions: 0->0
[2025-06-03T15:46:24.805+0530][147.565s] GC(657) Metaspace: 20471K(20928K)->20471K(20928K) NonClass: 17887K(18112K)->17887K(18112K) Class: 2584K(2816K)->2584K(2816K)
[2025-06-03T15:46:24.805+0530][147.565s] GC(657) Pause Young (Normal) (G1 Evacuation Pause) 315M->9M(512M) 2.189ms
[2025-06-03T15:46:24.805+0530][147.565s] GC(657) User=0.00s Sys=0.00s Real=0.00s
[2025-06-03T15:46:25.046+0530][147.805s] GC(658) Pause Young (Normal) (G1 Evacuation Pause)
[2025-06-03T15:46:25.046+0530][147.806s] GC(658) Using 8 workers of 8 for evacuation
[2025-06-03T15:46:25.046+0530][147.806s] GC(658) Skipped phase 1 of Reference Processing: no references
[2025-06-03T15:46:25.046+0530][147.806s] GC(658) Skipped phase 2 of Reference Processing: no references
[2025-06-03T15:46:25.046+0530][147.806s] GC(658) Skipped phase 3 of Reference Processing: no references
[2025-06-03T15:46:25.046+0530][147.806s] GC(658) ReferenceProcessor::execute queues: 1, RefProcThreadModel::Single, marks_oops_alive: false
[2025-06-03T15:46:25.047+0530][147.807s] GC(658)   Pre Evacuate Collection Set: 0.1ms
[2025-06-03T15:46:25.047+0530][147.807s] GC(658)   Merge Heap Roots: 0.1ms
[2025-06-03T15:46:25.047+0530][147.807s] GC(658)   Evacuate Collection Set: 0.4ms
[2025-06-03T15:46:25.047+0530][147.807s] GC(658)   Post Evacuate Collection Set: 0.6ms
[2025-06-03T15:46:25.047+0530][147.807s] GC(658)   Other: 0.2ms
[2025-06-03T15:46:25.047+0530][147.807s] GC(658) Eden regions: 306->0(306)
[2025-06-03T15:46:25.047+0530][147.807s] GC(658) Survivor regions: 1->1(39)
[2025-06-03T15:46:25.047+0530][147.807s] GC(658) Old regions: 9->9
[2025-06-03T15:46:25.047+0530][147.807s] GC(658) Archive regions: 2->2
[2025-06-03T15:46:25.047+0530][147.807s] GC(658) Humongous regions: 0->0
[2025-06-03T15:46:25.047+0530][147.807s] GC(658) Metaspace: 20471K(20928K)->20471K(20928K) NonClass: 17887K(18112K)->17887K(18112K) Class: 2584K(2816K)->2584K(2816K)
[2025-06-03T15:46:25.047+0530][147.807s] GC(658) Pause Young (Normal) (G1 Evacuation Pause) 315M->9M(512M) 1.742ms
[2025-06-03T15:46:25.047+0530][147.807s] GC(658) User=0.00s Sys=0.00s Real=0.00s
[2025-06-03T15:46:25.309+0530][148.069s] GC(659) Pause Young (Normal) (G1 Evacuation Pause)
[2025-06-03T15:46:25.309+0530][148.069s] GC(659) Using 8 workers of 8 for evacuation
[2025-06-03T15:46:25.310+0530][148.070s] GC(659) Skipped phase 1 of Reference Processing: no references
[2025-06-03T15:46:25.310+0530][148.070s] GC(659) Skipped phase 2 of Reference Processing: no references
[2025-06-03T15:46:25.310+0530][148.070s] GC(659) Skipped phase 3 of Reference Processing: no references
[2025-06-03T15:46:25.310+0530][148.070s] GC(659) ReferenceProcessor::execute queues: 1, RefProcThreadModel::Single, marks_oops_alive: false
[2025-06-03T15:46:25.311+0530][148.071s] GC(659)   Pre Evacuate Collection Set: 0.2ms
[2025-06-03T15:46:25.311+0530][148.071s] GC(659)   Merge Heap Roots: 0.1ms
[2025-06-03T15:46:25.311+0530][148.071s] GC(659)   Evacuate Collection Set: 0.4ms
[2025-06-03T15:46:25.311+0530][148.071s] GC(659)   Post Evacuate Collection Set: 0.8ms
[2025-06-03T15:46:25.311+0530][148.071s] GC(659)   Other: 0.3ms
[2025-06-03T15:46:25.311+0530][148.071s] GC(659) Eden regions: 306->0(306)
[2025-06-03T15:46:25.311+0530][148.071s] GC(659) Survivor regions: 1->1(39)
[2025-06-03T15:46:25.311+0530][148.071s] GC(659) Old regions: 9->9
[2025-06-03T15:46:25.311+0530][148.071s] GC(659) Archive regions: 2->2
[2025-06-03T15:46:25.311+0530][148.071s] GC(659) Humongous regions: 0->0
[2025-06-03T15:46:25.311+0530][148.071s] GC(659) Metaspace: 20471K(20928K)->20471K(20928K) NonClass: 17887K(18112K)->17887K(18112K) Class: 2584K(2816K)->2584K(2816K)
[2025-06-03T15:46:25.311+0530][148.071s] GC(659) Pause Young (Normal) (G1 Evacuation Pause) 315M->9M(512M) 2.149ms
[2025-06-03T15:46:25.311+0530][148.071s] GC(659) User=0.00s Sys=0.00s Real=0.01s
[2025-06-03T15:46:25.567+0530][148.327s] GC(660) Pause Young (Normal) (G1 Evacuation Pause)
[2025-06-03T15:46:25.568+0530][148.327s] GC(660) Using 8 workers of 8 for evacuation
[2025-06-03T15:46:25.568+0530][148.328s] GC(660) Skipped phase 1 of Reference Processing: no references
[2025-06-03T15:46:25.568+0530][148.328s] GC(660) Skipped phase 2 of Reference Processing: no references
[2025-06-03T15:46:25.568+0530][148.328s] GC(660) Skipped phase 3 of Reference Processing: no references
[2025-06-03T15:46:25.568+0530][148.328s] GC(660) ReferenceProcessor::execute queues: 1, RefProcThreadModel::Single, marks_oops_alive: false
[2025-06-03T15:46:25.569+0530][148.329s] GC(660)   Pre Evacuate Collection Set: 0.1ms
[2025-06-03T15:46:25.569+0530][148.329s] GC(660)   Merge Heap Roots: 0.1ms
[2025-06-03T15:46:25.569+0530][148.329s] GC(660)   Evacuate Collection Set: 0.3ms
[2025-06-03T15:46:25.569+0530][148.329s] GC(660)   Post Evacuate Collection Set: 0.7ms
[2025-06-03T15:46:25.569+0530][148.329s] GC(660)   Other: 0.2ms
[2025-06-03T15:46:25.569+0530][148.329s] GC(660) Eden regions: 306->0(306)
[2025-06-03T15:46:25.569+0530][148.329s] GC(660) Survivor regions: 1->1(39)
[2025-06-03T15:46:25.569+0530][148.329s] GC(660) Old regions: 9->9
[2025-06-03T15:46:25.569+0530][148.329s] GC(660) Archive regions: 2->2
[2025-06-03T15:46:25.569+0530][148.329s] GC(660) Humongous regions: 0->0
[2025-06-03T15:46:25.569+0530][148.329s] GC(660) Metaspace: 20471K(20928K)->20471K(20928K) NonClass: 17887K(18112K)->17887K(18112K) Class: 2584K(2816K)->2584K(2816K)
[2025-06-03T15:46:25.569+0530][148.329s] GC(660) Pause Young (Normal) (G1 Evacuation Pause) 315M->9M(512M) 1.759ms
[2025-06-03T15:46:25.569+0530][148.329s] GC(660) User=0.00s Sys=0.00s Real=0.00s
[2025-06-03T15:46:25.801+0530][148.561s] GC(661) Pause Young (Normal) (G1 Evacuation Pause)
[2025-06-03T15:46:25.801+0530][148.561s] GC(661) Using 8 workers of 8 for evacuation
[2025-06-03T15:46:25.802+0530][148.562s] GC(661) Skipped phase 1 of Reference Processing: no references
[2025-06-03T15:46:25.802+0530][148.562s] GC(661) Skipped phase 2 of Reference Processing: no references
[2025-06-03T15:46:25.802+0530][148.562s] GC(661) Skipped phase 3 of Reference Processing: no references
[2025-06-03T15:46:25.802+0530][148.562s] GC(661) ReferenceProcessor::execute queues: 1, RefProcThreadModel::Single, marks_oops_alive: false
[2025-06-03T15:46:25.803+0530][148.563s] GC(661)   Pre Evacuate Collection Set: 0.1ms
[2025-06-03T15:46:25.803+0530][148.563s] GC(661)   Merge Heap Roots: 0.1ms
[2025-06-03T15:46:25.803+0530][148.563s] GC(661)   Evacuate Collection Set: 0.4ms
[2025-06-03T15:46:25.803+0530][148.563s] GC(661)   Post Evacuate Collection Set: 0.6ms
[2025-06-03T15:46:25.803+0530][148.563s] GC(661)   Other: 0.2ms
[2025-06-03T15:46:25.803+0530][148.563s] GC(661) Eden regions: 306->0(306)
[2025-06-03T15:46:25.803+0530][148.563s] GC(661) Survivor regions: 1->1(39)
[2025-06-03T15:46:25.803+0530][148.563s] GC(661) Old regions: 9->9
[2025-06-03T15:46:25.803+0530][148.563s] GC(661) Archive regions: 2->2
[2025-06-03T15:46:25.803+0530][148.563s] GC(661) Humongous regions: 0->0
[2025-06-03T15:46:25.803+0530][148.563s] GC(661) Metaspace: 20471K(20928K)->20471K(20928K) NonClass: 17887K(18112K)->17887K(18112K) Class: 2584K(2816K)->2584K(2816K)
[2025-06-03T15:46:25.803+0530][148.563s] GC(661) Pause Young (Normal) (G1 Evacuation Pause) 315M->9M(512M) 1.684ms
[2025-06-03T15:46:25.803+0530][148.563s] GC(661) User=0.00s Sys=0.00s Real=0.00s
[2025-06-03T15:46:26.016+0530][148.776s] GC(662) Pause Young (Normal) (G1 Evacuation Pause)
[2025-06-03T15:46:26.016+0530][148.776s] GC(662) Using 8 workers of 8 for evacuation
[2025-06-03T15:46:26.017+0530][148.777s] GC(662) Skipped phase 1 of Reference Processing: no references
[2025-06-03T15:46:26.017+0530][148.777s] GC(662) Skipped phase 2 of Reference Processing: no references
[2025-06-03T15:46:26.017+0530][148.777s] GC(662) Skipped phase 3 of Reference Processing: no references
[2025-06-03T15:46:26.017+0530][148.777s] GC(662) ReferenceProcessor::execute queues: 1, RefProcThreadModel::Single, marks_oops_alive: false
[2025-06-03T15:46:26.017+0530][148.777s] GC(662)   Pre Evacuate Collection Set: 0.1ms
[2025-06-03T15:46:26.017+0530][148.777s] GC(662)   Merge Heap Roots: 0.1ms
[2025-06-03T15:46:26.018+0530][148.778s] GC(662)   Evacuate Collection Set: 0.3ms
[2025-06-03T15:46:26.018+0530][148.778s] GC(662)   Post Evacuate Collection Set: 0.5ms
[2025-06-03T15:46:26.018+0530][148.778s] GC(662)   Other: 0.2ms
[2025-06-03T15:46:26.018+0530][148.778s] GC(662) Eden regions: 306->0(306)
[2025-06-03T15:46:26.018+0530][148.778s] GC(662) Survivor regions: 1->1(39)
[2025-06-03T15:46:26.018+0530][148.778s] GC(662) Old regions: 9->9
[2025-06-03T15:46:26.018+0530][148.778s] GC(662) Archive regions: 2->2
[2025-06-03T15:46:26.018+0530][148.778s] GC(662) Humongous regions: 0->0
[2025-06-03T15:46:26.018+0530][148.778s] GC(662) Metaspace: 20471K(20928K)->20471K(20928K) NonClass: 17887K(18112K)->17887K(18112K) Class: 2584K(2816K)->2584K(2816K)
[2025-06-03T15:46:26.018+0530][148.778s] GC(662) Pause Young (Normal) (G1 Evacuation Pause) 315M->9M(512M) 1.445ms
[2025-06-03T15:46:26.018+0530][148.778s] GC(662) User=0.00s Sys=0.00s Real=0.00s
[2025-06-03T15:46:26.252+0530][149.012s] GC(663) Pause Young (Normal) (G1 Evacuation Pause)
[2025-06-03T15:46:26.252+0530][149.012s] GC(663) Using 8 workers of 8 for evacuation
[2025-06-03T15:46:26.253+0530][149.013s] GC(663) Skipped phase 1 of Reference Processing: no references
[2025-06-03T15:46:26.253+0530][149.013s] GC(663) Skipped phase 2 of Reference Processing: no references
[2025-06-03T15:46:26.253+0530][149.013s] GC(663) Skipped phase 3 of Reference Processing: no references
[2025-06-03T15:46:26.253+0530][149.013s] GC(663) ReferenceProcessor::execute queues: 1, RefProcThreadModel::Single, marks_oops_alive: false
[2025-06-03T15:46:26.254+0530][149.014s] GC(663)   Pre Evacuate Collection Set: 0.1ms
[2025-06-03T15:46:26.254+0530][149.014s] GC(663)   Merge Heap Roots: 0.1ms
[2025-06-03T15:46:26.254+0530][149.014s] GC(663)   Evacuate Collection Set: 0.4ms
[2025-06-03T15:46:26.254+0530][149.014s] GC(663)   Post Evacuate Collection Set: 0.7ms
[2025-06-03T15:46:26.254+0530][149.014s] GC(663)   Other: 0.2ms
[2025-06-03T15:46:26.254+0530][149.014s] GC(663) Eden regions: 306->0(306)
[2025-06-03T15:46:26.254+0530][149.014s] GC(663) Survivor regions: 1->1(39)
[2025-06-03T15:46:26.254+0530][149.014s] GC(663) Old regions: 9->9
[2025-06-03T15:46:26.254+0530][149.014s] GC(663) Archive regions: 2->2
[2025-06-03T15:46:26.254+0530][149.014s] GC(663) Humongous regions: 0->0
[2025-06-03T15:46:26.254+0530][149.014s] GC(663) Metaspace: 20471K(20928K)->20471K(20928K) NonClass: 17887K(18112K)->17887K(18112K) Class: 2584K(2816K)->2584K(2816K)
[2025-06-03T15:46:26.254+0530][149.014s] GC(663) Pause Young (Normal) (G1 Evacuation Pause) 315M->9M(512M) 1.941ms
[2025-06-03T15:46:26.254+0530][149.014s] GC(663) User=0.00s Sys=0.00s Real=0.00s
[2025-06-03T15:46:26.474+0530][149.234s] GC(664) Pause Young (Normal) (G1 Evacuation Pause)
[2025-06-03T15:46:26.474+0530][149.234s] GC(664) Using 8 workers of 8 for evacuation
[2025-06-03T15:46:26.475+0530][149.235s] GC(664) Skipped phase 1 of Reference Processing: no references
[2025-06-03T15:46:26.475+0530][149.235s] GC(664) Skipped phase 2 of Reference Processing: no references
[2025-06-03T15:46:26.475+0530][149.235s] GC(664) Skipped phase 3 of Reference Processing: no references
[2025-06-03T15:46:26.475+0530][149.235s] GC(664) ReferenceProcessor::execute queues: 1, RefProcThreadModel::Single, marks_oops_alive: false
[2025-06-03T15:46:26.476+0530][149.236s] GC(664)   Pre Evacuate Collection Set: 0.1ms
[2025-06-03T15:46:26.476+0530][149.236s] GC(664)   Merge Heap Roots: 0.1ms
[2025-06-03T15:46:26.476+0530][149.236s] GC(664)   Evacuate Collection Set: 0.3ms
[2025-06-03T15:46:26.476+0530][149.236s] GC(664)   Post Evacuate Collection Set: 0.5ms
[2025-06-03T15:46:26.476+0530][149.236s] GC(664)   Other: 0.2ms
[2025-06-03T15:46:26.476+0530][149.236s] GC(664) Eden regions: 306->0(306)
[2025-06-03T15:46:26.476+0530][149.236s] GC(664) Survivor regions: 1->1(39)
[2025-06-03T15:46:26.476+0530][149.236s] GC(664) Old regions: 9->9
[2025-06-03T15:46:26.476+0530][149.236s] GC(664) Archive regions: 2->2
[2025-06-03T15:46:26.476+0530][149.236s] GC(664) Humongous regions: 0->0
[2025-06-03T15:46:26.476+0530][149.236s] GC(664) Metaspace: 20471K(20928K)->20471K(20928K) NonClass: 17887K(18112K)->17887K(18112K) Class: 2584K(2816K)->2584K(2816K)
[2025-06-03T15:46:26.476+0530][149.236s] GC(664) Pause Young (Normal) (G1 Evacuation Pause) 315M->9M(512M) 1.489ms
[2025-06-03T15:46:26.476+0530][149.236s] GC(664) User=0.00s Sys=0.00s Real=0.00s
[2025-06-03T15:46:26.686+0530][149.446s] GC(665) Pause Young (Normal) (G1 Evacuation Pause)
[2025-06-03T15:46:26.686+0530][149.446s] GC(665) Using 8 workers of 8 for evacuation
[2025-06-03T15:46:26.686+0530][149.446s] GC(665) Skipped phase 1 of Reference Processing: no references
[2025-06-03T15:46:26.687+0530][149.447s] GC(665) Skipped phase 2 of Reference Processing: no references
[2025-06-03T15:46:26.687+0530][149.447s] GC(665) Skipped phase 3 of Reference Processing: no references
[2025-06-03T15:46:26.687+0530][149.447s] GC(665) ReferenceProcessor::execute queues: 1, RefProcThreadModel::Single, marks_oops_alive: false
[2025-06-03T15:46:26.687+0530][149.447s] GC(665)   Pre Evacuate Collection Set: 0.1ms
[2025-06-03T15:46:26.687+0530][149.447s] GC(665)   Merge Heap Roots: 0.1ms
[2025-06-03T15:46:26.687+0530][149.447s] GC(665)   Evacuate Collection Set: 0.3ms
[2025-06-03T15:46:26.687+0530][149.447s] GC(665)   Post Evacuate Collection Set: 0.6ms
[2025-06-03T15:46:26.687+0530][149.447s] GC(665)   Other: 0.2ms
[2025-06-03T15:46:26.687+0530][149.447s] GC(665) Eden regions: 306->0(306)
[2025-06-03T15:46:26.687+0530][149.447s] GC(665) Survivor regions: 1->1(39)
[2025-06-03T15:46:26.687+0530][149.447s] GC(665) Old regions: 9->9
[2025-06-03T15:46:26.687+0530][149.447s] GC(665) Archive regions: 2->2
[2025-06-03T15:46:26.687+0530][149.447s] GC(665) Humongous regions: 0->0
[2025-06-03T15:46:26.687+0530][149.447s] GC(665) Metaspace: 20471K(20928K)->20471K(20928K) NonClass: 17887K(18112K)->17887K(18112K) Class: 2584K(2816K)->2584K(2816K)
[2025-06-03T15:46:26.687+0530][149.447s] GC(665) Pause Young (Normal) (G1 Evacuation Pause) 315M->9M(512M) 1.592ms
[2025-06-03T15:46:26.687+0530][149.448s] GC(665) User=0.01s Sys=0.00s Real=0.00s
[2025-06-03T15:46:26.891+0530][149.651s] GC(666) Pause Young (Normal) (G1 Evacuation Pause)
[2025-06-03T15:46:26.891+0530][149.651s] GC(666) Using 8 workers of 8 for evacuation
[2025-06-03T15:46:26.892+0530][149.652s] GC(666) Skipped phase 1 of Reference Processing: no references
[2025-06-03T15:46:26.892+0530][149.652s] GC(666) Skipped phase 2 of Reference Processing: no references
[2025-06-03T15:46:26.892+0530][149.652s] GC(666) Skipped phase 3 of Reference Processing: no references
[2025-06-03T15:46:26.892+0530][149.652s] GC(666) ReferenceProcessor::execute queues: 1, RefProcThreadModel::Single, marks_oops_alive: false
[2025-06-03T15:46:26.892+0530][149.652s] GC(666)   Pre Evacuate Collection Set: 0.1ms
[2025-06-03T15:46:26.892+0530][149.652s] GC(666)   Merge Heap Roots: 0.1ms
[2025-06-03T15:46:26.892+0530][149.652s] GC(666)   Evacuate Collection Set: 0.3ms
[2025-06-03T15:46:26.892+0530][149.652s] GC(666)   Post Evacuate Collection Set: 0.6ms
[2025-06-03T15:46:26.892+0530][149.652s] GC(666)   Other: 0.2ms
[2025-06-03T15:46:26.892+0530][149.652s] GC(666) Eden regions: 306->0(306)
[2025-06-03T15:46:26.892+0530][149.652s] GC(666) Survivor regions: 1->1(39)
[2025-06-03T15:46:26.892+0530][149.652s] GC(666) Old regions: 9->9
[2025-06-03T15:46:26.892+0530][149.652s] GC(666) Archive regions: 2->2
[2025-06-03T15:46:26.892+0530][149.652s] GC(666) Humongous regions: 0->0
[2025-06-03T15:46:26.892+0530][149.652s] GC(666) Metaspace: 20471K(20928K)->20471K(20928K) NonClass: 17887K(18112K)->17887K(18112K) Class: 2584K(2816K)->2584K(2816K)
[2025-06-03T15:46:26.893+0530][149.653s] GC(666) Pause Young (Normal) (G1 Evacuation Pause) 315M->9M(512M) 1.588ms
[2025-06-03T15:46:26.893+0530][149.653s] GC(666) User=0.00s Sys=0.00s Real=0.00s
[2025-06-03T15:46:27.116+0530][149.876s] GC(667) Pause Young (Normal) (G1 Evacuation Pause)
[2025-06-03T15:46:27.116+0530][149.876s] GC(667) Using 8 workers of 8 for evacuation
[2025-06-03T15:46:27.116+0530][149.877s] GC(667) Skipped phase 1 of Reference Processing: no references
[2025-06-03T15:46:27.117+0530][149.877s] GC(667) Skipped phase 2 of Reference Processing: no references
[2025-06-03T15:46:27.117+0530][149.877s] GC(667) Skipped phase 3 of Reference Processing: no references
[2025-06-03T15:46:27.117+0530][149.877s] GC(667) Skipped phase 4 of Reference Processing: no references
[2025-06-03T15:46:27.117+0530][149.877s] GC(667)   Pre Evacuate Collection Set: 0.1ms
[2025-06-03T15:46:27.117+0530][149.877s] GC(667)   Merge Heap Roots: 0.1ms
[2025-06-03T15:46:27.117+0530][149.877s] GC(667)   Evacuate Collection Set: 0.4ms
[2025-06-03T15:46:27.117+0530][149.877s] GC(667)   Post Evacuate Collection Set: 0.7ms
[2025-06-03T15:46:27.117+0530][149.877s] GC(667)   Other: 0.3ms
[2025-06-03T15:46:27.117+0530][149.877s] GC(667) Eden regions: 306->0(306)
[2025-06-03T15:46:27.117+0530][149.877s] GC(667) Survivor regions: 1->1(39)
[2025-06-03T15:46:27.117+0530][149.877s] GC(667) Old regions: 9->9
[2025-06-03T15:46:27.117+0530][149.877s] GC(667) Archive regions: 2->2
[2025-06-03T15:46:27.117+0530][149.877s] GC(667) Humongous regions: 0->0
[2025-06-03T15:46:27.117+0530][149.877s] GC(667) Metaspace: 20472K(20928K)->20472K(20928K) NonClass: 17888K(18112K)->17888K(18112K) Class: 2584K(2816K)->2584K(2816K)
[2025-06-03T15:46:27.118+0530][149.878s] GC(667) Pause Young (Normal) (G1 Evacuation Pause) 315M->9M(512M) 1.911ms
[2025-06-03T15:46:27.118+0530][149.878s] GC(667) User=0.00s Sys=0.00s Real=0.00s
[2025-06-03T15:46:27.327+0530][150.087s] GC(668) Pause Young (Normal) (G1 Evacuation Pause)
[2025-06-03T15:46:27.327+0530][150.087s] GC(668) Using 8 workers of 8 for evacuation
[2025-06-03T15:46:27.328+0530][150.088s] GC(668) Skipped phase 1 of Reference Processing: no references
[2025-06-03T15:46:27.328+0530][150.088s] GC(668) Skipped phase 2 of Reference Processing: no references
[2025-06-03T15:46:27.328+0530][150.088s] GC(668) Skipped phase 3 of Reference Processing: no references
[2025-06-03T15:46:27.328+0530][150.088s] GC(668) Skipped phase 4 of Reference Processing: no references
[2025-06-03T15:46:27.328+0530][150.088s] GC(668)   Pre Evacuate Collection Set: 0.1ms
[2025-06-03T15:46:27.328+0530][150.088s] GC(668)   Merge Heap Roots: 0.1ms
[2025-06-03T15:46:27.328+0530][150.088s] GC(668)   Evacuate Collection Set: 0.3ms
[2025-06-03T15:46:27.328+0530][150.088s] GC(668)   Post Evacuate Collection Set: 0.7ms
[2025-06-03T15:46:27.328+0530][150.088s] GC(668)   Other: 0.2ms
[2025-06-03T15:46:27.328+0530][150.088s] GC(668) Eden regions: 306->0(306)
[2025-06-03T15:46:27.328+0530][150.088s] GC(668) Survivor regions: 1->1(39)
[2025-06-03T15:46:27.328+0530][150.089s] GC(668) Old regions: 9->9
[2025-06-03T15:46:27.329+0530][150.089s] GC(668) Archive regions: 2->2
[2025-06-03T15:46:27.329+0530][150.089s] GC(668) Humongous regions: 0->0
[2025-06-03T15:46:27.329+0530][150.089s] GC(668) Metaspace: 20472K(20928K)->20472K(20928K) NonClass: 17888K(18112K)->17888K(18112K) Class: 2584K(2816K)->2584K(2816K)
[2025-06-03T15:46:27.329+0530][150.089s] GC(668) Pause Young (Normal) (G1 Evacuation Pause) 315M->9M(512M) 1.564ms
[2025-06-03T15:46:27.329+0530][150.089s] GC(668) User=0.01s Sys=0.00s Real=0.00s
[2025-06-03T15:46:27.501+0530][150.261s] GC(669) Pause Young (Normal) (G1 Evacuation Pause)
[2025-06-03T15:46:27.501+0530][150.261s] GC(669) Using 8 workers of 8 for evacuation
[2025-06-03T15:46:27.502+0530][150.262s] GC(669) Skipped phase 1 of Reference Processing: no references
[2025-06-03T15:46:27.502+0530][150.262s] GC(669) Skipped phase 2 of Reference Processing: no references
[2025-06-03T15:46:27.502+0530][150.262s] GC(669) Skipped phase 3 of Reference Processing: no references
[2025-06-03T15:46:27.502+0530][150.262s] GC(669) Skipped phase 4 of Reference Processing: no references
[2025-06-03T15:46:27.503+0530][150.263s] GC(669)   Pre Evacuate Collection Set: 0.1ms
[2025-06-03T15:46:27.503+0530][150.263s] GC(669)   Merge Heap Roots: 0.1ms
[2025-06-03T15:46:27.503+0530][150.263s] GC(669)   Evacuate Collection Set: 0.4ms
[2025-06-03T15:46:27.503+0530][150.263s] GC(669)   Post Evacuate Collection Set: 0.6ms
[2025-06-03T15:46:27.503+0530][150.263s] GC(669)   Other: 0.3ms
[2025-06-03T15:46:27.503+0530][150.263s] GC(669) Eden regions: 306->0(306)
[2025-06-03T15:46:27.503+0530][150.263s] GC(669) Survivor regions: 1->1(39)
[2025-06-03T15:46:27.503+0530][150.263s] GC(669) Old regions: 9->9
[2025-06-03T15:46:27.503+0530][150.263s] GC(669) Archive regions: 2->2
[2025-06-03T15:46:27.503+0530][150.263s] GC(669) Humongous regions: 0->0
[2025-06-03T15:46:27.503+0530][150.263s] GC(669) Metaspace: 20472K(20928K)->20472K(20928K) NonClass: 17888K(18112K)->17888K(18112K) Class: 2584K(2816K)->2584K(2816K)
[2025-06-03T15:46:27.503+0530][150.263s] GC(669) Pause Young (Normal) (G1 Evacuation Pause) 315M->9M(512M) 1.826ms
[2025-06-03T15:46:27.503+0530][150.263s] GC(669) User=0.01s Sys=0.00s Real=0.00s
[2025-06-03T15:46:27.726+0530][150.486s] GC(670) Pause Young (Normal) (G1 Evacuation Pause)
[2025-06-03T15:46:27.726+0530][150.486s] GC(670) Using 8 workers of 8 for evacuation
[2025-06-03T15:46:27.727+0530][150.487s] GC(670) Skipped phase 1 of Reference Processing: no references
[2025-06-03T15:46:27.727+0530][150.487s] GC(670) Skipped phase 2 of Reference Processing: no references
[2025-06-03T15:46:27.727+0530][150.487s] GC(670) Skipped phase 3 of Reference Processing: no references
[2025-06-03T15:46:27.727+0530][150.487s] GC(670) Skipped phase 4 of Reference Processing: no references
[2025-06-03T15:46:27.727+0530][150.487s] GC(670)   Pre Evacuate Collection Set: 0.1ms
[2025-06-03T15:46:27.727+0530][150.487s] GC(670)   Merge Heap Roots: 0.1ms
[2025-06-03T15:46:27.727+0530][150.487s] GC(670)   Evacuate Collection Set: 0.3ms
[2025-06-03T15:46:27.727+0530][150.487s] GC(670)   Post Evacuate Collection Set: 0.5ms
[2025-06-03T15:46:27.727+0530][150.487s] GC(670)   Other: 0.2ms
[2025-06-03T15:46:27.727+0530][150.487s] GC(670) Eden regions: 306->0(306)
[2025-06-03T15:46:27.727+0530][150.487s] GC(670) Survivor regions: 1->1(39)
[2025-06-03T15:46:27.727+0530][150.487s] GC(670) Old regions: 9->9
[2025-06-03T15:46:27.727+0530][150.487s] GC(670) Archive regions: 2->2
[2025-06-03T15:46:27.727+0530][150.487s] GC(670) Humongous regions: 0->0
[2025-06-03T15:46:27.727+0530][150.488s] GC(670) Metaspace: 20472K(20928K)->20472K(20928K) NonClass: 17888K(18112K)->17888K(18112K) Class: 2584K(2816K)->2584K(2816K)
[2025-06-03T15:46:27.728+0530][150.488s] GC(670) Pause Young (Normal) (G1 Evacuation Pause) 315M->9M(512M) 1.462ms
[2025-06-03T15:46:27.728+0530][150.488s] GC(670) User=0.00s Sys=0.00s Real=0.00s
[2025-06-03T15:46:27.949+0530][150.709s] GC(671) Pause Young (Normal) (G1 Evacuation Pause)
[2025-06-03T15:46:27.949+0530][150.709s] GC(671) Using 8 workers of 8 for evacuation
[2025-06-03T15:46:27.950+0530][150.710s] GC(671) Skipped phase 1 of Reference Processing: no references
[2025-06-03T15:46:27.950+0530][150.710s] GC(671) Skipped phase 2 of Reference Processing: no references
[2025-06-03T15:46:27.950+0530][150.710s] GC(671) Skipped phase 3 of Reference Processing: no references
[2025-06-03T15:46:27.950+0530][150.710s] GC(671) Skipped phase 4 of Reference Processing: no references
[2025-06-03T15:46:27.951+0530][150.711s] GC(671)   Pre Evacuate Collection Set: 0.1ms
[2025-06-03T15:46:27.951+0530][150.711s] GC(671)   Merge Heap Roots: 0.1ms
[2025-06-03T15:46:27.951+0530][150.711s] GC(671)   Evacuate Collection Set: 0.3ms
[2025-06-03T15:46:27.951+0530][150.711s] GC(671)   Post Evacuate Collection Set: 0.7ms
[2025-06-03T15:46:27.951+0530][150.711s] GC(671)   Other: 0.2ms
[2025-06-03T15:46:27.951+0530][150.711s] GC(671) Eden regions: 306->0(306)
[2025-06-03T15:46:27.951+0530][150.711s] GC(671) Survivor regions: 1->1(39)
[2025-06-03T15:46:27.951+0530][150.711s] GC(671) Old regions: 9->9
[2025-06-03T15:46:27.951+0530][150.711s] GC(671) Archive regions: 2->2
[2025-06-03T15:46:27.951+0530][150.711s] GC(671) Humongous regions: 0->0
[2025-06-03T15:46:27.951+0530][150.711s] GC(671) Metaspace: 20472K(20928K)->20472K(20928K) NonClass: 17888K(18112K)->17888K(18112K) Class: 2584K(2816K)->2584K(2816K)
[2025-06-03T15:46:27.951+0530][150.711s] GC(671) Pause Young (Normal) (G1 Evacuation Pause) 315M->9M(512M) 1.636ms
[2025-06-03T15:46:27.951+0530][150.711s] GC(671) User=0.00s Sys=0.00s Real=0.01s
[2025-06-03T15:46:28.129+0530][150.889s] GC(672) Pause Young (Normal) (G1 Evacuation Pause)
[2025-06-03T15:46:28.129+0530][150.889s] GC(672) Using 8 workers of 8 for evacuation
[2025-06-03T15:46:28.130+0530][150.890s] GC(672) Skipped phase 1 of Reference Processing: no references
[2025-06-03T15:46:28.130+0530][150.890s] GC(672) Skipped phase 2 of Reference Processing: no references
[2025-06-03T15:46:28.130+0530][150.890s] GC(672) Skipped phase 3 of Reference Processing: no references
[2025-06-03T15:46:28.130+0530][150.890s] GC(672) Skipped phase 4 of Reference Processing: no references
[2025-06-03T15:46:28.130+0530][150.890s] GC(672)   Pre Evacuate Collection Set: 0.1ms
[2025-06-03T15:46:28.130+0530][150.890s] GC(672)   Merge Heap Roots: 0.1ms
[2025-06-03T15:46:28.130+0530][150.890s] GC(672)   Evacuate Collection Set: 0.3ms
[2025-06-03T15:46:28.130+0530][150.891s] GC(672)   Post Evacuate Collection Set: 0.5ms
[2025-06-03T15:46:28.130+0530][150.891s] GC(672)   Other: 0.2ms
[2025-06-03T15:46:28.131+0530][150.891s] GC(672) Eden regions: 306->0(306)
[2025-06-03T15:46:28.131+0530][150.891s] GC(672) Survivor regions: 1->1(39)
[2025-06-03T15:46:28.131+0530][150.891s] GC(672) Old regions: 9->9
[2025-06-03T15:46:28.131+0530][150.891s] GC(672) Archive regions: 2->2
[2025-06-03T15:46:28.131+0530][150.891s] GC(672) Humongous regions: 0->0
[2025-06-03T15:46:28.131+0530][150.891s] GC(672) Metaspace: 20472K(20928K)->20472K(20928K) NonClass: 17888K(18112K)->17888K(18112K) Class: 2584K(2816K)->2584K(2816K)
[2025-06-03T15:46:28.131+0530][150.891s] GC(672) Pause Young (Normal) (G1 Evacuation Pause) 315M->9M(512M) 1.367ms
[2025-06-03T15:46:28.131+0530][150.891s] GC(672) User=0.00s Sys=0.00s Real=0.01s
[2025-06-03T15:46:28.316+0530][151.076s] GC(673) Pause Young (Normal) (G1 Evacuation Pause)
[2025-06-03T15:46:28.316+0530][151.076s] GC(673) Using 8 workers of 8 for evacuation
[2025-06-03T15:46:28.317+0530][151.077s] GC(673) Skipped phase 1 of Reference Processing: no references
[2025-06-03T15:46:28.317+0530][151.077s] GC(673) Skipped phase 2 of Reference Processing: no references
[2025-06-03T15:46:28.317+0530][151.077s] GC(673) Skipped phase 3 of Reference Processing: no references
[2025-06-03T15:46:28.317+0530][151.077s] GC(673) Skipped phase 4 of Reference Processing: no references
[2025-06-03T15:46:28.317+0530][151.077s] GC(673)   Pre Evacuate Collection Set: 0.1ms
[2025-06-03T15:46:28.317+0530][151.078s] GC(673)   Merge Heap Roots: 0.1ms
[2025-06-03T15:46:28.317+0530][151.078s] GC(673)   Evacuate Collection Set: 0.3ms
[2025-06-03T15:46:28.318+0530][151.078s] GC(673)   Post Evacuate Collection Set: 0.5ms
[2025-06-03T15:46:28.318+0530][151.078s] GC(673)   Other: 0.3ms
[2025-06-03T15:46:28.318+0530][151.078s] GC(673) Eden regions: 306->0(306)
[2025-06-03T15:46:28.318+0530][151.078s] GC(673) Survivor regions: 1->1(39)
[2025-06-03T15:46:28.318+0530][151.078s] GC(673) Old regions: 9->9
[2025-06-03T15:46:28.318+0530][151.078s] GC(673) Archive regions: 2->2
[2025-06-03T15:46:28.318+0530][151.078s] GC(673) Humongous regions: 0->0
[2025-06-03T15:46:28.318+0530][151.078s] GC(673) Metaspace: 20472K(20928K)->20472K(20928K) NonClass: 17888K(18112K)->17888K(18112K) Class: 2584K(2816K)->2584K(2816K)
[2025-06-03T15:46:28.318+0530][151.078s] GC(673) Pause Young (Normal) (G1 Evacuation Pause) 315M->9M(512M) 1.461ms
[2025-06-03T15:46:28.318+0530][151.078s] GC(673) User=0.00s Sys=0.00s Real=0.00s
[2025-06-03T15:46:28.503+0530][151.263s] GC(674) Pause Young (Normal) (G1 Evacuation Pause)
[2025-06-03T15:46:28.503+0530][151.263s] GC(674) Using 8 workers of 8 for evacuation
[2025-06-03T15:46:28.504+0530][151.264s] GC(674) Skipped phase 1 of Reference Processing: no references
[2025-06-03T15:46:28.504+0530][151.264s] GC(674) Skipped phase 2 of Reference Processing: no references
[2025-06-03T15:46:28.504+0530][151.264s] GC(674) Skipped phase 3 of Reference Processing: no references
[2025-06-03T15:46:28.504+0530][151.264s] GC(674) Skipped phase 4 of Reference Processing: no references
[2025-06-03T15:46:28.505+0530][151.265s] GC(674)   Pre Evacuate Collection Set: 0.1ms
[2025-06-03T15:46:28.505+0530][151.265s] GC(674)   Merge Heap Roots: 0.1ms
[2025-06-03T15:46:28.505+0530][151.265s] GC(674)   Evacuate Collection Set: 0.3ms
[2025-06-03T15:46:28.505+0530][151.265s] GC(674)   Post Evacuate Collection Set: 0.5ms
[2025-06-03T15:46:28.505+0530][151.265s] GC(674)   Other: 0.3ms
[2025-06-03T15:46:28.505+0530][151.265s] GC(674) Eden regions: 306->0(306)
[2025-06-03T15:46:28.505+0530][151.265s] GC(674) Survivor regions: 1->1(39)
[2025-06-03T15:46:28.505+0530][151.265s] GC(674) Old regions: 9->9
[2025-06-03T15:46:28.505+0530][151.265s] GC(674) Archive regions: 2->2
[2025-06-03T15:46:28.505+0530][151.265s] GC(674) Humongous regions: 0->0
[2025-06-03T15:46:28.505+0530][151.265s] GC(674) Metaspace: 20472K(20928K)->20472K(20928K) NonClass: 17888K(18112K)->17888K(18112K) Class: 2584K(2816K)->2584K(2816K)
[2025-06-03T15:46:28.505+0530][151.265s] GC(674) Pause Young (Normal) (G1 Evacuation Pause) 315M->9M(512M) 1.607ms
[2025-06-03T15:46:28.505+0530][151.265s] GC(674) User=0.00s Sys=0.01s Real=0.00s
[2025-06-03T15:46:28.674+0530][151.434s] GC(675) Pause Young (Normal) (G1 Evacuation Pause)
[2025-06-03T15:46:28.674+0530][151.435s] GC(675) Using 8 workers of 8 for evacuation
[2025-06-03T15:46:28.675+0530][151.435s] GC(675) Skipped phase 1 of Reference Processing: no references
[2025-06-03T15:46:28.675+0530][151.435s] GC(675) Skipped phase 2 of Reference Processing: no references
[2025-06-03T15:46:28.675+0530][151.435s] GC(675) Skipped phase 3 of Reference Processing: no references
[2025-06-03T15:46:28.675+0530][151.435s] GC(675) Skipped phase 4 of Reference Processing: no references
[2025-06-03T15:46:28.676+0530][151.436s] GC(675)   Pre Evacuate Collection Set: 0.1ms
[2025-06-03T15:46:28.676+0530][151.436s] GC(675)   Merge Heap Roots: 0.1ms
[2025-06-03T15:46:28.676+0530][151.436s] GC(675)   Evacuate Collection Set: 0.3ms
[2025-06-03T15:46:28.676+0530][151.436s] GC(675)   Post Evacuate Collection Set: 0.8ms
[2025-06-03T15:46:28.676+0530][151.436s] GC(675)   Other: 0.2ms
[2025-06-03T15:46:28.676+0530][151.436s] GC(675) Eden regions: 306->0(306)
[2025-06-03T15:46:28.676+0530][151.436s] GC(675) Survivor regions: 1->1(39)
[2025-06-03T15:46:28.676+0530][151.436s] GC(675) Old regions: 9->9
[2025-06-03T15:46:28.676+0530][151.436s] GC(675) Archive regions: 2->2
[2025-06-03T15:46:28.676+0530][151.436s] GC(675) Humongous regions: 0->0
[2025-06-03T15:46:28.676+0530][151.436s] GC(675) Metaspace: 20472K(20928K)->20472K(20928K) NonClass: 17888K(18112K)->17888K(18112K) Class: 2584K(2816K)->2584K(2816K)
[2025-06-03T15:46:28.676+0530][151.436s] GC(675) Pause Young (Normal) (G1 Evacuation Pause) 315M->9M(512M) 1.823ms
[2025-06-03T15:46:28.676+0530][151.436s] GC(675) User=0.00s Sys=0.01s Real=0.00s
[2025-06-03T15:46:28.895+0530][151.655s] GC(676) Pause Young (Normal) (G1 Evacuation Pause)
[2025-06-03T15:46:28.895+0530][151.655s] GC(676) Using 8 workers of 8 for evacuation
[2025-06-03T15:46:28.896+0530][151.656s] GC(676) Skipped phase 1 of Reference Processing: no references
[2025-06-03T15:46:28.896+0530][151.656s] GC(676) Skipped phase 2 of Reference Processing: no references
[2025-06-03T15:46:28.896+0530][151.656s] GC(676) Skipped phase 3 of Reference Processing: no references
[2025-06-03T15:46:28.896+0530][151.656s] GC(676) Skipped phase 4 of Reference Processing: no references
[2025-06-03T15:46:28.896+0530][151.656s] GC(676)   Pre Evacuate Collection Set: 0.1ms
[2025-06-03T15:46:28.896+0530][151.656s] GC(676)   Merge Heap Roots: 0.1ms
[2025-06-03T15:46:28.896+0530][151.656s] GC(676)   Evacuate Collection Set: 0.3ms
[2025-06-03T15:46:28.896+0530][151.656s] GC(676)   Post Evacuate Collection Set: 0.6ms
[2025-06-03T15:46:28.896+0530][151.656s] GC(676)   Other: 0.2ms
[2025-06-03T15:46:28.896+0530][151.656s] GC(676) Eden regions: 306->0(306)
[2025-06-03T15:46:28.896+0530][151.656s] GC(676) Survivor regions: 1->1(39)
[2025-06-03T15:46:28.896+0530][151.656s] GC(676) Old regions: 9->9
[2025-06-03T15:46:28.896+0530][151.656s] GC(676) Archive regions: 2->2
[2025-06-03T15:46:28.896+0530][151.656s] GC(676) Humongous regions: 0->0
[2025-06-03T15:46:28.896+0530][151.657s] GC(676) Metaspace: 20472K(20928K)->20472K(20928K) NonClass: 17888K(18112K)->17888K(18112K) Class: 2584K(2816K)->2584K(2816K)
[2025-06-03T15:46:28.896+0530][151.657s] GC(676) Pause Young (Normal) (G1 Evacuation Pause) 315M->9M(512M) 1.616ms
[2025-06-03T15:46:28.897+0530][151.657s] GC(676) User=0.00s Sys=0.00s Real=0.00s
[2025-06-03T15:46:29.099+0530][151.859s] GC(677) Pause Young (Normal) (G1 Evacuation Pause)
[2025-06-03T15:46:29.099+0530][151.859s] GC(677) Using 8 workers of 8 for evacuation
[2025-06-03T15:46:29.100+0530][151.860s] GC(677) Skipped phase 1 of Reference Processing: no references
[2025-06-03T15:46:29.100+0530][151.860s] GC(677) Skipped phase 2 of Reference Processing: no references
[2025-06-03T15:46:29.100+0530][151.860s] GC(677) Skipped phase 3 of Reference Processing: no references
[2025-06-03T15:46:29.100+0530][151.860s] GC(677) Skipped phase 4 of Reference Processing: no references
[2025-06-03T15:46:29.100+0530][151.860s] GC(677)   Pre Evacuate Collection Set: 0.1ms
[2025-06-03T15:46:29.100+0530][151.860s] GC(677)   Merge Heap Roots: 0.1ms
[2025-06-03T15:46:29.100+0530][151.860s] GC(677)   Evacuate Collection Set: 0.3ms
[2025-06-03T15:46:29.100+0530][151.860s] GC(677)   Post Evacuate Collection Set: 0.6ms
[2025-06-03T15:46:29.100+0530][151.860s] GC(677)   Other: 0.2ms
[2025-06-03T15:46:29.100+0530][151.860s] GC(677) Eden regions: 306->0(306)
[2025-06-03T15:46:29.100+0530][151.860s] GC(677) Survivor regions: 1->1(39)
[2025-06-03T15:46:29.100+0530][151.860s] GC(677) Old regions: 9->9
[2025-06-03T15:46:29.100+0530][151.860s] GC(677) Archive regions: 2->2
[2025-06-03T15:46:29.100+0530][151.860s] GC(677) Humongous regions: 0->0
[2025-06-03T15:46:29.100+0530][151.860s] GC(677) Metaspace: 20472K(20928K)->20472K(20928K) NonClass: 17888K(18112K)->17888K(18112K) Class: 2584K(2816K)->2584K(2816K)
[2025-06-03T15:46:29.101+0530][151.861s] GC(677) Pause Young (Normal) (G1 Evacuation Pause) 315M->9M(512M) 1.678ms
[2025-06-03T15:46:29.101+0530][151.861s] GC(677) User=0.01s Sys=0.01s Real=0.01s
[2025-06-03T15:46:29.293+0530][152.054s] GC(678) Pause Young (Normal) (G1 Evacuation Pause)
[2025-06-03T15:46:29.294+0530][152.054s] GC(678) Using 8 workers of 8 for evacuation
[2025-06-03T15:46:29.294+0530][152.054s] GC(678) Skipped phase 1 of Reference Processing: no references
[2025-06-03T15:46:29.294+0530][152.054s] GC(678) Skipped phase 2 of Reference Processing: no references
[2025-06-03T15:46:29.294+0530][152.054s] GC(678) Skipped phase 3 of Reference Processing: no references
[2025-06-03T15:46:29.294+0530][152.054s] GC(678) Skipped phase 4 of Reference Processing: no references
[2025-06-03T15:46:29.295+0530][152.055s] GC(678)   Pre Evacuate Collection Set: 0.1ms
[2025-06-03T15:46:29.295+0530][152.055s] GC(678)   Merge Heap Roots: 0.1ms
[2025-06-03T15:46:29.295+0530][152.055s] GC(678)   Evacuate Collection Set: 0.2ms
[2025-06-03T15:46:29.295+0530][152.055s] GC(678)   Post Evacuate Collection Set: 0.5ms
[2025-06-03T15:46:29.295+0530][152.055s] GC(678)   Other: 0.2ms
[2025-06-03T15:46:29.295+0530][152.055s] GC(678) Eden regions: 306->0(306)
[2025-06-03T15:46:29.295+0530][152.055s] GC(678) Survivor regions: 1->1(39)
[2025-06-03T15:46:29.295+0530][152.055s] GC(678) Old regions: 9->9
[2025-06-03T15:46:29.295+0530][152.055s] GC(678) Archive regions: 2->2
[2025-06-03T15:46:29.295+0530][152.055s] GC(678) Humongous regions: 0->0
[2025-06-03T15:46:29.295+0530][152.055s] GC(678) Metaspace: 20472K(20928K)->20472K(20928K) NonClass: 17888K(18112K)->17888K(18112K) Class: 2584K(2816K)->2584K(2816K)
[2025-06-03T15:46:29.295+0530][152.055s] GC(678) Pause Young (Normal) (G1 Evacuation Pause) 315M->9M(512M) 1.398ms
[2025-06-03T15:46:29.295+0530][152.055s] GC(678) User=0.00s Sys=0.00s Real=0.00s
[2025-06-03T15:46:29.527+0530][152.287s] GC(679) Pause Young (Normal) (G1 Evacuation Pause)
[2025-06-03T15:46:29.527+0530][152.288s] GC(679) Using 8 workers of 8 for evacuation
[2025-06-03T15:46:29.528+0530][152.288s] GC(679) Skipped phase 1 of Reference Processing: no references
[2025-06-03T15:46:29.528+0530][152.288s] GC(679) Skipped phase 2 of Reference Processing: no references
[2025-06-03T15:46:29.528+0530][152.288s] GC(679) Skipped phase 3 of Reference Processing: no references
[2025-06-03T15:46:29.528+0530][152.288s] GC(679) Skipped phase 4 of Reference Processing: no references
[2025-06-03T15:46:29.529+0530][152.289s] GC(679)   Pre Evacuate Collection Set: 0.1ms
[2025-06-03T15:46:29.529+0530][152.289s] GC(679)   Merge Heap Roots: 0.1ms
[2025-06-03T15:46:29.529+0530][152.289s] GC(679)   Evacuate Collection Set: 0.4ms
[2025-06-03T15:46:29.529+0530][152.289s] GC(679)   Post Evacuate Collection Set: 0.7ms
[2025-06-03T15:46:29.529+0530][152.289s] GC(679)   Other: 0.3ms
[2025-06-03T15:46:29.529+0530][152.289s] GC(679) Eden regions: 306->0(306)
[2025-06-03T15:46:29.529+0530][152.289s] GC(679) Survivor regions: 1->1(39)
[2025-06-03T15:46:29.529+0530][152.289s] GC(679) Old regions: 9->9
[2025-06-03T15:46:29.529+0530][152.289s] GC(679) Archive regions: 2->2
[2025-06-03T15:46:29.529+0530][152.289s] GC(679) Humongous regions: 0->0
[2025-06-03T15:46:29.529+0530][152.289s] GC(679) Metaspace: 20472K(20928K)->20472K(20928K) NonClass: 17888K(18112K)->17888K(18112K) Class: 2584K(2816K)->2584K(2816K)
[2025-06-03T15:46:29.529+0530][152.289s] GC(679) Pause Young (Normal) (G1 Evacuation Pause) 315M->9M(512M) 1.914ms
[2025-06-03T15:46:29.529+0530][152.289s] GC(679) User=0.00s Sys=0.00s Real=0.00s
[2025-06-03T15:46:29.709+0530][152.469s] GC(680) Pause Young (Normal) (G1 Evacuation Pause)
[2025-06-03T15:46:29.709+0530][152.469s] GC(680) Using 8 workers of 8 for evacuation
[2025-06-03T15:46:29.709+0530][152.469s] GC(680) Skipped phase 1 of Reference Processing: no references
[2025-06-03T15:46:29.709+0530][152.469s] GC(680) Skipped phase 2 of Reference Processing: no references
[2025-06-03T15:46:29.709+0530][152.470s] GC(680) Skipped phase 3 of Reference Processing: no references
[2025-06-03T15:46:29.710+0530][152.470s] GC(680) Skipped phase 4 of Reference Processing: no references
[2025-06-03T15:46:29.710+0530][152.470s] GC(680)   Pre Evacuate Collection Set: 0.1ms
[2025-06-03T15:46:29.710+0530][152.470s] GC(680)   Merge Heap Roots: 0.1ms
[2025-06-03T15:46:29.710+0530][152.470s] GC(680)   Evacuate Collection Set: 0.4ms
[2025-06-03T15:46:29.710+0530][152.470s] GC(680)   Post Evacuate Collection Set: 0.9ms
[2025-06-03T15:46:29.710+0530][152.470s] GC(680)   Other: 0.2ms
[2025-06-03T15:46:29.710+0530][152.470s] GC(680) Eden regions: 306->0(306)
[2025-06-03T15:46:29.710+0530][152.470s] GC(680) Survivor regions: 1->1(39)
[2025-06-03T15:46:29.710+0530][152.470s] GC(680) Old regions: 9->9
[2025-06-03T15:46:29.710+0530][152.470s] GC(680) Archive regions: 2->2
[2025-06-03T15:46:29.710+0530][152.471s] GC(680) Humongous regions: 0->0
[2025-06-03T15:46:29.710+0530][152.471s] GC(680) Metaspace: 20472K(20928K)->20472K(20928K) NonClass: 17888K(18112K)->17888K(18112K) Class: 2584K(2816K)->2584K(2816K)
[2025-06-03T15:46:29.710+0530][152.471s] GC(680) Pause Young (Normal) (G1 Evacuation Pause) 315M->9M(512M) 1.882ms
[2025-06-03T15:46:29.711+0530][152.471s] GC(680) User=0.01s Sys=0.00s Real=0.01s
[2025-06-03T15:46:29.903+0530][152.663s] GC(681) Pause Young (Normal) (G1 Evacuation Pause)
[2025-06-03T15:46:29.903+0530][152.663s] GC(681) Using 8 workers of 8 for evacuation
[2025-06-03T15:46:29.904+0530][152.664s] GC(681) Skipped phase 1 of Reference Processing: no references
[2025-06-03T15:46:29.904+0530][152.664s] GC(681) Skipped phase 2 of Reference Processing: no references
[2025-06-03T15:46:29.904+0530][152.664s] GC(681) Skipped phase 3 of Reference Processing: no references
[2025-06-03T15:46:29.904+0530][152.664s] GC(681) Skipped phase 4 of Reference Processing: no references
[2025-06-03T15:46:29.904+0530][152.664s] GC(681)   Pre Evacuate Collection Set: 0.1ms
[2025-06-03T15:46:29.904+0530][152.664s] GC(681)   Merge Heap Roots: 0.1ms
[2025-06-03T15:46:29.904+0530][152.664s] GC(681)   Evacuate Collection Set: 0.3ms
[2025-06-03T15:46:29.904+0530][152.664s] GC(681)   Post Evacuate Collection Set: 0.5ms
[2025-06-03T15:46:29.904+0530][152.664s] GC(681)   Other: 0.2ms
[2025-06-03T15:46:29.904+0530][152.664s] GC(681) Eden regions: 306->0(306)
[2025-06-03T15:46:29.904+0530][152.664s] GC(681) Survivor regions: 1->1(39)
[2025-06-03T15:46:29.904+0530][152.664s] GC(681) Old regions: 9->9
[2025-06-03T15:46:29.904+0530][152.664s] GC(681) Archive regions: 2->2
[2025-06-03T15:46:29.904+0530][152.664s] GC(681) Humongous regions: 0->0
[2025-06-03T15:46:29.904+0530][152.664s] GC(681) Metaspace: 20472K(20928K)->20472K(20928K) NonClass: 17888K(18112K)->17888K(18112K) Class: 2584K(2816K)->2584K(2816K)
[2025-06-03T15:46:29.904+0530][152.665s] GC(681) Pause Young (Normal) (G1 Evacuation Pause) 315M->9M(512M) 1.377ms
[2025-06-03T15:46:29.904+0530][152.665s] GC(681) User=0.01s Sys=0.00s Real=0.00s
[2025-06-03T15:46:30.085+0530][152.845s] GC(682) Pause Young (Normal) (G1 Evacuation Pause)
[2025-06-03T15:46:30.085+0530][152.845s] GC(682) Using 8 workers of 8 for evacuation
[2025-06-03T15:46:30.086+0530][152.846s] GC(682) Skipped phase 1 of Reference Processing: no references
[2025-06-03T15:46:30.086+0530][152.846s] GC(682) Skipped phase 2 of Reference Processing: no references
[2025-06-03T15:46:30.086+0530][152.846s] GC(682) Skipped phase 3 of Reference Processing: no references
[2025-06-03T15:46:30.086+0530][152.846s] GC(682) Skipped phase 4 of Reference Processing: no references
[2025-06-03T15:46:30.087+0530][152.847s] GC(682)   Pre Evacuate Collection Set: 0.1ms
[2025-06-03T15:46:30.087+0530][152.847s] GC(682)   Merge Heap Roots: 0.1ms
[2025-06-03T15:46:30.087+0530][152.847s] GC(682)   Evacuate Collection Set: 0.3ms
[2025-06-03T15:46:30.087+0530][152.847s] GC(682)   Post Evacuate Collection Set: 0.6ms
[2025-06-03T15:46:30.087+0530][152.847s] GC(682)   Other: 0.2ms
[2025-06-03T15:46:30.087+0530][152.847s] GC(682) Eden regions: 306->0(306)
[2025-06-03T15:46:30.087+0530][152.847s] GC(682) Survivor regions: 1->1(39)
[2025-06-03T15:46:30.087+0530][152.847s] GC(682) Old regions: 9->9
[2025-06-03T15:46:30.087+0530][152.847s] GC(682) Archive regions: 2->2
[2025-06-03T15:46:30.087+0530][152.847s] GC(682) Humongous regions: 0->0
[2025-06-03T15:46:30.087+0530][152.847s] GC(682) Metaspace: 20472K(20928K)->20472K(20928K) NonClass: 17888K(18112K)->17888K(18112K) Class: 2584K(2816K)->2584K(2816K)
[2025-06-03T15:46:30.087+0530][152.847s] GC(682) Pause Young (Normal) (G1 Evacuation Pause) 315M->9M(512M) 1.627ms
[2025-06-03T15:46:30.087+0530][152.847s] GC(682) User=0.00s Sys=0.00s Real=0.00s
[2025-06-03T15:46:30.278+0530][153.038s] GC(683) Pause Young (Normal) (G1 Evacuation Pause)
[2025-06-03T15:46:30.278+0530][153.038s] GC(683) Using 8 workers of 8 for evacuation
[2025-06-03T15:46:30.278+0530][153.038s] GC(683) Skipped phase 1 of Reference Processing: no references
[2025-06-03T15:46:30.278+0530][153.038s] GC(683) Skipped phase 2 of Reference Processing: no references
[2025-06-03T15:46:30.278+0530][153.038s] GC(683) Skipped phase 3 of Reference Processing: no references
[2025-06-03T15:46:30.278+0530][153.038s] GC(683) Skipped phase 4 of Reference Processing: no references
[2025-06-03T15:46:30.279+0530][153.039s] GC(683)   Pre Evacuate Collection Set: 0.1ms
[2025-06-03T15:46:30.279+0530][153.039s] GC(683)   Merge Heap Roots: 0.1ms
[2025-06-03T15:46:30.279+0530][153.039s] GC(683)   Evacuate Collection Set: 0.3ms
[2025-06-03T15:46:30.279+0530][153.039s] GC(683)   Post Evacuate Collection Set: 0.5ms
[2025-06-03T15:46:30.279+0530][153.039s] GC(683)   Other: 0.2ms
[2025-06-03T15:46:30.279+0530][153.039s] GC(683) Eden regions: 306->0(306)
[2025-06-03T15:46:30.279+0530][153.039s] GC(683) Survivor regions: 1->1(39)
[2025-06-03T15:46:30.279+0530][153.039s] GC(683) Old regions: 9->9
[2025-06-03T15:46:30.279+0530][153.039s] GC(683) Archive regions: 2->2
[2025-06-03T15:46:30.279+0530][153.039s] GC(683) Humongous regions: 0->0
[2025-06-03T15:46:30.279+0530][153.039s] GC(683) Metaspace: 20472K(20928K)->20472K(20928K) NonClass: 17888K(18112K)->17888K(18112K) Class: 2584K(2816K)->2584K(2816K)
[2025-06-03T15:46:30.279+0530][153.039s] GC(683) Pause Young (Normal) (G1 Evacuation Pause) 315M->9M(512M) 1.391ms
[2025-06-03T15:46:30.279+0530][153.039s] GC(683) User=0.00s Sys=0.00s Real=0.00s
[2025-06-03T15:46:30.470+0530][153.230s] GC(684) Pause Young (Normal) (G1 Evacuation Pause)
[2025-06-03T15:46:30.470+0530][153.230s] GC(684) Using 8 workers of 8 for evacuation
[2025-06-03T15:46:30.471+0530][153.231s] GC(684) Skipped phase 1 of Reference Processing: no references
[2025-06-03T15:46:30.471+0530][153.231s] GC(684) Skipped phase 2 of Reference Processing: no references
[2025-06-03T15:46:30.471+0530][153.231s] GC(684) Skipped phase 3 of Reference Processing: no references
[2025-06-03T15:46:30.471+0530][153.231s] GC(684) Skipped phase 4 of Reference Processing: no references
[2025-06-03T15:46:30.471+0530][153.231s] GC(684)   Pre Evacuate Collection Set: 0.1ms
[2025-06-03T15:46:30.471+0530][153.231s] GC(684)   Merge Heap Roots: 0.1ms
[2025-06-03T15:46:30.471+0530][153.231s] GC(684)   Evacuate Collection Set: 0.4ms
[2025-06-03T15:46:30.471+0530][153.231s] GC(684)   Post Evacuate Collection Set: 0.5ms
[2025-06-03T15:46:30.471+0530][153.231s] GC(684)   Other: 0.3ms
[2025-06-03T15:46:30.471+0530][153.231s] GC(684) Eden regions: 306->0(306)
[2025-06-03T15:46:30.471+0530][153.231s] GC(684) Survivor regions: 1->1(39)
[2025-06-03T15:46:30.471+0530][153.231s] GC(684) Old regions: 9->9
[2025-06-03T15:46:30.471+0530][153.231s] GC(684) Archive regions: 2->2
[2025-06-03T15:46:30.471+0530][153.231s] GC(684) Humongous regions: 0->0
[2025-06-03T15:46:30.471+0530][153.231s] GC(684) Metaspace: 20472K(20928K)->20472K(20928K) NonClass: 17888K(18112K)->17888K(18112K) Class: 2584K(2816K)->2584K(2816K)
[2025-06-03T15:46:30.471+0530][153.231s] GC(684) Pause Young (Normal) (G1 Evacuation Pause) 315M->9M(512M) 1.585ms
[2025-06-03T15:46:30.471+0530][153.232s] GC(684) User=0.01s Sys=0.00s Real=0.00s
[2025-06-03T15:46:30.670+0530][153.431s] GC(685) Pause Young (Normal) (G1 Evacuation Pause)
[2025-06-03T15:46:30.671+0530][153.431s] GC(685) Using 8 workers of 8 for evacuation
[2025-06-03T15:46:30.671+0530][153.431s] GC(685) Skipped phase 1 of Reference Processing: no references
[2025-06-03T15:46:30.671+0530][153.431s] GC(685) Skipped phase 2 of Reference Processing: no references
[2025-06-03T15:46:30.671+0530][153.432s] GC(685) Skipped phase 3 of Reference Processing: no references
[2025-06-03T15:46:30.671+0530][153.432s] GC(685) Skipped phase 4 of Reference Processing: no references
[2025-06-03T15:46:30.672+0530][153.432s] GC(685)   Pre Evacuate Collection Set: 0.1ms
[2025-06-03T15:46:30.672+0530][153.432s] GC(685)   Merge Heap Roots: 0.1ms
[2025-06-03T15:46:30.672+0530][153.432s] GC(685)   Evacuate Collection Set: 0.3ms
[2025-06-03T15:46:30.672+0530][153.432s] GC(685)   Post Evacuate Collection Set: 0.5ms
[2025-06-03T15:46:30.672+0530][153.432s] GC(685)   Other: 0.4ms
[2025-06-03T15:46:30.672+0530][153.432s] GC(685) Eden regions: 306->0(306)
[2025-06-03T15:46:30.672+0530][153.432s] GC(685) Survivor regions: 1->1(39)
[2025-06-03T15:46:30.672+0530][153.432s] GC(685) Old regions: 9->9
[2025-06-03T15:46:30.672+0530][153.432s] GC(685) Archive regions: 2->2
[2025-06-03T15:46:30.672+0530][153.432s] GC(685) Humongous regions: 0->0
[2025-06-03T15:46:30.672+0530][153.432s] GC(685) Metaspace: 20472K(20928K)->20472K(20928K) NonClass: 17888K(18112K)->17888K(18112K) Class: 2584K(2816K)->2584K(2816K)
[2025-06-03T15:46:30.672+0530][153.432s] GC(685) Pause Young (Normal) (G1 Evacuation Pause) 315M->9M(512M) 1.714ms
[2025-06-03T15:46:30.672+0530][153.432s] GC(685) User=0.00s Sys=0.00s Real=0.00s
[2025-06-03T15:46:30.847+0530][153.607s] GC(686) Pause Young (Normal) (G1 Evacuation Pause)
[2025-06-03T15:46:30.847+0530][153.607s] GC(686) Using 8 workers of 8 for evacuation
[2025-06-03T15:46:30.847+0530][153.607s] GC(686) Skipped phase 1 of Reference Processing: no references
[2025-06-03T15:46:30.847+0530][153.608s] GC(686) Skipped phase 2 of Reference Processing: no references
[2025-06-03T15:46:30.847+0530][153.608s] GC(686) Skipped phase 3 of Reference Processing: no references
[2025-06-03T15:46:30.847+0530][153.608s] GC(686) Skipped phase 4 of Reference Processing: no references
[2025-06-03T15:46:30.848+0530][153.608s] GC(686)   Pre Evacuate Collection Set: 0.1ms
[2025-06-03T15:46:30.848+0530][153.608s] GC(686)   Merge Heap Roots: 0.1ms
[2025-06-03T15:46:30.848+0530][153.608s] GC(686)   Evacuate Collection Set: 0.3ms
[2025-06-03T15:46:30.848+0530][153.608s] GC(686)   Post Evacuate Collection Set: 0.6ms
[2025-06-03T15:46:30.848+0530][153.608s] GC(686)   Other: 0.2ms
[2025-06-03T15:46:30.848+0530][153.608s] GC(686) Eden regions: 306->0(306)
[2025-06-03T15:46:30.848+0530][153.608s] GC(686) Survivor regions: 1->1(39)
[2025-06-03T15:46:30.848+0530][153.608s] GC(686) Old regions: 9->9
[2025-06-03T15:46:30.848+0530][153.608s] GC(686) Archive regions: 2->2
[2025-06-03T15:46:30.848+0530][153.608s] GC(686) Humongous regions: 0->0
[2025-06-03T15:46:30.848+0530][153.608s] GC(686) Metaspace: 20472K(20928K)->20472K(20928K) NonClass: 17888K(18112K)->17888K(18112K) Class: 2584K(2816K)->2584K(2816K)
[2025-06-03T15:46:30.848+0530][153.608s] GC(686) Pause Young (Normal) (G1 Evacuation Pause) 315M->9M(512M) 1.581ms
[2025-06-03T15:46:30.848+0530][153.609s] GC(686) User=0.00s Sys=0.00s Real=0.00s
[2025-06-03T15:46:31.094+0530][153.854s] GC(687) Pause Young (Normal) (G1 Evacuation Pause)
[2025-06-03T15:46:31.094+0530][153.854s] GC(687) Using 8 workers of 8 for evacuation
[2025-06-03T15:46:31.095+0530][153.855s] GC(687) Skipped phase 1 of Reference Processing: no references
[2025-06-03T15:46:31.095+0530][153.856s] GC(687) Skipped phase 2 of Reference Processing: no references
[2025-06-03T15:46:31.095+0530][153.856s] GC(687) Skipped phase 3 of Reference Processing: no references
[2025-06-03T15:46:31.096+0530][153.856s] GC(687) Skipped phase 4 of Reference Processing: no references
[2025-06-03T15:46:31.098+0530][153.858s] GC(687)   Pre Evacuate Collection Set: 0.1ms
[2025-06-03T15:46:31.098+0530][153.858s] GC(687)   Merge Heap Roots: 0.1ms
[2025-06-03T15:46:31.098+0530][153.858s] GC(687)   Evacuate Collection Set: 0.8ms
[2025-06-03T15:46:31.098+0530][153.858s] GC(687)   Post Evacuate Collection Set: 2.6ms
[2025-06-03T15:46:31.098+0530][153.858s] GC(687)   Other: 0.3ms
[2025-06-03T15:46:31.098+0530][153.858s] GC(687) Eden regions: 306->0(306)
[2025-06-03T15:46:31.098+0530][153.858s] GC(687) Survivor regions: 1->1(39)
[2025-06-03T15:46:31.098+0530][153.858s] GC(687) Old regions: 9->9
[2025-06-03T15:46:31.098+0530][153.858s] GC(687) Archive regions: 2->2
[2025-06-03T15:46:31.098+0530][153.858s] GC(687) Humongous regions: 0->0
[2025-06-03T15:46:31.098+0530][153.858s] GC(687) Metaspace: 20472K(20928K)->20472K(20928K) NonClass: 17888K(18112K)->17888K(18112K) Class: 2584K(2816K)->2584K(2816K)
[2025-06-03T15:46:31.098+0530][153.858s] GC(687) Pause Young (Normal) (G1 Evacuation Pause) 315M->9M(512M) 4.199ms
[2025-06-03T15:46:31.098+0530][153.858s] GC(687) User=0.00s Sys=0.00s Real=0.00s
[2025-06-03T15:46:31.496+0530][154.256s] GC(688) Pause Young (Normal) (G1 Evacuation Pause)
[2025-06-03T15:46:31.497+0530][154.257s] GC(688) Using 8 workers of 8 for evacuation
[2025-06-03T15:46:31.498+0530][154.258s] GC(688) Skipped phase 1 of Reference Processing: no references
[2025-06-03T15:46:31.498+0530][154.258s] GC(688) Skipped phase 2 of Reference Processing: no references
[2025-06-03T15:46:31.498+0530][154.258s] GC(688) Skipped phase 3 of Reference Processing: no references
[2025-06-03T15:46:31.498+0530][154.258s] GC(688) Skipped phase 4 of Reference Processing: no references
[2025-06-03T15:46:31.499+0530][154.259s] GC(688)   Pre Evacuate Collection Set: 0.4ms
[2025-06-03T15:46:31.499+0530][154.259s] GC(688)   Merge Heap Roots: 0.1ms
[2025-06-03T15:46:31.499+0530][154.259s] GC(688)   Evacuate Collection Set: 0.4ms
[2025-06-03T15:46:31.499+0530][154.259s] GC(688)   Post Evacuate Collection Set: 0.8ms
[2025-06-03T15:46:31.499+0530][154.259s] GC(688)   Other: 0.7ms
[2025-06-03T15:46:31.499+0530][154.259s] GC(688) Eden regions: 306->0(306)
[2025-06-03T15:46:31.499+0530][154.259s] GC(688) Survivor regions: 1->1(39)
[2025-06-03T15:46:31.499+0530][154.259s] GC(688) Old regions: 9->9
[2025-06-03T15:46:31.499+0530][154.259s] GC(688) Archive regions: 2->2
[2025-06-03T15:46:31.499+0530][154.259s] GC(688) Humongous regions: 0->0
[2025-06-03T15:46:31.499+0530][154.259s] GC(688) Metaspace: 20472K(20928K)->20472K(20928K) NonClass: 17888K(18112K)->17888K(18112K) Class: 2584K(2816K)->2584K(2816K)
[2025-06-03T15:46:31.499+0530][154.259s] GC(688) Pause Young (Normal) (G1 Evacuation Pause) 315M->9M(512M) 2.883ms
[2025-06-03T15:46:31.499+0530][154.259s] GC(688) User=0.00s Sys=0.00s Real=0.00s
[2025-06-03T15:46:31.778+0530][154.538s] GC(689) Pause Young (Normal) (G1 Evacuation Pause)
[2025-06-03T15:46:31.778+0530][154.539s] GC(689) Using 8 workers of 8 for evacuation
[2025-06-03T15:46:31.780+0530][154.540s] GC(689) Skipped phase 1 of Reference Processing: no references
[2025-06-03T15:46:31.780+0530][154.540s] GC(689) Skipped phase 2 of Reference Processing: no references
[2025-06-03T15:46:31.780+0530][154.540s] GC(689) Skipped phase 3 of Reference Processing: no references
[2025-06-03T15:46:31.780+0530][154.540s] GC(689) Skipped phase 4 of Reference Processing: no references
[2025-06-03T15:46:31.781+0530][154.541s] GC(689)   Pre Evacuate Collection Set: 0.2ms
[2025-06-03T15:46:31.781+0530][154.541s] GC(689)   Merge Heap Roots: 0.1ms
[2025-06-03T15:46:31.781+0530][154.541s] GC(689)   Evacuate Collection Set: 0.9ms
[2025-06-03T15:46:31.781+0530][154.541s] GC(689)   Post Evacuate Collection Set: 0.7ms
[2025-06-03T15:46:31.781+0530][154.541s] GC(689)   Other: 0.3ms
[2025-06-03T15:46:31.781+0530][154.541s] GC(689) Eden regions: 306->0(306)
[2025-06-03T15:46:31.781+0530][154.541s] GC(689) Survivor regions: 1->1(39)
[2025-06-03T15:46:31.781+0530][154.541s] GC(689) Old regions: 9->9
[2025-06-03T15:46:31.781+0530][154.541s] GC(689) Archive regions: 2->2
[2025-06-03T15:46:31.781+0530][154.541s] GC(689) Humongous regions: 0->0
[2025-06-03T15:46:31.781+0530][154.541s] GC(689) Metaspace: 20472K(20928K)->20472K(20928K) NonClass: 17888K(18112K)->17888K(18112K) Class: 2584K(2816K)->2584K(2816K)
[2025-06-03T15:46:31.781+0530][154.541s] GC(689) Pause Young (Normal) (G1 Evacuation Pause) 315M->9M(512M) 2.848ms
[2025-06-03T15:46:31.781+0530][154.541s] GC(689) User=0.00s Sys=0.00s Real=0.01s
[2025-06-03T15:46:32.072+0530][154.832s] GC(690) Pause Young (Normal) (G1 Evacuation Pause)
[2025-06-03T15:46:32.072+0530][154.832s] GC(690) Using 8 workers of 8 for evacuation
[2025-06-03T15:46:32.073+0530][154.833s] GC(690) Skipped phase 1 of Reference Processing: no references
[2025-06-03T15:46:32.073+0530][154.833s] GC(690) Skipped phase 2 of Reference Processing: no references
[2025-06-03T15:46:32.073+0530][154.833s] GC(690) Skipped phase 3 of Reference Processing: no references
[2025-06-03T15:46:32.073+0530][154.833s] GC(690) Skipped phase 4 of Reference Processing: no references
[2025-06-03T15:46:32.074+0530][154.834s] GC(690)   Pre Evacuate Collection Set: 0.1ms
[2025-06-03T15:46:32.074+0530][154.834s] GC(690)   Merge Heap Roots: 0.1ms
[2025-06-03T15:46:32.074+0530][154.834s] GC(690)   Evacuate Collection Set: 0.4ms
[2025-06-03T15:46:32.074+0530][154.834s] GC(690)   Post Evacuate Collection Set: 0.6ms
[2025-06-03T15:46:32.074+0530][154.834s] GC(690)   Other: 0.2ms
[2025-06-03T15:46:32.074+0530][154.834s] GC(690) Eden regions: 306->0(306)
[2025-06-03T15:46:32.074+0530][154.834s] GC(690) Survivor regions: 1->1(39)
[2025-06-03T15:46:32.074+0530][154.834s] GC(690) Old regions: 9->9
[2025-06-03T15:46:32.074+0530][154.834s] GC(690) Archive regions: 2->2
[2025-06-03T15:46:32.074+0530][154.834s] GC(690) Humongous regions: 0->0
[2025-06-03T15:46:32.074+0530][154.834s] GC(690) Metaspace: 20472K(20928K)->20472K(20928K) NonClass: 17888K(18112K)->17888K(18112K) Class: 2584K(2816K)->2584K(2816K)
[2025-06-03T15:46:32.074+0530][154.834s] GC(690) Pause Young (Normal) (G1 Evacuation Pause) 315M->9M(512M) 1.982ms
[2025-06-03T15:46:32.074+0530][154.834s] GC(690) User=0.00s Sys=0.00s Real=0.00s
[2025-06-03T15:46:32.415+0530][155.175s] GC(691) Pause Young (Normal) (G1 Evacuation Pause)
[2025-06-03T15:46:32.415+0530][155.175s] GC(691) Using 8 workers of 8 for evacuation
[2025-06-03T15:46:32.415+0530][155.175s] GC(691) Skipped phase 1 of Reference Processing: no references
[2025-06-03T15:46:32.415+0530][155.175s] GC(691) Skipped phase 2 of Reference Processing: no references
[2025-06-03T15:46:32.415+0530][155.175s] GC(691) Skipped phase 3 of Reference Processing: no references
[2025-06-03T15:46:32.415+0530][155.175s] GC(691) Skipped phase 4 of Reference Processing: no references
[2025-06-03T15:46:32.416+0530][155.176s] GC(691)   Pre Evacuate Collection Set: 0.1ms
[2025-06-03T15:46:32.416+0530][155.176s] GC(691)   Merge Heap Roots: 0.1ms
[2025-06-03T15:46:32.416+0530][155.176s] GC(691)   Evacuate Collection Set: 0.3ms
[2025-06-03T15:46:32.416+0530][155.176s] GC(691)   Post Evacuate Collection Set: 0.6ms
[2025-06-03T15:46:32.416+0530][155.176s] GC(691)   Other: 0.2ms
[2025-06-03T15:46:32.416+0530][155.176s] GC(691) Eden regions: 306->0(306)
[2025-06-03T15:46:32.416+0530][155.176s] GC(691) Survivor regions: 1->1(39)
[2025-06-03T15:46:32.416+0530][155.176s] GC(691) Old regions: 9->9
[2025-06-03T15:46:32.416+0530][155.176s] GC(691) Archive regions: 2->2
[2025-06-03T15:46:32.416+0530][155.176s] GC(691) Humongous regions: 0->0
[2025-06-03T15:46:32.416+0530][155.176s] GC(691) Metaspace: 20472K(20928K)->20472K(20928K) NonClass: 17888K(18112K)->17888K(18112K) Class: 2584K(2816K)->2584K(2816K)
[2025-06-03T15:46:32.416+0530][155.176s] GC(691) Pause Young (Normal) (G1 Evacuation Pause) 315M->9M(512M) 1.476ms
[2025-06-03T15:46:32.416+0530][155.176s] GC(691) User=0.00s Sys=0.00s Real=0.00s
[2025-06-03T15:46:32.676+0530][155.436s] GC(692) Pause Young (Normal) (G1 Evacuation Pause)
[2025-06-03T15:46:32.676+0530][155.436s] GC(692) Using 8 workers of 8 for evacuation
[2025-06-03T15:46:32.677+0530][155.437s] GC(692) Skipped phase 1 of Reference Processing: no references
[2025-06-03T15:46:32.677+0530][155.437s] GC(692) Skipped phase 2 of Reference Processing: no references
[2025-06-03T15:46:32.677+0530][155.437s] GC(692) Skipped phase 3 of Reference Processing: no references
[2025-06-03T15:46:32.677+0530][155.437s] GC(692) Skipped phase 4 of Reference Processing: no references
[2025-06-03T15:46:32.677+0530][155.438s] GC(692)   Pre Evacuate Collection Set: 0.1ms
[2025-06-03T15:46:32.677+0530][155.438s] GC(692)   Merge Heap Roots: 0.1ms
[2025-06-03T15:46:32.677+0530][155.438s] GC(692)   Evacuate Collection Set: 0.3ms
[2025-06-03T15:46:32.677+0530][155.438s] GC(692)   Post Evacuate Collection Set: 0.6ms
[2025-06-03T15:46:32.678+0530][155.438s] GC(692)   Other: 0.2ms
[2025-06-03T15:46:32.678+0530][155.438s] GC(692) Eden regions: 306->0(306)
[2025-06-03T15:46:32.678+0530][155.438s] GC(692) Survivor regions: 1->1(39)
[2025-06-03T15:46:32.678+0530][155.438s] GC(692) Old regions: 9->9
[2025-06-03T15:46:32.678+0530][155.438s] GC(692) Archive regions: 2->2
[2025-06-03T15:46:32.678+0530][155.438s] GC(692) Humongous regions: 0->0
[2025-06-03T15:46:32.678+0530][155.438s] GC(692) Metaspace: 20472K(20928K)->20472K(20928K) NonClass: 17888K(18112K)->17888K(18112K) Class: 2584K(2816K)->2584K(2816K)
[2025-06-03T15:46:32.678+0530][155.438s] GC(692) Pause Young (Normal) (G1 Evacuation Pause) 315M->9M(512M) 1.520ms
[2025-06-03T15:46:32.678+0530][155.438s] GC(692) User=0.00s Sys=0.00s Real=0.00s
[2025-06-03T15:46:32.874+0530][155.634s] GC(693) Pause Young (Normal) (G1 Evacuation Pause)
[2025-06-03T15:46:32.874+0530][155.634s] GC(693) Using 8 workers of 8 for evacuation
[2025-06-03T15:46:32.875+0530][155.635s] GC(693) Skipped phase 1 of Reference Processing: no references
[2025-06-03T15:46:32.875+0530][155.635s] GC(693) Skipped phase 2 of Reference Processing: no references
[2025-06-03T15:46:32.875+0530][155.635s] GC(693) Skipped phase 3 of Reference Processing: no references
[2025-06-03T15:46:32.875+0530][155.635s] GC(693) Skipped phase 4 of Reference Processing: no references
[2025-06-03T15:46:32.876+0530][155.636s] GC(693)   Pre Evacuate Collection Set: 0.1ms
[2025-06-03T15:46:32.876+0530][155.636s] GC(693)   Merge Heap Roots: 0.1ms
[2025-06-03T15:46:32.876+0530][155.636s] GC(693)   Evacuate Collection Set: 0.3ms
[2025-06-03T15:46:32.876+0530][155.636s] GC(693)   Post Evacuate Collection Set: 0.8ms
[2025-06-03T15:46:32.876+0530][155.636s] GC(693)   Other: 0.2ms
[2025-06-03T15:46:32.876+0530][155.636s] GC(693) Eden regions: 306->0(306)
[2025-06-03T15:46:32.876+0530][155.636s] GC(693) Survivor regions: 1->1(39)
[2025-06-03T15:46:32.876+0530][155.636s] GC(693) Old regions: 9->9
[2025-06-03T15:46:32.876+0530][155.636s] GC(693) Archive regions: 2->2
[2025-06-03T15:46:32.876+0530][155.636s] GC(693) Humongous regions: 0->0
[2025-06-03T15:46:32.876+0530][155.636s] GC(693) Metaspace: 20472K(20928K)->20472K(20928K) NonClass: 17888K(18112K)->17888K(18112K) Class: 2584K(2816K)->2584K(2816K)
[2025-06-03T15:46:32.876+0530][155.636s] GC(693) Pause Young (Normal) (G1 Evacuation Pause) 315M->9M(512M) 1.758ms
[2025-06-03T15:46:32.876+0530][155.636s] GC(693) User=0.00s Sys=0.00s Real=0.00s
[2025-06-03T15:46:33.115+0530][155.875s] GC(694) Pause Young (Normal) (G1 Evacuation Pause)
[2025-06-03T15:46:33.115+0530][155.875s] GC(694) Using 8 workers of 8 for evacuation
[2025-06-03T15:46:33.117+0530][155.877s] GC(694) Skipped phase 1 of Reference Processing: no references
[2025-06-03T15:46:33.117+0530][155.877s] GC(694) Skipped phase 2 of Reference Processing: no references
[2025-06-03T15:46:33.117+0530][155.877s] GC(694) Skipped phase 3 of Reference Processing: no references
[2025-06-03T15:46:33.117+0530][155.877s] GC(694) Skipped phase 4 of Reference Processing: no references
[2025-06-03T15:46:33.117+0530][155.878s] GC(694)   Pre Evacuate Collection Set: 0.5ms
[2025-06-03T15:46:33.118+0530][155.878s] GC(694)   Merge Heap Roots: 0.4ms
[2025-06-03T15:46:33.118+0530][155.878s] GC(694)   Evacuate Collection Set: 0.7ms
[2025-06-03T15:46:33.118+0530][155.878s] GC(694)   Post Evacuate Collection Set: 0.9ms
[2025-06-03T15:46:33.118+0530][155.878s] GC(694)   Other: 0.3ms
[2025-06-03T15:46:33.118+0530][155.878s] GC(694) Eden regions: 306->0(306)
[2025-06-03T15:46:33.118+0530][155.878s] GC(694) Survivor regions: 1->1(39)
[2025-06-03T15:46:33.118+0530][155.878s] GC(694) Old regions: 9->9
[2025-06-03T15:46:33.118+0530][155.879s] GC(694) Archive regions: 2->2
[2025-06-03T15:46:33.118+0530][155.879s] GC(694) Humongous regions: 0->0
[2025-06-03T15:46:33.118+0530][155.879s] GC(694) Metaspace: 20472K(20928K)->20472K(20928K) NonClass: 17888K(18112K)->17888K(18112K) Class: 2584K(2816K)->2584K(2816K)
[2025-06-03T15:46:33.118+0530][155.879s] GC(694) Pause Young (Normal) (G1 Evacuation Pause) 315M->9M(512M) 3.847ms
[2025-06-03T15:46:33.119+0530][155.879s] GC(694) User=0.00s Sys=0.00s Real=0.00s
[2025-06-03T15:46:33.339+0530][156.099s] GC(695) Pause Young (Normal) (G1 Evacuation Pause)
[2025-06-03T15:46:33.339+0530][156.099s] GC(695) Using 8 workers of 8 for evacuation
[2025-06-03T15:46:33.340+0530][156.100s] GC(695) Skipped phase 1 of Reference Processing: no references
[2025-06-03T15:46:33.340+0530][156.100s] GC(695) Skipped phase 2 of Reference Processing: no references
[2025-06-03T15:46:33.340+0530][156.100s] GC(695) Skipped phase 3 of Reference Processing: no references
[2025-06-03T15:46:33.340+0530][156.100s] GC(695) Skipped phase 4 of Reference Processing: no references
[2025-06-03T15:46:33.340+0530][156.100s] GC(695)   Pre Evacuate Collection Set: 0.1ms
[2025-06-03T15:46:33.340+0530][156.100s] GC(695)   Merge Heap Roots: 0.1ms
[2025-06-03T15:46:33.340+0530][156.100s] GC(695)   Evacuate Collection Set: 0.3ms
[2025-06-03T15:46:33.340+0530][156.100s] GC(695)   Post Evacuate Collection Set: 0.7ms
[2025-06-03T15:46:33.340+0530][156.100s] GC(695)   Other: 0.2ms
[2025-06-03T15:46:33.340+0530][156.100s] GC(695) Eden regions: 306->0(306)
[2025-06-03T15:46:33.340+0530][156.100s] GC(695) Survivor regions: 1->1(39)
[2025-06-03T15:46:33.340+0530][156.101s] GC(695) Old regions: 9->9
[2025-06-03T15:46:33.340+0530][156.101s] GC(695) Archive regions: 2->2
[2025-06-03T15:46:33.340+0530][156.101s] GC(695) Humongous regions: 0->0
[2025-06-03T15:46:33.340+0530][156.101s] GC(695) Metaspace: 20472K(20928K)->20472K(20928K) NonClass: 17888K(18112K)->17888K(18112K) Class: 2584K(2816K)->2584K(2816K)
[2025-06-03T15:46:33.340+0530][156.101s] GC(695) Pause Young (Normal) (G1 Evacuation Pause) 315M->9M(512M) 1.608ms
[2025-06-03T15:46:33.340+0530][156.101s] GC(695) User=0.00s Sys=0.00s Real=0.01s
[2025-06-03T15:46:33.537+0530][156.297s] GC(696) Pause Young (Normal) (G1 Evacuation Pause)
[2025-06-03T15:46:33.537+0530][156.297s] GC(696) Using 8 workers of 8 for evacuation
[2025-06-03T15:46:33.537+0530][156.298s] GC(696) Skipped phase 1 of Reference Processing: no references
[2025-06-03T15:46:33.537+0530][156.298s] GC(696) Skipped phase 2 of Reference Processing: no references
[2025-06-03T15:46:33.537+0530][156.298s] GC(696) Skipped phase 3 of Reference Processing: no references
[2025-06-03T15:46:33.537+0530][156.298s] GC(696) Skipped phase 4 of Reference Processing: no references
[2025-06-03T15:46:33.538+0530][156.298s] GC(696)   Pre Evacuate Collection Set: 0.1ms
[2025-06-03T15:46:33.538+0530][156.298s] GC(696)   Merge Heap Roots: 0.1ms
[2025-06-03T15:46:33.538+0530][156.298s] GC(696)   Evacuate Collection Set: 0.3ms
[2025-06-03T15:46:33.538+0530][156.298s] GC(696)   Post Evacuate Collection Set: 0.5ms
[2025-06-03T15:46:33.538+0530][156.298s] GC(696)   Other: 0.2ms
[2025-06-03T15:46:33.538+0530][156.298s] GC(696) Eden regions: 306->0(306)
[2025-06-03T15:46:33.538+0530][156.298s] GC(696) Survivor regions: 1->1(39)
[2025-06-03T15:46:33.538+0530][156.298s] GC(696) Old regions: 9->9
[2025-06-03T15:46:33.538+0530][156.298s] GC(696) Archive regions: 2->2
[2025-06-03T15:46:33.538+0530][156.298s] GC(696) Humongous regions: 0->0
[2025-06-03T15:46:33.538+0530][156.298s] GC(696) Metaspace: 20472K(20928K)->20472K(20928K) NonClass: 17888K(18112K)->17888K(18112K) Class: 2584K(2816K)->2584K(2816K)
[2025-06-03T15:46:33.538+0530][156.298s] GC(696) Pause Young (Normal) (G1 Evacuation Pause) 315M->9M(512M) 1.575ms
[2025-06-03T15:46:33.538+0530][156.298s] GC(696) User=0.01s Sys=0.01s Real=0.00s
[2025-06-03T15:46:33.719+0530][156.480s] GC(697) Pause Young (Normal) (G1 Evacuation Pause)
[2025-06-03T15:46:33.720+0530][156.480s] GC(697) Using 8 workers of 8 for evacuation
[2025-06-03T15:46:33.720+0530][156.480s] GC(697) Skipped phase 1 of Reference Processing: no references
[2025-06-03T15:46:33.720+0530][156.480s] GC(697) Skipped phase 2 of Reference Processing: no references
[2025-06-03T15:46:33.720+0530][156.480s] GC(697) Skipped phase 3 of Reference Processing: no references
[2025-06-03T15:46:33.720+0530][156.480s] GC(697) Skipped phase 4 of Reference Processing: no references
[2025-06-03T15:46:33.721+0530][156.481s] GC(697)   Pre Evacuate Collection Set: 0.1ms
[2025-06-03T15:46:33.721+0530][156.481s] GC(697)   Merge Heap Roots: 0.1ms
[2025-06-03T15:46:33.721+0530][156.481s] GC(697)   Evacuate Collection Set: 0.3ms
[2025-06-03T15:46:33.721+0530][156.481s] GC(697)   Post Evacuate Collection Set: 0.6ms
[2025-06-03T15:46:33.721+0530][156.481s] GC(697)   Other: 0.2ms
[2025-06-03T15:46:33.721+0530][156.481s] GC(697) Eden regions: 306->0(306)
[2025-06-03T15:46:33.721+0530][156.481s] GC(697) Survivor regions: 1->1(39)
[2025-06-03T15:46:33.721+0530][156.481s] GC(697) Old regions: 9->9
[2025-06-03T15:46:33.721+0530][156.481s] GC(697) Archive regions: 2->2
[2025-06-03T15:46:33.721+0530][156.481s] GC(697) Humongous regions: 0->0
[2025-06-03T15:46:33.721+0530][156.481s] GC(697) Metaspace: 20472K(20928K)->20472K(20928K) NonClass: 17888K(18112K)->17888K(18112K) Class: 2584K(2816K)->2584K(2816K)
[2025-06-03T15:46:33.721+0530][156.481s] GC(697) Pause Young (Normal) (G1 Evacuation Pause) 315M->9M(512M) 1.498ms
[2025-06-03T15:46:33.721+0530][156.481s] GC(697) User=0.00s Sys=0.00s Real=0.01s
[2025-06-03T15:46:33.898+0530][156.658s] GC(698) Pause Young (Normal) (G1 Evacuation Pause)
[2025-06-03T15:46:33.898+0530][156.658s] GC(698) Using 8 workers of 8 for evacuation
[2025-06-03T15:46:33.898+0530][156.658s] GC(698) Skipped phase 1 of Reference Processing: no references
[2025-06-03T15:46:33.898+0530][156.659s] GC(698) Skipped phase 2 of Reference Processing: no references
[2025-06-03T15:46:33.898+0530][156.659s] GC(698) Skipped phase 3 of Reference Processing: no references
[2025-06-03T15:46:33.898+0530][156.659s] GC(698) Skipped phase 4 of Reference Processing: no references
[2025-06-03T15:46:33.899+0530][156.659s] GC(698)   Pre Evacuate Collection Set: 0.1ms
[2025-06-03T15:46:33.899+0530][156.659s] GC(698)   Merge Heap Roots: 0.1ms
[2025-06-03T15:46:33.899+0530][156.659s] GC(698)   Evacuate Collection Set: 0.2ms
[2025-06-03T15:46:33.899+0530][156.659s] GC(698)   Post Evacuate Collection Set: 0.7ms
[2025-06-03T15:46:33.899+0530][156.659s] GC(698)   Other: 0.2ms
[2025-06-03T15:46:33.899+0530][156.659s] GC(698) Eden regions: 306->0(306)
[2025-06-03T15:46:33.899+0530][156.659s] GC(698) Survivor regions: 1->1(39)
[2025-06-03T15:46:33.899+0530][156.659s] GC(698) Old regions: 9->9
[2025-06-03T15:46:33.899+0530][156.659s] GC(698) Archive regions: 2->2
[2025-06-03T15:46:33.899+0530][156.659s] GC(698) Humongous regions: 0->0
[2025-06-03T15:46:33.899+0530][156.659s] GC(698) Metaspace: 20472K(20928K)->20472K(20928K) NonClass: 17888K(18112K)->17888K(18112K) Class: 2584K(2816K)->2584K(2816K)
[2025-06-03T15:46:33.899+0530][156.659s] GC(698) Pause Young (Normal) (G1 Evacuation Pause) 315M->9M(512M) 1.523ms
[2025-06-03T15:46:33.899+0530][156.659s] GC(698) User=0.00s Sys=0.00s Real=0.00s
[2025-06-03T15:46:34.079+0530][156.839s] GC(699) Pause Young (Normal) (G1 Evacuation Pause)
[2025-06-03T15:46:34.079+0530][156.839s] GC(699) Using 8 workers of 8 for evacuation
[2025-06-03T15:46:34.080+0530][156.840s] GC(699) Skipped phase 1 of Reference Processing: no references
[2025-06-03T15:46:34.080+0530][156.840s] GC(699) Skipped phase 2 of Reference Processing: no references
[2025-06-03T15:46:34.080+0530][156.840s] GC(699) Skipped phase 3 of Reference Processing: no references
[2025-06-03T15:46:34.080+0530][156.840s] GC(699) Skipped phase 4 of Reference Processing: no references
[2025-06-03T15:46:34.080+0530][156.841s] GC(699)   Pre Evacuate Collection Set: 0.1ms
[2025-06-03T15:46:34.080+0530][156.841s] GC(699)   Merge Heap Roots: 0.1ms
[2025-06-03T15:46:34.080+0530][156.841s] GC(699)   Evacuate Collection Set: 0.3ms
[2025-06-03T15:46:34.080+0530][156.841s] GC(699)   Post Evacuate Collection Set: 0.5ms
[2025-06-03T15:46:34.081+0530][156.841s] GC(699)   Other: 0.2ms
[2025-06-03T15:46:34.081+0530][156.841s] GC(699) Eden regions: 306->0(306)
[2025-06-03T15:46:34.081+0530][156.841s] GC(699) Survivor regions: 1->1(39)
[2025-06-03T15:46:34.081+0530][156.841s] GC(699) Old regions: 9->9
[2025-06-03T15:46:34.081+0530][156.841s] GC(699) Archive regions: 2->2
[2025-06-03T15:46:34.081+0530][156.841s] GC(699) Humongous regions: 0->0
[2025-06-03T15:46:34.081+0530][156.841s] GC(699) Metaspace: 20472K(20928K)->20472K(20928K) NonClass: 17888K(18112K)->17888K(18112K) Class: 2584K(2816K)->2584K(2816K)
[2025-06-03T15:46:34.081+0530][156.841s] GC(699) Pause Young (Normal) (G1 Evacuation Pause) 315M->9M(512M) 1.594ms
[2025-06-03T15:46:34.081+0530][156.841s] GC(699) User=0.01s Sys=0.00s Real=0.01s
[2025-06-03T15:46:34.265+0530][157.026s] GC(700) Pause Young (Normal) (G1 Evacuation Pause)
[2025-06-03T15:46:34.265+0530][157.026s] GC(700) Using 8 workers of 8 for evacuation
[2025-06-03T15:46:34.266+0530][157.026s] GC(700) Skipped phase 1 of Reference Processing: no references
[2025-06-03T15:46:34.266+0530][157.026s] GC(700) Skipped phase 2 of Reference Processing: no references
[2025-06-03T15:46:34.266+0530][157.026s] GC(700) Skipped phase 3 of Reference Processing: no references
[2025-06-03T15:46:34.266+0530][157.026s] GC(700) Skipped phase 4 of Reference Processing: no references
[2025-06-03T15:46:34.267+0530][157.027s] GC(700)   Pre Evacuate Collection Set: 0.1ms
[2025-06-03T15:46:34.267+0530][157.027s] GC(700)   Merge Heap Roots: 0.1ms
[2025-06-03T15:46:34.267+0530][157.027s] GC(700)   Evacuate Collection Set: 0.3ms
[2025-06-03T15:46:34.267+0530][157.027s] GC(700)   Post Evacuate Collection Set: 0.5ms
[2025-06-03T15:46:34.267+0530][157.027s] GC(700)   Other: 0.2ms
[2025-06-03T15:46:34.267+0530][157.027s] GC(700) Eden regions: 306->0(306)
[2025-06-03T15:46:34.267+0530][157.027s] GC(700) Survivor regions: 1->1(39)
[2025-06-03T15:46:34.267+0530][157.027s] GC(700) Old regions: 9->9
[2025-06-03T15:46:34.267+0530][157.027s] GC(700) Archive regions: 2->2
[2025-06-03T15:46:34.267+0530][157.027s] GC(700) Humongous regions: 0->0
[2025-06-03T15:46:34.267+0530][157.027s] GC(700) Metaspace: 20472K(20928K)->20472K(20928K) NonClass: 17888K(18112K)->17888K(18112K) Class: 2584K(2816K)->2584K(2816K)
[2025-06-03T15:46:34.267+0530][157.027s] GC(700) Pause Young (Normal) (G1 Evacuation Pause) 315M->9M(512M) 1.492ms
[2025-06-03T15:46:34.267+0530][157.027s] GC(700) User=0.00s Sys=0.00s Real=0.00s
[2025-06-03T15:46:34.434+0530][157.194s] GC(701) Pause Young (Normal) (G1 Evacuation Pause)
[2025-06-03T15:46:34.434+0530][157.194s] GC(701) Using 8 workers of 8 for evacuation
[2025-06-03T15:46:34.435+0530][157.195s] GC(701) Skipped phase 1 of Reference Processing: no references
[2025-06-03T15:46:34.435+0530][157.195s] GC(701) Skipped phase 2 of Reference Processing: no references
[2025-06-03T15:46:34.435+0530][157.195s] GC(701) Skipped phase 3 of Reference Processing: no references
[2025-06-03T15:46:34.435+0530][157.195s] GC(701) Skipped phase 4 of Reference Processing: no references
[2025-06-03T15:46:34.435+0530][157.195s] GC(701)   Pre Evacuate Collection Set: 0.1ms
[2025-06-03T15:46:34.435+0530][157.195s] GC(701)   Merge Heap Roots: 0.1ms
[2025-06-03T15:46:34.435+0530][157.196s] GC(701)   Evacuate Collection Set: 0.2ms
[2025-06-03T15:46:34.435+0530][157.196s] GC(701)   Post Evacuate Collection Set: 0.5ms
[2025-06-03T15:46:34.435+0530][157.196s] GC(701)   Other: 0.2ms
[2025-06-03T15:46:34.435+0530][157.196s] GC(701) Eden regions: 306->0(306)
[2025-06-03T15:46:34.435+0530][157.196s] GC(701) Survivor regions: 1->1(39)
[2025-06-03T15:46:34.435+0530][157.196s] GC(701) Old regions: 9->9
[2025-06-03T15:46:34.435+0530][157.196s] GC(701) Archive regions: 2->2
[2025-06-03T15:46:34.435+0530][157.196s] GC(701) Humongous regions: 0->0
[2025-06-03T15:46:34.436+0530][157.196s] GC(701) Metaspace: 20472K(20928K)->20472K(20928K) NonClass: 17888K(18112K)->17888K(18112K) Class: 2584K(2816K)->2584K(2816K)
[2025-06-03T15:46:34.436+0530][157.196s] GC(701) Pause Young (Normal) (G1 Evacuation Pause) 315M->9M(512M) 1.421ms
[2025-06-03T15:46:34.436+0530][157.196s] GC(701) User=0.01s Sys=0.01s Real=0.00s
[2025-06-03T15:46:34.622+0530][157.383s] GC(702) Pause Young (Normal) (G1 Evacuation Pause)
[2025-06-03T15:46:34.623+0530][157.383s] GC(702) Using 8 workers of 8 for evacuation
[2025-06-03T15:46:34.623+0530][157.383s] GC(702) Skipped phase 1 of Reference Processing: no references
[2025-06-03T15:46:34.623+0530][157.383s] GC(702) Skipped phase 2 of Reference Processing: no references
[2025-06-03T15:46:34.623+0530][157.383s] GC(702) Skipped phase 3 of Reference Processing: no references
[2025-06-03T15:46:34.623+0530][157.383s] GC(702) Skipped phase 4 of Reference Processing: no references
[2025-06-03T15:46:34.624+0530][157.384s] GC(702)   Pre Evacuate Collection Set: 0.1ms
[2025-06-03T15:46:34.624+0530][157.384s] GC(702)   Merge Heap Roots: 0.1ms
[2025-06-03T15:46:34.624+0530][157.384s] GC(702)   Evacuate Collection Set: 0.3ms
[2025-06-03T15:46:34.624+0530][157.384s] GC(702)   Post Evacuate Collection Set: 0.5ms
[2025-06-03T15:46:34.624+0530][157.384s] GC(702)   Other: 0.2ms
[2025-06-03T15:46:34.624+0530][157.384s] GC(702) Eden regions: 306->0(306)
[2025-06-03T15:46:34.624+0530][157.384s] GC(702) Survivor regions: 1->1(39)
[2025-06-03T15:46:34.624+0530][157.384s] GC(702) Old regions: 9->9
[2025-06-03T15:46:34.624+0530][157.384s] GC(702) Archive regions: 2->2
[2025-06-03T15:46:34.624+0530][157.384s] GC(702) Humongous regions: 0->0
[2025-06-03T15:46:34.624+0530][157.384s] GC(702) Metaspace: 20472K(20928K)->20472K(20928K) NonClass: 17888K(18112K)->17888K(18112K) Class: 2584K(2816K)->2584K(2816K)
[2025-06-03T15:46:34.624+0530][157.384s] GC(702) Pause Young (Normal) (G1 Evacuation Pause) 315M->9M(512M) 1.372ms
[2025-06-03T15:46:34.624+0530][157.384s] GC(702) User=0.00s Sys=0.00s Real=0.00s
[2025-06-03T15:46:34.800+0530][157.560s] GC(703) Pause Young (Normal) (G1 Evacuation Pause)
[2025-06-03T15:46:34.800+0530][157.561s] GC(703) Using 8 workers of 8 for evacuation
[2025-06-03T15:46:34.801+0530][157.561s] GC(703) Skipped phase 1 of Reference Processing: no references
[2025-06-03T15:46:34.816+0530][157.576s] GC(703) Skipped phase 2 of Reference Processing: no references
[2025-06-03T15:46:34.816+0530][157.576s] GC(703) Skipped phase 3 of Reference Processing: no references
[2025-06-03T15:46:34.816+0530][157.576s] GC(703) Skipped phase 4 of Reference Processing: no references
[2025-06-03T15:46:34.817+0530][157.577s] GC(703)   Pre Evacuate Collection Set: 0.1ms
[2025-06-03T15:46:34.817+0530][157.577s] GC(703)   Merge Heap Roots: 0.1ms
[2025-06-03T15:46:34.817+0530][157.577s] GC(703)   Evacuate Collection Set: 0.2ms
[2025-06-03T15:46:34.817+0530][157.577s] GC(703)   Post Evacuate Collection Set: 15.6ms
[2025-06-03T15:46:34.817+0530][157.577s] GC(703)   Other: 0.9ms
[2025-06-03T15:46:34.817+0530][157.577s] GC(703) Eden regions: 306->0(306)
[2025-06-03T15:46:34.817+0530][157.577s] GC(703) Survivor regions: 1->1(39)
[2025-06-03T15:46:34.817+0530][157.577s] GC(703) Old regions: 9->9
[2025-06-03T15:46:34.817+0530][157.577s] GC(703) Archive regions: 2->2
[2025-06-03T15:46:34.817+0530][157.577s] GC(703) Humongous regions: 0->0
[2025-06-03T15:46:34.817+0530][157.577s] GC(703) Metaspace: 20472K(20928K)->20472K(20928K) NonClass: 17888K(18112K)->17888K(18112K) Class: 2584K(2816K)->2584K(2816K)
[2025-06-03T15:46:34.817+0530][157.577s] GC(703) Pause Young (Normal) (G1 Evacuation Pause) 315M->9M(512M) 17.234ms
[2025-06-03T15:46:34.817+0530][157.577s] GC(703) User=0.00s Sys=0.01s Real=0.01s
[2025-06-03T15:46:35.074+0530][157.834s] GC(704) Pause Young (Normal) (G1 Evacuation Pause)
[2025-06-03T15:46:35.074+0530][157.834s] GC(704) Using 8 workers of 8 for evacuation
[2025-06-03T15:46:35.074+0530][157.835s] GC(704) Skipped phase 1 of Reference Processing: no references
[2025-06-03T15:46:35.075+0530][157.835s] GC(704) Skipped phase 2 of Reference Processing: no references
[2025-06-03T15:46:35.075+0530][157.835s] GC(704) Skipped phase 3 of Reference Processing: no references
[2025-06-03T15:46:35.075+0530][157.835s] GC(704) Skipped phase 4 of Reference Processing: no references
[2025-06-03T15:46:35.075+0530][157.835s] GC(704)   Pre Evacuate Collection Set: 0.1ms
[2025-06-03T15:46:35.075+0530][157.835s] GC(704)   Merge Heap Roots: 0.1ms
[2025-06-03T15:46:35.075+0530][157.835s] GC(704)   Evacuate Collection Set: 0.3ms
[2025-06-03T15:46:35.075+0530][157.836s] GC(704)   Post Evacuate Collection Set: 0.7ms
[2025-06-03T15:46:35.075+0530][157.836s] GC(704)   Other: 0.3ms
[2025-06-03T15:46:35.075+0530][157.836s] GC(704) Eden regions: 306->0(306)
[2025-06-03T15:46:35.075+0530][157.836s] GC(704) Survivor regions: 1->1(39)
[2025-06-03T15:46:35.075+0530][157.836s] GC(704) Old regions: 9->9
[2025-06-03T15:46:35.075+0530][157.836s] GC(704) Archive regions: 2->2
[2025-06-03T15:46:35.075+0530][157.836s] GC(704) Humongous regions: 0->0
[2025-06-03T15:46:35.075+0530][157.836s] GC(704) Metaspace: 20472K(20928K)->20472K(20928K) NonClass: 17888K(18112K)->17888K(18112K) Class: 2584K(2816K)->2584K(2816K)
[2025-06-03T15:46:35.075+0530][157.836s] GC(704) Pause Young (Normal) (G1 Evacuation Pause) 315M->9M(512M) 1.691ms
[2025-06-03T15:46:35.075+0530][157.836s] GC(704) User=0.00s Sys=0.00s Real=0.00s
[2025-06-03T15:46:35.284+0530][158.045s] GC(705) Pause Young (Normal) (G1 Evacuation Pause)
[2025-06-03T15:46:35.284+0530][158.045s] GC(705) Using 8 workers of 8 for evacuation
[2025-06-03T15:46:35.285+0530][158.045s] GC(705) Skipped phase 1 of Reference Processing: no references
[2025-06-03T15:46:35.285+0530][158.045s] GC(705) Skipped phase 2 of Reference Processing: no references
[2025-06-03T15:46:35.285+0530][158.045s] GC(705) Skipped phase 3 of Reference Processing: no references
[2025-06-03T15:46:35.285+0530][158.045s] GC(705) Skipped phase 4 of Reference Processing: no references
[2025-06-03T15:46:35.286+0530][158.046s] GC(705)   Pre Evacuate Collection Set: 0.1ms
[2025-06-03T15:46:35.286+0530][158.046s] GC(705)   Merge Heap Roots: 0.1ms
[2025-06-03T15:46:35.286+0530][158.046s] GC(705)   Evacuate Collection Set: 0.3ms
[2025-06-03T15:46:35.286+0530][158.046s] GC(705)   Post Evacuate Collection Set: 0.6ms
[2025-06-03T15:46:35.286+0530][158.046s] GC(705)   Other: 0.2ms
[2025-06-03T15:46:35.286+0530][158.046s] GC(705) Eden regions: 306->0(306)
[2025-06-03T15:46:35.286+0530][158.046s] GC(705) Survivor regions: 1->1(39)
[2025-06-03T15:46:35.286+0530][158.046s] GC(705) Old regions: 9->9
[2025-06-03T15:46:35.286+0530][158.046s] GC(705) Archive regions: 2->2
[2025-06-03T15:46:35.286+0530][158.046s] GC(705) Humongous regions: 0->0
[2025-06-03T15:46:35.286+0530][158.046s] GC(705) Metaspace: 20472K(20928K)->20472K(20928K) NonClass: 17888K(18112K)->17888K(18112K) Class: 2584K(2816K)->2584K(2816K)
[2025-06-03T15:46:35.286+0530][158.046s] GC(705) Pause Young (Normal) (G1 Evacuation Pause) 315M->9M(512M) 1.502ms
[2025-06-03T15:46:35.286+0530][158.046s] GC(705) User=0.00s Sys=0.00s Real=0.00s
[2025-06-03T15:46:35.474+0530][158.234s] GC(706) Pause Young (Normal) (G1 Evacuation Pause)
[2025-06-03T15:46:35.474+0530][158.234s] GC(706) Using 8 workers of 8 for evacuation
[2025-06-03T15:46:35.475+0530][158.235s] GC(706) Skipped phase 1 of Reference Processing: no references
[2025-06-03T15:46:35.475+0530][158.235s] GC(706) Skipped phase 2 of Reference Processing: no references
[2025-06-03T15:46:35.475+0530][158.235s] GC(706) Skipped phase 3 of Reference Processing: no references
[2025-06-03T15:46:35.475+0530][158.235s] GC(706) Skipped phase 4 of Reference Processing: no references
[2025-06-03T15:46:35.475+0530][158.235s] GC(706)   Pre Evacuate Collection Set: 0.1ms
[2025-06-03T15:46:35.475+0530][158.235s] GC(706)   Merge Heap Roots: 0.1ms
[2025-06-03T15:46:35.475+0530][158.236s] GC(706)   Evacuate Collection Set: 0.3ms
[2025-06-03T15:46:35.475+0530][158.236s] GC(706)   Post Evacuate Collection Set: 0.5ms
[2025-06-03T15:46:35.475+0530][158.236s] GC(706)   Other: 0.2ms
[2025-06-03T15:46:35.475+0530][158.236s] GC(706) Eden regions: 306->0(306)
[2025-06-03T15:46:35.475+0530][158.236s] GC(706) Survivor regions: 1->1(39)
[2025-06-03T15:46:35.475+0530][158.236s] GC(706) Old regions: 9->9
[2025-06-03T15:46:35.475+0530][158.236s] GC(706) Archive regions: 2->2
[2025-06-03T15:46:35.476+0530][158.236s] GC(706) Humongous regions: 0->0
[2025-06-03T15:46:35.476+0530][158.236s] GC(706) Metaspace: 20472K(20928K)->20472K(20928K) NonClass: 17888K(18112K)->17888K(18112K) Class: 2584K(2816K)->2584K(2816K)
[2025-06-03T15:46:35.476+0530][158.236s] GC(706) Pause Young (Normal) (G1 Evacuation Pause) 315M->9M(512M) 1.544ms
[2025-06-03T15:46:35.476+0530][158.236s] GC(706) User=0.00s Sys=0.00s Real=0.00s
[2025-06-03T15:46:35.677+0530][158.437s] GC(707) Pause Young (Normal) (G1 Evacuation Pause)
[2025-06-03T15:46:35.677+0530][158.437s] GC(707) Using 8 workers of 8 for evacuation
[2025-06-03T15:46:35.677+0530][158.437s] GC(707) Skipped phase 1 of Reference Processing: no references
[2025-06-03T15:46:35.677+0530][158.437s] GC(707) Skipped phase 2 of Reference Processing: no references
[2025-06-03T15:46:35.677+0530][158.438s] GC(707) Skipped phase 3 of Reference Processing: no references
[2025-06-03T15:46:35.677+0530][158.438s] GC(707) Skipped phase 4 of Reference Processing: no references
[2025-06-03T15:46:35.678+0530][158.438s] GC(707)   Pre Evacuate Collection Set: 0.1ms
[2025-06-03T15:46:35.678+0530][158.438s] GC(707)   Merge Heap Roots: 0.1ms
[2025-06-03T15:46:35.678+0530][158.438s] GC(707)   Evacuate Collection Set: 0.3ms
[2025-06-03T15:46:35.678+0530][158.438s] GC(707)   Post Evacuate Collection Set: 0.7ms
[2025-06-03T15:46:35.678+0530][158.438s] GC(707)   Other: 0.2ms
[2025-06-03T15:46:35.678+0530][158.438s] GC(707) Eden regions: 306->0(306)
[2025-06-03T15:46:35.678+0530][158.438s] GC(707) Survivor regions: 1->1(39)
[2025-06-03T15:46:35.678+0530][158.438s] GC(707) Old regions: 9->9
[2025-06-03T15:46:35.678+0530][158.438s] GC(707) Archive regions: 2->2
[2025-06-03T15:46:35.678+0530][158.438s] GC(707) Humongous regions: 0->0
[2025-06-03T15:46:35.678+0530][158.439s] GC(707) Metaspace: 20472K(20928K)->20472K(20928K) NonClass: 17888K(18112K)->17888K(18112K) Class: 2584K(2816K)->2584K(2816K)
[2025-06-03T15:46:35.678+0530][158.439s] GC(707) Pause Young (Normal) (G1 Evacuation Pause) 315M->9M(512M) 1.815ms
[2025-06-03T15:46:35.678+0530][158.439s] GC(707) User=0.00s Sys=0.00s Real=0.00s
[2025-06-03T15:46:35.872+0530][158.632s] GC(708) Pause Young (Normal) (G1 Evacuation Pause)
[2025-06-03T15:46:35.872+0530][158.632s] GC(708) Using 8 workers of 8 for evacuation
[2025-06-03T15:46:35.872+0530][158.632s] GC(708) Skipped phase 1 of Reference Processing: no references
[2025-06-03T15:46:35.872+0530][158.632s] GC(708) Skipped phase 2 of Reference Processing: no references
[2025-06-03T15:46:35.872+0530][158.632s] GC(708) Skipped phase 3 of Reference Processing: no references
[2025-06-03T15:46:35.872+0530][158.632s] GC(708) Skipped phase 4 of Reference Processing: no references
[2025-06-03T15:46:35.873+0530][158.633s] GC(708)   Pre Evacuate Collection Set: 0.1ms
[2025-06-03T15:46:35.873+0530][158.633s] GC(708)   Merge Heap Roots: 0.1ms
[2025-06-03T15:46:35.873+0530][158.633s] GC(708)   Evacuate Collection Set: 0.3ms
[2025-06-03T15:46:35.873+0530][158.633s] GC(708)   Post Evacuate Collection Set: 0.5ms
[2025-06-03T15:46:35.873+0530][158.633s] GC(708)   Other: 0.2ms
[2025-06-03T15:46:35.873+0530][158.633s] GC(708) Eden regions: 306->0(306)
[2025-06-03T15:46:35.873+0530][158.633s] GC(708) Survivor regions: 1->1(39)
[2025-06-03T15:46:35.873+0530][158.633s] GC(708) Old regions: 9->9
[2025-06-03T15:46:35.873+0530][158.633s] GC(708) Archive regions: 2->2
[2025-06-03T15:46:35.873+0530][158.633s] GC(708) Humongous regions: 0->0
[2025-06-03T15:46:35.873+0530][158.633s] GC(708) Metaspace: 20472K(20928K)->20472K(20928K) NonClass: 17888K(18112K)->17888K(18112K) Class: 2584K(2816K)->2584K(2816K)
[2025-06-03T15:46:35.873+0530][158.633s] GC(708) Pause Young (Normal) (G1 Evacuation Pause) 315M->9M(512M) 1.296ms
[2025-06-03T15:46:35.873+0530][158.633s] GC(708) User=0.00s Sys=0.01s Real=0.00s
[2025-06-03T15:46:36.142+0530][158.902s] GC(709) Pause Young (Normal) (G1 Evacuation Pause)
[2025-06-03T15:46:36.142+0530][158.902s] GC(709) Using 8 workers of 8 for evacuation
[2025-06-03T15:46:36.260+0530][159.020s] GC(709) Skipped phase 1 of Reference Processing: no references
[2025-06-03T15:46:36.260+0530][159.021s] GC(709) Skipped phase 2 of Reference Processing: no references
[2025-06-03T15:46:36.260+0530][159.021s] GC(709) Skipped phase 3 of Reference Processing: no references
[2025-06-03T15:46:36.260+0530][159.021s] GC(709) Skipped phase 4 of Reference Processing: no references
[2025-06-03T15:46:36.265+0530][159.026s] GC(709)   Pre Evacuate Collection Set: 1.7ms
[2025-06-03T15:46:36.265+0530][159.026s] GC(709)   Merge Heap Roots: 7.6ms
[2025-06-03T15:46:36.265+0530][159.026s] GC(709)   Evacuate Collection Set: 109.2ms
[2025-06-03T15:46:36.266+0530][159.026s] GC(709)   Post Evacuate Collection Set: 5.1ms
[2025-06-03T15:46:36.266+0530][159.026s] GC(709)   Other: 0.3ms
[2025-06-03T15:46:36.266+0530][159.026s] GC(709) Eden regions: 306->0(306)
[2025-06-03T15:46:36.266+0530][159.026s] GC(709) Survivor regions: 1->1(39)
[2025-06-03T15:46:36.266+0530][159.026s] GC(709) Old regions: 9->9
[2025-06-03T15:46:36.266+0530][159.026s] GC(709) Archive regions: 2->2
[2025-06-03T15:46:36.266+0530][159.026s] GC(709) Humongous regions: 0->0
[2025-06-03T15:46:36.266+0530][159.026s] GC(709) Metaspace: 20472K(20928K)->20472K(20928K) NonClass: 17888K(18112K)->17888K(18112K) Class: 2584K(2816K)->2584K(2816K)
[2025-06-03T15:46:36.266+0530][159.026s] GC(709) Pause Young (Normal) (G1 Evacuation Pause) 315M->9M(512M) 124.255ms
[2025-06-03T15:46:36.266+0530][159.026s] GC(709) User=0.00s Sys=0.00s Real=0.12s
[2025-06-03T15:46:36.767+0530][159.527s] GC(710) Pause Young (Normal) (G1 Evacuation Pause)
[2025-06-03T15:46:36.767+0530][159.527s] GC(710) Using 8 workers of 8 for evacuation
[2025-06-03T15:46:36.768+0530][159.528s] GC(710) Skipped phase 1 of Reference Processing: no references
[2025-06-03T15:46:36.768+0530][159.528s] GC(710) Skipped phase 2 of Reference Processing: no references
[2025-06-03T15:46:36.768+0530][159.528s] GC(710) Skipped phase 3 of Reference Processing: no references
[2025-06-03T15:46:36.768+0530][159.528s] GC(710) Skipped phase 4 of Reference Processing: no references
[2025-06-03T15:46:36.769+0530][159.529s] GC(710)   Pre Evacuate Collection Set: 0.1ms
[2025-06-03T15:46:36.769+0530][159.529s] GC(710)   Merge Heap Roots: 0.1ms
[2025-06-03T15:46:36.769+0530][159.529s] GC(710)   Evacuate Collection Set: 0.3ms
[2025-06-03T15:46:36.769+0530][159.529s] GC(710)   Post Evacuate Collection Set: 0.9ms
[2025-06-03T15:46:36.769+0530][159.529s] GC(710)   Other: 0.2ms
[2025-06-03T15:46:36.769+0530][159.529s] GC(710) Eden regions: 306->0(306)
[2025-06-03T15:46:36.769+0530][159.529s] GC(710) Survivor regions: 1->1(39)
[2025-06-03T15:46:36.769+0530][159.529s] GC(710) Old regions: 9->9
[2025-06-03T15:46:36.769+0530][159.529s] GC(710) Archive regions: 2->2
[2025-06-03T15:46:36.769+0530][159.529s] GC(710) Humongous regions: 0->0
[2025-06-03T15:46:36.769+0530][159.529s] GC(710) Metaspace: 20472K(20928K)->20472K(20928K) NonClass: 17888K(18112K)->17888K(18112K) Class: 2584K(2816K)->2584K(2816K)
[2025-06-03T15:46:36.769+0530][159.529s] GC(710) Pause Young (Normal) (G1 Evacuation Pause) 315M->9M(512M) 1.859ms
[2025-06-03T15:46:36.769+0530][159.529s] GC(710) User=0.01s Sys=0.00s Real=0.00s
[2025-06-03T15:46:37.244+0530][160.004s] GC(711) Pause Young (Normal) (G1 Evacuation Pause)
[2025-06-03T15:46:37.244+0530][160.005s] GC(711) Using 8 workers of 8 for evacuation
[2025-06-03T15:46:37.246+0530][160.006s] GC(711) Skipped phase 1 of Reference Processing: no references
[2025-06-03T15:46:37.246+0530][160.006s] GC(711) Skipped phase 2 of Reference Processing: no references
[2025-06-03T15:46:37.246+0530][160.006s] GC(711) Skipped phase 3 of Reference Processing: no references
[2025-06-03T15:46:37.246+0530][160.007s] GC(711) Skipped phase 4 of Reference Processing: no references
[2025-06-03T15:46:37.248+0530][160.008s] GC(711)   Pre Evacuate Collection Set: 0.2ms
[2025-06-03T15:46:37.248+0530][160.008s] GC(711)   Merge Heap Roots: 0.4ms
[2025-06-03T15:46:37.248+0530][160.008s] GC(711)   Evacuate Collection Set: 1.0ms
[2025-06-03T15:46:37.248+0530][160.008s] GC(711)   Post Evacuate Collection Set: 1.7ms
[2025-06-03T15:46:37.248+0530][160.009s] GC(711)   Other: 0.4ms
[2025-06-03T15:46:37.248+0530][160.009s] GC(711) Eden regions: 306->0(306)
[2025-06-03T15:46:37.248+0530][160.009s] GC(711) Survivor regions: 1->1(39)
[2025-06-03T15:46:37.248+0530][160.009s] GC(711) Old regions: 9->9
[2025-06-03T15:46:37.248+0530][160.009s] GC(711) Archive regions: 2->2
[2025-06-03T15:46:37.248+0530][160.009s] GC(711) Humongous regions: 0->0
[2025-06-03T15:46:37.248+0530][160.009s] GC(711) Metaspace: 20472K(20928K)->20472K(20928K) NonClass: 17888K(18112K)->17888K(18112K) Class: 2584K(2816K)->2584K(2816K)
[2025-06-03T15:46:37.248+0530][160.009s] GC(711) Pause Young (Normal) (G1 Evacuation Pause) 315M->9M(512M) 4.258ms
[2025-06-03T15:46:37.249+0530][160.009s] GC(711) User=0.00s Sys=0.00s Real=0.00s
[2025-06-03T15:46:37.641+0530][160.401s] GC(712) Pause Young (Normal) (G1 Evacuation Pause)
[2025-06-03T15:46:37.641+0530][160.402s] GC(712) Using 8 workers of 8 for evacuation
[2025-06-03T15:46:37.642+0530][160.403s] GC(712) Skipped phase 1 of Reference Processing: no references
[2025-06-03T15:46:37.643+0530][160.403s] GC(712) Skipped phase 2 of Reference Processing: no references
[2025-06-03T15:46:37.643+0530][160.403s] GC(712) Skipped phase 3 of Reference Processing: no references
[2025-06-03T15:46:37.643+0530][160.403s] GC(712) Skipped phase 4 of Reference Processing: no references
[2025-06-03T15:46:37.643+0530][160.403s] GC(712)   Pre Evacuate Collection Set: 0.2ms
[2025-06-03T15:46:37.643+0530][160.403s] GC(712)   Merge Heap Roots: 0.1ms
[2025-06-03T15:46:37.643+0530][160.404s] GC(712)   Evacuate Collection Set: 0.5ms
[2025-06-03T15:46:37.643+0530][160.404s] GC(712)   Post Evacuate Collection Set: 0.7ms
[2025-06-03T15:46:37.643+0530][160.404s] GC(712)   Other: 0.6ms
[2025-06-03T15:46:37.643+0530][160.404s] GC(712) Eden regions: 306->0(306)
[2025-06-03T15:46:37.643+0530][160.404s] GC(712) Survivor regions: 1->1(39)
[2025-06-03T15:46:37.643+0530][160.404s] GC(712) Old regions: 9->9
[2025-06-03T15:46:37.643+0530][160.404s] GC(712) Archive regions: 2->2
[2025-06-03T15:46:37.643+0530][160.404s] GC(712) Humongous regions: 0->0
[2025-06-03T15:46:37.643+0530][160.404s] GC(712) Metaspace: 20472K(20928K)->20472K(20928K) NonClass: 17888K(18112K)->17888K(18112K) Class: 2584K(2816K)->2584K(2816K)
[2025-06-03T15:46:37.643+0530][160.404s] GC(712) Pause Young (Normal) (G1 Evacuation Pause) 315M->9M(512M) 2.439ms
[2025-06-03T15:46:37.644+0530][160.404s] GC(712) User=0.00s Sys=0.00s Real=0.00s
[2025-06-03T15:46:38.020+0530][160.780s] GC(713) Pause Young (Normal) (G1 Evacuation Pause)
[2025-06-03T15:46:38.020+0530][160.780s] GC(713) Using 8 workers of 8 for evacuation
[2025-06-03T15:46:38.023+0530][160.783s] GC(713) Skipped phase 1 of Reference Processing: no references
[2025-06-03T15:46:38.023+0530][160.783s] GC(713) Skipped phase 2 of Reference Processing: no references
[2025-06-03T15:46:38.023+0530][160.783s] GC(713) Skipped phase 3 of Reference Processing: no references
[2025-06-03T15:46:38.023+0530][160.783s] GC(713) Skipped phase 4 of Reference Processing: no references
[2025-06-03T15:46:38.023+0530][160.784s] GC(713)   Pre Evacuate Collection Set: 0.4ms
[2025-06-03T15:46:38.023+0530][160.784s] GC(713)   Merge Heap Roots: 0.2ms
[2025-06-03T15:46:38.023+0530][160.784s] GC(713)   Evacuate Collection Set: 2.3ms
[2025-06-03T15:46:38.023+0530][160.784s] GC(713)   Post Evacuate Collection Set: 0.7ms
[2025-06-03T15:46:38.023+0530][160.784s] GC(713)   Other: 0.2ms
[2025-06-03T15:46:38.024+0530][160.784s] GC(713) Eden regions: 306->0(306)
[2025-06-03T15:46:38.024+0530][160.784s] GC(713) Survivor regions: 1->1(39)
[2025-06-03T15:46:38.024+0530][160.784s] GC(713) Old regions: 9->9
[2025-06-03T15:46:38.024+0530][160.784s] GC(713) Archive regions: 2->2
[2025-06-03T15:46:38.024+0530][160.784s] GC(713) Humongous regions: 0->0
[2025-06-03T15:46:38.024+0530][160.784s] GC(713) Metaspace: 20472K(20928K)->20472K(20928K) NonClass: 17888K(18112K)->17888K(18112K) Class: 2584K(2816K)->2584K(2816K)
[2025-06-03T15:46:38.024+0530][160.784s] GC(713) Pause Young (Normal) (G1 Evacuation Pause) 315M->9M(512M) 4.347ms
[2025-06-03T15:46:38.024+0530][160.784s] GC(713) User=0.00s Sys=0.01s Real=0.00s
[2025-06-03T15:46:38.373+0530][161.134s] GC(714) Pause Young (Normal) (G1 Evacuation Pause)
[2025-06-03T15:46:38.373+0530][161.134s] GC(714) Using 8 workers of 8 for evacuation
[2025-06-03T15:46:38.374+0530][161.134s] GC(714) Skipped phase 1 of Reference Processing: no references
[2025-06-03T15:46:38.374+0530][161.135s] GC(714) Skipped phase 2 of Reference Processing: no references
[2025-06-03T15:46:38.374+0530][161.135s] GC(714) Skipped phase 3 of Reference Processing: no references
[2025-06-03T15:46:38.374+0530][161.135s] GC(714) Skipped phase 4 of Reference Processing: no references
[2025-06-03T15:46:38.375+0530][161.135s] GC(714)   Pre Evacuate Collection Set: 0.1ms
[2025-06-03T15:46:38.375+0530][161.135s] GC(714)   Merge Heap Roots: 0.1ms
[2025-06-03T15:46:38.375+0530][161.135s] GC(714)   Evacuate Collection Set: 0.4ms
[2025-06-03T15:46:38.375+0530][161.135s] GC(714)   Post Evacuate Collection Set: 0.9ms
[2025-06-03T15:46:38.375+0530][161.136s] GC(714)   Other: 0.3ms
[2025-06-03T15:46:38.375+0530][161.136s] GC(714) Eden regions: 306->0(306)
[2025-06-03T15:46:38.375+0530][161.136s] GC(714) Survivor regions: 1->1(39)
[2025-06-03T15:46:38.375+0530][161.136s] GC(714) Old regions: 9->9
[2025-06-03T15:46:38.375+0530][161.136s] GC(714) Archive regions: 2->2
[2025-06-03T15:46:38.375+0530][161.136s] GC(714) Humongous regions: 0->0
[2025-06-03T15:46:38.375+0530][161.136s] GC(714) Metaspace: 20472K(20928K)->20472K(20928K) NonClass: 17888K(18112K)->17888K(18112K) Class: 2584K(2816K)->2584K(2816K)
[2025-06-03T15:46:38.376+0530][161.136s] GC(714) Pause Young (Normal) (G1 Evacuation Pause) 315M->9M(512M) 2.199ms
[2025-06-03T15:46:38.376+0530][161.136s] GC(714) User=0.01s Sys=0.00s Real=0.00s
[2025-06-03T15:46:38.748+0530][161.508s] GC(715) Pause Young (Normal) (G1 Evacuation Pause)
[2025-06-03T15:46:38.748+0530][161.508s] GC(715) Using 8 workers of 8 for evacuation
[2025-06-03T15:46:38.749+0530][161.509s] GC(715) Skipped phase 1 of Reference Processing: no references
[2025-06-03T15:46:38.749+0530][161.509s] GC(715) Skipped phase 2 of Reference Processing: no references
[2025-06-03T15:46:38.749+0530][161.509s] GC(715) Skipped phase 3 of Reference Processing: no references
[2025-06-03T15:46:38.749+0530][161.509s] GC(715) Skipped phase 4 of Reference Processing: no references
[2025-06-03T15:46:38.750+0530][161.510s] GC(715)   Pre Evacuate Collection Set: 0.2ms
[2025-06-03T15:46:38.750+0530][161.510s] GC(715)   Merge Heap Roots: 0.2ms
[2025-06-03T15:46:38.750+0530][161.511s] GC(715)   Evacuate Collection Set: 0.5ms
[2025-06-03T15:46:38.750+0530][161.511s] GC(715)   Post Evacuate Collection Set: 1.3ms
[2025-06-03T15:46:38.750+0530][161.511s] GC(715)   Other: 0.3ms
[2025-06-03T15:46:38.750+0530][161.511s] GC(715) Eden regions: 306->0(306)
[2025-06-03T15:46:38.750+0530][161.511s] GC(715) Survivor regions: 1->1(39)
[2025-06-03T15:46:38.750+0530][161.511s] GC(715) Old regions: 9->9
[2025-06-03T15:46:38.751+0530][161.511s] GC(715) Archive regions: 2->2
[2025-06-03T15:46:38.751+0530][161.511s] GC(715) Humongous regions: 0->0
[2025-06-03T15:46:38.751+0530][161.511s] GC(715) Metaspace: 20472K(20928K)->20472K(20928K) NonClass: 17888K(18112K)->17888K(18112K) Class: 2584K(2816K)->2584K(2816K)
[2025-06-03T15:46:38.751+0530][161.511s] GC(715) Pause Young (Normal) (G1 Evacuation Pause) 315M->9M(512M) 2.989ms
[2025-06-03T15:46:38.751+0530][161.511s] GC(715) User=0.01s Sys=0.00s Real=0.01s
[2025-06-03T15:46:39.041+0530][161.802s] GC(716) Pause Young (Normal) (G1 Evacuation Pause)
[2025-06-03T15:46:39.042+0530][161.802s] GC(716) Using 8 workers of 8 for evacuation
[2025-06-03T15:46:39.042+0530][161.803s] GC(716) Skipped phase 1 of Reference Processing: no references
[2025-06-03T15:46:39.043+0530][161.803s] GC(716) Skipped phase 2 of Reference Processing: no references
[2025-06-03T15:46:39.043+0530][161.803s] GC(716) Skipped phase 3 of Reference Processing: no references
[2025-06-03T15:46:39.043+0530][161.803s] GC(716) Skipped phase 4 of Reference Processing: no references
[2025-06-03T15:46:39.043+0530][161.804s] GC(716)   Pre Evacuate Collection Set: 0.1ms
[2025-06-03T15:46:39.043+0530][161.804s] GC(716)   Merge Heap Roots: 0.2ms
[2025-06-03T15:46:39.043+0530][161.804s] GC(716)   Evacuate Collection Set: 0.5ms
[2025-06-03T15:46:39.043+0530][161.804s] GC(716)   Post Evacuate Collection Set: 0.9ms
[2025-06-03T15:46:39.044+0530][161.804s] GC(716)   Other: 0.2ms
[2025-06-03T15:46:39.044+0530][161.804s] GC(716) Eden regions: 306->0(306)
[2025-06-03T15:46:39.044+0530][161.804s] GC(716) Survivor regions: 1->1(39)
[2025-06-03T15:46:39.044+0530][161.804s] GC(716) Old regions: 9->9
[2025-06-03T15:46:39.044+0530][161.804s] GC(716) Archive regions: 2->2
[2025-06-03T15:46:39.044+0530][161.804s] GC(716) Humongous regions: 0->0
[2025-06-03T15:46:39.044+0530][161.804s] GC(716) Metaspace: 20472K(20928K)->20472K(20928K) NonClass: 17888K(18112K)->17888K(18112K) Class: 2584K(2816K)->2584K(2816K)
[2025-06-03T15:46:39.044+0530][161.804s] GC(716) Pause Young (Normal) (G1 Evacuation Pause) 315M->9M(512M) 2.377ms
[2025-06-03T15:46:39.044+0530][161.804s] GC(716) User=0.01s Sys=0.00s Real=0.00s
[2025-06-03T15:46:39.327+0530][162.087s] GC(717) Pause Young (Normal) (G1 Evacuation Pause)
[2025-06-03T15:46:39.327+0530][162.087s] GC(717) Using 8 workers of 8 for evacuation
[2025-06-03T15:46:39.328+0530][162.088s] GC(717) Skipped phase 1 of Reference Processing: no references
[2025-06-03T15:46:39.328+0530][162.088s] GC(717) Skipped phase 2 of Reference Processing: no references
[2025-06-03T15:46:39.328+0530][162.088s] GC(717) Skipped phase 3 of Reference Processing: no references
[2025-06-03T15:46:39.328+0530][162.088s] GC(717) Skipped phase 4 of Reference Processing: no references
[2025-06-03T15:46:39.329+0530][162.089s] GC(717)   Pre Evacuate Collection Set: 0.2ms
[2025-06-03T15:46:39.329+0530][162.089s] GC(717)   Merge Heap Roots: 0.1ms
[2025-06-03T15:46:39.329+0530][162.089s] GC(717)   Evacuate Collection Set: 0.4ms
[2025-06-03T15:46:39.329+0530][162.089s] GC(717)   Post Evacuate Collection Set: 1.1ms
[2025-06-03T15:46:39.329+0530][162.089s] GC(717)   Other: 0.4ms
[2025-06-03T15:46:39.329+0530][162.089s] GC(717) Eden regions: 306->0(306)
[2025-06-03T15:46:39.329+0530][162.089s] GC(717) Survivor regions: 1->1(39)
[2025-06-03T15:46:39.329+0530][162.089s] GC(717) Old regions: 9->9
[2025-06-03T15:46:39.329+0530][162.089s] GC(717) Archive regions: 2->2
[2025-06-03T15:46:39.329+0530][162.089s] GC(717) Humongous regions: 0->0
[2025-06-03T15:46:39.329+0530][162.089s] GC(717) Metaspace: 20472K(20928K)->20472K(20928K) NonClass: 17888K(18112K)->17888K(18112K) Class: 2584K(2816K)->2584K(2816K)
[2025-06-03T15:46:39.329+0530][162.089s] GC(717) Pause Young (Normal) (G1 Evacuation Pause) 315M->9M(512M) 2.474ms
[2025-06-03T15:46:39.329+0530][162.089s] GC(717) User=0.01s Sys=0.00s Real=0.00s
[2025-06-03T15:46:39.634+0530][162.395s] GC(718) Pause Young (Normal) (G1 Evacuation Pause)
[2025-06-03T15:46:39.635+0530][162.395s] GC(718) Using 8 workers of 8 for evacuation
[2025-06-03T15:46:39.636+0530][162.396s] GC(718) Skipped phase 1 of Reference Processing: no references
[2025-06-03T15:46:39.636+0530][162.396s] GC(718) Skipped phase 2 of Reference Processing: no references
[2025-06-03T15:46:39.636+0530][162.396s] GC(718) Skipped phase 3 of Reference Processing: no references
[2025-06-03T15:46:39.636+0530][162.396s] GC(718) Skipped phase 4 of Reference Processing: no references
[2025-06-03T15:46:39.636+0530][162.396s] GC(718)   Pre Evacuate Collection Set: 0.1ms
[2025-06-03T15:46:39.636+0530][162.397s] GC(718)   Merge Heap Roots: 0.1ms
[2025-06-03T15:46:39.636+0530][162.397s] GC(718)   Evacuate Collection Set: 0.6ms
[2025-06-03T15:46:39.636+0530][162.397s] GC(718)   Post Evacuate Collection Set: 0.6ms
[2025-06-03T15:46:39.636+0530][162.397s] GC(718)   Other: 0.3ms
[2025-06-03T15:46:39.636+0530][162.397s] GC(718) Eden regions: 306->0(306)
[2025-06-03T15:46:39.637+0530][162.397s] GC(718) Survivor regions: 1->1(39)
[2025-06-03T15:46:39.637+0530][162.397s] GC(718) Old regions: 9->9
[2025-06-03T15:46:39.637+0530][162.397s] GC(718) Archive regions: 2->2
[2025-06-03T15:46:39.637+0530][162.397s] GC(718) Humongous regions: 0->0
[2025-06-03T15:46:39.637+0530][162.397s] GC(718) Metaspace: 20472K(20928K)->20472K(20928K) NonClass: 17888K(18112K)->17888K(18112K) Class: 2584K(2816K)->2584K(2816K)
[2025-06-03T15:46:39.637+0530][162.397s] GC(718) Pause Young (Normal) (G1 Evacuation Pause) 315M->9M(512M) 2.181ms
[2025-06-03T15:46:39.637+0530][162.397s] GC(718) User=0.01s Sys=0.00s Real=0.00s
[2025-06-03T15:46:39.903+0530][162.664s] GC(719) Pause Young (Normal) (G1 Evacuation Pause)
[2025-06-03T15:46:39.903+0530][162.664s] GC(719) Using 8 workers of 8 for evacuation
[2025-06-03T15:46:39.904+0530][162.665s] GC(719) Skipped phase 1 of Reference Processing: no references
[2025-06-03T15:46:39.904+0530][162.665s] GC(719) Skipped phase 2 of Reference Processing: no references
[2025-06-03T15:46:39.904+0530][162.665s] GC(719) Skipped phase 3 of Reference Processing: no references
[2025-06-03T15:46:39.904+0530][162.665s] GC(719) Skipped phase 4 of Reference Processing: no references
[2025-06-03T15:46:39.905+0530][162.665s] GC(719)   Pre Evacuate Collection Set: 0.2ms
[2025-06-03T15:46:39.905+0530][162.665s] GC(719)   Merge Heap Roots: 0.2ms
[2025-06-03T15:46:39.905+0530][162.665s] GC(719)   Evacuate Collection Set: 0.4ms
[2025-06-03T15:46:39.905+0530][162.665s] GC(719)   Post Evacuate Collection Set: 0.7ms
[2025-06-03T15:46:39.905+0530][162.665s] GC(719)   Other: 0.3ms
[2025-06-03T15:46:39.905+0530][162.665s] GC(719) Eden regions: 306->0(306)
[2025-06-03T15:46:39.905+0530][162.665s] GC(719) Survivor regions: 1->1(39)
[2025-06-03T15:46:39.905+0530][162.665s] GC(719) Old regions: 9->9
[2025-06-03T15:46:39.905+0530][162.665s] GC(719) Archive regions: 2->2
[2025-06-03T15:46:39.905+0530][162.665s] GC(719) Humongous regions: 0->0
[2025-06-03T15:46:39.905+0530][162.665s] GC(719) Metaspace: 20472K(20928K)->20472K(20928K) NonClass: 17888K(18112K)->17888K(18112K) Class: 2584K(2816K)->2584K(2816K)
[2025-06-03T15:46:39.905+0530][162.665s] GC(719) Pause Young (Normal) (G1 Evacuation Pause) 315M->9M(512M) 1.870ms
[2025-06-03T15:46:39.905+0530][162.666s] GC(719) User=0.00s Sys=0.01s Real=0.00s
[2025-06-03T15:46:40.149+0530][162.910s] GC(720) Pause Young (Normal) (G1 Evacuation Pause)
[2025-06-03T15:46:40.149+0530][162.910s] GC(720) Using 8 workers of 8 for evacuation
[2025-06-03T15:46:40.150+0530][162.911s] GC(720) Skipped phase 1 of Reference Processing: no references
[2025-06-03T15:46:40.150+0530][162.911s] GC(720) Skipped phase 2 of Reference Processing: no references
[2025-06-03T15:46:40.151+0530][162.911s] GC(720) Skipped phase 3 of Reference Processing: no references
[2025-06-03T15:46:40.151+0530][162.911s] GC(720) Skipped phase 4 of Reference Processing: no references
[2025-06-03T15:46:40.151+0530][162.911s] GC(720)   Pre Evacuate Collection Set: 0.2ms
[2025-06-03T15:46:40.151+0530][162.911s] GC(720)   Merge Heap Roots: 0.1ms
[2025-06-03T15:46:40.151+0530][162.911s] GC(720)   Evacuate Collection Set: 0.5ms
[2025-06-03T15:46:40.151+0530][162.911s] GC(720)   Post Evacuate Collection Set: 0.6ms
[2025-06-03T15:46:40.151+0530][162.911s] GC(720)   Other: 0.3ms
[2025-06-03T15:46:40.151+0530][162.911s] GC(720) Eden regions: 306->0(306)
[2025-06-03T15:46:40.151+0530][162.912s] GC(720) Survivor regions: 1->1(39)
[2025-06-03T15:46:40.151+0530][162.912s] GC(720) Old regions: 9->9
[2025-06-03T15:46:40.151+0530][162.912s] GC(720) Archive regions: 2->2
[2025-06-03T15:46:40.151+0530][162.912s] GC(720) Humongous regions: 0->0
[2025-06-03T15:46:40.151+0530][162.912s] GC(720) Metaspace: 20472K(20928K)->20472K(20928K) NonClass: 17888K(18112K)->17888K(18112K) Class: 2584K(2816K)->2584K(2816K)
[2025-06-03T15:46:40.151+0530][162.912s] GC(720) Pause Young (Normal) (G1 Evacuation Pause) 315M->9M(512M) 1.943ms
[2025-06-03T15:46:40.151+0530][162.912s] GC(720) User=0.01s Sys=0.00s Real=0.01s
[2025-06-03T15:46:40.404+0530][163.164s] GC(721) Pause Young (Normal) (G1 Evacuation Pause)
[2025-06-03T15:46:40.404+0530][163.164s] GC(721) Using 8 workers of 8 for evacuation
[2025-06-03T15:46:40.405+0530][163.165s] GC(721) Skipped phase 1 of Reference Processing: no references
[2025-06-03T15:46:40.405+0530][163.165s] GC(721) Skipped phase 2 of Reference Processing: no references
[2025-06-03T15:46:40.405+0530][163.165s] GC(721) Skipped phase 3 of Reference Processing: no references
[2025-06-03T15:46:40.405+0530][163.165s] GC(721) Skipped phase 4 of Reference Processing: no references
[2025-06-03T15:46:40.405+0530][163.166s] GC(721)   Pre Evacuate Collection Set: 0.1ms
[2025-06-03T15:46:40.405+0530][163.166s] GC(721)   Merge Heap Roots: 0.1ms
[2025-06-03T15:46:40.405+0530][163.166s] GC(721)   Evacuate Collection Set: 0.3ms
[2025-06-03T15:46:40.405+0530][163.166s] GC(721)   Post Evacuate Collection Set: 0.6ms
[2025-06-03T15:46:40.405+0530][163.166s] GC(721)   Other: 0.2ms
[2025-06-03T15:46:40.405+0530][163.166s] GC(721) Eden regions: 306->0(306)
[2025-06-03T15:46:40.405+0530][163.166s] GC(721) Survivor regions: 1->1(39)
[2025-06-03T15:46:40.405+0530][163.166s] GC(721) Old regions: 9->9
[2025-06-03T15:46:40.405+0530][163.166s] GC(721) Archive regions: 2->2
[2025-06-03T15:46:40.405+0530][163.166s] GC(721) Humongous regions: 0->0
[2025-06-03T15:46:40.405+0530][163.166s] GC(721) Metaspace: 20472K(20928K)->20472K(20928K) NonClass: 17888K(18112K)->17888K(18112K) Class: 2584K(2816K)->2584K(2816K)
[2025-06-03T15:46:40.406+0530][163.166s] GC(721) Pause Young (Normal) (G1 Evacuation Pause) 315M->9M(512M) 1.467ms
[2025-06-03T15:46:40.406+0530][163.166s] GC(721) User=0.00s Sys=0.00s Real=0.00s
[2025-06-03T15:46:40.735+0530][163.496s] GC(722) Pause Young (Normal) (G1 Evacuation Pause)
[2025-06-03T15:46:40.736+0530][163.496s] GC(722) Using 8 workers of 8 for evacuation
[2025-06-03T15:46:40.736+0530][163.497s] GC(722) Skipped phase 1 of Reference Processing: no references
[2025-06-03T15:46:40.736+0530][163.497s] GC(722) Skipped phase 2 of Reference Processing: no references
[2025-06-03T15:46:40.736+0530][163.497s] GC(722) Skipped phase 3 of Reference Processing: no references
[2025-06-03T15:46:40.737+0530][163.497s] GC(722) Skipped phase 4 of Reference Processing: no references
[2025-06-03T15:46:40.737+0530][163.497s] GC(722)   Pre Evacuate Collection Set: 0.1ms
[2025-06-03T15:46:40.737+0530][163.497s] GC(722)   Merge Heap Roots: 0.1ms
[2025-06-03T15:46:40.737+0530][163.498s] GC(722)   Evacuate Collection Set: 0.4ms
[2025-06-03T15:46:40.737+0530][163.498s] GC(722)   Post Evacuate Collection Set: 0.8ms
[2025-06-03T15:46:40.737+0530][163.498s] GC(722)   Other: 0.3ms
[2025-06-03T15:46:40.737+0530][163.498s] GC(722) Eden regions: 306->0(306)
[2025-06-03T15:46:40.737+0530][163.498s] GC(722) Survivor regions: 1->1(39)
[2025-06-03T15:46:40.737+0530][163.498s] GC(722) Old regions: 9->9
[2025-06-03T15:46:40.737+0530][163.498s] GC(722) Archive regions: 2->2
[2025-06-03T15:46:40.737+0530][163.498s] GC(722) Humongous regions: 0->0
[2025-06-03T15:46:40.737+0530][163.498s] GC(722) Metaspace: 20472K(20928K)->20472K(20928K) NonClass: 17888K(18112K)->17888K(18112K) Class: 2584K(2816K)->2584K(2816K)
[2025-06-03T15:46:40.738+0530][163.498s] GC(722) Pause Young (Normal) (G1 Evacuation Pause) 315M->9M(512M) 2.034ms
[2025-06-03T15:46:40.738+0530][163.498s] GC(722) User=0.00s Sys=0.00s Real=0.00s
[2025-06-03T15:46:41.169+0530][163.930s] GC(723) Pause Young (Normal) (G1 Evacuation Pause)
[2025-06-03T15:46:41.169+0530][163.930s] GC(723) Using 8 workers of 8 for evacuation
[2025-06-03T15:46:41.170+0530][163.931s] GC(723) Skipped phase 1 of Reference Processing: no references
[2025-06-03T15:46:41.170+0530][163.931s] GC(723) Skipped phase 2 of Reference Processing: no references
[2025-06-03T15:46:41.170+0530][163.931s] GC(723) Skipped phase 3 of Reference Processing: no references
[2025-06-03T15:46:41.170+0530][163.931s] GC(723) Skipped phase 4 of Reference Processing: no references
[2025-06-03T15:46:41.171+0530][163.932s] GC(723)   Pre Evacuate Collection Set: 0.1ms
[2025-06-03T15:46:41.171+0530][163.932s] GC(723)   Merge Heap Roots: 0.1ms
[2025-06-03T15:46:41.172+0530][163.932s] GC(723)   Evacuate Collection Set: 0.5ms
[2025-06-03T15:46:41.172+0530][163.932s] GC(723)   Post Evacuate Collection Set: 1.3ms
[2025-06-03T15:46:41.172+0530][163.932s] GC(723)   Other: 0.3ms
[2025-06-03T15:46:41.172+0530][163.932s] GC(723) Eden regions: 306->0(306)
[2025-06-03T15:46:41.172+0530][163.932s] GC(723) Survivor regions: 1->1(39)
[2025-06-03T15:46:41.172+0530][163.932s] GC(723) Old regions: 9->9
[2025-06-03T15:46:41.172+0530][163.932s] GC(723) Archive regions: 2->2
[2025-06-03T15:46:41.172+0530][163.932s] GC(723) Humongous regions: 0->0
[2025-06-03T15:46:41.172+0530][163.932s] GC(723) Metaspace: 20472K(20928K)->20472K(20928K) NonClass: 17888K(18112K)->17888K(18112K) Class: 2584K(2816K)->2584K(2816K)
[2025-06-03T15:46:41.172+0530][163.932s] GC(723) Pause Young (Normal) (G1 Evacuation Pause) 315M->9M(512M) 2.780ms
[2025-06-03T15:46:41.172+0530][163.932s] GC(723) User=0.00s Sys=0.00s Real=0.01s
[2025-06-03T15:46:41.501+0530][164.261s] GC(724) Pause Young (Normal) (G1 Evacuation Pause)
[2025-06-03T15:46:41.501+0530][164.261s] GC(724) Using 8 workers of 8 for evacuation
[2025-06-03T15:46:41.503+0530][164.263s] GC(724) Skipped phase 1 of Reference Processing: no references
[2025-06-03T15:46:41.503+0530][164.263s] GC(724) Skipped phase 2 of Reference Processing: no references
[2025-06-03T15:46:41.503+0530][164.263s] GC(724) Skipped phase 3 of Reference Processing: no references
[2025-06-03T15:46:41.503+0530][164.263s] GC(724) Skipped phase 4 of Reference Processing: no references
[2025-06-03T15:46:41.504+0530][164.264s] GC(724)   Pre Evacuate Collection Set: 0.2ms
[2025-06-03T15:46:41.504+0530][164.264s] GC(724)   Merge Heap Roots: 0.1ms
[2025-06-03T15:46:41.504+0530][164.264s] GC(724)   Evacuate Collection Set: 1.6ms
[2025-06-03T15:46:41.504+0530][164.265s] GC(724)   Post Evacuate Collection Set: 1.1ms
[2025-06-03T15:46:41.504+0530][164.265s] GC(724)   Other: 0.3ms
[2025-06-03T15:46:41.504+0530][164.265s] GC(724) Eden regions: 306->0(306)
[2025-06-03T15:46:41.504+0530][164.265s] GC(724) Survivor regions: 1->1(39)
[2025-06-03T15:46:41.504+0530][164.265s] GC(724) Old regions: 9->9
[2025-06-03T15:46:41.504+0530][164.265s] GC(724) Archive regions: 2->2
[2025-06-03T15:46:41.504+0530][164.265s] GC(724) Humongous regions: 0->0
[2025-06-03T15:46:41.504+0530][164.265s] GC(724) Metaspace: 20472K(20928K)->20472K(20928K) NonClass: 17888K(18112K)->17888K(18112K) Class: 2584K(2816K)->2584K(2816K)
[2025-06-03T15:46:41.505+0530][164.265s] GC(724) Pause Young (Normal) (G1 Evacuation Pause) 315M->9M(512M) 3.720ms
[2025-06-03T15:46:41.505+0530][164.265s] GC(724) User=0.00s Sys=0.00s Real=0.00s
[2025-06-03T15:46:41.789+0530][164.549s] GC(725) Pause Young (Normal) (G1 Evacuation Pause)
[2025-06-03T15:46:41.789+0530][164.550s] GC(725) Using 8 workers of 8 for evacuation
[2025-06-03T15:46:41.790+0530][164.550s] GC(725) Skipped phase 1 of Reference Processing: no references
[2025-06-03T15:46:41.790+0530][164.550s] GC(725) Skipped phase 2 of Reference Processing: no references
[2025-06-03T15:46:41.790+0530][164.550s] GC(725) Skipped phase 3 of Reference Processing: no references
[2025-06-03T15:46:41.790+0530][164.550s] GC(725) Skipped phase 4 of Reference Processing: no references
[2025-06-03T15:46:41.790+0530][164.551s] GC(725)   Pre Evacuate Collection Set: 0.1ms
[2025-06-03T15:46:41.791+0530][164.551s] GC(725)   Merge Heap Roots: 0.1ms
[2025-06-03T15:46:41.791+0530][164.551s] GC(725)   Evacuate Collection Set: 0.4ms
[2025-06-03T15:46:41.791+0530][164.551s] GC(725)   Post Evacuate Collection Set: 0.6ms
[2025-06-03T15:46:41.791+0530][164.551s] GC(725)   Other: 0.2ms
[2025-06-03T15:46:41.791+0530][164.551s] GC(725) Eden regions: 306->0(306)
[2025-06-03T15:46:41.791+0530][164.551s] GC(725) Survivor regions: 1->1(39)
[2025-06-03T15:46:41.791+0530][164.551s] GC(725) Old regions: 9->9
[2025-06-03T15:46:41.791+0530][164.551s] GC(725) Archive regions: 2->2
[2025-06-03T15:46:41.791+0530][164.551s] GC(725) Humongous regions: 0->0
[2025-06-03T15:46:41.791+0530][164.551s] GC(725) Metaspace: 20472K(20928K)->20472K(20928K) NonClass: 17888K(18112K)->17888K(18112K) Class: 2584K(2816K)->2584K(2816K)
[2025-06-03T15:46:41.791+0530][164.552s] GC(725) Pause Young (Normal) (G1 Evacuation Pause) 315M->9M(512M) 2.053ms
[2025-06-03T15:46:41.791+0530][164.552s] GC(725) User=0.00s Sys=0.00s Real=0.01s
[2025-06-03T15:46:42.101+0530][164.861s] GC(726) Pause Young (Normal) (G1 Evacuation Pause)
[2025-06-03T15:46:42.101+0530][164.862s] GC(726) Using 8 workers of 8 for evacuation
[2025-06-03T15:46:42.102+0530][164.862s] GC(726) Skipped phase 1 of Reference Processing: no references
[2025-06-03T15:46:42.102+0530][164.863s] GC(726) Skipped phase 2 of Reference Processing: no references
[2025-06-03T15:46:42.102+0530][164.863s] GC(726) Skipped phase 3 of Reference Processing: no references
[2025-06-03T15:46:42.102+0530][164.863s] GC(726) Skipped phase 4 of Reference Processing: no references
[2025-06-03T15:46:42.103+0530][164.863s] GC(726)   Pre Evacuate Collection Set: 0.1ms
[2025-06-03T15:46:42.103+0530][164.863s] GC(726)   Merge Heap Roots: 0.1ms
[2025-06-03T15:46:42.103+0530][164.863s] GC(726)   Evacuate Collection Set: 0.5ms
[2025-06-03T15:46:42.103+0530][164.863s] GC(726)   Post Evacuate Collection Set: 0.8ms
[2025-06-03T15:46:42.103+0530][164.864s] GC(726)   Other: 0.3ms
[2025-06-03T15:46:42.103+0530][164.864s] GC(726) Eden regions: 306->0(306)
[2025-06-03T15:46:42.103+0530][164.864s] GC(726) Survivor regions: 1->1(39)
[2025-06-03T15:46:42.103+0530][164.864s] GC(726) Old regions: 9->9
[2025-06-03T15:46:42.103+0530][164.864s] GC(726) Archive regions: 2->2
[2025-06-03T15:46:42.103+0530][164.864s] GC(726) Humongous regions: 0->0
[2025-06-03T15:46:42.103+0530][164.864s] GC(726) Metaspace: 20472K(20928K)->20472K(20928K) NonClass: 17888K(18112K)->17888K(18112K) Class: 2584K(2816K)->2584K(2816K)
[2025-06-03T15:46:42.103+0530][164.864s] GC(726) Pause Young (Normal) (G1 Evacuation Pause) 315M->9M(512M) 2.230ms
[2025-06-03T15:46:42.103+0530][164.864s] GC(726) User=0.00s Sys=0.00s Real=0.00s
[2025-06-03T15:46:42.384+0530][165.144s] GC(727) Pause Young (Normal) (G1 Evacuation Pause)
[2025-06-03T15:46:42.384+0530][165.144s] GC(727) Using 8 workers of 8 for evacuation
[2025-06-03T15:46:42.385+0530][165.145s] GC(727) Skipped phase 1 of Reference Processing: no references
[2025-06-03T15:46:42.385+0530][165.145s] GC(727) Skipped phase 2 of Reference Processing: no references
[2025-06-03T15:46:42.385+0530][165.145s] GC(727) Skipped phase 3 of Reference Processing: no references
[2025-06-03T15:46:42.385+0530][165.145s] GC(727) Skipped phase 4 of Reference Processing: no references
[2025-06-03T15:46:42.385+0530][165.146s] GC(727)   Pre Evacuate Collection Set: 0.1ms
[2025-06-03T15:46:42.385+0530][165.146s] GC(727)   Merge Heap Roots: 0.1ms
[2025-06-03T15:46:42.385+0530][165.146s] GC(727)   Evacuate Collection Set: 0.3ms
[2025-06-03T15:46:42.385+0530][165.146s] GC(727)   Post Evacuate Collection Set: 0.6ms
[2025-06-03T15:46:42.385+0530][165.146s] GC(727)   Other: 0.2ms
[2025-06-03T15:46:42.385+0530][165.146s] GC(727) Eden regions: 306->0(306)
[2025-06-03T15:46:42.385+0530][165.146s] GC(727) Survivor regions: 1->1(39)
[2025-06-03T15:46:42.385+0530][165.146s] GC(727) Old regions: 9->9
[2025-06-03T15:46:42.385+0530][165.146s] GC(727) Archive regions: 2->2
[2025-06-03T15:46:42.385+0530][165.146s] GC(727) Humongous regions: 0->0
[2025-06-03T15:46:42.385+0530][165.146s] GC(727) Metaspace: 20472K(20928K)->20472K(20928K) NonClass: 17888K(18112K)->17888K(18112K) Class: 2584K(2816K)->2584K(2816K)
[2025-06-03T15:46:42.385+0530][165.146s] GC(727) Pause Young (Normal) (G1 Evacuation Pause) 315M->9M(512M) 1.519ms
[2025-06-03T15:46:42.385+0530][165.146s] GC(727) User=0.01s Sys=0.01s Real=0.00s
[2025-06-03T15:46:42.592+0530][165.353s] GC(728) Pause Young (Normal) (G1 Evacuation Pause)
[2025-06-03T15:46:42.592+0530][165.353s] GC(728) Using 8 workers of 8 for evacuation
[2025-06-03T15:46:42.594+0530][165.354s] GC(728) Skipped phase 1 of Reference Processing: no references
[2025-06-03T15:46:42.594+0530][165.355s] GC(728) Skipped phase 2 of Reference Processing: no references
[2025-06-03T15:46:42.594+0530][165.355s] GC(728) Skipped phase 3 of Reference Processing: no references
[2025-06-03T15:46:42.594+0530][165.355s] GC(728) Skipped phase 4 of Reference Processing: no references
[2025-06-03T15:46:42.595+0530][165.355s] GC(728)   Pre Evacuate Collection Set: 0.2ms
[2025-06-03T15:46:42.595+0530][165.356s] GC(728)   Merge Heap Roots: 0.3ms
[2025-06-03T15:46:42.595+0530][165.356s] GC(728)   Evacuate Collection Set: 0.7ms
[2025-06-03T15:46:42.595+0530][165.356s] GC(728)   Post Evacuate Collection Set: 1.2ms
[2025-06-03T15:46:42.595+0530][165.356s] GC(728)   Other: 0.4ms
[2025-06-03T15:46:42.595+0530][165.356s] GC(728) Eden regions: 306->0(306)
[2025-06-03T15:46:42.596+0530][165.356s] GC(728) Survivor regions: 1->1(39)
[2025-06-03T15:46:42.596+0530][165.356s] GC(728) Old regions: 9->9
[2025-06-03T15:46:42.596+0530][165.356s] GC(728) Archive regions: 2->2
[2025-06-03T15:46:42.596+0530][165.356s] GC(728) Humongous regions: 0->0
[2025-06-03T15:46:42.596+0530][165.356s] GC(728) Metaspace: 20472K(20928K)->20472K(20928K) NonClass: 17888K(18112K)->17888K(18112K) Class: 2584K(2816K)->2584K(2816K)
[2025-06-03T15:46:42.596+0530][165.356s] GC(728) Pause Young (Normal) (G1 Evacuation Pause) 315M->9M(512M) 3.489ms
[2025-06-03T15:46:42.596+0530][165.356s] GC(728) User=0.00s Sys=0.00s Real=0.00s
[2025-06-03T15:46:42.829+0530][165.589s] GC(729) Pause Young (Normal) (G1 Evacuation Pause)
[2025-06-03T15:46:42.829+0530][165.589s] GC(729) Using 8 workers of 8 for evacuation
[2025-06-03T15:46:42.829+0530][165.590s] GC(729) Skipped phase 1 of Reference Processing: no references
[2025-06-03T15:46:42.829+0530][165.590s] GC(729) Skipped phase 2 of Reference Processing: no references
[2025-06-03T15:46:42.830+0530][165.590s] GC(729) Skipped phase 3 of Reference Processing: no references
[2025-06-03T15:46:42.830+0530][165.590s] GC(729) Skipped phase 4 of Reference Processing: no references
[2025-06-03T15:46:42.830+0530][165.590s] GC(729)   Pre Evacuate Collection Set: 0.1ms
[2025-06-03T15:46:42.830+0530][165.590s] GC(729)   Merge Heap Roots: 0.1ms
[2025-06-03T15:46:42.830+0530][165.590s] GC(729)   Evacuate Collection Set: 0.3ms
[2025-06-03T15:46:42.830+0530][165.590s] GC(729)   Post Evacuate Collection Set: 0.5ms
[2025-06-03T15:46:42.830+0530][165.590s] GC(729)   Other: 0.2ms
[2025-06-03T15:46:42.830+0530][165.590s] GC(729) Eden regions: 306->0(306)
[2025-06-03T15:46:42.830+0530][165.591s] GC(729) Survivor regions: 1->1(39)
[2025-06-03T15:46:42.830+0530][165.591s] GC(729) Old regions: 9->9
[2025-06-03T15:46:42.830+0530][165.591s] GC(729) Archive regions: 2->2
[2025-06-03T15:46:42.830+0530][165.591s] GC(729) Humongous regions: 0->0
[2025-06-03T15:46:42.830+0530][165.591s] GC(729) Metaspace: 20472K(20928K)->20472K(20928K) NonClass: 17888K(18112K)->17888K(18112K) Class: 2584K(2816K)->2584K(2816K)
[2025-06-03T15:46:42.830+0530][165.591s] GC(729) Pause Young (Normal) (G1 Evacuation Pause) 315M->9M(512M) 1.400ms
[2025-06-03T15:46:42.830+0530][165.591s] GC(729) User=0.00s Sys=0.00s Real=0.01s
[2025-06-03T15:46:43.022+0530][165.782s] GC(730) Pause Young (Normal) (G1 Evacuation Pause)
[2025-06-03T15:46:43.022+0530][165.783s] GC(730) Using 8 workers of 8 for evacuation
[2025-06-03T15:46:43.023+0530][165.783s] GC(730) Skipped phase 1 of Reference Processing: no references
[2025-06-03T15:46:43.023+0530][165.783s] GC(730) Skipped phase 2 of Reference Processing: no references
[2025-06-03T15:46:43.023+0530][165.783s] GC(730) Skipped phase 3 of Reference Processing: no references
[2025-06-03T15:46:43.023+0530][165.783s] GC(730) Skipped phase 4 of Reference Processing: no references
[2025-06-03T15:46:43.023+0530][165.784s] GC(730)   Pre Evacuate Collection Set: 0.1ms
[2025-06-03T15:46:43.023+0530][165.784s] GC(730)   Merge Heap Roots: 0.1ms
[2025-06-03T15:46:43.023+0530][165.784s] GC(730)   Evacuate Collection Set: 0.3ms
[2025-06-03T15:46:43.023+0530][165.784s] GC(730)   Post Evacuate Collection Set: 0.5ms
[2025-06-03T15:46:43.024+0530][165.784s] GC(730)   Other: 0.2ms
[2025-06-03T15:46:43.024+0530][165.784s] GC(730) Eden regions: 306->0(306)
[2025-06-03T15:46:43.024+0530][165.784s] GC(730) Survivor regions: 1->1(39)
[2025-06-03T15:46:43.024+0530][165.784s] GC(730) Old regions: 9->9
[2025-06-03T15:46:43.024+0530][165.784s] GC(730) Archive regions: 2->2
[2025-06-03T15:46:43.024+0530][165.784s] GC(730) Humongous regions: 0->0
[2025-06-03T15:46:43.024+0530][165.784s] GC(730) Metaspace: 20474K(20928K)->20474K(20928K) NonClass: 17889K(18112K)->17889K(18112K) Class: 2585K(2816K)->2585K(2816K)
[2025-06-03T15:46:43.024+0530][165.784s] GC(730) Pause Young (Normal) (G1 Evacuation Pause) 315M->9M(512M) 1.637ms
[2025-06-03T15:46:43.024+0530][165.784s] GC(730) User=0.00s Sys=0.00s Real=0.00s
[2025-06-03T15:46:43.247+0530][166.007s] GC(731) Pause Young (Normal) (G1 Evacuation Pause)
[2025-06-03T15:46:43.247+0530][166.007s] GC(731) Using 8 workers of 8 for evacuation
[2025-06-03T15:46:43.247+0530][166.008s] GC(731) Skipped phase 1 of Reference Processing: no references
[2025-06-03T15:46:43.247+0530][166.008s] GC(731) Skipped phase 2 of Reference Processing: no references
[2025-06-03T15:46:43.247+0530][166.008s] GC(731) Skipped phase 3 of Reference Processing: no references
[2025-06-03T15:46:43.247+0530][166.008s] GC(731) Skipped phase 4 of Reference Processing: no references
[2025-06-03T15:46:43.248+0530][166.008s] GC(731)   Pre Evacuate Collection Set: 0.1ms
[2025-06-03T15:46:43.248+0530][166.008s] GC(731)   Merge Heap Roots: 0.1ms
[2025-06-03T15:46:43.248+0530][166.008s] GC(731)   Evacuate Collection Set: 0.3ms
[2025-06-03T15:46:43.248+0530][166.008s] GC(731)   Post Evacuate Collection Set: 0.5ms
[2025-06-03T15:46:43.248+0530][166.008s] GC(731)   Other: 0.2ms
[2025-06-03T15:46:43.248+0530][166.008s] GC(731) Eden regions: 306->0(306)
[2025-06-03T15:46:43.248+0530][166.008s] GC(731) Survivor regions: 1->1(39)
[2025-06-03T15:46:43.248+0530][166.008s] GC(731) Old regions: 9->9
[2025-06-03T15:46:43.248+0530][166.008s] GC(731) Archive regions: 2->2
[2025-06-03T15:46:43.248+0530][166.008s] GC(731) Humongous regions: 0->0
[2025-06-03T15:46:43.248+0530][166.008s] GC(731) Metaspace: 20474K(20928K)->20474K(20928K) NonClass: 17889K(18112K)->17889K(18112K) Class: 2585K(2816K)->2585K(2816K)
[2025-06-03T15:46:43.248+0530][166.009s] GC(731) Pause Young (Normal) (G1 Evacuation Pause) 315M->9M(512M) 1.395ms
[2025-06-03T15:46:43.248+0530][166.009s] GC(731) User=0.00s Sys=0.00s Real=0.00s
[2025-06-03T15:46:43.446+0530][166.206s] GC(732) Pause Young (Normal) (G1 Evacuation Pause)
[2025-06-03T15:46:43.446+0530][166.206s] GC(732) Using 8 workers of 8 for evacuation
[2025-06-03T15:46:43.446+0530][166.207s] GC(732) Skipped phase 1 of Reference Processing: no references
[2025-06-03T15:46:43.446+0530][166.207s] GC(732) Skipped phase 2 of Reference Processing: no references
[2025-06-03T15:46:43.446+0530][166.207s] GC(732) Skipped phase 3 of Reference Processing: no references
[2025-06-03T15:46:43.446+0530][166.207s] GC(732) Skipped phase 4 of Reference Processing: no references
[2025-06-03T15:46:43.447+0530][166.207s] GC(732)   Pre Evacuate Collection Set: 0.1ms
[2025-06-03T15:46:43.447+0530][166.207s] GC(732)   Merge Heap Roots: 0.1ms
[2025-06-03T15:46:43.447+0530][166.207s] GC(732)   Evacuate Collection Set: 0.3ms
[2025-06-03T15:46:43.447+0530][166.207s] GC(732)   Post Evacuate Collection Set: 0.5ms
[2025-06-03T15:46:43.447+0530][166.207s] GC(732)   Other: 0.2ms
[2025-06-03T15:46:43.447+0530][166.207s] GC(732) Eden regions: 306->0(306)
[2025-06-03T15:46:43.447+0530][166.207s] GC(732) Survivor regions: 1->1(39)
[2025-06-03T15:46:43.447+0530][166.207s] GC(732) Old regions: 9->9
[2025-06-03T15:46:43.447+0530][166.207s] GC(732) Archive regions: 2->2
[2025-06-03T15:46:43.447+0530][166.207s] GC(732) Humongous regions: 0->0
[2025-06-03T15:46:43.447+0530][166.207s] GC(732) Metaspace: 20474K(20928K)->20474K(20928K) NonClass: 17889K(18112K)->17889K(18112K) Class: 2585K(2816K)->2585K(2816K)
[2025-06-03T15:46:43.447+0530][166.207s] GC(732) Pause Young (Normal) (G1 Evacuation Pause) 315M->9M(512M) 1.388ms
[2025-06-03T15:46:43.447+0530][166.207s] GC(732) User=0.01s Sys=0.00s Real=0.00s
[2025-06-03T15:46:43.630+0530][166.390s] GC(733) Pause Young (Normal) (G1 Evacuation Pause)
[2025-06-03T15:46:43.630+0530][166.390s] GC(733) Using 8 workers of 8 for evacuation
[2025-06-03T15:46:43.630+0530][166.391s] GC(733) Skipped phase 1 of Reference Processing: no references
[2025-06-03T15:46:43.630+0530][166.391s] GC(733) Skipped phase 2 of Reference Processing: no references
[2025-06-03T15:46:43.630+0530][166.391s] GC(733) Skipped phase 3 of Reference Processing: no references
[2025-06-03T15:46:43.630+0530][166.391s] GC(733) Skipped phase 4 of Reference Processing: no references
[2025-06-03T15:46:43.631+0530][166.391s] GC(733)   Pre Evacuate Collection Set: 0.1ms
[2025-06-03T15:46:43.631+0530][166.391s] GC(733)   Merge Heap Roots: 0.1ms
[2025-06-03T15:46:43.631+0530][166.391s] GC(733)   Evacuate Collection Set: 0.3ms
[2025-06-03T15:46:43.631+0530][166.391s] GC(733)   Post Evacuate Collection Set: 0.5ms
[2025-06-03T15:46:43.631+0530][166.391s] GC(733)   Other: 0.2ms
[2025-06-03T15:46:43.631+0530][166.391s] GC(733) Eden regions: 306->0(306)
[2025-06-03T15:46:43.631+0530][166.391s] GC(733) Survivor regions: 1->1(39)
[2025-06-03T15:46:43.631+0530][166.391s] GC(733) Old regions: 9->9
[2025-06-03T15:46:43.631+0530][166.391s] GC(733) Archive regions: 2->2
[2025-06-03T15:46:43.631+0530][166.391s] GC(733) Humongous regions: 0->0
[2025-06-03T15:46:43.631+0530][166.391s] GC(733) Metaspace: 20474K(20928K)->20474K(20928K) NonClass: 17889K(18112K)->17889K(18112K) Class: 2585K(2816K)->2585K(2816K)
[2025-06-03T15:46:43.631+0530][166.392s] GC(733) Pause Young (Normal) (G1 Evacuation Pause) 315M->9M(512M) 1.373ms
[2025-06-03T15:46:43.631+0530][166.392s] GC(733) User=0.00s Sys=0.00s Real=0.00s
[2025-06-03T15:46:43.815+0530][166.575s] GC(734) Pause Young (Normal) (G1 Evacuation Pause)
[2025-06-03T15:46:43.815+0530][166.575s] GC(734) Using 8 workers of 8 for evacuation
[2025-06-03T15:46:43.816+0530][166.576s] GC(734) Skipped phase 1 of Reference Processing: no references
[2025-06-03T15:46:43.816+0530][166.576s] GC(734) Skipped phase 2 of Reference Processing: no references
[2025-06-03T15:46:43.816+0530][166.576s] GC(734) Skipped phase 3 of Reference Processing: no references
[2025-06-03T15:46:43.816+0530][166.576s] GC(734) Skipped phase 4 of Reference Processing: no references
[2025-06-03T15:46:43.816+0530][166.577s] GC(734)   Pre Evacuate Collection Set: 0.1ms
[2025-06-03T15:46:43.816+0530][166.577s] GC(734)   Merge Heap Roots: 0.1ms
[2025-06-03T15:46:43.816+0530][166.577s] GC(734)   Evacuate Collection Set: 0.3ms
[2025-06-03T15:46:43.816+0530][166.577s] GC(734)   Post Evacuate Collection Set: 0.5ms
[2025-06-03T15:46:43.816+0530][166.577s] GC(734)   Other: 0.2ms
[2025-06-03T15:46:43.816+0530][166.577s] GC(734) Eden regions: 306->0(306)
[2025-06-03T15:46:43.816+0530][166.577s] GC(734) Survivor regions: 1->1(39)
[2025-06-03T15:46:43.816+0530][166.577s] GC(734) Old regions: 9->9
[2025-06-03T15:46:43.816+0530][166.577s] GC(734) Archive regions: 2->2
[2025-06-03T15:46:43.816+0530][166.577s] GC(734) Humongous regions: 0->0
[2025-06-03T15:46:43.816+0530][166.577s] GC(734) Metaspace: 20474K(20928K)->20474K(20928K) NonClass: 17889K(18112K)->17889K(18112K) Class: 2585K(2816K)->2585K(2816K)
[2025-06-03T15:46:43.816+0530][166.577s] GC(734) Pause Young (Normal) (G1 Evacuation Pause) 315M->9M(512M) 1.452ms
[2025-06-03T15:46:43.816+0530][166.577s] GC(734) User=0.00s Sys=0.01s Real=0.00s
[2025-06-03T15:46:43.994+0530][166.754s] GC(735) Pause Young (Normal) (G1 Evacuation Pause)
[2025-06-03T15:46:43.994+0530][166.754s] GC(735) Using 8 workers of 8 for evacuation
[2025-06-03T15:46:43.994+0530][166.755s] GC(735) Skipped phase 1 of Reference Processing: no references
[2025-06-03T15:46:43.994+0530][166.755s] GC(735) Skipped phase 2 of Reference Processing: no references
[2025-06-03T15:46:43.994+0530][166.755s] GC(735) Skipped phase 3 of Reference Processing: no references
[2025-06-03T15:46:43.994+0530][166.755s] GC(735) Skipped phase 4 of Reference Processing: no references
[2025-06-03T15:46:43.995+0530][166.756s] GC(735)   Pre Evacuate Collection Set: 0.1ms
[2025-06-03T15:46:43.995+0530][166.756s] GC(735)   Merge Heap Roots: 0.1ms
[2025-06-03T15:46:43.995+0530][166.756s] GC(735)   Evacuate Collection Set: 0.3ms
[2025-06-03T15:46:43.995+0530][166.756s] GC(735)   Post Evacuate Collection Set: 0.7ms
[2025-06-03T15:46:43.995+0530][166.756s] GC(735)   Other: 0.2ms
[2025-06-03T15:46:43.995+0530][166.756s] GC(735) Eden regions: 306->0(306)
[2025-06-03T15:46:43.995+0530][166.756s] GC(735) Survivor regions: 1->1(39)
[2025-06-03T15:46:43.995+0530][166.756s] GC(735) Old regions: 9->9
[2025-06-03T15:46:43.995+0530][166.756s] GC(735) Archive regions: 2->2
[2025-06-03T15:46:43.995+0530][166.756s] GC(735) Humongous regions: 0->0
[2025-06-03T15:46:43.995+0530][166.756s] GC(735) Metaspace: 20474K(20928K)->20474K(20928K) NonClass: 17889K(18112K)->17889K(18112K) Class: 2585K(2816K)->2585K(2816K)
[2025-06-03T15:46:43.995+0530][166.756s] GC(735) Pause Young (Normal) (G1 Evacuation Pause) 315M->9M(512M) 1.621ms
[2025-06-03T15:46:43.995+0530][166.756s] GC(735) User=0.00s Sys=0.00s Real=0.00s
[2025-06-03T15:46:44.177+0530][166.937s] GC(736) Pause Young (Normal) (G1 Evacuation Pause)
[2025-06-03T15:46:44.177+0530][166.937s] GC(736) Using 8 workers of 8 for evacuation
[2025-06-03T15:46:44.178+0530][166.938s] GC(736) Skipped phase 1 of Reference Processing: no references
[2025-06-03T15:46:44.178+0530][166.938s] GC(736) Skipped phase 2 of Reference Processing: no references
[2025-06-03T15:46:44.178+0530][166.938s] GC(736) Skipped phase 3 of Reference Processing: no references
[2025-06-03T15:46:44.178+0530][166.938s] GC(736) Skipped phase 4 of Reference Processing: no references
[2025-06-03T15:46:44.178+0530][166.939s] GC(736)   Pre Evacuate Collection Set: 0.1ms
[2025-06-03T15:46:44.178+0530][166.939s] GC(736)   Merge Heap Roots: 0.1ms
[2025-06-03T15:46:44.178+0530][166.939s] GC(736)   Evacuate Collection Set: 0.3ms
[2025-06-03T15:46:44.178+0530][166.939s] GC(736)   Post Evacuate Collection Set: 0.7ms
[2025-06-03T15:46:44.179+0530][166.939s] GC(736)   Other: 0.2ms
[2025-06-03T15:46:44.179+0530][166.939s] GC(736) Eden regions: 306->0(306)
[2025-06-03T15:46:44.179+0530][166.939s] GC(736) Survivor regions: 1->1(39)
[2025-06-03T15:46:44.179+0530][166.939s] GC(736) Old regions: 9->9
[2025-06-03T15:46:44.179+0530][166.939s] GC(736) Archive regions: 2->2
[2025-06-03T15:46:44.179+0530][166.939s] GC(736) Humongous regions: 0->0
[2025-06-03T15:46:44.179+0530][166.939s] GC(736) Metaspace: 20474K(20928K)->20474K(20928K) NonClass: 17889K(18112K)->17889K(18112K) Class: 2585K(2816K)->2585K(2816K)
[2025-06-03T15:46:44.179+0530][166.939s] GC(736) Pause Young (Normal) (G1 Evacuation Pause) 315M->9M(512M) 1.746ms
[2025-06-03T15:46:44.179+0530][166.939s] GC(736) User=0.01s Sys=0.00s Real=0.00s
[2025-06-03T15:46:44.348+0530][167.108s] GC(737) Pause Young (Normal) (G1 Evacuation Pause)
[2025-06-03T15:46:44.348+0530][167.108s] GC(737) Using 8 workers of 8 for evacuation
[2025-06-03T15:46:44.348+0530][167.109s] GC(737) Skipped phase 1 of Reference Processing: no references
[2025-06-03T15:46:44.348+0530][167.109s] GC(737) Skipped phase 2 of Reference Processing: no references
[2025-06-03T15:46:44.348+0530][167.109s] GC(737) Skipped phase 3 of Reference Processing: no references
[2025-06-03T15:46:44.348+0530][167.109s] GC(737) Skipped phase 4 of Reference Processing: no references
[2025-06-03T15:46:44.349+0530][167.109s] GC(737)   Pre Evacuate Collection Set: 0.1ms
[2025-06-03T15:46:44.349+0530][167.109s] GC(737)   Merge Heap Roots: 0.1ms
[2025-06-03T15:46:44.349+0530][167.110s] GC(737)   Evacuate Collection Set: 0.3ms
[2025-06-03T15:46:44.349+0530][167.110s] GC(737)   Post Evacuate Collection Set: 0.6ms
[2025-06-03T15:46:44.349+0530][167.110s] GC(737)   Other: 0.2ms
[2025-06-03T15:46:44.349+0530][167.110s] GC(737) Eden regions: 306->0(306)
[2025-06-03T15:46:44.349+0530][167.110s] GC(737) Survivor regions: 1->1(39)
[2025-06-03T15:46:44.349+0530][167.110s] GC(737) Old regions: 9->9
[2025-06-03T15:46:44.349+0530][167.110s] GC(737) Archive regions: 2->2
[2025-06-03T15:46:44.349+0530][167.110s] GC(737) Humongous regions: 0->0
[2025-06-03T15:46:44.349+0530][167.110s] GC(737) Metaspace: 20474K(20928K)->20474K(20928K) NonClass: 17889K(18112K)->17889K(18112K) Class: 2585K(2816K)->2585K(2816K)
[2025-06-03T15:46:44.349+0530][167.110s] GC(737) Pause Young (Normal) (G1 Evacuation Pause) 315M->9M(512M) 1.524ms
[2025-06-03T15:46:44.349+0530][167.110s] GC(737) User=0.00s Sys=0.01s Real=0.00s
[2025-06-03T15:46:44.528+0530][167.289s] GC(738) Pause Young (Normal) (G1 Evacuation Pause)
[2025-06-03T15:46:44.528+0530][167.289s] GC(738) Using 8 workers of 8 for evacuation
[2025-06-03T15:46:44.529+0530][167.289s] GC(738) Skipped phase 1 of Reference Processing: no references
[2025-06-03T15:46:44.529+0530][167.289s] GC(738) Skipped phase 2 of Reference Processing: no references
[2025-06-03T15:46:44.529+0530][167.289s] GC(738) Skipped phase 3 of Reference Processing: no references
[2025-06-03T15:46:44.529+0530][167.289s] GC(738) Skipped phase 4 of Reference Processing: no references
[2025-06-03T15:46:44.530+0530][167.290s] GC(738)   Pre Evacuate Collection Set: 0.1ms
[2025-06-03T15:46:44.530+0530][167.290s] GC(738)   Merge Heap Roots: 0.1ms
[2025-06-03T15:46:44.530+0530][167.290s] GC(738)   Evacuate Collection Set: 0.3ms
[2025-06-03T15:46:44.530+0530][167.290s] GC(738)   Post Evacuate Collection Set: 0.7ms
[2025-06-03T15:46:44.530+0530][167.290s] GC(738)   Other: 0.2ms
[2025-06-03T15:46:44.530+0530][167.290s] GC(738) Eden regions: 306->0(306)
[2025-06-03T15:46:44.530+0530][167.290s] GC(738) Survivor regions: 1->1(39)
[2025-06-03T15:46:44.530+0530][167.290s] GC(738) Old regions: 9->9
[2025-06-03T15:46:44.530+0530][167.290s] GC(738) Archive regions: 2->2
[2025-06-03T15:46:44.530+0530][167.290s] GC(738) Humongous regions: 0->0
[2025-06-03T15:46:44.530+0530][167.290s] GC(738) Metaspace: 20474K(20928K)->20474K(20928K) NonClass: 17889K(18112K)->17889K(18112K) Class: 2585K(2816K)->2585K(2816K)
[2025-06-03T15:46:44.530+0530][167.290s] GC(738) Pause Young (Normal) (G1 Evacuation Pause) 315M->9M(512M) 1.795ms
[2025-06-03T15:46:44.530+0530][167.291s] GC(738) User=0.00s Sys=0.01s Real=0.01s
[2025-06-03T15:46:44.722+0530][167.483s] GC(739) Pause Young (Normal) (G1 Evacuation Pause)
[2025-06-03T15:46:44.722+0530][167.483s] GC(739) Using 8 workers of 8 for evacuation
[2025-06-03T15:46:44.723+0530][167.484s] GC(739) Skipped phase 1 of Reference Processing: no references
[2025-06-03T15:46:44.723+0530][167.484s] GC(739) Skipped phase 2 of Reference Processing: no references
[2025-06-03T15:46:44.723+0530][167.484s] GC(739) Skipped phase 3 of Reference Processing: no references
[2025-06-03T15:46:44.723+0530][167.484s] GC(739) Skipped phase 4 of Reference Processing: no references
[2025-06-03T15:46:44.724+0530][167.484s] GC(739)   Pre Evacuate Collection Set: 0.1ms
[2025-06-03T15:46:44.724+0530][167.484s] GC(739)   Merge Heap Roots: 0.1ms
[2025-06-03T15:46:44.724+0530][167.484s] GC(739)   Evacuate Collection Set: 0.3ms
[2025-06-03T15:46:44.724+0530][167.484s] GC(739)   Post Evacuate Collection Set: 0.6ms
[2025-06-03T15:46:44.724+0530][167.484s] GC(739)   Other: 0.2ms
[2025-06-03T15:46:44.724+0530][167.484s] GC(739) Eden regions: 306->0(306)
[2025-06-03T15:46:44.724+0530][167.484s] GC(739) Survivor regions: 1->1(39)
[2025-06-03T15:46:44.724+0530][167.484s] GC(739) Old regions: 9->9
[2025-06-03T15:46:44.724+0530][167.484s] GC(739) Archive regions: 2->2
[2025-06-03T15:46:44.724+0530][167.484s] GC(739) Humongous regions: 0->0
[2025-06-03T15:46:44.724+0530][167.484s] GC(739) Metaspace: 20474K(20928K)->20474K(20928K) NonClass: 17889K(18112K)->17889K(18112K) Class: 2585K(2816K)->2585K(2816K)
[2025-06-03T15:46:44.724+0530][167.484s] GC(739) Pause Young (Normal) (G1 Evacuation Pause) 315M->9M(512M) 1.564ms
[2025-06-03T15:46:44.724+0530][167.484s] GC(739) User=0.00s Sys=0.00s Real=0.00s
[2025-06-03T15:46:44.885+0530][167.645s] GC(740) Pause Young (Normal) (G1 Evacuation Pause)
[2025-06-03T15:46:44.885+0530][167.645s] GC(740) Using 8 workers of 8 for evacuation
[2025-06-03T15:46:44.885+0530][167.646s] GC(740) Skipped phase 1 of Reference Processing: no references
[2025-06-03T15:46:44.885+0530][167.646s] GC(740) Skipped phase 2 of Reference Processing: no references
[2025-06-03T15:46:44.885+0530][167.646s] GC(740) Skipped phase 3 of Reference Processing: no references
[2025-06-03T15:46:44.885+0530][167.646s] GC(740) Skipped phase 4 of Reference Processing: no references
[2025-06-03T15:46:44.886+0530][167.646s] GC(740)   Pre Evacuate Collection Set: 0.1ms
[2025-06-03T15:46:44.886+0530][167.646s] GC(740)   Merge Heap Roots: 0.1ms
[2025-06-03T15:46:44.886+0530][167.646s] GC(740)   Evacuate Collection Set: 0.3ms
[2025-06-03T15:46:44.886+0530][167.646s] GC(740)   Post Evacuate Collection Set: 0.5ms
[2025-06-03T15:46:44.886+0530][167.646s] GC(740)   Other: 0.2ms
[2025-06-03T15:46:44.886+0530][167.646s] GC(740) Eden regions: 306->0(306)
[2025-06-03T15:46:44.886+0530][167.646s] GC(740) Survivor regions: 1->1(39)
[2025-06-03T15:46:44.886+0530][167.646s] GC(740) Old regions: 9->9
[2025-06-03T15:46:44.886+0530][167.646s] GC(740) Archive regions: 2->2
[2025-06-03T15:46:44.886+0530][167.646s] GC(740) Humongous regions: 0->0
[2025-06-03T15:46:44.886+0530][167.646s] GC(740) Metaspace: 20474K(20928K)->20474K(20928K) NonClass: 17889K(18112K)->17889K(18112K) Class: 2585K(2816K)->2585K(2816K)
[2025-06-03T15:46:44.886+0530][167.647s] GC(740) Pause Young (Normal) (G1 Evacuation Pause) 315M->9M(512M) 1.356ms
[2025-06-03T15:46:44.886+0530][167.647s] GC(740) User=0.00s Sys=0.00s Real=0.00s
[2025-06-03T15:46:45.071+0530][167.832s] GC(741) Pause Young (Normal) (G1 Evacuation Pause)
[2025-06-03T15:46:45.071+0530][167.832s] GC(741) Using 8 workers of 8 for evacuation
[2025-06-03T15:46:45.072+0530][167.832s] GC(741) Skipped phase 1 of Reference Processing: no references
[2025-06-03T15:46:45.072+0530][167.832s] GC(741) Skipped phase 2 of Reference Processing: no references
[2025-06-03T15:46:45.072+0530][167.832s] GC(741) Skipped phase 3 of Reference Processing: no references
[2025-06-03T15:46:45.072+0530][167.832s] GC(741) Skipped phase 4 of Reference Processing: no references
[2025-06-03T15:46:45.072+0530][167.833s] GC(741)   Pre Evacuate Collection Set: 0.1ms
[2025-06-03T15:46:45.072+0530][167.833s] GC(741)   Merge Heap Roots: 0.1ms
[2025-06-03T15:46:45.073+0530][167.833s] GC(741)   Evacuate Collection Set: 0.3ms
[2025-06-03T15:46:45.073+0530][167.833s] GC(741)   Post Evacuate Collection Set: 0.6ms
[2025-06-03T15:46:45.073+0530][167.833s] GC(741)   Other: 0.2ms
[2025-06-03T15:46:45.073+0530][167.833s] GC(741) Eden regions: 306->0(306)
[2025-06-03T15:46:45.073+0530][167.833s] GC(741) Survivor regions: 1->1(39)
[2025-06-03T15:46:45.073+0530][167.833s] GC(741) Old regions: 9->9
[2025-06-03T15:46:45.073+0530][167.833s] GC(741) Archive regions: 2->2
[2025-06-03T15:46:45.073+0530][167.833s] GC(741) Humongous regions: 0->0
[2025-06-03T15:46:45.073+0530][167.833s] GC(741) Metaspace: 20474K(20928K)->20474K(20928K) NonClass: 17889K(18112K)->17889K(18112K) Class: 2585K(2816K)->2585K(2816K)
[2025-06-03T15:46:45.073+0530][167.833s] GC(741) Pause Young (Normal) (G1 Evacuation Pause) 315M->9M(512M) 1.494ms
[2025-06-03T15:46:45.073+0530][167.833s] GC(741) User=0.00s Sys=0.00s Real=0.00s
[2025-06-03T15:46:45.257+0530][168.018s] GC(742) Pause Young (Normal) (G1 Evacuation Pause)
[2025-06-03T15:46:45.258+0530][168.018s] GC(742) Using 8 workers of 8 for evacuation
[2025-06-03T15:46:45.258+0530][168.019s] GC(742) Skipped phase 1 of Reference Processing: no references
[2025-06-03T15:46:45.258+0530][168.019s] GC(742) Skipped phase 2 of Reference Processing: no references
[2025-06-03T15:46:45.258+0530][168.019s] GC(742) Skipped phase 3 of Reference Processing: no references
[2025-06-03T15:46:45.258+0530][168.019s] GC(742) Skipped phase 4 of Reference Processing: no references
[2025-06-03T15:46:45.259+0530][168.019s] GC(742)   Pre Evacuate Collection Set: 0.1ms
[2025-06-03T15:46:45.259+0530][168.019s] GC(742)   Merge Heap Roots: 0.1ms
[2025-06-03T15:46:45.259+0530][168.019s] GC(742)   Evacuate Collection Set: 0.3ms
[2025-06-03T15:46:45.259+0530][168.019s] GC(742)   Post Evacuate Collection Set: 0.5ms
[2025-06-03T15:46:45.259+0530][168.019s] GC(742)   Other: 0.2ms
[2025-06-03T15:46:45.259+0530][168.019s] GC(742) Eden regions: 306->0(306)
[2025-06-03T15:46:45.259+0530][168.019s] GC(742) Survivor regions: 1->1(39)
[2025-06-03T15:46:45.259+0530][168.019s] GC(742) Old regions: 9->9
[2025-06-03T15:46:45.259+0530][168.019s] GC(742) Archive regions: 2->2
[2025-06-03T15:46:45.259+0530][168.019s] GC(742) Humongous regions: 0->0
[2025-06-03T15:46:45.259+0530][168.019s] GC(742) Metaspace: 20474K(20928K)->20474K(20928K) NonClass: 17889K(18112K)->17889K(18112K) Class: 2585K(2816K)->2585K(2816K)
[2025-06-03T15:46:45.259+0530][168.019s] GC(742) Pause Young (Normal) (G1 Evacuation Pause) 315M->9M(512M) 1.528ms
[2025-06-03T15:46:45.259+0530][168.019s] GC(742) User=0.00s Sys=0.00s Real=0.00s
[2025-06-03T15:46:45.455+0530][168.215s] GC(743) Pause Young (Normal) (G1 Evacuation Pause)
[2025-06-03T15:46:45.455+0530][168.216s] GC(743) Using 8 workers of 8 for evacuation
[2025-06-03T15:46:45.456+0530][168.216s] GC(743) Skipped phase 1 of Reference Processing: no references
[2025-06-03T15:46:45.456+0530][168.216s] GC(743) Skipped phase 2 of Reference Processing: no references
[2025-06-03T15:46:45.456+0530][168.216s] GC(743) Skipped phase 3 of Reference Processing: no references
[2025-06-03T15:46:45.456+0530][168.216s] GC(743) Skipped phase 4 of Reference Processing: no references
[2025-06-03T15:46:45.456+0530][168.217s] GC(743)   Pre Evacuate Collection Set: 0.1ms
[2025-06-03T15:46:45.456+0530][168.217s] GC(743)   Merge Heap Roots: 0.1ms
[2025-06-03T15:46:45.456+0530][168.217s] GC(743)   Evacuate Collection Set: 0.2ms
[2025-06-03T15:46:45.456+0530][168.217s] GC(743)   Post Evacuate Collection Set: 0.6ms
[2025-06-03T15:46:45.456+0530][168.217s] GC(743)   Other: 0.2ms
[2025-06-03T15:46:45.456+0530][168.217s] GC(743) Eden regions: 306->0(306)
[2025-06-03T15:46:45.456+0530][168.217s] GC(743) Survivor regions: 1->1(39)
[2025-06-03T15:46:45.456+0530][168.217s] GC(743) Old regions: 9->9
[2025-06-03T15:46:45.456+0530][168.217s] GC(743) Archive regions: 2->2
[2025-06-03T15:46:45.456+0530][168.217s] GC(743) Humongous regions: 0->0
[2025-06-03T15:46:45.456+0530][168.217s] GC(743) Metaspace: 20474K(20928K)->20474K(20928K) NonClass: 17889K(18112K)->17889K(18112K) Class: 2585K(2816K)->2585K(2816K)
[2025-06-03T15:46:45.456+0530][168.217s] GC(743) Pause Young (Normal) (G1 Evacuation Pause) 315M->9M(512M) 1.424ms
[2025-06-03T15:46:45.456+0530][168.217s] GC(743) User=0.01s Sys=0.00s Real=0.00s
[2025-06-03T15:46:45.638+0530][168.398s] GC(744) Pause Young (Normal) (G1 Evacuation Pause)
[2025-06-03T15:46:45.638+0530][168.398s] GC(744) Using 8 workers of 8 for evacuation
[2025-06-03T15:46:45.639+0530][168.399s] GC(744) Skipped phase 1 of Reference Processing: no references
[2025-06-03T15:46:45.639+0530][168.399s] GC(744) Skipped phase 2 of Reference Processing: no references
[2025-06-03T15:46:45.639+0530][168.399s] GC(744) Skipped phase 3 of Reference Processing: no references
[2025-06-03T15:46:45.639+0530][168.399s] GC(744) Skipped phase 4 of Reference Processing: no references
[2025-06-03T15:46:45.639+0530][168.400s] GC(744)   Pre Evacuate Collection Set: 0.1ms
[2025-06-03T15:46:45.639+0530][168.400s] GC(744)   Merge Heap Roots: 0.1ms
[2025-06-03T15:46:45.639+0530][168.400s] GC(744)   Evacuate Collection Set: 0.3ms
[2025-06-03T15:46:45.639+0530][168.400s] GC(744)   Post Evacuate Collection Set: 0.6ms
[2025-06-03T15:46:45.639+0530][168.400s] GC(744)   Other: 0.2ms
[2025-06-03T15:46:45.639+0530][168.400s] GC(744) Eden regions: 306->0(306)
[2025-06-03T15:46:45.639+0530][168.400s] GC(744) Survivor regions: 1->1(39)
[2025-06-03T15:46:45.639+0530][168.400s] GC(744) Old regions: 9->9
[2025-06-03T15:46:45.639+0530][168.400s] GC(744) Archive regions: 2->2
[2025-06-03T15:46:45.639+0530][168.400s] GC(744) Humongous regions: 0->0
[2025-06-03T15:46:45.639+0530][168.400s] GC(744) Metaspace: 20474K(20928K)->20474K(20928K) NonClass: 17889K(18112K)->17889K(18112K) Class: 2585K(2816K)->2585K(2816K)
[2025-06-03T15:46:45.640+0530][168.400s] GC(744) Pause Young (Normal) (G1 Evacuation Pause) 315M->9M(512M) 1.666ms
[2025-06-03T15:46:45.640+0530][168.400s] GC(744) User=0.01s Sys=0.00s Real=0.01s
[2025-06-03T15:46:45.822+0530][168.583s] GC(745) Pause Young (Normal) (G1 Evacuation Pause)
[2025-06-03T15:46:45.823+0530][168.583s] GC(745) Using 8 workers of 8 for evacuation
[2025-06-03T15:46:45.823+0530][168.584s] GC(745) Skipped phase 1 of Reference Processing: no references
[2025-06-03T15:46:45.823+0530][168.584s] GC(745) Skipped phase 2 of Reference Processing: no references
[2025-06-03T15:46:45.823+0530][168.584s] GC(745) Skipped phase 3 of Reference Processing: no references
[2025-06-03T15:46:45.823+0530][168.584s] GC(745) Skipped phase 4 of Reference Processing: no references
[2025-06-03T15:46:45.824+0530][168.584s] GC(745)   Pre Evacuate Collection Set: 0.1ms
[2025-06-03T15:46:45.824+0530][168.584s] GC(745)   Merge Heap Roots: 0.1ms
[2025-06-03T15:46:45.824+0530][168.584s] GC(745)   Evacuate Collection Set: 0.3ms
[2025-06-03T15:46:45.824+0530][168.584s] GC(745)   Post Evacuate Collection Set: 0.5ms
[2025-06-03T15:46:45.824+0530][168.584s] GC(745)   Other: 0.3ms
[2025-06-03T15:46:45.824+0530][168.584s] GC(745) Eden regions: 306->0(306)
[2025-06-03T15:46:45.824+0530][168.584s] GC(745) Survivor regions: 1->1(39)
[2025-06-03T15:46:45.824+0530][168.584s] GC(745) Old regions: 9->9
[2025-06-03T15:46:45.824+0530][168.584s] GC(745) Archive regions: 2->2
[2025-06-03T15:46:45.824+0530][168.584s] GC(745) Humongous regions: 0->0
[2025-06-03T15:46:45.824+0530][168.584s] GC(745) Metaspace: 20474K(20928K)->20474K(20928K) NonClass: 17889K(18112K)->17889K(18112K) Class: 2585K(2816K)->2585K(2816K)
[2025-06-03T15:46:45.824+0530][168.585s] GC(745) Pause Young (Normal) (G1 Evacuation Pause) 315M->9M(512M) 1.676ms
[2025-06-03T15:46:45.824+0530][168.585s] GC(745) User=0.01s Sys=0.00s Real=0.00s
[2025-06-03T15:46:46.006+0530][168.766s] GC(746) Pause Young (Normal) (G1 Evacuation Pause)
[2025-06-03T15:46:46.006+0530][168.766s] GC(746) Using 8 workers of 8 for evacuation
[2025-06-03T15:46:46.006+0530][168.767s] GC(746) Skipped phase 1 of Reference Processing: no references
[2025-06-03T15:46:46.007+0530][168.767s] GC(746) Skipped phase 2 of Reference Processing: no references
[2025-06-03T15:46:46.007+0530][168.767s] GC(746) Skipped phase 3 of Reference Processing: no references
[2025-06-03T15:46:46.007+0530][168.767s] GC(746) Skipped phase 4 of Reference Processing: no references
[2025-06-03T15:46:46.007+0530][168.768s] GC(746)   Pre Evacuate Collection Set: 0.2ms
[2025-06-03T15:46:46.007+0530][168.768s] GC(746)   Merge Heap Roots: 0.1ms
[2025-06-03T15:46:46.007+0530][168.768s] GC(746)   Evacuate Collection Set: 0.3ms
[2025-06-03T15:46:46.007+0530][168.768s] GC(746)   Post Evacuate Collection Set: 0.6ms
[2025-06-03T15:46:46.007+0530][168.768s] GC(746)   Other: 0.4ms
[2025-06-03T15:46:46.007+0530][168.768s] GC(746) Eden regions: 306->0(306)
[2025-06-03T15:46:46.007+0530][168.768s] GC(746) Survivor regions: 1->1(39)
[2025-06-03T15:46:46.007+0530][168.768s] GC(746) Old regions: 9->9
[2025-06-03T15:46:46.007+0530][168.768s] GC(746) Archive regions: 2->2
[2025-06-03T15:46:46.007+0530][168.768s] GC(746) Humongous regions: 0->0
[2025-06-03T15:46:46.007+0530][168.768s] GC(746) Metaspace: 20474K(20928K)->20474K(20928K) NonClass: 17889K(18112K)->17889K(18112K) Class: 2585K(2816K)->2585K(2816K)
[2025-06-03T15:46:46.007+0530][168.768s] GC(746) Pause Young (Normal) (G1 Evacuation Pause) 315M->9M(512M) 1.850ms
[2025-06-03T15:46:46.007+0530][168.768s] GC(746) User=0.00s Sys=0.01s Real=0.00s
[2025-06-03T15:46:46.180+0530][168.940s] GC(747) Pause Young (Normal) (G1 Evacuation Pause)
[2025-06-03T15:46:46.180+0530][168.940s] GC(747) Using 8 workers of 8 for evacuation
[2025-06-03T15:46:46.180+0530][168.941s] GC(747) Skipped phase 1 of Reference Processing: no references
[2025-06-03T15:46:46.180+0530][168.941s] GC(747) Skipped phase 2 of Reference Processing: no references
[2025-06-03T15:46:46.180+0530][168.941s] GC(747) Skipped phase 3 of Reference Processing: no references
[2025-06-03T15:46:46.180+0530][168.941s] GC(747) Skipped phase 4 of Reference Processing: no references
[2025-06-03T15:46:46.181+0530][168.941s] GC(747)   Pre Evacuate Collection Set: 0.1ms
[2025-06-03T15:46:46.181+0530][168.941s] GC(747)   Merge Heap Roots: 0.1ms
[2025-06-03T15:46:46.181+0530][168.941s] GC(747)   Evacuate Collection Set: 0.2ms
[2025-06-03T15:46:46.181+0530][168.941s] GC(747)   Post Evacuate Collection Set: 0.6ms
[2025-06-03T15:46:46.181+0530][168.941s] GC(747)   Other: 0.2ms
[2025-06-03T15:46:46.181+0530][168.941s] GC(747) Eden regions: 306->0(306)
[2025-06-03T15:46:46.181+0530][168.941s] GC(747) Survivor regions: 1->1(39)
[2025-06-03T15:46:46.181+0530][168.941s] GC(747) Old regions: 9->9
[2025-06-03T15:46:46.181+0530][168.942s] GC(747) Archive regions: 2->2
[2025-06-03T15:46:46.181+0530][168.942s] GC(747) Humongous regions: 0->0
[2025-06-03T15:46:46.181+0530][168.942s] GC(747) Metaspace: 20474K(20928K)->20474K(20928K) NonClass: 17889K(18112K)->17889K(18112K) Class: 2585K(2816K)->2585K(2816K)
[2025-06-03T15:46:46.181+0530][168.942s] GC(747) Pause Young (Normal) (G1 Evacuation Pause) 315M->9M(512M) 1.385ms
[2025-06-03T15:46:46.181+0530][168.942s] GC(747) User=0.00s Sys=0.01s Real=0.00s
[2025-06-03T15:46:46.384+0530][169.145s] GC(748) Pause Young (Normal) (G1 Evacuation Pause)
[2025-06-03T15:46:46.384+0530][169.145s] GC(748) Using 8 workers of 8 for evacuation
[2025-06-03T15:46:46.385+0530][169.145s] GC(748) Skipped phase 1 of Reference Processing: no references
[2025-06-03T15:46:46.385+0530][169.145s] GC(748) Skipped phase 2 of Reference Processing: no references
[2025-06-03T15:46:46.385+0530][169.146s] GC(748) Skipped phase 3 of Reference Processing: no references
[2025-06-03T15:46:46.385+0530][169.146s] GC(748) Skipped phase 4 of Reference Processing: no references
[2025-06-03T15:46:46.386+0530][169.146s] GC(748)   Pre Evacuate Collection Set: 0.1ms
[2025-06-03T15:46:46.386+0530][169.146s] GC(748)   Merge Heap Roots: 0.1ms
[2025-06-03T15:46:46.386+0530][169.146s] GC(748)   Evacuate Collection Set: 0.3ms
[2025-06-03T15:46:46.386+0530][169.146s] GC(748)   Post Evacuate Collection Set: 0.6ms
[2025-06-03T15:46:46.386+0530][169.146s] GC(748)   Other: 0.3ms
[2025-06-03T15:46:46.386+0530][169.146s] GC(748) Eden regions: 306->0(306)
[2025-06-03T15:46:46.386+0530][169.147s] GC(748) Survivor regions: 1->1(39)
[2025-06-03T15:46:46.386+0530][169.147s] GC(748) Old regions: 9->9
[2025-06-03T15:46:46.386+0530][169.147s] GC(748) Archive regions: 2->2
[2025-06-03T15:46:46.386+0530][169.147s] GC(748) Humongous regions: 0->0
[2025-06-03T15:46:46.386+0530][169.147s] GC(748) Metaspace: 20474K(20928K)->20474K(20928K) NonClass: 17889K(18112K)->17889K(18112K) Class: 2585K(2816K)->2585K(2816K)
[2025-06-03T15:46:46.386+0530][169.147s] GC(748) Pause Young (Normal) (G1 Evacuation Pause) 315M->9M(512M) 2.000ms
[2025-06-03T15:46:46.386+0530][169.147s] GC(748) User=0.00s Sys=0.00s Real=0.00s
[2025-06-03T15:46:46.553+0530][169.313s] GC(749) Pause Young (Normal) (G1 Evacuation Pause)
[2025-06-03T15:46:46.553+0530][169.313s] GC(749) Using 8 workers of 8 for evacuation
[2025-06-03T15:46:46.554+0530][169.314s] GC(749) Skipped phase 1 of Reference Processing: no references
[2025-06-03T15:46:46.554+0530][169.314s] GC(749) Skipped phase 2 of Reference Processing: no references
[2025-06-03T15:46:46.554+0530][169.314s] GC(749) Skipped phase 3 of Reference Processing: no references
[2025-06-03T15:46:46.554+0530][169.314s] GC(749) Skipped phase 4 of Reference Processing: no references
[2025-06-03T15:46:46.554+0530][169.315s] GC(749)   Pre Evacuate Collection Set: 0.1ms
[2025-06-03T15:46:46.555+0530][169.315s] GC(749)   Merge Heap Roots: 0.1ms
[2025-06-03T15:46:46.555+0530][169.315s] GC(749)   Evacuate Collection Set: 0.4ms
[2025-06-03T15:46:46.555+0530][169.315s] GC(749)   Post Evacuate Collection Set: 0.7ms
[2025-06-03T15:46:46.555+0530][169.315s] GC(749)   Other: 0.3ms
[2025-06-03T15:46:46.555+0530][169.315s] GC(749) Eden regions: 306->0(306)
[2025-06-03T15:46:46.555+0530][169.315s] GC(749) Survivor regions: 1->1(39)
[2025-06-03T15:46:46.555+0530][169.315s] GC(749) Old regions: 9->9
[2025-06-03T15:46:46.555+0530][169.315s] GC(749) Archive regions: 2->2
[2025-06-03T15:46:46.555+0530][169.315s] GC(749) Humongous regions: 0->0
[2025-06-03T15:46:46.555+0530][169.315s] GC(749) Metaspace: 20474K(20928K)->20474K(20928K) NonClass: 17889K(18112K)->17889K(18112K) Class: 2585K(2816K)->2585K(2816K)
[2025-06-03T15:46:46.555+0530][169.315s] GC(749) Pause Young (Normal) (G1 Evacuation Pause) 315M->9M(512M) 1.995ms
[2025-06-03T15:46:46.555+0530][169.315s] GC(749) User=0.00s Sys=0.00s Real=0.00s
[2025-06-03T15:46:46.760+0530][169.520s] GC(750) Pause Young (Normal) (G1 Evacuation Pause)
[2025-06-03T15:46:46.760+0530][169.520s] GC(750) Using 8 workers of 8 for evacuation
[2025-06-03T15:46:46.760+0530][169.521s] GC(750) Skipped phase 1 of Reference Processing: no references
[2025-06-03T15:46:46.760+0530][169.521s] GC(750) Skipped phase 2 of Reference Processing: no references
[2025-06-03T15:46:46.760+0530][169.521s] GC(750) Skipped phase 3 of Reference Processing: no references
[2025-06-03T15:46:46.760+0530][169.521s] GC(750) Skipped phase 4 of Reference Processing: no references
[2025-06-03T15:46:46.761+0530][169.522s] GC(750)   Pre Evacuate Collection Set: 0.1ms
[2025-06-03T15:46:46.761+0530][169.522s] GC(750)   Merge Heap Roots: 0.1ms
[2025-06-03T15:46:46.761+0530][169.522s] GC(750)   Evacuate Collection Set: 0.3ms
[2025-06-03T15:46:46.761+0530][169.522s] GC(750)   Post Evacuate Collection Set: 0.6ms
[2025-06-03T15:46:46.761+0530][169.522s] GC(750)   Other: 0.2ms
[2025-06-03T15:46:46.761+0530][169.522s] GC(750) Eden regions: 306->0(306)
[2025-06-03T15:46:46.761+0530][169.522s] GC(750) Survivor regions: 1->1(39)
[2025-06-03T15:46:46.761+0530][169.522s] GC(750) Old regions: 9->9
[2025-06-03T15:46:46.761+0530][169.522s] GC(750) Archive regions: 2->2
[2025-06-03T15:46:46.762+0530][169.522s] GC(750) Humongous regions: 0->0
[2025-06-03T15:46:46.762+0530][169.522s] GC(750) Metaspace: 20474K(20928K)->20474K(20928K) NonClass: 17889K(18112K)->17889K(18112K) Class: 2585K(2816K)->2585K(2816K)
[2025-06-03T15:46:46.762+0530][169.522s] GC(750) Pause Young (Normal) (G1 Evacuation Pause) 315M->9M(512M) 1.847ms
[2025-06-03T15:46:46.762+0530][169.523s] GC(750) User=0.00s Sys=0.00s Real=0.00s
[2025-06-03T15:46:46.981+0530][169.742s] GC(751) Pause Young (Normal) (G1 Evacuation Pause)
[2025-06-03T15:46:46.981+0530][169.742s] GC(751) Using 8 workers of 8 for evacuation
[2025-06-03T15:46:46.982+0530][169.742s] GC(751) Skipped phase 1 of Reference Processing: no references
[2025-06-03T15:46:46.982+0530][169.742s] GC(751) Skipped phase 2 of Reference Processing: no references
[2025-06-03T15:46:46.982+0530][169.742s] GC(751) Skipped phase 3 of Reference Processing: no references
[2025-06-03T15:46:46.982+0530][169.742s] GC(751) Skipped phase 4 of Reference Processing: no references
[2025-06-03T15:46:46.982+0530][169.743s] GC(751)   Pre Evacuate Collection Set: 0.1ms
[2025-06-03T15:46:46.982+0530][169.743s] GC(751)   Merge Heap Roots: 0.1ms
[2025-06-03T15:46:46.982+0530][169.743s] GC(751)   Evacuate Collection Set: 0.3ms
[2025-06-03T15:46:46.982+0530][169.743s] GC(751)   Post Evacuate Collection Set: 0.5ms
[2025-06-03T15:46:46.982+0530][169.743s] GC(751)   Other: 0.2ms
[2025-06-03T15:46:46.982+0530][169.743s] GC(751) Eden regions: 306->0(306)
[2025-06-03T15:46:46.982+0530][169.743s] GC(751) Survivor regions: 1->1(39)
[2025-06-03T15:46:46.982+0530][169.743s] GC(751) Old regions: 9->9
[2025-06-03T15:46:46.983+0530][169.743s] GC(751) Archive regions: 2->2
[2025-06-03T15:46:46.983+0530][169.743s] GC(751) Humongous regions: 0->0
[2025-06-03T15:46:46.983+0530][169.743s] GC(751) Metaspace: 20474K(20928K)->20474K(20928K) NonClass: 17889K(18112K)->17889K(18112K) Class: 2585K(2816K)->2585K(2816K)
[2025-06-03T15:46:46.983+0530][169.743s] GC(751) Pause Young (Normal) (G1 Evacuation Pause) 315M->9M(512M) 1.242ms
[2025-06-03T15:46:46.983+0530][169.743s] GC(751) User=0.00s Sys=0.00s Real=0.00s
[2025-06-03T15:46:47.174+0530][169.935s] GC(752) Pause Young (Normal) (G1 Evacuation Pause)
[2025-06-03T15:46:47.174+0530][169.935s] GC(752) Using 8 workers of 8 for evacuation
[2025-06-03T15:46:47.175+0530][169.936s] GC(752) Skipped phase 1 of Reference Processing: no references
[2025-06-03T15:46:47.175+0530][169.936s] GC(752) Skipped phase 2 of Reference Processing: no references
[2025-06-03T15:46:47.175+0530][169.936s] GC(752) Skipped phase 3 of Reference Processing: no references
[2025-06-03T15:46:47.175+0530][169.936s] GC(752) Skipped phase 4 of Reference Processing: no references
[2025-06-03T15:46:47.176+0530][169.936s] GC(752)   Pre Evacuate Collection Set: 0.1ms
[2025-06-03T15:46:47.176+0530][169.936s] GC(752)   Merge Heap Roots: 0.1ms
[2025-06-03T15:46:47.176+0530][169.936s] GC(752)   Evacuate Collection Set: 0.4ms
[2025-06-03T15:46:47.176+0530][169.936s] GC(752)   Post Evacuate Collection Set: 0.7ms
[2025-06-03T15:46:47.176+0530][169.936s] GC(752)   Other: 0.4ms
[2025-06-03T15:46:47.176+0530][169.936s] GC(752) Eden regions: 306->0(306)
[2025-06-03T15:46:47.176+0530][169.936s] GC(752) Survivor regions: 1->1(39)
[2025-06-03T15:46:47.176+0530][169.936s] GC(752) Old regions: 9->9
[2025-06-03T15:46:47.176+0530][169.936s] GC(752) Archive regions: 2->2
[2025-06-03T15:46:47.176+0530][169.936s] GC(752) Humongous regions: 0->0
[2025-06-03T15:46:47.176+0530][169.937s] GC(752) Metaspace: 20474K(20928K)->20474K(20928K) NonClass: 17889K(18112K)->17889K(18112K) Class: 2585K(2816K)->2585K(2816K)
[2025-06-03T15:46:47.176+0530][169.937s] GC(752) Pause Young (Normal) (G1 Evacuation Pause) 315M->9M(512M) 1.801ms
[2025-06-03T15:46:47.176+0530][169.937s] GC(752) User=0.00s Sys=0.00s Real=0.00s
[2025-06-03T15:46:47.363+0530][170.123s] GC(753) Pause Young (Normal) (G1 Evacuation Pause)
[2025-06-03T15:46:47.363+0530][170.123s] GC(753) Using 8 workers of 8 for evacuation
[2025-06-03T15:46:47.363+0530][170.124s] GC(753) Skipped phase 1 of Reference Processing: no references
[2025-06-03T15:46:47.363+0530][170.124s] GC(753) Skipped phase 2 of Reference Processing: no references
[2025-06-03T15:46:47.363+0530][170.124s] GC(753) Skipped phase 3 of Reference Processing: no references
[2025-06-03T15:46:47.363+0530][170.124s] GC(753) Skipped phase 4 of Reference Processing: no references
[2025-06-03T15:46:47.364+0530][170.124s] GC(753)   Pre Evacuate Collection Set: 0.1ms
[2025-06-03T15:46:47.364+0530][170.124s] GC(753)   Merge Heap Roots: 0.1ms
[2025-06-03T15:46:47.364+0530][170.124s] GC(753)   Evacuate Collection Set: 0.2ms
[2025-06-03T15:46:47.364+0530][170.124s] GC(753)   Post Evacuate Collection Set: 0.5ms
[2025-06-03T15:46:47.364+0530][170.124s] GC(753)   Other: 0.2ms
[2025-06-03T15:46:47.364+0530][170.124s] GC(753) Eden regions: 306->0(306)
[2025-06-03T15:46:47.364+0530][170.124s] GC(753) Survivor regions: 1->1(39)
[2025-06-03T15:46:47.364+0530][170.124s] GC(753) Old regions: 9->9
[2025-06-03T15:46:47.364+0530][170.124s] GC(753) Archive regions: 2->2
[2025-06-03T15:46:47.364+0530][170.124s] GC(753) Humongous regions: 0->0
[2025-06-03T15:46:47.364+0530][170.124s] GC(753) Metaspace: 20474K(20928K)->20474K(20928K) NonClass: 17889K(18112K)->17889K(18112K) Class: 2585K(2816K)->2585K(2816K)
[2025-06-03T15:46:47.364+0530][170.124s] GC(753) Pause Young (Normal) (G1 Evacuation Pause) 315M->9M(512M) 1.310ms
[2025-06-03T15:46:47.364+0530][170.124s] GC(753) User=0.00s Sys=0.00s Real=0.00s
[2025-06-03T15:46:47.534+0530][170.295s] GC(754) Pause Young (Normal) (G1 Evacuation Pause)
[2025-06-03T15:46:47.534+0530][170.295s] GC(754) Using 8 workers of 8 for evacuation
[2025-06-03T15:46:47.535+0530][170.295s] GC(754) Skipped phase 1 of Reference Processing: no references
[2025-06-03T15:46:47.535+0530][170.295s] GC(754) Skipped phase 2 of Reference Processing: no references
[2025-06-03T15:46:47.535+0530][170.295s] GC(754) Skipped phase 3 of Reference Processing: no references
[2025-06-03T15:46:47.535+0530][170.296s] GC(754) Skipped phase 4 of Reference Processing: no references
[2025-06-03T15:46:47.535+0530][170.296s] GC(754)   Pre Evacuate Collection Set: 0.1ms
[2025-06-03T15:46:47.535+0530][170.296s] GC(754)   Merge Heap Roots: 0.1ms
[2025-06-03T15:46:47.535+0530][170.296s] GC(754)   Evacuate Collection Set: 0.2ms
[2025-06-03T15:46:47.536+0530][170.296s] GC(754)   Post Evacuate Collection Set: 0.4ms
[2025-06-03T15:46:47.536+0530][170.296s] GC(754)   Other: 0.2ms
[2025-06-03T15:46:47.536+0530][170.296s] GC(754) Eden regions: 306->0(306)
[2025-06-03T15:46:47.536+0530][170.296s] GC(754) Survivor regions: 1->1(39)
[2025-06-03T15:46:47.536+0530][170.296s] GC(754) Old regions: 9->9
[2025-06-03T15:46:47.536+0530][170.296s] GC(754) Archive regions: 2->2
[2025-06-03T15:46:47.536+0530][170.296s] GC(754) Humongous regions: 0->0
[2025-06-03T15:46:47.536+0530][170.296s] GC(754) Metaspace: 20474K(20928K)->20474K(20928K) NonClass: 17889K(18112K)->17889K(18112K) Class: 2585K(2816K)->2585K(2816K)
[2025-06-03T15:46:47.536+0530][170.296s] GC(754) Pause Young (Normal) (G1 Evacuation Pause) 315M->9M(512M) 1.298ms
[2025-06-03T15:46:47.536+0530][170.296s] GC(754) User=0.00s Sys=0.00s Real=0.00s
[2025-06-03T15:46:47.739+0530][170.500s] GC(755) Pause Young (Normal) (G1 Evacuation Pause)
[2025-06-03T15:46:47.739+0530][170.500s] GC(755) Using 8 workers of 8 for evacuation
[2025-06-03T15:46:47.740+0530][170.501s] GC(755) Skipped phase 1 of Reference Processing: no references
[2025-06-03T15:46:47.740+0530][170.501s] GC(755) Skipped phase 2 of Reference Processing: no references
[2025-06-03T15:46:47.740+0530][170.501s] GC(755) Skipped phase 3 of Reference Processing: no references
[2025-06-03T15:46:47.740+0530][170.501s] GC(755) Skipped phase 4 of Reference Processing: no references
[2025-06-03T15:46:47.741+0530][170.501s] GC(755)   Pre Evacuate Collection Set: 0.1ms
[2025-06-03T15:46:47.741+0530][170.501s] GC(755)   Merge Heap Roots: 0.1ms
[2025-06-03T15:46:47.741+0530][170.501s] GC(755)   Evacuate Collection Set: 0.3ms
[2025-06-03T15:46:47.741+0530][170.501s] GC(755)   Post Evacuate Collection Set: 0.5ms
[2025-06-03T15:46:47.741+0530][170.501s] GC(755)   Other: 0.4ms
[2025-06-03T15:46:47.741+0530][170.501s] GC(755) Eden regions: 306->0(306)
[2025-06-03T15:46:47.741+0530][170.501s] GC(755) Survivor regions: 1->1(39)
[2025-06-03T15:46:47.741+0530][170.501s] GC(755) Old regions: 9->9
[2025-06-03T15:46:47.741+0530][170.501s] GC(755) Archive regions: 2->2
[2025-06-03T15:46:47.741+0530][170.501s] GC(755) Humongous regions: 0->0
[2025-06-03T15:46:47.741+0530][170.501s] GC(755) Metaspace: 20474K(20928K)->20474K(20928K) NonClass: 17889K(18112K)->17889K(18112K) Class: 2585K(2816K)->2585K(2816K)
[2025-06-03T15:46:47.741+0530][170.501s] GC(755) Pause Young (Normal) (G1 Evacuation Pause) 315M->9M(512M) 1.566ms
[2025-06-03T15:46:47.741+0530][170.501s] GC(755) User=0.01s Sys=0.01s Real=0.01s
[2025-06-03T15:46:47.904+0530][170.664s] GC(756) Pause Young (Normal) (G1 Evacuation Pause)
[2025-06-03T15:46:47.904+0530][170.664s] GC(756) Using 8 workers of 8 for evacuation
[2025-06-03T15:46:47.904+0530][170.665s] GC(756) Skipped phase 1 of Reference Processing: no references
[2025-06-03T15:46:47.904+0530][170.665s] GC(756) Skipped phase 2 of Reference Processing: no references
[2025-06-03T15:46:47.904+0530][170.665s] GC(756) Skipped phase 3 of Reference Processing: no references
[2025-06-03T15:46:47.904+0530][170.665s] GC(756) Skipped phase 4 of Reference Processing: no references
[2025-06-03T15:46:47.905+0530][170.665s] GC(756)   Pre Evacuate Collection Set: 0.1ms
[2025-06-03T15:46:47.905+0530][170.665s] GC(756)   Merge Heap Roots: 0.1ms
[2025-06-03T15:46:47.905+0530][170.665s] GC(756)   Evacuate Collection Set: 0.3ms
[2025-06-03T15:46:47.905+0530][170.665s] GC(756)   Post Evacuate Collection Set: 0.6ms
[2025-06-03T15:46:47.905+0530][170.665s] GC(756)   Other: 0.2ms
[2025-06-03T15:46:47.905+0530][170.665s] GC(756) Eden regions: 306->0(306)
[2025-06-03T15:46:47.905+0530][170.666s] GC(756) Survivor regions: 1->1(39)
[2025-06-03T15:46:47.905+0530][170.666s] GC(756) Old regions: 9->9
[2025-06-03T15:46:47.905+0530][170.666s] GC(756) Archive regions: 2->2
[2025-06-03T15:46:47.905+0530][170.666s] GC(756) Humongous regions: 0->0
[2025-06-03T15:46:47.905+0530][170.666s] GC(756) Metaspace: 20474K(20928K)->20474K(20928K) NonClass: 17889K(18112K)->17889K(18112K) Class: 2585K(2816K)->2585K(2816K)
[2025-06-03T15:46:47.905+0530][170.666s] GC(756) Pause Young (Normal) (G1 Evacuation Pause) 315M->9M(512M) 1.546ms
[2025-06-03T15:46:47.905+0530][170.666s] GC(756) User=0.00s Sys=0.01s Real=0.00s
[2025-06-03T15:46:48.068+0530][170.829s] GC(757) Pause Young (Normal) (G1 Evacuation Pause)
[2025-06-03T15:46:48.068+0530][170.829s] GC(757) Using 8 workers of 8 for evacuation
[2025-06-03T15:46:48.069+0530][170.829s] GC(757) Skipped phase 1 of Reference Processing: no references
[2025-06-03T15:46:48.069+0530][170.829s] GC(757) Skipped phase 2 of Reference Processing: no references
[2025-06-03T15:46:48.069+0530][170.830s] GC(757) Skipped phase 3 of Reference Processing: no references
[2025-06-03T15:46:48.069+0530][170.830s] GC(757) Skipped phase 4 of Reference Processing: no references
[2025-06-03T15:46:48.069+0530][170.830s] GC(757)   Pre Evacuate Collection Set: 0.1ms
[2025-06-03T15:46:48.070+0530][170.830s] GC(757)   Merge Heap Roots: 0.1ms
[2025-06-03T15:46:48.070+0530][170.830s] GC(757)   Evacuate Collection Set: 0.2ms
[2025-06-03T15:46:48.070+0530][170.830s] GC(757)   Post Evacuate Collection Set: 0.5ms
[2025-06-03T15:46:48.070+0530][170.830s] GC(757)   Other: 0.2ms
[2025-06-03T15:46:48.070+0530][170.830s] GC(757) Eden regions: 306->0(306)
[2025-06-03T15:46:48.070+0530][170.830s] GC(757) Survivor regions: 1->1(39)
[2025-06-03T15:46:48.070+0530][170.830s] GC(757) Old regions: 9->9
[2025-06-03T15:46:48.070+0530][170.830s] GC(757) Archive regions: 2->2
[2025-06-03T15:46:48.070+0530][170.830s] GC(757) Humongous regions: 0->0
[2025-06-03T15:46:48.070+0530][170.830s] GC(757) Metaspace: 20474K(20928K)->20474K(20928K) NonClass: 17889K(18112K)->17889K(18112K) Class: 2585K(2816K)->2585K(2816K)
[2025-06-03T15:46:48.070+0530][170.830s] GC(757) Pause Young (Normal) (G1 Evacuation Pause) 315M->9M(512M) 1.420ms
[2025-06-03T15:46:48.070+0530][170.830s] GC(757) User=0.00s Sys=0.00s Real=0.01s
[2025-06-03T15:46:48.242+0530][171.002s] GC(758) Pause Young (Normal) (G1 Evacuation Pause)
[2025-06-03T15:46:48.242+0530][171.002s] GC(758) Using 8 workers of 8 for evacuation
[2025-06-03T15:46:48.242+0530][171.003s] GC(758) Skipped phase 1 of Reference Processing: no references
[2025-06-03T15:46:48.242+0530][171.003s] GC(758) Skipped phase 2 of Reference Processing: no references
[2025-06-03T15:46:48.242+0530][171.003s] GC(758) Skipped phase 3 of Reference Processing: no references
[2025-06-03T15:46:48.242+0530][171.003s] GC(758) Skipped phase 4 of Reference Processing: no references
[2025-06-03T15:46:48.243+0530][171.003s] GC(758)   Pre Evacuate Collection Set: 0.1ms
[2025-06-03T15:46:48.243+0530][171.003s] GC(758)   Merge Heap Roots: 0.1ms
[2025-06-03T15:46:48.243+0530][171.003s] GC(758)   Evacuate Collection Set: 0.3ms
[2025-06-03T15:46:48.243+0530][171.003s] GC(758)   Post Evacuate Collection Set: 0.5ms
[2025-06-03T15:46:48.243+0530][171.003s] GC(758)   Other: 0.2ms
[2025-06-03T15:46:48.243+0530][171.003s] GC(758) Eden regions: 306->0(306)
[2025-06-03T15:46:48.243+0530][171.003s] GC(758) Survivor regions: 1->1(39)
[2025-06-03T15:46:48.243+0530][171.004s] GC(758) Old regions: 9->9
[2025-06-03T15:46:48.243+0530][171.004s] GC(758) Archive regions: 2->2
[2025-06-03T15:46:48.243+0530][171.004s] GC(758) Humongous regions: 0->0
[2025-06-03T15:46:48.243+0530][171.004s] GC(758) Metaspace: 20474K(20928K)->20474K(20928K) NonClass: 17889K(18112K)->17889K(18112K) Class: 2585K(2816K)->2585K(2816K)
[2025-06-03T15:46:48.243+0530][171.004s] GC(758) Pause Young (Normal) (G1 Evacuation Pause) 315M->9M(512M) 1.456ms
[2025-06-03T15:46:48.243+0530][171.004s] GC(758) User=0.00s Sys=0.00s Real=0.00s
[2025-06-03T15:46:48.400+0530][171.161s] GC(759) Pause Young (Normal) (G1 Evacuation Pause)
[2025-06-03T15:46:48.400+0530][171.161s] GC(759) Using 8 workers of 8 for evacuation
[2025-06-03T15:46:48.401+0530][171.161s] GC(759) Skipped phase 1 of Reference Processing: no references
[2025-06-03T15:46:48.401+0530][171.161s] GC(759) Skipped phase 2 of Reference Processing: no references
[2025-06-03T15:46:48.401+0530][171.161s] GC(759) Skipped phase 3 of Reference Processing: no references
[2025-06-03T15:46:48.401+0530][171.161s] GC(759) Skipped phase 4 of Reference Processing: no references
[2025-06-03T15:46:48.401+0530][171.162s] GC(759)   Pre Evacuate Collection Set: 0.1ms
[2025-06-03T15:46:48.401+0530][171.162s] GC(759)   Merge Heap Roots: 0.1ms
[2025-06-03T15:46:48.401+0530][171.162s] GC(759)   Evacuate Collection Set: 0.2ms
[2025-06-03T15:46:48.401+0530][171.162s] GC(759)   Post Evacuate Collection Set: 0.6ms
[2025-06-03T15:46:48.401+0530][171.162s] GC(759)   Other: 0.2ms
[2025-06-03T15:46:48.401+0530][171.162s] GC(759) Eden regions: 306->0(306)
[2025-06-03T15:46:48.401+0530][171.162s] GC(759) Survivor regions: 1->1(39)
[2025-06-03T15:46:48.401+0530][171.162s] GC(759) Old regions: 9->9
[2025-06-03T15:46:48.401+0530][171.162s] GC(759) Archive regions: 2->2
[2025-06-03T15:46:48.401+0530][171.162s] GC(759) Humongous regions: 0->0
[2025-06-03T15:46:48.401+0530][171.162s] GC(759) Metaspace: 20474K(20928K)->20474K(20928K) NonClass: 17889K(18112K)->17889K(18112K) Class: 2585K(2816K)->2585K(2816K)
[2025-06-03T15:46:48.401+0530][171.162s] GC(759) Pause Young (Normal) (G1 Evacuation Pause) 315M->9M(512M) 1.324ms
[2025-06-03T15:46:48.401+0530][171.162s] GC(759) User=0.00s Sys=0.00s Real=0.00s
[2025-06-03T15:46:48.572+0530][171.332s] GC(760) Pause Young (Normal) (G1 Evacuation Pause)
[2025-06-03T15:46:48.572+0530][171.333s] GC(760) Using 8 workers of 8 for evacuation
[2025-06-03T15:46:48.573+0530][171.333s] GC(760) Skipped phase 1 of Reference Processing: no references
[2025-06-03T15:46:48.573+0530][171.333s] GC(760) Skipped phase 2 of Reference Processing: no references
[2025-06-03T15:46:48.573+0530][171.333s] GC(760) Skipped phase 3 of Reference Processing: no references
[2025-06-03T15:46:48.573+0530][171.333s] GC(760) Skipped phase 4 of Reference Processing: no references
[2025-06-03T15:46:48.573+0530][171.334s] GC(760)   Pre Evacuate Collection Set: 0.1ms
[2025-06-03T15:46:48.573+0530][171.334s] GC(760)   Merge Heap Roots: 0.1ms
[2025-06-03T15:46:48.573+0530][171.334s] GC(760)   Evacuate Collection Set: 0.3ms
[2025-06-03T15:46:48.573+0530][171.334s] GC(760)   Post Evacuate Collection Set: 0.5ms
[2025-06-03T15:46:48.573+0530][171.334s] GC(760)   Other: 0.2ms
[2025-06-03T15:46:48.573+0530][171.334s] GC(760) Eden regions: 306->0(306)
[2025-06-03T15:46:48.573+0530][171.334s] GC(760) Survivor regions: 1->1(39)
[2025-06-03T15:46:48.573+0530][171.334s] GC(760) Old regions: 9->9
[2025-06-03T15:46:48.573+0530][171.334s] GC(760) Archive regions: 2->2
[2025-06-03T15:46:48.573+0530][171.334s] GC(760) Humongous regions: 0->0
[2025-06-03T15:46:48.573+0530][171.334s] GC(760) Metaspace: 20474K(20928K)->20474K(20928K) NonClass: 17889K(18112K)->17889K(18112K) Class: 2585K(2816K)->2585K(2816K)
[2025-06-03T15:46:48.573+0530][171.334s] GC(760) Pause Young (Normal) (G1 Evacuation Pause) 315M->9M(512M) 1.455ms
[2025-06-03T15:46:48.573+0530][171.334s] GC(760) User=0.00s Sys=0.00s Real=0.00s
[2025-06-03T15:46:48.754+0530][171.515s] GC(761) Pause Young (Normal) (G1 Evacuation Pause)
[2025-06-03T15:46:48.755+0530][171.515s] GC(761) Using 8 workers of 8 for evacuation
[2025-06-03T15:46:48.755+0530][171.516s] GC(761) Skipped phase 1 of Reference Processing: no references
[2025-06-03T15:46:48.755+0530][171.516s] GC(761) Skipped phase 2 of Reference Processing: no references
[2025-06-03T15:46:48.755+0530][171.516s] GC(761) Skipped phase 3 of Reference Processing: no references
[2025-06-03T15:46:48.755+0530][171.516s] GC(761) Skipped phase 4 of Reference Processing: no references
[2025-06-03T15:46:48.756+0530][171.516s] GC(761)   Pre Evacuate Collection Set: 0.1ms
[2025-06-03T15:46:48.756+0530][171.516s] GC(761)   Merge Heap Roots: 0.1ms
[2025-06-03T15:46:48.756+0530][171.516s] GC(761)   Evacuate Collection Set: 0.2ms
[2025-06-03T15:46:48.756+0530][171.516s] GC(761)   Post Evacuate Collection Set: 0.5ms
[2025-06-03T15:46:48.756+0530][171.516s] GC(761)   Other: 0.2ms
[2025-06-03T15:46:48.756+0530][171.516s] GC(761) Eden regions: 306->0(306)
[2025-06-03T15:46:48.756+0530][171.516s] GC(761) Survivor regions: 1->1(39)
[2025-06-03T15:46:48.756+0530][171.516s] GC(761) Old regions: 9->9
[2025-06-03T15:46:48.756+0530][171.516s] GC(761) Archive regions: 2->2
[2025-06-03T15:46:48.756+0530][171.516s] GC(761) Humongous regions: 0->0
[2025-06-03T15:46:48.756+0530][171.517s] GC(761) Metaspace: 20474K(20928K)->20474K(20928K) NonClass: 17889K(18112K)->17889K(18112K) Class: 2585K(2816K)->2585K(2816K)
[2025-06-03T15:46:48.756+0530][171.517s] GC(761) Pause Young (Normal) (G1 Evacuation Pause) 315M->9M(512M) 1.642ms
[2025-06-03T15:46:48.756+0530][171.517s] GC(761) User=0.00s Sys=0.00s Real=0.00s
[2025-06-03T15:46:48.933+0530][171.693s] GC(762) Pause Young (Normal) (G1 Evacuation Pause)
[2025-06-03T15:46:48.933+0530][171.693s] GC(762) Using 8 workers of 8 for evacuation
[2025-06-03T15:46:48.933+0530][171.694s] GC(762) Skipped phase 1 of Reference Processing: no references
[2025-06-03T15:46:48.934+0530][171.694s] GC(762) Skipped phase 2 of Reference Processing: no references
[2025-06-03T15:46:48.934+0530][171.694s] GC(762) Skipped phase 3 of Reference Processing: no references
[2025-06-03T15:46:48.934+0530][171.694s] GC(762) Skipped phase 4 of Reference Processing: no references
[2025-06-03T15:46:48.934+0530][171.695s] GC(762)   Pre Evacuate Collection Set: 0.1ms
[2025-06-03T15:46:48.934+0530][171.695s] GC(762)   Merge Heap Roots: 0.1ms
[2025-06-03T15:46:48.934+0530][171.695s] GC(762)   Evacuate Collection Set: 0.3ms
[2025-06-03T15:46:48.934+0530][171.695s] GC(762)   Post Evacuate Collection Set: 0.7ms
[2025-06-03T15:46:48.934+0530][171.695s] GC(762)   Other: 0.2ms
[2025-06-03T15:46:48.934+0530][171.695s] GC(762) Eden regions: 306->0(306)
[2025-06-03T15:46:48.934+0530][171.695s] GC(762) Survivor regions: 1->1(39)
[2025-06-03T15:46:48.934+0530][171.695s] GC(762) Old regions: 9->9
[2025-06-03T15:46:48.934+0530][171.695s] GC(762) Archive regions: 2->2
[2025-06-03T15:46:48.934+0530][171.695s] GC(762) Humongous regions: 0->0
[2025-06-03T15:46:48.934+0530][171.695s] GC(762) Metaspace: 20474K(20928K)->20474K(20928K) NonClass: 17889K(18112K)->17889K(18112K) Class: 2585K(2816K)->2585K(2816K)
[2025-06-03T15:46:48.934+0530][171.695s] GC(762) Pause Young (Normal) (G1 Evacuation Pause) 315M->9M(512M) 1.563ms
[2025-06-03T15:46:48.934+0530][171.695s] GC(762) User=0.00s Sys=0.00s Real=0.00s
[2025-06-03T15:46:49.120+0530][171.881s] GC(763) Pause Young (Normal) (G1 Evacuation Pause)
[2025-06-03T15:46:49.120+0530][171.881s] GC(763) Using 8 workers of 8 for evacuation
[2025-06-03T15:46:49.121+0530][171.881s] GC(763) Skipped phase 1 of Reference Processing: no references
[2025-06-03T15:46:49.121+0530][171.881s] GC(763) Skipped phase 2 of Reference Processing: no references
[2025-06-03T15:46:49.121+0530][171.881s] GC(763) Skipped phase 3 of Reference Processing: no references
[2025-06-03T15:46:49.121+0530][171.881s] GC(763) Skipped phase 4 of Reference Processing: no references
[2025-06-03T15:46:49.121+0530][171.882s] GC(763)   Pre Evacuate Collection Set: 0.1ms
[2025-06-03T15:46:49.121+0530][171.882s] GC(763)   Merge Heap Roots: 0.1ms
[2025-06-03T15:46:49.121+0530][171.882s] GC(763)   Evacuate Collection Set: 0.3ms
[2025-06-03T15:46:49.121+0530][171.882s] GC(763)   Post Evacuate Collection Set: 0.6ms
[2025-06-03T15:46:49.122+0530][171.882s] GC(763)   Other: 0.2ms
[2025-06-03T15:46:49.122+0530][171.882s] GC(763) Eden regions: 306->0(306)
[2025-06-03T15:46:49.122+0530][171.882s] GC(763) Survivor regions: 1->1(39)
[2025-06-03T15:46:49.122+0530][171.882s] GC(763) Old regions: 9->9
[2025-06-03T15:46:49.122+0530][171.882s] GC(763) Archive regions: 2->2
[2025-06-03T15:46:49.122+0530][171.882s] GC(763) Humongous regions: 0->0
[2025-06-03T15:46:49.122+0530][171.882s] GC(763) Metaspace: 20474K(20928K)->20474K(20928K) NonClass: 17889K(18112K)->17889K(18112K) Class: 2585K(2816K)->2585K(2816K)
[2025-06-03T15:46:49.122+0530][171.882s] GC(763) Pause Young (Normal) (G1 Evacuation Pause) 315M->9M(512M) 1.620ms
[2025-06-03T15:46:49.122+0530][171.882s] GC(763) User=0.00s Sys=0.01s Real=0.00s
[2025-06-03T15:46:49.303+0530][172.063s] GC(764) Pause Young (Normal) (G1 Evacuation Pause)
[2025-06-03T15:46:49.303+0530][172.064s] GC(764) Using 8 workers of 8 for evacuation
[2025-06-03T15:46:49.303+0530][172.064s] GC(764) Skipped phase 1 of Reference Processing: no references
[2025-06-03T15:46:49.304+0530][172.064s] GC(764) Skipped phase 2 of Reference Processing: no references
[2025-06-03T15:46:49.304+0530][172.064s] GC(764) Skipped phase 3 of Reference Processing: no references
[2025-06-03T15:46:49.304+0530][172.064s] GC(764) Skipped phase 4 of Reference Processing: no references
[2025-06-03T15:46:49.304+0530][172.065s] GC(764)   Pre Evacuate Collection Set: 0.1ms
[2025-06-03T15:46:49.304+0530][172.065s] GC(764)   Merge Heap Roots: 0.1ms
[2025-06-03T15:46:49.304+0530][172.065s] GC(764)   Evacuate Collection Set: 0.2ms
[2025-06-03T15:46:49.304+0530][172.065s] GC(764)   Post Evacuate Collection Set: 0.5ms
[2025-06-03T15:46:49.304+0530][172.065s] GC(764)   Other: 0.2ms
[2025-06-03T15:46:49.304+0530][172.065s] GC(764) Eden regions: 306->0(306)
[2025-06-03T15:46:49.304+0530][172.065s] GC(764) Survivor regions: 1->1(39)
[2025-06-03T15:46:49.304+0530][172.065s] GC(764) Old regions: 9->9
[2025-06-03T15:46:49.304+0530][172.065s] GC(764) Archive regions: 2->2
[2025-06-03T15:46:49.304+0530][172.065s] GC(764) Humongous regions: 0->0
[2025-06-03T15:46:49.304+0530][172.065s] GC(764) Metaspace: 20474K(20928K)->20474K(20928K) NonClass: 17889K(18112K)->17889K(18112K) Class: 2585K(2816K)->2585K(2816K)
[2025-06-03T15:46:49.304+0530][172.065s] GC(764) Pause Young (Normal) (G1 Evacuation Pause) 315M->9M(512M) 1.327ms
[2025-06-03T15:46:49.304+0530][172.065s] GC(764) User=0.00s Sys=0.00s Real=0.00s
[2025-06-03T15:46:49.474+0530][172.234s] GC(765) Pause Young (Normal) (G1 Evacuation Pause)
[2025-06-03T15:46:49.474+0530][172.234s] GC(765) Using 8 workers of 8 for evacuation
[2025-06-03T15:46:49.475+0530][172.235s] GC(765) Skipped phase 1 of Reference Processing: no references
[2025-06-03T15:46:49.475+0530][172.235s] GC(765) Skipped phase 2 of Reference Processing: no references
[2025-06-03T15:46:49.475+0530][172.235s] GC(765) Skipped phase 3 of Reference Processing: no references
[2025-06-03T15:46:49.475+0530][172.235s] GC(765) Skipped phase 4 of Reference Processing: no references
[2025-06-03T15:46:49.475+0530][172.236s] GC(765)   Pre Evacuate Collection Set: 0.1ms
[2025-06-03T15:46:49.475+0530][172.236s] GC(765)   Merge Heap Roots: 0.1ms
[2025-06-03T15:46:49.475+0530][172.236s] GC(765)   Evacuate Collection Set: 0.4ms
[2025-06-03T15:46:49.476+0530][172.236s] GC(765)   Post Evacuate Collection Set: 0.8ms
[2025-06-03T15:46:49.476+0530][172.236s] GC(765)   Other: 0.2ms
[2025-06-03T15:46:49.476+0530][172.236s] GC(765) Eden regions: 306->0(306)
[2025-06-03T15:46:49.476+0530][172.236s] GC(765) Survivor regions: 1->1(39)
[2025-06-03T15:46:49.476+0530][172.236s] GC(765) Old regions: 9->9
[2025-06-03T15:46:49.476+0530][172.236s] GC(765) Archive regions: 2->2
[2025-06-03T15:46:49.476+0530][172.236s] GC(765) Humongous regions: 0->0
[2025-06-03T15:46:49.476+0530][172.236s] GC(765) Metaspace: 20474K(20928K)->20474K(20928K) NonClass: 17889K(18112K)->17889K(18112K) Class: 2585K(2816K)->2585K(2816K)
[2025-06-03T15:46:49.476+0530][172.236s] GC(765) Pause Young (Normal) (G1 Evacuation Pause) 315M->9M(512M) 1.909ms
[2025-06-03T15:46:49.476+0530][172.236s] GC(765) User=0.00s Sys=0.01s Real=0.00s
[2025-06-03T15:46:49.651+0530][172.411s] GC(766) Pause Young (Normal) (G1 Evacuation Pause)
[2025-06-03T15:46:49.651+0530][172.411s] GC(766) Using 8 workers of 8 for evacuation
[2025-06-03T15:46:49.651+0530][172.412s] GC(766) Skipped phase 1 of Reference Processing: no references
[2025-06-03T15:46:49.651+0530][172.412s] GC(766) Skipped phase 2 of Reference Processing: no references
[2025-06-03T15:46:49.651+0530][172.412s] GC(766) Skipped phase 3 of Reference Processing: no references
[2025-06-03T15:46:49.651+0530][172.412s] GC(766) Skipped phase 4 of Reference Processing: no references
[2025-06-03T15:46:49.652+0530][172.413s] GC(766)   Pre Evacuate Collection Set: 0.1ms
[2025-06-03T15:46:49.652+0530][172.413s] GC(766)   Merge Heap Roots: 0.1ms
[2025-06-03T15:46:49.652+0530][172.413s] GC(766)   Evacuate Collection Set: 0.4ms
[2025-06-03T15:46:49.652+0530][172.413s] GC(766)   Post Evacuate Collection Set: 0.6ms
[2025-06-03T15:46:49.652+0530][172.413s] GC(766)   Other: 0.2ms
[2025-06-03T15:46:49.652+0530][172.413s] GC(766) Eden regions: 306->0(306)
[2025-06-03T15:46:49.652+0530][172.413s] GC(766) Survivor regions: 1->1(39)
[2025-06-03T15:46:49.652+0530][172.413s] GC(766) Old regions: 9->9
[2025-06-03T15:46:49.652+0530][172.413s] GC(766) Archive regions: 2->2
[2025-06-03T15:46:49.652+0530][172.413s] GC(766) Humongous regions: 0->0
[2025-06-03T15:46:49.652+0530][172.413s] GC(766) Metaspace: 20474K(20928K)->20474K(20928K) NonClass: 17889K(18112K)->17889K(18112K) Class: 2585K(2816K)->2585K(2816K)
[2025-06-03T15:46:49.652+0530][172.413s] GC(766) Pause Young (Normal) (G1 Evacuation Pause) 315M->9M(512M) 1.834ms
[2025-06-03T15:46:49.652+0530][172.413s] GC(766) User=0.00s Sys=0.00s Real=0.00s
[2025-06-03T15:46:49.818+0530][172.578s] GC(767) Pause Young (Normal) (G1 Evacuation Pause)
[2025-06-03T15:46:49.818+0530][172.578s] GC(767) Using 8 workers of 8 for evacuation
[2025-06-03T15:46:49.818+0530][172.579s] GC(767) Skipped phase 1 of Reference Processing: no references
[2025-06-03T15:46:49.818+0530][172.579s] GC(767) Skipped phase 2 of Reference Processing: no references
[2025-06-03T15:46:49.818+0530][172.579s] GC(767) Skipped phase 3 of Reference Processing: no references
[2025-06-03T15:46:49.818+0530][172.579s] GC(767) Skipped phase 4 of Reference Processing: no references
[2025-06-03T15:46:49.819+0530][172.579s] GC(767)   Pre Evacuate Collection Set: 0.1ms
[2025-06-03T15:46:49.819+0530][172.579s] GC(767)   Merge Heap Roots: 0.1ms
[2025-06-03T15:46:49.819+0530][172.579s] GC(767)   Evacuate Collection Set: 0.2ms
[2025-06-03T15:46:49.819+0530][172.579s] GC(767)   Post Evacuate Collection Set: 0.5ms
[2025-06-03T15:46:49.819+0530][172.579s] GC(767)   Other: 0.2ms
[2025-06-03T15:46:49.819+0530][172.579s] GC(767) Eden regions: 306->0(306)
[2025-06-03T15:46:49.819+0530][172.579s] GC(767) Survivor regions: 1->1(39)
[2025-06-03T15:46:49.819+0530][172.579s] GC(767) Old regions: 9->9
[2025-06-03T15:46:49.819+0530][172.579s] GC(767) Archive regions: 2->2
[2025-06-03T15:46:49.819+0530][172.579s] GC(767) Humongous regions: 0->0
[2025-06-03T15:46:49.819+0530][172.579s] GC(767) Metaspace: 20474K(20928K)->20474K(20928K) NonClass: 17889K(18112K)->17889K(18112K) Class: 2585K(2816K)->2585K(2816K)
[2025-06-03T15:46:49.819+0530][172.579s] GC(767) Pause Young (Normal) (G1 Evacuation Pause) 315M->9M(512M) 1.246ms
[2025-06-03T15:46:49.819+0530][172.579s] GC(767) User=0.00s Sys=0.00s Real=0.00s
[2025-06-03T15:46:49.981+0530][172.742s] GC(768) Pause Young (Normal) (G1 Evacuation Pause)
[2025-06-03T15:46:49.981+0530][172.742s] GC(768) Using 8 workers of 8 for evacuation
[2025-06-03T15:46:49.982+0530][172.742s] GC(768) Skipped phase 1 of Reference Processing: no references
[2025-06-03T15:46:49.982+0530][172.742s] GC(768) Skipped phase 2 of Reference Processing: no references
[2025-06-03T15:46:49.982+0530][172.743s] GC(768) Skipped phase 3 of Reference Processing: no references
[2025-06-03T15:46:49.982+0530][172.743s] GC(768) Skipped phase 4 of Reference Processing: no references
[2025-06-03T15:46:49.982+0530][172.743s] GC(768)   Pre Evacuate Collection Set: 0.1ms
[2025-06-03T15:46:49.982+0530][172.743s] GC(768)   Merge Heap Roots: 0.1ms
[2025-06-03T15:46:49.983+0530][172.743s] GC(768)   Evacuate Collection Set: 0.3ms
[2025-06-03T15:46:49.983+0530][172.743s] GC(768)   Post Evacuate Collection Set: 0.6ms
[2025-06-03T15:46:49.983+0530][172.743s] GC(768)   Other: 0.2ms
[2025-06-03T15:46:49.983+0530][172.743s] GC(768) Eden regions: 306->0(306)
[2025-06-03T15:46:49.983+0530][172.743s] GC(768) Survivor regions: 1->1(39)
[2025-06-03T15:46:49.983+0530][172.743s] GC(768) Old regions: 9->9
[2025-06-03T15:46:49.983+0530][172.743s] GC(768) Archive regions: 2->2
[2025-06-03T15:46:49.983+0530][172.743s] GC(768) Humongous regions: 0->0
[2025-06-03T15:46:49.983+0530][172.743s] GC(768) Metaspace: 20474K(20928K)->20474K(20928K) NonClass: 17889K(18112K)->17889K(18112K) Class: 2585K(2816K)->2585K(2816K)
[2025-06-03T15:46:49.983+0530][172.743s] GC(768) Pause Young (Normal) (G1 Evacuation Pause) 315M->9M(512M) 1.489ms
[2025-06-03T15:46:49.983+0530][172.743s] GC(768) User=0.01s Sys=0.00s Real=0.00s
[2025-06-03T15:46:50.169+0530][172.929s] GC(769) Pause Young (Normal) (G1 Evacuation Pause)
[2025-06-03T15:46:50.169+0530][172.929s] GC(769) Using 8 workers of 8 for evacuation
[2025-06-03T15:46:50.169+0530][172.930s] GC(769) Skipped phase 1 of Reference Processing: no references
[2025-06-03T15:46:50.169+0530][172.930s] GC(769) Skipped phase 2 of Reference Processing: no references
[2025-06-03T15:46:50.169+0530][172.930s] GC(769) Skipped phase 3 of Reference Processing: no references
[2025-06-03T15:46:50.169+0530][172.930s] GC(769) Skipped phase 4 of Reference Processing: no references
[2025-06-03T15:46:50.170+0530][172.930s] GC(769)   Pre Evacuate Collection Set: 0.1ms
[2025-06-03T15:46:50.170+0530][172.931s] GC(769)   Merge Heap Roots: 0.1ms
[2025-06-03T15:46:50.170+0530][172.931s] GC(769)   Evacuate Collection Set: 0.3ms
[2025-06-03T15:46:50.170+0530][172.931s] GC(769)   Post Evacuate Collection Set: 0.6ms
[2025-06-03T15:46:50.170+0530][172.931s] GC(769)   Other: 0.2ms
[2025-06-03T15:46:50.170+0530][172.931s] GC(769) Eden regions: 306->0(306)
[2025-06-03T15:46:50.170+0530][172.931s] GC(769) Survivor regions: 1->1(39)
[2025-06-03T15:46:50.170+0530][172.931s] GC(769) Old regions: 9->9
[2025-06-03T15:46:50.170+0530][172.931s] GC(769) Archive regions: 2->2
[2025-06-03T15:46:50.170+0530][172.931s] GC(769) Humongous regions: 0->0
[2025-06-03T15:46:50.170+0530][172.931s] GC(769) Metaspace: 20474K(20928K)->20474K(20928K) NonClass: 17889K(18112K)->17889K(18112K) Class: 2585K(2816K)->2585K(2816K)
[2025-06-03T15:46:50.170+0530][172.931s] GC(769) Pause Young (Normal) (G1 Evacuation Pause) 315M->9M(512M) 1.442ms
[2025-06-03T15:46:50.170+0530][172.931s] GC(769) User=0.00s Sys=0.00s Real=0.01s
[2025-06-03T15:46:50.376+0530][173.136s] GC(770) Pause Young (Normal) (G1 Evacuation Pause)
[2025-06-03T15:46:50.376+0530][173.136s] GC(770) Using 8 workers of 8 for evacuation
[2025-06-03T15:46:50.376+0530][173.137s] GC(770) Skipped phase 1 of Reference Processing: no references
[2025-06-03T15:46:50.376+0530][173.137s] GC(770) Skipped phase 2 of Reference Processing: no references
[2025-06-03T15:46:50.376+0530][173.137s] GC(770) Skipped phase 3 of Reference Processing: no references
[2025-06-03T15:46:50.376+0530][173.137s] GC(770) Skipped phase 4 of Reference Processing: no references
[2025-06-03T15:46:50.377+0530][173.137s] GC(770)   Pre Evacuate Collection Set: 0.1ms
[2025-06-03T15:46:50.377+0530][173.137s] GC(770)   Merge Heap Roots: 0.1ms
[2025-06-03T15:46:50.377+0530][173.137s] GC(770)   Evacuate Collection Set: 0.3ms
[2025-06-03T15:46:50.377+0530][173.137s] GC(770)   Post Evacuate Collection Set: 0.5ms
[2025-06-03T15:46:50.377+0530][173.137s] GC(770)   Other: 0.2ms
[2025-06-03T15:46:50.377+0530][173.137s] GC(770) Eden regions: 306->0(306)
[2025-06-03T15:46:50.377+0530][173.137s] GC(770) Survivor regions: 1->1(39)
[2025-06-03T15:46:50.377+0530][173.137s] GC(770) Old regions: 9->9
[2025-06-03T15:46:50.377+0530][173.137s] GC(770) Archive regions: 2->2
[2025-06-03T15:46:50.377+0530][173.137s] GC(770) Humongous regions: 0->0
[2025-06-03T15:46:50.377+0530][173.138s] GC(770) Metaspace: 20474K(20928K)->20474K(20928K) NonClass: 17889K(18112K)->17889K(18112K) Class: 2585K(2816K)->2585K(2816K)
[2025-06-03T15:46:50.377+0530][173.138s] GC(770) Pause Young (Normal) (G1 Evacuation Pause) 315M->9M(512M) 1.380ms
[2025-06-03T15:46:50.377+0530][173.138s] GC(770) User=0.01s Sys=0.00s Real=0.00s
[2025-06-03T15:46:50.556+0530][173.316s] GC(771) Pause Young (Normal) (G1 Evacuation Pause)
[2025-06-03T15:46:50.556+0530][173.316s] GC(771) Using 8 workers of 8 for evacuation
[2025-06-03T15:46:50.556+0530][173.317s] GC(771) Skipped phase 1 of Reference Processing: no references
[2025-06-03T15:46:50.556+0530][173.317s] GC(771) Skipped phase 2 of Reference Processing: no references
[2025-06-03T15:46:50.556+0530][173.317s] GC(771) Skipped phase 3 of Reference Processing: no references
[2025-06-03T15:46:50.556+0530][173.317s] GC(771) Skipped phase 4 of Reference Processing: no references
[2025-06-03T15:46:50.557+0530][173.317s] GC(771)   Pre Evacuate Collection Set: 0.1ms
[2025-06-03T15:46:50.557+0530][173.318s] GC(771)   Merge Heap Roots: 0.1ms
[2025-06-03T15:46:50.557+0530][173.318s] GC(771)   Evacuate Collection Set: 0.4ms
[2025-06-03T15:46:50.557+0530][173.318s] GC(771)   Post Evacuate Collection Set: 0.6ms
[2025-06-03T15:46:50.557+0530][173.318s] GC(771)   Other: 0.2ms
[2025-06-03T15:46:50.557+0530][173.318s] GC(771) Eden regions: 306->0(306)
[2025-06-03T15:46:50.557+0530][173.318s] GC(771) Survivor regions: 1->1(39)
[2025-06-03T15:46:50.557+0530][173.318s] GC(771) Old regions: 9->9
[2025-06-03T15:46:50.557+0530][173.318s] GC(771) Archive regions: 2->2
[2025-06-03T15:46:50.557+0530][173.318s] GC(771) Humongous regions: 0->0
[2025-06-03T15:46:50.557+0530][173.318s] GC(771) Metaspace: 20474K(20928K)->20474K(20928K) NonClass: 17889K(18112K)->17889K(18112K) Class: 2585K(2816K)->2585K(2816K)
[2025-06-03T15:46:50.557+0530][173.318s] GC(771) Pause Young (Normal) (G1 Evacuation Pause) 315M->9M(512M) 1.598ms
[2025-06-03T15:46:50.557+0530][173.318s] GC(771) User=0.00s Sys=0.01s Real=0.00s
[2025-06-03T15:46:50.725+0530][173.485s] GC(772) Pause Young (Normal) (G1 Evacuation Pause)
[2025-06-03T15:46:50.725+0530][173.485s] GC(772) Using 8 workers of 8 for evacuation
[2025-06-03T15:46:50.725+0530][173.486s] GC(772) Skipped phase 1 of Reference Processing: no references
[2025-06-03T15:46:50.725+0530][173.486s] GC(772) Skipped phase 2 of Reference Processing: no references
[2025-06-03T15:46:50.725+0530][173.486s] GC(772) Skipped phase 3 of Reference Processing: no references
[2025-06-03T15:46:50.725+0530][173.486s] GC(772) Skipped phase 4 of Reference Processing: no references
[2025-06-03T15:46:50.726+0530][173.486s] GC(772)   Pre Evacuate Collection Set: 0.1ms
[2025-06-03T15:46:50.726+0530][173.486s] GC(772)   Merge Heap Roots: 0.1ms
[2025-06-03T15:46:50.726+0530][173.486s] GC(772)   Evacuate Collection Set: 0.3ms
[2025-06-03T15:46:50.726+0530][173.486s] GC(772)   Post Evacuate Collection Set: 0.4ms
[2025-06-03T15:46:50.726+0530][173.486s] GC(772)   Other: 0.2ms
[2025-06-03T15:46:50.726+0530][173.486s] GC(772) Eden regions: 306->0(306)
[2025-06-03T15:46:50.726+0530][173.486s] GC(772) Survivor regions: 1->1(39)
[2025-06-03T15:46:50.726+0530][173.486s] GC(772) Old regions: 9->9
[2025-06-03T15:46:50.726+0530][173.486s] GC(772) Archive regions: 2->2
[2025-06-03T15:46:50.726+0530][173.486s] GC(772) Humongous regions: 0->0
[2025-06-03T15:46:50.726+0530][173.486s] GC(772) Metaspace: 20474K(20928K)->20474K(20928K) NonClass: 17889K(18112K)->17889K(18112K) Class: 2585K(2816K)->2585K(2816K)
[2025-06-03T15:46:50.726+0530][173.487s] GC(772) Pause Young (Normal) (G1 Evacuation Pause) 315M->9M(512M) 1.216ms
[2025-06-03T15:46:50.726+0530][173.487s] GC(772) User=0.00s Sys=0.00s Real=0.00s
[2025-06-03T15:46:50.900+0530][173.660s] GC(773) Pause Young (Normal) (G1 Evacuation Pause)
[2025-06-03T15:46:50.900+0530][173.660s] GC(773) Using 8 workers of 8 for evacuation
[2025-06-03T15:46:50.900+0530][173.661s] GC(773) Skipped phase 1 of Reference Processing: no references
[2025-06-03T15:46:50.900+0530][173.661s] GC(773) Skipped phase 2 of Reference Processing: no references
[2025-06-03T15:46:50.900+0530][173.661s] GC(773) Skipped phase 3 of Reference Processing: no references
[2025-06-03T15:46:50.901+0530][173.661s] GC(773) Skipped phase 4 of Reference Processing: no references
[2025-06-03T15:46:50.901+0530][173.662s] GC(773)   Pre Evacuate Collection Set: 0.1ms
[2025-06-03T15:46:50.901+0530][173.662s] GC(773)   Merge Heap Roots: 0.1ms
[2025-06-03T15:46:50.901+0530][173.662s] GC(773)   Evacuate Collection Set: 0.4ms
[2025-06-03T15:46:50.901+0530][173.662s] GC(773)   Post Evacuate Collection Set: 0.6ms
[2025-06-03T15:46:50.901+0530][173.662s] GC(773)   Other: 0.3ms
[2025-06-03T15:46:50.901+0530][173.662s] GC(773) Eden regions: 306->0(306)
[2025-06-03T15:46:50.901+0530][173.662s] GC(773) Survivor regions: 1->1(39)
[2025-06-03T15:46:50.901+0530][173.662s] GC(773) Old regions: 9->9
[2025-06-03T15:46:50.901+0530][173.662s] GC(773) Archive regions: 2->2
[2025-06-03T15:46:50.902+0530][173.662s] GC(773) Humongous regions: 0->0
[2025-06-03T15:46:50.902+0530][173.662s] GC(773) Metaspace: 20474K(20928K)->20474K(20928K) NonClass: 17889K(18112K)->17889K(18112K) Class: 2585K(2816K)->2585K(2816K)
[2025-06-03T15:46:50.902+0530][173.662s] GC(773) Pause Young (Normal) (G1 Evacuation Pause) 315M->9M(512M) 2.073ms
[2025-06-03T15:46:50.902+0530][173.662s] GC(773) User=0.01s Sys=0.00s Real=0.00s
[2025-06-03T15:46:51.116+0530][173.876s] GC(774) Pause Young (Normal) (G1 Evacuation Pause)
[2025-06-03T15:46:51.116+0530][173.876s] GC(774) Using 8 workers of 8 for evacuation
[2025-06-03T15:46:51.116+0530][173.877s] GC(774) Skipped phase 1 of Reference Processing: no references
[2025-06-03T15:46:51.116+0530][173.877s] GC(774) Skipped phase 2 of Reference Processing: no references
[2025-06-03T15:46:51.116+0530][173.877s] GC(774) Skipped phase 3 of Reference Processing: no references
[2025-06-03T15:46:51.116+0530][173.877s] GC(774) Skipped phase 4 of Reference Processing: no references
[2025-06-03T15:46:51.117+0530][173.877s] GC(774)   Pre Evacuate Collection Set: 0.1ms
[2025-06-03T15:46:51.117+0530][173.878s] GC(774)   Merge Heap Roots: 0.1ms
[2025-06-03T15:46:51.117+0530][173.878s] GC(774)   Evacuate Collection Set: 0.3ms
[2025-06-03T15:46:51.117+0530][173.878s] GC(774)   Post Evacuate Collection Set: 0.5ms
[2025-06-03T15:46:51.117+0530][173.878s] GC(774)   Other: 0.2ms
[2025-06-03T15:46:51.117+0530][173.878s] GC(774) Eden regions: 306->0(306)
[2025-06-03T15:46:51.117+0530][173.878s] GC(774) Survivor regions: 1->1(39)
[2025-06-03T15:46:51.117+0530][173.878s] GC(774) Old regions: 9->9
[2025-06-03T15:46:51.117+0530][173.878s] GC(774) Archive regions: 2->2
[2025-06-03T15:46:51.117+0530][173.878s] GC(774) Humongous regions: 0->0
[2025-06-03T15:46:51.117+0530][173.878s] GC(774) Metaspace: 20474K(20928K)->20474K(20928K) NonClass: 17889K(18112K)->17889K(18112K) Class: 2585K(2816K)->2585K(2816K)
[2025-06-03T15:46:51.117+0530][173.878s] GC(774) Pause Young (Normal) (G1 Evacuation Pause) 315M->9M(512M) 1.588ms
[2025-06-03T15:46:51.117+0530][173.878s] GC(774) User=0.00s Sys=0.00s Real=0.00s
[2025-06-03T15:46:51.306+0530][174.066s] GC(775) Pause Young (Normal) (G1 Evacuation Pause)
[2025-06-03T15:46:51.306+0530][174.066s] GC(775) Using 8 workers of 8 for evacuation
[2025-06-03T15:46:51.306+0530][174.067s] GC(775) Skipped phase 1 of Reference Processing: no references
[2025-06-03T15:46:51.306+0530][174.067s] GC(775) Skipped phase 2 of Reference Processing: no references
[2025-06-03T15:46:51.306+0530][174.067s] GC(775) Skipped phase 3 of Reference Processing: no references
[2025-06-03T15:46:51.306+0530][174.067s] GC(775) Skipped phase 4 of Reference Processing: no references
[2025-06-03T15:46:51.307+0530][174.068s] GC(775)   Pre Evacuate Collection Set: 0.1ms
[2025-06-03T15:46:51.307+0530][174.068s] GC(775)   Merge Heap Roots: 0.1ms
[2025-06-03T15:46:51.307+0530][174.068s] GC(775)   Evacuate Collection Set: 0.3ms
[2025-06-03T15:46:51.307+0530][174.068s] GC(775)   Post Evacuate Collection Set: 0.6ms
[2025-06-03T15:46:51.307+0530][174.068s] GC(775)   Other: 0.2ms
[2025-06-03T15:46:51.307+0530][174.068s] GC(775) Eden regions: 306->0(306)
[2025-06-03T15:46:51.307+0530][174.068s] GC(775) Survivor regions: 1->1(39)
[2025-06-03T15:46:51.307+0530][174.068s] GC(775) Old regions: 9->9
[2025-06-03T15:46:51.307+0530][174.068s] GC(775) Archive regions: 2->2
[2025-06-03T15:46:51.307+0530][174.068s] GC(775) Humongous regions: 0->0
[2025-06-03T15:46:51.307+0530][174.068s] GC(775) Metaspace: 20474K(20928K)->20474K(20928K) NonClass: 17889K(18112K)->17889K(18112K) Class: 2585K(2816K)->2585K(2816K)
[2025-06-03T15:46:51.307+0530][174.068s] GC(775) Pause Young (Normal) (G1 Evacuation Pause) 315M->9M(512M) 1.518ms
[2025-06-03T15:46:51.307+0530][174.068s] GC(775) User=0.00s Sys=0.00s Real=0.00s
[2025-06-03T15:46:51.473+0530][174.234s] GC(776) Pause Young (Normal) (G1 Evacuation Pause)
[2025-06-03T15:46:51.473+0530][174.234s] GC(776) Using 8 workers of 8 for evacuation
[2025-06-03T15:46:51.474+0530][174.235s] GC(776) Skipped phase 1 of Reference Processing: no references
[2025-06-03T15:46:51.474+0530][174.235s] GC(776) Skipped phase 2 of Reference Processing: no references
[2025-06-03T15:46:51.474+0530][174.235s] GC(776) Skipped phase 3 of Reference Processing: no references
[2025-06-03T15:46:51.474+0530][174.235s] GC(776) Skipped phase 4 of Reference Processing: no references
[2025-06-03T15:46:51.475+0530][174.235s] GC(776)   Pre Evacuate Collection Set: 0.1ms
[2025-06-03T15:46:51.475+0530][174.235s] GC(776)   Merge Heap Roots: 0.1ms
[2025-06-03T15:46:51.475+0530][174.235s] GC(776)   Evacuate Collection Set: 0.3ms
[2025-06-03T15:46:51.475+0530][174.235s] GC(776)   Post Evacuate Collection Set: 0.5ms
[2025-06-03T15:46:51.475+0530][174.235s] GC(776)   Other: 0.2ms
[2025-06-03T15:46:51.475+0530][174.235s] GC(776) Eden regions: 306->0(306)
[2025-06-03T15:46:51.475+0530][174.235s] GC(776) Survivor regions: 1->1(39)
[2025-06-03T15:46:51.475+0530][174.235s] GC(776) Old regions: 9->9
[2025-06-03T15:46:51.475+0530][174.235s] GC(776) Archive regions: 2->2
[2025-06-03T15:46:51.475+0530][174.235s] GC(776) Humongous regions: 0->0
[2025-06-03T15:46:51.475+0530][174.235s] GC(776) Metaspace: 20474K(20928K)->20474K(20928K) NonClass: 17889K(18112K)->17889K(18112K) Class: 2585K(2816K)->2585K(2816K)
[2025-06-03T15:46:51.475+0530][174.235s] GC(776) Pause Young (Normal) (G1 Evacuation Pause) 315M->9M(512M) 1.497ms
[2025-06-03T15:46:51.475+0530][174.235s] GC(776) User=0.01s Sys=0.00s Real=0.00s
[2025-06-03T15:46:51.655+0530][174.416s] GC(777) Pause Young (Normal) (G1 Evacuation Pause)
[2025-06-03T15:46:51.655+0530][174.416s] GC(777) Using 8 workers of 8 for evacuation
[2025-06-03T15:46:51.656+0530][174.417s] GC(777) Skipped phase 1 of Reference Processing: no references
[2025-06-03T15:46:51.656+0530][174.417s] GC(777) Skipped phase 2 of Reference Processing: no references
[2025-06-03T15:46:51.656+0530][174.417s] GC(777) Skipped phase 3 of Reference Processing: no references
[2025-06-03T15:46:51.656+0530][174.417s] GC(777) Skipped phase 4 of Reference Processing: no references
[2025-06-03T15:46:51.657+0530][174.417s] GC(777)   Pre Evacuate Collection Set: 0.1ms
[2025-06-03T15:46:51.657+0530][174.417s] GC(777)   Merge Heap Roots: 0.1ms
[2025-06-03T15:46:51.657+0530][174.417s] GC(777)   Evacuate Collection Set: 0.3ms
[2025-06-03T15:46:51.657+0530][174.417s] GC(777)   Post Evacuate Collection Set: 0.5ms
[2025-06-03T15:46:51.657+0530][174.417s] GC(777)   Other: 0.3ms
[2025-06-03T15:46:51.657+0530][174.417s] GC(777) Eden regions: 306->0(306)
[2025-06-03T15:46:51.657+0530][174.417s] GC(777) Survivor regions: 1->1(39)
[2025-06-03T15:46:51.657+0530][174.417s] GC(777) Old regions: 9->9
[2025-06-03T15:46:51.657+0530][174.417s] GC(777) Archive regions: 2->2
[2025-06-03T15:46:51.657+0530][174.417s] GC(777) Humongous regions: 0->0
[2025-06-03T15:46:51.657+0530][174.417s] GC(777) Metaspace: 20474K(20928K)->20474K(20928K) NonClass: 17889K(18112K)->17889K(18112K) Class: 2585K(2816K)->2585K(2816K)
[2025-06-03T15:46:51.657+0530][174.417s] GC(777) Pause Young (Normal) (G1 Evacuation Pause) 315M->9M(512M) 1.538ms
[2025-06-03T15:46:51.657+0530][174.417s] GC(777) User=0.00s Sys=0.00s Real=0.00s
[2025-06-03T15:46:51.847+0530][174.608s] GC(778) Pause Young (Normal) (G1 Evacuation Pause)
[2025-06-03T15:46:51.847+0530][174.608s] GC(778) Using 8 workers of 8 for evacuation
[2025-06-03T15:46:51.848+0530][174.609s] GC(778) Skipped phase 1 of Reference Processing: no references
[2025-06-03T15:46:51.848+0530][174.609s] GC(778) Skipped phase 2 of Reference Processing: no references
[2025-06-03T15:46:51.848+0530][174.609s] GC(778) Skipped phase 3 of Reference Processing: no references
[2025-06-03T15:46:51.848+0530][174.609s] GC(778) Skipped phase 4 of Reference Processing: no references
[2025-06-03T15:46:51.849+0530][174.609s] GC(778)   Pre Evacuate Collection Set: 0.1ms
[2025-06-03T15:46:51.849+0530][174.609s] GC(778)   Merge Heap Roots: 0.1ms
[2025-06-03T15:46:51.849+0530][174.610s] GC(778)   Evacuate Collection Set: 0.3ms
[2025-06-03T15:46:51.849+0530][174.610s] GC(778)   Post Evacuate Collection Set: 0.6ms
[2025-06-03T15:46:51.849+0530][174.610s] GC(778)   Other: 0.2ms
[2025-06-03T15:46:51.849+0530][174.610s] GC(778) Eden regions: 306->0(306)
[2025-06-03T15:46:51.849+0530][174.610s] GC(778) Survivor regions: 1->1(39)
[2025-06-03T15:46:51.849+0530][174.610s] GC(778) Old regions: 9->9
[2025-06-03T15:46:51.849+0530][174.610s] GC(778) Archive regions: 2->2
[2025-06-03T15:46:51.849+0530][174.610s] GC(778) Humongous regions: 0->0
[2025-06-03T15:46:51.849+0530][174.610s] GC(778) Metaspace: 20474K(20928K)->20474K(20928K) NonClass: 17889K(18112K)->17889K(18112K) Class: 2585K(2816K)->2585K(2816K)
[2025-06-03T15:46:51.849+0530][174.610s] GC(778) Pause Young (Normal) (G1 Evacuation Pause) 315M->9M(512M) 1.896ms
[2025-06-03T15:46:51.849+0530][174.610s] GC(778) User=0.00s Sys=0.00s Real=0.00s
[2025-06-03T15:46:52.167+0530][174.928s] GC(779) Pause Young (Normal) (G1 Evacuation Pause)
[2025-06-03T15:46:52.167+0530][174.928s] GC(779) Using 8 workers of 8 for evacuation
[2025-06-03T15:46:52.168+0530][174.929s] GC(779) Skipped phase 1 of Reference Processing: no references
[2025-06-03T15:46:52.168+0530][174.929s] GC(779) Skipped phase 2 of Reference Processing: no references
[2025-06-03T15:46:52.168+0530][174.929s] GC(779) Skipped phase 3 of Reference Processing: no references
[2025-06-03T15:46:52.168+0530][174.929s] GC(779) Skipped phase 4 of Reference Processing: no references
[2025-06-03T15:46:52.169+0530][174.929s] GC(779)   Pre Evacuate Collection Set: 0.1ms
[2025-06-03T15:46:52.169+0530][174.929s] GC(779)   Merge Heap Roots: 0.1ms
[2025-06-03T15:46:52.169+0530][174.929s] GC(779)   Evacuate Collection Set: 0.4ms
[2025-06-03T15:46:52.169+0530][174.929s] GC(779)   Post Evacuate Collection Set: 0.6ms
[2025-06-03T15:46:52.169+0530][174.930s] GC(779)   Other: 0.2ms
[2025-06-03T15:46:52.169+0530][174.930s] GC(779) Eden regions: 306->0(306)
[2025-06-03T15:46:52.169+0530][174.930s] GC(779) Survivor regions: 1->1(39)
[2025-06-03T15:46:52.169+0530][174.930s] GC(779) Old regions: 9->9
[2025-06-03T15:46:52.169+0530][174.930s] GC(779) Archive regions: 2->2
[2025-06-03T15:46:52.169+0530][174.930s] GC(779) Humongous regions: 0->0
[2025-06-03T15:46:52.169+0530][174.930s] GC(779) Metaspace: 20474K(20928K)->20474K(20928K) NonClass: 17889K(18112K)->17889K(18112K) Class: 2585K(2816K)->2585K(2816K)
[2025-06-03T15:46:52.169+0530][174.930s] GC(779) Pause Young (Normal) (G1 Evacuation Pause) 315M->9M(512M) 1.788ms
[2025-06-03T15:46:52.169+0530][174.930s] GC(779) User=0.01s Sys=0.00s Real=0.00s
[2025-06-03T15:46:52.439+0530][175.200s] GC(780) Pause Young (Normal) (G1 Evacuation Pause)
[2025-06-03T15:46:52.439+0530][175.200s] GC(780) Using 8 workers of 8 for evacuation
[2025-06-03T15:46:52.440+0530][175.200s] GC(780) Skipped phase 1 of Reference Processing: no references
[2025-06-03T15:46:52.440+0530][175.200s] GC(780) Skipped phase 2 of Reference Processing: no references
[2025-06-03T15:46:52.440+0530][175.201s] GC(780) Skipped phase 3 of Reference Processing: no references
[2025-06-03T15:46:52.440+0530][175.201s] GC(780) Skipped phase 4 of Reference Processing: no references
[2025-06-03T15:46:52.440+0530][175.201s] GC(780)   Pre Evacuate Collection Set: 0.1ms
[2025-06-03T15:46:52.441+0530][175.201s] GC(780)   Merge Heap Roots: 0.1ms
[2025-06-03T15:46:52.441+0530][175.201s] GC(780)   Evacuate Collection Set: 0.4ms
[2025-06-03T15:46:52.441+0530][175.201s] GC(780)   Post Evacuate Collection Set: 0.6ms
[2025-06-03T15:46:52.441+0530][175.201s] GC(780)   Other: 0.3ms
[2025-06-03T15:46:52.441+0530][175.201s] GC(780) Eden regions: 306->0(306)
[2025-06-03T15:46:52.441+0530][175.201s] GC(780) Survivor regions: 1->1(39)
[2025-06-03T15:46:52.441+0530][175.201s] GC(780) Old regions: 9->9
[2025-06-03T15:46:52.441+0530][175.201s] GC(780) Archive regions: 2->2
[2025-06-03T15:46:52.441+0530][175.201s] GC(780) Humongous regions: 0->0
[2025-06-03T15:46:52.441+0530][175.202s] GC(780) Metaspace: 20474K(20928K)->20474K(20928K) NonClass: 17889K(18112K)->17889K(18112K) Class: 2585K(2816K)->2585K(2816K)
[2025-06-03T15:46:52.441+0530][175.202s] GC(780) Pause Young (Normal) (G1 Evacuation Pause) 315M->9M(512M) 2.064ms
[2025-06-03T15:46:52.441+0530][175.202s] GC(780) User=0.01s Sys=0.01s Real=0.01s
[2025-06-03T15:46:52.669+0530][175.430s] GC(781) Pause Young (Normal) (G1 Evacuation Pause)
[2025-06-03T15:46:52.669+0530][175.430s] GC(781) Using 8 workers of 8 for evacuation
[2025-06-03T15:46:52.670+0530][175.431s] GC(781) Skipped phase 1 of Reference Processing: no references
[2025-06-03T15:46:52.670+0530][175.431s] GC(781) Skipped phase 2 of Reference Processing: no references
[2025-06-03T15:46:52.670+0530][175.431s] GC(781) Skipped phase 3 of Reference Processing: no references
[2025-06-03T15:46:52.670+0530][175.431s] GC(781) Skipped phase 4 of Reference Processing: no references
[2025-06-03T15:46:52.671+0530][175.431s] GC(781)   Pre Evacuate Collection Set: 0.1ms
[2025-06-03T15:46:52.671+0530][175.431s] GC(781)   Merge Heap Roots: 0.1ms
[2025-06-03T15:46:52.671+0530][175.431s] GC(781)   Evacuate Collection Set: 0.4ms
[2025-06-03T15:46:52.671+0530][175.431s] GC(781)   Post Evacuate Collection Set: 0.5ms
[2025-06-03T15:46:52.671+0530][175.431s] GC(781)   Other: 0.2ms
[2025-06-03T15:46:52.671+0530][175.431s] GC(781) Eden regions: 306->0(306)
[2025-06-03T15:46:52.671+0530][175.431s] GC(781) Survivor regions: 1->1(39)
[2025-06-03T15:46:52.671+0530][175.431s] GC(781) Old regions: 9->9
[2025-06-03T15:46:52.671+0530][175.431s] GC(781) Archive regions: 2->2
[2025-06-03T15:46:52.671+0530][175.431s] GC(781) Humongous regions: 0->0
[2025-06-03T15:46:52.671+0530][175.431s] GC(781) Metaspace: 20474K(20928K)->20474K(20928K) NonClass: 17889K(18112K)->17889K(18112K) Class: 2585K(2816K)->2585K(2816K)
[2025-06-03T15:46:52.671+0530][175.432s] GC(781) Pause Young (Normal) (G1 Evacuation Pause) 315M->9M(512M) 1.490ms
[2025-06-03T15:46:52.671+0530][175.432s] GC(781) User=0.00s Sys=0.00s Real=0.01s
[2025-06-03T15:46:52.882+0530][175.642s] GC(782) Pause Young (Normal) (G1 Evacuation Pause)
[2025-06-03T15:46:52.882+0530][175.642s] GC(782) Using 8 workers of 8 for evacuation
[2025-06-03T15:46:52.883+0530][175.643s] GC(782) Skipped phase 1 of Reference Processing: no references
[2025-06-03T15:46:52.883+0530][175.643s] GC(782) Skipped phase 2 of Reference Processing: no references
[2025-06-03T15:46:52.883+0530][175.643s] GC(782) Skipped phase 3 of Reference Processing: no references
[2025-06-03T15:46:52.883+0530][175.643s] GC(782) Skipped phase 4 of Reference Processing: no references
[2025-06-03T15:46:52.883+0530][175.644s] GC(782)   Pre Evacuate Collection Set: 0.1ms
[2025-06-03T15:46:52.883+0530][175.644s] GC(782)   Merge Heap Roots: 0.1ms
[2025-06-03T15:46:52.883+0530][175.644s] GC(782)   Evacuate Collection Set: 0.4ms
[2025-06-03T15:46:52.883+0530][175.644s] GC(782)   Post Evacuate Collection Set: 0.7ms
[2025-06-03T15:46:52.883+0530][175.644s] GC(782)   Other: 0.2ms
[2025-06-03T15:46:52.884+0530][175.644s] GC(782) Eden regions: 306->0(306)
[2025-06-03T15:46:52.884+0530][175.644s] GC(782) Survivor regions: 1->1(39)
[2025-06-03T15:46:52.884+0530][175.644s] GC(782) Old regions: 9->9
[2025-06-03T15:46:52.884+0530][175.644s] GC(782) Archive regions: 2->2
[2025-06-03T15:46:52.884+0530][175.644s] GC(782) Humongous regions: 0->0
[2025-06-03T15:46:52.884+0530][175.644s] GC(782) Metaspace: 20474K(20928K)->20474K(20928K) NonClass: 17889K(18112K)->17889K(18112K) Class: 2585K(2816K)->2585K(2816K)
[2025-06-03T15:46:52.884+0530][175.644s] GC(782) Pause Young (Normal) (G1 Evacuation Pause) 315M->9M(512M) 2.005ms
[2025-06-03T15:46:52.884+0530][175.644s] GC(782) User=0.00s Sys=0.00s Real=0.00s
[2025-06-03T15:46:53.093+0530][175.854s] GC(783) Pause Young (Normal) (G1 Evacuation Pause)
[2025-06-03T15:46:53.093+0530][175.854s] GC(783) Using 8 workers of 8 for evacuation
[2025-06-03T15:46:53.094+0530][175.855s] GC(783) Skipped phase 1 of Reference Processing: no references
[2025-06-03T15:46:53.094+0530][175.855s] GC(783) Skipped phase 2 of Reference Processing: no references
[2025-06-03T15:46:53.094+0530][175.855s] GC(783) Skipped phase 3 of Reference Processing: no references
[2025-06-03T15:46:53.094+0530][175.855s] GC(783) Skipped phase 4 of Reference Processing: no references
[2025-06-03T15:46:53.095+0530][175.855s] GC(783)   Pre Evacuate Collection Set: 0.1ms
[2025-06-03T15:46:53.095+0530][175.856s] GC(783)   Merge Heap Roots: 0.1ms
[2025-06-03T15:46:53.095+0530][175.856s] GC(783)   Evacuate Collection Set: 0.3ms
[2025-06-03T15:46:53.095+0530][175.856s] GC(783)   Post Evacuate Collection Set: 0.9ms
[2025-06-03T15:46:53.095+0530][175.856s] GC(783)   Other: 0.2ms
[2025-06-03T15:46:53.095+0530][175.856s] GC(783) Eden regions: 306->0(306)
[2025-06-03T15:46:53.095+0530][175.856s] GC(783) Survivor regions: 1->1(39)
[2025-06-03T15:46:53.095+0530][175.856s] GC(783) Old regions: 9->9
[2025-06-03T15:46:53.095+0530][175.856s] GC(783) Archive regions: 2->2
[2025-06-03T15:46:53.095+0530][175.856s] GC(783) Humongous regions: 0->0
[2025-06-03T15:46:53.095+0530][175.856s] GC(783) Metaspace: 20474K(20928K)->20474K(20928K) NonClass: 17889K(18112K)->17889K(18112K) Class: 2585K(2816K)->2585K(2816K)
[2025-06-03T15:46:53.095+0530][175.856s] GC(783) Pause Young (Normal) (G1 Evacuation Pause) 315M->9M(512M) 2.069ms
[2025-06-03T15:46:53.095+0530][175.856s] GC(783) User=0.00s Sys=0.00s Real=0.00s
[2025-06-03T15:46:53.295+0530][176.055s] GC(784) Pause Young (Normal) (G1 Evacuation Pause)
[2025-06-03T15:46:53.295+0530][176.055s] GC(784) Using 8 workers of 8 for evacuation
[2025-06-03T15:46:53.295+0530][176.056s] GC(784) Skipped phase 1 of Reference Processing: no references
[2025-06-03T15:46:53.295+0530][176.056s] GC(784) Skipped phase 2 of Reference Processing: no references
[2025-06-03T15:46:53.295+0530][176.056s] GC(784) Skipped phase 3 of Reference Processing: no references
[2025-06-03T15:46:53.295+0530][176.056s] GC(784) Skipped phase 4 of Reference Processing: no references
[2025-06-03T15:46:53.296+0530][176.056s] GC(784)   Pre Evacuate Collection Set: 0.1ms
[2025-06-03T15:46:53.296+0530][176.056s] GC(784)   Merge Heap Roots: 0.1ms
[2025-06-03T15:46:53.296+0530][176.056s] GC(784)   Evacuate Collection Set: 0.3ms
[2025-06-03T15:46:53.296+0530][176.056s] GC(784)   Post Evacuate Collection Set: 0.5ms
[2025-06-03T15:46:53.296+0530][176.056s] GC(784)   Other: 0.2ms
[2025-06-03T15:46:53.296+0530][176.056s] GC(784) Eden regions: 306->0(306)
[2025-06-03T15:46:53.296+0530][176.056s] GC(784) Survivor regions: 1->1(39)
[2025-06-03T15:46:53.296+0530][176.056s] GC(784) Old regions: 9->9
[2025-06-03T15:46:53.296+0530][176.057s] GC(784) Archive regions: 2->2
[2025-06-03T15:46:53.296+0530][176.057s] GC(784) Humongous regions: 0->0
[2025-06-03T15:46:53.296+0530][176.057s] GC(784) Metaspace: 20474K(20928K)->20474K(20928K) NonClass: 17889K(18112K)->17889K(18112K) Class: 2585K(2816K)->2585K(2816K)
[2025-06-03T15:46:53.296+0530][176.057s] GC(784) Pause Young (Normal) (G1 Evacuation Pause) 315M->9M(512M) 1.329ms
[2025-06-03T15:46:53.296+0530][176.057s] GC(784) User=0.00s Sys=0.00s Real=0.00s
[2025-06-03T15:46:53.518+0530][176.278s] GC(785) Pause Young (Normal) (G1 Evacuation Pause)
[2025-06-03T15:46:53.518+0530][176.278s] GC(785) Using 8 workers of 8 for evacuation
[2025-06-03T15:46:53.518+0530][176.279s] GC(785) Skipped phase 1 of Reference Processing: no references
[2025-06-03T15:46:53.518+0530][176.279s] GC(785) Skipped phase 2 of Reference Processing: no references
[2025-06-03T15:46:53.518+0530][176.279s] GC(785) Skipped phase 3 of Reference Processing: no references
[2025-06-03T15:46:53.518+0530][176.279s] GC(785) Skipped phase 4 of Reference Processing: no references
[2025-06-03T15:46:53.519+0530][176.280s] GC(785)   Pre Evacuate Collection Set: 0.2ms
[2025-06-03T15:46:53.519+0530][176.280s] GC(785)   Merge Heap Roots: 0.1ms
[2025-06-03T15:46:53.519+0530][176.280s] GC(785)   Evacuate Collection Set: 0.3ms
[2025-06-03T15:46:53.519+0530][176.280s] GC(785)   Post Evacuate Collection Set: 0.6ms
[2025-06-03T15:46:53.519+0530][176.280s] GC(785)   Other: 0.3ms
[2025-06-03T15:46:53.519+0530][176.280s] GC(785) Eden regions: 306->0(306)
[2025-06-03T15:46:53.519+0530][176.280s] GC(785) Survivor regions: 1->1(39)
[2025-06-03T15:46:53.519+0530][176.280s] GC(785) Old regions: 9->9
[2025-06-03T15:46:53.519+0530][176.280s] GC(785) Archive regions: 2->2
[2025-06-03T15:46:53.519+0530][176.280s] GC(785) Humongous regions: 0->0
[2025-06-03T15:46:53.519+0530][176.280s] GC(785) Metaspace: 20474K(20928K)->20474K(20928K) NonClass: 17889K(18112K)->17889K(18112K) Class: 2585K(2816K)->2585K(2816K)
[2025-06-03T15:46:53.519+0530][176.280s] GC(785) Pause Young (Normal) (G1 Evacuation Pause) 315M->9M(512M) 1.854ms
[2025-06-03T15:46:53.519+0530][176.280s] GC(785) User=0.00s Sys=0.00s Real=0.00s
[2025-06-03T15:46:53.732+0530][176.492s] GC(786) Pause Young (Normal) (G1 Evacuation Pause)
[2025-06-03T15:46:53.732+0530][176.492s] GC(786) Using 8 workers of 8 for evacuation
[2025-06-03T15:46:53.732+0530][176.493s] GC(786) Skipped phase 1 of Reference Processing: no references
[2025-06-03T15:46:53.732+0530][176.493s] GC(786) Skipped phase 2 of Reference Processing: no references
[2025-06-03T15:46:53.732+0530][176.493s] GC(786) Skipped phase 3 of Reference Processing: no references
[2025-06-03T15:46:53.732+0530][176.493s] GC(786) Skipped phase 4 of Reference Processing: no references
[2025-06-03T15:46:53.733+0530][176.493s] GC(786)   Pre Evacuate Collection Set: 0.1ms
[2025-06-03T15:46:53.733+0530][176.493s] GC(786)   Merge Heap Roots: 0.1ms
[2025-06-03T15:46:53.733+0530][176.493s] GC(786)   Evacuate Collection Set: 0.2ms
[2025-06-03T15:46:53.733+0530][176.493s] GC(786)   Post Evacuate Collection Set: 0.5ms
[2025-06-03T15:46:53.733+0530][176.494s] GC(786)   Other: 0.2ms
[2025-06-03T15:46:53.733+0530][176.494s] GC(786) Eden regions: 306->0(306)
[2025-06-03T15:46:53.733+0530][176.494s] GC(786) Survivor regions: 1->1(39)
[2025-06-03T15:46:53.733+0530][176.494s] GC(786) Old regions: 9->9
[2025-06-03T15:46:53.733+0530][176.494s] GC(786) Archive regions: 2->2
[2025-06-03T15:46:53.733+0530][176.494s] GC(786) Humongous regions: 0->0
[2025-06-03T15:46:53.733+0530][176.494s] GC(786) Metaspace: 20474K(20928K)->20474K(20928K) NonClass: 17889K(18112K)->17889K(18112K) Class: 2585K(2816K)->2585K(2816K)
[2025-06-03T15:46:53.733+0530][176.494s] GC(786) Pause Young (Normal) (G1 Evacuation Pause) 315M->9M(512M) 1.323ms
[2025-06-03T15:46:53.733+0530][176.494s] GC(786) User=0.00s Sys=0.00s Real=0.00s
[2025-06-03T15:46:53.973+0530][176.733s] GC(787) Pause Young (Normal) (G1 Evacuation Pause)
[2025-06-03T15:46:53.973+0530][176.733s] GC(787) Using 8 workers of 8 for evacuation
[2025-06-03T15:46:53.974+0530][176.735s] GC(787) Skipped phase 1 of Reference Processing: no references
[2025-06-03T15:46:53.974+0530][176.735s] GC(787) Skipped phase 2 of Reference Processing: no references
[2025-06-03T15:46:53.974+0530][176.735s] GC(787) Skipped phase 3 of Reference Processing: no references
[2025-06-03T15:46:53.974+0530][176.735s] GC(787) Skipped phase 4 of Reference Processing: no references
[2025-06-03T15:46:53.975+0530][176.736s] GC(787)   Pre Evacuate Collection Set: 0.1ms
[2025-06-03T15:46:53.975+0530][176.736s] GC(787)   Merge Heap Roots: 0.1ms
[2025-06-03T15:46:53.975+0530][176.736s] GC(787)   Evacuate Collection Set: 0.8ms
[2025-06-03T15:46:53.975+0530][176.736s] GC(787)   Post Evacuate Collection Set: 1.1ms
[2025-06-03T15:46:53.975+0530][176.736s] GC(787)   Other: 0.4ms
[2025-06-03T15:46:53.975+0530][176.736s] GC(787) Eden regions: 306->0(306)
[2025-06-03T15:46:53.975+0530][176.736s] GC(787) Survivor regions: 1->1(39)
[2025-06-03T15:46:53.975+0530][176.736s] GC(787) Old regions: 9->9
[2025-06-03T15:46:53.975+0530][176.736s] GC(787) Archive regions: 2->2
[2025-06-03T15:46:53.975+0530][176.736s] GC(787) Humongous regions: 0->0
[2025-06-03T15:46:53.975+0530][176.736s] GC(787) Metaspace: 20474K(20928K)->20474K(20928K) NonClass: 17889K(18112K)->17889K(18112K) Class: 2585K(2816K)->2585K(2816K)
[2025-06-03T15:46:53.976+0530][176.736s] GC(787) Pause Young (Normal) (G1 Evacuation Pause) 315M->9M(512M) 2.966ms
[2025-06-03T15:46:53.976+0530][176.736s] GC(787) User=0.01s Sys=0.01s Real=0.00s
[2025-06-03T15:46:54.227+0530][176.988s] GC(788) Pause Young (Normal) (G1 Evacuation Pause)
[2025-06-03T15:46:54.227+0530][176.988s] GC(788) Using 8 workers of 8 for evacuation
[2025-06-03T15:46:54.228+0530][176.989s] GC(788) Skipped phase 1 of Reference Processing: no references
[2025-06-03T15:46:54.228+0530][176.989s] GC(788) Skipped phase 2 of Reference Processing: no references
[2025-06-03T15:46:54.228+0530][176.989s] GC(788) Skipped phase 3 of Reference Processing: no references
[2025-06-03T15:46:54.228+0530][176.989s] GC(788) Skipped phase 4 of Reference Processing: no references
[2025-06-03T15:46:54.228+0530][176.989s] GC(788)   Pre Evacuate Collection Set: 0.1ms
[2025-06-03T15:46:54.228+0530][176.989s] GC(788)   Merge Heap Roots: 0.1ms
[2025-06-03T15:46:54.229+0530][176.989s] GC(788)   Evacuate Collection Set: 0.3ms
[2025-06-03T15:46:54.229+0530][176.989s] GC(788)   Post Evacuate Collection Set: 0.5ms
[2025-06-03T15:46:54.229+0530][176.989s] GC(788)   Other: 0.2ms
[2025-06-03T15:46:54.229+0530][176.989s] GC(788) Eden regions: 306->0(306)
[2025-06-03T15:46:54.229+0530][176.989s] GC(788) Survivor regions: 1->1(39)
[2025-06-03T15:46:54.229+0530][176.989s] GC(788) Old regions: 9->9
[2025-06-03T15:46:54.229+0530][176.989s] GC(788) Archive regions: 2->2
[2025-06-03T15:46:54.229+0530][176.989s] GC(788) Humongous regions: 0->0
[2025-06-03T15:46:54.229+0530][176.989s] GC(788) Metaspace: 20474K(20928K)->20474K(20928K) NonClass: 17889K(18112K)->17889K(18112K) Class: 2585K(2816K)->2585K(2816K)
[2025-06-03T15:46:54.229+0530][176.990s] GC(788) Pause Young (Normal) (G1 Evacuation Pause) 315M->9M(512M) 1.621ms
[2025-06-03T15:46:54.229+0530][176.990s] GC(788) User=0.01s Sys=0.00s Real=0.00s
[2025-06-03T15:46:54.436+0530][177.197s] GC(789) Pause Young (Normal) (G1 Evacuation Pause)
[2025-06-03T15:46:54.436+0530][177.197s] GC(789) Using 8 workers of 8 for evacuation
[2025-06-03T15:46:54.437+0530][177.197s] GC(789) Skipped phase 1 of Reference Processing: no references
[2025-06-03T15:46:54.437+0530][177.197s] GC(789) Skipped phase 2 of Reference Processing: no references
[2025-06-03T15:46:54.437+0530][177.197s] GC(789) Skipped phase 3 of Reference Processing: no references
[2025-06-03T15:46:54.437+0530][177.197s] GC(789) Skipped phase 4 of Reference Processing: no references
[2025-06-03T15:46:54.437+0530][177.198s] GC(789)   Pre Evacuate Collection Set: 0.1ms
[2025-06-03T15:46:54.437+0530][177.198s] GC(789)   Merge Heap Roots: 0.1ms
[2025-06-03T15:46:54.437+0530][177.198s] GC(789)   Evacuate Collection Set: 0.3ms
[2025-06-03T15:46:54.437+0530][177.198s] GC(789)   Post Evacuate Collection Set: 0.6ms
[2025-06-03T15:46:54.437+0530][177.198s] GC(789)   Other: 0.2ms
[2025-06-03T15:46:54.437+0530][177.198s] GC(789) Eden regions: 306->0(306)
[2025-06-03T15:46:54.437+0530][177.198s] GC(789) Survivor regions: 1->1(39)
[2025-06-03T15:46:54.437+0530][177.198s] GC(789) Old regions: 9->9
[2025-06-03T15:46:54.437+0530][177.198s] GC(789) Archive regions: 2->2
[2025-06-03T15:46:54.437+0530][177.198s] GC(789) Humongous regions: 0->0
[2025-06-03T15:46:54.437+0530][177.198s] GC(789) Metaspace: 20474K(20928K)->20474K(20928K) NonClass: 17889K(18112K)->17889K(18112K) Class: 2585K(2816K)->2585K(2816K)
[2025-06-03T15:46:54.437+0530][177.198s] GC(789) Pause Young (Normal) (G1 Evacuation Pause) 315M->9M(512M) 1.525ms
[2025-06-03T15:46:54.438+0530][177.198s] GC(789) User=0.00s Sys=0.00s Real=0.00s
[2025-06-03T15:46:54.659+0530][177.420s] GC(790) Pause Young (Normal) (G1 Evacuation Pause)
[2025-06-03T15:46:54.659+0530][177.420s] GC(790) Using 8 workers of 8 for evacuation
[2025-06-03T15:46:54.660+0530][177.420s] GC(790) Skipped phase 1 of Reference Processing: no references
[2025-06-03T15:46:54.660+0530][177.420s] GC(790) Skipped phase 2 of Reference Processing: no references
[2025-06-03T15:46:54.660+0530][177.420s] GC(790) Skipped phase 3 of Reference Processing: no references
[2025-06-03T15:46:54.660+0530][177.420s] GC(790) Skipped phase 4 of Reference Processing: no references
[2025-06-03T15:46:54.660+0530][177.421s] GC(790)   Pre Evacuate Collection Set: 0.1ms
[2025-06-03T15:46:54.660+0530][177.421s] GC(790)   Merge Heap Roots: 0.1ms
[2025-06-03T15:46:54.660+0530][177.421s] GC(790)   Evacuate Collection Set: 0.3ms
[2025-06-03T15:46:54.660+0530][177.421s] GC(790)   Post Evacuate Collection Set: 0.6ms
[2025-06-03T15:46:54.660+0530][177.421s] GC(790)   Other: 0.2ms
[2025-06-03T15:46:54.660+0530][177.421s] GC(790) Eden regions: 306->0(306)
[2025-06-03T15:46:54.660+0530][177.421s] GC(790) Survivor regions: 1->1(39)
[2025-06-03T15:46:54.660+0530][177.421s] GC(790) Old regions: 9->9
[2025-06-03T15:46:54.660+0530][177.421s] GC(790) Archive regions: 2->2
[2025-06-03T15:46:54.660+0530][177.421s] GC(790) Humongous regions: 0->0
[2025-06-03T15:46:54.660+0530][177.421s] GC(790) Metaspace: 20474K(20928K)->20474K(20928K) NonClass: 17889K(18112K)->17889K(18112K) Class: 2585K(2816K)->2585K(2816K)
[2025-06-03T15:46:54.660+0530][177.421s] GC(790) Pause Young (Normal) (G1 Evacuation Pause) 315M->9M(512M) 1.457ms
[2025-06-03T15:46:54.660+0530][177.421s] GC(790) User=0.00s Sys=0.00s Real=0.01s
[2025-06-03T15:46:54.901+0530][177.662s] GC(791) Pause Young (Normal) (G1 Evacuation Pause)
[2025-06-03T15:46:54.902+0530][177.662s] GC(791) Using 8 workers of 8 for evacuation
[2025-06-03T15:46:54.903+0530][177.663s] GC(791) Skipped phase 1 of Reference Processing: no references
[2025-06-03T15:46:54.903+0530][177.663s] GC(791) Skipped phase 2 of Reference Processing: no references
[2025-06-03T15:46:54.903+0530][177.663s] GC(791) Skipped phase 3 of Reference Processing: no references
[2025-06-03T15:46:54.903+0530][177.663s] GC(791) Skipped phase 4 of Reference Processing: no references
[2025-06-03T15:46:54.903+0530][177.664s] GC(791)   Pre Evacuate Collection Set: 0.2ms
[2025-06-03T15:46:54.903+0530][177.664s] GC(791)   Merge Heap Roots: 0.1ms
[2025-06-03T15:46:54.903+0530][177.664s] GC(791)   Evacuate Collection Set: 0.5ms
[2025-06-03T15:46:54.903+0530][177.664s] GC(791)   Post Evacuate Collection Set: 0.7ms
[2025-06-03T15:46:54.903+0530][177.664s] GC(791)   Other: 0.3ms
[2025-06-03T15:46:54.903+0530][177.664s] GC(791) Eden regions: 306->0(306)
[2025-06-03T15:46:54.903+0530][177.664s] GC(791) Survivor regions: 1->1(39)
[2025-06-03T15:46:54.903+0530][177.664s] GC(791) Old regions: 9->9
[2025-06-03T15:46:54.903+0530][177.664s] GC(791) Archive regions: 2->2
[2025-06-03T15:46:54.903+0530][177.664s] GC(791) Humongous regions: 0->0
[2025-06-03T15:46:54.903+0530][177.664s] GC(791) Metaspace: 20474K(20928K)->20474K(20928K) NonClass: 17889K(18112K)->17889K(18112K) Class: 2585K(2816K)->2585K(2816K)
[2025-06-03T15:46:54.903+0530][177.664s] GC(791) Pause Young (Normal) (G1 Evacuation Pause) 315M->9M(512M) 2.043ms
[2025-06-03T15:46:54.904+0530][177.664s] GC(791) User=0.00s Sys=0.00s Real=0.00s
[2025-06-03T15:46:55.159+0530][177.920s] GC(792) Pause Young (Normal) (G1 Evacuation Pause)
[2025-06-03T15:46:55.159+0530][177.920s] GC(792) Using 8 workers of 8 for evacuation
[2025-06-03T15:46:55.160+0530][177.920s] GC(792) Skipped phase 1 of Reference Processing: no references
[2025-06-03T15:46:55.160+0530][177.920s] GC(792) Skipped phase 2 of Reference Processing: no references
[2025-06-03T15:46:55.160+0530][177.920s] GC(792) Skipped phase 3 of Reference Processing: no references
[2025-06-03T15:46:55.160+0530][177.920s] GC(792) Skipped phase 4 of Reference Processing: no references
[2025-06-03T15:46:55.160+0530][177.921s] GC(792)   Pre Evacuate Collection Set: 0.1ms
[2025-06-03T15:46:55.160+0530][177.921s] GC(792)   Merge Heap Roots: 0.1ms
[2025-06-03T15:46:55.160+0530][177.921s] GC(792)   Evacuate Collection Set: 0.3ms
[2025-06-03T15:46:55.160+0530][177.921s] GC(792)   Post Evacuate Collection Set: 0.6ms
[2025-06-03T15:46:55.160+0530][177.921s] GC(792)   Other: 0.3ms
[2025-06-03T15:46:55.160+0530][177.921s] GC(792) Eden regions: 306->0(306)
[2025-06-03T15:46:55.160+0530][177.921s] GC(792) Survivor regions: 1->1(39)
[2025-06-03T15:46:55.160+0530][177.921s] GC(792) Old regions: 9->9
[2025-06-03T15:46:55.160+0530][177.921s] GC(792) Archive regions: 2->2
[2025-06-03T15:46:55.161+0530][177.921s] GC(792) Humongous regions: 0->0
[2025-06-03T15:46:55.161+0530][177.921s] GC(792) Metaspace: 20474K(20928K)->20474K(20928K) NonClass: 17889K(18112K)->17889K(18112K) Class: 2585K(2816K)->2585K(2816K)
[2025-06-03T15:46:55.161+0530][177.921s] GC(792) Pause Young (Normal) (G1 Evacuation Pause) 315M->9M(512M) 1.685ms
[2025-06-03T15:46:55.161+0530][177.921s] GC(792) User=0.00s Sys=0.00s Real=0.01s
[2025-06-03T15:46:55.411+0530][178.172s] GC(793) Pause Young (Normal) (G1 Evacuation Pause)
[2025-06-03T15:46:55.412+0530][178.172s] GC(793) Using 8 workers of 8 for evacuation
[2025-06-03T15:46:55.412+0530][178.173s] GC(793) Skipped phase 1 of Reference Processing: no references
[2025-06-03T15:46:55.412+0530][178.173s] GC(793) Skipped phase 2 of Reference Processing: no references
[2025-06-03T15:46:55.413+0530][178.173s] GC(793) Skipped phase 3 of Reference Processing: no references
[2025-06-03T15:46:55.413+0530][178.173s] GC(793) Skipped phase 4 of Reference Processing: no references
[2025-06-03T15:46:55.413+0530][178.174s] GC(793)   Pre Evacuate Collection Set: 0.1ms
[2025-06-03T15:46:55.413+0530][178.174s] GC(793)   Merge Heap Roots: 0.1ms
[2025-06-03T15:46:55.413+0530][178.174s] GC(793)   Evacuate Collection Set: 0.4ms
[2025-06-03T15:46:55.413+0530][178.174s] GC(793)   Post Evacuate Collection Set: 0.6ms
[2025-06-03T15:46:55.413+0530][178.174s] GC(793)   Other: 0.3ms
[2025-06-03T15:46:55.413+0530][178.174s] GC(793) Eden regions: 306->0(306)
[2025-06-03T15:46:55.413+0530][178.174s] GC(793) Survivor regions: 1->1(39)
[2025-06-03T15:46:55.413+0530][178.174s] GC(793) Old regions: 9->9
[2025-06-03T15:46:55.413+0530][178.174s] GC(793) Archive regions: 2->2
[2025-06-03T15:46:55.413+0530][178.174s] GC(793) Humongous regions: 0->0
[2025-06-03T15:46:55.413+0530][178.174s] GC(793) Metaspace: 20474K(20928K)->20474K(20928K) NonClass: 17889K(18112K)->17889K(18112K) Class: 2585K(2816K)->2585K(2816K)
[2025-06-03T15:46:55.413+0530][178.174s] GC(793) Pause Young (Normal) (G1 Evacuation Pause) 315M->9M(512M) 1.864ms
[2025-06-03T15:46:55.413+0530][178.174s] GC(793) User=0.00s Sys=0.00s Real=0.00s
[2025-06-03T15:46:55.630+0530][178.391s] GC(794) Pause Young (Normal) (G1 Evacuation Pause)
[2025-06-03T15:46:55.630+0530][178.391s] GC(794) Using 8 workers of 8 for evacuation
[2025-06-03T15:46:55.631+0530][178.391s] GC(794) Skipped phase 1 of Reference Processing: no references
[2025-06-03T15:46:55.631+0530][178.392s] GC(794) Skipped phase 2 of Reference Processing: no references
[2025-06-03T15:46:55.631+0530][178.392s] GC(794) Skipped phase 3 of Reference Processing: no references
[2025-06-03T15:46:55.631+0530][178.392s] GC(794) Skipped phase 4 of Reference Processing: no references
[2025-06-03T15:46:55.631+0530][178.392s] GC(794)   Pre Evacuate Collection Set: 0.1ms
[2025-06-03T15:46:55.631+0530][178.392s] GC(794)   Merge Heap Roots: 0.1ms
[2025-06-03T15:46:55.631+0530][178.392s] GC(794)   Evacuate Collection Set: 0.3ms
[2025-06-03T15:46:55.631+0530][178.392s] GC(794)   Post Evacuate Collection Set: 0.5ms
[2025-06-03T15:46:55.631+0530][178.392s] GC(794)   Other: 0.2ms
[2025-06-03T15:46:55.631+0530][178.392s] GC(794) Eden regions: 306->0(306)
[2025-06-03T15:46:55.631+0530][178.392s] GC(794) Survivor regions: 1->1(39)
[2025-06-03T15:46:55.631+0530][178.392s] GC(794) Old regions: 9->9
[2025-06-03T15:46:55.631+0530][178.392s] GC(794) Archive regions: 2->2
[2025-06-03T15:46:55.631+0530][178.392s] GC(794) Humongous regions: 0->0
[2025-06-03T15:46:55.632+0530][178.392s] GC(794) Metaspace: 20474K(20928K)->20474K(20928K) NonClass: 17889K(18112K)->17889K(18112K) Class: 2585K(2816K)->2585K(2816K)
[2025-06-03T15:46:55.632+0530][178.392s] GC(794) Pause Young (Normal) (G1 Evacuation Pause) 315M->9M(512M) 1.379ms
[2025-06-03T15:46:55.632+0530][178.392s] GC(794) User=0.00s Sys=0.00s Real=0.00s
[2025-06-03T15:46:55.831+0530][178.592s] GC(795) Pause Young (Normal) (G1 Evacuation Pause)
[2025-06-03T15:46:55.831+0530][178.592s] GC(795) Using 8 workers of 8 for evacuation
[2025-06-03T15:46:55.832+0530][178.592s] GC(795) Skipped phase 1 of Reference Processing: no references
[2025-06-03T15:46:55.832+0530][178.592s] GC(795) Skipped phase 2 of Reference Processing: no references
[2025-06-03T15:46:55.832+0530][178.592s] GC(795) Skipped phase 3 of Reference Processing: no references
[2025-06-03T15:46:55.832+0530][178.592s] GC(795) Skipped phase 4 of Reference Processing: no references
[2025-06-03T15:46:55.832+0530][178.593s] GC(795)   Pre Evacuate Collection Set: 0.1ms
[2025-06-03T15:46:55.832+0530][178.593s] GC(795)   Merge Heap Roots: 0.1ms
[2025-06-03T15:46:55.832+0530][178.593s] GC(795)   Evacuate Collection Set: 0.3ms
[2025-06-03T15:46:55.832+0530][178.593s] GC(795)   Post Evacuate Collection Set: 0.6ms
[2025-06-03T15:46:55.832+0530][178.593s] GC(795)   Other: 0.2ms
[2025-06-03T15:46:55.832+0530][178.593s] GC(795) Eden regions: 306->0(306)
[2025-06-03T15:46:55.832+0530][178.593s] GC(795) Survivor regions: 1->1(39)
[2025-06-03T15:46:55.832+0530][178.593s] GC(795) Old regions: 9->9
[2025-06-03T15:46:55.832+0530][178.593s] GC(795) Archive regions: 2->2
[2025-06-03T15:46:55.832+0530][178.593s] GC(795) Humongous regions: 0->0
[2025-06-03T15:46:55.832+0530][178.593s] GC(795) Metaspace: 20474K(20928K)->20474K(20928K) NonClass: 17889K(18112K)->17889K(18112K) Class: 2585K(2816K)->2585K(2816K)
[2025-06-03T15:46:55.832+0530][178.593s] GC(795) Pause Young (Normal) (G1 Evacuation Pause) 315M->9M(512M) 1.467ms
[2025-06-03T15:46:55.832+0530][178.593s] GC(795) User=0.00s Sys=0.00s Real=0.00s
[2025-06-03T15:46:56.028+0530][178.789s] GC(796) Pause Young (Normal) (G1 Evacuation Pause)
[2025-06-03T15:46:56.028+0530][178.789s] GC(796) Using 8 workers of 8 for evacuation
[2025-06-03T15:46:56.029+0530][178.789s] GC(796) Skipped phase 1 of Reference Processing: no references
[2025-06-03T15:46:56.029+0530][178.789s] GC(796) Skipped phase 2 of Reference Processing: no references
[2025-06-03T15:46:56.029+0530][178.789s] GC(796) Skipped phase 3 of Reference Processing: no references
[2025-06-03T15:46:56.029+0530][178.789s] GC(796) Skipped phase 4 of Reference Processing: no references
[2025-06-03T15:46:56.029+0530][178.790s] GC(796)   Pre Evacuate Collection Set: 0.1ms
[2025-06-03T15:46:56.029+0530][178.790s] GC(796)   Merge Heap Roots: 0.1ms
[2025-06-03T15:46:56.029+0530][178.790s] GC(796)   Evacuate Collection Set: 0.3ms
[2025-06-03T15:46:56.029+0530][178.790s] GC(796)   Post Evacuate Collection Set: 0.6ms
[2025-06-03T15:46:56.029+0530][178.790s] GC(796)   Other: 0.3ms
[2025-06-03T15:46:56.029+0530][178.790s] GC(796) Eden regions: 306->0(306)
[2025-06-03T15:46:56.029+0530][178.790s] GC(796) Survivor regions: 1->1(39)
[2025-06-03T15:46:56.029+0530][178.790s] GC(796) Old regions: 9->9
[2025-06-03T15:46:56.029+0530][178.790s] GC(796) Archive regions: 2->2
[2025-06-03T15:46:56.029+0530][178.790s] GC(796) Humongous regions: 0->0
[2025-06-03T15:46:56.030+0530][178.790s] GC(796) Metaspace: 20474K(20928K)->20474K(20928K) NonClass: 17889K(18112K)->17889K(18112K) Class: 2585K(2816K)->2585K(2816K)
[2025-06-03T15:46:56.030+0530][178.790s] GC(796) Pause Young (Normal) (G1 Evacuation Pause) 315M->9M(512M) 1.738ms
[2025-06-03T15:46:56.030+0530][178.790s] GC(796) User=0.00s Sys=0.00s Real=0.01s
[2025-06-03T15:46:56.240+0530][179.001s] GC(797) Pause Young (Normal) (G1 Evacuation Pause)
[2025-06-03T15:46:56.240+0530][179.001s] GC(797) Using 8 workers of 8 for evacuation
[2025-06-03T15:46:56.241+0530][179.001s] GC(797) Skipped phase 1 of Reference Processing: no references
[2025-06-03T15:46:56.241+0530][179.001s] GC(797) Skipped phase 2 of Reference Processing: no references
[2025-06-03T15:46:56.241+0530][179.001s] GC(797) Skipped phase 3 of Reference Processing: no references
[2025-06-03T15:46:56.241+0530][179.001s] GC(797) Skipped phase 4 of Reference Processing: no references
[2025-06-03T15:46:56.241+0530][179.002s] GC(797)   Pre Evacuate Collection Set: 0.1ms
[2025-06-03T15:46:56.241+0530][179.002s] GC(797)   Merge Heap Roots: 0.1ms
[2025-06-03T15:46:56.241+0530][179.002s] GC(797)   Evacuate Collection Set: 0.3ms
[2025-06-03T15:46:56.242+0530][179.002s] GC(797)   Post Evacuate Collection Set: 0.7ms
[2025-06-03T15:46:56.242+0530][179.002s] GC(797)   Other: 0.2ms
[2025-06-03T15:46:56.242+0530][179.003s] GC(797) Eden regions: 306->0(306)
[2025-06-03T15:46:56.242+0530][179.003s] GC(797) Survivor regions: 1->1(39)
[2025-06-03T15:46:56.242+0530][179.003s] GC(797) Old regions: 9->9
[2025-06-03T15:46:56.242+0530][179.003s] GC(797) Archive regions: 2->2
[2025-06-03T15:46:56.242+0530][179.003s] GC(797) Humongous regions: 0->0
[2025-06-03T15:46:56.242+0530][179.003s] GC(797) Metaspace: 20474K(20928K)->20474K(20928K) NonClass: 17889K(18112K)->17889K(18112K) Class: 2585K(2816K)->2585K(2816K)
[2025-06-03T15:46:56.242+0530][179.003s] GC(797) Pause Young (Normal) (G1 Evacuation Pause) 315M->9M(512M) 1.943ms
[2025-06-03T15:46:56.242+0530][179.003s] GC(797) User=0.00s Sys=0.00s Real=0.00s
[2025-06-03T15:46:56.445+0530][179.206s] GC(798) Pause Young (Normal) (G1 Evacuation Pause)
[2025-06-03T15:46:56.446+0530][179.206s] GC(798) Using 8 workers of 8 for evacuation
[2025-06-03T15:46:56.446+0530][179.207s] GC(798) Skipped phase 1 of Reference Processing: no references
[2025-06-03T15:46:56.447+0530][179.207s] GC(798) Skipped phase 2 of Reference Processing: no references
[2025-06-03T15:46:56.447+0530][179.207s] GC(798) Skipped phase 3 of Reference Processing: no references
[2025-06-03T15:46:56.447+0530][179.207s] GC(798) Skipped phase 4 of Reference Processing: no references
[2025-06-03T15:46:56.447+0530][179.208s] GC(798)   Pre Evacuate Collection Set: 0.2ms
[2025-06-03T15:46:56.447+0530][179.208s] GC(798)   Merge Heap Roots: 0.1ms
[2025-06-03T15:46:56.447+0530][179.208s] GC(798)   Evacuate Collection Set: 0.4ms
[2025-06-03T15:46:56.447+0530][179.208s] GC(798)   Post Evacuate Collection Set: 0.7ms
[2025-06-03T15:46:56.447+0530][179.208s] GC(798)   Other: 0.5ms
[2025-06-03T15:46:56.447+0530][179.208s] GC(798) Eden regions: 306->0(306)
[2025-06-03T15:46:56.447+0530][179.208s] GC(798) Survivor regions: 1->1(39)
[2025-06-03T15:46:56.447+0530][179.208s] GC(798) Old regions: 9->9
[2025-06-03T15:46:56.447+0530][179.208s] GC(798) Archive regions: 2->2
[2025-06-03T15:46:56.447+0530][179.208s] GC(798) Humongous regions: 0->0
[2025-06-03T15:46:56.447+0530][179.208s] GC(798) Metaspace: 20474K(20928K)->20474K(20928K) NonClass: 17889K(18112K)->17889K(18112K) Class: 2585K(2816K)->2585K(2816K)
[2025-06-03T15:46:56.447+0530][179.208s] GC(798) Pause Young (Normal) (G1 Evacuation Pause) 315M->9M(512M) 1.993ms
[2025-06-03T15:46:56.447+0530][179.208s] GC(798) User=0.01s Sys=0.00s Real=0.00s
[2025-06-03T15:46:56.659+0530][179.419s] GC(799) Pause Young (Normal) (G1 Evacuation Pause)
[2025-06-03T15:46:56.659+0530][179.419s] GC(799) Using 8 workers of 8 for evacuation
[2025-06-03T15:46:56.659+0530][179.420s] GC(799) Skipped phase 1 of Reference Processing: no references
[2025-06-03T15:46:56.659+0530][179.420s] GC(799) ReferenceProcessor::execute queues: 1, RefProcThreadModel::Single, marks_oops_alive: false
[2025-06-03T15:46:56.659+0530][179.420s] GC(799) Skipped phase 3 of Reference Processing: no references
[2025-06-03T15:46:56.659+0530][179.420s] GC(799) Skipped phase 4 of Reference Processing: no references
[2025-06-03T15:46:56.660+0530][179.421s] GC(799)   Pre Evacuate Collection Set: 0.1ms
[2025-06-03T15:46:56.660+0530][179.421s] GC(799)   Merge Heap Roots: 0.1ms
[2025-06-03T15:46:56.660+0530][179.421s] GC(799)   Evacuate Collection Set: 0.4ms
[2025-06-03T15:46:56.660+0530][179.421s] GC(799)   Post Evacuate Collection Set: 0.6ms
[2025-06-03T15:46:56.660+0530][179.421s] GC(799)   Other: 0.2ms
[2025-06-03T15:46:56.660+0530][179.421s] GC(799) Eden regions: 306->0(306)
[2025-06-03T15:46:56.660+0530][179.421s] GC(799) Survivor regions: 1->1(39)
[2025-06-03T15:46:56.660+0530][179.421s] GC(799) Old regions: 9->9
[2025-06-03T15:46:56.660+0530][179.421s] GC(799) Archive regions: 2->2
[2025-06-03T15:46:56.660+0530][179.421s] GC(799) Humongous regions: 0->0
[2025-06-03T15:46:56.660+0530][179.421s] GC(799) Metaspace: 20476K(20928K)->20476K(20928K) NonClass: 17891K(18112K)->17891K(18112K) Class: 2585K(2816K)->2585K(2816K)
[2025-06-03T15:46:56.660+0530][179.421s] GC(799) Pause Young (Normal) (G1 Evacuation Pause) 315M->9M(512M) 1.617ms
[2025-06-03T15:46:56.660+0530][179.421s] GC(799) User=0.01s Sys=0.00s Real=0.01s
[2025-06-03T15:46:56.890+0530][179.651s] GC(800) Pause Young (Normal) (G1 Evacuation Pause)
[2025-06-03T15:46:56.890+0530][179.651s] GC(800) Using 8 workers of 8 for evacuation
[2025-06-03T15:46:56.892+0530][179.652s] GC(800) Skipped phase 1 of Reference Processing: no references
[2025-06-03T15:46:56.892+0530][179.652s] GC(800) ReferenceProcessor::execute queues: 1, RefProcThreadModel::Single, marks_oops_alive: false
[2025-06-03T15:46:56.892+0530][179.652s] GC(800) Skipped phase 3 of Reference Processing: no references
[2025-06-03T15:46:56.892+0530][179.653s] GC(800) Skipped phase 4 of Reference Processing: no references
[2025-06-03T15:46:56.892+0530][179.653s] GC(800)   Pre Evacuate Collection Set: 0.2ms
[2025-06-03T15:46:56.893+0530][179.653s] GC(800)   Merge Heap Roots: 0.2ms
[2025-06-03T15:46:56.893+0530][179.653s] GC(800)   Evacuate Collection Set: 0.7ms
[2025-06-03T15:46:56.893+0530][179.653s] GC(800)   Post Evacuate Collection Set: 0.8ms
[2025-06-03T15:46:56.893+0530][179.653s] GC(800)   Other: 0.3ms
[2025-06-03T15:46:56.893+0530][179.653s] GC(800) Eden regions: 306->0(306)
[2025-06-03T15:46:56.893+0530][179.653s] GC(800) Survivor regions: 1->1(39)
[2025-06-03T15:46:56.893+0530][179.653s] GC(800) Old regions: 9->9
[2025-06-03T15:46:56.893+0530][179.654s] GC(800) Archive regions: 2->2
[2025-06-03T15:46:56.893+0530][179.654s] GC(800) Humongous regions: 0->0
[2025-06-03T15:46:56.893+0530][179.654s] GC(800) Metaspace: 20476K(20928K)->20476K(20928K) NonClass: 17891K(18112K)->17891K(18112K) Class: 2585K(2816K)->2585K(2816K)
[2025-06-03T15:46:56.893+0530][179.654s] GC(800) Pause Young (Normal) (G1 Evacuation Pause) 315M->9M(512M) 2.600ms
[2025-06-03T15:46:56.893+0530][179.654s] GC(800) User=0.01s Sys=0.00s Real=0.00s
[2025-06-03T15:46:57.263+0530][180.023s] GC(801) Pause Young (Normal) (G1 Evacuation Pause)
[2025-06-03T15:46:57.263+0530][180.024s] GC(801) Using 8 workers of 8 for evacuation
[2025-06-03T15:46:57.263+0530][180.024s] GC(801) Skipped phase 1 of Reference Processing: no references
[2025-06-03T15:46:57.263+0530][180.024s] GC(801) ReferenceProcessor::execute queues: 1, RefProcThreadModel::Single, marks_oops_alive: false
[2025-06-03T15:46:57.263+0530][180.024s] GC(801) Skipped phase 3 of Reference Processing: no references
[2025-06-03T15:46:57.263+0530][180.024s] GC(801) Skipped phase 4 of Reference Processing: no references
[2025-06-03T15:46:57.264+0530][180.025s] GC(801)   Pre Evacuate Collection Set: 0.1ms
[2025-06-03T15:46:57.264+0530][180.025s] GC(801)   Merge Heap Roots: 0.1ms
[2025-06-03T15:46:57.264+0530][180.025s] GC(801)   Evacuate Collection Set: 0.3ms
[2025-06-03T15:46:57.264+0530][180.025s] GC(801)   Post Evacuate Collection Set: 0.5ms
[2025-06-03T15:46:57.264+0530][180.025s] GC(801)   Other: 0.3ms
[2025-06-03T15:46:57.264+0530][180.025s] GC(801) Eden regions: 306->0(306)
[2025-06-03T15:46:57.264+0530][180.025s] GC(801) Survivor regions: 1->1(39)
[2025-06-03T15:46:57.264+0530][180.025s] GC(801) Old regions: 9->9
[2025-06-03T15:46:57.264+0530][180.025s] GC(801) Archive regions: 2->2
[2025-06-03T15:46:57.264+0530][180.025s] GC(801) Humongous regions: 0->0
[2025-06-03T15:46:57.264+0530][180.025s] GC(801) Metaspace: 20476K(20928K)->20476K(20928K) NonClass: 17891K(18112K)->17891K(18112K) Class: 2585K(2816K)->2585K(2816K)
[2025-06-03T15:46:57.264+0530][180.025s] GC(801) Pause Young (Normal) (G1 Evacuation Pause) 315M->9M(512M) 1.499ms
[2025-06-03T15:46:57.264+0530][180.025s] GC(801) User=0.01s Sys=0.00s Real=0.00s
[2025-06-03T15:46:57.500+0530][180.260s] GC(802) Pause Young (Normal) (G1 Evacuation Pause)
[2025-06-03T15:46:57.500+0530][180.260s] GC(802) Using 8 workers of 8 for evacuation
[2025-06-03T15:46:57.500+0530][180.261s] GC(802) Skipped phase 1 of Reference Processing: no references
[2025-06-03T15:46:57.501+0530][180.261s] GC(802) ReferenceProcessor::execute queues: 1, RefProcThreadModel::Single, marks_oops_alive: false
[2025-06-03T15:46:57.501+0530][180.261s] GC(802) Skipped phase 3 of Reference Processing: no references
[2025-06-03T15:46:57.501+0530][180.261s] GC(802) Skipped phase 4 of Reference Processing: no references
[2025-06-03T15:46:57.501+0530][180.262s] GC(802)   Pre Evacuate Collection Set: 0.1ms
[2025-06-03T15:46:57.501+0530][180.262s] GC(802)   Merge Heap Roots: 0.1ms
[2025-06-03T15:46:57.501+0530][180.262s] GC(802)   Evacuate Collection Set: 0.5ms
[2025-06-03T15:46:57.501+0530][180.262s] GC(802)   Post Evacuate Collection Set: 0.6ms
[2025-06-03T15:46:57.501+0530][180.262s] GC(802)   Other: 0.2ms
[2025-06-03T15:46:57.501+0530][180.262s] GC(802) Eden regions: 306->0(306)
[2025-06-03T15:46:57.501+0530][180.262s] GC(802) Survivor regions: 1->1(39)
[2025-06-03T15:46:57.501+0530][180.262s] GC(802) Old regions: 9->9
[2025-06-03T15:46:57.501+0530][180.262s] GC(802) Archive regions: 2->2
[2025-06-03T15:46:57.501+0530][180.262s] GC(802) Humongous regions: 0->0
[2025-06-03T15:46:57.501+0530][180.262s] GC(802) Metaspace: 20476K(20928K)->20476K(20928K) NonClass: 17891K(18112K)->17891K(18112K) Class: 2585K(2816K)->2585K(2816K)
[2025-06-03T15:46:57.501+0530][180.262s] GC(802) Pause Young (Normal) (G1 Evacuation Pause) 315M->9M(512M) 1.727ms
[2025-06-03T15:46:57.501+0530][180.262s] GC(802) User=0.00s Sys=0.00s Real=0.00s
[2025-06-03T15:46:57.684+0530][180.445s] GC(803) Pause Young (Normal) (G1 Evacuation Pause)
[2025-06-03T15:46:57.685+0530][180.445s] GC(803) Using 8 workers of 8 for evacuation
[2025-06-03T15:46:57.685+0530][180.446s] GC(803) Skipped phase 1 of Reference Processing: no references
[2025-06-03T15:46:57.685+0530][180.446s] GC(803) ReferenceProcessor::execute queues: 1, RefProcThreadModel::Single, marks_oops_alive: false
[2025-06-03T15:46:57.685+0530][180.446s] GC(803) Skipped phase 3 of Reference Processing: no references
[2025-06-03T15:46:57.685+0530][180.446s] GC(803) Skipped phase 4 of Reference Processing: no references
[2025-06-03T15:46:57.686+0530][180.446s] GC(803)   Pre Evacuate Collection Set: 0.1ms
[2025-06-03T15:46:57.686+0530][180.446s] GC(803)   Merge Heap Roots: 0.1ms
[2025-06-03T15:46:57.686+0530][180.446s] GC(803)   Evacuate Collection Set: 0.3ms
[2025-06-03T15:46:57.686+0530][180.446s] GC(803)   Post Evacuate Collection Set: 0.5ms
[2025-06-03T15:46:57.686+0530][180.446s] GC(803)   Other: 0.2ms
[2025-06-03T15:46:57.686+0530][180.446s] GC(803) Eden regions: 306->0(306)
[2025-06-03T15:46:57.686+0530][180.446s] GC(803) Survivor regions: 1->1(39)
[2025-06-03T15:46:57.686+0530][180.446s] GC(803) Old regions: 9->9
[2025-06-03T15:46:57.686+0530][180.447s] GC(803) Archive regions: 2->2
[2025-06-03T15:46:57.686+0530][180.447s] GC(803) Humongous regions: 0->0
[2025-06-03T15:46:57.686+0530][180.447s] GC(803) Metaspace: 20476K(20928K)->20476K(20928K) NonClass: 17891K(18112K)->17891K(18112K) Class: 2585K(2816K)->2585K(2816K)
[2025-06-03T15:46:57.686+0530][180.447s] GC(803) Pause Young (Normal) (G1 Evacuation Pause) 315M->9M(512M) 1.383ms
[2025-06-03T15:46:57.686+0530][180.447s] GC(803) User=0.00s Sys=0.00s Real=0.00s
[2025-06-03T15:46:57.917+0530][180.677s] GC(804) Pause Young (Normal) (G1 Evacuation Pause)
[2025-06-03T15:46:57.917+0530][180.678s] GC(804) Using 8 workers of 8 for evacuation
[2025-06-03T15:46:57.917+0530][180.678s] GC(804) Skipped phase 1 of Reference Processing: no references
[2025-06-03T15:46:57.917+0530][180.678s] GC(804) ReferenceProcessor::execute queues: 1, RefProcThreadModel::Single, marks_oops_alive: false
[2025-06-03T15:46:57.918+0530][180.678s] GC(804) Skipped phase 3 of Reference Processing: no references
[2025-06-03T15:46:57.918+0530][180.678s] GC(804) Skipped phase 4 of Reference Processing: no references
[2025-06-03T15:46:57.918+0530][180.679s] GC(804)   Pre Evacuate Collection Set: 0.1ms
[2025-06-03T15:46:57.918+0530][180.679s] GC(804)   Merge Heap Roots: 0.1ms
[2025-06-03T15:46:57.918+0530][180.679s] GC(804)   Evacuate Collection Set: 0.3ms
[2025-06-03T15:46:57.918+0530][180.679s] GC(804)   Post Evacuate Collection Set: 0.6ms
[2025-06-03T15:46:57.918+0530][180.679s] GC(804)   Other: 0.3ms
[2025-06-03T15:46:57.918+0530][180.679s] GC(804) Eden regions: 306->0(306)
[2025-06-03T15:46:57.918+0530][180.679s] GC(804) Survivor regions: 1->1(39)
[2025-06-03T15:46:57.918+0530][180.679s] GC(804) Old regions: 9->9
[2025-06-03T15:46:57.918+0530][180.679s] GC(804) Archive regions: 2->2
[2025-06-03T15:46:57.918+0530][180.679s] GC(804) Humongous regions: 0->0
[2025-06-03T15:46:57.918+0530][180.679s] GC(804) Metaspace: 20476K(20928K)->20476K(20928K) NonClass: 17891K(18112K)->17891K(18112K) Class: 2585K(2816K)->2585K(2816K)
[2025-06-03T15:46:57.918+0530][180.679s] GC(804) Pause Young (Normal) (G1 Evacuation Pause) 315M->9M(512M) 1.594ms
[2025-06-03T15:46:57.918+0530][180.679s] GC(804) User=0.00s Sys=0.00s Real=0.00s
[2025-06-03T15:46:58.157+0530][180.918s] GC(805) Pause Young (Normal) (G1 Evacuation Pause)
[2025-06-03T15:46:58.157+0530][180.918s] GC(805) Using 8 workers of 8 for evacuation
[2025-06-03T15:46:58.158+0530][180.919s] GC(805) Skipped phase 1 of Reference Processing: no references
[2025-06-03T15:46:58.158+0530][180.919s] GC(805) ReferenceProcessor::execute queues: 1, RefProcThreadModel::Single, marks_oops_alive: false
[2025-06-03T15:46:58.158+0530][180.919s] GC(805) Skipped phase 3 of Reference Processing: no references
[2025-06-03T15:46:58.158+0530][180.919s] GC(805) Skipped phase 4 of Reference Processing: no references
[2025-06-03T15:46:58.159+0530][180.919s] GC(805)   Pre Evacuate Collection Set: 0.1ms
[2025-06-03T15:46:58.159+0530][180.919s] GC(805)   Merge Heap Roots: 0.1ms
[2025-06-03T15:46:58.159+0530][180.919s] GC(805)   Evacuate Collection Set: 0.3ms
[2025-06-03T15:46:58.159+0530][180.919s] GC(805)   Post Evacuate Collection Set: 0.6ms
[2025-06-03T15:46:58.159+0530][180.919s] GC(805)   Other: 0.3ms
[2025-06-03T15:46:58.159+0530][180.919s] GC(805) Eden regions: 306->0(306)
[2025-06-03T15:46:58.159+0530][180.920s] GC(805) Survivor regions: 1->1(39)
[2025-06-03T15:46:58.159+0530][180.920s] GC(805) Old regions: 9->9
[2025-06-03T15:46:58.159+0530][180.920s] GC(805) Archive regions: 2->2
[2025-06-03T15:46:58.159+0530][180.920s] GC(805) Humongous regions: 0->0
[2025-06-03T15:46:58.159+0530][180.920s] GC(805) Metaspace: 20476K(20928K)->20476K(20928K) NonClass: 17891K(18112K)->17891K(18112K) Class: 2585K(2816K)->2585K(2816K)
[2025-06-03T15:46:58.159+0530][180.920s] GC(805) Pause Young (Normal) (G1 Evacuation Pause) 315M->9M(512M) 1.590ms
[2025-06-03T15:46:58.159+0530][180.920s] GC(805) User=0.01s Sys=0.01s Real=0.00s
[2025-06-03T15:46:58.389+0530][181.149s] GC(806) Pause Young (Normal) (G1 Evacuation Pause)
[2025-06-03T15:46:58.389+0530][181.149s] GC(806) Using 8 workers of 8 for evacuation
[2025-06-03T15:46:58.389+0530][181.150s] GC(806) Skipped phase 1 of Reference Processing: no references
[2025-06-03T15:46:58.389+0530][181.150s] GC(806) ReferenceProcessor::execute queues: 1, RefProcThreadModel::Single, marks_oops_alive: false
[2025-06-03T15:46:58.389+0530][181.150s] GC(806) Skipped phase 3 of Reference Processing: no references
[2025-06-03T15:46:58.389+0530][181.150s] GC(806) Skipped phase 4 of Reference Processing: no references
[2025-06-03T15:46:58.390+0530][181.151s] GC(806)   Pre Evacuate Collection Set: 0.1ms
[2025-06-03T15:46:58.390+0530][181.151s] GC(806)   Merge Heap Roots: 0.1ms
[2025-06-03T15:46:58.390+0530][181.151s] GC(806)   Evacuate Collection Set: 0.3ms
[2025-06-03T15:46:58.390+0530][181.151s] GC(806)   Post Evacuate Collection Set: 0.5ms
[2025-06-03T15:46:58.390+0530][181.151s] GC(806)   Other: 0.2ms
[2025-06-03T15:46:58.390+0530][181.151s] GC(806) Eden regions: 306->0(306)
[2025-06-03T15:46:58.390+0530][181.151s] GC(806) Survivor regions: 1->1(39)
[2025-06-03T15:46:58.390+0530][181.151s] GC(806) Old regions: 9->9
[2025-06-03T15:46:58.390+0530][181.151s] GC(806) Archive regions: 2->2
[2025-06-03T15:46:58.390+0530][181.151s] GC(806) Humongous regions: 0->0
[2025-06-03T15:46:58.390+0530][181.151s] GC(806) Metaspace: 20476K(20928K)->20476K(20928K) NonClass: 17891K(18112K)->17891K(18112K) Class: 2585K(2816K)->2585K(2816K)
[2025-06-03T15:46:58.390+0530][181.151s] GC(806) Pause Young (Normal) (G1 Evacuation Pause) 315M->9M(512M) 1.394ms
[2025-06-03T15:46:58.390+0530][181.151s] GC(806) User=0.01s Sys=0.00s Real=0.01s
[2025-06-03T15:46:58.562+0530][181.322s] GC(807) Pause Young (Normal) (G1 Evacuation Pause)
[2025-06-03T15:46:58.562+0530][181.322s] GC(807) Using 8 workers of 8 for evacuation
[2025-06-03T15:46:58.562+0530][181.323s] GC(807) Skipped phase 1 of Reference Processing: no references
[2025-06-03T15:46:58.562+0530][181.323s] GC(807) ReferenceProcessor::execute queues: 1, RefProcThreadModel::Single, marks_oops_alive: false
[2025-06-03T15:46:58.562+0530][181.323s] GC(807) Skipped phase 3 of Reference Processing: no references
[2025-06-03T15:46:58.562+0530][181.323s] GC(807) Skipped phase 4 of Reference Processing: no references
[2025-06-03T15:46:58.563+0530][181.323s] GC(807)   Pre Evacuate Collection Set: 0.1ms
[2025-06-03T15:46:58.563+0530][181.324s] GC(807)   Merge Heap Roots: 0.1ms
[2025-06-03T15:46:58.563+0530][181.324s] GC(807)   Evacuate Collection Set: 0.3ms
[2025-06-03T15:46:58.563+0530][181.324s] GC(807)   Post Evacuate Collection Set: 0.5ms
[2025-06-03T15:46:58.563+0530][181.324s] GC(807)   Other: 0.2ms
[2025-06-03T15:46:58.563+0530][181.324s] GC(807) Eden regions: 306->0(306)
[2025-06-03T15:46:58.563+0530][181.324s] GC(807) Survivor regions: 1->1(39)
[2025-06-03T15:46:58.563+0530][181.324s] GC(807) Old regions: 9->9
[2025-06-03T15:46:58.563+0530][181.324s] GC(807) Archive regions: 2->2
[2025-06-03T15:46:58.563+0530][181.324s] GC(807) Humongous regions: 0->0
[2025-06-03T15:46:58.563+0530][181.324s] GC(807) Metaspace: 20476K(20928K)->20476K(20928K) NonClass: 17891K(18112K)->17891K(18112K) Class: 2585K(2816K)->2585K(2816K)
[2025-06-03T15:46:58.563+0530][181.324s] GC(807) Pause Young (Normal) (G1 Evacuation Pause) 315M->9M(512M) 1.423ms
[2025-06-03T15:46:58.563+0530][181.324s] GC(807) User=0.01s Sys=0.00s Real=0.00s
[2025-06-03T15:46:58.752+0530][181.513s] GC(808) Pause Young (Normal) (G1 Evacuation Pause)
[2025-06-03T15:46:58.752+0530][181.513s] GC(808) Using 8 workers of 8 for evacuation
[2025-06-03T15:46:58.753+0530][181.513s] GC(808) Skipped phase 1 of Reference Processing: no references
[2025-06-03T15:46:58.753+0530][181.513s] GC(808) ReferenceProcessor::execute queues: 1, RefProcThreadModel::Single, marks_oops_alive: false
[2025-06-03T15:46:58.753+0530][181.513s] GC(808) Skipped phase 3 of Reference Processing: no references
[2025-06-03T15:46:58.753+0530][181.513s] GC(808) Skipped phase 4 of Reference Processing: no references
[2025-06-03T15:46:58.753+0530][181.514s] GC(808)   Pre Evacuate Collection Set: 0.1ms
[2025-06-03T15:46:58.753+0530][181.514s] GC(808)   Merge Heap Roots: 0.1ms
[2025-06-03T15:46:58.753+0530][181.514s] GC(808)   Evacuate Collection Set: 0.3ms
[2025-06-03T15:46:58.753+0530][181.514s] GC(808)   Post Evacuate Collection Set: 0.6ms
[2025-06-03T15:46:58.753+0530][181.514s] GC(808)   Other: 0.2ms
[2025-06-03T15:46:58.753+0530][181.514s] GC(808) Eden regions: 306->0(306)
[2025-06-03T15:46:58.753+0530][181.514s] GC(808) Survivor regions: 1->1(39)
[2025-06-03T15:46:58.753+0530][181.514s] GC(808) Old regions: 9->9
[2025-06-03T15:46:58.753+0530][181.514s] GC(808) Archive regions: 2->2
[2025-06-03T15:46:58.753+0530][181.514s] GC(808) Humongous regions: 0->0
[2025-06-03T15:46:58.753+0530][181.514s] GC(808) Metaspace: 20476K(20928K)->20476K(20928K) NonClass: 17891K(18112K)->17891K(18112K) Class: 2585K(2816K)->2585K(2816K)
[2025-06-03T15:46:58.753+0530][181.514s] GC(808) Pause Young (Normal) (G1 Evacuation Pause) 315M->9M(512M) 1.400ms
[2025-06-03T15:46:58.753+0530][181.514s] GC(808) User=0.00s Sys=0.01s Real=0.00s
[2025-06-03T15:46:58.947+0530][181.708s] GC(809) Pause Young (Normal) (G1 Evacuation Pause)
[2025-06-03T15:46:58.947+0530][181.708s] GC(809) Using 8 workers of 8 for evacuation
[2025-06-03T15:46:58.947+0530][181.708s] GC(809) Skipped phase 1 of Reference Processing: no references
[2025-06-03T15:46:58.947+0530][181.708s] GC(809) ReferenceProcessor::execute queues: 1, RefProcThreadModel::Single, marks_oops_alive: false
[2025-06-03T15:46:58.947+0530][181.708s] GC(809) Skipped phase 3 of Reference Processing: no references
[2025-06-03T15:46:58.947+0530][181.708s] GC(809) Skipped phase 4 of Reference Processing: no references
[2025-06-03T15:46:58.948+0530][181.709s] GC(809)   Pre Evacuate Collection Set: 0.1ms
[2025-06-03T15:46:58.948+0530][181.709s] GC(809)   Merge Heap Roots: 0.1ms
[2025-06-03T15:46:58.948+0530][181.709s] GC(809)   Evacuate Collection Set: 0.3ms
[2025-06-03T15:46:58.948+0530][181.709s] GC(809)   Post Evacuate Collection Set: 0.6ms
[2025-06-03T15:46:58.948+0530][181.709s] GC(809)   Other: 0.2ms
[2025-06-03T15:46:58.948+0530][181.709s] GC(809) Eden regions: 306->0(306)
[2025-06-03T15:46:58.948+0530][181.709s] GC(809) Survivor regions: 1->1(39)
[2025-06-03T15:46:58.948+0530][181.709s] GC(809) Old regions: 9->9
[2025-06-03T15:46:58.948+0530][181.709s] GC(809) Archive regions: 2->2
[2025-06-03T15:46:58.948+0530][181.709s] GC(809) Humongous regions: 0->0
[2025-06-03T15:46:58.948+0530][181.709s] GC(809) Metaspace: 20476K(20928K)->20476K(20928K) NonClass: 17891K(18112K)->17891K(18112K) Class: 2585K(2816K)->2585K(2816K)
[2025-06-03T15:46:58.948+0530][181.709s] GC(809) Pause Young (Normal) (G1 Evacuation Pause) 315M->9M(512M) 1.375ms
[2025-06-03T15:46:58.948+0530][181.709s] GC(809) User=0.00s Sys=0.00s Real=0.00s
[2025-06-03T15:46:59.132+0530][181.893s] GC(810) Pause Young (Normal) (G1 Evacuation Pause)
[2025-06-03T15:46:59.132+0530][181.893s] GC(810) Using 8 workers of 8 for evacuation
[2025-06-03T15:46:59.133+0530][181.893s] GC(810) Skipped phase 1 of Reference Processing: no references
[2025-06-03T15:46:59.133+0530][181.893s] GC(810) ReferenceProcessor::execute queues: 1, RefProcThreadModel::Single, marks_oops_alive: false
[2025-06-03T15:46:59.133+0530][181.893s] GC(810) Skipped phase 3 of Reference Processing: no references
[2025-06-03T15:46:59.133+0530][181.893s] GC(810) Skipped phase 4 of Reference Processing: no references
[2025-06-03T15:46:59.133+0530][181.894s] GC(810)   Pre Evacuate Collection Set: 0.1ms
[2025-06-03T15:46:59.133+0530][181.894s] GC(810)   Merge Heap Roots: 0.1ms
[2025-06-03T15:46:59.133+0530][181.894s] GC(810)   Evacuate Collection Set: 0.3ms
[2025-06-03T15:46:59.133+0530][181.894s] GC(810)   Post Evacuate Collection Set: 0.5ms
[2025-06-03T15:46:59.133+0530][181.894s] GC(810)   Other: 0.2ms
[2025-06-03T15:46:59.133+0530][181.894s] GC(810) Eden regions: 306->0(306)
[2025-06-03T15:46:59.133+0530][181.894s] GC(810) Survivor regions: 1->1(39)
[2025-06-03T15:46:59.133+0530][181.894s] GC(810) Old regions: 9->9
[2025-06-03T15:46:59.133+0530][181.894s] GC(810) Archive regions: 2->2
[2025-06-03T15:46:59.133+0530][181.894s] GC(810) Humongous regions: 0->0
[2025-06-03T15:46:59.133+0530][181.894s] GC(810) Metaspace: 20476K(20928K)->20476K(20928K) NonClass: 17891K(18112K)->17891K(18112K) Class: 2585K(2816K)->2585K(2816K)
[2025-06-03T15:46:59.133+0530][181.894s] GC(810) Pause Young (Normal) (G1 Evacuation Pause) 315M->9M(512M) 1.368ms
[2025-06-03T15:46:59.133+0530][181.894s] GC(810) User=0.01s Sys=0.00s Real=0.00s
[2025-06-03T15:46:59.302+0530][182.063s] GC(811) Pause Young (Normal) (G1 Evacuation Pause)
[2025-06-03T15:46:59.302+0530][182.063s] GC(811) Using 8 workers of 8 for evacuation
[2025-06-03T15:46:59.303+0530][182.064s] GC(811) Skipped phase 1 of Reference Processing: no references
[2025-06-03T15:46:59.303+0530][182.064s] GC(811) ReferenceProcessor::execute queues: 1, RefProcThreadModel::Single, marks_oops_alive: false
[2025-06-03T15:46:59.303+0530][182.064s] GC(811) Skipped phase 3 of Reference Processing: no references
[2025-06-03T15:46:59.303+0530][182.064s] GC(811) Skipped phase 4 of Reference Processing: no references
[2025-06-03T15:46:59.303+0530][182.064s] GC(811)   Pre Evacuate Collection Set: 0.1ms
[2025-06-03T15:46:59.303+0530][182.064s] GC(811)   Merge Heap Roots: 0.1ms
[2025-06-03T15:46:59.303+0530][182.064s] GC(811)   Evacuate Collection Set: 0.3ms
[2025-06-03T15:46:59.303+0530][182.064s] GC(811)   Post Evacuate Collection Set: 0.5ms
[2025-06-03T15:46:59.303+0530][182.064s] GC(811)   Other: 0.2ms
[2025-06-03T15:46:59.303+0530][182.064s] GC(811) Eden regions: 306->0(306)
[2025-06-03T15:46:59.304+0530][182.064s] GC(811) Survivor regions: 1->1(39)
[2025-06-03T15:46:59.304+0530][182.064s] GC(811) Old regions: 9->9
[2025-06-03T15:46:59.304+0530][182.064s] GC(811) Archive regions: 2->2
[2025-06-03T15:46:59.304+0530][182.064s] GC(811) Humongous regions: 0->0
[2025-06-03T15:46:59.304+0530][182.064s] GC(811) Metaspace: 20476K(20928K)->20476K(20928K) NonClass: 17891K(18112K)->17891K(18112K) Class: 2585K(2816K)->2585K(2816K)
[2025-06-03T15:46:59.304+0530][182.064s] GC(811) Pause Young (Normal) (G1 Evacuation Pause) 315M->9M(512M) 1.404ms
[2025-06-03T15:46:59.304+0530][182.064s] GC(811) User=0.00s Sys=0.00s Real=0.00s
[2025-06-03T15:46:59.527+0530][182.288s] GC(812) Pause Young (Normal) (G1 Evacuation Pause)
[2025-06-03T15:46:59.527+0530][182.288s] GC(812) Using 8 workers of 8 for evacuation
[2025-06-03T15:46:59.528+0530][182.289s] GC(812) Skipped phase 1 of Reference Processing: no references
[2025-06-03T15:46:59.528+0530][182.289s] GC(812) ReferenceProcessor::execute queues: 1, RefProcThreadModel::Single, marks_oops_alive: false
[2025-06-03T15:46:59.528+0530][182.289s] GC(812) Skipped phase 3 of Reference Processing: no references
[2025-06-03T15:46:59.528+0530][182.289s] GC(812) Skipped phase 4 of Reference Processing: no references
[2025-06-03T15:46:59.529+0530][182.289s] GC(812)   Pre Evacuate Collection Set: 0.1ms
[2025-06-03T15:46:59.529+0530][182.289s] GC(812)   Merge Heap Roots: 0.1ms
[2025-06-03T15:46:59.529+0530][182.289s] GC(812)   Evacuate Collection Set: 0.4ms
[2025-06-03T15:46:59.529+0530][182.289s] GC(812)   Post Evacuate Collection Set: 0.7ms
[2025-06-03T15:46:59.529+0530][182.290s] GC(812)   Other: 0.2ms
[2025-06-03T15:46:59.529+0530][182.290s] GC(812) Eden regions: 306->0(306)
[2025-06-03T15:46:59.529+0530][182.290s] GC(812) Survivor regions: 1->1(39)
[2025-06-03T15:46:59.529+0530][182.290s] GC(812) Old regions: 9->9
[2025-06-03T15:46:59.529+0530][182.290s] GC(812) Archive regions: 2->2
[2025-06-03T15:46:59.529+0530][182.290s] GC(812) Humongous regions: 0->0
[2025-06-03T15:46:59.529+0530][182.290s] GC(812) Metaspace: 20476K(20928K)->20476K(20928K) NonClass: 17891K(18112K)->17891K(18112K) Class: 2585K(2816K)->2585K(2816K)
[2025-06-03T15:46:59.529+0530][182.290s] GC(812) Pause Young (Normal) (G1 Evacuation Pause) 315M->9M(512M) 1.866ms
[2025-06-03T15:46:59.529+0530][182.290s] GC(812) User=0.01s Sys=0.00s Real=0.00s
[2025-06-03T15:46:59.708+0530][182.469s] GC(813) Pause Young (Normal) (G1 Evacuation Pause)
[2025-06-03T15:46:59.708+0530][182.469s] GC(813) Using 8 workers of 8 for evacuation
[2025-06-03T15:46:59.709+0530][182.469s] GC(813) Skipped phase 1 of Reference Processing: no references
[2025-06-03T15:46:59.709+0530][182.469s] GC(813) ReferenceProcessor::execute queues: 1, RefProcThreadModel::Single, marks_oops_alive: false
[2025-06-03T15:46:59.709+0530][182.469s] GC(813) Skipped phase 3 of Reference Processing: no references
[2025-06-03T15:46:59.709+0530][182.469s] GC(813) Skipped phase 4 of Reference Processing: no references
[2025-06-03T15:46:59.709+0530][182.470s] GC(813)   Pre Evacuate Collection Set: 0.1ms
[2025-06-03T15:46:59.709+0530][182.470s] GC(813)   Merge Heap Roots: 0.1ms
[2025-06-03T15:46:59.709+0530][182.470s] GC(813)   Evacuate Collection Set: 0.3ms
[2025-06-03T15:46:59.709+0530][182.470s] GC(813)   Post Evacuate Collection Set: 0.6ms
[2025-06-03T15:46:59.709+0530][182.470s] GC(813)   Other: 0.3ms
[2025-06-03T15:46:59.709+0530][182.470s] GC(813) Eden regions: 306->0(306)
[2025-06-03T15:46:59.709+0530][182.470s] GC(813) Survivor regions: 1->1(39)
[2025-06-03T15:46:59.709+0530][182.470s] GC(813) Old regions: 9->9
[2025-06-03T15:46:59.709+0530][182.470s] GC(813) Archive regions: 2->2
[2025-06-03T15:46:59.709+0530][182.470s] GC(813) Humongous regions: 0->0
[2025-06-03T15:46:59.709+0530][182.470s] GC(813) Metaspace: 20476K(20928K)->20476K(20928K) NonClass: 17891K(18112K)->17891K(18112K) Class: 2585K(2816K)->2585K(2816K)
[2025-06-03T15:46:59.710+0530][182.470s] GC(813) Pause Young (Normal) (G1 Evacuation Pause) 315M->9M(512M) 1.761ms
[2025-06-03T15:46:59.710+0530][182.470s] GC(813) User=0.00s Sys=0.00s Real=0.01s
[2025-06-03T15:46:59.917+0530][182.678s] GC(814) Pause Young (Normal) (G1 Evacuation Pause)
[2025-06-03T15:46:59.917+0530][182.678s] GC(814) Using 8 workers of 8 for evacuation
[2025-06-03T15:46:59.917+0530][182.678s] GC(814) Skipped phase 1 of Reference Processing: no references
[2025-06-03T15:46:59.918+0530][182.678s] GC(814) ReferenceProcessor::execute queues: 1, RefProcThreadModel::Single, marks_oops_alive: false
[2025-06-03T15:46:59.918+0530][182.678s] GC(814) Skipped phase 3 of Reference Processing: no references
[2025-06-03T15:46:59.918+0530][182.678s] GC(814) Skipped phase 4 of Reference Processing: no references
[2025-06-03T15:46:59.918+0530][182.679s] GC(814)   Pre Evacuate Collection Set: 0.1ms
[2025-06-03T15:46:59.918+0530][182.679s] GC(814)   Merge Heap Roots: 0.1ms
[2025-06-03T15:46:59.918+0530][182.679s] GC(814)   Evacuate Collection Set: 0.3ms
[2025-06-03T15:46:59.918+0530][182.679s] GC(814)   Post Evacuate Collection Set: 0.5ms
[2025-06-03T15:46:59.918+0530][182.679s] GC(814)   Other: 0.2ms
[2025-06-03T15:46:59.918+0530][182.679s] GC(814) Eden regions: 306->0(306)
[2025-06-03T15:46:59.918+0530][182.679s] GC(814) Survivor regions: 1->1(39)
[2025-06-03T15:46:59.918+0530][182.679s] GC(814) Old regions: 9->9
[2025-06-03T15:46:59.918+0530][182.679s] GC(814) Archive regions: 2->2
[2025-06-03T15:46:59.918+0530][182.679s] GC(814) Humongous regions: 0->0
[2025-06-03T15:46:59.918+0530][182.679s] GC(814) Metaspace: 20476K(20928K)->20476K(20928K) NonClass: 17891K(18112K)->17891K(18112K) Class: 2585K(2816K)->2585K(2816K)
[2025-06-03T15:46:59.918+0530][182.679s] GC(814) Pause Young (Normal) (G1 Evacuation Pause) 315M->9M(512M) 1.439ms
[2025-06-03T15:46:59.918+0530][182.679s] GC(814) User=0.00s Sys=0.00s Real=0.00s
[2025-06-03T15:47:00.113+0530][182.874s] GC(815) Pause Young (Normal) (G1 Evacuation Pause)
[2025-06-03T15:47:00.114+0530][182.874s] GC(815) Using 8 workers of 8 for evacuation
[2025-06-03T15:47:00.114+0530][182.875s] GC(815) Skipped phase 1 of Reference Processing: no references
[2025-06-03T15:47:00.114+0530][182.875s] GC(815) ReferenceProcessor::execute queues: 1, RefProcThreadModel::Single, marks_oops_alive: false
[2025-06-03T15:47:00.114+0530][182.875s] GC(815) Skipped phase 3 of Reference Processing: no references
[2025-06-03T15:47:00.114+0530][182.875s] GC(815) Skipped phase 4 of Reference Processing: no references
[2025-06-03T15:47:00.114+0530][182.875s] GC(815)   Pre Evacuate Collection Set: 0.1ms
[2025-06-03T15:47:00.115+0530][182.875s] GC(815)   Merge Heap Roots: 0.1ms
[2025-06-03T15:47:00.115+0530][182.875s] GC(815)   Evacuate Collection Set: 0.3ms
[2025-06-03T15:47:00.115+0530][182.875s] GC(815)   Post Evacuate Collection Set: 0.4ms
[2025-06-03T15:47:00.115+0530][182.875s] GC(815)   Other: 0.2ms
[2025-06-03T15:47:00.115+0530][182.875s] GC(815) Eden regions: 306->0(306)
[2025-06-03T15:47:00.115+0530][182.875s] GC(815) Survivor regions: 1->1(39)
[2025-06-03T15:47:00.115+0530][182.875s] GC(815) Old regions: 9->9
[2025-06-03T15:47:00.115+0530][182.875s] GC(815) Archive regions: 2->2
[2025-06-03T15:47:00.115+0530][182.875s] GC(815) Humongous regions: 0->0
[2025-06-03T15:47:00.115+0530][182.875s] GC(815) Metaspace: 20476K(20928K)->20476K(20928K) NonClass: 17891K(18112K)->17891K(18112K) Class: 2585K(2816K)->2585K(2816K)
[2025-06-03T15:47:00.115+0530][182.876s] GC(815) Pause Young (Normal) (G1 Evacuation Pause) 315M->9M(512M) 1.251ms
[2025-06-03T15:47:00.115+0530][182.876s] GC(815) User=0.01s Sys=0.00s Real=0.00s
[2025-06-03T15:47:00.288+0530][183.049s] GC(816) Pause Young (Normal) (G1 Evacuation Pause)
[2025-06-03T15:47:00.288+0530][183.049s] GC(816) Using 8 workers of 8 for evacuation
[2025-06-03T15:47:00.289+0530][183.050s] GC(816) Skipped phase 1 of Reference Processing: no references
[2025-06-03T15:47:00.289+0530][183.050s] GC(816) Skipped phase 2 of Reference Processing: no references
[2025-06-03T15:47:00.289+0530][183.050s] GC(816) Skipped phase 3 of Reference Processing: no references
[2025-06-03T15:47:00.289+0530][183.050s] GC(816) Skipped phase 4 of Reference Processing: no references
[2025-06-03T15:47:00.289+0530][183.050s] GC(816)   Pre Evacuate Collection Set: 0.1ms
[2025-06-03T15:47:00.289+0530][183.050s] GC(816)   Merge Heap Roots: 0.1ms
[2025-06-03T15:47:00.289+0530][183.050s] GC(816)   Evacuate Collection Set: 0.3ms
[2025-06-03T15:47:00.289+0530][183.050s] GC(816)   Post Evacuate Collection Set: 0.6ms
[2025-06-03T15:47:00.290+0530][183.050s] GC(816)   Other: 0.2ms
[2025-06-03T15:47:00.290+0530][183.050s] GC(816) Eden regions: 306->0(306)
[2025-06-03T15:47:00.290+0530][183.050s] GC(816) Survivor regions: 1->1(39)
[2025-06-03T15:47:00.290+0530][183.050s] GC(816) Old regions: 9->9
[2025-06-03T15:47:00.290+0530][183.050s] GC(816) Archive regions: 2->2
[2025-06-03T15:47:00.290+0530][183.050s] GC(816) Humongous regions: 0->0
[2025-06-03T15:47:00.290+0530][183.050s] GC(816) Metaspace: 20476K(20928K)->20476K(20928K) NonClass: 17891K(18112K)->17891K(18112K) Class: 2585K(2816K)->2585K(2816K)
[2025-06-03T15:47:00.290+0530][183.050s] GC(816) Pause Young (Normal) (G1 Evacuation Pause) 315M->9M(512M) 1.424ms
[2025-06-03T15:47:00.290+0530][183.050s] GC(816) User=0.00s Sys=0.00s Real=0.01s
[2025-06-03T15:47:00.475+0530][183.236s] GC(817) Pause Young (Normal) (G1 Evacuation Pause)
[2025-06-03T15:47:00.475+0530][183.236s] GC(817) Using 8 workers of 8 for evacuation
[2025-06-03T15:47:00.475+0530][183.236s] GC(817) Skipped phase 1 of Reference Processing: no references
[2025-06-03T15:47:00.476+0530][183.236s] GC(817) Skipped phase 2 of Reference Processing: no references
[2025-06-03T15:47:00.476+0530][183.236s] GC(817) Skipped phase 3 of Reference Processing: no references
[2025-06-03T15:47:00.476+0530][183.236s] GC(817) Skipped phase 4 of Reference Processing: no references
[2025-06-03T15:47:00.476+0530][183.237s] GC(817)   Pre Evacuate Collection Set: 0.1ms
[2025-06-03T15:47:00.476+0530][183.237s] GC(817)   Merge Heap Roots: 0.1ms
[2025-06-03T15:47:00.476+0530][183.237s] GC(817)   Evacuate Collection Set: 0.2ms
[2025-06-03T15:47:00.476+0530][183.237s] GC(817)   Post Evacuate Collection Set: 0.4ms
[2025-06-03T15:47:00.476+0530][183.237s] GC(817)   Other: 0.2ms
[2025-06-03T15:47:00.476+0530][183.237s] GC(817) Eden regions: 306->0(306)
[2025-06-03T15:47:00.476+0530][183.237s] GC(817) Survivor regions: 1->1(39)
[2025-06-03T15:47:00.476+0530][183.237s] GC(817) Old regions: 9->9
[2025-06-03T15:47:00.476+0530][183.237s] GC(817) Archive regions: 2->2
[2025-06-03T15:47:00.476+0530][183.237s] GC(817) Humongous regions: 0->0
[2025-06-03T15:47:00.476+0530][183.237s] GC(817) Metaspace: 20476K(20928K)->20476K(20928K) NonClass: 17891K(18112K)->17891K(18112K) Class: 2585K(2816K)->2585K(2816K)
[2025-06-03T15:47:00.476+0530][183.237s] GC(817) Pause Young (Normal) (G1 Evacuation Pause) 315M->9M(512M) 1.494ms
[2025-06-03T15:47:00.476+0530][183.237s] GC(817) User=0.01s Sys=0.00s Real=0.00s
[2025-06-03T15:47:00.667+0530][183.427s] GC(818) Pause Young (Normal) (G1 Evacuation Pause)
[2025-06-03T15:47:00.667+0530][183.428s] GC(818) Using 8 workers of 8 for evacuation
[2025-06-03T15:47:00.667+0530][183.428s] GC(818) Skipped phase 1 of Reference Processing: no references
[2025-06-03T15:47:00.667+0530][183.428s] GC(818) Skipped phase 2 of Reference Processing: no references
[2025-06-03T15:47:00.667+0530][183.428s] GC(818) Skipped phase 3 of Reference Processing: no references
[2025-06-03T15:47:00.667+0530][183.428s] GC(818) Skipped phase 4 of Reference Processing: no references
[2025-06-03T15:47:00.668+0530][183.429s] GC(818)   Pre Evacuate Collection Set: 0.1ms
[2025-06-03T15:47:00.668+0530][183.429s] GC(818)   Merge Heap Roots: 0.1ms
[2025-06-03T15:47:00.668+0530][183.429s] GC(818)   Evacuate Collection Set: 0.3ms
[2025-06-03T15:47:00.668+0530][183.429s] GC(818)   Post Evacuate Collection Set: 0.5ms
[2025-06-03T15:47:00.668+0530][183.429s] GC(818)   Other: 0.2ms
[2025-06-03T15:47:00.668+0530][183.429s] GC(818) Eden regions: 306->0(306)
[2025-06-03T15:47:00.668+0530][183.429s] GC(818) Survivor regions: 1->1(39)
[2025-06-03T15:47:00.668+0530][183.429s] GC(818) Old regions: 9->9
[2025-06-03T15:47:00.668+0530][183.429s] GC(818) Archive regions: 2->2
[2025-06-03T15:47:00.668+0530][183.429s] GC(818) Humongous regions: 0->0
[2025-06-03T15:47:00.668+0530][183.429s] GC(818) Metaspace: 20476K(20928K)->20476K(20928K) NonClass: 17891K(18112K)->17891K(18112K) Class: 2585K(2816K)->2585K(2816K)
[2025-06-03T15:47:00.668+0530][183.429s] GC(818) Pause Young (Normal) (G1 Evacuation Pause) 315M->9M(512M) 1.440ms
[2025-06-03T15:47:00.668+0530][183.429s] GC(818) User=0.01s Sys=0.01s Real=0.00s
[2025-06-03T15:47:00.834+0530][183.595s] GC(819) Pause Young (Normal) (G1 Evacuation Pause)
[2025-06-03T15:47:00.834+0530][183.595s] GC(819) Using 8 workers of 8 for evacuation
[2025-06-03T15:47:00.835+0530][183.595s] GC(819) Skipped phase 1 of Reference Processing: no references
[2025-06-03T15:47:00.835+0530][183.595s] GC(819) Skipped phase 2 of Reference Processing: no references
[2025-06-03T15:47:00.835+0530][183.595s] GC(819) Skipped phase 3 of Reference Processing: no references
[2025-06-03T15:47:00.835+0530][183.595s] GC(819) Skipped phase 4 of Reference Processing: no references
[2025-06-03T15:47:00.835+0530][183.596s] GC(819)   Pre Evacuate Collection Set: 0.1ms
[2025-06-03T15:47:00.835+0530][183.596s] GC(819)   Merge Heap Roots: 0.1ms
[2025-06-03T15:47:00.835+0530][183.596s] GC(819)   Evacuate Collection Set: 0.2ms
[2025-06-03T15:47:00.835+0530][183.596s] GC(819)   Post Evacuate Collection Set: 0.5ms
[2025-06-03T15:47:00.835+0530][183.596s] GC(819)   Other: 0.2ms
[2025-06-03T15:47:00.835+0530][183.596s] GC(819) Eden regions: 306->0(306)
[2025-06-03T15:47:00.835+0530][183.596s] GC(819) Survivor regions: 1->1(39)
[2025-06-03T15:47:00.835+0530][183.596s] GC(819) Old regions: 9->9
[2025-06-03T15:47:00.835+0530][183.596s] GC(819) Archive regions: 2->2
[2025-06-03T15:47:00.835+0530][183.596s] GC(819) Humongous regions: 0->0
[2025-06-03T15:47:00.835+0530][183.596s] GC(819) Metaspace: 20476K(20928K)->20476K(20928K) NonClass: 17891K(18112K)->17891K(18112K) Class: 2585K(2816K)->2585K(2816K)
[2025-06-03T15:47:00.835+0530][183.596s] GC(819) Pause Young (Normal) (G1 Evacuation Pause) 315M->9M(512M) 1.198ms
[2025-06-03T15:47:00.835+0530][183.596s] GC(819) User=0.00s Sys=0.01s Real=0.00s
[2025-06-03T15:47:00.992+0530][183.752s] GC(820) Pause Young (Normal) (G1 Evacuation Pause)
[2025-06-03T15:47:00.992+0530][183.752s] GC(820) Using 8 workers of 8 for evacuation
[2025-06-03T15:47:00.992+0530][183.753s] GC(820) Skipped phase 1 of Reference Processing: no references
[2025-06-03T15:47:00.992+0530][183.753s] GC(820) Skipped phase 2 of Reference Processing: no references
[2025-06-03T15:47:00.992+0530][183.753s] GC(820) Skipped phase 3 of Reference Processing: no references
[2025-06-03T15:47:00.992+0530][183.753s] GC(820) Skipped phase 4 of Reference Processing: no references
[2025-06-03T15:47:00.993+0530][183.754s] GC(820)   Pre Evacuate Collection Set: 0.1ms
[2025-06-03T15:47:00.993+0530][183.754s] GC(820)   Merge Heap Roots: 0.1ms
[2025-06-03T15:47:00.993+0530][183.754s] GC(820)   Evacuate Collection Set: 0.2ms
[2025-06-03T15:47:00.993+0530][183.754s] GC(820)   Post Evacuate Collection Set: 0.5ms
[2025-06-03T15:47:00.993+0530][183.754s] GC(820)   Other: 0.3ms
[2025-06-03T15:47:00.993+0530][183.754s] GC(820) Eden regions: 306->0(306)
[2025-06-03T15:47:00.993+0530][183.754s] GC(820) Survivor regions: 1->1(39)
[2025-06-03T15:47:00.993+0530][183.754s] GC(820) Old regions: 9->9
[2025-06-03T15:47:00.993+0530][183.754s] GC(820) Archive regions: 2->2
[2025-06-03T15:47:00.993+0530][183.754s] GC(820) Humongous regions: 0->0
[2025-06-03T15:47:00.993+0530][183.754s] GC(820) Metaspace: 20476K(20928K)->20476K(20928K) NonClass: 17891K(18112K)->17891K(18112K) Class: 2585K(2816K)->2585K(2816K)
[2025-06-03T15:47:00.993+0530][183.754s] GC(820) Pause Young (Normal) (G1 Evacuation Pause) 315M->9M(512M) 1.522ms
[2025-06-03T15:47:00.993+0530][183.754s] GC(820) User=0.00s Sys=0.00s Real=0.00s
[2025-06-03T15:47:01.150+0530][183.911s] GC(821) Pause Young (Normal) (G1 Evacuation Pause)
[2025-06-03T15:47:01.150+0530][183.911s] GC(821) Using 8 workers of 8 for evacuation
[2025-06-03T15:47:01.151+0530][183.912s] GC(821) Skipped phase 1 of Reference Processing: no references
[2025-06-03T15:47:01.151+0530][183.912s] GC(821) Skipped phase 2 of Reference Processing: no references
[2025-06-03T15:47:01.151+0530][183.912s] GC(821) Skipped phase 3 of Reference Processing: no references
[2025-06-03T15:47:01.151+0530][183.912s] GC(821) Skipped phase 4 of Reference Processing: no references
[2025-06-03T15:47:01.152+0530][183.913s] GC(821)   Pre Evacuate Collection Set: 0.1ms
[2025-06-03T15:47:01.152+0530][183.913s] GC(821)   Merge Heap Roots: 0.1ms
[2025-06-03T15:47:01.152+0530][183.913s] GC(821)   Evacuate Collection Set: 0.4ms
[2025-06-03T15:47:01.152+0530][183.913s] GC(821)   Post Evacuate Collection Set: 0.7ms
[2025-06-03T15:47:01.152+0530][183.913s] GC(821)   Other: 0.2ms
[2025-06-03T15:47:01.152+0530][183.913s] GC(821) Eden regions: 306->0(306)
[2025-06-03T15:47:01.152+0530][183.913s] GC(821) Survivor regions: 1->1(39)
[2025-06-03T15:47:01.152+0530][183.913s] GC(821) Old regions: 9->9
[2025-06-03T15:47:01.152+0530][183.913s] GC(821) Archive regions: 2->2
[2025-06-03T15:47:01.152+0530][183.913s] GC(821) Humongous regions: 0->0
[2025-06-03T15:47:01.152+0530][183.913s] GC(821) Metaspace: 20476K(20928K)->20476K(20928K) NonClass: 17891K(18112K)->17891K(18112K) Class: 2585K(2816K)->2585K(2816K)
[2025-06-03T15:47:01.152+0530][183.913s] GC(821) Pause Young (Normal) (G1 Evacuation Pause) 315M->9M(512M) 1.783ms
[2025-06-03T15:47:01.152+0530][183.913s] GC(821) User=0.00s Sys=0.00s Real=0.00s
[2025-06-03T15:47:01.343+0530][184.104s] GC(822) Pause Young (Normal) (G1 Evacuation Pause)
[2025-06-03T15:47:01.343+0530][184.104s] GC(822) Using 8 workers of 8 for evacuation
[2025-06-03T15:47:01.345+0530][184.106s] GC(822) Skipped phase 1 of Reference Processing: no references
[2025-06-03T15:47:01.345+0530][184.106s] GC(822) Skipped phase 2 of Reference Processing: no references
[2025-06-03T15:47:01.345+0530][184.106s] GC(822) Skipped phase 3 of Reference Processing: no references
[2025-06-03T15:47:01.345+0530][184.106s] GC(822) Skipped phase 4 of Reference Processing: no references
[2025-06-03T15:47:01.348+0530][184.108s] GC(822)   Pre Evacuate Collection Set: 1.3ms
[2025-06-03T15:47:01.348+0530][184.108s] GC(822)   Merge Heap Roots: 0.3ms
[2025-06-03T15:47:01.348+0530][184.108s] GC(822)   Evacuate Collection Set: 0.6ms
[2025-06-03T15:47:01.348+0530][184.108s] GC(822)   Post Evacuate Collection Set: 2.3ms
[2025-06-03T15:47:01.348+0530][184.109s] GC(822)   Other: 0.3ms
[2025-06-03T15:47:01.348+0530][184.109s] GC(822) Eden regions: 306->0(306)
[2025-06-03T15:47:01.348+0530][184.109s] GC(822) Survivor regions: 1->1(39)
[2025-06-03T15:47:01.348+0530][184.109s] GC(822) Old regions: 9->9
[2025-06-03T15:47:01.348+0530][184.109s] GC(822) Archive regions: 2->2
[2025-06-03T15:47:01.348+0530][184.109s] GC(822) Humongous regions: 0->0
[2025-06-03T15:47:01.348+0530][184.109s] GC(822) Metaspace: 20476K(20928K)->20476K(20928K) NonClass: 17891K(18112K)->17891K(18112K) Class: 2585K(2816K)->2585K(2816K)
[2025-06-03T15:47:01.348+0530][184.109s] GC(822) Pause Young (Normal) (G1 Evacuation Pause) 315M->9M(512M) 5.089ms
[2025-06-03T15:47:01.348+0530][184.109s] GC(822) User=0.00s Sys=0.00s Real=0.00s
[2025-06-03T15:47:01.513+0530][184.274s] GC(823) Pause Young (Normal) (G1 Evacuation Pause)
[2025-06-03T15:47:01.513+0530][184.274s] GC(823) Using 8 workers of 8 for evacuation
[2025-06-03T15:47:01.514+0530][184.275s] GC(823) Skipped phase 1 of Reference Processing: no references
[2025-06-03T15:47:01.514+0530][184.275s] GC(823) Skipped phase 2 of Reference Processing: no references
[2025-06-03T15:47:01.514+0530][184.275s] GC(823) Skipped phase 3 of Reference Processing: no references
[2025-06-03T15:47:01.514+0530][184.275s] GC(823) Skipped phase 4 of Reference Processing: no references
[2025-06-03T15:47:01.514+0530][184.275s] GC(823)   Pre Evacuate Collection Set: 0.1ms
[2025-06-03T15:47:01.514+0530][184.275s] GC(823)   Merge Heap Roots: 0.1ms
[2025-06-03T15:47:01.514+0530][184.275s] GC(823)   Evacuate Collection Set: 0.3ms
[2025-06-03T15:47:01.514+0530][184.275s] GC(823)   Post Evacuate Collection Set: 0.6ms
[2025-06-03T15:47:01.515+0530][184.275s] GC(823)   Other: 0.3ms
[2025-06-03T15:47:01.515+0530][184.275s] GC(823) Eden regions: 306->0(306)
[2025-06-03T15:47:01.515+0530][184.275s] GC(823) Survivor regions: 1->1(39)
[2025-06-03T15:47:01.515+0530][184.275s] GC(823) Old regions: 9->9
[2025-06-03T15:47:01.515+0530][184.275s] GC(823) Archive regions: 2->2
[2025-06-03T15:47:01.515+0530][184.275s] GC(823) Humongous regions: 0->0
[2025-06-03T15:47:01.515+0530][184.276s] GC(823) Metaspace: 20476K(20928K)->20476K(20928K) NonClass: 17891K(18112K)->17891K(18112K) Class: 2585K(2816K)->2585K(2816K)
[2025-06-03T15:47:01.515+0530][184.276s] GC(823) Pause Young (Normal) (G1 Evacuation Pause) 315M->9M(512M) 1.743ms
[2025-06-03T15:47:01.515+0530][184.276s] GC(823) User=0.01s Sys=0.00s Real=0.00s
[2025-06-03T15:47:01.676+0530][184.436s] GC(824) Pause Young (Normal) (G1 Evacuation Pause)
[2025-06-03T15:47:01.676+0530][184.437s] GC(824) Using 8 workers of 8 for evacuation
[2025-06-03T15:47:01.676+0530][184.437s] GC(824) Skipped phase 1 of Reference Processing: no references
[2025-06-03T15:47:01.676+0530][184.437s] GC(824) Skipped phase 2 of Reference Processing: no references
[2025-06-03T15:47:01.676+0530][184.437s] GC(824) Skipped phase 3 of Reference Processing: no references
[2025-06-03T15:47:01.676+0530][184.437s] GC(824) Skipped phase 4 of Reference Processing: no references
[2025-06-03T15:47:01.677+0530][184.438s] GC(824)   Pre Evacuate Collection Set: 0.1ms
[2025-06-03T15:47:01.677+0530][184.438s] GC(824)   Merge Heap Roots: 0.1ms
[2025-06-03T15:47:01.677+0530][184.438s] GC(824)   Evacuate Collection Set: 0.3ms
[2025-06-03T15:47:01.677+0530][184.438s] GC(824)   Post Evacuate Collection Set: 0.5ms
[2025-06-03T15:47:01.677+0530][184.438s] GC(824)   Other: 0.2ms
[2025-06-03T15:47:01.677+0530][184.438s] GC(824) Eden regions: 306->0(306)
[2025-06-03T15:47:01.677+0530][184.438s] GC(824) Survivor regions: 1->1(39)
[2025-06-03T15:47:01.677+0530][184.438s] GC(824) Old regions: 9->9
[2025-06-03T15:47:01.677+0530][184.438s] GC(824) Archive regions: 2->2
[2025-06-03T15:47:01.677+0530][184.438s] GC(824) Humongous regions: 0->0
[2025-06-03T15:47:01.677+0530][184.438s] GC(824) Metaspace: 20476K(20928K)->20476K(20928K) NonClass: 17891K(18112K)->17891K(18112K) Class: 2585K(2816K)->2585K(2816K)
[2025-06-03T15:47:01.677+0530][184.438s] GC(824) Pause Young (Normal) (G1 Evacuation Pause) 315M->9M(512M) 1.330ms
[2025-06-03T15:47:01.677+0530][184.438s] GC(824) User=0.00s Sys=0.00s Real=0.00s
[2025-06-03T15:47:01.835+0530][184.596s] GC(825) Pause Young (Normal) (G1 Evacuation Pause)
[2025-06-03T15:47:01.835+0530][184.596s] GC(825) Using 8 workers of 8 for evacuation
[2025-06-03T15:47:01.835+0530][184.596s] GC(825) Skipped phase 1 of Reference Processing: no references
[2025-06-03T15:47:01.835+0530][184.596s] GC(825) Skipped phase 2 of Reference Processing: no references
[2025-06-03T15:47:01.835+0530][184.596s] GC(825) Skipped phase 3 of Reference Processing: no references
[2025-06-03T15:47:01.835+0530][184.596s] GC(825) Skipped phase 4 of Reference Processing: no references
[2025-06-03T15:47:01.836+0530][184.597s] GC(825)   Pre Evacuate Collection Set: 0.1ms
[2025-06-03T15:47:01.836+0530][184.597s] GC(825)   Merge Heap Roots: 0.1ms
[2025-06-03T15:47:01.836+0530][184.597s] GC(825)   Evacuate Collection Set: 0.3ms
[2025-06-03T15:47:01.836+0530][184.597s] GC(825)   Post Evacuate Collection Set: 0.4ms
[2025-06-03T15:47:01.836+0530][184.597s] GC(825)   Other: 0.2ms
[2025-06-03T15:47:01.836+0530][184.597s] GC(825) Eden regions: 306->0(306)
[2025-06-03T15:47:01.836+0530][184.597s] GC(825) Survivor regions: 1->1(39)
[2025-06-03T15:47:01.836+0530][184.597s] GC(825) Old regions: 9->9
[2025-06-03T15:47:01.836+0530][184.597s] GC(825) Archive regions: 2->2
[2025-06-03T15:47:01.836+0530][184.597s] GC(825) Humongous regions: 0->0
[2025-06-03T15:47:01.836+0530][184.597s] GC(825) Metaspace: 20476K(20928K)->20476K(20928K) NonClass: 17891K(18112K)->17891K(18112K) Class: 2585K(2816K)->2585K(2816K)
[2025-06-03T15:47:01.836+0530][184.597s] GC(825) Pause Young (Normal) (G1 Evacuation Pause) 315M->9M(512M) 1.372ms
[2025-06-03T15:47:01.836+0530][184.597s] GC(825) User=0.00s Sys=0.00s Real=0.00s
[2025-06-03T15:47:02.017+0530][184.778s] GC(826) Pause Young (Normal) (G1 Evacuation Pause)
[2025-06-03T15:47:02.017+0530][184.778s] GC(826) Using 8 workers of 8 for evacuation
[2025-06-03T15:47:02.017+0530][184.778s] GC(826) Skipped phase 1 of Reference Processing: no references
[2025-06-03T15:47:02.017+0530][184.778s] GC(826) Skipped phase 2 of Reference Processing: no references
[2025-06-03T15:47:02.017+0530][184.778s] GC(826) Skipped phase 3 of Reference Processing: no references
[2025-06-03T15:47:02.017+0530][184.778s] GC(826) Skipped phase 4 of Reference Processing: no references
[2025-06-03T15:47:02.018+0530][184.779s] GC(826)   Pre Evacuate Collection Set: 0.1ms
[2025-06-03T15:47:02.018+0530][184.779s] GC(826)   Merge Heap Roots: 0.1ms
[2025-06-03T15:47:02.018+0530][184.779s] GC(826)   Evacuate Collection Set: 0.3ms
[2025-06-03T15:47:02.018+0530][184.779s] GC(826)   Post Evacuate Collection Set: 0.5ms
[2025-06-03T15:47:02.018+0530][184.779s] GC(826)   Other: 0.2ms
[2025-06-03T15:47:02.018+0530][184.779s] GC(826) Eden regions: 306->0(306)
[2025-06-03T15:47:02.018+0530][184.779s] GC(826) Survivor regions: 1->1(39)
[2025-06-03T15:47:02.018+0530][184.779s] GC(826) Old regions: 9->9
[2025-06-03T15:47:02.018+0530][184.779s] GC(826) Archive regions: 2->2
[2025-06-03T15:47:02.018+0530][184.779s] GC(826) Humongous regions: 0->0
[2025-06-03T15:47:02.018+0530][184.779s] GC(826) Metaspace: 20476K(20928K)->20476K(20928K) NonClass: 17891K(18112K)->17891K(18112K) Class: 2585K(2816K)->2585K(2816K)
[2025-06-03T15:47:02.018+0530][184.779s] GC(826) Pause Young (Normal) (G1 Evacuation Pause) 315M->9M(512M) 1.450ms
[2025-06-03T15:47:02.018+0530][184.779s] GC(826) User=0.01s Sys=0.00s Real=0.00s
[2025-06-03T15:47:02.207+0530][184.968s] GC(827) Pause Young (Normal) (G1 Evacuation Pause)
[2025-06-03T15:47:02.208+0530][184.968s] GC(827) Using 8 workers of 8 for evacuation
[2025-06-03T15:47:02.208+0530][184.969s] GC(827) Skipped phase 1 of Reference Processing: no references
[2025-06-03T15:47:02.208+0530][184.969s] GC(827) Skipped phase 2 of Reference Processing: no references
[2025-06-03T15:47:02.208+0530][184.969s] GC(827) Skipped phase 3 of Reference Processing: no references
[2025-06-03T15:47:02.208+0530][184.969s] GC(827) Skipped phase 4 of Reference Processing: no references
[2025-06-03T15:47:02.209+0530][184.970s] GC(827)   Pre Evacuate Collection Set: 0.1ms
[2025-06-03T15:47:02.209+0530][184.970s] GC(827)   Merge Heap Roots: 0.1ms
[2025-06-03T15:47:02.209+0530][184.970s] GC(827)   Evacuate Collection Set: 0.3ms
[2025-06-03T15:47:02.209+0530][184.970s] GC(827)   Post Evacuate Collection Set: 0.5ms
[2025-06-03T15:47:02.209+0530][184.970s] GC(827)   Other: 0.2ms
[2025-06-03T15:47:02.209+0530][184.970s] GC(827) Eden regions: 306->0(306)
[2025-06-03T15:47:02.209+0530][184.970s] GC(827) Survivor regions: 1->1(39)
[2025-06-03T15:47:02.209+0530][184.970s] GC(827) Old regions: 9->9
[2025-06-03T15:47:02.209+0530][184.970s] GC(827) Archive regions: 2->2
[2025-06-03T15:47:02.209+0530][184.970s] GC(827) Humongous regions: 0->0
[2025-06-03T15:47:02.209+0530][184.970s] GC(827) Metaspace: 20476K(20928K)->20476K(20928K) NonClass: 17891K(18112K)->17891K(18112K) Class: 2585K(2816K)->2585K(2816K)
[2025-06-03T15:47:02.209+0530][184.970s] GC(827) Pause Young (Normal) (G1 Evacuation Pause) 315M->9M(512M) 1.395ms
[2025-06-03T15:47:02.209+0530][184.970s] GC(827) User=0.00s Sys=0.00s Real=0.00s
[2025-06-03T15:47:02.391+0530][185.152s] GC(828) Pause Young (Normal) (G1 Evacuation Pause)
[2025-06-03T15:47:02.391+0530][185.152s] GC(828) Using 8 workers of 8 for evacuation
[2025-06-03T15:47:02.391+0530][185.152s] GC(828) Skipped phase 1 of Reference Processing: no references
[2025-06-03T15:47:02.391+0530][185.152s] GC(828) Skipped phase 2 of Reference Processing: no references
[2025-06-03T15:47:02.391+0530][185.152s] GC(828) Skipped phase 3 of Reference Processing: no references
[2025-06-03T15:47:02.391+0530][185.152s] GC(828) Skipped phase 4 of Reference Processing: no references
[2025-06-03T15:47:02.392+0530][185.153s] GC(828)   Pre Evacuate Collection Set: 0.1ms
[2025-06-03T15:47:02.392+0530][185.153s] GC(828)   Merge Heap Roots: 0.1ms
[2025-06-03T15:47:02.392+0530][185.153s] GC(828)   Evacuate Collection Set: 0.3ms
[2025-06-03T15:47:02.392+0530][185.153s] GC(828)   Post Evacuate Collection Set: 0.6ms
[2025-06-03T15:47:02.392+0530][185.153s] GC(828)   Other: 0.2ms
[2025-06-03T15:47:02.392+0530][185.153s] GC(828) Eden regions: 306->0(306)
[2025-06-03T15:47:02.392+0530][185.153s] GC(828) Survivor regions: 1->1(39)
[2025-06-03T15:47:02.392+0530][185.153s] GC(828) Old regions: 9->9
[2025-06-03T15:47:02.392+0530][185.153s] GC(828) Archive regions: 2->2
[2025-06-03T15:47:02.392+0530][185.153s] GC(828) Humongous regions: 0->0
[2025-06-03T15:47:02.392+0530][185.153s] GC(828) Metaspace: 20476K(20928K)->20476K(20928K) NonClass: 17891K(18112K)->17891K(18112K) Class: 2585K(2816K)->2585K(2816K)
[2025-06-03T15:47:02.392+0530][185.153s] GC(828) Pause Young (Normal) (G1 Evacuation Pause) 315M->9M(512M) 1.491ms
[2025-06-03T15:47:02.392+0530][185.153s] GC(828) User=0.01s Sys=0.00s Real=0.00s
[2025-06-03T15:47:02.549+0530][185.310s] GC(829) Pause Young (Normal) (G1 Evacuation Pause)
[2025-06-03T15:47:02.549+0530][185.310s] GC(829) Using 8 workers of 8 for evacuation
[2025-06-03T15:47:02.550+0530][185.311s] GC(829) Skipped phase 1 of Reference Processing: no references
[2025-06-03T15:47:02.550+0530][185.311s] GC(829) Skipped phase 2 of Reference Processing: no references
[2025-06-03T15:47:02.550+0530][185.311s] GC(829) Skipped phase 3 of Reference Processing: no references
[2025-06-03T15:47:02.550+0530][185.311s] GC(829) Skipped phase 4 of Reference Processing: no references
[2025-06-03T15:47:02.550+0530][185.311s] GC(829)   Pre Evacuate Collection Set: 0.1ms
[2025-06-03T15:47:02.551+0530][185.311s] GC(829)   Merge Heap Roots: 0.1ms
[2025-06-03T15:47:02.551+0530][185.311s] GC(829)   Evacuate Collection Set: 0.3ms
[2025-06-03T15:47:02.551+0530][185.311s] GC(829)   Post Evacuate Collection Set: 0.5ms
[2025-06-03T15:47:02.551+0530][185.311s] GC(829)   Other: 0.2ms
[2025-06-03T15:47:02.551+0530][185.311s] GC(829) Eden regions: 306->0(306)
[2025-06-03T15:47:02.551+0530][185.311s] GC(829) Survivor regions: 1->1(39)
[2025-06-03T15:47:02.551+0530][185.311s] GC(829) Old regions: 9->9
[2025-06-03T15:47:02.551+0530][185.312s] GC(829) Archive regions: 2->2
[2025-06-03T15:47:02.551+0530][185.312s] GC(829) Humongous regions: 0->0
[2025-06-03T15:47:02.551+0530][185.312s] GC(829) Metaspace: 20476K(20928K)->20476K(20928K) NonClass: 17891K(18112K)->17891K(18112K) Class: 2585K(2816K)->2585K(2816K)
[2025-06-03T15:47:02.551+0530][185.312s] GC(829) Pause Young (Normal) (G1 Evacuation Pause) 315M->9M(512M) 1.381ms
[2025-06-03T15:47:02.551+0530][185.312s] GC(829) User=0.00s Sys=0.00s Real=0.01s
[2025-06-03T15:47:02.706+0530][185.467s] GC(830) Pause Young (Normal) (G1 Evacuation Pause)
[2025-06-03T15:47:02.706+0530][185.467s] GC(830) Using 8 workers of 8 for evacuation
[2025-06-03T15:47:02.707+0530][185.467s] GC(830) Skipped phase 1 of Reference Processing: no references
[2025-06-03T15:47:02.707+0530][185.467s] GC(830) Skipped phase 2 of Reference Processing: no references
[2025-06-03T15:47:02.707+0530][185.468s] GC(830) Skipped phase 3 of Reference Processing: no references
[2025-06-03T15:47:02.707+0530][185.468s] GC(830) Skipped phase 4 of Reference Processing: no references
[2025-06-03T15:47:02.707+0530][185.468s] GC(830)   Pre Evacuate Collection Set: 0.1ms
[2025-06-03T15:47:02.707+0530][185.468s] GC(830)   Merge Heap Roots: 0.1ms
[2025-06-03T15:47:02.707+0530][185.468s] GC(830)   Evacuate Collection Set: 0.3ms
[2025-06-03T15:47:02.707+0530][185.468s] GC(830)   Post Evacuate Collection Set: 0.4ms
[2025-06-03T15:47:02.707+0530][185.468s] GC(830)   Other: 0.2ms
[2025-06-03T15:47:02.707+0530][185.468s] GC(830) Eden regions: 306->0(306)
[2025-06-03T15:47:02.707+0530][185.468s] GC(830) Survivor regions: 1->1(39)
[2025-06-03T15:47:02.707+0530][185.468s] GC(830) Old regions: 9->9
[2025-06-03T15:47:02.707+0530][185.468s] GC(830) Archive regions: 2->2
[2025-06-03T15:47:02.707+0530][185.468s] GC(830) Humongous regions: 0->0
[2025-06-03T15:47:02.707+0530][185.468s] GC(830) Metaspace: 20476K(20928K)->20476K(20928K) NonClass: 17891K(18112K)->17891K(18112K) Class: 2585K(2816K)->2585K(2816K)
[2025-06-03T15:47:02.707+0530][185.468s] GC(830) Pause Young (Normal) (G1 Evacuation Pause) 315M->9M(512M) 1.393ms
[2025-06-03T15:47:02.707+0530][185.468s] GC(830) User=0.00s Sys=0.00s Real=0.00s
[2025-06-03T15:47:02.875+0530][185.636s] GC(831) Pause Young (Normal) (G1 Evacuation Pause)
[2025-06-03T15:47:02.875+0530][185.636s] GC(831) Using 8 workers of 8 for evacuation
[2025-06-03T15:47:02.876+0530][185.637s] GC(831) Skipped phase 1 of Reference Processing: no references
[2025-06-03T15:47:02.876+0530][185.637s] GC(831) Skipped phase 2 of Reference Processing: no references
[2025-06-03T15:47:02.876+0530][185.637s] GC(831) Skipped phase 3 of Reference Processing: no references
[2025-06-03T15:47:02.876+0530][185.637s] GC(831) Skipped phase 4 of Reference Processing: no references
[2025-06-03T15:47:02.876+0530][185.637s] GC(831)   Pre Evacuate Collection Set: 0.1ms
[2025-06-03T15:47:02.876+0530][185.637s] GC(831)   Merge Heap Roots: 0.1ms
[2025-06-03T15:47:02.876+0530][185.637s] GC(831)   Evacuate Collection Set: 0.2ms
[2025-06-03T15:47:02.876+0530][185.637s] GC(831)   Post Evacuate Collection Set: 0.5ms
[2025-06-03T15:47:02.876+0530][185.637s] GC(831)   Other: 0.2ms
[2025-06-03T15:47:02.876+0530][185.637s] GC(831) Eden regions: 306->0(306)
[2025-06-03T15:47:02.876+0530][185.637s] GC(831) Survivor regions: 1->1(39)
[2025-06-03T15:47:02.876+0530][185.637s] GC(831) Old regions: 9->9
[2025-06-03T15:47:02.876+0530][185.637s] GC(831) Archive regions: 2->2
[2025-06-03T15:47:02.876+0530][185.637s] GC(831) Humongous regions: 0->0
[2025-06-03T15:47:02.876+0530][185.637s] GC(831) Metaspace: 20476K(20928K)->20476K(20928K) NonClass: 17891K(18112K)->17891K(18112K) Class: 2585K(2816K)->2585K(2816K)
[2025-06-03T15:47:02.876+0530][185.637s] GC(831) Pause Young (Normal) (G1 Evacuation Pause) 315M->9M(512M) 1.234ms
[2025-06-03T15:47:02.876+0530][185.637s] GC(831) User=0.00s Sys=0.00s Real=0.00s
[2025-06-03T15:47:03.029+0530][185.790s] GC(832) Pause Young (Normal) (G1 Evacuation Pause)
[2025-06-03T15:47:03.029+0530][185.790s] GC(832) Using 8 workers of 8 for evacuation
[2025-06-03T15:47:03.030+0530][185.791s] GC(832) Skipped phase 1 of Reference Processing: no references
[2025-06-03T15:47:03.030+0530][185.791s] GC(832) Skipped phase 2 of Reference Processing: no references
[2025-06-03T15:47:03.030+0530][185.791s] GC(832) Skipped phase 3 of Reference Processing: no references
[2025-06-03T15:47:03.030+0530][185.791s] GC(832) Skipped phase 4 of Reference Processing: no references
[2025-06-03T15:47:03.030+0530][185.791s] GC(832)   Pre Evacuate Collection Set: 0.1ms
[2025-06-03T15:47:03.030+0530][185.791s] GC(832)   Merge Heap Roots: 0.1ms
[2025-06-03T15:47:03.030+0530][185.791s] GC(832)   Evacuate Collection Set: 0.2ms
[2025-06-03T15:47:03.030+0530][185.791s] GC(832)   Post Evacuate Collection Set: 0.4ms
[2025-06-03T15:47:03.030+0530][185.791s] GC(832)   Other: 0.2ms
[2025-06-03T15:47:03.030+0530][185.791s] GC(832) Eden regions: 306->0(306)
[2025-06-03T15:47:03.030+0530][185.791s] GC(832) Survivor regions: 1->1(39)
[2025-06-03T15:47:03.030+0530][185.791s] GC(832) Old regions: 9->9
[2025-06-03T15:47:03.030+0530][185.791s] GC(832) Archive regions: 2->2
[2025-06-03T15:47:03.030+0530][185.791s] GC(832) Humongous regions: 0->0
[2025-06-03T15:47:03.030+0530][185.791s] GC(832) Metaspace: 20476K(20928K)->20476K(20928K) NonClass: 17891K(18112K)->17891K(18112K) Class: 2585K(2816K)->2585K(2816K)
[2025-06-03T15:47:03.030+0530][185.791s] GC(832) Pause Young (Normal) (G1 Evacuation Pause) 315M->9M(512M) 1.171ms
[2025-06-03T15:47:03.030+0530][185.791s] GC(832) User=0.01s Sys=0.00s Real=0.01s
[2025-06-03T15:47:03.182+0530][185.943s] GC(833) Pause Young (Normal) (G1 Evacuation Pause)
[2025-06-03T15:47:03.182+0530][185.943s] GC(833) Using 8 workers of 8 for evacuation
[2025-06-03T15:47:03.182+0530][185.943s] GC(833) Skipped phase 1 of Reference Processing: no references
[2025-06-03T15:47:03.182+0530][185.943s] GC(833) Skipped phase 2 of Reference Processing: no references
[2025-06-03T15:47:03.182+0530][185.943s] GC(833) Skipped phase 3 of Reference Processing: no references
[2025-06-03T15:47:03.182+0530][185.943s] GC(833) Skipped phase 4 of Reference Processing: no references
[2025-06-03T15:47:03.183+0530][185.944s] GC(833)   Pre Evacuate Collection Set: 0.1ms
[2025-06-03T15:47:03.183+0530][185.944s] GC(833)   Merge Heap Roots: 0.1ms
[2025-06-03T15:47:03.183+0530][185.944s] GC(833)   Evacuate Collection Set: 0.2ms
[2025-06-03T15:47:03.183+0530][185.944s] GC(833)   Post Evacuate Collection Set: 0.5ms
[2025-06-03T15:47:03.183+0530][185.944s] GC(833)   Other: 0.2ms
[2025-06-03T15:47:03.183+0530][185.944s] GC(833) Eden regions: 306->0(306)
[2025-06-03T15:47:03.183+0530][185.944s] GC(833) Survivor regions: 1->1(39)
[2025-06-03T15:47:03.183+0530][185.944s] GC(833) Old regions: 9->9
[2025-06-03T15:47:03.183+0530][185.944s] GC(833) Archive regions: 2->2
[2025-06-03T15:47:03.183+0530][185.944s] GC(833) Humongous regions: 0->0
[2025-06-03T15:47:03.183+0530][185.944s] GC(833) Metaspace: 20476K(20928K)->20476K(20928K) NonClass: 17891K(18112K)->17891K(18112K) Class: 2585K(2816K)->2585K(2816K)
[2025-06-03T15:47:03.183+0530][185.944s] GC(833) Pause Young (Normal) (G1 Evacuation Pause) 315M->9M(512M) 1.350ms
[2025-06-03T15:47:03.183+0530][185.944s] GC(833) User=0.00s Sys=0.00s Real=0.00s
[2025-06-03T15:47:03.333+0530][186.094s] GC(834) Pause Young (Normal) (G1 Evacuation Pause)
[2025-06-03T15:47:03.333+0530][186.094s] GC(834) Using 8 workers of 8 for evacuation
[2025-06-03T15:47:03.334+0530][186.095s] GC(834) Skipped phase 1 of Reference Processing: no references
[2025-06-03T15:47:03.334+0530][186.095s] GC(834) Skipped phase 2 of Reference Processing: no references
[2025-06-03T15:47:03.334+0530][186.095s] GC(834) Skipped phase 3 of Reference Processing: no references
[2025-06-03T15:47:03.334+0530][186.095s] GC(834) Skipped phase 4 of Reference Processing: no references
[2025-06-03T15:47:03.334+0530][186.095s] GC(834)   Pre Evacuate Collection Set: 0.1ms
[2025-06-03T15:47:03.334+0530][186.095s] GC(834)   Merge Heap Roots: 0.1ms
[2025-06-03T15:47:03.334+0530][186.095s] GC(834)   Evacuate Collection Set: 0.2ms
[2025-06-03T15:47:03.334+0530][186.095s] GC(834)   Post Evacuate Collection Set: 0.5ms
[2025-06-03T15:47:03.334+0530][186.095s] GC(834)   Other: 0.2ms
[2025-06-03T15:47:03.334+0530][186.095s] GC(834) Eden regions: 306->0(306)
[2025-06-03T15:47:03.334+0530][186.095s] GC(834) Survivor regions: 1->1(39)
[2025-06-03T15:47:03.334+0530][186.095s] GC(834) Old regions: 9->9
[2025-06-03T15:47:03.334+0530][186.095s] GC(834) Archive regions: 2->2
[2025-06-03T15:47:03.334+0530][186.095s] GC(834) Humongous regions: 0->0
[2025-06-03T15:47:03.334+0530][186.095s] GC(834) Metaspace: 20476K(20928K)->20476K(20928K) NonClass: 17891K(18112K)->17891K(18112K) Class: 2585K(2816K)->2585K(2816K)
[2025-06-03T15:47:03.334+0530][186.095s] GC(834) Pause Young (Normal) (G1 Evacuation Pause) 315M->9M(512M) 1.169ms
[2025-06-03T15:47:03.334+0530][186.095s] GC(834) User=0.00s Sys=0.00s Real=0.00s
[2025-06-03T15:47:03.484+0530][186.245s] GC(835) Pause Young (Normal) (G1 Evacuation Pause)
[2025-06-03T15:47:03.484+0530][186.245s] GC(835) Using 8 workers of 8 for evacuation
[2025-06-03T15:47:03.484+0530][186.245s] GC(835) Skipped phase 1 of Reference Processing: no references
[2025-06-03T15:47:03.484+0530][186.245s] GC(835) Skipped phase 2 of Reference Processing: no references
[2025-06-03T15:47:03.484+0530][186.245s] GC(835) Skipped phase 3 of Reference Processing: no references
[2025-06-03T15:47:03.484+0530][186.245s] GC(835) Skipped phase 4 of Reference Processing: no references
[2025-06-03T15:47:03.485+0530][186.246s] GC(835)   Pre Evacuate Collection Set: 0.1ms
[2025-06-03T15:47:03.485+0530][186.246s] GC(835)   Merge Heap Roots: 0.1ms
[2025-06-03T15:47:03.485+0530][186.246s] GC(835)   Evacuate Collection Set: 0.2ms
[2025-06-03T15:47:03.485+0530][186.246s] GC(835)   Post Evacuate Collection Set: 0.5ms
[2025-06-03T15:47:03.485+0530][186.246s] GC(835)   Other: 0.2ms
[2025-06-03T15:47:03.485+0530][186.246s] GC(835) Eden regions: 306->0(306)
[2025-06-03T15:47:03.485+0530][186.246s] GC(835) Survivor regions: 1->1(39)
[2025-06-03T15:47:03.485+0530][186.246s] GC(835) Old regions: 9->9
[2025-06-03T15:47:03.485+0530][186.246s] GC(835) Archive regions: 2->2
[2025-06-03T15:47:03.485+0530][186.246s] GC(835) Humongous regions: 0->0
[2025-06-03T15:47:03.485+0530][186.246s] GC(835) Metaspace: 20476K(20928K)->20476K(20928K) NonClass: 17891K(18112K)->17891K(18112K) Class: 2585K(2816K)->2585K(2816K)
[2025-06-03T15:47:03.485+0530][186.246s] GC(835) Pause Young (Normal) (G1 Evacuation Pause) 315M->9M(512M) 1.366ms
[2025-06-03T15:47:03.485+0530][186.246s] GC(835) User=0.00s Sys=0.00s Real=0.00s
[2025-06-03T15:47:03.633+0530][186.394s] GC(836) Pause Young (Normal) (G1 Evacuation Pause)
[2025-06-03T15:47:03.634+0530][186.394s] GC(836) Using 8 workers of 8 for evacuation
[2025-06-03T15:47:03.634+0530][186.395s] GC(836) Skipped phase 1 of Reference Processing: no references
[2025-06-03T15:47:03.634+0530][186.395s] GC(836) Skipped phase 2 of Reference Processing: no references
[2025-06-03T15:47:03.634+0530][186.395s] GC(836) Skipped phase 3 of Reference Processing: no references
[2025-06-03T15:47:03.634+0530][186.395s] GC(836) Skipped phase 4 of Reference Processing: no references
[2025-06-03T15:47:03.635+0530][186.395s] GC(836)   Pre Evacuate Collection Set: 0.1ms
[2025-06-03T15:47:03.635+0530][186.395s] GC(836)   Merge Heap Roots: 0.1ms
[2025-06-03T15:47:03.635+0530][186.395s] GC(836)   Evacuate Collection Set: 0.3ms
[2025-06-03T15:47:03.635+0530][186.395s] GC(836)   Post Evacuate Collection Set: 0.5ms
[2025-06-03T15:47:03.635+0530][186.395s] GC(836)   Other: 0.2ms
[2025-06-03T15:47:03.635+0530][186.395s] GC(836) Eden regions: 306->0(306)
[2025-06-03T15:47:03.635+0530][186.396s] GC(836) Survivor regions: 1->1(39)
[2025-06-03T15:47:03.635+0530][186.396s] GC(836) Old regions: 9->9
[2025-06-03T15:47:03.635+0530][186.396s] GC(836) Archive regions: 2->2
[2025-06-03T15:47:03.635+0530][186.396s] GC(836) Humongous regions: 0->0
[2025-06-03T15:47:03.635+0530][186.396s] GC(836) Metaspace: 20476K(20928K)->20476K(20928K) NonClass: 17891K(18112K)->17891K(18112K) Class: 2585K(2816K)->2585K(2816K)
[2025-06-03T15:47:03.635+0530][186.396s] GC(836) Pause Young (Normal) (G1 Evacuation Pause) 315M->9M(512M) 1.240ms
[2025-06-03T15:47:03.635+0530][186.396s] GC(836) User=0.00s Sys=0.01s Real=0.00s
[2025-06-03T15:47:03.782+0530][186.543s] GC(837) Pause Young (Normal) (G1 Evacuation Pause)
[2025-06-03T15:47:03.782+0530][186.543s] GC(837) Using 8 workers of 8 for evacuation
[2025-06-03T15:47:03.783+0530][186.543s] GC(837) Skipped phase 1 of Reference Processing: no references
[2025-06-03T15:47:03.783+0530][186.543s] GC(837) Skipped phase 2 of Reference Processing: no references
[2025-06-03T15:47:03.783+0530][186.543s] GC(837) Skipped phase 3 of Reference Processing: no references
[2025-06-03T15:47:03.783+0530][186.543s] GC(837) Skipped phase 4 of Reference Processing: no references
[2025-06-03T15:47:03.783+0530][186.544s] GC(837)   Pre Evacuate Collection Set: 0.1ms
[2025-06-03T15:47:03.783+0530][186.544s] GC(837)   Merge Heap Roots: 0.1ms
[2025-06-03T15:47:03.783+0530][186.544s] GC(837)   Evacuate Collection Set: 0.2ms
[2025-06-03T15:47:03.783+0530][186.544s] GC(837)   Post Evacuate Collection Set: 0.5ms
[2025-06-03T15:47:03.783+0530][186.544s] GC(837)   Other: 0.2ms
[2025-06-03T15:47:03.783+0530][186.544s] GC(837) Eden regions: 306->0(306)
[2025-06-03T15:47:03.783+0530][186.544s] GC(837) Survivor regions: 1->1(39)
[2025-06-03T15:47:03.783+0530][186.544s] GC(837) Old regions: 9->9
[2025-06-03T15:47:03.783+0530][186.544s] GC(837) Archive regions: 2->2
[2025-06-03T15:47:03.783+0530][186.544s] GC(837) Humongous regions: 0->0
[2025-06-03T15:47:03.783+0530][186.544s] GC(837) Metaspace: 20476K(20928K)->20476K(20928K) NonClass: 17891K(18112K)->17891K(18112K) Class: 2585K(2816K)->2585K(2816K)
[2025-06-03T15:47:03.783+0530][186.544s] GC(837) Pause Young (Normal) (G1 Evacuation Pause) 315M->9M(512M) 1.292ms
[2025-06-03T15:47:03.783+0530][186.544s] GC(837) User=0.00s Sys=0.01s Real=0.00s
[2025-06-03T15:47:03.935+0530][186.696s] GC(838) Pause Young (Normal) (G1 Evacuation Pause)
[2025-06-03T15:47:03.935+0530][186.696s] GC(838) Using 8 workers of 8 for evacuation
[2025-06-03T15:47:03.936+0530][186.697s] GC(838) Skipped phase 1 of Reference Processing: no references
[2025-06-03T15:47:03.936+0530][186.697s] GC(838) Skipped phase 2 of Reference Processing: no references
[2025-06-03T15:47:03.936+0530][186.697s] GC(838) Skipped phase 3 of Reference Processing: no references
[2025-06-03T15:47:03.936+0530][186.697s] GC(838) Skipped phase 4 of Reference Processing: no references
[2025-06-03T15:47:03.936+0530][186.697s] GC(838)   Pre Evacuate Collection Set: 0.1ms
[2025-06-03T15:47:03.937+0530][186.697s] GC(838)   Merge Heap Roots: 0.1ms
[2025-06-03T15:47:03.937+0530][186.697s] GC(838)   Evacuate Collection Set: 0.3ms
[2025-06-03T15:47:03.937+0530][186.697s] GC(838)   Post Evacuate Collection Set: 0.5ms
[2025-06-03T15:47:03.937+0530][186.697s] GC(838)   Other: 0.2ms
[2025-06-03T15:47:03.937+0530][186.698s] GC(838) Eden regions: 306->0(306)
[2025-06-03T15:47:03.937+0530][186.698s] GC(838) Survivor regions: 1->1(39)
[2025-06-03T15:47:03.937+0530][186.698s] GC(838) Old regions: 9->9
[2025-06-03T15:47:03.937+0530][186.698s] GC(838) Archive regions: 2->2
[2025-06-03T15:47:03.937+0530][186.698s] GC(838) Humongous regions: 0->0
[2025-06-03T15:47:03.937+0530][186.698s] GC(838) Metaspace: 20476K(20928K)->20476K(20928K) NonClass: 17891K(18112K)->17891K(18112K) Class: 2585K(2816K)->2585K(2816K)
[2025-06-03T15:47:03.937+0530][186.698s] GC(838) Pause Young (Normal) (G1 Evacuation Pause) 315M->9M(512M) 1.279ms
[2025-06-03T15:47:03.937+0530][186.698s] GC(838) User=0.00s Sys=0.00s Real=0.00s
[2025-06-03T15:47:04.118+0530][186.879s] GC(839) Pause Young (Normal) (G1 Evacuation Pause)
[2025-06-03T15:47:04.118+0530][186.879s] GC(839) Using 8 workers of 8 for evacuation
[2025-06-03T15:47:04.119+0530][186.879s] GC(839) Skipped phase 1 of Reference Processing: no references
[2025-06-03T15:47:04.119+0530][186.880s] GC(839) Skipped phase 2 of Reference Processing: no references
[2025-06-03T15:47:04.119+0530][186.880s] GC(839) Skipped phase 3 of Reference Processing: no references
[2025-06-03T15:47:04.119+0530][186.880s] GC(839) Skipped phase 4 of Reference Processing: no references
[2025-06-03T15:47:04.119+0530][186.880s] GC(839)   Pre Evacuate Collection Set: 0.1ms
[2025-06-03T15:47:04.119+0530][186.880s] GC(839)   Merge Heap Roots: 0.1ms
[2025-06-03T15:47:04.119+0530][186.880s] GC(839)   Evacuate Collection Set: 0.3ms
[2025-06-03T15:47:04.119+0530][186.880s] GC(839)   Post Evacuate Collection Set: 0.5ms
[2025-06-03T15:47:04.119+0530][186.880s] GC(839)   Other: 0.2ms
[2025-06-03T15:47:04.119+0530][186.880s] GC(839) Eden regions: 306->0(306)
[2025-06-03T15:47:04.119+0530][186.880s] GC(839) Survivor regions: 1->1(39)
[2025-06-03T15:47:04.119+0530][186.880s] GC(839) Old regions: 9->9
[2025-06-03T15:47:04.119+0530][186.880s] GC(839) Archive regions: 2->2
[2025-06-03T15:47:04.119+0530][186.880s] GC(839) Humongous regions: 0->0
[2025-06-03T15:47:04.119+0530][186.880s] GC(839) Metaspace: 20476K(20928K)->20476K(20928K) NonClass: 17891K(18112K)->17891K(18112K) Class: 2585K(2816K)->2585K(2816K)
[2025-06-03T15:47:04.119+0530][186.880s] GC(839) Pause Young (Normal) (G1 Evacuation Pause) 315M->9M(512M) 1.385ms
[2025-06-03T15:47:04.119+0530][186.880s] GC(839) User=0.00s Sys=0.00s Real=0.00s
[2025-06-03T15:47:04.270+0530][187.031s] GC(840) Pause Young (Normal) (G1 Evacuation Pause)
[2025-06-03T15:47:04.270+0530][187.031s] GC(840) Using 8 workers of 8 for evacuation
[2025-06-03T15:47:04.270+0530][187.031s] GC(840) Skipped phase 1 of Reference Processing: no references
[2025-06-03T15:47:04.270+0530][187.031s] GC(840) Skipped phase 2 of Reference Processing: no references
[2025-06-03T15:47:04.270+0530][187.031s] GC(840) Skipped phase 3 of Reference Processing: no references
[2025-06-03T15:47:04.270+0530][187.031s] GC(840) Skipped phase 4 of Reference Processing: no references
[2025-06-03T15:47:04.271+0530][187.032s] GC(840)   Pre Evacuate Collection Set: 0.1ms
[2025-06-03T15:47:04.271+0530][187.032s] GC(840)   Merge Heap Roots: 0.1ms
[2025-06-03T15:47:04.271+0530][187.032s] GC(840)   Evacuate Collection Set: 0.3ms
[2025-06-03T15:47:04.271+0530][187.032s] GC(840)   Post Evacuate Collection Set: 0.5ms
[2025-06-03T15:47:04.271+0530][187.032s] GC(840)   Other: 0.2ms
[2025-06-03T15:47:04.271+0530][187.032s] GC(840) Eden regions: 306->0(306)
[2025-06-03T15:47:04.271+0530][187.032s] GC(840) Survivor regions: 1->1(39)
[2025-06-03T15:47:04.271+0530][187.032s] GC(840) Old regions: 9->9
[2025-06-03T15:47:04.271+0530][187.032s] GC(840) Archive regions: 2->2
[2025-06-03T15:47:04.271+0530][187.032s] GC(840) Humongous regions: 0->0
[2025-06-03T15:47:04.271+0530][187.032s] GC(840) Metaspace: 20476K(20928K)->20476K(20928K) NonClass: 17891K(18112K)->17891K(18112K) Class: 2585K(2816K)->2585K(2816K)
[2025-06-03T15:47:04.271+0530][187.032s] GC(840) Pause Young (Normal) (G1 Evacuation Pause) 315M->9M(512M) 1.369ms
[2025-06-03T15:47:04.271+0530][187.032s] GC(840) User=0.00s Sys=0.00s Real=0.00s
[2025-06-03T15:47:04.444+0530][187.205s] GC(841) Pause Young (Normal) (G1 Evacuation Pause)
[2025-06-03T15:47:04.444+0530][187.205s] GC(841) Using 8 workers of 8 for evacuation
[2025-06-03T15:47:04.444+0530][187.205s] GC(841) Skipped phase 1 of Reference Processing: no references
[2025-06-03T15:47:04.445+0530][187.205s] GC(841) Skipped phase 2 of Reference Processing: no references
[2025-06-03T15:47:04.445+0530][187.205s] GC(841) Skipped phase 3 of Reference Processing: no references
[2025-06-03T15:47:04.445+0530][187.205s] GC(841) Skipped phase 4 of Reference Processing: no references
[2025-06-03T15:47:04.445+0530][187.206s] GC(841)   Pre Evacuate Collection Set: 0.1ms
[2025-06-03T15:47:04.445+0530][187.206s] GC(841)   Merge Heap Roots: 0.1ms
[2025-06-03T15:47:04.445+0530][187.206s] GC(841)   Evacuate Collection Set: 0.3ms
[2025-06-03T15:47:04.445+0530][187.206s] GC(841)   Post Evacuate Collection Set: 0.5ms
[2025-06-03T15:47:04.445+0530][187.206s] GC(841)   Other: 0.2ms
[2025-06-03T15:47:04.445+0530][187.206s] GC(841) Eden regions: 306->0(306)
[2025-06-03T15:47:04.445+0530][187.206s] GC(841) Survivor regions: 1->1(39)
[2025-06-03T15:47:04.445+0530][187.206s] GC(841) Old regions: 9->9
[2025-06-03T15:47:04.445+0530][187.206s] GC(841) Archive regions: 2->2
[2025-06-03T15:47:04.445+0530][187.206s] GC(841) Humongous regions: 0->0
[2025-06-03T15:47:04.445+0530][187.206s] GC(841) Metaspace: 20476K(20928K)->20476K(20928K) NonClass: 17891K(18112K)->17891K(18112K) Class: 2585K(2816K)->2585K(2816K)
[2025-06-03T15:47:04.445+0530][187.206s] GC(841) Pause Young (Normal) (G1 Evacuation Pause) 315M->9M(512M) 1.392ms
[2025-06-03T15:47:04.445+0530][187.206s] GC(841) User=0.00s Sys=0.00s Real=0.00s
[2025-06-03T15:47:04.603+0530][187.364s] GC(842) Pause Young (Normal) (G1 Evacuation Pause)
[2025-06-03T15:47:04.603+0530][187.364s] GC(842) Using 8 workers of 8 for evacuation
[2025-06-03T15:47:04.604+0530][187.365s] GC(842) Skipped phase 1 of Reference Processing: no references
[2025-06-03T15:47:04.604+0530][187.365s] GC(842) Skipped phase 2 of Reference Processing: no references
[2025-06-03T15:47:04.604+0530][187.365s] GC(842) Skipped phase 3 of Reference Processing: no references
[2025-06-03T15:47:04.604+0530][187.365s] GC(842) Skipped phase 4 of Reference Processing: no references
[2025-06-03T15:47:04.604+0530][187.365s] GC(842)   Pre Evacuate Collection Set: 0.1ms
[2025-06-03T15:47:04.604+0530][187.365s] GC(842)   Merge Heap Roots: 0.1ms
[2025-06-03T15:47:04.604+0530][187.365s] GC(842)   Evacuate Collection Set: 0.3ms
[2025-06-03T15:47:04.604+0530][187.365s] GC(842)   Post Evacuate Collection Set: 0.7ms
[2025-06-03T15:47:04.604+0530][187.365s] GC(842)   Other: 0.3ms
[2025-06-03T15:47:04.605+0530][187.365s] GC(842) Eden regions: 306->0(306)
[2025-06-03T15:47:04.605+0530][187.365s] GC(842) Survivor regions: 1->1(39)
[2025-06-03T15:47:04.605+0530][187.366s] GC(842) Old regions: 9->9
[2025-06-03T15:47:04.605+0530][187.366s] GC(842) Archive regions: 2->2
[2025-06-03T15:47:04.605+0530][187.366s] GC(842) Humongous regions: 0->0
[2025-06-03T15:47:04.605+0530][187.366s] GC(842) Metaspace: 20476K(20928K)->20476K(20928K) NonClass: 17891K(18112K)->17891K(18112K) Class: 2585K(2816K)->2585K(2816K)
[2025-06-03T15:47:04.605+0530][187.366s] GC(842) Pause Young (Normal) (G1 Evacuation Pause) 315M->9M(512M) 1.696ms
[2025-06-03T15:47:04.605+0530][187.366s] GC(842) User=0.00s Sys=0.00s Real=0.00s
[2025-06-03T15:47:04.761+0530][187.522s] GC(843) Pause Young (Normal) (G1 Evacuation Pause)
[2025-06-03T15:47:04.761+0530][187.522s] GC(843) Using 8 workers of 8 for evacuation
[2025-06-03T15:47:04.762+0530][187.523s] GC(843) Skipped phase 1 of Reference Processing: no references
[2025-06-03T15:47:04.762+0530][187.523s] GC(843) Skipped phase 2 of Reference Processing: no references
[2025-06-03T15:47:04.762+0530][187.523s] GC(843) Skipped phase 3 of Reference Processing: no references
[2025-06-03T15:47:04.762+0530][187.523s] GC(843) Skipped phase 4 of Reference Processing: no references
[2025-06-03T15:47:04.763+0530][187.523s] GC(843)   Pre Evacuate Collection Set: 0.1ms
[2025-06-03T15:47:04.763+0530][187.523s] GC(843)   Merge Heap Roots: 0.1ms
[2025-06-03T15:47:04.763+0530][187.523s] GC(843)   Evacuate Collection Set: 0.3ms
[2025-06-03T15:47:04.763+0530][187.524s] GC(843)   Post Evacuate Collection Set: 0.5ms
[2025-06-03T15:47:04.763+0530][187.524s] GC(843)   Other: 0.2ms
[2025-06-03T15:47:04.763+0530][187.524s] GC(843) Eden regions: 306->0(306)
[2025-06-03T15:47:04.763+0530][187.524s] GC(843) Survivor regions: 1->1(39)
[2025-06-03T15:47:04.763+0530][187.524s] GC(843) Old regions: 9->9
[2025-06-03T15:47:04.763+0530][187.524s] GC(843) Archive regions: 2->2
[2025-06-03T15:47:04.763+0530][187.524s] GC(843) Humongous regions: 0->0
[2025-06-03T15:47:04.763+0530][187.524s] GC(843) Metaspace: 20476K(20928K)->20476K(20928K) NonClass: 17891K(18112K)->17891K(18112K) Class: 2585K(2816K)->2585K(2816K)
[2025-06-03T15:47:04.763+0530][187.524s] GC(843) Pause Young (Normal) (G1 Evacuation Pause) 315M->9M(512M) 1.311ms
[2025-06-03T15:47:04.763+0530][187.524s] GC(843) User=0.00s Sys=0.00s Real=0.00s
[2025-06-03T15:47:04.923+0530][187.684s] GC(844) Pause Young (Normal) (G1 Evacuation Pause)
[2025-06-03T15:47:04.925+0530][187.686s] GC(844) Using 8 workers of 8 for evacuation
[2025-06-03T15:47:04.925+0530][187.686s] GC(844) Skipped phase 1 of Reference Processing: no references
[2025-06-03T15:47:04.926+0530][187.687s] GC(844) Skipped phase 2 of Reference Processing: no references
[2025-06-03T15:47:04.926+0530][187.687s] GC(844) Skipped phase 3 of Reference Processing: no references
[2025-06-03T15:47:04.926+0530][187.687s] GC(844) Skipped phase 4 of Reference Processing: no references
[2025-06-03T15:47:04.926+0530][187.687s] GC(844)   Pre Evacuate Collection Set: 0.1ms
[2025-06-03T15:47:04.926+0530][187.687s] GC(844)   Merge Heap Roots: 0.1ms
[2025-06-03T15:47:04.926+0530][187.687s] GC(844)   Evacuate Collection Set: 0.3ms
[2025-06-03T15:47:04.927+0530][187.687s] GC(844)   Post Evacuate Collection Set: 1.0ms
[2025-06-03T15:47:04.927+0530][187.687s] GC(844)   Other: 1.8ms
[2025-06-03T15:47:04.927+0530][187.687s] GC(844) Eden regions: 306->0(306)
[2025-06-03T15:47:04.927+0530][187.687s] GC(844) Survivor regions: 1->1(39)
[2025-06-03T15:47:04.927+0530][187.688s] GC(844) Old regions: 9->9
[2025-06-03T15:47:04.927+0530][187.688s] GC(844) Archive regions: 2->2
[2025-06-03T15:47:04.927+0530][187.688s] GC(844) Humongous regions: 0->0
[2025-06-03T15:47:04.927+0530][187.688s] GC(844) Metaspace: 20476K(20928K)->20476K(20928K) NonClass: 17891K(18112K)->17891K(18112K) Class: 2585K(2816K)->2585K(2816K)
[2025-06-03T15:47:04.927+0530][187.688s] GC(844) Pause Young (Normal) (G1 Evacuation Pause) 315M->9M(512M) 3.403ms
[2025-06-03T15:47:04.927+0530][187.688s] GC(844) User=0.00s Sys=0.01s Real=0.00s
[2025-06-03T15:47:05.237+0530][187.998s] GC(845) Pause Young (Normal) (G1 Evacuation Pause)
[2025-06-03T15:47:05.238+0530][187.998s] GC(845) Using 8 workers of 8 for evacuation
[2025-06-03T15:47:05.260+0530][188.021s] GC(845) Skipped phase 1 of Reference Processing: no references
[2025-06-03T15:47:05.265+0530][188.026s] GC(845) Skipped phase 2 of Reference Processing: no references
[2025-06-03T15:47:05.265+0530][188.026s] GC(845) Skipped phase 3 of Reference Processing: no references
[2025-06-03T15:47:05.265+0530][188.026s] GC(845) Skipped phase 4 of Reference Processing: no references
[2025-06-03T15:47:05.279+0530][188.040s] GC(845)   Pre Evacuate Collection Set: 0.2ms
[2025-06-03T15:47:05.279+0530][188.040s] GC(845)   Merge Heap Roots: 0.4ms
[2025-06-03T15:47:05.279+0530][188.040s] GC(845)   Evacuate Collection Set: 22.0ms
[2025-06-03T15:47:05.279+0530][188.040s] GC(845)   Post Evacuate Collection Set: 18.6ms
[2025-06-03T15:47:05.279+0530][188.040s] GC(845)   Other: 0.3ms
[2025-06-03T15:47:05.279+0530][188.040s] GC(845) Eden regions: 306->0(306)
[2025-06-03T15:47:05.279+0530][188.040s] GC(845) Survivor regions: 1->1(39)
[2025-06-03T15:47:05.279+0530][188.040s] GC(845) Old regions: 9->9
[2025-06-03T15:47:05.279+0530][188.040s] GC(845) Archive regions: 2->2
[2025-06-03T15:47:05.279+0530][188.040s] GC(845) Humongous regions: 0->0
[2025-06-03T15:47:05.279+0530][188.040s] GC(845) Metaspace: 20476K(20928K)->20476K(20928K) NonClass: 17891K(18112K)->17891K(18112K) Class: 2585K(2816K)->2585K(2816K)
[2025-06-03T15:47:05.279+0530][188.040s] GC(845) Pause Young (Normal) (G1 Evacuation Pause) 315M->9M(512M) 41.875ms
[2025-06-03T15:47:05.279+0530][188.040s] GC(845) User=0.00s Sys=0.00s Real=0.04s
[2025-06-03T15:47:05.551+0530][188.312s] GC(846) Pause Young (Normal) (G1 Evacuation Pause)
[2025-06-03T15:47:05.551+0530][188.312s] GC(846) Using 8 workers of 8 for evacuation
[2025-06-03T15:47:05.551+0530][188.312s] GC(846) Skipped phase 1 of Reference Processing: no references
[2025-06-03T15:47:05.551+0530][188.312s] GC(846) Skipped phase 2 of Reference Processing: no references
[2025-06-03T15:47:05.551+0530][188.312s] GC(846) Skipped phase 3 of Reference Processing: no references
[2025-06-03T15:47:05.551+0530][188.312s] GC(846) Skipped phase 4 of Reference Processing: no references
[2025-06-03T15:47:05.552+0530][188.313s] GC(846)   Pre Evacuate Collection Set: 0.1ms
[2025-06-03T15:47:05.552+0530][188.313s] GC(846)   Merge Heap Roots: 0.1ms
[2025-06-03T15:47:05.552+0530][188.313s] GC(846)   Evacuate Collection Set: 0.2ms
[2025-06-03T15:47:05.552+0530][188.313s] GC(846)   Post Evacuate Collection Set: 0.7ms
[2025-06-03T15:47:05.552+0530][188.313s] GC(846)   Other: 0.2ms
[2025-06-03T15:47:05.552+0530][188.313s] GC(846) Eden regions: 306->0(306)
[2025-06-03T15:47:05.552+0530][188.313s] GC(846) Survivor regions: 1->1(39)
[2025-06-03T15:47:05.552+0530][188.313s] GC(846) Old regions: 9->9
[2025-06-03T15:47:05.552+0530][188.313s] GC(846) Archive regions: 2->2
[2025-06-03T15:47:05.552+0530][188.313s] GC(846) Humongous regions: 0->0
[2025-06-03T15:47:05.552+0530][188.313s] GC(846) Metaspace: 20476K(20928K)->20476K(20928K) NonClass: 17891K(18112K)->17891K(18112K) Class: 2585K(2816K)->2585K(2816K)
[2025-06-03T15:47:05.552+0530][188.313s] GC(846) Pause Young (Normal) (G1 Evacuation Pause) 315M->9M(512M) 1.429ms
[2025-06-03T15:47:05.552+0530][188.313s] GC(846) User=0.00s Sys=0.00s Real=0.00s
[2025-06-03T15:47:05.755+0530][188.516s] GC(847) Pause Young (Normal) (G1 Evacuation Pause)
[2025-06-03T15:47:05.755+0530][188.516s] GC(847) Using 8 workers of 8 for evacuation
[2025-06-03T15:47:05.755+0530][188.516s] GC(847) Skipped phase 1 of Reference Processing: no references
[2025-06-03T15:47:05.755+0530][188.516s] GC(847) Skipped phase 2 of Reference Processing: no references
[2025-06-03T15:47:05.755+0530][188.516s] GC(847) Skipped phase 3 of Reference Processing: no references
[2025-06-03T15:47:05.755+0530][188.516s] GC(847) Skipped phase 4 of Reference Processing: no references
[2025-06-03T15:47:05.756+0530][188.517s] GC(847)   Pre Evacuate Collection Set: 0.1ms
[2025-06-03T15:47:05.756+0530][188.517s] GC(847)   Merge Heap Roots: 0.1ms
[2025-06-03T15:47:05.756+0530][188.517s] GC(847)   Evacuate Collection Set: 0.2ms
[2025-06-03T15:47:05.756+0530][188.517s] GC(847)   Post Evacuate Collection Set: 0.4ms
[2025-06-03T15:47:05.756+0530][188.517s] GC(847)   Other: 0.2ms
[2025-06-03T15:47:05.756+0530][188.517s] GC(847) Eden regions: 306->0(306)
[2025-06-03T15:47:05.756+0530][188.517s] GC(847) Survivor regions: 1->1(39)
[2025-06-03T15:47:05.756+0530][188.517s] GC(847) Old regions: 9->9
[2025-06-03T15:47:05.756+0530][188.517s] GC(847) Archive regions: 2->2
[2025-06-03T15:47:05.756+0530][188.517s] GC(847) Humongous regions: 0->0
[2025-06-03T15:47:05.756+0530][188.517s] GC(847) Metaspace: 20476K(20928K)->20476K(20928K) NonClass: 17891K(18112K)->17891K(18112K) Class: 2585K(2816K)->2585K(2816K)
[2025-06-03T15:47:05.756+0530][188.517s] GC(847) Pause Young (Normal) (G1 Evacuation Pause) 315M->9M(512M) 1.224ms
[2025-06-03T15:47:05.756+0530][188.517s] GC(847) User=0.00s Sys=0.00s Real=0.00s
[2025-06-03T15:47:05.998+0530][188.759s] GC(848) Pause Young (Normal) (G1 Evacuation Pause)
[2025-06-03T15:47:05.998+0530][188.759s] GC(848) Using 8 workers of 8 for evacuation
[2025-06-03T15:47:05.998+0530][188.759s] GC(848) Skipped phase 1 of Reference Processing: no references
[2025-06-03T15:47:05.998+0530][188.759s] GC(848) Skipped phase 2 of Reference Processing: no references
[2025-06-03T15:47:05.998+0530][188.759s] GC(848) Skipped phase 3 of Reference Processing: no references
[2025-06-03T15:47:05.998+0530][188.759s] GC(848) Skipped phase 4 of Reference Processing: no references
[2025-06-03T15:47:05.999+0530][188.760s] GC(848)   Pre Evacuate Collection Set: 0.1ms
[2025-06-03T15:47:05.999+0530][188.760s] GC(848)   Merge Heap Roots: 0.1ms
[2025-06-03T15:47:05.999+0530][188.760s] GC(848)   Evacuate Collection Set: 0.3ms
[2025-06-03T15:47:05.999+0530][188.760s] GC(848)   Post Evacuate Collection Set: 0.5ms
[2025-06-03T15:47:05.999+0530][188.760s] GC(848)   Other: 0.2ms
[2025-06-03T15:47:05.999+0530][188.760s] GC(848) Eden regions: 306->0(306)
[2025-06-03T15:47:05.999+0530][188.760s] GC(848) Survivor regions: 1->1(39)
[2025-06-03T15:47:05.999+0530][188.760s] GC(848) Old regions: 9->9
[2025-06-03T15:47:05.999+0530][188.760s] GC(848) Archive regions: 2->2
[2025-06-03T15:47:05.999+0530][188.760s] GC(848) Humongous regions: 0->0
[2025-06-03T15:47:05.999+0530][188.760s] GC(848) Metaspace: 20476K(20928K)->20476K(20928K) NonClass: 17891K(18112K)->17891K(18112K) Class: 2585K(2816K)->2585K(2816K)
[2025-06-03T15:47:05.999+0530][188.760s] GC(848) Pause Young (Normal) (G1 Evacuation Pause) 315M->9M(512M) 1.393ms
[2025-06-03T15:47:05.999+0530][188.760s] GC(848) User=0.00s Sys=0.00s Real=0.00s
[2025-06-03T15:47:06.178+0530][188.939s] GC(849) Pause Young (Normal) (G1 Evacuation Pause)
[2025-06-03T15:47:06.178+0530][188.939s] GC(849) Using 8 workers of 8 for evacuation
[2025-06-03T15:47:06.179+0530][188.940s] GC(849) Skipped phase 1 of Reference Processing: no references
[2025-06-03T15:47:06.179+0530][188.940s] GC(849) Skipped phase 2 of Reference Processing: no references
[2025-06-03T15:47:06.179+0530][188.940s] GC(849) Skipped phase 3 of Reference Processing: no references
[2025-06-03T15:47:06.179+0530][188.940s] GC(849) Skipped phase 4 of Reference Processing: no references
[2025-06-03T15:47:06.179+0530][188.940s] GC(849)   Pre Evacuate Collection Set: 0.1ms
[2025-06-03T15:47:06.179+0530][188.940s] GC(849)   Merge Heap Roots: 0.1ms
[2025-06-03T15:47:06.179+0530][188.940s] GC(849)   Evacuate Collection Set: 0.3ms
[2025-06-03T15:47:06.179+0530][188.940s] GC(849)   Post Evacuate Collection Set: 0.5ms
[2025-06-03T15:47:06.179+0530][188.940s] GC(849)   Other: 0.2ms
[2025-06-03T15:47:06.179+0530][188.940s] GC(849) Eden regions: 306->0(306)
[2025-06-03T15:47:06.179+0530][188.940s] GC(849) Survivor regions: 1->1(39)
[2025-06-03T15:47:06.179+0530][188.940s] GC(849) Old regions: 9->9
[2025-06-03T15:47:06.179+0530][188.940s] GC(849) Archive regions: 2->2
[2025-06-03T15:47:06.179+0530][188.940s] GC(849) Humongous regions: 0->0
[2025-06-03T15:47:06.179+0530][188.940s] GC(849) Metaspace: 20476K(20928K)->20476K(20928K) NonClass: 17891K(18112K)->17891K(18112K) Class: 2585K(2816K)->2585K(2816K)
[2025-06-03T15:47:06.180+0530][188.941s] GC(849) Pause Young (Normal) (G1 Evacuation Pause) 315M->9M(512M) 1.305ms
[2025-06-03T15:47:06.180+0530][188.941s] GC(849) User=0.01s Sys=0.00s Real=0.01s
[2025-06-03T15:47:06.368+0530][189.129s] GC(850) Pause Young (Normal) (G1 Evacuation Pause)
[2025-06-03T15:47:06.368+0530][189.129s] GC(850) Using 8 workers of 8 for evacuation
[2025-06-03T15:47:06.369+0530][189.130s] GC(850) Skipped phase 1 of Reference Processing: no references
[2025-06-03T15:47:06.369+0530][189.130s] GC(850) Skipped phase 2 of Reference Processing: no references
[2025-06-03T15:47:06.369+0530][189.130s] GC(850) Skipped phase 3 of Reference Processing: no references
[2025-06-03T15:47:06.369+0530][189.130s] GC(850) Skipped phase 4 of Reference Processing: no references
[2025-06-03T15:47:06.369+0530][189.130s] GC(850)   Pre Evacuate Collection Set: 0.1ms
[2025-06-03T15:47:06.369+0530][189.130s] GC(850)   Merge Heap Roots: 0.1ms
[2025-06-03T15:47:06.369+0530][189.130s] GC(850)   Evacuate Collection Set: 0.3ms
[2025-06-03T15:47:06.369+0530][189.130s] GC(850)   Post Evacuate Collection Set: 0.5ms
[2025-06-03T15:47:06.369+0530][189.130s] GC(850)   Other: 0.2ms
[2025-06-03T15:47:06.369+0530][189.130s] GC(850) Eden regions: 306->0(306)
[2025-06-03T15:47:06.369+0530][189.130s] GC(850) Survivor regions: 1->1(39)
[2025-06-03T15:47:06.369+0530][189.130s] GC(850) Old regions: 9->9
[2025-06-03T15:47:06.369+0530][189.130s] GC(850) Archive regions: 2->2
[2025-06-03T15:47:06.369+0530][189.130s] GC(850) Humongous regions: 0->0
[2025-06-03T15:47:06.369+0530][189.130s] GC(850) Metaspace: 20476K(20928K)->20476K(20928K) NonClass: 17891K(18112K)->17891K(18112K) Class: 2585K(2816K)->2585K(2816K)
[2025-06-03T15:47:06.369+0530][189.130s] GC(850) Pause Young (Normal) (G1 Evacuation Pause) 315M->9M(512M) 1.404ms
[2025-06-03T15:47:06.369+0530][189.130s] GC(850) User=0.00s Sys=0.00s Real=0.00s
[2025-06-03T15:47:06.531+0530][189.292s] GC(851) Pause Young (Normal) (G1 Evacuation Pause)
[2025-06-03T15:47:06.531+0530][189.292s] GC(851) Using 8 workers of 8 for evacuation
[2025-06-03T15:47:06.532+0530][189.293s] GC(851) Skipped phase 1 of Reference Processing: no references
[2025-06-03T15:47:06.532+0530][189.293s] GC(851) Skipped phase 2 of Reference Processing: no references
[2025-06-03T15:47:06.532+0530][189.293s] GC(851) Skipped phase 3 of Reference Processing: no references
[2025-06-03T15:47:06.532+0530][189.293s] GC(851) Skipped phase 4 of Reference Processing: no references
[2025-06-03T15:47:06.532+0530][189.293s] GC(851)   Pre Evacuate Collection Set: 0.1ms
[2025-06-03T15:47:06.532+0530][189.293s] GC(851)   Merge Heap Roots: 0.1ms
[2025-06-03T15:47:06.532+0530][189.293s] GC(851)   Evacuate Collection Set: 0.2ms
[2025-06-03T15:47:06.532+0530][189.293s] GC(851)   Post Evacuate Collection Set: 0.5ms
[2025-06-03T15:47:06.532+0530][189.293s] GC(851)   Other: 0.2ms
[2025-06-03T15:47:06.532+0530][189.293s] GC(851) Eden regions: 306->0(306)
[2025-06-03T15:47:06.532+0530][189.293s] GC(851) Survivor regions: 1->1(39)
[2025-06-03T15:47:06.532+0530][189.293s] GC(851) Old regions: 9->9
[2025-06-03T15:47:06.532+0530][189.293s] GC(851) Archive regions: 2->2
[2025-06-03T15:47:06.532+0530][189.293s] GC(851) Humongous regions: 0->0
[2025-06-03T15:47:06.532+0530][189.293s] GC(851) Metaspace: 20476K(20928K)->20476K(20928K) NonClass: 17891K(18112K)->17891K(18112K) Class: 2585K(2816K)->2585K(2816K)
[2025-06-03T15:47:06.532+0530][189.293s] GC(851) Pause Young (Normal) (G1 Evacuation Pause) 315M->9M(512M) 1.206ms
[2025-06-03T15:47:06.532+0530][189.293s] GC(851) User=0.00s Sys=0.00s Real=0.00s
[2025-06-03T15:47:06.713+0530][189.474s] GC(852) Pause Young (Normal) (G1 Evacuation Pause)
[2025-06-03T15:47:06.713+0530][189.474s] GC(852) Using 8 workers of 8 for evacuation
[2025-06-03T15:47:06.714+0530][189.475s] GC(852) Skipped phase 1 of Reference Processing: no references
[2025-06-03T15:47:06.714+0530][189.475s] GC(852) Skipped phase 2 of Reference Processing: no references
[2025-06-03T15:47:06.714+0530][189.475s] GC(852) Skipped phase 3 of Reference Processing: no references
[2025-06-03T15:47:06.714+0530][189.475s] GC(852) Skipped phase 4 of Reference Processing: no references
[2025-06-03T15:47:06.714+0530][189.475s] GC(852)   Pre Evacuate Collection Set: 0.1ms
[2025-06-03T15:47:06.714+0530][189.475s] GC(852)   Merge Heap Roots: 0.1ms
[2025-06-03T15:47:06.714+0530][189.475s] GC(852)   Evacuate Collection Set: 0.3ms
[2025-06-03T15:47:06.714+0530][189.475s] GC(852)   Post Evacuate Collection Set: 0.7ms
[2025-06-03T15:47:06.715+0530][189.475s] GC(852)   Other: 0.2ms
[2025-06-03T15:47:06.715+0530][189.476s] GC(852) Eden regions: 306->0(306)
[2025-06-03T15:47:06.715+0530][189.476s] GC(852) Survivor regions: 1->1(39)
[2025-06-03T15:47:06.715+0530][189.476s] GC(852) Old regions: 9->9
[2025-06-03T15:47:06.715+0530][189.476s] GC(852) Archive regions: 2->2
[2025-06-03T15:47:06.715+0530][189.476s] GC(852) Humongous regions: 0->0
[2025-06-03T15:47:06.715+0530][189.476s] GC(852) Metaspace: 20476K(20928K)->20476K(20928K) NonClass: 17891K(18112K)->17891K(18112K) Class: 2585K(2816K)->2585K(2816K)
[2025-06-03T15:47:06.715+0530][189.476s] GC(852) Pause Young (Normal) (G1 Evacuation Pause) 315M->9M(512M) 1.596ms
[2025-06-03T15:47:06.715+0530][189.476s] GC(852) User=0.00s Sys=0.00s Real=0.00s
[2025-06-03T15:47:06.894+0530][189.655s] GC(853) Pause Young (Normal) (G1 Evacuation Pause)
[2025-06-03T15:47:06.894+0530][189.655s] GC(853) Using 8 workers of 8 for evacuation
[2025-06-03T15:47:06.894+0530][189.655s] GC(853) Skipped phase 1 of Reference Processing: no references
[2025-06-03T15:47:06.894+0530][189.655s] GC(853) Skipped phase 2 of Reference Processing: no references
[2025-06-03T15:47:06.894+0530][189.655s] GC(853) Skipped phase 3 of Reference Processing: no references
[2025-06-03T15:47:06.894+0530][189.655s] GC(853) Skipped phase 4 of Reference Processing: no references
[2025-06-03T15:47:06.895+0530][189.656s] GC(853)   Pre Evacuate Collection Set: 0.1ms
[2025-06-03T15:47:06.895+0530][189.656s] GC(853)   Merge Heap Roots: 0.1ms
[2025-06-03T15:47:06.895+0530][189.656s] GC(853)   Evacuate Collection Set: 0.3ms
[2025-06-03T15:47:06.895+0530][189.656s] GC(853)   Post Evacuate Collection Set: 0.8ms
[2025-06-03T15:47:06.895+0530][189.656s] GC(853)   Other: 0.2ms
[2025-06-03T15:47:06.895+0530][189.656s] GC(853) Eden regions: 306->0(306)
[2025-06-03T15:47:06.895+0530][189.656s] GC(853) Survivor regions: 1->1(39)
[2025-06-03T15:47:06.895+0530][189.656s] GC(853) Old regions: 9->9
[2025-06-03T15:47:06.895+0530][189.656s] GC(853) Archive regions: 2->2
[2025-06-03T15:47:06.895+0530][189.656s] GC(853) Humongous regions: 0->0
[2025-06-03T15:47:06.895+0530][189.656s] GC(853) Metaspace: 20476K(20928K)->20476K(20928K) NonClass: 17891K(18112K)->17891K(18112K) Class: 2585K(2816K)->2585K(2816K)
[2025-06-03T15:47:06.896+0530][189.656s] GC(853) Pause Young (Normal) (G1 Evacuation Pause) 315M->9M(512M) 1.871ms
[2025-06-03T15:47:06.896+0530][189.657s] GC(853) User=0.00s Sys=0.00s Real=0.00s
[2025-06-03T15:47:07.076+0530][189.837s] GC(854) Pause Young (Normal) (G1 Evacuation Pause)
[2025-06-03T15:47:07.076+0530][189.837s] GC(854) Using 8 workers of 8 for evacuation
[2025-06-03T15:47:07.077+0530][189.838s] GC(854) Skipped phase 1 of Reference Processing: no references
[2025-06-03T15:47:07.077+0530][189.838s] GC(854) Skipped phase 2 of Reference Processing: no references
[2025-06-03T15:47:07.077+0530][189.838s] GC(854) Skipped phase 3 of Reference Processing: no references
[2025-06-03T15:47:07.077+0530][189.838s] GC(854) Skipped phase 4 of Reference Processing: no references
[2025-06-03T15:47:07.078+0530][189.839s] GC(854)   Pre Evacuate Collection Set: 0.1ms
[2025-06-03T15:47:07.078+0530][189.839s] GC(854)   Merge Heap Roots: 0.1ms
[2025-06-03T15:47:07.078+0530][189.839s] GC(854)   Evacuate Collection Set: 0.4ms
[2025-06-03T15:47:07.078+0530][189.839s] GC(854)   Post Evacuate Collection Set: 0.6ms
[2025-06-03T15:47:07.078+0530][189.839s] GC(854)   Other: 0.3ms
[2025-06-03T15:47:07.078+0530][189.839s] GC(854) Eden regions: 306->0(306)
[2025-06-03T15:47:07.078+0530][189.839s] GC(854) Survivor regions: 1->1(39)
[2025-06-03T15:47:07.078+0530][189.839s] GC(854) Old regions: 9->9
[2025-06-03T15:47:07.078+0530][189.839s] GC(854) Archive regions: 2->2
[2025-06-03T15:47:07.078+0530][189.839s] GC(854) Humongous regions: 0->0
[2025-06-03T15:47:07.078+0530][189.839s] GC(854) Metaspace: 20476K(20928K)->20476K(20928K) NonClass: 17891K(18112K)->17891K(18112K) Class: 2585K(2816K)->2585K(2816K)
[2025-06-03T15:47:07.078+0530][189.839s] GC(854) Pause Young (Normal) (G1 Evacuation Pause) 315M->9M(512M) 2.179ms
[2025-06-03T15:47:07.078+0530][189.839s] GC(854) User=0.00s Sys=0.00s Real=0.00s
[2025-06-03T15:47:07.323+0530][190.084s] GC(855) Pause Young (Normal) (G1 Evacuation Pause)
[2025-06-03T15:47:07.323+0530][190.084s] GC(855) Using 8 workers of 8 for evacuation
[2025-06-03T15:47:07.323+0530][190.084s] GC(855) Skipped phase 1 of Reference Processing: no references
[2025-06-03T15:47:07.323+0530][190.084s] GC(855) Skipped phase 2 of Reference Processing: no references
[2025-06-03T15:47:07.323+0530][190.084s] GC(855) Skipped phase 3 of Reference Processing: no references
[2025-06-03T15:47:07.323+0530][190.084s] GC(855) Skipped phase 4 of Reference Processing: no references
[2025-06-03T15:47:07.324+0530][190.085s] GC(855)   Pre Evacuate Collection Set: 0.1ms
[2025-06-03T15:47:07.324+0530][190.085s] GC(855)   Merge Heap Roots: 0.1ms
[2025-06-03T15:47:07.324+0530][190.085s] GC(855)   Evacuate Collection Set: 0.4ms
[2025-06-03T15:47:07.324+0530][190.085s] GC(855)   Post Evacuate Collection Set: 0.6ms
[2025-06-03T15:47:07.324+0530][190.085s] GC(855)   Other: 0.2ms
[2025-06-03T15:47:07.324+0530][190.085s] GC(855) Eden regions: 306->0(306)
[2025-06-03T15:47:07.324+0530][190.085s] GC(855) Survivor regions: 1->1(39)
[2025-06-03T15:47:07.324+0530][190.085s] GC(855) Old regions: 9->9
[2025-06-03T15:47:07.324+0530][190.085s] GC(855) Archive regions: 2->2
[2025-06-03T15:47:07.324+0530][190.085s] GC(855) Humongous regions: 0->0
[2025-06-03T15:47:07.324+0530][190.085s] GC(855) Metaspace: 20476K(20928K)->20476K(20928K) NonClass: 17891K(18112K)->17891K(18112K) Class: 2585K(2816K)->2585K(2816K)
[2025-06-03T15:47:07.324+0530][190.085s] GC(855) Pause Young (Normal) (G1 Evacuation Pause) 315M->9M(512M) 1.644ms
[2025-06-03T15:47:07.324+0530][190.085s] GC(855) User=0.00s Sys=0.00s Real=0.00s
[2025-06-03T15:47:07.493+0530][190.253s] GC(856) Pause Young (Normal) (G1 Evacuation Pause)
[2025-06-03T15:47:07.493+0530][190.254s] GC(856) Using 8 workers of 8 for evacuation
[2025-06-03T15:47:07.493+0530][190.254s] GC(856) Skipped phase 1 of Reference Processing: no references
[2025-06-03T15:47:07.493+0530][190.254s] GC(856) Skipped phase 2 of Reference Processing: no references
[2025-06-03T15:47:07.493+0530][190.254s] GC(856) Skipped phase 3 of Reference Processing: no references
[2025-06-03T15:47:07.493+0530][190.254s] GC(856) Skipped phase 4 of Reference Processing: no references
[2025-06-03T15:47:07.494+0530][190.255s] GC(856)   Pre Evacuate Collection Set: 0.1ms
[2025-06-03T15:47:07.494+0530][190.255s] GC(856)   Merge Heap Roots: 0.1ms
[2025-06-03T15:47:07.494+0530][190.255s] GC(856)   Evacuate Collection Set: 0.2ms
[2025-06-03T15:47:07.494+0530][190.255s] GC(856)   Post Evacuate Collection Set: 0.4ms
[2025-06-03T15:47:07.494+0530][190.255s] GC(856)   Other: 0.3ms
[2025-06-03T15:47:07.494+0530][190.255s] GC(856) Eden regions: 306->0(306)
[2025-06-03T15:47:07.494+0530][190.255s] GC(856) Survivor regions: 1->1(39)
[2025-06-03T15:47:07.494+0530][190.255s] GC(856) Old regions: 9->9
[2025-06-03T15:47:07.494+0530][190.255s] GC(856) Archive regions: 2->2
[2025-06-03T15:47:07.494+0530][190.255s] GC(856) Humongous regions: 0->0
[2025-06-03T15:47:07.494+0530][190.255s] GC(856) Metaspace: 20476K(20928K)->20476K(20928K) NonClass: 17891K(18112K)->17891K(18112K) Class: 2585K(2816K)->2585K(2816K)
[2025-06-03T15:47:07.494+0530][190.255s] GC(856) Pause Young (Normal) (G1 Evacuation Pause) 315M->9M(512M) 1.586ms
[2025-06-03T15:47:07.494+0530][190.255s] GC(856) User=0.01s Sys=0.00s Real=0.00s
[2025-06-03T15:47:07.666+0530][190.427s] GC(857) Pause Young (Normal) (G1 Evacuation Pause)
[2025-06-03T15:47:07.666+0530][190.427s] GC(857) Using 8 workers of 8 for evacuation
[2025-06-03T15:47:07.667+0530][190.428s] GC(857) Skipped phase 1 of Reference Processing: no references
[2025-06-03T15:47:07.667+0530][190.428s] GC(857) Skipped phase 2 of Reference Processing: no references
[2025-06-03T15:47:07.667+0530][190.428s] GC(857) Skipped phase 3 of Reference Processing: no references
[2025-06-03T15:47:07.667+0530][190.428s] GC(857) Skipped phase 4 of Reference Processing: no references
[2025-06-03T15:47:07.667+0530][190.428s] GC(857)   Pre Evacuate Collection Set: 0.1ms
[2025-06-03T15:47:07.667+0530][190.428s] GC(857)   Merge Heap Roots: 0.1ms
[2025-06-03T15:47:07.667+0530][190.428s] GC(857)   Evacuate Collection Set: 0.3ms
[2025-06-03T15:47:07.667+0530][190.428s] GC(857)   Post Evacuate Collection Set: 0.5ms
[2025-06-03T15:47:07.668+0530][190.429s] GC(857)   Other: 0.3ms
[2025-06-03T15:47:07.668+0530][190.429s] GC(857) Eden regions: 306->0(306)
[2025-06-03T15:47:07.668+0530][190.429s] GC(857) Survivor regions: 1->1(39)
[2025-06-03T15:47:07.668+0530][190.429s] GC(857) Old regions: 9->9
[2025-06-03T15:47:07.668+0530][190.429s] GC(857) Archive regions: 2->2
[2025-06-03T15:47:07.668+0530][190.429s] GC(857) Humongous regions: 0->0
[2025-06-03T15:47:07.668+0530][190.429s] GC(857) Metaspace: 20476K(20928K)->20476K(20928K) NonClass: 17891K(18112K)->17891K(18112K) Class: 2585K(2816K)->2585K(2816K)
[2025-06-03T15:47:07.668+0530][190.429s] GC(857) Pause Young (Normal) (G1 Evacuation Pause) 315M->9M(512M) 1.401ms
[2025-06-03T15:47:07.668+0530][190.429s] GC(857) User=0.00s Sys=0.00s Real=0.00s
[2025-06-03T15:47:07.845+0530][190.606s] GC(858) Pause Young (Normal) (G1 Evacuation Pause)
[2025-06-03T15:47:07.845+0530][190.606s] GC(858) Using 8 workers of 8 for evacuation
[2025-06-03T15:47:07.846+0530][190.607s] GC(858) Skipped phase 1 of Reference Processing: no references
[2025-06-03T15:47:07.846+0530][190.607s] GC(858) Skipped phase 2 of Reference Processing: no references
[2025-06-03T15:47:07.846+0530][190.607s] GC(858) Skipped phase 3 of Reference Processing: no references
[2025-06-03T15:47:07.846+0530][190.607s] GC(858) Skipped phase 4 of Reference Processing: no references
[2025-06-03T15:47:07.846+0530][190.607s] GC(858)   Pre Evacuate Collection Set: 0.1ms
[2025-06-03T15:47:07.846+0530][190.607s] GC(858)   Merge Heap Roots: 0.1ms
[2025-06-03T15:47:07.847+0530][190.608s] GC(858)   Evacuate Collection Set: 0.3ms
[2025-06-03T15:47:07.847+0530][190.608s] GC(858)   Post Evacuate Collection Set: 0.5ms
[2025-06-03T15:47:07.847+0530][190.608s] GC(858)   Other: 0.3ms
[2025-06-03T15:47:07.847+0530][190.608s] GC(858) Eden regions: 306->0(306)
[2025-06-03T15:47:07.847+0530][190.608s] GC(858) Survivor regions: 1->1(39)
[2025-06-03T15:47:07.847+0530][190.608s] GC(858) Old regions: 9->9
[2025-06-03T15:47:07.847+0530][190.608s] GC(858) Archive regions: 2->2
[2025-06-03T15:47:07.847+0530][190.608s] GC(858) Humongous regions: 0->0
[2025-06-03T15:47:07.847+0530][190.608s] GC(858) Metaspace: 20476K(20928K)->20476K(20928K) NonClass: 17891K(18112K)->17891K(18112K) Class: 2585K(2816K)->2585K(2816K)
[2025-06-03T15:47:07.847+0530][190.608s] GC(858) Pause Young (Normal) (G1 Evacuation Pause) 315M->9M(512M) 1.365ms
[2025-06-03T15:47:07.847+0530][190.608s] GC(858) User=0.01s Sys=0.01s Real=0.00s
[2025-06-03T15:47:08.006+0530][190.767s] GC(859) Pause Young (Normal) (G1 Evacuation Pause)
[2025-06-03T15:47:08.006+0530][190.767s] GC(859) Using 8 workers of 8 for evacuation
[2025-06-03T15:47:08.006+0530][190.767s] GC(859) Skipped phase 1 of Reference Processing: no references
[2025-06-03T15:47:08.006+0530][190.767s] GC(859) Skipped phase 2 of Reference Processing: no references
[2025-06-03T15:47:08.006+0530][190.767s] GC(859) Skipped phase 3 of Reference Processing: no references
[2025-06-03T15:47:08.006+0530][190.767s] GC(859) Skipped phase 4 of Reference Processing: no references
[2025-06-03T15:47:08.007+0530][190.768s] GC(859)   Pre Evacuate Collection Set: 0.1ms
[2025-06-03T15:47:08.007+0530][190.768s] GC(859)   Merge Heap Roots: 0.1ms
[2025-06-03T15:47:08.007+0530][190.768s] GC(859)   Evacuate Collection Set: 0.3ms
[2025-06-03T15:47:08.007+0530][190.768s] GC(859)   Post Evacuate Collection Set: 0.5ms
[2025-06-03T15:47:08.007+0530][190.768s] GC(859)   Other: 0.2ms
[2025-06-03T15:47:08.007+0530][190.768s] GC(859) Eden regions: 306->0(306)
[2025-06-03T15:47:08.007+0530][190.768s] GC(859) Survivor regions: 1->1(39)
[2025-06-03T15:47:08.007+0530][190.768s] GC(859) Old regions: 9->9
[2025-06-03T15:47:08.007+0530][190.768s] GC(859) Archive regions: 2->2
[2025-06-03T15:47:08.007+0530][190.768s] GC(859) Humongous regions: 0->0
[2025-06-03T15:47:08.007+0530][190.768s] GC(859) Metaspace: 20476K(20928K)->20476K(20928K) NonClass: 17891K(18112K)->17891K(18112K) Class: 2585K(2816K)->2585K(2816K)
[2025-06-03T15:47:08.007+0530][190.768s] GC(859) Pause Young (Normal) (G1 Evacuation Pause) 315M->9M(512M) 1.428ms
[2025-06-03T15:47:08.007+0530][190.768s] GC(859) User=0.00s Sys=0.00s Real=0.00s
[2025-06-03T15:47:08.192+0530][190.953s] GC(860) Pause Young (Normal) (G1 Evacuation Pause)
[2025-06-03T15:47:08.192+0530][190.953s] GC(860) Using 8 workers of 8 for evacuation
[2025-06-03T15:47:08.193+0530][190.954s] GC(860) Skipped phase 1 of Reference Processing: no references
[2025-06-03T15:47:08.193+0530][190.954s] GC(860) Skipped phase 2 of Reference Processing: no references
[2025-06-03T15:47:08.193+0530][190.954s] GC(860) Skipped phase 3 of Reference Processing: no references
[2025-06-03T15:47:08.193+0530][190.954s] GC(860) Skipped phase 4 of Reference Processing: no references
[2025-06-03T15:47:08.194+0530][190.955s] GC(860)   Pre Evacuate Collection Set: 0.1ms
[2025-06-03T15:47:08.194+0530][190.955s] GC(860)   Merge Heap Roots: 0.1ms
[2025-06-03T15:47:08.194+0530][190.955s] GC(860)   Evacuate Collection Set: 0.4ms
[2025-06-03T15:47:08.194+0530][190.955s] GC(860)   Post Evacuate Collection Set: 0.6ms
[2025-06-03T15:47:08.194+0530][190.955s] GC(860)   Other: 0.2ms
[2025-06-03T15:47:08.194+0530][190.955s] GC(860) Eden regions: 306->0(306)
[2025-06-03T15:47:08.194+0530][190.955s] GC(860) Survivor regions: 1->1(39)
[2025-06-03T15:47:08.194+0530][190.955s] GC(860) Old regions: 9->9
[2025-06-03T15:47:08.194+0530][190.955s] GC(860) Archive regions: 2->2
[2025-06-03T15:47:08.194+0530][190.955s] GC(860) Humongous regions: 0->0
[2025-06-03T15:47:08.194+0530][190.955s] GC(860) Metaspace: 20476K(20928K)->20476K(20928K) NonClass: 17891K(18112K)->17891K(18112K) Class: 2585K(2816K)->2585K(2816K)
[2025-06-03T15:47:08.194+0530][190.955s] GC(860) Pause Young (Normal) (G1 Evacuation Pause) 315M->9M(512M) 1.842ms
[2025-06-03T15:47:08.194+0530][190.955s] GC(860) User=0.00s Sys=0.00s Real=0.00s
[2025-06-03T15:47:08.390+0530][191.151s] GC(861) Pause Young (Normal) (G1 Evacuation Pause)
[2025-06-03T15:47:08.390+0530][191.151s] GC(861) Using 8 workers of 8 for evacuation
[2025-06-03T15:47:08.390+0530][191.151s] GC(861) Skipped phase 1 of Reference Processing: no references
[2025-06-03T15:47:08.390+0530][191.151s] GC(861) Skipped phase 2 of Reference Processing: no references
[2025-06-03T15:47:08.390+0530][191.151s] GC(861) Skipped phase 3 of Reference Processing: no references
[2025-06-03T15:47:08.390+0530][191.151s] GC(861) Skipped phase 4 of Reference Processing: no references
[2025-06-03T15:47:08.391+0530][191.152s] GC(861)   Pre Evacuate Collection Set: 0.1ms
[2025-06-03T15:47:08.391+0530][191.152s] GC(861)   Merge Heap Roots: 0.1ms
[2025-06-03T15:47:08.391+0530][191.152s] GC(861)   Evacuate Collection Set: 0.2ms
[2025-06-03T15:47:08.391+0530][191.152s] GC(861)   Post Evacuate Collection Set: 0.5ms
[2025-06-03T15:47:08.391+0530][191.152s] GC(861)   Other: 0.2ms
[2025-06-03T15:47:08.391+0530][191.152s] GC(861) Eden regions: 306->0(306)
[2025-06-03T15:47:08.391+0530][191.152s] GC(861) Survivor regions: 1->1(39)
[2025-06-03T15:47:08.391+0530][191.152s] GC(861) Old regions: 9->9
[2025-06-03T15:47:08.391+0530][191.152s] GC(861) Archive regions: 2->2
[2025-06-03T15:47:08.391+0530][191.152s] GC(861) Humongous regions: 0->0
[2025-06-03T15:47:08.391+0530][191.152s] GC(861) Metaspace: 20476K(20928K)->20476K(20928K) NonClass: 17891K(18112K)->17891K(18112K) Class: 2585K(2816K)->2585K(2816K)
[2025-06-03T15:47:08.391+0530][191.152s] GC(861) Pause Young (Normal) (G1 Evacuation Pause) 315M->9M(512M) 1.488ms
[2025-06-03T15:47:08.391+0530][191.152s] GC(861) User=0.01s Sys=0.00s Real=0.00s
[2025-06-03T15:47:08.575+0530][191.336s] GC(862) Pause Young (Normal) (G1 Evacuation Pause)
[2025-06-03T15:47:08.575+0530][191.336s] GC(862) Using 8 workers of 8 for evacuation
[2025-06-03T15:47:08.576+0530][191.337s] GC(862) Skipped phase 1 of Reference Processing: no references
[2025-06-03T15:47:08.576+0530][191.337s] GC(862) Skipped phase 2 of Reference Processing: no references
[2025-06-03T15:47:08.576+0530][191.337s] GC(862) Skipped phase 3 of Reference Processing: no references
[2025-06-03T15:47:08.576+0530][191.337s] GC(862) Skipped phase 4 of Reference Processing: no references
[2025-06-03T15:47:08.576+0530][191.337s] GC(862)   Pre Evacuate Collection Set: 0.1ms
[2025-06-03T15:47:08.576+0530][191.337s] GC(862)   Merge Heap Roots: 0.1ms
[2025-06-03T15:47:08.576+0530][191.337s] GC(862)   Evacuate Collection Set: 0.2ms
[2025-06-03T15:47:08.576+0530][191.337s] GC(862)   Post Evacuate Collection Set: 0.5ms
[2025-06-03T15:47:08.576+0530][191.337s] GC(862)   Other: 0.2ms
[2025-06-03T15:47:08.576+0530][191.338s] GC(862) Eden regions: 306->0(306)
[2025-06-03T15:47:08.577+0530][191.338s] GC(862) Survivor regions: 1->1(39)
[2025-06-03T15:47:08.577+0530][191.338s] GC(862) Old regions: 9->9
[2025-06-03T15:47:08.577+0530][191.338s] GC(862) Archive regions: 2->2
[2025-06-03T15:47:08.577+0530][191.338s] GC(862) Humongous regions: 0->0
[2025-06-03T15:47:08.577+0530][191.338s] GC(862) Metaspace: 20476K(20928K)->20476K(20928K) NonClass: 17891K(18112K)->17891K(18112K) Class: 2585K(2816K)->2585K(2816K)
[2025-06-03T15:47:08.577+0530][191.338s] GC(862) Pause Young (Normal) (G1 Evacuation Pause) 315M->9M(512M) 1.331ms
[2025-06-03T15:47:08.577+0530][191.338s] GC(862) User=0.00s Sys=0.00s Real=0.00s
[2025-06-03T15:47:08.774+0530][191.535s] GC(863) Pause Young (Normal) (G1 Evacuation Pause)
[2025-06-03T15:47:08.774+0530][191.535s] GC(863) Using 8 workers of 8 for evacuation
[2025-06-03T15:47:08.775+0530][191.536s] GC(863) Skipped phase 1 of Reference Processing: no references
[2025-06-03T15:47:08.775+0530][191.536s] GC(863) Skipped phase 2 of Reference Processing: no references
[2025-06-03T15:47:08.775+0530][191.536s] GC(863) Skipped phase 3 of Reference Processing: no references
[2025-06-03T15:47:08.775+0530][191.536s] GC(863) Skipped phase 4 of Reference Processing: no references
[2025-06-03T15:47:08.776+0530][191.537s] GC(863)   Pre Evacuate Collection Set: 0.2ms
[2025-06-03T15:47:08.776+0530][191.537s] GC(863)   Merge Heap Roots: 0.1ms
[2025-06-03T15:47:08.776+0530][191.537s] GC(863)   Evacuate Collection Set: 0.4ms
[2025-06-03T15:47:08.776+0530][191.537s] GC(863)   Post Evacuate Collection Set: 0.8ms
[2025-06-03T15:47:08.776+0530][191.537s] GC(863)   Other: 0.3ms
[2025-06-03T15:47:08.776+0530][191.537s] GC(863) Eden regions: 306->0(306)
[2025-06-03T15:47:08.776+0530][191.537s] GC(863) Survivor regions: 1->1(39)
[2025-06-03T15:47:08.776+0530][191.537s] GC(863) Old regions: 9->9
[2025-06-03T15:47:08.776+0530][191.537s] GC(863) Archive regions: 2->2
[2025-06-03T15:47:08.776+0530][191.537s] GC(863) Humongous regions: 0->0
[2025-06-03T15:47:08.776+0530][191.537s] GC(863) Metaspace: 20476K(20928K)->20476K(20928K) NonClass: 17891K(18112K)->17891K(18112K) Class: 2585K(2816K)->2585K(2816K)
[2025-06-03T15:47:08.776+0530][191.537s] GC(863) Pause Young (Normal) (G1 Evacuation Pause) 315M->9M(512M) 2.293ms
[2025-06-03T15:47:08.776+0530][191.537s] GC(863) User=0.00s Sys=0.00s Real=0.00s
[2025-06-03T15:47:09.001+0530][191.762s] GC(864) Pause Young (Normal) (G1 Evacuation Pause)
[2025-06-03T15:47:09.001+0530][191.762s] GC(864) Using 8 workers of 8 for evacuation
[2025-06-03T15:47:09.001+0530][191.762s] GC(864) Skipped phase 1 of Reference Processing: no references
[2025-06-03T15:47:09.001+0530][191.763s] GC(864) Skipped phase 2 of Reference Processing: no references
[2025-06-03T15:47:09.002+0530][191.763s] GC(864) Skipped phase 3 of Reference Processing: no references
[2025-06-03T15:47:09.002+0530][191.763s] GC(864) Skipped phase 4 of Reference Processing: no references
[2025-06-03T15:47:09.002+0530][191.763s] GC(864)   Pre Evacuate Collection Set: 0.1ms
[2025-06-03T15:47:09.002+0530][191.763s] GC(864)   Merge Heap Roots: 0.1ms
[2025-06-03T15:47:09.002+0530][191.763s] GC(864)   Evacuate Collection Set: 0.3ms
[2025-06-03T15:47:09.002+0530][191.763s] GC(864)   Post Evacuate Collection Set: 0.6ms
[2025-06-03T15:47:09.002+0530][191.763s] GC(864)   Other: 0.2ms
[2025-06-03T15:47:09.002+0530][191.763s] GC(864) Eden regions: 306->0(306)
[2025-06-03T15:47:09.002+0530][191.763s] GC(864) Survivor regions: 1->1(39)
[2025-06-03T15:47:09.002+0530][191.763s] GC(864) Old regions: 9->9
[2025-06-03T15:47:09.002+0530][191.763s] GC(864) Archive regions: 2->2
[2025-06-03T15:47:09.002+0530][191.763s] GC(864) Humongous regions: 0->0
[2025-06-03T15:47:09.002+0530][191.763s] GC(864) Metaspace: 20476K(20928K)->20476K(20928K) NonClass: 17891K(18112K)->17891K(18112K) Class: 2585K(2816K)->2585K(2816K)
[2025-06-03T15:47:09.002+0530][191.763s] GC(864) Pause Young (Normal) (G1 Evacuation Pause) 315M->9M(512M) 1.492ms
[2025-06-03T15:47:09.002+0530][191.763s] GC(864) User=0.00s Sys=0.00s Real=0.00s
[2025-06-03T15:47:09.205+0530][191.966s] GC(865) Pause Young (Normal) (G1 Evacuation Pause)
[2025-06-03T15:47:09.205+0530][191.966s] GC(865) Using 8 workers of 8 for evacuation
[2025-06-03T15:47:09.205+0530][191.966s] GC(865) Skipped phase 1 of Reference Processing: no references
[2025-06-03T15:47:09.205+0530][191.967s] GC(865) Skipped phase 2 of Reference Processing: no references
[2025-06-03T15:47:09.206+0530][191.967s] GC(865) Skipped phase 3 of Reference Processing: no references
[2025-06-03T15:47:09.206+0530][191.967s] GC(865) Skipped phase 4 of Reference Processing: no references
[2025-06-03T15:47:09.206+0530][191.967s] GC(865)   Pre Evacuate Collection Set: 0.1ms
[2025-06-03T15:47:09.206+0530][191.967s] GC(865)   Merge Heap Roots: 0.1ms
[2025-06-03T15:47:09.206+0530][191.967s] GC(865)   Evacuate Collection Set: 0.3ms
[2025-06-03T15:47:09.206+0530][191.967s] GC(865)   Post Evacuate Collection Set: 0.7ms
[2025-06-03T15:47:09.206+0530][191.967s] GC(865)   Other: 0.2ms
[2025-06-03T15:47:09.206+0530][191.967s] GC(865) Eden regions: 306->0(306)
[2025-06-03T15:47:09.206+0530][191.967s] GC(865) Survivor regions: 1->1(39)
[2025-06-03T15:47:09.206+0530][191.967s] GC(865) Old regions: 9->9
[2025-06-03T15:47:09.206+0530][191.967s] GC(865) Archive regions: 2->2
[2025-06-03T15:47:09.206+0530][191.967s] GC(865) Humongous regions: 0->0
[2025-06-03T15:47:09.206+0530][191.967s] GC(865) Metaspace: 20476K(20928K)->20476K(20928K) NonClass: 17891K(18112K)->17891K(18112K) Class: 2585K(2816K)->2585K(2816K)
[2025-06-03T15:47:09.206+0530][191.967s] GC(865) Pause Young (Normal) (G1 Evacuation Pause) 315M->9M(512M) 1.602ms
[2025-06-03T15:47:09.206+0530][191.967s] GC(865) User=0.00s Sys=0.00s Real=0.00s
[2025-06-03T15:47:09.400+0530][192.161s] GC(866) Pause Young (Normal) (G1 Evacuation Pause)
[2025-06-03T15:47:09.400+0530][192.161s] GC(866) Using 8 workers of 8 for evacuation
[2025-06-03T15:47:09.401+0530][192.162s] GC(866) Skipped phase 1 of Reference Processing: no references
[2025-06-03T15:47:09.401+0530][192.162s] GC(866) Skipped phase 2 of Reference Processing: no references
[2025-06-03T15:47:09.401+0530][192.162s] GC(866) Skipped phase 3 of Reference Processing: no references
[2025-06-03T15:47:09.401+0530][192.162s] GC(866) Skipped phase 4 of Reference Processing: no references
[2025-06-03T15:47:09.401+0530][192.163s] GC(866)   Pre Evacuate Collection Set: 0.1ms
[2025-06-03T15:47:09.402+0530][192.163s] GC(866)   Merge Heap Roots: 0.1ms
[2025-06-03T15:47:09.402+0530][192.163s] GC(866)   Evacuate Collection Set: 0.3ms
[2025-06-03T15:47:09.402+0530][192.163s] GC(866)   Post Evacuate Collection Set: 0.5ms
[2025-06-03T15:47:09.402+0530][192.163s] GC(866)   Other: 0.2ms
[2025-06-03T15:47:09.402+0530][192.163s] GC(866) Eden regions: 306->0(306)
[2025-06-03T15:47:09.402+0530][192.163s] GC(866) Survivor regions: 1->1(39)
[2025-06-03T15:47:09.402+0530][192.163s] GC(866) Old regions: 9->9
[2025-06-03T15:47:09.402+0530][192.163s] GC(866) Archive regions: 2->2
[2025-06-03T15:47:09.402+0530][192.163s] GC(866) Humongous regions: 0->0
[2025-06-03T15:47:09.402+0530][192.163s] GC(866) Metaspace: 20476K(20928K)->20476K(20928K) NonClass: 17891K(18112K)->17891K(18112K) Class: 2585K(2816K)->2585K(2816K)
[2025-06-03T15:47:09.402+0530][192.163s] GC(866) Pause Young (Normal) (G1 Evacuation Pause) 315M->9M(512M) 1.567ms
[2025-06-03T15:47:09.402+0530][192.163s] GC(866) User=0.00s Sys=0.00s Real=0.00s
[2025-06-03T15:47:09.603+0530][192.364s] GC(867) Pause Young (Normal) (G1 Evacuation Pause)
[2025-06-03T15:47:09.603+0530][192.364s] GC(867) Using 8 workers of 8 for evacuation
[2025-06-03T15:47:09.604+0530][192.365s] GC(867) Skipped phase 1 of Reference Processing: no references
[2025-06-03T15:47:09.604+0530][192.365s] GC(867) Skipped phase 2 of Reference Processing: no references
[2025-06-03T15:47:09.604+0530][192.365s] GC(867) Skipped phase 3 of Reference Processing: no references
[2025-06-03T15:47:09.604+0530][192.365s] GC(867) Skipped phase 4 of Reference Processing: no references
[2025-06-03T15:47:09.605+0530][192.366s] GC(867)   Pre Evacuate Collection Set: 0.1ms
[2025-06-03T15:47:09.605+0530][192.366s] GC(867)   Merge Heap Roots: 0.1ms
[2025-06-03T15:47:09.605+0530][192.366s] GC(867)   Evacuate Collection Set: 0.3ms
[2025-06-03T15:47:09.605+0530][192.366s] GC(867)   Post Evacuate Collection Set: 0.6ms
[2025-06-03T15:47:09.605+0530][192.366s] GC(867)   Other: 0.3ms
[2025-06-03T15:47:09.605+0530][192.366s] GC(867) Eden regions: 306->0(306)
[2025-06-03T15:47:09.605+0530][192.366s] GC(867) Survivor regions: 1->1(39)
[2025-06-03T15:47:09.605+0530][192.366s] GC(867) Old regions: 9->9
[2025-06-03T15:47:09.605+0530][192.366s] GC(867) Archive regions: 2->2
[2025-06-03T15:47:09.605+0530][192.366s] GC(867) Humongous regions: 0->0
[2025-06-03T15:47:09.605+0530][192.366s] GC(867) Metaspace: 20476K(20928K)->20476K(20928K) NonClass: 17891K(18112K)->17891K(18112K) Class: 2585K(2816K)->2585K(2816K)
[2025-06-03T15:47:09.605+0530][192.366s] GC(867) Pause Young (Normal) (G1 Evacuation Pause) 315M->9M(512M) 1.948ms
[2025-06-03T15:47:09.605+0530][192.366s] GC(867) User=0.01s Sys=0.01s Real=0.00s
[2025-06-03T15:47:09.836+0530][192.597s] GC(868) Pause Young (Normal) (G1 Evacuation Pause)
[2025-06-03T15:47:09.836+0530][192.597s] GC(868) Using 8 workers of 8 for evacuation
[2025-06-03T15:47:09.836+0530][192.597s] GC(868) Skipped phase 1 of Reference Processing: no references
[2025-06-03T15:47:09.836+0530][192.597s] GC(868) Skipped phase 2 of Reference Processing: no references
[2025-06-03T15:47:09.836+0530][192.597s] GC(868) Skipped phase 3 of Reference Processing: no references
[2025-06-03T15:47:09.836+0530][192.597s] GC(868) Skipped phase 4 of Reference Processing: no references
[2025-06-03T15:47:09.837+0530][192.598s] GC(868)   Pre Evacuate Collection Set: 0.1ms
[2025-06-03T15:47:09.837+0530][192.598s] GC(868)   Merge Heap Roots: 0.1ms
[2025-06-03T15:47:09.837+0530][192.598s] GC(868)   Evacuate Collection Set: 0.3ms
[2025-06-03T15:47:09.837+0530][192.598s] GC(868)   Post Evacuate Collection Set: 0.5ms
[2025-06-03T15:47:09.837+0530][192.598s] GC(868)   Other: 0.3ms
[2025-06-03T15:47:09.837+0530][192.598s] GC(868) Eden regions: 306->0(306)
[2025-06-03T15:47:09.837+0530][192.598s] GC(868) Survivor regions: 1->1(39)
[2025-06-03T15:47:09.837+0530][192.598s] GC(868) Old regions: 9->9
[2025-06-03T15:47:09.837+0530][192.598s] GC(868) Archive regions: 2->2
[2025-06-03T15:47:09.837+0530][192.598s] GC(868) Humongous regions: 0->0
[2025-06-03T15:47:09.837+0530][192.598s] GC(868) Metaspace: 20476K(20928K)->20476K(20928K) NonClass: 17891K(18112K)->17891K(18112K) Class: 2585K(2816K)->2585K(2816K)
[2025-06-03T15:47:09.837+0530][192.598s] GC(868) Pause Young (Normal) (G1 Evacuation Pause) 315M->9M(512M) 1.505ms
[2025-06-03T15:47:09.837+0530][192.598s] GC(868) User=0.00s Sys=0.00s Real=0.00s
[2025-06-03T15:47:10.025+0530][192.786s] GC(869) Pause Young (Normal) (G1 Evacuation Pause)
[2025-06-03T15:47:10.025+0530][192.786s] GC(869) Using 8 workers of 8 for evacuation
[2025-06-03T15:47:10.026+0530][192.787s] GC(869) Skipped phase 1 of Reference Processing: no references
[2025-06-03T15:47:10.026+0530][192.787s] GC(869) Skipped phase 2 of Reference Processing: no references
[2025-06-03T15:47:10.026+0530][192.787s] GC(869) Skipped phase 3 of Reference Processing: no references
[2025-06-03T15:47:10.026+0530][192.787s] GC(869) Skipped phase 4 of Reference Processing: no references
[2025-06-03T15:47:10.026+0530][192.787s] GC(869)   Pre Evacuate Collection Set: 0.1ms
[2025-06-03T15:47:10.026+0530][192.787s] GC(869)   Merge Heap Roots: 0.1ms
[2025-06-03T15:47:10.026+0530][192.788s] GC(869)   Evacuate Collection Set: 0.3ms
[2025-06-03T15:47:10.026+0530][192.788s] GC(869)   Post Evacuate Collection Set: 0.5ms
[2025-06-03T15:47:10.027+0530][192.788s] GC(869)   Other: 0.2ms
[2025-06-03T15:47:10.027+0530][192.788s] GC(869) Eden regions: 306->0(306)
[2025-06-03T15:47:10.027+0530][192.788s] GC(869) Survivor regions: 1->1(39)
[2025-06-03T15:47:10.027+0530][192.788s] GC(869) Old regions: 9->9
[2025-06-03T15:47:10.027+0530][192.788s] GC(869) Archive regions: 2->2
[2025-06-03T15:47:10.027+0530][192.788s] GC(869) Humongous regions: 0->0
[2025-06-03T15:47:10.027+0530][192.788s] GC(869) Metaspace: 20476K(20928K)->20476K(20928K) NonClass: 17891K(18112K)->17891K(18112K) Class: 2585K(2816K)->2585K(2816K)
[2025-06-03T15:47:10.027+0530][192.788s] GC(869) Pause Young (Normal) (G1 Evacuation Pause) 315M->9M(512M) 1.363ms
[2025-06-03T15:47:10.027+0530][192.788s] GC(869) User=0.00s Sys=0.00s Real=0.00s
[2025-06-03T15:47:10.234+0530][192.995s] GC(870) Pause Young (Normal) (G1 Evacuation Pause)
[2025-06-03T15:47:10.234+0530][192.995s] GC(870) Using 8 workers of 8 for evacuation
[2025-06-03T15:47:10.234+0530][192.995s] GC(870) Skipped phase 1 of Reference Processing: no references
[2025-06-03T15:47:10.234+0530][192.996s] GC(870) Skipped phase 2 of Reference Processing: no references
[2025-06-03T15:47:10.235+0530][192.996s] GC(870) Skipped phase 3 of Reference Processing: no references
[2025-06-03T15:47:10.235+0530][192.996s] GC(870) Skipped phase 4 of Reference Processing: no references
[2025-06-03T15:47:10.235+0530][192.996s] GC(870)   Pre Evacuate Collection Set: 0.1ms
[2025-06-03T15:47:10.235+0530][192.996s] GC(870)   Merge Heap Roots: 0.1ms
[2025-06-03T15:47:10.235+0530][192.996s] GC(870)   Evacuate Collection Set: 0.2ms
[2025-06-03T15:47:10.235+0530][192.996s] GC(870)   Post Evacuate Collection Set: 0.5ms
[2025-06-03T15:47:10.235+0530][192.996s] GC(870)   Other: 0.2ms
[2025-06-03T15:47:10.235+0530][192.996s] GC(870) Eden regions: 306->0(306)
[2025-06-03T15:47:10.235+0530][192.996s] GC(870) Survivor regions: 1->1(39)
[2025-06-03T15:47:10.235+0530][192.996s] GC(870) Old regions: 9->9
[2025-06-03T15:47:10.235+0530][192.996s] GC(870) Archive regions: 2->2
[2025-06-03T15:47:10.235+0530][192.996s] GC(870) Humongous regions: 0->0
[2025-06-03T15:47:10.235+0530][192.996s] GC(870) Metaspace: 20476K(20928K)->20476K(20928K) NonClass: 17891K(18112K)->17891K(18112K) Class: 2585K(2816K)->2585K(2816K)
[2025-06-03T15:47:10.235+0530][192.996s] GC(870) Pause Young (Normal) (G1 Evacuation Pause) 315M->9M(512M) 1.396ms
[2025-06-03T15:47:10.235+0530][192.996s] GC(870) User=0.01s Sys=0.00s Real=0.00s
[2025-06-03T15:47:10.478+0530][193.239s] GC(871) Pause Young (Normal) (G1 Evacuation Pause)
[2025-06-03T15:47:10.478+0530][193.239s] GC(871) Using 8 workers of 8 for evacuation
[2025-06-03T15:47:10.479+0530][193.240s] GC(871) Skipped phase 1 of Reference Processing: no references
[2025-06-03T15:47:10.479+0530][193.240s] GC(871) Skipped phase 2 of Reference Processing: no references
[2025-06-03T15:47:10.479+0530][193.240s] GC(871) Skipped phase 3 of Reference Processing: no references
[2025-06-03T15:47:10.479+0530][193.240s] GC(871) Skipped phase 4 of Reference Processing: no references
[2025-06-03T15:47:10.480+0530][193.241s] GC(871)   Pre Evacuate Collection Set: 0.1ms
[2025-06-03T15:47:10.480+0530][193.241s] GC(871)   Merge Heap Roots: 0.1ms
[2025-06-03T15:47:10.480+0530][193.241s] GC(871)   Evacuate Collection Set: 0.4ms
[2025-06-03T15:47:10.480+0530][193.241s] GC(871)   Post Evacuate Collection Set: 0.6ms
[2025-06-03T15:47:10.480+0530][193.241s] GC(871)   Other: 0.2ms
[2025-06-03T15:47:10.480+0530][193.241s] GC(871) Eden regions: 306->0(306)
[2025-06-03T15:47:10.480+0530][193.241s] GC(871) Survivor regions: 1->1(39)
[2025-06-03T15:47:10.480+0530][193.241s] GC(871) Old regions: 9->9
[2025-06-03T15:47:10.480+0530][193.241s] GC(871) Archive regions: 2->2
[2025-06-03T15:47:10.480+0530][193.241s] GC(871) Humongous regions: 0->0
[2025-06-03T15:47:10.480+0530][193.241s] GC(871) Metaspace: 20476K(20928K)->20476K(20928K) NonClass: 17891K(18112K)->17891K(18112K) Class: 2585K(2816K)->2585K(2816K)
[2025-06-03T15:47:10.480+0530][193.241s] GC(871) Pause Young (Normal) (G1 Evacuation Pause) 315M->9M(512M) 1.684ms
[2025-06-03T15:47:10.480+0530][193.241s] GC(871) User=0.00s Sys=0.00s Real=0.01s
[2025-06-03T15:47:10.715+0530][193.476s] GC(872) Pause Young (Normal) (G1 Evacuation Pause)
[2025-06-03T15:47:10.715+0530][193.476s] GC(872) Using 8 workers of 8 for evacuation
[2025-06-03T15:47:10.716+0530][193.477s] GC(872) Skipped phase 1 of Reference Processing: no references
[2025-06-03T15:47:10.716+0530][193.477s] GC(872) Skipped phase 2 of Reference Processing: no references
[2025-06-03T15:47:10.716+0530][193.477s] GC(872) Skipped phase 3 of Reference Processing: no references
[2025-06-03T15:47:10.716+0530][193.477s] GC(872) Skipped phase 4 of Reference Processing: no references
[2025-06-03T15:47:10.716+0530][193.478s] GC(872)   Pre Evacuate Collection Set: 0.1ms
[2025-06-03T15:47:10.716+0530][193.478s] GC(872)   Merge Heap Roots: 0.1ms
[2025-06-03T15:47:10.717+0530][193.478s] GC(872)   Evacuate Collection Set: 0.3ms
[2025-06-03T15:47:10.717+0530][193.478s] GC(872)   Post Evacuate Collection Set: 0.5ms
[2025-06-03T15:47:10.717+0530][193.478s] GC(872)   Other: 0.2ms
[2025-06-03T15:47:10.717+0530][193.478s] GC(872) Eden regions: 306->0(306)
[2025-06-03T15:47:10.717+0530][193.478s] GC(872) Survivor regions: 1->1(39)
[2025-06-03T15:47:10.717+0530][193.478s] GC(872) Old regions: 9->9
[2025-06-03T15:47:10.717+0530][193.478s] GC(872) Archive regions: 2->2
[2025-06-03T15:47:10.717+0530][193.478s] GC(872) Humongous regions: 0->0
[2025-06-03T15:47:10.717+0530][193.478s] GC(872) Metaspace: 20476K(20928K)->20476K(20928K) NonClass: 17891K(18112K)->17891K(18112K) Class: 2585K(2816K)->2585K(2816K)
[2025-06-03T15:47:10.717+0530][193.478s] GC(872) Pause Young (Normal) (G1 Evacuation Pause) 315M->9M(512M) 1.449ms
[2025-06-03T15:47:10.717+0530][193.478s] GC(872) User=0.00s Sys=0.00s Real=0.00s
[2025-06-03T15:47:10.998+0530][193.759s] GC(873) Pause Young (Normal) (G1 Evacuation Pause)
[2025-06-03T15:47:10.998+0530][193.759s] GC(873) Using 8 workers of 8 for evacuation
[2025-06-03T15:47:10.998+0530][193.759s] GC(873) Skipped phase 1 of Reference Processing: no references
[2025-06-03T15:47:10.998+0530][193.759s] GC(873) Skipped phase 2 of Reference Processing: no references
[2025-06-03T15:47:10.998+0530][193.759s] GC(873) Skipped phase 3 of Reference Processing: no references
[2025-06-03T15:47:10.998+0530][193.759s] GC(873) Skipped phase 4 of Reference Processing: no references
[2025-06-03T15:47:10.999+0530][193.760s] GC(873)   Pre Evacuate Collection Set: 0.1ms
[2025-06-03T15:47:10.999+0530][193.760s] GC(873)   Merge Heap Roots: 0.1ms
[2025-06-03T15:47:10.999+0530][193.760s] GC(873)   Evacuate Collection Set: 0.3ms
[2025-06-03T15:47:10.999+0530][193.760s] GC(873)   Post Evacuate Collection Set: 0.5ms
[2025-06-03T15:47:10.999+0530][193.760s] GC(873)   Other: 0.3ms
[2025-06-03T15:47:10.999+0530][193.760s] GC(873) Eden regions: 306->0(306)
[2025-06-03T15:47:10.999+0530][193.760s] GC(873) Survivor regions: 1->1(39)
[2025-06-03T15:47:10.999+0530][193.760s] GC(873) Old regions: 9->9
[2025-06-03T15:47:10.999+0530][193.760s] GC(873) Archive regions: 2->2
[2025-06-03T15:47:10.999+0530][193.760s] GC(873) Humongous regions: 0->0
[2025-06-03T15:47:10.999+0530][193.760s] GC(873) Metaspace: 20476K(20928K)->20476K(20928K) NonClass: 17891K(18112K)->17891K(18112K) Class: 2585K(2816K)->2585K(2816K)
[2025-06-03T15:47:10.999+0530][193.760s] GC(873) Pause Young (Normal) (G1 Evacuation Pause) 315M->9M(512M) 1.536ms
[2025-06-03T15:47:10.999+0530][193.760s] GC(873) User=0.00s Sys=0.00s Real=0.00s
[2025-06-03T15:47:11.200+0530][193.961s] GC(874) Pause Young (Normal) (G1 Evacuation Pause)
[2025-06-03T15:47:11.200+0530][193.961s] GC(874) Using 8 workers of 8 for evacuation
[2025-06-03T15:47:11.201+0530][193.962s] GC(874) Skipped phase 1 of Reference Processing: no references
[2025-06-03T15:47:11.201+0530][193.962s] GC(874) Skipped phase 2 of Reference Processing: no references
[2025-06-03T15:47:11.201+0530][193.962s] GC(874) Skipped phase 3 of Reference Processing: no references
[2025-06-03T15:47:11.201+0530][193.962s] GC(874) Skipped phase 4 of Reference Processing: no references
[2025-06-03T15:47:11.202+0530][193.963s] GC(874)   Pre Evacuate Collection Set: 0.1ms
[2025-06-03T15:47:11.202+0530][193.963s] GC(874)   Merge Heap Roots: 0.1ms
[2025-06-03T15:47:11.202+0530][193.963s] GC(874)   Evacuate Collection Set: 0.4ms
[2025-06-03T15:47:11.202+0530][193.963s] GC(874)   Post Evacuate Collection Set: 0.8ms
[2025-06-03T15:47:11.202+0530][193.963s] GC(874)   Other: 0.4ms
[2025-06-03T15:47:11.202+0530][193.963s] GC(874) Eden regions: 306->0(306)
[2025-06-03T15:47:11.202+0530][193.963s] GC(874) Survivor regions: 1->1(39)
[2025-06-03T15:47:11.202+0530][193.963s] GC(874) Old regions: 9->9
[2025-06-03T15:47:11.202+0530][193.963s] GC(874) Archive regions: 2->2
[2025-06-03T15:47:11.202+0530][193.963s] GC(874) Humongous regions: 0->0
[2025-06-03T15:47:11.202+0530][193.963s] GC(874) Metaspace: 20476K(20928K)->20476K(20928K) NonClass: 17891K(18112K)->17891K(18112K) Class: 2585K(2816K)->2585K(2816K)
[2025-06-03T15:47:11.202+0530][193.963s] GC(874) Pause Young (Normal) (G1 Evacuation Pause) 315M->9M(512M) 2.062ms
[2025-06-03T15:47:11.202+0530][193.963s] GC(874) User=0.00s Sys=0.01s Real=0.00s
[2025-06-03T15:47:11.412+0530][194.173s] GC(875) Pause Young (Normal) (G1 Evacuation Pause)
[2025-06-03T15:47:11.412+0530][194.173s] GC(875) Using 8 workers of 8 for evacuation
[2025-06-03T15:47:11.413+0530][194.174s] GC(875) Skipped phase 1 of Reference Processing: no references
[2025-06-03T15:47:11.413+0530][194.174s] GC(875) Skipped phase 2 of Reference Processing: no references
[2025-06-03T15:47:11.413+0530][194.174s] GC(875) Skipped phase 3 of Reference Processing: no references
[2025-06-03T15:47:11.413+0530][194.174s] GC(875) Skipped phase 4 of Reference Processing: no references
[2025-06-03T15:47:11.413+0530][194.174s] GC(875)   Pre Evacuate Collection Set: 0.1ms
[2025-06-03T15:47:11.413+0530][194.174s] GC(875)   Merge Heap Roots: 0.1ms
[2025-06-03T15:47:11.413+0530][194.174s] GC(875)   Evacuate Collection Set: 0.3ms
[2025-06-03T15:47:11.413+0530][194.174s] GC(875)   Post Evacuate Collection Set: 0.5ms
[2025-06-03T15:47:11.413+0530][194.174s] GC(875)   Other: 0.3ms
[2025-06-03T15:47:11.413+0530][194.174s] GC(875) Eden regions: 306->0(306)
[2025-06-03T15:47:11.413+0530][194.174s] GC(875) Survivor regions: 1->1(39)
[2025-06-03T15:47:11.413+0530][194.174s] GC(875) Old regions: 9->9
[2025-06-03T15:47:11.413+0530][194.174s] GC(875) Archive regions: 2->2
[2025-06-03T15:47:11.413+0530][194.174s] GC(875) Humongous regions: 0->0
[2025-06-03T15:47:11.413+0530][194.174s] GC(875) Metaspace: 20476K(20928K)->20476K(20928K) NonClass: 17891K(18112K)->17891K(18112K) Class: 2585K(2816K)->2585K(2816K)
[2025-06-03T15:47:11.413+0530][194.174s] GC(875) Pause Young (Normal) (G1 Evacuation Pause) 315M->9M(512M) 1.454ms
[2025-06-03T15:47:11.413+0530][194.174s] GC(875) User=0.00s Sys=0.00s Real=0.00s
[2025-06-03T15:47:11.621+0530][194.382s] GC(876) Pause Young (Normal) (G1 Evacuation Pause)
[2025-06-03T15:47:11.621+0530][194.382s] GC(876) Using 8 workers of 8 for evacuation
[2025-06-03T15:47:11.621+0530][194.382s] GC(876) Skipped phase 1 of Reference Processing: no references
[2025-06-03T15:47:11.621+0530][194.383s] GC(876) Skipped phase 2 of Reference Processing: no references
[2025-06-03T15:47:11.622+0530][194.383s] GC(876) Skipped phase 3 of Reference Processing: no references
[2025-06-03T15:47:11.622+0530][194.383s] GC(876) Skipped phase 4 of Reference Processing: no references
[2025-06-03T15:47:11.622+0530][194.383s] GC(876)   Pre Evacuate Collection Set: 0.1ms
[2025-06-03T15:47:11.622+0530][194.383s] GC(876)   Merge Heap Roots: 0.1ms
[2025-06-03T15:47:11.622+0530][194.383s] GC(876)   Evacuate Collection Set: 0.3ms
[2025-06-03T15:47:11.622+0530][194.383s] GC(876)   Post Evacuate Collection Set: 0.8ms
[2025-06-03T15:47:11.622+0530][194.383s] GC(876)   Other: 0.2ms
[2025-06-03T15:47:11.622+0530][194.383s] GC(876) Eden regions: 306->0(306)
[2025-06-03T15:47:11.622+0530][194.383s] GC(876) Survivor regions: 1->1(39)
[2025-06-03T15:47:11.622+0530][194.383s] GC(876) Old regions: 9->9
[2025-06-03T15:47:11.622+0530][194.383s] GC(876) Archive regions: 2->2
[2025-06-03T15:47:11.622+0530][194.383s] GC(876) Humongous regions: 0->0
[2025-06-03T15:47:11.622+0530][194.384s] GC(876) Metaspace: 20476K(20928K)->20476K(20928K) NonClass: 17891K(18112K)->17891K(18112K) Class: 2585K(2816K)->2585K(2816K)
[2025-06-03T15:47:11.622+0530][194.384s] GC(876) Pause Young (Normal) (G1 Evacuation Pause) 315M->9M(512M) 1.722ms
[2025-06-03T15:47:11.623+0530][194.384s] GC(876) User=0.01s Sys=0.00s Real=0.00s
[2025-06-03T15:47:12.135+0530][194.896s] GC(877) Pause Young (Normal) (G1 Evacuation Pause)
[2025-06-03T15:47:12.135+0530][194.896s] GC(877) Using 8 workers of 8 for evacuation
[2025-06-03T15:47:12.136+0530][194.897s] GC(877) Skipped phase 1 of Reference Processing: no references
[2025-06-03T15:47:12.136+0530][194.897s] GC(877) Skipped phase 2 of Reference Processing: no references
[2025-06-03T15:47:12.136+0530][194.897s] GC(877) Skipped phase 3 of Reference Processing: no references
[2025-06-03T15:47:12.136+0530][194.897s] GC(877) Skipped phase 4 of Reference Processing: no references
[2025-06-03T15:47:12.136+0530][194.897s] GC(877)   Pre Evacuate Collection Set: 0.1ms
[2025-06-03T15:47:12.136+0530][194.897s] GC(877)   Merge Heap Roots: 0.1ms
[2025-06-03T15:47:12.136+0530][194.897s] GC(877)   Evacuate Collection Set: 0.3ms
[2025-06-03T15:47:12.136+0530][194.897s] GC(877)   Post Evacuate Collection Set: 0.6ms
[2025-06-03T15:47:12.136+0530][194.897s] GC(877)   Other: 0.2ms
[2025-06-03T15:47:12.136+0530][194.897s] GC(877) Eden regions: 306->0(306)
[2025-06-03T15:47:12.136+0530][194.897s] GC(877) Survivor regions: 1->1(39)
[2025-06-03T15:47:12.136+0530][194.897s] GC(877) Old regions: 9->9
[2025-06-03T15:47:12.136+0530][194.898s] GC(877) Archive regions: 2->2
[2025-06-03T15:47:12.136+0530][194.898s] GC(877) Humongous regions: 0->0
[2025-06-03T15:47:12.136+0530][194.898s] GC(877) Metaspace: 20476K(20928K)->20476K(20928K) NonClass: 17891K(18112K)->17891K(18112K) Class: 2585K(2816K)->2585K(2816K)
[2025-06-03T15:47:12.137+0530][194.898s] GC(877) Pause Young (Normal) (G1 Evacuation Pause) 315M->9M(512M) 1.662ms
[2025-06-03T15:47:12.137+0530][194.898s] GC(877) User=0.00s Sys=0.00s Real=0.00s
[2025-06-03T15:47:12.502+0530][195.263s] GC(878) Pause Young (Normal) (G1 Evacuation Pause)
[2025-06-03T15:47:12.502+0530][195.263s] GC(878) Using 8 workers of 8 for evacuation
[2025-06-03T15:47:12.503+0530][195.264s] GC(878) Skipped phase 1 of Reference Processing: no references
[2025-06-03T15:47:12.503+0530][195.264s] GC(878) Skipped phase 2 of Reference Processing: no references
[2025-06-03T15:47:12.503+0530][195.264s] GC(878) Skipped phase 3 of Reference Processing: no references
[2025-06-03T15:47:12.503+0530][195.264s] GC(878) Skipped phase 4 of Reference Processing: no references
[2025-06-03T15:47:12.503+0530][195.265s] GC(878)   Pre Evacuate Collection Set: 0.1ms
[2025-06-03T15:47:12.503+0530][195.265s] GC(878)   Merge Heap Roots: 0.1ms
[2025-06-03T15:47:12.504+0530][195.265s] GC(878)   Evacuate Collection Set: 0.4ms
[2025-06-03T15:47:12.504+0530][195.265s] GC(878)   Post Evacuate Collection Set: 0.8ms
[2025-06-03T15:47:12.504+0530][195.265s] GC(878)   Other: 0.2ms
[2025-06-03T15:47:12.504+0530][195.265s] GC(878) Eden regions: 306->0(306)
[2025-06-03T15:47:12.504+0530][195.265s] GC(878) Survivor regions: 1->1(39)
[2025-06-03T15:47:12.504+0530][195.265s] GC(878) Old regions: 9->9
[2025-06-03T15:47:12.504+0530][195.265s] GC(878) Archive regions: 2->2
[2025-06-03T15:47:12.504+0530][195.265s] GC(878) Humongous regions: 0->0
[2025-06-03T15:47:12.504+0530][195.265s] GC(878) Metaspace: 20476K(20928K)->20476K(20928K) NonClass: 17891K(18112K)->17891K(18112K) Class: 2585K(2816K)->2585K(2816K)
[2025-06-03T15:47:12.504+0530][195.265s] GC(878) Pause Young (Normal) (G1 Evacuation Pause) 315M->9M(512M) 1.926ms
[2025-06-03T15:47:12.504+0530][195.265s] GC(878) User=0.00s Sys=0.00s Real=0.00s
[2025-06-03T15:47:12.697+0530][195.458s] GC(879) Pause Young (Normal) (G1 Evacuation Pause)
[2025-06-03T15:47:12.697+0530][195.458s] GC(879) Using 8 workers of 8 for evacuation
[2025-06-03T15:47:12.698+0530][195.459s] GC(879) Skipped phase 1 of Reference Processing: no references
[2025-06-03T15:47:12.698+0530][195.459s] GC(879) Skipped phase 2 of Reference Processing: no references
[2025-06-03T15:47:12.698+0530][195.459s] GC(879) Skipped phase 3 of Reference Processing: no references
[2025-06-03T15:47:12.698+0530][195.459s] GC(879) Skipped phase 4 of Reference Processing: no references
[2025-06-03T15:47:12.698+0530][195.459s] GC(879)   Pre Evacuate Collection Set: 0.1ms
[2025-06-03T15:47:12.698+0530][195.459s] GC(879)   Merge Heap Roots: 0.1ms
[2025-06-03T15:47:12.698+0530][195.459s] GC(879)   Evacuate Collection Set: 0.3ms
[2025-06-03T15:47:12.698+0530][195.459s] GC(879)   Post Evacuate Collection Set: 0.5ms
[2025-06-03T15:47:12.698+0530][195.459s] GC(879)   Other: 0.2ms
[2025-06-03T15:47:12.698+0530][195.459s] GC(879) Eden regions: 306->0(306)
[2025-06-03T15:47:12.698+0530][195.459s] GC(879) Survivor regions: 1->1(39)
[2025-06-03T15:47:12.698+0530][195.459s] GC(879) Old regions: 9->9
[2025-06-03T15:47:12.698+0530][195.459s] GC(879) Archive regions: 2->2
[2025-06-03T15:47:12.698+0530][195.459s] GC(879) Humongous regions: 0->0
[2025-06-03T15:47:12.698+0530][195.459s] GC(879) Metaspace: 20476K(20928K)->20476K(20928K) NonClass: 17891K(18112K)->17891K(18112K) Class: 2585K(2816K)->2585K(2816K)
[2025-06-03T15:47:12.698+0530][195.459s] GC(879) Pause Young (Normal) (G1 Evacuation Pause) 315M->9M(512M) 1.300ms
[2025-06-03T15:47:12.698+0530][195.459s] GC(879) User=0.00s Sys=0.00s Real=0.00s
[2025-06-03T15:47:12.947+0530][195.708s] GC(880) Pause Young (Normal) (G1 Evacuation Pause)
[2025-06-03T15:47:12.947+0530][195.708s] GC(880) Using 8 workers of 8 for evacuation
[2025-06-03T15:47:12.948+0530][195.709s] GC(880) Skipped phase 1 of Reference Processing: no references
[2025-06-03T15:47:12.948+0530][195.709s] GC(880) Skipped phase 2 of Reference Processing: no references
[2025-06-03T15:47:12.948+0530][195.709s] GC(880) Skipped phase 3 of Reference Processing: no references
[2025-06-03T15:47:12.948+0530][195.709s] GC(880) Skipped phase 4 of Reference Processing: no references
[2025-06-03T15:47:12.948+0530][195.709s] GC(880)   Pre Evacuate Collection Set: 0.1ms
[2025-06-03T15:47:12.948+0530][195.709s] GC(880)   Merge Heap Roots: 0.1ms
[2025-06-03T15:47:12.948+0530][195.709s] GC(880)   Evacuate Collection Set: 0.3ms
[2025-06-03T15:47:12.948+0530][195.709s] GC(880)   Post Evacuate Collection Set: 0.6ms
[2025-06-03T15:47:12.948+0530][195.710s] GC(880)   Other: 0.3ms
[2025-06-03T15:47:12.948+0530][195.710s] GC(880) Eden regions: 306->0(306)
[2025-06-03T15:47:12.948+0530][195.710s] GC(880) Survivor regions: 1->1(39)
[2025-06-03T15:47:12.948+0530][195.710s] GC(880) Old regions: 9->9
[2025-06-03T15:47:12.948+0530][195.710s] GC(880) Archive regions: 2->2
[2025-06-03T15:47:12.948+0530][195.710s] GC(880) Humongous regions: 0->0
[2025-06-03T15:47:12.948+0530][195.710s] GC(880) Metaspace: 20476K(20928K)->20476K(20928K) NonClass: 17891K(18112K)->17891K(18112K) Class: 2585K(2816K)->2585K(2816K)
[2025-06-03T15:47:12.949+0530][195.710s] GC(880) Pause Young (Normal) (G1 Evacuation Pause) 315M->9M(512M) 1.526ms
[2025-06-03T15:47:12.949+0530][195.710s] GC(880) User=0.00s Sys=0.00s Real=0.00s
[2025-06-03T15:47:13.140+0530][195.901s] GC(881) Pause Young (Normal) (G1 Evacuation Pause)
[2025-06-03T15:47:13.140+0530][195.901s] GC(881) Using 8 workers of 8 for evacuation
[2025-06-03T15:47:13.140+0530][195.901s] GC(881) Skipped phase 1 of Reference Processing: no references
[2025-06-03T15:47:13.140+0530][195.901s] GC(881) Skipped phase 2 of Reference Processing: no references
[2025-06-03T15:47:13.140+0530][195.902s] GC(881) Skipped phase 3 of Reference Processing: no references
[2025-06-03T15:47:13.140+0530][195.902s] GC(881) Skipped phase 4 of Reference Processing: no references
[2025-06-03T15:47:13.141+0530][195.902s] GC(881)   Pre Evacuate Collection Set: 0.1ms
[2025-06-03T15:47:13.141+0530][195.902s] GC(881)   Merge Heap Roots: 0.1ms
[2025-06-03T15:47:13.141+0530][195.902s] GC(881)   Evacuate Collection Set: 0.3ms
[2025-06-03T15:47:13.141+0530][195.902s] GC(881)   Post Evacuate Collection Set: 0.7ms
[2025-06-03T15:47:13.141+0530][195.902s] GC(881)   Other: 0.2ms
[2025-06-03T15:47:13.141+0530][195.902s] GC(881) Eden regions: 306->0(306)
[2025-06-03T15:47:13.141+0530][195.902s] GC(881) Survivor regions: 1->1(39)
[2025-06-03T15:47:13.141+0530][195.902s] GC(881) Old regions: 9->9
[2025-06-03T15:47:13.141+0530][195.902s] GC(881) Archive regions: 2->2
[2025-06-03T15:47:13.141+0530][195.902s] GC(881) Humongous regions: 0->0
[2025-06-03T15:47:13.141+0530][195.902s] GC(881) Metaspace: 20476K(20928K)->20476K(20928K) NonClass: 17891K(18112K)->17891K(18112K) Class: 2585K(2816K)->2585K(2816K)
[2025-06-03T15:47:13.141+0530][195.902s] GC(881) Pause Young (Normal) (G1 Evacuation Pause) 315M->9M(512M) 1.619ms
[2025-06-03T15:47:13.141+0530][195.902s] GC(881) User=0.00s Sys=0.00s Real=0.00s
[2025-06-03T15:47:13.376+0530][196.137s] GC(882) Pause Young (Normal) (G1 Evacuation Pause)
[2025-06-03T15:47:13.376+0530][196.137s] GC(882) Using 8 workers of 8 for evacuation
[2025-06-03T15:47:13.376+0530][196.138s] GC(882) Skipped phase 1 of Reference Processing: no references
[2025-06-03T15:47:13.376+0530][196.138s] GC(882) Skipped phase 2 of Reference Processing: no references
[2025-06-03T15:47:13.376+0530][196.138s] GC(882) Skipped phase 3 of Reference Processing: no references
[2025-06-03T15:47:13.376+0530][196.138s] GC(882) Skipped phase 4 of Reference Processing: no references
[2025-06-03T15:47:13.377+0530][196.138s] GC(882)   Pre Evacuate Collection Set: 0.1ms
[2025-06-03T15:47:13.377+0530][196.138s] GC(882)   Merge Heap Roots: 0.1ms
[2025-06-03T15:47:13.377+0530][196.138s] GC(882)   Evacuate Collection Set: 0.3ms
[2025-06-03T15:47:13.377+0530][196.138s] GC(882)   Post Evacuate Collection Set: 0.5ms
[2025-06-03T15:47:13.377+0530][196.138s] GC(882)   Other: 0.2ms
[2025-06-03T15:47:13.377+0530][196.138s] GC(882) Eden regions: 306->0(306)
[2025-06-03T15:47:13.377+0530][196.138s] GC(882) Survivor regions: 1->1(39)
[2025-06-03T15:47:13.377+0530][196.138s] GC(882) Old regions: 9->9
[2025-06-03T15:47:13.377+0530][196.138s] GC(882) Archive regions: 2->2
[2025-06-03T15:47:13.377+0530][196.138s] GC(882) Humongous regions: 0->0
[2025-06-03T15:47:13.377+0530][196.138s] GC(882) Metaspace: 20476K(20928K)->20476K(20928K) NonClass: 17891K(18112K)->17891K(18112K) Class: 2585K(2816K)->2585K(2816K)
[2025-06-03T15:47:13.377+0530][196.138s] GC(882) Pause Young (Normal) (G1 Evacuation Pause) 315M->9M(512M) 1.380ms
[2025-06-03T15:47:13.377+0530][196.138s] GC(882) User=0.00s Sys=0.00s Real=0.00s
[2025-06-03T15:47:13.579+0530][196.340s] GC(883) Pause Young (Normal) (G1 Evacuation Pause)
[2025-06-03T15:47:13.579+0530][196.340s] GC(883) Using 8 workers of 8 for evacuation
[2025-06-03T15:47:13.579+0530][196.341s] GC(883) Skipped phase 1 of Reference Processing: no references
[2025-06-03T15:47:13.580+0530][196.341s] GC(883) Skipped phase 2 of Reference Processing: no references
[2025-06-03T15:47:13.580+0530][196.341s] GC(883) Skipped phase 3 of Reference Processing: no references
[2025-06-03T15:47:13.580+0530][196.341s] GC(883) Skipped phase 4 of Reference Processing: no references
[2025-06-03T15:47:13.580+0530][196.341s] GC(883)   Pre Evacuate Collection Set: 0.1ms
[2025-06-03T15:47:13.580+0530][196.341s] GC(883)   Merge Heap Roots: 0.1ms
[2025-06-03T15:47:13.580+0530][196.341s] GC(883)   Evacuate Collection Set: 0.3ms
[2025-06-03T15:47:13.580+0530][196.341s] GC(883)   Post Evacuate Collection Set: 0.6ms
[2025-06-03T15:47:13.580+0530][196.341s] GC(883)   Other: 0.2ms
[2025-06-03T15:47:13.580+0530][196.341s] GC(883) Eden regions: 306->0(306)
[2025-06-03T15:47:13.580+0530][196.341s] GC(883) Survivor regions: 1->1(39)
[2025-06-03T15:47:13.580+0530][196.341s] GC(883) Old regions: 9->9
[2025-06-03T15:47:13.580+0530][196.341s] GC(883) Archive regions: 2->2
[2025-06-03T15:47:13.580+0530][196.341s] GC(883) Humongous regions: 0->0
[2025-06-03T15:47:13.580+0530][196.342s] GC(883) Metaspace: 20476K(20928K)->20476K(20928K) NonClass: 17891K(18112K)->17891K(18112K) Class: 2585K(2816K)->2585K(2816K)
[2025-06-03T15:47:13.580+0530][196.342s] GC(883) Pause Young (Normal) (G1 Evacuation Pause) 315M->9M(512M) 1.657ms
[2025-06-03T15:47:13.580+0530][196.342s] GC(883) User=0.00s Sys=0.01s Real=0.01s
[2025-06-03T15:47:13.846+0530][196.607s] GC(884) Pause Young (Normal) (G1 Evacuation Pause)
[2025-06-03T15:47:13.846+0530][196.607s] GC(884) Using 8 workers of 8 for evacuation
[2025-06-03T15:47:13.847+0530][196.608s] GC(884) Skipped phase 1 of Reference Processing: no references
[2025-06-03T15:47:13.847+0530][196.608s] GC(884) Skipped phase 2 of Reference Processing: no references
[2025-06-03T15:47:13.847+0530][196.608s] GC(884) Skipped phase 3 of Reference Processing: no references
[2025-06-03T15:47:13.847+0530][196.608s] GC(884) Skipped phase 4 of Reference Processing: no references
[2025-06-03T15:47:13.848+0530][196.609s] GC(884)   Pre Evacuate Collection Set: 0.1ms
[2025-06-03T15:47:13.848+0530][196.609s] GC(884)   Merge Heap Roots: 0.1ms
[2025-06-03T15:47:13.848+0530][196.609s] GC(884)   Evacuate Collection Set: 0.5ms
[2025-06-03T15:47:13.848+0530][196.609s] GC(884)   Post Evacuate Collection Set: 1.0ms
[2025-06-03T15:47:13.848+0530][196.609s] GC(884)   Other: 0.3ms
[2025-06-03T15:47:13.848+0530][196.609s] GC(884) Eden regions: 306->0(306)
[2025-06-03T15:47:13.848+0530][196.609s] GC(884) Survivor regions: 1->1(39)
[2025-06-03T15:47:13.848+0530][196.609s] GC(884) Old regions: 9->9
[2025-06-03T15:47:13.848+0530][196.609s] GC(884) Archive regions: 2->2
[2025-06-03T15:47:13.848+0530][196.609s] GC(884) Humongous regions: 0->0
[2025-06-03T15:47:13.848+0530][196.609s] GC(884) Metaspace: 20476K(20928K)->20476K(20928K) NonClass: 17891K(18112K)->17891K(18112K) Class: 2585K(2816K)->2585K(2816K)
[2025-06-03T15:47:13.848+0530][196.609s] GC(884) Pause Young (Normal) (G1 Evacuation Pause) 315M->9M(512M) 2.406ms
[2025-06-03T15:47:13.848+0530][196.610s] GC(884) User=0.01s Sys=0.00s Real=0.00s
[2025-06-03T15:47:14.115+0530][196.876s] GC(885) Pause Young (Normal) (G1 Evacuation Pause)
[2025-06-03T15:47:14.115+0530][196.876s] GC(885) Using 8 workers of 8 for evacuation
[2025-06-03T15:47:14.116+0530][196.877s] GC(885) Skipped phase 1 of Reference Processing: no references
[2025-06-03T15:47:14.116+0530][196.877s] GC(885) Skipped phase 2 of Reference Processing: no references
[2025-06-03T15:47:14.116+0530][196.877s] GC(885) Skipped phase 3 of Reference Processing: no references
[2025-06-03T15:47:14.116+0530][196.877s] GC(885) Skipped phase 4 of Reference Processing: no references
[2025-06-03T15:47:14.116+0530][196.877s] GC(885)   Pre Evacuate Collection Set: 0.1ms
[2025-06-03T15:47:14.116+0530][196.877s] GC(885)   Merge Heap Roots: 0.1ms
[2025-06-03T15:47:14.116+0530][196.877s] GC(885)   Evacuate Collection Set: 0.3ms
[2025-06-03T15:47:14.116+0530][196.877s] GC(885)   Post Evacuate Collection Set: 0.5ms
[2025-06-03T15:47:14.116+0530][196.878s] GC(885)   Other: 0.2ms
[2025-06-03T15:47:14.116+0530][196.878s] GC(885) Eden regions: 306->0(306)
[2025-06-03T15:47:14.116+0530][196.878s] GC(885) Survivor regions: 1->1(39)
[2025-06-03T15:47:14.116+0530][196.878s] GC(885) Old regions: 9->9
[2025-06-03T15:47:14.116+0530][196.878s] GC(885) Archive regions: 2->2
[2025-06-03T15:47:14.117+0530][196.878s] GC(885) Humongous regions: 0->0
[2025-06-03T15:47:14.117+0530][196.878s] GC(885) Metaspace: 20476K(20928K)->20476K(20928K) NonClass: 17891K(18112K)->17891K(18112K) Class: 2585K(2816K)->2585K(2816K)
[2025-06-03T15:47:14.117+0530][196.878s] GC(885) Pause Young (Normal) (G1 Evacuation Pause) 315M->9M(512M) 1.416ms
[2025-06-03T15:47:14.117+0530][196.878s] GC(885) User=0.00s Sys=0.00s Real=0.00s
[2025-06-03T15:47:14.335+0530][197.097s] GC(886) Pause Young (Normal) (G1 Evacuation Pause)
[2025-06-03T15:47:14.335+0530][197.097s] GC(886) Using 8 workers of 8 for evacuation
[2025-06-03T15:47:14.336+0530][197.097s] GC(886) Skipped phase 1 of Reference Processing: no references
[2025-06-03T15:47:14.336+0530][197.097s] GC(886) Skipped phase 2 of Reference Processing: no references
[2025-06-03T15:47:14.336+0530][197.097s] GC(886) Skipped phase 3 of Reference Processing: no references
[2025-06-03T15:47:14.336+0530][197.097s] GC(886) Skipped phase 4 of Reference Processing: no references
[2025-06-03T15:47:14.337+0530][197.098s] GC(886)   Pre Evacuate Collection Set: 0.1ms
[2025-06-03T15:47:14.337+0530][197.098s] GC(886)   Merge Heap Roots: 0.1ms
[2025-06-03T15:47:14.337+0530][197.098s] GC(886)   Evacuate Collection Set: 0.3ms
[2025-06-03T15:47:14.337+0530][197.098s] GC(886)   Post Evacuate Collection Set: 0.6ms
[2025-06-03T15:47:14.337+0530][197.098s] GC(886)   Other: 0.3ms
[2025-06-03T15:47:14.337+0530][197.098s] GC(886) Eden regions: 306->0(306)
[2025-06-03T15:47:14.337+0530][197.098s] GC(886) Survivor regions: 1->1(39)
[2025-06-03T15:47:14.337+0530][197.098s] GC(886) Old regions: 9->9
[2025-06-03T15:47:14.337+0530][197.098s] GC(886) Archive regions: 2->2
[2025-06-03T15:47:14.337+0530][197.098s] GC(886) Humongous regions: 0->0
[2025-06-03T15:47:14.337+0530][197.098s] GC(886) Metaspace: 20476K(20928K)->20476K(20928K) NonClass: 17891K(18112K)->17891K(18112K) Class: 2585K(2816K)->2585K(2816K)
[2025-06-03T15:47:14.337+0530][197.099s] GC(886) Pause Young (Normal) (G1 Evacuation Pause) 315M->9M(512M) 2.021ms
[2025-06-03T15:47:14.337+0530][197.099s] GC(886) User=0.00s Sys=0.00s Real=0.00s
[2025-06-03T15:47:14.552+0530][197.313s] GC(887) Pause Young (Normal) (G1 Evacuation Pause)
[2025-06-03T15:47:14.552+0530][197.313s] GC(887) Using 8 workers of 8 for evacuation
[2025-06-03T15:47:14.553+0530][197.314s] GC(887) Skipped phase 1 of Reference Processing: no references
[2025-06-03T15:47:14.553+0530][197.314s] GC(887) Skipped phase 2 of Reference Processing: no references
[2025-06-03T15:47:14.553+0530][197.314s] GC(887) Skipped phase 3 of Reference Processing: no references
[2025-06-03T15:47:14.553+0530][197.314s] GC(887) Skipped phase 4 of Reference Processing: no references
[2025-06-03T15:47:14.554+0530][197.315s] GC(887)   Pre Evacuate Collection Set: 0.2ms
[2025-06-03T15:47:14.554+0530][197.315s] GC(887)   Merge Heap Roots: 0.1ms
[2025-06-03T15:47:14.554+0530][197.315s] GC(887)   Evacuate Collection Set: 0.4ms
[2025-06-03T15:47:14.554+0530][197.315s] GC(887)   Post Evacuate Collection Set: 0.7ms
[2025-06-03T15:47:14.554+0530][197.315s] GC(887)   Other: 0.3ms
[2025-06-03T15:47:14.554+0530][197.315s] GC(887) Eden regions: 306->0(306)
[2025-06-03T15:47:14.554+0530][197.315s] GC(887) Survivor regions: 1->1(39)
[2025-06-03T15:47:14.554+0530][197.315s] GC(887) Old regions: 9->9
[2025-06-03T15:47:14.554+0530][197.315s] GC(887) Archive regions: 2->2
[2025-06-03T15:47:14.554+0530][197.315s] GC(887) Humongous regions: 0->0
[2025-06-03T15:47:14.554+0530][197.315s] GC(887) Metaspace: 20476K(20928K)->20476K(20928K) NonClass: 17891K(18112K)->17891K(18112K) Class: 2585K(2816K)->2585K(2816K)
[2025-06-03T15:47:14.554+0530][197.315s] GC(887) Pause Young (Normal) (G1 Evacuation Pause) 315M->9M(512M) 2.153ms
[2025-06-03T15:47:14.554+0530][197.315s] GC(887) User=0.01s Sys=0.00s Real=0.00s
[2025-06-03T15:47:14.840+0530][197.602s] GC(888) Pause Young (Normal) (G1 Evacuation Pause)
[2025-06-03T15:47:14.840+0530][197.602s] GC(888) Using 8 workers of 8 for evacuation
[2025-06-03T15:47:14.841+0530][197.602s] GC(888) Skipped phase 1 of Reference Processing: no references
[2025-06-03T15:47:14.841+0530][197.602s] GC(888) Skipped phase 2 of Reference Processing: no references
[2025-06-03T15:47:14.841+0530][197.602s] GC(888) Skipped phase 3 of Reference Processing: no references
[2025-06-03T15:47:14.841+0530][197.602s] GC(888) Skipped phase 4 of Reference Processing: no references
[2025-06-03T15:47:14.842+0530][197.603s] GC(888)   Pre Evacuate Collection Set: 0.1ms
[2025-06-03T15:47:14.842+0530][197.603s] GC(888)   Merge Heap Roots: 0.1ms
[2025-06-03T15:47:14.842+0530][197.603s] GC(888)   Evacuate Collection Set: 0.3ms
[2025-06-03T15:47:14.842+0530][197.603s] GC(888)   Post Evacuate Collection Set: 0.6ms
[2025-06-03T15:47:14.842+0530][197.603s] GC(888)   Other: 0.2ms
[2025-06-03T15:47:14.842+0530][197.603s] GC(888) Eden regions: 306->0(306)
[2025-06-03T15:47:14.842+0530][197.603s] GC(888) Survivor regions: 1->1(39)
[2025-06-03T15:47:14.842+0530][197.603s] GC(888) Old regions: 9->9
[2025-06-03T15:47:14.842+0530][197.603s] GC(888) Archive regions: 2->2
[2025-06-03T15:47:14.842+0530][197.603s] GC(888) Humongous regions: 0->0
[2025-06-03T15:47:14.842+0530][197.603s] GC(888) Metaspace: 20476K(20928K)->20476K(20928K) NonClass: 17891K(18112K)->17891K(18112K) Class: 2585K(2816K)->2585K(2816K)
[2025-06-03T15:47:14.842+0530][197.603s] GC(888) Pause Young (Normal) (G1 Evacuation Pause) 315M->9M(512M) 1.438ms
[2025-06-03T15:47:14.842+0530][197.603s] GC(888) User=0.00s Sys=0.00s Real=0.00s
[2025-06-03T15:47:15.040+0530][197.801s] GC(889) Pause Young (Normal) (G1 Evacuation Pause)
[2025-06-03T15:47:15.040+0530][197.801s] GC(889) Using 8 workers of 8 for evacuation
[2025-06-03T15:47:15.041+0530][197.802s] GC(889) Skipped phase 1 of Reference Processing: no references
[2025-06-03T15:47:15.041+0530][197.802s] GC(889) Skipped phase 2 of Reference Processing: no references
[2025-06-03T15:47:15.041+0530][197.802s] GC(889) Skipped phase 3 of Reference Processing: no references
[2025-06-03T15:47:15.041+0530][197.802s] GC(889) Skipped phase 4 of Reference Processing: no references
[2025-06-03T15:47:15.041+0530][197.802s] GC(889)   Pre Evacuate Collection Set: 0.1ms
[2025-06-03T15:47:15.041+0530][197.802s] GC(889)   Merge Heap Roots: 0.1ms
[2025-06-03T15:47:15.041+0530][197.802s] GC(889)   Evacuate Collection Set: 0.3ms
[2025-06-03T15:47:15.041+0530][197.802s] GC(889)   Post Evacuate Collection Set: 0.5ms
[2025-06-03T15:47:15.041+0530][197.802s] GC(889)   Other: 0.3ms
[2025-06-03T15:47:15.041+0530][197.802s] GC(889) Eden regions: 306->0(306)
[2025-06-03T15:47:15.041+0530][197.802s] GC(889) Survivor regions: 1->1(39)
[2025-06-03T15:47:15.041+0530][197.802s] GC(889) Old regions: 9->9
[2025-06-03T15:47:15.041+0530][197.802s] GC(889) Archive regions: 2->2
[2025-06-03T15:47:15.041+0530][197.802s] GC(889) Humongous regions: 0->0
[2025-06-03T15:47:15.041+0530][197.802s] GC(889) Metaspace: 20476K(20928K)->20476K(20928K) NonClass: 17891K(18112K)->17891K(18112K) Class: 2585K(2816K)->2585K(2816K)
[2025-06-03T15:47:15.041+0530][197.802s] GC(889) Pause Young (Normal) (G1 Evacuation Pause) 315M->9M(512M) 1.431ms
[2025-06-03T15:47:15.041+0530][197.802s] GC(889) User=0.00s Sys=0.00s Real=0.00s
[2025-06-03T15:47:15.251+0530][198.012s] GC(890) Pause Young (Normal) (G1 Evacuation Pause)
[2025-06-03T15:47:15.251+0530][198.012s] GC(890) Using 8 workers of 8 for evacuation
[2025-06-03T15:47:15.251+0530][198.012s] GC(890) Skipped phase 1 of Reference Processing: no references
[2025-06-03T15:47:15.251+0530][198.013s] GC(890) Skipped phase 2 of Reference Processing: no references
[2025-06-03T15:47:15.251+0530][198.013s] GC(890) Skipped phase 3 of Reference Processing: no references
[2025-06-03T15:47:15.251+0530][198.013s] GC(890) Skipped phase 4 of Reference Processing: no references
[2025-06-03T15:47:15.252+0530][198.013s] GC(890)   Pre Evacuate Collection Set: 0.1ms
[2025-06-03T15:47:15.252+0530][198.013s] GC(890)   Merge Heap Roots: 0.1ms
[2025-06-03T15:47:15.252+0530][198.013s] GC(890)   Evacuate Collection Set: 0.3ms
[2025-06-03T15:47:15.252+0530][198.013s] GC(890)   Post Evacuate Collection Set: 0.6ms
[2025-06-03T15:47:15.252+0530][198.013s] GC(890)   Other: 0.2ms
[2025-06-03T15:47:15.252+0530][198.013s] GC(890) Eden regions: 306->0(306)
[2025-06-03T15:47:15.252+0530][198.013s] GC(890) Survivor regions: 1->1(39)
[2025-06-03T15:47:15.252+0530][198.013s] GC(890) Old regions: 9->9
[2025-06-03T15:47:15.252+0530][198.013s] GC(890) Archive regions: 2->2
[2025-06-03T15:47:15.252+0530][198.013s] GC(890) Humongous regions: 0->0
[2025-06-03T15:47:15.252+0530][198.013s] GC(890) Metaspace: 20476K(20928K)->20476K(20928K) NonClass: 17891K(18112K)->17891K(18112K) Class: 2585K(2816K)->2585K(2816K)
[2025-06-03T15:47:15.252+0530][198.013s] GC(890) Pause Young (Normal) (G1 Evacuation Pause) 315M->9M(512M) 1.689ms
[2025-06-03T15:47:15.252+0530][198.014s] GC(890) User=0.01s Sys=0.00s Real=0.00s
[2025-06-03T15:47:15.452+0530][198.213s] GC(891) Pause Young (Normal) (G1 Evacuation Pause)
[2025-06-03T15:47:15.452+0530][198.213s] GC(891) Using 8 workers of 8 for evacuation
[2025-06-03T15:47:15.452+0530][198.213s] GC(891) Skipped phase 1 of Reference Processing: no references
[2025-06-03T15:47:15.452+0530][198.213s] GC(891) Skipped phase 2 of Reference Processing: no references
[2025-06-03T15:47:15.452+0530][198.213s] GC(891) Skipped phase 3 of Reference Processing: no references
[2025-06-03T15:47:15.452+0530][198.213s] GC(891) Skipped phase 4 of Reference Processing: no references
[2025-06-03T15:47:15.453+0530][198.214s] GC(891)   Pre Evacuate Collection Set: 0.1ms
[2025-06-03T15:47:15.453+0530][198.214s] GC(891)   Merge Heap Roots: 0.1ms
[2025-06-03T15:47:15.453+0530][198.214s] GC(891)   Evacuate Collection Set: 0.3ms
[2025-06-03T15:47:15.453+0530][198.214s] GC(891)   Post Evacuate Collection Set: 0.6ms
[2025-06-03T15:47:15.453+0530][198.214s] GC(891)   Other: 0.2ms
[2025-06-03T15:47:15.453+0530][198.214s] GC(891) Eden regions: 306->0(306)
[2025-06-03T15:47:15.453+0530][198.214s] GC(891) Survivor regions: 1->1(39)
[2025-06-03T15:47:15.453+0530][198.214s] GC(891) Old regions: 9->9
[2025-06-03T15:47:15.453+0530][198.214s] GC(891) Archive regions: 2->2
[2025-06-03T15:47:15.453+0530][198.214s] GC(891) Humongous regions: 0->0
[2025-06-03T15:47:15.453+0530][198.214s] GC(891) Metaspace: 20476K(20928K)->20476K(20928K) NonClass: 17891K(18112K)->17891K(18112K) Class: 2585K(2816K)->2585K(2816K)
[2025-06-03T15:47:15.453+0530][198.214s] GC(891) Pause Young (Normal) (G1 Evacuation Pause) 315M->9M(512M) 1.588ms
[2025-06-03T15:47:15.453+0530][198.214s] GC(891) User=0.00s Sys=0.00s Real=0.00s
[2025-06-03T15:47:15.725+0530][198.486s] GC(892) Pause Young (Normal) (G1 Evacuation Pause)
[2025-06-03T15:47:15.725+0530][198.486s] GC(892) Using 8 workers of 8 for evacuation
[2025-06-03T15:47:15.726+0530][198.487s] GC(892) Skipped phase 1 of Reference Processing: no references
[2025-06-03T15:47:15.726+0530][198.487s] GC(892) Skipped phase 2 of Reference Processing: no references
[2025-06-03T15:47:15.726+0530][198.487s] GC(892) Skipped phase 3 of Reference Processing: no references
[2025-06-03T15:47:15.726+0530][198.487s] GC(892) Skipped phase 4 of Reference Processing: no references
[2025-06-03T15:47:15.726+0530][198.487s] GC(892)   Pre Evacuate Collection Set: 0.1ms
[2025-06-03T15:47:15.726+0530][198.487s] GC(892)   Merge Heap Roots: 0.1ms
[2025-06-03T15:47:15.726+0530][198.487s] GC(892)   Evacuate Collection Set: 0.3ms
[2025-06-03T15:47:15.726+0530][198.487s] GC(892)   Post Evacuate Collection Set: 0.5ms
[2025-06-03T15:47:15.726+0530][198.487s] GC(892)   Other: 0.2ms
[2025-06-03T15:47:15.726+0530][198.487s] GC(892) Eden regions: 306->0(306)
[2025-06-03T15:47:15.726+0530][198.487s] GC(892) Survivor regions: 1->1(39)
[2025-06-03T15:47:15.726+0530][198.487s] GC(892) Old regions: 9->9
[2025-06-03T15:47:15.726+0530][198.487s] GC(892) Archive regions: 2->2
[2025-06-03T15:47:15.726+0530][198.487s] GC(892) Humongous regions: 0->0
[2025-06-03T15:47:15.726+0530][198.487s] GC(892) Metaspace: 20476K(20928K)->20476K(20928K) NonClass: 17891K(18112K)->17891K(18112K) Class: 2585K(2816K)->2585K(2816K)
[2025-06-03T15:47:15.726+0530][198.487s] GC(892) Pause Young (Normal) (G1 Evacuation Pause) 315M->9M(512M) 1.341ms
[2025-06-03T15:47:15.726+0530][198.488s] GC(892) User=0.00s Sys=0.00s Real=0.00s
[2025-06-03T15:47:16.171+0530][198.932s] GC(893) Pause Young (Normal) (G1 Evacuation Pause)
[2025-06-03T15:47:16.171+0530][198.932s] GC(893) Using 8 workers of 8 for evacuation
[2025-06-03T15:47:16.178+0530][198.939s] GC(893) Skipped phase 1 of Reference Processing: no references
[2025-06-03T15:47:16.178+0530][198.940s] GC(893) Skipped phase 2 of Reference Processing: no references
[2025-06-03T15:47:16.179+0530][198.940s] GC(893) Skipped phase 3 of Reference Processing: no references
[2025-06-03T15:47:16.179+0530][198.940s] GC(893) Skipped phase 4 of Reference Processing: no references
[2025-06-03T15:47:16.179+0530][198.941s] GC(893)   Pre Evacuate Collection Set: 0.1ms
[2025-06-03T15:47:16.179+0530][198.941s] GC(893)   Merge Heap Roots: 0.5ms
[2025-06-03T15:47:16.179+0530][198.941s] GC(893)   Evacuate Collection Set: 6.8ms
[2025-06-03T15:47:16.179+0530][198.941s] GC(893)   Post Evacuate Collection Set: 1.0ms
[2025-06-03T15:47:16.179+0530][198.941s] GC(893)   Other: 0.2ms
[2025-06-03T15:47:16.180+0530][198.941s] GC(893) Eden regions: 306->0(306)
[2025-06-03T15:47:16.180+0530][198.941s] GC(893) Survivor regions: 1->1(39)
[2025-06-03T15:47:16.180+0530][198.941s] GC(893) Old regions: 9->9
[2025-06-03T15:47:16.180+0530][198.941s] GC(893) Archive regions: 2->2
[2025-06-03T15:47:16.180+0530][198.941s] GC(893) Humongous regions: 0->0
[2025-06-03T15:47:16.180+0530][198.941s] GC(893) Metaspace: 20476K(20928K)->20476K(20928K) NonClass: 17891K(18112K)->17891K(18112K) Class: 2585K(2816K)->2585K(2816K)
[2025-06-03T15:47:16.180+0530][198.941s] GC(893) Pause Young (Normal) (G1 Evacuation Pause) 315M->9M(512M) 9.046ms
[2025-06-03T15:47:16.180+0530][198.941s] GC(893) User=0.00s Sys=0.00s Real=0.01s
[2025-06-03T15:47:16.761+0530][199.522s] GC(894) Pause Young (Normal) (G1 Evacuation Pause)
[2025-06-03T15:47:16.761+0530][199.522s] GC(894) Using 8 workers of 8 for evacuation
[2025-06-03T15:47:16.761+0530][199.523s] GC(894) Skipped phase 1 of Reference Processing: no references
[2025-06-03T15:47:16.762+0530][199.523s] GC(894) Skipped phase 2 of Reference Processing: no references
[2025-06-03T15:47:16.762+0530][199.523s] GC(894) Skipped phase 3 of Reference Processing: no references
[2025-06-03T15:47:16.762+0530][199.523s] GC(894) Skipped phase 4 of Reference Processing: no references
[2025-06-03T15:47:16.762+0530][199.523s] GC(894)   Pre Evacuate Collection Set: 0.1ms
[2025-06-03T15:47:16.762+0530][199.523s] GC(894)   Merge Heap Roots: 0.1ms
[2025-06-03T15:47:16.762+0530][199.523s] GC(894)   Evacuate Collection Set: 0.3ms
[2025-06-03T15:47:16.762+0530][199.524s] GC(894)   Post Evacuate Collection Set: 0.7ms
[2025-06-03T15:47:16.762+0530][199.524s] GC(894)   Other: 0.3ms
[2025-06-03T15:47:16.762+0530][199.524s] GC(894) Eden regions: 306->0(306)
[2025-06-03T15:47:16.762+0530][199.524s] GC(894) Survivor regions: 1->1(39)
[2025-06-03T15:47:16.762+0530][199.524s] GC(894) Old regions: 9->9
[2025-06-03T15:47:16.762+0530][199.524s] GC(894) Archive regions: 2->2
[2025-06-03T15:47:16.763+0530][199.524s] GC(894) Humongous regions: 0->0
[2025-06-03T15:47:16.763+0530][199.524s] GC(894) Metaspace: 20476K(20928K)->20476K(20928K) NonClass: 17891K(18112K)->17891K(18112K) Class: 2585K(2816K)->2585K(2816K)
[2025-06-03T15:47:16.763+0530][199.524s] GC(894) Pause Young (Normal) (G1 Evacuation Pause) 315M->9M(512M) 1.930ms
[2025-06-03T15:47:16.763+0530][199.524s] GC(894) User=0.00s Sys=0.00s Real=0.00s
[2025-06-03T15:47:17.078+0530][199.839s] GC(895) Pause Young (Normal) (G1 Evacuation Pause)
[2025-06-03T15:47:17.078+0530][199.839s] GC(895) Using 8 workers of 8 for evacuation
[2025-06-03T15:47:17.079+0530][199.840s] GC(895) Skipped phase 1 of Reference Processing: no references
[2025-06-03T15:47:17.079+0530][199.840s] GC(895) Skipped phase 2 of Reference Processing: no references
[2025-06-03T15:47:17.079+0530][199.840s] GC(895) Skipped phase 3 of Reference Processing: no references
[2025-06-03T15:47:17.079+0530][199.840s] GC(895) Skipped phase 4 of Reference Processing: no references
[2025-06-03T15:47:17.080+0530][199.841s] GC(895)   Pre Evacuate Collection Set: 0.1ms
[2025-06-03T15:47:17.080+0530][199.841s] GC(895)   Merge Heap Roots: 0.1ms
[2025-06-03T15:47:17.080+0530][199.841s] GC(895)   Evacuate Collection Set: 0.3ms
[2025-06-03T15:47:17.080+0530][199.841s] GC(895)   Post Evacuate Collection Set: 0.8ms
[2025-06-03T15:47:17.080+0530][199.841s] GC(895)   Other: 0.2ms
[2025-06-03T15:47:17.080+0530][199.841s] GC(895) Eden regions: 306->0(306)
[2025-06-03T15:47:17.080+0530][199.841s] GC(895) Survivor regions: 1->1(39)
[2025-06-03T15:47:17.080+0530][199.841s] GC(895) Old regions: 9->9
[2025-06-03T15:47:17.080+0530][199.841s] GC(895) Archive regions: 2->2
[2025-06-03T15:47:17.080+0530][199.841s] GC(895) Humongous regions: 0->0
[2025-06-03T15:47:17.080+0530][199.841s] GC(895) Metaspace: 20476K(20928K)->20476K(20928K) NonClass: 17891K(18112K)->17891K(18112K) Class: 2585K(2816K)->2585K(2816K)
[2025-06-03T15:47:17.080+0530][199.841s] GC(895) Pause Young (Normal) (G1 Evacuation Pause) 315M->9M(512M) 1.901ms
[2025-06-03T15:47:17.080+0530][199.841s] GC(895) User=0.00s Sys=0.00s Real=0.01s
[2025-06-03T15:47:17.504+0530][200.265s] GC(896) Pause Young (Normal) (G1 Evacuation Pause)
[2025-06-03T15:47:17.504+0530][200.265s] GC(896) Using 8 workers of 8 for evacuation
[2025-06-03T15:47:17.506+0530][200.267s] GC(896) Skipped phase 1 of Reference Processing: no references
[2025-06-03T15:47:17.506+0530][200.267s] GC(896) Skipped phase 2 of Reference Processing: no references
[2025-06-03T15:47:17.506+0530][200.267s] GC(896) Skipped phase 3 of Reference Processing: no references
[2025-06-03T15:47:17.506+0530][200.267s] GC(896) Skipped phase 4 of Reference Processing: no references
[2025-06-03T15:47:17.508+0530][200.269s] GC(896)   Pre Evacuate Collection Set: 0.2ms
[2025-06-03T15:47:17.508+0530][200.269s] GC(896)   Merge Heap Roots: 0.1ms
[2025-06-03T15:47:17.508+0530][200.269s] GC(896)   Evacuate Collection Set: 1.8ms
[2025-06-03T15:47:17.510+0530][200.271s] GC(896)   Post Evacuate Collection Set: 1.6ms
[2025-06-03T15:47:17.510+0530][200.271s] GC(896)   Other: 0.3ms
[2025-06-03T15:47:17.510+0530][200.271s] GC(896) Eden regions: 306->0(306)
[2025-06-03T15:47:17.510+0530][200.271s] GC(896) Survivor regions: 1->1(39)
[2025-06-03T15:47:17.510+0530][200.271s] GC(896) Old regions: 9->9
[2025-06-03T15:47:17.510+0530][200.271s] GC(896) Archive regions: 2->2
[2025-06-03T15:47:17.510+0530][200.271s] GC(896) Humongous regions: 0->0
[2025-06-03T15:47:17.510+0530][200.271s] GC(896) Metaspace: 20476K(20928K)->20476K(20928K) NonClass: 17891K(18112K)->17891K(18112K) Class: 2585K(2816K)->2585K(2816K)
[2025-06-03T15:47:17.510+0530][200.271s] GC(896) Pause Young (Normal) (G1 Evacuation Pause) 315M->9M(512M) 6.551ms
[2025-06-03T15:47:17.510+0530][200.272s] GC(896) User=0.00s Sys=0.00s Real=0.01s
[2025-06-03T15:47:17.853+0530][200.615s] GC(897) Pause Young (Normal) (G1 Evacuation Pause)
[2025-06-03T15:47:17.853+0530][200.615s] GC(897) Using 8 workers of 8 for evacuation
[2025-06-03T15:47:17.854+0530][200.615s] GC(897) Skipped phase 1 of Reference Processing: no references
[2025-06-03T15:47:17.854+0530][200.615s] GC(897) Skipped phase 2 of Reference Processing: no references
[2025-06-03T15:47:17.854+0530][200.615s] GC(897) Skipped phase 3 of Reference Processing: no references
[2025-06-03T15:47:17.854+0530][200.615s] GC(897) Skipped phase 4 of Reference Processing: no references
[2025-06-03T15:47:17.855+0530][200.616s] GC(897)   Pre Evacuate Collection Set: 0.1ms
[2025-06-03T15:47:17.855+0530][200.616s] GC(897)   Merge Heap Roots: 0.1ms
[2025-06-03T15:47:17.855+0530][200.616s] GC(897)   Evacuate Collection Set: 0.3ms
[2025-06-03T15:47:17.855+0530][200.616s] GC(897)   Post Evacuate Collection Set: 0.5ms
[2025-06-03T15:47:17.855+0530][200.616s] GC(897)   Other: 0.3ms
[2025-06-03T15:47:17.855+0530][200.616s] GC(897) Eden regions: 306->0(306)
[2025-06-03T15:47:17.855+0530][200.616s] GC(897) Survivor regions: 1->1(39)
[2025-06-03T15:47:17.855+0530][200.616s] GC(897) Old regions: 9->9
[2025-06-03T15:47:17.855+0530][200.616s] GC(897) Archive regions: 2->2
[2025-06-03T15:47:17.855+0530][200.616s] GC(897) Humongous regions: 0->0
[2025-06-03T15:47:17.855+0530][200.616s] GC(897) Metaspace: 20476K(20928K)->20476K(20928K) NonClass: 17891K(18112K)->17891K(18112K) Class: 2585K(2816K)->2585K(2816K)
[2025-06-03T15:47:17.855+0530][200.616s] GC(897) Pause Young (Normal) (G1 Evacuation Pause) 315M->9M(512M) 1.725ms
[2025-06-03T15:47:17.855+0530][200.616s] GC(897) User=0.00s Sys=0.00s Real=0.00s
[2025-06-03T15:47:18.109+0530][200.871s] GC(898) Pause Young (Normal) (G1 Evacuation Pause)
[2025-06-03T15:47:18.110+0530][200.871s] GC(898) Using 8 workers of 8 for evacuation
[2025-06-03T15:47:18.110+0530][200.871s] GC(898) Skipped phase 1 of Reference Processing: no references
[2025-06-03T15:47:18.110+0530][200.872s] GC(898) Skipped phase 2 of Reference Processing: no references
[2025-06-03T15:47:18.110+0530][200.872s] GC(898) Skipped phase 3 of Reference Processing: no references
[2025-06-03T15:47:18.110+0530][200.872s] GC(898) Skipped phase 4 of Reference Processing: no references
[2025-06-03T15:47:18.111+0530][200.872s] GC(898)   Pre Evacuate Collection Set: 0.1ms
[2025-06-03T15:47:18.111+0530][200.872s] GC(898)   Merge Heap Roots: 0.1ms
[2025-06-03T15:47:18.111+0530][200.872s] GC(898)   Evacuate Collection Set: 0.4ms
[2025-06-03T15:47:18.111+0530][200.872s] GC(898)   Post Evacuate Collection Set: 0.8ms
[2025-06-03T15:47:18.111+0530][200.872s] GC(898)   Other: 0.2ms
[2025-06-03T15:47:18.111+0530][200.872s] GC(898) Eden regions: 306->0(306)
[2025-06-03T15:47:18.111+0530][200.872s] GC(898) Survivor regions: 1->1(39)
[2025-06-03T15:47:18.111+0530][200.872s] GC(898) Old regions: 9->9
[2025-06-03T15:47:18.111+0530][200.872s] GC(898) Archive regions: 2->2
[2025-06-03T15:47:18.111+0530][200.872s] GC(898) Humongous regions: 0->0
[2025-06-03T15:47:18.111+0530][200.872s] GC(898) Metaspace: 20476K(20928K)->20476K(20928K) NonClass: 17891K(18112K)->17891K(18112K) Class: 2585K(2816K)->2585K(2816K)
[2025-06-03T15:47:18.111+0530][200.873s] GC(898) Pause Young (Normal) (G1 Evacuation Pause) 315M->9M(512M) 1.827ms
[2025-06-03T15:47:18.111+0530][200.873s] GC(898) User=0.00s Sys=0.00s Real=0.01s
[2025-06-03T15:47:18.324+0530][201.086s] GC(899) Pause Young (Normal) (G1 Evacuation Pause)
[2025-06-03T15:47:18.324+0530][201.086s] GC(899) Using 8 workers of 8 for evacuation
[2025-06-03T15:47:18.325+0530][201.086s] GC(899) Skipped phase 1 of Reference Processing: no references
[2025-06-03T15:47:18.325+0530][201.086s] GC(899) Skipped phase 2 of Reference Processing: no references
[2025-06-03T15:47:18.325+0530][201.086s] GC(899) Skipped phase 3 of Reference Processing: no references
[2025-06-03T15:47:18.325+0530][201.086s] GC(899) Skipped phase 4 of Reference Processing: no references
[2025-06-03T15:47:18.326+0530][201.087s] GC(899)   Pre Evacuate Collection Set: 0.1ms
[2025-06-03T15:47:18.326+0530][201.087s] GC(899)   Merge Heap Roots: 0.1ms
[2025-06-03T15:47:18.326+0530][201.087s] GC(899)   Evacuate Collection Set: 0.4ms
[2025-06-03T15:47:18.326+0530][201.087s] GC(899)   Post Evacuate Collection Set: 0.6ms
[2025-06-03T15:47:18.326+0530][201.087s] GC(899)   Other: 0.2ms
[2025-06-03T15:47:18.326+0530][201.087s] GC(899) Eden regions: 306->0(306)
[2025-06-03T15:47:18.326+0530][201.087s] GC(899) Survivor regions: 1->1(39)
[2025-06-03T15:47:18.326+0530][201.087s] GC(899) Old regions: 9->9
[2025-06-03T15:47:18.326+0530][201.087s] GC(899) Archive regions: 2->2
[2025-06-03T15:47:18.326+0530][201.087s] GC(899) Humongous regions: 0->0
[2025-06-03T15:47:18.326+0530][201.087s] GC(899) Metaspace: 20476K(20928K)->20476K(20928K) NonClass: 17891K(18112K)->17891K(18112K) Class: 2585K(2816K)->2585K(2816K)
[2025-06-03T15:47:18.326+0530][201.087s] GC(899) Pause Young (Normal) (G1 Evacuation Pause) 315M->9M(512M) 1.833ms
[2025-06-03T15:47:18.326+0530][201.087s] GC(899) User=0.00s Sys=0.00s Real=0.00s
[2025-06-03T15:47:18.535+0530][201.297s] GC(900) Pause Young (Normal) (G1 Evacuation Pause)
[2025-06-03T15:47:18.535+0530][201.297s] GC(900) Using 8 workers of 8 for evacuation
[2025-06-03T15:47:18.536+0530][201.297s] GC(900) Skipped phase 1 of Reference Processing: no references
[2025-06-03T15:47:18.536+0530][201.297s] GC(900) Skipped phase 2 of Reference Processing: no references
[2025-06-03T15:47:18.536+0530][201.297s] GC(900) Skipped phase 3 of Reference Processing: no references
[2025-06-03T15:47:18.536+0530][201.297s] GC(900) Skipped phase 4 of Reference Processing: no references
[2025-06-03T15:47:18.537+0530][201.298s] GC(900)   Pre Evacuate Collection Set: 0.1ms
[2025-06-03T15:47:18.537+0530][201.298s] GC(900)   Merge Heap Roots: 0.1ms
[2025-06-03T15:47:18.537+0530][201.298s] GC(900)   Evacuate Collection Set: 0.3ms
[2025-06-03T15:47:18.537+0530][201.298s] GC(900)   Post Evacuate Collection Set: 0.6ms
[2025-06-03T15:47:18.537+0530][201.298s] GC(900)   Other: 0.2ms
[2025-06-03T15:47:18.537+0530][201.298s] GC(900) Eden regions: 306->0(306)
[2025-06-03T15:47:18.537+0530][201.298s] GC(900) Survivor regions: 1->1(39)
[2025-06-03T15:47:18.537+0530][201.298s] GC(900) Old regions: 9->9
[2025-06-03T15:47:18.537+0530][201.298s] GC(900) Archive regions: 2->2
[2025-06-03T15:47:18.537+0530][201.298s] GC(900) Humongous regions: 0->0
[2025-06-03T15:47:18.537+0530][201.298s] GC(900) Metaspace: 20476K(20928K)->20476K(20928K) NonClass: 17891K(18112K)->17891K(18112K) Class: 2585K(2816K)->2585K(2816K)
[2025-06-03T15:47:18.537+0530][201.298s] GC(900) Pause Young (Normal) (G1 Evacuation Pause) 315M->9M(512M) 1.597ms
[2025-06-03T15:47:18.537+0530][201.298s] GC(900) User=0.01s Sys=0.00s Real=0.00s
[2025-06-03T15:47:18.736+0530][201.497s] GC(901) Pause Young (Normal) (G1 Evacuation Pause)
[2025-06-03T15:47:18.736+0530][201.497s] GC(901) Using 8 workers of 8 for evacuation
[2025-06-03T15:47:18.736+0530][201.498s] GC(901) Skipped phase 1 of Reference Processing: no references
[2025-06-03T15:47:18.737+0530][201.498s] GC(901) Skipped phase 2 of Reference Processing: no references
[2025-06-03T15:47:18.737+0530][201.498s] GC(901) Skipped phase 3 of Reference Processing: no references
[2025-06-03T15:47:18.737+0530][201.498s] GC(901) Skipped phase 4 of Reference Processing: no references
[2025-06-03T15:47:18.737+0530][201.498s] GC(901)   Pre Evacuate Collection Set: 0.1ms
[2025-06-03T15:47:18.737+0530][201.498s] GC(901)   Merge Heap Roots: 0.1ms
[2025-06-03T15:47:18.737+0530][201.499s] GC(901)   Evacuate Collection Set: 0.5ms
[2025-06-03T15:47:18.737+0530][201.499s] GC(901)   Post Evacuate Collection Set: 0.7ms
[2025-06-03T15:47:18.737+0530][201.499s] GC(901)   Other: 0.2ms
[2025-06-03T15:47:18.737+0530][201.499s] GC(901) Eden regions: 306->0(306)
[2025-06-03T15:47:18.737+0530][201.499s] GC(901) Survivor regions: 1->1(39)
[2025-06-03T15:47:18.737+0530][201.499s] GC(901) Old regions: 9->9
[2025-06-03T15:47:18.737+0530][201.499s] GC(901) Archive regions: 2->2
[2025-06-03T15:47:18.737+0530][201.499s] GC(901) Humongous regions: 0->0
[2025-06-03T15:47:18.737+0530][201.499s] GC(901) Metaspace: 20476K(20928K)->20476K(20928K) NonClass: 17891K(18112K)->17891K(18112K) Class: 2585K(2816K)->2585K(2816K)
[2025-06-03T15:47:18.737+0530][201.499s] GC(901) Pause Young (Normal) (G1 Evacuation Pause) 315M->9M(512M) 1.936ms
[2025-06-03T15:47:18.737+0530][201.499s] GC(901) User=0.00s Sys=0.00s Real=0.00s
[2025-06-03T15:47:18.945+0530][201.706s] GC(902) Pause Young (Normal) (G1 Evacuation Pause)
[2025-06-03T15:47:18.945+0530][201.706s] GC(902) Using 8 workers of 8 for evacuation
[2025-06-03T15:47:18.945+0530][201.707s] GC(902) Skipped phase 1 of Reference Processing: no references
[2025-06-03T15:47:18.946+0530][201.707s] GC(902) Skipped phase 2 of Reference Processing: no references
[2025-06-03T15:47:18.946+0530][201.707s] GC(902) Skipped phase 3 of Reference Processing: no references
[2025-06-03T15:47:18.946+0530][201.707s] GC(902) Skipped phase 4 of Reference Processing: no references
[2025-06-03T15:47:18.946+0530][201.708s] GC(902)   Pre Evacuate Collection Set: 0.1ms
[2025-06-03T15:47:18.946+0530][201.708s] GC(902)   Merge Heap Roots: 0.1ms
[2025-06-03T15:47:18.946+0530][201.708s] GC(902)   Evacuate Collection Set: 0.4ms
[2025-06-03T15:47:18.946+0530][201.708s] GC(902)   Post Evacuate Collection Set: 0.8ms
[2025-06-03T15:47:18.947+0530][201.708s] GC(902)   Other: 0.3ms
[2025-06-03T15:47:18.947+0530][201.708s] GC(902) Eden regions: 306->0(306)
[2025-06-03T15:47:18.947+0530][201.708s] GC(902) Survivor regions: 1->1(39)
[2025-06-03T15:47:18.947+0530][201.708s] GC(902) Old regions: 9->9
[2025-06-03T15:47:18.947+0530][201.708s] GC(902) Archive regions: 2->2
[2025-06-03T15:47:18.947+0530][201.708s] GC(902) Humongous regions: 0->0
[2025-06-03T15:47:18.947+0530][201.708s] GC(902) Metaspace: 20476K(20928K)->20476K(20928K) NonClass: 17891K(18112K)->17891K(18112K) Class: 2585K(2816K)->2585K(2816K)
[2025-06-03T15:47:18.947+0530][201.708s] GC(902) Pause Young (Normal) (G1 Evacuation Pause) 315M->9M(512M) 2.119ms
[2025-06-03T15:47:18.947+0530][201.708s] GC(902) User=0.00s Sys=0.00s Real=0.00s
[2025-06-03T15:47:19.516+0530][202.277s] GC(903) Pause Young (Normal) (G1 Evacuation Pause)
[2025-06-03T15:47:19.516+0530][202.277s] GC(903) Using 8 workers of 8 for evacuation
[2025-06-03T15:47:19.516+0530][202.278s] GC(903) Skipped phase 1 of Reference Processing: no references
[2025-06-03T15:47:19.516+0530][202.278s] GC(903) Skipped phase 2 of Reference Processing: no references
[2025-06-03T15:47:19.517+0530][202.278s] GC(903) Skipped phase 3 of Reference Processing: no references
[2025-06-03T15:47:19.517+0530][202.278s] GC(903) Skipped phase 4 of Reference Processing: no references
[2025-06-03T15:47:19.517+0530][202.279s] GC(903)   Pre Evacuate Collection Set: 0.1ms
[2025-06-03T15:47:19.517+0530][202.279s] GC(903)   Merge Heap Roots: 0.1ms
[2025-06-03T15:47:19.517+0530][202.279s] GC(903)   Evacuate Collection Set: 0.4ms
[2025-06-03T15:47:19.517+0530][202.279s] GC(903)   Post Evacuate Collection Set: 0.8ms
[2025-06-03T15:47:19.517+0530][202.279s] GC(903)   Other: 0.3ms
[2025-06-03T15:47:19.517+0530][202.279s] GC(903) Eden regions: 306->0(306)
[2025-06-03T15:47:19.518+0530][202.279s] GC(903) Survivor regions: 1->1(39)
[2025-06-03T15:47:19.518+0530][202.279s] GC(903) Old regions: 9->9
[2025-06-03T15:47:19.518+0530][202.279s] GC(903) Archive regions: 2->2
[2025-06-03T15:47:19.518+0530][202.279s] GC(903) Humongous regions: 0->0
[2025-06-03T15:47:19.518+0530][202.279s] GC(903) Metaspace: 20476K(20928K)->20476K(20928K) NonClass: 17891K(18112K)->17891K(18112K) Class: 2585K(2816K)->2585K(2816K)
[2025-06-03T15:47:19.518+0530][202.279s] GC(903) Pause Young (Normal) (G1 Evacuation Pause) 315M->9M(512M) 2.055ms
[2025-06-03T15:47:19.518+0530][202.279s] GC(903) User=0.00s Sys=0.00s Real=0.00s
[2025-06-03T15:47:20.031+0530][202.792s] GC(904) Pause Young (Normal) (G1 Evacuation Pause)
[2025-06-03T15:47:20.031+0530][202.792s] GC(904) Using 8 workers of 8 for evacuation
[2025-06-03T15:47:20.033+0530][202.795s] GC(904) Skipped phase 1 of Reference Processing: no references
[2025-06-03T15:47:20.033+0530][202.795s] GC(904) Skipped phase 2 of Reference Processing: no references
[2025-06-03T15:47:20.033+0530][202.795s] GC(904) Skipped phase 3 of Reference Processing: no references
[2025-06-03T15:47:20.034+0530][202.795s] GC(904) Skipped phase 4 of Reference Processing: no references
[2025-06-03T15:47:20.034+0530][202.795s] GC(904)   Pre Evacuate Collection Set: 0.4ms
[2025-06-03T15:47:20.034+0530][202.795s] GC(904)   Merge Heap Roots: 0.1ms
[2025-06-03T15:47:20.034+0530][202.796s] GC(904)   Evacuate Collection Set: 1.9ms
[2025-06-03T15:47:20.034+0530][202.796s] GC(904)   Post Evacuate Collection Set: 0.7ms
[2025-06-03T15:47:20.034+0530][202.796s] GC(904)   Other: 0.3ms
[2025-06-03T15:47:20.034+0530][202.796s] GC(904) Eden regions: 306->0(306)
[2025-06-03T15:47:20.034+0530][202.796s] GC(904) Survivor regions: 1->1(39)
[2025-06-03T15:47:20.034+0530][202.796s] GC(904) Old regions: 9->9
[2025-06-03T15:47:20.034+0530][202.796s] GC(904) Archive regions: 2->2
[2025-06-03T15:47:20.034+0530][202.796s] GC(904) Humongous regions: 0->0
[2025-06-03T15:47:20.035+0530][202.796s] GC(904) Metaspace: 20476K(20928K)->20476K(20928K) NonClass: 17891K(18112K)->17891K(18112K) Class: 2585K(2816K)->2585K(2816K)
[2025-06-03T15:47:20.035+0530][202.796s] GC(904) Pause Young (Normal) (G1 Evacuation Pause) 315M->9M(512M) 3.854ms
[2025-06-03T15:47:20.035+0530][202.796s] GC(904) User=0.00s Sys=0.00s Real=0.00s
[2025-06-03T15:47:20.531+0530][203.293s] GC(905) Pause Young (Normal) (G1 Evacuation Pause)
[2025-06-03T15:47:20.532+0530][203.293s] GC(905) Using 8 workers of 8 for evacuation
[2025-06-03T15:47:20.532+0530][203.294s] GC(905) Skipped phase 1 of Reference Processing: no references
[2025-06-03T15:47:20.532+0530][203.294s] GC(905) Skipped phase 2 of Reference Processing: no references
[2025-06-03T15:47:20.532+0530][203.294s] GC(905) Skipped phase 3 of Reference Processing: no references
[2025-06-03T15:47:20.532+0530][203.294s] GC(905) Skipped phase 4 of Reference Processing: no references
[2025-06-03T15:47:20.533+0530][203.294s] GC(905)   Pre Evacuate Collection Set: 0.2ms
[2025-06-03T15:47:20.533+0530][203.294s] GC(905)   Merge Heap Roots: 0.1ms
[2025-06-03T15:47:20.533+0530][203.295s] GC(905)   Evacuate Collection Set: 0.3ms
[2025-06-03T15:47:20.533+0530][203.295s] GC(905)   Post Evacuate Collection Set: 0.8ms
[2025-06-03T15:47:20.533+0530][203.295s] GC(905)   Other: 0.3ms
[2025-06-03T15:47:20.533+0530][203.295s] GC(905) Eden regions: 306->0(306)
[2025-06-03T15:47:20.533+0530][203.295s] GC(905) Survivor regions: 1->1(39)
[2025-06-03T15:47:20.533+0530][203.295s] GC(905) Old regions: 9->9
[2025-06-03T15:47:20.533+0530][203.295s] GC(905) Archive regions: 2->2
[2025-06-03T15:47:20.534+0530][203.295s] GC(905) Humongous regions: 0->0
[2025-06-03T15:47:20.534+0530][203.295s] GC(905) Metaspace: 20476K(20928K)->20476K(20928K) NonClass: 17891K(18112K)->17891K(18112K) Class: 2585K(2816K)->2585K(2816K)
[2025-06-03T15:47:20.534+0530][203.295s] GC(905) Pause Young (Normal) (G1 Evacuation Pause) 315M->9M(512M) 2.188ms
[2025-06-03T15:47:20.534+0530][203.295s] GC(905) User=0.01s Sys=0.00s Real=0.00s
[2025-06-03T15:47:20.963+0530][203.725s] GC(906) Pause Young (Normal) (G1 Evacuation Pause)
[2025-06-03T15:47:20.964+0530][203.725s] GC(906) Using 8 workers of 8 for evacuation
[2025-06-03T15:47:20.964+0530][203.726s] GC(906) Skipped phase 1 of Reference Processing: no references
[2025-06-03T15:47:20.964+0530][203.726s] GC(906) Skipped phase 2 of Reference Processing: no references
[2025-06-03T15:47:20.964+0530][203.726s] GC(906) Skipped phase 3 of Reference Processing: no references
[2025-06-03T15:47:20.965+0530][203.726s] GC(906) Skipped phase 4 of Reference Processing: no references
[2025-06-03T15:47:20.965+0530][203.726s] GC(906)   Pre Evacuate Collection Set: 0.1ms
[2025-06-03T15:47:20.965+0530][203.726s] GC(906)   Merge Heap Roots: 0.1ms
[2025-06-03T15:47:20.965+0530][203.726s] GC(906)   Evacuate Collection Set: 0.3ms
[2025-06-03T15:47:20.965+0530][203.726s] GC(906)   Post Evacuate Collection Set: 0.9ms
[2025-06-03T15:47:20.965+0530][203.727s] GC(906)   Other: 0.3ms
[2025-06-03T15:47:20.965+0530][203.727s] GC(906) Eden regions: 306->0(306)
[2025-06-03T15:47:20.965+0530][203.727s] GC(906) Survivor regions: 1->1(39)
[2025-06-03T15:47:20.965+0530][203.727s] GC(906) Old regions: 9->9
[2025-06-03T15:47:20.965+0530][203.727s] GC(906) Archive regions: 2->2
[2025-06-03T15:47:20.965+0530][203.727s] GC(906) Humongous regions: 0->0
[2025-06-03T15:47:20.965+0530][203.727s] GC(906) Metaspace: 20476K(20928K)->20476K(20928K) NonClass: 17891K(18112K)->17891K(18112K) Class: 2585K(2816K)->2585K(2816K)
[2025-06-03T15:47:20.966+0530][203.727s] GC(906) Pause Young (Normal) (G1 Evacuation Pause) 315M->9M(512M) 2.081ms
[2025-06-03T15:47:20.966+0530][203.727s] GC(906) User=0.00s Sys=0.00s Real=0.00s
[2025-06-03T15:47:21.452+0530][204.214s] GC(907) Pause Young (Normal) (G1 Evacuation Pause)
[2025-06-03T15:47:21.453+0530][204.214s] GC(907) Using 8 workers of 8 for evacuation
[2025-06-03T15:47:21.454+0530][204.215s] GC(907) Skipped phase 1 of Reference Processing: no references
[2025-06-03T15:47:21.454+0530][204.216s] GC(907) Skipped phase 2 of Reference Processing: no references
[2025-06-03T15:47:21.454+0530][204.216s] GC(907) Skipped phase 3 of Reference Processing: no references
[2025-06-03T15:47:21.454+0530][204.216s] GC(907) Skipped phase 4 of Reference Processing: no references
[2025-06-03T15:47:21.456+0530][204.217s] GC(907)   Pre Evacuate Collection Set: 0.1ms
[2025-06-03T15:47:21.456+0530][204.217s] GC(907)   Merge Heap Roots: 0.1ms
[2025-06-03T15:47:21.456+0530][204.217s] GC(907)   Evacuate Collection Set: 0.6ms
[2025-06-03T15:47:21.456+0530][204.217s] GC(907)   Post Evacuate Collection Set: 2.3ms
[2025-06-03T15:47:21.456+0530][204.217s] GC(907)   Other: 0.3ms
[2025-06-03T15:47:21.456+0530][204.217s] GC(907) Eden regions: 306->0(306)
[2025-06-03T15:47:21.456+0530][204.217s] GC(907) Survivor regions: 1->1(39)
[2025-06-03T15:47:21.456+0530][204.217s] GC(907) Old regions: 9->9
[2025-06-03T15:47:21.456+0530][204.217s] GC(907) Archive regions: 2->2
[2025-06-03T15:47:21.456+0530][204.218s] GC(907) Humongous regions: 0->0
[2025-06-03T15:47:21.457+0530][204.218s] GC(907) Metaspace: 20476K(20928K)->20476K(20928K) NonClass: 17891K(18112K)->17891K(18112K) Class: 2585K(2816K)->2585K(2816K)
[2025-06-03T15:47:21.457+0530][204.218s] GC(907) Pause Young (Normal) (G1 Evacuation Pause) 315M->9M(512M) 4.231ms
[2025-06-03T15:47:21.457+0530][204.218s] GC(907) User=0.01s Sys=0.01s Real=0.00s
[2025-06-03T15:47:21.919+0530][204.680s] GC(908) Pause Young (Normal) (G1 Evacuation Pause)
[2025-06-03T15:47:21.919+0530][204.680s] GC(908) Using 8 workers of 8 for evacuation
[2025-06-03T15:47:21.925+0530][204.687s] GC(908) Skipped phase 1 of Reference Processing: no references
[2025-06-03T15:47:21.925+0530][204.687s] GC(908) Skipped phase 2 of Reference Processing: no references
[2025-06-03T15:47:21.926+0530][204.687s] GC(908) Skipped phase 3 of Reference Processing: no references
[2025-06-03T15:47:21.926+0530][204.687s] GC(908) Skipped phase 4 of Reference Processing: no references
[2025-06-03T15:47:21.926+0530][204.688s] GC(908)   Pre Evacuate Collection Set: 0.1ms
[2025-06-03T15:47:21.926+0530][204.688s] GC(908)   Merge Heap Roots: 0.2ms
[2025-06-03T15:47:21.927+0530][204.688s] GC(908)   Evacuate Collection Set: 6.0ms
[2025-06-03T15:47:21.927+0530][204.688s] GC(908)   Post Evacuate Collection Set: 1.1ms
[2025-06-03T15:47:21.927+0530][204.688s] GC(908)   Other: 0.3ms
[2025-06-03T15:47:21.927+0530][204.688s] GC(908) Eden regions: 306->0(306)
[2025-06-03T15:47:21.927+0530][204.688s] GC(908) Survivor regions: 1->1(39)
[2025-06-03T15:47:21.927+0530][204.688s] GC(908) Old regions: 9->9
[2025-06-03T15:47:21.927+0530][204.688s] GC(908) Archive regions: 2->2
[2025-06-03T15:47:21.927+0530][204.688s] GC(908) Humongous regions: 0->0
[2025-06-03T15:47:21.927+0530][204.688s] GC(908) Metaspace: 20476K(20928K)->20476K(20928K) NonClass: 17891K(18112K)->17891K(18112K) Class: 2585K(2816K)->2585K(2816K)
[2025-06-03T15:47:21.927+0530][204.688s] GC(908) Pause Young (Normal) (G1 Evacuation Pause) 315M->9M(512M) 8.185ms
[2025-06-03T15:47:21.928+0530][204.689s] GC(908) User=0.00s Sys=0.00s Real=0.01s
[2025-06-03T15:47:22.456+0530][205.217s] GC(909) Pause Young (Normal) (G1 Evacuation Pause)
[2025-06-03T15:47:22.457+0530][205.218s] GC(909) Using 8 workers of 8 for evacuation
[2025-06-03T15:47:22.470+0530][205.231s] GC(909) Skipped phase 1 of Reference Processing: no references
[2025-06-03T15:47:22.470+0530][205.231s] GC(909) Skipped phase 2 of Reference Processing: no references
[2025-06-03T15:47:22.471+0530][205.233s] GC(909) Skipped phase 3 of Reference Processing: no references
[2025-06-03T15:47:22.472+0530][205.233s] GC(909) Skipped phase 4 of Reference Processing: no references
[2025-06-03T15:47:22.474+0530][205.235s] GC(909)   Pre Evacuate Collection Set: 0.3ms
[2025-06-03T15:47:22.474+0530][205.235s] GC(909)   Merge Heap Roots: 0.2ms
[2025-06-03T15:47:22.474+0530][205.235s] GC(909)   Evacuate Collection Set: 12.4ms
[2025-06-03T15:47:22.474+0530][205.235s] GC(909)   Post Evacuate Collection Set: 3.7ms
[2025-06-03T15:47:22.474+0530][205.235s] GC(909)   Other: 1.7ms
[2025-06-03T15:47:22.474+0530][205.235s] GC(909) Eden regions: 306->0(306)
[2025-06-03T15:47:22.474+0530][205.235s] GC(909) Survivor regions: 1->1(39)
[2025-06-03T15:47:22.474+0530][205.235s] GC(909) Old regions: 9->9
[2025-06-03T15:47:22.474+0530][205.236s] GC(909) Archive regions: 2->2
[2025-06-03T15:47:22.474+0530][205.236s] GC(909) Humongous regions: 0->0
[2025-06-03T15:47:22.474+0530][205.236s] GC(909) Metaspace: 20476K(20928K)->20476K(20928K) NonClass: 17891K(18112K)->17891K(18112K) Class: 2585K(2816K)->2585K(2816K)
[2025-06-03T15:47:22.474+0530][205.236s] GC(909) Pause Young (Normal) (G1 Evacuation Pause) 315M->9M(512M) 18.908ms
[2025-06-03T15:47:22.474+0530][205.236s] GC(909) User=0.01s Sys=0.00s Real=0.02s
[2025-06-03T15:47:23.088+0530][205.849s] GC(910) Pause Young (Normal) (G1 Evacuation Pause)
[2025-06-03T15:47:23.088+0530][205.849s] GC(910) Using 8 workers of 8 for evacuation
[2025-06-03T15:47:23.089+0530][205.851s] GC(910) Skipped phase 1 of Reference Processing: no references
[2025-06-03T15:47:23.089+0530][205.851s] GC(910) Skipped phase 2 of Reference Processing: no references
[2025-06-03T15:47:23.089+0530][205.851s] GC(910) Skipped phase 3 of Reference Processing: no references
[2025-06-03T15:47:23.089+0530][205.851s] GC(910) Skipped phase 4 of Reference Processing: no references
[2025-06-03T15:47:23.090+0530][205.852s] GC(910)   Pre Evacuate Collection Set: 0.2ms
[2025-06-03T15:47:23.091+0530][205.852s] GC(910)   Merge Heap Roots: 0.3ms
[2025-06-03T15:47:23.091+0530][205.852s] GC(910)   Evacuate Collection Set: 0.7ms
[2025-06-03T15:47:23.091+0530][205.852s] GC(910)   Post Evacuate Collection Set: 1.2ms
[2025-06-03T15:47:23.091+0530][205.852s] GC(910)   Other: 0.5ms
[2025-06-03T15:47:23.091+0530][205.852s] GC(910) Eden regions: 306->0(306)
[2025-06-03T15:47:23.091+0530][205.852s] GC(910) Survivor regions: 1->1(39)
[2025-06-03T15:47:23.091+0530][205.852s] GC(910) Old regions: 9->9
[2025-06-03T15:47:23.091+0530][205.852s] GC(910) Archive regions: 2->2
[2025-06-03T15:47:23.091+0530][205.852s] GC(910) Humongous regions: 0->0
[2025-06-03T15:47:23.091+0530][205.852s] GC(910) Metaspace: 20476K(20928K)->20476K(20928K) NonClass: 17891K(18112K)->17891K(18112K) Class: 2585K(2816K)->2585K(2816K)
[2025-06-03T15:47:23.091+0530][205.853s] GC(910) Pause Young (Normal) (G1 Evacuation Pause) 315M->9M(512M) 3.648ms
[2025-06-03T15:47:23.091+0530][205.853s] GC(910) User=0.01s Sys=0.00s Real=0.01s
[2025-06-03T15:47:23.470+0530][206.232s] GC(911) Pause Young (Normal) (G1 Evacuation Pause)
[2025-06-03T15:47:23.470+0530][206.232s] GC(911) Using 8 workers of 8 for evacuation
[2025-06-03T15:47:23.472+0530][206.233s] GC(911) Skipped phase 1 of Reference Processing: no references
[2025-06-03T15:47:23.472+0530][206.234s] GC(911) Skipped phase 2 of Reference Processing: no references
[2025-06-03T15:47:23.472+0530][206.234s] GC(911) Skipped phase 3 of Reference Processing: no references
[2025-06-03T15:47:23.472+0530][206.234s] GC(911) Skipped phase 4 of Reference Processing: no references
[2025-06-03T15:47:23.474+0530][206.235s] GC(911)   Pre Evacuate Collection Set: 0.3ms
[2025-06-03T15:47:23.474+0530][206.235s] GC(911)   Merge Heap Roots: 0.2ms
[2025-06-03T15:47:23.474+0530][206.235s] GC(911)   Evacuate Collection Set: 0.7ms
[2025-06-03T15:47:23.474+0530][206.235s] GC(911)   Post Evacuate Collection Set: 2.1ms
[2025-06-03T15:47:23.474+0530][206.235s] GC(911)   Other: 0.3ms
[2025-06-03T15:47:23.474+0530][206.235s] GC(911) Eden regions: 306->0(306)
[2025-06-03T15:47:23.474+0530][206.235s] GC(911) Survivor regions: 1->1(39)
[2025-06-03T15:47:23.474+0530][206.235s] GC(911) Old regions: 9->9
[2025-06-03T15:47:23.474+0530][206.236s] GC(911) Archive regions: 2->2
[2025-06-03T15:47:23.474+0530][206.236s] GC(911) Humongous regions: 0->0
[2025-06-03T15:47:23.474+0530][206.236s] GC(911) Metaspace: 20476K(20928K)->20476K(20928K) NonClass: 17891K(18112K)->17891K(18112K) Class: 2585K(2816K)->2585K(2816K)
[2025-06-03T15:47:23.474+0530][206.236s] GC(911) Pause Young (Normal) (G1 Evacuation Pause) 315M->9M(512M) 4.067ms
[2025-06-03T15:47:23.474+0530][206.236s] GC(911) User=0.00s Sys=0.00s Real=0.00s
[2025-06-03T15:47:23.830+0530][206.591s] GC(912) Pause Young (Normal) (G1 Evacuation Pause)
[2025-06-03T15:47:23.830+0530][206.591s] GC(912) Using 8 workers of 8 for evacuation
[2025-06-03T15:47:23.831+0530][206.592s] GC(912) Skipped phase 1 of Reference Processing: no references
[2025-06-03T15:47:23.831+0530][206.593s] GC(912) Skipped phase 2 of Reference Processing: no references
[2025-06-03T15:47:23.831+0530][206.593s] GC(912) Skipped phase 3 of Reference Processing: no references
[2025-06-03T15:47:23.831+0530][206.593s] GC(912) Skipped phase 4 of Reference Processing: no references
[2025-06-03T15:47:23.832+0530][206.593s] GC(912)   Pre Evacuate Collection Set: 0.1ms
[2025-06-03T15:47:23.832+0530][206.593s] GC(912)   Merge Heap Roots: 0.1ms
[2025-06-03T15:47:23.832+0530][206.593s] GC(912)   Evacuate Collection Set: 0.4ms
[2025-06-03T15:47:23.832+0530][206.593s] GC(912)   Post Evacuate Collection Set: 0.7ms
[2025-06-03T15:47:23.832+0530][206.593s] GC(912)   Other: 0.6ms
[2025-06-03T15:47:23.832+0530][206.594s] GC(912) Eden regions: 306->0(306)
[2025-06-03T15:47:23.832+0530][206.594s] GC(912) Survivor regions: 1->1(39)
[2025-06-03T15:47:23.833+0530][206.594s] GC(912) Old regions: 9->9
[2025-06-03T15:47:23.833+0530][206.594s] GC(912) Archive regions: 2->2
[2025-06-03T15:47:23.833+0530][206.594s] GC(912) Humongous regions: 0->0
[2025-06-03T15:47:23.833+0530][206.594s] GC(912) Metaspace: 20476K(20928K)->20476K(20928K) NonClass: 17891K(18112K)->17891K(18112K) Class: 2585K(2816K)->2585K(2816K)
[2025-06-03T15:47:23.833+0530][206.594s] GC(912) Pause Young (Normal) (G1 Evacuation Pause) 315M->9M(512M) 2.794ms
[2025-06-03T15:47:23.833+0530][206.594s] GC(912) User=0.01s Sys=0.01s Real=0.00s
[2025-06-03T15:47:24.184+0530][206.945s] GC(913) Pause Young (Normal) (G1 Evacuation Pause)
[2025-06-03T15:47:24.184+0530][206.945s] GC(913) Using 8 workers of 8 for evacuation
[2025-06-03T15:47:24.188+0530][206.950s] GC(913) Skipped phase 1 of Reference Processing: no references
[2025-06-03T15:47:24.189+0530][206.950s] GC(913) Skipped phase 2 of Reference Processing: no references
[2025-06-03T15:47:24.189+0530][206.950s] GC(913) Skipped phase 3 of Reference Processing: no references
[2025-06-03T15:47:24.189+0530][206.950s] GC(913) Skipped phase 4 of Reference Processing: no references
[2025-06-03T15:47:24.190+0530][206.952s] GC(913)   Pre Evacuate Collection Set: 1.8ms
[2025-06-03T15:47:24.191+0530][206.952s] GC(913)   Merge Heap Roots: 1.1ms
[2025-06-03T15:47:24.191+0530][206.952s] GC(913)   Evacuate Collection Set: 1.1ms
[2025-06-03T15:47:24.191+0530][206.952s] GC(913)   Post Evacuate Collection Set: 2.2ms
[2025-06-03T15:47:24.191+0530][206.952s] GC(913)   Other: 0.3ms
[2025-06-03T15:47:24.191+0530][206.952s] GC(913) Eden regions: 306->0(306)
[2025-06-03T15:47:24.191+0530][206.952s] GC(913) Survivor regions: 1->1(39)
[2025-06-03T15:47:24.191+0530][206.952s] GC(913) Old regions: 9->9
[2025-06-03T15:47:24.191+0530][206.952s] GC(913) Archive regions: 2->2
[2025-06-03T15:47:24.191+0530][206.952s] GC(913) Humongous regions: 0->0
[2025-06-03T15:47:24.191+0530][206.952s] GC(913) Metaspace: 20477K(20928K)->20477K(20928K) NonClass: 17892K(18112K)->17892K(18112K) Class: 2585K(2816K)->2585K(2816K)
[2025-06-03T15:47:24.191+0530][206.953s] GC(913) Pause Young (Normal) (G1 Evacuation Pause) 315M->9M(512M) 7.169ms
[2025-06-03T15:47:24.191+0530][206.953s] GC(913) User=0.00s Sys=0.00s Real=0.01s
[2025-06-03T15:47:24.554+0530][207.315s] GC(914) Pause Young (Normal) (G1 Evacuation Pause)
[2025-06-03T15:47:24.554+0530][207.315s] GC(914) Using 8 workers of 8 for evacuation
[2025-06-03T15:47:24.555+0530][207.316s] GC(914) Skipped phase 1 of Reference Processing: no references
[2025-06-03T15:47:24.555+0530][207.316s] GC(914) Skipped phase 2 of Reference Processing: no references
[2025-06-03T15:47:24.555+0530][207.316s] GC(914) Skipped phase 3 of Reference Processing: no references
[2025-06-03T15:47:24.555+0530][207.316s] GC(914) Skipped phase 4 of Reference Processing: no references
[2025-06-03T15:47:24.556+0530][207.317s] GC(914)   Pre Evacuate Collection Set: 0.2ms
[2025-06-03T15:47:24.556+0530][207.317s] GC(914)   Merge Heap Roots: 0.2ms
[2025-06-03T15:47:24.556+0530][207.318s] GC(914)   Evacuate Collection Set: 0.7ms
[2025-06-03T15:47:24.556+0530][207.318s] GC(914)   Post Evacuate Collection Set: 1.1ms
[2025-06-03T15:47:24.556+0530][207.318s] GC(914)   Other: 0.3ms
[2025-06-03T15:47:24.557+0530][207.318s] GC(914) Eden regions: 306->0(306)
[2025-06-03T15:47:24.557+0530][207.318s] GC(914) Survivor regions: 1->1(39)
[2025-06-03T15:47:24.557+0530][207.318s] GC(914) Old regions: 9->9
[2025-06-03T15:47:24.557+0530][207.318s] GC(914) Archive regions: 2->2
[2025-06-03T15:47:24.557+0530][207.318s] GC(914) Humongous regions: 0->0
[2025-06-03T15:47:24.557+0530][207.318s] GC(914) Metaspace: 20477K(20928K)->20477K(20928K) NonClass: 17892K(18112K)->17892K(18112K) Class: 2585K(2816K)->2585K(2816K)
[2025-06-03T15:47:24.557+0530][207.318s] GC(914) Pause Young (Normal) (G1 Evacuation Pause) 315M->9M(512M) 3.422ms
[2025-06-03T15:47:24.557+0530][207.318s] GC(914) User=0.00s Sys=0.01s Real=0.00s
[2025-06-03T15:47:24.998+0530][207.759s] GC(915) Pause Young (Normal) (G1 Evacuation Pause)
[2025-06-03T15:47:24.998+0530][207.759s] GC(915) Using 8 workers of 8 for evacuation
[2025-06-03T15:47:24.998+0530][207.760s] GC(915) Skipped phase 1 of Reference Processing: no references
[2025-06-03T15:47:24.998+0530][207.760s] GC(915) Skipped phase 2 of Reference Processing: no references
[2025-06-03T15:47:24.998+0530][207.760s] GC(915) Skipped phase 3 of Reference Processing: no references
[2025-06-03T15:47:24.998+0530][207.760s] GC(915) Skipped phase 4 of Reference Processing: no references
[2025-06-03T15:47:24.999+0530][207.760s] GC(915)   Pre Evacuate Collection Set: 0.1ms
[2025-06-03T15:47:24.999+0530][207.761s] GC(915)   Merge Heap Roots: 0.1ms
[2025-06-03T15:47:24.999+0530][207.761s] GC(915)   Evacuate Collection Set: 0.3ms
[2025-06-03T15:47:24.999+0530][207.761s] GC(915)   Post Evacuate Collection Set: 0.8ms
[2025-06-03T15:47:24.999+0530][207.761s] GC(915)   Other: 0.2ms
[2025-06-03T15:47:24.999+0530][207.761s] GC(915) Eden regions: 306->0(306)
[2025-06-03T15:47:24.999+0530][207.761s] GC(915) Survivor regions: 1->1(39)
[2025-06-03T15:47:24.999+0530][207.761s] GC(915) Old regions: 9->9
[2025-06-03T15:47:24.999+0530][207.761s] GC(915) Archive regions: 2->2
[2025-06-03T15:47:24.999+0530][207.761s] GC(915) Humongous regions: 0->0
[2025-06-03T15:47:24.999+0530][207.761s] GC(915) Metaspace: 20477K(20928K)->20477K(20928K) NonClass: 17892K(18112K)->17892K(18112K) Class: 2585K(2816K)->2585K(2816K)
[2025-06-03T15:47:25.000+0530][207.761s] GC(915) Pause Young (Normal) (G1 Evacuation Pause) 315M->9M(512M) 2.015ms
[2025-06-03T15:47:25.000+0530][207.761s] GC(915) User=0.00s Sys=0.00s Real=0.01s
[2025-06-03T15:47:25.376+0530][208.137s] GC(916) Pause Young (Normal) (G1 Evacuation Pause)
[2025-06-03T15:47:25.376+0530][208.137s] GC(916) Using 8 workers of 8 for evacuation
[2025-06-03T15:47:25.377+0530][208.138s] GC(916) Skipped phase 1 of Reference Processing: no references
[2025-06-03T15:47:25.377+0530][208.138s] GC(916) Skipped phase 2 of Reference Processing: no references
[2025-06-03T15:47:25.377+0530][208.138s] GC(916) Skipped phase 3 of Reference Processing: no references
[2025-06-03T15:47:25.377+0530][208.138s] GC(916) Skipped phase 4 of Reference Processing: no references
[2025-06-03T15:47:25.378+0530][208.139s] GC(916)   Pre Evacuate Collection Set: 0.1ms
[2025-06-03T15:47:25.378+0530][208.139s] GC(916)   Merge Heap Roots: 0.1ms
[2025-06-03T15:47:25.378+0530][208.139s] GC(916)   Evacuate Collection Set: 0.5ms
[2025-06-03T15:47:25.378+0530][208.139s] GC(916)   Post Evacuate Collection Set: 0.9ms
[2025-06-03T15:47:25.378+0530][208.140s] GC(916)   Other: 0.3ms
[2025-06-03T15:47:25.378+0530][208.140s] GC(916) Eden regions: 306->0(306)
[2025-06-03T15:47:25.378+0530][208.140s] GC(916) Survivor regions: 1->1(39)
[2025-06-03T15:47:25.379+0530][208.140s] GC(916) Old regions: 9->9
[2025-06-03T15:47:25.379+0530][208.140s] GC(916) Archive regions: 2->2
[2025-06-03T15:47:25.379+0530][208.140s] GC(916) Humongous regions: 0->0
[2025-06-03T15:47:25.379+0530][208.140s] GC(916) Metaspace: 20477K(20928K)->20477K(20928K) NonClass: 17892K(18112K)->17892K(18112K) Class: 2585K(2816K)->2585K(2816K)
[2025-06-03T15:47:25.380+0530][208.141s] GC(916) Pause Young (Normal) (G1 Evacuation Pause) 315M->9M(512M) 4.445ms
[2025-06-03T15:47:25.380+0530][208.142s] GC(916) User=0.00s Sys=0.00s Real=0.01s
[2025-06-03T15:47:25.712+0530][208.474s] GC(917) Pause Young (Normal) (G1 Evacuation Pause)
[2025-06-03T15:47:25.712+0530][208.474s] GC(917) Using 8 workers of 8 for evacuation
[2025-06-03T15:47:25.713+0530][208.475s] GC(917) Skipped phase 1 of Reference Processing: no references
[2025-06-03T15:47:25.713+0530][208.475s] GC(917) Skipped phase 2 of Reference Processing: no references
[2025-06-03T15:47:25.713+0530][208.475s] GC(917) Skipped phase 3 of Reference Processing: no references
[2025-06-03T15:47:25.713+0530][208.475s] GC(917) Skipped phase 4 of Reference Processing: no references
[2025-06-03T15:47:25.714+0530][208.475s] GC(917)   Pre Evacuate Collection Set: 0.1ms
[2025-06-03T15:47:25.714+0530][208.475s] GC(917)   Merge Heap Roots: 0.1ms
[2025-06-03T15:47:25.714+0530][208.475s] GC(917)   Evacuate Collection Set: 0.4ms
[2025-06-03T15:47:25.714+0530][208.475s] GC(917)   Post Evacuate Collection Set: 0.7ms
[2025-06-03T15:47:25.714+0530][208.476s] GC(917)   Other: 0.6ms
[2025-06-03T15:47:25.714+0530][208.476s] GC(917) Eden regions: 306->0(306)
[2025-06-03T15:47:25.714+0530][208.476s] GC(917) Survivor regions: 1->1(39)
[2025-06-03T15:47:25.714+0530][208.476s] GC(917) Old regions: 9->9
[2025-06-03T15:47:25.714+0530][208.476s] GC(917) Archive regions: 2->2
[2025-06-03T15:47:25.714+0530][208.476s] GC(917) Humongous regions: 0->0
[2025-06-03T15:47:25.714+0530][208.476s] GC(917) Metaspace: 20477K(20928K)->20477K(20928K) NonClass: 17892K(18112K)->17892K(18112K) Class: 2585K(2816K)->2585K(2816K)
[2025-06-03T15:47:25.714+0530][208.476s] GC(917) Pause Young (Normal) (G1 Evacuation Pause) 315M->9M(512M) 2.280ms
[2025-06-03T15:47:25.714+0530][208.476s] GC(917) User=0.01s Sys=0.00s Real=0.00s
[2025-06-03T15:47:26.045+0530][208.806s] GC(918) Pause Young (Normal) (G1 Evacuation Pause)
[2025-06-03T15:47:26.045+0530][208.807s] GC(918) Using 8 workers of 8 for evacuation
[2025-06-03T15:47:26.047+0530][208.808s] GC(918) Skipped phase 1 of Reference Processing: no references
[2025-06-03T15:47:26.047+0530][208.808s] GC(918) Skipped phase 2 of Reference Processing: no references
[2025-06-03T15:47:26.047+0530][208.808s] GC(918) Skipped phase 3 of Reference Processing: no references
[2025-06-03T15:47:26.047+0530][208.808s] GC(918) Skipped phase 4 of Reference Processing: no references
[2025-06-03T15:47:26.047+0530][208.809s] GC(918)   Pre Evacuate Collection Set: 0.7ms
[2025-06-03T15:47:26.048+0530][208.809s] GC(918)   Merge Heap Roots: 0.1ms
[2025-06-03T15:47:26.048+0530][208.809s] GC(918)   Evacuate Collection Set: 0.5ms
[2025-06-03T15:47:26.048+0530][208.809s] GC(918)   Post Evacuate Collection Set: 0.7ms
[2025-06-03T15:47:26.048+0530][208.809s] GC(918)   Other: 0.3ms
[2025-06-03T15:47:26.048+0530][208.809s] GC(918) Eden regions: 306->0(306)
[2025-06-03T15:47:26.048+0530][208.809s] GC(918) Survivor regions: 1->1(39)
[2025-06-03T15:47:26.048+0530][208.809s] GC(918) Old regions: 9->9
[2025-06-03T15:47:26.048+0530][208.809s] GC(918) Archive regions: 2->2
[2025-06-03T15:47:26.048+0530][208.809s] GC(918) Humongous regions: 0->0
[2025-06-03T15:47:26.048+0530][208.809s] GC(918) Metaspace: 20477K(20928K)->20477K(20928K) NonClass: 17892K(18112K)->17892K(18112K) Class: 2585K(2816K)->2585K(2816K)
[2025-06-03T15:47:26.048+0530][208.810s] GC(918) Pause Young (Normal) (G1 Evacuation Pause) 315M->9M(512M) 3.029ms
[2025-06-03T15:47:26.048+0530][208.810s] GC(918) User=0.00s Sys=0.01s Real=0.00s
[2025-06-03T15:47:26.519+0530][209.280s] GC(919) Pause Young (Normal) (G1 Evacuation Pause)
[2025-06-03T15:47:26.519+0530][209.280s] GC(919) Using 8 workers of 8 for evacuation
[2025-06-03T15:47:26.526+0530][209.287s] GC(919) Skipped phase 1 of Reference Processing: no references
[2025-06-03T15:47:26.526+0530][209.287s] GC(919) Skipped phase 2 of Reference Processing: no references
[2025-06-03T15:47:26.526+0530][209.287s] GC(919) Skipped phase 3 of Reference Processing: no references
[2025-06-03T15:47:26.526+0530][209.288s] GC(919) Skipped phase 4 of Reference Processing: no references
[2025-06-03T15:47:26.528+0530][209.289s] GC(919)   Pre Evacuate Collection Set: 0.2ms
[2025-06-03T15:47:26.528+0530][209.289s] GC(919)   Merge Heap Roots: 0.7ms
[2025-06-03T15:47:26.528+0530][209.289s] GC(919)   Evacuate Collection Set: 5.8ms
[2025-06-03T15:47:26.528+0530][209.289s] GC(919)   Post Evacuate Collection Set: 1.8ms
[2025-06-03T15:47:26.528+0530][209.289s] GC(919)   Other: 0.3ms
[2025-06-03T15:47:26.528+0530][209.289s] GC(919) Eden regions: 306->0(306)
[2025-06-03T15:47:26.528+0530][209.289s] GC(919) Survivor regions: 1->1(39)
[2025-06-03T15:47:26.528+0530][209.289s] GC(919) Old regions: 9->9
[2025-06-03T15:47:26.528+0530][209.289s] GC(919) Archive regions: 2->2
[2025-06-03T15:47:26.528+0530][209.289s] GC(919) Humongous regions: 0->0
[2025-06-03T15:47:26.528+0530][209.289s] GC(919) Metaspace: 20477K(20928K)->20477K(20928K) NonClass: 17892K(18112K)->17892K(18112K) Class: 2585K(2816K)->2585K(2816K)
[2025-06-03T15:47:26.528+0530][209.290s] GC(919) Pause Young (Normal) (G1 Evacuation Pause) 315M->9M(512M) 9.204ms
[2025-06-03T15:47:26.528+0530][209.290s] GC(919) User=0.00s Sys=0.00s Real=0.01s
[2025-06-03T15:47:26.942+0530][209.704s] GC(920) Pause Young (Normal) (G1 Evacuation Pause)
[2025-06-03T15:47:26.942+0530][209.704s] GC(920) Using 8 workers of 8 for evacuation
[2025-06-03T15:47:26.943+0530][209.705s] GC(920) Skipped phase 1 of Reference Processing: no references
[2025-06-03T15:47:26.943+0530][209.705s] GC(920) Skipped phase 2 of Reference Processing: no references
[2025-06-03T15:47:26.943+0530][209.705s] GC(920) Skipped phase 3 of Reference Processing: no references
[2025-06-03T15:47:26.944+0530][209.705s] GC(920) Skipped phase 4 of Reference Processing: no references
[2025-06-03T15:47:26.944+0530][209.706s] GC(920)   Pre Evacuate Collection Set: 0.3ms
[2025-06-03T15:47:26.944+0530][209.706s] GC(920)   Merge Heap Roots: 0.1ms
[2025-06-03T15:47:26.944+0530][209.706s] GC(920)   Evacuate Collection Set: 0.4ms
[2025-06-03T15:47:26.944+0530][209.706s] GC(920)   Post Evacuate Collection Set: 0.9ms
[2025-06-03T15:47:26.944+0530][209.706s] GC(920)   Other: 0.3ms
[2025-06-03T15:47:26.944+0530][209.706s] GC(920) Eden regions: 306->0(306)
[2025-06-03T15:47:26.945+0530][209.706s] GC(920) Survivor regions: 1->1(39)
[2025-06-03T15:47:26.945+0530][209.706s] GC(920) Old regions: 9->9
[2025-06-03T15:47:26.945+0530][209.706s] GC(920) Archive regions: 2->2
[2025-06-03T15:47:26.945+0530][209.706s] GC(920) Humongous regions: 0->0
[2025-06-03T15:47:26.945+0530][209.706s] GC(920) Metaspace: 20477K(20928K)->20477K(20928K) NonClass: 17892K(18112K)->17892K(18112K) Class: 2585K(2816K)->2585K(2816K)
[2025-06-03T15:47:26.945+0530][209.706s] GC(920) Pause Young (Normal) (G1 Evacuation Pause) 315M->9M(512M) 2.440ms
[2025-06-03T15:47:26.945+0530][209.706s] GC(920) User=0.00s Sys=0.00s Real=0.00s
[2025-06-03T15:47:27.349+0530][210.111s] GC(921) Pause Young (Normal) (G1 Evacuation Pause)
[2025-06-03T15:47:27.349+0530][210.111s] GC(921) Using 8 workers of 8 for evacuation
[2025-06-03T15:47:27.350+0530][210.111s] GC(921) Skipped phase 1 of Reference Processing: no references
[2025-06-03T15:47:27.350+0530][210.111s] GC(921) Skipped phase 2 of Reference Processing: no references
[2025-06-03T15:47:27.350+0530][210.111s] GC(921) Skipped phase 3 of Reference Processing: no references
[2025-06-03T15:47:27.350+0530][210.111s] GC(921) Skipped phase 4 of Reference Processing: no references
[2025-06-03T15:47:27.351+0530][210.112s] GC(921)   Pre Evacuate Collection Set: 0.1ms
[2025-06-03T15:47:27.351+0530][210.112s] GC(921)   Merge Heap Roots: 0.1ms
[2025-06-03T15:47:27.351+0530][210.112s] GC(921)   Evacuate Collection Set: 0.3ms
[2025-06-03T15:47:27.351+0530][210.112s] GC(921)   Post Evacuate Collection Set: 0.6ms
[2025-06-03T15:47:27.351+0530][210.112s] GC(921)   Other: 0.3ms
[2025-06-03T15:47:27.351+0530][210.112s] GC(921) Eden regions: 306->0(306)
[2025-06-03T15:47:27.351+0530][210.112s] GC(921) Survivor regions: 1->1(39)
[2025-06-03T15:47:27.351+0530][210.112s] GC(921) Old regions: 9->9
[2025-06-03T15:47:27.351+0530][210.112s] GC(921) Archive regions: 2->2
[2025-06-03T15:47:27.351+0530][210.112s] GC(921) Humongous regions: 0->0
[2025-06-03T15:47:27.351+0530][210.112s] GC(921) Metaspace: 20477K(20928K)->20477K(20928K) NonClass: 17892K(18112K)->17892K(18112K) Class: 2585K(2816K)->2585K(2816K)
[2025-06-03T15:47:27.351+0530][210.112s] GC(921) Pause Young (Normal) (G1 Evacuation Pause) 315M->9M(512M) 1.738ms
[2025-06-03T15:47:27.351+0530][210.112s] GC(921) User=0.01s Sys=0.00s Real=0.01s
[2025-06-03T15:47:27.661+0530][210.422s] GC(922) Pause Young (Normal) (G1 Evacuation Pause)
[2025-06-03T15:47:27.661+0530][210.422s] GC(922) Using 8 workers of 8 for evacuation
[2025-06-03T15:47:27.661+0530][210.423s] GC(922) Skipped phase 1 of Reference Processing: no references
[2025-06-03T15:47:27.662+0530][210.423s] GC(922) Skipped phase 2 of Reference Processing: no references
[2025-06-03T15:47:27.662+0530][210.423s] GC(922) Skipped phase 3 of Reference Processing: no references
[2025-06-03T15:47:27.662+0530][210.423s] GC(922) Skipped phase 4 of Reference Processing: no references
[2025-06-03T15:47:27.662+0530][210.424s] GC(922)   Pre Evacuate Collection Set: 0.1ms
[2025-06-03T15:47:27.662+0530][210.424s] GC(922)   Merge Heap Roots: 0.1ms
[2025-06-03T15:47:27.662+0530][210.424s] GC(922)   Evacuate Collection Set: 0.3ms
[2025-06-03T15:47:27.662+0530][210.424s] GC(922)   Post Evacuate Collection Set: 0.6ms
[2025-06-03T15:47:27.662+0530][210.424s] GC(922)   Other: 0.2ms
[2025-06-03T15:47:27.662+0530][210.424s] GC(922) Eden regions: 306->0(306)
[2025-06-03T15:47:27.662+0530][210.424s] GC(922) Survivor regions: 1->1(39)
[2025-06-03T15:47:27.662+0530][210.424s] GC(922) Old regions: 9->9
[2025-06-03T15:47:27.662+0530][210.424s] GC(922) Archive regions: 2->2
[2025-06-03T15:47:27.662+0530][210.424s] GC(922) Humongous regions: 0->0
[2025-06-03T15:47:27.662+0530][210.424s] GC(922) Metaspace: 20477K(20928K)->20477K(20928K) NonClass: 17892K(18112K)->17892K(18112K) Class: 2585K(2816K)->2585K(2816K)
[2025-06-03T15:47:27.662+0530][210.424s] GC(922) Pause Young (Normal) (G1 Evacuation Pause) 315M->9M(512M) 1.561ms
[2025-06-03T15:47:27.662+0530][210.424s] GC(922) User=0.00s Sys=0.00s Real=0.00s
[2025-06-03T15:47:27.906+0530][210.667s] GC(923) Pause Young (Normal) (G1 Evacuation Pause)
[2025-06-03T15:47:27.906+0530][210.667s] GC(923) Using 8 workers of 8 for evacuation
[2025-06-03T15:47:27.907+0530][210.668s] GC(923) Skipped phase 1 of Reference Processing: no references
[2025-06-03T15:47:27.907+0530][210.668s] GC(923) Skipped phase 2 of Reference Processing: no references
[2025-06-03T15:47:27.907+0530][210.668s] GC(923) Skipped phase 3 of Reference Processing: no references
[2025-06-03T15:47:27.907+0530][210.668s] GC(923) Skipped phase 4 of Reference Processing: no references
[2025-06-03T15:47:27.907+0530][210.669s] GC(923)   Pre Evacuate Collection Set: 0.1ms
[2025-06-03T15:47:27.907+0530][210.669s] GC(923)   Merge Heap Roots: 0.1ms
[2025-06-03T15:47:27.907+0530][210.669s] GC(923)   Evacuate Collection Set: 0.3ms
[2025-06-03T15:47:27.907+0530][210.669s] GC(923)   Post Evacuate Collection Set: 0.6ms
[2025-06-03T15:47:27.907+0530][210.669s] GC(923)   Other: 0.2ms
[2025-06-03T15:47:27.907+0530][210.669s] GC(923) Eden regions: 306->0(306)
[2025-06-03T15:47:27.907+0530][210.669s] GC(923) Survivor regions: 1->1(39)
[2025-06-03T15:47:27.907+0530][210.669s] GC(923) Old regions: 9->9
[2025-06-03T15:47:27.907+0530][210.669s] GC(923) Archive regions: 2->2
[2025-06-03T15:47:27.907+0530][210.669s] GC(923) Humongous regions: 0->0
[2025-06-03T15:47:27.907+0530][210.669s] GC(923) Metaspace: 20477K(20928K)->20477K(20928K) NonClass: 17892K(18112K)->17892K(18112K) Class: 2585K(2816K)->2585K(2816K)
[2025-06-03T15:47:27.907+0530][210.669s] GC(923) Pause Young (Normal) (G1 Evacuation Pause) 315M->9M(512M) 1.527ms
[2025-06-03T15:47:27.908+0530][210.669s] GC(923) User=0.00s Sys=0.00s Real=0.00s
[2025-06-03T15:47:28.123+0530][210.884s] GC(924) Pause Young (Normal) (G1 Evacuation Pause)
[2025-06-03T15:47:28.123+0530][210.884s] GC(924) Using 8 workers of 8 for evacuation
[2025-06-03T15:47:28.124+0530][210.885s] GC(924) Skipped phase 1 of Reference Processing: no references
[2025-06-03T15:47:28.124+0530][210.885s] GC(924) Skipped phase 2 of Reference Processing: no references
[2025-06-03T15:47:28.124+0530][210.885s] GC(924) Skipped phase 3 of Reference Processing: no references
[2025-06-03T15:47:28.124+0530][210.885s] GC(924) Skipped phase 4 of Reference Processing: no references
[2025-06-03T15:47:28.124+0530][210.886s] GC(924)   Pre Evacuate Collection Set: 0.1ms
[2025-06-03T15:47:28.124+0530][210.886s] GC(924)   Merge Heap Roots: 0.1ms
[2025-06-03T15:47:28.124+0530][210.886s] GC(924)   Evacuate Collection Set: 0.3ms
[2025-06-03T15:47:28.124+0530][210.886s] GC(924)   Post Evacuate Collection Set: 0.5ms
[2025-06-03T15:47:28.124+0530][210.886s] GC(924)   Other: 0.3ms
[2025-06-03T15:47:28.124+0530][210.886s] GC(924) Eden regions: 306->0(306)
[2025-06-03T15:47:28.124+0530][210.886s] GC(924) Survivor regions: 1->1(39)
[2025-06-03T15:47:28.124+0530][210.886s] GC(924) Old regions: 9->9
[2025-06-03T15:47:28.124+0530][210.886s] GC(924) Archive regions: 2->2
[2025-06-03T15:47:28.125+0530][210.886s] GC(924) Humongous regions: 0->0
[2025-06-03T15:47:28.125+0530][210.886s] GC(924) Metaspace: 20477K(20928K)->20477K(20928K) NonClass: 17892K(18112K)->17892K(18112K) Class: 2585K(2816K)->2585K(2816K)
[2025-06-03T15:47:28.125+0530][210.886s] GC(924) Pause Young (Normal) (G1 Evacuation Pause) 315M->9M(512M) 1.884ms
[2025-06-03T15:47:28.125+0530][210.886s] GC(924) User=0.01s Sys=0.00s Real=0.00s
[2025-06-03T15:47:28.346+0530][211.107s] GC(925) Pause Young (Normal) (G1 Evacuation Pause)
[2025-06-03T15:47:28.346+0530][211.108s] GC(925) Using 8 workers of 8 for evacuation
[2025-06-03T15:47:28.347+0530][211.108s] GC(925) Skipped phase 1 of Reference Processing: no references
[2025-06-03T15:47:28.347+0530][211.108s] GC(925) Skipped phase 2 of Reference Processing: no references
[2025-06-03T15:47:28.347+0530][211.108s] GC(925) Skipped phase 3 of Reference Processing: no references
[2025-06-03T15:47:28.347+0530][211.108s] GC(925) Skipped phase 4 of Reference Processing: no references
[2025-06-03T15:47:28.347+0530][211.109s] GC(925)   Pre Evacuate Collection Set: 0.1ms
[2025-06-03T15:47:28.347+0530][211.109s] GC(925)   Merge Heap Roots: 0.1ms
[2025-06-03T15:47:28.347+0530][211.109s] GC(925)   Evacuate Collection Set: 0.3ms
[2025-06-03T15:47:28.347+0530][211.109s] GC(925)   Post Evacuate Collection Set: 0.6ms
[2025-06-03T15:47:28.348+0530][211.109s] GC(925)   Other: 0.3ms
[2025-06-03T15:47:28.348+0530][211.109s] GC(925) Eden regions: 306->0(306)
[2025-06-03T15:47:28.348+0530][211.109s] GC(925) Survivor regions: 1->1(39)
[2025-06-03T15:47:28.348+0530][211.109s] GC(925) Old regions: 9->9
[2025-06-03T15:47:28.348+0530][211.109s] GC(925) Archive regions: 2->2
[2025-06-03T15:47:28.348+0530][211.109s] GC(925) Humongous regions: 0->0
[2025-06-03T15:47:28.348+0530][211.109s] GC(925) Metaspace: 20477K(20928K)->20477K(20928K) NonClass: 17892K(18112K)->17892K(18112K) Class: 2585K(2816K)->2585K(2816K)
[2025-06-03T15:47:28.348+0530][211.109s] GC(925) Pause Young (Normal) (G1 Evacuation Pause) 315M->9M(512M) 1.657ms
[2025-06-03T15:47:28.348+0530][211.109s] GC(925) User=0.00s Sys=0.00s Real=0.00s
[2025-06-03T15:47:28.535+0530][211.297s] GC(926) Pause Young (Normal) (G1 Evacuation Pause)
[2025-06-03T15:47:28.535+0530][211.297s] GC(926) Using 8 workers of 8 for evacuation
[2025-06-03T15:47:28.536+0530][211.297s] GC(926) Skipped phase 1 of Reference Processing: no references
[2025-06-03T15:47:28.536+0530][211.297s] GC(926) Skipped phase 2 of Reference Processing: no references
[2025-06-03T15:47:28.536+0530][211.297s] GC(926) Skipped phase 3 of Reference Processing: no references
[2025-06-03T15:47:28.536+0530][211.297s] GC(926) Skipped phase 4 of Reference Processing: no references
[2025-06-03T15:47:28.537+0530][211.298s] GC(926)   Pre Evacuate Collection Set: 0.1ms
[2025-06-03T15:47:28.537+0530][211.298s] GC(926)   Merge Heap Roots: 0.1ms
[2025-06-03T15:47:28.537+0530][211.298s] GC(926)   Evacuate Collection Set: 0.4ms
[2025-06-03T15:47:28.537+0530][211.298s] GC(926)   Post Evacuate Collection Set: 0.7ms
[2025-06-03T15:47:28.537+0530][211.298s] GC(926)   Other: 0.2ms
[2025-06-03T15:47:28.537+0530][211.298s] GC(926) Eden regions: 306->0(306)
[2025-06-03T15:47:28.537+0530][211.298s] GC(926) Survivor regions: 1->1(39)
[2025-06-03T15:47:28.537+0530][211.298s] GC(926) Old regions: 9->9
[2025-06-03T15:47:28.537+0530][211.299s] GC(926) Archive regions: 2->2
[2025-06-03T15:47:28.537+0530][211.299s] GC(926) Humongous regions: 0->0
[2025-06-03T15:47:28.537+0530][211.299s] GC(926) Metaspace: 20477K(20928K)->20477K(20928K) NonClass: 17892K(18112K)->17892K(18112K) Class: 2585K(2816K)->2585K(2816K)
[2025-06-03T15:47:28.537+0530][211.299s] GC(926) Pause Young (Normal) (G1 Evacuation Pause) 315M->9M(512M) 2.031ms
[2025-06-03T15:47:28.537+0530][211.299s] GC(926) User=0.00s Sys=0.00s Real=0.00s
[2025-06-03T15:47:28.733+0530][211.494s] GC(927) Pause Young (Normal) (G1 Evacuation Pause)
[2025-06-03T15:47:28.733+0530][211.494s] GC(927) Using 8 workers of 8 for evacuation
[2025-06-03T15:47:28.733+0530][211.495s] GC(927) Skipped phase 1 of Reference Processing: no references
[2025-06-03T15:47:28.734+0530][211.495s] GC(927) Skipped phase 2 of Reference Processing: no references
[2025-06-03T15:47:28.734+0530][211.495s] GC(927) Skipped phase 3 of Reference Processing: no references
[2025-06-03T15:47:28.734+0530][211.495s] GC(927) Skipped phase 4 of Reference Processing: no references
[2025-06-03T15:47:28.734+0530][211.496s] GC(927)   Pre Evacuate Collection Set: 0.1ms
[2025-06-03T15:47:28.734+0530][211.496s] GC(927)   Merge Heap Roots: 0.1ms
[2025-06-03T15:47:28.734+0530][211.496s] GC(927)   Evacuate Collection Set: 0.3ms
[2025-06-03T15:47:28.734+0530][211.496s] GC(927)   Post Evacuate Collection Set: 0.6ms
[2025-06-03T15:47:28.734+0530][211.496s] GC(927)   Other: 0.2ms
[2025-06-03T15:47:28.734+0530][211.496s] GC(927) Eden regions: 306->0(306)
[2025-06-03T15:47:28.734+0530][211.496s] GC(927) Survivor regions: 1->1(39)
[2025-06-03T15:47:28.734+0530][211.496s] GC(927) Old regions: 9->9
[2025-06-03T15:47:28.734+0530][211.496s] GC(927) Archive regions: 2->2
[2025-06-03T15:47:28.734+0530][211.496s] GC(927) Humongous regions: 0->0
[2025-06-03T15:47:28.734+0530][211.496s] GC(927) Metaspace: 20477K(20928K)->20477K(20928K) NonClass: 17892K(18112K)->17892K(18112K) Class: 2585K(2816K)->2585K(2816K)
[2025-06-03T15:47:28.734+0530][211.496s] GC(927) Pause Young (Normal) (G1 Evacuation Pause) 315M->9M(512M) 1.490ms
[2025-06-03T15:47:28.734+0530][211.496s] GC(927) User=0.00s Sys=0.00s Real=0.00s
[2025-06-03T15:47:28.933+0530][211.694s] GC(928) Pause Young (Normal) (G1 Evacuation Pause)
[2025-06-03T15:47:28.933+0530][211.694s] GC(928) Using 8 workers of 8 for evacuation
[2025-06-03T15:47:28.933+0530][211.695s] GC(928) Skipped phase 1 of Reference Processing: no references
[2025-06-03T15:47:28.933+0530][211.695s] GC(928) Skipped phase 2 of Reference Processing: no references
[2025-06-03T15:47:28.934+0530][211.695s] GC(928) Skipped phase 3 of Reference Processing: no references
[2025-06-03T15:47:28.934+0530][211.695s] GC(928) Skipped phase 4 of Reference Processing: no references
[2025-06-03T15:47:28.934+0530][211.695s] GC(928)   Pre Evacuate Collection Set: 0.1ms
[2025-06-03T15:47:28.934+0530][211.695s] GC(928)   Merge Heap Roots: 0.1ms
[2025-06-03T15:47:28.934+0530][211.695s] GC(928)   Evacuate Collection Set: 0.2ms
[2025-06-03T15:47:28.934+0530][211.695s] GC(928)   Post Evacuate Collection Set: 0.5ms
[2025-06-03T15:47:28.934+0530][211.696s] GC(928)   Other: 0.2ms
[2025-06-03T15:47:28.934+0530][211.696s] GC(928) Eden regions: 306->0(306)
[2025-06-03T15:47:28.934+0530][211.696s] GC(928) Survivor regions: 1->1(39)
[2025-06-03T15:47:28.934+0530][211.696s] GC(928) Old regions: 9->9
[2025-06-03T15:47:28.934+0530][211.696s] GC(928) Archive regions: 2->2
[2025-06-03T15:47:28.934+0530][211.696s] GC(928) Humongous regions: 0->0
[2025-06-03T15:47:28.934+0530][211.696s] GC(928) Metaspace: 20477K(20928K)->20477K(20928K) NonClass: 17892K(18112K)->17892K(18112K) Class: 2585K(2816K)->2585K(2816K)
[2025-06-03T15:47:28.934+0530][211.696s] GC(928) Pause Young (Normal) (G1 Evacuation Pause) 315M->9M(512M) 1.364ms
[2025-06-03T15:47:28.934+0530][211.696s] GC(928) User=0.01s Sys=0.00s Real=0.00s
[2025-06-03T15:47:29.130+0530][211.891s] GC(929) Pause Young (Normal) (G1 Evacuation Pause)
[2025-06-03T15:47:29.130+0530][211.892s] GC(929) Using 8 workers of 8 for evacuation
[2025-06-03T15:47:29.131+0530][211.892s] GC(929) Skipped phase 1 of Reference Processing: no references
[2025-06-03T15:47:29.131+0530][211.892s] GC(929) Skipped phase 2 of Reference Processing: no references
[2025-06-03T15:47:29.131+0530][211.892s] GC(929) Skipped phase 3 of Reference Processing: no references
[2025-06-03T15:47:29.131+0530][211.892s] GC(929) Skipped phase 4 of Reference Processing: no references
[2025-06-03T15:47:29.131+0530][211.893s] GC(929)   Pre Evacuate Collection Set: 0.1ms
[2025-06-03T15:47:29.131+0530][211.893s] GC(929)   Merge Heap Roots: 0.1ms
[2025-06-03T15:47:29.131+0530][211.893s] GC(929)   Evacuate Collection Set: 0.3ms
[2025-06-03T15:47:29.131+0530][211.893s] GC(929)   Post Evacuate Collection Set: 0.5ms
[2025-06-03T15:47:29.131+0530][211.893s] GC(929)   Other: 0.2ms
[2025-06-03T15:47:29.131+0530][211.893s] GC(929) Eden regions: 306->0(306)
[2025-06-03T15:47:29.131+0530][211.893s] GC(929) Survivor regions: 1->1(39)
[2025-06-03T15:47:29.131+0530][211.893s] GC(929) Old regions: 9->9
[2025-06-03T15:47:29.131+0530][211.893s] GC(929) Archive regions: 2->2
[2025-06-03T15:47:29.131+0530][211.893s] GC(929) Humongous regions: 0->0
[2025-06-03T15:47:29.131+0530][211.893s] GC(929) Metaspace: 20477K(20928K)->20477K(20928K) NonClass: 17892K(18112K)->17892K(18112K) Class: 2585K(2816K)->2585K(2816K)
[2025-06-03T15:47:29.131+0530][211.893s] GC(929) Pause Young (Normal) (G1 Evacuation Pause) 315M->9M(512M) 1.374ms
[2025-06-03T15:47:29.131+0530][211.893s] GC(929) User=0.00s Sys=0.00s Real=0.00s
[2025-06-03T15:47:29.313+0530][212.075s] GC(930) Pause Young (Normal) (G1 Evacuation Pause)
[2025-06-03T15:47:29.314+0530][212.075s] GC(930) Using 8 workers of 8 for evacuation
[2025-06-03T15:47:29.314+0530][212.076s] GC(930) Skipped phase 1 of Reference Processing: no references
[2025-06-03T15:47:29.314+0530][212.076s] GC(930) Skipped phase 2 of Reference Processing: no references
[2025-06-03T15:47:29.314+0530][212.076s] GC(930) Skipped phase 3 of Reference Processing: no references
[2025-06-03T15:47:29.314+0530][212.076s] GC(930) Skipped phase 4 of Reference Processing: no references
[2025-06-03T15:47:29.315+0530][212.076s] GC(930)   Pre Evacuate Collection Set: 0.1ms
[2025-06-03T15:47:29.315+0530][212.076s] GC(930)   Merge Heap Roots: 0.1ms
[2025-06-03T15:47:29.315+0530][212.076s] GC(930)   Evacuate Collection Set: 0.3ms
[2025-06-03T15:47:29.315+0530][212.076s] GC(930)   Post Evacuate Collection Set: 0.6ms
[2025-06-03T15:47:29.315+0530][212.076s] GC(930)   Other: 0.2ms
[2025-06-03T15:47:29.315+0530][212.076s] GC(930) Eden regions: 306->0(306)
[2025-06-03T15:47:29.315+0530][212.076s] GC(930) Survivor regions: 1->1(39)
[2025-06-03T15:47:29.315+0530][212.076s] GC(930) Old regions: 9->9
[2025-06-03T15:47:29.315+0530][212.076s] GC(930) Archive regions: 2->2
[2025-06-03T15:47:29.315+0530][212.076s] GC(930) Humongous regions: 0->0
[2025-06-03T15:47:29.315+0530][212.076s] GC(930) Metaspace: 20477K(20928K)->20477K(20928K) NonClass: 17892K(18112K)->17892K(18112K) Class: 2585K(2816K)->2585K(2816K)
[2025-06-03T15:47:29.315+0530][212.077s] GC(930) Pause Young (Normal) (G1 Evacuation Pause) 315M->9M(512M) 1.564ms
[2025-06-03T15:47:29.315+0530][212.077s] GC(930) User=0.00s Sys=0.00s Real=0.00s
[2025-06-03T15:47:29.486+0530][212.247s] GC(931) Pause Young (Normal) (G1 Evacuation Pause)
[2025-06-03T15:47:29.486+0530][212.247s] GC(931) Using 8 workers of 8 for evacuation
[2025-06-03T15:47:29.486+0530][212.248s] GC(931) Skipped phase 1 of Reference Processing: no references
[2025-06-03T15:47:29.486+0530][212.248s] GC(931) Skipped phase 2 of Reference Processing: no references
[2025-06-03T15:47:29.486+0530][212.248s] GC(931) Skipped phase 3 of Reference Processing: no references
[2025-06-03T15:47:29.486+0530][212.248s] GC(931) Skipped phase 4 of Reference Processing: no references
[2025-06-03T15:47:29.487+0530][212.248s] GC(931)   Pre Evacuate Collection Set: 0.1ms
[2025-06-03T15:47:29.487+0530][212.248s] GC(931)   Merge Heap Roots: 0.1ms
[2025-06-03T15:47:29.487+0530][212.248s] GC(931)   Evacuate Collection Set: 0.2ms
[2025-06-03T15:47:29.487+0530][212.248s] GC(931)   Post Evacuate Collection Set: 0.6ms
[2025-06-03T15:47:29.487+0530][212.248s] GC(931)   Other: 0.2ms
[2025-06-03T15:47:29.487+0530][212.248s] GC(931) Eden regions: 306->0(306)
[2025-06-03T15:47:29.487+0530][212.248s] GC(931) Survivor regions: 1->1(39)
[2025-06-03T15:47:29.487+0530][212.248s] GC(931) Old regions: 9->9
[2025-06-03T15:47:29.487+0530][212.248s] GC(931) Archive regions: 2->2
[2025-06-03T15:47:29.487+0530][212.249s] GC(931) Humongous regions: 0->0
[2025-06-03T15:47:29.487+0530][212.249s] GC(931) Metaspace: 20477K(20928K)->20477K(20928K) NonClass: 17892K(18112K)->17892K(18112K) Class: 2585K(2816K)->2585K(2816K)
[2025-06-03T15:47:29.487+0530][212.249s] GC(931) Pause Young (Normal) (G1 Evacuation Pause) 315M->9M(512M) 1.378ms
[2025-06-03T15:47:29.487+0530][212.249s] GC(931) User=0.00s Sys=0.01s Real=0.00s
[2025-06-03T15:47:29.662+0530][212.424s] GC(932) Pause Young (Normal) (G1 Evacuation Pause)
[2025-06-03T15:47:29.662+0530][212.424s] GC(932) Using 8 workers of 8 for evacuation
[2025-06-03T15:47:29.663+0530][212.424s] GC(932) Skipped phase 1 of Reference Processing: no references
[2025-06-03T15:47:29.663+0530][212.425s] GC(932) Skipped phase 2 of Reference Processing: no references
[2025-06-03T15:47:29.663+0530][212.425s] GC(932) Skipped phase 3 of Reference Processing: no references
[2025-06-03T15:47:29.663+0530][212.425s] GC(932) Skipped phase 4 of Reference Processing: no references
[2025-06-03T15:47:29.663+0530][212.425s] GC(932)   Pre Evacuate Collection Set: 0.1ms
[2025-06-03T15:47:29.663+0530][212.425s] GC(932)   Merge Heap Roots: 0.1ms
[2025-06-03T15:47:29.663+0530][212.425s] GC(932)   Evacuate Collection Set: 0.3ms
[2025-06-03T15:47:29.664+0530][212.425s] GC(932)   Post Evacuate Collection Set: 0.5ms
[2025-06-03T15:47:29.664+0530][212.425s] GC(932)   Other: 0.2ms
[2025-06-03T15:47:29.664+0530][212.425s] GC(932) Eden regions: 306->0(306)
[2025-06-03T15:47:29.664+0530][212.425s] GC(932) Survivor regions: 1->1(39)
[2025-06-03T15:47:29.664+0530][212.425s] GC(932) Old regions: 9->9
[2025-06-03T15:47:29.664+0530][212.425s] GC(932) Archive regions: 2->2
[2025-06-03T15:47:29.664+0530][212.425s] GC(932) Humongous regions: 0->0
[2025-06-03T15:47:29.664+0530][212.425s] GC(932) Metaspace: 20477K(20928K)->20477K(20928K) NonClass: 17892K(18112K)->17892K(18112K) Class: 2585K(2816K)->2585K(2816K)
[2025-06-03T15:47:29.664+0530][212.425s] GC(932) Pause Young (Normal) (G1 Evacuation Pause) 315M->9M(512M) 1.356ms
[2025-06-03T15:47:29.664+0530][212.425s] GC(932) User=0.01s Sys=0.00s Real=0.00s
[2025-06-03T15:47:29.877+0530][212.638s] GC(933) Pause Young (Normal) (G1 Evacuation Pause)
[2025-06-03T15:47:29.877+0530][212.638s] GC(933) Using 8 workers of 8 for evacuation
[2025-06-03T15:47:29.877+0530][212.639s] GC(933) Skipped phase 1 of Reference Processing: no references
[2025-06-03T15:47:29.877+0530][212.639s] GC(933) Skipped phase 2 of Reference Processing: no references
[2025-06-03T15:47:29.877+0530][212.639s] GC(933) Skipped phase 3 of Reference Processing: no references
[2025-06-03T15:47:29.877+0530][212.639s] GC(933) Skipped phase 4 of Reference Processing: no references
[2025-06-03T15:47:29.878+0530][212.639s] GC(933)   Pre Evacuate Collection Set: 0.1ms
[2025-06-03T15:47:29.878+0530][212.639s] GC(933)   Merge Heap Roots: 0.1ms
[2025-06-03T15:47:29.878+0530][212.639s] GC(933)   Evacuate Collection Set: 0.3ms
[2025-06-03T15:47:29.878+0530][212.639s] GC(933)   Post Evacuate Collection Set: 0.4ms
[2025-06-03T15:47:29.878+0530][212.639s] GC(933)   Other: 0.2ms
[2025-06-03T15:47:29.878+0530][212.639s] GC(933) Eden regions: 306->0(306)
[2025-06-03T15:47:29.878+0530][212.639s] GC(933) Survivor regions: 1->1(39)
[2025-06-03T15:47:29.878+0530][212.639s] GC(933) Old regions: 9->9
[2025-06-03T15:47:29.878+0530][212.639s] GC(933) Archive regions: 2->2
[2025-06-03T15:47:29.878+0530][212.639s] GC(933) Humongous regions: 0->0
[2025-06-03T15:47:29.878+0530][212.639s] GC(933) Metaspace: 20477K(20928K)->20477K(20928K) NonClass: 17892K(18112K)->17892K(18112K) Class: 2585K(2816K)->2585K(2816K)
[2025-06-03T15:47:29.878+0530][212.639s] GC(933) Pause Young (Normal) (G1 Evacuation Pause) 315M->9M(512M) 1.336ms
[2025-06-03T15:47:29.878+0530][212.639s] GC(933) User=0.01s Sys=0.01s Real=0.00s
[2025-06-03T15:47:30.042+0530][212.804s] GC(934) Pause Young (Normal) (G1 Evacuation Pause)
[2025-06-03T15:47:30.042+0530][212.804s] GC(934) Using 8 workers of 8 for evacuation
[2025-06-03T15:47:30.043+0530][212.804s] GC(934) Skipped phase 1 of Reference Processing: no references
[2025-06-03T15:47:30.043+0530][212.804s] GC(934) Skipped phase 2 of Reference Processing: no references
[2025-06-03T15:47:30.043+0530][212.804s] GC(934) Skipped phase 3 of Reference Processing: no references
[2025-06-03T15:47:30.043+0530][212.804s] GC(934) Skipped phase 4 of Reference Processing: no references
[2025-06-03T15:47:30.043+0530][212.805s] GC(934)   Pre Evacuate Collection Set: 0.1ms
[2025-06-03T15:47:30.043+0530][212.805s] GC(934)   Merge Heap Roots: 0.1ms
[2025-06-03T15:47:30.043+0530][212.805s] GC(934)   Evacuate Collection Set: 0.3ms
[2025-06-03T15:47:30.043+0530][212.805s] GC(934)   Post Evacuate Collection Set: 0.5ms
[2025-06-03T15:47:30.043+0530][212.805s] GC(934)   Other: 0.2ms
[2025-06-03T15:47:30.043+0530][212.805s] GC(934) Eden regions: 306->0(306)
[2025-06-03T15:47:30.043+0530][212.805s] GC(934) Survivor regions: 1->1(39)
[2025-06-03T15:47:30.043+0530][212.805s] GC(934) Old regions: 9->9
[2025-06-03T15:47:30.043+0530][212.805s] GC(934) Archive regions: 2->2
[2025-06-03T15:47:30.043+0530][212.805s] GC(934) Humongous regions: 0->0
[2025-06-03T15:47:30.043+0530][212.805s] GC(934) Metaspace: 20477K(20928K)->20477K(20928K) NonClass: 17892K(18112K)->17892K(18112K) Class: 2585K(2816K)->2585K(2816K)
[2025-06-03T15:47:30.043+0530][212.805s] GC(934) Pause Young (Normal) (G1 Evacuation Pause) 315M->9M(512M) 1.313ms
[2025-06-03T15:47:30.043+0530][212.805s] GC(934) User=0.00s Sys=0.01s Real=0.00s
[2025-06-03T15:47:30.209+0530][212.970s] GC(935) Pause Young (Normal) (G1 Evacuation Pause)
[2025-06-03T15:47:30.209+0530][212.970s] GC(935) Using 8 workers of 8 for evacuation
[2025-06-03T15:47:30.209+0530][212.971s] GC(935) Skipped phase 1 of Reference Processing: no references
[2025-06-03T15:47:30.209+0530][212.971s] GC(935) Skipped phase 2 of Reference Processing: no references
[2025-06-03T15:47:30.209+0530][212.971s] GC(935) Skipped phase 3 of Reference Processing: no references
[2025-06-03T15:47:30.209+0530][212.971s] GC(935) Skipped phase 4 of Reference Processing: no references
[2025-06-03T15:47:30.210+0530][212.971s] GC(935)   Pre Evacuate Collection Set: 0.1ms
[2025-06-03T15:47:30.210+0530][212.972s] GC(935)   Merge Heap Roots: 0.1ms
[2025-06-03T15:47:30.210+0530][212.972s] GC(935)   Evacuate Collection Set: 0.3ms
[2025-06-03T15:47:30.210+0530][212.972s] GC(935)   Post Evacuate Collection Set: 0.6ms
[2025-06-03T15:47:30.210+0530][212.972s] GC(935)   Other: 0.2ms
[2025-06-03T15:47:30.210+0530][212.972s] GC(935) Eden regions: 306->0(306)
[2025-06-03T15:47:30.210+0530][212.972s] GC(935) Survivor regions: 1->1(39)
[2025-06-03T15:47:30.210+0530][212.972s] GC(935) Old regions: 9->9
[2025-06-03T15:47:30.210+0530][212.972s] GC(935) Archive regions: 2->2
[2025-06-03T15:47:30.210+0530][212.972s] GC(935) Humongous regions: 0->0
[2025-06-03T15:47:30.210+0530][212.972s] GC(935) Metaspace: 20477K(20928K)->20477K(20928K) NonClass: 17892K(18112K)->17892K(18112K) Class: 2585K(2816K)->2585K(2816K)
[2025-06-03T15:47:30.210+0530][212.972s] GC(935) Pause Young (Normal) (G1 Evacuation Pause) 315M->9M(512M) 1.619ms
[2025-06-03T15:47:30.210+0530][212.972s] GC(935) User=0.00s Sys=0.00s Real=0.01s
[2025-06-03T15:47:30.391+0530][213.153s] GC(936) Pause Young (Normal) (G1 Evacuation Pause)
[2025-06-03T15:47:30.391+0530][213.153s] GC(936) Using 8 workers of 8 for evacuation
[2025-06-03T15:47:30.392+0530][213.153s] GC(936) Skipped phase 1 of Reference Processing: no references
[2025-06-03T15:47:30.392+0530][213.154s] GC(936) Skipped phase 2 of Reference Processing: no references
[2025-06-03T15:47:30.392+0530][213.154s] GC(936) Skipped phase 3 of Reference Processing: no references
[2025-06-03T15:47:30.392+0530][213.154s] GC(936) Skipped phase 4 of Reference Processing: no references
[2025-06-03T15:47:30.393+0530][213.154s] GC(936)   Pre Evacuate Collection Set: 0.1ms
[2025-06-03T15:47:30.393+0530][213.154s] GC(936)   Merge Heap Roots: 0.1ms
[2025-06-03T15:47:30.393+0530][213.154s] GC(936)   Evacuate Collection Set: 0.3ms
[2025-06-03T15:47:30.393+0530][213.154s] GC(936)   Post Evacuate Collection Set: 0.5ms
[2025-06-03T15:47:30.393+0530][213.154s] GC(936)   Other: 0.3ms
[2025-06-03T15:47:30.393+0530][213.154s] GC(936) Eden regions: 306->0(306)
[2025-06-03T15:47:30.393+0530][213.154s] GC(936) Survivor regions: 1->1(39)
[2025-06-03T15:47:30.393+0530][213.154s] GC(936) Old regions: 9->9
[2025-06-03T15:47:30.393+0530][213.154s] GC(936) Archive regions: 2->2
[2025-06-03T15:47:30.393+0530][213.154s] GC(936) Humongous regions: 0->0
[2025-06-03T15:47:30.393+0530][213.154s] GC(936) Metaspace: 20477K(20928K)->20477K(20928K) NonClass: 17892K(18112K)->17892K(18112K) Class: 2585K(2816K)->2585K(2816K)
[2025-06-03T15:47:30.393+0530][213.155s] GC(936) Pause Young (Normal) (G1 Evacuation Pause) 315M->9M(512M) 1.791ms
[2025-06-03T15:47:30.393+0530][213.155s] GC(936) User=0.00s Sys=0.00s Real=0.00s
[2025-06-03T15:47:30.564+0530][213.326s] GC(937) Pause Young (Normal) (G1 Evacuation Pause)
[2025-06-03T15:47:30.565+0530][213.326s] GC(937) Using 8 workers of 8 for evacuation
[2025-06-03T15:47:30.565+0530][213.327s] GC(937) Skipped phase 1 of Reference Processing: no references
[2025-06-03T15:47:30.565+0530][213.327s] GC(937) Skipped phase 2 of Reference Processing: no references
[2025-06-03T15:47:30.565+0530][213.327s] GC(937) Skipped phase 3 of Reference Processing: no references
[2025-06-03T15:47:30.565+0530][213.327s] GC(937) Skipped phase 4 of Reference Processing: no references
[2025-06-03T15:47:30.566+0530][213.327s] GC(937)   Pre Evacuate Collection Set: 0.1ms
[2025-06-03T15:47:30.566+0530][213.327s] GC(937)   Merge Heap Roots: 0.1ms
[2025-06-03T15:47:30.566+0530][213.328s] GC(937)   Evacuate Collection Set: 0.3ms
[2025-06-03T15:47:30.566+0530][213.328s] GC(937)   Post Evacuate Collection Set: 0.7ms
[2025-06-03T15:47:30.566+0530][213.328s] GC(937)   Other: 0.3ms
[2025-06-03T15:47:30.566+0530][213.328s] GC(937) Eden regions: 306->0(306)
[2025-06-03T15:47:30.566+0530][213.328s] GC(937) Survivor regions: 1->1(39)
[2025-06-03T15:47:30.566+0530][213.328s] GC(937) Old regions: 9->9
[2025-06-03T15:47:30.566+0530][213.328s] GC(937) Archive regions: 2->2
[2025-06-03T15:47:30.566+0530][213.328s] GC(937) Humongous regions: 0->0
[2025-06-03T15:47:30.566+0530][213.328s] GC(937) Metaspace: 20477K(20928K)->20477K(20928K) NonClass: 17892K(18112K)->17892K(18112K) Class: 2585K(2816K)->2585K(2816K)
[2025-06-03T15:47:30.566+0530][213.328s] GC(937) Pause Young (Normal) (G1 Evacuation Pause) 315M->9M(512M) 1.737ms
[2025-06-03T15:47:30.566+0530][213.328s] GC(937) User=0.01s Sys=0.01s Real=0.00s
[2025-06-03T15:47:30.735+0530][213.496s] GC(938) Pause Young (Normal) (G1 Evacuation Pause)
[2025-06-03T15:47:30.735+0530][213.497s] GC(938) Using 8 workers of 8 for evacuation
[2025-06-03T15:47:30.736+0530][213.497s] GC(938) Skipped phase 1 of Reference Processing: no references
[2025-06-03T15:47:30.736+0530][213.497s] GC(938) Skipped phase 2 of Reference Processing: no references
[2025-06-03T15:47:30.736+0530][213.497s] GC(938) Skipped phase 3 of Reference Processing: no references
[2025-06-03T15:47:30.736+0530][213.497s] GC(938) Skipped phase 4 of Reference Processing: no references
[2025-06-03T15:47:30.737+0530][213.498s] GC(938)   Pre Evacuate Collection Set: 0.2ms
[2025-06-03T15:47:30.737+0530][213.498s] GC(938)   Merge Heap Roots: 0.1ms
[2025-06-03T15:47:30.737+0530][213.498s] GC(938)   Evacuate Collection Set: 0.4ms
[2025-06-03T15:47:30.737+0530][213.498s] GC(938)   Post Evacuate Collection Set: 0.7ms
[2025-06-03T15:47:30.737+0530][213.498s] GC(938)   Other: 0.3ms
[2025-06-03T15:47:30.737+0530][213.498s] GC(938) Eden regions: 306->0(306)
[2025-06-03T15:47:30.737+0530][213.498s] GC(938) Survivor regions: 1->1(39)
[2025-06-03T15:47:30.737+0530][213.498s] GC(938) Old regions: 9->9
[2025-06-03T15:47:30.737+0530][213.498s] GC(938) Archive regions: 2->2
[2025-06-03T15:47:30.737+0530][213.498s] GC(938) Humongous regions: 0->0
[2025-06-03T15:47:30.737+0530][213.498s] GC(938) Metaspace: 20477K(20928K)->20477K(20928K) NonClass: 17892K(18112K)->17892K(18112K) Class: 2585K(2816K)->2585K(2816K)
[2025-06-03T15:47:30.737+0530][213.498s] GC(938) Pause Young (Normal) (G1 Evacuation Pause) 315M->9M(512M) 2.008ms
[2025-06-03T15:47:30.737+0530][213.499s] GC(938) User=0.00s Sys=0.00s Real=0.00s
[2025-06-03T15:47:30.939+0530][213.701s] GC(939) Pause Young (Normal) (G1 Evacuation Pause)
[2025-06-03T15:47:30.940+0530][213.701s] GC(939) Using 8 workers of 8 for evacuation
[2025-06-03T15:47:30.940+0530][213.702s] GC(939) Skipped phase 1 of Reference Processing: no references
[2025-06-03T15:47:30.940+0530][213.702s] GC(939) Skipped phase 2 of Reference Processing: no references
[2025-06-03T15:47:30.940+0530][213.702s] GC(939) Skipped phase 3 of Reference Processing: no references
[2025-06-03T15:47:30.940+0530][213.702s] GC(939) Skipped phase 4 of Reference Processing: no references
[2025-06-03T15:47:30.941+0530][213.702s] GC(939)   Pre Evacuate Collection Set: 0.1ms
[2025-06-03T15:47:30.941+0530][213.702s] GC(939)   Merge Heap Roots: 0.1ms
[2025-06-03T15:47:30.941+0530][213.702s] GC(939)   Evacuate Collection Set: 0.3ms
[2025-06-03T15:47:30.941+0530][213.703s] GC(939)   Post Evacuate Collection Set: 0.7ms
[2025-06-03T15:47:30.941+0530][213.703s] GC(939)   Other: 0.2ms
[2025-06-03T15:47:30.941+0530][213.703s] GC(939) Eden regions: 306->0(306)
[2025-06-03T15:47:30.941+0530][213.703s] GC(939) Survivor regions: 1->1(39)
[2025-06-03T15:47:30.941+0530][213.703s] GC(939) Old regions: 9->9
[2025-06-03T15:47:30.941+0530][213.703s] GC(939) Archive regions: 2->2
[2025-06-03T15:47:30.941+0530][213.703s] GC(939) Humongous regions: 0->0
[2025-06-03T15:47:30.941+0530][213.703s] GC(939) Metaspace: 20477K(20928K)->20477K(20928K) NonClass: 17892K(18112K)->17892K(18112K) Class: 2585K(2816K)->2585K(2816K)
[2025-06-03T15:47:30.941+0530][213.703s] GC(939) Pause Young (Normal) (G1 Evacuation Pause) 315M->9M(512M) 1.735ms
[2025-06-03T15:47:30.941+0530][213.703s] GC(939) User=0.01s Sys=0.00s Real=0.01s
[2025-06-03T15:47:31.114+0530][213.876s] GC(940) Pause Young (Normal) (G1 Evacuation Pause)
[2025-06-03T15:47:31.114+0530][213.876s] GC(940) Using 8 workers of 8 for evacuation
[2025-06-03T15:47:31.115+0530][213.876s] GC(940) Skipped phase 1 of Reference Processing: no references
[2025-06-03T15:47:31.115+0530][213.876s] GC(940) Skipped phase 2 of Reference Processing: no references
[2025-06-03T15:47:31.115+0530][213.876s] GC(940) Skipped phase 3 of Reference Processing: no references
[2025-06-03T15:47:31.115+0530][213.876s] GC(940) Skipped phase 4 of Reference Processing: no references
[2025-06-03T15:47:31.115+0530][213.877s] GC(940)   Pre Evacuate Collection Set: 0.1ms
[2025-06-03T15:47:31.115+0530][213.877s] GC(940)   Merge Heap Roots: 0.2ms
[2025-06-03T15:47:31.115+0530][213.877s] GC(940)   Evacuate Collection Set: 0.3ms
[2025-06-03T15:47:31.115+0530][213.877s] GC(940)   Post Evacuate Collection Set: 0.5ms
[2025-06-03T15:47:31.115+0530][213.877s] GC(940)   Other: 0.2ms
[2025-06-03T15:47:31.115+0530][213.877s] GC(940) Eden regions: 306->0(306)
[2025-06-03T15:47:31.115+0530][213.877s] GC(940) Survivor regions: 1->1(39)
[2025-06-03T15:47:31.115+0530][213.877s] GC(940) Old regions: 9->9
[2025-06-03T15:47:31.115+0530][213.877s] GC(940) Archive regions: 2->2
[2025-06-03T15:47:31.115+0530][213.877s] GC(940) Humongous regions: 0->0
[2025-06-03T15:47:31.115+0530][213.877s] GC(940) Metaspace: 20477K(20928K)->20477K(20928K) NonClass: 17892K(18112K)->17892K(18112K) Class: 2585K(2816K)->2585K(2816K)
[2025-06-03T15:47:31.116+0530][213.877s] GC(940) Pause Young (Normal) (G1 Evacuation Pause) 315M->9M(512M) 1.441ms
[2025-06-03T15:47:31.116+0530][213.877s] GC(940) User=0.00s Sys=0.00s Real=0.00s
[2025-06-03T15:47:31.291+0530][214.052s] GC(941) Pause Young (Normal) (G1 Evacuation Pause)
[2025-06-03T15:47:31.291+0530][214.052s] GC(941) Using 8 workers of 8 for evacuation
[2025-06-03T15:47:31.291+0530][214.053s] GC(941) Skipped phase 1 of Reference Processing: no references
[2025-06-03T15:47:31.291+0530][214.053s] GC(941) Skipped phase 2 of Reference Processing: no references
[2025-06-03T15:47:31.291+0530][214.053s] GC(941) Skipped phase 3 of Reference Processing: no references
[2025-06-03T15:47:31.291+0530][214.053s] GC(941) Skipped phase 4 of Reference Processing: no references
[2025-06-03T15:47:31.292+0530][214.053s] GC(941)   Pre Evacuate Collection Set: 0.1ms
[2025-06-03T15:47:31.292+0530][214.053s] GC(941)   Merge Heap Roots: 0.1ms
[2025-06-03T15:47:31.292+0530][214.053s] GC(941)   Evacuate Collection Set: 0.2ms
[2025-06-03T15:47:31.292+0530][214.053s] GC(941)   Post Evacuate Collection Set: 0.5ms
[2025-06-03T15:47:31.292+0530][214.053s] GC(941)   Other: 0.2ms
[2025-06-03T15:47:31.292+0530][214.053s] GC(941) Eden regions: 306->0(306)
[2025-06-03T15:47:31.292+0530][214.054s] GC(941) Survivor regions: 1->1(39)
[2025-06-03T15:47:31.292+0530][214.054s] GC(941) Old regions: 9->9
[2025-06-03T15:47:31.292+0530][214.054s] GC(941) Archive regions: 2->2
[2025-06-03T15:47:31.292+0530][214.054s] GC(941) Humongous regions: 0->0
[2025-06-03T15:47:31.292+0530][214.054s] GC(941) Metaspace: 20477K(20928K)->20477K(20928K) NonClass: 17892K(18112K)->17892K(18112K) Class: 2585K(2816K)->2585K(2816K)
[2025-06-03T15:47:31.292+0530][214.054s] GC(941) Pause Young (Normal) (G1 Evacuation Pause) 315M->9M(512M) 1.283ms
[2025-06-03T15:47:31.292+0530][214.054s] GC(941) User=0.01s Sys=0.00s Real=0.00s
[2025-06-03T15:47:31.453+0530][214.215s] GC(942) Pause Young (Normal) (G1 Evacuation Pause)
[2025-06-03T15:47:31.453+0530][214.215s] GC(942) Using 8 workers of 8 for evacuation
[2025-06-03T15:47:31.454+0530][214.215s] GC(942) Skipped phase 1 of Reference Processing: no references
[2025-06-03T15:47:31.454+0530][214.215s] GC(942) Skipped phase 2 of Reference Processing: no references
[2025-06-03T15:47:31.454+0530][214.215s] GC(942) Skipped phase 3 of Reference Processing: no references
[2025-06-03T15:47:31.454+0530][214.215s] GC(942) Skipped phase 4 of Reference Processing: no references
[2025-06-03T15:47:31.454+0530][214.216s] GC(942)   Pre Evacuate Collection Set: 0.1ms
[2025-06-03T15:47:31.454+0530][214.216s] GC(942)   Merge Heap Roots: 0.1ms
[2025-06-03T15:47:31.454+0530][214.216s] GC(942)   Evacuate Collection Set: 0.3ms
[2025-06-03T15:47:31.454+0530][214.216s] GC(942)   Post Evacuate Collection Set: 0.5ms
[2025-06-03T15:47:31.454+0530][214.216s] GC(942)   Other: 0.2ms
[2025-06-03T15:47:31.454+0530][214.216s] GC(942) Eden regions: 306->0(306)
[2025-06-03T15:47:31.454+0530][214.216s] GC(942) Survivor regions: 1->1(39)
[2025-06-03T15:47:31.454+0530][214.216s] GC(942) Old regions: 9->9
[2025-06-03T15:47:31.454+0530][214.216s] GC(942) Archive regions: 2->2
[2025-06-03T15:47:31.454+0530][214.216s] GC(942) Humongous regions: 0->0
[2025-06-03T15:47:31.455+0530][214.216s] GC(942) Metaspace: 20477K(20928K)->20477K(20928K) NonClass: 17892K(18112K)->17892K(18112K) Class: 2585K(2816K)->2585K(2816K)
[2025-06-03T15:47:31.455+0530][214.216s] GC(942) Pause Young (Normal) (G1 Evacuation Pause) 315M->9M(512M) 1.373ms
[2025-06-03T15:47:31.455+0530][214.216s] GC(942) User=0.01s Sys=0.00s Real=0.00s
[2025-06-03T15:47:31.609+0530][214.370s] GC(943) Pause Young (Normal) (G1 Evacuation Pause)
[2025-06-03T15:47:31.609+0530][214.371s] GC(943) Using 8 workers of 8 for evacuation
[2025-06-03T15:47:31.610+0530][214.371s] GC(943) Skipped phase 1 of Reference Processing: no references
[2025-06-03T15:47:31.610+0530][214.371s] GC(943) Skipped phase 2 of Reference Processing: no references
[2025-06-03T15:47:31.610+0530][214.371s] GC(943) Skipped phase 3 of Reference Processing: no references
[2025-06-03T15:47:31.610+0530][214.371s] GC(943) Skipped phase 4 of Reference Processing: no references
[2025-06-03T15:47:31.610+0530][214.372s] GC(943)   Pre Evacuate Collection Set: 0.1ms
[2025-06-03T15:47:31.610+0530][214.372s] GC(943)   Merge Heap Roots: 0.1ms
[2025-06-03T15:47:31.610+0530][214.372s] GC(943)   Evacuate Collection Set: 0.3ms
[2025-06-03T15:47:31.610+0530][214.372s] GC(943)   Post Evacuate Collection Set: 0.7ms
[2025-06-03T15:47:31.610+0530][214.372s] GC(943)   Other: 0.3ms
[2025-06-03T15:47:31.610+0530][214.372s] GC(943) Eden regions: 306->0(306)
[2025-06-03T15:47:31.610+0530][214.372s] GC(943) Survivor regions: 1->1(39)
[2025-06-03T15:47:31.610+0530][214.372s] GC(943) Old regions: 9->9
[2025-06-03T15:47:31.610+0530][214.372s] GC(943) Archive regions: 2->2
[2025-06-03T15:47:31.610+0530][214.372s] GC(943) Humongous regions: 0->0
[2025-06-03T15:47:31.610+0530][214.372s] GC(943) Metaspace: 20477K(20928K)->20477K(20928K) NonClass: 17892K(18112K)->17892K(18112K) Class: 2585K(2816K)->2585K(2816K)
[2025-06-03T15:47:31.610+0530][214.372s] GC(943) Pause Young (Normal) (G1 Evacuation Pause) 315M->9M(512M) 1.555ms
[2025-06-03T15:47:31.610+0530][214.372s] GC(943) User=0.00s Sys=0.01s Real=0.01s
[2025-06-03T15:47:31.773+0530][214.535s] GC(944) Pause Young (Normal) (G1 Evacuation Pause)
[2025-06-03T15:47:31.773+0530][214.535s] GC(944) Using 8 workers of 8 for evacuation
[2025-06-03T15:47:31.774+0530][214.535s] GC(944) Skipped phase 1 of Reference Processing: no references
[2025-06-03T15:47:31.774+0530][214.535s] GC(944) Skipped phase 2 of Reference Processing: no references
[2025-06-03T15:47:31.774+0530][214.535s] GC(944) Skipped phase 3 of Reference Processing: no references
[2025-06-03T15:47:31.774+0530][214.535s] GC(944) Skipped phase 4 of Reference Processing: no references
[2025-06-03T15:47:31.774+0530][214.536s] GC(944)   Pre Evacuate Collection Set: 0.1ms
[2025-06-03T15:47:31.775+0530][214.536s] GC(944)   Merge Heap Roots: 0.1ms
[2025-06-03T15:47:31.775+0530][214.536s] GC(944)   Evacuate Collection Set: 0.3ms
[2025-06-03T15:47:31.775+0530][214.536s] GC(944)   Post Evacuate Collection Set: 0.6ms
[2025-06-03T15:47:31.775+0530][214.536s] GC(944)   Other: 0.3ms
[2025-06-03T15:47:31.775+0530][214.536s] GC(944) Eden regions: 306->0(306)
[2025-06-03T15:47:31.775+0530][214.536s] GC(944) Survivor regions: 1->1(39)
[2025-06-03T15:47:31.775+0530][214.536s] GC(944) Old regions: 9->9
[2025-06-03T15:47:31.775+0530][214.536s] GC(944) Archive regions: 2->2
[2025-06-03T15:47:31.775+0530][214.536s] GC(944) Humongous regions: 0->0
[2025-06-03T15:47:31.775+0530][214.536s] GC(944) Metaspace: 20477K(20928K)->20477K(20928K) NonClass: 17892K(18112K)->17892K(18112K) Class: 2585K(2816K)->2585K(2816K)
[2025-06-03T15:47:31.775+0530][214.536s] GC(944) Pause Young (Normal) (G1 Evacuation Pause) 315M->9M(512M) 1.767ms
[2025-06-03T15:47:31.775+0530][214.536s] GC(944) User=0.01s Sys=0.00s Real=0.00s
[2025-06-03T15:47:32.055+0530][214.817s] GC(945) Pause Young (Normal) (G1 Evacuation Pause)
[2025-06-03T15:47:32.056+0530][214.817s] GC(945) Using 8 workers of 8 for evacuation
[2025-06-03T15:47:32.056+0530][214.818s] GC(945) Skipped phase 1 of Reference Processing: no references
[2025-06-03T15:47:32.056+0530][214.818s] GC(945) Skipped phase 2 of Reference Processing: no references
[2025-06-03T15:47:32.056+0530][214.818s] GC(945) Skipped phase 3 of Reference Processing: no references
[2025-06-03T15:47:32.056+0530][214.818s] GC(945) Skipped phase 4 of Reference Processing: no references
[2025-06-03T15:47:32.057+0530][214.818s] GC(945)   Pre Evacuate Collection Set: 0.1ms
[2025-06-03T15:47:32.057+0530][214.818s] GC(945)   Merge Heap Roots: 0.1ms
[2025-06-03T15:47:32.057+0530][214.818s] GC(945)   Evacuate Collection Set: 0.4ms
[2025-06-03T15:47:32.057+0530][214.818s] GC(945)   Post Evacuate Collection Set: 0.6ms
[2025-06-03T15:47:32.057+0530][214.819s] GC(945)   Other: 0.2ms
[2025-06-03T15:47:32.057+0530][214.819s] GC(945) Eden regions: 306->0(306)
[2025-06-03T15:47:32.057+0530][214.819s] GC(945) Survivor regions: 1->1(39)
[2025-06-03T15:47:32.057+0530][214.819s] GC(945) Old regions: 9->9
[2025-06-03T15:47:32.057+0530][214.819s] GC(945) Archive regions: 2->2
[2025-06-03T15:47:32.057+0530][214.819s] GC(945) Humongous regions: 0->0
[2025-06-03T15:47:32.057+0530][214.819s] GC(945) Metaspace: 20477K(20928K)->20477K(20928K) NonClass: 17892K(18112K)->17892K(18112K) Class: 2585K(2816K)->2585K(2816K)
[2025-06-03T15:47:32.057+0530][214.819s] GC(945) Pause Young (Normal) (G1 Evacuation Pause) 315M->9M(512M) 1.835ms
[2025-06-03T15:47:32.057+0530][214.819s] GC(945) User=0.00s Sys=0.00s Real=0.00s
[2025-06-03T15:47:32.274+0530][215.036s] GC(946) Pause Young (Normal) (G1 Evacuation Pause)
[2025-06-03T15:47:32.274+0530][215.036s] GC(946) Using 8 workers of 8 for evacuation
[2025-06-03T15:47:32.275+0530][215.036s] GC(946) Skipped phase 1 of Reference Processing: no references
[2025-06-03T15:47:32.275+0530][215.037s] GC(946) Skipped phase 2 of Reference Processing: no references
[2025-06-03T15:47:32.275+0530][215.037s] GC(946) Skipped phase 3 of Reference Processing: no references
[2025-06-03T15:47:32.275+0530][215.037s] GC(946) Skipped phase 4 of Reference Processing: no references
[2025-06-03T15:47:32.276+0530][215.037s] GC(946)   Pre Evacuate Collection Set: 0.1ms
[2025-06-03T15:47:32.276+0530][215.037s] GC(946)   Merge Heap Roots: 0.1ms
[2025-06-03T15:47:32.276+0530][215.037s] GC(946)   Evacuate Collection Set: 0.2ms
[2025-06-03T15:47:32.276+0530][215.037s] GC(946)   Post Evacuate Collection Set: 0.9ms
[2025-06-03T15:47:32.276+0530][215.038s] GC(946)   Other: 0.3ms
[2025-06-03T15:47:32.276+0530][215.038s] GC(946) Eden regions: 306->0(306)
[2025-06-03T15:47:32.276+0530][215.038s] GC(946) Survivor regions: 1->1(39)
[2025-06-03T15:47:32.276+0530][215.038s] GC(946) Old regions: 9->9
[2025-06-03T15:47:32.276+0530][215.038s] GC(946) Archive regions: 2->2
[2025-06-03T15:47:32.276+0530][215.038s] GC(946) Humongous regions: 0->0
[2025-06-03T15:47:32.276+0530][215.038s] GC(946) Metaspace: 20477K(20928K)->20477K(20928K) NonClass: 17892K(18112K)->17892K(18112K) Class: 2585K(2816K)->2585K(2816K)
[2025-06-03T15:47:32.276+0530][215.038s] GC(946) Pause Young (Normal) (G1 Evacuation Pause) 315M->9M(512M) 1.959ms
[2025-06-03T15:47:32.276+0530][215.038s] GC(946) User=0.00s Sys=0.00s Real=0.00s
[2025-06-03T15:47:32.447+0530][215.209s] GC(947) Pause Young (Normal) (G1 Evacuation Pause)
[2025-06-03T15:47:32.447+0530][215.209s] GC(947) Using 8 workers of 8 for evacuation
[2025-06-03T15:47:32.448+0530][215.209s] GC(947) Skipped phase 1 of Reference Processing: no references
[2025-06-03T15:47:32.448+0530][215.209s] GC(947) Skipped phase 2 of Reference Processing: no references
[2025-06-03T15:47:32.448+0530][215.209s] GC(947) Skipped phase 3 of Reference Processing: no references
[2025-06-03T15:47:32.448+0530][215.209s] GC(947) Skipped phase 4 of Reference Processing: no references
[2025-06-03T15:47:32.448+0530][215.210s] GC(947)   Pre Evacuate Collection Set: 0.1ms
[2025-06-03T15:47:32.448+0530][215.210s] GC(947)   Merge Heap Roots: 0.1ms
[2025-06-03T15:47:32.448+0530][215.210s] GC(947)   Evacuate Collection Set: 0.3ms
[2025-06-03T15:47:32.448+0530][215.210s] GC(947)   Post Evacuate Collection Set: 0.7ms
[2025-06-03T15:47:32.448+0530][215.210s] GC(947)   Other: 0.2ms
[2025-06-03T15:47:32.449+0530][215.210s] GC(947) Eden regions: 306->0(306)
[2025-06-03T15:47:32.449+0530][215.210s] GC(947) Survivor regions: 1->1(39)
[2025-06-03T15:47:32.449+0530][215.210s] GC(947) Old regions: 9->9
[2025-06-03T15:47:32.449+0530][215.210s] GC(947) Archive regions: 2->2
[2025-06-03T15:47:32.449+0530][215.210s] GC(947) Humongous regions: 0->0
[2025-06-03T15:47:32.449+0530][215.210s] GC(947) Metaspace: 20477K(20928K)->20477K(20928K) NonClass: 17892K(18112K)->17892K(18112K) Class: 2585K(2816K)->2585K(2816K)
[2025-06-03T15:47:32.449+0530][215.210s] GC(947) Pause Young (Normal) (G1 Evacuation Pause) 315M->9M(512M) 1.512ms
[2025-06-03T15:47:32.449+0530][215.210s] GC(947) User=0.00s Sys=0.00s Real=0.00s
[2025-06-03T15:47:32.602+0530][215.364s] GC(948) Pause Young (Normal) (G1 Evacuation Pause)
[2025-06-03T15:47:32.602+0530][215.364s] GC(948) Using 8 workers of 8 for evacuation
[2025-06-03T15:47:32.603+0530][215.364s] GC(948) Skipped phase 1 of Reference Processing: no references
[2025-06-03T15:47:32.603+0530][215.364s] GC(948) Skipped phase 2 of Reference Processing: no references
[2025-06-03T15:47:32.603+0530][215.364s] GC(948) Skipped phase 3 of Reference Processing: no references
[2025-06-03T15:47:32.603+0530][215.364s] GC(948) Skipped phase 4 of Reference Processing: no references
[2025-06-03T15:47:32.603+0530][215.365s] GC(948)   Pre Evacuate Collection Set: 0.1ms
[2025-06-03T15:47:32.603+0530][215.365s] GC(948)   Merge Heap Roots: 0.1ms
[2025-06-03T15:47:32.603+0530][215.365s] GC(948)   Evacuate Collection Set: 0.2ms
[2025-06-03T15:47:32.603+0530][215.365s] GC(948)   Post Evacuate Collection Set: 0.5ms
[2025-06-03T15:47:32.603+0530][215.365s] GC(948)   Other: 0.2ms
[2025-06-03T15:47:32.603+0530][215.365s] GC(948) Eden regions: 306->0(306)
[2025-06-03T15:47:32.603+0530][215.365s] GC(948) Survivor regions: 1->1(39)
[2025-06-03T15:47:32.603+0530][215.365s] GC(948) Old regions: 9->9
[2025-06-03T15:47:32.603+0530][215.365s] GC(948) Archive regions: 2->2
[2025-06-03T15:47:32.603+0530][215.365s] GC(948) Humongous regions: 0->0
[2025-06-03T15:47:32.603+0530][215.365s] GC(948) Metaspace: 20477K(20928K)->20477K(20928K) NonClass: 17892K(18112K)->17892K(18112K) Class: 2585K(2816K)->2585K(2816K)
[2025-06-03T15:47:32.603+0530][215.365s] GC(948) Pause Young (Normal) (G1 Evacuation Pause) 315M->9M(512M) 1.192ms
[2025-06-03T15:47:32.603+0530][215.365s] GC(948) User=0.00s Sys=0.01s Real=0.00s
[2025-06-03T15:47:32.754+0530][215.516s] GC(949) Pause Young (Normal) (G1 Evacuation Pause)
[2025-06-03T15:47:32.755+0530][215.516s] GC(949) Using 8 workers of 8 for evacuation
[2025-06-03T15:47:32.755+0530][215.517s] GC(949) Skipped phase 1 of Reference Processing: no references
[2025-06-03T15:47:32.755+0530][215.517s] GC(949) Skipped phase 2 of Reference Processing: no references
[2025-06-03T15:47:32.755+0530][215.517s] GC(949) Skipped phase 3 of Reference Processing: no references
[2025-06-03T15:47:32.755+0530][215.517s] GC(949) Skipped phase 4 of Reference Processing: no references
[2025-06-03T15:47:32.756+0530][215.517s] GC(949)   Pre Evacuate Collection Set: 0.1ms
[2025-06-03T15:47:32.756+0530][215.517s] GC(949)   Merge Heap Roots: 0.1ms
[2025-06-03T15:47:32.756+0530][215.517s] GC(949)   Evacuate Collection Set: 0.2ms
[2025-06-03T15:47:32.756+0530][215.517s] GC(949)   Post Evacuate Collection Set: 0.6ms
[2025-06-03T15:47:32.756+0530][215.517s] GC(949)   Other: 0.2ms
[2025-06-03T15:47:32.756+0530][215.517s] GC(949) Eden regions: 306->0(306)
[2025-06-03T15:47:32.756+0530][215.517s] GC(949) Survivor regions: 1->1(39)
[2025-06-03T15:47:32.756+0530][215.517s] GC(949) Old regions: 9->9
[2025-06-03T15:47:32.756+0530][215.517s] GC(949) Archive regions: 2->2
[2025-06-03T15:47:32.756+0530][215.517s] GC(949) Humongous regions: 0->0
[2025-06-03T15:47:32.756+0530][215.517s] GC(949) Metaspace: 20477K(20928K)->20477K(20928K) NonClass: 17892K(18112K)->17892K(18112K) Class: 2585K(2816K)->2585K(2816K)
[2025-06-03T15:47:32.756+0530][215.517s] GC(949) Pause Young (Normal) (G1 Evacuation Pause) 315M->9M(512M) 1.360ms
[2025-06-03T15:47:32.756+0530][215.518s] GC(949) User=0.00s Sys=0.00s Real=0.00s
[2025-06-03T15:47:32.906+0530][215.667s] GC(950) Pause Young (Normal) (G1 Evacuation Pause)
[2025-06-03T15:47:32.906+0530][215.667s] GC(950) Using 8 workers of 8 for evacuation
[2025-06-03T15:47:32.906+0530][215.668s] GC(950) Skipped phase 1 of Reference Processing: no references
[2025-06-03T15:47:32.906+0530][215.668s] GC(950) Skipped phase 2 of Reference Processing: no references
[2025-06-03T15:47:32.906+0530][215.668s] GC(950) Skipped phase 3 of Reference Processing: no references
[2025-06-03T15:47:32.906+0530][215.668s] GC(950) Skipped phase 4 of Reference Processing: no references
[2025-06-03T15:47:32.907+0530][215.668s] GC(950)   Pre Evacuate Collection Set: 0.1ms
[2025-06-03T15:47:32.907+0530][215.669s] GC(950)   Merge Heap Roots: 0.1ms
[2025-06-03T15:47:32.907+0530][215.669s] GC(950)   Evacuate Collection Set: 0.3ms
[2025-06-03T15:47:32.907+0530][215.669s] GC(950)   Post Evacuate Collection Set: 0.5ms
[2025-06-03T15:47:32.907+0530][215.669s] GC(950)   Other: 0.2ms
[2025-06-03T15:47:32.907+0530][215.669s] GC(950) Eden regions: 306->0(306)
[2025-06-03T15:47:32.907+0530][215.669s] GC(950) Survivor regions: 1->1(39)
[2025-06-03T15:47:32.907+0530][215.669s] GC(950) Old regions: 9->9
[2025-06-03T15:47:32.907+0530][215.669s] GC(950) Archive regions: 2->2
[2025-06-03T15:47:32.907+0530][215.669s] GC(950) Humongous regions: 0->0
[2025-06-03T15:47:32.907+0530][215.669s] GC(950) Metaspace: 20477K(20928K)->20477K(20928K) NonClass: 17892K(18112K)->17892K(18112K) Class: 2585K(2816K)->2585K(2816K)
[2025-06-03T15:47:32.907+0530][215.669s] GC(950) Pause Young (Normal) (G1 Evacuation Pause) 315M->9M(512M) 1.539ms
[2025-06-03T15:47:32.907+0530][215.669s] GC(950) User=0.00s Sys=0.00s Real=0.00s
[2025-06-03T15:47:33.059+0530][215.820s] GC(951) Pause Young (Normal) (G1 Evacuation Pause)
[2025-06-03T15:47:33.059+0530][215.820s] GC(951) Using 8 workers of 8 for evacuation
[2025-06-03T15:47:33.059+0530][215.821s] GC(951) Skipped phase 1 of Reference Processing: no references
[2025-06-03T15:47:33.059+0530][215.821s] GC(951) Skipped phase 2 of Reference Processing: no references
[2025-06-03T15:47:33.059+0530][215.821s] GC(951) Skipped phase 3 of Reference Processing: no references
[2025-06-03T15:47:33.059+0530][215.821s] GC(951) Skipped phase 4 of Reference Processing: no references
[2025-06-03T15:47:33.060+0530][215.821s] GC(951)   Pre Evacuate Collection Set: 0.1ms
[2025-06-03T15:47:33.060+0530][215.821s] GC(951)   Merge Heap Roots: 0.1ms
[2025-06-03T15:47:33.060+0530][215.821s] GC(951)   Evacuate Collection Set: 0.2ms
[2025-06-03T15:47:33.060+0530][215.821s] GC(951)   Post Evacuate Collection Set: 0.5ms
[2025-06-03T15:47:33.060+0530][215.821s] GC(951)   Other: 0.2ms
[2025-06-03T15:47:33.060+0530][215.821s] GC(951) Eden regions: 306->0(306)
[2025-06-03T15:47:33.060+0530][215.821s] GC(951) Survivor regions: 1->1(39)
[2025-06-03T15:47:33.060+0530][215.821s] GC(951) Old regions: 9->9
[2025-06-03T15:47:33.060+0530][215.821s] GC(951) Archive regions: 2->2
[2025-06-03T15:47:33.060+0530][215.821s] GC(951) Humongous regions: 0->0
[2025-06-03T15:47:33.060+0530][215.822s] GC(951) Metaspace: 20477K(20928K)->20477K(20928K) NonClass: 17892K(18112K)->17892K(18112K) Class: 2585K(2816K)->2585K(2816K)
[2025-06-03T15:47:33.060+0530][215.822s] GC(951) Pause Young (Normal) (G1 Evacuation Pause) 315M->9M(512M) 1.292ms
[2025-06-03T15:47:33.060+0530][215.822s] GC(951) User=0.00s Sys=0.01s Real=0.01s
[2025-06-03T15:47:33.216+0530][215.978s] GC(952) Pause Young (Normal) (G1 Evacuation Pause)
[2025-06-03T15:47:33.216+0530][215.978s] GC(952) Using 8 workers of 8 for evacuation
[2025-06-03T15:47:33.217+0530][215.979s] GC(952) Skipped phase 1 of Reference Processing: no references
[2025-06-03T15:47:33.217+0530][215.979s] GC(952) Skipped phase 2 of Reference Processing: no references
[2025-06-03T15:47:33.217+0530][215.979s] GC(952) Skipped phase 3 of Reference Processing: no references
[2025-06-03T15:47:33.217+0530][215.979s] GC(952) Skipped phase 4 of Reference Processing: no references
[2025-06-03T15:47:33.217+0530][215.979s] GC(952)   Pre Evacuate Collection Set: 0.1ms
[2025-06-03T15:47:33.217+0530][215.979s] GC(952)   Merge Heap Roots: 0.1ms
[2025-06-03T15:47:33.218+0530][215.979s] GC(952)   Evacuate Collection Set: 0.3ms
[2025-06-03T15:47:33.218+0530][215.979s] GC(952)   Post Evacuate Collection Set: 0.5ms
[2025-06-03T15:47:33.218+0530][215.979s] GC(952)   Other: 0.1ms
[2025-06-03T15:47:33.218+0530][215.979s] GC(952) Eden regions: 306->0(306)
[2025-06-03T15:47:33.218+0530][215.979s] GC(952) Survivor regions: 1->1(39)
[2025-06-03T15:47:33.218+0530][215.979s] GC(952) Old regions: 9->9
[2025-06-03T15:47:33.218+0530][215.979s] GC(952) Archive regions: 2->2
[2025-06-03T15:47:33.218+0530][215.979s] GC(952) Humongous regions: 0->0
[2025-06-03T15:47:33.218+0530][215.979s] GC(952) Metaspace: 20477K(20928K)->20477K(20928K) NonClass: 17892K(18112K)->17892K(18112K) Class: 2585K(2816K)->2585K(2816K)
[2025-06-03T15:47:33.218+0530][215.979s] GC(952) Pause Young (Normal) (G1 Evacuation Pause) 315M->9M(512M) 1.377ms
[2025-06-03T15:47:33.218+0530][215.979s] GC(952) User=0.00s Sys=0.00s Real=0.00s
[2025-06-03T15:47:33.376+0530][216.137s] GC(953) Pause Young (Normal) (G1 Evacuation Pause)
[2025-06-03T15:47:33.376+0530][216.137s] GC(953) Using 8 workers of 8 for evacuation
[2025-06-03T15:47:33.376+0530][216.138s] GC(953) Skipped phase 1 of Reference Processing: no references
[2025-06-03T15:47:33.376+0530][216.138s] GC(953) Skipped phase 2 of Reference Processing: no references
[2025-06-03T15:47:33.376+0530][216.138s] GC(953) Skipped phase 3 of Reference Processing: no references
[2025-06-03T15:47:33.376+0530][216.138s] GC(953) Skipped phase 4 of Reference Processing: no references
[2025-06-03T15:47:33.377+0530][216.138s] GC(953)   Pre Evacuate Collection Set: 0.1ms
[2025-06-03T15:47:33.377+0530][216.138s] GC(953)   Merge Heap Roots: 0.1ms
[2025-06-03T15:47:33.377+0530][216.138s] GC(953)   Evacuate Collection Set: 0.2ms
[2025-06-03T15:47:33.377+0530][216.138s] GC(953)   Post Evacuate Collection Set: 0.5ms
[2025-06-03T15:47:33.377+0530][216.138s] GC(953)   Other: 0.2ms
[2025-06-03T15:47:33.377+0530][216.138s] GC(953) Eden regions: 306->0(306)
[2025-06-03T15:47:33.377+0530][216.138s] GC(953) Survivor regions: 1->1(39)
[2025-06-03T15:47:33.377+0530][216.138s] GC(953) Old regions: 9->9
[2025-06-03T15:47:33.377+0530][216.138s] GC(953) Archive regions: 2->2
[2025-06-03T15:47:33.377+0530][216.138s] GC(953) Humongous regions: 0->0
[2025-06-03T15:47:33.377+0530][216.138s] GC(953) Metaspace: 20477K(20928K)->20477K(20928K) NonClass: 17892K(18112K)->17892K(18112K) Class: 2585K(2816K)->2585K(2816K)
[2025-06-03T15:47:33.377+0530][216.138s] GC(953) Pause Young (Normal) (G1 Evacuation Pause) 315M->9M(512M) 1.269ms
[2025-06-03T15:47:33.377+0530][216.139s] GC(953) User=0.00s Sys=0.00s Real=0.00s
[2025-06-03T15:47:33.527+0530][216.289s] GC(954) Pause Young (Normal) (G1 Evacuation Pause)
[2025-06-03T15:47:33.527+0530][216.289s] GC(954) Using 8 workers of 8 for evacuation
[2025-06-03T15:47:33.528+0530][216.289s] GC(954) Skipped phase 1 of Reference Processing: no references
[2025-06-03T15:47:33.528+0530][216.289s] GC(954) Skipped phase 2 of Reference Processing: no references
[2025-06-03T15:47:33.528+0530][216.289s] GC(954) Skipped phase 3 of Reference Processing: no references
[2025-06-03T15:47:33.528+0530][216.289s] GC(954) Skipped phase 4 of Reference Processing: no references
[2025-06-03T15:47:33.528+0530][216.290s] GC(954)   Pre Evacuate Collection Set: 0.1ms
[2025-06-03T15:47:33.528+0530][216.290s] GC(954)   Merge Heap Roots: 0.1ms
[2025-06-03T15:47:33.528+0530][216.290s] GC(954)   Evacuate Collection Set: 0.3ms
[2025-06-03T15:47:33.528+0530][216.290s] GC(954)   Post Evacuate Collection Set: 0.5ms
[2025-06-03T15:47:33.528+0530][216.290s] GC(954)   Other: 0.2ms
[2025-06-03T15:47:33.528+0530][216.290s] GC(954) Eden regions: 306->0(306)
[2025-06-03T15:47:33.528+0530][216.290s] GC(954) Survivor regions: 1->1(39)
[2025-06-03T15:47:33.528+0530][216.290s] GC(954) Old regions: 9->9
[2025-06-03T15:47:33.528+0530][216.290s] GC(954) Archive regions: 2->2
[2025-06-03T15:47:33.528+0530][216.290s] GC(954) Humongous regions: 0->0
[2025-06-03T15:47:33.528+0530][216.290s] GC(954) Metaspace: 20477K(20928K)->20477K(20928K) NonClass: 17892K(18112K)->17892K(18112K) Class: 2585K(2816K)->2585K(2816K)
[2025-06-03T15:47:33.528+0530][216.290s] GC(954) Pause Young (Normal) (G1 Evacuation Pause) 315M->9M(512M) 1.506ms
[2025-06-03T15:47:33.529+0530][216.290s] GC(954) User=0.00s Sys=0.00s Real=0.00s
[2025-06-03T15:47:33.682+0530][216.444s] GC(955) Pause Young (Normal) (G1 Evacuation Pause)
[2025-06-03T15:47:33.683+0530][216.444s] GC(955) Using 8 workers of 8 for evacuation
[2025-06-03T15:47:33.683+0530][216.445s] GC(955) Skipped phase 1 of Reference Processing: no references
[2025-06-03T15:47:33.683+0530][216.445s] GC(955) Skipped phase 2 of Reference Processing: no references
[2025-06-03T15:47:33.683+0530][216.445s] GC(955) Skipped phase 3 of Reference Processing: no references
[2025-06-03T15:47:33.683+0530][216.445s] GC(955) Skipped phase 4 of Reference Processing: no references
[2025-06-03T15:47:33.684+0530][216.445s] GC(955)   Pre Evacuate Collection Set: 0.1ms
[2025-06-03T15:47:33.684+0530][216.445s] GC(955)   Merge Heap Roots: 0.1ms
[2025-06-03T15:47:33.684+0530][216.445s] GC(955)   Evacuate Collection Set: 0.3ms
[2025-06-03T15:47:33.684+0530][216.445s] GC(955)   Post Evacuate Collection Set: 0.5ms
[2025-06-03T15:47:33.684+0530][216.445s] GC(955)   Other: 0.2ms
[2025-06-03T15:47:33.684+0530][216.445s] GC(955) Eden regions: 306->0(306)
[2025-06-03T15:47:33.684+0530][216.445s] GC(955) Survivor regions: 1->1(39)
[2025-06-03T15:47:33.684+0530][216.445s] GC(955) Old regions: 9->9
[2025-06-03T15:47:33.684+0530][216.445s] GC(955) Archive regions: 2->2
[2025-06-03T15:47:33.684+0530][216.445s] GC(955) Humongous regions: 0->0
[2025-06-03T15:47:33.684+0530][216.445s] GC(955) Metaspace: 20477K(20928K)->20477K(20928K) NonClass: 17892K(18112K)->17892K(18112K) Class: 2585K(2816K)->2585K(2816K)
[2025-06-03T15:47:33.684+0530][216.445s] GC(955) Pause Young (Normal) (G1 Evacuation Pause) 315M->9M(512M) 1.378ms
[2025-06-03T15:47:33.684+0530][216.445s] GC(955) User=0.00s Sys=0.00s Real=0.00s
[2025-06-03T15:47:33.834+0530][216.596s] GC(956) Pause Young (Normal) (G1 Evacuation Pause)
[2025-06-03T15:47:33.834+0530][216.596s] GC(956) Using 8 workers of 8 for evacuation
[2025-06-03T15:47:33.835+0530][216.596s] GC(956) Skipped phase 1 of Reference Processing: no references
[2025-06-03T15:47:33.835+0530][216.596s] GC(956) Skipped phase 2 of Reference Processing: no references
[2025-06-03T15:47:33.835+0530][216.596s] GC(956) Skipped phase 3 of Reference Processing: no references
[2025-06-03T15:47:33.835+0530][216.596s] GC(956) Skipped phase 4 of Reference Processing: no references
[2025-06-03T15:47:33.835+0530][216.597s] GC(956)   Pre Evacuate Collection Set: 0.1ms
[2025-06-03T15:47:33.835+0530][216.597s] GC(956)   Merge Heap Roots: 0.1ms
[2025-06-03T15:47:33.835+0530][216.597s] GC(956)   Evacuate Collection Set: 0.3ms
[2025-06-03T15:47:33.835+0530][216.597s] GC(956)   Post Evacuate Collection Set: 0.5ms
[2025-06-03T15:47:33.835+0530][216.597s] GC(956)   Other: 0.2ms
[2025-06-03T15:47:33.835+0530][216.597s] GC(956) Eden regions: 306->0(306)
[2025-06-03T15:47:33.835+0530][216.597s] GC(956) Survivor regions: 1->1(39)
[2025-06-03T15:47:33.836+0530][216.597s] GC(956) Old regions: 9->9
[2025-06-03T15:47:33.836+0530][216.597s] GC(956) Archive regions: 2->2
[2025-06-03T15:47:33.836+0530][216.597s] GC(956) Humongous regions: 0->0
[2025-06-03T15:47:33.836+0530][216.597s] GC(956) Metaspace: 20477K(20928K)->20477K(20928K) NonClass: 17892K(18112K)->17892K(18112K) Class: 2585K(2816K)->2585K(2816K)
[2025-06-03T15:47:33.836+0530][216.597s] GC(956) Pause Young (Normal) (G1 Evacuation Pause) 315M->9M(512M) 1.509ms
[2025-06-03T15:47:33.836+0530][216.597s] GC(956) User=0.00s Sys=0.00s Real=0.00s
[2025-06-03T15:47:33.988+0530][216.750s] GC(957) Pause Young (Normal) (G1 Evacuation Pause)
[2025-06-03T15:47:33.989+0530][216.750s] GC(957) Using 8 workers of 8 for evacuation
[2025-06-03T15:47:33.989+0530][216.751s] GC(957) Skipped phase 1 of Reference Processing: no references
[2025-06-03T15:47:33.989+0530][216.751s] GC(957) Skipped phase 2 of Reference Processing: no references
[2025-06-03T15:47:33.989+0530][216.751s] GC(957) Skipped phase 3 of Reference Processing: no references
[2025-06-03T15:47:33.989+0530][216.751s] GC(957) Skipped phase 4 of Reference Processing: no references
[2025-06-03T15:47:33.990+0530][216.751s] GC(957)   Pre Evacuate Collection Set: 0.1ms
[2025-06-03T15:47:33.990+0530][216.751s] GC(957)   Merge Heap Roots: 0.1ms
[2025-06-03T15:47:33.990+0530][216.751s] GC(957)   Evacuate Collection Set: 0.3ms
[2025-06-03T15:47:33.990+0530][216.751s] GC(957)   Post Evacuate Collection Set: 0.5ms
[2025-06-03T15:47:33.990+0530][216.751s] GC(957)   Other: 0.2ms
[2025-06-03T15:47:33.990+0530][216.751s] GC(957) Eden regions: 306->0(306)
[2025-06-03T15:47:33.990+0530][216.751s] GC(957) Survivor regions: 1->1(39)
[2025-06-03T15:47:33.990+0530][216.751s] GC(957) Old regions: 9->9
[2025-06-03T15:47:33.990+0530][216.751s] GC(957) Archive regions: 2->2
[2025-06-03T15:47:33.990+0530][216.751s] GC(957) Humongous regions: 0->0
[2025-06-03T15:47:33.990+0530][216.751s] GC(957) Metaspace: 20477K(20928K)->20477K(20928K) NonClass: 17892K(18112K)->17892K(18112K) Class: 2585K(2816K)->2585K(2816K)
[2025-06-03T15:47:33.990+0530][216.752s] GC(957) Pause Young (Normal) (G1 Evacuation Pause) 315M->9M(512M) 1.459ms
[2025-06-03T15:47:33.990+0530][216.752s] GC(957) User=0.00s Sys=0.00s Real=0.01s
[2025-06-03T15:47:34.156+0530][216.917s] GC(958) Pause Young (Normal) (G1 Evacuation Pause)
[2025-06-03T15:47:34.156+0530][216.917s] GC(958) Using 8 workers of 8 for evacuation
[2025-06-03T15:47:34.156+0530][216.918s] GC(958) Skipped phase 1 of Reference Processing: no references
[2025-06-03T15:47:34.156+0530][216.918s] GC(958) Skipped phase 2 of Reference Processing: no references
[2025-06-03T15:47:34.156+0530][216.918s] GC(958) Skipped phase 3 of Reference Processing: no references
[2025-06-03T15:47:34.156+0530][216.918s] GC(958) Skipped phase 4 of Reference Processing: no references
[2025-06-03T15:47:34.157+0530][216.918s] GC(958)   Pre Evacuate Collection Set: 0.1ms
[2025-06-03T15:47:34.157+0530][216.918s] GC(958)   Merge Heap Roots: 0.1ms
[2025-06-03T15:47:34.157+0530][216.918s] GC(958)   Evacuate Collection Set: 0.3ms
[2025-06-03T15:47:34.157+0530][216.918s] GC(958)   Post Evacuate Collection Set: 0.5ms
[2025-06-03T15:47:34.157+0530][216.918s] GC(958)   Other: 0.2ms
[2025-06-03T15:47:34.157+0530][216.918s] GC(958) Eden regions: 306->0(306)
[2025-06-03T15:47:34.157+0530][216.918s] GC(958) Survivor regions: 1->1(39)
[2025-06-03T15:47:34.157+0530][216.918s] GC(958) Old regions: 9->9
[2025-06-03T15:47:34.157+0530][216.918s] GC(958) Archive regions: 2->2
[2025-06-03T15:47:34.157+0530][216.918s] GC(958) Humongous regions: 0->0
[2025-06-03T15:47:34.157+0530][216.918s] GC(958) Metaspace: 20477K(20928K)->20477K(20928K) NonClass: 17892K(18112K)->17892K(18112K) Class: 2585K(2816K)->2585K(2816K)
[2025-06-03T15:47:34.157+0530][216.918s] GC(958) Pause Young (Normal) (G1 Evacuation Pause) 315M->9M(512M) 1.326ms
[2025-06-03T15:47:34.157+0530][216.919s] GC(958) User=0.01s Sys=0.00s Real=0.00s
[2025-06-03T15:47:34.326+0530][217.087s] GC(959) Pause Young (Normal) (G1 Evacuation Pause)
[2025-06-03T15:47:34.326+0530][217.087s] GC(959) Using 8 workers of 8 for evacuation
[2025-06-03T15:47:34.326+0530][217.088s] GC(959) Skipped phase 1 of Reference Processing: no references
[2025-06-03T15:47:34.326+0530][217.088s] GC(959) Skipped phase 2 of Reference Processing: no references
[2025-06-03T15:47:34.326+0530][217.088s] GC(959) Skipped phase 3 of Reference Processing: no references
[2025-06-03T15:47:34.326+0530][217.088s] GC(959) Skipped phase 4 of Reference Processing: no references
[2025-06-03T15:47:34.327+0530][217.088s] GC(959)   Pre Evacuate Collection Set: 0.1ms
[2025-06-03T15:47:34.327+0530][217.088s] GC(959)   Merge Heap Roots: 0.1ms
[2025-06-03T15:47:34.327+0530][217.088s] GC(959)   Evacuate Collection Set: 0.2ms
[2025-06-03T15:47:34.327+0530][217.088s] GC(959)   Post Evacuate Collection Set: 0.5ms
[2025-06-03T15:47:34.327+0530][217.088s] GC(959)   Other: 0.2ms
[2025-06-03T15:47:34.327+0530][217.088s] GC(959) Eden regions: 306->0(306)
[2025-06-03T15:47:34.327+0530][217.088s] GC(959) Survivor regions: 1->1(39)
[2025-06-03T15:47:34.327+0530][217.088s] GC(959) Old regions: 9->9
[2025-06-03T15:47:34.327+0530][217.088s] GC(959) Archive regions: 2->2
[2025-06-03T15:47:34.327+0530][217.089s] GC(959) Humongous regions: 0->0
[2025-06-03T15:47:34.327+0530][217.089s] GC(959) Metaspace: 20477K(20928K)->20477K(20928K) NonClass: 17892K(18112K)->17892K(18112K) Class: 2585K(2816K)->2585K(2816K)
[2025-06-03T15:47:34.327+0530][217.089s] GC(959) Pause Young (Normal) (G1 Evacuation Pause) 315M->9M(512M) 1.346ms
[2025-06-03T15:47:34.327+0530][217.089s] GC(959) User=0.01s Sys=0.00s Real=0.00s
[2025-06-03T15:47:34.630+0530][217.392s] GC(960) Pause Young (Normal) (G1 Evacuation Pause)
[2025-06-03T15:47:34.630+0530][217.392s] GC(960) Using 8 workers of 8 for evacuation
[2025-06-03T15:47:34.631+0530][217.393s] GC(960) Skipped phase 1 of Reference Processing: no references
[2025-06-03T15:47:34.631+0530][217.393s] GC(960) Skipped phase 2 of Reference Processing: no references
[2025-06-03T15:47:34.631+0530][217.393s] GC(960) Skipped phase 3 of Reference Processing: no references
[2025-06-03T15:47:34.631+0530][217.393s] GC(960) Skipped phase 4 of Reference Processing: no references
[2025-06-03T15:47:34.633+0530][217.394s] GC(960)   Pre Evacuate Collection Set: 0.3ms
[2025-06-03T15:47:34.633+0530][217.394s] GC(960)   Merge Heap Roots: 0.1ms
[2025-06-03T15:47:34.633+0530][217.394s] GC(960)   Evacuate Collection Set: 0.6ms
[2025-06-03T15:47:34.633+0530][217.394s] GC(960)   Post Evacuate Collection Set: 1.5ms
[2025-06-03T15:47:34.633+0530][217.395s] GC(960)   Other: 0.2ms
[2025-06-03T15:47:34.633+0530][217.395s] GC(960) Eden regions: 306->0(306)
[2025-06-03T15:47:34.637+0530][217.399s] GC(960) Survivor regions: 1->1(39)
[2025-06-03T15:47:34.638+0530][217.399s] GC(960) Old regions: 9->9
[2025-06-03T15:47:34.638+0530][217.399s] GC(960) Archive regions: 2->2
[2025-06-03T15:47:34.638+0530][217.399s] GC(960) Humongous regions: 0->0
[2025-06-03T15:47:34.640+0530][217.401s] GC(960) Metaspace: 20477K(20928K)->20477K(20928K) NonClass: 17892K(18112K)->17892K(18112K) Class: 2585K(2816K)->2585K(2816K)
[2025-06-03T15:47:34.640+0530][217.402s] GC(960) Pause Young (Normal) (G1 Evacuation Pause) 315M->9M(512M) 10.016ms
[2025-06-03T15:47:34.640+0530][217.402s] GC(960) User=0.00s Sys=0.01s Real=0.01s
[2025-06-03T15:47:34.993+0530][217.755s] GC(961) Pause Young (Normal) (G1 Evacuation Pause)
[2025-06-03T15:47:34.993+0530][217.755s] GC(961) Using 8 workers of 8 for evacuation
[2025-06-03T15:47:34.994+0530][217.755s] GC(961) Skipped phase 1 of Reference Processing: no references
[2025-06-03T15:47:34.994+0530][217.756s] GC(961) Skipped phase 2 of Reference Processing: no references
[2025-06-03T15:47:34.994+0530][217.756s] GC(961) Skipped phase 3 of Reference Processing: no references
[2025-06-03T15:47:34.994+0530][217.756s] GC(961) Skipped phase 4 of Reference Processing: no references
[2025-06-03T15:47:34.995+0530][217.756s] GC(961)   Pre Evacuate Collection Set: 0.1ms
[2025-06-03T15:47:34.995+0530][217.756s] GC(961)   Merge Heap Roots: 0.1ms
[2025-06-03T15:47:34.995+0530][217.756s] GC(961)   Evacuate Collection Set: 0.4ms
[2025-06-03T15:47:34.995+0530][217.756s] GC(961)   Post Evacuate Collection Set: 0.7ms
[2025-06-03T15:47:34.995+0530][217.756s] GC(961)   Other: 0.2ms
[2025-06-03T15:47:34.995+0530][217.756s] GC(961) Eden regions: 306->0(306)
[2025-06-03T15:47:34.995+0530][217.756s] GC(961) Survivor regions: 1->1(39)
[2025-06-03T15:47:34.995+0530][217.757s] GC(961) Old regions: 9->9
[2025-06-03T15:47:34.995+0530][217.757s] GC(961) Archive regions: 2->2
[2025-06-03T15:47:34.995+0530][217.757s] GC(961) Humongous regions: 0->0
[2025-06-03T15:47:34.995+0530][217.757s] GC(961) Metaspace: 20477K(20928K)->20477K(20928K) NonClass: 17892K(18112K)->17892K(18112K) Class: 2585K(2816K)->2585K(2816K)
[2025-06-03T15:47:34.995+0530][217.757s] GC(961) Pause Young (Normal) (G1 Evacuation Pause) 315M->9M(512M) 2.040ms
[2025-06-03T15:47:34.995+0530][217.757s] GC(961) User=0.01s Sys=0.00s Real=0.00s
[2025-06-03T15:47:35.356+0530][218.118s] GC(962) Pause Young (Normal) (G1 Evacuation Pause)
[2025-06-03T15:47:35.356+0530][218.118s] GC(962) Using 8 workers of 8 for evacuation
[2025-06-03T15:47:35.357+0530][218.118s] GC(962) Skipped phase 1 of Reference Processing: no references
[2025-06-03T15:47:35.357+0530][218.119s] GC(962) Skipped phase 2 of Reference Processing: no references
[2025-06-03T15:47:35.357+0530][218.119s] GC(962) Skipped phase 3 of Reference Processing: no references
[2025-06-03T15:47:35.357+0530][218.119s] GC(962) Skipped phase 4 of Reference Processing: no references
[2025-06-03T15:47:35.357+0530][218.119s] GC(962)   Pre Evacuate Collection Set: 0.1ms
[2025-06-03T15:47:35.358+0530][218.119s] GC(962)   Merge Heap Roots: 0.1ms
[2025-06-03T15:47:35.358+0530][218.119s] GC(962)   Evacuate Collection Set: 0.4ms
[2025-06-03T15:47:35.358+0530][218.119s] GC(962)   Post Evacuate Collection Set: 0.6ms
[2025-06-03T15:47:35.358+0530][218.119s] GC(962)   Other: 0.2ms
[2025-06-03T15:47:35.358+0530][218.119s] GC(962) Eden regions: 306->0(306)
[2025-06-03T15:47:35.358+0530][218.119s] GC(962) Survivor regions: 1->1(39)
[2025-06-03T15:47:35.358+0530][218.119s] GC(962) Old regions: 9->9
[2025-06-03T15:47:35.358+0530][218.119s] GC(962) Archive regions: 2->2
[2025-06-03T15:47:35.358+0530][218.119s] GC(962) Humongous regions: 0->0
[2025-06-03T15:47:35.358+0530][218.119s] GC(962) Metaspace: 20477K(20928K)->20477K(20928K) NonClass: 17892K(18112K)->17892K(18112K) Class: 2585K(2816K)->2585K(2816K)
[2025-06-03T15:47:35.358+0530][218.119s] GC(962) Pause Young (Normal) (G1 Evacuation Pause) 315M->9M(512M) 1.655ms
[2025-06-03T15:47:35.358+0530][218.119s] GC(962) User=0.00s Sys=0.00s Real=0.00s
[2025-06-03T15:47:35.747+0530][218.509s] GC(963) Pause Young (Normal) (G1 Evacuation Pause)
[2025-06-03T15:47:35.747+0530][218.509s] GC(963) Using 8 workers of 8 for evacuation
[2025-06-03T15:47:35.748+0530][218.510s] GC(963) Skipped phase 1 of Reference Processing: no references
[2025-06-03T15:47:35.748+0530][218.510s] GC(963) Skipped phase 2 of Reference Processing: no references
[2025-06-03T15:47:35.748+0530][218.510s] GC(963) Skipped phase 3 of Reference Processing: no references
[2025-06-03T15:47:35.748+0530][218.510s] GC(963) Skipped phase 4 of Reference Processing: no references
[2025-06-03T15:47:35.749+0530][218.510s] GC(963)   Pre Evacuate Collection Set: 0.2ms
[2025-06-03T15:47:35.749+0530][218.510s] GC(963)   Merge Heap Roots: 0.1ms
[2025-06-03T15:47:35.749+0530][218.510s] GC(963)   Evacuate Collection Set: 0.2ms
[2025-06-03T15:47:35.749+0530][218.510s] GC(963)   Post Evacuate Collection Set: 0.5ms
[2025-06-03T15:47:35.749+0530][218.510s] GC(963)   Other: 0.3ms
[2025-06-03T15:47:35.749+0530][218.510s] GC(963) Eden regions: 306->0(306)
[2025-06-03T15:47:35.749+0530][218.510s] GC(963) Survivor regions: 1->1(39)
[2025-06-03T15:47:35.749+0530][218.510s] GC(963) Old regions: 9->9
[2025-06-03T15:47:35.749+0530][218.510s] GC(963) Archive regions: 2->2
[2025-06-03T15:47:35.749+0530][218.510s] GC(963) Humongous regions: 0->0
[2025-06-03T15:47:35.749+0530][218.510s] GC(963) Metaspace: 20477K(20928K)->20477K(20928K) NonClass: 17892K(18112K)->17892K(18112K) Class: 2585K(2816K)->2585K(2816K)
[2025-06-03T15:47:35.749+0530][218.511s] GC(963) Pause Young (Normal) (G1 Evacuation Pause) 315M->9M(512M) 1.481ms
[2025-06-03T15:47:35.749+0530][218.511s] GC(963) User=0.00s Sys=0.00s Real=0.00s
[2025-06-03T15:47:35.993+0530][218.754s] GC(964) Pause Young (Normal) (G1 Evacuation Pause)
[2025-06-03T15:47:35.993+0530][218.755s] GC(964) Using 8 workers of 8 for evacuation
[2025-06-03T15:47:35.994+0530][218.755s] GC(964) Skipped phase 1 of Reference Processing: no references
[2025-06-03T15:47:35.994+0530][218.755s] GC(964) Skipped phase 2 of Reference Processing: no references
[2025-06-03T15:47:35.994+0530][218.755s] GC(964) Skipped phase 3 of Reference Processing: no references
[2025-06-03T15:47:35.994+0530][218.755s] GC(964) Skipped phase 4 of Reference Processing: no references
[2025-06-03T15:47:35.994+0530][218.756s] GC(964)   Pre Evacuate Collection Set: 0.2ms
[2025-06-03T15:47:35.994+0530][218.756s] GC(964)   Merge Heap Roots: 0.1ms
[2025-06-03T15:47:35.994+0530][218.756s] GC(964)   Evacuate Collection Set: 0.3ms
[2025-06-03T15:47:35.994+0530][218.756s] GC(964)   Post Evacuate Collection Set: 0.5ms
[2025-06-03T15:47:35.994+0530][218.756s] GC(964)   Other: 0.3ms
[2025-06-03T15:47:35.994+0530][218.756s] GC(964) Eden regions: 306->0(306)
[2025-06-03T15:47:35.994+0530][218.756s] GC(964) Survivor regions: 1->1(39)
[2025-06-03T15:47:35.994+0530][218.756s] GC(964) Old regions: 9->9
[2025-06-03T15:47:35.994+0530][218.756s] GC(964) Archive regions: 2->2
[2025-06-03T15:47:35.994+0530][218.756s] GC(964) Humongous regions: 0->0
[2025-06-03T15:47:35.994+0530][218.756s] GC(964) Metaspace: 20477K(20928K)->20477K(20928K) NonClass: 17892K(18112K)->17892K(18112K) Class: 2585K(2816K)->2585K(2816K)
[2025-06-03T15:47:35.994+0530][218.756s] GC(964) Pause Young (Normal) (G1 Evacuation Pause) 315M->9M(512M) 1.716ms
[2025-06-03T15:47:35.995+0530][218.756s] GC(964) User=0.00s Sys=0.00s Real=0.00s
[2025-06-03T15:47:36.230+0530][218.992s] GC(965) Pause Young (Normal) (G1 Evacuation Pause)
[2025-06-03T15:47:36.230+0530][218.992s] GC(965) Using 8 workers of 8 for evacuation
[2025-06-03T15:47:36.234+0530][218.995s] GC(965) Skipped phase 1 of Reference Processing: no references
[2025-06-03T15:47:36.234+0530][218.995s] GC(965) Skipped phase 2 of Reference Processing: no references
[2025-06-03T15:47:36.234+0530][218.995s] GC(965) Skipped phase 3 of Reference Processing: no references
[2025-06-03T15:47:36.234+0530][218.995s] GC(965) Skipped phase 4 of Reference Processing: no references
[2025-06-03T15:47:36.234+0530][218.996s] GC(965)   Pre Evacuate Collection Set: 0.1ms
[2025-06-03T15:47:36.234+0530][218.996s] GC(965)   Merge Heap Roots: 0.2ms
[2025-06-03T15:47:36.234+0530][218.996s] GC(965)   Evacuate Collection Set: 3.1ms
[2025-06-03T15:47:36.234+0530][218.996s] GC(965)   Post Evacuate Collection Set: 0.6ms
[2025-06-03T15:47:36.234+0530][218.996s] GC(965)   Other: 0.2ms
[2025-06-03T15:47:36.234+0530][218.996s] GC(965) Eden regions: 306->0(306)
[2025-06-03T15:47:36.234+0530][218.996s] GC(965) Survivor regions: 1->1(39)
[2025-06-03T15:47:36.234+0530][218.996s] GC(965) Old regions: 9->9
[2025-06-03T15:47:36.234+0530][218.996s] GC(965) Archive regions: 2->2
[2025-06-03T15:47:36.234+0530][218.996s] GC(965) Humongous regions: 0->0
[2025-06-03T15:47:36.234+0530][218.996s] GC(965) Metaspace: 20477K(20928K)->20477K(20928K) NonClass: 17892K(18112K)->17892K(18112K) Class: 2585K(2816K)->2585K(2816K)
[2025-06-03T15:47:36.234+0530][218.996s] GC(965) Pause Young (Normal) (G1 Evacuation Pause) 315M->9M(512M) 4.475ms
[2025-06-03T15:47:36.234+0530][218.996s] GC(965) User=0.00s Sys=0.00s Real=0.00s
[2025-06-03T15:47:36.477+0530][219.239s] GC(966) Pause Young (Normal) (G1 Evacuation Pause)
[2025-06-03T15:47:36.477+0530][219.239s] GC(966) Using 8 workers of 8 for evacuation
[2025-06-03T15:47:36.478+0530][219.239s] GC(966) Skipped phase 1 of Reference Processing: no references
[2025-06-03T15:47:36.478+0530][219.240s] GC(966) Skipped phase 2 of Reference Processing: no references
[2025-06-03T15:47:36.478+0530][219.240s] GC(966) Skipped phase 3 of Reference Processing: no references
[2025-06-03T15:47:36.478+0530][219.240s] GC(966) Skipped phase 4 of Reference Processing: no references
[2025-06-03T15:47:36.478+0530][219.240s] GC(966)   Pre Evacuate Collection Set: 0.1ms
[2025-06-03T15:47:36.478+0530][219.240s] GC(966)   Merge Heap Roots: 0.1ms
[2025-06-03T15:47:36.478+0530][219.240s] GC(966)   Evacuate Collection Set: 0.3ms
[2025-06-03T15:47:36.478+0530][219.240s] GC(966)   Post Evacuate Collection Set: 0.6ms
[2025-06-03T15:47:36.478+0530][219.240s] GC(966)   Other: 0.2ms
[2025-06-03T15:47:36.479+0530][219.240s] GC(966) Eden regions: 306->0(306)
[2025-06-03T15:47:36.479+0530][219.240s] GC(966) Survivor regions: 1->1(39)
[2025-06-03T15:47:36.479+0530][219.240s] GC(966) Old regions: 9->9
[2025-06-03T15:47:36.479+0530][219.240s] GC(966) Archive regions: 2->2
[2025-06-03T15:47:36.479+0530][219.240s] GC(966) Humongous regions: 0->0
[2025-06-03T15:47:36.479+0530][219.240s] GC(966) Metaspace: 20477K(20928K)->20477K(20928K) NonClass: 17892K(18112K)->17892K(18112K) Class: 2585K(2816K)->2585K(2816K)
[2025-06-03T15:47:36.479+0530][219.240s] GC(966) Pause Young (Normal) (G1 Evacuation Pause) 315M->9M(512M) 1.520ms
[2025-06-03T15:47:36.479+0530][219.240s] GC(966) User=0.01s Sys=0.00s Real=0.00s
[2025-06-03T15:47:36.650+0530][219.412s] GC(967) Pause Young (Normal) (G1 Evacuation Pause)
[2025-06-03T15:47:36.650+0530][219.412s] GC(967) Using 8 workers of 8 for evacuation
[2025-06-03T15:47:36.651+0530][219.412s] GC(967) Skipped phase 1 of Reference Processing: no references
[2025-06-03T15:47:36.651+0530][219.412s] GC(967) Skipped phase 2 of Reference Processing: no references
[2025-06-03T15:47:36.651+0530][219.413s] GC(967) Skipped phase 3 of Reference Processing: no references
[2025-06-03T15:47:36.651+0530][219.413s] GC(967) Skipped phase 4 of Reference Processing: no references
[2025-06-03T15:47:36.651+0530][219.413s] GC(967)   Pre Evacuate Collection Set: 0.1ms
[2025-06-03T15:47:36.651+0530][219.413s] GC(967)   Merge Heap Roots: 0.1ms
[2025-06-03T15:47:36.651+0530][219.413s] GC(967)   Evacuate Collection Set: 0.2ms
[2025-06-03T15:47:36.651+0530][219.413s] GC(967)   Post Evacuate Collection Set: 0.6ms
[2025-06-03T15:47:36.651+0530][219.413s] GC(967)   Other: 0.2ms
[2025-06-03T15:47:36.651+0530][219.413s] GC(967) Eden regions: 306->0(306)
[2025-06-03T15:47:36.651+0530][219.413s] GC(967) Survivor regions: 1->1(39)
[2025-06-03T15:47:36.651+0530][219.413s] GC(967) Old regions: 9->9
[2025-06-03T15:47:36.651+0530][219.413s] GC(967) Archive regions: 2->2
[2025-06-03T15:47:36.651+0530][219.413s] GC(967) Humongous regions: 0->0
[2025-06-03T15:47:36.651+0530][219.413s] GC(967) Metaspace: 20477K(20928K)->20477K(20928K) NonClass: 17892K(18112K)->17892K(18112K) Class: 2585K(2816K)->2585K(2816K)
[2025-06-03T15:47:36.651+0530][219.413s] GC(967) Pause Young (Normal) (G1 Evacuation Pause) 315M->9M(512M) 1.381ms
[2025-06-03T15:47:36.652+0530][219.413s] GC(967) User=0.00s Sys=0.00s Real=0.00s
[2025-06-03T15:47:36.820+0530][219.582s] GC(968) Pause Young (Normal) (G1 Evacuation Pause)
[2025-06-03T15:47:36.820+0530][219.582s] GC(968) Using 8 workers of 8 for evacuation
[2025-06-03T15:47:36.821+0530][219.583s] GC(968) Skipped phase 1 of Reference Processing: no references
[2025-06-03T15:47:36.821+0530][219.583s] GC(968) Skipped phase 2 of Reference Processing: no references
[2025-06-03T15:47:36.821+0530][219.583s] GC(968) Skipped phase 3 of Reference Processing: no references
[2025-06-03T15:47:36.821+0530][219.583s] GC(968) Skipped phase 4 of Reference Processing: no references
[2025-06-03T15:47:36.822+0530][219.583s] GC(968)   Pre Evacuate Collection Set: 0.2ms
[2025-06-03T15:47:36.822+0530][219.583s] GC(968)   Merge Heap Roots: 0.1ms
[2025-06-03T15:47:36.822+0530][219.584s] GC(968)   Evacuate Collection Set: 0.5ms
[2025-06-03T15:47:36.822+0530][219.584s] GC(968)   Post Evacuate Collection Set: 0.8ms
[2025-06-03T15:47:36.822+0530][219.584s] GC(968)   Other: 0.4ms
[2025-06-03T15:47:36.822+0530][219.584s] GC(968) Eden regions: 306->0(306)
[2025-06-03T15:47:36.822+0530][219.584s] GC(968) Survivor regions: 1->1(39)
[2025-06-03T15:47:36.822+0530][219.584s] GC(968) Old regions: 9->9
[2025-06-03T15:47:36.822+0530][219.584s] GC(968) Archive regions: 2->2
[2025-06-03T15:47:36.822+0530][219.584s] GC(968) Humongous regions: 0->0
[2025-06-03T15:47:36.822+0530][219.584s] GC(968) Metaspace: 20477K(20928K)->20477K(20928K) NonClass: 17892K(18112K)->17892K(18112K) Class: 2585K(2816K)->2585K(2816K)
[2025-06-03T15:47:36.822+0530][219.584s] GC(968) Pause Young (Normal) (G1 Evacuation Pause) 315M->9M(512M) 2.223ms
[2025-06-03T15:47:36.822+0530][219.584s] GC(968) User=0.00s Sys=0.01s Real=0.00s
[2025-06-03T15:47:36.991+0530][219.753s] GC(969) Pause Young (Normal) (G1 Evacuation Pause)
[2025-06-03T15:47:36.991+0530][219.753s] GC(969) Using 8 workers of 8 for evacuation
[2025-06-03T15:47:36.992+0530][219.753s] GC(969) Skipped phase 1 of Reference Processing: no references
[2025-06-03T15:47:36.992+0530][219.754s] GC(969) Skipped phase 2 of Reference Processing: no references
[2025-06-03T15:47:36.992+0530][219.754s] GC(969) Skipped phase 3 of Reference Processing: no references
[2025-06-03T15:47:36.992+0530][219.754s] GC(969) Skipped phase 4 of Reference Processing: no references
[2025-06-03T15:47:36.992+0530][219.754s] GC(969)   Pre Evacuate Collection Set: 0.1ms
[2025-06-03T15:47:36.992+0530][219.754s] GC(969)   Merge Heap Roots: 0.1ms
[2025-06-03T15:47:36.992+0530][219.754s] GC(969)   Evacuate Collection Set: 0.3ms
[2025-06-03T15:47:36.992+0530][219.754s] GC(969)   Post Evacuate Collection Set: 0.5ms
[2025-06-03T15:47:36.992+0530][219.754s] GC(969)   Other: 0.2ms
[2025-06-03T15:47:36.993+0530][219.754s] GC(969) Eden regions: 306->0(306)
[2025-06-03T15:47:36.993+0530][219.754s] GC(969) Survivor regions: 1->1(39)
[2025-06-03T15:47:36.993+0530][219.754s] GC(969) Old regions: 9->9
[2025-06-03T15:47:36.993+0530][219.754s] GC(969) Archive regions: 2->2
[2025-06-03T15:47:36.993+0530][219.754s] GC(969) Humongous regions: 0->0
[2025-06-03T15:47:36.993+0530][219.754s] GC(969) Metaspace: 20477K(20928K)->20477K(20928K) NonClass: 17892K(18112K)->17892K(18112K) Class: 2585K(2816K)->2585K(2816K)
[2025-06-03T15:47:36.993+0530][219.754s] GC(969) Pause Young (Normal) (G1 Evacuation Pause) 315M->9M(512M) 1.368ms
[2025-06-03T15:47:36.993+0530][219.754s] GC(969) User=0.00s Sys=0.00s Real=0.00s
[2025-06-03T15:47:37.179+0530][219.941s] GC(970) Pause Young (Normal) (G1 Evacuation Pause)
[2025-06-03T15:47:37.179+0530][219.941s] GC(970) Using 8 workers of 8 for evacuation
[2025-06-03T15:47:37.180+0530][219.941s] GC(970) Skipped phase 1 of Reference Processing: no references
[2025-06-03T15:47:37.180+0530][219.942s] GC(970) Skipped phase 2 of Reference Processing: no references
[2025-06-03T15:47:37.180+0530][219.942s] GC(970) Skipped phase 3 of Reference Processing: no references
[2025-06-03T15:47:37.180+0530][219.942s] GC(970) Skipped phase 4 of Reference Processing: no references
[2025-06-03T15:47:37.180+0530][219.942s] GC(970)   Pre Evacuate Collection Set: 0.1ms
[2025-06-03T15:47:37.180+0530][219.942s] GC(970)   Merge Heap Roots: 0.1ms
[2025-06-03T15:47:37.180+0530][219.942s] GC(970)   Evacuate Collection Set: 0.3ms
[2025-06-03T15:47:37.180+0530][219.942s] GC(970)   Post Evacuate Collection Set: 0.5ms
[2025-06-03T15:47:37.180+0530][219.942s] GC(970)   Other: 0.2ms
[2025-06-03T15:47:37.180+0530][219.942s] GC(970) Eden regions: 306->0(306)
[2025-06-03T15:47:37.180+0530][219.942s] GC(970) Survivor regions: 1->1(39)
[2025-06-03T15:47:37.180+0530][219.942s] GC(970) Old regions: 9->9
[2025-06-03T15:47:37.180+0530][219.942s] GC(970) Archive regions: 2->2
[2025-06-03T15:47:37.180+0530][219.942s] GC(970) Humongous regions: 0->0
[2025-06-03T15:47:37.180+0530][219.942s] GC(970) Metaspace: 20481K(20928K)->20481K(20928K) NonClass: 17896K(18112K)->17896K(18112K) Class: 2585K(2816K)->2585K(2816K)
[2025-06-03T15:47:37.180+0530][219.942s] GC(970) Pause Young (Normal) (G1 Evacuation Pause) 315M->9M(512M) 1.364ms
[2025-06-03T15:47:37.181+0530][219.942s] GC(970) User=0.00s Sys=0.00s Real=0.01s
[2025-06-03T15:47:37.387+0530][220.149s] GC(971) Pause Young (Normal) (G1 Evacuation Pause)
[2025-06-03T15:47:37.387+0530][220.149s] GC(971) Using 8 workers of 8 for evacuation
[2025-06-03T15:47:37.388+0530][220.150s] GC(971) Skipped phase 1 of Reference Processing: no references
[2025-06-03T15:47:37.388+0530][220.150s] GC(971) Skipped phase 2 of Reference Processing: no references
[2025-06-03T15:47:37.388+0530][220.150s] GC(971) Skipped phase 3 of Reference Processing: no references
[2025-06-03T15:47:37.388+0530][220.150s] GC(971) Skipped phase 4 of Reference Processing: no references
[2025-06-03T15:47:37.388+0530][220.150s] GC(971)   Pre Evacuate Collection Set: 0.1ms
[2025-06-03T15:47:37.388+0530][220.150s] GC(971)   Merge Heap Roots: 0.1ms
[2025-06-03T15:47:37.388+0530][220.150s] GC(971)   Evacuate Collection Set: 0.3ms
[2025-06-03T15:47:37.388+0530][220.150s] GC(971)   Post Evacuate Collection Set: 0.5ms
[2025-06-03T15:47:37.388+0530][220.150s] GC(971)   Other: 0.2ms
[2025-06-03T15:47:37.388+0530][220.150s] GC(971) Eden regions: 306->0(306)
[2025-06-03T15:47:37.388+0530][220.150s] GC(971) Survivor regions: 1->1(39)
[2025-06-03T15:47:37.388+0530][220.150s] GC(971) Old regions: 9->9
[2025-06-03T15:47:37.388+0530][220.150s] GC(971) Archive regions: 2->2
[2025-06-03T15:47:37.389+0530][220.150s] GC(971) Humongous regions: 0->0
[2025-06-03T15:47:37.389+0530][220.150s] GC(971) Metaspace: 20481K(20928K)->20481K(20928K) NonClass: 17896K(18112K)->17896K(18112K) Class: 2585K(2816K)->2585K(2816K)
[2025-06-03T15:47:37.389+0530][220.150s] GC(971) Pause Young (Normal) (G1 Evacuation Pause) 315M->9M(512M) 1.451ms
[2025-06-03T15:47:37.389+0530][220.150s] GC(971) User=0.00s Sys=0.00s Real=0.00s
[2025-06-03T15:47:37.547+0530][220.309s] GC(972) Pause Young (Normal) (G1 Evacuation Pause)
[2025-06-03T15:47:37.547+0530][220.309s] GC(972) Using 8 workers of 8 for evacuation
[2025-06-03T15:47:37.548+0530][220.310s] GC(972) Skipped phase 1 of Reference Processing: no references
[2025-06-03T15:47:37.548+0530][220.310s] GC(972) Skipped phase 2 of Reference Processing: no references
[2025-06-03T15:47:37.548+0530][220.310s] GC(972) Skipped phase 3 of Reference Processing: no references
[2025-06-03T15:47:37.548+0530][220.310s] GC(972) Skipped phase 4 of Reference Processing: no references
[2025-06-03T15:47:37.548+0530][220.310s] GC(972)   Pre Evacuate Collection Set: 0.1ms
[2025-06-03T15:47:37.548+0530][220.310s] GC(972)   Merge Heap Roots: 0.1ms
[2025-06-03T15:47:37.548+0530][220.310s] GC(972)   Evacuate Collection Set: 0.3ms
[2025-06-03T15:47:37.548+0530][220.310s] GC(972)   Post Evacuate Collection Set: 0.5ms
[2025-06-03T15:47:37.549+0530][220.310s] GC(972)   Other: 0.2ms
[2025-06-03T15:47:37.549+0530][220.310s] GC(972) Eden regions: 306->0(306)
[2025-06-03T15:47:37.549+0530][220.310s] GC(972) Survivor regions: 1->1(39)
[2025-06-03T15:47:37.549+0530][220.310s] GC(972) Old regions: 9->9
[2025-06-03T15:47:37.549+0530][220.310s] GC(972) Archive regions: 2->2
[2025-06-03T15:47:37.549+0530][220.310s] GC(972) Humongous regions: 0->0
[2025-06-03T15:47:37.549+0530][220.310s] GC(972) Metaspace: 20481K(20928K)->20481K(20928K) NonClass: 17896K(18112K)->17896K(18112K) Class: 2585K(2816K)->2585K(2816K)
[2025-06-03T15:47:37.549+0530][220.310s] GC(972) Pause Young (Normal) (G1 Evacuation Pause) 315M->9M(512M) 1.348ms
[2025-06-03T15:47:37.549+0530][220.310s] GC(972) User=0.00s Sys=0.00s Real=0.00s
[2025-06-03T15:47:37.738+0530][220.500s] GC(973) Pause Young (Normal) (G1 Evacuation Pause)
[2025-06-03T15:47:37.738+0530][220.500s] GC(973) Using 8 workers of 8 for evacuation
[2025-06-03T15:47:37.738+0530][220.500s] GC(973) Skipped phase 1 of Reference Processing: no references
[2025-06-03T15:47:37.738+0530][220.500s] GC(973) Skipped phase 2 of Reference Processing: no references
[2025-06-03T15:47:37.738+0530][220.500s] GC(973) Skipped phase 3 of Reference Processing: no references
[2025-06-03T15:47:37.738+0530][220.500s] GC(973) Skipped phase 4 of Reference Processing: no references
[2025-06-03T15:47:37.739+0530][220.501s] GC(973)   Pre Evacuate Collection Set: 0.1ms
[2025-06-03T15:47:37.739+0530][220.501s] GC(973)   Merge Heap Roots: 0.1ms
[2025-06-03T15:47:37.739+0530][220.501s] GC(973)   Evacuate Collection Set: 0.2ms
[2025-06-03T15:47:37.739+0530][220.501s] GC(973)   Post Evacuate Collection Set: 0.6ms
[2025-06-03T15:47:37.739+0530][220.501s] GC(973)   Other: 0.2ms
[2025-06-03T15:47:37.739+0530][220.501s] GC(973) Eden regions: 306->0(306)
[2025-06-03T15:47:37.739+0530][220.501s] GC(973) Survivor regions: 1->1(39)
[2025-06-03T15:47:37.739+0530][220.501s] GC(973) Old regions: 9->9
[2025-06-03T15:47:37.739+0530][220.501s] GC(973) Archive regions: 2->2
[2025-06-03T15:47:37.739+0530][220.501s] GC(973) Humongous regions: 0->0
[2025-06-03T15:47:37.739+0530][220.501s] GC(973) Metaspace: 20481K(20928K)->20481K(20928K) NonClass: 17896K(18112K)->17896K(18112K) Class: 2585K(2816K)->2585K(2816K)
[2025-06-03T15:47:37.739+0530][220.501s] GC(973) Pause Young (Normal) (G1 Evacuation Pause) 315M->9M(512M) 1.397ms
[2025-06-03T15:47:37.739+0530][220.501s] GC(973) User=0.00s Sys=0.00s Real=0.00s
[2025-06-03T15:47:37.903+0530][220.665s] GC(974) Pause Young (Normal) (G1 Evacuation Pause)
[2025-06-03T15:47:37.903+0530][220.665s] GC(974) Using 8 workers of 8 for evacuation
[2025-06-03T15:47:37.904+0530][220.665s] GC(974) Skipped phase 1 of Reference Processing: no references
[2025-06-03T15:47:37.904+0530][220.665s] GC(974) Skipped phase 2 of Reference Processing: no references
[2025-06-03T15:47:37.904+0530][220.665s] GC(974) Skipped phase 3 of Reference Processing: no references
[2025-06-03T15:47:37.904+0530][220.665s] GC(974) Skipped phase 4 of Reference Processing: no references
[2025-06-03T15:47:37.904+0530][220.666s] GC(974)   Pre Evacuate Collection Set: 0.1ms
[2025-06-03T15:47:37.904+0530][220.666s] GC(974)   Merge Heap Roots: 0.1ms
[2025-06-03T15:47:37.904+0530][220.666s] GC(974)   Evacuate Collection Set: 0.3ms
[2025-06-03T15:47:37.904+0530][220.666s] GC(974)   Post Evacuate Collection Set: 0.6ms
[2025-06-03T15:47:37.904+0530][220.666s] GC(974)   Other: 0.2ms
[2025-06-03T15:47:37.904+0530][220.666s] GC(974) Eden regions: 306->0(306)
[2025-06-03T15:47:37.904+0530][220.666s] GC(974) Survivor regions: 1->1(39)
[2025-06-03T15:47:37.904+0530][220.666s] GC(974) Old regions: 9->9
[2025-06-03T15:47:37.904+0530][220.666s] GC(974) Archive regions: 2->2
[2025-06-03T15:47:37.904+0530][220.666s] GC(974) Humongous regions: 0->0
[2025-06-03T15:47:37.904+0530][220.666s] GC(974) Metaspace: 20481K(20928K)->20481K(20928K) NonClass: 17896K(18112K)->17896K(18112K) Class: 2585K(2816K)->2585K(2816K)
[2025-06-03T15:47:37.904+0530][220.666s] GC(974) Pause Young (Normal) (G1 Evacuation Pause) 315M->9M(512M) 1.498ms
[2025-06-03T15:47:37.904+0530][220.666s] GC(974) User=0.00s Sys=0.00s Real=0.00s
[2025-06-03T15:47:38.067+0530][220.829s] GC(975) Pause Young (Normal) (G1 Evacuation Pause)
[2025-06-03T15:47:38.067+0530][220.829s] GC(975) Using 8 workers of 8 for evacuation
[2025-06-03T15:47:38.068+0530][220.830s] GC(975) Skipped phase 1 of Reference Processing: no references
[2025-06-03T15:47:38.068+0530][220.830s] GC(975) Skipped phase 2 of Reference Processing: no references
[2025-06-03T15:47:38.068+0530][220.830s] GC(975) Skipped phase 3 of Reference Processing: no references
[2025-06-03T15:47:38.068+0530][220.830s] GC(975) Skipped phase 4 of Reference Processing: no references
[2025-06-03T15:47:38.069+0530][220.830s] GC(975)   Pre Evacuate Collection Set: 0.1ms
[2025-06-03T15:47:38.069+0530][220.830s] GC(975)   Merge Heap Roots: 0.1ms
[2025-06-03T15:47:38.069+0530][220.830s] GC(975)   Evacuate Collection Set: 0.3ms
[2025-06-03T15:47:38.069+0530][220.830s] GC(975)   Post Evacuate Collection Set: 0.6ms
[2025-06-03T15:47:38.069+0530][220.830s] GC(975)   Other: 0.3ms
[2025-06-03T15:47:38.069+0530][220.830s] GC(975) Eden regions: 306->0(306)
[2025-06-03T15:47:38.069+0530][220.830s] GC(975) Survivor regions: 1->1(39)
[2025-06-03T15:47:38.069+0530][220.830s] GC(975) Old regions: 9->9
[2025-06-03T15:47:38.069+0530][220.830s] GC(975) Archive regions: 2->2
[2025-06-03T15:47:38.069+0530][220.830s] GC(975) Humongous regions: 0->0
[2025-06-03T15:47:38.069+0530][220.830s] GC(975) Metaspace: 20481K(20928K)->20481K(20928K) NonClass: 17896K(18112K)->17896K(18112K) Class: 2585K(2816K)->2585K(2816K)
[2025-06-03T15:47:38.069+0530][220.831s] GC(975) Pause Young (Normal) (G1 Evacuation Pause) 315M->9M(512M) 1.626ms
[2025-06-03T15:47:38.069+0530][220.831s] GC(975) User=0.01s Sys=0.00s Real=0.00s
[2025-06-03T15:47:38.234+0530][220.996s] GC(976) Pause Young (Normal) (G1 Evacuation Pause)
[2025-06-03T15:47:38.234+0530][220.996s] GC(976) Using 8 workers of 8 for evacuation
[2025-06-03T15:47:38.235+0530][220.996s] GC(976) Skipped phase 1 of Reference Processing: no references
[2025-06-03T15:47:38.235+0530][220.996s] GC(976) Skipped phase 2 of Reference Processing: no references
[2025-06-03T15:47:38.235+0530][220.996s] GC(976) Skipped phase 3 of Reference Processing: no references
[2025-06-03T15:47:38.235+0530][220.997s] GC(976) Skipped phase 4 of Reference Processing: no references
[2025-06-03T15:47:38.235+0530][220.997s] GC(976)   Pre Evacuate Collection Set: 0.1ms
[2025-06-03T15:47:38.235+0530][220.997s] GC(976)   Merge Heap Roots: 0.1ms
[2025-06-03T15:47:38.235+0530][220.997s] GC(976)   Evacuate Collection Set: 0.3ms
[2025-06-03T15:47:38.235+0530][220.997s] GC(976)   Post Evacuate Collection Set: 0.5ms
[2025-06-03T15:47:38.235+0530][220.997s] GC(976)   Other: 0.2ms
[2025-06-03T15:47:38.235+0530][220.997s] GC(976) Eden regions: 306->0(306)
[2025-06-03T15:47:38.235+0530][220.997s] GC(976) Survivor regions: 1->1(39)
[2025-06-03T15:47:38.235+0530][220.997s] GC(976) Old regions: 9->9
[2025-06-03T15:47:38.235+0530][220.997s] GC(976) Archive regions: 2->2
[2025-06-03T15:47:38.236+0530][220.997s] GC(976) Humongous regions: 0->0
[2025-06-03T15:47:38.236+0530][220.997s] GC(976) Metaspace: 20481K(20928K)->20481K(20928K) NonClass: 17896K(18112K)->17896K(18112K) Class: 2585K(2816K)->2585K(2816K)
[2025-06-03T15:47:38.236+0530][220.997s] GC(976) Pause Young (Normal) (G1 Evacuation Pause) 315M->9M(512M) 1.496ms
[2025-06-03T15:47:38.236+0530][220.997s] GC(976) User=0.00s Sys=0.00s Real=0.00s
[2025-06-03T15:47:38.395+0530][221.156s] GC(977) Pause Young (Normal) (G1 Evacuation Pause)
[2025-06-03T15:47:38.395+0530][221.156s] GC(977) Using 8 workers of 8 for evacuation
[2025-06-03T15:47:38.395+0530][221.157s] GC(977) Skipped phase 1 of Reference Processing: no references
[2025-06-03T15:47:38.395+0530][221.157s] GC(977) Skipped phase 2 of Reference Processing: no references
[2025-06-03T15:47:38.395+0530][221.157s] GC(977) Skipped phase 3 of Reference Processing: no references
[2025-06-03T15:47:38.395+0530][221.157s] GC(977) Skipped phase 4 of Reference Processing: no references
[2025-06-03T15:47:38.396+0530][221.157s] GC(977)   Pre Evacuate Collection Set: 0.1ms
[2025-06-03T15:47:38.396+0530][221.158s] GC(977)   Merge Heap Roots: 0.1ms
[2025-06-03T15:47:38.396+0530][221.158s] GC(977)   Evacuate Collection Set: 0.3ms
[2025-06-03T15:47:38.396+0530][221.158s] GC(977)   Post Evacuate Collection Set: 0.5ms
[2025-06-03T15:47:38.396+0530][221.158s] GC(977)   Other: 0.2ms
[2025-06-03T15:47:38.396+0530][221.158s] GC(977) Eden regions: 306->0(306)
[2025-06-03T15:47:38.396+0530][221.158s] GC(977) Survivor regions: 1->1(39)
[2025-06-03T15:47:38.396+0530][221.158s] GC(977) Old regions: 9->9
[2025-06-03T15:47:38.396+0530][221.158s] GC(977) Archive regions: 2->2
[2025-06-03T15:47:38.396+0530][221.158s] GC(977) Humongous regions: 0->0
[2025-06-03T15:47:38.396+0530][221.158s] GC(977) Metaspace: 20481K(20928K)->20481K(20928K) NonClass: 17896K(18112K)->17896K(18112K) Class: 2585K(2816K)->2585K(2816K)
[2025-06-03T15:47:38.396+0530][221.158s] GC(977) Pause Young (Normal) (G1 Evacuation Pause) 315M->9M(512M) 1.360ms
[2025-06-03T15:47:38.396+0530][221.158s] GC(977) User=0.00s Sys=0.00s Real=0.00s
[2025-06-03T15:47:38.547+0530][221.308s] GC(978) Pause Young (Normal) (G1 Evacuation Pause)
[2025-06-03T15:47:38.547+0530][221.308s] GC(978) Using 8 workers of 8 for evacuation
[2025-06-03T15:47:38.547+0530][221.309s] GC(978) Skipped phase 1 of Reference Processing: no references
[2025-06-03T15:47:38.547+0530][221.309s] GC(978) Skipped phase 2 of Reference Processing: no references
[2025-06-03T15:47:38.547+0530][221.309s] GC(978) Skipped phase 3 of Reference Processing: no references
[2025-06-03T15:47:38.547+0530][221.309s] GC(978) Skipped phase 4 of Reference Processing: no references
[2025-06-03T15:47:38.548+0530][221.309s] GC(978)   Pre Evacuate Collection Set: 0.1ms
[2025-06-03T15:47:38.548+0530][221.309s] GC(978)   Merge Heap Roots: 0.1ms
[2025-06-03T15:47:38.548+0530][221.309s] GC(978)   Evacuate Collection Set: 0.2ms
[2025-06-03T15:47:38.548+0530][221.309s] GC(978)   Post Evacuate Collection Set: 0.5ms
[2025-06-03T15:47:38.548+0530][221.309s] GC(978)   Other: 0.2ms
[2025-06-03T15:47:38.548+0530][221.309s] GC(978) Eden regions: 306->0(306)
[2025-06-03T15:47:38.548+0530][221.309s] GC(978) Survivor regions: 1->1(39)
[2025-06-03T15:47:38.548+0530][221.309s] GC(978) Old regions: 9->9
[2025-06-03T15:47:38.548+0530][221.309s] GC(978) Archive regions: 2->2
[2025-06-03T15:47:38.548+0530][221.309s] GC(978) Humongous regions: 0->0
[2025-06-03T15:47:38.548+0530][221.309s] GC(978) Metaspace: 20481K(20928K)->20481K(20928K) NonClass: 17896K(18112K)->17896K(18112K) Class: 2585K(2816K)->2585K(2816K)
[2025-06-03T15:47:38.548+0530][221.309s] GC(978) Pause Young (Normal) (G1 Evacuation Pause) 315M->9M(512M) 1.247ms
[2025-06-03T15:47:38.548+0530][221.310s] GC(978) User=0.00s Sys=0.00s Real=0.00s
[2025-06-03T15:47:38.699+0530][221.460s] GC(979) Pause Young (Normal) (G1 Evacuation Pause)
[2025-06-03T15:47:38.699+0530][221.461s] GC(979) Using 8 workers of 8 for evacuation
[2025-06-03T15:47:38.699+0530][221.461s] GC(979) Skipped phase 1 of Reference Processing: no references
[2025-06-03T15:47:38.699+0530][221.461s] GC(979) Skipped phase 2 of Reference Processing: no references
[2025-06-03T15:47:38.699+0530][221.461s] GC(979) Skipped phase 3 of Reference Processing: no references
[2025-06-03T15:47:38.699+0530][221.461s] GC(979) Skipped phase 4 of Reference Processing: no references
[2025-06-03T15:47:38.700+0530][221.462s] GC(979)   Pre Evacuate Collection Set: 0.1ms
[2025-06-03T15:47:38.700+0530][221.462s] GC(979)   Merge Heap Roots: 0.1ms
[2025-06-03T15:47:38.700+0530][221.462s] GC(979)   Evacuate Collection Set: 0.2ms
[2025-06-03T15:47:38.700+0530][221.462s] GC(979)   Post Evacuate Collection Set: 0.6ms
[2025-06-03T15:47:38.700+0530][221.462s] GC(979)   Other: 0.2ms
[2025-06-03T15:47:38.700+0530][221.462s] GC(979) Eden regions: 306->0(306)
[2025-06-03T15:47:38.700+0530][221.462s] GC(979) Survivor regions: 1->1(39)
[2025-06-03T15:47:38.700+0530][221.462s] GC(979) Old regions: 9->9
[2025-06-03T15:47:38.700+0530][221.462s] GC(979) Archive regions: 2->2
[2025-06-03T15:47:38.700+0530][221.462s] GC(979) Humongous regions: 0->0
[2025-06-03T15:47:38.700+0530][221.462s] GC(979) Metaspace: 20481K(20928K)->20481K(20928K) NonClass: 17896K(18112K)->17896K(18112K) Class: 2585K(2816K)->2585K(2816K)
[2025-06-03T15:47:38.700+0530][221.462s] GC(979) Pause Young (Normal) (G1 Evacuation Pause) 315M->9M(512M) 1.447ms
[2025-06-03T15:47:38.700+0530][221.462s] GC(979) User=0.00s Sys=0.00s Real=0.01s
[2025-06-03T15:47:38.853+0530][221.615s] GC(980) Pause Young (Normal) (G1 Evacuation Pause)
[2025-06-03T15:47:38.853+0530][221.615s] GC(980) Using 8 workers of 8 for evacuation
[2025-06-03T15:47:38.854+0530][221.615s] GC(980) Skipped phase 1 of Reference Processing: no references
[2025-06-03T15:47:38.854+0530][221.616s] GC(980) Skipped phase 2 of Reference Processing: no references
[2025-06-03T15:47:38.854+0530][221.616s] GC(980) Skipped phase 3 of Reference Processing: no references
[2025-06-03T15:47:38.854+0530][221.616s] GC(980) Skipped phase 4 of Reference Processing: no references
[2025-06-03T15:47:38.854+0530][221.616s] GC(980)   Pre Evacuate Collection Set: 0.1ms
[2025-06-03T15:47:38.854+0530][221.616s] GC(980)   Merge Heap Roots: 0.1ms
[2025-06-03T15:47:38.854+0530][221.616s] GC(980)   Evacuate Collection Set: 0.2ms
[2025-06-03T15:47:38.854+0530][221.616s] GC(980)   Post Evacuate Collection Set: 0.4ms
[2025-06-03T15:47:38.854+0530][221.616s] GC(980)   Other: 0.2ms
[2025-06-03T15:47:38.854+0530][221.616s] GC(980) Eden regions: 306->0(306)
[2025-06-03T15:47:38.854+0530][221.616s] GC(980) Survivor regions: 1->1(39)
[2025-06-03T15:47:38.854+0530][221.616s] GC(980) Old regions: 9->9
[2025-06-03T15:47:38.854+0530][221.616s] GC(980) Archive regions: 2->2
[2025-06-03T15:47:38.854+0530][221.616s] GC(980) Humongous regions: 0->0
[2025-06-03T15:47:38.854+0530][221.616s] GC(980) Metaspace: 20481K(20928K)->20481K(20928K) NonClass: 17896K(18112K)->17896K(18112K) Class: 2585K(2816K)->2585K(2816K)
[2025-06-03T15:47:38.854+0530][221.616s] GC(980) Pause Young (Normal) (G1 Evacuation Pause) 315M->9M(512M) 1.288ms
[2025-06-03T15:47:38.854+0530][221.616s] GC(980) User=0.01s Sys=0.00s Real=0.00s
[2025-06-03T15:47:39.015+0530][221.777s] GC(981) Pause Young (Normal) (G1 Evacuation Pause)
[2025-06-03T15:47:39.015+0530][221.777s] GC(981) Using 8 workers of 8 for evacuation
[2025-06-03T15:47:39.016+0530][221.778s] GC(981) Skipped phase 1 of Reference Processing: no references
[2025-06-03T15:47:39.016+0530][221.778s] GC(981) Skipped phase 2 of Reference Processing: no references
[2025-06-03T15:47:39.016+0530][221.778s] GC(981) Skipped phase 3 of Reference Processing: no references
[2025-06-03T15:47:39.016+0530][221.778s] GC(981) Skipped phase 4 of Reference Processing: no references
[2025-06-03T15:47:39.016+0530][221.778s] GC(981)   Pre Evacuate Collection Set: 0.1ms
[2025-06-03T15:47:39.016+0530][221.778s] GC(981)   Merge Heap Roots: 0.1ms
[2025-06-03T15:47:39.016+0530][221.778s] GC(981)   Evacuate Collection Set: 0.3ms
[2025-06-03T15:47:39.016+0530][221.778s] GC(981)   Post Evacuate Collection Set: 0.4ms
[2025-06-03T15:47:39.016+0530][221.778s] GC(981)   Other: 0.2ms
[2025-06-03T15:47:39.016+0530][221.778s] GC(981) Eden regions: 306->0(306)
[2025-06-03T15:47:39.016+0530][221.778s] GC(981) Survivor regions: 1->1(39)
[2025-06-03T15:47:39.016+0530][221.778s] GC(981) Old regions: 9->9
[2025-06-03T15:47:39.016+0530][221.778s] GC(981) Archive regions: 2->2
[2025-06-03T15:47:39.016+0530][221.778s] GC(981) Humongous regions: 0->0
[2025-06-03T15:47:39.016+0530][221.778s] GC(981) Metaspace: 20481K(20928K)->20481K(20928K) NonClass: 17896K(18112K)->17896K(18112K) Class: 2585K(2816K)->2585K(2816K)
[2025-06-03T15:47:39.017+0530][221.778s] GC(981) Pause Young (Normal) (G1 Evacuation Pause) 315M->9M(512M) 1.317ms
[2025-06-03T15:47:39.017+0530][221.778s] GC(981) User=0.00s Sys=0.00s Real=0.00s
[2025-06-03T15:47:39.168+0530][221.930s] GC(982) Pause Young (Normal) (G1 Evacuation Pause)
[2025-06-03T15:47:39.168+0530][221.930s] GC(982) Using 8 workers of 8 for evacuation
[2025-06-03T15:47:39.169+0530][221.931s] GC(982) Skipped phase 1 of Reference Processing: no references
[2025-06-03T15:47:39.169+0530][221.931s] GC(982) Skipped phase 2 of Reference Processing: no references
[2025-06-03T15:47:39.169+0530][221.931s] GC(982) Skipped phase 3 of Reference Processing: no references
[2025-06-03T15:47:39.169+0530][221.931s] GC(982) Skipped phase 4 of Reference Processing: no references
[2025-06-03T15:47:39.169+0530][221.931s] GC(982)   Pre Evacuate Collection Set: 0.1ms
[2025-06-03T15:47:39.169+0530][221.931s] GC(982)   Merge Heap Roots: 0.1ms
[2025-06-03T15:47:39.169+0530][221.931s] GC(982)   Evacuate Collection Set: 0.3ms
[2025-06-03T15:47:39.169+0530][221.931s] GC(982)   Post Evacuate Collection Set: 0.5ms
[2025-06-03T15:47:39.169+0530][221.931s] GC(982)   Other: 0.2ms
[2025-06-03T15:47:39.169+0530][221.931s] GC(982) Eden regions: 306->0(306)
[2025-06-03T15:47:39.169+0530][221.931s] GC(982) Survivor regions: 1->1(39)
[2025-06-03T15:47:39.170+0530][221.931s] GC(982) Old regions: 9->9
[2025-06-03T15:47:39.170+0530][221.931s] GC(982) Archive regions: 2->2
[2025-06-03T15:47:39.170+0530][221.931s] GC(982) Humongous regions: 0->0
[2025-06-03T15:47:39.170+0530][221.931s] GC(982) Metaspace: 20481K(20928K)->20481K(20928K) NonClass: 17896K(18112K)->17896K(18112K) Class: 2585K(2816K)->2585K(2816K)
[2025-06-03T15:47:39.170+0530][221.931s] GC(982) Pause Young (Normal) (G1 Evacuation Pause) 315M->9M(512M) 1.461ms
[2025-06-03T15:47:39.170+0530][221.931s] GC(982) User=0.00s Sys=0.00s Real=0.01s
[2025-06-03T15:47:39.429+0530][222.191s] GC(983) Pause Young (Normal) (G1 Evacuation Pause)
[2025-06-03T15:47:39.429+0530][222.191s] GC(983) Using 8 workers of 8 for evacuation
[2025-06-03T15:47:39.429+0530][222.191s] GC(983) Skipped phase 1 of Reference Processing: no references
[2025-06-03T15:47:39.429+0530][222.191s] GC(983) Skipped phase 2 of Reference Processing: no references
[2025-06-03T15:47:39.430+0530][222.191s] GC(983) Skipped phase 3 of Reference Processing: no references
[2025-06-03T15:47:39.430+0530][222.191s] GC(983) Skipped phase 4 of Reference Processing: no references
[2025-06-03T15:47:39.430+0530][222.192s] GC(983)   Pre Evacuate Collection Set: 0.1ms
[2025-06-03T15:47:39.430+0530][222.192s] GC(983)   Merge Heap Roots: 0.1ms
[2025-06-03T15:47:39.430+0530][222.192s] GC(983)   Evacuate Collection Set: 0.2ms
[2025-06-03T15:47:39.430+0530][222.192s] GC(983)   Post Evacuate Collection Set: 0.5ms
[2025-06-03T15:47:39.430+0530][222.192s] GC(983)   Other: 0.2ms
[2025-06-03T15:47:39.430+0530][222.192s] GC(983) Eden regions: 306->0(306)
[2025-06-03T15:47:39.430+0530][222.192s] GC(983) Survivor regions: 1->1(39)
[2025-06-03T15:47:39.430+0530][222.192s] GC(983) Old regions: 9->9
[2025-06-03T15:47:39.430+0530][222.192s] GC(983) Archive regions: 2->2
[2025-06-03T15:47:39.430+0530][222.192s] GC(983) Humongous regions: 0->0
[2025-06-03T15:47:39.430+0530][222.192s] GC(983) Metaspace: 20481K(20928K)->20481K(20928K) NonClass: 17896K(18112K)->17896K(18112K) Class: 2585K(2816K)->2585K(2816K)
[2025-06-03T15:47:39.430+0530][222.192s] GC(983) Pause Young (Normal) (G1 Evacuation Pause) 315M->9M(512M) 1.337ms
[2025-06-03T15:47:39.430+0530][222.192s] GC(983) User=0.00s Sys=0.00s Real=0.01s
[2025-06-03T15:47:39.581+0530][222.343s] GC(984) Pause Young (Normal) (G1 Evacuation Pause)
[2025-06-03T15:47:39.582+0530][222.343s] GC(984) Using 8 workers of 8 for evacuation
[2025-06-03T15:47:39.582+0530][222.344s] GC(984) Skipped phase 1 of Reference Processing: no references
[2025-06-03T15:47:39.582+0530][222.344s] GC(984) Skipped phase 2 of Reference Processing: no references
[2025-06-03T15:47:39.582+0530][222.344s] GC(984) Skipped phase 3 of Reference Processing: no references
[2025-06-03T15:47:39.582+0530][222.344s] GC(984) Skipped phase 4 of Reference Processing: no references
[2025-06-03T15:47:39.582+0530][222.344s] GC(984)   Pre Evacuate Collection Set: 0.1ms
[2025-06-03T15:47:39.582+0530][222.344s] GC(984)   Merge Heap Roots: 0.1ms
[2025-06-03T15:47:39.582+0530][222.344s] GC(984)   Evacuate Collection Set: 0.2ms
[2025-06-03T15:47:39.582+0530][222.344s] GC(984)   Post Evacuate Collection Set: 0.5ms
[2025-06-03T15:47:39.582+0530][222.344s] GC(984)   Other: 0.2ms
[2025-06-03T15:47:39.583+0530][222.344s] GC(984) Eden regions: 306->0(306)
[2025-06-03T15:47:39.583+0530][222.344s] GC(984) Survivor regions: 1->1(39)
[2025-06-03T15:47:39.583+0530][222.344s] GC(984) Old regions: 9->9
[2025-06-03T15:47:39.583+0530][222.344s] GC(984) Archive regions: 2->2
[2025-06-03T15:47:39.583+0530][222.344s] GC(984) Humongous regions: 0->0
[2025-06-03T15:47:39.583+0530][222.344s] GC(984) Metaspace: 20481K(20928K)->20481K(20928K) NonClass: 17896K(18112K)->17896K(18112K) Class: 2585K(2816K)->2585K(2816K)
[2025-06-03T15:47:39.583+0530][222.344s] GC(984) Pause Young (Normal) (G1 Evacuation Pause) 315M->9M(512M) 1.165ms
[2025-06-03T15:47:39.583+0530][222.344s] GC(984) User=0.01s Sys=0.00s Real=0.00s
[2025-06-03T15:47:39.730+0530][222.492s] GC(985) Pause Young (Normal) (G1 Evacuation Pause)
[2025-06-03T15:47:39.730+0530][222.492s] GC(985) Using 8 workers of 8 for evacuation
[2025-06-03T15:47:39.731+0530][222.492s] GC(985) Skipped phase 1 of Reference Processing: no references
[2025-06-03T15:47:39.731+0530][222.493s] GC(985) Skipped phase 2 of Reference Processing: no references
[2025-06-03T15:47:39.731+0530][222.493s] GC(985) Skipped phase 3 of Reference Processing: no references
[2025-06-03T15:47:39.731+0530][222.493s] GC(985) Skipped phase 4 of Reference Processing: no references
[2025-06-03T15:47:39.731+0530][222.493s] GC(985)   Pre Evacuate Collection Set: 0.1ms
[2025-06-03T15:47:39.731+0530][222.493s] GC(985)   Merge Heap Roots: 0.1ms
[2025-06-03T15:47:39.731+0530][222.493s] GC(985)   Evacuate Collection Set: 0.2ms
[2025-06-03T15:47:39.731+0530][222.493s] GC(985)   Post Evacuate Collection Set: 0.4ms
[2025-06-03T15:47:39.731+0530][222.493s] GC(985)   Other: 0.2ms
[2025-06-03T15:47:39.731+0530][222.493s] GC(985) Eden regions: 306->0(306)
[2025-06-03T15:47:39.732+0530][222.493s] GC(985) Survivor regions: 1->1(39)
[2025-06-03T15:47:39.732+0530][222.493s] GC(985) Old regions: 9->9
[2025-06-03T15:47:39.732+0530][222.493s] GC(985) Archive regions: 2->2
[2025-06-03T15:47:39.732+0530][222.493s] GC(985) Humongous regions: 0->0
[2025-06-03T15:47:39.732+0530][222.493s] GC(985) Metaspace: 20481K(20928K)->20481K(20928K) NonClass: 17896K(18112K)->17896K(18112K) Class: 2585K(2816K)->2585K(2816K)
[2025-06-03T15:47:39.732+0530][222.493s] GC(985) Pause Young (Normal) (G1 Evacuation Pause) 315M->9M(512M) 1.455ms
[2025-06-03T15:47:39.732+0530][222.493s] GC(985) User=0.01s Sys=0.00s Real=0.00s
[2025-06-03T15:47:39.893+0530][222.655s] GC(986) Pause Young (Normal) (G1 Evacuation Pause)
[2025-06-03T15:47:39.893+0530][222.655s] GC(986) Using 8 workers of 8 for evacuation
[2025-06-03T15:47:39.893+0530][222.655s] GC(986) Skipped phase 1 of Reference Processing: no references
[2025-06-03T15:47:39.894+0530][222.655s] GC(986) Skipped phase 2 of Reference Processing: no references
[2025-06-03T15:47:39.894+0530][222.655s] GC(986) Skipped phase 3 of Reference Processing: no references
[2025-06-03T15:47:39.894+0530][222.655s] GC(986) Skipped phase 4 of Reference Processing: no references
[2025-06-03T15:47:39.894+0530][222.656s] GC(986)   Pre Evacuate Collection Set: 0.1ms
[2025-06-03T15:47:39.894+0530][222.656s] GC(986)   Merge Heap Roots: 0.1ms
[2025-06-03T15:47:39.894+0530][222.656s] GC(986)   Evacuate Collection Set: 0.3ms
[2025-06-03T15:47:39.894+0530][222.656s] GC(986)   Post Evacuate Collection Set: 0.6ms
[2025-06-03T15:47:39.894+0530][222.656s] GC(986)   Other: 0.2ms
[2025-06-03T15:47:39.894+0530][222.656s] GC(986) Eden regions: 306->0(306)
[2025-06-03T15:47:39.894+0530][222.656s] GC(986) Survivor regions: 1->1(39)
[2025-06-03T15:47:39.894+0530][222.656s] GC(986) Old regions: 9->9
[2025-06-03T15:47:39.894+0530][222.656s] GC(986) Archive regions: 2->2
[2025-06-03T15:47:39.894+0530][222.656s] GC(986) Humongous regions: 0->0
[2025-06-03T15:47:39.894+0530][222.656s] GC(986) Metaspace: 20481K(20928K)->20481K(20928K) NonClass: 17896K(18112K)->17896K(18112K) Class: 2585K(2816K)->2585K(2816K)
[2025-06-03T15:47:39.894+0530][222.656s] GC(986) Pause Young (Normal) (G1 Evacuation Pause) 315M->9M(512M) 1.422ms
[2025-06-03T15:47:39.894+0530][222.656s] GC(986) User=0.00s Sys=0.00s Real=0.00s
[2025-06-03T15:47:40.052+0530][222.814s] GC(987) Pause Young (Normal) (G1 Evacuation Pause)
[2025-06-03T15:47:40.052+0530][222.814s] GC(987) Using 8 workers of 8 for evacuation
[2025-06-03T15:47:40.052+0530][222.814s] GC(987) Skipped phase 1 of Reference Processing: no references
[2025-06-03T15:47:40.052+0530][222.814s] GC(987) Skipped phase 2 of Reference Processing: no references
[2025-06-03T15:47:40.052+0530][222.814s] GC(987) Skipped phase 3 of Reference Processing: no references
[2025-06-03T15:47:40.052+0530][222.814s] GC(987) Skipped phase 4 of Reference Processing: no references
[2025-06-03T15:47:40.053+0530][222.815s] GC(987)   Pre Evacuate Collection Set: 0.1ms
[2025-06-03T15:47:40.053+0530][222.815s] GC(987)   Merge Heap Roots: 0.1ms
[2025-06-03T15:47:40.053+0530][222.815s] GC(987)   Evacuate Collection Set: 0.2ms
[2025-06-03T15:47:40.053+0530][222.815s] GC(987)   Post Evacuate Collection Set: 0.5ms
[2025-06-03T15:47:40.053+0530][222.815s] GC(987)   Other: 0.2ms
[2025-06-03T15:47:40.053+0530][222.815s] GC(987) Eden regions: 306->0(306)
[2025-06-03T15:47:40.053+0530][222.815s] GC(987) Survivor regions: 1->1(39)
[2025-06-03T15:47:40.053+0530][222.815s] GC(987) Old regions: 9->9
[2025-06-03T15:47:40.053+0530][222.815s] GC(987) Archive regions: 2->2
[2025-06-03T15:47:40.053+0530][222.815s] GC(987) Humongous regions: 0->0
[2025-06-03T15:47:40.053+0530][222.815s] GC(987) Metaspace: 20481K(20928K)->20481K(20928K) NonClass: 17896K(18112K)->17896K(18112K) Class: 2585K(2816K)->2585K(2816K)
[2025-06-03T15:47:40.053+0530][222.815s] GC(987) Pause Young (Normal) (G1 Evacuation Pause) 315M->9M(512M) 1.230ms
[2025-06-03T15:47:40.053+0530][222.815s] GC(987) User=0.00s Sys=0.01s Real=0.00s
[2025-06-03T15:47:40.208+0530][222.970s] GC(988) Pause Young (Normal) (G1 Evacuation Pause)
[2025-06-03T15:47:40.208+0530][222.970s] GC(988) Using 8 workers of 8 for evacuation
[2025-06-03T15:47:40.209+0530][222.970s] GC(988) Skipped phase 1 of Reference Processing: no references
[2025-06-03T15:47:40.209+0530][222.970s] GC(988) Skipped phase 2 of Reference Processing: no references
[2025-06-03T15:47:40.209+0530][222.970s] GC(988) Skipped phase 3 of Reference Processing: no references
[2025-06-03T15:47:40.209+0530][222.970s] GC(988) Skipped phase 4 of Reference Processing: no references
[2025-06-03T15:47:40.209+0530][222.971s] GC(988)   Pre Evacuate Collection Set: 0.1ms
[2025-06-03T15:47:40.209+0530][222.971s] GC(988)   Merge Heap Roots: 0.1ms
[2025-06-03T15:47:40.209+0530][222.971s] GC(988)   Evacuate Collection Set: 0.3ms
[2025-06-03T15:47:40.209+0530][222.971s] GC(988)   Post Evacuate Collection Set: 0.5ms
[2025-06-03T15:47:40.209+0530][222.971s] GC(988)   Other: 0.2ms
[2025-06-03T15:47:40.209+0530][222.971s] GC(988) Eden regions: 306->0(306)
[2025-06-03T15:47:40.209+0530][222.971s] GC(988) Survivor regions: 1->1(39)
[2025-06-03T15:47:40.209+0530][222.971s] GC(988) Old regions: 9->9
[2025-06-03T15:47:40.209+0530][222.971s] GC(988) Archive regions: 2->2
[2025-06-03T15:47:40.209+0530][222.971s] GC(988) Humongous regions: 0->0
[2025-06-03T15:47:40.209+0530][222.971s] GC(988) Metaspace: 20481K(20928K)->20481K(20928K) NonClass: 17896K(18112K)->17896K(18112K) Class: 2585K(2816K)->2585K(2816K)
[2025-06-03T15:47:40.209+0530][222.971s] GC(988) Pause Young (Normal) (G1 Evacuation Pause) 315M->9M(512M) 1.504ms
[2025-06-03T15:47:40.209+0530][222.971s] GC(988) User=0.00s Sys=0.00s Real=0.00s
[2025-06-03T15:47:40.371+0530][223.133s] GC(989) Pause Young (Normal) (G1 Evacuation Pause)
[2025-06-03T15:47:40.371+0530][223.133s] GC(989) Using 8 workers of 8 for evacuation
[2025-06-03T15:47:40.372+0530][223.133s] GC(989) Skipped phase 1 of Reference Processing: no references
[2025-06-03T15:47:40.372+0530][223.133s] GC(989) Skipped phase 2 of Reference Processing: no references
[2025-06-03T15:47:40.372+0530][223.133s] GC(989) Skipped phase 3 of Reference Processing: no references
[2025-06-03T15:47:40.372+0530][223.133s] GC(989) Skipped phase 4 of Reference Processing: no references
[2025-06-03T15:47:40.372+0530][223.134s] GC(989)   Pre Evacuate Collection Set: 0.1ms
[2025-06-03T15:47:40.372+0530][223.134s] GC(989)   Merge Heap Roots: 0.1ms
[2025-06-03T15:47:40.372+0530][223.134s] GC(989)   Evacuate Collection Set: 0.3ms
[2025-06-03T15:47:40.372+0530][223.134s] GC(989)   Post Evacuate Collection Set: 0.5ms
[2025-06-03T15:47:40.372+0530][223.134s] GC(989)   Other: 0.2ms
[2025-06-03T15:47:40.372+0530][223.134s] GC(989) Eden regions: 306->0(306)
[2025-06-03T15:47:40.372+0530][223.134s] GC(989) Survivor regions: 1->1(39)
[2025-06-03T15:47:40.372+0530][223.134s] GC(989) Old regions: 9->9
[2025-06-03T15:47:40.372+0530][223.134s] GC(989) Archive regions: 2->2
[2025-06-03T15:47:40.372+0530][223.134s] GC(989) Humongous regions: 0->0
[2025-06-03T15:47:40.372+0530][223.134s] GC(989) Metaspace: 20481K(20928K)->20481K(20928K) NonClass: 17896K(18112K)->17896K(18112K) Class: 2585K(2816K)->2585K(2816K)
[2025-06-03T15:47:40.372+0530][223.134s] GC(989) Pause Young (Normal) (G1 Evacuation Pause) 315M->9M(512M) 1.321ms
[2025-06-03T15:47:40.372+0530][223.134s] GC(989) User=0.01s Sys=0.00s Real=0.00s
[2025-06-03T15:47:40.541+0530][223.303s] GC(990) Pause Young (Normal) (G1 Evacuation Pause)
[2025-06-03T15:47:40.541+0530][223.303s] GC(990) Using 8 workers of 8 for evacuation
[2025-06-03T15:47:40.542+0530][223.304s] GC(990) Skipped phase 1 of Reference Processing: no references
[2025-06-03T15:47:40.542+0530][223.304s] GC(990) Skipped phase 2 of Reference Processing: no references
[2025-06-03T15:47:40.542+0530][223.304s] GC(990) Skipped phase 3 of Reference Processing: no references
[2025-06-03T15:47:40.542+0530][223.304s] GC(990) Skipped phase 4 of Reference Processing: no references
[2025-06-03T15:47:40.542+0530][223.304s] GC(990)   Pre Evacuate Collection Set: 0.1ms
[2025-06-03T15:47:40.543+0530][223.304s] GC(990)   Merge Heap Roots: 0.1ms
[2025-06-03T15:47:40.543+0530][223.304s] GC(990)   Evacuate Collection Set: 0.3ms
[2025-06-03T15:47:40.543+0530][223.304s] GC(990)   Post Evacuate Collection Set: 0.5ms
[2025-06-03T15:47:40.543+0530][223.304s] GC(990)   Other: 0.2ms
[2025-06-03T15:47:40.543+0530][223.304s] GC(990) Eden regions: 306->0(306)
[2025-06-03T15:47:40.543+0530][223.304s] GC(990) Survivor regions: 1->1(39)
[2025-06-03T15:47:40.543+0530][223.304s] GC(990) Old regions: 9->9
[2025-06-03T15:47:40.543+0530][223.304s] GC(990) Archive regions: 2->2
[2025-06-03T15:47:40.543+0530][223.304s] GC(990) Humongous regions: 0->0
[2025-06-03T15:47:40.543+0530][223.304s] GC(990) Metaspace: 20481K(20928K)->20481K(20928K) NonClass: 17896K(18112K)->17896K(18112K) Class: 2585K(2816K)->2585K(2816K)
[2025-06-03T15:47:40.543+0530][223.304s] GC(990) Pause Young (Normal) (G1 Evacuation Pause) 315M->9M(512M) 1.391ms
[2025-06-03T15:47:40.543+0530][223.304s] GC(990) User=0.00s Sys=0.00s Real=0.00s
[2025-06-03T15:47:40.729+0530][223.491s] GC(991) Pause Young (Normal) (G1 Evacuation Pause)
[2025-06-03T15:47:40.729+0530][223.491s] GC(991) Using 8 workers of 8 for evacuation
[2025-06-03T15:47:40.730+0530][223.492s] GC(991) Skipped phase 1 of Reference Processing: no references
[2025-06-03T15:47:40.730+0530][223.492s] GC(991) Skipped phase 2 of Reference Processing: no references
[2025-06-03T15:47:40.730+0530][223.492s] GC(991) Skipped phase 3 of Reference Processing: no references
[2025-06-03T15:47:40.730+0530][223.492s] GC(991) Skipped phase 4 of Reference Processing: no references
[2025-06-03T15:47:40.730+0530][223.492s] GC(991)   Pre Evacuate Collection Set: 0.1ms
[2025-06-03T15:47:40.730+0530][223.492s] GC(991)   Merge Heap Roots: 0.1ms
[2025-06-03T15:47:40.730+0530][223.492s] GC(991)   Evacuate Collection Set: 0.3ms
[2025-06-03T15:47:40.730+0530][223.492s] GC(991)   Post Evacuate Collection Set: 0.5ms
[2025-06-03T15:47:40.730+0530][223.492s] GC(991)   Other: 0.3ms
[2025-06-03T15:47:40.730+0530][223.492s] GC(991) Eden regions: 306->0(306)
[2025-06-03T15:47:40.730+0530][223.492s] GC(991) Survivor regions: 1->1(39)
[2025-06-03T15:47:40.730+0530][223.492s] GC(991) Old regions: 9->9
[2025-06-03T15:47:40.730+0530][223.492s] GC(991) Archive regions: 2->2
[2025-06-03T15:47:40.730+0530][223.492s] GC(991) Humongous regions: 0->0
[2025-06-03T15:47:40.730+0530][223.492s] GC(991) Metaspace: 20481K(20928K)->20481K(20928K) NonClass: 17896K(18112K)->17896K(18112K) Class: 2585K(2816K)->2585K(2816K)
[2025-06-03T15:47:40.730+0530][223.492s] GC(991) Pause Young (Normal) (G1 Evacuation Pause) 315M->9M(512M) 1.428ms
[2025-06-03T15:47:40.730+0530][223.492s] GC(991) User=0.00s Sys=0.00s Real=0.01s
[2025-06-03T15:47:40.911+0530][223.673s] GC(992) Pause Young (Normal) (G1 Evacuation Pause)
[2025-06-03T15:47:40.911+0530][223.673s] GC(992) Using 8 workers of 8 for evacuation
[2025-06-03T15:47:40.912+0530][223.674s] GC(992) Skipped phase 1 of Reference Processing: no references
[2025-06-03T15:47:40.912+0530][223.674s] GC(992) Skipped phase 2 of Reference Processing: no references
[2025-06-03T15:47:40.912+0530][223.674s] GC(992) Skipped phase 3 of Reference Processing: no references
[2025-06-03T15:47:40.912+0530][223.674s] GC(992) Skipped phase 4 of Reference Processing: no references
[2025-06-03T15:47:40.912+0530][223.674s] GC(992)   Pre Evacuate Collection Set: 0.1ms
[2025-06-03T15:47:40.912+0530][223.674s] GC(992)   Merge Heap Roots: 0.1ms
[2025-06-03T15:47:40.912+0530][223.674s] GC(992)   Evacuate Collection Set: 0.2ms
[2025-06-03T15:47:40.912+0530][223.674s] GC(992)   Post Evacuate Collection Set: 0.4ms
[2025-06-03T15:47:40.912+0530][223.674s] GC(992)   Other: 0.2ms
[2025-06-03T15:47:40.912+0530][223.674s] GC(992) Eden regions: 306->0(306)
[2025-06-03T15:47:40.912+0530][223.674s] GC(992) Survivor regions: 1->1(39)
[2025-06-03T15:47:40.912+0530][223.674s] GC(992) Old regions: 9->9
[2025-06-03T15:47:40.912+0530][223.674s] GC(992) Archive regions: 2->2
[2025-06-03T15:47:40.912+0530][223.674s] GC(992) Humongous regions: 0->0
[2025-06-03T15:47:40.912+0530][223.674s] GC(992) Metaspace: 20481K(20928K)->20481K(20928K) NonClass: 17896K(18112K)->17896K(18112K) Class: 2585K(2816K)->2585K(2816K)
[2025-06-03T15:47:40.912+0530][223.674s] GC(992) Pause Young (Normal) (G1 Evacuation Pause) 315M->9M(512M) 1.125ms
[2025-06-03T15:47:40.913+0530][223.674s] GC(992) User=0.00s Sys=0.00s Real=0.00s
[2025-06-03T15:47:41.076+0530][223.837s] GC(993) Pause Young (Normal) (G1 Evacuation Pause)
[2025-06-03T15:47:41.076+0530][223.838s] GC(993) Using 8 workers of 8 for evacuation
[2025-06-03T15:47:41.076+0530][223.838s] GC(993) Skipped phase 1 of Reference Processing: no references
[2025-06-03T15:47:41.076+0530][223.838s] GC(993) Skipped phase 2 of Reference Processing: no references
[2025-06-03T15:47:41.076+0530][223.838s] GC(993) Skipped phase 3 of Reference Processing: no references
[2025-06-03T15:47:41.076+0530][223.838s] GC(993) Skipped phase 4 of Reference Processing: no references
[2025-06-03T15:47:41.077+0530][223.838s] GC(993)   Pre Evacuate Collection Set: 0.1ms
[2025-06-03T15:47:41.077+0530][223.839s] GC(993)   Merge Heap Roots: 0.1ms
[2025-06-03T15:47:41.077+0530][223.839s] GC(993)   Evacuate Collection Set: 0.2ms
[2025-06-03T15:47:41.077+0530][223.839s] GC(993)   Post Evacuate Collection Set: 0.4ms
[2025-06-03T15:47:41.077+0530][223.839s] GC(993)   Other: 0.2ms
[2025-06-03T15:47:41.077+0530][223.839s] GC(993) Eden regions: 306->0(306)
[2025-06-03T15:47:41.077+0530][223.839s] GC(993) Survivor regions: 1->1(39)
[2025-06-03T15:47:41.077+0530][223.839s] GC(993) Old regions: 9->9
[2025-06-03T15:47:41.077+0530][223.839s] GC(993) Archive regions: 2->2
[2025-06-03T15:47:41.077+0530][223.839s] GC(993) Humongous regions: 0->0
[2025-06-03T15:47:41.077+0530][223.839s] GC(993) Metaspace: 20481K(20928K)->20481K(20928K) NonClass: 17896K(18112K)->17896K(18112K) Class: 2585K(2816K)->2585K(2816K)
[2025-06-03T15:47:41.077+0530][223.839s] GC(993) Pause Young (Normal) (G1 Evacuation Pause) 315M->9M(512M) 1.319ms
[2025-06-03T15:47:41.077+0530][223.839s] GC(993) User=0.01s Sys=0.00s Real=0.00s
[2025-06-03T15:47:41.256+0530][224.018s] GC(994) Pause Young (Normal) (G1 Evacuation Pause)
[2025-06-03T15:47:41.256+0530][224.018s] GC(994) Using 8 workers of 8 for evacuation
[2025-06-03T15:47:41.257+0530][224.018s] GC(994) Skipped phase 1 of Reference Processing: no references
[2025-06-03T15:47:41.257+0530][224.018s] GC(994) Skipped phase 2 of Reference Processing: no references
[2025-06-03T15:47:41.257+0530][224.018s] GC(994) Skipped phase 3 of Reference Processing: no references
[2025-06-03T15:47:41.257+0530][224.018s] GC(994) Skipped phase 4 of Reference Processing: no references
[2025-06-03T15:47:41.257+0530][224.019s] GC(994)   Pre Evacuate Collection Set: 0.1ms
[2025-06-03T15:47:41.257+0530][224.019s] GC(994)   Merge Heap Roots: 0.1ms
[2025-06-03T15:47:41.257+0530][224.019s] GC(994)   Evacuate Collection Set: 0.3ms
[2025-06-03T15:47:41.257+0530][224.019s] GC(994)   Post Evacuate Collection Set: 0.6ms
[2025-06-03T15:47:41.257+0530][224.019s] GC(994)   Other: 0.2ms
[2025-06-03T15:47:41.257+0530][224.019s] GC(994) Eden regions: 306->0(306)
[2025-06-03T15:47:41.257+0530][224.019s] GC(994) Survivor regions: 1->1(39)
[2025-06-03T15:47:41.257+0530][224.019s] GC(994) Old regions: 9->9
[2025-06-03T15:47:41.257+0530][224.019s] GC(994) Archive regions: 2->2
[2025-06-03T15:47:41.257+0530][224.019s] GC(994) Humongous regions: 0->0
[2025-06-03T15:47:41.257+0530][224.019s] GC(994) Metaspace: 20481K(20928K)->20481K(20928K) NonClass: 17896K(18112K)->17896K(18112K) Class: 2585K(2816K)->2585K(2816K)
[2025-06-03T15:47:41.257+0530][224.019s] GC(994) Pause Young (Normal) (G1 Evacuation Pause) 315M->9M(512M) 1.492ms
[2025-06-03T15:47:41.257+0530][224.019s] GC(994) User=0.01s Sys=0.01s Real=0.00s
[2025-06-03T15:47:41.424+0530][224.186s] GC(995) Pause Young (Normal) (G1 Evacuation Pause)
[2025-06-03T15:47:41.425+0530][224.186s] GC(995) Using 8 workers of 8 for evacuation
[2025-06-03T15:47:41.425+0530][224.187s] GC(995) Skipped phase 1 of Reference Processing: no references
[2025-06-03T15:47:41.425+0530][224.187s] GC(995) Skipped phase 2 of Reference Processing: no references
[2025-06-03T15:47:41.425+0530][224.187s] GC(995) Skipped phase 3 of Reference Processing: no references
[2025-06-03T15:47:41.425+0530][224.187s] GC(995) Skipped phase 4 of Reference Processing: no references
[2025-06-03T15:47:41.425+0530][224.187s] GC(995)   Pre Evacuate Collection Set: 0.1ms
[2025-06-03T15:47:41.426+0530][224.187s] GC(995)   Merge Heap Roots: 0.1ms
[2025-06-03T15:47:41.426+0530][224.187s] GC(995)   Evacuate Collection Set: 0.2ms
[2025-06-03T15:47:41.426+0530][224.187s] GC(995)   Post Evacuate Collection Set: 0.5ms
[2025-06-03T15:47:41.426+0530][224.187s] GC(995)   Other: 0.2ms
[2025-06-03T15:47:41.426+0530][224.187s] GC(995) Eden regions: 306->0(306)
[2025-06-03T15:47:41.426+0530][224.187s] GC(995) Survivor regions: 1->1(39)
[2025-06-03T15:47:41.426+0530][224.187s] GC(995) Old regions: 9->9
[2025-06-03T15:47:41.426+0530][224.187s] GC(995) Archive regions: 2->2
[2025-06-03T15:47:41.426+0530][224.187s] GC(995) Humongous regions: 0->0
[2025-06-03T15:47:41.426+0530][224.187s] GC(995) Metaspace: 20481K(20928K)->20481K(20928K) NonClass: 17896K(18112K)->17896K(18112K) Class: 2585K(2816K)->2585K(2816K)
[2025-06-03T15:47:41.426+0530][224.188s] GC(995) Pause Young (Normal) (G1 Evacuation Pause) 315M->9M(512M) 1.287ms
[2025-06-03T15:47:41.426+0530][224.188s] GC(995) User=0.00s Sys=0.00s Real=0.00s
[2025-06-03T15:47:41.591+0530][224.352s] GC(996) Pause Young (Normal) (G1 Evacuation Pause)
[2025-06-03T15:47:41.591+0530][224.352s] GC(996) Using 8 workers of 8 for evacuation
[2025-06-03T15:47:41.591+0530][224.353s] GC(996) Skipped phase 1 of Reference Processing: no references
[2025-06-03T15:47:41.591+0530][224.353s] GC(996) Skipped phase 2 of Reference Processing: no references
[2025-06-03T15:47:41.591+0530][224.353s] GC(996) Skipped phase 3 of Reference Processing: no references
[2025-06-03T15:47:41.591+0530][224.353s] GC(996) Skipped phase 4 of Reference Processing: no references
[2025-06-03T15:47:41.592+0530][224.354s] GC(996)   Pre Evacuate Collection Set: 0.1ms
[2025-06-03T15:47:41.592+0530][224.354s] GC(996)   Merge Heap Roots: 0.1ms
[2025-06-03T15:47:41.592+0530][224.354s] GC(996)   Evacuate Collection Set: 0.3ms
[2025-06-03T15:47:41.592+0530][224.354s] GC(996)   Post Evacuate Collection Set: 0.6ms
[2025-06-03T15:47:41.592+0530][224.354s] GC(996)   Other: 0.2ms
[2025-06-03T15:47:41.592+0530][224.354s] GC(996) Eden regions: 306->0(306)
[2025-06-03T15:47:41.592+0530][224.354s] GC(996) Survivor regions: 1->1(39)
[2025-06-03T15:47:41.592+0530][224.354s] GC(996) Old regions: 9->9
[2025-06-03T15:47:41.592+0530][224.354s] GC(996) Archive regions: 2->2
[2025-06-03T15:47:41.592+0530][224.354s] GC(996) Humongous regions: 0->0
[2025-06-03T15:47:41.592+0530][224.354s] GC(996) Metaspace: 20481K(20928K)->20481K(20928K) NonClass: 17896K(18112K)->17896K(18112K) Class: 2585K(2816K)->2585K(2816K)
[2025-06-03T15:47:41.592+0530][224.354s] GC(996) Pause Young (Normal) (G1 Evacuation Pause) 315M->9M(512M) 1.545ms
[2025-06-03T15:47:41.592+0530][224.354s] GC(996) User=0.00s Sys=0.00s Real=0.00s
[2025-06-03T15:47:41.813+0530][224.575s] GC(997) Pause Young (Normal) (G1 Evacuation Pause)
[2025-06-03T15:47:41.813+0530][224.575s] GC(997) Using 8 workers of 8 for evacuation
[2025-06-03T15:47:41.814+0530][224.576s] GC(997) Skipped phase 1 of Reference Processing: no references
[2025-06-03T15:47:41.814+0530][224.576s] GC(997) Skipped phase 2 of Reference Processing: no references
[2025-06-03T15:47:41.814+0530][224.576s] GC(997) Skipped phase 3 of Reference Processing: no references
[2025-06-03T15:47:41.814+0530][224.576s] GC(997) Skipped phase 4 of Reference Processing: no references
[2025-06-03T15:47:41.815+0530][224.576s] GC(997)   Pre Evacuate Collection Set: 0.1ms
[2025-06-03T15:47:41.815+0530][224.576s] GC(997)   Merge Heap Roots: 0.1ms
[2025-06-03T15:47:41.815+0530][224.576s] GC(997)   Evacuate Collection Set: 0.3ms
[2025-06-03T15:47:41.815+0530][224.576s] GC(997)   Post Evacuate Collection Set: 0.7ms
[2025-06-03T15:47:41.815+0530][224.576s] GC(997)   Other: 0.2ms
[2025-06-03T15:47:41.815+0530][224.577s] GC(997) Eden regions: 306->0(306)
[2025-06-03T15:47:41.815+0530][224.577s] GC(997) Survivor regions: 1->1(39)
[2025-06-03T15:47:41.815+0530][224.577s] GC(997) Old regions: 9->9
[2025-06-03T15:47:41.815+0530][224.577s] GC(997) Archive regions: 2->2
[2025-06-03T15:47:41.815+0530][224.577s] GC(997) Humongous regions: 0->0
[2025-06-03T15:47:41.815+0530][224.577s] GC(997) Metaspace: 20481K(20928K)->20481K(20928K) NonClass: 17896K(18112K)->17896K(18112K) Class: 2585K(2816K)->2585K(2816K)
[2025-06-03T15:47:41.815+0530][224.577s] GC(997) Pause Young (Normal) (G1 Evacuation Pause) 315M->9M(512M) 1.715ms
[2025-06-03T15:47:41.815+0530][224.577s] GC(997) User=0.00s Sys=0.01s Real=0.00s
[2025-06-03T15:47:42.064+0530][224.826s] GC(998) Pause Young (Normal) (G1 Evacuation Pause)
[2025-06-03T15:47:42.064+0530][224.826s] GC(998) Using 8 workers of 8 for evacuation
[2025-06-03T15:47:42.065+0530][224.827s] GC(998) Skipped phase 1 of Reference Processing: no references
[2025-06-03T15:47:42.065+0530][224.827s] GC(998) Skipped phase 2 of Reference Processing: no references
[2025-06-03T15:47:42.065+0530][224.827s] GC(998) Skipped phase 3 of Reference Processing: no references
[2025-06-03T15:47:42.065+0530][224.827s] GC(998) Skipped phase 4 of Reference Processing: no references
[2025-06-03T15:47:42.066+0530][224.827s] GC(998)   Pre Evacuate Collection Set: 0.1ms
[2025-06-03T15:47:42.066+0530][224.827s] GC(998)   Merge Heap Roots: 0.1ms
[2025-06-03T15:47:42.066+0530][224.827s] GC(998)   Evacuate Collection Set: 0.3ms
[2025-06-03T15:47:42.066+0530][224.828s] GC(998)   Post Evacuate Collection Set: 0.6ms
[2025-06-03T15:47:42.066+0530][224.828s] GC(998)   Other: 0.2ms
[2025-06-03T15:47:42.066+0530][224.828s] GC(998) Eden regions: 306->0(306)
[2025-06-03T15:47:42.066+0530][224.828s] GC(998) Survivor regions: 1->1(39)
[2025-06-03T15:47:42.066+0530][224.828s] GC(998) Old regions: 9->9
[2025-06-03T15:47:42.066+0530][224.828s] GC(998) Archive regions: 2->2
[2025-06-03T15:47:42.066+0530][224.828s] GC(998) Humongous regions: 0->0
[2025-06-03T15:47:42.066+0530][224.828s] GC(998) Metaspace: 20481K(20928K)->20481K(20928K) NonClass: 17896K(18112K)->17896K(18112K) Class: 2585K(2816K)->2585K(2816K)
[2025-06-03T15:47:42.066+0530][224.828s] GC(998) Pause Young (Normal) (G1 Evacuation Pause) 315M->9M(512M) 1.501ms
[2025-06-03T15:47:42.066+0530][224.828s] GC(998) User=0.00s Sys=0.00s Real=0.00s
[2025-06-03T15:47:42.372+0530][225.134s] GC(999) Pause Young (Normal) (G1 Evacuation Pause)
[2025-06-03T15:47:42.372+0530][225.134s] GC(999) Using 8 workers of 8 for evacuation
[2025-06-03T15:47:42.373+0530][225.135s] GC(999) Skipped phase 1 of Reference Processing: no references
[2025-06-03T15:47:42.373+0530][225.135s] GC(999) Skipped phase 2 of Reference Processing: no references
[2025-06-03T15:47:42.373+0530][225.135s] GC(999) Skipped phase 3 of Reference Processing: no references
[2025-06-03T15:47:42.373+0530][225.135s] GC(999) Skipped phase 4 of Reference Processing: no references
[2025-06-03T15:47:42.373+0530][225.135s] GC(999)   Pre Evacuate Collection Set: 0.1ms
[2025-06-03T15:47:42.373+0530][225.135s] GC(999)   Merge Heap Roots: 0.1ms
[2025-06-03T15:47:42.374+0530][225.135s] GC(999)   Evacuate Collection Set: 0.3ms
[2025-06-03T15:47:42.374+0530][225.135s] GC(999)   Post Evacuate Collection Set: 0.7ms
[2025-06-03T15:47:42.374+0530][225.135s] GC(999)   Other: 0.2ms
[2025-06-03T15:47:42.374+0530][225.135s] GC(999) Eden regions: 306->0(306)
[2025-06-03T15:47:42.374+0530][225.135s] GC(999) Survivor regions: 1->1(39)
[2025-06-03T15:47:42.374+0530][225.136s] GC(999) Old regions: 9->9
[2025-06-03T15:47:42.374+0530][225.136s] GC(999) Archive regions: 2->2
[2025-06-03T15:47:42.374+0530][225.136s] GC(999) Humongous regions: 0->0
[2025-06-03T15:47:42.374+0530][225.136s] GC(999) Metaspace: 20481K(20928K)->20481K(20928K) NonClass: 17896K(18112K)->17896K(18112K) Class: 2585K(2816K)->2585K(2816K)
[2025-06-03T15:47:42.374+0530][225.136s] GC(999) Pause Young (Normal) (G1 Evacuation Pause) 315M->9M(512M) 1.904ms
[2025-06-03T15:47:42.374+0530][225.136s] GC(999) User=0.01s Sys=0.00s Real=0.00s
[2025-06-03T15:47:42.624+0530][225.386s] GC(1000) Pause Young (Normal) (G1 Evacuation Pause)
[2025-06-03T15:47:42.624+0530][225.386s] GC(1000) Using 8 workers of 8 for evacuation
[2025-06-03T15:47:42.625+0530][225.387s] GC(1000) Skipped phase 1 of Reference Processing: no references
[2025-06-03T15:47:42.625+0530][225.387s] GC(1000) Skipped phase 2 of Reference Processing: no references
[2025-06-03T15:47:42.625+0530][225.387s] GC(1000) Skipped phase 3 of Reference Processing: no references
[2025-06-03T15:47:42.625+0530][225.387s] GC(1000) Skipped phase 4 of Reference Processing: no references
[2025-06-03T15:47:42.625+0530][225.387s] GC(1000)   Pre Evacuate Collection Set: 0.1ms
[2025-06-03T15:47:42.625+0530][225.387s] GC(1000)   Merge Heap Roots: 0.1ms
[2025-06-03T15:47:42.626+0530][225.387s] GC(1000)   Evacuate Collection Set: 0.3ms
[2025-06-03T15:47:42.626+0530][225.387s] GC(1000)   Post Evacuate Collection Set: 0.5ms
[2025-06-03T15:47:42.626+0530][225.387s] GC(1000)   Other: 0.2ms
[2025-06-03T15:47:42.626+0530][225.387s] GC(1000) Eden regions: 306->0(306)
[2025-06-03T15:47:42.626+0530][225.387s] GC(1000) Survivor regions: 1->1(39)
[2025-06-03T15:47:42.626+0530][225.388s] GC(1000) Old regions: 9->9
[2025-06-03T15:47:42.626+0530][225.388s] GC(1000) Archive regions: 2->2
[2025-06-03T15:47:42.626+0530][225.388s] GC(1000) Humongous regions: 0->0
[2025-06-03T15:47:42.626+0530][225.388s] GC(1000) Metaspace: 20481K(20928K)->20481K(20928K) NonClass: 17896K(18112K)->17896K(18112K) Class: 2585K(2816K)->2585K(2816K)
[2025-06-03T15:47:42.626+0530][225.388s] GC(1000) Pause Young (Normal) (G1 Evacuation Pause) 315M->9M(512M) 1.434ms
[2025-06-03T15:47:42.626+0530][225.388s] GC(1000) User=0.00s Sys=0.00s Real=0.00s
[2025-06-03T15:47:42.813+0530][225.575s] GC(1001) Pause Young (Normal) (G1 Evacuation Pause)
[2025-06-03T15:47:42.813+0530][225.575s] GC(1001) Using 8 workers of 8 for evacuation
[2025-06-03T15:47:42.813+0530][225.575s] GC(1001) Skipped phase 1 of Reference Processing: no references
[2025-06-03T15:47:42.813+0530][225.575s] GC(1001) Skipped phase 2 of Reference Processing: no references
[2025-06-03T15:47:42.813+0530][225.575s] GC(1001) Skipped phase 3 of Reference Processing: no references
[2025-06-03T15:47:42.813+0530][225.575s] GC(1001) Skipped phase 4 of Reference Processing: no references
[2025-06-03T15:47:42.814+0530][225.576s] GC(1001)   Pre Evacuate Collection Set: 0.1ms
[2025-06-03T15:47:42.814+0530][225.576s] GC(1001)   Merge Heap Roots: 0.1ms
[2025-06-03T15:47:42.814+0530][225.576s] GC(1001)   Evacuate Collection Set: 0.3ms
[2025-06-03T15:47:42.814+0530][225.576s] GC(1001)   Post Evacuate Collection Set: 0.5ms
[2025-06-03T15:47:42.814+0530][225.576s] GC(1001)   Other: 0.2ms
[2025-06-03T15:47:42.814+0530][225.576s] GC(1001) Eden regions: 306->0(306)
[2025-06-03T15:47:42.814+0530][225.576s] GC(1001) Survivor regions: 1->1(39)
[2025-06-03T15:47:42.814+0530][225.576s] GC(1001) Old regions: 9->9
[2025-06-03T15:47:42.814+0530][225.576s] GC(1001) Archive regions: 2->2
[2025-06-03T15:47:42.814+0530][225.576s] GC(1001) Humongous regions: 0->0
[2025-06-03T15:47:42.814+0530][225.576s] GC(1001) Metaspace: 20481K(20928K)->20481K(20928K) NonClass: 17896K(18112K)->17896K(18112K) Class: 2585K(2816K)->2585K(2816K)
[2025-06-03T15:47:42.814+0530][225.576s] GC(1001) Pause Young (Normal) (G1 Evacuation Pause) 315M->9M(512M) 1.377ms
[2025-06-03T15:47:42.814+0530][225.576s] GC(1001) User=0.00s Sys=0.00s Real=0.00s
[2025-06-03T15:47:42.985+0530][225.747s] GC(1002) Pause Young (Normal) (G1 Evacuation Pause)
[2025-06-03T15:47:42.985+0530][225.747s] GC(1002) Using 8 workers of 8 for evacuation
[2025-06-03T15:47:42.986+0530][225.748s] GC(1002) Skipped phase 1 of Reference Processing: no references
[2025-06-03T15:47:42.986+0530][225.748s] GC(1002) Skipped phase 2 of Reference Processing: no references
[2025-06-03T15:47:42.986+0530][225.748s] GC(1002) Skipped phase 3 of Reference Processing: no references
[2025-06-03T15:47:42.986+0530][225.748s] GC(1002) Skipped phase 4 of Reference Processing: no references
[2025-06-03T15:47:42.987+0530][225.749s] GC(1002)   Pre Evacuate Collection Set: 0.1ms
[2025-06-03T15:47:42.987+0530][225.749s] GC(1002)   Merge Heap Roots: 0.1ms
[2025-06-03T15:47:42.987+0530][225.749s] GC(1002)   Evacuate Collection Set: 0.4ms
[2025-06-03T15:47:42.987+0530][225.749s] GC(1002)   Post Evacuate Collection Set: 1.1ms
[2025-06-03T15:47:42.987+0530][225.749s] GC(1002)   Other: 0.2ms
[2025-06-03T15:47:42.987+0530][225.749s] GC(1002) Eden regions: 306->0(306)
[2025-06-03T15:47:42.987+0530][225.749s] GC(1002) Survivor regions: 1->1(39)
[2025-06-03T15:47:42.988+0530][225.749s] GC(1002) Old regions: 9->9
[2025-06-03T15:47:42.988+0530][225.749s] GC(1002) Archive regions: 2->2
[2025-06-03T15:47:42.988+0530][225.749s] GC(1002) Humongous regions: 0->0
[2025-06-03T15:47:42.988+0530][225.749s] GC(1002) Metaspace: 20481K(20928K)->20481K(20928K) NonClass: 17896K(18112K)->17896K(18112K) Class: 2585K(2816K)->2585K(2816K)
[2025-06-03T15:47:42.988+0530][225.750s] GC(1002) Pause Young (Normal) (G1 Evacuation Pause) 315M->9M(512M) 2.298ms
[2025-06-03T15:47:42.988+0530][225.750s] GC(1002) User=0.00s Sys=0.00s Real=0.00s
[2025-06-03T15:47:43.184+0530][225.946s] GC(1003) Pause Young (Normal) (G1 Evacuation Pause)
[2025-06-03T15:47:43.184+0530][225.946s] GC(1003) Using 8 workers of 8 for evacuation
[2025-06-03T15:47:43.185+0530][225.946s] GC(1003) Skipped phase 1 of Reference Processing: no references
[2025-06-03T15:47:43.185+0530][225.946s] GC(1003) Skipped phase 2 of Reference Processing: no references
[2025-06-03T15:47:43.185+0530][225.947s] GC(1003) Skipped phase 3 of Reference Processing: no references
[2025-06-03T15:47:43.185+0530][225.947s] GC(1003) Skipped phase 4 of Reference Processing: no references
[2025-06-03T15:47:43.185+0530][225.947s] GC(1003)   Pre Evacuate Collection Set: 0.1ms
[2025-06-03T15:47:43.186+0530][225.947s] GC(1003)   Merge Heap Roots: 0.1ms
[2025-06-03T15:47:43.186+0530][225.948s] GC(1003)   Evacuate Collection Set: 0.4ms
[2025-06-03T15:47:43.186+0530][225.948s] GC(1003)   Post Evacuate Collection Set: 0.9ms
[2025-06-03T15:47:43.186+0530][225.948s] GC(1003)   Other: 0.3ms
[2025-06-03T15:47:43.186+0530][225.948s] GC(1003) Eden regions: 306->0(306)
[2025-06-03T15:47:43.186+0530][225.948s] GC(1003) Survivor regions: 1->1(39)
[2025-06-03T15:47:43.186+0530][225.948s] GC(1003) Old regions: 9->9
[2025-06-03T15:47:43.186+0530][225.948s] GC(1003) Archive regions: 2->2
[2025-06-03T15:47:43.186+0530][225.948s] GC(1003) Humongous regions: 0->0
[2025-06-03T15:47:43.186+0530][225.948s] GC(1003) Metaspace: 20484K(20928K)->20484K(20928K) NonClass: 17899K(18112K)->17899K(18112K) Class: 2585K(2816K)->2585K(2816K)
[2025-06-03T15:47:43.186+0530][225.948s] GC(1003) Pause Young (Normal) (G1 Evacuation Pause) 315M->9M(512M) 2.208ms
[2025-06-03T15:47:43.186+0530][225.948s] GC(1003) User=0.00s Sys=0.00s Real=0.00s
[2025-06-03T15:47:43.388+0530][226.149s] GC(1004) Pause Young (Normal) (G1 Evacuation Pause)
[2025-06-03T15:47:43.388+0530][226.149s] GC(1004) Using 8 workers of 8 for evacuation
[2025-06-03T15:47:43.388+0530][226.150s] GC(1004) Skipped phase 1 of Reference Processing: no references
[2025-06-03T15:47:43.388+0530][226.150s] GC(1004) Skipped phase 2 of Reference Processing: no references
[2025-06-03T15:47:43.388+0530][226.150s] GC(1004) Skipped phase 3 of Reference Processing: no references
[2025-06-03T15:47:43.388+0530][226.150s] GC(1004) Skipped phase 4 of Reference Processing: no references
[2025-06-03T15:47:43.389+0530][226.151s] GC(1004)   Pre Evacuate Collection Set: 0.1ms
[2025-06-03T15:47:43.389+0530][226.151s] GC(1004)   Merge Heap Roots: 0.1ms
[2025-06-03T15:47:43.389+0530][226.151s] GC(1004)   Evacuate Collection Set: 0.3ms
[2025-06-03T15:47:43.389+0530][226.151s] GC(1004)   Post Evacuate Collection Set: 0.5ms
[2025-06-03T15:47:43.389+0530][226.151s] GC(1004)   Other: 0.2ms
[2025-06-03T15:47:43.389+0530][226.151s] GC(1004) Eden regions: 306->0(306)
[2025-06-03T15:47:43.389+0530][226.151s] GC(1004) Survivor regions: 1->1(39)
[2025-06-03T15:47:43.389+0530][226.151s] GC(1004) Old regions: 9->9
[2025-06-03T15:47:43.389+0530][226.151s] GC(1004) Archive regions: 2->2
[2025-06-03T15:47:43.389+0530][226.151s] GC(1004) Humongous regions: 0->0
[2025-06-03T15:47:43.389+0530][226.151s] GC(1004) Metaspace: 20484K(20928K)->20484K(20928K) NonClass: 17899K(18112K)->17899K(18112K) Class: 2585K(2816K)->2585K(2816K)
[2025-06-03T15:47:43.389+0530][226.151s] GC(1004) Pause Young (Normal) (G1 Evacuation Pause) 315M->9M(512M) 1.312ms
[2025-06-03T15:47:43.389+0530][226.151s] GC(1004) User=0.01s Sys=0.00s Real=0.00s
[2025-06-03T15:47:43.585+0530][226.346s] GC(1005) Pause Young (Normal) (G1 Evacuation Pause)
[2025-06-03T15:47:43.585+0530][226.346s] GC(1005) Using 8 workers of 8 for evacuation
[2025-06-03T15:47:43.585+0530][226.347s] GC(1005) Skipped phase 1 of Reference Processing: no references
[2025-06-03T15:47:43.585+0530][226.347s] GC(1005) Skipped phase 2 of Reference Processing: no references
[2025-06-03T15:47:43.585+0530][226.347s] GC(1005) Skipped phase 3 of Reference Processing: no references
[2025-06-03T15:47:43.585+0530][226.347s] GC(1005) Skipped phase 4 of Reference Processing: no references
[2025-06-03T15:47:43.586+0530][226.347s] GC(1005)   Pre Evacuate Collection Set: 0.1ms
[2025-06-03T15:47:43.586+0530][226.348s] GC(1005)   Merge Heap Roots: 0.1ms
[2025-06-03T15:47:43.586+0530][226.348s] GC(1005)   Evacuate Collection Set: 0.2ms
[2025-06-03T15:47:43.586+0530][226.348s] GC(1005)   Post Evacuate Collection Set: 0.5ms
[2025-06-03T15:47:43.586+0530][226.348s] GC(1005)   Other: 0.2ms
[2025-06-03T15:47:43.586+0530][226.348s] GC(1005) Eden regions: 306->0(306)
[2025-06-03T15:47:43.586+0530][226.348s] GC(1005) Survivor regions: 1->1(39)
[2025-06-03T15:47:43.586+0530][226.348s] GC(1005) Old regions: 9->9
[2025-06-03T15:47:43.586+0530][226.348s] GC(1005) Archive regions: 2->2
[2025-06-03T15:47:43.586+0530][226.348s] GC(1005) Humongous regions: 0->0
[2025-06-03T15:47:43.586+0530][226.348s] GC(1005) Metaspace: 20484K(20928K)->20484K(20928K) NonClass: 17899K(18112K)->17899K(18112K) Class: 2585K(2816K)->2585K(2816K)
[2025-06-03T15:47:43.586+0530][226.348s] GC(1005) Pause Young (Normal) (G1 Evacuation Pause) 315M->9M(512M) 1.394ms
[2025-06-03T15:47:43.586+0530][226.348s] GC(1005) User=0.00s Sys=0.00s Real=0.00s
[2025-06-03T15:47:43.783+0530][226.545s] GC(1006) Pause Young (Normal) (G1 Evacuation Pause)
[2025-06-03T15:47:43.783+0530][226.545s] GC(1006) Using 8 workers of 8 for evacuation
[2025-06-03T15:47:43.783+0530][226.545s] GC(1006) Skipped phase 1 of Reference Processing: no references
[2025-06-03T15:47:43.783+0530][226.545s] GC(1006) Skipped phase 2 of Reference Processing: no references
[2025-06-03T15:47:43.783+0530][226.545s] GC(1006) Skipped phase 3 of Reference Processing: no references
[2025-06-03T15:47:43.783+0530][226.545s] GC(1006) Skipped phase 4 of Reference Processing: no references
[2025-06-03T15:47:43.784+0530][226.546s] GC(1006)   Pre Evacuate Collection Set: 0.1ms
[2025-06-03T15:47:43.784+0530][226.546s] GC(1006)   Merge Heap Roots: 0.1ms
[2025-06-03T15:47:43.784+0530][226.546s] GC(1006)   Evacuate Collection Set: 0.3ms
[2025-06-03T15:47:43.784+0530][226.546s] GC(1006)   Post Evacuate Collection Set: 0.5ms
[2025-06-03T15:47:43.784+0530][226.546s] GC(1006)   Other: 0.3ms
[2025-06-03T15:47:43.784+0530][226.546s] GC(1006) Eden regions: 306->0(306)
[2025-06-03T15:47:43.784+0530][226.546s] GC(1006) Survivor regions: 1->1(39)
[2025-06-03T15:47:43.784+0530][226.546s] GC(1006) Old regions: 9->9
[2025-06-03T15:47:43.784+0530][226.546s] GC(1006) Archive regions: 2->2
[2025-06-03T15:47:43.784+0530][226.546s] GC(1006) Humongous regions: 0->0
[2025-06-03T15:47:43.784+0530][226.546s] GC(1006) Metaspace: 20484K(20928K)->20484K(20928K) NonClass: 17899K(18112K)->17899K(18112K) Class: 2585K(2816K)->2585K(2816K)
[2025-06-03T15:47:43.784+0530][226.546s] GC(1006) Pause Young (Normal) (G1 Evacuation Pause) 315M->9M(512M) 1.457ms
[2025-06-03T15:47:43.784+0530][226.546s] GC(1006) User=0.00s Sys=0.00s Real=0.00s
[2025-06-03T15:47:43.963+0530][226.725s] GC(1007) Pause Young (Normal) (G1 Evacuation Pause)
[2025-06-03T15:47:43.963+0530][226.725s] GC(1007) Using 8 workers of 8 for evacuation
[2025-06-03T15:47:43.963+0530][226.725s] GC(1007) Skipped phase 1 of Reference Processing: no references
[2025-06-03T15:47:43.963+0530][226.725s] GC(1007) Skipped phase 2 of Reference Processing: no references
[2025-06-03T15:47:43.963+0530][226.725s] GC(1007) Skipped phase 3 of Reference Processing: no references
[2025-06-03T15:47:43.963+0530][226.725s] GC(1007) Skipped phase 4 of Reference Processing: no references
[2025-06-03T15:47:43.964+0530][226.726s] GC(1007)   Pre Evacuate Collection Set: 0.1ms
[2025-06-03T15:47:43.964+0530][226.726s] GC(1007)   Merge Heap Roots: 0.1ms
[2025-06-03T15:47:43.964+0530][226.726s] GC(1007)   Evacuate Collection Set: 0.2ms
[2025-06-03T15:47:43.964+0530][226.726s] GC(1007)   Post Evacuate Collection Set: 0.4ms
[2025-06-03T15:47:43.964+0530][226.726s] GC(1007)   Other: 0.2ms
[2025-06-03T15:47:43.964+0530][226.726s] GC(1007) Eden regions: 306->0(306)
[2025-06-03T15:47:43.964+0530][226.726s] GC(1007) Survivor regions: 1->1(39)
[2025-06-03T15:47:43.964+0530][226.726s] GC(1007) Old regions: 9->9
[2025-06-03T15:47:43.964+0530][226.726s] GC(1007) Archive regions: 2->2
[2025-06-03T15:47:43.964+0530][226.726s] GC(1007) Humongous regions: 0->0
[2025-06-03T15:47:43.964+0530][226.726s] GC(1007) Metaspace: 20484K(20928K)->20484K(20928K) NonClass: 17899K(18112K)->17899K(18112K) Class: 2585K(2816K)->2585K(2816K)
[2025-06-03T15:47:43.964+0530][226.726s] GC(1007) Pause Young (Normal) (G1 Evacuation Pause) 315M->9M(512M) 1.239ms
[2025-06-03T15:47:43.964+0530][226.726s] GC(1007) User=0.00s Sys=0.00s Real=0.00s
[2025-06-03T15:47:44.146+0530][226.908s] GC(1008) Pause Young (Normal) (G1 Evacuation Pause)
[2025-06-03T15:47:44.146+0530][226.908s] GC(1008) Using 8 workers of 8 for evacuation
[2025-06-03T15:47:44.147+0530][226.909s] GC(1008) Skipped phase 1 of Reference Processing: no references
[2025-06-03T15:47:44.147+0530][226.909s] GC(1008) Skipped phase 2 of Reference Processing: no references
[2025-06-03T15:47:44.147+0530][226.909s] GC(1008) Skipped phase 3 of Reference Processing: no references
[2025-06-03T15:47:44.147+0530][226.909s] GC(1008) Skipped phase 4 of Reference Processing: no references
[2025-06-03T15:47:44.148+0530][226.909s] GC(1008)   Pre Evacuate Collection Set: 0.2ms
[2025-06-03T15:47:44.148+0530][226.909s] GC(1008)   Merge Heap Roots: 0.1ms
[2025-06-03T15:47:44.148+0530][226.909s] GC(1008)   Evacuate Collection Set: 0.5ms
[2025-06-03T15:47:44.148+0530][226.909s] GC(1008)   Post Evacuate Collection Set: 0.6ms
[2025-06-03T15:47:44.148+0530][226.909s] GC(1008)   Other: 0.3ms
[2025-06-03T15:47:44.148+0530][226.910s] GC(1008) Eden regions: 306->0(306)
[2025-06-03T15:47:44.148+0530][226.910s] GC(1008) Survivor regions: 1->1(39)
[2025-06-03T15:47:44.148+0530][226.910s] GC(1008) Old regions: 9->9
[2025-06-03T15:47:44.148+0530][226.910s] GC(1008) Archive regions: 2->2
[2025-06-03T15:47:44.148+0530][226.910s] GC(1008) Humongous regions: 0->0
[2025-06-03T15:47:44.148+0530][226.910s] GC(1008) Metaspace: 20484K(20928K)->20484K(20928K) NonClass: 17899K(18112K)->17899K(18112K) Class: 2585K(2816K)->2585K(2816K)
[2025-06-03T15:47:44.148+0530][226.910s] GC(1008) Pause Young (Normal) (G1 Evacuation Pause) 315M->9M(512M) 1.826ms
[2025-06-03T15:47:44.148+0530][226.910s] GC(1008) User=0.00s Sys=0.00s Real=0.00s
[2025-06-03T15:47:44.374+0530][227.136s] GC(1009) Pause Young (Normal) (G1 Evacuation Pause)
[2025-06-03T15:47:44.374+0530][227.136s] GC(1009) Using 8 workers of 8 for evacuation
[2025-06-03T15:47:44.374+0530][227.136s] GC(1009) Skipped phase 1 of Reference Processing: no references
[2025-06-03T15:47:44.375+0530][227.136s] GC(1009) Skipped phase 2 of Reference Processing: no references
[2025-06-03T15:47:44.375+0530][227.136s] GC(1009) Skipped phase 3 of Reference Processing: no references
[2025-06-03T15:47:44.375+0530][227.136s] GC(1009) Skipped phase 4 of Reference Processing: no references
[2025-06-03T15:47:44.375+0530][227.137s] GC(1009)   Pre Evacuate Collection Set: 0.1ms
[2025-06-03T15:47:44.375+0530][227.137s] GC(1009)   Merge Heap Roots: 0.1ms
[2025-06-03T15:47:44.375+0530][227.137s] GC(1009)   Evacuate Collection Set: 0.3ms
[2025-06-03T15:47:44.375+0530][227.137s] GC(1009)   Post Evacuate Collection Set: 0.4ms
[2025-06-03T15:47:44.375+0530][227.137s] GC(1009)   Other: 0.2ms
[2025-06-03T15:47:44.375+0530][227.137s] GC(1009) Eden regions: 306->0(306)
[2025-06-03T15:47:44.375+0530][227.137s] GC(1009) Survivor regions: 1->1(39)
[2025-06-03T15:47:44.375+0530][227.137s] GC(1009) Old regions: 9->9
[2025-06-03T15:47:44.375+0530][227.137s] GC(1009) Archive regions: 2->2
[2025-06-03T15:47:44.375+0530][227.137s] GC(1009) Humongous regions: 0->0
[2025-06-03T15:47:44.375+0530][227.137s] GC(1009) Metaspace: 20484K(20928K)->20484K(20928K) NonClass: 17899K(18112K)->17899K(18112K) Class: 2585K(2816K)->2585K(2816K)
[2025-06-03T15:47:44.375+0530][227.137s] GC(1009) Pause Young (Normal) (G1 Evacuation Pause) 315M->9M(512M) 1.263ms
[2025-06-03T15:47:44.375+0530][227.137s] GC(1009) User=0.00s Sys=0.00s Real=0.00s
[2025-06-03T15:47:44.553+0530][227.315s] GC(1010) Pause Young (Normal) (G1 Evacuation Pause)
[2025-06-03T15:47:44.553+0530][227.315s] GC(1010) Using 8 workers of 8 for evacuation
[2025-06-03T15:47:44.554+0530][227.316s] GC(1010) Skipped phase 1 of Reference Processing: no references
[2025-06-03T15:47:44.554+0530][227.316s] GC(1010) Skipped phase 2 of Reference Processing: no references
[2025-06-03T15:47:44.554+0530][227.316s] GC(1010) Skipped phase 3 of Reference Processing: no references
[2025-06-03T15:47:44.554+0530][227.316s] GC(1010) Skipped phase 4 of Reference Processing: no references
[2025-06-03T15:47:44.555+0530][227.316s] GC(1010)   Pre Evacuate Collection Set: 0.1ms
[2025-06-03T15:47:44.555+0530][227.316s] GC(1010)   Merge Heap Roots: 0.1ms
[2025-06-03T15:47:44.555+0530][227.316s] GC(1010)   Evacuate Collection Set: 0.3ms
[2025-06-03T15:47:44.555+0530][227.316s] GC(1010)   Post Evacuate Collection Set: 0.8ms
[2025-06-03T15:47:44.555+0530][227.316s] GC(1010)   Other: 0.3ms
[2025-06-03T15:47:44.555+0530][227.317s] GC(1010) Eden regions: 306->0(306)
[2025-06-03T15:47:44.555+0530][227.317s] GC(1010) Survivor regions: 1->1(39)
[2025-06-03T15:47:44.555+0530][227.317s] GC(1010) Old regions: 9->9
[2025-06-03T15:47:44.555+0530][227.317s] GC(1010) Archive regions: 2->2
[2025-06-03T15:47:44.555+0530][227.317s] GC(1010) Humongous regions: 0->0
[2025-06-03T15:47:44.555+0530][227.317s] GC(1010) Metaspace: 20484K(20928K)->20484K(20928K) NonClass: 17899K(18112K)->17899K(18112K) Class: 2585K(2816K)->2585K(2816K)
[2025-06-03T15:47:44.555+0530][227.317s] GC(1010) Pause Young (Normal) (G1 Evacuation Pause) 315M->9M(512M) 1.780ms
[2025-06-03T15:47:44.555+0530][227.317s] GC(1010) User=0.00s Sys=0.00s Real=0.00s
[2025-06-03T15:47:44.730+0530][227.491s] GC(1011) Pause Young (Normal) (G1 Evacuation Pause)
[2025-06-03T15:47:44.730+0530][227.491s] GC(1011) Using 8 workers of 8 for evacuation
[2025-06-03T15:47:44.730+0530][227.492s] GC(1011) Skipped phase 1 of Reference Processing: no references
[2025-06-03T15:47:44.730+0530][227.492s] GC(1011) Skipped phase 2 of Reference Processing: no references
[2025-06-03T15:47:44.730+0530][227.492s] GC(1011) Skipped phase 3 of Reference Processing: no references
[2025-06-03T15:47:44.730+0530][227.492s] GC(1011) Skipped phase 4 of Reference Processing: no references
[2025-06-03T15:47:44.731+0530][227.492s] GC(1011)   Pre Evacuate Collection Set: 0.1ms
[2025-06-03T15:47:44.731+0530][227.492s] GC(1011)   Merge Heap Roots: 0.1ms
[2025-06-03T15:47:44.731+0530][227.493s] GC(1011)   Evacuate Collection Set: 0.2ms
[2025-06-03T15:47:44.731+0530][227.493s] GC(1011)   Post Evacuate Collection Set: 0.5ms
[2025-06-03T15:47:44.731+0530][227.493s] GC(1011)   Other: 0.2ms
[2025-06-03T15:47:44.731+0530][227.493s] GC(1011) Eden regions: 306->0(306)
[2025-06-03T15:47:44.731+0530][227.493s] GC(1011) Survivor regions: 1->1(39)
[2025-06-03T15:47:44.731+0530][227.493s] GC(1011) Old regions: 9->9
[2025-06-03T15:47:44.731+0530][227.493s] GC(1011) Archive regions: 2->2
[2025-06-03T15:47:44.731+0530][227.493s] GC(1011) Humongous regions: 0->0
[2025-06-03T15:47:44.731+0530][227.493s] GC(1011) Metaspace: 20484K(20928K)->20484K(20928K) NonClass: 17899K(18112K)->17899K(18112K) Class: 2585K(2816K)->2585K(2816K)
[2025-06-03T15:47:44.731+0530][227.493s] GC(1011) Pause Young (Normal) (G1 Evacuation Pause) 315M->9M(512M) 1.245ms
[2025-06-03T15:47:44.731+0530][227.493s] GC(1011) User=0.00s Sys=0.00s Real=0.00s
[2025-06-03T15:47:44.893+0530][227.655s] GC(1012) Pause Young (Normal) (G1 Evacuation Pause)
[2025-06-03T15:47:44.893+0530][227.655s] GC(1012) Using 8 workers of 8 for evacuation
[2025-06-03T15:47:44.894+0530][227.655s] GC(1012) Skipped phase 1 of Reference Processing: no references
[2025-06-03T15:47:44.894+0530][227.655s] GC(1012) Skipped phase 2 of Reference Processing: no references
[2025-06-03T15:47:44.894+0530][227.656s] GC(1012) Skipped phase 3 of Reference Processing: no references
[2025-06-03T15:47:44.894+0530][227.656s] GC(1012) Skipped phase 4 of Reference Processing: no references
[2025-06-03T15:47:44.894+0530][227.656s] GC(1012)   Pre Evacuate Collection Set: 0.1ms
[2025-06-03T15:47:44.894+0530][227.656s] GC(1012)   Merge Heap Roots: 0.1ms
[2025-06-03T15:47:44.894+0530][227.656s] GC(1012)   Evacuate Collection Set: 0.4ms
[2025-06-03T15:47:44.894+0530][227.656s] GC(1012)   Post Evacuate Collection Set: 0.6ms
[2025-06-03T15:47:44.894+0530][227.656s] GC(1012)   Other: 0.3ms
[2025-06-03T15:47:44.894+0530][227.656s] GC(1012) Eden regions: 306->0(306)
[2025-06-03T15:47:44.894+0530][227.656s] GC(1012) Survivor regions: 1->1(39)
[2025-06-03T15:47:44.894+0530][227.656s] GC(1012) Old regions: 9->9
[2025-06-03T15:47:44.894+0530][227.656s] GC(1012) Archive regions: 2->2
[2025-06-03T15:47:44.894+0530][227.656s] GC(1012) Humongous regions: 0->0
[2025-06-03T15:47:44.894+0530][227.656s] GC(1012) Metaspace: 20484K(20928K)->20484K(20928K) NonClass: 17899K(18112K)->17899K(18112K) Class: 2585K(2816K)->2585K(2816K)
[2025-06-03T15:47:44.894+0530][227.656s] GC(1012) Pause Young (Normal) (G1 Evacuation Pause) 315M->9M(512M) 1.803ms
[2025-06-03T15:47:44.895+0530][227.656s] GC(1012) User=0.00s Sys=0.00s Real=0.00s
[2025-06-03T15:47:45.052+0530][227.814s] GC(1013) Pause Young (Normal) (G1 Evacuation Pause)
[2025-06-03T15:47:45.052+0530][227.814s] GC(1013) Using 8 workers of 8 for evacuation
[2025-06-03T15:47:45.053+0530][227.815s] GC(1013) Skipped phase 1 of Reference Processing: no references
[2025-06-03T15:47:45.053+0530][227.815s] GC(1013) Skipped phase 2 of Reference Processing: no references
[2025-06-03T15:47:45.053+0530][227.815s] GC(1013) Skipped phase 3 of Reference Processing: no references
[2025-06-03T15:47:45.053+0530][227.815s] GC(1013) Skipped phase 4 of Reference Processing: no references
[2025-06-03T15:47:45.053+0530][227.815s] GC(1013)   Pre Evacuate Collection Set: 0.1ms
[2025-06-03T15:47:45.053+0530][227.815s] GC(1013)   Merge Heap Roots: 0.1ms
[2025-06-03T15:47:45.053+0530][227.815s] GC(1013)   Evacuate Collection Set: 0.3ms
[2025-06-03T15:47:45.053+0530][227.815s] GC(1013)   Post Evacuate Collection Set: 0.5ms
[2025-06-03T15:47:45.053+0530][227.815s] GC(1013)   Other: 0.3ms
[2025-06-03T15:47:45.053+0530][227.815s] GC(1013) Eden regions: 306->0(306)
[2025-06-03T15:47:45.053+0530][227.815s] GC(1013) Survivor regions: 1->1(39)
[2025-06-03T15:47:45.053+0530][227.815s] GC(1013) Old regions: 9->9
[2025-06-03T15:47:45.053+0530][227.815s] GC(1013) Archive regions: 2->2
[2025-06-03T15:47:45.053+0530][227.815s] GC(1013) Humongous regions: 0->0
[2025-06-03T15:47:45.053+0530][227.815s] GC(1013) Metaspace: 20484K(20928K)->20484K(20928K) NonClass: 17899K(18112K)->17899K(18112K) Class: 2585K(2816K)->2585K(2816K)
[2025-06-03T15:47:45.053+0530][227.815s] GC(1013) Pause Young (Normal) (G1 Evacuation Pause) 315M->9M(512M) 1.352ms
[2025-06-03T15:47:45.053+0530][227.815s] GC(1013) User=0.00s Sys=0.00s Real=0.00s
[2025-06-03T15:47:45.208+0530][227.969s] GC(1014) Pause Young (Normal) (G1 Evacuation Pause)
[2025-06-03T15:47:45.208+0530][227.969s] GC(1014) Using 8 workers of 8 for evacuation
[2025-06-03T15:47:45.208+0530][227.970s] GC(1014) Skipped phase 1 of Reference Processing: no references
[2025-06-03T15:47:45.208+0530][227.970s] GC(1014) Skipped phase 2 of Reference Processing: no references
[2025-06-03T15:47:45.208+0530][227.970s] GC(1014) Skipped phase 3 of Reference Processing: no references
[2025-06-03T15:47:45.208+0530][227.970s] GC(1014) Skipped phase 4 of Reference Processing: no references
[2025-06-03T15:47:45.209+0530][227.970s] GC(1014)   Pre Evacuate Collection Set: 0.1ms
[2025-06-03T15:47:45.209+0530][227.970s] GC(1014)   Merge Heap Roots: 0.1ms
[2025-06-03T15:47:45.209+0530][227.971s] GC(1014)   Evacuate Collection Set: 0.2ms
[2025-06-03T15:47:45.209+0530][227.971s] GC(1014)   Post Evacuate Collection Set: 0.5ms
[2025-06-03T15:47:45.209+0530][227.971s] GC(1014)   Other: 0.2ms
[2025-06-03T15:47:45.209+0530][227.971s] GC(1014) Eden regions: 306->0(306)
[2025-06-03T15:47:45.209+0530][227.971s] GC(1014) Survivor regions: 1->1(39)
[2025-06-03T15:47:45.209+0530][227.971s] GC(1014) Old regions: 9->9
[2025-06-03T15:47:45.209+0530][227.971s] GC(1014) Archive regions: 2->2
[2025-06-03T15:47:45.209+0530][227.971s] GC(1014) Humongous regions: 0->0
[2025-06-03T15:47:45.209+0530][227.971s] GC(1014) Metaspace: 20484K(20928K)->20484K(20928K) NonClass: 17899K(18112K)->17899K(18112K) Class: 2585K(2816K)->2585K(2816K)
[2025-06-03T15:47:45.209+0530][227.971s] GC(1014) Pause Young (Normal) (G1 Evacuation Pause) 315M->9M(512M) 1.409ms
[2025-06-03T15:47:45.209+0530][227.971s] GC(1014) User=0.01s Sys=0.00s Real=0.00s
[2025-06-03T15:47:45.383+0530][228.145s] GC(1015) Pause Young (Normal) (G1 Evacuation Pause)
[2025-06-03T15:47:45.383+0530][228.145s] GC(1015) Using 8 workers of 8 for evacuation
[2025-06-03T15:47:45.384+0530][228.146s] GC(1015) Skipped phase 1 of Reference Processing: no references
[2025-06-03T15:47:45.384+0530][228.146s] GC(1015) Skipped phase 2 of Reference Processing: no references
[2025-06-03T15:47:45.384+0530][228.146s] GC(1015) Skipped phase 3 of Reference Processing: no references
[2025-06-03T15:47:45.384+0530][228.146s] GC(1015) Skipped phase 4 of Reference Processing: no references
[2025-06-03T15:47:45.384+0530][228.146s] GC(1015)   Pre Evacuate Collection Set: 0.1ms
[2025-06-03T15:47:45.384+0530][228.146s] GC(1015)   Merge Heap Roots: 0.1ms
[2025-06-03T15:47:45.384+0530][228.146s] GC(1015)   Evacuate Collection Set: 0.3ms
[2025-06-03T15:47:45.384+0530][228.146s] GC(1015)   Post Evacuate Collection Set: 0.5ms
[2025-06-03T15:47:45.384+0530][228.146s] GC(1015)   Other: 0.2ms
[2025-06-03T15:47:45.384+0530][228.146s] GC(1015) Eden regions: 306->0(306)
[2025-06-03T15:47:45.384+0530][228.146s] GC(1015) Survivor regions: 1->1(39)
[2025-06-03T15:47:45.384+0530][228.146s] GC(1015) Old regions: 9->9
[2025-06-03T15:47:45.384+0530][228.146s] GC(1015) Archive regions: 2->2
[2025-06-03T15:47:45.384+0530][228.146s] GC(1015) Humongous regions: 0->0
[2025-06-03T15:47:45.384+0530][228.146s] GC(1015) Metaspace: 20484K(20928K)->20484K(20928K) NonClass: 17899K(18112K)->17899K(18112K) Class: 2585K(2816K)->2585K(2816K)
[2025-06-03T15:47:45.384+0530][228.146s] GC(1015) Pause Young (Normal) (G1 Evacuation Pause) 315M->9M(512M) 1.277ms
[2025-06-03T15:47:45.384+0530][228.146s] GC(1015) User=0.01s Sys=0.00s Real=0.00s
[2025-06-03T15:47:45.552+0530][228.314s] GC(1016) Pause Young (Normal) (G1 Evacuation Pause)
[2025-06-03T15:47:45.552+0530][228.314s] GC(1016) Using 8 workers of 8 for evacuation
[2025-06-03T15:47:45.552+0530][228.314s] GC(1016) Skipped phase 1 of Reference Processing: no references
[2025-06-03T15:47:45.552+0530][228.314s] GC(1016) Skipped phase 2 of Reference Processing: no references
[2025-06-03T15:47:45.552+0530][228.314s] GC(1016) Skipped phase 3 of Reference Processing: no references
[2025-06-03T15:47:45.552+0530][228.314s] GC(1016) Skipped phase 4 of Reference Processing: no references
[2025-06-03T15:47:45.553+0530][228.315s] GC(1016)   Pre Evacuate Collection Set: 0.1ms
[2025-06-03T15:47:45.553+0530][228.315s] GC(1016)   Merge Heap Roots: 0.1ms
[2025-06-03T15:47:45.553+0530][228.315s] GC(1016)   Evacuate Collection Set: 0.3ms
[2025-06-03T15:47:45.553+0530][228.315s] GC(1016)   Post Evacuate Collection Set: 0.5ms
[2025-06-03T15:47:45.553+0530][228.315s] GC(1016)   Other: 0.2ms
[2025-06-03T15:47:45.553+0530][228.315s] GC(1016) Eden regions: 306->0(306)
[2025-06-03T15:47:45.553+0530][228.315s] GC(1016) Survivor regions: 1->1(39)
[2025-06-03T15:47:45.553+0530][228.315s] GC(1016) Old regions: 9->9
[2025-06-03T15:47:45.553+0530][228.315s] GC(1016) Archive regions: 2->2
[2025-06-03T15:47:45.553+0530][228.315s] GC(1016) Humongous regions: 0->0
[2025-06-03T15:47:45.553+0530][228.315s] GC(1016) Metaspace: 20484K(20928K)->20484K(20928K) NonClass: 17899K(18112K)->17899K(18112K) Class: 2585K(2816K)->2585K(2816K)
[2025-06-03T15:47:45.553+0530][228.315s] GC(1016) Pause Young (Normal) (G1 Evacuation Pause) 315M->9M(512M) 1.342ms
[2025-06-03T15:47:45.553+0530][228.315s] GC(1016) User=0.01s Sys=0.00s Real=0.00s
[2025-06-03T15:47:45.724+0530][228.486s] GC(1017) Pause Young (Normal) (G1 Evacuation Pause)
[2025-06-03T15:47:45.724+0530][228.486s] GC(1017) Using 8 workers of 8 for evacuation
[2025-06-03T15:47:45.724+0530][228.486s] GC(1017) Skipped phase 1 of Reference Processing: no references
[2025-06-03T15:47:45.724+0530][228.486s] GC(1017) Skipped phase 2 of Reference Processing: no references
[2025-06-03T15:47:45.724+0530][228.486s] GC(1017) Skipped phase 3 of Reference Processing: no references
[2025-06-03T15:47:45.724+0530][228.486s] GC(1017) Skipped phase 4 of Reference Processing: no references
[2025-06-03T15:47:45.725+0530][228.487s] GC(1017)   Pre Evacuate Collection Set: 0.1ms
[2025-06-03T15:47:45.725+0530][228.487s] GC(1017)   Merge Heap Roots: 0.1ms
[2025-06-03T15:47:45.725+0530][228.487s] GC(1017)   Evacuate Collection Set: 0.3ms
[2025-06-03T15:47:45.725+0530][228.487s] GC(1017)   Post Evacuate Collection Set: 0.5ms
[2025-06-03T15:47:45.725+0530][228.487s] GC(1017)   Other: 0.2ms
[2025-06-03T15:47:45.725+0530][228.487s] GC(1017) Eden regions: 306->0(306)
[2025-06-03T15:47:45.725+0530][228.487s] GC(1017) Survivor regions: 1->1(39)
[2025-06-03T15:47:45.725+0530][228.487s] GC(1017) Old regions: 9->9
[2025-06-03T15:47:45.725+0530][228.487s] GC(1017) Archive regions: 2->2
[2025-06-03T15:47:45.725+0530][228.487s] GC(1017) Humongous regions: 0->0
[2025-06-03T15:47:45.725+0530][228.487s] GC(1017) Metaspace: 20484K(20928K)->20484K(20928K) NonClass: 17899K(18112K)->17899K(18112K) Class: 2585K(2816K)->2585K(2816K)
[2025-06-03T15:47:45.725+0530][228.487s] GC(1017) Pause Young (Normal) (G1 Evacuation Pause) 315M->9M(512M) 1.364ms
[2025-06-03T15:47:45.725+0530][228.487s] GC(1017) User=0.01s Sys=0.00s Real=0.00s
[2025-06-03T15:47:45.883+0530][228.644s] GC(1018) Pause Young (Normal) (G1 Evacuation Pause)
[2025-06-03T15:47:45.883+0530][228.645s] GC(1018) Using 8 workers of 8 for evacuation
[2025-06-03T15:47:45.883+0530][228.645s] GC(1018) Skipped phase 1 of Reference Processing: no references
[2025-06-03T15:47:45.883+0530][228.645s] GC(1018) Skipped phase 2 of Reference Processing: no references
[2025-06-03T15:47:45.883+0530][228.645s] GC(1018) Skipped phase 3 of Reference Processing: no references
[2025-06-03T15:47:45.883+0530][228.645s] GC(1018) Skipped phase 4 of Reference Processing: no references
[2025-06-03T15:47:45.884+0530][228.646s] GC(1018)   Pre Evacuate Collection Set: 0.1ms
[2025-06-03T15:47:45.884+0530][228.646s] GC(1018)   Merge Heap Roots: 0.1ms
[2025-06-03T15:47:45.884+0530][228.646s] GC(1018)   Evacuate Collection Set: 0.3ms
[2025-06-03T15:47:45.884+0530][228.646s] GC(1018)   Post Evacuate Collection Set: 0.4ms
[2025-06-03T15:47:45.884+0530][228.646s] GC(1018)   Other: 0.2ms
[2025-06-03T15:47:45.884+0530][228.646s] GC(1018) Eden regions: 306->0(306)
[2025-06-03T15:47:45.884+0530][228.646s] GC(1018) Survivor regions: 1->1(39)
[2025-06-03T15:47:45.884+0530][228.646s] GC(1018) Old regions: 9->9
[2025-06-03T15:47:45.884+0530][228.646s] GC(1018) Archive regions: 2->2
[2025-06-03T15:47:45.884+0530][228.646s] GC(1018) Humongous regions: 0->0
[2025-06-03T15:47:45.884+0530][228.646s] GC(1018) Metaspace: 20484K(20928K)->20484K(20928K) NonClass: 17899K(18112K)->17899K(18112K) Class: 2585K(2816K)->2585K(2816K)
[2025-06-03T15:47:45.884+0530][228.646s] GC(1018) Pause Young (Normal) (G1 Evacuation Pause) 315M->9M(512M) 1.323ms
[2025-06-03T15:47:45.884+0530][228.646s] GC(1018) User=0.00s Sys=0.00s Real=0.00s
[2025-06-03T15:47:46.127+0530][228.889s] GC(1019) Pause Young (Normal) (G1 Evacuation Pause)
[2025-06-03T15:47:46.127+0530][228.889s] GC(1019) Using 8 workers of 8 for evacuation
[2025-06-03T15:47:46.128+0530][228.890s] GC(1019) Skipped phase 1 of Reference Processing: no references
[2025-06-03T15:47:46.128+0530][228.890s] GC(1019) Skipped phase 2 of Reference Processing: no references
[2025-06-03T15:47:46.128+0530][228.890s] GC(1019) Skipped phase 3 of Reference Processing: no references
[2025-06-03T15:47:46.128+0530][228.890s] GC(1019) Skipped phase 4 of Reference Processing: no references
[2025-06-03T15:47:46.129+0530][228.891s] GC(1019)   Pre Evacuate Collection Set: 0.1ms
[2025-06-03T15:47:46.129+0530][228.891s] GC(1019)   Merge Heap Roots: 0.3ms
[2025-06-03T15:47:46.129+0530][228.891s] GC(1019)   Evacuate Collection Set: 0.2ms
[2025-06-03T15:47:46.129+0530][228.891s] GC(1019)   Post Evacuate Collection Set: 0.8ms
[2025-06-03T15:47:46.129+0530][228.891s] GC(1019)   Other: 0.2ms
[2025-06-03T15:47:46.129+0530][228.891s] GC(1019) Eden regions: 306->0(306)
[2025-06-03T15:47:46.129+0530][228.891s] GC(1019) Survivor regions: 1->1(39)
[2025-06-03T15:47:46.129+0530][228.891s] GC(1019) Old regions: 9->9
[2025-06-03T15:47:46.129+0530][228.891s] GC(1019) Archive regions: 2->2
[2025-06-03T15:47:46.129+0530][228.891s] GC(1019) Humongous regions: 0->0
[2025-06-03T15:47:46.129+0530][228.891s] GC(1019) Metaspace: 20484K(20928K)->20484K(20928K) NonClass: 17899K(18112K)->17899K(18112K) Class: 2585K(2816K)->2585K(2816K)
[2025-06-03T15:47:46.129+0530][228.891s] GC(1019) Pause Young (Normal) (G1 Evacuation Pause) 315M->9M(512M) 1.896ms
[2025-06-03T15:47:46.129+0530][228.891s] GC(1019) User=0.01s Sys=0.01s Real=0.00s
[2025-06-03T15:47:46.392+0530][229.154s] GC(1020) Pause Young (Normal) (G1 Evacuation Pause)
[2025-06-03T15:47:46.392+0530][229.154s] GC(1020) Using 8 workers of 8 for evacuation
[2025-06-03T15:47:46.393+0530][229.155s] GC(1020) Skipped phase 1 of Reference Processing: no references
[2025-06-03T15:47:46.393+0530][229.155s] GC(1020) Skipped phase 2 of Reference Processing: no references
[2025-06-03T15:47:46.393+0530][229.155s] GC(1020) Skipped phase 3 of Reference Processing: no references
[2025-06-03T15:47:46.393+0530][229.155s] GC(1020) Skipped phase 4 of Reference Processing: no references
[2025-06-03T15:47:46.394+0530][229.156s] GC(1020)   Pre Evacuate Collection Set: 0.1ms
[2025-06-03T15:47:46.394+0530][229.156s] GC(1020)   Merge Heap Roots: 0.1ms
[2025-06-03T15:47:46.394+0530][229.156s] GC(1020)   Evacuate Collection Set: 0.3ms
[2025-06-03T15:47:46.394+0530][229.156s] GC(1020)   Post Evacuate Collection Set: 0.8ms
[2025-06-03T15:47:46.394+0530][229.156s] GC(1020)   Other: 0.2ms
[2025-06-03T15:47:46.394+0530][229.156s] GC(1020) Eden regions: 306->0(306)
[2025-06-03T15:47:46.394+0530][229.156s] GC(1020) Survivor regions: 1->1(39)
[2025-06-03T15:47:46.394+0530][229.156s] GC(1020) Old regions: 9->9
[2025-06-03T15:47:46.394+0530][229.156s] GC(1020) Archive regions: 2->2
[2025-06-03T15:47:46.394+0530][229.156s] GC(1020) Humongous regions: 0->0
[2025-06-03T15:47:46.394+0530][229.156s] GC(1020) Metaspace: 20484K(20928K)->20484K(20928K) NonClass: 17899K(18112K)->17899K(18112K) Class: 2585K(2816K)->2585K(2816K)
[2025-06-03T15:47:46.394+0530][229.156s] GC(1020) Pause Young (Normal) (G1 Evacuation Pause) 315M->9M(512M) 1.782ms
[2025-06-03T15:47:46.394+0530][229.156s] GC(1020) User=0.01s Sys=0.01s Real=0.00s
[2025-06-03T15:47:46.609+0530][229.371s] GC(1021) Pause Young (Normal) (G1 Evacuation Pause)
[2025-06-03T15:47:46.609+0530][229.371s] GC(1021) Using 8 workers of 8 for evacuation
[2025-06-03T15:47:46.610+0530][229.372s] GC(1021) Skipped phase 1 of Reference Processing: no references
[2025-06-03T15:47:46.610+0530][229.372s] GC(1021) Skipped phase 2 of Reference Processing: no references
[2025-06-03T15:47:46.610+0530][229.372s] GC(1021) Skipped phase 3 of Reference Processing: no references
[2025-06-03T15:47:46.610+0530][229.372s] GC(1021) Skipped phase 4 of Reference Processing: no references
[2025-06-03T15:47:46.611+0530][229.373s] GC(1021)   Pre Evacuate Collection Set: 0.1ms
[2025-06-03T15:47:46.611+0530][229.373s] GC(1021)   Merge Heap Roots: 0.1ms
[2025-06-03T15:47:46.611+0530][229.373s] GC(1021)   Evacuate Collection Set: 0.3ms
[2025-06-03T15:47:46.611+0530][229.373s] GC(1021)   Post Evacuate Collection Set: 0.7ms
[2025-06-03T15:47:46.611+0530][229.373s] GC(1021)   Other: 0.2ms
[2025-06-03T15:47:46.611+0530][229.373s] GC(1021) Eden regions: 306->0(306)
[2025-06-03T15:47:46.611+0530][229.373s] GC(1021) Survivor regions: 1->1(39)
[2025-06-03T15:47:46.611+0530][229.373s] GC(1021) Old regions: 9->9
[2025-06-03T15:47:46.611+0530][229.373s] GC(1021) Archive regions: 2->2
[2025-06-03T15:47:46.611+0530][229.373s] GC(1021) Humongous regions: 0->0
[2025-06-03T15:47:46.611+0530][229.373s] GC(1021) Metaspace: 20484K(20928K)->20484K(20928K) NonClass: 17899K(18112K)->17899K(18112K) Class: 2585K(2816K)->2585K(2816K)
[2025-06-03T15:47:46.611+0530][229.373s] GC(1021) Pause Young (Normal) (G1 Evacuation Pause) 315M->9M(512M) 1.870ms
[2025-06-03T15:47:46.611+0530][229.373s] GC(1021) User=0.01s Sys=0.00s Real=0.01s
[2025-06-03T15:47:46.783+0530][229.545s] GC(1022) Pause Young (Normal) (G1 Evacuation Pause)
[2025-06-03T15:47:46.783+0530][229.545s] GC(1022) Using 8 workers of 8 for evacuation
[2025-06-03T15:47:46.783+0530][229.545s] GC(1022) Skipped phase 1 of Reference Processing: no references
[2025-06-03T15:47:46.783+0530][229.545s] GC(1022) Skipped phase 2 of Reference Processing: no references
[2025-06-03T15:47:46.784+0530][229.545s] GC(1022) Skipped phase 3 of Reference Processing: no references
[2025-06-03T15:47:46.784+0530][229.545s] GC(1022) Skipped phase 4 of Reference Processing: no references
[2025-06-03T15:47:46.785+0530][229.547s] GC(1022)   Pre Evacuate Collection Set: 0.1ms
[2025-06-03T15:47:46.785+0530][229.547s] GC(1022)   Merge Heap Roots: 0.1ms
[2025-06-03T15:47:46.785+0530][229.547s] GC(1022)   Evacuate Collection Set: 0.3ms
[2025-06-03T15:47:46.785+0530][229.547s] GC(1022)   Post Evacuate Collection Set: 1.1ms
[2025-06-03T15:47:46.785+0530][229.547s] GC(1022)   Other: 0.2ms
[2025-06-03T15:47:46.785+0530][229.547s] GC(1022) Eden regions: 306->0(306)
[2025-06-03T15:47:46.785+0530][229.547s] GC(1022) Survivor regions: 1->1(39)
[2025-06-03T15:47:46.785+0530][229.547s] GC(1022) Old regions: 9->9
[2025-06-03T15:47:46.785+0530][229.547s] GC(1022) Archive regions: 2->2
[2025-06-03T15:47:46.785+0530][229.547s] GC(1022) Humongous regions: 0->0
[2025-06-03T15:47:46.785+0530][229.547s] GC(1022) Metaspace: 20484K(20928K)->20484K(20928K) NonClass: 17899K(18112K)->17899K(18112K) Class: 2585K(2816K)->2585K(2816K)
[2025-06-03T15:47:46.785+0530][229.547s] GC(1022) Pause Young (Normal) (G1 Evacuation Pause) 315M->9M(512M) 2.040ms
[2025-06-03T15:47:46.785+0530][229.547s] GC(1022) User=0.00s Sys=0.00s Real=0.00s
[2025-06-03T15:47:46.973+0530][229.735s] GC(1023) Pause Young (Normal) (G1 Evacuation Pause)
[2025-06-03T15:47:46.974+0530][229.735s] GC(1023) Using 8 workers of 8 for evacuation
[2025-06-03T15:47:46.974+0530][229.736s] GC(1023) Skipped phase 1 of Reference Processing: no references
[2025-06-03T15:47:46.974+0530][229.736s] GC(1023) Skipped phase 2 of Reference Processing: no references
[2025-06-03T15:47:46.974+0530][229.736s] GC(1023) Skipped phase 3 of Reference Processing: no references
[2025-06-03T15:47:46.974+0530][229.736s] GC(1023) Skipped phase 4 of Reference Processing: no references
[2025-06-03T15:47:46.974+0530][229.736s] GC(1023)   Pre Evacuate Collection Set: 0.1ms
[2025-06-03T15:47:46.974+0530][229.736s] GC(1023)   Merge Heap Roots: 0.1ms
[2025-06-03T15:47:46.975+0530][229.736s] GC(1023)   Evacuate Collection Set: 0.3ms
[2025-06-03T15:47:46.975+0530][229.736s] GC(1023)   Post Evacuate Collection Set: 0.5ms
[2025-06-03T15:47:46.975+0530][229.736s] GC(1023)   Other: 0.2ms
[2025-06-03T15:47:46.975+0530][229.737s] GC(1023) Eden regions: 306->0(306)
[2025-06-03T15:47:46.975+0530][229.737s] GC(1023) Survivor regions: 1->1(39)
[2025-06-03T15:47:46.975+0530][229.737s] GC(1023) Old regions: 9->9
[2025-06-03T15:47:46.975+0530][229.737s] GC(1023) Archive regions: 2->2
[2025-06-03T15:47:46.975+0530][229.737s] GC(1023) Humongous regions: 0->0
[2025-06-03T15:47:46.975+0530][229.737s] GC(1023) Metaspace: 20484K(20928K)->20484K(20928K) NonClass: 17899K(18112K)->17899K(18112K) Class: 2585K(2816K)->2585K(2816K)
[2025-06-03T15:47:46.975+0530][229.737s] GC(1023) Pause Young (Normal) (G1 Evacuation Pause) 315M->9M(512M) 1.224ms
[2025-06-03T15:47:46.975+0530][229.737s] GC(1023) User=0.01s Sys=0.00s Real=0.00s
[2025-06-03T15:47:47.165+0530][229.927s] GC(1024) Pause Young (Normal) (G1 Evacuation Pause)
[2025-06-03T15:47:47.165+0530][229.927s] GC(1024) Using 8 workers of 8 for evacuation
[2025-06-03T15:47:47.166+0530][229.928s] GC(1024) Skipped phase 1 of Reference Processing: no references
[2025-06-03T15:47:47.166+0530][229.928s] GC(1024) Skipped phase 2 of Reference Processing: no references
[2025-06-03T15:47:47.166+0530][229.928s] GC(1024) Skipped phase 3 of Reference Processing: no references
[2025-06-03T15:47:47.166+0530][229.928s] GC(1024) Skipped phase 4 of Reference Processing: no references
[2025-06-03T15:47:47.166+0530][229.928s] GC(1024)   Pre Evacuate Collection Set: 0.1ms
[2025-06-03T15:47:47.167+0530][229.928s] GC(1024)   Merge Heap Roots: 0.1ms
[2025-06-03T15:47:47.167+0530][229.928s] GC(1024)   Evacuate Collection Set: 0.3ms
[2025-06-03T15:47:47.167+0530][229.929s] GC(1024)   Post Evacuate Collection Set: 0.9ms
[2025-06-03T15:47:47.167+0530][229.929s] GC(1024)   Other: 0.2ms
[2025-06-03T15:47:47.167+0530][229.929s] GC(1024) Eden regions: 306->0(306)
[2025-06-03T15:47:47.167+0530][229.929s] GC(1024) Survivor regions: 1->1(39)
[2025-06-03T15:47:47.167+0530][229.929s] GC(1024) Old regions: 9->9
[2025-06-03T15:47:47.167+0530][229.929s] GC(1024) Archive regions: 2->2
[2025-06-03T15:47:47.167+0530][229.929s] GC(1024) Humongous regions: 0->0
[2025-06-03T15:47:47.167+0530][229.929s] GC(1024) Metaspace: 20484K(20928K)->20484K(20928K) NonClass: 17899K(18112K)->17899K(18112K) Class: 2585K(2816K)->2585K(2816K)
[2025-06-03T15:47:47.167+0530][229.929s] GC(1024) Pause Young (Normal) (G1 Evacuation Pause) 315M->9M(512M) 1.910ms
[2025-06-03T15:47:47.167+0530][229.929s] GC(1024) User=0.00s Sys=0.00s Real=0.00s
[2025-06-03T15:47:47.408+0530][230.170s] GC(1025) Pause Young (Normal) (G1 Evacuation Pause)
[2025-06-03T15:47:47.408+0530][230.170s] GC(1025) Using 8 workers of 8 for evacuation
[2025-06-03T15:47:47.408+0530][230.170s] GC(1025) Skipped phase 1 of Reference Processing: no references
[2025-06-03T15:47:47.408+0530][230.170s] GC(1025) Skipped phase 2 of Reference Processing: no references
[2025-06-03T15:47:47.408+0530][230.170s] GC(1025) Skipped phase 3 of Reference Processing: no references
[2025-06-03T15:47:47.408+0530][230.170s] GC(1025) Skipped phase 4 of Reference Processing: no references
[2025-06-03T15:47:47.409+0530][230.171s] GC(1025)   Pre Evacuate Collection Set: 0.1ms
[2025-06-03T15:47:47.409+0530][230.171s] GC(1025)   Merge Heap Roots: 0.1ms
[2025-06-03T15:47:47.409+0530][230.171s] GC(1025)   Evacuate Collection Set: 0.2ms
[2025-06-03T15:47:47.409+0530][230.171s] GC(1025)   Post Evacuate Collection Set: 0.5ms
[2025-06-03T15:47:47.409+0530][230.171s] GC(1025)   Other: 0.2ms
[2025-06-03T15:47:47.409+0530][230.171s] GC(1025) Eden regions: 306->0(306)
[2025-06-03T15:47:47.409+0530][230.171s] GC(1025) Survivor regions: 1->1(39)
[2025-06-03T15:47:47.409+0530][230.171s] GC(1025) Old regions: 9->9
[2025-06-03T15:47:47.409+0530][230.171s] GC(1025) Archive regions: 2->2
[2025-06-03T15:47:47.409+0530][230.171s] GC(1025) Humongous regions: 0->0
[2025-06-03T15:47:47.409+0530][230.171s] GC(1025) Metaspace: 20484K(20928K)->20484K(20928K) NonClass: 17899K(18112K)->17899K(18112K) Class: 2585K(2816K)->2585K(2816K)
[2025-06-03T15:47:47.409+0530][230.171s] GC(1025) Pause Young (Normal) (G1 Evacuation Pause) 315M->9M(512M) 1.288ms
[2025-06-03T15:47:47.409+0530][230.171s] GC(1025) User=0.01s Sys=0.00s Real=0.00s
[2025-06-03T15:47:47.588+0530][230.350s] GC(1026) Pause Young (Normal) (G1 Evacuation Pause)
[2025-06-03T15:47:47.588+0530][230.350s] GC(1026) Using 8 workers of 8 for evacuation
[2025-06-03T15:47:47.589+0530][230.351s] GC(1026) Skipped phase 1 of Reference Processing: no references
[2025-06-03T15:47:47.589+0530][230.351s] GC(1026) Skipped phase 2 of Reference Processing: no references
[2025-06-03T15:47:47.589+0530][230.351s] GC(1026) Skipped phase 3 of Reference Processing: no references
[2025-06-03T15:47:47.589+0530][230.351s] GC(1026) Skipped phase 4 of Reference Processing: no references
[2025-06-03T15:47:47.589+0530][230.351s] GC(1026)   Pre Evacuate Collection Set: 0.1ms
[2025-06-03T15:47:47.589+0530][230.351s] GC(1026)   Merge Heap Roots: 0.1ms
[2025-06-03T15:47:47.590+0530][230.351s] GC(1026)   Evacuate Collection Set: 0.3ms
[2025-06-03T15:47:47.590+0530][230.351s] GC(1026)   Post Evacuate Collection Set: 0.6ms
[2025-06-03T15:47:47.590+0530][230.352s] GC(1026)   Other: 0.2ms
[2025-06-03T15:47:47.590+0530][230.352s] GC(1026) Eden regions: 306->0(306)
[2025-06-03T15:47:47.590+0530][230.352s] GC(1026) Survivor regions: 1->1(39)
[2025-06-03T15:47:47.590+0530][230.352s] GC(1026) Old regions: 9->9
[2025-06-03T15:47:47.590+0530][230.352s] GC(1026) Archive regions: 2->2
[2025-06-03T15:47:47.590+0530][230.352s] GC(1026) Humongous regions: 0->0
[2025-06-03T15:47:47.590+0530][230.352s] GC(1026) Metaspace: 20484K(20928K)->20484K(20928K) NonClass: 17899K(18112K)->17899K(18112K) Class: 2585K(2816K)->2585K(2816K)
[2025-06-03T15:47:47.590+0530][230.352s] GC(1026) Pause Young (Normal) (G1 Evacuation Pause) 315M->9M(512M) 1.735ms
[2025-06-03T15:47:47.590+0530][230.352s] GC(1026) User=0.00s Sys=0.00s Real=0.01s
[2025-06-03T15:47:47.930+0530][230.692s] GC(1027) Pause Young (Normal) (G1 Evacuation Pause)
[2025-06-03T15:47:47.930+0530][230.692s] GC(1027) Using 8 workers of 8 for evacuation
[2025-06-03T15:47:47.931+0530][230.693s] GC(1027) Skipped phase 1 of Reference Processing: no references
[2025-06-03T15:47:47.931+0530][230.693s] GC(1027) Skipped phase 2 of Reference Processing: no references
[2025-06-03T15:47:47.931+0530][230.693s] GC(1027) Skipped phase 3 of Reference Processing: no references
[2025-06-03T15:47:47.931+0530][230.693s] GC(1027) Skipped phase 4 of Reference Processing: no references
[2025-06-03T15:47:47.931+0530][230.693s] GC(1027)   Pre Evacuate Collection Set: 0.1ms
[2025-06-03T15:47:47.931+0530][230.693s] GC(1027)   Merge Heap Roots: 0.1ms
[2025-06-03T15:47:47.931+0530][230.693s] GC(1027)   Evacuate Collection Set: 0.3ms
[2025-06-03T15:47:47.931+0530][230.693s] GC(1027)   Post Evacuate Collection Set: 0.5ms
[2025-06-03T15:47:47.931+0530][230.693s] GC(1027)   Other: 0.2ms
[2025-06-03T15:47:47.931+0530][230.693s] GC(1027) Eden regions: 306->0(306)
[2025-06-03T15:47:47.931+0530][230.693s] GC(1027) Survivor regions: 1->1(39)
[2025-06-03T15:47:47.931+0530][230.693s] GC(1027) Old regions: 9->9
[2025-06-03T15:47:47.931+0530][230.693s] GC(1027) Archive regions: 2->2
[2025-06-03T15:47:47.931+0530][230.693s] GC(1027) Humongous regions: 0->0
[2025-06-03T15:47:47.931+0530][230.693s] GC(1027) Metaspace: 20484K(20928K)->20484K(20928K) NonClass: 17899K(18112K)->17899K(18112K) Class: 2585K(2816K)->2585K(2816K)
[2025-06-03T15:47:47.931+0530][230.693s] GC(1027) Pause Young (Normal) (G1 Evacuation Pause) 315M->9M(512M) 1.531ms
[2025-06-03T15:47:47.931+0530][230.693s] GC(1027) User=0.00s Sys=0.00s Real=0.00s
[2025-06-03T15:47:48.168+0530][230.930s] GC(1028) Pause Young (Normal) (G1 Evacuation Pause)
[2025-06-03T15:47:48.168+0530][230.930s] GC(1028) Using 8 workers of 8 for evacuation
[2025-06-03T15:47:48.168+0530][230.930s] GC(1028) Skipped phase 1 of Reference Processing: no references
[2025-06-03T15:47:48.168+0530][230.930s] GC(1028) Skipped phase 2 of Reference Processing: no references
[2025-06-03T15:47:48.168+0530][230.930s] GC(1028) Skipped phase 3 of Reference Processing: no references
[2025-06-03T15:47:48.168+0530][230.930s] GC(1028) Skipped phase 4 of Reference Processing: no references
[2025-06-03T15:47:48.169+0530][230.931s] GC(1028)   Pre Evacuate Collection Set: 0.1ms
[2025-06-03T15:47:48.169+0530][230.931s] GC(1028)   Merge Heap Roots: 0.1ms
[2025-06-03T15:47:48.169+0530][230.931s] GC(1028)   Evacuate Collection Set: 0.3ms
[2025-06-03T15:47:48.169+0530][230.931s] GC(1028)   Post Evacuate Collection Set: 0.5ms
[2025-06-03T15:47:48.169+0530][230.931s] GC(1028)   Other: 0.2ms
[2025-06-03T15:47:48.169+0530][230.931s] GC(1028) Eden regions: 306->0(306)
[2025-06-03T15:47:48.169+0530][230.931s] GC(1028) Survivor regions: 1->1(39)
[2025-06-03T15:47:48.169+0530][230.931s] GC(1028) Old regions: 9->9
[2025-06-03T15:47:48.169+0530][230.931s] GC(1028) Archive regions: 2->2
[2025-06-03T15:47:48.169+0530][230.931s] GC(1028) Humongous regions: 0->0
[2025-06-03T15:47:48.169+0530][230.931s] GC(1028) Metaspace: 20484K(20928K)->20484K(20928K) NonClass: 17899K(18112K)->17899K(18112K) Class: 2585K(2816K)->2585K(2816K)
[2025-06-03T15:47:48.169+0530][230.931s] GC(1028) Pause Young (Normal) (G1 Evacuation Pause) 315M->9M(512M) 1.548ms
[2025-06-03T15:47:48.169+0530][230.931s] GC(1028) User=0.01s Sys=0.00s Real=0.00s
[2025-06-03T15:47:48.457+0530][231.219s] GC(1029) Pause Young (Normal) (G1 Evacuation Pause)
[2025-06-03T15:47:48.458+0530][231.220s] GC(1029) Using 8 workers of 8 for evacuation
[2025-06-03T15:47:48.459+0530][231.221s] GC(1029) Skipped phase 1 of Reference Processing: no references
[2025-06-03T15:47:48.459+0530][231.221s] GC(1029) Skipped phase 2 of Reference Processing: no references
[2025-06-03T15:47:48.459+0530][231.221s] GC(1029) Skipped phase 3 of Reference Processing: no references
[2025-06-03T15:47:48.459+0530][231.221s] GC(1029) Skipped phase 4 of Reference Processing: no references
[2025-06-03T15:47:48.459+0530][231.221s] GC(1029)   Pre Evacuate Collection Set: 0.3ms
[2025-06-03T15:47:48.459+0530][231.221s] GC(1029)   Merge Heap Roots: 0.1ms
[2025-06-03T15:47:48.459+0530][231.221s] GC(1029)   Evacuate Collection Set: 0.3ms
[2025-06-03T15:47:48.459+0530][231.221s] GC(1029)   Post Evacuate Collection Set: 0.5ms
[2025-06-03T15:47:48.459+0530][231.221s] GC(1029)   Other: 0.5ms
[2025-06-03T15:47:48.459+0530][231.221s] GC(1029) Eden regions: 306->0(306)
[2025-06-03T15:47:48.459+0530][231.221s] GC(1029) Survivor regions: 1->1(39)
[2025-06-03T15:47:48.459+0530][231.221s] GC(1029) Old regions: 9->9
[2025-06-03T15:47:48.459+0530][231.221s] GC(1029) Archive regions: 2->2
[2025-06-03T15:47:48.459+0530][231.221s] GC(1029) Humongous regions: 0->0
[2025-06-03T15:47:48.459+0530][231.221s] GC(1029) Metaspace: 20484K(20928K)->20484K(20928K) NonClass: 17899K(18112K)->17899K(18112K) Class: 2585K(2816K)->2585K(2816K)
[2025-06-03T15:47:48.460+0530][231.222s] GC(1029) Pause Young (Normal) (G1 Evacuation Pause) 315M->9M(512M) 2.061ms
[2025-06-03T15:47:48.460+0530][231.222s] GC(1029) User=0.00s Sys=0.00s Real=0.01s
[2025-06-03T15:47:48.780+0530][231.542s] GC(1030) Pause Young (Normal) (G1 Evacuation Pause)
[2025-06-03T15:47:48.780+0530][231.542s] GC(1030) Using 8 workers of 8 for evacuation
[2025-06-03T15:47:48.781+0530][231.543s] GC(1030) Skipped phase 1 of Reference Processing: no references
[2025-06-03T15:47:48.781+0530][231.543s] GC(1030) Skipped phase 2 of Reference Processing: no references
[2025-06-03T15:47:48.781+0530][231.543s] GC(1030) Skipped phase 3 of Reference Processing: no references
[2025-06-03T15:47:48.781+0530][231.543s] GC(1030) Skipped phase 4 of Reference Processing: no references
[2025-06-03T15:47:48.781+0530][231.543s] GC(1030)   Pre Evacuate Collection Set: 0.1ms
[2025-06-03T15:47:48.781+0530][231.543s] GC(1030)   Merge Heap Roots: 0.1ms
[2025-06-03T15:47:48.781+0530][231.543s] GC(1030)   Evacuate Collection Set: 0.3ms
[2025-06-03T15:47:48.781+0530][231.543s] GC(1030)   Post Evacuate Collection Set: 0.5ms
[2025-06-03T15:47:48.781+0530][231.543s] GC(1030)   Other: 0.4ms
[2025-06-03T15:47:48.781+0530][231.543s] GC(1030) Eden regions: 306->0(306)
[2025-06-03T15:47:48.781+0530][231.543s] GC(1030) Survivor regions: 1->1(39)
[2025-06-03T15:47:48.781+0530][231.543s] GC(1030) Old regions: 9->9
[2025-06-03T15:47:48.781+0530][231.543s] GC(1030) Archive regions: 2->2
[2025-06-03T15:47:48.781+0530][231.543s] GC(1030) Humongous regions: 0->0
[2025-06-03T15:47:48.781+0530][231.543s] GC(1030) Metaspace: 20484K(20928K)->20484K(20928K) NonClass: 17899K(18112K)->17899K(18112K) Class: 2585K(2816K)->2585K(2816K)
[2025-06-03T15:47:48.782+0530][231.543s] GC(1030) Pause Young (Normal) (G1 Evacuation Pause) 315M->9M(512M) 1.580ms
[2025-06-03T15:47:48.782+0530][231.544s] GC(1030) User=0.00s Sys=0.00s Real=0.00s
[2025-06-03T15:47:49.166+0530][231.928s] GC(1031) Pause Young (Normal) (G1 Evacuation Pause)
[2025-06-03T15:47:49.166+0530][231.928s] GC(1031) Using 8 workers of 8 for evacuation
[2025-06-03T15:47:49.167+0530][231.929s] GC(1031) Skipped phase 1 of Reference Processing: no references
[2025-06-03T15:47:49.167+0530][231.929s] GC(1031) Skipped phase 2 of Reference Processing: no references
[2025-06-03T15:47:49.167+0530][231.929s] GC(1031) Skipped phase 3 of Reference Processing: no references
[2025-06-03T15:47:49.167+0530][231.929s] GC(1031) Skipped phase 4 of Reference Processing: no references
[2025-06-03T15:47:49.168+0530][231.930s] GC(1031)   Pre Evacuate Collection Set: 0.3ms
[2025-06-03T15:47:49.168+0530][231.930s] GC(1031)   Merge Heap Roots: 0.1ms
[2025-06-03T15:47:49.168+0530][231.930s] GC(1031)   Evacuate Collection Set: 0.4ms
[2025-06-03T15:47:49.169+0530][231.930s] GC(1031)   Post Evacuate Collection Set: 0.9ms
[2025-06-03T15:47:49.169+0530][231.931s] GC(1031)   Other: 0.3ms
[2025-06-03T15:47:49.169+0530][231.931s] GC(1031) Eden regions: 306->0(306)
[2025-06-03T15:47:49.169+0530][231.931s] GC(1031) Survivor regions: 1->1(39)
[2025-06-03T15:47:49.169+0530][231.931s] GC(1031) Old regions: 9->9
[2025-06-03T15:47:49.169+0530][231.931s] GC(1031) Archive regions: 2->2
[2025-06-03T15:47:49.169+0530][231.931s] GC(1031) Humongous regions: 0->0
[2025-06-03T15:47:49.169+0530][231.931s] GC(1031) Metaspace: 20484K(20928K)->20484K(20928K) NonClass: 17899K(18112K)->17899K(18112K) Class: 2585K(2816K)->2585K(2816K)
[2025-06-03T15:47:49.169+0530][231.931s] GC(1031) Pause Young (Normal) (G1 Evacuation Pause) 315M->9M(512M) 2.366ms
[2025-06-03T15:47:49.169+0530][231.931s] GC(1031) User=0.00s Sys=0.00s Real=0.00s
[2025-06-03T15:47:49.489+0530][232.251s] GC(1032) Pause Young (Normal) (G1 Evacuation Pause)
[2025-06-03T15:47:49.489+0530][232.251s] GC(1032) Using 8 workers of 8 for evacuation
[2025-06-03T15:47:49.490+0530][232.252s] GC(1032) Skipped phase 1 of Reference Processing: no references
[2025-06-03T15:47:49.490+0530][232.252s] GC(1032) Skipped phase 2 of Reference Processing: no references
[2025-06-03T15:47:49.490+0530][232.252s] GC(1032) Skipped phase 3 of Reference Processing: no references
[2025-06-03T15:47:49.490+0530][232.252s] GC(1032) Skipped phase 4 of Reference Processing: no references
[2025-06-03T15:47:49.490+0530][232.252s] GC(1032)   Pre Evacuate Collection Set: 0.1ms
[2025-06-03T15:47:49.490+0530][232.252s] GC(1032)   Merge Heap Roots: 0.1ms
[2025-06-03T15:47:49.490+0530][232.252s] GC(1032)   Evacuate Collection Set: 0.3ms
[2025-06-03T15:47:49.491+0530][232.253s] GC(1032)   Post Evacuate Collection Set: 0.7ms
[2025-06-03T15:47:49.491+0530][232.253s] GC(1032)   Other: 0.2ms
[2025-06-03T15:47:49.491+0530][232.253s] GC(1032) Eden regions: 306->0(306)
[2025-06-03T15:47:49.491+0530][232.253s] GC(1032) Survivor regions: 1->1(39)
[2025-06-03T15:47:49.491+0530][232.253s] GC(1032) Old regions: 9->9
[2025-06-03T15:47:49.491+0530][232.253s] GC(1032) Archive regions: 2->2
[2025-06-03T15:47:49.491+0530][232.253s] GC(1032) Humongous regions: 0->0
[2025-06-03T15:47:49.491+0530][232.253s] GC(1032) Metaspace: 20484K(20928K)->20484K(20928K) NonClass: 17899K(18112K)->17899K(18112K) Class: 2585K(2816K)->2585K(2816K)
[2025-06-03T15:47:49.491+0530][232.253s] GC(1032) Pause Young (Normal) (G1 Evacuation Pause) 315M->9M(512M) 1.762ms
[2025-06-03T15:47:49.491+0530][232.253s] GC(1032) User=0.00s Sys=0.00s Real=0.01s
[2025-06-03T15:47:49.774+0530][232.536s] GC(1033) Pause Young (Normal) (G1 Evacuation Pause)
[2025-06-03T15:47:49.774+0530][232.536s] GC(1033) Using 8 workers of 8 for evacuation
[2025-06-03T15:47:49.775+0530][232.537s] GC(1033) Skipped phase 1 of Reference Processing: no references
[2025-06-03T15:47:49.775+0530][232.537s] GC(1033) Skipped phase 2 of Reference Processing: no references
[2025-06-03T15:47:49.775+0530][232.537s] GC(1033) Skipped phase 3 of Reference Processing: no references
[2025-06-03T15:47:49.775+0530][232.537s] GC(1033) Skipped phase 4 of Reference Processing: no references
[2025-06-03T15:47:49.776+0530][232.538s] GC(1033)   Pre Evacuate Collection Set: 0.1ms
[2025-06-03T15:47:49.776+0530][232.538s] GC(1033)   Merge Heap Roots: 0.1ms
[2025-06-03T15:47:49.776+0530][232.538s] GC(1033)   Evacuate Collection Set: 0.4ms
[2025-06-03T15:47:49.776+0530][232.538s] GC(1033)   Post Evacuate Collection Set: 0.6ms
[2025-06-03T15:47:49.776+0530][232.538s] GC(1033)   Other: 0.3ms
[2025-06-03T15:47:49.776+0530][232.538s] GC(1033) Eden regions: 306->0(306)
[2025-06-03T15:47:49.776+0530][232.538s] GC(1033) Survivor regions: 1->1(39)
[2025-06-03T15:47:49.776+0530][232.538s] GC(1033) Old regions: 9->9
[2025-06-03T15:47:49.776+0530][232.538s] GC(1033) Archive regions: 2->2
[2025-06-03T15:47:49.776+0530][232.538s] GC(1033) Humongous regions: 0->0
[2025-06-03T15:47:49.776+0530][232.538s] GC(1033) Metaspace: 20484K(20928K)->20484K(20928K) NonClass: 17899K(18112K)->17899K(18112K) Class: 2585K(2816K)->2585K(2816K)
[2025-06-03T15:47:49.776+0530][232.538s] GC(1033) Pause Young (Normal) (G1 Evacuation Pause) 315M->9M(512M) 1.737ms
[2025-06-03T15:47:49.776+0530][232.538s] GC(1033) User=0.00s Sys=0.00s Real=0.00s
[2025-06-03T15:47:49.983+0530][232.745s] GC(1034) Pause Young (Normal) (G1 Evacuation Pause)
[2025-06-03T15:47:49.983+0530][232.745s] GC(1034) Using 8 workers of 8 for evacuation
[2025-06-03T15:47:49.984+0530][232.746s] GC(1034) Skipped phase 1 of Reference Processing: no references
[2025-06-03T15:47:49.984+0530][232.746s] GC(1034) Skipped phase 2 of Reference Processing: no references
[2025-06-03T15:47:49.984+0530][232.746s] GC(1034) Skipped phase 3 of Reference Processing: no references
[2025-06-03T15:47:49.984+0530][232.746s] GC(1034) Skipped phase 4 of Reference Processing: no references
[2025-06-03T15:47:49.984+0530][232.746s] GC(1034)   Pre Evacuate Collection Set: 0.1ms
[2025-06-03T15:47:49.984+0530][232.746s] GC(1034)   Merge Heap Roots: 0.1ms
[2025-06-03T15:47:49.984+0530][232.746s] GC(1034)   Evacuate Collection Set: 0.3ms
[2025-06-03T15:47:49.984+0530][232.746s] GC(1034)   Post Evacuate Collection Set: 0.6ms
[2025-06-03T15:47:49.984+0530][232.746s] GC(1034)   Other: 0.2ms
[2025-06-03T15:47:49.984+0530][232.746s] GC(1034) Eden regions: 306->0(306)
[2025-06-03T15:47:49.984+0530][232.746s] GC(1034) Survivor regions: 1->1(39)
[2025-06-03T15:47:49.984+0530][232.746s] GC(1034) Old regions: 9->9
[2025-06-03T15:47:49.984+0530][232.746s] GC(1034) Archive regions: 2->2
[2025-06-03T15:47:49.984+0530][232.746s] GC(1034) Humongous regions: 0->0
[2025-06-03T15:47:49.984+0530][232.746s] GC(1034) Metaspace: 20484K(20928K)->20484K(20928K) NonClass: 17899K(18112K)->17899K(18112K) Class: 2585K(2816K)->2585K(2816K)
[2025-06-03T15:47:49.984+0530][232.746s] GC(1034) Pause Young (Normal) (G1 Evacuation Pause) 315M->9M(512M) 1.398ms
[2025-06-03T15:47:49.984+0530][232.746s] GC(1034) User=0.00s Sys=0.01s Real=0.00s
[2025-06-03T15:47:50.250+0530][233.012s] GC(1035) Pause Young (Normal) (G1 Evacuation Pause)
[2025-06-03T15:47:50.250+0530][233.012s] GC(1035) Using 8 workers of 8 for evacuation
[2025-06-03T15:47:50.250+0530][233.012s] GC(1035) Skipped phase 1 of Reference Processing: no references
[2025-06-03T15:47:50.251+0530][233.013s] GC(1035) Skipped phase 2 of Reference Processing: no references
[2025-06-03T15:47:50.251+0530][233.013s] GC(1035) Skipped phase 3 of Reference Processing: no references
[2025-06-03T15:47:50.251+0530][233.013s] GC(1035) Skipped phase 4 of Reference Processing: no references
[2025-06-03T15:47:50.251+0530][233.013s] GC(1035)   Pre Evacuate Collection Set: 0.1ms
[2025-06-03T15:47:50.251+0530][233.013s] GC(1035)   Merge Heap Roots: 0.1ms
[2025-06-03T15:47:50.251+0530][233.013s] GC(1035)   Evacuate Collection Set: 0.3ms
[2025-06-03T15:47:50.251+0530][233.013s] GC(1035)   Post Evacuate Collection Set: 0.6ms
[2025-06-03T15:47:50.251+0530][233.013s] GC(1035)   Other: 0.2ms
[2025-06-03T15:47:50.251+0530][233.013s] GC(1035) Eden regions: 306->0(306)
[2025-06-03T15:47:50.251+0530][233.013s] GC(1035) Survivor regions: 1->1(39)
[2025-06-03T15:47:50.251+0530][233.013s] GC(1035) Old regions: 9->9
[2025-06-03T15:47:50.251+0530][233.013s] GC(1035) Archive regions: 2->2
[2025-06-03T15:47:50.251+0530][233.013s] GC(1035) Humongous regions: 0->0
[2025-06-03T15:47:50.251+0530][233.013s] GC(1035) Metaspace: 20484K(20928K)->20484K(20928K) NonClass: 17899K(18112K)->17899K(18112K) Class: 2585K(2816K)->2585K(2816K)
[2025-06-03T15:47:50.251+0530][233.013s] GC(1035) Pause Young (Normal) (G1 Evacuation Pause) 315M->9M(512M) 1.623ms
[2025-06-03T15:47:50.252+0530][233.014s] GC(1035) User=0.00s Sys=0.01s Real=0.00s
[2025-06-03T15:47:50.501+0530][233.263s] GC(1036) Pause Young (Normal) (G1 Evacuation Pause)
[2025-06-03T15:47:50.501+0530][233.263s] GC(1036) Using 8 workers of 8 for evacuation
[2025-06-03T15:47:50.502+0530][233.264s] GC(1036) Skipped phase 1 of Reference Processing: no references
[2025-06-03T15:47:50.502+0530][233.264s] GC(1036) Skipped phase 2 of Reference Processing: no references
[2025-06-03T15:47:50.502+0530][233.264s] GC(1036) Skipped phase 3 of Reference Processing: no references
[2025-06-03T15:47:50.502+0530][233.264s] GC(1036) Skipped phase 4 of Reference Processing: no references
[2025-06-03T15:47:50.502+0530][233.264s] GC(1036)   Pre Evacuate Collection Set: 0.1ms
[2025-06-03T15:47:50.502+0530][233.264s] GC(1036)   Merge Heap Roots: 0.1ms
[2025-06-03T15:47:50.502+0530][233.265s] GC(1036)   Evacuate Collection Set: 0.4ms
[2025-06-03T15:47:50.503+0530][233.265s] GC(1036)   Post Evacuate Collection Set: 0.8ms
[2025-06-03T15:47:50.503+0530][233.265s] GC(1036)   Other: 0.2ms
[2025-06-03T15:47:50.503+0530][233.265s] GC(1036) Eden regions: 306->0(306)
[2025-06-03T15:47:50.503+0530][233.265s] GC(1036) Survivor regions: 1->1(39)
[2025-06-03T15:47:50.503+0530][233.265s] GC(1036) Old regions: 9->9
[2025-06-03T15:47:50.503+0530][233.265s] GC(1036) Archive regions: 2->2
[2025-06-03T15:47:50.503+0530][233.265s] GC(1036) Humongous regions: 0->0
[2025-06-03T15:47:50.503+0530][233.265s] GC(1036) Metaspace: 20484K(20928K)->20484K(20928K) NonClass: 17899K(18112K)->17899K(18112K) Class: 2585K(2816K)->2585K(2816K)
[2025-06-03T15:47:50.503+0530][233.265s] GC(1036) Pause Young (Normal) (G1 Evacuation Pause) 315M->9M(512M) 1.808ms
[2025-06-03T15:47:50.503+0530][233.265s] GC(1036) User=0.00s Sys=0.00s Real=0.00s
[2025-06-03T15:47:50.733+0530][233.495s] GC(1037) Pause Young (Normal) (G1 Evacuation Pause)
[2025-06-03T15:47:50.733+0530][233.495s] GC(1037) Using 8 workers of 8 for evacuation
[2025-06-03T15:47:50.733+0530][233.495s] GC(1037) Skipped phase 1 of Reference Processing: no references
[2025-06-03T15:47:50.733+0530][233.495s] GC(1037) Skipped phase 2 of Reference Processing: no references
[2025-06-03T15:47:50.733+0530][233.495s] GC(1037) Skipped phase 3 of Reference Processing: no references
[2025-06-03T15:47:50.733+0530][233.496s] GC(1037) Skipped phase 4 of Reference Processing: no references
[2025-06-03T15:47:50.734+0530][233.496s] GC(1037)   Pre Evacuate Collection Set: 0.1ms
[2025-06-03T15:47:50.734+0530][233.496s] GC(1037)   Merge Heap Roots: 0.1ms
[2025-06-03T15:47:50.734+0530][233.496s] GC(1037)   Evacuate Collection Set: 0.2ms
[2025-06-03T15:47:50.734+0530][233.496s] GC(1037)   Post Evacuate Collection Set: 0.5ms
[2025-06-03T15:47:50.734+0530][233.496s] GC(1037)   Other: 0.2ms
[2025-06-03T15:47:50.734+0530][233.496s] GC(1037) Eden regions: 306->0(306)
[2025-06-03T15:47:50.734+0530][233.496s] GC(1037) Survivor regions: 1->1(39)
[2025-06-03T15:47:50.734+0530][233.496s] GC(1037) Old regions: 9->9
[2025-06-03T15:47:50.734+0530][233.496s] GC(1037) Archive regions: 2->2
[2025-06-03T15:47:50.734+0530][233.496s] GC(1037) Humongous regions: 0->0
[2025-06-03T15:47:50.734+0530][233.496s] GC(1037) Metaspace: 20484K(20928K)->20484K(20928K) NonClass: 17899K(18112K)->17899K(18112K) Class: 2585K(2816K)->2585K(2816K)
[2025-06-03T15:47:50.734+0530][233.496s] GC(1037) Pause Young (Normal) (G1 Evacuation Pause) 315M->9M(512M) 1.330ms
[2025-06-03T15:47:50.734+0530][233.496s] GC(1037) User=0.01s Sys=0.01s Real=0.00s
[2025-06-03T15:47:50.957+0530][233.719s] GC(1038) Pause Young (Normal) (G1 Evacuation Pause)
[2025-06-03T15:47:50.957+0530][233.719s] GC(1038) Using 8 workers of 8 for evacuation
[2025-06-03T15:47:50.958+0530][233.720s] GC(1038) Skipped phase 1 of Reference Processing: no references
[2025-06-03T15:47:50.958+0530][233.720s] GC(1038) Skipped phase 2 of Reference Processing: no references
[2025-06-03T15:47:50.958+0530][233.720s] GC(1038) Skipped phase 3 of Reference Processing: no references
[2025-06-03T15:47:50.958+0530][233.720s] GC(1038) Skipped phase 4 of Reference Processing: no references
[2025-06-03T15:47:50.958+0530][233.720s] GC(1038)   Pre Evacuate Collection Set: 0.1ms
[2025-06-03T15:47:50.958+0530][233.720s] GC(1038)   Merge Heap Roots: 0.1ms
[2025-06-03T15:47:50.959+0530][233.721s] GC(1038)   Evacuate Collection Set: 0.3ms
[2025-06-03T15:47:50.959+0530][233.721s] GC(1038)   Post Evacuate Collection Set: 0.7ms
[2025-06-03T15:47:50.959+0530][233.721s] GC(1038)   Other: 0.2ms
[2025-06-03T15:47:50.959+0530][233.721s] GC(1038) Eden regions: 306->0(306)
[2025-06-03T15:47:50.959+0530][233.721s] GC(1038) Survivor regions: 1->1(39)
[2025-06-03T15:47:50.959+0530][233.721s] GC(1038) Old regions: 9->9
[2025-06-03T15:47:50.959+0530][233.721s] GC(1038) Archive regions: 2->2
[2025-06-03T15:47:50.959+0530][233.721s] GC(1038) Humongous regions: 0->0
[2025-06-03T15:47:50.959+0530][233.721s] GC(1038) Metaspace: 20484K(20928K)->20484K(20928K) NonClass: 17899K(18112K)->17899K(18112K) Class: 2585K(2816K)->2585K(2816K)
[2025-06-03T15:47:50.959+0530][233.721s] GC(1038) Pause Young (Normal) (G1 Evacuation Pause) 315M->9M(512M) 1.909ms
[2025-06-03T15:47:50.959+0530][233.721s] GC(1038) User=0.01s Sys=0.01s Real=0.00s
[2025-06-03T15:47:51.281+0530][234.043s] GC(1039) Pause Young (Normal) (G1 Evacuation Pause)
[2025-06-03T15:47:51.281+0530][234.043s] GC(1039) Using 8 workers of 8 for evacuation
[2025-06-03T15:47:51.282+0530][234.044s] GC(1039) Skipped phase 1 of Reference Processing: no references
[2025-06-03T15:47:51.282+0530][234.044s] GC(1039) Skipped phase 2 of Reference Processing: no references
[2025-06-03T15:47:51.282+0530][234.044s] GC(1039) Skipped phase 3 of Reference Processing: no references
[2025-06-03T15:47:51.282+0530][234.044s] GC(1039) Skipped phase 4 of Reference Processing: no references
[2025-06-03T15:47:51.282+0530][234.044s] GC(1039)   Pre Evacuate Collection Set: 0.1ms
[2025-06-03T15:47:51.282+0530][234.044s] GC(1039)   Merge Heap Roots: 0.1ms
[2025-06-03T15:47:51.282+0530][234.044s] GC(1039)   Evacuate Collection Set: 0.7ms
[2025-06-03T15:47:51.282+0530][234.044s] GC(1039)   Post Evacuate Collection Set: 0.5ms
[2025-06-03T15:47:51.282+0530][234.044s] GC(1039)   Other: 0.2ms
[2025-06-03T15:47:51.282+0530][234.044s] GC(1039) Eden regions: 306->0(306)
[2025-06-03T15:47:51.282+0530][234.044s] GC(1039) Survivor regions: 1->1(39)
[2025-06-03T15:47:51.282+0530][234.044s] GC(1039) Old regions: 9->9
[2025-06-03T15:47:51.282+0530][234.044s] GC(1039) Archive regions: 2->2
[2025-06-03T15:47:51.282+0530][234.044s] GC(1039) Humongous regions: 0->0
[2025-06-03T15:47:51.282+0530][234.044s] GC(1039) Metaspace: 20484K(20928K)->20484K(20928K) NonClass: 17899K(18112K)->17899K(18112K) Class: 2585K(2816K)->2585K(2816K)
[2025-06-03T15:47:51.282+0530][234.045s] GC(1039) Pause Young (Normal) (G1 Evacuation Pause) 315M->9M(512M) 1.823ms
[2025-06-03T15:47:51.283+0530][234.045s] GC(1039) User=0.00s Sys=0.00s Real=0.00s
[2025-06-03T15:47:51.558+0530][234.320s] GC(1040) Pause Young (Normal) (G1 Evacuation Pause)
[2025-06-03T15:47:51.558+0530][234.320s] GC(1040) Using 8 workers of 8 for evacuation
[2025-06-03T15:47:51.559+0530][234.321s] GC(1040) Skipped phase 1 of Reference Processing: no references
[2025-06-03T15:47:51.559+0530][234.321s] GC(1040) Skipped phase 2 of Reference Processing: no references
[2025-06-03T15:47:51.559+0530][234.321s] GC(1040) Skipped phase 3 of Reference Processing: no references
[2025-06-03T15:47:51.559+0530][234.321s] GC(1040) Skipped phase 4 of Reference Processing: no references
[2025-06-03T15:47:51.560+0530][234.322s] GC(1040)   Pre Evacuate Collection Set: 0.1ms
[2025-06-03T15:47:51.560+0530][234.322s] GC(1040)   Merge Heap Roots: 0.1ms
[2025-06-03T15:47:51.560+0530][234.322s] GC(1040)   Evacuate Collection Set: 0.4ms
[2025-06-03T15:47:51.560+0530][234.322s] GC(1040)   Post Evacuate Collection Set: 0.7ms
[2025-06-03T15:47:51.560+0530][234.322s] GC(1040)   Other: 0.2ms
[2025-06-03T15:47:51.560+0530][234.322s] GC(1040) Eden regions: 306->0(306)
[2025-06-03T15:47:51.560+0530][234.322s] GC(1040) Survivor regions: 1->1(39)
[2025-06-03T15:47:51.560+0530][234.322s] GC(1040) Old regions: 9->9
[2025-06-03T15:47:51.560+0530][234.322s] GC(1040) Archive regions: 2->2
[2025-06-03T15:47:51.560+0530][234.322s] GC(1040) Humongous regions: 0->0
[2025-06-03T15:47:51.560+0530][234.322s] GC(1040) Metaspace: 20484K(20928K)->20484K(20928K) NonClass: 17899K(18112K)->17899K(18112K) Class: 2585K(2816K)->2585K(2816K)
[2025-06-03T15:47:51.560+0530][234.322s] GC(1040) Pause Young (Normal) (G1 Evacuation Pause) 315M->9M(512M) 1.817ms
[2025-06-03T15:47:51.560+0530][234.322s] GC(1040) User=0.00s Sys=0.01s Real=0.01s
[2025-06-03T15:47:51.785+0530][234.547s] GC(1041) Pause Young (Normal) (G1 Evacuation Pause)
[2025-06-03T15:47:51.785+0530][234.547s] GC(1041) Using 8 workers of 8 for evacuation
[2025-06-03T15:47:51.786+0530][234.548s] GC(1041) Skipped phase 1 of Reference Processing: no references
[2025-06-03T15:47:51.786+0530][234.548s] GC(1041) Skipped phase 2 of Reference Processing: no references
[2025-06-03T15:47:51.786+0530][234.548s] GC(1041) Skipped phase 3 of Reference Processing: no references
[2025-06-03T15:47:51.786+0530][234.548s] GC(1041) Skipped phase 4 of Reference Processing: no references
[2025-06-03T15:47:51.787+0530][234.549s] GC(1041)   Pre Evacuate Collection Set: 0.1ms
[2025-06-03T15:47:51.787+0530][234.549s] GC(1041)   Merge Heap Roots: 0.1ms
[2025-06-03T15:47:51.787+0530][234.549s] GC(1041)   Evacuate Collection Set: 0.3ms
[2025-06-03T15:47:51.787+0530][234.549s] GC(1041)   Post Evacuate Collection Set: 0.7ms
[2025-06-03T15:47:51.787+0530][234.549s] GC(1041)   Other: 0.2ms
[2025-06-03T15:47:51.787+0530][234.549s] GC(1041) Eden regions: 306->0(306)
[2025-06-03T15:47:51.787+0530][234.549s] GC(1041) Survivor regions: 1->1(39)
[2025-06-03T15:47:51.787+0530][234.549s] GC(1041) Old regions: 9->9
[2025-06-03T15:47:51.787+0530][234.549s] GC(1041) Archive regions: 2->2
[2025-06-03T15:47:51.787+0530][234.549s] GC(1041) Humongous regions: 0->0
[2025-06-03T15:47:51.787+0530][234.549s] GC(1041) Metaspace: 20484K(20928K)->20484K(20928K) NonClass: 17899K(18112K)->17899K(18112K) Class: 2585K(2816K)->2585K(2816K)
[2025-06-03T15:47:51.787+0530][234.549s] GC(1041) Pause Young (Normal) (G1 Evacuation Pause) 315M->9M(512M) 1.727ms
[2025-06-03T15:47:51.787+0530][234.549s] GC(1041) User=0.00s Sys=0.01s Real=0.00s
[2025-06-03T15:47:52.082+0530][234.844s] GC(1042) Pause Young (Normal) (G1 Evacuation Pause)
[2025-06-03T15:47:52.082+0530][234.844s] GC(1042) Using 8 workers of 8 for evacuation
[2025-06-03T15:47:52.084+0530][234.847s] GC(1042) Skipped phase 1 of Reference Processing: no references
[2025-06-03T15:47:52.085+0530][234.847s] GC(1042) Skipped phase 2 of Reference Processing: no references
[2025-06-03T15:47:52.085+0530][234.847s] GC(1042) Skipped phase 3 of Reference Processing: no references
[2025-06-03T15:47:52.085+0530][234.847s] GC(1042) Skipped phase 4 of Reference Processing: no references
[2025-06-03T15:47:52.085+0530][234.847s] GC(1042)   Pre Evacuate Collection Set: 0.1ms
[2025-06-03T15:47:52.085+0530][234.847s] GC(1042)   Merge Heap Roots: 0.2ms
[2025-06-03T15:47:52.085+0530][234.847s] GC(1042)   Evacuate Collection Set: 1.9ms
[2025-06-03T15:47:52.085+0530][234.847s] GC(1042)   Post Evacuate Collection Set: 0.6ms
[2025-06-03T15:47:52.085+0530][234.847s] GC(1042)   Other: 0.3ms
[2025-06-03T15:47:52.085+0530][234.847s] GC(1042) Eden regions: 306->0(306)
[2025-06-03T15:47:52.085+0530][234.847s] GC(1042) Survivor regions: 1->1(39)
[2025-06-03T15:47:52.085+0530][234.847s] GC(1042) Old regions: 9->9
[2025-06-03T15:47:52.085+0530][234.847s] GC(1042) Archive regions: 2->2
[2025-06-03T15:47:52.085+0530][234.847s] GC(1042) Humongous regions: 0->0
[2025-06-03T15:47:52.085+0530][234.848s] GC(1042) Metaspace: 20484K(20928K)->20484K(20928K) NonClass: 17899K(18112K)->17899K(18112K) Class: 2585K(2816K)->2585K(2816K)
[2025-06-03T15:47:52.086+0530][234.848s] GC(1042) Pause Young (Normal) (G1 Evacuation Pause) 315M->9M(512M) 3.524ms
[2025-06-03T15:47:52.086+0530][234.848s] GC(1042) User=0.00s Sys=0.00s Real=0.00s
[2025-06-03T15:47:52.525+0530][235.287s] GC(1043) Pause Young (Normal) (G1 Evacuation Pause)
[2025-06-03T15:47:52.525+0530][235.287s] GC(1043) Using 8 workers of 8 for evacuation
[2025-06-03T15:47:52.526+0530][235.288s] GC(1043) Skipped phase 1 of Reference Processing: no references
[2025-06-03T15:47:52.526+0530][235.288s] GC(1043) Skipped phase 2 of Reference Processing: no references
[2025-06-03T15:47:52.526+0530][235.288s] GC(1043) Skipped phase 3 of Reference Processing: no references
[2025-06-03T15:47:52.526+0530][235.288s] GC(1043) Skipped phase 4 of Reference Processing: no references
[2025-06-03T15:47:52.527+0530][235.290s] GC(1043)   Pre Evacuate Collection Set: 0.1ms
[2025-06-03T15:47:52.528+0530][235.290s] GC(1043)   Merge Heap Roots: 0.2ms
[2025-06-03T15:47:52.528+0530][235.290s] GC(1043)   Evacuate Collection Set: 0.5ms
[2025-06-03T15:47:52.528+0530][235.290s] GC(1043)   Post Evacuate Collection Set: 1.3ms
[2025-06-03T15:47:52.528+0530][235.290s] GC(1043)   Other: 0.3ms
[2025-06-03T15:47:52.528+0530][235.290s] GC(1043) Eden regions: 306->0(306)
[2025-06-03T15:47:52.528+0530][235.290s] GC(1043) Survivor regions: 1->1(39)
[2025-06-03T15:47:52.528+0530][235.290s] GC(1043) Old regions: 9->9
[2025-06-03T15:47:52.528+0530][235.290s] GC(1043) Archive regions: 2->2
[2025-06-03T15:47:52.528+0530][235.290s] GC(1043) Humongous regions: 0->0
[2025-06-03T15:47:52.528+0530][235.290s] GC(1043) Metaspace: 20484K(20928K)->20484K(20928K) NonClass: 17899K(18112K)->17899K(18112K) Class: 2585K(2816K)->2585K(2816K)
[2025-06-03T15:47:52.528+0530][235.290s] GC(1043) Pause Young (Normal) (G1 Evacuation Pause) 315M->9M(512M) 2.719ms
[2025-06-03T15:47:52.528+0530][235.290s] GC(1043) User=0.01s Sys=0.00s Real=0.00s
[2025-06-03T15:47:52.776+0530][235.538s] GC(1044) Pause Young (Normal) (G1 Evacuation Pause)
[2025-06-03T15:47:52.776+0530][235.538s] GC(1044) Using 8 workers of 8 for evacuation
[2025-06-03T15:47:52.778+0530][235.540s] GC(1044) Skipped phase 1 of Reference Processing: no references
[2025-06-03T15:47:52.778+0530][235.540s] GC(1044) Skipped phase 2 of Reference Processing: no references
[2025-06-03T15:47:52.778+0530][235.540s] GC(1044) Skipped phase 3 of Reference Processing: no references
[2025-06-03T15:47:52.778+0530][235.540s] GC(1044) Skipped phase 4 of Reference Processing: no references
[2025-06-03T15:47:52.778+0530][235.540s] GC(1044)   Pre Evacuate Collection Set: 0.3ms
[2025-06-03T15:47:52.778+0530][235.541s] GC(1044)   Merge Heap Roots: 0.4ms
[2025-06-03T15:47:52.778+0530][235.541s] GC(1044)   Evacuate Collection Set: 0.5ms
[2025-06-03T15:47:52.779+0530][235.541s] GC(1044)   Post Evacuate Collection Set: 0.7ms
[2025-06-03T15:47:52.779+0530][235.541s] GC(1044)   Other: 0.5ms
[2025-06-03T15:47:52.779+0530][235.541s] GC(1044) Eden regions: 306->0(306)
[2025-06-03T15:47:52.779+0530][235.541s] GC(1044) Survivor regions: 1->1(39)
[2025-06-03T15:47:52.779+0530][235.541s] GC(1044) Old regions: 9->9
[2025-06-03T15:47:52.779+0530][235.541s] GC(1044) Archive regions: 2->2
[2025-06-03T15:47:52.779+0530][235.541s] GC(1044) Humongous regions: 0->0
[2025-06-03T15:47:52.779+0530][235.541s] GC(1044) Metaspace: 20484K(20928K)->20484K(20928K) NonClass: 17899K(18112K)->17899K(18112K) Class: 2585K(2816K)->2585K(2816K)
[2025-06-03T15:47:52.779+0530][235.541s] GC(1044) Pause Young (Normal) (G1 Evacuation Pause) 315M->9M(512M) 2.769ms
[2025-06-03T15:47:52.779+0530][235.541s] GC(1044) User=0.01s Sys=0.00s Real=0.00s
[2025-06-03T15:47:53.051+0530][235.813s] GC(1045) Pause Young (Normal) (G1 Evacuation Pause)
[2025-06-03T15:47:53.051+0530][235.813s] GC(1045) Using 8 workers of 8 for evacuation
[2025-06-03T15:47:53.052+0530][235.814s] GC(1045) Skipped phase 1 of Reference Processing: no references
[2025-06-03T15:47:53.052+0530][235.814s] GC(1045) Skipped phase 2 of Reference Processing: no references
[2025-06-03T15:47:53.052+0530][235.814s] GC(1045) Skipped phase 3 of Reference Processing: no references
[2025-06-03T15:47:53.052+0530][235.814s] GC(1045) Skipped phase 4 of Reference Processing: no references
[2025-06-03T15:47:53.053+0530][235.815s] GC(1045)   Pre Evacuate Collection Set: 0.2ms
[2025-06-03T15:47:53.053+0530][235.815s] GC(1045)   Merge Heap Roots: 0.2ms
[2025-06-03T15:47:53.053+0530][235.815s] GC(1045)   Evacuate Collection Set: 0.5ms
[2025-06-03T15:47:53.053+0530][235.815s] GC(1045)   Post Evacuate Collection Set: 0.9ms
[2025-06-03T15:47:53.053+0530][235.815s] GC(1045)   Other: 0.3ms
[2025-06-03T15:47:53.053+0530][235.815s] GC(1045) Eden regions: 306->0(306)
[2025-06-03T15:47:53.053+0530][235.815s] GC(1045) Survivor regions: 1->1(39)
[2025-06-03T15:47:53.053+0530][235.815s] GC(1045) Old regions: 9->9
[2025-06-03T15:47:53.053+0530][235.815s] GC(1045) Archive regions: 2->2
[2025-06-03T15:47:53.053+0530][235.815s] GC(1045) Humongous regions: 0->0
[2025-06-03T15:47:53.053+0530][235.816s] GC(1045) Metaspace: 20484K(20928K)->20484K(20928K) NonClass: 17899K(18112K)->17899K(18112K) Class: 2585K(2816K)->2585K(2816K)
[2025-06-03T15:47:53.053+0530][235.816s] GC(1045) Pause Young (Normal) (G1 Evacuation Pause) 315M->9M(512M) 2.390ms
[2025-06-03T15:47:53.053+0530][235.816s] GC(1045) User=0.01s Sys=0.00s Real=0.00s
[2025-06-03T15:47:53.328+0530][236.090s] GC(1046) Pause Young (Normal) (G1 Evacuation Pause)
[2025-06-03T15:47:53.328+0530][236.090s] GC(1046) Using 8 workers of 8 for evacuation
[2025-06-03T15:47:53.329+0530][236.091s] GC(1046) Skipped phase 1 of Reference Processing: no references
[2025-06-03T15:47:53.329+0530][236.092s] GC(1046) Skipped phase 2 of Reference Processing: no references
[2025-06-03T15:47:53.329+0530][236.092s] GC(1046) Skipped phase 3 of Reference Processing: no references
[2025-06-03T15:47:53.330+0530][236.092s] GC(1046) Skipped phase 4 of Reference Processing: no references
[2025-06-03T15:47:53.331+0530][236.093s] GC(1046)   Pre Evacuate Collection Set: 1.1ms
[2025-06-03T15:47:53.331+0530][236.093s] GC(1046)   Merge Heap Roots: 0.1ms
[2025-06-03T15:47:53.331+0530][236.093s] GC(1046)   Evacuate Collection Set: 0.3ms
[2025-06-03T15:47:53.331+0530][236.093s] GC(1046)   Post Evacuate Collection Set: 1.2ms
[2025-06-03T15:47:53.331+0530][236.093s] GC(1046)   Other: 0.3ms
[2025-06-03T15:47:53.331+0530][236.093s] GC(1046) Eden regions: 306->0(306)
[2025-06-03T15:47:53.331+0530][236.093s] GC(1046) Survivor regions: 1->1(39)
[2025-06-03T15:47:53.331+0530][236.093s] GC(1046) Old regions: 9->9
[2025-06-03T15:47:53.331+0530][236.093s] GC(1046) Archive regions: 2->2
[2025-06-03T15:47:53.331+0530][236.093s] GC(1046) Humongous regions: 0->0
[2025-06-03T15:47:53.331+0530][236.093s] GC(1046) Metaspace: 20484K(20928K)->20484K(20928K) NonClass: 17899K(18112K)->17899K(18112K) Class: 2585K(2816K)->2585K(2816K)
[2025-06-03T15:47:53.331+0530][236.093s] GC(1046) Pause Young (Normal) (G1 Evacuation Pause) 315M->9M(512M) 3.353ms
[2025-06-03T15:47:53.331+0530][236.093s] GC(1046) User=0.01s Sys=0.00s Real=0.01s
[2025-06-03T15:47:53.604+0530][236.366s] GC(1047) Pause Young (Normal) (G1 Evacuation Pause)
[2025-06-03T15:47:53.604+0530][236.366s] GC(1047) Using 8 workers of 8 for evacuation
[2025-06-03T15:47:53.605+0530][236.367s] GC(1047) Skipped phase 1 of Reference Processing: no references
[2025-06-03T15:47:53.605+0530][236.367s] GC(1047) Skipped phase 2 of Reference Processing: no references
[2025-06-03T15:47:53.605+0530][236.367s] GC(1047) Skipped phase 3 of Reference Processing: no references
[2025-06-03T15:47:53.605+0530][236.367s] GC(1047) Skipped phase 4 of Reference Processing: no references
[2025-06-03T15:47:53.605+0530][236.368s] GC(1047)   Pre Evacuate Collection Set: 0.2ms
[2025-06-03T15:47:53.606+0530][236.368s] GC(1047)   Merge Heap Roots: 0.1ms
[2025-06-03T15:47:53.606+0530][236.368s] GC(1047)   Evacuate Collection Set: 0.4ms
[2025-06-03T15:47:53.606+0530][236.368s] GC(1047)   Post Evacuate Collection Set: 0.6ms
[2025-06-03T15:47:53.606+0530][236.368s] GC(1047)   Other: 0.6ms
[2025-06-03T15:47:53.606+0530][236.368s] GC(1047) Eden regions: 306->0(306)
[2025-06-03T15:47:53.606+0530][236.368s] GC(1047) Survivor regions: 1->1(39)
[2025-06-03T15:47:53.606+0530][236.368s] GC(1047) Old regions: 9->9
[2025-06-03T15:47:53.606+0530][236.368s] GC(1047) Archive regions: 2->2
[2025-06-03T15:47:53.606+0530][236.368s] GC(1047) Humongous regions: 0->0
[2025-06-03T15:47:53.606+0530][236.368s] GC(1047) Metaspace: 20484K(20928K)->20484K(20928K) NonClass: 17899K(18112K)->17899K(18112K) Class: 2585K(2816K)->2585K(2816K)
[2025-06-03T15:47:53.606+0530][236.368s] GC(1047) Pause Young (Normal) (G1 Evacuation Pause) 315M->9M(512M) 2.213ms
[2025-06-03T15:47:53.606+0530][236.368s] GC(1047) User=0.01s Sys=0.00s Real=0.00s
[2025-06-03T15:47:53.848+0530][236.610s] GC(1048) Pause Young (Normal) (G1 Evacuation Pause)
[2025-06-03T15:47:53.848+0530][236.610s] GC(1048) Using 8 workers of 8 for evacuation
[2025-06-03T15:47:53.849+0530][236.611s] GC(1048) Skipped phase 1 of Reference Processing: no references
[2025-06-03T15:47:53.849+0530][236.611s] GC(1048) Skipped phase 2 of Reference Processing: no references
[2025-06-03T15:47:53.849+0530][236.611s] GC(1048) Skipped phase 3 of Reference Processing: no references
[2025-06-03T15:47:53.849+0530][236.611s] GC(1048) Skipped phase 4 of Reference Processing: no references
[2025-06-03T15:47:53.850+0530][236.612s] GC(1048)   Pre Evacuate Collection Set: 0.1ms
[2025-06-03T15:47:53.850+0530][236.612s] GC(1048)   Merge Heap Roots: 0.1ms
[2025-06-03T15:47:53.850+0530][236.612s] GC(1048)   Evacuate Collection Set: 0.4ms
[2025-06-03T15:47:53.850+0530][236.612s] GC(1048)   Post Evacuate Collection Set: 0.9ms
[2025-06-03T15:47:53.850+0530][236.612s] GC(1048)   Other: 0.2ms
[2025-06-03T15:47:53.850+0530][236.612s] GC(1048) Eden regions: 306->0(306)
[2025-06-03T15:47:53.850+0530][236.612s] GC(1048) Survivor regions: 1->1(39)
[2025-06-03T15:47:53.850+0530][236.612s] GC(1048) Old regions: 9->9
[2025-06-03T15:47:53.850+0530][236.612s] GC(1048) Archive regions: 2->2
[2025-06-03T15:47:53.850+0530][236.612s] GC(1048) Humongous regions: 0->0
[2025-06-03T15:47:53.850+0530][236.612s] GC(1048) Metaspace: 20484K(20928K)->20484K(20928K) NonClass: 17899K(18112K)->17899K(18112K) Class: 2585K(2816K)->2585K(2816K)
[2025-06-03T15:47:53.850+0530][236.612s] GC(1048) Pause Young (Normal) (G1 Evacuation Pause) 315M->9M(512M) 2.066ms
[2025-06-03T15:47:53.850+0530][236.612s] GC(1048) User=0.00s Sys=0.00s Real=0.01s
[2025-06-03T15:47:54.036+0530][236.798s] GC(1049) Pause Young (Normal) (G1 Evacuation Pause)
[2025-06-03T15:47:54.036+0530][236.798s] GC(1049) Using 8 workers of 8 for evacuation
[2025-06-03T15:47:54.037+0530][236.799s] GC(1049) Skipped phase 1 of Reference Processing: no references
[2025-06-03T15:47:54.037+0530][236.799s] GC(1049) Skipped phase 2 of Reference Processing: no references
[2025-06-03T15:47:54.037+0530][236.799s] GC(1049) Skipped phase 3 of Reference Processing: no references
[2025-06-03T15:47:54.037+0530][236.799s] GC(1049) Skipped phase 4 of Reference Processing: no references
[2025-06-03T15:47:54.037+0530][236.799s] GC(1049)   Pre Evacuate Collection Set: 0.1ms
[2025-06-03T15:47:54.037+0530][236.799s] GC(1049)   Merge Heap Roots: 0.1ms
[2025-06-03T15:47:54.037+0530][236.799s] GC(1049)   Evacuate Collection Set: 0.3ms
[2025-06-03T15:47:54.037+0530][236.799s] GC(1049)   Post Evacuate Collection Set: 0.6ms
[2025-06-03T15:47:54.037+0530][236.799s] GC(1049)   Other: 0.2ms
[2025-06-03T15:47:54.037+0530][236.799s] GC(1049) Eden regions: 306->0(306)
[2025-06-03T15:47:54.037+0530][236.799s] GC(1049) Survivor regions: 1->1(39)
[2025-06-03T15:47:54.037+0530][236.799s] GC(1049) Old regions: 9->9
[2025-06-03T15:47:54.037+0530][236.799s] GC(1049) Archive regions: 2->2
[2025-06-03T15:47:54.037+0530][236.799s] GC(1049) Humongous regions: 0->0
[2025-06-03T15:47:54.037+0530][236.799s] GC(1049) Metaspace: 20484K(20928K)->20484K(20928K) NonClass: 17899K(18112K)->17899K(18112K) Class: 2585K(2816K)->2585K(2816K)
[2025-06-03T15:47:54.037+0530][236.799s] GC(1049) Pause Young (Normal) (G1 Evacuation Pause) 315M->9M(512M) 1.443ms
[2025-06-03T15:47:54.037+0530][236.800s] GC(1049) User=0.01s Sys=0.00s Real=0.00s
[2025-06-03T15:47:54.217+0530][236.979s] GC(1050) Pause Young (Normal) (G1 Evacuation Pause)
[2025-06-03T15:47:54.217+0530][236.979s] GC(1050) Using 8 workers of 8 for evacuation
[2025-06-03T15:47:54.218+0530][236.980s] GC(1050) Skipped phase 1 of Reference Processing: no references
[2025-06-03T15:47:54.218+0530][236.980s] GC(1050) Skipped phase 2 of Reference Processing: no references
[2025-06-03T15:47:54.218+0530][236.980s] GC(1050) Skipped phase 3 of Reference Processing: no references
[2025-06-03T15:47:54.218+0530][236.980s] GC(1050) Skipped phase 4 of Reference Processing: no references
[2025-06-03T15:47:54.218+0530][236.980s] GC(1050)   Pre Evacuate Collection Set: 0.1ms
[2025-06-03T15:47:54.218+0530][236.980s] GC(1050)   Merge Heap Roots: 0.1ms
[2025-06-03T15:47:54.218+0530][236.980s] GC(1050)   Evacuate Collection Set: 0.3ms
[2025-06-03T15:47:54.218+0530][236.980s] GC(1050)   Post Evacuate Collection Set: 0.6ms
[2025-06-03T15:47:54.218+0530][236.980s] GC(1050)   Other: 0.2ms
[2025-06-03T15:47:54.218+0530][236.981s] GC(1050) Eden regions: 306->0(306)
[2025-06-03T15:47:54.218+0530][236.981s] GC(1050) Survivor regions: 1->1(39)
[2025-06-03T15:47:54.218+0530][236.981s] GC(1050) Old regions: 9->9
[2025-06-03T15:47:54.218+0530][236.981s] GC(1050) Archive regions: 2->2
[2025-06-03T15:47:54.219+0530][236.981s] GC(1050) Humongous regions: 0->0
[2025-06-03T15:47:54.219+0530][236.981s] GC(1050) Metaspace: 20484K(20928K)->20484K(20928K) NonClass: 17899K(18112K)->17899K(18112K) Class: 2585K(2816K)->2585K(2816K)
[2025-06-03T15:47:54.219+0530][236.981s] GC(1050) Pause Young (Normal) (G1 Evacuation Pause) 315M->9M(512M) 1.769ms
[2025-06-03T15:47:54.219+0530][236.981s] GC(1050) User=0.01s Sys=0.00s Real=0.00s
[2025-06-03T15:47:54.405+0530][237.167s] GC(1051) Pause Young (Normal) (G1 Evacuation Pause)
[2025-06-03T15:47:54.405+0530][237.167s] GC(1051) Using 8 workers of 8 for evacuation
[2025-06-03T15:47:54.405+0530][237.167s] GC(1051) Skipped phase 1 of Reference Processing: no references
[2025-06-03T15:47:54.405+0530][237.167s] GC(1051) Skipped phase 2 of Reference Processing: no references
[2025-06-03T15:47:54.405+0530][237.167s] GC(1051) Skipped phase 3 of Reference Processing: no references
[2025-06-03T15:47:54.405+0530][237.167s] GC(1051) Skipped phase 4 of Reference Processing: no references
[2025-06-03T15:47:54.406+0530][237.168s] GC(1051)   Pre Evacuate Collection Set: 0.1ms
[2025-06-03T15:47:54.406+0530][237.168s] GC(1051)   Merge Heap Roots: 0.1ms
[2025-06-03T15:47:54.406+0530][237.168s] GC(1051)   Evacuate Collection Set: 0.2ms
[2025-06-03T15:47:54.406+0530][237.168s] GC(1051)   Post Evacuate Collection Set: 0.6ms
[2025-06-03T15:47:54.406+0530][237.168s] GC(1051)   Other: 0.2ms
[2025-06-03T15:47:54.406+0530][237.168s] GC(1051) Eden regions: 306->0(306)
[2025-06-03T15:47:54.406+0530][237.168s] GC(1051) Survivor regions: 1->1(39)
[2025-06-03T15:47:54.406+0530][237.168s] GC(1051) Old regions: 9->9
[2025-06-03T15:47:54.406+0530][237.168s] GC(1051) Archive regions: 2->2
[2025-06-03T15:47:54.406+0530][237.168s] GC(1051) Humongous regions: 0->0
[2025-06-03T15:47:54.406+0530][237.168s] GC(1051) Metaspace: 20484K(20928K)->20484K(20928K) NonClass: 17899K(18112K)->17899K(18112K) Class: 2585K(2816K)->2585K(2816K)
[2025-06-03T15:47:54.406+0530][237.168s] GC(1051) Pause Young (Normal) (G1 Evacuation Pause) 315M->9M(512M) 1.381ms
[2025-06-03T15:47:54.406+0530][237.168s] GC(1051) User=0.00s Sys=0.01s Real=0.00s
[2025-06-03T15:47:54.575+0530][237.337s] GC(1052) Pause Young (Normal) (G1 Evacuation Pause)
[2025-06-03T15:47:54.575+0530][237.337s] GC(1052) Using 8 workers of 8 for evacuation
[2025-06-03T15:47:54.575+0530][237.337s] GC(1052) Skipped phase 1 of Reference Processing: no references
[2025-06-03T15:47:54.575+0530][237.337s] GC(1052) Skipped phase 2 of Reference Processing: no references
[2025-06-03T15:47:54.575+0530][237.337s] GC(1052) Skipped phase 3 of Reference Processing: no references
[2025-06-03T15:47:54.575+0530][237.337s] GC(1052) Skipped phase 4 of Reference Processing: no references
[2025-06-03T15:47:54.576+0530][237.338s] GC(1052)   Pre Evacuate Collection Set: 0.1ms
[2025-06-03T15:47:54.576+0530][237.338s] GC(1052)   Merge Heap Roots: 0.1ms
[2025-06-03T15:47:54.576+0530][237.338s] GC(1052)   Evacuate Collection Set: 0.2ms
[2025-06-03T15:47:54.576+0530][237.338s] GC(1052)   Post Evacuate Collection Set: 0.5ms
[2025-06-03T15:47:54.576+0530][237.338s] GC(1052)   Other: 0.2ms
[2025-06-03T15:47:54.576+0530][237.338s] GC(1052) Eden regions: 306->0(306)
[2025-06-03T15:47:54.576+0530][237.338s] GC(1052) Survivor regions: 1->1(39)
[2025-06-03T15:47:54.576+0530][237.338s] GC(1052) Old regions: 9->9
[2025-06-03T15:47:54.576+0530][237.338s] GC(1052) Archive regions: 2->2
[2025-06-03T15:47:54.576+0530][237.338s] GC(1052) Humongous regions: 0->0
[2025-06-03T15:47:54.576+0530][237.338s] GC(1052) Metaspace: 20484K(20928K)->20484K(20928K) NonClass: 17899K(18112K)->17899K(18112K) Class: 2585K(2816K)->2585K(2816K)
[2025-06-03T15:47:54.576+0530][237.338s] GC(1052) Pause Young (Normal) (G1 Evacuation Pause) 315M->9M(512M) 1.408ms
[2025-06-03T15:47:54.576+0530][237.338s] GC(1052) User=0.00s Sys=0.00s Real=0.00s
[2025-06-03T15:47:54.739+0530][237.501s] GC(1053) Pause Young (Normal) (G1 Evacuation Pause)
[2025-06-03T15:47:54.739+0530][237.501s] GC(1053) Using 8 workers of 8 for evacuation
[2025-06-03T15:47:54.740+0530][237.502s] GC(1053) Skipped phase 1 of Reference Processing: no references
[2025-06-03T15:47:54.740+0530][237.502s] GC(1053) Skipped phase 2 of Reference Processing: no references
[2025-06-03T15:47:54.740+0530][237.502s] GC(1053) Skipped phase 3 of Reference Processing: no references
[2025-06-03T15:47:54.740+0530][237.502s] GC(1053) Skipped phase 4 of Reference Processing: no references
[2025-06-03T15:47:54.740+0530][237.502s] GC(1053)   Pre Evacuate Collection Set: 0.1ms
[2025-06-03T15:47:54.740+0530][237.503s] GC(1053)   Merge Heap Roots: 0.1ms
[2025-06-03T15:47:54.740+0530][237.503s] GC(1053)   Evacuate Collection Set: 0.3ms
[2025-06-03T15:47:54.740+0530][237.503s] GC(1053)   Post Evacuate Collection Set: 0.5ms
[2025-06-03T15:47:54.740+0530][237.503s] GC(1053)   Other: 0.2ms
[2025-06-03T15:47:54.740+0530][237.503s] GC(1053) Eden regions: 306->0(306)
[2025-06-03T15:47:54.740+0530][237.503s] GC(1053) Survivor regions: 1->1(39)
[2025-06-03T15:47:54.741+0530][237.503s] GC(1053) Old regions: 9->9
[2025-06-03T15:47:54.741+0530][237.503s] GC(1053) Archive regions: 2->2
[2025-06-03T15:47:54.741+0530][237.503s] GC(1053) Humongous regions: 0->0
[2025-06-03T15:47:54.741+0530][237.503s] GC(1053) Metaspace: 20484K(20928K)->20484K(20928K) NonClass: 17899K(18112K)->17899K(18112K) Class: 2585K(2816K)->2585K(2816K)
[2025-06-03T15:47:54.741+0530][237.503s] GC(1053) Pause Young (Normal) (G1 Evacuation Pause) 315M->9M(512M) 1.444ms
[2025-06-03T15:47:54.741+0530][237.503s] GC(1053) User=0.00s Sys=0.00s Real=0.01s
[2025-06-03T15:47:54.910+0530][237.672s] GC(1054) Pause Young (Normal) (G1 Evacuation Pause)
[2025-06-03T15:47:54.910+0530][237.672s] GC(1054) Using 8 workers of 8 for evacuation
[2025-06-03T15:47:54.910+0530][237.672s] GC(1054) Skipped phase 1 of Reference Processing: no references
[2025-06-03T15:47:54.910+0530][237.673s] GC(1054) Skipped phase 2 of Reference Processing: no references
[2025-06-03T15:47:54.910+0530][237.673s] GC(1054) Skipped phase 3 of Reference Processing: no references
[2025-06-03T15:47:54.910+0530][237.673s] GC(1054) Skipped phase 4 of Reference Processing: no references
[2025-06-03T15:47:54.911+0530][237.673s] GC(1054)   Pre Evacuate Collection Set: 0.1ms
[2025-06-03T15:47:54.911+0530][237.673s] GC(1054)   Merge Heap Roots: 0.1ms
[2025-06-03T15:47:54.911+0530][237.673s] GC(1054)   Evacuate Collection Set: 0.3ms
[2025-06-03T15:47:54.911+0530][237.673s] GC(1054)   Post Evacuate Collection Set: 0.5ms
[2025-06-03T15:47:54.911+0530][237.673s] GC(1054)   Other: 0.2ms
[2025-06-03T15:47:54.911+0530][237.673s] GC(1054) Eden regions: 306->0(306)
[2025-06-03T15:47:54.911+0530][237.673s] GC(1054) Survivor regions: 1->1(39)
[2025-06-03T15:47:54.911+0530][237.673s] GC(1054) Old regions: 9->9
[2025-06-03T15:47:54.911+0530][237.673s] GC(1054) Archive regions: 2->2
[2025-06-03T15:47:54.911+0530][237.673s] GC(1054) Humongous regions: 0->0
[2025-06-03T15:47:54.911+0530][237.673s] GC(1054) Metaspace: 20484K(20928K)->20484K(20928K) NonClass: 17899K(18112K)->17899K(18112K) Class: 2585K(2816K)->2585K(2816K)
[2025-06-03T15:47:54.911+0530][237.673s] GC(1054) Pause Young (Normal) (G1 Evacuation Pause) 315M->9M(512M) 1.430ms
[2025-06-03T15:47:54.911+0530][237.673s] GC(1054) User=0.00s Sys=0.00s Real=0.00s
[2025-06-03T15:47:55.078+0530][237.840s] GC(1055) Pause Young (Normal) (G1 Evacuation Pause)
[2025-06-03T15:47:55.078+0530][237.840s] GC(1055) Using 8 workers of 8 for evacuation
[2025-06-03T15:47:55.079+0530][237.841s] GC(1055) Skipped phase 1 of Reference Processing: no references
[2025-06-03T15:47:55.079+0530][237.841s] GC(1055) Skipped phase 2 of Reference Processing: no references
[2025-06-03T15:47:55.079+0530][237.841s] GC(1055) Skipped phase 3 of Reference Processing: no references
[2025-06-03T15:47:55.079+0530][237.841s] GC(1055) Skipped phase 4 of Reference Processing: no references
[2025-06-03T15:47:55.079+0530][237.841s] GC(1055)   Pre Evacuate Collection Set: 0.1ms
[2025-06-03T15:47:55.079+0530][237.841s] GC(1055)   Merge Heap Roots: 0.1ms
[2025-06-03T15:47:55.079+0530][237.842s] GC(1055)   Evacuate Collection Set: 0.3ms
[2025-06-03T15:47:55.079+0530][237.842s] GC(1055)   Post Evacuate Collection Set: 0.5ms
[2025-06-03T15:47:55.079+0530][237.842s] GC(1055)   Other: 0.3ms
[2025-06-03T15:47:55.079+0530][237.842s] GC(1055) Eden regions: 306->0(306)
[2025-06-03T15:47:55.079+0530][237.842s] GC(1055) Survivor regions: 1->1(39)
[2025-06-03T15:47:55.079+0530][237.842s] GC(1055) Old regions: 9->9
[2025-06-03T15:47:55.079+0530][237.842s] GC(1055) Archive regions: 2->2
[2025-06-03T15:47:55.079+0530][237.842s] GC(1055) Humongous regions: 0->0
[2025-06-03T15:47:55.080+0530][237.842s] GC(1055) Metaspace: 20484K(20928K)->20484K(20928K) NonClass: 17899K(18112K)->17899K(18112K) Class: 2585K(2816K)->2585K(2816K)
[2025-06-03T15:47:55.080+0530][237.842s] GC(1055) Pause Young (Normal) (G1 Evacuation Pause) 315M->9M(512M) 1.399ms
[2025-06-03T15:47:55.080+0530][237.842s] GC(1055) User=0.00s Sys=0.00s Real=0.01s
[2025-06-03T15:47:55.266+0530][238.028s] GC(1056) Pause Young (Normal) (G1 Evacuation Pause)
[2025-06-03T15:47:55.266+0530][238.028s] GC(1056) Using 8 workers of 8 for evacuation
[2025-06-03T15:47:55.266+0530][238.028s] GC(1056) Skipped phase 1 of Reference Processing: no references
[2025-06-03T15:47:55.266+0530][238.028s] GC(1056) Skipped phase 2 of Reference Processing: no references
[2025-06-03T15:47:55.266+0530][238.028s] GC(1056) Skipped phase 3 of Reference Processing: no references
[2025-06-03T15:47:55.266+0530][238.028s] GC(1056) Skipped phase 4 of Reference Processing: no references
[2025-06-03T15:47:55.267+0530][238.029s] GC(1056)   Pre Evacuate Collection Set: 0.1ms
[2025-06-03T15:47:55.267+0530][238.029s] GC(1056)   Merge Heap Roots: 0.1ms
[2025-06-03T15:47:55.267+0530][238.029s] GC(1056)   Evacuate Collection Set: 0.2ms
[2025-06-03T15:47:55.267+0530][238.029s] GC(1056)   Post Evacuate Collection Set: 0.5ms
[2025-06-03T15:47:55.267+0530][238.029s] GC(1056)   Other: 0.2ms
[2025-06-03T15:47:55.267+0530][238.029s] GC(1056) Eden regions: 306->0(306)
[2025-06-03T15:47:55.267+0530][238.029s] GC(1056) Survivor regions: 1->1(39)
[2025-06-03T15:47:55.267+0530][238.029s] GC(1056) Old regions: 9->9
[2025-06-03T15:47:55.267+0530][238.029s] GC(1056) Archive regions: 2->2
[2025-06-03T15:47:55.267+0530][238.029s] GC(1056) Humongous regions: 0->0
[2025-06-03T15:47:55.267+0530][238.029s] GC(1056) Metaspace: 20484K(20928K)->20484K(20928K) NonClass: 17899K(18112K)->17899K(18112K) Class: 2585K(2816K)->2585K(2816K)
[2025-06-03T15:47:55.267+0530][238.029s] GC(1056) Pause Young (Normal) (G1 Evacuation Pause) 315M->9M(512M) 1.310ms
[2025-06-03T15:47:55.267+0530][238.029s] GC(1056) User=0.00s Sys=0.00s Real=0.00s
[2025-06-03T15:47:55.447+0530][238.210s] GC(1057) Pause Young (Normal) (G1 Evacuation Pause)
[2025-06-03T15:47:55.447+0530][238.210s] GC(1057) Using 8 workers of 8 for evacuation
[2025-06-03T15:47:55.448+0530][238.210s] GC(1057) Skipped phase 1 of Reference Processing: no references
[2025-06-03T15:47:55.448+0530][238.210s] GC(1057) Skipped phase 2 of Reference Processing: no references
[2025-06-03T15:47:55.448+0530][238.210s] GC(1057) Skipped phase 3 of Reference Processing: no references
[2025-06-03T15:47:55.448+0530][238.210s] GC(1057) Skipped phase 4 of Reference Processing: no references
[2025-06-03T15:47:55.448+0530][238.211s] GC(1057)   Pre Evacuate Collection Set: 0.1ms
[2025-06-03T15:47:55.448+0530][238.211s] GC(1057)   Merge Heap Roots: 0.1ms
[2025-06-03T15:47:55.448+0530][238.211s] GC(1057)   Evacuate Collection Set: 0.2ms
[2025-06-03T15:47:55.449+0530][238.211s] GC(1057)   Post Evacuate Collection Set: 0.5ms
[2025-06-03T15:47:55.449+0530][238.211s] GC(1057)   Other: 0.2ms
[2025-06-03T15:47:55.449+0530][238.211s] GC(1057) Eden regions: 306->0(306)
[2025-06-03T15:47:55.449+0530][238.211s] GC(1057) Survivor regions: 1->1(39)
[2025-06-03T15:47:55.449+0530][238.211s] GC(1057) Old regions: 9->9
[2025-06-03T15:47:55.449+0530][238.211s] GC(1057) Archive regions: 2->2
[2025-06-03T15:47:55.449+0530][238.211s] GC(1057) Humongous regions: 0->0
[2025-06-03T15:47:55.449+0530][238.211s] GC(1057) Metaspace: 20484K(20928K)->20484K(20928K) NonClass: 17899K(18112K)->17899K(18112K) Class: 2585K(2816K)->2585K(2816K)
[2025-06-03T15:47:55.449+0530][238.211s] GC(1057) Pause Young (Normal) (G1 Evacuation Pause) 315M->9M(512M) 1.308ms
[2025-06-03T15:47:55.449+0530][238.211s] GC(1057) User=0.00s Sys=0.00s Real=0.00s
[2025-06-03T15:47:55.623+0530][238.385s] GC(1058) Pause Young (Normal) (G1 Evacuation Pause)
[2025-06-03T15:47:55.623+0530][238.385s] GC(1058) Using 8 workers of 8 for evacuation
[2025-06-03T15:47:55.623+0530][238.386s] GC(1058) Skipped phase 1 of Reference Processing: no references
[2025-06-03T15:47:55.623+0530][238.386s] GC(1058) Skipped phase 2 of Reference Processing: no references
[2025-06-03T15:47:55.623+0530][238.386s] GC(1058) Skipped phase 3 of Reference Processing: no references
[2025-06-03T15:47:55.624+0530][238.386s] GC(1058) Skipped phase 4 of Reference Processing: no references
[2025-06-03T15:47:55.624+0530][238.386s] GC(1058)   Pre Evacuate Collection Set: 0.1ms
[2025-06-03T15:47:55.624+0530][238.386s] GC(1058)   Merge Heap Roots: 0.1ms
[2025-06-03T15:47:55.624+0530][238.386s] GC(1058)   Evacuate Collection Set: 0.3ms
[2025-06-03T15:47:55.624+0530][238.386s] GC(1058)   Post Evacuate Collection Set: 0.5ms
[2025-06-03T15:47:55.624+0530][238.386s] GC(1058)   Other: 0.2ms
[2025-06-03T15:47:55.624+0530][238.386s] GC(1058) Eden regions: 306->0(306)
[2025-06-03T15:47:55.624+0530][238.386s] GC(1058) Survivor regions: 1->1(39)
[2025-06-03T15:47:55.624+0530][238.386s] GC(1058) Old regions: 9->9
[2025-06-03T15:47:55.624+0530][238.386s] GC(1058) Archive regions: 2->2
[2025-06-03T15:47:55.624+0530][238.386s] GC(1058) Humongous regions: 0->0
[2025-06-03T15:47:55.624+0530][238.386s] GC(1058) Metaspace: 20484K(20928K)->20484K(20928K) NonClass: 17899K(18112K)->17899K(18112K) Class: 2585K(2816K)->2585K(2816K)
[2025-06-03T15:47:55.624+0530][238.386s] GC(1058) Pause Young (Normal) (G1 Evacuation Pause) 315M->9M(512M) 1.465ms
[2025-06-03T15:47:55.624+0530][238.386s] GC(1058) User=0.00s Sys=0.00s Real=0.00s
[2025-06-03T15:47:55.796+0530][238.558s] GC(1059) Pause Young (Normal) (G1 Evacuation Pause)
[2025-06-03T15:47:55.796+0530][238.558s] GC(1059) Using 8 workers of 8 for evacuation
[2025-06-03T15:47:55.797+0530][238.559s] GC(1059) Skipped phase 1 of Reference Processing: no references
[2025-06-03T15:47:55.797+0530][238.559s] GC(1059) Skipped phase 2 of Reference Processing: no references
[2025-06-03T15:47:55.797+0530][238.559s] GC(1059) Skipped phase 3 of Reference Processing: no references
[2025-06-03T15:47:55.797+0530][238.559s] GC(1059) Skipped phase 4 of Reference Processing: no references
[2025-06-03T15:47:55.797+0530][238.559s] GC(1059)   Pre Evacuate Collection Set: 0.1ms
[2025-06-03T15:47:55.797+0530][238.560s] GC(1059)   Merge Heap Roots: 0.1ms
[2025-06-03T15:47:55.797+0530][238.560s] GC(1059)   Evacuate Collection Set: 0.3ms
[2025-06-03T15:47:55.797+0530][238.560s] GC(1059)   Post Evacuate Collection Set: 0.5ms
[2025-06-03T15:47:55.797+0530][238.560s] GC(1059)   Other: 0.2ms
[2025-06-03T15:47:55.798+0530][238.560s] GC(1059) Eden regions: 306->0(306)
[2025-06-03T15:47:55.798+0530][238.560s] GC(1059) Survivor regions: 1->1(39)
[2025-06-03T15:47:55.798+0530][238.560s] GC(1059) Old regions: 9->9
[2025-06-03T15:47:55.798+0530][238.560s] GC(1059) Archive regions: 2->2
[2025-06-03T15:47:55.798+0530][238.560s] GC(1059) Humongous regions: 0->0
[2025-06-03T15:47:55.798+0530][238.560s] GC(1059) Metaspace: 20484K(20928K)->20484K(20928K) NonClass: 17899K(18112K)->17899K(18112K) Class: 2585K(2816K)->2585K(2816K)
[2025-06-03T15:47:55.798+0530][238.560s] GC(1059) Pause Young (Normal) (G1 Evacuation Pause) 315M->9M(512M) 1.568ms
[2025-06-03T15:47:55.798+0530][238.560s] GC(1059) User=0.00s Sys=0.00s Real=0.00s
[2025-06-03T15:47:55.969+0530][238.731s] GC(1060) Pause Young (Normal) (G1 Evacuation Pause)
[2025-06-03T15:47:55.969+0530][238.731s] GC(1060) Using 8 workers of 8 for evacuation
[2025-06-03T15:47:55.970+0530][238.732s] GC(1060) Skipped phase 1 of Reference Processing: no references
[2025-06-03T15:47:55.970+0530][238.732s] GC(1060) Skipped phase 2 of Reference Processing: no references
[2025-06-03T15:47:55.970+0530][238.732s] GC(1060) Skipped phase 3 of Reference Processing: no references
[2025-06-03T15:47:55.970+0530][238.732s] GC(1060) Skipped phase 4 of Reference Processing: no references
[2025-06-03T15:47:55.970+0530][238.732s] GC(1060)   Pre Evacuate Collection Set: 0.1ms
[2025-06-03T15:47:55.970+0530][238.732s] GC(1060)   Merge Heap Roots: 0.1ms
[2025-06-03T15:47:55.970+0530][238.732s] GC(1060)   Evacuate Collection Set: 0.2ms
[2025-06-03T15:47:55.970+0530][238.732s] GC(1060)   Post Evacuate Collection Set: 0.5ms
[2025-06-03T15:47:55.970+0530][238.732s] GC(1060)   Other: 0.2ms
[2025-06-03T15:47:55.970+0530][238.732s] GC(1060) Eden regions: 306->0(306)
[2025-06-03T15:47:55.970+0530][238.732s] GC(1060) Survivor regions: 1->1(39)
[2025-06-03T15:47:55.970+0530][238.732s] GC(1060) Old regions: 9->9
[2025-06-03T15:47:55.970+0530][238.732s] GC(1060) Archive regions: 2->2
[2025-06-03T15:47:55.970+0530][238.733s] GC(1060) Humongous regions: 0->0
[2025-06-03T15:47:55.970+0530][238.733s] GC(1060) Metaspace: 20484K(20928K)->20484K(20928K) NonClass: 17899K(18112K)->17899K(18112K) Class: 2585K(2816K)->2585K(2816K)
[2025-06-03T15:47:55.970+0530][238.733s] GC(1060) Pause Young (Normal) (G1 Evacuation Pause) 315M->9M(512M) 1.256ms
[2025-06-03T15:47:55.970+0530][238.733s] GC(1060) User=0.00s Sys=0.00s Real=0.01s
[2025-06-03T15:47:56.138+0530][238.900s] GC(1061) Pause Young (Normal) (G1 Evacuation Pause)
[2025-06-03T15:47:56.138+0530][238.900s] GC(1061) Using 8 workers of 8 for evacuation
[2025-06-03T15:47:56.138+0530][238.901s] GC(1061) Skipped phase 1 of Reference Processing: no references
[2025-06-03T15:47:56.138+0530][238.901s] GC(1061) Skipped phase 2 of Reference Processing: no references
[2025-06-03T15:47:56.138+0530][238.901s] GC(1061) Skipped phase 3 of Reference Processing: no references
[2025-06-03T15:47:56.139+0530][238.901s] GC(1061) Skipped phase 4 of Reference Processing: no references
[2025-06-03T15:47:56.139+0530][238.901s] GC(1061)   Pre Evacuate Collection Set: 0.1ms
[2025-06-03T15:47:56.139+0530][238.901s] GC(1061)   Merge Heap Roots: 0.1ms
[2025-06-03T15:47:56.139+0530][238.901s] GC(1061)   Evacuate Collection Set: 0.2ms
[2025-06-03T15:47:56.139+0530][238.901s] GC(1061)   Post Evacuate Collection Set: 0.6ms
[2025-06-03T15:47:56.139+0530][238.901s] GC(1061)   Other: 0.2ms
[2025-06-03T15:47:56.139+0530][238.901s] GC(1061) Eden regions: 306->0(306)
[2025-06-03T15:47:56.139+0530][238.901s] GC(1061) Survivor regions: 1->1(39)
[2025-06-03T15:47:56.139+0530][238.901s] GC(1061) Old regions: 9->9
[2025-06-03T15:47:56.139+0530][238.901s] GC(1061) Archive regions: 2->2
[2025-06-03T15:47:56.139+0530][238.901s] GC(1061) Humongous regions: 0->0
[2025-06-03T15:47:56.139+0530][238.901s] GC(1061) Metaspace: 20484K(20928K)->20484K(20928K) NonClass: 17899K(18112K)->17899K(18112K) Class: 2585K(2816K)->2585K(2816K)
[2025-06-03T15:47:56.139+0530][238.901s] GC(1061) Pause Young (Normal) (G1 Evacuation Pause) 315M->9M(512M) 1.344ms
[2025-06-03T15:47:56.139+0530][238.901s] GC(1061) User=0.01s Sys=0.00s Real=0.00s
[2025-06-03T15:47:56.303+0530][239.065s] GC(1062) Pause Young (Normal) (G1 Evacuation Pause)
[2025-06-03T15:47:56.303+0530][239.065s] GC(1062) Using 8 workers of 8 for evacuation
[2025-06-03T15:47:56.304+0530][239.066s] GC(1062) Skipped phase 1 of Reference Processing: no references
[2025-06-03T15:47:56.304+0530][239.066s] GC(1062) Skipped phase 2 of Reference Processing: no references
[2025-06-03T15:47:56.304+0530][239.066s] GC(1062) Skipped phase 3 of Reference Processing: no references
[2025-06-03T15:47:56.304+0530][239.066s] GC(1062) Skipped phase 4 of Reference Processing: no references
[2025-06-03T15:47:56.304+0530][239.066s] GC(1062)   Pre Evacuate Collection Set: 0.1ms
[2025-06-03T15:47:56.304+0530][239.066s] GC(1062)   Merge Heap Roots: 0.1ms
[2025-06-03T15:47:56.304+0530][239.066s] GC(1062)   Evacuate Collection Set: 0.2ms
[2025-06-03T15:47:56.304+0530][239.066s] GC(1062)   Post Evacuate Collection Set: 0.5ms
[2025-06-03T15:47:56.304+0530][239.066s] GC(1062)   Other: 0.2ms
[2025-06-03T15:47:56.304+0530][239.066s] GC(1062) Eden regions: 306->0(306)
[2025-06-03T15:47:56.304+0530][239.066s] GC(1062) Survivor regions: 1->1(39)
[2025-06-03T15:47:56.304+0530][239.066s] GC(1062) Old regions: 9->9
[2025-06-03T15:47:56.304+0530][239.066s] GC(1062) Archive regions: 2->2
[2025-06-03T15:47:56.304+0530][239.066s] GC(1062) Humongous regions: 0->0
[2025-06-03T15:47:56.304+0530][239.066s] GC(1062) Metaspace: 20484K(20928K)->20484K(20928K) NonClass: 17899K(18112K)->17899K(18112K) Class: 2585K(2816K)->2585K(2816K)
[2025-06-03T15:47:56.304+0530][239.066s] GC(1062) Pause Young (Normal) (G1 Evacuation Pause) 315M->9M(512M) 1.309ms
[2025-06-03T15:47:56.304+0530][239.066s] GC(1062) User=0.00s Sys=0.00s Real=0.00s
[2025-06-03T15:47:56.455+0530][239.217s] GC(1063) Pause Young (Normal) (G1 Evacuation Pause)
[2025-06-03T15:47:56.455+0530][239.218s] GC(1063) Using 8 workers of 8 for evacuation
[2025-06-03T15:47:56.456+0530][239.218s] GC(1063) Skipped phase 1 of Reference Processing: no references
[2025-06-03T15:47:56.456+0530][239.218s] GC(1063) Skipped phase 2 of Reference Processing: no references
[2025-06-03T15:47:56.456+0530][239.218s] GC(1063) Skipped phase 3 of Reference Processing: no references
[2025-06-03T15:47:56.456+0530][239.218s] GC(1063) Skipped phase 4 of Reference Processing: no references
[2025-06-03T15:47:56.456+0530][239.219s] GC(1063)   Pre Evacuate Collection Set: 0.1ms
[2025-06-03T15:47:56.456+0530][239.219s] GC(1063)   Merge Heap Roots: 0.1ms
[2025-06-03T15:47:56.456+0530][239.219s] GC(1063)   Evacuate Collection Set: 0.3ms
[2025-06-03T15:47:56.456+0530][239.219s] GC(1063)   Post Evacuate Collection Set: 0.5ms
[2025-06-03T15:47:56.456+0530][239.219s] GC(1063)   Other: 0.2ms
[2025-06-03T15:47:56.456+0530][239.219s] GC(1063) Eden regions: 306->0(306)
[2025-06-03T15:47:56.456+0530][239.219s] GC(1063) Survivor regions: 1->1(39)
[2025-06-03T15:47:56.456+0530][239.219s] GC(1063) Old regions: 9->9
[2025-06-03T15:47:56.457+0530][239.219s] GC(1063) Archive regions: 2->2
[2025-06-03T15:47:56.457+0530][239.219s] GC(1063) Humongous regions: 0->0
[2025-06-03T15:47:56.457+0530][239.219s] GC(1063) Metaspace: 20484K(20928K)->20484K(20928K) NonClass: 17899K(18112K)->17899K(18112K) Class: 2585K(2816K)->2585K(2816K)
[2025-06-03T15:47:56.457+0530][239.219s] GC(1063) Pause Young (Normal) (G1 Evacuation Pause) 315M->9M(512M) 1.254ms
[2025-06-03T15:47:56.457+0530][239.219s] GC(1063) User=0.00s Sys=0.00s Real=0.00s
[2025-06-03T15:47:56.606+0530][239.368s] GC(1064) Pause Young (Normal) (G1 Evacuation Pause)
[2025-06-03T15:47:56.606+0530][239.368s] GC(1064) Using 8 workers of 8 for evacuation
[2025-06-03T15:47:56.607+0530][239.369s] GC(1064) Skipped phase 1 of Reference Processing: no references
[2025-06-03T15:47:56.607+0530][239.369s] GC(1064) Skipped phase 2 of Reference Processing: no references
[2025-06-03T15:47:56.607+0530][239.369s] GC(1064) Skipped phase 3 of Reference Processing: no references
[2025-06-03T15:47:56.607+0530][239.369s] GC(1064) Skipped phase 4 of Reference Processing: no references
[2025-06-03T15:47:56.607+0530][239.369s] GC(1064)   Pre Evacuate Collection Set: 0.1ms
[2025-06-03T15:47:56.607+0530][239.369s] GC(1064)   Merge Heap Roots: 0.1ms
[2025-06-03T15:47:56.607+0530][239.370s] GC(1064)   Evacuate Collection Set: 0.3ms
[2025-06-03T15:47:56.607+0530][239.370s] GC(1064)   Post Evacuate Collection Set: 0.5ms
[2025-06-03T15:47:56.607+0530][239.370s] GC(1064)   Other: 0.2ms
[2025-06-03T15:47:56.607+0530][239.370s] GC(1064) Eden regions: 306->0(306)
[2025-06-03T15:47:56.607+0530][239.370s] GC(1064) Survivor regions: 1->1(39)
[2025-06-03T15:47:56.607+0530][239.370s] GC(1064) Old regions: 9->9
[2025-06-03T15:47:56.608+0530][239.370s] GC(1064) Archive regions: 2->2
[2025-06-03T15:47:56.608+0530][239.370s] GC(1064) Humongous regions: 0->0
[2025-06-03T15:47:56.608+0530][239.370s] GC(1064) Metaspace: 20484K(20928K)->20484K(20928K) NonClass: 17899K(18112K)->17899K(18112K) Class: 2585K(2816K)->2585K(2816K)
[2025-06-03T15:47:56.608+0530][239.370s] GC(1064) Pause Young (Normal) (G1 Evacuation Pause) 315M->9M(512M) 1.330ms
[2025-06-03T15:47:56.608+0530][239.370s] GC(1064) User=0.00s Sys=0.00s Real=0.00s
[2025-06-03T15:47:56.755+0530][239.517s] GC(1065) Pause Young (Normal) (G1 Evacuation Pause)
[2025-06-03T15:47:56.755+0530][239.517s] GC(1065) Using 8 workers of 8 for evacuation
[2025-06-03T15:47:56.756+0530][239.518s] GC(1065) Skipped phase 1 of Reference Processing: no references
[2025-06-03T15:47:56.756+0530][239.518s] GC(1065) Skipped phase 2 of Reference Processing: no references
[2025-06-03T15:47:56.756+0530][239.518s] GC(1065) Skipped phase 3 of Reference Processing: no references
[2025-06-03T15:47:56.756+0530][239.518s] GC(1065) Skipped phase 4 of Reference Processing: no references
[2025-06-03T15:47:56.756+0530][239.518s] GC(1065)   Pre Evacuate Collection Set: 0.1ms
[2025-06-03T15:47:56.756+0530][239.518s] GC(1065)   Merge Heap Roots: 0.1ms
[2025-06-03T15:47:56.756+0530][239.518s] GC(1065)   Evacuate Collection Set: 0.2ms
[2025-06-03T15:47:56.756+0530][239.518s] GC(1065)   Post Evacuate Collection Set: 0.5ms
[2025-06-03T15:47:56.756+0530][239.518s] GC(1065)   Other: 0.2ms
[2025-06-03T15:47:56.756+0530][239.518s] GC(1065) Eden regions: 306->0(306)
[2025-06-03T15:47:56.756+0530][239.518s] GC(1065) Survivor regions: 1->1(39)
[2025-06-03T15:47:56.756+0530][239.518s] GC(1065) Old regions: 9->9
[2025-06-03T15:47:56.756+0530][239.518s] GC(1065) Archive regions: 2->2
[2025-06-03T15:47:56.756+0530][239.518s] GC(1065) Humongous regions: 0->0
[2025-06-03T15:47:56.756+0530][239.518s] GC(1065) Metaspace: 20484K(20928K)->20484K(20928K) NonClass: 17899K(18112K)->17899K(18112K) Class: 2585K(2816K)->2585K(2816K)
[2025-06-03T15:47:56.756+0530][239.518s] GC(1065) Pause Young (Normal) (G1 Evacuation Pause) 315M->9M(512M) 1.248ms
[2025-06-03T15:47:56.756+0530][239.518s] GC(1065) User=0.00s Sys=0.01s Real=0.00s
[2025-06-03T15:47:56.908+0530][239.670s] GC(1066) Pause Young (Normal) (G1 Evacuation Pause)
[2025-06-03T15:47:56.908+0530][239.670s] GC(1066) Using 8 workers of 8 for evacuation
[2025-06-03T15:47:56.908+0530][239.670s] GC(1066) Skipped phase 1 of Reference Processing: no references
[2025-06-03T15:47:56.908+0530][239.670s] GC(1066) Skipped phase 2 of Reference Processing: no references
[2025-06-03T15:47:56.908+0530][239.670s] GC(1066) Skipped phase 3 of Reference Processing: no references
[2025-06-03T15:47:56.908+0530][239.670s] GC(1066) Skipped phase 4 of Reference Processing: no references
[2025-06-03T15:47:56.909+0530][239.671s] GC(1066)   Pre Evacuate Collection Set: 0.1ms
[2025-06-03T15:47:56.909+0530][239.671s] GC(1066)   Merge Heap Roots: 0.1ms
[2025-06-03T15:47:56.909+0530][239.671s] GC(1066)   Evacuate Collection Set: 0.2ms
[2025-06-03T15:47:56.909+0530][239.671s] GC(1066)   Post Evacuate Collection Set: 0.4ms
[2025-06-03T15:47:56.909+0530][239.671s] GC(1066)   Other: 0.2ms
[2025-06-03T15:47:56.909+0530][239.671s] GC(1066) Eden regions: 306->0(306)
[2025-06-03T15:47:56.909+0530][239.671s] GC(1066) Survivor regions: 1->1(39)
[2025-06-03T15:47:56.909+0530][239.671s] GC(1066) Old regions: 9->9
[2025-06-03T15:47:56.909+0530][239.671s] GC(1066) Archive regions: 2->2
[2025-06-03T15:47:56.909+0530][239.671s] GC(1066) Humongous regions: 0->0
[2025-06-03T15:47:56.909+0530][239.671s] GC(1066) Metaspace: 20484K(20928K)->20484K(20928K) NonClass: 17899K(18112K)->17899K(18112K) Class: 2585K(2816K)->2585K(2816K)
[2025-06-03T15:47:56.909+0530][239.671s] GC(1066) Pause Young (Normal) (G1 Evacuation Pause) 315M->9M(512M) 1.235ms
[2025-06-03T15:47:56.909+0530][239.671s] GC(1066) User=0.01s Sys=0.00s Real=0.00s
[2025-06-03T15:47:57.151+0530][239.913s] GC(1067) Pause Young (Normal) (G1 Evacuation Pause)
[2025-06-03T15:47:57.151+0530][239.913s] GC(1067) Using 8 workers of 8 for evacuation
[2025-06-03T15:47:57.152+0530][239.914s] GC(1067) Skipped phase 1 of Reference Processing: no references
[2025-06-03T15:47:57.152+0530][239.914s] GC(1067) Skipped phase 2 of Reference Processing: no references
[2025-06-03T15:47:57.152+0530][239.914s] GC(1067) Skipped phase 3 of Reference Processing: no references
[2025-06-03T15:47:57.152+0530][239.914s] GC(1067) Skipped phase 4 of Reference Processing: no references
[2025-06-03T15:47:57.153+0530][239.915s] GC(1067)   Pre Evacuate Collection Set: 0.2ms
[2025-06-03T15:47:57.153+0530][239.915s] GC(1067)   Merge Heap Roots: 0.1ms
[2025-06-03T15:47:57.153+0530][239.915s] GC(1067)   Evacuate Collection Set: 0.7ms
[2025-06-03T15:47:57.153+0530][239.915s] GC(1067)   Post Evacuate Collection Set: 0.9ms
[2025-06-03T15:47:57.153+0530][239.915s] GC(1067)   Other: 0.2ms
[2025-06-03T15:47:57.153+0530][239.915s] GC(1067) Eden regions: 306->0(306)
[2025-06-03T15:47:57.153+0530][239.915s] GC(1067) Survivor regions: 1->1(39)
[2025-06-03T15:47:57.153+0530][239.915s] GC(1067) Old regions: 9->9
[2025-06-03T15:47:57.153+0530][239.915s] GC(1067) Archive regions: 2->2
[2025-06-03T15:47:57.153+0530][239.915s] GC(1067) Humongous regions: 0->0
[2025-06-03T15:47:57.153+0530][239.915s] GC(1067) Metaspace: 20484K(20928K)->20484K(20928K) NonClass: 17899K(18112K)->17899K(18112K) Class: 2585K(2816K)->2585K(2816K)
[2025-06-03T15:47:57.153+0530][239.915s] GC(1067) Pause Young (Normal) (G1 Evacuation Pause) 315M->9M(512M) 2.459ms
[2025-06-03T15:47:57.153+0530][239.915s] GC(1067) User=0.00s Sys=0.01s Real=0.00s
[2025-06-03T15:47:57.422+0530][240.184s] GC(1068) Pause Young (Normal) (G1 Evacuation Pause)
[2025-06-03T15:47:57.422+0530][240.184s] GC(1068) Using 8 workers of 8 for evacuation
[2025-06-03T15:47:57.423+0530][240.185s] GC(1068) Skipped phase 1 of Reference Processing: no references
[2025-06-03T15:47:57.423+0530][240.185s] GC(1068) Skipped phase 2 of Reference Processing: no references
[2025-06-03T15:47:57.423+0530][240.186s] GC(1068) Skipped phase 3 of Reference Processing: no references
[2025-06-03T15:47:57.423+0530][240.186s] GC(1068) Skipped phase 4 of Reference Processing: no references
[2025-06-03T15:47:57.424+0530][240.186s] GC(1068)   Pre Evacuate Collection Set: 0.2ms
[2025-06-03T15:47:57.424+0530][240.186s] GC(1068)   Merge Heap Roots: 0.2ms
[2025-06-03T15:47:57.424+0530][240.186s] GC(1068)   Evacuate Collection Set: 0.5ms
[2025-06-03T15:47:57.424+0530][240.186s] GC(1068)   Post Evacuate Collection Set: 1.0ms
[2025-06-03T15:47:57.424+0530][240.187s] GC(1068)   Other: 0.5ms
[2025-06-03T15:47:57.425+0530][240.187s] GC(1068) Eden regions: 306->0(306)
[2025-06-03T15:47:57.425+0530][240.187s] GC(1068) Survivor regions: 1->1(39)
[2025-06-03T15:47:57.425+0530][240.187s] GC(1068) Old regions: 9->9
[2025-06-03T15:47:57.425+0530][240.187s] GC(1068) Archive regions: 2->2
[2025-06-03T15:47:57.425+0530][240.187s] GC(1068) Humongous regions: 0->0
[2025-06-03T15:47:57.425+0530][240.187s] GC(1068) Metaspace: 20484K(20928K)->20484K(20928K) NonClass: 17899K(18112K)->17899K(18112K) Class: 2585K(2816K)->2585K(2816K)
[2025-06-03T15:47:57.425+0530][240.187s] GC(1068) Pause Young (Normal) (G1 Evacuation Pause) 315M->9M(512M) 2.924ms
[2025-06-03T15:47:57.425+0530][240.187s] GC(1068) User=0.00s Sys=0.01s Real=0.00s
[2025-06-03T15:47:57.681+0530][240.444s] GC(1069) Pause Young (Normal) (G1 Evacuation Pause)
[2025-06-03T15:47:57.682+0530][240.444s] GC(1069) Using 8 workers of 8 for evacuation
[2025-06-03T15:47:57.682+0530][240.444s] GC(1069) Skipped phase 1 of Reference Processing: no references
[2025-06-03T15:47:57.682+0530][240.444s] GC(1069) Skipped phase 2 of Reference Processing: no references
[2025-06-03T15:47:57.682+0530][240.445s] GC(1069) Skipped phase 3 of Reference Processing: no references
[2025-06-03T15:47:57.682+0530][240.445s] GC(1069) Skipped phase 4 of Reference Processing: no references
[2025-06-03T15:47:57.683+0530][240.445s] GC(1069)   Pre Evacuate Collection Set: 0.1ms
[2025-06-03T15:47:57.683+0530][240.445s] GC(1069)   Merge Heap Roots: 0.1ms
[2025-06-03T15:47:57.683+0530][240.445s] GC(1069)   Evacuate Collection Set: 0.4ms
[2025-06-03T15:47:57.683+0530][240.445s] GC(1069)   Post Evacuate Collection Set: 0.7ms
[2025-06-03T15:47:57.683+0530][240.445s] GC(1069)   Other: 0.2ms
[2025-06-03T15:47:57.683+0530][240.445s] GC(1069) Eden regions: 306->0(306)
[2025-06-03T15:47:57.683+0530][240.445s] GC(1069) Survivor regions: 1->1(39)
[2025-06-03T15:47:57.683+0530][240.445s] GC(1069) Old regions: 9->9
[2025-06-03T15:47:57.683+0530][240.445s] GC(1069) Archive regions: 2->2
[2025-06-03T15:47:57.683+0530][240.446s] GC(1069) Humongous regions: 0->0
[2025-06-03T15:47:57.683+0530][240.446s] GC(1069) Metaspace: 20484K(20928K)->20484K(20928K) NonClass: 17899K(18112K)->17899K(18112K) Class: 2585K(2816K)->2585K(2816K)
[2025-06-03T15:47:57.683+0530][240.446s] GC(1069) Pause Young (Normal) (G1 Evacuation Pause) 315M->9M(512M) 1.930ms
[2025-06-03T15:47:57.683+0530][240.446s] GC(1069) User=0.01s Sys=0.01s Real=0.00s
[2025-06-03T15:47:57.926+0530][240.688s] GC(1070) Pause Young (Normal) (G1 Evacuation Pause)
[2025-06-03T15:47:57.926+0530][240.688s] GC(1070) Using 8 workers of 8 for evacuation
[2025-06-03T15:47:57.926+0530][240.688s] GC(1070) Skipped phase 1 of Reference Processing: no references
[2025-06-03T15:47:57.926+0530][240.689s] GC(1070) Skipped phase 2 of Reference Processing: no references
[2025-06-03T15:47:57.926+0530][240.689s] GC(1070) Skipped phase 3 of Reference Processing: no references
[2025-06-03T15:47:57.926+0530][240.689s] GC(1070) Skipped phase 4 of Reference Processing: no references
[2025-06-03T15:47:57.927+0530][240.689s] GC(1070)   Pre Evacuate Collection Set: 0.1ms
[2025-06-03T15:47:57.927+0530][240.689s] GC(1070)   Merge Heap Roots: 0.1ms
[2025-06-03T15:47:57.927+0530][240.689s] GC(1070)   Evacuate Collection Set: 0.3ms
[2025-06-03T15:47:57.927+0530][240.689s] GC(1070)   Post Evacuate Collection Set: 0.5ms
[2025-06-03T15:47:57.927+0530][240.689s] GC(1070)   Other: 0.2ms
[2025-06-03T15:47:57.927+0530][240.689s] GC(1070) Eden regions: 306->0(306)
[2025-06-03T15:47:57.927+0530][240.689s] GC(1070) Survivor regions: 1->1(39)
[2025-06-03T15:47:57.927+0530][240.689s] GC(1070) Old regions: 9->9
[2025-06-03T15:47:57.927+0530][240.689s] GC(1070) Archive regions: 2->2
[2025-06-03T15:47:57.927+0530][240.689s] GC(1070) Humongous regions: 0->0
[2025-06-03T15:47:57.927+0530][240.689s] GC(1070) Metaspace: 20484K(20928K)->20484K(20928K) NonClass: 17899K(18112K)->17899K(18112K) Class: 2585K(2816K)->2585K(2816K)
[2025-06-03T15:47:57.927+0530][240.690s] GC(1070) Pause Young (Normal) (G1 Evacuation Pause) 315M->9M(512M) 1.810ms
[2025-06-03T15:47:57.928+0530][240.690s] GC(1070) User=0.01s Sys=0.00s Real=0.00s
[2025-06-03T15:47:58.196+0530][240.958s] GC(1071) Pause Young (Normal) (G1 Evacuation Pause)
[2025-06-03T15:47:58.196+0530][240.958s] GC(1071) Using 8 workers of 8 for evacuation
[2025-06-03T15:47:58.197+0530][240.959s] GC(1071) Skipped phase 1 of Reference Processing: no references
[2025-06-03T15:47:58.197+0530][240.959s] GC(1071) Skipped phase 2 of Reference Processing: no references
[2025-06-03T15:47:58.197+0530][240.959s] GC(1071) Skipped phase 3 of Reference Processing: no references
[2025-06-03T15:47:58.197+0530][240.959s] GC(1071) Skipped phase 4 of Reference Processing: no references
[2025-06-03T15:47:58.197+0530][240.960s] GC(1071)   Pre Evacuate Collection Set: 0.2ms
[2025-06-03T15:47:58.197+0530][240.960s] GC(1071)   Merge Heap Roots: 0.1ms
[2025-06-03T15:47:58.197+0530][240.960s] GC(1071)   Evacuate Collection Set: 0.2ms
[2025-06-03T15:47:58.197+0530][240.960s] GC(1071)   Post Evacuate Collection Set: 0.7ms
[2025-06-03T15:47:58.197+0530][240.960s] GC(1071)   Other: 0.4ms
[2025-06-03T15:47:58.198+0530][240.960s] GC(1071) Eden regions: 306->0(306)
[2025-06-03T15:47:58.198+0530][240.960s] GC(1071) Survivor regions: 1->1(39)
[2025-06-03T15:47:58.198+0530][240.960s] GC(1071) Old regions: 9->9
[2025-06-03T15:47:58.198+0530][240.960s] GC(1071) Archive regions: 2->2
[2025-06-03T15:47:58.198+0530][240.960s] GC(1071) Humongous regions: 0->0
[2025-06-03T15:47:58.198+0530][240.960s] GC(1071) Metaspace: 20484K(20928K)->20484K(20928K) NonClass: 17899K(18112K)->17899K(18112K) Class: 2585K(2816K)->2585K(2816K)
[2025-06-03T15:47:58.198+0530][240.960s] GC(1071) Pause Young (Normal) (G1 Evacuation Pause) 315M->9M(512M) 1.846ms
[2025-06-03T15:47:58.198+0530][240.960s] GC(1071) User=0.00s Sys=0.00s Real=0.00s
[2025-06-03T15:47:58.400+0530][241.163s] GC(1072) Pause Young (Normal) (G1 Evacuation Pause)
[2025-06-03T15:47:58.401+0530][241.163s] GC(1072) Using 8 workers of 8 for evacuation
[2025-06-03T15:47:58.401+0530][241.163s] GC(1072) Skipped phase 1 of Reference Processing: no references
[2025-06-03T15:47:58.401+0530][241.163s] GC(1072) Skipped phase 2 of Reference Processing: no references
[2025-06-03T15:47:58.401+0530][241.163s] GC(1072) Skipped phase 3 of Reference Processing: no references
[2025-06-03T15:47:58.401+0530][241.163s] GC(1072) Skipped phase 4 of Reference Processing: no references
[2025-06-03T15:47:58.402+0530][241.164s] GC(1072)   Pre Evacuate Collection Set: 0.1ms
[2025-06-03T15:47:58.402+0530][241.164s] GC(1072)   Merge Heap Roots: 0.1ms
[2025-06-03T15:47:58.402+0530][241.164s] GC(1072)   Evacuate Collection Set: 0.3ms
[2025-06-03T15:47:58.402+0530][241.164s] GC(1072)   Post Evacuate Collection Set: 0.5ms
[2025-06-03T15:47:58.402+0530][241.164s] GC(1072)   Other: 0.2ms
[2025-06-03T15:47:58.402+0530][241.164s] GC(1072) Eden regions: 306->0(306)
[2025-06-03T15:47:58.402+0530][241.164s] GC(1072) Survivor regions: 1->1(39)
[2025-06-03T15:47:58.402+0530][241.164s] GC(1072) Old regions: 9->9
[2025-06-03T15:47:58.402+0530][241.164s] GC(1072) Archive regions: 2->2
[2025-06-03T15:47:58.402+0530][241.164s] GC(1072) Humongous regions: 0->0
[2025-06-03T15:47:58.402+0530][241.164s] GC(1072) Metaspace: 20484K(20928K)->20484K(20928K) NonClass: 17899K(18112K)->17899K(18112K) Class: 2585K(2816K)->2585K(2816K)
[2025-06-03T15:47:58.402+0530][241.164s] GC(1072) Pause Young (Normal) (G1 Evacuation Pause) 315M->9M(512M) 1.484ms
[2025-06-03T15:47:58.402+0530][241.164s] GC(1072) User=0.01s Sys=0.01s Real=0.00s
[2025-06-03T15:47:58.616+0530][241.379s] GC(1073) Pause Young (Normal) (G1 Evacuation Pause)
[2025-06-03T15:47:58.617+0530][241.379s] GC(1073) Using 8 workers of 8 for evacuation
[2025-06-03T15:47:58.617+0530][241.379s] GC(1073) Skipped phase 1 of Reference Processing: no references
[2025-06-03T15:47:58.617+0530][241.379s] GC(1073) Skipped phase 2 of Reference Processing: no references
[2025-06-03T15:47:58.617+0530][241.379s] GC(1073) Skipped phase 3 of Reference Processing: no references
[2025-06-03T15:47:58.617+0530][241.379s] GC(1073) Skipped phase 4 of Reference Processing: no references
[2025-06-03T15:47:58.618+0530][241.380s] GC(1073)   Pre Evacuate Collection Set: 0.1ms
[2025-06-03T15:47:58.618+0530][241.380s] GC(1073)   Merge Heap Roots: 0.1ms
[2025-06-03T15:47:58.618+0530][241.380s] GC(1073)   Evacuate Collection Set: 0.3ms
[2025-06-03T15:47:58.618+0530][241.380s] GC(1073)   Post Evacuate Collection Set: 0.5ms
[2025-06-03T15:47:58.618+0530][241.380s] GC(1073)   Other: 0.2ms
[2025-06-03T15:47:58.618+0530][241.380s] GC(1073) Eden regions: 306->0(306)
[2025-06-03T15:47:58.618+0530][241.380s] GC(1073) Survivor regions: 1->1(39)
[2025-06-03T15:47:58.618+0530][241.380s] GC(1073) Old regions: 9->9
[2025-06-03T15:47:58.618+0530][241.380s] GC(1073) Archive regions: 2->2
[2025-06-03T15:47:58.618+0530][241.380s] GC(1073) Humongous regions: 0->0
[2025-06-03T15:47:58.618+0530][241.380s] GC(1073) Metaspace: 20484K(20928K)->20484K(20928K) NonClass: 17899K(18112K)->17899K(18112K) Class: 2585K(2816K)->2585K(2816K)
[2025-06-03T15:47:58.618+0530][241.380s] GC(1073) Pause Young (Normal) (G1 Evacuation Pause) 315M->9M(512M) 1.483ms
[2025-06-03T15:47:58.618+0530][241.380s] GC(1073) User=0.00s Sys=0.00s Real=0.00s
[2025-06-03T15:47:58.830+0530][241.592s] GC(1074) Pause Young (Normal) (G1 Evacuation Pause)
[2025-06-03T15:47:58.830+0530][241.592s] GC(1074) Using 8 workers of 8 for evacuation
[2025-06-03T15:47:58.831+0530][241.593s] GC(1074) Skipped phase 1 of Reference Processing: no references
[2025-06-03T15:47:58.831+0530][241.593s] GC(1074) Skipped phase 2 of Reference Processing: no references
[2025-06-03T15:47:58.831+0530][241.593s] GC(1074) Skipped phase 3 of Reference Processing: no references
[2025-06-03T15:47:58.831+0530][241.593s] GC(1074) Skipped phase 4 of Reference Processing: no references
[2025-06-03T15:47:58.832+0530][241.594s] GC(1074)   Pre Evacuate Collection Set: 0.2ms
[2025-06-03T15:47:58.832+0530][241.594s] GC(1074)   Merge Heap Roots: 0.1ms
[2025-06-03T15:47:58.832+0530][241.594s] GC(1074)   Evacuate Collection Set: 0.4ms
[2025-06-03T15:47:58.832+0530][241.594s] GC(1074)   Post Evacuate Collection Set: 0.7ms
[2025-06-03T15:47:58.832+0530][241.594s] GC(1074)   Other: 0.4ms
[2025-06-03T15:47:58.832+0530][241.594s] GC(1074) Eden regions: 306->0(306)
[2025-06-03T15:47:58.832+0530][241.594s] GC(1074) Survivor regions: 1->1(39)
[2025-06-03T15:47:58.832+0530][241.594s] GC(1074) Old regions: 9->9
[2025-06-03T15:47:58.832+0530][241.594s] GC(1074) Archive regions: 2->2
[2025-06-03T15:47:58.832+0530][241.594s] GC(1074) Humongous regions: 0->0
[2025-06-03T15:47:58.832+0530][241.594s] GC(1074) Metaspace: 20484K(20928K)->20484K(20928K) NonClass: 17899K(18112K)->17899K(18112K) Class: 2585K(2816K)->2585K(2816K)
[2025-06-03T15:47:58.832+0530][241.594s] GC(1074) Pause Young (Normal) (G1 Evacuation Pause) 315M->9M(512M) 1.996ms
[2025-06-03T15:47:58.832+0530][241.594s] GC(1074) User=0.00s Sys=0.00s Real=0.00s
[2025-06-03T15:47:59.056+0530][241.818s] GC(1075) Pause Young (Normal) (G1 Evacuation Pause)
[2025-06-03T15:47:59.056+0530][241.819s] GC(1075) Using 8 workers of 8 for evacuation
[2025-06-03T15:47:59.057+0530][241.819s] GC(1075) Skipped phase 1 of Reference Processing: no references
[2025-06-03T15:47:59.057+0530][241.819s] GC(1075) Skipped phase 2 of Reference Processing: no references
[2025-06-03T15:47:59.057+0530][241.819s] GC(1075) Skipped phase 3 of Reference Processing: no references
[2025-06-03T15:47:59.057+0530][241.819s] GC(1075) Skipped phase 4 of Reference Processing: no references
[2025-06-03T15:47:59.058+0530][241.820s] GC(1075)   Pre Evacuate Collection Set: 0.1ms
[2025-06-03T15:47:59.058+0530][241.820s] GC(1075)   Merge Heap Roots: 0.1ms
[2025-06-03T15:47:59.058+0530][241.820s] GC(1075)   Evacuate Collection Set: 0.4ms
[2025-06-03T15:47:59.058+0530][241.820s] GC(1075)   Post Evacuate Collection Set: 0.7ms
[2025-06-03T15:47:59.058+0530][241.820s] GC(1075)   Other: 0.2ms
[2025-06-03T15:47:59.058+0530][241.820s] GC(1075) Eden regions: 306->0(306)
[2025-06-03T15:47:59.058+0530][241.820s] GC(1075) Survivor regions: 1->1(39)
[2025-06-03T15:47:59.058+0530][241.820s] GC(1075) Old regions: 9->9
[2025-06-03T15:47:59.058+0530][241.820s] GC(1075) Archive regions: 2->2
[2025-06-03T15:47:59.058+0530][241.820s] GC(1075) Humongous regions: 0->0
[2025-06-03T15:47:59.058+0530][241.820s] GC(1075) Metaspace: 20484K(20928K)->20484K(20928K) NonClass: 17899K(18112K)->17899K(18112K) Class: 2585K(2816K)->2585K(2816K)
[2025-06-03T15:47:59.058+0530][241.820s] GC(1075) Pause Young (Normal) (G1 Evacuation Pause) 315M->9M(512M) 1.921ms
[2025-06-03T15:47:59.058+0530][241.820s] GC(1075) User=0.00s Sys=0.00s Real=0.00s
[2025-06-03T15:47:59.285+0530][242.047s] GC(1076) Pause Young (Normal) (G1 Evacuation Pause)
[2025-06-03T15:47:59.285+0530][242.048s] GC(1076) Using 8 workers of 8 for evacuation
[2025-06-03T15:47:59.286+0530][242.048s] GC(1076) Skipped phase 1 of Reference Processing: no references
[2025-06-03T15:47:59.286+0530][242.048s] GC(1076) Skipped phase 2 of Reference Processing: no references
[2025-06-03T15:47:59.286+0530][242.048s] GC(1076) Skipped phase 3 of Reference Processing: no references
[2025-06-03T15:47:59.286+0530][242.048s] GC(1076) Skipped phase 4 of Reference Processing: no references
[2025-06-03T15:47:59.287+0530][242.049s] GC(1076)   Pre Evacuate Collection Set: 0.1ms
[2025-06-03T15:47:59.287+0530][242.049s] GC(1076)   Merge Heap Roots: 0.1ms
[2025-06-03T15:47:59.287+0530][242.049s] GC(1076)   Evacuate Collection Set: 0.3ms
[2025-06-03T15:47:59.287+0530][242.049s] GC(1076)   Post Evacuate Collection Set: 0.7ms
[2025-06-03T15:47:59.287+0530][242.049s] GC(1076)   Other: 0.3ms
[2025-06-03T15:47:59.287+0530][242.049s] GC(1076) Eden regions: 306->0(306)
[2025-06-03T15:47:59.287+0530][242.049s] GC(1076) Survivor regions: 1->1(39)
[2025-06-03T15:47:59.287+0530][242.049s] GC(1076) Old regions: 9->9
[2025-06-03T15:47:59.287+0530][242.049s] GC(1076) Archive regions: 2->2
[2025-06-03T15:47:59.287+0530][242.049s] GC(1076) Humongous regions: 0->0
[2025-06-03T15:47:59.287+0530][242.050s] GC(1076) Metaspace: 20484K(20928K)->20484K(20928K) NonClass: 17899K(18112K)->17899K(18112K) Class: 2585K(2816K)->2585K(2816K)
[2025-06-03T15:47:59.287+0530][242.050s] GC(1076) Pause Young (Normal) (G1 Evacuation Pause) 315M->9M(512M) 2.056ms
[2025-06-03T15:47:59.287+0530][242.050s] GC(1076) User=0.00s Sys=0.00s Real=0.00s
[2025-06-03T15:47:59.507+0530][242.269s] GC(1077) Pause Young (Normal) (G1 Evacuation Pause)
[2025-06-03T15:47:59.507+0530][242.269s] GC(1077) Using 8 workers of 8 for evacuation
[2025-06-03T15:47:59.507+0530][242.270s] GC(1077) Skipped phase 1 of Reference Processing: no references
[2025-06-03T15:47:59.508+0530][242.270s] GC(1077) Skipped phase 2 of Reference Processing: no references
[2025-06-03T15:47:59.508+0530][242.270s] GC(1077) Skipped phase 3 of Reference Processing: no references
[2025-06-03T15:47:59.508+0530][242.270s] GC(1077) Skipped phase 4 of Reference Processing: no references
[2025-06-03T15:47:59.508+0530][242.270s] GC(1077)   Pre Evacuate Collection Set: 0.1ms
[2025-06-03T15:47:59.508+0530][242.270s] GC(1077)   Merge Heap Roots: 0.1ms
[2025-06-03T15:47:59.508+0530][242.270s] GC(1077)   Evacuate Collection Set: 0.3ms
[2025-06-03T15:47:59.508+0530][242.270s] GC(1077)   Post Evacuate Collection Set: 0.6ms
[2025-06-03T15:47:59.508+0530][242.270s] GC(1077)   Other: 0.2ms
[2025-06-03T15:47:59.508+0530][242.271s] GC(1077) Eden regions: 306->0(306)
[2025-06-03T15:47:59.508+0530][242.271s] GC(1077) Survivor regions: 1->1(39)
[2025-06-03T15:47:59.508+0530][242.271s] GC(1077) Old regions: 9->9
[2025-06-03T15:47:59.508+0530][242.271s] GC(1077) Archive regions: 2->2
[2025-06-03T15:47:59.508+0530][242.271s] GC(1077) Humongous regions: 0->0
[2025-06-03T15:47:59.508+0530][242.271s] GC(1077) Metaspace: 20484K(20928K)->20484K(20928K) NonClass: 17899K(18112K)->17899K(18112K) Class: 2585K(2816K)->2585K(2816K)
[2025-06-03T15:47:59.508+0530][242.271s] GC(1077) Pause Young (Normal) (G1 Evacuation Pause) 315M->9M(512M) 1.749ms
[2025-06-03T15:47:59.509+0530][242.271s] GC(1077) User=0.00s Sys=0.00s Real=0.00s
[2025-06-03T15:47:59.716+0530][242.478s] GC(1078) Pause Young (Normal) (G1 Evacuation Pause)
[2025-06-03T15:47:59.716+0530][242.478s] GC(1078) Using 8 workers of 8 for evacuation
[2025-06-03T15:47:59.717+0530][242.479s] GC(1078) Skipped phase 1 of Reference Processing: no references
[2025-06-03T15:47:59.717+0530][242.479s] GC(1078) Skipped phase 2 of Reference Processing: no references
[2025-06-03T15:47:59.717+0530][242.479s] GC(1078) Skipped phase 3 of Reference Processing: no references
[2025-06-03T15:47:59.717+0530][242.480s] GC(1078) Skipped phase 4 of Reference Processing: no references
[2025-06-03T15:47:59.718+0530][242.480s] GC(1078)   Pre Evacuate Collection Set: 0.2ms
[2025-06-03T15:47:59.718+0530][242.480s] GC(1078)   Merge Heap Roots: 0.1ms
[2025-06-03T15:47:59.718+0530][242.481s] GC(1078)   Evacuate Collection Set: 0.4ms
[2025-06-03T15:47:59.718+0530][242.481s] GC(1078)   Post Evacuate Collection Set: 1.0ms
[2025-06-03T15:47:59.718+0530][242.481s] GC(1078)   Other: 0.3ms
[2025-06-03T15:47:59.718+0530][242.481s] GC(1078) Eden regions: 306->0(306)
[2025-06-03T15:47:59.718+0530][242.481s] GC(1078) Survivor regions: 1->1(39)
[2025-06-03T15:47:59.719+0530][242.481s] GC(1078) Old regions: 9->9
[2025-06-03T15:47:59.719+0530][242.481s] GC(1078) Archive regions: 2->2
[2025-06-03T15:47:59.719+0530][242.481s] GC(1078) Humongous regions: 0->0
[2025-06-03T15:47:59.719+0530][242.481s] GC(1078) Metaspace: 20484K(20928K)->20484K(20928K) NonClass: 17899K(18112K)->17899K(18112K) Class: 2585K(2816K)->2585K(2816K)
[2025-06-03T15:47:59.719+0530][242.481s] GC(1078) Pause Young (Normal) (G1 Evacuation Pause) 315M->9M(512M) 2.680ms
[2025-06-03T15:47:59.719+0530][242.481s] GC(1078) User=0.00s Sys=0.00s Real=0.00s
[2025-06-03T15:47:59.941+0530][242.703s] GC(1079) Pause Young (Normal) (G1 Evacuation Pause)
[2025-06-03T15:47:59.941+0530][242.703s] GC(1079) Using 8 workers of 8 for evacuation
[2025-06-03T15:47:59.942+0530][242.704s] GC(1079) Skipped phase 1 of Reference Processing: no references
[2025-06-03T15:47:59.942+0530][242.704s] GC(1079) Skipped phase 2 of Reference Processing: no references
[2025-06-03T15:47:59.942+0530][242.704s] GC(1079) Skipped phase 3 of Reference Processing: no references
[2025-06-03T15:47:59.942+0530][242.704s] GC(1079) Skipped phase 4 of Reference Processing: no references
[2025-06-03T15:47:59.942+0530][242.704s] GC(1079)   Pre Evacuate Collection Set: 0.1ms
[2025-06-03T15:47:59.942+0530][242.704s] GC(1079)   Merge Heap Roots: 0.1ms
[2025-06-03T15:47:59.942+0530][242.704s] GC(1079)   Evacuate Collection Set: 0.3ms
[2025-06-03T15:47:59.942+0530][242.704s] GC(1079)   Post Evacuate Collection Set: 0.6ms
[2025-06-03T15:47:59.942+0530][242.704s] GC(1079)   Other: 0.2ms
[2025-06-03T15:47:59.942+0530][242.704s] GC(1079) Eden regions: 306->0(306)
[2025-06-03T15:47:59.942+0530][242.704s] GC(1079) Survivor regions: 1->1(39)
[2025-06-03T15:47:59.942+0530][242.705s] GC(1079) Old regions: 9->9
[2025-06-03T15:47:59.942+0530][242.705s] GC(1079) Archive regions: 2->2
[2025-06-03T15:47:59.942+0530][242.705s] GC(1079) Humongous regions: 0->0
[2025-06-03T15:47:59.942+0530][242.705s] GC(1079) Metaspace: 20484K(20928K)->20484K(20928K) NonClass: 17899K(18112K)->17899K(18112K) Class: 2585K(2816K)->2585K(2816K)
[2025-06-03T15:47:59.942+0530][242.705s] GC(1079) Pause Young (Normal) (G1 Evacuation Pause) 315M->9M(512M) 1.450ms
[2025-06-03T15:47:59.942+0530][242.705s] GC(1079) User=0.00s Sys=0.00s Real=0.00s
[2025-06-03T15:48:00.265+0530][243.027s] GC(1080) Pause Young (Normal) (G1 Evacuation Pause)
[2025-06-03T15:48:00.265+0530][243.027s] GC(1080) Using 8 workers of 8 for evacuation
[2025-06-03T15:48:00.265+0530][243.028s] GC(1080) Skipped phase 1 of Reference Processing: no references
[2025-06-03T15:48:00.265+0530][243.028s] GC(1080) Skipped phase 2 of Reference Processing: no references
[2025-06-03T15:48:00.265+0530][243.028s] GC(1080) Skipped phase 3 of Reference Processing: no references
[2025-06-03T15:48:00.265+0530][243.028s] GC(1080) Skipped phase 4 of Reference Processing: no references
[2025-06-03T15:48:00.266+0530][243.028s] GC(1080)   Pre Evacuate Collection Set: 0.1ms
[2025-06-03T15:48:00.266+0530][243.028s] GC(1080)   Merge Heap Roots: 0.1ms
[2025-06-03T15:48:00.266+0530][243.028s] GC(1080)   Evacuate Collection Set: 0.3ms
[2025-06-03T15:48:00.266+0530][243.028s] GC(1080)   Post Evacuate Collection Set: 0.6ms
[2025-06-03T15:48:00.266+0530][243.028s] GC(1080)   Other: 0.3ms
[2025-06-03T15:48:00.266+0530][243.028s] GC(1080) Eden regions: 306->0(306)
[2025-06-03T15:48:00.266+0530][243.028s] GC(1080) Survivor regions: 1->1(39)
[2025-06-03T15:48:00.266+0530][243.028s] GC(1080) Old regions: 9->9
[2025-06-03T15:48:00.266+0530][243.028s] GC(1080) Archive regions: 2->2
[2025-06-03T15:48:00.266+0530][243.028s] GC(1080) Humongous regions: 0->0
[2025-06-03T15:48:00.266+0530][243.028s] GC(1080) Metaspace: 20484K(20928K)->20484K(20928K) NonClass: 17899K(18112K)->17899K(18112K) Class: 2585K(2816K)->2585K(2816K)
[2025-06-03T15:48:00.266+0530][243.028s] GC(1080) Pause Young (Normal) (G1 Evacuation Pause) 315M->9M(512M) 1.551ms
[2025-06-03T15:48:00.266+0530][243.028s] GC(1080) User=0.01s Sys=0.00s Real=0.00s
[2025-06-03T15:48:00.545+0530][243.307s] GC(1081) Pause Young (Normal) (G1 Evacuation Pause)
[2025-06-03T15:48:00.545+0530][243.307s] GC(1081) Using 8 workers of 8 for evacuation
[2025-06-03T15:48:00.546+0530][243.308s] GC(1081) Skipped phase 1 of Reference Processing: no references
[2025-06-03T15:48:00.546+0530][243.308s] GC(1081) Skipped phase 2 of Reference Processing: no references
[2025-06-03T15:48:00.546+0530][243.308s] GC(1081) Skipped phase 3 of Reference Processing: no references
[2025-06-03T15:48:00.546+0530][243.308s] GC(1081) Skipped phase 4 of Reference Processing: no references
[2025-06-03T15:48:00.546+0530][243.309s] GC(1081)   Pre Evacuate Collection Set: 0.1ms
[2025-06-03T15:48:00.547+0530][243.309s] GC(1081)   Merge Heap Roots: 0.2ms
[2025-06-03T15:48:00.547+0530][243.309s] GC(1081)   Evacuate Collection Set: 0.3ms
[2025-06-03T15:48:00.547+0530][243.309s] GC(1081)   Post Evacuate Collection Set: 0.7ms
[2025-06-03T15:48:00.547+0530][243.309s] GC(1081)   Other: 0.3ms
[2025-06-03T15:48:00.547+0530][243.309s] GC(1081) Eden regions: 306->0(306)
[2025-06-03T15:48:00.547+0530][243.309s] GC(1081) Survivor regions: 1->1(39)
[2025-06-03T15:48:00.547+0530][243.309s] GC(1081) Old regions: 9->9
[2025-06-03T15:48:00.547+0530][243.309s] GC(1081) Archive regions: 2->2
[2025-06-03T15:48:00.547+0530][243.309s] GC(1081) Humongous regions: 0->0
[2025-06-03T15:48:00.547+0530][243.309s] GC(1081) Metaspace: 20484K(20928K)->20484K(20928K) NonClass: 17899K(18112K)->17899K(18112K) Class: 2585K(2816K)->2585K(2816K)
[2025-06-03T15:48:00.547+0530][243.309s] GC(1081) Pause Young (Normal) (G1 Evacuation Pause) 315M->9M(512M) 2.179ms
[2025-06-03T15:48:00.547+0530][243.309s] GC(1081) User=0.00s Sys=0.00s Real=0.00s
[2025-06-03T15:48:00.914+0530][243.677s] GC(1082) Pause Young (Normal) (G1 Evacuation Pause)
[2025-06-03T15:48:00.914+0530][243.677s] GC(1082) Using 8 workers of 8 for evacuation
[2025-06-03T15:48:00.915+0530][243.677s] GC(1082) Skipped phase 1 of Reference Processing: no references
[2025-06-03T15:48:00.915+0530][243.677s] GC(1082) Skipped phase 2 of Reference Processing: no references
[2025-06-03T15:48:00.915+0530][243.677s] GC(1082) Skipped phase 3 of Reference Processing: no references
[2025-06-03T15:48:00.915+0530][243.677s] GC(1082) Skipped phase 4 of Reference Processing: no references
[2025-06-03T15:48:00.915+0530][243.678s] GC(1082)   Pre Evacuate Collection Set: 0.1ms
[2025-06-03T15:48:00.915+0530][243.678s] GC(1082)   Merge Heap Roots: 0.1ms
[2025-06-03T15:48:00.915+0530][243.678s] GC(1082)   Evacuate Collection Set: 0.2ms
[2025-06-03T15:48:00.915+0530][243.678s] GC(1082)   Post Evacuate Collection Set: 0.5ms
[2025-06-03T15:48:00.915+0530][243.678s] GC(1082)   Other: 0.2ms
[2025-06-03T15:48:00.915+0530][243.678s] GC(1082) Eden regions: 306->0(306)
[2025-06-03T15:48:00.915+0530][243.678s] GC(1082) Survivor regions: 1->1(39)
[2025-06-03T15:48:00.915+0530][243.678s] GC(1082) Old regions: 9->9
[2025-06-03T15:48:00.915+0530][243.678s] GC(1082) Archive regions: 2->2
[2025-06-03T15:48:00.915+0530][243.678s] GC(1082) Humongous regions: 0->0
[2025-06-03T15:48:00.915+0530][243.678s] GC(1082) Metaspace: 20484K(20928K)->20484K(20928K) NonClass: 17899K(18112K)->17899K(18112K) Class: 2585K(2816K)->2585K(2816K)
[2025-06-03T15:48:00.915+0530][243.678s] GC(1082) Pause Young (Normal) (G1 Evacuation Pause) 315M->9M(512M) 1.212ms
[2025-06-03T15:48:00.915+0530][243.678s] GC(1082) User=0.00s Sys=0.00s Real=0.00s
[2025-06-03T15:48:01.164+0530][243.926s] GC(1083) Pause Young (Normal) (G1 Evacuation Pause)
[2025-06-03T15:48:01.164+0530][243.926s] GC(1083) Using 8 workers of 8 for evacuation
[2025-06-03T15:48:01.164+0530][243.927s] GC(1083) Skipped phase 1 of Reference Processing: no references
[2025-06-03T15:48:01.164+0530][243.927s] GC(1083) Skipped phase 2 of Reference Processing: no references
[2025-06-03T15:48:01.164+0530][243.927s] GC(1083) Skipped phase 3 of Reference Processing: no references
[2025-06-03T15:48:01.164+0530][243.927s] GC(1083) Skipped phase 4 of Reference Processing: no references
[2025-06-03T15:48:01.165+0530][243.927s] GC(1083)   Pre Evacuate Collection Set: 0.1ms
[2025-06-03T15:48:01.165+0530][243.927s] GC(1083)   Merge Heap Roots: 0.1ms
[2025-06-03T15:48:01.165+0530][243.927s] GC(1083)   Evacuate Collection Set: 0.3ms
[2025-06-03T15:48:01.165+0530][243.927s] GC(1083)   Post Evacuate Collection Set: 0.5ms
[2025-06-03T15:48:01.165+0530][243.927s] GC(1083)   Other: 0.2ms
[2025-06-03T15:48:01.165+0530][243.927s] GC(1083) Eden regions: 306->0(306)
[2025-06-03T15:48:01.165+0530][243.927s] GC(1083) Survivor regions: 1->1(39)
[2025-06-03T15:48:01.165+0530][243.927s] GC(1083) Old regions: 9->9
[2025-06-03T15:48:01.165+0530][243.927s] GC(1083) Archive regions: 2->2
[2025-06-03T15:48:01.165+0530][243.927s] GC(1083) Humongous regions: 0->0
[2025-06-03T15:48:01.165+0530][243.927s] GC(1083) Metaspace: 20485K(20928K)->20485K(20928K) NonClass: 17900K(18112K)->17900K(18112K) Class: 2585K(2816K)->2585K(2816K)
[2025-06-03T15:48:01.165+0530][243.927s] GC(1083) Pause Young (Normal) (G1 Evacuation Pause) 315M->9M(512M) 1.472ms
[2025-06-03T15:48:01.165+0530][243.927s] GC(1083) User=0.00s Sys=0.00s Real=0.00s
[2025-06-03T15:48:01.405+0530][244.168s] GC(1084) Pause Young (Normal) (G1 Evacuation Pause)
[2025-06-03T15:48:01.405+0530][244.168s] GC(1084) Using 8 workers of 8 for evacuation
[2025-06-03T15:48:01.406+0530][244.168s] GC(1084) Skipped phase 1 of Reference Processing: no references
[2025-06-03T15:48:01.406+0530][244.168s] GC(1084) Skipped phase 2 of Reference Processing: no references
[2025-06-03T15:48:01.406+0530][244.168s] GC(1084) Skipped phase 3 of Reference Processing: no references
[2025-06-03T15:48:01.406+0530][244.168s] GC(1084) Skipped phase 4 of Reference Processing: no references
[2025-06-03T15:48:01.406+0530][244.169s] GC(1084)   Pre Evacuate Collection Set: 0.1ms
[2025-06-03T15:48:01.406+0530][244.169s] GC(1084)   Merge Heap Roots: 0.1ms
[2025-06-03T15:48:01.406+0530][244.169s] GC(1084)   Evacuate Collection Set: 0.2ms
[2025-06-03T15:48:01.406+0530][244.169s] GC(1084)   Post Evacuate Collection Set: 0.5ms
[2025-06-03T15:48:01.406+0530][244.169s] GC(1084)   Other: 0.2ms
[2025-06-03T15:48:01.407+0530][244.169s] GC(1084) Eden regions: 306->0(306)
[2025-06-03T15:48:01.407+0530][244.169s] GC(1084) Survivor regions: 1->1(39)
[2025-06-03T15:48:01.407+0530][244.169s] GC(1084) Old regions: 9->9
[2025-06-03T15:48:01.407+0530][244.169s] GC(1084) Archive regions: 2->2
[2025-06-03T15:48:01.407+0530][244.169s] GC(1084) Humongous regions: 0->0
[2025-06-03T15:48:01.407+0530][244.169s] GC(1084) Metaspace: 20485K(20928K)->20485K(20928K) NonClass: 17900K(18112K)->17900K(18112K) Class: 2585K(2816K)->2585K(2816K)
[2025-06-03T15:48:01.407+0530][244.169s] GC(1084) Pause Young (Normal) (G1 Evacuation Pause) 315M->9M(512M) 1.329ms
[2025-06-03T15:48:01.407+0530][244.169s] GC(1084) User=0.01s Sys=0.00s Real=0.00s
[2025-06-03T15:48:01.618+0530][244.380s] GC(1085) Pause Young (Normal) (G1 Evacuation Pause)
[2025-06-03T15:48:01.618+0530][244.380s] GC(1085) Using 8 workers of 8 for evacuation
[2025-06-03T15:48:01.619+0530][244.381s] GC(1085) Skipped phase 1 of Reference Processing: no references
[2025-06-03T15:48:01.619+0530][244.381s] GC(1085) Skipped phase 2 of Reference Processing: no references
[2025-06-03T15:48:01.619+0530][244.381s] GC(1085) Skipped phase 3 of Reference Processing: no references
[2025-06-03T15:48:01.619+0530][244.381s] GC(1085) Skipped phase 4 of Reference Processing: no references
[2025-06-03T15:48:01.619+0530][244.382s] GC(1085)   Pre Evacuate Collection Set: 0.1ms
[2025-06-03T15:48:01.619+0530][244.382s] GC(1085)   Merge Heap Roots: 0.1ms
[2025-06-03T15:48:01.619+0530][244.382s] GC(1085)   Evacuate Collection Set: 0.3ms
[2025-06-03T15:48:01.619+0530][244.382s] GC(1085)   Post Evacuate Collection Set: 0.5ms
[2025-06-03T15:48:01.619+0530][244.382s] GC(1085)   Other: 0.2ms
[2025-06-03T15:48:01.619+0530][244.382s] GC(1085) Eden regions: 306->0(306)
[2025-06-03T15:48:01.619+0530][244.382s] GC(1085) Survivor regions: 1->1(39)
[2025-06-03T15:48:01.619+0530][244.382s] GC(1085) Old regions: 9->9
[2025-06-03T15:48:01.619+0530][244.382s] GC(1085) Archive regions: 2->2
[2025-06-03T15:48:01.619+0530][244.382s] GC(1085) Humongous regions: 0->0
[2025-06-03T15:48:01.619+0530][244.382s] GC(1085) Metaspace: 20485K(20928K)->20485K(20928K) NonClass: 17900K(18112K)->17900K(18112K) Class: 2585K(2816K)->2585K(2816K)
[2025-06-03T15:48:01.620+0530][244.382s] GC(1085) Pause Young (Normal) (G1 Evacuation Pause) 315M->9M(512M) 1.562ms
[2025-06-03T15:48:01.620+0530][244.382s] GC(1085) User=0.00s Sys=0.00s Real=0.01s
[2025-06-03T15:48:01.805+0530][244.568s] GC(1086) Pause Young (Normal) (G1 Evacuation Pause)
[2025-06-03T15:48:01.805+0530][244.568s] GC(1086) Using 8 workers of 8 for evacuation
[2025-06-03T15:48:01.806+0530][244.568s] GC(1086) Skipped phase 1 of Reference Processing: no references
[2025-06-03T15:48:01.806+0530][244.568s] GC(1086) Skipped phase 2 of Reference Processing: no references
[2025-06-03T15:48:01.806+0530][244.568s] GC(1086) Skipped phase 3 of Reference Processing: no references
[2025-06-03T15:48:01.806+0530][244.568s] GC(1086) Skipped phase 4 of Reference Processing: no references
[2025-06-03T15:48:01.806+0530][244.569s] GC(1086)   Pre Evacuate Collection Set: 0.1ms
[2025-06-03T15:48:01.806+0530][244.569s] GC(1086)   Merge Heap Roots: 0.1ms
[2025-06-03T15:48:01.806+0530][244.569s] GC(1086)   Evacuate Collection Set: 0.2ms
[2025-06-03T15:48:01.806+0530][244.569s] GC(1086)   Post Evacuate Collection Set: 0.5ms
[2025-06-03T15:48:01.806+0530][244.569s] GC(1086)   Other: 0.2ms
[2025-06-03T15:48:01.807+0530][244.569s] GC(1086) Eden regions: 306->0(306)
[2025-06-03T15:48:01.807+0530][244.569s] GC(1086) Survivor regions: 1->1(39)
[2025-06-03T15:48:01.807+0530][244.569s] GC(1086) Old regions: 9->9
[2025-06-03T15:48:01.807+0530][244.569s] GC(1086) Archive regions: 2->2
[2025-06-03T15:48:01.807+0530][244.569s] GC(1086) Humongous regions: 0->0
[2025-06-03T15:48:01.807+0530][244.569s] GC(1086) Metaspace: 20485K(20928K)->20485K(20928K) NonClass: 17900K(18112K)->17900K(18112K) Class: 2585K(2816K)->2585K(2816K)
[2025-06-03T15:48:01.807+0530][244.569s] GC(1086) Pause Young (Normal) (G1 Evacuation Pause) 315M->9M(512M) 1.514ms
[2025-06-03T15:48:01.807+0530][244.569s] GC(1086) User=0.00s Sys=0.00s Real=0.00s
[2025-06-03T15:48:02.017+0530][244.779s] GC(1087) Pause Young (Normal) (G1 Evacuation Pause)
[2025-06-03T15:48:02.017+0530][244.779s] GC(1087) Using 8 workers of 8 for evacuation
[2025-06-03T15:48:02.017+0530][244.780s] GC(1087) Skipped phase 1 of Reference Processing: no references
[2025-06-03T15:48:02.017+0530][244.780s] GC(1087) Skipped phase 2 of Reference Processing: no references
[2025-06-03T15:48:02.017+0530][244.780s] GC(1087) Skipped phase 3 of Reference Processing: no references
[2025-06-03T15:48:02.017+0530][244.780s] GC(1087) Skipped phase 4 of Reference Processing: no references
[2025-06-03T15:48:02.018+0530][244.780s] GC(1087)   Pre Evacuate Collection Set: 0.1ms
[2025-06-03T15:48:02.018+0530][244.780s] GC(1087)   Merge Heap Roots: 0.1ms
[2025-06-03T15:48:02.018+0530][244.780s] GC(1087)   Evacuate Collection Set: 0.3ms
[2025-06-03T15:48:02.018+0530][244.780s] GC(1087)   Post Evacuate Collection Set: 0.5ms
[2025-06-03T15:48:02.018+0530][244.780s] GC(1087)   Other: 0.2ms
[2025-06-03T15:48:02.018+0530][244.780s] GC(1087) Eden regions: 306->0(306)
[2025-06-03T15:48:02.018+0530][244.780s] GC(1087) Survivor regions: 1->1(39)
[2025-06-03T15:48:02.018+0530][244.780s] GC(1087) Old regions: 9->9
[2025-06-03T15:48:02.018+0530][244.781s] GC(1087) Archive regions: 2->2
[2025-06-03T15:48:02.018+0530][244.781s] GC(1087) Humongous regions: 0->0
[2025-06-03T15:48:02.018+0530][244.781s] GC(1087) Metaspace: 20485K(20928K)->20485K(20928K) NonClass: 17900K(18112K)->17900K(18112K) Class: 2585K(2816K)->2585K(2816K)
[2025-06-03T15:48:02.018+0530][244.781s] GC(1087) Pause Young (Normal) (G1 Evacuation Pause) 315M->9M(512M) 1.491ms
[2025-06-03T15:48:02.018+0530][244.781s] GC(1087) User=0.00s Sys=0.00s Real=0.00s
[2025-06-03T15:48:02.231+0530][244.994s] GC(1088) Pause Young (Normal) (G1 Evacuation Pause)
[2025-06-03T15:48:02.232+0530][244.994s] GC(1088) Using 8 workers of 8 for evacuation
[2025-06-03T15:48:02.232+0530][244.994s] GC(1088) Skipped phase 1 of Reference Processing: no references
[2025-06-03T15:48:02.232+0530][244.994s] GC(1088) Skipped phase 2 of Reference Processing: no references
[2025-06-03T15:48:02.232+0530][244.995s] GC(1088) Skipped phase 3 of Reference Processing: no references
[2025-06-03T15:48:02.232+0530][244.995s] GC(1088) Skipped phase 4 of Reference Processing: no references
[2025-06-03T15:48:02.233+0530][244.995s] GC(1088)   Pre Evacuate Collection Set: 0.1ms
[2025-06-03T15:48:02.233+0530][244.995s] GC(1088)   Merge Heap Roots: 0.1ms
[2025-06-03T15:48:02.233+0530][244.995s] GC(1088)   Evacuate Collection Set: 0.3ms
[2025-06-03T15:48:02.233+0530][244.995s] GC(1088)   Post Evacuate Collection Set: 0.7ms
[2025-06-03T15:48:02.233+0530][244.995s] GC(1088)   Other: 0.2ms
[2025-06-03T15:48:02.233+0530][244.995s] GC(1088) Eden regions: 306->0(306)
[2025-06-03T15:48:02.233+0530][244.995s] GC(1088) Survivor regions: 1->1(39)
[2025-06-03T15:48:02.233+0530][244.995s] GC(1088) Old regions: 9->9
[2025-06-03T15:48:02.233+0530][244.995s] GC(1088) Archive regions: 2->2
[2025-06-03T15:48:02.233+0530][244.995s] GC(1088) Humongous regions: 0->0
[2025-06-03T15:48:02.233+0530][244.995s] GC(1088) Metaspace: 20488K(20992K)->20488K(20992K) NonClass: 17903K(18176K)->17903K(18176K) Class: 2585K(2816K)->2585K(2816K)
[2025-06-03T15:48:02.233+0530][244.995s] GC(1088) Pause Young (Normal) (G1 Evacuation Pause) 315M->9M(512M) 1.667ms
[2025-06-03T15:48:02.233+0530][244.995s] GC(1088) User=0.00s Sys=0.00s Real=0.00s
[2025-06-03T15:48:02.480+0530][245.243s] GC(1089) Pause Young (Normal) (G1 Evacuation Pause)
[2025-06-03T15:48:02.480+0530][245.243s] GC(1089) Using 8 workers of 8 for evacuation
[2025-06-03T15:48:02.481+0530][245.243s] GC(1089) Skipped phase 1 of Reference Processing: no references
[2025-06-03T15:48:02.481+0530][245.243s] GC(1089) Skipped phase 2 of Reference Processing: no references
[2025-06-03T15:48:02.481+0530][245.243s] GC(1089) Skipped phase 3 of Reference Processing: no references
[2025-06-03T15:48:02.481+0530][245.243s] GC(1089) Skipped phase 4 of Reference Processing: no references
[2025-06-03T15:48:02.482+0530][245.244s] GC(1089)   Pre Evacuate Collection Set: 0.1ms
[2025-06-03T15:48:02.482+0530][245.244s] GC(1089)   Merge Heap Roots: 0.1ms
[2025-06-03T15:48:02.482+0530][245.244s] GC(1089)   Evacuate Collection Set: 0.3ms
[2025-06-03T15:48:02.482+0530][245.244s] GC(1089)   Post Evacuate Collection Set: 0.5ms
[2025-06-03T15:48:02.482+0530][245.244s] GC(1089)   Other: 0.2ms
[2025-06-03T15:48:02.482+0530][245.244s] GC(1089) Eden regions: 306->0(306)
[2025-06-03T15:48:02.482+0530][245.244s] GC(1089) Survivor regions: 1->1(39)
[2025-06-03T15:48:02.482+0530][245.244s] GC(1089) Old regions: 9->9
[2025-06-03T15:48:02.482+0530][245.244s] GC(1089) Archive regions: 2->2
[2025-06-03T15:48:02.482+0530][245.244s] GC(1089) Humongous regions: 0->0
[2025-06-03T15:48:02.482+0530][245.244s] GC(1089) Metaspace: 20488K(20992K)->20488K(20992K) NonClass: 17903K(18176K)->17903K(18176K) Class: 2585K(2816K)->2585K(2816K)
[2025-06-03T15:48:02.482+0530][245.244s] GC(1089) Pause Young (Normal) (G1 Evacuation Pause) 315M->9M(512M) 1.500ms
[2025-06-03T15:48:02.482+0530][245.244s] GC(1089) User=0.00s Sys=0.00s Real=0.00s
[2025-06-03T15:48:02.683+0530][245.446s] GC(1090) Pause Young (Normal) (G1 Evacuation Pause)
[2025-06-03T15:48:02.684+0530][245.446s] GC(1090) Using 8 workers of 8 for evacuation
[2025-06-03T15:48:02.684+0530][245.446s] GC(1090) Skipped phase 1 of Reference Processing: no references
[2025-06-03T15:48:02.684+0530][245.446s] GC(1090) Skipped phase 2 of Reference Processing: no references
[2025-06-03T15:48:02.684+0530][245.446s] GC(1090) Skipped phase 3 of Reference Processing: no references
[2025-06-03T15:48:02.684+0530][245.446s] GC(1090) Skipped phase 4 of Reference Processing: no references
[2025-06-03T15:48:02.685+0530][245.447s] GC(1090)   Pre Evacuate Collection Set: 0.1ms
[2025-06-03T15:48:02.685+0530][245.447s] GC(1090)   Merge Heap Roots: 0.1ms
[2025-06-03T15:48:02.685+0530][245.447s] GC(1090)   Evacuate Collection Set: 0.3ms
[2025-06-03T15:48:02.685+0530][245.447s] GC(1090)   Post Evacuate Collection Set: 0.5ms
[2025-06-03T15:48:02.685+0530][245.447s] GC(1090)   Other: 0.2ms
[2025-06-03T15:48:02.685+0530][245.447s] GC(1090) Eden regions: 306->0(306)
[2025-06-03T15:48:02.685+0530][245.447s] GC(1090) Survivor regions: 1->1(39)
[2025-06-03T15:48:02.685+0530][245.447s] GC(1090) Old regions: 9->9
[2025-06-03T15:48:02.685+0530][245.447s] GC(1090) Archive regions: 2->2
[2025-06-03T15:48:02.685+0530][245.447s] GC(1090) Humongous regions: 0->0
[2025-06-03T15:48:02.685+0530][245.447s] GC(1090) Metaspace: 20488K(20992K)->20488K(20992K) NonClass: 17903K(18176K)->17903K(18176K) Class: 2585K(2816K)->2585K(2816K)
[2025-06-03T15:48:02.685+0530][245.447s] GC(1090) Pause Young (Normal) (G1 Evacuation Pause) 315M->9M(512M) 1.747ms
[2025-06-03T15:48:02.685+0530][245.448s] GC(1090) User=0.01s Sys=0.00s Real=0.00s
[2025-06-03T15:48:02.898+0530][245.660s] GC(1091) Pause Young (Normal) (G1 Evacuation Pause)
[2025-06-03T15:48:02.898+0530][245.660s] GC(1091) Using 8 workers of 8 for evacuation
[2025-06-03T15:48:02.899+0530][245.661s] GC(1091) Skipped phase 1 of Reference Processing: no references
[2025-06-03T15:48:02.899+0530][245.661s] GC(1091) Skipped phase 2 of Reference Processing: no references
[2025-06-03T15:48:02.899+0530][245.661s] GC(1091) Skipped phase 3 of Reference Processing: no references
[2025-06-03T15:48:02.899+0530][245.661s] GC(1091) Skipped phase 4 of Reference Processing: no references
[2025-06-03T15:48:02.899+0530][245.661s] GC(1091)   Pre Evacuate Collection Set: 0.1ms
[2025-06-03T15:48:02.899+0530][245.661s] GC(1091)   Merge Heap Roots: 0.1ms
[2025-06-03T15:48:02.899+0530][245.661s] GC(1091)   Evacuate Collection Set: 0.3ms
[2025-06-03T15:48:02.899+0530][245.661s] GC(1091)   Post Evacuate Collection Set: 0.5ms
[2025-06-03T15:48:02.899+0530][245.662s] GC(1091)   Other: 0.2ms
[2025-06-03T15:48:02.899+0530][245.662s] GC(1091) Eden regions: 306->0(306)
[2025-06-03T15:48:02.899+0530][245.662s] GC(1091) Survivor regions: 1->1(39)
[2025-06-03T15:48:02.899+0530][245.662s] GC(1091) Old regions: 9->9
[2025-06-03T15:48:02.899+0530][245.662s] GC(1091) Archive regions: 2->2
[2025-06-03T15:48:02.899+0530][245.662s] GC(1091) Humongous regions: 0->0
[2025-06-03T15:48:02.899+0530][245.662s] GC(1091) Metaspace: 20488K(20992K)->20488K(20992K) NonClass: 17903K(18176K)->17903K(18176K) Class: 2585K(2816K)->2585K(2816K)
[2025-06-03T15:48:02.899+0530][245.662s] GC(1091) Pause Young (Normal) (G1 Evacuation Pause) 315M->9M(512M) 1.635ms
[2025-06-03T15:48:02.899+0530][245.662s] GC(1091) User=0.00s Sys=0.00s Real=0.00s
[2025-06-03T15:48:03.135+0530][245.897s] GC(1092) Pause Young (Normal) (G1 Evacuation Pause)
[2025-06-03T15:48:03.135+0530][245.897s] GC(1092) Using 8 workers of 8 for evacuation
[2025-06-03T15:48:03.136+0530][245.898s] GC(1092) Skipped phase 1 of Reference Processing: no references
[2025-06-03T15:48:03.136+0530][245.898s] GC(1092) Skipped phase 2 of Reference Processing: no references
[2025-06-03T15:48:03.136+0530][245.898s] GC(1092) Skipped phase 3 of Reference Processing: no references
[2025-06-03T15:48:03.136+0530][245.898s] GC(1092) Skipped phase 4 of Reference Processing: no references
[2025-06-03T15:48:03.137+0530][245.899s] GC(1092)   Pre Evacuate Collection Set: 0.1ms
[2025-06-03T15:48:03.137+0530][245.899s] GC(1092)   Merge Heap Roots: 0.1ms
[2025-06-03T15:48:03.137+0530][245.899s] GC(1092)   Evacuate Collection Set: 0.3ms
[2025-06-03T15:48:03.137+0530][245.899s] GC(1092)   Post Evacuate Collection Set: 0.9ms
[2025-06-03T15:48:03.137+0530][245.899s] GC(1092)   Other: 0.2ms
[2025-06-03T15:48:03.137+0530][245.899s] GC(1092) Eden regions: 306->0(306)
[2025-06-03T15:48:03.137+0530][245.899s] GC(1092) Survivor regions: 1->1(39)
[2025-06-03T15:48:03.137+0530][245.899s] GC(1092) Old regions: 9->9
[2025-06-03T15:48:03.137+0530][245.899s] GC(1092) Archive regions: 2->2
[2025-06-03T15:48:03.137+0530][245.899s] GC(1092) Humongous regions: 0->0
[2025-06-03T15:48:03.137+0530][245.899s] GC(1092) Metaspace: 20494K(20992K)->20494K(20992K) NonClass: 17909K(18176K)->17909K(18176K) Class: 2585K(2816K)->2585K(2816K)
[2025-06-03T15:48:03.137+0530][245.899s] GC(1092) Pause Young (Normal) (G1 Evacuation Pause) 315M->9M(512M) 2.044ms
[2025-06-03T15:48:03.137+0530][245.899s] GC(1092) User=0.01s Sys=0.00s Real=0.00s
[2025-06-03T15:48:03.447+0530][246.209s] GC(1093) Pause Young (Normal) (G1 Evacuation Pause)
[2025-06-03T15:48:03.447+0530][246.209s] GC(1093) Using 8 workers of 8 for evacuation
[2025-06-03T15:48:03.447+0530][246.210s] GC(1093) Skipped phase 1 of Reference Processing: no references
[2025-06-03T15:48:03.447+0530][246.210s] GC(1093) Skipped phase 2 of Reference Processing: no references
[2025-06-03T15:48:03.447+0530][246.210s] GC(1093) Skipped phase 3 of Reference Processing: no references
[2025-06-03T15:48:03.447+0530][246.210s] GC(1093) Skipped phase 4 of Reference Processing: no references
[2025-06-03T15:48:03.448+0530][246.210s] GC(1093)   Pre Evacuate Collection Set: 0.1ms
[2025-06-03T15:48:03.448+0530][246.210s] GC(1093)   Merge Heap Roots: 0.1ms
[2025-06-03T15:48:03.448+0530][246.210s] GC(1093)   Evacuate Collection Set: 0.3ms
[2025-06-03T15:48:03.448+0530][246.210s] GC(1093)   Post Evacuate Collection Set: 0.5ms
[2025-06-03T15:48:03.448+0530][246.210s] GC(1093)   Other: 0.3ms
[2025-06-03T15:48:03.448+0530][246.210s] GC(1093) Eden regions: 306->0(306)
[2025-06-03T15:48:03.448+0530][246.210s] GC(1093) Survivor regions: 1->1(39)
[2025-06-03T15:48:03.448+0530][246.210s] GC(1093) Old regions: 9->9
[2025-06-03T15:48:03.448+0530][246.210s] GC(1093) Archive regions: 2->2
[2025-06-03T15:48:03.448+0530][246.210s] GC(1093) Humongous regions: 0->0
[2025-06-03T15:48:03.448+0530][246.210s] GC(1093) Metaspace: 20494K(20992K)->20494K(20992K) NonClass: 17909K(18176K)->17909K(18176K) Class: 2585K(2816K)->2585K(2816K)
[2025-06-03T15:48:03.448+0530][246.210s] GC(1093) Pause Young (Normal) (G1 Evacuation Pause) 315M->9M(512M) 1.467ms
[2025-06-03T15:48:03.448+0530][246.210s] GC(1093) User=0.00s Sys=0.00s Real=0.00s
[2025-06-03T15:48:03.668+0530][246.431s] GC(1094) Pause Young (Normal) (G1 Evacuation Pause)
[2025-06-03T15:48:03.668+0530][246.431s] GC(1094) Using 8 workers of 8 for evacuation
[2025-06-03T15:48:03.669+0530][246.431s] GC(1094) Skipped phase 1 of Reference Processing: no references
[2025-06-03T15:48:03.669+0530][246.431s] GC(1094) Skipped phase 2 of Reference Processing: no references
[2025-06-03T15:48:03.669+0530][246.431s] GC(1094) Skipped phase 3 of Reference Processing: no references
[2025-06-03T15:48:03.669+0530][246.431s] GC(1094) Skipped phase 4 of Reference Processing: no references
[2025-06-03T15:48:03.669+0530][246.432s] GC(1094)   Pre Evacuate Collection Set: 0.1ms
[2025-06-03T15:48:03.669+0530][246.432s] GC(1094)   Merge Heap Roots: 0.1ms
[2025-06-03T15:48:03.669+0530][246.432s] GC(1094)   Evacuate Collection Set: 0.3ms
[2025-06-03T15:48:03.670+0530][246.432s] GC(1094)   Post Evacuate Collection Set: 0.5ms
[2025-06-03T15:48:03.670+0530][246.432s] GC(1094)   Other: 0.2ms
[2025-06-03T15:48:03.670+0530][246.432s] GC(1094) Eden regions: 306->0(306)
[2025-06-03T15:48:03.670+0530][246.432s] GC(1094) Survivor regions: 1->1(39)
[2025-06-03T15:48:03.670+0530][246.432s] GC(1094) Old regions: 9->9
[2025-06-03T15:48:03.670+0530][246.432s] GC(1094) Archive regions: 2->2
[2025-06-03T15:48:03.670+0530][246.432s] GC(1094) Humongous regions: 0->0
[2025-06-03T15:48:03.670+0530][246.432s] GC(1094) Metaspace: 20494K(20992K)->20494K(20992K) NonClass: 17909K(18176K)->17909K(18176K) Class: 2585K(2816K)->2585K(2816K)
[2025-06-03T15:48:03.670+0530][246.432s] GC(1094) Pause Young (Normal) (G1 Evacuation Pause) 315M->9M(512M) 1.316ms
[2025-06-03T15:48:03.670+0530][246.432s] GC(1094) User=0.00s Sys=0.01s Real=0.01s
[2025-06-03T15:48:03.955+0530][246.718s] GC(1095) Pause Young (Normal) (G1 Evacuation Pause)
[2025-06-03T15:48:03.956+0530][246.718s] GC(1095) Using 8 workers of 8 for evacuation
[2025-06-03T15:48:03.956+0530][246.719s] GC(1095) Skipped phase 1 of Reference Processing: no references
[2025-06-03T15:48:03.956+0530][246.719s] GC(1095) Skipped phase 2 of Reference Processing: no references
[2025-06-03T15:48:03.956+0530][246.719s] GC(1095) Skipped phase 3 of Reference Processing: no references
[2025-06-03T15:48:03.956+0530][246.719s] GC(1095) Skipped phase 4 of Reference Processing: no references
[2025-06-03T15:48:03.958+0530][246.720s] GC(1095)   Pre Evacuate Collection Set: 0.1ms
[2025-06-03T15:48:03.958+0530][246.720s] GC(1095)   Merge Heap Roots: 0.1ms
[2025-06-03T15:48:03.958+0530][246.720s] GC(1095)   Evacuate Collection Set: 0.3ms
[2025-06-03T15:48:03.958+0530][246.720s] GC(1095)   Post Evacuate Collection Set: 1.2ms
[2025-06-03T15:48:03.958+0530][246.720s] GC(1095)   Other: 0.4ms
[2025-06-03T15:48:03.958+0530][246.720s] GC(1095) Eden regions: 306->0(306)
[2025-06-03T15:48:03.958+0530][246.720s] GC(1095) Survivor regions: 1->1(39)
[2025-06-03T15:48:03.958+0530][246.720s] GC(1095) Old regions: 9->9
[2025-06-03T15:48:03.958+0530][246.720s] GC(1095) Archive regions: 2->2
[2025-06-03T15:48:03.958+0530][246.720s] GC(1095) Humongous regions: 0->0
[2025-06-03T15:48:03.958+0530][246.720s] GC(1095) Metaspace: 20494K(20992K)->20494K(20992K) NonClass: 17909K(18176K)->17909K(18176K) Class: 2585K(2816K)->2585K(2816K)
[2025-06-03T15:48:03.958+0530][246.720s] GC(1095) Pause Young (Normal) (G1 Evacuation Pause) 315M->9M(512M) 2.664ms
[2025-06-03T15:48:03.958+0530][246.721s] GC(1095) User=0.00s Sys=0.00s Real=0.00s
[2025-06-03T15:48:04.271+0530][247.033s] GC(1096) Pause Young (Normal) (G1 Evacuation Pause)
[2025-06-03T15:48:04.271+0530][247.033s] GC(1096) Using 8 workers of 8 for evacuation
[2025-06-03T15:48:04.272+0530][247.034s] GC(1096) Skipped phase 1 of Reference Processing: no references
[2025-06-03T15:48:04.272+0530][247.034s] GC(1096) Skipped phase 2 of Reference Processing: no references
[2025-06-03T15:48:04.272+0530][247.034s] GC(1096) Skipped phase 3 of Reference Processing: no references
[2025-06-03T15:48:04.272+0530][247.034s] GC(1096) Skipped phase 4 of Reference Processing: no references
[2025-06-03T15:48:04.273+0530][247.035s] GC(1096)   Pre Evacuate Collection Set: 0.1ms
[2025-06-03T15:48:04.273+0530][247.035s] GC(1096)   Merge Heap Roots: 0.1ms
[2025-06-03T15:48:04.273+0530][247.036s] GC(1096)   Evacuate Collection Set: 0.4ms
[2025-06-03T15:48:04.273+0530][247.036s] GC(1096)   Post Evacuate Collection Set: 1.5ms
[2025-06-03T15:48:04.273+0530][247.036s] GC(1096)   Other: 0.3ms
[2025-06-03T15:48:04.273+0530][247.036s] GC(1096) Eden regions: 306->0(306)
[2025-06-03T15:48:04.273+0530][247.036s] GC(1096) Survivor regions: 1->1(39)
[2025-06-03T15:48:04.273+0530][247.036s] GC(1096) Old regions: 9->9
[2025-06-03T15:48:04.273+0530][247.036s] GC(1096) Archive regions: 2->2
[2025-06-03T15:48:04.273+0530][247.036s] GC(1096) Humongous regions: 0->0
[2025-06-03T15:48:04.273+0530][247.036s] GC(1096) Metaspace: 20494K(20992K)->20494K(20992K) NonClass: 17909K(18176K)->17909K(18176K) Class: 2585K(2816K)->2585K(2816K)
[2025-06-03T15:48:04.273+0530][247.036s] GC(1096) Pause Young (Normal) (G1 Evacuation Pause) 315M->9M(512M) 2.760ms
[2025-06-03T15:48:04.273+0530][247.036s] GC(1096) User=0.00s Sys=0.00s Real=0.00s
[2025-06-03T15:48:04.556+0530][247.318s] GC(1097) Pause Young (Normal) (G1 Evacuation Pause)
[2025-06-03T15:48:04.556+0530][247.319s] GC(1097) Using 8 workers of 8 for evacuation
[2025-06-03T15:48:04.557+0530][247.320s] GC(1097) Skipped phase 1 of Reference Processing: no references
[2025-06-03T15:48:04.557+0530][247.320s] GC(1097) Skipped phase 2 of Reference Processing: no references
[2025-06-03T15:48:04.557+0530][247.320s] GC(1097) Skipped phase 3 of Reference Processing: no references
[2025-06-03T15:48:04.557+0530][247.320s] GC(1097) Skipped phase 4 of Reference Processing: no references
[2025-06-03T15:48:04.558+0530][247.321s] GC(1097)   Pre Evacuate Collection Set: 0.2ms
[2025-06-03T15:48:04.559+0530][247.321s] GC(1097)   Merge Heap Roots: 0.2ms
[2025-06-03T15:48:04.559+0530][247.321s] GC(1097)   Evacuate Collection Set: 0.6ms
[2025-06-03T15:48:04.559+0530][247.321s] GC(1097)   Post Evacuate Collection Set: 1.1ms
[2025-06-03T15:48:04.559+0530][247.321s] GC(1097)   Other: 0.5ms
[2025-06-03T15:48:04.559+0530][247.321s] GC(1097) Eden regions: 306->0(306)
[2025-06-03T15:48:04.559+0530][247.321s] GC(1097) Survivor regions: 1->1(39)
[2025-06-03T15:48:04.559+0530][247.321s] GC(1097) Old regions: 9->9
[2025-06-03T15:48:04.559+0530][247.321s] GC(1097) Archive regions: 2->2
[2025-06-03T15:48:04.559+0530][247.321s] GC(1097) Humongous regions: 0->0
[2025-06-03T15:48:04.559+0530][247.321s] GC(1097) Metaspace: 20494K(20992K)->20494K(20992K) NonClass: 17909K(18176K)->17909K(18176K) Class: 2585K(2816K)->2585K(2816K)
[2025-06-03T15:48:04.559+0530][247.321s] GC(1097) Pause Young (Normal) (G1 Evacuation Pause) 315M->9M(512M) 2.816ms
[2025-06-03T15:48:04.559+0530][247.321s] GC(1097) User=0.00s Sys=0.00s Real=0.00s
[2025-06-03T15:48:04.815+0530][247.577s] GC(1098) Pause Young (Normal) (G1 Evacuation Pause)
[2025-06-03T15:48:04.815+0530][247.577s] GC(1098) Using 8 workers of 8 for evacuation
[2025-06-03T15:48:04.816+0530][247.578s] GC(1098) Skipped phase 1 of Reference Processing: no references
[2025-06-03T15:48:04.816+0530][247.578s] GC(1098) Skipped phase 2 of Reference Processing: no references
[2025-06-03T15:48:04.816+0530][247.578s] GC(1098) Skipped phase 3 of Reference Processing: no references
[2025-06-03T15:48:04.816+0530][247.578s] GC(1098) Skipped phase 4 of Reference Processing: no references
[2025-06-03T15:48:04.816+0530][247.579s] GC(1098)   Pre Evacuate Collection Set: 0.2ms
[2025-06-03T15:48:04.816+0530][247.579s] GC(1098)   Merge Heap Roots: 0.1ms
[2025-06-03T15:48:04.816+0530][247.579s] GC(1098)   Evacuate Collection Set: 0.5ms
[2025-06-03T15:48:04.817+0530][247.579s] GC(1098)   Post Evacuate Collection Set: 0.6ms
[2025-06-03T15:48:04.817+0530][247.579s] GC(1098)   Other: 0.3ms
[2025-06-03T15:48:04.817+0530][247.579s] GC(1098) Eden regions: 306->0(306)
[2025-06-03T15:48:04.817+0530][247.579s] GC(1098) Survivor regions: 1->1(39)
[2025-06-03T15:48:04.817+0530][247.579s] GC(1098) Old regions: 9->9
[2025-06-03T15:48:04.817+0530][247.579s] GC(1098) Archive regions: 2->2
[2025-06-03T15:48:04.817+0530][247.579s] GC(1098) Humongous regions: 0->0
[2025-06-03T15:48:04.817+0530][247.579s] GC(1098) Metaspace: 20494K(20992K)->20494K(20992K) NonClass: 17909K(18176K)->17909K(18176K) Class: 2585K(2816K)->2585K(2816K)
[2025-06-03T15:48:04.817+0530][247.579s] GC(1098) Pause Young (Normal) (G1 Evacuation Pause) 315M->9M(512M) 2.186ms
[2025-06-03T15:48:04.817+0530][247.579s] GC(1098) User=0.00s Sys=0.00s Real=0.00s
[2025-06-03T15:48:05.115+0530][247.878s] GC(1099) Pause Young (Normal) (G1 Evacuation Pause)
[2025-06-03T15:48:05.115+0530][247.878s] GC(1099) Using 8 workers of 8 for evacuation
[2025-06-03T15:48:05.116+0530][247.878s] GC(1099) Skipped phase 1 of Reference Processing: no references
[2025-06-03T15:48:05.116+0530][247.878s] GC(1099) Skipped phase 2 of Reference Processing: no references
[2025-06-03T15:48:05.116+0530][247.878s] GC(1099) Skipped phase 3 of Reference Processing: no references
[2025-06-03T15:48:05.116+0530][247.878s] GC(1099) Skipped phase 4 of Reference Processing: no references
[2025-06-03T15:48:05.116+0530][247.879s] GC(1099)   Pre Evacuate Collection Set: 0.1ms
[2025-06-03T15:48:05.116+0530][247.879s] GC(1099)   Merge Heap Roots: 0.1ms
[2025-06-03T15:48:05.117+0530][247.879s] GC(1099)   Evacuate Collection Set: 0.3ms
[2025-06-03T15:48:05.117+0530][247.879s] GC(1099)   Post Evacuate Collection Set: 0.6ms
[2025-06-03T15:48:05.117+0530][247.879s] GC(1099)   Other: 0.2ms
[2025-06-03T15:48:05.117+0530][247.879s] GC(1099) Eden regions: 306->0(306)
[2025-06-03T15:48:05.117+0530][247.879s] GC(1099) Survivor regions: 1->1(39)
[2025-06-03T15:48:05.117+0530][247.879s] GC(1099) Old regions: 9->9
[2025-06-03T15:48:05.117+0530][247.879s] GC(1099) Archive regions: 2->2
[2025-06-03T15:48:05.117+0530][247.879s] GC(1099) Humongous regions: 0->0
[2025-06-03T15:48:05.117+0530][247.879s] GC(1099) Metaspace: 20494K(20992K)->20494K(20992K) NonClass: 17909K(18176K)->17909K(18176K) Class: 2585K(2816K)->2585K(2816K)
[2025-06-03T15:48:05.117+0530][247.879s] GC(1099) Pause Young (Normal) (G1 Evacuation Pause) 315M->9M(512M) 1.475ms
[2025-06-03T15:48:05.117+0530][247.879s] GC(1099) User=0.00s Sys=0.00s Real=0.00s
[2025-06-03T15:48:05.422+0530][248.185s] GC(1100) Pause Young (Normal) (G1 Evacuation Pause)
[2025-06-03T15:48:05.423+0530][248.185s] GC(1100) Using 8 workers of 8 for evacuation
[2025-06-03T15:48:05.423+0530][248.186s] GC(1100) Skipped phase 1 of Reference Processing: no references
[2025-06-03T15:48:05.424+0530][248.186s] GC(1100) Skipped phase 2 of Reference Processing: no references
[2025-06-03T15:48:05.424+0530][248.186s] GC(1100) Skipped phase 3 of Reference Processing: no references
[2025-06-03T15:48:05.424+0530][248.186s] GC(1100) Skipped phase 4 of Reference Processing: no references
[2025-06-03T15:48:05.424+0530][248.187s] GC(1100)   Pre Evacuate Collection Set: 0.1ms
[2025-06-03T15:48:05.424+0530][248.187s] GC(1100)   Merge Heap Roots: 0.1ms
[2025-06-03T15:48:05.424+0530][248.187s] GC(1100)   Evacuate Collection Set: 0.3ms
[2025-06-03T15:48:05.424+0530][248.187s] GC(1100)   Post Evacuate Collection Set: 0.8ms
[2025-06-03T15:48:05.425+0530][248.187s] GC(1100)   Other: 0.7ms
[2025-06-03T15:48:05.425+0530][248.187s] GC(1100) Eden regions: 306->0(306)
[2025-06-03T15:48:05.425+0530][248.187s] GC(1100) Survivor regions: 1->1(39)
[2025-06-03T15:48:05.425+0530][248.187s] GC(1100) Old regions: 9->9
[2025-06-03T15:48:05.425+0530][248.187s] GC(1100) Archive regions: 2->2
[2025-06-03T15:48:05.425+0530][248.187s] GC(1100) Humongous regions: 0->0
[2025-06-03T15:48:05.425+0530][248.187s] GC(1100) Metaspace: 20494K(20992K)->20494K(20992K) NonClass: 17909K(18176K)->17909K(18176K) Class: 2585K(2816K)->2585K(2816K)
[2025-06-03T15:48:05.425+0530][248.187s] GC(1100) Pause Young (Normal) (G1 Evacuation Pause) 315M->9M(512M) 2.533ms
[2025-06-03T15:48:05.425+0530][248.187s] GC(1100) User=0.00s Sys=0.00s Real=0.00s
[2025-06-03T15:48:05.717+0530][248.479s] GC(1101) Pause Young (Normal) (G1 Evacuation Pause)
[2025-06-03T15:48:05.717+0530][248.479s] GC(1101) Using 8 workers of 8 for evacuation
[2025-06-03T15:48:05.718+0530][248.480s] GC(1101) Skipped phase 1 of Reference Processing: no references
[2025-06-03T15:48:05.718+0530][248.480s] GC(1101) Skipped phase 2 of Reference Processing: no references
[2025-06-03T15:48:05.718+0530][248.480s] GC(1101) Skipped phase 3 of Reference Processing: no references
[2025-06-03T15:48:05.718+0530][248.480s] GC(1101) Skipped phase 4 of Reference Processing: no references
[2025-06-03T15:48:05.718+0530][248.481s] GC(1101)   Pre Evacuate Collection Set: 0.1ms
[2025-06-03T15:48:05.718+0530][248.481s] GC(1101)   Merge Heap Roots: 0.1ms
[2025-06-03T15:48:05.718+0530][248.481s] GC(1101)   Evacuate Collection Set: 0.2ms
[2025-06-03T15:48:05.718+0530][248.481s] GC(1101)   Post Evacuate Collection Set: 0.6ms
[2025-06-03T15:48:05.718+0530][248.481s] GC(1101)   Other: 0.2ms
[2025-06-03T15:48:05.718+0530][248.481s] GC(1101) Eden regions: 306->0(306)
[2025-06-03T15:48:05.718+0530][248.481s] GC(1101) Survivor regions: 1->1(39)
[2025-06-03T15:48:05.718+0530][248.481s] GC(1101) Old regions: 9->9
[2025-06-03T15:48:05.718+0530][248.481s] GC(1101) Archive regions: 2->2
[2025-06-03T15:48:05.718+0530][248.481s] GC(1101) Humongous regions: 0->0
[2025-06-03T15:48:05.718+0530][248.481s] GC(1101) Metaspace: 20494K(20992K)->20494K(20992K) NonClass: 17909K(18176K)->17909K(18176K) Class: 2585K(2816K)->2585K(2816K)
[2025-06-03T15:48:05.718+0530][248.481s] GC(1101) Pause Young (Normal) (G1 Evacuation Pause) 315M->9M(512M) 1.445ms
[2025-06-03T15:48:05.718+0530][248.481s] GC(1101) User=0.00s Sys=0.00s Real=0.00s
[2025-06-03T15:48:06.080+0530][248.843s] GC(1102) Pause Young (Normal) (G1 Evacuation Pause)
[2025-06-03T15:48:06.080+0530][248.843s] GC(1102) Using 8 workers of 8 for evacuation
[2025-06-03T15:48:06.081+0530][248.843s] GC(1102) Skipped phase 1 of Reference Processing: no references
[2025-06-03T15:48:06.081+0530][248.843s] GC(1102) Skipped phase 2 of Reference Processing: no references
[2025-06-03T15:48:06.081+0530][248.843s] GC(1102) Skipped phase 3 of Reference Processing: no references
[2025-06-03T15:48:06.081+0530][248.843s] GC(1102) Skipped phase 4 of Reference Processing: no references
[2025-06-03T15:48:06.082+0530][248.844s] GC(1102)   Pre Evacuate Collection Set: 0.1ms
[2025-06-03T15:48:06.082+0530][248.844s] GC(1102)   Merge Heap Roots: 0.1ms
[2025-06-03T15:48:06.082+0530][248.844s] GC(1102)   Evacuate Collection Set: 0.3ms
[2025-06-03T15:48:06.082+0530][248.844s] GC(1102)   Post Evacuate Collection Set: 0.7ms
[2025-06-03T15:48:06.082+0530][248.844s] GC(1102)   Other: 0.2ms
[2025-06-03T15:48:06.082+0530][248.844s] GC(1102) Eden regions: 306->0(306)
[2025-06-03T15:48:06.082+0530][248.844s] GC(1102) Survivor regions: 1->1(39)
[2025-06-03T15:48:06.082+0530][248.844s] GC(1102) Old regions: 9->9
[2025-06-03T15:48:06.082+0530][248.844s] GC(1102) Archive regions: 2->2
[2025-06-03T15:48:06.082+0530][248.844s] GC(1102) Humongous regions: 0->0
[2025-06-03T15:48:06.082+0530][248.844s] GC(1102) Metaspace: 20494K(20992K)->20494K(20992K) NonClass: 17909K(18176K)->17909K(18176K) Class: 2585K(2816K)->2585K(2816K)
[2025-06-03T15:48:06.082+0530][248.844s] GC(1102) Pause Young (Normal) (G1 Evacuation Pause) 315M->9M(512M) 1.768ms
[2025-06-03T15:48:06.082+0530][248.844s] GC(1102) User=0.00s Sys=0.00s Real=0.00s
[2025-06-03T15:48:06.367+0530][249.129s] GC(1103) Pause Young (Normal) (G1 Evacuation Pause)
[2025-06-03T15:48:06.367+0530][249.129s] GC(1103) Using 8 workers of 8 for evacuation
[2025-06-03T15:48:06.368+0530][249.130s] GC(1103) Skipped phase 1 of Reference Processing: no references
[2025-06-03T15:48:06.368+0530][249.130s] GC(1103) Skipped phase 2 of Reference Processing: no references
[2025-06-03T15:48:06.368+0530][249.130s] GC(1103) Skipped phase 3 of Reference Processing: no references
[2025-06-03T15:48:06.368+0530][249.130s] GC(1103) Skipped phase 4 of Reference Processing: no references
[2025-06-03T15:48:06.369+0530][249.131s] GC(1103)   Pre Evacuate Collection Set: 0.2ms
[2025-06-03T15:48:06.369+0530][249.131s] GC(1103)   Merge Heap Roots: 0.1ms
[2025-06-03T15:48:06.369+0530][249.131s] GC(1103)   Evacuate Collection Set: 0.4ms
[2025-06-03T15:48:06.369+0530][249.131s] GC(1103)   Post Evacuate Collection Set: 0.9ms
[2025-06-03T15:48:06.369+0530][249.131s] GC(1103)   Other: 0.3ms
[2025-06-03T15:48:06.369+0530][249.131s] GC(1103) Eden regions: 306->0(306)
[2025-06-03T15:48:06.369+0530][249.131s] GC(1103) Survivor regions: 1->1(39)
[2025-06-03T15:48:06.369+0530][249.131s] GC(1103) Old regions: 9->9
[2025-06-03T15:48:06.369+0530][249.131s] GC(1103) Archive regions: 2->2
[2025-06-03T15:48:06.369+0530][249.131s] GC(1103) Humongous regions: 0->0
[2025-06-03T15:48:06.369+0530][249.131s] GC(1103) Metaspace: 20494K(20992K)->20494K(20992K) NonClass: 17909K(18176K)->17909K(18176K) Class: 2585K(2816K)->2585K(2816K)
[2025-06-03T15:48:06.369+0530][249.131s] GC(1103) Pause Young (Normal) (G1 Evacuation Pause) 315M->9M(512M) 2.146ms
[2025-06-03T15:48:06.369+0530][249.132s] GC(1103) User=0.00s Sys=0.00s Real=0.00s
[2025-06-03T15:48:06.649+0530][249.412s] GC(1104) Pause Young (Normal) (G1 Evacuation Pause)
[2025-06-03T15:48:06.649+0530][249.412s] GC(1104) Using 8 workers of 8 for evacuation
[2025-06-03T15:48:06.650+0530][249.412s] GC(1104) Skipped phase 1 of Reference Processing: no references
[2025-06-03T15:48:06.650+0530][249.412s] GC(1104) Skipped phase 2 of Reference Processing: no references
[2025-06-03T15:48:06.650+0530][249.412s] GC(1104) Skipped phase 3 of Reference Processing: no references
[2025-06-03T15:48:06.650+0530][249.412s] GC(1104) Skipped phase 4 of Reference Processing: no references
[2025-06-03T15:48:06.650+0530][249.413s] GC(1104)   Pre Evacuate Collection Set: 0.1ms
[2025-06-03T15:48:06.651+0530][249.413s] GC(1104)   Merge Heap Roots: 0.1ms
[2025-06-03T15:48:06.651+0530][249.413s] GC(1104)   Evacuate Collection Set: 0.3ms
[2025-06-03T15:48:06.651+0530][249.413s] GC(1104)   Post Evacuate Collection Set: 0.6ms
[2025-06-03T15:48:06.651+0530][249.413s] GC(1104)   Other: 0.2ms
[2025-06-03T15:48:06.651+0530][249.413s] GC(1104) Eden regions: 306->0(306)
[2025-06-03T15:48:06.651+0530][249.413s] GC(1104) Survivor regions: 1->1(39)
[2025-06-03T15:48:06.651+0530][249.413s] GC(1104) Old regions: 9->9
[2025-06-03T15:48:06.651+0530][249.413s] GC(1104) Archive regions: 2->2
[2025-06-03T15:48:06.651+0530][249.413s] GC(1104) Humongous regions: 0->0
[2025-06-03T15:48:06.651+0530][249.413s] GC(1104) Metaspace: 20494K(20992K)->20494K(20992K) NonClass: 17909K(18176K)->17909K(18176K) Class: 2585K(2816K)->2585K(2816K)
[2025-06-03T15:48:06.651+0530][249.413s] GC(1104) Pause Young (Normal) (G1 Evacuation Pause) 315M->9M(512M) 1.688ms
[2025-06-03T15:48:06.651+0530][249.413s] GC(1104) User=0.00s Sys=0.01s Real=0.01s
[2025-06-03T15:48:06.861+0530][249.624s] GC(1105) Pause Young (Normal) (G1 Evacuation Pause)
[2025-06-03T15:48:06.862+0530][249.624s] GC(1105) Using 8 workers of 8 for evacuation
[2025-06-03T15:48:06.862+0530][249.625s] GC(1105) Skipped phase 1 of Reference Processing: no references
[2025-06-03T15:48:06.862+0530][249.625s] GC(1105) Skipped phase 2 of Reference Processing: no references
[2025-06-03T15:48:06.862+0530][249.625s] GC(1105) Skipped phase 3 of Reference Processing: no references
[2025-06-03T15:48:06.862+0530][249.625s] GC(1105) Skipped phase 4 of Reference Processing: no references
[2025-06-03T15:48:06.863+0530][249.625s] GC(1105)   Pre Evacuate Collection Set: 0.1ms
[2025-06-03T15:48:06.863+0530][249.625s] GC(1105)   Merge Heap Roots: 0.1ms
[2025-06-03T15:48:06.863+0530][249.625s] GC(1105)   Evacuate Collection Set: 0.3ms
[2025-06-03T15:48:06.863+0530][249.625s] GC(1105)   Post Evacuate Collection Set: 0.5ms
[2025-06-03T15:48:06.863+0530][249.625s] GC(1105)   Other: 0.2ms
[2025-06-03T15:48:06.863+0530][249.625s] GC(1105) Eden regions: 306->0(306)
[2025-06-03T15:48:06.863+0530][249.625s] GC(1105) Survivor regions: 1->1(39)
[2025-06-03T15:48:06.863+0530][249.625s] GC(1105) Old regions: 9->9
[2025-06-03T15:48:06.863+0530][249.625s] GC(1105) Archive regions: 2->2
[2025-06-03T15:48:06.863+0530][249.625s] GC(1105) Humongous regions: 0->0
[2025-06-03T15:48:06.863+0530][249.625s] GC(1105) Metaspace: 20494K(20992K)->20494K(20992K) NonClass: 17909K(18176K)->17909K(18176K) Class: 2585K(2816K)->2585K(2816K)
[2025-06-03T15:48:06.863+0530][249.625s] GC(1105) Pause Young (Normal) (G1 Evacuation Pause) 315M->9M(512M) 1.385ms
[2025-06-03T15:48:06.863+0530][249.625s] GC(1105) User=0.00s Sys=0.00s Real=0.00s
[2025-06-03T15:48:07.174+0530][249.937s] GC(1106) Pause Young (Normal) (G1 Evacuation Pause)
[2025-06-03T15:48:07.174+0530][249.937s] GC(1106) Using 8 workers of 8 for evacuation
[2025-06-03T15:48:07.175+0530][249.938s] GC(1106) Skipped phase 1 of Reference Processing: no references
[2025-06-03T15:48:07.175+0530][249.938s] GC(1106) Skipped phase 2 of Reference Processing: no references
[2025-06-03T15:48:07.175+0530][249.938s] GC(1106) Skipped phase 3 of Reference Processing: no references
[2025-06-03T15:48:07.175+0530][249.938s] GC(1106) Skipped phase 4 of Reference Processing: no references
[2025-06-03T15:48:07.176+0530][249.938s] GC(1106)   Pre Evacuate Collection Set: 0.3ms
[2025-06-03T15:48:07.176+0530][249.939s] GC(1106)   Merge Heap Roots: 0.1ms
[2025-06-03T15:48:07.176+0530][249.939s] GC(1106)   Evacuate Collection Set: 0.3ms
[2025-06-03T15:48:07.176+0530][249.939s] GC(1106)   Post Evacuate Collection Set: 0.9ms
[2025-06-03T15:48:07.176+0530][249.939s] GC(1106)   Other: 0.3ms
[2025-06-03T15:48:07.176+0530][249.939s] GC(1106) Eden regions: 306->0(306)
[2025-06-03T15:48:07.177+0530][249.940s] GC(1106) Survivor regions: 1->1(39)
[2025-06-03T15:48:07.177+0530][249.940s] GC(1106) Old regions: 9->9
[2025-06-03T15:48:07.177+0530][249.940s] GC(1106) Archive regions: 2->2
[2025-06-03T15:48:07.177+0530][249.940s] GC(1106) Humongous regions: 0->0
[2025-06-03T15:48:07.177+0530][249.940s] GC(1106) Metaspace: 20494K(20992K)->20494K(20992K) NonClass: 17909K(18176K)->17909K(18176K) Class: 2585K(2816K)->2585K(2816K)
[2025-06-03T15:48:07.177+0530][249.940s] GC(1106) Pause Young (Normal) (G1 Evacuation Pause) 315M->9M(512M) 3.183ms
[2025-06-03T15:48:07.177+0530][249.940s] GC(1106) User=0.00s Sys=0.00s Real=0.00s
[2025-06-03T15:48:07.479+0530][250.242s] GC(1107) Pause Young (Normal) (G1 Evacuation Pause)
[2025-06-03T15:48:07.479+0530][250.242s] GC(1107) Using 8 workers of 8 for evacuation
[2025-06-03T15:48:07.480+0530][250.242s] GC(1107) Skipped phase 1 of Reference Processing: no references
[2025-06-03T15:48:07.480+0530][250.242s] GC(1107) Skipped phase 2 of Reference Processing: no references
[2025-06-03T15:48:07.480+0530][250.243s] GC(1107) Skipped phase 3 of Reference Processing: no references
[2025-06-03T15:48:07.480+0530][250.243s] GC(1107) Skipped phase 4 of Reference Processing: no references
[2025-06-03T15:48:07.481+0530][250.243s] GC(1107)   Pre Evacuate Collection Set: 0.1ms
[2025-06-03T15:48:07.481+0530][250.243s] GC(1107)   Merge Heap Roots: 0.1ms
[2025-06-03T15:48:07.481+0530][250.243s] GC(1107)   Evacuate Collection Set: 0.3ms
[2025-06-03T15:48:07.481+0530][250.243s] GC(1107)   Post Evacuate Collection Set: 0.9ms
[2025-06-03T15:48:07.481+0530][250.243s] GC(1107)   Other: 0.3ms
[2025-06-03T15:48:07.481+0530][250.243s] GC(1107) Eden regions: 306->0(306)
[2025-06-03T15:48:07.481+0530][250.243s] GC(1107) Survivor regions: 1->1(39)
[2025-06-03T15:48:07.481+0530][250.243s] GC(1107) Old regions: 9->9
[2025-06-03T15:48:07.481+0530][250.244s] GC(1107) Archive regions: 2->2
[2025-06-03T15:48:07.481+0530][250.244s] GC(1107) Humongous regions: 0->0
[2025-06-03T15:48:07.481+0530][250.244s] GC(1107) Metaspace: 20494K(20992K)->20494K(20992K) NonClass: 17909K(18176K)->17909K(18176K) Class: 2585K(2816K)->2585K(2816K)
[2025-06-03T15:48:07.481+0530][250.244s] GC(1107) Pause Young (Normal) (G1 Evacuation Pause) 315M->9M(512M) 1.942ms
[2025-06-03T15:48:07.481+0530][250.244s] GC(1107) User=0.00s Sys=0.00s Real=0.01s
[2025-06-03T15:48:07.716+0530][250.478s] GC(1108) Pause Young (Normal) (G1 Evacuation Pause)
[2025-06-03T15:48:07.716+0530][250.478s] GC(1108) Using 8 workers of 8 for evacuation
[2025-06-03T15:48:07.716+0530][250.479s] GC(1108) Skipped phase 1 of Reference Processing: no references
[2025-06-03T15:48:07.717+0530][250.479s] GC(1108) Skipped phase 2 of Reference Processing: no references
[2025-06-03T15:48:07.717+0530][250.479s] GC(1108) Skipped phase 3 of Reference Processing: no references
[2025-06-03T15:48:07.717+0530][250.479s] GC(1108) Skipped phase 4 of Reference Processing: no references
[2025-06-03T15:48:07.717+0530][250.480s] GC(1108)   Pre Evacuate Collection Set: 0.1ms
[2025-06-03T15:48:07.717+0530][250.480s] GC(1108)   Merge Heap Roots: 0.1ms
[2025-06-03T15:48:07.717+0530][250.480s] GC(1108)   Evacuate Collection Set: 0.5ms
[2025-06-03T15:48:07.717+0530][250.480s] GC(1108)   Post Evacuate Collection Set: 0.7ms
[2025-06-03T15:48:07.717+0530][250.480s] GC(1108)   Other: 0.3ms
[2025-06-03T15:48:07.717+0530][250.480s] GC(1108) Eden regions: 306->0(306)
[2025-06-03T15:48:07.718+0530][250.480s] GC(1108) Survivor regions: 1->1(39)
[2025-06-03T15:48:07.718+0530][250.480s] GC(1108) Old regions: 9->9
[2025-06-03T15:48:07.718+0530][250.480s] GC(1108) Archive regions: 2->2
[2025-06-03T15:48:07.718+0530][250.480s] GC(1108) Humongous regions: 0->0
[2025-06-03T15:48:07.718+0530][250.480s] GC(1108) Metaspace: 20494K(20992K)->20494K(20992K) NonClass: 17909K(18176K)->17909K(18176K) Class: 2585K(2816K)->2585K(2816K)
[2025-06-03T15:48:07.718+0530][250.480s] GC(1108) Pause Young (Normal) (G1 Evacuation Pause) 315M->9M(512M) 2.150ms
[2025-06-03T15:48:07.718+0530][250.480s] GC(1108) User=0.00s Sys=0.00s Real=0.00s
[2025-06-03T15:48:07.927+0530][250.690s] GC(1109) Pause Young (Normal) (G1 Evacuation Pause)
[2025-06-03T15:48:07.927+0530][250.690s] GC(1109) Using 8 workers of 8 for evacuation
[2025-06-03T15:48:07.928+0530][250.691s] GC(1109) Skipped phase 1 of Reference Processing: no references
[2025-06-03T15:48:07.928+0530][250.691s] GC(1109) Skipped phase 2 of Reference Processing: no references
[2025-06-03T15:48:07.928+0530][250.691s] GC(1109) Skipped phase 3 of Reference Processing: no references
[2025-06-03T15:48:07.928+0530][250.691s] GC(1109) Skipped phase 4 of Reference Processing: no references
[2025-06-03T15:48:07.929+0530][250.691s] GC(1109)   Pre Evacuate Collection Set: 0.1ms
[2025-06-03T15:48:07.929+0530][250.691s] GC(1109)   Merge Heap Roots: 0.1ms
[2025-06-03T15:48:07.929+0530][250.691s] GC(1109)   Evacuate Collection Set: 0.4ms
[2025-06-03T15:48:07.929+0530][250.691s] GC(1109)   Post Evacuate Collection Set: 0.6ms
[2025-06-03T15:48:07.929+0530][250.691s] GC(1109)   Other: 0.2ms
[2025-06-03T15:48:07.929+0530][250.691s] GC(1109) Eden regions: 306->0(306)
[2025-06-03T15:48:07.929+0530][250.691s] GC(1109) Survivor regions: 1->1(39)
[2025-06-03T15:48:07.929+0530][250.691s] GC(1109) Old regions: 9->9
[2025-06-03T15:48:07.929+0530][250.691s] GC(1109) Archive regions: 2->2
[2025-06-03T15:48:07.929+0530][250.691s] GC(1109) Humongous regions: 0->0
[2025-06-03T15:48:07.929+0530][250.692s] GC(1109) Metaspace: 20494K(20992K)->20494K(20992K) NonClass: 17909K(18176K)->17909K(18176K) Class: 2585K(2816K)->2585K(2816K)
[2025-06-03T15:48:07.929+0530][250.692s] GC(1109) Pause Young (Normal) (G1 Evacuation Pause) 315M->9M(512M) 1.691ms
[2025-06-03T15:48:07.929+0530][250.692s] GC(1109) User=0.01s Sys=0.00s Real=0.00s
[2025-06-03T15:48:08.172+0530][250.935s] GC(1110) Pause Young (Normal) (G1 Evacuation Pause)
[2025-06-03T15:48:08.172+0530][250.935s] GC(1110) Using 8 workers of 8 for evacuation
[2025-06-03T15:48:08.173+0530][250.936s] GC(1110) Skipped phase 1 of Reference Processing: no references
[2025-06-03T15:48:08.173+0530][250.936s] GC(1110) Skipped phase 2 of Reference Processing: no references
[2025-06-03T15:48:08.173+0530][250.936s] GC(1110) Skipped phase 3 of Reference Processing: no references
[2025-06-03T15:48:08.173+0530][250.936s] GC(1110) Skipped phase 4 of Reference Processing: no references
[2025-06-03T15:48:08.174+0530][250.936s] GC(1110)   Pre Evacuate Collection Set: 0.2ms
[2025-06-03T15:48:08.174+0530][250.936s] GC(1110)   Merge Heap Roots: 0.1ms
[2025-06-03T15:48:08.174+0530][250.936s] GC(1110)   Evacuate Collection Set: 0.5ms
[2025-06-03T15:48:08.174+0530][250.936s] GC(1110)   Post Evacuate Collection Set: 0.7ms
[2025-06-03T15:48:08.174+0530][250.937s] GC(1110)   Other: 0.3ms
[2025-06-03T15:48:08.174+0530][250.937s] GC(1110) Eden regions: 306->0(306)
[2025-06-03T15:48:08.174+0530][250.937s] GC(1110) Survivor regions: 1->1(39)
[2025-06-03T15:48:08.174+0530][250.937s] GC(1110) Old regions: 9->9
[2025-06-03T15:48:08.174+0530][250.937s] GC(1110) Archive regions: 2->2
[2025-06-03T15:48:08.174+0530][250.937s] GC(1110) Humongous regions: 0->0
[2025-06-03T15:48:08.174+0530][250.937s] GC(1110) Metaspace: 20494K(20992K)->20494K(20992K) NonClass: 17909K(18176K)->17909K(18176K) Class: 2585K(2816K)->2585K(2816K)
[2025-06-03T15:48:08.174+0530][250.937s] GC(1110) Pause Young (Normal) (G1 Evacuation Pause) 315M->9M(512M) 2.216ms
[2025-06-03T15:48:08.174+0530][250.937s] GC(1110) User=0.00s Sys=0.00s Real=0.00s
[2025-06-03T15:48:08.397+0530][251.160s] GC(1111) Pause Young (Normal) (G1 Evacuation Pause)
[2025-06-03T15:48:08.397+0530][251.160s] GC(1111) Using 8 workers of 8 for evacuation
[2025-06-03T15:48:08.398+0530][251.160s] GC(1111) Skipped phase 1 of Reference Processing: no references
[2025-06-03T15:48:08.398+0530][251.160s] GC(1111) Skipped phase 2 of Reference Processing: no references
[2025-06-03T15:48:08.398+0530][251.160s] GC(1111) Skipped phase 3 of Reference Processing: no references
[2025-06-03T15:48:08.398+0530][251.160s] GC(1111) Skipped phase 4 of Reference Processing: no references
[2025-06-03T15:48:08.398+0530][251.161s] GC(1111)   Pre Evacuate Collection Set: 0.1ms
[2025-06-03T15:48:08.398+0530][251.161s] GC(1111)   Merge Heap Roots: 0.1ms
[2025-06-03T15:48:08.398+0530][251.161s] GC(1111)   Evacuate Collection Set: 0.3ms
[2025-06-03T15:48:08.399+0530][251.161s] GC(1111)   Post Evacuate Collection Set: 0.5ms
[2025-06-03T15:48:08.399+0530][251.161s] GC(1111)   Other: 0.2ms
[2025-06-03T15:48:08.399+0530][251.161s] GC(1111) Eden regions: 306->0(306)
[2025-06-03T15:48:08.399+0530][251.161s] GC(1111) Survivor regions: 1->1(39)
[2025-06-03T15:48:08.399+0530][251.161s] GC(1111) Old regions: 9->9
[2025-06-03T15:48:08.399+0530][251.161s] GC(1111) Archive regions: 2->2
[2025-06-03T15:48:08.399+0530][251.161s] GC(1111) Humongous regions: 0->0
[2025-06-03T15:48:08.399+0530][251.161s] GC(1111) Metaspace: 20494K(20992K)->20494K(20992K) NonClass: 17909K(18176K)->17909K(18176K) Class: 2585K(2816K)->2585K(2816K)
[2025-06-03T15:48:08.399+0530][251.161s] GC(1111) Pause Young (Normal) (G1 Evacuation Pause) 315M->9M(512M) 1.360ms
[2025-06-03T15:48:08.399+0530][251.161s] GC(1111) User=0.00s Sys=0.00s Real=0.00s
[2025-06-03T15:48:08.581+0530][251.343s] GC(1112) Pause Young (Normal) (G1 Evacuation Pause)
[2025-06-03T15:48:08.581+0530][251.343s] GC(1112) Using 8 workers of 8 for evacuation
[2025-06-03T15:48:08.581+0530][251.344s] GC(1112) Skipped phase 1 of Reference Processing: no references
[2025-06-03T15:48:08.581+0530][251.344s] GC(1112) Skipped phase 2 of Reference Processing: no references
[2025-06-03T15:48:08.581+0530][251.344s] GC(1112) Skipped phase 3 of Reference Processing: no references
[2025-06-03T15:48:08.581+0530][251.344s] GC(1112) Skipped phase 4 of Reference Processing: no references
[2025-06-03T15:48:08.582+0530][251.344s] GC(1112)   Pre Evacuate Collection Set: 0.2ms
[2025-06-03T15:48:08.582+0530][251.344s] GC(1112)   Merge Heap Roots: 0.1ms
[2025-06-03T15:48:08.582+0530][251.344s] GC(1112)   Evacuate Collection Set: 0.3ms
[2025-06-03T15:48:08.582+0530][251.344s] GC(1112)   Post Evacuate Collection Set: 0.5ms
[2025-06-03T15:48:08.582+0530][251.344s] GC(1112)   Other: 0.3ms
[2025-06-03T15:48:08.582+0530][251.344s] GC(1112) Eden regions: 306->0(306)
[2025-06-03T15:48:08.582+0530][251.345s] GC(1112) Survivor regions: 1->1(39)
[2025-06-03T15:48:08.582+0530][251.345s] GC(1112) Old regions: 9->9
[2025-06-03T15:48:08.582+0530][251.345s] GC(1112) Archive regions: 2->2
[2025-06-03T15:48:08.582+0530][251.345s] GC(1112) Humongous regions: 0->0
[2025-06-03T15:48:08.582+0530][251.345s] GC(1112) Metaspace: 20494K(20992K)->20494K(20992K) NonClass: 17909K(18176K)->17909K(18176K) Class: 2585K(2816K)->2585K(2816K)
[2025-06-03T15:48:08.582+0530][251.345s] GC(1112) Pause Young (Normal) (G1 Evacuation Pause) 315M->9M(512M) 1.616ms
[2025-06-03T15:48:08.582+0530][251.345s] GC(1112) User=0.01s Sys=0.00s Real=0.00s
[2025-06-03T15:48:08.786+0530][251.549s] GC(1113) Pause Young (Normal) (G1 Evacuation Pause)
[2025-06-03T15:48:08.786+0530][251.549s] GC(1113) Using 8 workers of 8 for evacuation
[2025-06-03T15:48:08.787+0530][251.549s] GC(1113) Skipped phase 1 of Reference Processing: no references
[2025-06-03T15:48:08.787+0530][251.549s] GC(1113) Skipped phase 2 of Reference Processing: no references
[2025-06-03T15:48:08.787+0530][251.549s] GC(1113) Skipped phase 3 of Reference Processing: no references
[2025-06-03T15:48:08.787+0530][251.549s] GC(1113) Skipped phase 4 of Reference Processing: no references
[2025-06-03T15:48:08.788+0530][251.550s] GC(1113)   Pre Evacuate Collection Set: 0.1ms
[2025-06-03T15:48:08.788+0530][251.550s] GC(1113)   Merge Heap Roots: 0.1ms
[2025-06-03T15:48:08.788+0530][251.550s] GC(1113)   Evacuate Collection Set: 0.2ms
[2025-06-03T15:48:08.788+0530][251.550s] GC(1113)   Post Evacuate Collection Set: 0.6ms
[2025-06-03T15:48:08.788+0530][251.550s] GC(1113)   Other: 0.2ms
[2025-06-03T15:48:08.788+0530][251.550s] GC(1113) Eden regions: 306->0(306)
[2025-06-03T15:48:08.788+0530][251.550s] GC(1113) Survivor regions: 1->1(39)
[2025-06-03T15:48:08.788+0530][251.550s] GC(1113) Old regions: 9->9
[2025-06-03T15:48:08.788+0530][251.550s] GC(1113) Archive regions: 2->2
[2025-06-03T15:48:08.788+0530][251.550s] GC(1113) Humongous regions: 0->0
[2025-06-03T15:48:08.788+0530][251.550s] GC(1113) Metaspace: 20494K(20992K)->20494K(20992K) NonClass: 17909K(18176K)->17909K(18176K) Class: 2585K(2816K)->2585K(2816K)
[2025-06-03T15:48:08.788+0530][251.550s] GC(1113) Pause Young (Normal) (G1 Evacuation Pause) 315M->9M(512M) 1.457ms
[2025-06-03T15:48:08.788+0530][251.550s] GC(1113) User=0.00s Sys=0.01s Real=0.00s
[2025-06-03T15:48:08.995+0530][251.758s] GC(1114) Pause Young (Normal) (G1 Evacuation Pause)
[2025-06-03T15:48:08.995+0530][251.758s] GC(1114) Using 8 workers of 8 for evacuation
[2025-06-03T15:48:08.996+0530][251.758s] GC(1114) Skipped phase 1 of Reference Processing: no references
[2025-06-03T15:48:08.996+0530][251.758s] GC(1114) Skipped phase 2 of Reference Processing: no references
[2025-06-03T15:48:08.996+0530][251.758s] GC(1114) Skipped phase 3 of Reference Processing: no references
[2025-06-03T15:48:08.996+0530][251.758s] GC(1114) Skipped phase 4 of Reference Processing: no references
[2025-06-03T15:48:08.996+0530][251.759s] GC(1114)   Pre Evacuate Collection Set: 0.1ms
[2025-06-03T15:48:08.996+0530][251.759s] GC(1114)   Merge Heap Roots: 0.1ms
[2025-06-03T15:48:08.996+0530][251.759s] GC(1114)   Evacuate Collection Set: 0.2ms
[2025-06-03T15:48:08.996+0530][251.759s] GC(1114)   Post Evacuate Collection Set: 0.6ms
[2025-06-03T15:48:08.996+0530][251.759s] GC(1114)   Other: 0.2ms
[2025-06-03T15:48:08.996+0530][251.759s] GC(1114) Eden regions: 306->0(306)
[2025-06-03T15:48:08.996+0530][251.759s] GC(1114) Survivor regions: 1->1(39)
[2025-06-03T15:48:08.996+0530][251.759s] GC(1114) Old regions: 9->9
[2025-06-03T15:48:08.996+0530][251.759s] GC(1114) Archive regions: 2->2
[2025-06-03T15:48:08.996+0530][251.759s] GC(1114) Humongous regions: 0->0
[2025-06-03T15:48:08.996+0530][251.759s] GC(1114) Metaspace: 20494K(20992K)->20494K(20992K) NonClass: 17909K(18176K)->17909K(18176K) Class: 2585K(2816K)->2585K(2816K)
[2025-06-03T15:48:08.996+0530][251.759s] GC(1114) Pause Young (Normal) (G1 Evacuation Pause) 315M->9M(512M) 1.368ms
[2025-06-03T15:48:08.997+0530][251.759s] GC(1114) User=0.01s Sys=0.00s Real=0.00s
[2025-06-03T15:48:09.229+0530][251.991s] GC(1115) Pause Young (Normal) (G1 Evacuation Pause)
[2025-06-03T15:48:09.229+0530][251.992s] GC(1115) Using 8 workers of 8 for evacuation
[2025-06-03T15:48:09.230+0530][251.992s] GC(1115) Skipped phase 1 of Reference Processing: no references
[2025-06-03T15:48:09.230+0530][251.992s] GC(1115) Skipped phase 2 of Reference Processing: no references
[2025-06-03T15:48:09.230+0530][251.992s] GC(1115) Skipped phase 3 of Reference Processing: no references
[2025-06-03T15:48:09.230+0530][251.992s] GC(1115) Skipped phase 4 of Reference Processing: no references
[2025-06-03T15:48:09.230+0530][251.993s] GC(1115)   Pre Evacuate Collection Set: 0.1ms
[2025-06-03T15:48:09.230+0530][251.993s] GC(1115)   Merge Heap Roots: 0.1ms
[2025-06-03T15:48:09.230+0530][251.993s] GC(1115)   Evacuate Collection Set: 0.2ms
[2025-06-03T15:48:09.230+0530][251.993s] GC(1115)   Post Evacuate Collection Set: 0.6ms
[2025-06-03T15:48:09.230+0530][251.993s] GC(1115)   Other: 0.2ms
[2025-06-03T15:48:09.230+0530][251.993s] GC(1115) Eden regions: 306->0(306)
[2025-06-03T15:48:09.230+0530][251.993s] GC(1115) Survivor regions: 1->1(39)
[2025-06-03T15:48:09.230+0530][251.993s] GC(1115) Old regions: 9->9
[2025-06-03T15:48:09.230+0530][251.993s] GC(1115) Archive regions: 2->2
[2025-06-03T15:48:09.230+0530][251.993s] GC(1115) Humongous regions: 0->0
[2025-06-03T15:48:09.230+0530][251.993s] GC(1115) Metaspace: 20494K(20992K)->20494K(20992K) NonClass: 17909K(18176K)->17909K(18176K) Class: 2585K(2816K)->2585K(2816K)
[2025-06-03T15:48:09.230+0530][251.993s] GC(1115) Pause Young (Normal) (G1 Evacuation Pause) 315M->9M(512M) 1.475ms
[2025-06-03T15:48:09.231+0530][251.993s] GC(1115) User=0.00s Sys=0.00s Real=0.01s
[2025-06-03T15:48:09.426+0530][252.189s] GC(1116) Pause Young (Normal) (G1 Evacuation Pause)
[2025-06-03T15:48:09.426+0530][252.189s] GC(1116) Using 8 workers of 8 for evacuation
[2025-06-03T15:48:09.427+0530][252.189s] GC(1116) Skipped phase 1 of Reference Processing: no references
[2025-06-03T15:48:09.427+0530][252.189s] GC(1116) Skipped phase 2 of Reference Processing: no references
[2025-06-03T15:48:09.427+0530][252.189s] GC(1116) Skipped phase 3 of Reference Processing: no references
[2025-06-03T15:48:09.427+0530][252.189s] GC(1116) Skipped phase 4 of Reference Processing: no references
[2025-06-03T15:48:09.427+0530][252.190s] GC(1116)   Pre Evacuate Collection Set: 0.1ms
[2025-06-03T15:48:09.427+0530][252.190s] GC(1116)   Merge Heap Roots: 0.1ms
[2025-06-03T15:48:09.427+0530][252.190s] GC(1116)   Evacuate Collection Set: 0.3ms
[2025-06-03T15:48:09.427+0530][252.190s] GC(1116)   Post Evacuate Collection Set: 0.6ms
[2025-06-03T15:48:09.427+0530][252.190s] GC(1116)   Other: 0.2ms
[2025-06-03T15:48:09.427+0530][252.190s] GC(1116) Eden regions: 306->0(306)
[2025-06-03T15:48:09.427+0530][252.190s] GC(1116) Survivor regions: 1->1(39)
[2025-06-03T15:48:09.428+0530][252.190s] GC(1116) Old regions: 9->9
[2025-06-03T15:48:09.428+0530][252.190s] GC(1116) Archive regions: 2->2
[2025-06-03T15:48:09.428+0530][252.190s] GC(1116) Humongous regions: 0->0
[2025-06-03T15:48:09.428+0530][252.190s] GC(1116) Metaspace: 20494K(20992K)->20494K(20992K) NonClass: 17909K(18176K)->17909K(18176K) Class: 2585K(2816K)->2585K(2816K)
[2025-06-03T15:48:09.428+0530][252.190s] GC(1116) Pause Young (Normal) (G1 Evacuation Pause) 315M->9M(512M) 1.543ms
[2025-06-03T15:48:09.428+0530][252.190s] GC(1116) User=0.01s Sys=0.00s Real=0.00s
[2025-06-03T15:48:09.597+0530][252.360s] GC(1117) Pause Young (Normal) (G1 Evacuation Pause)
[2025-06-03T15:48:09.598+0530][252.360s] GC(1117) Using 8 workers of 8 for evacuation
[2025-06-03T15:48:09.598+0530][252.361s] GC(1117) Skipped phase 1 of Reference Processing: no references
[2025-06-03T15:48:09.598+0530][252.361s] GC(1117) Skipped phase 2 of Reference Processing: no references
[2025-06-03T15:48:09.598+0530][252.361s] GC(1117) Skipped phase 3 of Reference Processing: no references
[2025-06-03T15:48:09.598+0530][252.361s] GC(1117) Skipped phase 4 of Reference Processing: no references
[2025-06-03T15:48:09.599+0530][252.361s] GC(1117)   Pre Evacuate Collection Set: 0.1ms
[2025-06-03T15:48:09.599+0530][252.361s] GC(1117)   Merge Heap Roots: 0.1ms
[2025-06-03T15:48:09.599+0530][252.361s] GC(1117)   Evacuate Collection Set: 0.2ms
[2025-06-03T15:48:09.599+0530][252.361s] GC(1117)   Post Evacuate Collection Set: 0.6ms
[2025-06-03T15:48:09.599+0530][252.361s] GC(1117)   Other: 0.2ms
[2025-06-03T15:48:09.599+0530][252.361s] GC(1117) Eden regions: 306->0(306)
[2025-06-03T15:48:09.599+0530][252.361s] GC(1117) Survivor regions: 1->1(39)
[2025-06-03T15:48:09.599+0530][252.361s] GC(1117) Old regions: 9->9
[2025-06-03T15:48:09.599+0530][252.361s] GC(1117) Archive regions: 2->2
[2025-06-03T15:48:09.599+0530][252.362s] GC(1117) Humongous regions: 0->0
[2025-06-03T15:48:09.599+0530][252.362s] GC(1117) Metaspace: 20494K(20992K)->20494K(20992K) NonClass: 17909K(18176K)->17909K(18176K) Class: 2585K(2816K)->2585K(2816K)
[2025-06-03T15:48:09.599+0530][252.362s] GC(1117) Pause Young (Normal) (G1 Evacuation Pause) 315M->9M(512M) 1.629ms
[2025-06-03T15:48:09.599+0530][252.362s] GC(1117) User=0.01s Sys=0.00s Real=0.00s
[2025-06-03T15:48:09.772+0530][252.534s] GC(1118) Pause Young (Normal) (G1 Evacuation Pause)
[2025-06-03T15:48:09.772+0530][252.534s] GC(1118) Using 8 workers of 8 for evacuation
[2025-06-03T15:48:09.772+0530][252.535s] GC(1118) Skipped phase 1 of Reference Processing: no references
[2025-06-03T15:48:09.772+0530][252.535s] GC(1118) Skipped phase 2 of Reference Processing: no references
[2025-06-03T15:48:09.772+0530][252.535s] GC(1118) Skipped phase 3 of Reference Processing: no references
[2025-06-03T15:48:09.772+0530][252.535s] GC(1118) Skipped phase 4 of Reference Processing: no references
[2025-06-03T15:48:09.773+0530][252.535s] GC(1118)   Pre Evacuate Collection Set: 0.1ms
[2025-06-03T15:48:09.773+0530][252.535s] GC(1118)   Merge Heap Roots: 0.1ms
[2025-06-03T15:48:09.773+0530][252.535s] GC(1118)   Evacuate Collection Set: 0.2ms
[2025-06-03T15:48:09.773+0530][252.535s] GC(1118)   Post Evacuate Collection Set: 0.5ms
[2025-06-03T15:48:09.773+0530][252.536s] GC(1118)   Other: 0.2ms
[2025-06-03T15:48:09.773+0530][252.536s] GC(1118) Eden regions: 306->0(306)
[2025-06-03T15:48:09.773+0530][252.536s] GC(1118) Survivor regions: 1->1(39)
[2025-06-03T15:48:09.773+0530][252.536s] GC(1118) Old regions: 9->9
[2025-06-03T15:48:09.773+0530][252.536s] GC(1118) Archive regions: 2->2
[2025-06-03T15:48:09.773+0530][252.536s] GC(1118) Humongous regions: 0->0
[2025-06-03T15:48:09.773+0530][252.536s] GC(1118) Metaspace: 20494K(20992K)->20494K(20992K) NonClass: 17909K(18176K)->17909K(18176K) Class: 2585K(2816K)->2585K(2816K)
[2025-06-03T15:48:09.773+0530][252.536s] GC(1118) Pause Young (Normal) (G1 Evacuation Pause) 315M->9M(512M) 1.311ms
[2025-06-03T15:48:09.773+0530][252.536s] GC(1118) User=0.00s Sys=0.00s Real=0.00s
[2025-06-03T15:48:09.941+0530][252.703s] GC(1119) Pause Young (Normal) (G1 Evacuation Pause)
[2025-06-03T15:48:09.941+0530][252.703s] GC(1119) Using 8 workers of 8 for evacuation
[2025-06-03T15:48:09.941+0530][252.704s] GC(1119) Skipped phase 1 of Reference Processing: no references
[2025-06-03T15:48:09.941+0530][252.704s] GC(1119) Skipped phase 2 of Reference Processing: no references
[2025-06-03T15:48:09.941+0530][252.704s] GC(1119) Skipped phase 3 of Reference Processing: no references
[2025-06-03T15:48:09.941+0530][252.704s] GC(1119) Skipped phase 4 of Reference Processing: no references
[2025-06-03T15:48:09.942+0530][252.704s] GC(1119)   Pre Evacuate Collection Set: 0.1ms
[2025-06-03T15:48:09.942+0530][252.704s] GC(1119)   Merge Heap Roots: 0.1ms
[2025-06-03T15:48:09.942+0530][252.704s] GC(1119)   Evacuate Collection Set: 0.2ms
[2025-06-03T15:48:09.942+0530][252.704s] GC(1119)   Post Evacuate Collection Set: 0.4ms
[2025-06-03T15:48:09.942+0530][252.704s] GC(1119)   Other: 0.3ms
[2025-06-03T15:48:09.942+0530][252.704s] GC(1119) Eden regions: 306->0(306)
[2025-06-03T15:48:09.942+0530][252.704s] GC(1119) Survivor regions: 1->1(39)
[2025-06-03T15:48:09.942+0530][252.704s] GC(1119) Old regions: 9->9
[2025-06-03T15:48:09.942+0530][252.704s] GC(1119) Archive regions: 2->2
[2025-06-03T15:48:09.942+0530][252.704s] GC(1119) Humongous regions: 0->0
[2025-06-03T15:48:09.942+0530][252.704s] GC(1119) Metaspace: 20494K(20992K)->20494K(20992K) NonClass: 17909K(18176K)->17909K(18176K) Class: 2585K(2816K)->2585K(2816K)
[2025-06-03T15:48:09.942+0530][252.704s] GC(1119) Pause Young (Normal) (G1 Evacuation Pause) 315M->9M(512M) 1.266ms
[2025-06-03T15:48:09.942+0530][252.705s] GC(1119) User=0.01s Sys=0.00s Real=0.00s
[2025-06-03T15:48:10.112+0530][252.875s] GC(1120) Pause Young (Normal) (G1 Evacuation Pause)
[2025-06-03T15:48:10.112+0530][252.875s] GC(1120) Using 8 workers of 8 for evacuation
[2025-06-03T15:48:10.113+0530][252.875s] GC(1120) Skipped phase 1 of Reference Processing: no references
[2025-06-03T15:48:10.113+0530][252.875s] GC(1120) Skipped phase 2 of Reference Processing: no references
[2025-06-03T15:48:10.113+0530][252.875s] GC(1120) Skipped phase 3 of Reference Processing: no references
[2025-06-03T15:48:10.113+0530][252.875s] GC(1120) Skipped phase 4 of Reference Processing: no references
[2025-06-03T15:48:10.113+0530][252.876s] GC(1120)   Pre Evacuate Collection Set: 0.1ms
[2025-06-03T15:48:10.113+0530][252.876s] GC(1120)   Merge Heap Roots: 0.1ms
[2025-06-03T15:48:10.113+0530][252.876s] GC(1120)   Evacuate Collection Set: 0.3ms
[2025-06-03T15:48:10.113+0530][252.876s] GC(1120)   Post Evacuate Collection Set: 0.5ms
[2025-06-03T15:48:10.113+0530][252.876s] GC(1120)   Other: 0.3ms
[2025-06-03T15:48:10.113+0530][252.876s] GC(1120) Eden regions: 306->0(306)
[2025-06-03T15:48:10.113+0530][252.876s] GC(1120) Survivor regions: 1->1(39)
[2025-06-03T15:48:10.114+0530][252.876s] GC(1120) Old regions: 9->9
[2025-06-03T15:48:10.114+0530][252.876s] GC(1120) Archive regions: 2->2
[2025-06-03T15:48:10.114+0530][252.876s] GC(1120) Humongous regions: 0->0
[2025-06-03T15:48:10.114+0530][252.876s] GC(1120) Metaspace: 20494K(20992K)->20494K(20992K) NonClass: 17909K(18176K)->17909K(18176K) Class: 2585K(2816K)->2585K(2816K)
[2025-06-03T15:48:10.114+0530][252.876s] GC(1120) Pause Young (Normal) (G1 Evacuation Pause) 315M->9M(512M) 1.483ms
[2025-06-03T15:48:10.114+0530][252.876s] GC(1120) User=0.00s Sys=0.01s Real=0.00s
[2025-06-03T15:48:10.277+0530][253.040s] GC(1121) Pause Young (Normal) (G1 Evacuation Pause)
[2025-06-03T15:48:10.277+0530][253.040s] GC(1121) Using 8 workers of 8 for evacuation
[2025-06-03T15:48:10.278+0530][253.040s] GC(1121) Skipped phase 1 of Reference Processing: no references
[2025-06-03T15:48:10.278+0530][253.040s] GC(1121) Skipped phase 2 of Reference Processing: no references
[2025-06-03T15:48:10.278+0530][253.040s] GC(1121) Skipped phase 3 of Reference Processing: no references
[2025-06-03T15:48:10.278+0530][253.040s] GC(1121) Skipped phase 4 of Reference Processing: no references
[2025-06-03T15:48:10.278+0530][253.041s] GC(1121)   Pre Evacuate Collection Set: 0.1ms
[2025-06-03T15:48:10.279+0530][253.041s] GC(1121)   Merge Heap Roots: 0.1ms
[2025-06-03T15:48:10.279+0530][253.041s] GC(1121)   Evacuate Collection Set: 0.3ms
[2025-06-03T15:48:10.279+0530][253.041s] GC(1121)   Post Evacuate Collection Set: 0.5ms
[2025-06-03T15:48:10.279+0530][253.041s] GC(1121)   Other: 0.2ms
[2025-06-03T15:48:10.279+0530][253.041s] GC(1121) Eden regions: 306->0(306)
[2025-06-03T15:48:10.279+0530][253.041s] GC(1121) Survivor regions: 1->1(39)
[2025-06-03T15:48:10.279+0530][253.041s] GC(1121) Old regions: 9->9
[2025-06-03T15:48:10.279+0530][253.041s] GC(1121) Archive regions: 2->2
[2025-06-03T15:48:10.279+0530][253.041s] GC(1121) Humongous regions: 0->0
[2025-06-03T15:48:10.279+0530][253.041s] GC(1121) Metaspace: 20494K(20992K)->20494K(20992K) NonClass: 17909K(18176K)->17909K(18176K) Class: 2585K(2816K)->2585K(2816K)
[2025-06-03T15:48:10.279+0530][253.041s] GC(1121) Pause Young (Normal) (G1 Evacuation Pause) 315M->9M(512M) 1.499ms
[2025-06-03T15:48:10.279+0530][253.041s] GC(1121) User=0.00s Sys=0.00s Real=0.00s
[2025-06-03T15:48:10.446+0530][253.208s] GC(1122) Pause Young (Normal) (G1 Evacuation Pause)
[2025-06-03T15:48:10.446+0530][253.208s] GC(1122) Using 8 workers of 8 for evacuation
[2025-06-03T15:48:10.446+0530][253.209s] GC(1122) Skipped phase 1 of Reference Processing: no references
[2025-06-03T15:48:10.446+0530][253.209s] GC(1122) Skipped phase 2 of Reference Processing: no references
[2025-06-03T15:48:10.446+0530][253.209s] GC(1122) Skipped phase 3 of Reference Processing: no references
[2025-06-03T15:48:10.446+0530][253.209s] GC(1122) Skipped phase 4 of Reference Processing: no references
[2025-06-03T15:48:10.447+0530][253.209s] GC(1122)   Pre Evacuate Collection Set: 0.1ms
[2025-06-03T15:48:10.447+0530][253.209s] GC(1122)   Merge Heap Roots: 0.1ms
[2025-06-03T15:48:10.447+0530][253.209s] GC(1122)   Evacuate Collection Set: 0.2ms
[2025-06-03T15:48:10.447+0530][253.209s] GC(1122)   Post Evacuate Collection Set: 0.5ms
[2025-06-03T15:48:10.447+0530][253.209s] GC(1122)   Other: 0.2ms
[2025-06-03T15:48:10.447+0530][253.209s] GC(1122) Eden regions: 306->0(306)
[2025-06-03T15:48:10.447+0530][253.209s] GC(1122) Survivor regions: 1->1(39)
[2025-06-03T15:48:10.447+0530][253.209s] GC(1122) Old regions: 9->9
[2025-06-03T15:48:10.447+0530][253.209s] GC(1122) Archive regions: 2->2
[2025-06-03T15:48:10.447+0530][253.209s] GC(1122) Humongous regions: 0->0
[2025-06-03T15:48:10.447+0530][253.209s] GC(1122) Metaspace: 20494K(20992K)->20494K(20992K) NonClass: 17909K(18176K)->17909K(18176K) Class: 2585K(2816K)->2585K(2816K)
[2025-06-03T15:48:10.447+0530][253.209s] GC(1122) Pause Young (Normal) (G1 Evacuation Pause) 315M->9M(512M) 1.234ms
[2025-06-03T15:48:10.447+0530][253.210s] GC(1122) User=0.00s Sys=0.00s Real=0.00s
[2025-06-03T15:48:10.617+0530][253.380s] GC(1123) Pause Young (Normal) (G1 Evacuation Pause)
[2025-06-03T15:48:10.617+0530][253.380s] GC(1123) Using 8 workers of 8 for evacuation
[2025-06-03T15:48:10.618+0530][253.380s] GC(1123) Skipped phase 1 of Reference Processing: no references
[2025-06-03T15:48:10.618+0530][253.381s] GC(1123) Skipped phase 2 of Reference Processing: no references
[2025-06-03T15:48:10.618+0530][253.381s] GC(1123) Skipped phase 3 of Reference Processing: no references
[2025-06-03T15:48:10.618+0530][253.381s] GC(1123) Skipped phase 4 of Reference Processing: no references
[2025-06-03T15:48:10.619+0530][253.381s] GC(1123)   Pre Evacuate Collection Set: 0.1ms
[2025-06-03T15:48:10.619+0530][253.381s] GC(1123)   Merge Heap Roots: 0.1ms
[2025-06-03T15:48:10.619+0530][253.381s] GC(1123)   Evacuate Collection Set: 0.3ms
[2025-06-03T15:48:10.619+0530][253.381s] GC(1123)   Post Evacuate Collection Set: 0.6ms
[2025-06-03T15:48:10.619+0530][253.381s] GC(1123)   Other: 0.2ms
[2025-06-03T15:48:10.619+0530][253.381s] GC(1123) Eden regions: 306->0(306)
[2025-06-03T15:48:10.619+0530][253.381s] GC(1123) Survivor regions: 1->1(39)
[2025-06-03T15:48:10.619+0530][253.381s] GC(1123) Old regions: 9->9
[2025-06-03T15:48:10.619+0530][253.381s] GC(1123) Archive regions: 2->2
[2025-06-03T15:48:10.619+0530][253.381s] GC(1123) Humongous regions: 0->0
[2025-06-03T15:48:10.619+0530][253.381s] GC(1123) Metaspace: 20494K(20992K)->20494K(20992K) NonClass: 17909K(18176K)->17909K(18176K) Class: 2585K(2816K)->2585K(2816K)
[2025-06-03T15:48:10.619+0530][253.381s] GC(1123) Pause Young (Normal) (G1 Evacuation Pause) 315M->9M(512M) 1.603ms
[2025-06-03T15:48:10.619+0530][253.381s] GC(1123) User=0.00s Sys=0.00s Real=0.00s
[2025-06-03T15:48:10.788+0530][253.551s] GC(1124) Pause Young (Normal) (G1 Evacuation Pause)
[2025-06-03T15:48:10.788+0530][253.551s] GC(1124) Using 8 workers of 8 for evacuation
[2025-06-03T15:48:10.789+0530][253.551s] GC(1124) Skipped phase 1 of Reference Processing: no references
[2025-06-03T15:48:10.789+0530][253.552s] GC(1124) Skipped phase 2 of Reference Processing: no references
[2025-06-03T15:48:10.789+0530][253.552s] GC(1124) Skipped phase 3 of Reference Processing: no references
[2025-06-03T15:48:10.789+0530][253.552s] GC(1124) Skipped phase 4 of Reference Processing: no references
[2025-06-03T15:48:10.790+0530][253.552s] GC(1124)   Pre Evacuate Collection Set: 0.1ms
[2025-06-03T15:48:10.790+0530][253.552s] GC(1124)   Merge Heap Roots: 0.1ms
[2025-06-03T15:48:10.790+0530][253.552s] GC(1124)   Evacuate Collection Set: 0.3ms
[2025-06-03T15:48:10.790+0530][253.552s] GC(1124)   Post Evacuate Collection Set: 0.5ms
[2025-06-03T15:48:10.790+0530][253.552s] GC(1124)   Other: 0.2ms
[2025-06-03T15:48:10.790+0530][253.552s] GC(1124) Eden regions: 306->0(306)
[2025-06-03T15:48:10.790+0530][253.552s] GC(1124) Survivor regions: 1->1(39)
[2025-06-03T15:48:10.790+0530][253.552s] GC(1124) Old regions: 9->9
[2025-06-03T15:48:10.790+0530][253.552s] GC(1124) Archive regions: 2->2
[2025-06-03T15:48:10.790+0530][253.552s] GC(1124) Humongous regions: 0->0
[2025-06-03T15:48:10.790+0530][253.552s] GC(1124) Metaspace: 20494K(20992K)->20494K(20992K) NonClass: 17909K(18176K)->17909K(18176K) Class: 2585K(2816K)->2585K(2816K)
[2025-06-03T15:48:10.790+0530][253.552s] GC(1124) Pause Young (Normal) (G1 Evacuation Pause) 315M->9M(512M) 1.347ms
[2025-06-03T15:48:10.790+0530][253.552s] GC(1124) User=0.00s Sys=0.00s Real=0.01s
[2025-06-03T15:48:10.961+0530][253.724s] GC(1125) Pause Young (Normal) (G1 Evacuation Pause)
[2025-06-03T15:48:10.961+0530][253.724s] GC(1125) Using 8 workers of 8 for evacuation
[2025-06-03T15:48:10.962+0530][253.724s] GC(1125) Skipped phase 1 of Reference Processing: no references
[2025-06-03T15:48:10.962+0530][253.725s] GC(1125) Skipped phase 2 of Reference Processing: no references
[2025-06-03T15:48:10.962+0530][253.725s] GC(1125) Skipped phase 3 of Reference Processing: no references
[2025-06-03T15:48:10.962+0530][253.725s] GC(1125) Skipped phase 4 of Reference Processing: no references
[2025-06-03T15:48:10.962+0530][253.725s] GC(1125)   Pre Evacuate Collection Set: 0.1ms
[2025-06-03T15:48:10.963+0530][253.725s] GC(1125)   Merge Heap Roots: 0.1ms
[2025-06-03T15:48:10.963+0530][253.725s] GC(1125)   Evacuate Collection Set: 0.2ms
[2025-06-03T15:48:10.963+0530][253.725s] GC(1125)   Post Evacuate Collection Set: 0.5ms
[2025-06-03T15:48:10.963+0530][253.725s] GC(1125)   Other: 0.3ms
[2025-06-03T15:48:10.963+0530][253.725s] GC(1125) Eden regions: 306->0(306)
[2025-06-03T15:48:10.963+0530][253.725s] GC(1125) Survivor regions: 1->1(39)
[2025-06-03T15:48:10.963+0530][253.725s] GC(1125) Old regions: 9->9
[2025-06-03T15:48:10.963+0530][253.725s] GC(1125) Archive regions: 2->2
[2025-06-03T15:48:10.963+0530][253.725s] GC(1125) Humongous regions: 0->0
[2025-06-03T15:48:10.963+0530][253.725s] GC(1125) Metaspace: 20494K(20992K)->20494K(20992K) NonClass: 17909K(18176K)->17909K(18176K) Class: 2585K(2816K)->2585K(2816K)
[2025-06-03T15:48:10.963+0530][253.725s] GC(1125) Pause Young (Normal) (G1 Evacuation Pause) 315M->9M(512M) 1.307ms
[2025-06-03T15:48:10.963+0530][253.725s] GC(1125) User=0.01s Sys=0.00s Real=0.00s
[2025-06-03T15:48:11.121+0530][253.884s] GC(1126) Pause Young (Normal) (G1 Evacuation Pause)
[2025-06-03T15:48:11.121+0530][253.884s] GC(1126) Using 8 workers of 8 for evacuation
[2025-06-03T15:48:11.122+0530][253.885s] GC(1126) Skipped phase 1 of Reference Processing: no references
[2025-06-03T15:48:11.122+0530][253.885s] GC(1126) Skipped phase 2 of Reference Processing: no references
[2025-06-03T15:48:11.122+0530][253.885s] GC(1126) Skipped phase 3 of Reference Processing: no references
[2025-06-03T15:48:11.122+0530][253.885s] GC(1126) Skipped phase 4 of Reference Processing: no references
[2025-06-03T15:48:11.123+0530][253.885s] GC(1126)   Pre Evacuate Collection Set: 0.1ms
[2025-06-03T15:48:11.123+0530][253.885s] GC(1126)   Merge Heap Roots: 0.1ms
[2025-06-03T15:48:11.123+0530][253.885s] GC(1126)   Evacuate Collection Set: 0.3ms
[2025-06-03T15:48:11.123+0530][253.885s] GC(1126)   Post Evacuate Collection Set: 0.5ms
[2025-06-03T15:48:11.123+0530][253.885s] GC(1126)   Other: 0.3ms
[2025-06-03T15:48:11.123+0530][253.885s] GC(1126) Eden regions: 306->0(306)
[2025-06-03T15:48:11.123+0530][253.885s] GC(1126) Survivor regions: 1->1(39)
[2025-06-03T15:48:11.123+0530][253.885s] GC(1126) Old regions: 9->9
[2025-06-03T15:48:11.123+0530][253.885s] GC(1126) Archive regions: 2->2
[2025-06-03T15:48:11.123+0530][253.885s] GC(1126) Humongous regions: 0->0
[2025-06-03T15:48:11.123+0530][253.885s] GC(1126) Metaspace: 20494K(20992K)->20494K(20992K) NonClass: 17909K(18176K)->17909K(18176K) Class: 2585K(2816K)->2585K(2816K)
[2025-06-03T15:48:11.123+0530][253.885s] GC(1126) Pause Young (Normal) (G1 Evacuation Pause) 315M->9M(512M) 1.506ms
[2025-06-03T15:48:11.123+0530][253.885s] GC(1126) User=0.00s Sys=0.01s Real=0.00s
[2025-06-03T15:48:11.325+0530][254.087s] GC(1127) Pause Young (Normal) (G1 Evacuation Pause)
[2025-06-03T15:48:11.325+0530][254.087s] GC(1127) Using 8 workers of 8 for evacuation
[2025-06-03T15:48:11.325+0530][254.088s] GC(1127) Skipped phase 1 of Reference Processing: no references
[2025-06-03T15:48:11.325+0530][254.088s] GC(1127) Skipped phase 2 of Reference Processing: no references
[2025-06-03T15:48:11.325+0530][254.088s] GC(1127) Skipped phase 3 of Reference Processing: no references
[2025-06-03T15:48:11.325+0530][254.088s] GC(1127) Skipped phase 4 of Reference Processing: no references
[2025-06-03T15:48:11.326+0530][254.088s] GC(1127)   Pre Evacuate Collection Set: 0.1ms
[2025-06-03T15:48:11.326+0530][254.088s] GC(1127)   Merge Heap Roots: 0.1ms
[2025-06-03T15:48:11.326+0530][254.088s] GC(1127)   Evacuate Collection Set: 0.2ms
[2025-06-03T15:48:11.326+0530][254.088s] GC(1127)   Post Evacuate Collection Set: 0.5ms
[2025-06-03T15:48:11.326+0530][254.088s] GC(1127)   Other: 0.2ms
[2025-06-03T15:48:11.326+0530][254.088s] GC(1127) Eden regions: 306->0(306)
[2025-06-03T15:48:11.326+0530][254.088s] GC(1127) Survivor regions: 1->1(39)
[2025-06-03T15:48:11.326+0530][254.088s] GC(1127) Old regions: 9->9
[2025-06-03T15:48:11.326+0530][254.088s] GC(1127) Archive regions: 2->2
[2025-06-03T15:48:11.326+0530][254.088s] GC(1127) Humongous regions: 0->0
[2025-06-03T15:48:11.326+0530][254.089s] GC(1127) Metaspace: 20494K(20992K)->20494K(20992K) NonClass: 17909K(18176K)->17909K(18176K) Class: 2585K(2816K)->2585K(2816K)
[2025-06-03T15:48:11.326+0530][254.089s] GC(1127) Pause Young (Normal) (G1 Evacuation Pause) 315M->9M(512M) 1.227ms
[2025-06-03T15:48:11.326+0530][254.089s] GC(1127) User=0.00s Sys=0.00s Real=0.00s
[2025-06-03T15:48:11.493+0530][254.255s] GC(1128) Pause Young (Normal) (G1 Evacuation Pause)
[2025-06-03T15:48:11.493+0530][254.255s] GC(1128) Using 8 workers of 8 for evacuation
[2025-06-03T15:48:11.493+0530][254.256s] GC(1128) Skipped phase 1 of Reference Processing: no references
[2025-06-03T15:48:11.493+0530][254.256s] GC(1128) Skipped phase 2 of Reference Processing: no references
[2025-06-03T15:48:11.494+0530][254.256s] GC(1128) Skipped phase 3 of Reference Processing: no references
[2025-06-03T15:48:11.494+0530][254.256s] GC(1128) Skipped phase 4 of Reference Processing: no references
[2025-06-03T15:48:11.494+0530][254.256s] GC(1128)   Pre Evacuate Collection Set: 0.1ms
[2025-06-03T15:48:11.494+0530][254.257s] GC(1128)   Merge Heap Roots: 0.1ms
[2025-06-03T15:48:11.494+0530][254.257s] GC(1128)   Evacuate Collection Set: 0.2ms
[2025-06-03T15:48:11.494+0530][254.257s] GC(1128)   Post Evacuate Collection Set: 0.5ms
[2025-06-03T15:48:11.494+0530][254.257s] GC(1128)   Other: 0.2ms
[2025-06-03T15:48:11.494+0530][254.257s] GC(1128) Eden regions: 306->0(306)
[2025-06-03T15:48:11.494+0530][254.257s] GC(1128) Survivor regions: 1->1(39)
[2025-06-03T15:48:11.494+0530][254.257s] GC(1128) Old regions: 9->9
[2025-06-03T15:48:11.494+0530][254.257s] GC(1128) Archive regions: 2->2
[2025-06-03T15:48:11.494+0530][254.257s] GC(1128) Humongous regions: 0->0
[2025-06-03T15:48:11.494+0530][254.257s] GC(1128) Metaspace: 20494K(20992K)->20494K(20992K) NonClass: 17909K(18176K)->17909K(18176K) Class: 2585K(2816K)->2585K(2816K)
[2025-06-03T15:48:11.494+0530][254.257s] GC(1128) Pause Young (Normal) (G1 Evacuation Pause) 315M->9M(512M) 1.318ms
[2025-06-03T15:48:11.494+0530][254.257s] GC(1128) User=0.00s Sys=0.01s Real=0.00s
[2025-06-03T15:48:11.648+0530][254.410s] GC(1129) Pause Young (Normal) (G1 Evacuation Pause)
[2025-06-03T15:48:11.648+0530][254.410s] GC(1129) Using 8 workers of 8 for evacuation
[2025-06-03T15:48:11.648+0530][254.411s] GC(1129) Skipped phase 1 of Reference Processing: no references
[2025-06-03T15:48:11.648+0530][254.411s] GC(1129) Skipped phase 2 of Reference Processing: no references
[2025-06-03T15:48:11.648+0530][254.411s] GC(1129) Skipped phase 3 of Reference Processing: no references
[2025-06-03T15:48:11.648+0530][254.411s] GC(1129) Skipped phase 4 of Reference Processing: no references
[2025-06-03T15:48:11.649+0530][254.411s] GC(1129)   Pre Evacuate Collection Set: 0.1ms
[2025-06-03T15:48:11.649+0530][254.411s] GC(1129)   Merge Heap Roots: 0.1ms
[2025-06-03T15:48:11.649+0530][254.411s] GC(1129)   Evacuate Collection Set: 0.2ms
[2025-06-03T15:48:11.649+0530][254.411s] GC(1129)   Post Evacuate Collection Set: 0.5ms
[2025-06-03T15:48:11.649+0530][254.411s] GC(1129)   Other: 0.2ms
[2025-06-03T15:48:11.649+0530][254.411s] GC(1129) Eden regions: 306->0(306)
[2025-06-03T15:48:11.649+0530][254.411s] GC(1129) Survivor regions: 1->1(39)
[2025-06-03T15:48:11.649+0530][254.411s] GC(1129) Old regions: 9->9
[2025-06-03T15:48:11.649+0530][254.411s] GC(1129) Archive regions: 2->2
[2025-06-03T15:48:11.649+0530][254.411s] GC(1129) Humongous regions: 0->0
[2025-06-03T15:48:11.649+0530][254.411s] GC(1129) Metaspace: 20494K(20992K)->20494K(20992K) NonClass: 17909K(18176K)->17909K(18176K) Class: 2585K(2816K)->2585K(2816K)
[2025-06-03T15:48:11.649+0530][254.411s] GC(1129) Pause Young (Normal) (G1 Evacuation Pause) 315M->9M(512M) 1.184ms
[2025-06-03T15:48:11.649+0530][254.411s] GC(1129) User=0.01s Sys=0.00s Real=0.00s
[2025-06-03T15:48:11.801+0530][254.564s] GC(1130) Pause Young (Normal) (G1 Evacuation Pause)
[2025-06-03T15:48:11.801+0530][254.564s] GC(1130) Using 8 workers of 8 for evacuation
[2025-06-03T15:48:11.802+0530][254.564s] GC(1130) Skipped phase 1 of Reference Processing: no references
[2025-06-03T15:48:11.802+0530][254.564s] GC(1130) Skipped phase 2 of Reference Processing: no references
[2025-06-03T15:48:11.802+0530][254.564s] GC(1130) Skipped phase 3 of Reference Processing: no references
[2025-06-03T15:48:11.802+0530][254.564s] GC(1130) Skipped phase 4 of Reference Processing: no references
[2025-06-03T15:48:11.802+0530][254.565s] GC(1130)   Pre Evacuate Collection Set: 0.1ms
[2025-06-03T15:48:11.802+0530][254.565s] GC(1130)   Merge Heap Roots: 0.1ms
[2025-06-03T15:48:11.802+0530][254.565s] GC(1130)   Evacuate Collection Set: 0.2ms
[2025-06-03T15:48:11.802+0530][254.565s] GC(1130)   Post Evacuate Collection Set: 0.4ms
[2025-06-03T15:48:11.802+0530][254.565s] GC(1130)   Other: 0.2ms
[2025-06-03T15:48:11.802+0530][254.565s] GC(1130) Eden regions: 306->0(306)
[2025-06-03T15:48:11.802+0530][254.565s] GC(1130) Survivor regions: 1->1(39)
[2025-06-03T15:48:11.802+0530][254.565s] GC(1130) Old regions: 9->9
[2025-06-03T15:48:11.802+0530][254.565s] GC(1130) Archive regions: 2->2
[2025-06-03T15:48:11.802+0530][254.565s] GC(1130) Humongous regions: 0->0
[2025-06-03T15:48:11.802+0530][254.565s] GC(1130) Metaspace: 20494K(20992K)->20494K(20992K) NonClass: 17909K(18176K)->17909K(18176K) Class: 2585K(2816K)->2585K(2816K)
[2025-06-03T15:48:11.803+0530][254.565s] GC(1130) Pause Young (Normal) (G1 Evacuation Pause) 315M->9M(512M) 1.333ms
[2025-06-03T15:48:11.803+0530][254.565s] GC(1130) User=0.00s Sys=0.00s Real=0.00s
[2025-06-03T15:48:11.965+0530][254.727s] GC(1131) Pause Young (Normal) (G1 Evacuation Pause)
[2025-06-03T15:48:11.965+0530][254.727s] GC(1131) Using 8 workers of 8 for evacuation
[2025-06-03T15:48:11.965+0530][254.728s] GC(1131) Skipped phase 1 of Reference Processing: no references
[2025-06-03T15:48:11.965+0530][254.728s] GC(1131) Skipped phase 2 of Reference Processing: no references
[2025-06-03T15:48:11.965+0530][254.728s] GC(1131) Skipped phase 3 of Reference Processing: no references
[2025-06-03T15:48:11.965+0530][254.728s] GC(1131) Skipped phase 4 of Reference Processing: no references
[2025-06-03T15:48:11.966+0530][254.728s] GC(1131)   Pre Evacuate Collection Set: 0.1ms
[2025-06-03T15:48:11.966+0530][254.728s] GC(1131)   Merge Heap Roots: 0.1ms
[2025-06-03T15:48:11.966+0530][254.728s] GC(1131)   Evacuate Collection Set: 0.2ms
[2025-06-03T15:48:11.966+0530][254.728s] GC(1131)   Post Evacuate Collection Set: 0.4ms
[2025-06-03T15:48:11.966+0530][254.728s] GC(1131)   Other: 0.2ms
[2025-06-03T15:48:11.966+0530][254.728s] GC(1131) Eden regions: 306->0(306)
[2025-06-03T15:48:11.966+0530][254.728s] GC(1131) Survivor regions: 1->1(39)
[2025-06-03T15:48:11.966+0530][254.729s] GC(1131) Old regions: 9->9
[2025-06-03T15:48:11.966+0530][254.729s] GC(1131) Archive regions: 2->2
[2025-06-03T15:48:11.966+0530][254.729s] GC(1131) Humongous regions: 0->0
[2025-06-03T15:48:11.966+0530][254.729s] GC(1131) Metaspace: 20494K(20992K)->20494K(20992K) NonClass: 17909K(18176K)->17909K(18176K) Class: 2585K(2816K)->2585K(2816K)
[2025-06-03T15:48:11.966+0530][254.729s] GC(1131) Pause Young (Normal) (G1 Evacuation Pause) 315M->9M(512M) 1.271ms
[2025-06-03T15:48:11.966+0530][254.729s] GC(1131) User=0.00s Sys=0.00s Real=0.00s
[2025-06-03T15:48:12.148+0530][254.911s] GC(1132) Pause Young (Normal) (G1 Evacuation Pause)
[2025-06-03T15:48:12.148+0530][254.911s] GC(1132) Using 8 workers of 8 for evacuation
[2025-06-03T15:48:12.149+0530][254.912s] GC(1132) Skipped phase 1 of Reference Processing: no references
[2025-06-03T15:48:12.149+0530][254.912s] GC(1132) Skipped phase 2 of Reference Processing: no references
[2025-06-03T15:48:12.149+0530][254.912s] GC(1132) Skipped phase 3 of Reference Processing: no references
[2025-06-03T15:48:12.149+0530][254.912s] GC(1132) Skipped phase 4 of Reference Processing: no references
[2025-06-03T15:48:12.150+0530][254.913s] GC(1132)   Pre Evacuate Collection Set: 0.1ms
[2025-06-03T15:48:12.150+0530][254.913s] GC(1132)   Merge Heap Roots: 0.4ms
[2025-06-03T15:48:12.150+0530][254.913s] GC(1132)   Evacuate Collection Set: 0.5ms
[2025-06-03T15:48:12.150+0530][254.913s] GC(1132)   Post Evacuate Collection Set: 0.7ms
[2025-06-03T15:48:12.150+0530][254.913s] GC(1132)   Other: 0.2ms
[2025-06-03T15:48:12.150+0530][254.913s] GC(1132) Eden regions: 306->0(306)
[2025-06-03T15:48:12.150+0530][254.913s] GC(1132) Survivor regions: 1->1(39)
[2025-06-03T15:48:12.150+0530][254.913s] GC(1132) Old regions: 9->9
[2025-06-03T15:48:12.150+0530][254.913s] GC(1132) Archive regions: 2->2
[2025-06-03T15:48:12.150+0530][254.913s] GC(1132) Humongous regions: 0->0
[2025-06-03T15:48:12.150+0530][254.913s] GC(1132) Metaspace: 20494K(20992K)->20494K(20992K) NonClass: 17909K(18176K)->17909K(18176K) Class: 2585K(2816K)->2585K(2816K)
[2025-06-03T15:48:12.150+0530][254.913s] GC(1132) Pause Young (Normal) (G1 Evacuation Pause) 315M->9M(512M) 2.213ms
[2025-06-03T15:48:12.150+0530][254.913s] GC(1132) User=0.00s Sys=0.00s Real=0.01s
[2025-06-03T15:48:12.357+0530][255.120s] GC(1133) Pause Young (Normal) (G1 Evacuation Pause)
[2025-06-03T15:48:12.357+0530][255.120s] GC(1133) Using 8 workers of 8 for evacuation
[2025-06-03T15:48:12.358+0530][255.120s] GC(1133) Skipped phase 1 of Reference Processing: no references
[2025-06-03T15:48:12.358+0530][255.120s] GC(1133) Skipped phase 2 of Reference Processing: no references
[2025-06-03T15:48:12.358+0530][255.120s] GC(1133) Skipped phase 3 of Reference Processing: no references
[2025-06-03T15:48:12.358+0530][255.120s] GC(1133) Skipped phase 4 of Reference Processing: no references
[2025-06-03T15:48:12.358+0530][255.121s] GC(1133)   Pre Evacuate Collection Set: 0.1ms
[2025-06-03T15:48:12.358+0530][255.121s] GC(1133)   Merge Heap Roots: 0.1ms
[2025-06-03T15:48:12.358+0530][255.121s] GC(1133)   Evacuate Collection Set: 0.2ms
[2025-06-03T15:48:12.359+0530][255.121s] GC(1133)   Post Evacuate Collection Set: 0.6ms
[2025-06-03T15:48:12.359+0530][255.121s] GC(1133)   Other: 0.2ms
[2025-06-03T15:48:12.359+0530][255.121s] GC(1133) Eden regions: 306->0(306)
[2025-06-03T15:48:12.359+0530][255.121s] GC(1133) Survivor regions: 1->1(39)
[2025-06-03T15:48:12.359+0530][255.121s] GC(1133) Old regions: 9->9
[2025-06-03T15:48:12.359+0530][255.121s] GC(1133) Archive regions: 2->2
[2025-06-03T15:48:12.359+0530][255.121s] GC(1133) Humongous regions: 0->0
[2025-06-03T15:48:12.359+0530][255.121s] GC(1133) Metaspace: 20494K(20992K)->20494K(20992K) NonClass: 17909K(18176K)->17909K(18176K) Class: 2585K(2816K)->2585K(2816K)
[2025-06-03T15:48:12.359+0530][255.121s] GC(1133) Pause Young (Normal) (G1 Evacuation Pause) 315M->9M(512M) 1.654ms
[2025-06-03T15:48:12.359+0530][255.121s] GC(1133) User=0.00s Sys=0.00s Real=0.00s
[2025-06-03T15:48:12.526+0530][255.288s] GC(1134) Pause Young (Normal) (G1 Evacuation Pause)
[2025-06-03T15:48:12.526+0530][255.288s] GC(1134) Using 8 workers of 8 for evacuation
[2025-06-03T15:48:12.527+0530][255.289s] GC(1134) Skipped phase 1 of Reference Processing: no references
[2025-06-03T15:48:12.527+0530][255.289s] GC(1134) Skipped phase 2 of Reference Processing: no references
[2025-06-03T15:48:12.527+0530][255.289s] GC(1134) Skipped phase 3 of Reference Processing: no references
[2025-06-03T15:48:12.527+0530][255.289s] GC(1134) Skipped phase 4 of Reference Processing: no references
[2025-06-03T15:48:12.527+0530][255.290s] GC(1134)   Pre Evacuate Collection Set: 0.1ms
[2025-06-03T15:48:12.527+0530][255.290s] GC(1134)   Merge Heap Roots: 0.1ms
[2025-06-03T15:48:12.527+0530][255.290s] GC(1134)   Evacuate Collection Set: 0.3ms
[2025-06-03T15:48:12.527+0530][255.290s] GC(1134)   Post Evacuate Collection Set: 0.5ms
[2025-06-03T15:48:12.527+0530][255.290s] GC(1134)   Other: 0.2ms
[2025-06-03T15:48:12.527+0530][255.290s] GC(1134) Eden regions: 306->0(306)
[2025-06-03T15:48:12.527+0530][255.290s] GC(1134) Survivor regions: 1->1(39)
[2025-06-03T15:48:12.527+0530][255.290s] GC(1134) Old regions: 9->9
[2025-06-03T15:48:12.527+0530][255.290s] GC(1134) Archive regions: 2->2
[2025-06-03T15:48:12.527+0530][255.290s] GC(1134) Humongous regions: 0->0
[2025-06-03T15:48:12.527+0530][255.290s] GC(1134) Metaspace: 20494K(20992K)->20494K(20992K) NonClass: 17909K(18176K)->17909K(18176K) Class: 2585K(2816K)->2585K(2816K)
[2025-06-03T15:48:12.527+0530][255.290s] GC(1134) Pause Young (Normal) (G1 Evacuation Pause) 315M->9M(512M) 1.348ms
[2025-06-03T15:48:12.527+0530][255.290s] GC(1134) User=0.00s Sys=0.00s Real=0.00s
[2025-06-03T15:48:12.717+0530][255.480s] GC(1135) Pause Young (Normal) (G1 Evacuation Pause)
[2025-06-03T15:48:12.717+0530][255.480s] GC(1135) Using 8 workers of 8 for evacuation
[2025-06-03T15:48:12.718+0530][255.480s] GC(1135) Skipped phase 1 of Reference Processing: no references
[2025-06-03T15:48:12.718+0530][255.481s] GC(1135) Skipped phase 2 of Reference Processing: no references
[2025-06-03T15:48:12.718+0530][255.481s] GC(1135) Skipped phase 3 of Reference Processing: no references
[2025-06-03T15:48:12.718+0530][255.481s] GC(1135) Skipped phase 4 of Reference Processing: no references
[2025-06-03T15:48:12.718+0530][255.481s] GC(1135)   Pre Evacuate Collection Set: 0.1ms
[2025-06-03T15:48:12.718+0530][255.481s] GC(1135)   Merge Heap Roots: 0.1ms
[2025-06-03T15:48:12.718+0530][255.481s] GC(1135)   Evacuate Collection Set: 0.4ms
[2025-06-03T15:48:12.718+0530][255.481s] GC(1135)   Post Evacuate Collection Set: 0.5ms
[2025-06-03T15:48:12.718+0530][255.481s] GC(1135)   Other: 0.2ms
[2025-06-03T15:48:12.719+0530][255.481s] GC(1135) Eden regions: 306->0(306)
[2025-06-03T15:48:12.719+0530][255.481s] GC(1135) Survivor regions: 1->1(39)
[2025-06-03T15:48:12.719+0530][255.481s] GC(1135) Old regions: 9->9
[2025-06-03T15:48:12.719+0530][255.481s] GC(1135) Archive regions: 2->2
[2025-06-03T15:48:12.719+0530][255.481s] GC(1135) Humongous regions: 0->0
[2025-06-03T15:48:12.719+0530][255.481s] GC(1135) Metaspace: 20494K(20992K)->20494K(20992K) NonClass: 17909K(18176K)->17909K(18176K) Class: 2585K(2816K)->2585K(2816K)
[2025-06-03T15:48:12.719+0530][255.481s] GC(1135) Pause Young (Normal) (G1 Evacuation Pause) 315M->9M(512M) 1.473ms
[2025-06-03T15:48:12.719+0530][255.481s] GC(1135) User=0.00s Sys=0.00s Real=0.00s
[2025-06-03T15:48:12.888+0530][255.650s] GC(1136) Pause Young (Normal) (G1 Evacuation Pause)
[2025-06-03T15:48:12.888+0530][255.650s] GC(1136) Using 8 workers of 8 for evacuation
[2025-06-03T15:48:12.888+0530][255.651s] GC(1136) Skipped phase 1 of Reference Processing: no references
[2025-06-03T15:48:12.889+0530][255.651s] GC(1136) Skipped phase 2 of Reference Processing: no references
[2025-06-03T15:48:12.889+0530][255.651s] GC(1136) Skipped phase 3 of Reference Processing: no references
[2025-06-03T15:48:12.889+0530][255.651s] GC(1136) Skipped phase 4 of Reference Processing: no references
[2025-06-03T15:48:12.889+0530][255.652s] GC(1136)   Pre Evacuate Collection Set: 0.1ms
[2025-06-03T15:48:12.889+0530][255.652s] GC(1136)   Merge Heap Roots: 0.1ms
[2025-06-03T15:48:12.889+0530][255.652s] GC(1136)   Evacuate Collection Set: 0.3ms
[2025-06-03T15:48:12.889+0530][255.652s] GC(1136)   Post Evacuate Collection Set: 0.6ms
[2025-06-03T15:48:12.889+0530][255.652s] GC(1136)   Other: 0.2ms
[2025-06-03T15:48:12.889+0530][255.652s] GC(1136) Eden regions: 306->0(306)
[2025-06-03T15:48:12.889+0530][255.652s] GC(1136) Survivor regions: 1->1(39)
[2025-06-03T15:48:12.889+0530][255.652s] GC(1136) Old regions: 9->9
[2025-06-03T15:48:12.889+0530][255.652s] GC(1136) Archive regions: 2->2
[2025-06-03T15:48:12.889+0530][255.652s] GC(1136) Humongous regions: 0->0
[2025-06-03T15:48:12.889+0530][255.652s] GC(1136) Metaspace: 20494K(20992K)->20494K(20992K) NonClass: 17909K(18176K)->17909K(18176K) Class: 2585K(2816K)->2585K(2816K)
[2025-06-03T15:48:12.889+0530][255.652s] GC(1136) Pause Young (Normal) (G1 Evacuation Pause) 315M->9M(512M) 1.413ms
[2025-06-03T15:48:12.889+0530][255.652s] GC(1136) User=0.00s Sys=0.01s Real=0.00s
[2025-06-03T15:48:13.063+0530][255.826s] GC(1137) Pause Young (Normal) (G1 Evacuation Pause)
[2025-06-03T15:48:13.064+0530][255.826s] GC(1137) Using 8 workers of 8 for evacuation
[2025-06-03T15:48:13.064+0530][255.827s] GC(1137) Skipped phase 1 of Reference Processing: no references
[2025-06-03T15:48:13.064+0530][255.827s] GC(1137) Skipped phase 2 of Reference Processing: no references
[2025-06-03T15:48:13.064+0530][255.827s] GC(1137) Skipped phase 3 of Reference Processing: no references
[2025-06-03T15:48:13.064+0530][255.827s] GC(1137) Skipped phase 4 of Reference Processing: no references
[2025-06-03T15:48:13.065+0530][255.827s] GC(1137)   Pre Evacuate Collection Set: 0.1ms
[2025-06-03T15:48:13.065+0530][255.827s] GC(1137)   Merge Heap Roots: 0.1ms
[2025-06-03T15:48:13.065+0530][255.827s] GC(1137)   Evacuate Collection Set: 0.2ms
[2025-06-03T15:48:13.065+0530][255.827s] GC(1137)   Post Evacuate Collection Set: 0.6ms
[2025-06-03T15:48:13.065+0530][255.827s] GC(1137)   Other: 0.2ms
[2025-06-03T15:48:13.065+0530][255.827s] GC(1137) Eden regions: 306->0(306)
[2025-06-03T15:48:13.065+0530][255.827s] GC(1137) Survivor regions: 1->1(39)
[2025-06-03T15:48:13.065+0530][255.827s] GC(1137) Old regions: 9->9
[2025-06-03T15:48:13.065+0530][255.827s] GC(1137) Archive regions: 2->2
[2025-06-03T15:48:13.065+0530][255.827s] GC(1137) Humongous regions: 0->0
[2025-06-03T15:48:13.065+0530][255.827s] GC(1137) Metaspace: 20494K(20992K)->20494K(20992K) NonClass: 17909K(18176K)->17909K(18176K) Class: 2585K(2816K)->2585K(2816K)
[2025-06-03T15:48:13.065+0530][255.827s] GC(1137) Pause Young (Normal) (G1 Evacuation Pause) 315M->9M(512M) 1.444ms
[2025-06-03T15:48:13.065+0530][255.827s] GC(1137) User=0.00s Sys=0.01s Real=0.00s
[2025-06-03T15:48:13.244+0530][256.007s] GC(1138) Pause Young (Normal) (G1 Evacuation Pause)
[2025-06-03T15:48:13.244+0530][256.007s] GC(1138) Using 8 workers of 8 for evacuation
[2025-06-03T15:48:13.245+0530][256.008s] GC(1138) Skipped phase 1 of Reference Processing: no references
[2025-06-03T15:48:13.245+0530][256.008s] GC(1138) Skipped phase 2 of Reference Processing: no references
[2025-06-03T15:48:13.245+0530][256.008s] GC(1138) Skipped phase 3 of Reference Processing: no references
[2025-06-03T15:48:13.245+0530][256.008s] GC(1138) Skipped phase 4 of Reference Processing: no references
[2025-06-03T15:48:13.245+0530][256.008s] GC(1138)   Pre Evacuate Collection Set: 0.1ms
[2025-06-03T15:48:13.245+0530][256.008s] GC(1138)   Merge Heap Roots: 0.1ms
[2025-06-03T15:48:13.245+0530][256.008s] GC(1138)   Evacuate Collection Set: 0.3ms
[2025-06-03T15:48:13.246+0530][256.008s] GC(1138)   Post Evacuate Collection Set: 0.5ms
[2025-06-03T15:48:13.246+0530][256.008s] GC(1138)   Other: 0.2ms
[2025-06-03T15:48:13.246+0530][256.008s] GC(1138) Eden regions: 306->0(306)
[2025-06-03T15:48:13.246+0530][256.008s] GC(1138) Survivor regions: 1->1(39)
[2025-06-03T15:48:13.246+0530][256.008s] GC(1138) Old regions: 9->9
[2025-06-03T15:48:13.246+0530][256.008s] GC(1138) Archive regions: 2->2
[2025-06-03T15:48:13.246+0530][256.008s] GC(1138) Humongous regions: 0->0
[2025-06-03T15:48:13.246+0530][256.008s] GC(1138) Metaspace: 20494K(20992K)->20494K(20992K) NonClass: 17909K(18176K)->17909K(18176K) Class: 2585K(2816K)->2585K(2816K)
[2025-06-03T15:48:13.246+0530][256.008s] GC(1138) Pause Young (Normal) (G1 Evacuation Pause) 315M->9M(512M) 1.307ms
[2025-06-03T15:48:13.246+0530][256.008s] GC(1138) User=0.01s Sys=0.00s Real=0.00s
[2025-06-03T15:48:13.427+0530][256.190s] GC(1139) Pause Young (Normal) (G1 Evacuation Pause)
[2025-06-03T15:48:13.427+0530][256.190s] GC(1139) Using 8 workers of 8 for evacuation
[2025-06-03T15:48:13.428+0530][256.190s] GC(1139) Skipped phase 1 of Reference Processing: no references
[2025-06-03T15:48:13.428+0530][256.190s] GC(1139) Skipped phase 2 of Reference Processing: no references
[2025-06-03T15:48:13.428+0530][256.190s] GC(1139) Skipped phase 3 of Reference Processing: no references
[2025-06-03T15:48:13.428+0530][256.190s] GC(1139) Skipped phase 4 of Reference Processing: no references
[2025-06-03T15:48:13.428+0530][256.191s] GC(1139)   Pre Evacuate Collection Set: 0.1ms
[2025-06-03T15:48:13.428+0530][256.191s] GC(1139)   Merge Heap Roots: 0.1ms
[2025-06-03T15:48:13.428+0530][256.191s] GC(1139)   Evacuate Collection Set: 0.2ms
[2025-06-03T15:48:13.428+0530][256.191s] GC(1139)   Post Evacuate Collection Set: 0.5ms
[2025-06-03T15:48:13.428+0530][256.191s] GC(1139)   Other: 0.2ms
[2025-06-03T15:48:13.428+0530][256.191s] GC(1139) Eden regions: 306->0(306)
[2025-06-03T15:48:13.428+0530][256.191s] GC(1139) Survivor regions: 1->1(39)
[2025-06-03T15:48:13.428+0530][256.191s] GC(1139) Old regions: 9->9
[2025-06-03T15:48:13.428+0530][256.191s] GC(1139) Archive regions: 2->2
[2025-06-03T15:48:13.428+0530][256.191s] GC(1139) Humongous regions: 0->0
[2025-06-03T15:48:13.428+0530][256.191s] GC(1139) Metaspace: 20494K(20992K)->20494K(20992K) NonClass: 17909K(18176K)->17909K(18176K) Class: 2585K(2816K)->2585K(2816K)
[2025-06-03T15:48:13.429+0530][256.191s] GC(1139) Pause Young (Normal) (G1 Evacuation Pause) 315M->9M(512M) 1.214ms
[2025-06-03T15:48:13.429+0530][256.191s] GC(1139) User=0.01s Sys=0.01s Real=0.00s
[2025-06-03T15:48:13.611+0530][256.374s] GC(1140) Pause Young (Normal) (G1 Evacuation Pause)
[2025-06-03T15:48:13.611+0530][256.374s] GC(1140) Using 8 workers of 8 for evacuation
[2025-06-03T15:48:13.612+0530][256.375s] GC(1140) Skipped phase 1 of Reference Processing: no references
[2025-06-03T15:48:13.612+0530][256.375s] GC(1140) Skipped phase 2 of Reference Processing: no references
[2025-06-03T15:48:13.612+0530][256.375s] GC(1140) Skipped phase 3 of Reference Processing: no references
[2025-06-03T15:48:13.612+0530][256.375s] GC(1140) Skipped phase 4 of Reference Processing: no references
[2025-06-03T15:48:13.613+0530][256.375s] GC(1140)   Pre Evacuate Collection Set: 0.1ms
[2025-06-03T15:48:13.613+0530][256.375s] GC(1140)   Merge Heap Roots: 0.2ms
[2025-06-03T15:48:13.613+0530][256.375s] GC(1140)   Evacuate Collection Set: 0.4ms
[2025-06-03T15:48:13.613+0530][256.375s] GC(1140)   Post Evacuate Collection Set: 0.7ms
[2025-06-03T15:48:13.613+0530][256.376s] GC(1140)   Other: 0.3ms
[2025-06-03T15:48:13.613+0530][256.376s] GC(1140) Eden regions: 306->0(306)
[2025-06-03T15:48:13.613+0530][256.376s] GC(1140) Survivor regions: 1->1(39)
[2025-06-03T15:48:13.613+0530][256.376s] GC(1140) Old regions: 9->9
[2025-06-03T15:48:13.613+0530][256.376s] GC(1140) Archive regions: 2->2
[2025-06-03T15:48:13.613+0530][256.376s] GC(1140) Humongous regions: 0->0
[2025-06-03T15:48:13.613+0530][256.376s] GC(1140) Metaspace: 20494K(20992K)->20494K(20992K) NonClass: 17909K(18176K)->17909K(18176K) Class: 2585K(2816K)->2585K(2816K)
[2025-06-03T15:48:13.613+0530][256.376s] GC(1140) Pause Young (Normal) (G1 Evacuation Pause) 315M->9M(512M) 1.922ms
[2025-06-03T15:48:13.613+0530][256.376s] GC(1140) User=0.00s Sys=0.00s Real=0.00s
[2025-06-03T15:48:13.781+0530][256.544s] GC(1141) Pause Young (Normal) (G1 Evacuation Pause)
[2025-06-03T15:48:13.781+0530][256.544s] GC(1141) Using 8 workers of 8 for evacuation
[2025-06-03T15:48:13.782+0530][256.544s] GC(1141) Skipped phase 1 of Reference Processing: no references
[2025-06-03T15:48:13.782+0530][256.544s] GC(1141) Skipped phase 2 of Reference Processing: no references
[2025-06-03T15:48:13.782+0530][256.544s] GC(1141) Skipped phase 3 of Reference Processing: no references
[2025-06-03T15:48:13.782+0530][256.544s] GC(1141) Skipped phase 4 of Reference Processing: no references
[2025-06-03T15:48:13.782+0530][256.545s] GC(1141)   Pre Evacuate Collection Set: 0.1ms
[2025-06-03T15:48:13.782+0530][256.545s] GC(1141)   Merge Heap Roots: 0.1ms
[2025-06-03T15:48:13.782+0530][256.545s] GC(1141)   Evacuate Collection Set: 0.2ms
[2025-06-03T15:48:13.782+0530][256.545s] GC(1141)   Post Evacuate Collection Set: 0.4ms
[2025-06-03T15:48:13.782+0530][256.545s] GC(1141)   Other: 0.2ms
[2025-06-03T15:48:13.782+0530][256.545s] GC(1141) Eden regions: 306->0(306)
[2025-06-03T15:48:13.782+0530][256.545s] GC(1141) Survivor regions: 1->1(39)
[2025-06-03T15:48:13.782+0530][256.545s] GC(1141) Old regions: 9->9
[2025-06-03T15:48:13.782+0530][256.545s] GC(1141) Archive regions: 2->2
[2025-06-03T15:48:13.782+0530][256.545s] GC(1141) Humongous regions: 0->0
[2025-06-03T15:48:13.783+0530][256.545s] GC(1141) Metaspace: 20494K(20992K)->20494K(20992K) NonClass: 17909K(18176K)->17909K(18176K) Class: 2585K(2816K)->2585K(2816K)
[2025-06-03T15:48:13.783+0530][256.545s] GC(1141) Pause Young (Normal) (G1 Evacuation Pause) 315M->9M(512M) 1.294ms
[2025-06-03T15:48:13.783+0530][256.545s] GC(1141) User=0.00s Sys=0.00s Real=0.00s
[2025-06-03T15:48:13.956+0530][256.718s] GC(1142) Pause Young (Normal) (G1 Evacuation Pause)
[2025-06-03T15:48:13.956+0530][256.718s] GC(1142) Using 8 workers of 8 for evacuation
[2025-06-03T15:48:13.956+0530][256.719s] GC(1142) Skipped phase 1 of Reference Processing: no references
[2025-06-03T15:48:13.956+0530][256.719s] GC(1142) Skipped phase 2 of Reference Processing: no references
[2025-06-03T15:48:13.956+0530][256.719s] GC(1142) Skipped phase 3 of Reference Processing: no references
[2025-06-03T15:48:13.957+0530][256.719s] GC(1142) Skipped phase 4 of Reference Processing: no references
[2025-06-03T15:48:13.957+0530][256.720s] GC(1142)   Pre Evacuate Collection Set: 0.1ms
[2025-06-03T15:48:13.957+0530][256.720s] GC(1142)   Merge Heap Roots: 0.1ms
[2025-06-03T15:48:13.957+0530][256.720s] GC(1142)   Evacuate Collection Set: 0.3ms
[2025-06-03T15:48:13.957+0530][256.720s] GC(1142)   Post Evacuate Collection Set: 0.5ms
[2025-06-03T15:48:13.957+0530][256.720s] GC(1142)   Other: 0.2ms
[2025-06-03T15:48:13.957+0530][256.720s] GC(1142) Eden regions: 306->0(306)
[2025-06-03T15:48:13.957+0530][256.720s] GC(1142) Survivor regions: 1->1(39)
[2025-06-03T15:48:13.957+0530][256.720s] GC(1142) Old regions: 9->9
[2025-06-03T15:48:13.957+0530][256.720s] GC(1142) Archive regions: 2->2
[2025-06-03T15:48:13.957+0530][256.720s] GC(1142) Humongous regions: 0->0
[2025-06-03T15:48:13.957+0530][256.720s] GC(1142) Metaspace: 20494K(20992K)->20494K(20992K) NonClass: 17909K(18176K)->17909K(18176K) Class: 2585K(2816K)->2585K(2816K)
[2025-06-03T15:48:13.957+0530][256.720s] GC(1142) Pause Young (Normal) (G1 Evacuation Pause) 315M->9M(512M) 1.596ms
[2025-06-03T15:48:13.958+0530][256.720s] GC(1142) User=0.00s Sys=0.00s Real=0.00s
[2025-06-03T15:48:14.128+0530][256.890s] GC(1143) Pause Young (Normal) (G1 Evacuation Pause)
[2025-06-03T15:48:14.128+0530][256.890s] GC(1143) Using 8 workers of 8 for evacuation
[2025-06-03T15:48:14.128+0530][256.891s] GC(1143) Skipped phase 1 of Reference Processing: no references
[2025-06-03T15:48:14.128+0530][256.891s] GC(1143) Skipped phase 2 of Reference Processing: no references
[2025-06-03T15:48:14.128+0530][256.891s] GC(1143) Skipped phase 3 of Reference Processing: no references
[2025-06-03T15:48:14.128+0530][256.891s] GC(1143) Skipped phase 4 of Reference Processing: no references
[2025-06-03T15:48:14.129+0530][256.891s] GC(1143)   Pre Evacuate Collection Set: 0.1ms
[2025-06-03T15:48:14.129+0530][256.892s] GC(1143)   Merge Heap Roots: 0.1ms
[2025-06-03T15:48:14.129+0530][256.892s] GC(1143)   Evacuate Collection Set: 0.3ms
[2025-06-03T15:48:14.129+0530][256.892s] GC(1143)   Post Evacuate Collection Set: 0.5ms
[2025-06-03T15:48:14.129+0530][256.892s] GC(1143)   Other: 0.2ms
[2025-06-03T15:48:14.129+0530][256.892s] GC(1143) Eden regions: 306->0(306)
[2025-06-03T15:48:14.129+0530][256.892s] GC(1143) Survivor regions: 1->1(39)
[2025-06-03T15:48:14.129+0530][256.892s] GC(1143) Old regions: 9->9
[2025-06-03T15:48:14.129+0530][256.892s] GC(1143) Archive regions: 2->2
[2025-06-03T15:48:14.129+0530][256.892s] GC(1143) Humongous regions: 0->0
[2025-06-03T15:48:14.129+0530][256.892s] GC(1143) Metaspace: 20494K(20992K)->20494K(20992K) NonClass: 17909K(18176K)->17909K(18176K) Class: 2585K(2816K)->2585K(2816K)
[2025-06-03T15:48:14.129+0530][256.892s] GC(1143) Pause Young (Normal) (G1 Evacuation Pause) 315M->9M(512M) 1.376ms
[2025-06-03T15:48:14.129+0530][256.892s] GC(1143) User=0.00s Sys=0.00s Real=0.00s
[2025-06-03T15:48:14.289+0530][257.051s] GC(1144) Pause Young (Normal) (G1 Evacuation Pause)
[2025-06-03T15:48:14.289+0530][257.051s] GC(1144) Using 8 workers of 8 for evacuation
[2025-06-03T15:48:14.290+0530][257.052s] GC(1144) Skipped phase 1 of Reference Processing: no references
[2025-06-03T15:48:14.290+0530][257.052s] GC(1144) Skipped phase 2 of Reference Processing: no references
[2025-06-03T15:48:14.290+0530][257.052s] GC(1144) Skipped phase 3 of Reference Processing: no references
[2025-06-03T15:48:14.290+0530][257.052s] GC(1144) Skipped phase 4 of Reference Processing: no references
[2025-06-03T15:48:14.290+0530][257.053s] GC(1144)   Pre Evacuate Collection Set: 0.2ms
[2025-06-03T15:48:14.290+0530][257.053s] GC(1144)   Merge Heap Roots: 0.1ms
[2025-06-03T15:48:14.290+0530][257.053s] GC(1144)   Evacuate Collection Set: 0.5ms
[2025-06-03T15:48:14.290+0530][257.053s] GC(1144)   Post Evacuate Collection Set: 0.6ms
[2025-06-03T15:48:14.290+0530][257.053s] GC(1144)   Other: 0.3ms
[2025-06-03T15:48:14.290+0530][257.053s] GC(1144) Eden regions: 306->0(306)
[2025-06-03T15:48:14.290+0530][257.053s] GC(1144) Survivor regions: 1->1(39)
[2025-06-03T15:48:14.290+0530][257.053s] GC(1144) Old regions: 9->9
[2025-06-03T15:48:14.290+0530][257.053s] GC(1144) Archive regions: 2->2
[2025-06-03T15:48:14.290+0530][257.053s] GC(1144) Humongous regions: 0->0
[2025-06-03T15:48:14.290+0530][257.053s] GC(1144) Metaspace: 20494K(20992K)->20494K(20992K) NonClass: 17909K(18176K)->17909K(18176K) Class: 2585K(2816K)->2585K(2816K)
[2025-06-03T15:48:14.290+0530][257.053s] GC(1144) Pause Young (Normal) (G1 Evacuation Pause) 315M->9M(512M) 1.847ms
[2025-06-03T15:48:14.291+0530][257.053s] GC(1144) User=0.01s Sys=0.00s Real=0.01s
[2025-06-03T15:48:14.454+0530][257.217s] GC(1145) Pause Young (Normal) (G1 Evacuation Pause)
[2025-06-03T15:48:14.455+0530][257.217s] GC(1145) Using 8 workers of 8 for evacuation
[2025-06-03T15:48:14.457+0530][257.220s] GC(1145) Skipped phase 1 of Reference Processing: no references
[2025-06-03T15:48:14.457+0530][257.220s] GC(1145) Skipped phase 2 of Reference Processing: no references
[2025-06-03T15:48:14.457+0530][257.220s] GC(1145) Skipped phase 3 of Reference Processing: no references
[2025-06-03T15:48:14.457+0530][257.220s] GC(1145) Skipped phase 4 of Reference Processing: no references
[2025-06-03T15:48:14.458+0530][257.220s] GC(1145)   Pre Evacuate Collection Set: 0.1ms
[2025-06-03T15:48:14.458+0530][257.220s] GC(1145)   Merge Heap Roots: 0.1ms
[2025-06-03T15:48:14.458+0530][257.220s] GC(1145)   Evacuate Collection Set: 0.2ms
[2025-06-03T15:48:14.458+0530][257.220s] GC(1145)   Post Evacuate Collection Set: 0.5ms
[2025-06-03T15:48:14.458+0530][257.220s] GC(1145)   Other: 2.4ms
[2025-06-03T15:48:14.458+0530][257.220s] GC(1145) Eden regions: 306->0(306)
[2025-06-03T15:48:14.458+0530][257.220s] GC(1145) Survivor regions: 1->1(39)
[2025-06-03T15:48:14.458+0530][257.220s] GC(1145) Old regions: 9->9
[2025-06-03T15:48:14.458+0530][257.220s] GC(1145) Archive regions: 2->2
[2025-06-03T15:48:14.458+0530][257.220s] GC(1145) Humongous regions: 0->0
[2025-06-03T15:48:14.458+0530][257.220s] GC(1145) Metaspace: 20494K(20992K)->20494K(20992K) NonClass: 17909K(18176K)->17909K(18176K) Class: 2585K(2816K)->2585K(2816K)
[2025-06-03T15:48:14.458+0530][257.220s] GC(1145) Pause Young (Normal) (G1 Evacuation Pause) 315M->9M(512M) 3.403ms
[2025-06-03T15:48:14.458+0530][257.220s] GC(1145) User=0.00s Sys=0.00s Real=0.00s
[2025-06-03T15:48:14.622+0530][257.384s] GC(1146) Pause Young (Normal) (G1 Evacuation Pause)
[2025-06-03T15:48:14.622+0530][257.384s] GC(1146) Using 8 workers of 8 for evacuation
[2025-06-03T15:48:14.622+0530][257.385s] GC(1146) Skipped phase 1 of Reference Processing: no references
[2025-06-03T15:48:14.622+0530][257.385s] GC(1146) Skipped phase 2 of Reference Processing: no references
[2025-06-03T15:48:14.622+0530][257.385s] GC(1146) Skipped phase 3 of Reference Processing: no references
[2025-06-03T15:48:14.622+0530][257.385s] GC(1146) Skipped phase 4 of Reference Processing: no references
[2025-06-03T15:48:14.623+0530][257.385s] GC(1146)   Pre Evacuate Collection Set: 0.1ms
[2025-06-03T15:48:14.623+0530][257.385s] GC(1146)   Merge Heap Roots: 0.1ms
[2025-06-03T15:48:14.623+0530][257.385s] GC(1146)   Evacuate Collection Set: 0.2ms
[2025-06-03T15:48:14.623+0530][257.385s] GC(1146)   Post Evacuate Collection Set: 0.5ms
[2025-06-03T15:48:14.623+0530][257.385s] GC(1146)   Other: 0.2ms
[2025-06-03T15:48:14.623+0530][257.385s] GC(1146) Eden regions: 306->0(306)
[2025-06-03T15:48:14.623+0530][257.385s] GC(1146) Survivor regions: 1->1(39)
[2025-06-03T15:48:14.623+0530][257.386s] GC(1146) Old regions: 9->9
[2025-06-03T15:48:14.623+0530][257.386s] GC(1146) Archive regions: 2->2
[2025-06-03T15:48:14.623+0530][257.386s] GC(1146) Humongous regions: 0->0
[2025-06-03T15:48:14.623+0530][257.386s] GC(1146) Metaspace: 20494K(20992K)->20494K(20992K) NonClass: 17909K(18176K)->17909K(18176K) Class: 2585K(2816K)->2585K(2816K)
[2025-06-03T15:48:14.623+0530][257.386s] GC(1146) Pause Young (Normal) (G1 Evacuation Pause) 315M->9M(512M) 1.305ms
[2025-06-03T15:48:14.623+0530][257.386s] GC(1146) User=0.00s Sys=0.00s Real=0.00s
[2025-06-03T15:48:14.775+0530][257.538s] GC(1147) Pause Young (Normal) (G1 Evacuation Pause)
[2025-06-03T15:48:14.775+0530][257.538s] GC(1147) Using 8 workers of 8 for evacuation
[2025-06-03T15:48:14.776+0530][257.539s] GC(1147) Skipped phase 1 of Reference Processing: no references
[2025-06-03T15:48:14.776+0530][257.539s] GC(1147) Skipped phase 2 of Reference Processing: no references
[2025-06-03T15:48:14.776+0530][257.539s] GC(1147) Skipped phase 3 of Reference Processing: no references
[2025-06-03T15:48:14.776+0530][257.539s] GC(1147) Skipped phase 4 of Reference Processing: no references
[2025-06-03T15:48:14.776+0530][257.539s] GC(1147)   Pre Evacuate Collection Set: 0.1ms
[2025-06-03T15:48:14.776+0530][257.539s] GC(1147)   Merge Heap Roots: 0.1ms
[2025-06-03T15:48:14.776+0530][257.539s] GC(1147)   Evacuate Collection Set: 0.2ms
[2025-06-03T15:48:14.776+0530][257.539s] GC(1147)   Post Evacuate Collection Set: 0.4ms
[2025-06-03T15:48:14.776+0530][257.539s] GC(1147)   Other: 0.2ms
[2025-06-03T15:48:14.777+0530][257.539s] GC(1147) Eden regions: 306->0(306)
[2025-06-03T15:48:14.777+0530][257.539s] GC(1147) Survivor regions: 1->1(39)
[2025-06-03T15:48:14.777+0530][257.539s] GC(1147) Old regions: 9->9
[2025-06-03T15:48:14.777+0530][257.539s] GC(1147) Archive regions: 2->2
[2025-06-03T15:48:14.777+0530][257.539s] GC(1147) Humongous regions: 0->0
[2025-06-03T15:48:14.777+0530][257.539s] GC(1147) Metaspace: 20494K(20992K)->20494K(20992K) NonClass: 17909K(18176K)->17909K(18176K) Class: 2585K(2816K)->2585K(2816K)
[2025-06-03T15:48:14.777+0530][257.539s] GC(1147) Pause Young (Normal) (G1 Evacuation Pause) 315M->9M(512M) 1.201ms
[2025-06-03T15:48:14.777+0530][257.539s] GC(1147) User=0.01s Sys=0.00s Real=0.00s
[2025-06-03T15:48:14.933+0530][257.695s] GC(1148) Pause Young (Normal) (G1 Evacuation Pause)
[2025-06-03T15:48:14.933+0530][257.695s] GC(1148) Using 8 workers of 8 for evacuation
[2025-06-03T15:48:14.933+0530][257.696s] GC(1148) Skipped phase 1 of Reference Processing: no references
[2025-06-03T15:48:14.933+0530][257.696s] GC(1148) Skipped phase 2 of Reference Processing: no references
[2025-06-03T15:48:14.933+0530][257.696s] GC(1148) Skipped phase 3 of Reference Processing: no references
[2025-06-03T15:48:14.933+0530][257.696s] GC(1148) Skipped phase 4 of Reference Processing: no references
[2025-06-03T15:48:14.934+0530][257.696s] GC(1148)   Pre Evacuate Collection Set: 0.1ms
[2025-06-03T15:48:14.934+0530][257.696s] GC(1148)   Merge Heap Roots: 0.1ms
[2025-06-03T15:48:14.934+0530][257.696s] GC(1148)   Evacuate Collection Set: 0.2ms
[2025-06-03T15:48:14.934+0530][257.696s] GC(1148)   Post Evacuate Collection Set: 0.4ms
[2025-06-03T15:48:14.934+0530][257.696s] GC(1148)   Other: 0.2ms
[2025-06-03T15:48:14.934+0530][257.696s] GC(1148) Eden regions: 306->0(306)
[2025-06-03T15:48:14.934+0530][257.696s] GC(1148) Survivor regions: 1->1(39)
[2025-06-03T15:48:14.934+0530][257.696s] GC(1148) Old regions: 9->9
[2025-06-03T15:48:14.934+0530][257.696s] GC(1148) Archive regions: 2->2
[2025-06-03T15:48:14.934+0530][257.696s] GC(1148) Humongous regions: 0->0
[2025-06-03T15:48:14.934+0530][257.696s] GC(1148) Metaspace: 20494K(20992K)->20494K(20992K) NonClass: 17909K(18176K)->17909K(18176K) Class: 2585K(2816K)->2585K(2816K)
[2025-06-03T15:48:14.934+0530][257.696s] GC(1148) Pause Young (Normal) (G1 Evacuation Pause) 315M->9M(512M) 1.158ms
[2025-06-03T15:48:14.934+0530][257.696s] GC(1148) User=0.00s Sys=0.01s Real=0.00s
[2025-06-03T15:48:15.100+0530][257.862s] GC(1149) Pause Young (Normal) (G1 Evacuation Pause)
[2025-06-03T15:48:15.100+0530][257.862s] GC(1149) Using 8 workers of 8 for evacuation
[2025-06-03T15:48:15.100+0530][257.863s] GC(1149) Skipped phase 1 of Reference Processing: no references
[2025-06-03T15:48:15.100+0530][257.863s] GC(1149) Skipped phase 2 of Reference Processing: no references
[2025-06-03T15:48:15.100+0530][257.863s] GC(1149) Skipped phase 3 of Reference Processing: no references
[2025-06-03T15:48:15.100+0530][257.863s] GC(1149) Skipped phase 4 of Reference Processing: no references
[2025-06-03T15:48:15.101+0530][257.863s] GC(1149)   Pre Evacuate Collection Set: 0.1ms
[2025-06-03T15:48:15.101+0530][257.863s] GC(1149)   Merge Heap Roots: 0.1ms
[2025-06-03T15:48:15.101+0530][257.863s] GC(1149)   Evacuate Collection Set: 0.2ms
[2025-06-03T15:48:15.101+0530][257.863s] GC(1149)   Post Evacuate Collection Set: 0.4ms
[2025-06-03T15:48:15.101+0530][257.863s] GC(1149)   Other: 0.2ms
[2025-06-03T15:48:15.101+0530][257.863s] GC(1149) Eden regions: 306->0(306)
[2025-06-03T15:48:15.101+0530][257.863s] GC(1149) Survivor regions: 1->1(39)
[2025-06-03T15:48:15.101+0530][257.863s] GC(1149) Old regions: 9->9
[2025-06-03T15:48:15.101+0530][257.863s] GC(1149) Archive regions: 2->2
[2025-06-03T15:48:15.101+0530][257.863s] GC(1149) Humongous regions: 0->0
[2025-06-03T15:48:15.101+0530][257.863s] GC(1149) Metaspace: 20494K(20992K)->20494K(20992K) NonClass: 17909K(18176K)->17909K(18176K) Class: 2585K(2816K)->2585K(2816K)
[2025-06-03T15:48:15.101+0530][257.864s] GC(1149) Pause Young (Normal) (G1 Evacuation Pause) 315M->9M(512M) 1.292ms
[2025-06-03T15:48:15.101+0530][257.864s] GC(1149) User=0.00s Sys=0.00s Real=0.00s
[2025-06-03T15:48:15.257+0530][258.020s] GC(1150) Pause Young (Normal) (G1 Evacuation Pause)
[2025-06-03T15:48:15.257+0530][258.020s] GC(1150) Using 8 workers of 8 for evacuation
[2025-06-03T15:48:15.258+0530][258.021s] GC(1150) Skipped phase 1 of Reference Processing: no references
[2025-06-03T15:48:15.258+0530][258.021s] GC(1150) Skipped phase 2 of Reference Processing: no references
[2025-06-03T15:48:15.258+0530][258.021s] GC(1150) Skipped phase 3 of Reference Processing: no references
[2025-06-03T15:48:15.258+0530][258.021s] GC(1150) Skipped phase 4 of Reference Processing: no references
[2025-06-03T15:48:15.259+0530][258.021s] GC(1150)   Pre Evacuate Collection Set: 0.1ms
[2025-06-03T15:48:15.259+0530][258.021s] GC(1150)   Merge Heap Roots: 0.1ms
[2025-06-03T15:48:15.259+0530][258.021s] GC(1150)   Evacuate Collection Set: 0.3ms
[2025-06-03T15:48:15.259+0530][258.021s] GC(1150)   Post Evacuate Collection Set: 0.6ms
[2025-06-03T15:48:15.259+0530][258.021s] GC(1150)   Other: 0.2ms
[2025-06-03T15:48:15.259+0530][258.021s] GC(1150) Eden regions: 306->0(306)
[2025-06-03T15:48:15.259+0530][258.021s] GC(1150) Survivor regions: 1->1(39)
[2025-06-03T15:48:15.259+0530][258.021s] GC(1150) Old regions: 9->9
[2025-06-03T15:48:15.259+0530][258.021s] GC(1150) Archive regions: 2->2
[2025-06-03T15:48:15.259+0530][258.021s] GC(1150) Humongous regions: 0->0
[2025-06-03T15:48:15.259+0530][258.021s] GC(1150) Metaspace: 20494K(20992K)->20494K(20992K) NonClass: 17909K(18176K)->17909K(18176K) Class: 2585K(2816K)->2585K(2816K)
[2025-06-03T15:48:15.259+0530][258.021s] GC(1150) Pause Young (Normal) (G1 Evacuation Pause) 315M->9M(512M) 1.405ms
[2025-06-03T15:48:15.259+0530][258.021s] GC(1150) User=0.01s Sys=0.00s Real=0.00s
[2025-06-03T15:48:15.406+0530][258.169s] GC(1151) Pause Young (Normal) (G1 Evacuation Pause)
[2025-06-03T15:48:15.406+0530][258.169s] GC(1151) Using 8 workers of 8 for evacuation
[2025-06-03T15:48:15.407+0530][258.169s] GC(1151) Skipped phase 1 of Reference Processing: no references
[2025-06-03T15:48:15.407+0530][258.170s] GC(1151) Skipped phase 2 of Reference Processing: no references
[2025-06-03T15:48:15.407+0530][258.170s] GC(1151) Skipped phase 3 of Reference Processing: no references
[2025-06-03T15:48:15.407+0530][258.170s] GC(1151) Skipped phase 4 of Reference Processing: no references
[2025-06-03T15:48:15.407+0530][258.170s] GC(1151)   Pre Evacuate Collection Set: 0.1ms
[2025-06-03T15:48:15.408+0530][258.170s] GC(1151)   Merge Heap Roots: 0.1ms
[2025-06-03T15:48:15.408+0530][258.170s] GC(1151)   Evacuate Collection Set: 0.2ms
[2025-06-03T15:48:15.408+0530][258.170s] GC(1151)   Post Evacuate Collection Set: 0.6ms
[2025-06-03T15:48:15.408+0530][258.170s] GC(1151)   Other: 0.2ms
[2025-06-03T15:48:15.408+0530][258.170s] GC(1151) Eden regions: 306->0(306)
[2025-06-03T15:48:15.408+0530][258.170s] GC(1151) Survivor regions: 1->1(39)
[2025-06-03T15:48:15.408+0530][258.170s] GC(1151) Old regions: 9->9
[2025-06-03T15:48:15.408+0530][258.170s] GC(1151) Archive regions: 2->2
[2025-06-03T15:48:15.408+0530][258.171s] GC(1151) Humongous regions: 0->0
[2025-06-03T15:48:15.408+0530][258.171s] GC(1151) Metaspace: 20494K(20992K)->20494K(20992K) NonClass: 17909K(18176K)->17909K(18176K) Class: 2585K(2816K)->2585K(2816K)
[2025-06-03T15:48:15.408+0530][258.171s] GC(1151) Pause Young (Normal) (G1 Evacuation Pause) 315M->9M(512M) 1.696ms
[2025-06-03T15:48:15.408+0530][258.171s] GC(1151) User=0.00s Sys=0.00s Real=0.00s
[2025-06-03T15:48:15.580+0530][258.343s] GC(1152) Pause Young (Normal) (G1 Evacuation Pause)
[2025-06-03T15:48:15.580+0530][258.343s] GC(1152) Using 8 workers of 8 for evacuation
[2025-06-03T15:48:15.580+0530][258.343s] GC(1152) Skipped phase 1 of Reference Processing: no references
[2025-06-03T15:48:15.581+0530][258.343s] GC(1152) Skipped phase 2 of Reference Processing: no references
[2025-06-03T15:48:15.581+0530][258.343s] GC(1152) Skipped phase 3 of Reference Processing: no references
[2025-06-03T15:48:15.581+0530][258.343s] GC(1152) Skipped phase 4 of Reference Processing: no references
[2025-06-03T15:48:15.581+0530][258.344s] GC(1152)   Pre Evacuate Collection Set: 0.1ms
[2025-06-03T15:48:15.581+0530][258.344s] GC(1152)   Merge Heap Roots: 0.1ms
[2025-06-03T15:48:15.581+0530][258.344s] GC(1152)   Evacuate Collection Set: 0.2ms
[2025-06-03T15:48:15.581+0530][258.344s] GC(1152)   Post Evacuate Collection Set: 0.5ms
[2025-06-03T15:48:15.581+0530][258.344s] GC(1152)   Other: 0.2ms
[2025-06-03T15:48:15.581+0530][258.344s] GC(1152) Eden regions: 306->0(306)
[2025-06-03T15:48:15.581+0530][258.344s] GC(1152) Survivor regions: 1->1(39)
[2025-06-03T15:48:15.581+0530][258.344s] GC(1152) Old regions: 9->9
[2025-06-03T15:48:15.581+0530][258.344s] GC(1152) Archive regions: 2->2
[2025-06-03T15:48:15.581+0530][258.344s] GC(1152) Humongous regions: 0->0
[2025-06-03T15:48:15.581+0530][258.344s] GC(1152) Metaspace: 20494K(20992K)->20494K(20992K) NonClass: 17909K(18176K)->17909K(18176K) Class: 2585K(2816K)->2585K(2816K)
[2025-06-03T15:48:15.581+0530][258.344s] GC(1152) Pause Young (Normal) (G1 Evacuation Pause) 315M->9M(512M) 1.293ms
[2025-06-03T15:48:15.581+0530][258.344s] GC(1152) User=0.00s Sys=0.00s Real=0.00s
[2025-06-03T15:48:15.724+0530][258.486s] GC(1153) Pause Young (Normal) (G1 Evacuation Pause)
[2025-06-03T15:48:15.724+0530][258.486s] GC(1153) Using 8 workers of 8 for evacuation
[2025-06-03T15:48:15.724+0530][258.487s] GC(1153) Skipped phase 1 of Reference Processing: no references
[2025-06-03T15:48:15.724+0530][258.487s] GC(1153) Skipped phase 2 of Reference Processing: no references
[2025-06-03T15:48:15.724+0530][258.487s] GC(1153) Skipped phase 3 of Reference Processing: no references
[2025-06-03T15:48:15.724+0530][258.487s] GC(1153) Skipped phase 4 of Reference Processing: no references
[2025-06-03T15:48:15.725+0530][258.487s] GC(1153)   Pre Evacuate Collection Set: 0.1ms
[2025-06-03T15:48:15.725+0530][258.487s] GC(1153)   Merge Heap Roots: 0.1ms
[2025-06-03T15:48:15.725+0530][258.487s] GC(1153)   Evacuate Collection Set: 0.3ms
[2025-06-03T15:48:15.725+0530][258.487s] GC(1153)   Post Evacuate Collection Set: 0.4ms
[2025-06-03T15:48:15.725+0530][258.487s] GC(1153)   Other: 0.2ms
[2025-06-03T15:48:15.725+0530][258.487s] GC(1153) Eden regions: 306->0(306)
[2025-06-03T15:48:15.725+0530][258.487s] GC(1153) Survivor regions: 1->1(39)
[2025-06-03T15:48:15.725+0530][258.488s] GC(1153) Old regions: 9->9
[2025-06-03T15:48:15.725+0530][258.488s] GC(1153) Archive regions: 2->2
[2025-06-03T15:48:15.725+0530][258.488s] GC(1153) Humongous regions: 0->0
[2025-06-03T15:48:15.725+0530][258.488s] GC(1153) Metaspace: 20494K(20992K)->20494K(20992K) NonClass: 17909K(18176K)->17909K(18176K) Class: 2585K(2816K)->2585K(2816K)
[2025-06-03T15:48:15.725+0530][258.488s] GC(1153) Pause Young (Normal) (G1 Evacuation Pause) 315M->9M(512M) 1.180ms
[2025-06-03T15:48:15.725+0530][258.488s] GC(1153) User=0.00s Sys=0.00s Real=0.00s
[2025-06-03T15:48:15.879+0530][258.641s] GC(1154) Pause Young (Normal) (G1 Evacuation Pause)
[2025-06-03T15:48:15.879+0530][258.641s] GC(1154) Using 8 workers of 8 for evacuation
[2025-06-03T15:48:15.879+0530][258.642s] GC(1154) Skipped phase 1 of Reference Processing: no references
[2025-06-03T15:48:15.879+0530][258.642s] GC(1154) Skipped phase 2 of Reference Processing: no references
[2025-06-03T15:48:15.879+0530][258.642s] GC(1154) Skipped phase 3 of Reference Processing: no references
[2025-06-03T15:48:15.879+0530][258.642s] GC(1154) Skipped phase 4 of Reference Processing: no references
[2025-06-03T15:48:15.880+0530][258.642s] GC(1154)   Pre Evacuate Collection Set: 0.1ms
[2025-06-03T15:48:15.880+0530][258.642s] GC(1154)   Merge Heap Roots: 0.1ms
[2025-06-03T15:48:15.880+0530][258.642s] GC(1154)   Evacuate Collection Set: 0.2ms
[2025-06-03T15:48:15.880+0530][258.642s] GC(1154)   Post Evacuate Collection Set: 0.5ms
[2025-06-03T15:48:15.880+0530][258.643s] GC(1154)   Other: 0.2ms
[2025-06-03T15:48:15.880+0530][258.643s] GC(1154) Eden regions: 306->0(306)
[2025-06-03T15:48:15.880+0530][258.643s] GC(1154) Survivor regions: 1->1(39)
[2025-06-03T15:48:15.880+0530][258.643s] GC(1154) Old regions: 9->9
[2025-06-03T15:48:15.880+0530][258.643s] GC(1154) Archive regions: 2->2
[2025-06-03T15:48:15.880+0530][258.643s] GC(1154) Humongous regions: 0->0
[2025-06-03T15:48:15.880+0530][258.643s] GC(1154) Metaspace: 20494K(20992K)->20494K(20992K) NonClass: 17909K(18176K)->17909K(18176K) Class: 2585K(2816K)->2585K(2816K)
[2025-06-03T15:48:15.880+0530][258.643s] GC(1154) Pause Young (Normal) (G1 Evacuation Pause) 315M->9M(512M) 1.265ms
[2025-06-03T15:48:15.880+0530][258.643s] GC(1154) User=0.00s Sys=0.00s Real=0.01s
[2025-06-03T15:48:16.041+0530][258.804s] GC(1155) Pause Young (Normal) (G1 Evacuation Pause)
[2025-06-03T15:48:16.041+0530][258.804s] GC(1155) Using 8 workers of 8 for evacuation
[2025-06-03T15:48:16.042+0530][258.804s] GC(1155) Skipped phase 1 of Reference Processing: no references
[2025-06-03T15:48:16.042+0530][258.804s] GC(1155) Skipped phase 2 of Reference Processing: no references
[2025-06-03T15:48:16.042+0530][258.804s] GC(1155) Skipped phase 3 of Reference Processing: no references
[2025-06-03T15:48:16.042+0530][258.804s] GC(1155) Skipped phase 4 of Reference Processing: no references
[2025-06-03T15:48:16.042+0530][258.805s] GC(1155)   Pre Evacuate Collection Set: 0.1ms
[2025-06-03T15:48:16.042+0530][258.805s] GC(1155)   Merge Heap Roots: 0.1ms
[2025-06-03T15:48:16.042+0530][258.805s] GC(1155)   Evacuate Collection Set: 0.2ms
[2025-06-03T15:48:16.042+0530][258.805s] GC(1155)   Post Evacuate Collection Set: 0.5ms
[2025-06-03T15:48:16.042+0530][258.805s] GC(1155)   Other: 0.2ms
[2025-06-03T15:48:16.042+0530][258.805s] GC(1155) Eden regions: 306->0(306)
[2025-06-03T15:48:16.042+0530][258.805s] GC(1155) Survivor regions: 1->1(39)
[2025-06-03T15:48:16.042+0530][258.805s] GC(1155) Old regions: 9->9
[2025-06-03T15:48:16.042+0530][258.805s] GC(1155) Archive regions: 2->2
[2025-06-03T15:48:16.042+0530][258.805s] GC(1155) Humongous regions: 0->0
[2025-06-03T15:48:16.042+0530][258.805s] GC(1155) Metaspace: 20494K(20992K)->20494K(20992K) NonClass: 17909K(18176K)->17909K(18176K) Class: 2585K(2816K)->2585K(2816K)
[2025-06-03T15:48:16.042+0530][258.805s] GC(1155) Pause Young (Normal) (G1 Evacuation Pause) 315M->9M(512M) 1.202ms
[2025-06-03T15:48:16.043+0530][258.805s] GC(1155) User=0.01s Sys=0.00s Real=0.00s
[2025-06-03T15:48:16.210+0530][258.973s] GC(1156) Pause Young (Normal) (G1 Evacuation Pause)
[2025-06-03T15:48:16.210+0530][258.973s] GC(1156) Using 8 workers of 8 for evacuation
[2025-06-03T15:48:16.211+0530][258.973s] GC(1156) Skipped phase 1 of Reference Processing: no references
[2025-06-03T15:48:16.211+0530][258.973s] GC(1156) Skipped phase 2 of Reference Processing: no references
[2025-06-03T15:48:16.211+0530][258.974s] GC(1156) Skipped phase 3 of Reference Processing: no references
[2025-06-03T15:48:16.211+0530][258.974s] GC(1156) Skipped phase 4 of Reference Processing: no references
[2025-06-03T15:48:16.211+0530][258.974s] GC(1156)   Pre Evacuate Collection Set: 0.1ms
[2025-06-03T15:48:16.211+0530][258.974s] GC(1156)   Merge Heap Roots: 0.1ms
[2025-06-03T15:48:16.211+0530][258.974s] GC(1156)   Evacuate Collection Set: 0.2ms
[2025-06-03T15:48:16.211+0530][258.974s] GC(1156)   Post Evacuate Collection Set: 0.5ms
[2025-06-03T15:48:16.211+0530][258.974s] GC(1156)   Other: 0.2ms
[2025-06-03T15:48:16.211+0530][258.974s] GC(1156) Eden regions: 306->0(306)
[2025-06-03T15:48:16.211+0530][258.974s] GC(1156) Survivor regions: 1->1(39)
[2025-06-03T15:48:16.211+0530][258.974s] GC(1156) Old regions: 9->9
[2025-06-03T15:48:16.211+0530][258.974s] GC(1156) Archive regions: 2->2
[2025-06-03T15:48:16.211+0530][258.974s] GC(1156) Humongous regions: 0->0
[2025-06-03T15:48:16.211+0530][258.974s] GC(1156) Metaspace: 20495K(20992K)->20495K(20992K) NonClass: 17910K(18176K)->17910K(18176K) Class: 2585K(2816K)->2585K(2816K)
[2025-06-03T15:48:16.211+0530][258.974s] GC(1156) Pause Young (Normal) (G1 Evacuation Pause) 315M->9M(512M) 1.160ms
[2025-06-03T15:48:16.212+0530][258.974s] GC(1156) User=0.00s Sys=0.00s Real=0.00s
[2025-06-03T15:48:16.374+0530][259.137s] GC(1157) Pause Young (Normal) (G1 Evacuation Pause)
[2025-06-03T15:48:16.374+0530][259.137s] GC(1157) Using 8 workers of 8 for evacuation
[2025-06-03T15:48:16.375+0530][259.138s] GC(1157) Skipped phase 1 of Reference Processing: no references
[2025-06-03T15:48:16.375+0530][259.138s] GC(1157) Skipped phase 2 of Reference Processing: no references
[2025-06-03T15:48:16.375+0530][259.138s] GC(1157) Skipped phase 3 of Reference Processing: no references
[2025-06-03T15:48:16.375+0530][259.138s] GC(1157) Skipped phase 4 of Reference Processing: no references
[2025-06-03T15:48:16.375+0530][259.138s] GC(1157)   Pre Evacuate Collection Set: 0.1ms
[2025-06-03T15:48:16.375+0530][259.138s] GC(1157)   Merge Heap Roots: 0.1ms
[2025-06-03T15:48:16.375+0530][259.138s] GC(1157)   Evacuate Collection Set: 0.2ms
[2025-06-03T15:48:16.375+0530][259.138s] GC(1157)   Post Evacuate Collection Set: 0.5ms
[2025-06-03T15:48:16.375+0530][259.138s] GC(1157)   Other: 0.2ms
[2025-06-03T15:48:16.375+0530][259.138s] GC(1157) Eden regions: 306->0(306)
[2025-06-03T15:48:16.375+0530][259.138s] GC(1157) Survivor regions: 1->1(39)
[2025-06-03T15:48:16.376+0530][259.138s] GC(1157) Old regions: 9->9
[2025-06-03T15:48:16.376+0530][259.138s] GC(1157) Archive regions: 2->2
[2025-06-03T15:48:16.376+0530][259.138s] GC(1157) Humongous regions: 0->0
[2025-06-03T15:48:16.376+0530][259.138s] GC(1157) Metaspace: 20495K(20992K)->20495K(20992K) NonClass: 17910K(18176K)->17910K(18176K) Class: 2585K(2816K)->2585K(2816K)
[2025-06-03T15:48:16.376+0530][259.138s] GC(1157) Pause Young (Normal) (G1 Evacuation Pause) 315M->9M(512M) 1.270ms
[2025-06-03T15:48:16.376+0530][259.138s] GC(1157) User=0.00s Sys=0.00s Real=0.00s
[2025-06-03T15:48:16.535+0530][259.297s] GC(1158) Pause Young (Normal) (G1 Evacuation Pause)
[2025-06-03T15:48:16.535+0530][259.297s] GC(1158) Using 8 workers of 8 for evacuation
[2025-06-03T15:48:16.535+0530][259.298s] GC(1158) Skipped phase 1 of Reference Processing: no references
[2025-06-03T15:48:16.535+0530][259.298s] GC(1158) Skipped phase 2 of Reference Processing: no references
[2025-06-03T15:48:16.535+0530][259.298s] GC(1158) Skipped phase 3 of Reference Processing: no references
[2025-06-03T15:48:16.535+0530][259.298s] GC(1158) Skipped phase 4 of Reference Processing: no references
[2025-06-03T15:48:16.536+0530][259.298s] GC(1158)   Pre Evacuate Collection Set: 0.1ms
[2025-06-03T15:48:16.536+0530][259.298s] GC(1158)   Merge Heap Roots: 0.1ms
[2025-06-03T15:48:16.536+0530][259.298s] GC(1158)   Evacuate Collection Set: 0.3ms
[2025-06-03T15:48:16.536+0530][259.298s] GC(1158)   Post Evacuate Collection Set: 0.5ms
[2025-06-03T15:48:16.536+0530][259.298s] GC(1158)   Other: 0.2ms
[2025-06-03T15:48:16.536+0530][259.298s] GC(1158) Eden regions: 306->0(306)
[2025-06-03T15:48:16.536+0530][259.298s] GC(1158) Survivor regions: 1->1(39)
[2025-06-03T15:48:16.536+0530][259.299s] GC(1158) Old regions: 9->9
[2025-06-03T15:48:16.536+0530][259.299s] GC(1158) Archive regions: 2->2
[2025-06-03T15:48:16.536+0530][259.299s] GC(1158) Humongous regions: 0->0
[2025-06-03T15:48:16.536+0530][259.299s] GC(1158) Metaspace: 20495K(20992K)->20495K(20992K) NonClass: 17910K(18176K)->17910K(18176K) Class: 2585K(2816K)->2585K(2816K)
[2025-06-03T15:48:16.536+0530][259.299s] GC(1158) Pause Young (Normal) (G1 Evacuation Pause) 315M->9M(512M) 1.278ms
[2025-06-03T15:48:16.536+0530][259.299s] GC(1158) User=0.00s Sys=0.00s Real=0.00s
[2025-06-03T15:48:16.749+0530][259.511s] GC(1159) Pause Young (Normal) (G1 Evacuation Pause)
[2025-06-03T15:48:16.749+0530][259.511s] GC(1159) Using 8 workers of 8 for evacuation
[2025-06-03T15:48:16.749+0530][259.512s] GC(1159) Skipped phase 1 of Reference Processing: no references
[2025-06-03T15:48:16.749+0530][259.512s] GC(1159) Skipped phase 2 of Reference Processing: no references
[2025-06-03T15:48:16.749+0530][259.512s] GC(1159) Skipped phase 3 of Reference Processing: no references
[2025-06-03T15:48:16.749+0530][259.512s] GC(1159) Skipped phase 4 of Reference Processing: no references
[2025-06-03T15:48:16.750+0530][259.512s] GC(1159)   Pre Evacuate Collection Set: 0.1ms
[2025-06-03T15:48:16.750+0530][259.512s] GC(1159)   Merge Heap Roots: 0.1ms
[2025-06-03T15:48:16.750+0530][259.512s] GC(1159)   Evacuate Collection Set: 0.2ms
[2025-06-03T15:48:16.750+0530][259.512s] GC(1159)   Post Evacuate Collection Set: 0.5ms
[2025-06-03T15:48:16.750+0530][259.512s] GC(1159)   Other: 0.2ms
[2025-06-03T15:48:16.750+0530][259.513s] GC(1159) Eden regions: 306->0(306)
[2025-06-03T15:48:16.750+0530][259.513s] GC(1159) Survivor regions: 1->1(39)
[2025-06-03T15:48:16.750+0530][259.513s] GC(1159) Old regions: 9->9
[2025-06-03T15:48:16.750+0530][259.513s] GC(1159) Archive regions: 2->2
[2025-06-03T15:48:16.750+0530][259.513s] GC(1159) Humongous regions: 0->0
[2025-06-03T15:48:16.750+0530][259.513s] GC(1159) Metaspace: 20495K(20992K)->20495K(20992K) NonClass: 17910K(18176K)->17910K(18176K) Class: 2585K(2816K)->2585K(2816K)
[2025-06-03T15:48:16.750+0530][259.513s] GC(1159) Pause Young (Normal) (G1 Evacuation Pause) 315M->9M(512M) 1.397ms
[2025-06-03T15:48:16.750+0530][259.513s] GC(1159) User=0.00s Sys=0.00s Real=0.01s
[2025-06-03T15:48:16.915+0530][259.678s] GC(1160) Pause Young (Normal) (G1 Evacuation Pause)
[2025-06-03T15:48:16.915+0530][259.678s] GC(1160) Using 8 workers of 8 for evacuation
[2025-06-03T15:48:16.916+0530][259.678s] GC(1160) Skipped phase 1 of Reference Processing: no references
[2025-06-03T15:48:16.916+0530][259.678s] GC(1160) Skipped phase 2 of Reference Processing: no references
[2025-06-03T15:48:16.916+0530][259.678s] GC(1160) Skipped phase 3 of Reference Processing: no references
[2025-06-03T15:48:16.916+0530][259.678s] GC(1160) Skipped phase 4 of Reference Processing: no references
[2025-06-03T15:48:16.916+0530][259.679s] GC(1160)   Pre Evacuate Collection Set: 0.1ms
[2025-06-03T15:48:16.916+0530][259.679s] GC(1160)   Merge Heap Roots: 0.1ms
[2025-06-03T15:48:16.916+0530][259.679s] GC(1160)   Evacuate Collection Set: 0.2ms
[2025-06-03T15:48:16.916+0530][259.679s] GC(1160)   Post Evacuate Collection Set: 0.5ms
[2025-06-03T15:48:16.916+0530][259.679s] GC(1160)   Other: 0.2ms
[2025-06-03T15:48:16.916+0530][259.679s] GC(1160) Eden regions: 306->0(306)
[2025-06-03T15:48:16.916+0530][259.679s] GC(1160) Survivor regions: 1->1(39)
[2025-06-03T15:48:16.916+0530][259.679s] GC(1160) Old regions: 9->9
[2025-06-03T15:48:16.916+0530][259.679s] GC(1160) Archive regions: 2->2
[2025-06-03T15:48:16.916+0530][259.679s] GC(1160) Humongous regions: 0->0
[2025-06-03T15:48:16.916+0530][259.679s] GC(1160) Metaspace: 20495K(20992K)->20495K(20992K) NonClass: 17910K(18176K)->17910K(18176K) Class: 2585K(2816K)->2585K(2816K)
[2025-06-03T15:48:16.916+0530][259.679s] GC(1160) Pause Young (Normal) (G1 Evacuation Pause) 315M->9M(512M) 1.180ms
[2025-06-03T15:48:16.916+0530][259.679s] GC(1160) User=0.00s Sys=0.00s Real=0.00s
[2025-06-03T15:48:17.076+0530][259.839s] GC(1161) Pause Young (Normal) (G1 Evacuation Pause)
[2025-06-03T15:48:17.077+0530][259.839s] GC(1161) Using 8 workers of 8 for evacuation
[2025-06-03T15:48:17.077+0530][259.840s] GC(1161) Skipped phase 1 of Reference Processing: no references
[2025-06-03T15:48:17.077+0530][259.840s] GC(1161) Skipped phase 2 of Reference Processing: no references
[2025-06-03T15:48:17.077+0530][259.840s] GC(1161) Skipped phase 3 of Reference Processing: no references
[2025-06-03T15:48:17.077+0530][259.840s] GC(1161) Skipped phase 4 of Reference Processing: no references
[2025-06-03T15:48:17.078+0530][259.840s] GC(1161)   Pre Evacuate Collection Set: 0.1ms
[2025-06-03T15:48:17.078+0530][259.840s] GC(1161)   Merge Heap Roots: 0.1ms
[2025-06-03T15:48:17.078+0530][259.840s] GC(1161)   Evacuate Collection Set: 0.3ms
[2025-06-03T15:48:17.078+0530][259.840s] GC(1161)   Post Evacuate Collection Set: 0.5ms
[2025-06-03T15:48:17.078+0530][259.840s] GC(1161)   Other: 0.2ms
[2025-06-03T15:48:17.078+0530][259.840s] GC(1161) Eden regions: 306->0(306)
[2025-06-03T15:48:17.078+0530][259.840s] GC(1161) Survivor regions: 1->1(39)
[2025-06-03T15:48:17.078+0530][259.841s] GC(1161) Old regions: 9->9
[2025-06-03T15:48:17.078+0530][259.841s] GC(1161) Archive regions: 2->2
[2025-06-03T15:48:17.078+0530][259.841s] GC(1161) Humongous regions: 0->0
[2025-06-03T15:48:17.078+0530][259.841s] GC(1161) Metaspace: 20497K(20992K)->20497K(20992K) NonClass: 17912K(18176K)->17912K(18176K) Class: 2585K(2816K)->2585K(2816K)
[2025-06-03T15:48:17.078+0530][259.841s] GC(1161) Pause Young (Normal) (G1 Evacuation Pause) 315M->9M(512M) 1.558ms
[2025-06-03T15:48:17.078+0530][259.841s] GC(1161) User=0.00s Sys=0.00s Real=0.00s
[2025-06-03T15:48:17.278+0530][260.041s] GC(1162) Pause Young (Normal) (G1 Evacuation Pause)
[2025-06-03T15:48:17.278+0530][260.041s] GC(1162) Using 8 workers of 8 for evacuation
[2025-06-03T15:48:17.279+0530][260.042s] GC(1162) Skipped phase 1 of Reference Processing: no references
[2025-06-03T15:48:17.279+0530][260.042s] GC(1162) Skipped phase 2 of Reference Processing: no references
[2025-06-03T15:48:17.279+0530][260.042s] GC(1162) Skipped phase 3 of Reference Processing: no references
[2025-06-03T15:48:17.279+0530][260.042s] GC(1162) Skipped phase 4 of Reference Processing: no references
[2025-06-03T15:48:17.279+0530][260.042s] GC(1162)   Pre Evacuate Collection Set: 0.1ms
[2025-06-03T15:48:17.279+0530][260.042s] GC(1162)   Merge Heap Roots: 0.1ms
[2025-06-03T15:48:17.279+0530][260.042s] GC(1162)   Evacuate Collection Set: 0.2ms
[2025-06-03T15:48:17.279+0530][260.042s] GC(1162)   Post Evacuate Collection Set: 0.5ms
[2025-06-03T15:48:17.279+0530][260.042s] GC(1162)   Other: 0.2ms
[2025-06-03T15:48:17.279+0530][260.042s] GC(1162) Eden regions: 306->0(306)
[2025-06-03T15:48:17.279+0530][260.042s] GC(1162) Survivor regions: 1->1(39)
[2025-06-03T15:48:17.279+0530][260.042s] GC(1162) Old regions: 9->9
[2025-06-03T15:48:17.279+0530][260.042s] GC(1162) Archive regions: 2->2
[2025-06-03T15:48:17.280+0530][260.042s] GC(1162) Humongous regions: 0->0
[2025-06-03T15:48:17.280+0530][260.042s] GC(1162) Metaspace: 20497K(20992K)->20497K(20992K) NonClass: 17912K(18176K)->17912K(18176K) Class: 2585K(2816K)->2585K(2816K)
[2025-06-03T15:48:17.280+0530][260.042s] GC(1162) Pause Young (Normal) (G1 Evacuation Pause) 315M->9M(512M) 1.256ms
[2025-06-03T15:48:17.280+0530][260.042s] GC(1162) User=0.01s Sys=0.00s Real=0.01s
[2025-06-03T15:48:17.455+0530][260.217s] GC(1163) Pause Young (Normal) (G1 Evacuation Pause)
[2025-06-03T15:48:17.455+0530][260.217s] GC(1163) Using 8 workers of 8 for evacuation
[2025-06-03T15:48:17.455+0530][260.218s] GC(1163) Skipped phase 1 of Reference Processing: no references
[2025-06-03T15:48:17.455+0530][260.218s] GC(1163) Skipped phase 2 of Reference Processing: no references
[2025-06-03T15:48:17.455+0530][260.218s] GC(1163) Skipped phase 3 of Reference Processing: no references
[2025-06-03T15:48:17.455+0530][260.218s] GC(1163) Skipped phase 4 of Reference Processing: no references
[2025-06-03T15:48:17.456+0530][260.218s] GC(1163)   Pre Evacuate Collection Set: 0.1ms
[2025-06-03T15:48:17.456+0530][260.218s] GC(1163)   Merge Heap Roots: 0.1ms
[2025-06-03T15:48:17.456+0530][260.219s] GC(1163)   Evacuate Collection Set: 0.2ms
[2025-06-03T15:48:17.456+0530][260.219s] GC(1163)   Post Evacuate Collection Set: 0.6ms
[2025-06-03T15:48:17.456+0530][260.219s] GC(1163)   Other: 0.2ms
[2025-06-03T15:48:17.456+0530][260.219s] GC(1163) Eden regions: 306->0(306)
[2025-06-03T15:48:17.456+0530][260.219s] GC(1163) Survivor regions: 1->1(39)
[2025-06-03T15:48:17.456+0530][260.219s] GC(1163) Old regions: 9->9
[2025-06-03T15:48:17.456+0530][260.219s] GC(1163) Archive regions: 2->2
[2025-06-03T15:48:17.456+0530][260.219s] GC(1163) Humongous regions: 0->0
[2025-06-03T15:48:17.456+0530][260.219s] GC(1163) Metaspace: 20497K(20992K)->20497K(20992K) NonClass: 17912K(18176K)->17912K(18176K) Class: 2585K(2816K)->2585K(2816K)
[2025-06-03T15:48:17.456+0530][260.219s] GC(1163) Pause Young (Normal) (G1 Evacuation Pause) 315M->9M(512M) 1.443ms
[2025-06-03T15:48:17.456+0530][260.219s] GC(1163) User=0.01s Sys=0.00s Real=0.00s
[2025-06-03T15:48:17.617+0530][260.379s] GC(1164) Pause Young (Normal) (G1 Evacuation Pause)
[2025-06-03T15:48:17.617+0530][260.380s] GC(1164) Using 8 workers of 8 for evacuation
[2025-06-03T15:48:17.618+0530][260.380s] GC(1164) Skipped phase 1 of Reference Processing: no references
[2025-06-03T15:48:17.618+0530][260.380s] GC(1164) Skipped phase 2 of Reference Processing: no references
[2025-06-03T15:48:17.618+0530][260.380s] GC(1164) Skipped phase 3 of Reference Processing: no references
[2025-06-03T15:48:17.618+0530][260.380s] GC(1164) Skipped phase 4 of Reference Processing: no references
[2025-06-03T15:48:17.618+0530][260.381s] GC(1164)   Pre Evacuate Collection Set: 0.1ms
[2025-06-03T15:48:17.618+0530][260.381s] GC(1164)   Merge Heap Roots: 0.1ms
[2025-06-03T15:48:17.618+0530][260.381s] GC(1164)   Evacuate Collection Set: 0.3ms
[2025-06-03T15:48:17.618+0530][260.381s] GC(1164)   Post Evacuate Collection Set: 0.5ms
[2025-06-03T15:48:17.618+0530][260.381s] GC(1164)   Other: 0.3ms
[2025-06-03T15:48:17.618+0530][260.381s] GC(1164) Eden regions: 306->0(306)
[2025-06-03T15:48:17.618+0530][260.381s] GC(1164) Survivor regions: 1->1(39)
[2025-06-03T15:48:17.618+0530][260.381s] GC(1164) Old regions: 9->9
[2025-06-03T15:48:17.618+0530][260.381s] GC(1164) Archive regions: 2->2
[2025-06-03T15:48:17.618+0530][260.381s] GC(1164) Humongous regions: 0->0
[2025-06-03T15:48:17.618+0530][260.381s] GC(1164) Metaspace: 20497K(20992K)->20497K(20992K) NonClass: 17912K(18176K)->17912K(18176K) Class: 2585K(2816K)->2585K(2816K)
[2025-06-03T15:48:17.618+0530][260.381s] GC(1164) Pause Young (Normal) (G1 Evacuation Pause) 315M->9M(512M) 1.542ms
[2025-06-03T15:48:17.618+0530][260.381s] GC(1164) User=0.00s Sys=0.00s Real=0.00s
[2025-06-03T15:48:17.781+0530][260.543s] GC(1165) Pause Young (Normal) (G1 Evacuation Pause)
[2025-06-03T15:48:17.781+0530][260.543s] GC(1165) Using 8 workers of 8 for evacuation
[2025-06-03T15:48:17.781+0530][260.544s] GC(1165) Skipped phase 1 of Reference Processing: no references
[2025-06-03T15:48:17.781+0530][260.544s] GC(1165) Skipped phase 2 of Reference Processing: no references
[2025-06-03T15:48:17.781+0530][260.544s] GC(1165) Skipped phase 3 of Reference Processing: no references
[2025-06-03T15:48:17.781+0530][260.544s] GC(1165) Skipped phase 4 of Reference Processing: no references
[2025-06-03T15:48:17.782+0530][260.545s] GC(1165)   Pre Evacuate Collection Set: 0.1ms
[2025-06-03T15:48:17.782+0530][260.545s] GC(1165)   Merge Heap Roots: 0.1ms
[2025-06-03T15:48:17.782+0530][260.545s] GC(1165)   Evacuate Collection Set: 0.3ms
[2025-06-03T15:48:17.782+0530][260.545s] GC(1165)   Post Evacuate Collection Set: 0.5ms
[2025-06-03T15:48:17.782+0530][260.545s] GC(1165)   Other: 0.2ms
[2025-06-03T15:48:17.782+0530][260.545s] GC(1165) Eden regions: 306->0(306)
[2025-06-03T15:48:17.782+0530][260.545s] GC(1165) Survivor regions: 1->1(39)
[2025-06-03T15:48:17.782+0530][260.545s] GC(1165) Old regions: 9->9
[2025-06-03T15:48:17.782+0530][260.545s] GC(1165) Archive regions: 2->2
[2025-06-03T15:48:17.782+0530][260.545s] GC(1165) Humongous regions: 0->0
[2025-06-03T15:48:17.782+0530][260.545s] GC(1165) Metaspace: 20497K(20992K)->20497K(20992K) NonClass: 17912K(18176K)->17912K(18176K) Class: 2585K(2816K)->2585K(2816K)
[2025-06-03T15:48:17.782+0530][260.545s] GC(1165) Pause Young (Normal) (G1 Evacuation Pause) 315M->9M(512M) 1.617ms
[2025-06-03T15:48:17.782+0530][260.545s] GC(1165) User=0.00s Sys=0.00s Real=0.00s
[2025-06-03T15:48:17.953+0530][260.715s] GC(1166) Pause Young (Normal) (G1 Evacuation Pause)
[2025-06-03T15:48:17.953+0530][260.716s] GC(1166) Using 8 workers of 8 for evacuation
[2025-06-03T15:48:17.954+0530][260.716s] GC(1166) Skipped phase 1 of Reference Processing: no references
[2025-06-03T15:48:17.954+0530][260.716s] GC(1166) Skipped phase 2 of Reference Processing: no references
[2025-06-03T15:48:17.954+0530][260.716s] GC(1166) Skipped phase 3 of Reference Processing: no references
[2025-06-03T15:48:17.954+0530][260.716s] GC(1166) Skipped phase 4 of Reference Processing: no references
[2025-06-03T15:48:17.954+0530][260.717s] GC(1166)   Pre Evacuate Collection Set: 0.1ms
[2025-06-03T15:48:17.954+0530][260.717s] GC(1166)   Merge Heap Roots: 0.1ms
[2025-06-03T15:48:17.954+0530][260.717s] GC(1166)   Evacuate Collection Set: 0.3ms
[2025-06-03T15:48:17.954+0530][260.717s] GC(1166)   Post Evacuate Collection Set: 0.6ms
[2025-06-03T15:48:17.954+0530][260.717s] GC(1166)   Other: 0.3ms
[2025-06-03T15:48:17.954+0530][260.717s] GC(1166) Eden regions: 306->0(306)
[2025-06-03T15:48:17.954+0530][260.717s] GC(1166) Survivor regions: 1->1(39)
[2025-06-03T15:48:17.954+0530][260.717s] GC(1166) Old regions: 9->9
[2025-06-03T15:48:17.954+0530][260.717s] GC(1166) Archive regions: 2->2
[2025-06-03T15:48:17.954+0530][260.717s] GC(1166) Humongous regions: 0->0
[2025-06-03T15:48:17.954+0530][260.717s] GC(1166) Metaspace: 20497K(20992K)->20497K(20992K) NonClass: 17912K(18176K)->17912K(18176K) Class: 2585K(2816K)->2585K(2816K)
[2025-06-03T15:48:17.954+0530][260.717s] GC(1166) Pause Young (Normal) (G1 Evacuation Pause) 315M->9M(512M) 1.635ms
[2025-06-03T15:48:17.954+0530][260.717s] GC(1166) User=0.00s Sys=0.00s Real=0.00s
[2025-06-03T15:48:18.132+0530][260.895s] GC(1167) Pause Young (Normal) (G1 Evacuation Pause)
[2025-06-03T15:48:18.132+0530][260.895s] GC(1167) Using 8 workers of 8 for evacuation
[2025-06-03T15:48:18.133+0530][260.895s] GC(1167) Skipped phase 1 of Reference Processing: no references
[2025-06-03T15:48:18.133+0530][260.895s] GC(1167) Skipped phase 2 of Reference Processing: no references
[2025-06-03T15:48:18.133+0530][260.895s] GC(1167) Skipped phase 3 of Reference Processing: no references
[2025-06-03T15:48:18.133+0530][260.895s] GC(1167) Skipped phase 4 of Reference Processing: no references
[2025-06-03T15:48:18.133+0530][260.896s] GC(1167)   Pre Evacuate Collection Set: 0.1ms
[2025-06-03T15:48:18.133+0530][260.896s] GC(1167)   Merge Heap Roots: 0.1ms
[2025-06-03T15:48:18.133+0530][260.896s] GC(1167)   Evacuate Collection Set: 0.3ms
[2025-06-03T15:48:18.133+0530][260.896s] GC(1167)   Post Evacuate Collection Set: 0.5ms
[2025-06-03T15:48:18.133+0530][260.896s] GC(1167)   Other: 0.2ms
[2025-06-03T15:48:18.133+0530][260.896s] GC(1167) Eden regions: 306->0(306)
[2025-06-03T15:48:18.133+0530][260.896s] GC(1167) Survivor regions: 1->1(39)
[2025-06-03T15:48:18.133+0530][260.896s] GC(1167) Old regions: 9->9
[2025-06-03T15:48:18.133+0530][260.896s] GC(1167) Archive regions: 2->2
[2025-06-03T15:48:18.133+0530][260.896s] GC(1167) Humongous regions: 0->0
[2025-06-03T15:48:18.133+0530][260.896s] GC(1167) Metaspace: 20497K(20992K)->20497K(20992K) NonClass: 17912K(18176K)->17912K(18176K) Class: 2585K(2816K)->2585K(2816K)
[2025-06-03T15:48:18.133+0530][260.896s] GC(1167) Pause Young (Normal) (G1 Evacuation Pause) 315M->9M(512M) 1.371ms
[2025-06-03T15:48:18.133+0530][260.896s] GC(1167) User=0.01s Sys=0.00s Real=0.00s
[2025-06-03T15:48:18.313+0530][261.076s] GC(1168) Pause Young (Normal) (G1 Evacuation Pause)
[2025-06-03T15:48:18.313+0530][261.076s] GC(1168) Using 8 workers of 8 for evacuation
[2025-06-03T15:48:18.313+0530][261.076s] GC(1168) Skipped phase 1 of Reference Processing: no references
[2025-06-03T15:48:18.314+0530][261.076s] GC(1168) Skipped phase 2 of Reference Processing: no references
[2025-06-03T15:48:18.314+0530][261.076s] GC(1168) Skipped phase 3 of Reference Processing: no references
[2025-06-03T15:48:18.314+0530][261.076s] GC(1168) Skipped phase 4 of Reference Processing: no references
[2025-06-03T15:48:18.314+0530][261.077s] GC(1168)   Pre Evacuate Collection Set: 0.1ms
[2025-06-03T15:48:18.314+0530][261.077s] GC(1168)   Merge Heap Roots: 0.1ms
[2025-06-03T15:48:18.314+0530][261.077s] GC(1168)   Evacuate Collection Set: 0.2ms
[2025-06-03T15:48:18.314+0530][261.077s] GC(1168)   Post Evacuate Collection Set: 0.4ms
[2025-06-03T15:48:18.314+0530][261.077s] GC(1168)   Other: 0.2ms
[2025-06-03T15:48:18.314+0530][261.077s] GC(1168) Eden regions: 306->0(306)
[2025-06-03T15:48:18.314+0530][261.077s] GC(1168) Survivor regions: 1->1(39)
[2025-06-03T15:48:18.314+0530][261.077s] GC(1168) Old regions: 9->9
[2025-06-03T15:48:18.314+0530][261.077s] GC(1168) Archive regions: 2->2
[2025-06-03T15:48:18.314+0530][261.077s] GC(1168) Humongous regions: 0->0
[2025-06-03T15:48:18.314+0530][261.077s] GC(1168) Metaspace: 20497K(20992K)->20497K(20992K) NonClass: 17912K(18176K)->17912K(18176K) Class: 2585K(2816K)->2585K(2816K)
[2025-06-03T15:48:18.314+0530][261.077s] GC(1168) Pause Young (Normal) (G1 Evacuation Pause) 315M->9M(512M) 1.243ms
[2025-06-03T15:48:18.314+0530][261.077s] GC(1168) User=0.00s Sys=0.00s Real=0.00s
[2025-06-03T15:48:18.508+0530][261.271s] GC(1169) Pause Young (Normal) (G1 Evacuation Pause)
[2025-06-03T15:48:18.508+0530][261.271s] GC(1169) Using 8 workers of 8 for evacuation
[2025-06-03T15:48:18.509+0530][261.272s] GC(1169) Skipped phase 1 of Reference Processing: no references
[2025-06-03T15:48:18.509+0530][261.272s] GC(1169) Skipped phase 2 of Reference Processing: no references
[2025-06-03T15:48:18.509+0530][261.272s] GC(1169) Skipped phase 3 of Reference Processing: no references
[2025-06-03T15:48:18.509+0530][261.272s] GC(1169) Skipped phase 4 of Reference Processing: no references
[2025-06-03T15:48:18.510+0530][261.272s] GC(1169)   Pre Evacuate Collection Set: 0.1ms
[2025-06-03T15:48:18.510+0530][261.272s] GC(1169)   Merge Heap Roots: 0.1ms
[2025-06-03T15:48:18.510+0530][261.272s] GC(1169)   Evacuate Collection Set: 0.2ms
[2025-06-03T15:48:18.510+0530][261.272s] GC(1169)   Post Evacuate Collection Set: 0.5ms
[2025-06-03T15:48:18.510+0530][261.272s] GC(1169)   Other: 0.2ms
[2025-06-03T15:48:18.510+0530][261.272s] GC(1169) Eden regions: 306->0(306)
[2025-06-03T15:48:18.510+0530][261.272s] GC(1169) Survivor regions: 1->1(39)
[2025-06-03T15:48:18.510+0530][261.272s] GC(1169) Old regions: 9->9
[2025-06-03T15:48:18.510+0530][261.272s] GC(1169) Archive regions: 2->2
[2025-06-03T15:48:18.510+0530][261.272s] GC(1169) Humongous regions: 0->0
[2025-06-03T15:48:18.510+0530][261.272s] GC(1169) Metaspace: 20497K(20992K)->20497K(20992K) NonClass: 17912K(18176K)->17912K(18176K) Class: 2585K(2816K)->2585K(2816K)
[2025-06-03T15:48:18.510+0530][261.272s] GC(1169) Pause Young (Normal) (G1 Evacuation Pause) 315M->9M(512M) 1.373ms
[2025-06-03T15:48:18.510+0530][261.273s] GC(1169) User=0.00s Sys=0.00s Real=0.01s
[2025-06-03T15:48:18.685+0530][261.448s] GC(1170) Pause Young (Normal) (G1 Evacuation Pause)
[2025-06-03T15:48:18.685+0530][261.448s] GC(1170) Using 8 workers of 8 for evacuation
[2025-06-03T15:48:18.686+0530][261.448s] GC(1170) Skipped phase 1 of Reference Processing: no references
[2025-06-03T15:48:18.686+0530][261.448s] GC(1170) Skipped phase 2 of Reference Processing: no references
[2025-06-03T15:48:18.686+0530][261.448s] GC(1170) Skipped phase 3 of Reference Processing: no references
[2025-06-03T15:48:18.686+0530][261.448s] GC(1170) Skipped phase 4 of Reference Processing: no references
[2025-06-03T15:48:18.686+0530][261.449s] GC(1170)   Pre Evacuate Collection Set: 0.1ms
[2025-06-03T15:48:18.686+0530][261.449s] GC(1170)   Merge Heap Roots: 0.1ms
[2025-06-03T15:48:18.686+0530][261.449s] GC(1170)   Evacuate Collection Set: 0.2ms
[2025-06-03T15:48:18.686+0530][261.449s] GC(1170)   Post Evacuate Collection Set: 0.5ms
[2025-06-03T15:48:18.686+0530][261.449s] GC(1170)   Other: 0.2ms
[2025-06-03T15:48:18.686+0530][261.449s] GC(1170) Eden regions: 306->0(306)
[2025-06-03T15:48:18.686+0530][261.449s] GC(1170) Survivor regions: 1->1(39)
[2025-06-03T15:48:18.686+0530][261.449s] GC(1170) Old regions: 9->9
[2025-06-03T15:48:18.686+0530][261.449s] GC(1170) Archive regions: 2->2
[2025-06-03T15:48:18.686+0530][261.449s] GC(1170) Humongous regions: 0->0
[2025-06-03T15:48:18.686+0530][261.449s] GC(1170) Metaspace: 20497K(20992K)->20497K(20992K) NonClass: 17912K(18176K)->17912K(18176K) Class: 2585K(2816K)->2585K(2816K)
[2025-06-03T15:48:18.686+0530][261.449s] GC(1170) Pause Young (Normal) (G1 Evacuation Pause) 315M->9M(512M) 1.379ms
[2025-06-03T15:48:18.686+0530][261.449s] GC(1170) User=0.01s Sys=0.00s Real=0.00s
[2025-06-03T15:48:18.847+0530][261.610s] GC(1171) Pause Young (Normal) (G1 Evacuation Pause)
[2025-06-03T15:48:18.847+0530][261.610s] GC(1171) Using 8 workers of 8 for evacuation
[2025-06-03T15:48:18.848+0530][261.610s] GC(1171) Skipped phase 1 of Reference Processing: no references
[2025-06-03T15:48:18.848+0530][261.610s] GC(1171) Skipped phase 2 of Reference Processing: no references
[2025-06-03T15:48:18.848+0530][261.610s] GC(1171) Skipped phase 3 of Reference Processing: no references
[2025-06-03T15:48:18.848+0530][261.610s] GC(1171) Skipped phase 4 of Reference Processing: no references
[2025-06-03T15:48:18.848+0530][261.611s] GC(1171)   Pre Evacuate Collection Set: 0.1ms
[2025-06-03T15:48:18.848+0530][261.611s] GC(1171)   Merge Heap Roots: 0.1ms
[2025-06-03T15:48:18.848+0530][261.611s] GC(1171)   Evacuate Collection Set: 0.2ms
[2025-06-03T15:48:18.848+0530][261.611s] GC(1171)   Post Evacuate Collection Set: 0.5ms
[2025-06-03T15:48:18.848+0530][261.611s] GC(1171)   Other: 0.2ms
[2025-06-03T15:48:18.848+0530][261.611s] GC(1171) Eden regions: 306->0(306)
[2025-06-03T15:48:18.848+0530][261.611s] GC(1171) Survivor regions: 1->1(39)
[2025-06-03T15:48:18.848+0530][261.611s] GC(1171) Old regions: 9->9
[2025-06-03T15:48:18.848+0530][261.611s] GC(1171) Archive regions: 2->2
