[2025-06-03T15:51:12.165+0530][0.010s] Using G1
[2025-06-03T15:51:12.170+0530][0.015s] Version: 17.0.8+9-LTS-211 (release)
[2025-06-03T15:51:12.170+0530][0.015s] CPUs: 8 total, 8 available
[2025-06-03T15:51:12.170+0530][0.015s] Memory: 16384M
[2025-06-03T15:51:12.170+0530][0.015s] Large Page Support: Disabled
[2025-06-03T15:51:12.170+0530][0.015s] NUMA Support: Disabled
[2025-06-03T15:51:12.170+0530][0.015s] Compressed Oops: Enabled (Zero based)
[2025-06-03T15:51:12.170+0530][0.015s] Heap Region Size: 1M
[2025-06-03T15:51:12.170+0530][0.015s] Heap Min Capacity: 512M
[2025-06-03T15:51:12.170+0530][0.015s] Heap Initial Capacity: 512M
[2025-06-03T15:51:12.170+0530][0.015s] Heap Max Capacity: 512M
[2025-06-03T15:51:12.170+0530][0.015s] Pre-touch: Disabled
[2025-06-03T15:51:12.171+0530][0.015s] Parallel Workers: 8
[2025-06-03T15:51:12.171+0530][0.015s] Concurrent Workers: 2
[2025-06-03T15:51:12.171+0530][0.015s] Concurrent Refinement Workers: 8
[2025-06-03T15:51:12.171+0530][0.015s] Periodic GC: Disabled
[2025-06-03T15:51:12.179+0530][0.023s] CDS archive(s) mapped at: [0x0000000123000000-0x0000000123be4000-0x0000000123be4000), size 12468224, SharedBaseAddress: 0x0000000123000000, ArchiveRelocationMode: 1.
[2025-06-03T15:51:12.179+0530][0.023s] Compressed class space mapped at: 0x0000000124000000-0x000000012b000000, reserved size: 117440512
[2025-06-03T15:51:12.179+0530][0.023s] Narrow klass base: 0x0000000123000000, Narrow klass shift: 0, Narrow klass range: 0x100000000
[2025-06-03T15:51:12.709+0530][0.553s] GC(0) Pause Young (Normal) (G1 Evacuation Pause)
[2025-06-03T15:51:12.709+0530][0.554s] GC(0) Using 8 workers of 8 for evacuation
[2025-06-03T15:51:12.711+0530][0.556s] GC(0) Skipped phase 1 of Reference Processing: no references
[2025-06-03T15:51:12.711+0530][0.556s] GC(0) ReferenceProcessor::execute queues: 1, RefProcThreadModel::Single, marks_oops_alive: false
[2025-06-03T15:51:12.712+0530][0.556s] GC(0) Skipped phase 3 of Reference Processing: no references
[2025-06-03T15:51:12.712+0530][0.556s] GC(0) ReferenceProcessor::execute queues: 1, RefProcThreadModel::Single, marks_oops_alive: false
[2025-06-03T15:51:12.712+0530][0.556s] GC(0)   Pre Evacuate Collection Set: 0.1ms
[2025-06-03T15:51:12.712+0530][0.556s] GC(0)   Merge Heap Roots: 0.1ms
[2025-06-03T15:51:12.712+0530][0.556s] GC(0)   Evacuate Collection Set: 2.0ms
[2025-06-03T15:51:12.712+0530][0.556s] GC(0)   Post Evacuate Collection Set: 0.4ms
[2025-06-03T15:51:12.712+0530][0.556s] GC(0)   Other: 0.6ms
[2025-06-03T15:51:12.712+0530][0.556s] GC(0) Eden regions: 25->0(45)
[2025-06-03T15:51:12.712+0530][0.556s] GC(0) Survivor regions: 0->3(4)
[2025-06-03T15:51:12.712+0530][0.556s] GC(0) Old regions: 0->0
[2025-06-03T15:51:12.712+0530][0.556s] GC(0) Archive regions: 2->2
[2025-06-03T15:51:12.712+0530][0.556s] GC(0) Humongous regions: 0->0
[2025-06-03T15:51:12.712+0530][0.556s] GC(0) Metaspace: 5651K(5888K)->5651K(5888K) NonClass: 4964K(5056K)->4964K(5056K) Class: 686K(832K)->686K(832K)
[2025-06-03T15:51:12.712+0530][0.556s] GC(0) Pause Young (Normal) (G1 Evacuation Pause) 25M->3M(512M) 3.293ms
[2025-06-03T15:51:12.712+0530][0.556s] GC(0) User=0.02s Sys=0.00s Real=0.01s
[2025-06-03T15:51:13.467+0530][1.312s] GC(1) Pause Young (Normal) (G1 Evacuation Pause)
[2025-06-03T15:51:13.467+0530][1.312s] GC(1) Using 8 workers of 8 for evacuation
[2025-06-03T15:51:13.473+0530][1.317s] GC(1) Skipped phase 1 of Reference Processing: no references
[2025-06-03T15:51:13.473+0530][1.317s] GC(1) ReferenceProcessor::execute queues: 2, RefProcThreadModel::Multi, marks_oops_alive: false
[2025-06-03T15:51:13.473+0530][1.317s] GC(1) Skipped phase 3 of Reference Processing: no references
[2025-06-03T15:51:13.473+0530][1.317s] GC(1) ReferenceProcessor::execute queues: 2, RefProcThreadModel::Multi, marks_oops_alive: false
[2025-06-03T15:51:13.474+0530][1.318s] GC(1)   Pre Evacuate Collection Set: 0.1ms
[2025-06-03T15:51:13.474+0530][1.318s] GC(1)   Merge Heap Roots: 0.0ms
[2025-06-03T15:51:13.474+0530][1.318s] GC(1)   Evacuate Collection Set: 5.1ms
[2025-06-03T15:51:13.474+0530][1.318s] GC(1)   Post Evacuate Collection Set: 0.7ms
[2025-06-03T15:51:13.474+0530][1.318s] GC(1)   Other: 0.5ms
[2025-06-03T15:51:13.474+0530][1.318s] GC(1) Eden regions: 45->0(132)
[2025-06-03T15:51:13.474+0530][1.318s] GC(1) Survivor regions: 3->5(6)
[2025-06-03T15:51:13.474+0530][1.318s] GC(1) Old regions: 0->0
[2025-06-03T15:51:13.474+0530][1.318s] GC(1) Archive regions: 2->2
[2025-06-03T15:51:13.474+0530][1.318s] GC(1) Humongous regions: 0->0
[2025-06-03T15:51:13.474+0530][1.318s] GC(1) Metaspace: 12780K(13120K)->12780K(13120K) NonClass: 11084K(11264K)->11084K(11264K) Class: 1696K(1856K)->1696K(1856K)
[2025-06-03T15:51:13.474+0530][1.318s] GC(1) Pause Young (Normal) (G1 Evacuation Pause) 48M->5M(512M) 6.690ms
[2025-06-03T15:51:13.474+0530][1.318s] GC(1) User=0.04s Sys=0.01s Real=0.01s
[2025-06-03T15:51:13.787+0530][1.631s] GC(2) Pause Young (Normal) (G1 Evacuation Pause)
[2025-06-03T15:51:13.787+0530][1.631s] GC(2) Using 8 workers of 8 for evacuation
[2025-06-03T15:51:13.793+0530][1.637s] GC(2) Skipped phase 1 of Reference Processing: no references
[2025-06-03T15:51:13.793+0530][1.637s] GC(2) ReferenceProcessor::execute queues: 2, RefProcThreadModel::Multi, marks_oops_alive: false
[2025-06-03T15:51:13.793+0530][1.637s] GC(2) Skipped phase 3 of Reference Processing: no references
[2025-06-03T15:51:13.793+0530][1.637s] GC(2) ReferenceProcessor::execute queues: 1, RefProcThreadModel::Single, marks_oops_alive: false
[2025-06-03T15:51:13.793+0530][1.638s] GC(2)   Pre Evacuate Collection Set: 0.1ms
[2025-06-03T15:51:13.793+0530][1.638s] GC(2)   Merge Heap Roots: 0.0ms
[2025-06-03T15:51:13.793+0530][1.638s] GC(2)   Evacuate Collection Set: 5.2ms
[2025-06-03T15:51:13.793+0530][1.638s] GC(2)   Post Evacuate Collection Set: 0.7ms
[2025-06-03T15:51:13.793+0530][1.638s] GC(2)   Other: 0.2ms
[2025-06-03T15:51:13.793+0530][1.638s] GC(2) Eden regions: 132->0(301)
[2025-06-03T15:51:13.793+0530][1.638s] GC(2) Survivor regions: 5->6(18)
[2025-06-03T15:51:13.793+0530][1.638s] GC(2) Old regions: 0->0
[2025-06-03T15:51:13.793+0530][1.638s] GC(2) Archive regions: 2->2
[2025-06-03T15:51:13.793+0530][1.638s] GC(2) Humongous regions: 0->0
[2025-06-03T15:51:13.793+0530][1.638s] GC(2) Metaspace: 14510K(14848K)->14510K(14848K) NonClass: 12577K(12736K)->12577K(12736K) Class: 1932K(2112K)->1932K(2112K)
[2025-06-03T15:51:13.794+0530][1.638s] GC(2) Pause Young (Normal) (G1 Evacuation Pause) 137M->6M(512M) 6.507ms
[2025-06-03T15:51:13.794+0530][1.638s] GC(2) User=0.03s Sys=0.01s Real=0.01s
[2025-06-03T15:51:14.004+0530][1.848s] GC(3) Pause Young (Normal) (G1 Evacuation Pause)
[2025-06-03T15:51:14.004+0530][1.848s] GC(3) Using 8 workers of 8 for evacuation
[2025-06-03T15:51:14.009+0530][1.854s] GC(3) Skipped phase 1 of Reference Processing: no references
[2025-06-03T15:51:14.009+0530][1.854s] GC(3) ReferenceProcessor::execute queues: 2, RefProcThreadModel::Multi, marks_oops_alive: false
[2025-06-03T15:51:14.010+0530][1.854s] GC(3) Skipped phase 3 of Reference Processing: no references
[2025-06-03T15:51:14.010+0530][1.854s] GC(3) ReferenceProcessor::execute queues: 1, RefProcThreadModel::Single, marks_oops_alive: false
[2025-06-03T15:51:14.010+0530][1.854s] GC(3)   Pre Evacuate Collection Set: 0.1ms
[2025-06-03T15:51:14.010+0530][1.855s] GC(3)   Merge Heap Roots: 0.1ms
[2025-06-03T15:51:14.010+0530][1.855s] GC(3)   Evacuate Collection Set: 5.5ms
[2025-06-03T15:51:14.010+0530][1.855s] GC(3)   Post Evacuate Collection Set: 0.7ms
[2025-06-03T15:51:14.010+0530][1.855s] GC(3)   Other: 0.2ms
[2025-06-03T15:51:14.010+0530][1.855s] GC(3) Eden regions: 301->0(301)
[2025-06-03T15:51:14.010+0530][1.855s] GC(3) Survivor regions: 6->6(39)
[2025-06-03T15:51:14.010+0530][1.855s] GC(3) Old regions: 0->0
[2025-06-03T15:51:14.010+0530][1.855s] GC(3) Archive regions: 2->2
[2025-06-03T15:51:14.010+0530][1.855s] GC(3) Humongous regions: 0->0
[2025-06-03T15:51:14.010+0530][1.855s] GC(3) Metaspace: 14645K(15040K)->14645K(15040K) NonClass: 12712K(12928K)->12712K(12928K) Class: 1933K(2112K)->1933K(2112K)
[2025-06-03T15:51:14.010+0530][1.855s] GC(3) Pause Young (Normal) (G1 Evacuation Pause) 307M->6M(512M) 6.704ms
[2025-06-03T15:51:14.010+0530][1.855s] GC(3) User=0.03s Sys=0.01s Real=0.01s
[2025-06-03T15:51:14.205+0530][2.050s] GC(4) Pause Young (Normal) (G1 Evacuation Pause)
[2025-06-03T15:51:14.205+0530][2.050s] GC(4) Using 8 workers of 8 for evacuation
[2025-06-03T15:51:14.210+0530][2.054s] GC(4) Skipped phase 1 of Reference Processing: no references
[2025-06-03T15:51:14.210+0530][2.054s] GC(4) ReferenceProcessor::execute queues: 2, RefProcThreadModel::Multi, marks_oops_alive: false
[2025-06-03T15:51:14.210+0530][2.055s] GC(4) Skipped phase 3 of Reference Processing: no references
[2025-06-03T15:51:14.210+0530][2.055s] GC(4) ReferenceProcessor::execute queues: 1, RefProcThreadModel::Single, marks_oops_alive: false
[2025-06-03T15:51:14.211+0530][2.055s] GC(4)   Pre Evacuate Collection Set: 0.0ms
[2025-06-03T15:51:14.211+0530][2.055s] GC(4)   Merge Heap Roots: 0.1ms
[2025-06-03T15:51:14.211+0530][2.055s] GC(4)   Evacuate Collection Set: 4.5ms
[2025-06-03T15:51:14.211+0530][2.055s] GC(4)   Post Evacuate Collection Set: 0.8ms
[2025-06-03T15:51:14.211+0530][2.055s] GC(4)   Other: 0.1ms
[2025-06-03T15:51:14.211+0530][2.055s] GC(4) Eden regions: 301->0(301)
[2025-06-03T15:51:14.211+0530][2.055s] GC(4) Survivor regions: 6->6(39)
[2025-06-03T15:51:14.211+0530][2.055s] GC(4) Old regions: 0->0
[2025-06-03T15:51:14.211+0530][2.055s] GC(4) Archive regions: 2->2
[2025-06-03T15:51:14.211+0530][2.055s] GC(4) Humongous regions: 0->0
[2025-06-03T15:51:14.211+0530][2.055s] GC(4) Metaspace: 14686K(15104K)->14686K(15104K) NonClass: 12753K(12992K)->12753K(12992K) Class: 1933K(2112K)->1933K(2112K)
[2025-06-03T15:51:14.211+0530][2.055s] GC(4) Pause Young (Normal) (G1 Evacuation Pause) 307M->6M(512M) 5.656ms
[2025-06-03T15:51:14.211+0530][2.055s] GC(4) User=0.03s Sys=0.01s Real=0.01s
[2025-06-03T15:51:14.369+0530][2.214s] GC(5) Pause Young (Normal) (G1 Evacuation Pause)
[2025-06-03T15:51:14.369+0530][2.214s] GC(5) Using 8 workers of 8 for evacuation
[2025-06-03T15:51:14.375+0530][2.220s] GC(5) Skipped phase 1 of Reference Processing: no references
[2025-06-03T15:51:14.376+0530][2.220s] GC(5) ReferenceProcessor::execute queues: 2, RefProcThreadModel::Multi, marks_oops_alive: false
[2025-06-03T15:51:14.376+0530][2.220s] GC(5) Skipped phase 3 of Reference Processing: no references
[2025-06-03T15:51:14.376+0530][2.220s] GC(5) ReferenceProcessor::execute queues: 1, RefProcThreadModel::Single, marks_oops_alive: false
[2025-06-03T15:51:14.376+0530][2.221s] GC(5)   Pre Evacuate Collection Set: 0.1ms
[2025-06-03T15:51:14.376+0530][2.221s] GC(5)   Merge Heap Roots: 0.1ms
[2025-06-03T15:51:14.376+0530][2.221s] GC(5)   Evacuate Collection Set: 5.9ms
[2025-06-03T15:51:14.376+0530][2.221s] GC(5)   Post Evacuate Collection Set: 0.9ms
[2025-06-03T15:51:14.376+0530][2.221s] GC(5)   Other: 0.2ms
[2025-06-03T15:51:14.376+0530][2.221s] GC(5) Eden regions: 301->0(301)
[2025-06-03T15:51:14.376+0530][2.221s] GC(5) Survivor regions: 6->6(39)
[2025-06-03T15:51:14.376+0530][2.221s] GC(5) Old regions: 0->0
[2025-06-03T15:51:14.377+0530][2.221s] GC(5) Archive regions: 2->2
[2025-06-03T15:51:14.377+0530][2.221s] GC(5) Humongous regions: 0->0
[2025-06-03T15:51:14.377+0530][2.221s] GC(5) Metaspace: 14686K(15104K)->14686K(15104K) NonClass: 12753K(12992K)->12753K(12992K) Class: 1933K(2112K)->1933K(2112K)
[2025-06-03T15:51:14.377+0530][2.221s] GC(5) Pause Young (Normal) (G1 Evacuation Pause) 307M->6M(512M) 7.425ms
[2025-06-03T15:51:14.377+0530][2.221s] GC(5) User=0.04s Sys=0.00s Real=0.01s
[2025-06-03T15:51:14.542+0530][2.386s] GC(6) Pause Young (Normal) (G1 Evacuation Pause)
[2025-06-03T15:51:14.542+0530][2.386s] GC(6) Using 8 workers of 8 for evacuation
[2025-06-03T15:51:14.547+0530][2.391s] GC(6) Skipped phase 1 of Reference Processing: no references
[2025-06-03T15:51:14.547+0530][2.391s] GC(6) ReferenceProcessor::execute queues: 2, RefProcThreadModel::Multi, marks_oops_alive: false
[2025-06-03T15:51:14.547+0530][2.391s] GC(6) Skipped phase 3 of Reference Processing: no references
[2025-06-03T15:51:14.547+0530][2.391s] GC(6) ReferenceProcessor::execute queues: 1, RefProcThreadModel::Single, marks_oops_alive: false
[2025-06-03T15:51:14.548+0530][2.392s] GC(6)   Pre Evacuate Collection Set: 0.1ms
[2025-06-03T15:51:14.548+0530][2.392s] GC(6)   Merge Heap Roots: 0.1ms
[2025-06-03T15:51:14.548+0530][2.392s] GC(6)   Evacuate Collection Set: 4.5ms
[2025-06-03T15:51:14.548+0530][2.392s] GC(6)   Post Evacuate Collection Set: 0.9ms
[2025-06-03T15:51:14.548+0530][2.392s] GC(6)   Other: 0.2ms
[2025-06-03T15:51:14.548+0530][2.392s] GC(6) Eden regions: 301->0(301)
[2025-06-03T15:51:14.548+0530][2.392s] GC(6) Survivor regions: 6->6(39)
[2025-06-03T15:51:14.548+0530][2.392s] GC(6) Old regions: 0->0
[2025-06-03T15:51:14.548+0530][2.392s] GC(6) Archive regions: 2->2
[2025-06-03T15:51:14.548+0530][2.392s] GC(6) Humongous regions: 0->0
[2025-06-03T15:51:14.548+0530][2.392s] GC(6) Metaspace: 14686K(15104K)->14686K(15104K) NonClass: 12753K(12992K)->12753K(12992K) Class: 1933K(2112K)->1933K(2112K)
[2025-06-03T15:51:14.548+0530][2.392s] GC(6) Pause Young (Normal) (G1 Evacuation Pause) 307M->6M(512M) 5.860ms
[2025-06-03T15:51:14.548+0530][2.392s] GC(6) User=0.04s Sys=0.00s Real=0.00s
[2025-06-03T15:51:14.688+0530][2.533s] GC(7) Pause Young (Normal) (G1 Evacuation Pause)
[2025-06-03T15:51:14.688+0530][2.533s] GC(7) Using 8 workers of 8 for evacuation
[2025-06-03T15:51:14.692+0530][2.537s] GC(7) Skipped phase 1 of Reference Processing: no references
[2025-06-03T15:51:14.693+0530][2.537s] GC(7) ReferenceProcessor::execute queues: 2, RefProcThreadModel::Multi, marks_oops_alive: false
[2025-06-03T15:51:14.693+0530][2.537s] GC(7) Skipped phase 3 of Reference Processing: no references
[2025-06-03T15:51:14.693+0530][2.537s] GC(7) ReferenceProcessor::execute queues: 1, RefProcThreadModel::Single, marks_oops_alive: false
[2025-06-03T15:51:14.693+0530][2.538s] GC(7)   Pre Evacuate Collection Set: 0.1ms
[2025-06-03T15:51:14.693+0530][2.538s] GC(7)   Merge Heap Roots: 0.1ms
[2025-06-03T15:51:14.693+0530][2.538s] GC(7)   Evacuate Collection Set: 4.0ms
[2025-06-03T15:51:14.693+0530][2.538s] GC(7)   Post Evacuate Collection Set: 0.7ms
[2025-06-03T15:51:14.693+0530][2.538s] GC(7)   Other: 0.2ms
[2025-06-03T15:51:14.693+0530][2.538s] GC(7) Eden regions: 301->0(301)
[2025-06-03T15:51:14.693+0530][2.538s] GC(7) Survivor regions: 6->6(39)
[2025-06-03T15:51:14.693+0530][2.538s] GC(7) Old regions: 0->0
[2025-06-03T15:51:14.693+0530][2.538s] GC(7) Archive regions: 2->2
[2025-06-03T15:51:14.693+0530][2.538s] GC(7) Humongous regions: 0->0
[2025-06-03T15:51:14.693+0530][2.538s] GC(7) Metaspace: 14686K(15104K)->14686K(15104K) NonClass: 12753K(12992K)->12753K(12992K) Class: 1933K(2112K)->1933K(2112K)
[2025-06-03T15:51:14.693+0530][2.538s] GC(7) Pause Young (Normal) (G1 Evacuation Pause) 307M->6M(512M) 5.177ms
[2025-06-03T15:51:14.693+0530][2.538s] GC(7) User=0.03s Sys=0.00s Real=0.01s
[2025-06-03T15:51:14.829+0530][2.673s] GC(8) Pause Young (Normal) (G1 Evacuation Pause)
[2025-06-03T15:51:14.829+0530][2.673s] GC(8) Using 8 workers of 8 for evacuation
[2025-06-03T15:51:14.833+0530][2.678s] GC(8) Skipped phase 1 of Reference Processing: no references
[2025-06-03T15:51:14.833+0530][2.678s] GC(8) ReferenceProcessor::execute queues: 2, RefProcThreadModel::Multi, marks_oops_alive: false
[2025-06-03T15:51:14.834+0530][2.678s] GC(8) Skipped phase 3 of Reference Processing: no references
[2025-06-03T15:51:14.834+0530][2.678s] GC(8) ReferenceProcessor::execute queues: 1, RefProcThreadModel::Single, marks_oops_alive: false
[2025-06-03T15:51:14.834+0530][2.679s] GC(8)   Pre Evacuate Collection Set: 0.1ms
[2025-06-03T15:51:14.834+0530][2.679s] GC(8)   Merge Heap Roots: 0.1ms
[2025-06-03T15:51:14.834+0530][2.679s] GC(8)   Evacuate Collection Set: 4.1ms
[2025-06-03T15:51:14.834+0530][2.679s] GC(8)   Post Evacuate Collection Set: 0.8ms
[2025-06-03T15:51:14.834+0530][2.679s] GC(8)   Other: 0.1ms
[2025-06-03T15:51:14.834+0530][2.679s] GC(8) Eden regions: 301->0(301)
[2025-06-03T15:51:14.834+0530][2.679s] GC(8) Survivor regions: 6->6(39)
[2025-06-03T15:51:14.834+0530][2.679s] GC(8) Old regions: 0->0
[2025-06-03T15:51:14.834+0530][2.679s] GC(8) Archive regions: 2->2
[2025-06-03T15:51:14.834+0530][2.679s] GC(8) Humongous regions: 0->0
[2025-06-03T15:51:14.834+0530][2.679s] GC(8) Metaspace: 14686K(15104K)->14686K(15104K) NonClass: 12753K(12992K)->12753K(12992K) Class: 1933K(2112K)->1933K(2112K)
[2025-06-03T15:51:14.834+0530][2.679s] GC(8) Pause Young (Normal) (G1 Evacuation Pause) 307M->6M(512M) 5.449ms
[2025-06-03T15:51:14.834+0530][2.679s] GC(8) User=0.03s Sys=0.00s Real=0.01s
[2025-06-03T15:51:14.961+0530][2.806s] GC(9) Pause Young (Normal) (G1 Evacuation Pause)
[2025-06-03T15:51:14.961+0530][2.806s] GC(9) Using 8 workers of 8 for evacuation
[2025-06-03T15:51:14.968+0530][2.812s] GC(9) Skipped phase 1 of Reference Processing: no references
[2025-06-03T15:51:14.968+0530][2.812s] GC(9) ReferenceProcessor::execute queues: 2, RefProcThreadModel::Multi, marks_oops_alive: false
[2025-06-03T15:51:14.968+0530][2.812s] GC(9) Skipped phase 3 of Reference Processing: no references
[2025-06-03T15:51:14.968+0530][2.812s] GC(9) ReferenceProcessor::execute queues: 1, RefProcThreadModel::Single, marks_oops_alive: false
[2025-06-03T15:51:14.968+0530][2.813s] GC(9)   Pre Evacuate Collection Set: 0.1ms
[2025-06-03T15:51:14.968+0530][2.813s] GC(9)   Merge Heap Roots: 0.1ms
[2025-06-03T15:51:14.968+0530][2.813s] GC(9)   Evacuate Collection Set: 5.8ms
[2025-06-03T15:51:14.969+0530][2.813s] GC(9)   Post Evacuate Collection Set: 1.0ms
[2025-06-03T15:51:14.969+0530][2.813s] GC(9)   Other: 0.2ms
[2025-06-03T15:51:14.969+0530][2.813s] GC(9) Eden regions: 301->0(301)
[2025-06-03T15:51:14.969+0530][2.813s] GC(9) Survivor regions: 6->6(39)
[2025-06-03T15:51:14.969+0530][2.813s] GC(9) Old regions: 0->0
[2025-06-03T15:51:14.969+0530][2.813s] GC(9) Archive regions: 2->2
[2025-06-03T15:51:14.969+0530][2.813s] GC(9) Humongous regions: 0->0
[2025-06-03T15:51:14.969+0530][2.813s] GC(9) Metaspace: 14686K(15104K)->14686K(15104K) NonClass: 12753K(12992K)->12753K(12992K) Class: 1933K(2112K)->1933K(2112K)
[2025-06-03T15:51:14.969+0530][2.813s] GC(9) Pause Young (Normal) (G1 Evacuation Pause) 307M->6M(512M) 7.223ms
[2025-06-03T15:51:14.969+0530][2.813s] GC(9) User=0.04s Sys=0.00s Real=0.00s
[2025-06-03T15:51:15.099+0530][2.944s] GC(10) Pause Young (Normal) (G1 Evacuation Pause)
[2025-06-03T15:51:15.099+0530][2.944s] GC(10) Using 8 workers of 8 for evacuation
[2025-06-03T15:51:15.105+0530][2.949s] GC(10) Skipped phase 1 of Reference Processing: no references
[2025-06-03T15:51:15.105+0530][2.949s] GC(10) ReferenceProcessor::execute queues: 2, RefProcThreadModel::Multi, marks_oops_alive: false
[2025-06-03T15:51:15.105+0530][2.950s] GC(10) Skipped phase 3 of Reference Processing: no references
[2025-06-03T15:51:15.105+0530][2.950s] GC(10) ReferenceProcessor::execute queues: 1, RefProcThreadModel::Single, marks_oops_alive: false
[2025-06-03T15:51:15.106+0530][2.950s] GC(10)   Pre Evacuate Collection Set: 0.1ms
[2025-06-03T15:51:15.106+0530][2.950s] GC(10)   Merge Heap Roots: 0.1ms
[2025-06-03T15:51:15.106+0530][2.950s] GC(10)   Evacuate Collection Set: 5.3ms
[2025-06-03T15:51:15.106+0530][2.950s] GC(10)   Post Evacuate Collection Set: 0.9ms
[2025-06-03T15:51:15.106+0530][2.950s] GC(10)   Other: 0.2ms
[2025-06-03T15:51:15.106+0530][2.950s] GC(10) Eden regions: 301->0(301)
[2025-06-03T15:51:15.106+0530][2.950s] GC(10) Survivor regions: 6->6(39)
[2025-06-03T15:51:15.106+0530][2.950s] GC(10) Old regions: 0->0
[2025-06-03T15:51:15.106+0530][2.950s] GC(10) Archive regions: 2->2
[2025-06-03T15:51:15.106+0530][2.950s] GC(10) Humongous regions: 0->0
[2025-06-03T15:51:15.106+0530][2.950s] GC(10) Metaspace: 14686K(15104K)->14686K(15104K) NonClass: 12753K(12992K)->12753K(12992K) Class: 1933K(2112K)->1933K(2112K)
[2025-06-03T15:51:15.106+0530][2.950s] GC(10) Pause Young (Normal) (G1 Evacuation Pause) 307M->6M(512M) 6.676ms
[2025-06-03T15:51:15.106+0530][2.950s] GC(10) User=0.03s Sys=0.00s Real=0.01s
[2025-06-03T15:51:15.250+0530][3.094s] GC(11) Pause Young (Normal) (G1 Evacuation Pause)
[2025-06-03T15:51:15.250+0530][3.094s] GC(11) Using 8 workers of 8 for evacuation
[2025-06-03T15:51:15.254+0530][3.099s] GC(11) Skipped phase 1 of Reference Processing: no references
[2025-06-03T15:51:15.255+0530][3.099s] GC(11) ReferenceProcessor::execute queues: 2, RefProcThreadModel::Multi, marks_oops_alive: false
[2025-06-03T15:51:15.255+0530][3.099s] GC(11) Skipped phase 3 of Reference Processing: no references
[2025-06-03T15:51:15.255+0530][3.099s] GC(11) ReferenceProcessor::execute queues: 1, RefProcThreadModel::Single, marks_oops_alive: false
[2025-06-03T15:51:15.255+0530][3.100s] GC(11)   Pre Evacuate Collection Set: 0.1ms
[2025-06-03T15:51:15.255+0530][3.100s] GC(11)   Merge Heap Roots: 0.1ms
[2025-06-03T15:51:15.255+0530][3.100s] GC(11)   Evacuate Collection Set: 4.5ms
[2025-06-03T15:51:15.255+0530][3.100s] GC(11)   Post Evacuate Collection Set: 0.9ms
[2025-06-03T15:51:15.255+0530][3.100s] GC(11)   Other: 0.2ms
[2025-06-03T15:51:15.255+0530][3.100s] GC(11) Eden regions: 301->0(301)
[2025-06-03T15:51:15.255+0530][3.100s] GC(11) Survivor regions: 6->6(39)
[2025-06-03T15:51:15.255+0530][3.100s] GC(11) Old regions: 0->0
[2025-06-03T15:51:15.255+0530][3.100s] GC(11) Archive regions: 2->2
[2025-06-03T15:51:15.255+0530][3.100s] GC(11) Humongous regions: 0->0
[2025-06-03T15:51:15.255+0530][3.100s] GC(11) Metaspace: 14686K(15104K)->14686K(15104K) NonClass: 12753K(12992K)->12753K(12992K) Class: 1933K(2112K)->1933K(2112K)
[2025-06-03T15:51:15.255+0530][3.100s] GC(11) Pause Young (Normal) (G1 Evacuation Pause) 307M->6M(512M) 5.877ms
[2025-06-03T15:51:15.255+0530][3.100s] GC(11) User=0.03s Sys=0.00s Real=0.00s
[2025-06-03T15:51:15.385+0530][3.230s] GC(12) Pause Young (Normal) (G1 Evacuation Pause)
[2025-06-03T15:51:15.386+0530][3.230s] GC(12) Using 8 workers of 8 for evacuation
[2025-06-03T15:51:15.389+0530][3.234s] GC(12) Skipped phase 1 of Reference Processing: no references
[2025-06-03T15:51:15.389+0530][3.234s] GC(12) ReferenceProcessor::execute queues: 2, RefProcThreadModel::Multi, marks_oops_alive: false
[2025-06-03T15:51:15.389+0530][3.234s] GC(12) Skipped phase 3 of Reference Processing: no references
[2025-06-03T15:51:15.389+0530][3.234s] GC(12) ReferenceProcessor::execute queues: 1, RefProcThreadModel::Single, marks_oops_alive: false
[2025-06-03T15:51:15.390+0530][3.234s] GC(12)   Pre Evacuate Collection Set: 0.1ms
[2025-06-03T15:51:15.390+0530][3.234s] GC(12)   Merge Heap Roots: 0.1ms
[2025-06-03T15:51:15.390+0530][3.234s] GC(12)   Evacuate Collection Set: 3.3ms
[2025-06-03T15:51:15.390+0530][3.234s] GC(12)   Post Evacuate Collection Set: 0.9ms
[2025-06-03T15:51:15.390+0530][3.234s] GC(12)   Other: 0.2ms
[2025-06-03T15:51:15.390+0530][3.234s] GC(12) Eden regions: 301->0(301)
[2025-06-03T15:51:15.390+0530][3.234s] GC(12) Survivor regions: 6->6(39)
[2025-06-03T15:51:15.390+0530][3.234s] GC(12) Old regions: 0->0
[2025-06-03T15:51:15.390+0530][3.234s] GC(12) Archive regions: 2->2
[2025-06-03T15:51:15.390+0530][3.234s] GC(12) Humongous regions: 0->0
[2025-06-03T15:51:15.390+0530][3.234s] GC(12) Metaspace: 14686K(15104K)->14686K(15104K) NonClass: 12753K(12992K)->12753K(12992K) Class: 1933K(2112K)->1933K(2112K)
[2025-06-03T15:51:15.390+0530][3.235s] GC(12) Pause Young (Normal) (G1 Evacuation Pause) 307M->6M(512M) 4.601ms
[2025-06-03T15:51:15.390+0530][3.235s] GC(12) User=0.03s Sys=0.01s Real=0.01s
[2025-06-03T15:51:15.502+0530][3.346s] GC(13) Pause Young (Normal) (G1 Evacuation Pause)
[2025-06-03T15:51:15.502+0530][3.346s] GC(13) Using 8 workers of 8 for evacuation
[2025-06-03T15:51:15.506+0530][3.350s] GC(13) Skipped phase 1 of Reference Processing: no references
[2025-06-03T15:51:15.506+0530][3.350s] GC(13) ReferenceProcessor::execute queues: 2, RefProcThreadModel::Multi, marks_oops_alive: false
[2025-06-03T15:51:15.506+0530][3.351s] GC(13) Skipped phase 3 of Reference Processing: no references
[2025-06-03T15:51:15.506+0530][3.351s] GC(13) ReferenceProcessor::execute queues: 1, RefProcThreadModel::Single, marks_oops_alive: false
[2025-06-03T15:51:15.507+0530][3.351s] GC(13)   Pre Evacuate Collection Set: 0.1ms
[2025-06-03T15:51:15.507+0530][3.351s] GC(13)   Merge Heap Roots: 0.1ms
[2025-06-03T15:51:15.507+0530][3.351s] GC(13)   Evacuate Collection Set: 4.0ms
[2025-06-03T15:51:15.507+0530][3.351s] GC(13)   Post Evacuate Collection Set: 0.7ms
[2025-06-03T15:51:15.507+0530][3.351s] GC(13)   Other: 0.1ms
[2025-06-03T15:51:15.507+0530][3.351s] GC(13) Eden regions: 301->0(301)
[2025-06-03T15:51:15.507+0530][3.351s] GC(13) Survivor regions: 6->6(39)
[2025-06-03T15:51:15.507+0530][3.351s] GC(13) Old regions: 0->0
[2025-06-03T15:51:15.507+0530][3.351s] GC(13) Archive regions: 2->2
[2025-06-03T15:51:15.507+0530][3.351s] GC(13) Humongous regions: 0->0
[2025-06-03T15:51:15.507+0530][3.351s] GC(13) Metaspace: 14686K(15104K)->14686K(15104K) NonClass: 12753K(12992K)->12753K(12992K) Class: 1933K(2112K)->1933K(2112K)
[2025-06-03T15:51:15.507+0530][3.351s] GC(13) Pause Young (Normal) (G1 Evacuation Pause) 307M->6M(512M) 5.206ms
[2025-06-03T15:51:15.507+0530][3.351s] GC(13) User=0.03s Sys=0.00s Real=0.00s
[2025-06-03T15:51:15.626+0530][3.471s] GC(14) Pause Young (Normal) (G1 Evacuation Pause)
[2025-06-03T15:51:15.626+0530][3.471s] GC(14) Using 8 workers of 8 for evacuation
[2025-06-03T15:51:15.630+0530][3.475s] GC(14) Skipped phase 1 of Reference Processing: no references
[2025-06-03T15:51:15.630+0530][3.475s] GC(14) ReferenceProcessor::execute queues: 2, RefProcThreadModel::Multi, marks_oops_alive: false
[2025-06-03T15:51:15.630+0530][3.475s] GC(14) Skipped phase 3 of Reference Processing: no references
[2025-06-03T15:51:15.630+0530][3.475s] GC(14) ReferenceProcessor::execute queues: 1, RefProcThreadModel::Single, marks_oops_alive: false
[2025-06-03T15:51:15.631+0530][3.475s] GC(14)   Pre Evacuate Collection Set: 0.1ms
[2025-06-03T15:51:15.631+0530][3.475s] GC(14)   Merge Heap Roots: 0.1ms
[2025-06-03T15:51:15.631+0530][3.475s] GC(14)   Evacuate Collection Set: 3.5ms
[2025-06-03T15:51:15.631+0530][3.475s] GC(14)   Post Evacuate Collection Set: 0.7ms
[2025-06-03T15:51:15.631+0530][3.475s] GC(14)   Other: 0.1ms
[2025-06-03T15:51:15.631+0530][3.475s] GC(14) Eden regions: 301->0(301)
[2025-06-03T15:51:15.631+0530][3.475s] GC(14) Survivor regions: 6->6(39)
[2025-06-03T15:51:15.631+0530][3.475s] GC(14) Old regions: 0->0
[2025-06-03T15:51:15.631+0530][3.475s] GC(14) Archive regions: 2->2
[2025-06-03T15:51:15.631+0530][3.475s] GC(14) Humongous regions: 0->0
[2025-06-03T15:51:15.631+0530][3.475s] GC(14) Metaspace: 14686K(15104K)->14686K(15104K) NonClass: 12753K(12992K)->12753K(12992K) Class: 1933K(2112K)->1933K(2112K)
[2025-06-03T15:51:15.631+0530][3.475s] GC(14) Pause Young (Normal) (G1 Evacuation Pause) 307M->6M(512M) 4.631ms
[2025-06-03T15:51:15.631+0530][3.475s] GC(14) User=0.02s Sys=0.00s Real=0.01s
[2025-06-03T15:51:15.742+0530][3.586s] GC(15) Pause Young (Normal) (G1 Evacuation Pause)
[2025-06-03T15:51:15.742+0530][3.586s] GC(15) Using 8 workers of 8 for evacuation
[2025-06-03T15:51:15.746+0530][3.590s] GC(15) Skipped phase 1 of Reference Processing: no references
[2025-06-03T15:51:15.746+0530][3.590s] GC(15) ReferenceProcessor::execute queues: 1, RefProcThreadModel::Single, marks_oops_alive: false
[2025-06-03T15:51:15.746+0530][3.591s] GC(15) Skipped phase 3 of Reference Processing: no references
[2025-06-03T15:51:15.746+0530][3.591s] GC(15) ReferenceProcessor::execute queues: 1, RefProcThreadModel::Single, marks_oops_alive: false
[2025-06-03T15:51:15.747+0530][3.591s] GC(15)   Pre Evacuate Collection Set: 0.1ms
[2025-06-03T15:51:15.747+0530][3.591s] GC(15)   Merge Heap Roots: 0.1ms
[2025-06-03T15:51:15.747+0530][3.591s] GC(15)   Evacuate Collection Set: 3.9ms
[2025-06-03T15:51:15.747+0530][3.591s] GC(15)   Post Evacuate Collection Set: 0.6ms
[2025-06-03T15:51:15.747+0530][3.591s] GC(15)   Other: 0.1ms
[2025-06-03T15:51:15.747+0530][3.591s] GC(15) Eden regions: 301->0(303)
[2025-06-03T15:51:15.747+0530][3.591s] GC(15) Survivor regions: 6->4(39)
[2025-06-03T15:51:15.747+0530][3.591s] GC(15) Old regions: 0->2
[2025-06-03T15:51:15.747+0530][3.591s] GC(15) Archive regions: 2->2
[2025-06-03T15:51:15.747+0530][3.591s] GC(15) Humongous regions: 0->0
[2025-06-03T15:51:15.747+0530][3.591s] GC(15) Metaspace: 14686K(15104K)->14686K(15104K) NonClass: 12753K(12992K)->12753K(12992K) Class: 1933K(2112K)->1933K(2112K)
[2025-06-03T15:51:15.747+0530][3.591s] GC(15) Pause Young (Normal) (G1 Evacuation Pause) 307M->6M(512M) 5.024ms
[2025-06-03T15:51:15.747+0530][3.591s] GC(15) User=0.03s Sys=0.01s Real=0.00s
[2025-06-03T15:51:15.866+0530][3.711s] GC(16) Pause Young (Normal) (G1 Evacuation Pause)
[2025-06-03T15:51:15.866+0530][3.711s] GC(16) Using 8 workers of 8 for evacuation
[2025-06-03T15:51:15.869+0530][3.714s] GC(16) Skipped phase 1 of Reference Processing: no references
[2025-06-03T15:51:15.869+0530][3.714s] GC(16) ReferenceProcessor::execute queues: 1, RefProcThreadModel::Single, marks_oops_alive: false
[2025-06-03T15:51:15.869+0530][3.714s] GC(16) Skipped phase 3 of Reference Processing: no references
[2025-06-03T15:51:15.869+0530][3.714s] GC(16) Skipped phase 4 of Reference Processing: no references
[2025-06-03T15:51:15.870+0530][3.714s] GC(16)   Pre Evacuate Collection Set: 0.1ms
[2025-06-03T15:51:15.870+0530][3.714s] GC(16)   Merge Heap Roots: 0.1ms
[2025-06-03T15:51:15.870+0530][3.714s] GC(16)   Evacuate Collection Set: 2.9ms
[2025-06-03T15:51:15.870+0530][3.714s] GC(16)   Post Evacuate Collection Set: 0.4ms
[2025-06-03T15:51:15.870+0530][3.714s] GC(16)   Other: 0.2ms
[2025-06-03T15:51:15.870+0530][3.714s] GC(16) Eden regions: 303->0(305)
[2025-06-03T15:51:15.870+0530][3.714s] GC(16) Survivor regions: 4->2(39)
[2025-06-03T15:51:15.870+0530][3.714s] GC(16) Old regions: 2->5
[2025-06-03T15:51:15.870+0530][3.714s] GC(16) Archive regions: 2->2
[2025-06-03T15:51:15.870+0530][3.714s] GC(16) Humongous regions: 0->0
[2025-06-03T15:51:15.870+0530][3.714s] GC(16) Metaspace: 14686K(15104K)->14686K(15104K) NonClass: 12753K(12992K)->12753K(12992K) Class: 1933K(2112K)->1933K(2112K)
[2025-06-03T15:51:15.870+0530][3.714s] GC(16) Pause Young (Normal) (G1 Evacuation Pause) 309M->6M(512M) 3.830ms
[2025-06-03T15:51:15.870+0530][3.714s] GC(16) User=0.02s Sys=0.00s Real=0.01s
[2025-06-03T15:51:15.984+0530][3.828s] GC(17) Pause Young (Normal) (G1 Evacuation Pause)
[2025-06-03T15:51:15.984+0530][3.828s] GC(17) Using 8 workers of 8 for evacuation
[2025-06-03T15:51:15.985+0530][3.830s] GC(17) Skipped phase 1 of Reference Processing: no references
[2025-06-03T15:51:15.985+0530][3.830s] GC(17) Skipped phase 2 of Reference Processing: no references
[2025-06-03T15:51:15.985+0530][3.830s] GC(17) Skipped phase 3 of Reference Processing: no references
[2025-06-03T15:51:15.985+0530][3.830s] GC(17) Skipped phase 4 of Reference Processing: no references
[2025-06-03T15:51:15.986+0530][3.830s] GC(17)   Pre Evacuate Collection Set: 0.1ms
[2025-06-03T15:51:15.986+0530][3.830s] GC(17)   Merge Heap Roots: 0.1ms
[2025-06-03T15:51:15.986+0530][3.830s] GC(17)   Evacuate Collection Set: 1.4ms
[2025-06-03T15:51:15.986+0530][3.830s] GC(17)   Post Evacuate Collection Set: 0.4ms
[2025-06-03T15:51:15.986+0530][3.830s] GC(17)   Other: 0.1ms
[2025-06-03T15:51:15.986+0530][3.830s] GC(17) Eden regions: 305->0(306)
[2025-06-03T15:51:15.986+0530][3.830s] GC(17) Survivor regions: 2->1(39)
[2025-06-03T15:51:15.986+0530][3.830s] GC(17) Old regions: 5->6
[2025-06-03T15:51:15.986+0530][3.830s] GC(17) Archive regions: 2->2
[2025-06-03T15:51:15.986+0530][3.830s] GC(17) Humongous regions: 0->0
[2025-06-03T15:51:15.986+0530][3.830s] GC(17) Metaspace: 14686K(15104K)->14686K(15104K) NonClass: 12753K(12992K)->12753K(12992K) Class: 1933K(2112K)->1933K(2112K)
[2025-06-03T15:51:15.986+0530][3.830s] GC(17) Pause Young (Normal) (G1 Evacuation Pause) 311M->6M(512M) 2.218ms
[2025-06-03T15:51:15.986+0530][3.830s] GC(17) User=0.01s Sys=0.01s Real=0.00s
[2025-06-03T15:51:16.107+0530][3.951s] GC(18) Pause Young (Normal) (G1 Evacuation Pause)
[2025-06-03T15:51:16.107+0530][3.951s] GC(18) Using 8 workers of 8 for evacuation
[2025-06-03T15:51:16.107+0530][3.952s] GC(18) Skipped phase 1 of Reference Processing: no references
[2025-06-03T15:51:16.107+0530][3.952s] GC(18) Skipped phase 2 of Reference Processing: no references
[2025-06-03T15:51:16.107+0530][3.952s] GC(18) Skipped phase 3 of Reference Processing: no references
[2025-06-03T15:51:16.107+0530][3.952s] GC(18) Skipped phase 4 of Reference Processing: no references
[2025-06-03T15:51:16.108+0530][3.952s] GC(18)   Pre Evacuate Collection Set: 0.1ms
[2025-06-03T15:51:16.108+0530][3.952s] GC(18)   Merge Heap Roots: 0.1ms
[2025-06-03T15:51:16.108+0530][3.952s] GC(18)   Evacuate Collection Set: 0.2ms
[2025-06-03T15:51:16.108+0530][3.952s] GC(18)   Post Evacuate Collection Set: 0.4ms
[2025-06-03T15:51:16.108+0530][3.952s] GC(18)   Other: 0.1ms
[2025-06-03T15:51:16.108+0530][3.952s] GC(18) Eden regions: 306->0(306)
[2025-06-03T15:51:16.108+0530][3.952s] GC(18) Survivor regions: 1->1(39)
[2025-06-03T15:51:16.108+0530][3.952s] GC(18) Old regions: 6->6
[2025-06-03T15:51:16.108+0530][3.952s] GC(18) Archive regions: 2->2
[2025-06-03T15:51:16.108+0530][3.952s] GC(18) Humongous regions: 0->0
[2025-06-03T15:51:16.108+0530][3.952s] GC(18) Metaspace: 14686K(15104K)->14686K(15104K) NonClass: 12753K(12992K)->12753K(12992K) Class: 1933K(2112K)->1933K(2112K)
[2025-06-03T15:51:16.108+0530][3.952s] GC(18) Pause Young (Normal) (G1 Evacuation Pause) 312M->6M(512M) 0.976ms
[2025-06-03T15:51:16.108+0530][3.952s] GC(18) User=0.00s Sys=0.01s Real=0.00s
[2025-06-03T15:51:16.232+0530][4.077s] GC(19) Pause Young (Normal) (G1 Evacuation Pause)
[2025-06-03T15:51:16.232+0530][4.077s] GC(19) Using 8 workers of 8 for evacuation
[2025-06-03T15:51:16.233+0530][4.077s] GC(19) Skipped phase 1 of Reference Processing: no references
[2025-06-03T15:51:16.233+0530][4.077s] GC(19) Skipped phase 2 of Reference Processing: no references
[2025-06-03T15:51:16.233+0530][4.077s] GC(19) Skipped phase 3 of Reference Processing: no references
[2025-06-03T15:51:16.233+0530][4.077s] GC(19) Skipped phase 4 of Reference Processing: no references
[2025-06-03T15:51:16.233+0530][4.078s] GC(19)   Pre Evacuate Collection Set: 0.1ms
[2025-06-03T15:51:16.233+0530][4.078s] GC(19)   Merge Heap Roots: 0.1ms
[2025-06-03T15:51:16.233+0530][4.078s] GC(19)   Evacuate Collection Set: 0.2ms
[2025-06-03T15:51:16.233+0530][4.078s] GC(19)   Post Evacuate Collection Set: 0.5ms
[2025-06-03T15:51:16.233+0530][4.078s] GC(19)   Other: 0.2ms
[2025-06-03T15:51:16.233+0530][4.078s] GC(19) Eden regions: 306->0(306)
[2025-06-03T15:51:16.233+0530][4.078s] GC(19) Survivor regions: 1->1(39)
[2025-06-03T15:51:16.233+0530][4.078s] GC(19) Old regions: 6->6
[2025-06-03T15:51:16.233+0530][4.078s] GC(19) Archive regions: 2->2
[2025-06-03T15:51:16.233+0530][4.078s] GC(19) Humongous regions: 0->0
[2025-06-03T15:51:16.233+0530][4.078s] GC(19) Metaspace: 14686K(15104K)->14686K(15104K) NonClass: 12753K(12992K)->12753K(12992K) Class: 1933K(2112K)->1933K(2112K)
[2025-06-03T15:51:16.233+0530][4.078s] GC(19) Pause Young (Normal) (G1 Evacuation Pause) 312M->6M(512M) 1.239ms
[2025-06-03T15:51:16.233+0530][4.078s] GC(19) User=0.01s Sys=0.00s Real=0.00s
[2025-06-03T15:51:16.361+0530][4.206s] GC(20) Pause Young (Normal) (G1 Evacuation Pause)
[2025-06-03T15:51:16.361+0530][4.206s] GC(20) Using 8 workers of 8 for evacuation
[2025-06-03T15:51:16.362+0530][4.206s] GC(20) Skipped phase 1 of Reference Processing: no references
[2025-06-03T15:51:16.362+0530][4.206s] GC(20) Skipped phase 2 of Reference Processing: no references
[2025-06-03T15:51:16.362+0530][4.206s] GC(20) Skipped phase 3 of Reference Processing: no references
[2025-06-03T15:51:16.362+0530][4.206s] GC(20) Skipped phase 4 of Reference Processing: no references
[2025-06-03T15:51:16.362+0530][4.207s] GC(20)   Pre Evacuate Collection Set: 0.1ms
[2025-06-03T15:51:16.362+0530][4.207s] GC(20)   Merge Heap Roots: 0.1ms
[2025-06-03T15:51:16.362+0530][4.207s] GC(20)   Evacuate Collection Set: 0.2ms
[2025-06-03T15:51:16.362+0530][4.207s] GC(20)   Post Evacuate Collection Set: 0.4ms
[2025-06-03T15:51:16.362+0530][4.207s] GC(20)   Other: 0.1ms
[2025-06-03T15:51:16.362+0530][4.207s] GC(20) Eden regions: 306->0(306)
[2025-06-03T15:51:16.362+0530][4.207s] GC(20) Survivor regions: 1->1(39)
[2025-06-03T15:51:16.362+0530][4.207s] GC(20) Old regions: 6->6
[2025-06-03T15:51:16.362+0530][4.207s] GC(20) Archive regions: 2->2
[2025-06-03T15:51:16.362+0530][4.207s] GC(20) Humongous regions: 0->0
[2025-06-03T15:51:16.362+0530][4.207s] GC(20) Metaspace: 14686K(15104K)->14686K(15104K) NonClass: 12753K(12992K)->12753K(12992K) Class: 1933K(2112K)->1933K(2112K)
[2025-06-03T15:51:16.362+0530][4.207s] GC(20) Pause Young (Normal) (G1 Evacuation Pause) 312M->6M(512M) 1.049ms
[2025-06-03T15:51:16.362+0530][4.207s] GC(20) User=0.00s Sys=0.00s Real=0.00s
[2025-06-03T15:51:16.474+0530][4.319s] GC(21) Pause Young (Normal) (G1 Evacuation Pause)
[2025-06-03T15:51:16.474+0530][4.319s] GC(21) Using 8 workers of 8 for evacuation
[2025-06-03T15:51:16.475+0530][4.319s] GC(21) Skipped phase 1 of Reference Processing: no references
[2025-06-03T15:51:16.475+0530][4.319s] GC(21) Skipped phase 2 of Reference Processing: no references
[2025-06-03T15:51:16.475+0530][4.319s] GC(21) Skipped phase 3 of Reference Processing: no references
[2025-06-03T15:51:16.475+0530][4.319s] GC(21) Skipped phase 4 of Reference Processing: no references
[2025-06-03T15:51:16.475+0530][4.319s] GC(21)   Pre Evacuate Collection Set: 0.1ms
[2025-06-03T15:51:16.475+0530][4.319s] GC(21)   Merge Heap Roots: 0.1ms
[2025-06-03T15:51:16.475+0530][4.319s] GC(21)   Evacuate Collection Set: 0.2ms
[2025-06-03T15:51:16.475+0530][4.319s] GC(21)   Post Evacuate Collection Set: 0.3ms
[2025-06-03T15:51:16.475+0530][4.319s] GC(21)   Other: 0.2ms
[2025-06-03T15:51:16.475+0530][4.319s] GC(21) Eden regions: 306->0(306)
[2025-06-03T15:51:16.475+0530][4.319s] GC(21) Survivor regions: 1->1(39)
[2025-06-03T15:51:16.475+0530][4.319s] GC(21) Old regions: 6->6
[2025-06-03T15:51:16.475+0530][4.320s] GC(21) Archive regions: 2->2
[2025-06-03T15:51:16.475+0530][4.320s] GC(21) Humongous regions: 0->0
[2025-06-03T15:51:16.475+0530][4.320s] GC(21) Metaspace: 14686K(15104K)->14686K(15104K) NonClass: 12753K(12992K)->12753K(12992K) Class: 1933K(2112K)->1933K(2112K)
[2025-06-03T15:51:16.475+0530][4.320s] GC(21) Pause Young (Normal) (G1 Evacuation Pause) 312M->6M(512M) 0.986ms
[2025-06-03T15:51:16.475+0530][4.320s] GC(21) User=0.01s Sys=0.00s Real=0.00s
[2025-06-03T15:51:16.585+0530][4.430s] GC(22) Pause Young (Normal) (G1 Evacuation Pause)
[2025-06-03T15:51:16.585+0530][4.430s] GC(22) Using 8 workers of 8 for evacuation
[2025-06-03T15:51:16.585+0530][4.430s] GC(22) Skipped phase 1 of Reference Processing: no references
[2025-06-03T15:51:16.585+0530][4.430s] GC(22) Skipped phase 2 of Reference Processing: no references
[2025-06-03T15:51:16.585+0530][4.430s] GC(22) Skipped phase 3 of Reference Processing: no references
[2025-06-03T15:51:16.585+0530][4.430s] GC(22) Skipped phase 4 of Reference Processing: no references
[2025-06-03T15:51:16.586+0530][4.430s] GC(22)   Pre Evacuate Collection Set: 0.1ms
[2025-06-03T15:51:16.586+0530][4.430s] GC(22)   Merge Heap Roots: 0.1ms
[2025-06-03T15:51:16.586+0530][4.430s] GC(22)   Evacuate Collection Set: 0.2ms
[2025-06-03T15:51:16.586+0530][4.430s] GC(22)   Post Evacuate Collection Set: 0.4ms
[2025-06-03T15:51:16.586+0530][4.430s] GC(22)   Other: 0.1ms
[2025-06-03T15:51:16.586+0530][4.430s] GC(22) Eden regions: 306->0(306)
[2025-06-03T15:51:16.586+0530][4.430s] GC(22) Survivor regions: 1->1(39)
[2025-06-03T15:51:16.586+0530][4.430s] GC(22) Old regions: 6->6
[2025-06-03T15:51:16.586+0530][4.430s] GC(22) Archive regions: 2->2
[2025-06-03T15:51:16.586+0530][4.430s] GC(22) Humongous regions: 0->0
[2025-06-03T15:51:16.586+0530][4.430s] GC(22) Metaspace: 14686K(15104K)->14686K(15104K) NonClass: 12753K(12992K)->12753K(12992K) Class: 1933K(2112K)->1933K(2112K)
[2025-06-03T15:51:16.586+0530][4.430s] GC(22) Pause Young (Normal) (G1 Evacuation Pause) 312M->6M(512M) 0.919ms
[2025-06-03T15:51:16.586+0530][4.430s] GC(22) User=0.00s Sys=0.00s Real=0.00s
[2025-06-03T15:51:16.693+0530][4.538s] GC(23) Pause Young (Normal) (G1 Evacuation Pause)
[2025-06-03T15:51:16.693+0530][4.538s] GC(23) Using 8 workers of 8 for evacuation
[2025-06-03T15:51:16.694+0530][4.538s] GC(23) Skipped phase 1 of Reference Processing: no references
[2025-06-03T15:51:16.694+0530][4.538s] GC(23) Skipped phase 2 of Reference Processing: no references
[2025-06-03T15:51:16.694+0530][4.538s] GC(23) Skipped phase 3 of Reference Processing: no references
[2025-06-03T15:51:16.694+0530][4.538s] GC(23) Skipped phase 4 of Reference Processing: no references
[2025-06-03T15:51:16.694+0530][4.539s] GC(23)   Pre Evacuate Collection Set: 0.1ms
[2025-06-03T15:51:16.694+0530][4.539s] GC(23)   Merge Heap Roots: 0.1ms
[2025-06-03T15:51:16.694+0530][4.539s] GC(23)   Evacuate Collection Set: 0.1ms
[2025-06-03T15:51:16.694+0530][4.539s] GC(23)   Post Evacuate Collection Set: 0.4ms
[2025-06-03T15:51:16.694+0530][4.539s] GC(23)   Other: 0.1ms
[2025-06-03T15:51:16.694+0530][4.539s] GC(23) Eden regions: 306->0(306)
[2025-06-03T15:51:16.694+0530][4.539s] GC(23) Survivor regions: 1->1(39)
[2025-06-03T15:51:16.694+0530][4.539s] GC(23) Old regions: 6->6
[2025-06-03T15:51:16.694+0530][4.539s] GC(23) Archive regions: 2->2
[2025-06-03T15:51:16.694+0530][4.539s] GC(23) Humongous regions: 0->0
[2025-06-03T15:51:16.694+0530][4.539s] GC(23) Metaspace: 14686K(15104K)->14686K(15104K) NonClass: 12753K(12992K)->12753K(12992K) Class: 1933K(2112K)->1933K(2112K)
[2025-06-03T15:51:16.694+0530][4.539s] GC(23) Pause Young (Normal) (G1 Evacuation Pause) 312M->6M(512M) 0.901ms
[2025-06-03T15:51:16.694+0530][4.539s] GC(23) User=0.01s Sys=0.00s Real=0.00s
[2025-06-03T15:51:16.803+0530][4.648s] GC(24) Pause Young (Normal) (G1 Evacuation Pause)
[2025-06-03T15:51:16.804+0530][4.648s] GC(24) Using 8 workers of 8 for evacuation
[2025-06-03T15:51:16.804+0530][4.648s] GC(24) Skipped phase 1 of Reference Processing: no references
[2025-06-03T15:51:16.804+0530][4.648s] GC(24) Skipped phase 2 of Reference Processing: no references
[2025-06-03T15:51:16.804+0530][4.648s] GC(24) Skipped phase 3 of Reference Processing: no references
[2025-06-03T15:51:16.804+0530][4.648s] GC(24) Skipped phase 4 of Reference Processing: no references
[2025-06-03T15:51:16.804+0530][4.649s] GC(24)   Pre Evacuate Collection Set: 0.1ms
[2025-06-03T15:51:16.804+0530][4.649s] GC(24)   Merge Heap Roots: 0.1ms
[2025-06-03T15:51:16.804+0530][4.649s] GC(24)   Evacuate Collection Set: 0.2ms
[2025-06-03T15:51:16.804+0530][4.649s] GC(24)   Post Evacuate Collection Set: 0.3ms
[2025-06-03T15:51:16.804+0530][4.649s] GC(24)   Other: 0.1ms
[2025-06-03T15:51:16.804+0530][4.649s] GC(24) Eden regions: 306->0(306)
[2025-06-03T15:51:16.804+0530][4.649s] GC(24) Survivor regions: 1->1(39)
[2025-06-03T15:51:16.804+0530][4.649s] GC(24) Old regions: 6->6
[2025-06-03T15:51:16.804+0530][4.649s] GC(24) Archive regions: 2->2
[2025-06-03T15:51:16.804+0530][4.649s] GC(24) Humongous regions: 0->0
[2025-06-03T15:51:16.804+0530][4.649s] GC(24) Metaspace: 14686K(15104K)->14686K(15104K) NonClass: 12753K(12992K)->12753K(12992K) Class: 1933K(2112K)->1933K(2112K)
[2025-06-03T15:51:16.804+0530][4.649s] GC(24) Pause Young (Normal) (G1 Evacuation Pause) 312M->6M(512M) 0.942ms
[2025-06-03T15:51:16.804+0530][4.649s] GC(24) User=0.00s Sys=0.00s Real=0.00s
[2025-06-03T15:51:16.915+0530][4.759s] GC(25) Pause Young (Normal) (G1 Evacuation Pause)
[2025-06-03T15:51:16.915+0530][4.759s] GC(25) Using 8 workers of 8 for evacuation
[2025-06-03T15:51:16.915+0530][4.760s] GC(25) Skipped phase 1 of Reference Processing: no references
[2025-06-03T15:51:16.915+0530][4.760s] GC(25) Skipped phase 2 of Reference Processing: no references
[2025-06-03T15:51:16.915+0530][4.760s] GC(25) Skipped phase 3 of Reference Processing: no references
[2025-06-03T15:51:16.915+0530][4.760s] GC(25) Skipped phase 4 of Reference Processing: no references
[2025-06-03T15:51:16.916+0530][4.760s] GC(25)   Pre Evacuate Collection Set: 0.1ms
[2025-06-03T15:51:16.916+0530][4.760s] GC(25)   Merge Heap Roots: 0.1ms
[2025-06-03T15:51:16.916+0530][4.760s] GC(25)   Evacuate Collection Set: 0.2ms
[2025-06-03T15:51:16.916+0530][4.760s] GC(25)   Post Evacuate Collection Set: 0.4ms
[2025-06-03T15:51:16.916+0530][4.760s] GC(25)   Other: 0.2ms
[2025-06-03T15:51:16.916+0530][4.760s] GC(25) Eden regions: 306->0(306)
[2025-06-03T15:51:16.916+0530][4.760s] GC(25) Survivor regions: 1->1(39)
[2025-06-03T15:51:16.916+0530][4.760s] GC(25) Old regions: 6->6
[2025-06-03T15:51:16.916+0530][4.760s] GC(25) Archive regions: 2->2
[2025-06-03T15:51:16.916+0530][4.760s] GC(25) Humongous regions: 0->0
[2025-06-03T15:51:16.916+0530][4.760s] GC(25) Metaspace: 14686K(15104K)->14686K(15104K) NonClass: 12753K(12992K)->12753K(12992K) Class: 1933K(2112K)->1933K(2112K)
[2025-06-03T15:51:16.916+0530][4.761s] GC(25) Pause Young (Normal) (G1 Evacuation Pause) 312M->6M(512M) 1.166ms
[2025-06-03T15:51:16.916+0530][4.761s] GC(25) User=0.00s Sys=0.00s Real=0.00s
[2025-06-03T15:51:17.027+0530][4.871s] GC(26) Pause Young (Normal) (G1 Evacuation Pause)
[2025-06-03T15:51:17.027+0530][4.872s] GC(26) Using 8 workers of 8 for evacuation
[2025-06-03T15:51:17.027+0530][4.872s] GC(26) Skipped phase 1 of Reference Processing: no references
[2025-06-03T15:51:17.027+0530][4.872s] GC(26) Skipped phase 2 of Reference Processing: no references
[2025-06-03T15:51:17.027+0530][4.872s] GC(26) Skipped phase 3 of Reference Processing: no references
[2025-06-03T15:51:17.027+0530][4.872s] GC(26) Skipped phase 4 of Reference Processing: no references
[2025-06-03T15:51:17.028+0530][4.872s] GC(26)   Pre Evacuate Collection Set: 0.1ms
[2025-06-03T15:51:17.028+0530][4.872s] GC(26)   Merge Heap Roots: 0.1ms
[2025-06-03T15:51:17.028+0530][4.872s] GC(26)   Evacuate Collection Set: 0.1ms
[2025-06-03T15:51:17.028+0530][4.872s] GC(26)   Post Evacuate Collection Set: 0.3ms
[2025-06-03T15:51:17.028+0530][4.872s] GC(26)   Other: 0.1ms
[2025-06-03T15:51:17.028+0530][4.872s] GC(26) Eden regions: 306->0(306)
[2025-06-03T15:51:17.028+0530][4.872s] GC(26) Survivor regions: 1->1(39)
[2025-06-03T15:51:17.028+0530][4.872s] GC(26) Old regions: 6->6
[2025-06-03T15:51:17.028+0530][4.872s] GC(26) Archive regions: 2->2
[2025-06-03T15:51:17.028+0530][4.872s] GC(26) Humongous regions: 0->0
[2025-06-03T15:51:17.028+0530][4.872s] GC(26) Metaspace: 14686K(15104K)->14686K(15104K) NonClass: 12753K(12992K)->12753K(12992K) Class: 1933K(2112K)->1933K(2112K)
[2025-06-03T15:51:17.028+0530][4.872s] GC(26) Pause Young (Normal) (G1 Evacuation Pause) 312M->6M(512M) 0.898ms
[2025-06-03T15:51:17.028+0530][4.872s] GC(26) User=0.01s Sys=0.00s Real=0.00s
[2025-06-03T15:51:17.143+0530][4.988s] GC(27) Pause Young (Normal) (G1 Evacuation Pause)
[2025-06-03T15:51:17.143+0530][4.988s] GC(27) Using 8 workers of 8 for evacuation
[2025-06-03T15:51:17.143+0530][4.988s] GC(27) Skipped phase 1 of Reference Processing: no references
[2025-06-03T15:51:17.143+0530][4.988s] GC(27) Skipped phase 2 of Reference Processing: no references
[2025-06-03T15:51:17.143+0530][4.988s] GC(27) Skipped phase 3 of Reference Processing: no references
[2025-06-03T15:51:17.143+0530][4.988s] GC(27) Skipped phase 4 of Reference Processing: no references
[2025-06-03T15:51:17.144+0530][4.988s] GC(27)   Pre Evacuate Collection Set: 0.1ms
[2025-06-03T15:51:17.144+0530][4.988s] GC(27)   Merge Heap Roots: 0.1ms
[2025-06-03T15:51:17.144+0530][4.988s] GC(27)   Evacuate Collection Set: 0.2ms
[2025-06-03T15:51:17.144+0530][4.988s] GC(27)   Post Evacuate Collection Set: 0.4ms
[2025-06-03T15:51:17.144+0530][4.988s] GC(27)   Other: 0.2ms
[2025-06-03T15:51:17.144+0530][4.988s] GC(27) Eden regions: 306->0(306)
[2025-06-03T15:51:17.144+0530][4.988s] GC(27) Survivor regions: 1->1(39)
[2025-06-03T15:51:17.144+0530][4.988s] GC(27) Old regions: 6->6
[2025-06-03T15:51:17.144+0530][4.988s] GC(27) Archive regions: 2->2
[2025-06-03T15:51:17.144+0530][4.988s] GC(27) Humongous regions: 0->0
[2025-06-03T15:51:17.144+0530][4.988s] GC(27) Metaspace: 14686K(15104K)->14686K(15104K) NonClass: 12753K(12992K)->12753K(12992K) Class: 1933K(2112K)->1933K(2112K)
[2025-06-03T15:51:17.144+0530][4.988s] GC(27) Pause Young (Normal) (G1 Evacuation Pause) 312M->6M(512M) 0.945ms
[2025-06-03T15:51:17.144+0530][4.988s] GC(27) User=0.00s Sys=0.00s Real=0.00s
[2025-06-03T15:51:17.278+0530][5.123s] GC(28) Pause Young (Normal) (G1 Evacuation Pause)
[2025-06-03T15:51:17.278+0530][5.123s] GC(28) Using 8 workers of 8 for evacuation
[2025-06-03T15:51:17.279+0530][5.123s] GC(28) Skipped phase 1 of Reference Processing: no references
[2025-06-03T15:51:17.279+0530][5.123s] GC(28) Skipped phase 2 of Reference Processing: no references
[2025-06-03T15:51:17.279+0530][5.123s] GC(28) Skipped phase 3 of Reference Processing: no references
[2025-06-03T15:51:17.279+0530][5.123s] GC(28) Skipped phase 4 of Reference Processing: no references
[2025-06-03T15:51:17.279+0530][5.124s] GC(28)   Pre Evacuate Collection Set: 0.1ms
[2025-06-03T15:51:17.279+0530][5.124s] GC(28)   Merge Heap Roots: 0.1ms
[2025-06-03T15:51:17.279+0530][5.124s] GC(28)   Evacuate Collection Set: 0.2ms
[2025-06-03T15:51:17.279+0530][5.124s] GC(28)   Post Evacuate Collection Set: 0.5ms
[2025-06-03T15:51:17.279+0530][5.124s] GC(28)   Other: 0.1ms
[2025-06-03T15:51:17.279+0530][5.124s] GC(28) Eden regions: 306->0(306)
[2025-06-03T15:51:17.279+0530][5.124s] GC(28) Survivor regions: 1->1(39)
[2025-06-03T15:51:17.279+0530][5.124s] GC(28) Old regions: 6->6
[2025-06-03T15:51:17.279+0530][5.124s] GC(28) Archive regions: 2->2
[2025-06-03T15:51:17.279+0530][5.124s] GC(28) Humongous regions: 0->0
[2025-06-03T15:51:17.279+0530][5.124s] GC(28) Metaspace: 14686K(15104K)->14686K(15104K) NonClass: 12753K(12992K)->12753K(12992K) Class: 1933K(2112K)->1933K(2112K)
[2025-06-03T15:51:17.280+0530][5.124s] GC(28) Pause Young (Normal) (G1 Evacuation Pause) 312M->6M(512M) 1.142ms
[2025-06-03T15:51:17.280+0530][5.124s] GC(28) User=0.00s Sys=0.01s Real=0.01s
[2025-06-03T15:51:17.416+0530][5.260s] GC(29) Pause Young (Normal) (G1 Evacuation Pause)
[2025-06-03T15:51:17.416+0530][5.260s] GC(29) Using 8 workers of 8 for evacuation
[2025-06-03T15:51:17.416+0530][5.261s] GC(29) Skipped phase 1 of Reference Processing: no references
[2025-06-03T15:51:17.416+0530][5.261s] GC(29) Skipped phase 2 of Reference Processing: no references
[2025-06-03T15:51:17.416+0530][5.261s] GC(29) Skipped phase 3 of Reference Processing: no references
[2025-06-03T15:51:17.416+0530][5.261s] GC(29) Skipped phase 4 of Reference Processing: no references
[2025-06-03T15:51:17.417+0530][5.261s] GC(29)   Pre Evacuate Collection Set: 0.1ms
[2025-06-03T15:51:17.417+0530][5.261s] GC(29)   Merge Heap Roots: 0.1ms
[2025-06-03T15:51:17.417+0530][5.261s] GC(29)   Evacuate Collection Set: 0.3ms
[2025-06-03T15:51:17.417+0530][5.261s] GC(29)   Post Evacuate Collection Set: 0.4ms
[2025-06-03T15:51:17.417+0530][5.261s] GC(29)   Other: 0.1ms
[2025-06-03T15:51:17.417+0530][5.261s] GC(29) Eden regions: 306->0(306)
[2025-06-03T15:51:17.417+0530][5.261s] GC(29) Survivor regions: 1->1(39)
[2025-06-03T15:51:17.417+0530][5.261s] GC(29) Old regions: 6->6
[2025-06-03T15:51:17.417+0530][5.261s] GC(29) Archive regions: 2->2
[2025-06-03T15:51:17.417+0530][5.261s] GC(29) Humongous regions: 0->0
[2025-06-03T15:51:17.417+0530][5.261s] GC(29) Metaspace: 14686K(15104K)->14686K(15104K) NonClass: 12753K(12992K)->12753K(12992K) Class: 1933K(2112K)->1933K(2112K)
[2025-06-03T15:51:17.417+0530][5.261s] GC(29) Pause Young (Normal) (G1 Evacuation Pause) 312M->6M(512M) 1.035ms
[2025-06-03T15:51:17.417+0530][5.261s] GC(29) User=0.00s Sys=0.00s Real=0.00s
[2025-06-03T15:51:17.527+0530][5.372s] GC(30) Pause Young (Normal) (G1 Evacuation Pause)
[2025-06-03T15:51:17.527+0530][5.372s] GC(30) Using 8 workers of 8 for evacuation
[2025-06-03T15:51:17.528+0530][5.372s] GC(30) Skipped phase 1 of Reference Processing: no references
[2025-06-03T15:51:17.528+0530][5.372s] GC(30) Skipped phase 2 of Reference Processing: no references
[2025-06-03T15:51:17.528+0530][5.372s] GC(30) Skipped phase 3 of Reference Processing: no references
[2025-06-03T15:51:17.528+0530][5.372s] GC(30) Skipped phase 4 of Reference Processing: no references
[2025-06-03T15:51:17.528+0530][5.372s] GC(30)   Pre Evacuate Collection Set: 0.0ms
[2025-06-03T15:51:17.528+0530][5.372s] GC(30)   Merge Heap Roots: 0.1ms
[2025-06-03T15:51:17.528+0530][5.372s] GC(30)   Evacuate Collection Set: 0.2ms
[2025-06-03T15:51:17.528+0530][5.372s] GC(30)   Post Evacuate Collection Set: 0.3ms
[2025-06-03T15:51:17.528+0530][5.372s] GC(30)   Other: 0.1ms
[2025-06-03T15:51:17.528+0530][5.373s] GC(30) Eden regions: 306->0(306)
[2025-06-03T15:51:17.528+0530][5.373s] GC(30) Survivor regions: 1->1(39)
[2025-06-03T15:51:17.528+0530][5.373s] GC(30) Old regions: 6->6
[2025-06-03T15:51:17.528+0530][5.373s] GC(30) Archive regions: 2->2
[2025-06-03T15:51:17.528+0530][5.373s] GC(30) Humongous regions: 0->0
[2025-06-03T15:51:17.528+0530][5.373s] GC(30) Metaspace: 14686K(15104K)->14686K(15104K) NonClass: 12753K(12992K)->12753K(12992K) Class: 1933K(2112K)->1933K(2112K)
[2025-06-03T15:51:17.528+0530][5.373s] GC(30) Pause Young (Normal) (G1 Evacuation Pause) 312M->6M(512M) 0.894ms
[2025-06-03T15:51:17.528+0530][5.373s] GC(30) User=0.01s Sys=0.00s Real=0.00s
[2025-06-03T15:51:17.638+0530][5.483s] GC(31) Pause Young (Normal) (G1 Evacuation Pause)
[2025-06-03T15:51:17.639+0530][5.483s] GC(31) Using 8 workers of 8 for evacuation
[2025-06-03T15:51:17.639+0530][5.483s] GC(31) Skipped phase 1 of Reference Processing: no references
[2025-06-03T15:51:17.639+0530][5.483s] GC(31) Skipped phase 2 of Reference Processing: no references
[2025-06-03T15:51:17.639+0530][5.484s] GC(31) Skipped phase 3 of Reference Processing: no references
[2025-06-03T15:51:17.639+0530][5.484s] GC(31) Skipped phase 4 of Reference Processing: no references
[2025-06-03T15:51:17.639+0530][5.484s] GC(31)   Pre Evacuate Collection Set: 0.1ms
[2025-06-03T15:51:17.639+0530][5.484s] GC(31)   Merge Heap Roots: 0.1ms
[2025-06-03T15:51:17.640+0530][5.484s] GC(31)   Evacuate Collection Set: 0.2ms
[2025-06-03T15:51:17.640+0530][5.484s] GC(31)   Post Evacuate Collection Set: 0.5ms
[2025-06-03T15:51:17.640+0530][5.484s] GC(31)   Other: 0.1ms
[2025-06-03T15:51:17.640+0530][5.484s] GC(31) Eden regions: 306->0(306)
[2025-06-03T15:51:17.640+0530][5.484s] GC(31) Survivor regions: 1->1(39)
[2025-06-03T15:51:17.640+0530][5.484s] GC(31) Old regions: 6->6
[2025-06-03T15:51:17.640+0530][5.484s] GC(31) Archive regions: 2->2
[2025-06-03T15:51:17.640+0530][5.484s] GC(31) Humongous regions: 0->0
[2025-06-03T15:51:17.640+0530][5.484s] GC(31) Metaspace: 14686K(15104K)->14686K(15104K) NonClass: 12753K(12992K)->12753K(12992K) Class: 1933K(2112K)->1933K(2112K)
[2025-06-03T15:51:17.640+0530][5.484s] GC(31) Pause Young (Normal) (G1 Evacuation Pause) 312M->6M(512M) 1.156ms
[2025-06-03T15:51:17.640+0530][5.484s] GC(31) User=0.00s Sys=0.00s Real=0.01s
[2025-06-03T15:51:17.754+0530][5.598s] GC(32) Pause Young (Normal) (G1 Evacuation Pause)
[2025-06-03T15:51:17.754+0530][5.598s] GC(32) Using 8 workers of 8 for evacuation
[2025-06-03T15:51:17.754+0530][5.599s] GC(32) Skipped phase 1 of Reference Processing: no references
[2025-06-03T15:51:17.754+0530][5.599s] GC(32) Skipped phase 2 of Reference Processing: no references
[2025-06-03T15:51:17.754+0530][5.599s] GC(32) Skipped phase 3 of Reference Processing: no references
[2025-06-03T15:51:17.754+0530][5.599s] GC(32) Skipped phase 4 of Reference Processing: no references
[2025-06-03T15:51:17.755+0530][5.599s] GC(32)   Pre Evacuate Collection Set: 0.1ms
[2025-06-03T15:51:17.755+0530][5.599s] GC(32)   Merge Heap Roots: 0.1ms
[2025-06-03T15:51:17.755+0530][5.599s] GC(32)   Evacuate Collection Set: 0.2ms
[2025-06-03T15:51:17.755+0530][5.599s] GC(32)   Post Evacuate Collection Set: 0.5ms
[2025-06-03T15:51:17.755+0530][5.599s] GC(32)   Other: 0.1ms
[2025-06-03T15:51:17.755+0530][5.599s] GC(32) Eden regions: 306->0(306)
[2025-06-03T15:51:17.755+0530][5.599s] GC(32) Survivor regions: 1->1(39)
[2025-06-03T15:51:17.755+0530][5.599s] GC(32) Old regions: 6->6
[2025-06-03T15:51:17.755+0530][5.599s] GC(32) Archive regions: 2->2
[2025-06-03T15:51:17.755+0530][5.599s] GC(32) Humongous regions: 0->0
[2025-06-03T15:51:17.755+0530][5.599s] GC(32) Metaspace: 14686K(15104K)->14686K(15104K) NonClass: 12753K(12992K)->12753K(12992K) Class: 1933K(2112K)->1933K(2112K)
[2025-06-03T15:51:17.755+0530][5.599s] GC(32) Pause Young (Normal) (G1 Evacuation Pause) 312M->6M(512M) 1.099ms
[2025-06-03T15:51:17.755+0530][5.599s] GC(32) User=0.00s Sys=0.00s Real=0.00s
[2025-06-03T15:51:17.866+0530][5.711s] GC(33) Pause Young (Normal) (G1 Evacuation Pause)
[2025-06-03T15:51:17.867+0530][5.711s] GC(33) Using 8 workers of 8 for evacuation
[2025-06-03T15:51:17.867+0530][5.712s] GC(33) Skipped phase 1 of Reference Processing: no references
[2025-06-03T15:51:17.867+0530][5.712s] GC(33) Skipped phase 2 of Reference Processing: no references
[2025-06-03T15:51:17.867+0530][5.712s] GC(33) Skipped phase 3 of Reference Processing: no references
[2025-06-03T15:51:17.867+0530][5.712s] GC(33) Skipped phase 4 of Reference Processing: no references
[2025-06-03T15:51:17.867+0530][5.712s] GC(33)   Pre Evacuate Collection Set: 0.1ms
[2025-06-03T15:51:17.867+0530][5.712s] GC(33)   Merge Heap Roots: 0.1ms
[2025-06-03T15:51:17.868+0530][5.712s] GC(33)   Evacuate Collection Set: 0.2ms
[2025-06-03T15:51:17.868+0530][5.712s] GC(33)   Post Evacuate Collection Set: 0.4ms
[2025-06-03T15:51:17.868+0530][5.712s] GC(33)   Other: 0.2ms
[2025-06-03T15:51:17.868+0530][5.712s] GC(33) Eden regions: 306->0(306)
[2025-06-03T15:51:17.868+0530][5.712s] GC(33) Survivor regions: 1->1(39)
[2025-06-03T15:51:17.868+0530][5.712s] GC(33) Old regions: 6->6
[2025-06-03T15:51:17.868+0530][5.712s] GC(33) Archive regions: 2->2
[2025-06-03T15:51:17.868+0530][5.712s] GC(33) Humongous regions: 0->0
[2025-06-03T15:51:17.868+0530][5.712s] GC(33) Metaspace: 14686K(15104K)->14686K(15104K) NonClass: 12753K(12992K)->12753K(12992K) Class: 1933K(2112K)->1933K(2112K)
[2025-06-03T15:51:17.868+0530][5.712s] GC(33) Pause Young (Normal) (G1 Evacuation Pause) 312M->6M(512M) 1.165ms
[2025-06-03T15:51:17.868+0530][5.712s] GC(33) User=0.00s Sys=0.00s Real=0.00s
[2025-06-03T15:51:17.980+0530][5.824s] GC(34) Pause Young (Normal) (G1 Evacuation Pause)
[2025-06-03T15:51:17.980+0530][5.825s] GC(34) Using 8 workers of 8 for evacuation
[2025-06-03T15:51:17.980+0530][5.825s] GC(34) Skipped phase 1 of Reference Processing: no references
[2025-06-03T15:51:17.980+0530][5.825s] GC(34) Skipped phase 2 of Reference Processing: no references
[2025-06-03T15:51:17.980+0530][5.825s] GC(34) Skipped phase 3 of Reference Processing: no references
[2025-06-03T15:51:17.980+0530][5.825s] GC(34) Skipped phase 4 of Reference Processing: no references
[2025-06-03T15:51:17.981+0530][5.825s] GC(34)   Pre Evacuate Collection Set: 0.1ms
[2025-06-03T15:51:17.981+0530][5.825s] GC(34)   Merge Heap Roots: 0.1ms
[2025-06-03T15:51:17.981+0530][5.825s] GC(34)   Evacuate Collection Set: 0.2ms
[2025-06-03T15:51:17.981+0530][5.825s] GC(34)   Post Evacuate Collection Set: 0.4ms
[2025-06-03T15:51:17.981+0530][5.825s] GC(34)   Other: 0.1ms
[2025-06-03T15:51:17.981+0530][5.825s] GC(34) Eden regions: 306->0(306)
[2025-06-03T15:51:17.981+0530][5.825s] GC(34) Survivor regions: 1->1(39)
[2025-06-03T15:51:17.981+0530][5.825s] GC(34) Old regions: 6->6
[2025-06-03T15:51:17.981+0530][5.825s] GC(34) Archive regions: 2->2
[2025-06-03T15:51:17.981+0530][5.825s] GC(34) Humongous regions: 0->0
[2025-06-03T15:51:17.981+0530][5.825s] GC(34) Metaspace: 14686K(15104K)->14686K(15104K) NonClass: 12753K(12992K)->12753K(12992K) Class: 1933K(2112K)->1933K(2112K)
[2025-06-03T15:51:17.981+0530][5.825s] GC(34) Pause Young (Normal) (G1 Evacuation Pause) 312M->6M(512M) 0.972ms
[2025-06-03T15:51:17.981+0530][5.825s] GC(34) User=0.00s Sys=0.00s Real=0.00s
[2025-06-03T15:51:18.092+0530][5.937s] GC(35) Pause Young (Normal) (G1 Evacuation Pause)
[2025-06-03T15:51:18.092+0530][5.937s] GC(35) Using 8 workers of 8 for evacuation
[2025-06-03T15:51:18.092+0530][5.937s] GC(35) Skipped phase 1 of Reference Processing: no references
[2025-06-03T15:51:18.092+0530][5.937s] GC(35) Skipped phase 2 of Reference Processing: no references
[2025-06-03T15:51:18.092+0530][5.937s] GC(35) Skipped phase 3 of Reference Processing: no references
[2025-06-03T15:51:18.092+0530][5.937s] GC(35) Skipped phase 4 of Reference Processing: no references
[2025-06-03T15:51:18.093+0530][5.937s] GC(35)   Pre Evacuate Collection Set: 0.1ms
[2025-06-03T15:51:18.093+0530][5.937s] GC(35)   Merge Heap Roots: 0.1ms
[2025-06-03T15:51:18.093+0530][5.937s] GC(35)   Evacuate Collection Set: 0.2ms
[2025-06-03T15:51:18.093+0530][5.937s] GC(35)   Post Evacuate Collection Set: 0.3ms
[2025-06-03T15:51:18.093+0530][5.937s] GC(35)   Other: 0.1ms
[2025-06-03T15:51:18.093+0530][5.937s] GC(35) Eden regions: 306->0(306)
[2025-06-03T15:51:18.093+0530][5.937s] GC(35) Survivor regions: 1->1(39)
[2025-06-03T15:51:18.093+0530][5.937s] GC(35) Old regions: 6->6
[2025-06-03T15:51:18.093+0530][5.937s] GC(35) Archive regions: 2->2
[2025-06-03T15:51:18.093+0530][5.937s] GC(35) Humongous regions: 0->0
[2025-06-03T15:51:18.093+0530][5.937s] GC(35) Metaspace: 14686K(15104K)->14686K(15104K) NonClass: 12753K(12992K)->12753K(12992K) Class: 1933K(2112K)->1933K(2112K)
[2025-06-03T15:51:18.093+0530][5.938s] GC(35) Pause Young (Normal) (G1 Evacuation Pause) 312M->6M(512M) 0.954ms
[2025-06-03T15:51:18.093+0530][5.938s] GC(35) User=0.00s Sys=0.01s Real=0.00s
[2025-06-03T15:51:18.212+0530][6.057s] GC(36) Pause Young (Normal) (G1 Evacuation Pause)
[2025-06-03T15:51:18.213+0530][6.057s] GC(36) Using 8 workers of 8 for evacuation
[2025-06-03T15:51:18.213+0530][6.057s] GC(36) Skipped phase 1 of Reference Processing: no references
[2025-06-03T15:51:18.213+0530][6.058s] GC(36) Skipped phase 2 of Reference Processing: no references
[2025-06-03T15:51:18.213+0530][6.058s] GC(36) Skipped phase 3 of Reference Processing: no references
[2025-06-03T15:51:18.213+0530][6.058s] GC(36) Skipped phase 4 of Reference Processing: no references
[2025-06-03T15:51:18.213+0530][6.058s] GC(36)   Pre Evacuate Collection Set: 0.1ms
[2025-06-03T15:51:18.213+0530][6.058s] GC(36)   Merge Heap Roots: 0.1ms
[2025-06-03T15:51:18.213+0530][6.058s] GC(36)   Evacuate Collection Set: 0.2ms
[2025-06-03T15:51:18.213+0530][6.058s] GC(36)   Post Evacuate Collection Set: 0.4ms
[2025-06-03T15:51:18.213+0530][6.058s] GC(36)   Other: 0.3ms
[2025-06-03T15:51:18.213+0530][6.058s] GC(36) Eden regions: 306->0(306)
[2025-06-03T15:51:18.213+0530][6.058s] GC(36) Survivor regions: 1->1(39)
[2025-06-03T15:51:18.213+0530][6.058s] GC(36) Old regions: 6->6
[2025-06-03T15:51:18.213+0530][6.058s] GC(36) Archive regions: 2->2
[2025-06-03T15:51:18.213+0530][6.058s] GC(36) Humongous regions: 0->0
[2025-06-03T15:51:18.213+0530][6.058s] GC(36) Metaspace: 14686K(15104K)->14686K(15104K) NonClass: 12753K(12992K)->12753K(12992K) Class: 1933K(2112K)->1933K(2112K)
[2025-06-03T15:51:18.214+0530][6.058s] GC(36) Pause Young (Normal) (G1 Evacuation Pause) 312M->6M(512M) 1.094ms
[2025-06-03T15:51:18.214+0530][6.058s] GC(36) User=0.00s Sys=0.00s Real=0.00s
[2025-06-03T15:51:18.333+0530][6.177s] GC(37) Pause Young (Normal) (G1 Evacuation Pause)
[2025-06-03T15:51:18.333+0530][6.177s] GC(37) Using 8 workers of 8 for evacuation
[2025-06-03T15:51:18.333+0530][6.178s] GC(37) Skipped phase 1 of Reference Processing: no references
[2025-06-03T15:51:18.333+0530][6.178s] GC(37) Skipped phase 2 of Reference Processing: no references
[2025-06-03T15:51:18.333+0530][6.178s] GC(37) Skipped phase 3 of Reference Processing: no references
[2025-06-03T15:51:18.333+0530][6.178s] GC(37) Skipped phase 4 of Reference Processing: no references
[2025-06-03T15:51:18.334+0530][6.178s] GC(37)   Pre Evacuate Collection Set: 0.1ms
[2025-06-03T15:51:18.334+0530][6.178s] GC(37)   Merge Heap Roots: 0.1ms
[2025-06-03T15:51:18.334+0530][6.178s] GC(37)   Evacuate Collection Set: 0.2ms
[2025-06-03T15:51:18.334+0530][6.178s] GC(37)   Post Evacuate Collection Set: 0.4ms
[2025-06-03T15:51:18.334+0530][6.178s] GC(37)   Other: 0.2ms
[2025-06-03T15:51:18.334+0530][6.178s] GC(37) Eden regions: 306->0(306)
[2025-06-03T15:51:18.334+0530][6.178s] GC(37) Survivor regions: 1->1(39)
[2025-06-03T15:51:18.334+0530][6.178s] GC(37) Old regions: 6->6
[2025-06-03T15:51:18.334+0530][6.178s] GC(37) Archive regions: 2->2
[2025-06-03T15:51:18.334+0530][6.178s] GC(37) Humongous regions: 0->0
[2025-06-03T15:51:18.334+0530][6.178s] GC(37) Metaspace: 14686K(15104K)->14686K(15104K) NonClass: 12753K(12992K)->12753K(12992K) Class: 1933K(2112K)->1933K(2112K)
[2025-06-03T15:51:18.334+0530][6.178s] GC(37) Pause Young (Normal) (G1 Evacuation Pause) 312M->6M(512M) 1.191ms
[2025-06-03T15:51:18.334+0530][6.178s] GC(37) User=0.00s Sys=0.00s Real=0.00s
[2025-06-03T15:51:18.465+0530][6.310s] GC(38) Pause Young (Normal) (G1 Evacuation Pause)
[2025-06-03T15:51:18.466+0530][6.310s] GC(38) Using 8 workers of 8 for evacuation
[2025-06-03T15:51:18.466+0530][6.311s] GC(38) Skipped phase 1 of Reference Processing: no references
[2025-06-03T15:51:18.466+0530][6.311s] GC(38) Skipped phase 2 of Reference Processing: no references
[2025-06-03T15:51:18.466+0530][6.311s] GC(38) Skipped phase 3 of Reference Processing: no references
[2025-06-03T15:51:18.466+0530][6.311s] GC(38) Skipped phase 4 of Reference Processing: no references
[2025-06-03T15:51:18.466+0530][6.311s] GC(38)   Pre Evacuate Collection Set: 0.1ms
[2025-06-03T15:51:18.467+0530][6.311s] GC(38)   Merge Heap Roots: 0.1ms
[2025-06-03T15:51:18.467+0530][6.311s] GC(38)   Evacuate Collection Set: 0.2ms
[2025-06-03T15:51:18.467+0530][6.311s] GC(38)   Post Evacuate Collection Set: 0.5ms
[2025-06-03T15:51:18.467+0530][6.311s] GC(38)   Other: 0.2ms
[2025-06-03T15:51:18.467+0530][6.311s] GC(38) Eden regions: 306->0(306)
[2025-06-03T15:51:18.467+0530][6.311s] GC(38) Survivor regions: 1->1(39)
[2025-06-03T15:51:18.467+0530][6.311s] GC(38) Old regions: 6->6
[2025-06-03T15:51:18.467+0530][6.311s] GC(38) Archive regions: 2->2
[2025-06-03T15:51:18.467+0530][6.311s] GC(38) Humongous regions: 0->0
[2025-06-03T15:51:18.467+0530][6.311s] GC(38) Metaspace: 14686K(15104K)->14686K(15104K) NonClass: 12753K(12992K)->12753K(12992K) Class: 1933K(2112K)->1933K(2112K)
[2025-06-03T15:51:18.467+0530][6.311s] GC(38) Pause Young (Normal) (G1 Evacuation Pause) 312M->6M(512M) 1.343ms
[2025-06-03T15:51:18.467+0530][6.311s] GC(38) User=0.01s Sys=0.00s Real=0.00s
[2025-06-03T15:51:18.610+0530][6.454s] GC(39) Pause Young (Normal) (G1 Evacuation Pause)
[2025-06-03T15:51:18.610+0530][6.454s] GC(39) Using 8 workers of 8 for evacuation
[2025-06-03T15:51:18.610+0530][6.454s] GC(39) Skipped phase 1 of Reference Processing: no references
[2025-06-03T15:51:18.610+0530][6.455s] GC(39) Skipped phase 2 of Reference Processing: no references
[2025-06-03T15:51:18.610+0530][6.455s] GC(39) Skipped phase 3 of Reference Processing: no references
[2025-06-03T15:51:18.610+0530][6.455s] GC(39) Skipped phase 4 of Reference Processing: no references
[2025-06-03T15:51:18.610+0530][6.455s] GC(39)   Pre Evacuate Collection Set: 0.1ms
[2025-06-03T15:51:18.610+0530][6.455s] GC(39)   Merge Heap Roots: 0.1ms
[2025-06-03T15:51:18.610+0530][6.455s] GC(39)   Evacuate Collection Set: 0.2ms
[2025-06-03T15:51:18.610+0530][6.455s] GC(39)   Post Evacuate Collection Set: 0.3ms
[2025-06-03T15:51:18.610+0530][6.455s] GC(39)   Other: 0.1ms
[2025-06-03T15:51:18.610+0530][6.455s] GC(39) Eden regions: 306->0(306)
[2025-06-03T15:51:18.610+0530][6.455s] GC(39) Survivor regions: 1->1(39)
[2025-06-03T15:51:18.610+0530][6.455s] GC(39) Old regions: 6->6
[2025-06-03T15:51:18.610+0530][6.455s] GC(39) Archive regions: 2->2
[2025-06-03T15:51:18.610+0530][6.455s] GC(39) Humongous regions: 0->0
[2025-06-03T15:51:18.610+0530][6.455s] GC(39) Metaspace: 14686K(15104K)->14686K(15104K) NonClass: 12753K(12992K)->12753K(12992K) Class: 1933K(2112K)->1933K(2112K)
[2025-06-03T15:51:18.610+0530][6.455s] GC(39) Pause Young (Normal) (G1 Evacuation Pause) 312M->6M(512M) 0.931ms
[2025-06-03T15:51:18.610+0530][6.455s] GC(39) User=0.00s Sys=0.00s Real=0.00s
[2025-06-03T15:51:18.740+0530][6.584s] GC(40) Pause Young (Normal) (G1 Evacuation Pause)
[2025-06-03T15:51:18.740+0530][6.584s] GC(40) Using 8 workers of 8 for evacuation
[2025-06-03T15:51:18.740+0530][6.585s] GC(40) Skipped phase 1 of Reference Processing: no references
[2025-06-03T15:51:18.740+0530][6.585s] GC(40) Skipped phase 2 of Reference Processing: no references
[2025-06-03T15:51:18.740+0530][6.585s] GC(40) Skipped phase 3 of Reference Processing: no references
[2025-06-03T15:51:18.740+0530][6.585s] GC(40) Skipped phase 4 of Reference Processing: no references
[2025-06-03T15:51:18.741+0530][6.585s] GC(40)   Pre Evacuate Collection Set: 0.1ms
[2025-06-03T15:51:18.741+0530][6.585s] GC(40)   Merge Heap Roots: 0.1ms
[2025-06-03T15:51:18.741+0530][6.585s] GC(40)   Evacuate Collection Set: 0.1ms
[2025-06-03T15:51:18.741+0530][6.585s] GC(40)   Post Evacuate Collection Set: 0.4ms
[2025-06-03T15:51:18.741+0530][6.585s] GC(40)   Other: 0.2ms
[2025-06-03T15:51:18.741+0530][6.585s] GC(40) Eden regions: 306->0(306)
[2025-06-03T15:51:18.741+0530][6.585s] GC(40) Survivor regions: 1->1(39)
[2025-06-03T15:51:18.741+0530][6.585s] GC(40) Old regions: 6->6
[2025-06-03T15:51:18.741+0530][6.585s] GC(40) Archive regions: 2->2
[2025-06-03T15:51:18.741+0530][6.585s] GC(40) Humongous regions: 0->0
[2025-06-03T15:51:18.741+0530][6.585s] GC(40) Metaspace: 14686K(15104K)->14686K(15104K) NonClass: 12753K(12992K)->12753K(12992K) Class: 1933K(2112K)->1933K(2112K)
[2025-06-03T15:51:18.741+0530][6.585s] GC(40) Pause Young (Normal) (G1 Evacuation Pause) 312M->6M(512M) 0.984ms
[2025-06-03T15:51:18.741+0530][6.585s] GC(40) User=0.00s Sys=0.00s Real=0.00s
[2025-06-03T15:51:18.858+0530][6.703s] GC(41) Pause Young (Normal) (G1 Evacuation Pause)
[2025-06-03T15:51:18.858+0530][6.703s] GC(41) Using 8 workers of 8 for evacuation
[2025-06-03T15:51:18.858+0530][6.703s] GC(41) Skipped phase 1 of Reference Processing: no references
[2025-06-03T15:51:18.858+0530][6.703s] GC(41) Skipped phase 2 of Reference Processing: no references
[2025-06-03T15:51:18.858+0530][6.703s] GC(41) Skipped phase 3 of Reference Processing: no references
[2025-06-03T15:51:18.859+0530][6.703s] GC(41) Skipped phase 4 of Reference Processing: no references
[2025-06-03T15:51:18.859+0530][6.703s] GC(41)   Pre Evacuate Collection Set: 0.1ms
[2025-06-03T15:51:18.859+0530][6.703s] GC(41)   Merge Heap Roots: 0.1ms
[2025-06-03T15:51:18.859+0530][6.703s] GC(41)   Evacuate Collection Set: 0.2ms
[2025-06-03T15:51:18.859+0530][6.703s] GC(41)   Post Evacuate Collection Set: 0.4ms
[2025-06-03T15:51:18.859+0530][6.704s] GC(41)   Other: 0.1ms
[2025-06-03T15:51:18.859+0530][6.704s] GC(41) Eden regions: 306->0(306)
[2025-06-03T15:51:18.859+0530][6.704s] GC(41) Survivor regions: 1->1(39)
[2025-06-03T15:51:18.859+0530][6.704s] GC(41) Old regions: 6->6
[2025-06-03T15:51:18.859+0530][6.704s] GC(41) Archive regions: 2->2
[2025-06-03T15:51:18.859+0530][6.704s] GC(41) Humongous regions: 0->0
[2025-06-03T15:51:18.859+0530][6.704s] GC(41) Metaspace: 14686K(15104K)->14686K(15104K) NonClass: 12753K(12992K)->12753K(12992K) Class: 1933K(2112K)->1933K(2112K)
[2025-06-03T15:51:18.859+0530][6.704s] GC(41) Pause Young (Normal) (G1 Evacuation Pause) 312M->6M(512M) 1.058ms
[2025-06-03T15:51:18.859+0530][6.704s] GC(41) User=0.00s Sys=0.00s Real=0.00s
[2025-06-03T15:51:18.977+0530][6.822s] GC(42) Pause Young (Normal) (G1 Evacuation Pause)
[2025-06-03T15:51:18.977+0530][6.822s] GC(42) Using 8 workers of 8 for evacuation
[2025-06-03T15:51:18.978+0530][6.822s] GC(42) Skipped phase 1 of Reference Processing: no references
[2025-06-03T15:51:18.978+0530][6.822s] GC(42) Skipped phase 2 of Reference Processing: no references
[2025-06-03T15:51:18.978+0530][6.822s] GC(42) Skipped phase 3 of Reference Processing: no references
[2025-06-03T15:51:18.978+0530][6.822s] GC(42) Skipped phase 4 of Reference Processing: no references
[2025-06-03T15:51:18.978+0530][6.823s] GC(42)   Pre Evacuate Collection Set: 0.1ms
[2025-06-03T15:51:18.978+0530][6.823s] GC(42)   Merge Heap Roots: 0.1ms
[2025-06-03T15:51:18.978+0530][6.823s] GC(42)   Evacuate Collection Set: 0.2ms
[2025-06-03T15:51:18.978+0530][6.823s] GC(42)   Post Evacuate Collection Set: 0.3ms
[2025-06-03T15:51:18.978+0530][6.823s] GC(42)   Other: 0.1ms
[2025-06-03T15:51:18.978+0530][6.823s] GC(42) Eden regions: 306->0(306)
[2025-06-03T15:51:18.978+0530][6.823s] GC(42) Survivor regions: 1->1(39)
[2025-06-03T15:51:18.978+0530][6.823s] GC(42) Old regions: 6->6
[2025-06-03T15:51:18.978+0530][6.823s] GC(42) Archive regions: 2->2
[2025-06-03T15:51:18.978+0530][6.823s] GC(42) Humongous regions: 0->0
[2025-06-03T15:51:18.978+0530][6.823s] GC(42) Metaspace: 14686K(15104K)->14686K(15104K) NonClass: 12753K(12992K)->12753K(12992K) Class: 1933K(2112K)->1933K(2112K)
[2025-06-03T15:51:18.978+0530][6.823s] GC(42) Pause Young (Normal) (G1 Evacuation Pause) 312M->6M(512M) 0.889ms
[2025-06-03T15:51:18.978+0530][6.823s] GC(42) User=0.00s Sys=0.00s Real=0.00s
[2025-06-03T15:51:19.095+0530][6.940s] GC(43) Pause Young (Normal) (G1 Evacuation Pause)
[2025-06-03T15:51:19.095+0530][6.940s] GC(43) Using 8 workers of 8 for evacuation
[2025-06-03T15:51:19.096+0530][6.940s] GC(43) Skipped phase 1 of Reference Processing: no references
[2025-06-03T15:51:19.096+0530][6.940s] GC(43) Skipped phase 2 of Reference Processing: no references
[2025-06-03T15:51:19.096+0530][6.940s] GC(43) Skipped phase 3 of Reference Processing: no references
[2025-06-03T15:51:19.096+0530][6.940s] GC(43) Skipped phase 4 of Reference Processing: no references
[2025-06-03T15:51:19.096+0530][6.941s] GC(43)   Pre Evacuate Collection Set: 0.1ms
[2025-06-03T15:51:19.096+0530][6.941s] GC(43)   Merge Heap Roots: 0.1ms
[2025-06-03T15:51:19.096+0530][6.941s] GC(43)   Evacuate Collection Set: 0.2ms
[2025-06-03T15:51:19.096+0530][6.941s] GC(43)   Post Evacuate Collection Set: 0.4ms
[2025-06-03T15:51:19.096+0530][6.941s] GC(43)   Other: 0.2ms
[2025-06-03T15:51:19.096+0530][6.941s] GC(43) Eden regions: 306->0(306)
[2025-06-03T15:51:19.096+0530][6.941s] GC(43) Survivor regions: 1->1(39)
[2025-06-03T15:51:19.096+0530][6.941s] GC(43) Old regions: 6->6
[2025-06-03T15:51:19.096+0530][6.941s] GC(43) Archive regions: 2->2
[2025-06-03T15:51:19.096+0530][6.941s] GC(43) Humongous regions: 0->0
[2025-06-03T15:51:19.096+0530][6.941s] GC(43) Metaspace: 14686K(15104K)->14686K(15104K) NonClass: 12753K(12992K)->12753K(12992K) Class: 1933K(2112K)->1933K(2112K)
[2025-06-03T15:51:19.096+0530][6.941s] GC(43) Pause Young (Normal) (G1 Evacuation Pause) 312M->6M(512M) 1.025ms
[2025-06-03T15:51:19.096+0530][6.941s] GC(43) User=0.00s Sys=0.00s Real=0.00s
[2025-06-03T15:51:19.217+0530][7.062s] GC(44) Pause Young (Normal) (G1 Evacuation Pause)
[2025-06-03T15:51:19.218+0530][7.062s] GC(44) Using 8 workers of 8 for evacuation
[2025-06-03T15:51:19.218+0530][7.062s] GC(44) Skipped phase 1 of Reference Processing: no references
[2025-06-03T15:51:19.218+0530][7.063s] GC(44) Skipped phase 2 of Reference Processing: no references
[2025-06-03T15:51:19.218+0530][7.063s] GC(44) Skipped phase 3 of Reference Processing: no references
[2025-06-03T15:51:19.218+0530][7.063s] GC(44) Skipped phase 4 of Reference Processing: no references
[2025-06-03T15:51:19.218+0530][7.063s] GC(44)   Pre Evacuate Collection Set: 0.1ms
[2025-06-03T15:51:19.218+0530][7.063s] GC(44)   Merge Heap Roots: 0.1ms
[2025-06-03T15:51:19.218+0530][7.063s] GC(44)   Evacuate Collection Set: 0.2ms
[2025-06-03T15:51:19.218+0530][7.063s] GC(44)   Post Evacuate Collection Set: 0.4ms
[2025-06-03T15:51:19.218+0530][7.063s] GC(44)   Other: 0.1ms
[2025-06-03T15:51:19.218+0530][7.063s] GC(44) Eden regions: 306->0(306)
[2025-06-03T15:51:19.218+0530][7.063s] GC(44) Survivor regions: 1->1(39)
[2025-06-03T15:51:19.218+0530][7.063s] GC(44) Old regions: 6->6
[2025-06-03T15:51:19.218+0530][7.063s] GC(44) Archive regions: 2->2
[2025-06-03T15:51:19.218+0530][7.063s] GC(44) Humongous regions: 0->0
[2025-06-03T15:51:19.218+0530][7.063s] GC(44) Metaspace: 14686K(15104K)->14686K(15104K) NonClass: 12753K(12992K)->12753K(12992K) Class: 1933K(2112K)->1933K(2112K)
[2025-06-03T15:51:19.218+0530][7.063s] GC(44) Pause Young (Normal) (G1 Evacuation Pause) 312M->6M(512M) 0.997ms
[2025-06-03T15:51:19.219+0530][7.063s] GC(44) User=0.00s Sys=0.00s Real=0.00s
[2025-06-03T15:51:19.338+0530][7.182s] GC(45) Pause Young (Normal) (G1 Evacuation Pause)
[2025-06-03T15:51:19.338+0530][7.182s] GC(45) Using 8 workers of 8 for evacuation
[2025-06-03T15:51:19.338+0530][7.182s] GC(45) Skipped phase 1 of Reference Processing: no references
[2025-06-03T15:51:19.338+0530][7.183s] GC(45) Skipped phase 2 of Reference Processing: no references
[2025-06-03T15:51:19.338+0530][7.183s] GC(45) Skipped phase 3 of Reference Processing: no references
[2025-06-03T15:51:19.338+0530][7.183s] GC(45) Skipped phase 4 of Reference Processing: no references
[2025-06-03T15:51:19.338+0530][7.183s] GC(45)   Pre Evacuate Collection Set: 0.1ms
[2025-06-03T15:51:19.338+0530][7.183s] GC(45)   Merge Heap Roots: 0.1ms
[2025-06-03T15:51:19.338+0530][7.183s] GC(45)   Evacuate Collection Set: 0.2ms
[2025-06-03T15:51:19.338+0530][7.183s] GC(45)   Post Evacuate Collection Set: 0.3ms
[2025-06-03T15:51:19.338+0530][7.183s] GC(45)   Other: 0.1ms
[2025-06-03T15:51:19.338+0530][7.183s] GC(45) Eden regions: 306->0(306)
[2025-06-03T15:51:19.338+0530][7.183s] GC(45) Survivor regions: 1->1(39)
[2025-06-03T15:51:19.338+0530][7.183s] GC(45) Old regions: 6->6
[2025-06-03T15:51:19.338+0530][7.183s] GC(45) Archive regions: 2->2
[2025-06-03T15:51:19.338+0530][7.183s] GC(45) Humongous regions: 0->0
[2025-06-03T15:51:19.338+0530][7.183s] GC(45) Metaspace: 14686K(15104K)->14686K(15104K) NonClass: 12753K(12992K)->12753K(12992K) Class: 1933K(2112K)->1933K(2112K)
[2025-06-03T15:51:19.338+0530][7.183s] GC(45) Pause Young (Normal) (G1 Evacuation Pause) 312M->6M(512M) 0.939ms
[2025-06-03T15:51:19.338+0530][7.183s] GC(45) User=0.00s Sys=0.00s Real=0.00s
[2025-06-03T15:51:19.469+0530][7.314s] GC(46) Pause Young (Normal) (G1 Evacuation Pause)
[2025-06-03T15:51:19.470+0530][7.314s] GC(46) Using 8 workers of 8 for evacuation
[2025-06-03T15:51:19.470+0530][7.315s] GC(46) Skipped phase 1 of Reference Processing: no references
[2025-06-03T15:51:19.470+0530][7.315s] GC(46) Skipped phase 2 of Reference Processing: no references
[2025-06-03T15:51:19.470+0530][7.315s] GC(46) Skipped phase 3 of Reference Processing: no references
[2025-06-03T15:51:19.470+0530][7.315s] GC(46) Skipped phase 4 of Reference Processing: no references
[2025-06-03T15:51:19.470+0530][7.315s] GC(46)   Pre Evacuate Collection Set: 0.1ms
[2025-06-03T15:51:19.470+0530][7.315s] GC(46)   Merge Heap Roots: 0.1ms
[2025-06-03T15:51:19.470+0530][7.315s] GC(46)   Evacuate Collection Set: 0.2ms
[2025-06-03T15:51:19.470+0530][7.315s] GC(46)   Post Evacuate Collection Set: 0.3ms
[2025-06-03T15:51:19.470+0530][7.315s] GC(46)   Other: 0.1ms
[2025-06-03T15:51:19.470+0530][7.315s] GC(46) Eden regions: 306->0(306)
[2025-06-03T15:51:19.470+0530][7.315s] GC(46) Survivor regions: 1->1(39)
[2025-06-03T15:51:19.470+0530][7.315s] GC(46) Old regions: 6->6
[2025-06-03T15:51:19.470+0530][7.315s] GC(46) Archive regions: 2->2
[2025-06-03T15:51:19.470+0530][7.315s] GC(46) Humongous regions: 0->0
[2025-06-03T15:51:19.470+0530][7.315s] GC(46) Metaspace: 14686K(15104K)->14686K(15104K) NonClass: 12753K(12992K)->12753K(12992K) Class: 1933K(2112K)->1933K(2112K)
[2025-06-03T15:51:19.470+0530][7.315s] GC(46) Pause Young (Normal) (G1 Evacuation Pause) 312M->6M(512M) 0.965ms
[2025-06-03T15:51:19.470+0530][7.315s] GC(46) User=0.00s Sys=0.00s Real=0.01s
[2025-06-03T15:51:19.591+0530][7.435s] GC(47) Pause Young (Normal) (G1 Evacuation Pause)
[2025-06-03T15:51:19.591+0530][7.435s] GC(47) Using 8 workers of 8 for evacuation
[2025-06-03T15:51:19.591+0530][7.436s] GC(47) Skipped phase 1 of Reference Processing: no references
[2025-06-03T15:51:19.591+0530][7.436s] GC(47) Skipped phase 2 of Reference Processing: no references
[2025-06-03T15:51:19.591+0530][7.436s] GC(47) Skipped phase 3 of Reference Processing: no references
[2025-06-03T15:51:19.591+0530][7.436s] GC(47) Skipped phase 4 of Reference Processing: no references
[2025-06-03T15:51:19.592+0530][7.436s] GC(47)   Pre Evacuate Collection Set: 0.1ms
[2025-06-03T15:51:19.592+0530][7.436s] GC(47)   Merge Heap Roots: 0.1ms
[2025-06-03T15:51:19.592+0530][7.436s] GC(47)   Evacuate Collection Set: 0.2ms
[2025-06-03T15:51:19.592+0530][7.436s] GC(47)   Post Evacuate Collection Set: 0.4ms
[2025-06-03T15:51:19.592+0530][7.436s] GC(47)   Other: 0.1ms
[2025-06-03T15:51:19.592+0530][7.436s] GC(47) Eden regions: 306->0(306)
[2025-06-03T15:51:19.592+0530][7.436s] GC(47) Survivor regions: 1->1(39)
[2025-06-03T15:51:19.592+0530][7.436s] GC(47) Old regions: 6->6
[2025-06-03T15:51:19.592+0530][7.436s] GC(47) Archive regions: 2->2
[2025-06-03T15:51:19.592+0530][7.436s] GC(47) Humongous regions: 0->0
[2025-06-03T15:51:19.592+0530][7.436s] GC(47) Metaspace: 14686K(15104K)->14686K(15104K) NonClass: 12753K(12992K)->12753K(12992K) Class: 1933K(2112K)->1933K(2112K)
[2025-06-03T15:51:19.592+0530][7.436s] GC(47) Pause Young (Normal) (G1 Evacuation Pause) 312M->6M(512M) 0.945ms
[2025-06-03T15:51:19.592+0530][7.436s] GC(47) User=0.00s Sys=0.00s Real=0.00s
[2025-06-03T15:51:19.708+0530][7.552s] GC(48) Pause Young (Normal) (G1 Evacuation Pause)
[2025-06-03T15:51:19.708+0530][7.552s] GC(48) Using 8 workers of 8 for evacuation
[2025-06-03T15:51:19.708+0530][7.553s] GC(48) Skipped phase 1 of Reference Processing: no references
[2025-06-03T15:51:19.708+0530][7.553s] GC(48) Skipped phase 2 of Reference Processing: no references
[2025-06-03T15:51:19.708+0530][7.553s] GC(48) Skipped phase 3 of Reference Processing: no references
[2025-06-03T15:51:19.708+0530][7.553s] GC(48) Skipped phase 4 of Reference Processing: no references
[2025-06-03T15:51:19.708+0530][7.553s] GC(48)   Pre Evacuate Collection Set: 0.1ms
[2025-06-03T15:51:19.709+0530][7.553s] GC(48)   Merge Heap Roots: 0.1ms
[2025-06-03T15:51:19.709+0530][7.553s] GC(48)   Evacuate Collection Set: 0.2ms
[2025-06-03T15:51:19.709+0530][7.553s] GC(48)   Post Evacuate Collection Set: 0.3ms
[2025-06-03T15:51:19.709+0530][7.553s] GC(48)   Other: 0.2ms
[2025-06-03T15:51:19.709+0530][7.553s] GC(48) Eden regions: 306->0(306)
[2025-06-03T15:51:19.709+0530][7.553s] GC(48) Survivor regions: 1->1(39)
[2025-06-03T15:51:19.709+0530][7.553s] GC(48) Old regions: 6->6
[2025-06-03T15:51:19.709+0530][7.553s] GC(48) Archive regions: 2->2
[2025-06-03T15:51:19.709+0530][7.553s] GC(48) Humongous regions: 0->0
[2025-06-03T15:51:19.709+0530][7.553s] GC(48) Metaspace: 14686K(15104K)->14686K(15104K) NonClass: 12753K(12992K)->12753K(12992K) Class: 1933K(2112K)->1933K(2112K)
[2025-06-03T15:51:19.709+0530][7.553s] GC(48) Pause Young (Normal) (G1 Evacuation Pause) 312M->6M(512M) 0.972ms
[2025-06-03T15:51:19.709+0530][7.553s] GC(48) User=0.00s Sys=0.00s Real=0.00s
[2025-06-03T15:51:19.834+0530][7.678s] GC(49) Pause Young (Normal) (G1 Evacuation Pause)
[2025-06-03T15:51:19.834+0530][7.679s] GC(49) Using 8 workers of 8 for evacuation
[2025-06-03T15:51:19.834+0530][7.679s] GC(49) Skipped phase 1 of Reference Processing: no references
[2025-06-03T15:51:19.834+0530][7.679s] GC(49) Skipped phase 2 of Reference Processing: no references
[2025-06-03T15:51:19.834+0530][7.679s] GC(49) Skipped phase 3 of Reference Processing: no references
[2025-06-03T15:51:19.834+0530][7.679s] GC(49) Skipped phase 4 of Reference Processing: no references
[2025-06-03T15:51:19.835+0530][7.679s] GC(49)   Pre Evacuate Collection Set: 0.1ms
[2025-06-03T15:51:19.835+0530][7.679s] GC(49)   Merge Heap Roots: 0.1ms
[2025-06-03T15:51:19.835+0530][7.679s] GC(49)   Evacuate Collection Set: 0.2ms
[2025-06-03T15:51:19.835+0530][7.680s] GC(49)   Post Evacuate Collection Set: 0.4ms
[2025-06-03T15:51:19.835+0530][7.680s] GC(49)   Other: 0.2ms
[2025-06-03T15:51:19.835+0530][7.680s] GC(49) Eden regions: 306->0(306)
[2025-06-03T15:51:19.835+0530][7.680s] GC(49) Survivor regions: 1->1(39)
[2025-06-03T15:51:19.835+0530][7.680s] GC(49) Old regions: 6->6
[2025-06-03T15:51:19.835+0530][7.680s] GC(49) Archive regions: 2->2
[2025-06-03T15:51:19.835+0530][7.680s] GC(49) Humongous regions: 0->0
[2025-06-03T15:51:19.835+0530][7.680s] GC(49) Metaspace: 14686K(15104K)->14686K(15104K) NonClass: 12753K(12992K)->12753K(12992K) Class: 1933K(2112K)->1933K(2112K)
[2025-06-03T15:51:19.835+0530][7.680s] GC(49) Pause Young (Normal) (G1 Evacuation Pause) 312M->6M(512M) 1.224ms
[2025-06-03T15:51:19.835+0530][7.680s] GC(49) User=0.00s Sys=0.00s Real=0.00s
[2025-06-03T15:51:19.969+0530][7.813s] GC(50) Pause Young (Normal) (G1 Evacuation Pause)
[2025-06-03T15:51:19.969+0530][7.813s] GC(50) Using 8 workers of 8 for evacuation
[2025-06-03T15:51:19.969+0530][7.814s] GC(50) Skipped phase 1 of Reference Processing: no references
[2025-06-03T15:51:19.969+0530][7.814s] GC(50) Skipped phase 2 of Reference Processing: no references
[2025-06-03T15:51:19.970+0530][7.814s] GC(50) Skipped phase 3 of Reference Processing: no references
[2025-06-03T15:51:19.970+0530][7.814s] GC(50) Skipped phase 4 of Reference Processing: no references
[2025-06-03T15:51:19.970+0530][7.814s] GC(50)   Pre Evacuate Collection Set: 0.1ms
[2025-06-03T15:51:19.970+0530][7.814s] GC(50)   Merge Heap Roots: 0.1ms
[2025-06-03T15:51:19.970+0530][7.814s] GC(50)   Evacuate Collection Set: 0.3ms
[2025-06-03T15:51:19.970+0530][7.815s] GC(50)   Post Evacuate Collection Set: 0.4ms
[2025-06-03T15:51:19.970+0530][7.815s] GC(50)   Other: 0.2ms
[2025-06-03T15:51:19.970+0530][7.815s] GC(50) Eden regions: 306->0(306)
[2025-06-03T15:51:19.970+0530][7.815s] GC(50) Survivor regions: 1->1(39)
[2025-06-03T15:51:19.970+0530][7.815s] GC(50) Old regions: 6->6
[2025-06-03T15:51:19.970+0530][7.815s] GC(50) Archive regions: 2->2
[2025-06-03T15:51:19.970+0530][7.815s] GC(50) Humongous regions: 0->0
[2025-06-03T15:51:19.970+0530][7.815s] GC(50) Metaspace: 14686K(15104K)->14686K(15104K) NonClass: 12753K(12992K)->12753K(12992K) Class: 1933K(2112K)->1933K(2112K)
[2025-06-03T15:51:19.970+0530][7.815s] GC(50) Pause Young (Normal) (G1 Evacuation Pause) 312M->6M(512M) 1.426ms
[2025-06-03T15:51:19.970+0530][7.815s] GC(50) User=0.00s Sys=0.00s Real=0.01s
[2025-06-03T15:51:20.097+0530][7.941s] GC(51) Pause Young (Normal) (G1 Evacuation Pause)
[2025-06-03T15:51:20.097+0530][7.941s] GC(51) Using 8 workers of 8 for evacuation
[2025-06-03T15:51:20.097+0530][7.942s] GC(51) Skipped phase 1 of Reference Processing: no references
[2025-06-03T15:51:20.097+0530][7.942s] GC(51) Skipped phase 2 of Reference Processing: no references
[2025-06-03T15:51:20.097+0530][7.942s] GC(51) Skipped phase 3 of Reference Processing: no references
[2025-06-03T15:51:20.097+0530][7.942s] GC(51) Skipped phase 4 of Reference Processing: no references
[2025-06-03T15:51:20.098+0530][7.942s] GC(51)   Pre Evacuate Collection Set: 0.1ms
[2025-06-03T15:51:20.098+0530][7.942s] GC(51)   Merge Heap Roots: 0.1ms
[2025-06-03T15:51:20.098+0530][7.942s] GC(51)   Evacuate Collection Set: 0.2ms
[2025-06-03T15:51:20.098+0530][7.942s] GC(51)   Post Evacuate Collection Set: 0.4ms
[2025-06-03T15:51:20.098+0530][7.942s] GC(51)   Other: 0.1ms
[2025-06-03T15:51:20.098+0530][7.942s] GC(51) Eden regions: 306->0(306)
[2025-06-03T15:51:20.098+0530][7.942s] GC(51) Survivor regions: 1->1(39)
[2025-06-03T15:51:20.098+0530][7.942s] GC(51) Old regions: 6->6
[2025-06-03T15:51:20.098+0530][7.943s] GC(51) Archive regions: 2->2
[2025-06-03T15:51:20.098+0530][7.943s] GC(51) Humongous regions: 0->0
[2025-06-03T15:51:20.098+0530][7.943s] GC(51) Metaspace: 14686K(15104K)->14686K(15104K) NonClass: 12753K(12992K)->12753K(12992K) Class: 1933K(2112K)->1933K(2112K)
[2025-06-03T15:51:20.098+0530][7.943s] GC(51) Pause Young (Normal) (G1 Evacuation Pause) 312M->6M(512M) 1.225ms
[2025-06-03T15:51:20.098+0530][7.943s] GC(51) User=0.01s Sys=0.00s Real=0.00s
[2025-06-03T15:51:20.231+0530][8.076s] GC(52) Pause Young (Normal) (G1 Evacuation Pause)
[2025-06-03T15:51:20.231+0530][8.076s] GC(52) Using 8 workers of 8 for evacuation
[2025-06-03T15:51:20.232+0530][8.076s] GC(52) Skipped phase 1 of Reference Processing: no references
[2025-06-03T15:51:20.232+0530][8.076s] GC(52) Skipped phase 2 of Reference Processing: no references
[2025-06-03T15:51:20.232+0530][8.076s] GC(52) Skipped phase 3 of Reference Processing: no references
[2025-06-03T15:51:20.232+0530][8.076s] GC(52) Skipped phase 4 of Reference Processing: no references
[2025-06-03T15:51:20.232+0530][8.076s] GC(52)   Pre Evacuate Collection Set: 0.1ms
[2025-06-03T15:51:20.232+0530][8.077s] GC(52)   Merge Heap Roots: 0.1ms
[2025-06-03T15:51:20.232+0530][8.077s] GC(52)   Evacuate Collection Set: 0.2ms
[2025-06-03T15:51:20.232+0530][8.077s] GC(52)   Post Evacuate Collection Set: 0.3ms
[2025-06-03T15:51:20.232+0530][8.077s] GC(52)   Other: 0.1ms
[2025-06-03T15:51:20.232+0530][8.077s] GC(52) Eden regions: 306->0(306)
[2025-06-03T15:51:20.232+0530][8.077s] GC(52) Survivor regions: 1->1(39)
[2025-06-03T15:51:20.232+0530][8.077s] GC(52) Old regions: 6->6
[2025-06-03T15:51:20.232+0530][8.077s] GC(52) Archive regions: 2->2
[2025-06-03T15:51:20.232+0530][8.077s] GC(52) Humongous regions: 0->0
[2025-06-03T15:51:20.232+0530][8.077s] GC(52) Metaspace: 14694K(15104K)->14694K(15104K) NonClass: 12760K(12992K)->12760K(12992K) Class: 1933K(2112K)->1933K(2112K)
[2025-06-03T15:51:20.232+0530][8.077s] GC(52) Pause Young (Normal) (G1 Evacuation Pause) 312M->6M(512M) 0.869ms
[2025-06-03T15:51:20.232+0530][8.077s] GC(52) User=0.00s Sys=0.00s Real=0.00s
[2025-06-03T15:51:20.360+0530][8.205s] GC(53) Pause Young (Normal) (G1 Evacuation Pause)
[2025-06-03T15:51:20.360+0530][8.205s] GC(53) Using 8 workers of 8 for evacuation
[2025-06-03T15:51:20.361+0530][8.205s] GC(53) Skipped phase 1 of Reference Processing: no references
[2025-06-03T15:51:20.361+0530][8.205s] GC(53) Skipped phase 2 of Reference Processing: no references
[2025-06-03T15:51:20.361+0530][8.205s] GC(53) Skipped phase 3 of Reference Processing: no references
[2025-06-03T15:51:20.361+0530][8.205s] GC(53) Skipped phase 4 of Reference Processing: no references
[2025-06-03T15:51:20.361+0530][8.206s] GC(53)   Pre Evacuate Collection Set: 0.1ms
[2025-06-03T15:51:20.361+0530][8.206s] GC(53)   Merge Heap Roots: 0.1ms
[2025-06-03T15:51:20.361+0530][8.206s] GC(53)   Evacuate Collection Set: 0.2ms
[2025-06-03T15:51:20.361+0530][8.206s] GC(53)   Post Evacuate Collection Set: 0.4ms
[2025-06-03T15:51:20.361+0530][8.206s] GC(53)   Other: 0.2ms
[2025-06-03T15:51:20.361+0530][8.206s] GC(53) Eden regions: 306->0(306)
[2025-06-03T15:51:20.361+0530][8.206s] GC(53) Survivor regions: 1->1(39)
[2025-06-03T15:51:20.361+0530][8.206s] GC(53) Old regions: 6->6
[2025-06-03T15:51:20.361+0530][8.206s] GC(53) Archive regions: 2->2
[2025-06-03T15:51:20.361+0530][8.206s] GC(53) Humongous regions: 0->0
[2025-06-03T15:51:20.361+0530][8.206s] GC(53) Metaspace: 14694K(15104K)->14694K(15104K) NonClass: 12760K(12992K)->12760K(12992K) Class: 1933K(2112K)->1933K(2112K)
[2025-06-03T15:51:20.361+0530][8.206s] GC(53) Pause Young (Normal) (G1 Evacuation Pause) 312M->6M(512M) 1.152ms
[2025-06-03T15:51:20.361+0530][8.206s] GC(53) User=0.00s Sys=0.00s Real=0.00s
[2025-06-03T15:51:20.464+0530][8.309s] GC(54) Pause Young (Normal) (G1 Evacuation Pause)
[2025-06-03T15:51:20.464+0530][8.309s] GC(54) Using 8 workers of 8 for evacuation
[2025-06-03T15:51:20.464+0530][8.309s] GC(54) Skipped phase 1 of Reference Processing: no references
[2025-06-03T15:51:20.464+0530][8.309s] GC(54) Skipped phase 2 of Reference Processing: no references
[2025-06-03T15:51:20.464+0530][8.309s] GC(54) Skipped phase 3 of Reference Processing: no references
[2025-06-03T15:51:20.465+0530][8.309s] GC(54) Skipped phase 4 of Reference Processing: no references
[2025-06-03T15:51:20.465+0530][8.309s] GC(54)   Pre Evacuate Collection Set: 0.1ms
[2025-06-03T15:51:20.465+0530][8.309s] GC(54)   Merge Heap Roots: 0.1ms
[2025-06-03T15:51:20.465+0530][8.309s] GC(54)   Evacuate Collection Set: 0.2ms
[2025-06-03T15:51:20.465+0530][8.309s] GC(54)   Post Evacuate Collection Set: 0.3ms
[2025-06-03T15:51:20.465+0530][8.309s] GC(54)   Other: 0.1ms
[2025-06-03T15:51:20.465+0530][8.309s] GC(54) Eden regions: 306->0(306)
[2025-06-03T15:51:20.465+0530][8.309s] GC(54) Survivor regions: 1->1(39)
[2025-06-03T15:51:20.465+0530][8.309s] GC(54) Old regions: 6->6
[2025-06-03T15:51:20.465+0530][8.310s] GC(54) Archive regions: 2->2
[2025-06-03T15:51:20.465+0530][8.310s] GC(54) Humongous regions: 0->0
[2025-06-03T15:51:20.465+0530][8.310s] GC(54) Metaspace: 14694K(15104K)->14694K(15104K) NonClass: 12760K(12992K)->12760K(12992K) Class: 1933K(2112K)->1933K(2112K)
[2025-06-03T15:51:20.465+0530][8.310s] GC(54) Pause Young (Normal) (G1 Evacuation Pause) 312M->6M(512M) 0.900ms
[2025-06-03T15:51:20.465+0530][8.310s] GC(54) User=0.01s Sys=0.00s Real=0.00s
[2025-06-03T15:51:20.567+0530][8.412s] GC(55) Pause Young (Normal) (G1 Evacuation Pause)
[2025-06-03T15:51:20.567+0530][8.412s] GC(55) Using 8 workers of 8 for evacuation
[2025-06-03T15:51:20.567+0530][8.412s] GC(55) Skipped phase 1 of Reference Processing: no references
[2025-06-03T15:51:20.567+0530][8.412s] GC(55) Skipped phase 2 of Reference Processing: no references
[2025-06-03T15:51:20.567+0530][8.412s] GC(55) Skipped phase 3 of Reference Processing: no references
[2025-06-03T15:51:20.567+0530][8.412s] GC(55) Skipped phase 4 of Reference Processing: no references
[2025-06-03T15:51:20.568+0530][8.412s] GC(55)   Pre Evacuate Collection Set: 0.1ms
[2025-06-03T15:51:20.568+0530][8.412s] GC(55)   Merge Heap Roots: 0.1ms
[2025-06-03T15:51:20.568+0530][8.412s] GC(55)   Evacuate Collection Set: 0.2ms
[2025-06-03T15:51:20.568+0530][8.412s] GC(55)   Post Evacuate Collection Set: 0.3ms
[2025-06-03T15:51:20.568+0530][8.412s] GC(55)   Other: 0.2ms
[2025-06-03T15:51:20.568+0530][8.412s] GC(55) Eden regions: 306->0(306)
[2025-06-03T15:51:20.568+0530][8.412s] GC(55) Survivor regions: 1->1(39)
[2025-06-03T15:51:20.568+0530][8.412s] GC(55) Old regions: 6->6
[2025-06-03T15:51:20.568+0530][8.412s] GC(55) Archive regions: 2->2
[2025-06-03T15:51:20.568+0530][8.412s] GC(55) Humongous regions: 0->0
[2025-06-03T15:51:20.568+0530][8.413s] GC(55) Metaspace: 14694K(15104K)->14694K(15104K) NonClass: 12760K(12992K)->12760K(12992K) Class: 1933K(2112K)->1933K(2112K)
[2025-06-03T15:51:20.568+0530][8.413s] GC(55) Pause Young (Normal) (G1 Evacuation Pause) 312M->6M(512M) 1.007ms
[2025-06-03T15:51:20.568+0530][8.413s] GC(55) User=0.00s Sys=0.00s Real=0.00s
[2025-06-03T15:51:20.667+0530][8.511s] GC(56) Pause Young (Normal) (G1 Evacuation Pause)
[2025-06-03T15:51:20.667+0530][8.511s] GC(56) Using 8 workers of 8 for evacuation
[2025-06-03T15:51:20.667+0530][8.512s] GC(56) Skipped phase 1 of Reference Processing: no references
[2025-06-03T15:51:20.667+0530][8.512s] GC(56) Skipped phase 2 of Reference Processing: no references
[2025-06-03T15:51:20.667+0530][8.512s] GC(56) Skipped phase 3 of Reference Processing: no references
[2025-06-03T15:51:20.667+0530][8.512s] GC(56) Skipped phase 4 of Reference Processing: no references
[2025-06-03T15:51:20.667+0530][8.512s] GC(56)   Pre Evacuate Collection Set: 0.1ms
[2025-06-03T15:51:20.667+0530][8.512s] GC(56)   Merge Heap Roots: 0.1ms
[2025-06-03T15:51:20.667+0530][8.512s] GC(56)   Evacuate Collection Set: 0.2ms
[2025-06-03T15:51:20.667+0530][8.512s] GC(56)   Post Evacuate Collection Set: 0.3ms
[2025-06-03T15:51:20.667+0530][8.512s] GC(56)   Other: 0.2ms
[2025-06-03T15:51:20.667+0530][8.512s] GC(56) Eden regions: 306->0(306)
[2025-06-03T15:51:20.668+0530][8.512s] GC(56) Survivor regions: 1->1(39)
[2025-06-03T15:51:20.668+0530][8.512s] GC(56) Old regions: 6->6
[2025-06-03T15:51:20.668+0530][8.512s] GC(56) Archive regions: 2->2
[2025-06-03T15:51:20.668+0530][8.512s] GC(56) Humongous regions: 0->0
[2025-06-03T15:51:20.668+0530][8.512s] GC(56) Metaspace: 14694K(15104K)->14694K(15104K) NonClass: 12760K(12992K)->12760K(12992K) Class: 1933K(2112K)->1933K(2112K)
[2025-06-03T15:51:20.668+0530][8.512s] GC(56) Pause Young (Normal) (G1 Evacuation Pause) 312M->6M(512M) 0.875ms
[2025-06-03T15:51:20.668+0530][8.512s] GC(56) User=0.00s Sys=0.00s Real=0.00s
[2025-06-03T15:51:20.782+0530][8.626s] GC(57) Pause Young (Normal) (G1 Evacuation Pause)
[2025-06-03T15:51:20.782+0530][8.626s] GC(57) Using 8 workers of 8 for evacuation
[2025-06-03T15:51:20.782+0530][8.627s] GC(57) Skipped phase 1 of Reference Processing: no references
[2025-06-03T15:51:20.782+0530][8.627s] GC(57) Skipped phase 2 of Reference Processing: no references
[2025-06-03T15:51:20.782+0530][8.627s] GC(57) Skipped phase 3 of Reference Processing: no references
[2025-06-03T15:51:20.782+0530][8.627s] GC(57) Skipped phase 4 of Reference Processing: no references
[2025-06-03T15:51:20.782+0530][8.627s] GC(57)   Pre Evacuate Collection Set: 0.1ms
[2025-06-03T15:51:20.783+0530][8.627s] GC(57)   Merge Heap Roots: 0.1ms
[2025-06-03T15:51:20.783+0530][8.627s] GC(57)   Evacuate Collection Set: 0.2ms
[2025-06-03T15:51:20.783+0530][8.627s] GC(57)   Post Evacuate Collection Set: 0.4ms
[2025-06-03T15:51:20.783+0530][8.627s] GC(57)   Other: 0.2ms
[2025-06-03T15:51:20.783+0530][8.627s] GC(57) Eden regions: 306->0(306)
[2025-06-03T15:51:20.783+0530][8.627s] GC(57) Survivor regions: 1->1(39)
[2025-06-03T15:51:20.783+0530][8.627s] GC(57) Old regions: 6->6
[2025-06-03T15:51:20.783+0530][8.627s] GC(57) Archive regions: 2->2
[2025-06-03T15:51:20.783+0530][8.627s] GC(57) Humongous regions: 0->0
[2025-06-03T15:51:20.783+0530][8.627s] GC(57) Metaspace: 14694K(15104K)->14694K(15104K) NonClass: 12760K(12992K)->12760K(12992K) Class: 1933K(2112K)->1933K(2112K)
[2025-06-03T15:51:20.783+0530][8.627s] GC(57) Pause Young (Normal) (G1 Evacuation Pause) 312M->6M(512M) 1.063ms
[2025-06-03T15:51:20.783+0530][8.627s] GC(57) User=0.00s Sys=0.00s Real=0.00s
[2025-06-03T15:51:20.908+0530][8.753s] GC(58) Pause Young (Normal) (G1 Evacuation Pause)
[2025-06-03T15:51:20.908+0530][8.753s] GC(58) Using 8 workers of 8 for evacuation
[2025-06-03T15:51:20.908+0530][8.753s] GC(58) Skipped phase 1 of Reference Processing: no references
[2025-06-03T15:51:20.909+0530][8.753s] GC(58) Skipped phase 2 of Reference Processing: no references
[2025-06-03T15:51:20.909+0530][8.753s] GC(58) Skipped phase 3 of Reference Processing: no references
[2025-06-03T15:51:20.909+0530][8.753s] GC(58) Skipped phase 4 of Reference Processing: no references
[2025-06-03T15:51:20.909+0530][8.753s] GC(58)   Pre Evacuate Collection Set: 0.1ms
[2025-06-03T15:51:20.909+0530][8.754s] GC(58)   Merge Heap Roots: 0.1ms
[2025-06-03T15:51:20.909+0530][8.754s] GC(58)   Evacuate Collection Set: 0.2ms
[2025-06-03T15:51:20.909+0530][8.754s] GC(58)   Post Evacuate Collection Set: 0.4ms
[2025-06-03T15:51:20.909+0530][8.754s] GC(58)   Other: 0.1ms
[2025-06-03T15:51:20.909+0530][8.754s] GC(58) Eden regions: 306->0(306)
[2025-06-03T15:51:20.909+0530][8.754s] GC(58) Survivor regions: 1->1(39)
[2025-06-03T15:51:20.909+0530][8.754s] GC(58) Old regions: 6->6
[2025-06-03T15:51:20.909+0530][8.754s] GC(58) Archive regions: 2->2
[2025-06-03T15:51:20.909+0530][8.754s] GC(58) Humongous regions: 0->0
[2025-06-03T15:51:20.909+0530][8.754s] GC(58) Metaspace: 14694K(15104K)->14694K(15104K) NonClass: 12760K(12992K)->12760K(12992K) Class: 1933K(2112K)->1933K(2112K)
[2025-06-03T15:51:20.909+0530][8.754s] GC(58) Pause Young (Normal) (G1 Evacuation Pause) 312M->6M(512M) 1.100ms
[2025-06-03T15:51:20.909+0530][8.754s] GC(58) User=0.00s Sys=0.00s Real=0.00s
[2025-06-03T15:51:21.021+0530][8.866s] GC(59) Pause Young (Normal) (G1 Evacuation Pause)
[2025-06-03T15:51:21.021+0530][8.866s] GC(59) Using 8 workers of 8 for evacuation
[2025-06-03T15:51:21.022+0530][8.866s] GC(59) Skipped phase 1 of Reference Processing: no references
[2025-06-03T15:51:21.022+0530][8.866s] GC(59) Skipped phase 2 of Reference Processing: no references
[2025-06-03T15:51:21.022+0530][8.866s] GC(59) Skipped phase 3 of Reference Processing: no references
[2025-06-03T15:51:21.022+0530][8.866s] GC(59) Skipped phase 4 of Reference Processing: no references
[2025-06-03T15:51:21.022+0530][8.867s] GC(59)   Pre Evacuate Collection Set: 0.1ms
[2025-06-03T15:51:21.022+0530][8.867s] GC(59)   Merge Heap Roots: 0.1ms
[2025-06-03T15:51:21.022+0530][8.867s] GC(59)   Evacuate Collection Set: 0.2ms
[2025-06-03T15:51:21.022+0530][8.867s] GC(59)   Post Evacuate Collection Set: 0.3ms
[2025-06-03T15:51:21.022+0530][8.867s] GC(59)   Other: 0.1ms
[2025-06-03T15:51:21.022+0530][8.867s] GC(59) Eden regions: 306->0(306)
[2025-06-03T15:51:21.022+0530][8.867s] GC(59) Survivor regions: 1->1(39)
[2025-06-03T15:51:21.022+0530][8.867s] GC(59) Old regions: 6->6
[2025-06-03T15:51:21.022+0530][8.867s] GC(59) Archive regions: 2->2
[2025-06-03T15:51:21.022+0530][8.867s] GC(59) Humongous regions: 0->0
[2025-06-03T15:51:21.022+0530][8.867s] GC(59) Metaspace: 14694K(15104K)->14694K(15104K) NonClass: 12760K(12992K)->12760K(12992K) Class: 1933K(2112K)->1933K(2112K)
[2025-06-03T15:51:21.022+0530][8.867s] GC(59) Pause Young (Normal) (G1 Evacuation Pause) 312M->6M(512M) 0.861ms
[2025-06-03T15:51:21.022+0530][8.867s] GC(59) User=0.00s Sys=0.00s Real=0.00s
[2025-06-03T15:51:21.124+0530][8.969s] GC(60) Pause Young (Normal) (G1 Evacuation Pause)
[2025-06-03T15:51:21.124+0530][8.969s] GC(60) Using 8 workers of 8 for evacuation
[2025-06-03T15:51:21.125+0530][8.969s] GC(60) Skipped phase 1 of Reference Processing: no references
[2025-06-03T15:51:21.125+0530][8.969s] GC(60) Skipped phase 2 of Reference Processing: no references
[2025-06-03T15:51:21.125+0530][8.969s] GC(60) Skipped phase 3 of Reference Processing: no references
[2025-06-03T15:51:21.125+0530][8.969s] GC(60) Skipped phase 4 of Reference Processing: no references
[2025-06-03T15:51:21.125+0530][8.970s] GC(60)   Pre Evacuate Collection Set: 0.1ms
[2025-06-03T15:51:21.125+0530][8.970s] GC(60)   Merge Heap Roots: 0.0ms
[2025-06-03T15:51:21.125+0530][8.970s] GC(60)   Evacuate Collection Set: 0.2ms
[2025-06-03T15:51:21.125+0530][8.970s] GC(60)   Post Evacuate Collection Set: 0.4ms
[2025-06-03T15:51:21.125+0530][8.970s] GC(60)   Other: 0.1ms
[2025-06-03T15:51:21.125+0530][8.970s] GC(60) Eden regions: 306->0(306)
[2025-06-03T15:51:21.125+0530][8.970s] GC(60) Survivor regions: 1->1(39)
[2025-06-03T15:51:21.125+0530][8.970s] GC(60) Old regions: 6->6
[2025-06-03T15:51:21.125+0530][8.970s] GC(60) Archive regions: 2->2
[2025-06-03T15:51:21.125+0530][8.970s] GC(60) Humongous regions: 0->0
[2025-06-03T15:51:21.125+0530][8.970s] GC(60) Metaspace: 14694K(15104K)->14694K(15104K) NonClass: 12760K(12992K)->12760K(12992K) Class: 1933K(2112K)->1933K(2112K)
[2025-06-03T15:51:21.125+0530][8.970s] GC(60) Pause Young (Normal) (G1 Evacuation Pause) 312M->6M(512M) 1.040ms
[2025-06-03T15:51:21.125+0530][8.970s] GC(60) User=0.00s Sys=0.00s Real=0.00s
[2025-06-03T15:51:21.235+0530][9.080s] GC(61) Pause Young (Normal) (G1 Evacuation Pause)
[2025-06-03T15:51:21.235+0530][9.080s] GC(61) Using 8 workers of 8 for evacuation
[2025-06-03T15:51:21.235+0530][9.080s] GC(61) Skipped phase 1 of Reference Processing: no references
[2025-06-03T15:51:21.236+0530][9.080s] GC(61) Skipped phase 2 of Reference Processing: no references
[2025-06-03T15:51:21.236+0530][9.080s] GC(61) Skipped phase 3 of Reference Processing: no references
[2025-06-03T15:51:21.236+0530][9.080s] GC(61) Skipped phase 4 of Reference Processing: no references
[2025-06-03T15:51:21.236+0530][9.080s] GC(61)   Pre Evacuate Collection Set: 0.1ms
[2025-06-03T15:51:21.236+0530][9.080s] GC(61)   Merge Heap Roots: 0.1ms
[2025-06-03T15:51:21.236+0530][9.081s] GC(61)   Evacuate Collection Set: 0.2ms
[2025-06-03T15:51:21.236+0530][9.081s] GC(61)   Post Evacuate Collection Set: 0.4ms
[2025-06-03T15:51:21.236+0530][9.081s] GC(61)   Other: 0.1ms
[2025-06-03T15:51:21.236+0530][9.081s] GC(61) Eden regions: 306->0(306)
[2025-06-03T15:51:21.236+0530][9.081s] GC(61) Survivor regions: 1->1(39)
[2025-06-03T15:51:21.236+0530][9.081s] GC(61) Old regions: 6->6
[2025-06-03T15:51:21.236+0530][9.081s] GC(61) Archive regions: 2->2
[2025-06-03T15:51:21.236+0530][9.081s] GC(61) Humongous regions: 0->0
[2025-06-03T15:51:21.236+0530][9.081s] GC(61) Metaspace: 14694K(15104K)->14694K(15104K) NonClass: 12760K(12992K)->12760K(12992K) Class: 1933K(2112K)->1933K(2112K)
[2025-06-03T15:51:21.236+0530][9.081s] GC(61) Pause Young (Normal) (G1 Evacuation Pause) 312M->6M(512M) 0.970ms
[2025-06-03T15:51:21.236+0530][9.081s] GC(61) User=0.00s Sys=0.00s Real=0.00s
[2025-06-03T15:51:21.336+0530][9.181s] GC(62) Pause Young (Normal) (G1 Evacuation Pause)
[2025-06-03T15:51:21.336+0530][9.181s] GC(62) Using 8 workers of 8 for evacuation
[2025-06-03T15:51:21.336+0530][9.181s] GC(62) Skipped phase 1 of Reference Processing: no references
[2025-06-03T15:51:21.337+0530][9.181s] GC(62) Skipped phase 2 of Reference Processing: no references
[2025-06-03T15:51:21.337+0530][9.181s] GC(62) Skipped phase 3 of Reference Processing: no references
[2025-06-03T15:51:21.337+0530][9.181s] GC(62) Skipped phase 4 of Reference Processing: no references
[2025-06-03T15:51:21.337+0530][9.181s] GC(62)   Pre Evacuate Collection Set: 0.1ms
[2025-06-03T15:51:21.337+0530][9.181s] GC(62)   Merge Heap Roots: 0.1ms
[2025-06-03T15:51:21.337+0530][9.181s] GC(62)   Evacuate Collection Set: 0.1ms
[2025-06-03T15:51:21.337+0530][9.181s] GC(62)   Post Evacuate Collection Set: 0.3ms
[2025-06-03T15:51:21.337+0530][9.181s] GC(62)   Other: 0.1ms
[2025-06-03T15:51:21.337+0530][9.181s] GC(62) Eden regions: 306->0(306)
[2025-06-03T15:51:21.337+0530][9.181s] GC(62) Survivor regions: 1->1(39)
[2025-06-03T15:51:21.337+0530][9.181s] GC(62) Old regions: 6->6
[2025-06-03T15:51:21.337+0530][9.182s] GC(62) Archive regions: 2->2
[2025-06-03T15:51:21.337+0530][9.182s] GC(62) Humongous regions: 0->0
[2025-06-03T15:51:21.337+0530][9.182s] GC(62) Metaspace: 14694K(15104K)->14694K(15104K) NonClass: 12760K(12992K)->12760K(12992K) Class: 1933K(2112K)->1933K(2112K)
[2025-06-03T15:51:21.337+0530][9.182s] GC(62) Pause Young (Normal) (G1 Evacuation Pause) 312M->6M(512M) 0.838ms
[2025-06-03T15:51:21.337+0530][9.182s] GC(62) User=0.00s Sys=0.00s Real=0.00s
[2025-06-03T15:51:21.432+0530][9.277s] GC(63) Pause Young (Normal) (G1 Evacuation Pause)
[2025-06-03T15:51:21.432+0530][9.277s] GC(63) Using 8 workers of 8 for evacuation
[2025-06-03T15:51:21.432+0530][9.277s] GC(63) Skipped phase 1 of Reference Processing: no references
[2025-06-03T15:51:21.432+0530][9.277s] GC(63) Skipped phase 2 of Reference Processing: no references
[2025-06-03T15:51:21.432+0530][9.277s] GC(63) Skipped phase 3 of Reference Processing: no references
[2025-06-03T15:51:21.432+0530][9.277s] GC(63) Skipped phase 4 of Reference Processing: no references
[2025-06-03T15:51:21.433+0530][9.277s] GC(63)   Pre Evacuate Collection Set: 0.1ms
[2025-06-03T15:51:21.433+0530][9.277s] GC(63)   Merge Heap Roots: 0.1ms
[2025-06-03T15:51:21.433+0530][9.277s] GC(63)   Evacuate Collection Set: 0.1ms
[2025-06-03T15:51:21.433+0530][9.277s] GC(63)   Post Evacuate Collection Set: 0.3ms
[2025-06-03T15:51:21.433+0530][9.277s] GC(63)   Other: 0.1ms
[2025-06-03T15:51:21.433+0530][9.277s] GC(63) Eden regions: 306->0(306)
[2025-06-03T15:51:21.433+0530][9.277s] GC(63) Survivor regions: 1->1(39)
[2025-06-03T15:51:21.433+0530][9.277s] GC(63) Old regions: 6->6
[2025-06-03T15:51:21.433+0530][9.277s] GC(63) Archive regions: 2->2
[2025-06-03T15:51:21.433+0530][9.277s] GC(63) Humongous regions: 0->0
[2025-06-03T15:51:21.433+0530][9.277s] GC(63) Metaspace: 14694K(15104K)->14694K(15104K) NonClass: 12760K(12992K)->12760K(12992K) Class: 1933K(2112K)->1933K(2112K)
[2025-06-03T15:51:21.433+0530][9.277s] GC(63) Pause Young (Normal) (G1 Evacuation Pause) 312M->6M(512M) 0.852ms
[2025-06-03T15:51:21.433+0530][9.277s] GC(63) User=0.00s Sys=0.00s Real=0.00s
[2025-06-03T15:51:21.528+0530][9.373s] GC(64) Pause Young (Normal) (G1 Evacuation Pause)
[2025-06-03T15:51:21.528+0530][9.373s] GC(64) Using 8 workers of 8 for evacuation
[2025-06-03T15:51:21.529+0530][9.373s] GC(64) Skipped phase 1 of Reference Processing: no references
[2025-06-03T15:51:21.529+0530][9.373s] GC(64) Skipped phase 2 of Reference Processing: no references
[2025-06-03T15:51:21.529+0530][9.373s] GC(64) Skipped phase 3 of Reference Processing: no references
[2025-06-03T15:51:21.529+0530][9.373s] GC(64) Skipped phase 4 of Reference Processing: no references
[2025-06-03T15:51:21.529+0530][9.374s] GC(64)   Pre Evacuate Collection Set: 0.1ms
[2025-06-03T15:51:21.529+0530][9.374s] GC(64)   Merge Heap Roots: 0.1ms
[2025-06-03T15:51:21.529+0530][9.374s] GC(64)   Evacuate Collection Set: 0.2ms
[2025-06-03T15:51:21.529+0530][9.374s] GC(64)   Post Evacuate Collection Set: 0.3ms
[2025-06-03T15:51:21.529+0530][9.374s] GC(64)   Other: 0.1ms
[2025-06-03T15:51:21.529+0530][9.374s] GC(64) Eden regions: 306->0(306)
[2025-06-03T15:51:21.529+0530][9.374s] GC(64) Survivor regions: 1->1(39)
[2025-06-03T15:51:21.529+0530][9.374s] GC(64) Old regions: 6->6
[2025-06-03T15:51:21.529+0530][9.374s] GC(64) Archive regions: 2->2
[2025-06-03T15:51:21.529+0530][9.374s] GC(64) Humongous regions: 0->0
[2025-06-03T15:51:21.529+0530][9.374s] GC(64) Metaspace: 14694K(15104K)->14694K(15104K) NonClass: 12760K(12992K)->12760K(12992K) Class: 1933K(2112K)->1933K(2112K)
[2025-06-03T15:51:21.529+0530][9.374s] GC(64) Pause Young (Normal) (G1 Evacuation Pause) 312M->6M(512M) 0.903ms
[2025-06-03T15:51:21.529+0530][9.374s] GC(64) User=0.00s Sys=0.00s Real=0.00s
[2025-06-03T15:51:21.624+0530][9.469s] GC(65) Pause Young (Normal) (G1 Evacuation Pause)
[2025-06-03T15:51:21.624+0530][9.469s] GC(65) Using 8 workers of 8 for evacuation
[2025-06-03T15:51:21.625+0530][9.469s] GC(65) Skipped phase 1 of Reference Processing: no references
[2025-06-03T15:51:21.625+0530][9.469s] GC(65) Skipped phase 2 of Reference Processing: no references
[2025-06-03T15:51:21.625+0530][9.469s] GC(65) Skipped phase 3 of Reference Processing: no references
[2025-06-03T15:51:21.625+0530][9.469s] GC(65) Skipped phase 4 of Reference Processing: no references
[2025-06-03T15:51:21.625+0530][9.470s] GC(65)   Pre Evacuate Collection Set: 0.0ms
[2025-06-03T15:51:21.625+0530][9.470s] GC(65)   Merge Heap Roots: 0.1ms
[2025-06-03T15:51:21.625+0530][9.470s] GC(65)   Evacuate Collection Set: 0.1ms
[2025-06-03T15:51:21.625+0530][9.470s] GC(65)   Post Evacuate Collection Set: 0.3ms
[2025-06-03T15:51:21.625+0530][9.470s] GC(65)   Other: 0.1ms
[2025-06-03T15:51:21.625+0530][9.470s] GC(65) Eden regions: 306->0(306)
[2025-06-03T15:51:21.625+0530][9.470s] GC(65) Survivor regions: 1->1(39)
[2025-06-03T15:51:21.625+0530][9.470s] GC(65) Old regions: 6->6
[2025-06-03T15:51:21.625+0530][9.470s] GC(65) Archive regions: 2->2
[2025-06-03T15:51:21.625+0530][9.470s] GC(65) Humongous regions: 0->0
[2025-06-03T15:51:21.625+0530][9.470s] GC(65) Metaspace: 14694K(15104K)->14694K(15104K) NonClass: 12760K(12992K)->12760K(12992K) Class: 1933K(2112K)->1933K(2112K)
[2025-06-03T15:51:21.625+0530][9.470s] GC(65) Pause Young (Normal) (G1 Evacuation Pause) 312M->6M(512M) 0.875ms
[2025-06-03T15:51:21.625+0530][9.470s] GC(65) User=0.01s Sys=0.00s Real=0.00s
[2025-06-03T15:51:21.724+0530][9.568s] GC(66) Pause Young (Normal) (G1 Evacuation Pause)
[2025-06-03T15:51:21.724+0530][9.568s] GC(66) Using 8 workers of 8 for evacuation
[2025-06-03T15:51:21.724+0530][9.569s] GC(66) Skipped phase 1 of Reference Processing: no references
[2025-06-03T15:51:21.724+0530][9.569s] GC(66) Skipped phase 2 of Reference Processing: no references
[2025-06-03T15:51:21.724+0530][9.569s] GC(66) Skipped phase 3 of Reference Processing: no references
[2025-06-03T15:51:21.724+0530][9.569s] GC(66) Skipped phase 4 of Reference Processing: no references
[2025-06-03T15:51:21.724+0530][9.569s] GC(66)   Pre Evacuate Collection Set: 0.1ms
[2025-06-03T15:51:21.724+0530][9.569s] GC(66)   Merge Heap Roots: 0.1ms
[2025-06-03T15:51:21.724+0530][9.569s] GC(66)   Evacuate Collection Set: 0.2ms
[2025-06-03T15:51:21.724+0530][9.569s] GC(66)   Post Evacuate Collection Set: 0.3ms
[2025-06-03T15:51:21.724+0530][9.569s] GC(66)   Other: 0.1ms
[2025-06-03T15:51:21.724+0530][9.569s] GC(66) Eden regions: 306->0(306)
[2025-06-03T15:51:21.724+0530][9.569s] GC(66) Survivor regions: 1->1(39)
[2025-06-03T15:51:21.724+0530][9.569s] GC(66) Old regions: 6->6
[2025-06-03T15:51:21.724+0530][9.569s] GC(66) Archive regions: 2->2
[2025-06-03T15:51:21.724+0530][9.569s] GC(66) Humongous regions: 0->0
[2025-06-03T15:51:21.724+0530][9.569s] GC(66) Metaspace: 14694K(15104K)->14694K(15104K) NonClass: 12760K(12992K)->12760K(12992K) Class: 1933K(2112K)->1933K(2112K)
[2025-06-03T15:51:21.724+0530][9.569s] GC(66) Pause Young (Normal) (G1 Evacuation Pause) 312M->6M(512M) 0.858ms
[2025-06-03T15:51:21.724+0530][9.569s] GC(66) User=0.00s Sys=0.00s Real=0.00s
[2025-06-03T15:51:21.824+0530][9.668s] GC(67) Pause Young (Normal) (G1 Evacuation Pause)
[2025-06-03T15:51:21.824+0530][9.668s] GC(67) Using 8 workers of 8 for evacuation
[2025-06-03T15:51:21.824+0530][9.669s] GC(67) Skipped phase 1 of Reference Processing: no references
[2025-06-03T15:51:21.824+0530][9.669s] GC(67) Skipped phase 2 of Reference Processing: no references
[2025-06-03T15:51:21.824+0530][9.669s] GC(67) Skipped phase 3 of Reference Processing: no references
[2025-06-03T15:51:21.824+0530][9.669s] GC(67) Skipped phase 4 of Reference Processing: no references
[2025-06-03T15:51:21.825+0530][9.669s] GC(67)   Pre Evacuate Collection Set: 0.1ms
[2025-06-03T15:51:21.825+0530][9.669s] GC(67)   Merge Heap Roots: 0.1ms
[2025-06-03T15:51:21.825+0530][9.669s] GC(67)   Evacuate Collection Set: 0.1ms
[2025-06-03T15:51:21.825+0530][9.669s] GC(67)   Post Evacuate Collection Set: 0.4ms
[2025-06-03T15:51:21.825+0530][9.669s] GC(67)   Other: 0.2ms
[2025-06-03T15:51:21.825+0530][9.669s] GC(67) Eden regions: 306->0(306)
[2025-06-03T15:51:21.825+0530][9.669s] GC(67) Survivor regions: 1->1(39)
[2025-06-03T15:51:21.825+0530][9.669s] GC(67) Old regions: 6->6
[2025-06-03T15:51:21.825+0530][9.669s] GC(67) Archive regions: 2->2
[2025-06-03T15:51:21.825+0530][9.669s] GC(67) Humongous regions: 0->0
[2025-06-03T15:51:21.825+0530][9.669s] GC(67) Metaspace: 14694K(15104K)->14694K(15104K) NonClass: 12760K(12992K)->12760K(12992K) Class: 1933K(2112K)->1933K(2112K)
[2025-06-03T15:51:21.825+0530][9.669s] GC(67) Pause Young (Normal) (G1 Evacuation Pause) 312M->6M(512M) 0.971ms
[2025-06-03T15:51:21.825+0530][9.669s] GC(67) User=0.00s Sys=0.00s Real=0.00s
[2025-06-03T15:51:21.926+0530][9.771s] GC(68) Pause Young (Normal) (G1 Evacuation Pause)
[2025-06-03T15:51:21.926+0530][9.771s] GC(68) Using 8 workers of 8 for evacuation
[2025-06-03T15:51:21.926+0530][9.771s] GC(68) Skipped phase 1 of Reference Processing: no references
[2025-06-03T15:51:21.926+0530][9.771s] GC(68) Skipped phase 2 of Reference Processing: no references
[2025-06-03T15:51:21.926+0530][9.771s] GC(68) Skipped phase 3 of Reference Processing: no references
[2025-06-03T15:51:21.926+0530][9.771s] GC(68) Skipped phase 4 of Reference Processing: no references
[2025-06-03T15:51:21.927+0530][9.771s] GC(68)   Pre Evacuate Collection Set: 0.0ms
[2025-06-03T15:51:21.927+0530][9.771s] GC(68)   Merge Heap Roots: 0.1ms
[2025-06-03T15:51:21.927+0530][9.771s] GC(68)   Evacuate Collection Set: 0.1ms
[2025-06-03T15:51:21.927+0530][9.771s] GC(68)   Post Evacuate Collection Set: 0.3ms
[2025-06-03T15:51:21.927+0530][9.771s] GC(68)   Other: 0.1ms
[2025-06-03T15:51:21.927+0530][9.771s] GC(68) Eden regions: 306->0(306)
[2025-06-03T15:51:21.927+0530][9.771s] GC(68) Survivor regions: 1->1(39)
[2025-06-03T15:51:21.927+0530][9.771s] GC(68) Old regions: 6->6
[2025-06-03T15:51:21.927+0530][9.771s] GC(68) Archive regions: 2->2
[2025-06-03T15:51:21.927+0530][9.772s] GC(68) Humongous regions: 0->0
[2025-06-03T15:51:21.927+0530][9.772s] GC(68) Metaspace: 14694K(15104K)->14694K(15104K) NonClass: 12760K(12992K)->12760K(12992K) Class: 1933K(2112K)->1933K(2112K)
[2025-06-03T15:51:21.927+0530][9.772s] GC(68) Pause Young (Normal) (G1 Evacuation Pause) 312M->6M(512M) 0.826ms
[2025-06-03T15:51:21.927+0530][9.772s] GC(68) User=0.00s Sys=0.00s Real=0.00s
[2025-06-03T15:51:22.030+0530][9.875s] GC(69) Pause Young (Normal) (G1 Evacuation Pause)
[2025-06-03T15:51:22.030+0530][9.875s] GC(69) Using 8 workers of 8 for evacuation
[2025-06-03T15:51:22.030+0530][9.875s] GC(69) Skipped phase 1 of Reference Processing: no references
[2025-06-03T15:51:22.030+0530][9.875s] GC(69) Skipped phase 2 of Reference Processing: no references
[2025-06-03T15:51:22.030+0530][9.875s] GC(69) Skipped phase 3 of Reference Processing: no references
[2025-06-03T15:51:22.030+0530][9.875s] GC(69) Skipped phase 4 of Reference Processing: no references
[2025-06-03T15:51:22.031+0530][9.875s] GC(69)   Pre Evacuate Collection Set: 0.1ms
[2025-06-03T15:51:22.031+0530][9.875s] GC(69)   Merge Heap Roots: 0.1ms
[2025-06-03T15:51:22.031+0530][9.875s] GC(69)   Evacuate Collection Set: 0.2ms
[2025-06-03T15:51:22.031+0530][9.875s] GC(69)   Post Evacuate Collection Set: 0.3ms
[2025-06-03T15:51:22.031+0530][9.875s] GC(69)   Other: 0.2ms
[2025-06-03T15:51:22.031+0530][9.875s] GC(69) Eden regions: 306->0(306)
[2025-06-03T15:51:22.031+0530][9.875s] GC(69) Survivor regions: 1->1(39)
[2025-06-03T15:51:22.031+0530][9.875s] GC(69) Old regions: 6->6
[2025-06-03T15:51:22.031+0530][9.876s] GC(69) Archive regions: 2->2
[2025-06-03T15:51:22.031+0530][9.876s] GC(69) Humongous regions: 0->0
[2025-06-03T15:51:22.031+0530][9.876s] GC(69) Metaspace: 14694K(15104K)->14694K(15104K) NonClass: 12760K(12992K)->12760K(12992K) Class: 1933K(2112K)->1933K(2112K)
[2025-06-03T15:51:22.031+0530][9.876s] GC(69) Pause Young (Normal) (G1 Evacuation Pause) 312M->6M(512M) 1.002ms
[2025-06-03T15:51:22.031+0530][9.876s] GC(69) User=0.00s Sys=0.00s Real=0.00s
[2025-06-03T15:51:22.130+0530][9.975s] GC(70) Pause Young (Normal) (G1 Evacuation Pause)
[2025-06-03T15:51:22.130+0530][9.975s] GC(70) Using 8 workers of 8 for evacuation
[2025-06-03T15:51:22.130+0530][9.975s] GC(70) Skipped phase 1 of Reference Processing: no references
[2025-06-03T15:51:22.130+0530][9.975s] GC(70) Skipped phase 2 of Reference Processing: no references
[2025-06-03T15:51:22.130+0530][9.975s] GC(70) Skipped phase 3 of Reference Processing: no references
[2025-06-03T15:51:22.130+0530][9.975s] GC(70) Skipped phase 4 of Reference Processing: no references
[2025-06-03T15:51:22.131+0530][9.975s] GC(70)   Pre Evacuate Collection Set: 0.0ms
[2025-06-03T15:51:22.131+0530][9.975s] GC(70)   Merge Heap Roots: 0.0ms
[2025-06-03T15:51:22.131+0530][9.975s] GC(70)   Evacuate Collection Set: 0.2ms
[2025-06-03T15:51:22.131+0530][9.975s] GC(70)   Post Evacuate Collection Set: 0.3ms
[2025-06-03T15:51:22.131+0530][9.975s] GC(70)   Other: 0.1ms
[2025-06-03T15:51:22.131+0530][9.975s] GC(70) Eden regions: 306->0(306)
[2025-06-03T15:51:22.131+0530][9.975s] GC(70) Survivor regions: 1->1(39)
[2025-06-03T15:51:22.131+0530][9.975s] GC(70) Old regions: 6->6
[2025-06-03T15:51:22.131+0530][9.975s] GC(70) Archive regions: 2->2
[2025-06-03T15:51:22.131+0530][9.975s] GC(70) Humongous regions: 0->0
[2025-06-03T15:51:22.131+0530][9.976s] GC(70) Metaspace: 14694K(15104K)->14694K(15104K) NonClass: 12760K(12992K)->12760K(12992K) Class: 1933K(2112K)->1933K(2112K)
[2025-06-03T15:51:22.131+0530][9.976s] GC(70) Pause Young (Normal) (G1 Evacuation Pause) 312M->6M(512M) 0.871ms
[2025-06-03T15:51:22.131+0530][9.976s] GC(70) User=0.00s Sys=0.00s Real=0.00s
[2025-06-03T15:51:22.243+0530][10.088s] GC(71) Pause Young (Normal) (G1 Evacuation Pause)
[2025-06-03T15:51:22.244+0530][10.088s] GC(71) Using 8 workers of 8 for evacuation
[2025-06-03T15:51:22.244+0530][10.089s] GC(71) Skipped phase 1 of Reference Processing: no references
[2025-06-03T15:51:22.244+0530][10.089s] GC(71) Skipped phase 2 of Reference Processing: no references
[2025-06-03T15:51:22.244+0530][10.089s] GC(71) Skipped phase 3 of Reference Processing: no references
[2025-06-03T15:51:22.244+0530][10.089s] GC(71) Skipped phase 4 of Reference Processing: no references
[2025-06-03T15:51:22.244+0530][10.089s] GC(71)   Pre Evacuate Collection Set: 0.1ms
[2025-06-03T15:51:22.244+0530][10.089s] GC(71)   Merge Heap Roots: 0.1ms
[2025-06-03T15:51:22.244+0530][10.089s] GC(71)   Evacuate Collection Set: 0.2ms
[2025-06-03T15:51:22.244+0530][10.089s] GC(71)   Post Evacuate Collection Set: 0.3ms
[2025-06-03T15:51:22.244+0530][10.089s] GC(71)   Other: 0.2ms
[2025-06-03T15:51:22.244+0530][10.089s] GC(71) Eden regions: 306->0(306)
[2025-06-03T15:51:22.244+0530][10.089s] GC(71) Survivor regions: 1->1(39)
[2025-06-03T15:51:22.244+0530][10.089s] GC(71) Old regions: 6->6
[2025-06-03T15:51:22.244+0530][10.089s] GC(71) Archive regions: 2->2
[2025-06-03T15:51:22.244+0530][10.089s] GC(71) Humongous regions: 0->0
[2025-06-03T15:51:22.244+0530][10.089s] GC(71) Metaspace: 14694K(15104K)->14694K(15104K) NonClass: 12760K(12992K)->12760K(12992K) Class: 1933K(2112K)->1933K(2112K)
[2025-06-03T15:51:22.244+0530][10.089s] GC(71) Pause Young (Normal) (G1 Evacuation Pause) 312M->6M(512M) 0.993ms
[2025-06-03T15:51:22.244+0530][10.089s] GC(71) User=0.00s Sys=0.00s Real=0.00s
[2025-06-03T15:51:22.400+0530][10.244s] GC(72) Pause Young (Normal) (G1 Evacuation Pause)
[2025-06-03T15:51:22.400+0530][10.244s] GC(72) Using 8 workers of 8 for evacuation
[2025-06-03T15:51:22.400+0530][10.245s] GC(72) Skipped phase 1 of Reference Processing: no references
[2025-06-03T15:51:22.400+0530][10.245s] GC(72) Skipped phase 2 of Reference Processing: no references
[2025-06-03T15:51:22.400+0530][10.245s] GC(72) Skipped phase 3 of Reference Processing: no references
[2025-06-03T15:51:22.400+0530][10.245s] GC(72) Skipped phase 4 of Reference Processing: no references
[2025-06-03T15:51:22.400+0530][10.245s] GC(72)   Pre Evacuate Collection Set: 0.0ms
[2025-06-03T15:51:22.400+0530][10.245s] GC(72)   Merge Heap Roots: 0.1ms
[2025-06-03T15:51:22.400+0530][10.245s] GC(72)   Evacuate Collection Set: 0.2ms
[2025-06-03T15:51:22.400+0530][10.245s] GC(72)   Post Evacuate Collection Set: 0.4ms
[2025-06-03T15:51:22.400+0530][10.245s] GC(72)   Other: 0.2ms
[2025-06-03T15:51:22.400+0530][10.245s] GC(72) Eden regions: 306->0(306)
[2025-06-03T15:51:22.400+0530][10.245s] GC(72) Survivor regions: 1->1(39)
[2025-06-03T15:51:22.400+0530][10.245s] GC(72) Old regions: 6->6
[2025-06-03T15:51:22.400+0530][10.245s] GC(72) Archive regions: 2->2
[2025-06-03T15:51:22.400+0530][10.245s] GC(72) Humongous regions: 0->0
[2025-06-03T15:51:22.400+0530][10.245s] GC(72) Metaspace: 14694K(15104K)->14694K(15104K) NonClass: 12760K(12992K)->12760K(12992K) Class: 1933K(2112K)->1933K(2112K)
[2025-06-03T15:51:22.400+0530][10.245s] GC(72) Pause Young (Normal) (G1 Evacuation Pause) 312M->6M(512M) 0.969ms
[2025-06-03T15:51:22.401+0530][10.245s] GC(72) User=0.00s Sys=0.00s Real=0.00s
[2025-06-03T15:51:22.513+0530][10.357s] GC(73) Pause Young (Normal) (G1 Evacuation Pause)
[2025-06-03T15:51:22.513+0530][10.357s] GC(73) Using 8 workers of 8 for evacuation
[2025-06-03T15:51:22.513+0530][10.358s] GC(73) Skipped phase 1 of Reference Processing: no references
[2025-06-03T15:51:22.513+0530][10.358s] GC(73) Skipped phase 2 of Reference Processing: no references
[2025-06-03T15:51:22.513+0530][10.358s] GC(73) Skipped phase 3 of Reference Processing: no references
[2025-06-03T15:51:22.513+0530][10.358s] GC(73) Skipped phase 4 of Reference Processing: no references
[2025-06-03T15:51:22.514+0530][10.358s] GC(73)   Pre Evacuate Collection Set: 0.1ms
[2025-06-03T15:51:22.514+0530][10.358s] GC(73)   Merge Heap Roots: 0.1ms
[2025-06-03T15:51:22.514+0530][10.358s] GC(73)   Evacuate Collection Set: 0.2ms
[2025-06-03T15:51:22.514+0530][10.358s] GC(73)   Post Evacuate Collection Set: 0.5ms
[2025-06-03T15:51:22.514+0530][10.358s] GC(73)   Other: 0.1ms
[2025-06-03T15:51:22.514+0530][10.358s] GC(73) Eden regions: 306->0(306)
[2025-06-03T15:51:22.514+0530][10.358s] GC(73) Survivor regions: 1->1(39)
[2025-06-03T15:51:22.514+0530][10.359s] GC(73) Old regions: 6->6
[2025-06-03T15:51:22.514+0530][10.359s] GC(73) Archive regions: 2->2
[2025-06-03T15:51:22.514+0530][10.359s] GC(73) Humongous regions: 0->0
[2025-06-03T15:51:22.514+0530][10.359s] GC(73) Metaspace: 14694K(15104K)->14694K(15104K) NonClass: 12760K(12992K)->12760K(12992K) Class: 1933K(2112K)->1933K(2112K)
[2025-06-03T15:51:22.514+0530][10.359s] GC(73) Pause Young (Normal) (G1 Evacuation Pause) 312M->6M(512M) 1.304ms
[2025-06-03T15:51:22.514+0530][10.359s] GC(73) User=0.00s Sys=0.01s Real=0.00s
[2025-06-03T15:51:22.617+0530][10.462s] GC(74) Pause Young (Normal) (G1 Evacuation Pause)
[2025-06-03T15:51:22.617+0530][10.462s] GC(74) Using 8 workers of 8 for evacuation
[2025-06-03T15:51:22.618+0530][10.462s] GC(74) Skipped phase 1 of Reference Processing: no references
[2025-06-03T15:51:22.618+0530][10.462s] GC(74) Skipped phase 2 of Reference Processing: no references
[2025-06-03T15:51:22.618+0530][10.462s] GC(74) Skipped phase 3 of Reference Processing: no references
[2025-06-03T15:51:22.618+0530][10.462s] GC(74) Skipped phase 4 of Reference Processing: no references
[2025-06-03T15:51:22.618+0530][10.462s] GC(74)   Pre Evacuate Collection Set: 0.1ms
[2025-06-03T15:51:22.618+0530][10.462s] GC(74)   Merge Heap Roots: 0.1ms
[2025-06-03T15:51:22.618+0530][10.463s] GC(74)   Evacuate Collection Set: 0.2ms
[2025-06-03T15:51:22.618+0530][10.463s] GC(74)   Post Evacuate Collection Set: 0.3ms
[2025-06-03T15:51:22.618+0530][10.463s] GC(74)   Other: 0.2ms
[2025-06-03T15:51:22.618+0530][10.463s] GC(74) Eden regions: 306->0(306)
[2025-06-03T15:51:22.618+0530][10.463s] GC(74) Survivor regions: 1->1(39)
[2025-06-03T15:51:22.618+0530][10.463s] GC(74) Old regions: 6->6
[2025-06-03T15:51:22.618+0530][10.463s] GC(74) Archive regions: 2->2
[2025-06-03T15:51:22.618+0530][10.463s] GC(74) Humongous regions: 0->0
[2025-06-03T15:51:22.618+0530][10.463s] GC(74) Metaspace: 14694K(15104K)->14694K(15104K) NonClass: 12760K(12992K)->12760K(12992K) Class: 1933K(2112K)->1933K(2112K)
[2025-06-03T15:51:22.618+0530][10.463s] GC(74) Pause Young (Normal) (G1 Evacuation Pause) 312M->6M(512M) 0.882ms
[2025-06-03T15:51:22.618+0530][10.463s] GC(74) User=0.01s Sys=0.00s Real=0.00s
[2025-06-03T15:51:22.721+0530][10.565s] GC(75) Pause Young (Normal) (G1 Evacuation Pause)
[2025-06-03T15:51:22.721+0530][10.565s] GC(75) Using 8 workers of 8 for evacuation
[2025-06-03T15:51:22.721+0530][10.566s] GC(75) Skipped phase 1 of Reference Processing: no references
[2025-06-03T15:51:22.721+0530][10.566s] GC(75) Skipped phase 2 of Reference Processing: no references
[2025-06-03T15:51:22.721+0530][10.566s] GC(75) Skipped phase 3 of Reference Processing: no references
[2025-06-03T15:51:22.721+0530][10.566s] GC(75) Skipped phase 4 of Reference Processing: no references
[2025-06-03T15:51:22.722+0530][10.566s] GC(75)   Pre Evacuate Collection Set: 0.1ms
[2025-06-03T15:51:22.722+0530][10.566s] GC(75)   Merge Heap Roots: 0.1ms
[2025-06-03T15:51:22.722+0530][10.566s] GC(75)   Evacuate Collection Set: 0.1ms
[2025-06-03T15:51:22.722+0530][10.566s] GC(75)   Post Evacuate Collection Set: 0.4ms
[2025-06-03T15:51:22.722+0530][10.566s] GC(75)   Other: 0.2ms
[2025-06-03T15:51:22.722+0530][10.566s] GC(75) Eden regions: 306->0(306)
[2025-06-03T15:51:22.722+0530][10.566s] GC(75) Survivor regions: 1->1(39)
[2025-06-03T15:51:22.722+0530][10.566s] GC(75) Old regions: 6->6
[2025-06-03T15:51:22.722+0530][10.566s] GC(75) Archive regions: 2->2
[2025-06-03T15:51:22.722+0530][10.566s] GC(75) Humongous regions: 0->0
[2025-06-03T15:51:22.722+0530][10.566s] GC(75) Metaspace: 14694K(15104K)->14694K(15104K) NonClass: 12760K(12992K)->12760K(12992K) Class: 1933K(2112K)->1933K(2112K)
[2025-06-03T15:51:22.722+0530][10.566s] GC(75) Pause Young (Normal) (G1 Evacuation Pause) 312M->6M(512M) 1.019ms
[2025-06-03T15:51:22.722+0530][10.566s] GC(75) User=0.00s Sys=0.00s Real=0.00s
[2025-06-03T15:51:22.822+0530][10.667s] GC(76) Pause Young (Normal) (G1 Evacuation Pause)
[2025-06-03T15:51:22.822+0530][10.667s] GC(76) Using 8 workers of 8 for evacuation
[2025-06-03T15:51:22.823+0530][10.668s] GC(76) Skipped phase 1 of Reference Processing: no references
[2025-06-03T15:51:22.823+0530][10.668s] GC(76) Skipped phase 2 of Reference Processing: no references
[2025-06-03T15:51:22.823+0530][10.668s] GC(76) Skipped phase 3 of Reference Processing: no references
[2025-06-03T15:51:22.823+0530][10.668s] GC(76) Skipped phase 4 of Reference Processing: no references
[2025-06-03T15:51:22.823+0530][10.668s] GC(76)   Pre Evacuate Collection Set: 0.1ms
[2025-06-03T15:51:22.823+0530][10.668s] GC(76)   Merge Heap Roots: 0.1ms
[2025-06-03T15:51:22.823+0530][10.668s] GC(76)   Evacuate Collection Set: 0.2ms
[2025-06-03T15:51:22.823+0530][10.668s] GC(76)   Post Evacuate Collection Set: 0.4ms
[2025-06-03T15:51:22.823+0530][10.668s] GC(76)   Other: 0.1ms
[2025-06-03T15:51:22.823+0530][10.668s] GC(76) Eden regions: 306->0(306)
[2025-06-03T15:51:22.823+0530][10.668s] GC(76) Survivor regions: 1->1(39)
[2025-06-03T15:51:22.823+0530][10.668s] GC(76) Old regions: 6->6
[2025-06-03T15:51:22.823+0530][10.668s] GC(76) Archive regions: 2->2
[2025-06-03T15:51:22.823+0530][10.668s] GC(76) Humongous regions: 0->0
[2025-06-03T15:51:22.823+0530][10.668s] GC(76) Metaspace: 14694K(15104K)->14694K(15104K) NonClass: 12760K(12992K)->12760K(12992K) Class: 1933K(2112K)->1933K(2112K)
[2025-06-03T15:51:22.823+0530][10.668s] GC(76) Pause Young (Normal) (G1 Evacuation Pause) 312M->6M(512M) 0.998ms
[2025-06-03T15:51:22.823+0530][10.668s] GC(76) User=0.00s Sys=0.00s Real=0.00s
[2025-06-03T15:51:22.921+0530][10.765s] GC(77) Pause Young (Normal) (G1 Evacuation Pause)
[2025-06-03T15:51:22.921+0530][10.765s] GC(77) Using 8 workers of 8 for evacuation
[2025-06-03T15:51:22.921+0530][10.766s] GC(77) Skipped phase 1 of Reference Processing: no references
[2025-06-03T15:51:22.921+0530][10.766s] GC(77) Skipped phase 2 of Reference Processing: no references
[2025-06-03T15:51:22.921+0530][10.766s] GC(77) Skipped phase 3 of Reference Processing: no references
[2025-06-03T15:51:22.921+0530][10.766s] GC(77) Skipped phase 4 of Reference Processing: no references
[2025-06-03T15:51:22.921+0530][10.766s] GC(77)   Pre Evacuate Collection Set: 0.1ms
[2025-06-03T15:51:22.921+0530][10.766s] GC(77)   Merge Heap Roots: 0.0ms
[2025-06-03T15:51:22.921+0530][10.766s] GC(77)   Evacuate Collection Set: 0.2ms
[2025-06-03T15:51:22.921+0530][10.766s] GC(77)   Post Evacuate Collection Set: 0.3ms
[2025-06-03T15:51:22.921+0530][10.766s] GC(77)   Other: 0.1ms
[2025-06-03T15:51:22.921+0530][10.766s] GC(77) Eden regions: 306->0(306)
[2025-06-03T15:51:22.921+0530][10.766s] GC(77) Survivor regions: 1->1(39)
[2025-06-03T15:51:22.921+0530][10.766s] GC(77) Old regions: 6->6
[2025-06-03T15:51:22.921+0530][10.766s] GC(77) Archive regions: 2->2
[2025-06-03T15:51:22.921+0530][10.766s] GC(77) Humongous regions: 0->0
[2025-06-03T15:51:22.921+0530][10.766s] GC(77) Metaspace: 14694K(15104K)->14694K(15104K) NonClass: 12760K(12992K)->12760K(12992K) Class: 1933K(2112K)->1933K(2112K)
[2025-06-03T15:51:22.921+0530][10.766s] GC(77) Pause Young (Normal) (G1 Evacuation Pause) 312M->6M(512M) 0.950ms
[2025-06-03T15:51:22.922+0530][10.766s] GC(77) User=0.00s Sys=0.00s Real=0.00s
[2025-06-03T15:51:23.050+0530][10.894s] GC(78) Pause Young (Normal) (G1 Evacuation Pause)
[2025-06-03T15:51:23.050+0530][10.894s] GC(78) Using 8 workers of 8 for evacuation
[2025-06-03T15:51:23.050+0530][10.895s] GC(78) Skipped phase 1 of Reference Processing: no references
[2025-06-03T15:51:23.050+0530][10.895s] GC(78) Skipped phase 2 of Reference Processing: no references
[2025-06-03T15:51:23.050+0530][10.895s] GC(78) Skipped phase 3 of Reference Processing: no references
[2025-06-03T15:51:23.050+0530][10.895s] GC(78) Skipped phase 4 of Reference Processing: no references
[2025-06-03T15:51:23.051+0530][10.895s] GC(78)   Pre Evacuate Collection Set: 0.1ms
[2025-06-03T15:51:23.051+0530][10.895s] GC(78)   Merge Heap Roots: 0.1ms
[2025-06-03T15:51:23.051+0530][10.895s] GC(78)   Evacuate Collection Set: 0.2ms
[2025-06-03T15:51:23.051+0530][10.895s] GC(78)   Post Evacuate Collection Set: 0.4ms
[2025-06-03T15:51:23.051+0530][10.895s] GC(78)   Other: 0.2ms
[2025-06-03T15:51:23.051+0530][10.895s] GC(78) Eden regions: 306->0(306)
[2025-06-03T15:51:23.051+0530][10.895s] GC(78) Survivor regions: 1->1(39)
[2025-06-03T15:51:23.051+0530][10.895s] GC(78) Old regions: 6->6
[2025-06-03T15:51:23.051+0530][10.895s] GC(78) Archive regions: 2->2
[2025-06-03T15:51:23.051+0530][10.895s] GC(78) Humongous regions: 0->0
[2025-06-03T15:51:23.051+0530][10.895s] GC(78) Metaspace: 14694K(15104K)->14694K(15104K) NonClass: 12760K(12992K)->12760K(12992K) Class: 1933K(2112K)->1933K(2112K)
[2025-06-03T15:51:23.051+0530][10.895s] GC(78) Pause Young (Normal) (G1 Evacuation Pause) 312M->6M(512M) 1.071ms
[2025-06-03T15:51:23.051+0530][10.895s] GC(78) User=0.00s Sys=0.00s Real=0.00s
[2025-06-03T15:51:23.156+0530][11.001s] GC(79) Pause Young (Normal) (G1 Evacuation Pause)
[2025-06-03T15:51:23.156+0530][11.001s] GC(79) Using 8 workers of 8 for evacuation
[2025-06-03T15:51:23.157+0530][11.001s] GC(79) Skipped phase 1 of Reference Processing: no references
[2025-06-03T15:51:23.157+0530][11.001s] GC(79) Skipped phase 2 of Reference Processing: no references
[2025-06-03T15:51:23.157+0530][11.001s] GC(79) Skipped phase 3 of Reference Processing: no references
[2025-06-03T15:51:23.157+0530][11.001s] GC(79) Skipped phase 4 of Reference Processing: no references
[2025-06-03T15:51:23.157+0530][11.001s] GC(79)   Pre Evacuate Collection Set: 0.1ms
[2025-06-03T15:51:23.157+0530][11.002s] GC(79)   Merge Heap Roots: 0.1ms
[2025-06-03T15:51:23.157+0530][11.002s] GC(79)   Evacuate Collection Set: 0.2ms
[2025-06-03T15:51:23.157+0530][11.002s] GC(79)   Post Evacuate Collection Set: 0.3ms
[2025-06-03T15:51:23.157+0530][11.002s] GC(79)   Other: 0.1ms
[2025-06-03T15:51:23.157+0530][11.002s] GC(79) Eden regions: 306->0(306)
[2025-06-03T15:51:23.157+0530][11.002s] GC(79) Survivor regions: 1->1(39)
[2025-06-03T15:51:23.157+0530][11.002s] GC(79) Old regions: 6->6
[2025-06-03T15:51:23.157+0530][11.002s] GC(79) Archive regions: 2->2
[2025-06-03T15:51:23.157+0530][11.002s] GC(79) Humongous regions: 0->0
[2025-06-03T15:51:23.157+0530][11.002s] GC(79) Metaspace: 14694K(15104K)->14694K(15104K) NonClass: 12760K(12992K)->12760K(12992K) Class: 1933K(2112K)->1933K(2112K)
[2025-06-03T15:51:23.157+0530][11.002s] GC(79) Pause Young (Normal) (G1 Evacuation Pause) 312M->6M(512M) 0.913ms
[2025-06-03T15:51:23.157+0530][11.002s] GC(79) User=0.00s Sys=0.00s Real=0.00s
[2025-06-03T15:51:23.274+0530][11.118s] GC(80) Pause Young (Normal) (G1 Evacuation Pause)
[2025-06-03T15:51:23.274+0530][11.118s] GC(80) Using 8 workers of 8 for evacuation
[2025-06-03T15:51:23.274+0530][11.119s] GC(80) Skipped phase 1 of Reference Processing: no references
[2025-06-03T15:51:23.274+0530][11.119s] GC(80) Skipped phase 2 of Reference Processing: no references
[2025-06-03T15:51:23.274+0530][11.119s] GC(80) Skipped phase 3 of Reference Processing: no references
[2025-06-03T15:51:23.274+0530][11.119s] GC(80) Skipped phase 4 of Reference Processing: no references
[2025-06-03T15:51:23.275+0530][11.119s] GC(80)   Pre Evacuate Collection Set: 0.1ms
[2025-06-03T15:51:23.275+0530][11.119s] GC(80)   Merge Heap Roots: 0.1ms
[2025-06-03T15:51:23.275+0530][11.119s] GC(80)   Evacuate Collection Set: 0.2ms
[2025-06-03T15:51:23.275+0530][11.119s] GC(80)   Post Evacuate Collection Set: 0.4ms
[2025-06-03T15:51:23.275+0530][11.119s] GC(80)   Other: 0.1ms
[2025-06-03T15:51:23.275+0530][11.119s] GC(80) Eden regions: 306->0(306)
[2025-06-03T15:51:23.275+0530][11.119s] GC(80) Survivor regions: 1->1(39)
[2025-06-03T15:51:23.275+0530][11.119s] GC(80) Old regions: 6->6
[2025-06-03T15:51:23.275+0530][11.119s] GC(80) Archive regions: 2->2
[2025-06-03T15:51:23.275+0530][11.119s] GC(80) Humongous regions: 0->0
[2025-06-03T15:51:23.275+0530][11.119s] GC(80) Metaspace: 14694K(15104K)->14694K(15104K) NonClass: 12760K(12992K)->12760K(12992K) Class: 1933K(2112K)->1933K(2112K)
[2025-06-03T15:51:23.275+0530][11.119s] GC(80) Pause Young (Normal) (G1 Evacuation Pause) 312M->6M(512M) 0.980ms
[2025-06-03T15:51:23.275+0530][11.119s] GC(80) User=0.00s Sys=0.00s Real=0.00s
[2025-06-03T15:51:23.404+0530][11.249s] GC(81) Pause Young (Normal) (G1 Evacuation Pause)
[2025-06-03T15:51:23.404+0530][11.249s] GC(81) Using 8 workers of 8 for evacuation
[2025-06-03T15:51:23.405+0530][11.249s] GC(81) Skipped phase 1 of Reference Processing: no references
[2025-06-03T15:51:23.405+0530][11.249s] GC(81) Skipped phase 2 of Reference Processing: no references
[2025-06-03T15:51:23.405+0530][11.249s] GC(81) Skipped phase 3 of Reference Processing: no references
[2025-06-03T15:51:23.405+0530][11.249s] GC(81) Skipped phase 4 of Reference Processing: no references
[2025-06-03T15:51:23.405+0530][11.250s] GC(81)   Pre Evacuate Collection Set: 0.1ms
[2025-06-03T15:51:23.405+0530][11.250s] GC(81)   Merge Heap Roots: 0.1ms
[2025-06-03T15:51:23.405+0530][11.250s] GC(81)   Evacuate Collection Set: 0.2ms
[2025-06-03T15:51:23.405+0530][11.250s] GC(81)   Post Evacuate Collection Set: 0.4ms
[2025-06-03T15:51:23.405+0530][11.250s] GC(81)   Other: 0.2ms
[2025-06-03T15:51:23.405+0530][11.250s] GC(81) Eden regions: 306->0(306)
[2025-06-03T15:51:23.405+0530][11.250s] GC(81) Survivor regions: 1->1(39)
[2025-06-03T15:51:23.405+0530][11.250s] GC(81) Old regions: 6->6
[2025-06-03T15:51:23.405+0530][11.250s] GC(81) Archive regions: 2->2
[2025-06-03T15:51:23.405+0530][11.250s] GC(81) Humongous regions: 0->0
[2025-06-03T15:51:23.405+0530][11.250s] GC(81) Metaspace: 14694K(15104K)->14694K(15104K) NonClass: 12760K(12992K)->12760K(12992K) Class: 1933K(2112K)->1933K(2112K)
[2025-06-03T15:51:23.405+0530][11.250s] GC(81) Pause Young (Normal) (G1 Evacuation Pause) 312M->6M(512M) 1.149ms
[2025-06-03T15:51:23.405+0530][11.250s] GC(81) User=0.00s Sys=0.00s Real=0.00s
[2025-06-03T15:51:23.550+0530][11.395s] GC(82) Pause Young (Normal) (G1 Evacuation Pause)
[2025-06-03T15:51:23.550+0530][11.395s] GC(82) Using 8 workers of 8 for evacuation
[2025-06-03T15:51:23.551+0530][11.395s] GC(82) Skipped phase 1 of Reference Processing: no references
[2025-06-03T15:51:23.551+0530][11.395s] GC(82) Skipped phase 2 of Reference Processing: no references
[2025-06-03T15:51:23.551+0530][11.395s] GC(82) Skipped phase 3 of Reference Processing: no references
[2025-06-03T15:51:23.551+0530][11.395s] GC(82) Skipped phase 4 of Reference Processing: no references
[2025-06-03T15:51:23.551+0530][11.396s] GC(82)   Pre Evacuate Collection Set: 0.1ms
[2025-06-03T15:51:23.551+0530][11.396s] GC(82)   Merge Heap Roots: 0.1ms
[2025-06-03T15:51:23.551+0530][11.396s] GC(82)   Evacuate Collection Set: 0.3ms
[2025-06-03T15:51:23.551+0530][11.396s] GC(82)   Post Evacuate Collection Set: 0.5ms
[2025-06-03T15:51:23.551+0530][11.396s] GC(82)   Other: 0.2ms
[2025-06-03T15:51:23.551+0530][11.396s] GC(82) Eden regions: 306->0(306)
[2025-06-03T15:51:23.551+0530][11.396s] GC(82) Survivor regions: 1->1(39)
[2025-06-03T15:51:23.551+0530][11.396s] GC(82) Old regions: 6->6
[2025-06-03T15:51:23.551+0530][11.396s] GC(82) Archive regions: 2->2
[2025-06-03T15:51:23.551+0530][11.396s] GC(82) Humongous regions: 0->0
[2025-06-03T15:51:23.552+0530][11.396s] GC(82) Metaspace: 14694K(15104K)->14694K(15104K) NonClass: 12760K(12992K)->12760K(12992K) Class: 1933K(2112K)->1933K(2112K)
[2025-06-03T15:51:23.552+0530][11.396s] GC(82) Pause Young (Normal) (G1 Evacuation Pause) 312M->6M(512M) 1.435ms
[2025-06-03T15:51:23.552+0530][11.396s] GC(82) User=0.00s Sys=0.00s Real=0.00s
[2025-06-03T15:51:23.659+0530][11.504s] GC(83) Pause Young (Normal) (G1 Evacuation Pause)
[2025-06-03T15:51:23.659+0530][11.504s] GC(83) Using 8 workers of 8 for evacuation
[2025-06-03T15:51:23.659+0530][11.504s] GC(83) Skipped phase 1 of Reference Processing: no references
[2025-06-03T15:51:23.659+0530][11.504s] GC(83) Skipped phase 2 of Reference Processing: no references
[2025-06-03T15:51:23.659+0530][11.504s] GC(83) Skipped phase 3 of Reference Processing: no references
[2025-06-03T15:51:23.659+0530][11.504s] GC(83) Skipped phase 4 of Reference Processing: no references
[2025-06-03T15:51:23.660+0530][11.504s] GC(83)   Pre Evacuate Collection Set: 0.1ms
[2025-06-03T15:51:23.660+0530][11.504s] GC(83)   Merge Heap Roots: 0.1ms
[2025-06-03T15:51:23.660+0530][11.504s] GC(83)   Evacuate Collection Set: 0.2ms
[2025-06-03T15:51:23.660+0530][11.504s] GC(83)   Post Evacuate Collection Set: 0.3ms
[2025-06-03T15:51:23.660+0530][11.504s] GC(83)   Other: 0.1ms
[2025-06-03T15:51:23.660+0530][11.504s] GC(83) Eden regions: 306->0(306)
[2025-06-03T15:51:23.660+0530][11.504s] GC(83) Survivor regions: 1->1(39)
[2025-06-03T15:51:23.660+0530][11.504s] GC(83) Old regions: 6->6
[2025-06-03T15:51:23.660+0530][11.504s] GC(83) Archive regions: 2->2
[2025-06-03T15:51:23.660+0530][11.504s] GC(83) Humongous regions: 0->0
[2025-06-03T15:51:23.660+0530][11.504s] GC(83) Metaspace: 14694K(15104K)->14694K(15104K) NonClass: 12760K(12992K)->12760K(12992K) Class: 1933K(2112K)->1933K(2112K)
[2025-06-03T15:51:23.660+0530][11.504s] GC(83) Pause Young (Normal) (G1 Evacuation Pause) 312M->6M(512M) 0.903ms
[2025-06-03T15:51:23.660+0530][11.504s] GC(83) User=0.00s Sys=0.01s Real=0.01s
[2025-06-03T15:51:23.769+0530][11.613s] GC(84) Pause Young (Normal) (G1 Evacuation Pause)
[2025-06-03T15:51:23.769+0530][11.613s] GC(84) Using 8 workers of 8 for evacuation
[2025-06-03T15:51:23.769+0530][11.614s] GC(84) Skipped phase 1 of Reference Processing: no references
[2025-06-03T15:51:23.769+0530][11.614s] GC(84) Skipped phase 2 of Reference Processing: no references
[2025-06-03T15:51:23.769+0530][11.614s] GC(84) Skipped phase 3 of Reference Processing: no references
[2025-06-03T15:51:23.769+0530][11.614s] GC(84) Skipped phase 4 of Reference Processing: no references
[2025-06-03T15:51:23.769+0530][11.614s] GC(84)   Pre Evacuate Collection Set: 0.1ms
[2025-06-03T15:51:23.769+0530][11.614s] GC(84)   Merge Heap Roots: 0.1ms
[2025-06-03T15:51:23.769+0530][11.614s] GC(84)   Evacuate Collection Set: 0.2ms
[2025-06-03T15:51:23.769+0530][11.614s] GC(84)   Post Evacuate Collection Set: 0.3ms
[2025-06-03T15:51:23.769+0530][11.614s] GC(84)   Other: 0.1ms
[2025-06-03T15:51:23.769+0530][11.614s] GC(84) Eden regions: 306->0(306)
[2025-06-03T15:51:23.769+0530][11.614s] GC(84) Survivor regions: 1->1(39)
[2025-06-03T15:51:23.769+0530][11.614s] GC(84) Old regions: 6->6
[2025-06-03T15:51:23.769+0530][11.614s] GC(84) Archive regions: 2->2
[2025-06-03T15:51:23.769+0530][11.614s] GC(84) Humongous regions: 0->0
[2025-06-03T15:51:23.769+0530][11.614s] GC(84) Metaspace: 14694K(15104K)->14694K(15104K) NonClass: 12760K(12992K)->12760K(12992K) Class: 1933K(2112K)->1933K(2112K)
[2025-06-03T15:51:23.770+0530][11.614s] GC(84) Pause Young (Normal) (G1 Evacuation Pause) 312M->6M(512M) 0.892ms
[2025-06-03T15:51:23.770+0530][11.614s] GC(84) User=0.00s Sys=0.00s Real=0.01s
[2025-06-03T15:51:23.883+0530][11.727s] GC(85) Pause Young (Normal) (G1 Evacuation Pause)
[2025-06-03T15:51:23.883+0530][11.727s] GC(85) Using 8 workers of 8 for evacuation
[2025-06-03T15:51:23.883+0530][11.728s] GC(85) Skipped phase 1 of Reference Processing: no references
[2025-06-03T15:51:23.883+0530][11.728s] GC(85) Skipped phase 2 of Reference Processing: no references
[2025-06-03T15:51:23.883+0530][11.728s] GC(85) Skipped phase 3 of Reference Processing: no references
[2025-06-03T15:51:23.883+0530][11.728s] GC(85) Skipped phase 4 of Reference Processing: no references
[2025-06-03T15:51:23.883+0530][11.728s] GC(85)   Pre Evacuate Collection Set: 0.1ms
[2025-06-03T15:51:23.884+0530][11.728s] GC(85)   Merge Heap Roots: 0.1ms
[2025-06-03T15:51:23.884+0530][11.728s] GC(85)   Evacuate Collection Set: 0.2ms
[2025-06-03T15:51:23.884+0530][11.728s] GC(85)   Post Evacuate Collection Set: 0.3ms
[2025-06-03T15:51:23.884+0530][11.728s] GC(85)   Other: 0.2ms
[2025-06-03T15:51:23.884+0530][11.728s] GC(85) Eden regions: 306->0(306)
[2025-06-03T15:51:23.884+0530][11.728s] GC(85) Survivor regions: 1->1(39)
[2025-06-03T15:51:23.884+0530][11.728s] GC(85) Old regions: 6->6
[2025-06-03T15:51:23.884+0530][11.728s] GC(85) Archive regions: 2->2
[2025-06-03T15:51:23.884+0530][11.728s] GC(85) Humongous regions: 0->0
[2025-06-03T15:51:23.884+0530][11.728s] GC(85) Metaspace: 14694K(15104K)->14694K(15104K) NonClass: 12760K(12992K)->12760K(12992K) Class: 1933K(2112K)->1933K(2112K)
[2025-06-03T15:51:23.884+0530][11.728s] GC(85) Pause Young (Normal) (G1 Evacuation Pause) 312M->6M(512M) 1.031ms
[2025-06-03T15:51:23.884+0530][11.728s] GC(85) User=0.00s Sys=0.00s Real=0.00s
[2025-06-03T15:51:23.995+0530][11.839s] GC(86) Pause Young (Normal) (G1 Evacuation Pause)
[2025-06-03T15:51:23.995+0530][11.839s] GC(86) Using 8 workers of 8 for evacuation
[2025-06-03T15:51:23.995+0530][11.840s] GC(86) Skipped phase 1 of Reference Processing: no references
[2025-06-03T15:51:23.995+0530][11.840s] GC(86) Skipped phase 2 of Reference Processing: no references
[2025-06-03T15:51:23.995+0530][11.840s] GC(86) Skipped phase 3 of Reference Processing: no references
[2025-06-03T15:51:23.995+0530][11.840s] GC(86) Skipped phase 4 of Reference Processing: no references
[2025-06-03T15:51:23.995+0530][11.840s] GC(86)   Pre Evacuate Collection Set: 0.1ms
[2025-06-03T15:51:23.995+0530][11.840s] GC(86)   Merge Heap Roots: 0.1ms
[2025-06-03T15:51:23.996+0530][11.840s] GC(86)   Evacuate Collection Set: 0.2ms
[2025-06-03T15:51:23.996+0530][11.840s] GC(86)   Post Evacuate Collection Set: 0.3ms
[2025-06-03T15:51:23.996+0530][11.840s] GC(86)   Other: 0.1ms
[2025-06-03T15:51:23.996+0530][11.840s] GC(86) Eden regions: 306->0(306)
[2025-06-03T15:51:23.996+0530][11.840s] GC(86) Survivor regions: 1->1(39)
[2025-06-03T15:51:23.996+0530][11.840s] GC(86) Old regions: 6->6
[2025-06-03T15:51:23.996+0530][11.840s] GC(86) Archive regions: 2->2
[2025-06-03T15:51:23.996+0530][11.840s] GC(86) Humongous regions: 0->0
[2025-06-03T15:51:23.996+0530][11.840s] GC(86) Metaspace: 14694K(15104K)->14694K(15104K) NonClass: 12760K(12992K)->12760K(12992K) Class: 1933K(2112K)->1933K(2112K)
[2025-06-03T15:51:23.996+0530][11.840s] GC(86) Pause Young (Normal) (G1 Evacuation Pause) 312M->6M(512M) 0.909ms
[2025-06-03T15:51:23.996+0530][11.840s] GC(86) User=0.00s Sys=0.00s Real=0.00s
[2025-06-03T15:51:24.101+0530][11.945s] GC(87) Pause Young (Normal) (G1 Evacuation Pause)
[2025-06-03T15:51:24.101+0530][11.945s] GC(87) Using 8 workers of 8 for evacuation
[2025-06-03T15:51:24.101+0530][11.946s] GC(87) Skipped phase 1 of Reference Processing: no references
[2025-06-03T15:51:24.101+0530][11.946s] GC(87) Skipped phase 2 of Reference Processing: no references
[2025-06-03T15:51:24.101+0530][11.946s] GC(87) Skipped phase 3 of Reference Processing: no references
[2025-06-03T15:51:24.101+0530][11.946s] GC(87) Skipped phase 4 of Reference Processing: no references
[2025-06-03T15:51:24.101+0530][11.946s] GC(87)   Pre Evacuate Collection Set: 0.1ms
[2025-06-03T15:51:24.101+0530][11.946s] GC(87)   Merge Heap Roots: 0.1ms
[2025-06-03T15:51:24.101+0530][11.946s] GC(87)   Evacuate Collection Set: 0.1ms
[2025-06-03T15:51:24.101+0530][11.946s] GC(87)   Post Evacuate Collection Set: 0.3ms
[2025-06-03T15:51:24.101+0530][11.946s] GC(87)   Other: 0.1ms
[2025-06-03T15:51:24.102+0530][11.946s] GC(87) Eden regions: 306->0(306)
[2025-06-03T15:51:24.102+0530][11.946s] GC(87) Survivor regions: 1->1(39)
[2025-06-03T15:51:24.102+0530][11.946s] GC(87) Old regions: 6->6
[2025-06-03T15:51:24.102+0530][11.946s] GC(87) Archive regions: 2->2
[2025-06-03T15:51:24.102+0530][11.946s] GC(87) Humongous regions: 0->0
[2025-06-03T15:51:24.102+0530][11.946s] GC(87) Metaspace: 14694K(15104K)->14694K(15104K) NonClass: 12760K(12992K)->12760K(12992K) Class: 1933K(2112K)->1933K(2112K)
[2025-06-03T15:51:24.102+0530][11.946s] GC(87) Pause Young (Normal) (G1 Evacuation Pause) 312M->6M(512M) 0.883ms
[2025-06-03T15:51:24.102+0530][11.946s] GC(87) User=0.00s Sys=0.00s Real=0.00s
[2025-06-03T15:51:24.216+0530][12.061s] GC(88) Pause Young (Normal) (G1 Evacuation Pause)
[2025-06-03T15:51:24.216+0530][12.061s] GC(88) Using 8 workers of 8 for evacuation
[2025-06-03T15:51:24.216+0530][12.061s] GC(88) Skipped phase 1 of Reference Processing: no references
[2025-06-03T15:51:24.216+0530][12.061s] GC(88) Skipped phase 2 of Reference Processing: no references
[2025-06-03T15:51:24.216+0530][12.061s] GC(88) Skipped phase 3 of Reference Processing: no references
[2025-06-03T15:51:24.216+0530][12.061s] GC(88) Skipped phase 4 of Reference Processing: no references
[2025-06-03T15:51:24.217+0530][12.061s] GC(88)   Pre Evacuate Collection Set: 0.1ms
[2025-06-03T15:51:24.217+0530][12.061s] GC(88)   Merge Heap Roots: 0.1ms
[2025-06-03T15:51:24.217+0530][12.061s] GC(88)   Evacuate Collection Set: 0.2ms
[2025-06-03T15:51:24.217+0530][12.061s] GC(88)   Post Evacuate Collection Set: 0.3ms
[2025-06-03T15:51:24.217+0530][12.061s] GC(88)   Other: 0.2ms
[2025-06-03T15:51:24.217+0530][12.061s] GC(88) Eden regions: 306->0(306)
[2025-06-03T15:51:24.217+0530][12.061s] GC(88) Survivor regions: 1->1(39)
[2025-06-03T15:51:24.217+0530][12.061s] GC(88) Old regions: 6->6
[2025-06-03T15:51:24.217+0530][12.061s] GC(88) Archive regions: 2->2
[2025-06-03T15:51:24.217+0530][12.061s] GC(88) Humongous regions: 0->0
[2025-06-03T15:51:24.217+0530][12.061s] GC(88) Metaspace: 14694K(15104K)->14694K(15104K) NonClass: 12760K(12992K)->12760K(12992K) Class: 1933K(2112K)->1933K(2112K)
[2025-06-03T15:51:24.217+0530][12.061s] GC(88) Pause Young (Normal) (G1 Evacuation Pause) 312M->6M(512M) 0.996ms
[2025-06-03T15:51:24.217+0530][12.062s] GC(88) User=0.00s Sys=0.00s Real=0.00s
[2025-06-03T15:51:24.340+0530][12.185s] GC(89) Pause Young (Normal) (G1 Evacuation Pause)
[2025-06-03T15:51:24.340+0530][12.185s] GC(89) Using 8 workers of 8 for evacuation
[2025-06-03T15:51:24.341+0530][12.185s] GC(89) Skipped phase 1 of Reference Processing: no references
[2025-06-03T15:51:24.341+0530][12.185s] GC(89) Skipped phase 2 of Reference Processing: no references
[2025-06-03T15:51:24.341+0530][12.185s] GC(89) Skipped phase 3 of Reference Processing: no references
[2025-06-03T15:51:24.341+0530][12.185s] GC(89) Skipped phase 4 of Reference Processing: no references
[2025-06-03T15:51:24.341+0530][12.186s] GC(89)   Pre Evacuate Collection Set: 0.1ms
[2025-06-03T15:51:24.341+0530][12.186s] GC(89)   Merge Heap Roots: 0.1ms
[2025-06-03T15:51:24.341+0530][12.186s] GC(89)   Evacuate Collection Set: 0.2ms
[2025-06-03T15:51:24.341+0530][12.186s] GC(89)   Post Evacuate Collection Set: 0.4ms
[2025-06-03T15:51:24.341+0530][12.186s] GC(89)   Other: 0.1ms
[2025-06-03T15:51:24.341+0530][12.186s] GC(89) Eden regions: 306->0(306)
[2025-06-03T15:51:24.341+0530][12.186s] GC(89) Survivor regions: 1->1(39)
[2025-06-03T15:51:24.341+0530][12.186s] GC(89) Old regions: 6->6
[2025-06-03T15:51:24.341+0530][12.186s] GC(89) Archive regions: 2->2
[2025-06-03T15:51:24.341+0530][12.186s] GC(89) Humongous regions: 0->0
[2025-06-03T15:51:24.341+0530][12.186s] GC(89) Metaspace: 14694K(15104K)->14694K(15104K) NonClass: 12760K(12992K)->12760K(12992K) Class: 1933K(2112K)->1933K(2112K)
[2025-06-03T15:51:24.341+0530][12.186s] GC(89) Pause Young (Normal) (G1 Evacuation Pause) 312M->6M(512M) 1.152ms
[2025-06-03T15:51:24.341+0530][12.186s] GC(89) User=0.00s Sys=0.01s Real=0.00s
[2025-06-03T15:51:24.448+0530][12.293s] GC(90) Pause Young (Normal) (G1 Evacuation Pause)
[2025-06-03T15:51:24.448+0530][12.293s] GC(90) Using 8 workers of 8 for evacuation
[2025-06-03T15:51:24.449+0530][12.293s] GC(90) Skipped phase 1 of Reference Processing: no references
[2025-06-03T15:51:24.449+0530][12.293s] GC(90) Skipped phase 2 of Reference Processing: no references
[2025-06-03T15:51:24.449+0530][12.293s] GC(90) Skipped phase 3 of Reference Processing: no references
[2025-06-03T15:51:24.449+0530][12.293s] GC(90) Skipped phase 4 of Reference Processing: no references
[2025-06-03T15:51:24.449+0530][12.294s] GC(90)   Pre Evacuate Collection Set: 0.1ms
[2025-06-03T15:51:24.449+0530][12.294s] GC(90)   Merge Heap Roots: 0.1ms
[2025-06-03T15:51:24.449+0530][12.294s] GC(90)   Evacuate Collection Set: 0.2ms
[2025-06-03T15:51:24.449+0530][12.294s] GC(90)   Post Evacuate Collection Set: 0.3ms
[2025-06-03T15:51:24.449+0530][12.294s] GC(90)   Other: 0.1ms
[2025-06-03T15:51:24.449+0530][12.294s] GC(90) Eden regions: 306->0(306)
[2025-06-03T15:51:24.449+0530][12.294s] GC(90) Survivor regions: 1->1(39)
[2025-06-03T15:51:24.449+0530][12.294s] GC(90) Old regions: 6->6
[2025-06-03T15:51:24.449+0530][12.294s] GC(90) Archive regions: 2->2
[2025-06-03T15:51:24.449+0530][12.294s] GC(90) Humongous regions: 0->0
[2025-06-03T15:51:24.449+0530][12.294s] GC(90) Metaspace: 14694K(15104K)->14694K(15104K) NonClass: 12760K(12992K)->12760K(12992K) Class: 1933K(2112K)->1933K(2112K)
[2025-06-03T15:51:24.449+0530][12.294s] GC(90) Pause Young (Normal) (G1 Evacuation Pause) 312M->6M(512M) 0.920ms
[2025-06-03T15:51:24.449+0530][12.294s] GC(90) User=0.00s Sys=0.00s Real=0.00s
[2025-06-03T15:51:24.546+0530][12.391s] GC(91) Pause Young (Normal) (G1 Evacuation Pause)
[2025-06-03T15:51:24.546+0530][12.391s] GC(91) Using 8 workers of 8 for evacuation
[2025-06-03T15:51:24.546+0530][12.391s] GC(91) Skipped phase 1 of Reference Processing: no references
[2025-06-03T15:51:24.546+0530][12.391s] GC(91) Skipped phase 2 of Reference Processing: no references
[2025-06-03T15:51:24.546+0530][12.391s] GC(91) Skipped phase 3 of Reference Processing: no references
[2025-06-03T15:51:24.546+0530][12.391s] GC(91) Skipped phase 4 of Reference Processing: no references
[2025-06-03T15:51:24.547+0530][12.391s] GC(91)   Pre Evacuate Collection Set: 0.1ms
[2025-06-03T15:51:24.547+0530][12.391s] GC(91)   Merge Heap Roots: 0.1ms
[2025-06-03T15:51:24.547+0530][12.391s] GC(91)   Evacuate Collection Set: 0.2ms
[2025-06-03T15:51:24.547+0530][12.391s] GC(91)   Post Evacuate Collection Set: 0.3ms
[2025-06-03T15:51:24.547+0530][12.391s] GC(91)   Other: 0.1ms
[2025-06-03T15:51:24.547+0530][12.391s] GC(91) Eden regions: 306->0(306)
[2025-06-03T15:51:24.547+0530][12.391s] GC(91) Survivor regions: 1->1(39)
[2025-06-03T15:51:24.547+0530][12.391s] GC(91) Old regions: 6->6
[2025-06-03T15:51:24.547+0530][12.391s] GC(91) Archive regions: 2->2
[2025-06-03T15:51:24.547+0530][12.391s] GC(91) Humongous regions: 0->0
[2025-06-03T15:51:24.547+0530][12.391s] GC(91) Metaspace: 14694K(15104K)->14694K(15104K) NonClass: 12760K(12992K)->12760K(12992K) Class: 1933K(2112K)->1933K(2112K)
[2025-06-03T15:51:24.547+0530][12.391s] GC(91) Pause Young (Normal) (G1 Evacuation Pause) 312M->6M(512M) 0.886ms
[2025-06-03T15:51:24.547+0530][12.391s] GC(91) User=0.00s Sys=0.00s Real=0.00s
[2025-06-03T15:51:24.646+0530][12.491s] GC(92) Pause Young (Normal) (G1 Evacuation Pause)
[2025-06-03T15:51:24.646+0530][12.491s] GC(92) Using 8 workers of 8 for evacuation
[2025-06-03T15:51:24.647+0530][12.492s] GC(92) Skipped phase 1 of Reference Processing: no references
[2025-06-03T15:51:24.647+0530][12.492s] GC(92) Skipped phase 2 of Reference Processing: no references
[2025-06-03T15:51:24.647+0530][12.492s] GC(92) Skipped phase 3 of Reference Processing: no references
[2025-06-03T15:51:24.647+0530][12.492s] GC(92) Skipped phase 4 of Reference Processing: no references
[2025-06-03T15:51:24.647+0530][12.492s] GC(92)   Pre Evacuate Collection Set: 0.1ms
[2025-06-03T15:51:24.647+0530][12.492s] GC(92)   Merge Heap Roots: 0.1ms
[2025-06-03T15:51:24.647+0530][12.492s] GC(92)   Evacuate Collection Set: 0.2ms
[2025-06-03T15:51:24.647+0530][12.492s] GC(92)   Post Evacuate Collection Set: 0.4ms
[2025-06-03T15:51:24.647+0530][12.492s] GC(92)   Other: 0.2ms
[2025-06-03T15:51:24.648+0530][12.492s] GC(92) Eden regions: 306->0(306)
[2025-06-03T15:51:24.648+0530][12.492s] GC(92) Survivor regions: 1->1(39)
[2025-06-03T15:51:24.648+0530][12.492s] GC(92) Old regions: 6->6
[2025-06-03T15:51:24.648+0530][12.492s] GC(92) Archive regions: 2->2
[2025-06-03T15:51:24.648+0530][12.492s] GC(92) Humongous regions: 0->0
[2025-06-03T15:51:24.648+0530][12.492s] GC(92) Metaspace: 14694K(15104K)->14694K(15104K) NonClass: 12760K(12992K)->12760K(12992K) Class: 1933K(2112K)->1933K(2112K)
[2025-06-03T15:51:24.648+0530][12.492s] GC(92) Pause Young (Normal) (G1 Evacuation Pause) 312M->6M(512M) 1.174ms
[2025-06-03T15:51:24.648+0530][12.492s] GC(92) User=0.00s Sys=0.00s Real=0.00s
[2025-06-03T15:51:24.748+0530][12.593s] GC(93) Pause Young (Normal) (G1 Evacuation Pause)
[2025-06-03T15:51:24.748+0530][12.593s] GC(93) Using 8 workers of 8 for evacuation
[2025-06-03T15:51:24.748+0530][12.593s] GC(93) Skipped phase 1 of Reference Processing: no references
[2025-06-03T15:51:24.748+0530][12.593s] GC(93) Skipped phase 2 of Reference Processing: no references
[2025-06-03T15:51:24.748+0530][12.593s] GC(93) Skipped phase 3 of Reference Processing: no references
[2025-06-03T15:51:24.748+0530][12.593s] GC(93) Skipped phase 4 of Reference Processing: no references
[2025-06-03T15:51:24.749+0530][12.593s] GC(93)   Pre Evacuate Collection Set: 0.1ms
[2025-06-03T15:51:24.749+0530][12.594s] GC(93)   Merge Heap Roots: 0.1ms
[2025-06-03T15:51:24.749+0530][12.594s] GC(93)   Evacuate Collection Set: 0.2ms
[2025-06-03T15:51:24.749+0530][12.594s] GC(93)   Post Evacuate Collection Set: 0.4ms
[2025-06-03T15:51:24.749+0530][12.594s] GC(93)   Other: 0.2ms
[2025-06-03T15:51:24.749+0530][12.594s] GC(93) Eden regions: 306->0(306)
[2025-06-03T15:51:24.749+0530][12.594s] GC(93) Survivor regions: 1->1(39)
[2025-06-03T15:51:24.749+0530][12.594s] GC(93) Old regions: 6->6
[2025-06-03T15:51:24.749+0530][12.594s] GC(93) Archive regions: 2->2
[2025-06-03T15:51:24.749+0530][12.594s] GC(93) Humongous regions: 0->0
[2025-06-03T15:51:24.749+0530][12.594s] GC(93) Metaspace: 14694K(15104K)->14694K(15104K) NonClass: 12760K(12992K)->12760K(12992K) Class: 1933K(2112K)->1933K(2112K)
[2025-06-03T15:51:24.749+0530][12.594s] GC(93) Pause Young (Normal) (G1 Evacuation Pause) 312M->6M(512M) 1.138ms
[2025-06-03T15:51:24.749+0530][12.594s] GC(93) User=0.00s Sys=0.00s Real=0.00s
[2025-06-03T15:51:24.856+0530][12.701s] GC(94) Pause Young (Normal) (G1 Evacuation Pause)
[2025-06-03T15:51:24.856+0530][12.701s] GC(94) Using 8 workers of 8 for evacuation
[2025-06-03T15:51:24.857+0530][12.701s] GC(94) Skipped phase 1 of Reference Processing: no references
[2025-06-03T15:51:24.857+0530][12.701s] GC(94) Skipped phase 2 of Reference Processing: no references
[2025-06-03T15:51:24.857+0530][12.701s] GC(94) Skipped phase 3 of Reference Processing: no references
[2025-06-03T15:51:24.857+0530][12.701s] GC(94) Skipped phase 4 of Reference Processing: no references
[2025-06-03T15:51:24.857+0530][12.702s] GC(94)   Pre Evacuate Collection Set: 0.1ms
[2025-06-03T15:51:24.857+0530][12.702s] GC(94)   Merge Heap Roots: 0.1ms
[2025-06-03T15:51:24.857+0530][12.702s] GC(94)   Evacuate Collection Set: 0.2ms
[2025-06-03T15:51:24.857+0530][12.702s] GC(94)   Post Evacuate Collection Set: 0.3ms
[2025-06-03T15:51:24.857+0530][12.702s] GC(94)   Other: 0.1ms
[2025-06-03T15:51:24.857+0530][12.702s] GC(94) Eden regions: 306->0(306)
[2025-06-03T15:51:24.857+0530][12.702s] GC(94) Survivor regions: 1->1(39)
[2025-06-03T15:51:24.857+0530][12.702s] GC(94) Old regions: 6->6
[2025-06-03T15:51:24.857+0530][12.702s] GC(94) Archive regions: 2->2
[2025-06-03T15:51:24.857+0530][12.702s] GC(94) Humongous regions: 0->0
[2025-06-03T15:51:24.857+0530][12.702s] GC(94) Metaspace: 14694K(15104K)->14694K(15104K) NonClass: 12760K(12992K)->12760K(12992K) Class: 1933K(2112K)->1933K(2112K)
[2025-06-03T15:51:24.857+0530][12.702s] GC(94) Pause Young (Normal) (G1 Evacuation Pause) 312M->6M(512M) 0.951ms
[2025-06-03T15:51:24.857+0530][12.702s] GC(94) User=0.00s Sys=0.00s Real=0.00s
[2025-06-03T15:51:24.967+0530][12.812s] GC(95) Pause Young (Normal) (G1 Evacuation Pause)
[2025-06-03T15:51:24.967+0530][12.812s] GC(95) Using 8 workers of 8 for evacuation
[2025-06-03T15:51:24.967+0530][12.812s] GC(95) Skipped phase 1 of Reference Processing: no references
[2025-06-03T15:51:24.967+0530][12.812s] GC(95) Skipped phase 2 of Reference Processing: no references
[2025-06-03T15:51:24.967+0530][12.812s] GC(95) Skipped phase 3 of Reference Processing: no references
[2025-06-03T15:51:24.967+0530][12.812s] GC(95) Skipped phase 4 of Reference Processing: no references
[2025-06-03T15:51:24.968+0530][12.812s] GC(95)   Pre Evacuate Collection Set: 0.1ms
[2025-06-03T15:51:24.968+0530][12.812s] GC(95)   Merge Heap Roots: 0.1ms
[2025-06-03T15:51:24.968+0530][12.812s] GC(95)   Evacuate Collection Set: 0.2ms
[2025-06-03T15:51:24.968+0530][12.812s] GC(95)   Post Evacuate Collection Set: 0.4ms
[2025-06-03T15:51:24.968+0530][12.812s] GC(95)   Other: 0.2ms
[2025-06-03T15:51:24.968+0530][12.812s] GC(95) Eden regions: 306->0(306)
[2025-06-03T15:51:24.968+0530][12.812s] GC(95) Survivor regions: 1->1(39)
[2025-06-03T15:51:24.968+0530][12.812s] GC(95) Old regions: 6->6
[2025-06-03T15:51:24.968+0530][12.812s] GC(95) Archive regions: 2->2
[2025-06-03T15:51:24.968+0530][12.812s] GC(95) Humongous regions: 0->0
[2025-06-03T15:51:24.968+0530][12.812s] GC(95) Metaspace: 14694K(15104K)->14694K(15104K) NonClass: 12760K(12992K)->12760K(12992K) Class: 1933K(2112K)->1933K(2112K)
[2025-06-03T15:51:24.968+0530][12.813s] GC(95) Pause Young (Normal) (G1 Evacuation Pause) 312M->6M(512M) 0.986ms
[2025-06-03T15:51:24.968+0530][12.813s] GC(95) User=0.00s Sys=0.00s Real=0.00s
[2025-06-03T15:51:25.070+0530][12.914s] GC(96) Pause Young (Normal) (G1 Evacuation Pause)
[2025-06-03T15:51:25.070+0530][12.915s] GC(96) Using 8 workers of 8 for evacuation
[2025-06-03T15:51:25.070+0530][12.915s] GC(96) Skipped phase 1 of Reference Processing: no references
[2025-06-03T15:51:25.070+0530][12.915s] GC(96) Skipped phase 2 of Reference Processing: no references
[2025-06-03T15:51:25.070+0530][12.915s] GC(96) Skipped phase 3 of Reference Processing: no references
[2025-06-03T15:51:25.070+0530][12.915s] GC(96) Skipped phase 4 of Reference Processing: no references
[2025-06-03T15:51:25.070+0530][12.915s] GC(96)   Pre Evacuate Collection Set: 0.0ms
[2025-06-03T15:51:25.070+0530][12.915s] GC(96)   Merge Heap Roots: 0.1ms
[2025-06-03T15:51:25.070+0530][12.915s] GC(96)   Evacuate Collection Set: 0.1ms
[2025-06-03T15:51:25.070+0530][12.915s] GC(96)   Post Evacuate Collection Set: 0.3ms
[2025-06-03T15:51:25.070+0530][12.915s] GC(96)   Other: 0.1ms
[2025-06-03T15:51:25.071+0530][12.915s] GC(96) Eden regions: 306->0(306)
[2025-06-03T15:51:25.071+0530][12.915s] GC(96) Survivor regions: 1->1(39)
[2025-06-03T15:51:25.071+0530][12.915s] GC(96) Old regions: 6->6
[2025-06-03T15:51:25.071+0530][12.915s] GC(96) Archive regions: 2->2
[2025-06-03T15:51:25.071+0530][12.915s] GC(96) Humongous regions: 0->0
[2025-06-03T15:51:25.071+0530][12.915s] GC(96) Metaspace: 14694K(15104K)->14694K(15104K) NonClass: 12760K(12992K)->12760K(12992K) Class: 1933K(2112K)->1933K(2112K)
[2025-06-03T15:51:25.071+0530][12.915s] GC(96) Pause Young (Normal) (G1 Evacuation Pause) 312M->6M(512M) 0.812ms
[2025-06-03T15:51:25.071+0530][12.915s] GC(96) User=0.00s Sys=0.00s Real=0.00s
[2025-06-03T15:51:25.178+0530][13.023s] GC(97) Pause Young (Normal) (G1 Evacuation Pause)
[2025-06-03T15:51:25.178+0530][13.023s] GC(97) Using 8 workers of 8 for evacuation
[2025-06-03T15:51:25.178+0530][13.023s] GC(97) Skipped phase 1 of Reference Processing: no references
[2025-06-03T15:51:25.178+0530][13.023s] GC(97) Skipped phase 2 of Reference Processing: no references
[2025-06-03T15:51:25.178+0530][13.023s] GC(97) Skipped phase 3 of Reference Processing: no references
[2025-06-03T15:51:25.178+0530][13.023s] GC(97) Skipped phase 4 of Reference Processing: no references
[2025-06-03T15:51:25.179+0530][13.023s] GC(97)   Pre Evacuate Collection Set: 0.1ms
[2025-06-03T15:51:25.179+0530][13.023s] GC(97)   Merge Heap Roots: 0.1ms
[2025-06-03T15:51:25.179+0530][13.023s] GC(97)   Evacuate Collection Set: 0.2ms
[2025-06-03T15:51:25.179+0530][13.023s] GC(97)   Post Evacuate Collection Set: 0.3ms
[2025-06-03T15:51:25.179+0530][13.023s] GC(97)   Other: 0.1ms
[2025-06-03T15:51:25.179+0530][13.024s] GC(97) Eden regions: 306->0(306)
[2025-06-03T15:51:25.179+0530][13.024s] GC(97) Survivor regions: 1->1(39)
[2025-06-03T15:51:25.179+0530][13.024s] GC(97) Old regions: 6->6
[2025-06-03T15:51:25.179+0530][13.024s] GC(97) Archive regions: 2->2
[2025-06-03T15:51:25.179+0530][13.024s] GC(97) Humongous regions: 0->0
[2025-06-03T15:51:25.179+0530][13.024s] GC(97) Metaspace: 14694K(15104K)->14694K(15104K) NonClass: 12760K(12992K)->12760K(12992K) Class: 1933K(2112K)->1933K(2112K)
[2025-06-03T15:51:25.179+0530][13.024s] GC(97) Pause Young (Normal) (G1 Evacuation Pause) 312M->6M(512M) 0.893ms
[2025-06-03T15:51:25.179+0530][13.024s] GC(97) User=0.01s Sys=0.00s Real=0.00s
[2025-06-03T15:51:25.293+0530][13.138s] GC(98) Pause Young (Normal) (G1 Evacuation Pause)
[2025-06-03T15:51:25.293+0530][13.138s] GC(98) Using 8 workers of 8 for evacuation
[2025-06-03T15:51:25.294+0530][13.138s] GC(98) Skipped phase 1 of Reference Processing: no references
[2025-06-03T15:51:25.294+0530][13.139s] GC(98) Skipped phase 2 of Reference Processing: no references
[2025-06-03T15:51:25.294+0530][13.139s] GC(98) Skipped phase 3 of Reference Processing: no references
[2025-06-03T15:51:25.294+0530][13.139s] GC(98) Skipped phase 4 of Reference Processing: no references
[2025-06-03T15:51:25.294+0530][13.139s] GC(98)   Pre Evacuate Collection Set: 0.1ms
[2025-06-03T15:51:25.294+0530][13.139s] GC(98)   Merge Heap Roots: 0.1ms
[2025-06-03T15:51:25.294+0530][13.139s] GC(98)   Evacuate Collection Set: 0.2ms
[2025-06-03T15:51:25.294+0530][13.139s] GC(98)   Post Evacuate Collection Set: 0.4ms
[2025-06-03T15:51:25.294+0530][13.139s] GC(98)   Other: 0.2ms
[2025-06-03T15:51:25.294+0530][13.139s] GC(98) Eden regions: 306->0(306)
[2025-06-03T15:51:25.294+0530][13.139s] GC(98) Survivor regions: 1->1(39)
[2025-06-03T15:51:25.294+0530][13.139s] GC(98) Old regions: 6->6
[2025-06-03T15:51:25.294+0530][13.139s] GC(98) Archive regions: 2->2
[2025-06-03T15:51:25.294+0530][13.139s] GC(98) Humongous regions: 0->0
[2025-06-03T15:51:25.294+0530][13.139s] GC(98) Metaspace: 14694K(15104K)->14694K(15104K) NonClass: 12760K(12992K)->12760K(12992K) Class: 1933K(2112K)->1933K(2112K)
[2025-06-03T15:51:25.294+0530][13.139s] GC(98) Pause Young (Normal) (G1 Evacuation Pause) 312M->6M(512M) 0.936ms
[2025-06-03T15:51:25.294+0530][13.139s] GC(98) User=0.00s Sys=0.00s Real=0.00s
[2025-06-03T15:51:25.404+0530][13.249s] GC(99) Pause Young (Normal) (G1 Evacuation Pause)
[2025-06-03T15:51:25.404+0530][13.249s] GC(99) Using 8 workers of 8 for evacuation
[2025-06-03T15:51:25.404+0530][13.249s] GC(99) Skipped phase 1 of Reference Processing: no references
[2025-06-03T15:51:25.404+0530][13.249s] GC(99) Skipped phase 2 of Reference Processing: no references
[2025-06-03T15:51:25.404+0530][13.249s] GC(99) Skipped phase 3 of Reference Processing: no references
[2025-06-03T15:51:25.404+0530][13.249s] GC(99) Skipped phase 4 of Reference Processing: no references
[2025-06-03T15:51:25.405+0530][13.249s] GC(99)   Pre Evacuate Collection Set: 0.1ms
[2025-06-03T15:51:25.405+0530][13.250s] GC(99)   Merge Heap Roots: 0.1ms
[2025-06-03T15:51:25.405+0530][13.250s] GC(99)   Evacuate Collection Set: 0.2ms
[2025-06-03T15:51:25.405+0530][13.250s] GC(99)   Post Evacuate Collection Set: 0.3ms
[2025-06-03T15:51:25.405+0530][13.250s] GC(99)   Other: 0.1ms
[2025-06-03T15:51:25.405+0530][13.250s] GC(99) Eden regions: 306->0(306)
[2025-06-03T15:51:25.405+0530][13.250s] GC(99) Survivor regions: 1->1(39)
[2025-06-03T15:51:25.405+0530][13.250s] GC(99) Old regions: 6->6
[2025-06-03T15:51:25.405+0530][13.250s] GC(99) Archive regions: 2->2
[2025-06-03T15:51:25.405+0530][13.250s] GC(99) Humongous regions: 0->0
[2025-06-03T15:51:25.405+0530][13.250s] GC(99) Metaspace: 14694K(15104K)->14694K(15104K) NonClass: 12760K(12992K)->12760K(12992K) Class: 1933K(2112K)->1933K(2112K)
[2025-06-03T15:51:25.405+0530][13.250s] GC(99) Pause Young (Normal) (G1 Evacuation Pause) 312M->6M(512M) 1.008ms
[2025-06-03T15:51:25.405+0530][13.250s] GC(99) User=0.00s Sys=0.00s Real=0.00s
[2025-06-03T15:51:25.512+0530][13.357s] GC(100) Pause Young (Normal) (G1 Evacuation Pause)
[2025-06-03T15:51:25.512+0530][13.357s] GC(100) Using 8 workers of 8 for evacuation
[2025-06-03T15:51:25.513+0530][13.357s] GC(100) Skipped phase 1 of Reference Processing: no references
[2025-06-03T15:51:25.513+0530][13.357s] GC(100) Skipped phase 2 of Reference Processing: no references
[2025-06-03T15:51:25.513+0530][13.357s] GC(100) Skipped phase 3 of Reference Processing: no references
[2025-06-03T15:51:25.513+0530][13.357s] GC(100) Skipped phase 4 of Reference Processing: no references
[2025-06-03T15:51:25.513+0530][13.358s] GC(100)   Pre Evacuate Collection Set: 0.1ms
[2025-06-03T15:51:25.513+0530][13.358s] GC(100)   Merge Heap Roots: 0.1ms
[2025-06-03T15:51:25.513+0530][13.358s] GC(100)   Evacuate Collection Set: 0.2ms
[2025-06-03T15:51:25.513+0530][13.358s] GC(100)   Post Evacuate Collection Set: 0.4ms
[2025-06-03T15:51:25.513+0530][13.358s] GC(100)   Other: 0.1ms
[2025-06-03T15:51:25.513+0530][13.358s] GC(100) Eden regions: 306->0(306)
[2025-06-03T15:51:25.513+0530][13.358s] GC(100) Survivor regions: 1->1(39)
[2025-06-03T15:51:25.513+0530][13.358s] GC(100) Old regions: 6->6
[2025-06-03T15:51:25.513+0530][13.358s] GC(100) Archive regions: 2->2
[2025-06-03T15:51:25.513+0530][13.358s] GC(100) Humongous regions: 0->0
[2025-06-03T15:51:25.513+0530][13.358s] GC(100) Metaspace: 14694K(15104K)->14694K(15104K) NonClass: 12760K(12992K)->12760K(12992K) Class: 1933K(2112K)->1933K(2112K)
[2025-06-03T15:51:25.513+0530][13.358s] GC(100) Pause Young (Normal) (G1 Evacuation Pause) 312M->6M(512M) 0.938ms
[2025-06-03T15:51:25.513+0530][13.358s] GC(100) User=0.00s Sys=0.00s Real=0.00s
[2025-06-03T15:51:25.617+0530][13.462s] GC(101) Pause Young (Normal) (G1 Evacuation Pause)
[2025-06-03T15:51:25.617+0530][13.462s] GC(101) Using 8 workers of 8 for evacuation
[2025-06-03T15:51:25.617+0530][13.462s] GC(101) Skipped phase 1 of Reference Processing: no references
[2025-06-03T15:51:25.617+0530][13.462s] GC(101) Skipped phase 2 of Reference Processing: no references
[2025-06-03T15:51:25.617+0530][13.462s] GC(101) Skipped phase 3 of Reference Processing: no references
[2025-06-03T15:51:25.617+0530][13.462s] GC(101) Skipped phase 4 of Reference Processing: no references
[2025-06-03T15:51:25.618+0530][13.462s] GC(101)   Pre Evacuate Collection Set: 0.1ms
[2025-06-03T15:51:25.618+0530][13.462s] GC(101)   Merge Heap Roots: 0.1ms
[2025-06-03T15:51:25.618+0530][13.462s] GC(101)   Evacuate Collection Set: 0.2ms
[2025-06-03T15:51:25.618+0530][13.462s] GC(101)   Post Evacuate Collection Set: 0.3ms
[2025-06-03T15:51:25.618+0530][13.462s] GC(101)   Other: 0.1ms
[2025-06-03T15:51:25.618+0530][13.462s] GC(101) Eden regions: 306->0(306)
[2025-06-03T15:51:25.618+0530][13.462s] GC(101) Survivor regions: 1->1(39)
[2025-06-03T15:51:25.618+0530][13.462s] GC(101) Old regions: 6->6
[2025-06-03T15:51:25.618+0530][13.462s] GC(101) Archive regions: 2->2
[2025-06-03T15:51:25.618+0530][13.462s] GC(101) Humongous regions: 0->0
[2025-06-03T15:51:25.618+0530][13.462s] GC(101) Metaspace: 14694K(15104K)->14694K(15104K) NonClass: 12760K(12992K)->12760K(12992K) Class: 1933K(2112K)->1933K(2112K)
[2025-06-03T15:51:25.618+0530][13.462s] GC(101) Pause Young (Normal) (G1 Evacuation Pause) 312M->6M(512M) 0.884ms
[2025-06-03T15:51:25.618+0530][13.462s] GC(101) User=0.00s Sys=0.00s Real=0.00s
[2025-06-03T15:51:25.721+0530][13.566s] GC(102) Pause Young (Normal) (G1 Evacuation Pause)
[2025-06-03T15:51:25.721+0530][13.566s] GC(102) Using 8 workers of 8 for evacuation
[2025-06-03T15:51:25.722+0530][13.566s] GC(102) Skipped phase 1 of Reference Processing: no references
[2025-06-03T15:51:25.722+0530][13.567s] GC(102) Skipped phase 2 of Reference Processing: no references
[2025-06-03T15:51:25.722+0530][13.567s] GC(102) Skipped phase 3 of Reference Processing: no references
[2025-06-03T15:51:25.722+0530][13.567s] GC(102) Skipped phase 4 of Reference Processing: no references
[2025-06-03T15:51:25.722+0530][13.567s] GC(102)   Pre Evacuate Collection Set: 0.1ms
[2025-06-03T15:51:25.722+0530][13.567s] GC(102)   Merge Heap Roots: 0.0ms
[2025-06-03T15:51:25.722+0530][13.567s] GC(102)   Evacuate Collection Set: 0.1ms
[2025-06-03T15:51:25.722+0530][13.567s] GC(102)   Post Evacuate Collection Set: 0.4ms
[2025-06-03T15:51:25.722+0530][13.567s] GC(102)   Other: 0.1ms
[2025-06-03T15:51:25.722+0530][13.567s] GC(102) Eden regions: 306->0(306)
[2025-06-03T15:51:25.722+0530][13.567s] GC(102) Survivor regions: 1->1(39)
[2025-06-03T15:51:25.722+0530][13.567s] GC(102) Old regions: 6->6
[2025-06-03T15:51:25.722+0530][13.567s] GC(102) Archive regions: 2->2
[2025-06-03T15:51:25.722+0530][13.567s] GC(102) Humongous regions: 0->0
[2025-06-03T15:51:25.722+0530][13.567s] GC(102) Metaspace: 14694K(15104K)->14694K(15104K) NonClass: 12760K(12992K)->12760K(12992K) Class: 1933K(2112K)->1933K(2112K)
[2025-06-03T15:51:25.722+0530][13.567s] GC(102) Pause Young (Normal) (G1 Evacuation Pause) 312M->6M(512M) 0.953ms
[2025-06-03T15:51:25.722+0530][13.567s] GC(102) User=0.00s Sys=0.00s Real=0.00s
[2025-06-03T15:51:25.832+0530][13.677s] GC(103) Pause Young (Normal) (G1 Evacuation Pause)
[2025-06-03T15:51:25.832+0530][13.677s] GC(103) Using 8 workers of 8 for evacuation
[2025-06-03T15:51:25.833+0530][13.677s] GC(103) Skipped phase 1 of Reference Processing: no references
[2025-06-03T15:51:25.833+0530][13.677s] GC(103) Skipped phase 2 of Reference Processing: no references
[2025-06-03T15:51:25.833+0530][13.677s] GC(103) Skipped phase 3 of Reference Processing: no references
[2025-06-03T15:51:25.833+0530][13.677s] GC(103) Skipped phase 4 of Reference Processing: no references
[2025-06-03T15:51:25.833+0530][13.678s] GC(103)   Pre Evacuate Collection Set: 0.1ms
[2025-06-03T15:51:25.833+0530][13.678s] GC(103)   Merge Heap Roots: 0.1ms
[2025-06-03T15:51:25.833+0530][13.678s] GC(103)   Evacuate Collection Set: 0.2ms
[2025-06-03T15:51:25.833+0530][13.678s] GC(103)   Post Evacuate Collection Set: 0.4ms
[2025-06-03T15:51:25.833+0530][13.678s] GC(103)   Other: 0.1ms
[2025-06-03T15:51:25.833+0530][13.678s] GC(103) Eden regions: 306->0(306)
[2025-06-03T15:51:25.833+0530][13.678s] GC(103) Survivor regions: 1->1(39)
[2025-06-03T15:51:25.833+0530][13.678s] GC(103) Old regions: 6->6
[2025-06-03T15:51:25.833+0530][13.678s] GC(103) Archive regions: 2->2
[2025-06-03T15:51:25.833+0530][13.678s] GC(103) Humongous regions: 0->0
[2025-06-03T15:51:25.833+0530][13.678s] GC(103) Metaspace: 14694K(15104K)->14694K(15104K) NonClass: 12760K(12992K)->12760K(12992K) Class: 1933K(2112K)->1933K(2112K)
[2025-06-03T15:51:25.833+0530][13.678s] GC(103) Pause Young (Normal) (G1 Evacuation Pause) 312M->6M(512M) 0.998ms
[2025-06-03T15:51:25.833+0530][13.678s] GC(103) User=0.00s Sys=0.00s Real=0.00s
[2025-06-03T15:51:25.945+0530][13.790s] GC(104) Pause Young (Normal) (G1 Evacuation Pause)
[2025-06-03T15:51:25.945+0530][13.790s] GC(104) Using 8 workers of 8 for evacuation
[2025-06-03T15:51:25.946+0530][13.790s] GC(104) Skipped phase 1 of Reference Processing: no references
[2025-06-03T15:51:25.946+0530][13.790s] GC(104) Skipped phase 2 of Reference Processing: no references
[2025-06-03T15:51:25.946+0530][13.790s] GC(104) Skipped phase 3 of Reference Processing: no references
[2025-06-03T15:51:25.946+0530][13.790s] GC(104) Skipped phase 4 of Reference Processing: no references
[2025-06-03T15:51:25.946+0530][13.791s] GC(104)   Pre Evacuate Collection Set: 0.1ms
[2025-06-03T15:51:25.946+0530][13.791s] GC(104)   Merge Heap Roots: 0.1ms
[2025-06-03T15:51:25.946+0530][13.791s] GC(104)   Evacuate Collection Set: 0.1ms
[2025-06-03T15:51:25.946+0530][13.791s] GC(104)   Post Evacuate Collection Set: 0.3ms
[2025-06-03T15:51:25.946+0530][13.791s] GC(104)   Other: 0.1ms
[2025-06-03T15:51:25.946+0530][13.791s] GC(104) Eden regions: 306->0(306)
[2025-06-03T15:51:25.946+0530][13.791s] GC(104) Survivor regions: 1->1(39)
[2025-06-03T15:51:25.946+0530][13.791s] GC(104) Old regions: 6->6
[2025-06-03T15:51:25.946+0530][13.791s] GC(104) Archive regions: 2->2
[2025-06-03T15:51:25.946+0530][13.791s] GC(104) Humongous regions: 0->0
[2025-06-03T15:51:25.946+0530][13.791s] GC(104) Metaspace: 14694K(15104K)->14694K(15104K) NonClass: 12760K(12992K)->12760K(12992K) Class: 1933K(2112K)->1933K(2112K)
[2025-06-03T15:51:25.946+0530][13.791s] GC(104) Pause Young (Normal) (G1 Evacuation Pause) 312M->6M(512M) 1.001ms
[2025-06-03T15:51:25.946+0530][13.791s] GC(104) User=0.00s Sys=0.00s Real=0.00s
[2025-06-03T15:51:26.053+0530][13.898s] GC(105) Pause Young (Normal) (G1 Evacuation Pause)
[2025-06-03T15:51:26.053+0530][13.898s] GC(105) Using 8 workers of 8 for evacuation
[2025-06-03T15:51:26.053+0530][13.898s] GC(105) Skipped phase 1 of Reference Processing: no references
[2025-06-03T15:51:26.053+0530][13.898s] GC(105) Skipped phase 2 of Reference Processing: no references
[2025-06-03T15:51:26.053+0530][13.898s] GC(105) Skipped phase 3 of Reference Processing: no references
[2025-06-03T15:51:26.053+0530][13.898s] GC(105) Skipped phase 4 of Reference Processing: no references
[2025-06-03T15:51:26.054+0530][13.898s] GC(105)   Pre Evacuate Collection Set: 0.1ms
[2025-06-03T15:51:26.054+0530][13.898s] GC(105)   Merge Heap Roots: 0.0ms
[2025-06-03T15:51:26.054+0530][13.898s] GC(105)   Evacuate Collection Set: 0.1ms
[2025-06-03T15:51:26.054+0530][13.898s] GC(105)   Post Evacuate Collection Set: 0.3ms
[2025-06-03T15:51:26.054+0530][13.898s] GC(105)   Other: 0.1ms
[2025-06-03T15:51:26.054+0530][13.898s] GC(105) Eden regions: 306->0(306)
[2025-06-03T15:51:26.054+0530][13.898s] GC(105) Survivor regions: 1->1(39)
[2025-06-03T15:51:26.054+0530][13.898s] GC(105) Old regions: 6->6
[2025-06-03T15:51:26.054+0530][13.898s] GC(105) Archive regions: 2->2
[2025-06-03T15:51:26.054+0530][13.898s] GC(105) Humongous regions: 0->0
[2025-06-03T15:51:26.054+0530][13.898s] GC(105) Metaspace: 14694K(15104K)->14694K(15104K) NonClass: 12760K(12992K)->12760K(12992K) Class: 1933K(2112K)->1933K(2112K)
[2025-06-03T15:51:26.054+0530][13.898s] GC(105) Pause Young (Normal) (G1 Evacuation Pause) 312M->6M(512M) 0.867ms
[2025-06-03T15:51:26.054+0530][13.899s] GC(105) User=0.00s Sys=0.00s Real=0.00s
[2025-06-03T15:51:26.160+0530][14.005s] GC(106) Pause Young (Normal) (G1 Evacuation Pause)
[2025-06-03T15:51:26.160+0530][14.005s] GC(106) Using 8 workers of 8 for evacuation
[2025-06-03T15:51:26.160+0530][14.005s] GC(106) Skipped phase 1 of Reference Processing: no references
[2025-06-03T15:51:26.160+0530][14.005s] GC(106) Skipped phase 2 of Reference Processing: no references
[2025-06-03T15:51:26.160+0530][14.005s] GC(106) Skipped phase 3 of Reference Processing: no references
[2025-06-03T15:51:26.160+0530][14.005s] GC(106) Skipped phase 4 of Reference Processing: no references
[2025-06-03T15:51:26.161+0530][14.005s] GC(106)   Pre Evacuate Collection Set: 0.1ms
[2025-06-03T15:51:26.161+0530][14.005s] GC(106)   Merge Heap Roots: 0.1ms
[2025-06-03T15:51:26.161+0530][14.005s] GC(106)   Evacuate Collection Set: 0.2ms
[2025-06-03T15:51:26.161+0530][14.005s] GC(106)   Post Evacuate Collection Set: 0.3ms
[2025-06-03T15:51:26.161+0530][14.005s] GC(106)   Other: 0.1ms
[2025-06-03T15:51:26.161+0530][14.006s] GC(106) Eden regions: 306->0(306)
[2025-06-03T15:51:26.161+0530][14.006s] GC(106) Survivor regions: 1->1(39)
[2025-06-03T15:51:26.161+0530][14.006s] GC(106) Old regions: 6->6
[2025-06-03T15:51:26.161+0530][14.006s] GC(106) Archive regions: 2->2
[2025-06-03T15:51:26.161+0530][14.006s] GC(106) Humongous regions: 0->0
[2025-06-03T15:51:26.161+0530][14.006s] GC(106) Metaspace: 14694K(15104K)->14694K(15104K) NonClass: 12760K(12992K)->12760K(12992K) Class: 1933K(2112K)->1933K(2112K)
[2025-06-03T15:51:26.161+0530][14.006s] GC(106) Pause Young (Normal) (G1 Evacuation Pause) 312M->6M(512M) 0.885ms
[2025-06-03T15:51:26.161+0530][14.006s] GC(106) User=0.00s Sys=0.00s Real=0.00s
[2025-06-03T15:51:26.272+0530][14.116s] GC(107) Pause Young (Normal) (G1 Evacuation Pause)
[2025-06-03T15:51:26.272+0530][14.116s] GC(107) Using 8 workers of 8 for evacuation
[2025-06-03T15:51:26.272+0530][14.117s] GC(107) Skipped phase 1 of Reference Processing: no references
[2025-06-03T15:51:26.272+0530][14.117s] GC(107) Skipped phase 2 of Reference Processing: no references
[2025-06-03T15:51:26.272+0530][14.117s] GC(107) Skipped phase 3 of Reference Processing: no references
[2025-06-03T15:51:26.272+0530][14.117s] GC(107) Skipped phase 4 of Reference Processing: no references
[2025-06-03T15:51:26.272+0530][14.117s] GC(107)   Pre Evacuate Collection Set: 0.1ms
[2025-06-03T15:51:26.272+0530][14.117s] GC(107)   Merge Heap Roots: 0.1ms
[2025-06-03T15:51:26.272+0530][14.117s] GC(107)   Evacuate Collection Set: 0.2ms
[2025-06-03T15:51:26.272+0530][14.117s] GC(107)   Post Evacuate Collection Set: 0.4ms
[2025-06-03T15:51:26.272+0530][14.117s] GC(107)   Other: 0.1ms
[2025-06-03T15:51:26.273+0530][14.117s] GC(107) Eden regions: 306->0(306)
[2025-06-03T15:51:26.273+0530][14.117s] GC(107) Survivor regions: 1->1(39)
[2025-06-03T15:51:26.273+0530][14.117s] GC(107) Old regions: 6->6
[2025-06-03T15:51:26.273+0530][14.117s] GC(107) Archive regions: 2->2
[2025-06-03T15:51:26.273+0530][14.117s] GC(107) Humongous regions: 0->0
[2025-06-03T15:51:26.273+0530][14.117s] GC(107) Metaspace: 14694K(15104K)->14694K(15104K) NonClass: 12760K(12992K)->12760K(12992K) Class: 1933K(2112K)->1933K(2112K)
[2025-06-03T15:51:26.273+0530][14.117s] GC(107) Pause Young (Normal) (G1 Evacuation Pause) 312M->6M(512M) 0.981ms
[2025-06-03T15:51:26.273+0530][14.117s] GC(107) User=0.00s Sys=0.00s Real=0.00s
[2025-06-03T15:51:26.376+0530][14.220s] GC(108) Pause Young (Normal) (G1 Evacuation Pause)
[2025-06-03T15:51:26.376+0530][14.220s] GC(108) Using 8 workers of 8 for evacuation
[2025-06-03T15:51:26.376+0530][14.221s] GC(108) Skipped phase 1 of Reference Processing: no references
[2025-06-03T15:51:26.376+0530][14.221s] GC(108) Skipped phase 2 of Reference Processing: no references
[2025-06-03T15:51:26.376+0530][14.221s] GC(108) Skipped phase 3 of Reference Processing: no references
[2025-06-03T15:51:26.376+0530][14.221s] GC(108) Skipped phase 4 of Reference Processing: no references
[2025-06-03T15:51:26.376+0530][14.221s] GC(108)   Pre Evacuate Collection Set: 0.1ms
[2025-06-03T15:51:26.376+0530][14.221s] GC(108)   Merge Heap Roots: 0.1ms
[2025-06-03T15:51:26.376+0530][14.221s] GC(108)   Evacuate Collection Set: 0.1ms
[2025-06-03T15:51:26.376+0530][14.221s] GC(108)   Post Evacuate Collection Set: 0.3ms
[2025-06-03T15:51:26.376+0530][14.221s] GC(108)   Other: 0.1ms
[2025-06-03T15:51:26.376+0530][14.221s] GC(108) Eden regions: 306->0(306)
[2025-06-03T15:51:26.376+0530][14.221s] GC(108) Survivor regions: 1->1(39)
[2025-06-03T15:51:26.376+0530][14.221s] GC(108) Old regions: 6->6
[2025-06-03T15:51:26.376+0530][14.221s] GC(108) Archive regions: 2->2
[2025-06-03T15:51:26.376+0530][14.221s] GC(108) Humongous regions: 0->0
[2025-06-03T15:51:26.376+0530][14.221s] GC(108) Metaspace: 14694K(15104K)->14694K(15104K) NonClass: 12760K(12992K)->12760K(12992K) Class: 1933K(2112K)->1933K(2112K)
[2025-06-03T15:51:26.377+0530][14.221s] GC(108) Pause Young (Normal) (G1 Evacuation Pause) 312M->6M(512M) 0.825ms
[2025-06-03T15:51:26.377+0530][14.221s] GC(108) User=0.01s Sys=0.00s Real=0.00s
[2025-06-03T15:51:26.484+0530][14.329s] GC(109) Pause Young (Normal) (G1 Evacuation Pause)
[2025-06-03T15:51:26.484+0530][14.329s] GC(109) Using 8 workers of 8 for evacuation
[2025-06-03T15:51:26.485+0530][14.330s] GC(109) Skipped phase 1 of Reference Processing: no references
[2025-06-03T15:51:26.485+0530][14.330s] GC(109) Skipped phase 2 of Reference Processing: no references
[2025-06-03T15:51:26.485+0530][14.330s] GC(109) Skipped phase 3 of Reference Processing: no references
[2025-06-03T15:51:26.485+0530][14.330s] GC(109) Skipped phase 4 of Reference Processing: no references
[2025-06-03T15:51:26.485+0530][14.330s] GC(109)   Pre Evacuate Collection Set: 0.1ms
[2025-06-03T15:51:26.485+0530][14.330s] GC(109)   Merge Heap Roots: 0.1ms
[2025-06-03T15:51:26.485+0530][14.330s] GC(109)   Evacuate Collection Set: 0.2ms
[2025-06-03T15:51:26.485+0530][14.330s] GC(109)   Post Evacuate Collection Set: 0.4ms
[2025-06-03T15:51:26.485+0530][14.330s] GC(109)   Other: 0.1ms
[2025-06-03T15:51:26.485+0530][14.330s] GC(109) Eden regions: 306->0(306)
[2025-06-03T15:51:26.485+0530][14.330s] GC(109) Survivor regions: 1->1(39)
[2025-06-03T15:51:26.485+0530][14.330s] GC(109) Old regions: 6->6
[2025-06-03T15:51:26.485+0530][14.330s] GC(109) Archive regions: 2->2
[2025-06-03T15:51:26.486+0530][14.330s] GC(109) Humongous regions: 0->0
[2025-06-03T15:51:26.486+0530][14.330s] GC(109) Metaspace: 14694K(15104K)->14694K(15104K) NonClass: 12760K(12992K)->12760K(12992K) Class: 1933K(2112K)->1933K(2112K)
[2025-06-03T15:51:26.486+0530][14.330s] GC(109) Pause Young (Normal) (G1 Evacuation Pause) 312M->6M(512M) 1.159ms
[2025-06-03T15:51:26.486+0530][14.330s] GC(109) User=0.00s Sys=0.00s Real=0.00s
[2025-06-03T15:51:26.590+0530][14.435s] GC(110) Pause Young (Normal) (G1 Evacuation Pause)
[2025-06-03T15:51:26.590+0530][14.435s] GC(110) Using 8 workers of 8 for evacuation
[2025-06-03T15:51:26.591+0530][14.435s] GC(110) Skipped phase 1 of Reference Processing: no references
[2025-06-03T15:51:26.591+0530][14.435s] GC(110) Skipped phase 2 of Reference Processing: no references
[2025-06-03T15:51:26.591+0530][14.436s] GC(110) Skipped phase 3 of Reference Processing: no references
[2025-06-03T15:51:26.591+0530][14.436s] GC(110) Skipped phase 4 of Reference Processing: no references
[2025-06-03T15:51:26.591+0530][14.436s] GC(110)   Pre Evacuate Collection Set: 0.1ms
[2025-06-03T15:51:26.591+0530][14.436s] GC(110)   Merge Heap Roots: 0.1ms
[2025-06-03T15:51:26.591+0530][14.436s] GC(110)   Evacuate Collection Set: 0.2ms
[2025-06-03T15:51:26.591+0530][14.436s] GC(110)   Post Evacuate Collection Set: 0.4ms
[2025-06-03T15:51:26.591+0530][14.436s] GC(110)   Other: 0.2ms
[2025-06-03T15:51:26.591+0530][14.436s] GC(110) Eden regions: 306->0(306)
[2025-06-03T15:51:26.591+0530][14.436s] GC(110) Survivor regions: 1->1(39)
[2025-06-03T15:51:26.591+0530][14.436s] GC(110) Old regions: 6->6
[2025-06-03T15:51:26.591+0530][14.436s] GC(110) Archive regions: 2->2
[2025-06-03T15:51:26.591+0530][14.436s] GC(110) Humongous regions: 0->0
[2025-06-03T15:51:26.591+0530][14.436s] GC(110) Metaspace: 14694K(15104K)->14694K(15104K) NonClass: 12760K(12992K)->12760K(12992K) Class: 1933K(2112K)->1933K(2112K)
[2025-06-03T15:51:26.591+0530][14.436s] GC(110) Pause Young (Normal) (G1 Evacuation Pause) 312M->6M(512M) 0.976ms
[2025-06-03T15:51:26.591+0530][14.436s] GC(110) User=0.00s Sys=0.00s Real=0.00s
[2025-06-03T15:51:26.695+0530][14.540s] GC(111) Pause Young (Normal) (G1 Evacuation Pause)
[2025-06-03T15:51:26.695+0530][14.540s] GC(111) Using 8 workers of 8 for evacuation
[2025-06-03T15:51:26.696+0530][14.541s] GC(111) Skipped phase 1 of Reference Processing: no references
[2025-06-03T15:51:26.696+0530][14.541s] GC(111) Skipped phase 2 of Reference Processing: no references
[2025-06-03T15:51:26.696+0530][14.541s] GC(111) Skipped phase 3 of Reference Processing: no references
[2025-06-03T15:51:26.696+0530][14.541s] GC(111) Skipped phase 4 of Reference Processing: no references
[2025-06-03T15:51:26.696+0530][14.541s] GC(111)   Pre Evacuate Collection Set: 0.1ms
[2025-06-03T15:51:26.696+0530][14.541s] GC(111)   Merge Heap Roots: 0.1ms
[2025-06-03T15:51:26.696+0530][14.541s] GC(111)   Evacuate Collection Set: 0.2ms
[2025-06-03T15:51:26.696+0530][14.541s] GC(111)   Post Evacuate Collection Set: 0.5ms
[2025-06-03T15:51:26.697+0530][14.541s] GC(111)   Other: 0.2ms
[2025-06-03T15:51:26.697+0530][14.541s] GC(111) Eden regions: 306->0(306)
[2025-06-03T15:51:26.697+0530][14.541s] GC(111) Survivor regions: 1->1(39)
[2025-06-03T15:51:26.697+0530][14.541s] GC(111) Old regions: 6->6
[2025-06-03T15:51:26.697+0530][14.541s] GC(111) Archive regions: 2->2
[2025-06-03T15:51:26.697+0530][14.541s] GC(111) Humongous regions: 0->0
[2025-06-03T15:51:26.697+0530][14.541s] GC(111) Metaspace: 14694K(15104K)->14694K(15104K) NonClass: 12760K(12992K)->12760K(12992K) Class: 1933K(2112K)->1933K(2112K)
[2025-06-03T15:51:26.697+0530][14.542s] GC(111) Pause Young (Normal) (G1 Evacuation Pause) 312M->6M(512M) 1.465ms
[2025-06-03T15:51:26.697+0530][14.542s] GC(111) User=0.00s Sys=0.00s Real=0.00s
[2025-06-03T15:51:26.806+0530][14.651s] GC(112) Pause Young (Normal) (G1 Evacuation Pause)
[2025-06-03T15:51:26.807+0530][14.651s] GC(112) Using 8 workers of 8 for evacuation
[2025-06-03T15:51:26.807+0530][14.652s] GC(112) Skipped phase 1 of Reference Processing: no references
[2025-06-03T15:51:26.807+0530][14.652s] GC(112) Skipped phase 2 of Reference Processing: no references
[2025-06-03T15:51:26.807+0530][14.652s] GC(112) Skipped phase 3 of Reference Processing: no references
[2025-06-03T15:51:26.807+0530][14.652s] GC(112) Skipped phase 4 of Reference Processing: no references
[2025-06-03T15:51:26.807+0530][14.652s] GC(112)   Pre Evacuate Collection Set: 0.1ms
[2025-06-03T15:51:26.807+0530][14.652s] GC(112)   Merge Heap Roots: 0.0ms
[2025-06-03T15:51:26.807+0530][14.652s] GC(112)   Evacuate Collection Set: 0.2ms
[2025-06-03T15:51:26.807+0530][14.652s] GC(112)   Post Evacuate Collection Set: 0.3ms
[2025-06-03T15:51:26.807+0530][14.652s] GC(112)   Other: 0.1ms
[2025-06-03T15:51:26.807+0530][14.652s] GC(112) Eden regions: 306->0(306)
[2025-06-03T15:51:26.807+0530][14.652s] GC(112) Survivor regions: 1->1(39)
[2025-06-03T15:51:26.807+0530][14.652s] GC(112) Old regions: 6->6
[2025-06-03T15:51:26.807+0530][14.652s] GC(112) Archive regions: 2->2
[2025-06-03T15:51:26.807+0530][14.652s] GC(112) Humongous regions: 0->0
[2025-06-03T15:51:26.807+0530][14.652s] GC(112) Metaspace: 14694K(15104K)->14694K(15104K) NonClass: 12760K(12992K)->12760K(12992K) Class: 1933K(2112K)->1933K(2112K)
[2025-06-03T15:51:26.807+0530][14.652s] GC(112) Pause Young (Normal) (G1 Evacuation Pause) 312M->6M(512M) 0.822ms
[2025-06-03T15:51:26.807+0530][14.652s] GC(112) User=0.01s Sys=0.00s Real=0.00s
[2025-06-03T15:51:26.912+0530][14.756s] GC(113) Pause Young (Normal) (G1 Evacuation Pause)
[2025-06-03T15:51:26.912+0530][14.757s] GC(113) Using 8 workers of 8 for evacuation
[2025-06-03T15:51:26.912+0530][14.757s] GC(113) Skipped phase 1 of Reference Processing: no references
[2025-06-03T15:51:26.912+0530][14.757s] GC(113) Skipped phase 2 of Reference Processing: no references
[2025-06-03T15:51:26.912+0530][14.757s] GC(113) Skipped phase 3 of Reference Processing: no references
[2025-06-03T15:51:26.912+0530][14.757s] GC(113) Skipped phase 4 of Reference Processing: no references
[2025-06-03T15:51:26.912+0530][14.757s] GC(113)   Pre Evacuate Collection Set: 0.1ms
[2025-06-03T15:51:26.912+0530][14.757s] GC(113)   Merge Heap Roots: 0.1ms
[2025-06-03T15:51:26.913+0530][14.757s] GC(113)   Evacuate Collection Set: 0.2ms
[2025-06-03T15:51:26.913+0530][14.757s] GC(113)   Post Evacuate Collection Set: 0.3ms
[2025-06-03T15:51:26.913+0530][14.757s] GC(113)   Other: 0.2ms
[2025-06-03T15:51:26.913+0530][14.757s] GC(113) Eden regions: 306->0(306)
[2025-06-03T15:51:26.913+0530][14.757s] GC(113) Survivor regions: 1->1(39)
[2025-06-03T15:51:26.913+0530][14.757s] GC(113) Old regions: 6->6
[2025-06-03T15:51:26.913+0530][14.757s] GC(113) Archive regions: 2->2
[2025-06-03T15:51:26.913+0530][14.757s] GC(113) Humongous regions: 0->0
[2025-06-03T15:51:26.913+0530][14.757s] GC(113) Metaspace: 14694K(15104K)->14694K(15104K) NonClass: 12760K(12992K)->12760K(12992K) Class: 1933K(2112K)->1933K(2112K)
[2025-06-03T15:51:26.913+0530][14.757s] GC(113) Pause Young (Normal) (G1 Evacuation Pause) 312M->6M(512M) 0.907ms
[2025-06-03T15:51:26.913+0530][14.757s] GC(113) User=0.00s Sys=0.00s Real=0.00s
[2025-06-03T15:51:27.026+0530][14.871s] GC(114) Pause Young (Normal) (G1 Evacuation Pause)
[2025-06-03T15:51:27.026+0530][14.871s] GC(114) Using 8 workers of 8 for evacuation
[2025-06-03T15:51:27.026+0530][14.871s] GC(114) Skipped phase 1 of Reference Processing: no references
[2025-06-03T15:51:27.026+0530][14.871s] GC(114) Skipped phase 2 of Reference Processing: no references
[2025-06-03T15:51:27.026+0530][14.871s] GC(114) Skipped phase 3 of Reference Processing: no references
[2025-06-03T15:51:27.026+0530][14.871s] GC(114) Skipped phase 4 of Reference Processing: no references
[2025-06-03T15:51:27.027+0530][14.872s] GC(114)   Pre Evacuate Collection Set: 0.1ms
[2025-06-03T15:51:27.027+0530][14.872s] GC(114)   Merge Heap Roots: 0.1ms
[2025-06-03T15:51:27.027+0530][14.872s] GC(114)   Evacuate Collection Set: 0.2ms
[2025-06-03T15:51:27.027+0530][14.872s] GC(114)   Post Evacuate Collection Set: 0.4ms
[2025-06-03T15:51:27.027+0530][14.872s] GC(114)   Other: 0.2ms
[2025-06-03T15:51:27.027+0530][14.872s] GC(114) Eden regions: 306->0(306)
[2025-06-03T15:51:27.027+0530][14.872s] GC(114) Survivor regions: 1->1(39)
[2025-06-03T15:51:27.027+0530][14.872s] GC(114) Old regions: 6->6
[2025-06-03T15:51:27.027+0530][14.872s] GC(114) Archive regions: 2->2
[2025-06-03T15:51:27.027+0530][14.872s] GC(114) Humongous regions: 0->0
[2025-06-03T15:51:27.027+0530][14.872s] GC(114) Metaspace: 14694K(15104K)->14694K(15104K) NonClass: 12760K(12992K)->12760K(12992K) Class: 1933K(2112K)->1933K(2112K)
[2025-06-03T15:51:27.027+0530][14.872s] GC(114) Pause Young (Normal) (G1 Evacuation Pause) 312M->6M(512M) 1.010ms
[2025-06-03T15:51:27.027+0530][14.872s] GC(114) User=0.00s Sys=0.00s Real=0.00s
[2025-06-03T15:51:27.132+0530][14.977s] GC(115) Pause Young (Normal) (G1 Evacuation Pause)
[2025-06-03T15:51:27.132+0530][14.977s] GC(115) Using 8 workers of 8 for evacuation
[2025-06-03T15:51:27.133+0530][14.977s] GC(115) Skipped phase 1 of Reference Processing: no references
[2025-06-03T15:51:27.133+0530][14.977s] GC(115) Skipped phase 2 of Reference Processing: no references
[2025-06-03T15:51:27.133+0530][14.977s] GC(115) Skipped phase 3 of Reference Processing: no references
[2025-06-03T15:51:27.133+0530][14.977s] GC(115) Skipped phase 4 of Reference Processing: no references
[2025-06-03T15:51:27.133+0530][14.978s] GC(115)   Pre Evacuate Collection Set: 0.1ms
[2025-06-03T15:51:27.133+0530][14.978s] GC(115)   Merge Heap Roots: 0.1ms
[2025-06-03T15:51:27.133+0530][14.978s] GC(115)   Evacuate Collection Set: 0.2ms
[2025-06-03T15:51:27.133+0530][14.978s] GC(115)   Post Evacuate Collection Set: 0.4ms
[2025-06-03T15:51:27.133+0530][14.978s] GC(115)   Other: 0.1ms
[2025-06-03T15:51:27.133+0530][14.978s] GC(115) Eden regions: 306->0(306)
[2025-06-03T15:51:27.133+0530][14.978s] GC(115) Survivor regions: 1->1(39)
[2025-06-03T15:51:27.133+0530][14.978s] GC(115) Old regions: 6->6
[2025-06-03T15:51:27.133+0530][14.978s] GC(115) Archive regions: 2->2
[2025-06-03T15:51:27.133+0530][14.978s] GC(115) Humongous regions: 0->0
[2025-06-03T15:51:27.133+0530][14.978s] GC(115) Metaspace: 14694K(15104K)->14694K(15104K) NonClass: 12760K(12992K)->12760K(12992K) Class: 1933K(2112K)->1933K(2112K)
[2025-06-03T15:51:27.133+0530][14.978s] GC(115) Pause Young (Normal) (G1 Evacuation Pause) 312M->6M(512M) 1.064ms
[2025-06-03T15:51:27.133+0530][14.978s] GC(115) User=0.00s Sys=0.00s Real=0.00s
[2025-06-03T15:51:27.264+0530][15.109s] GC(116) Pause Young (Normal) (G1 Evacuation Pause)
[2025-06-03T15:51:27.264+0530][15.109s] GC(116) Using 8 workers of 8 for evacuation
[2025-06-03T15:51:27.265+0530][15.109s] GC(116) Skipped phase 1 of Reference Processing: no references
[2025-06-03T15:51:27.265+0530][15.109s] GC(116) Skipped phase 2 of Reference Processing: no references
[2025-06-03T15:51:27.265+0530][15.109s] GC(116) Skipped phase 3 of Reference Processing: no references
[2025-06-03T15:51:27.265+0530][15.109s] GC(116) Skipped phase 4 of Reference Processing: no references
[2025-06-03T15:51:27.265+0530][15.110s] GC(116)   Pre Evacuate Collection Set: 0.1ms
[2025-06-03T15:51:27.265+0530][15.110s] GC(116)   Merge Heap Roots: 0.1ms
[2025-06-03T15:51:27.265+0530][15.110s] GC(116)   Evacuate Collection Set: 0.2ms
[2025-06-03T15:51:27.265+0530][15.110s] GC(116)   Post Evacuate Collection Set: 0.5ms
[2025-06-03T15:51:27.265+0530][15.110s] GC(116)   Other: 0.2ms
[2025-06-03T15:51:27.265+0530][15.110s] GC(116) Eden regions: 306->0(306)
[2025-06-03T15:51:27.265+0530][15.110s] GC(116) Survivor regions: 1->1(39)
[2025-06-03T15:51:27.265+0530][15.110s] GC(116) Old regions: 6->6
[2025-06-03T15:51:27.266+0530][15.110s] GC(116) Archive regions: 2->2
[2025-06-03T15:51:27.266+0530][15.110s] GC(116) Humongous regions: 0->0
[2025-06-03T15:51:27.266+0530][15.110s] GC(116) Metaspace: 14694K(15104K)->14694K(15104K) NonClass: 12760K(12992K)->12760K(12992K) Class: 1933K(2112K)->1933K(2112K)
[2025-06-03T15:51:27.266+0530][15.110s] GC(116) Pause Young (Normal) (G1 Evacuation Pause) 312M->6M(512M) 1.526ms
[2025-06-03T15:51:27.266+0530][15.110s] GC(116) User=0.00s Sys=0.00s Real=0.00s
[2025-06-03T15:51:27.424+0530][15.268s] GC(117) Pause Young (Normal) (G1 Evacuation Pause)
[2025-06-03T15:51:27.424+0530][15.268s] GC(117) Using 8 workers of 8 for evacuation
[2025-06-03T15:51:27.424+0530][15.269s] GC(117) Skipped phase 1 of Reference Processing: no references
[2025-06-03T15:51:27.424+0530][15.269s] GC(117) Skipped phase 2 of Reference Processing: no references
[2025-06-03T15:51:27.424+0530][15.269s] GC(117) Skipped phase 3 of Reference Processing: no references
[2025-06-03T15:51:27.424+0530][15.269s] GC(117) Skipped phase 4 of Reference Processing: no references
[2025-06-03T15:51:27.424+0530][15.269s] GC(117)   Pre Evacuate Collection Set: 0.1ms
[2025-06-03T15:51:27.424+0530][15.269s] GC(117)   Merge Heap Roots: 0.1ms
[2025-06-03T15:51:27.424+0530][15.269s] GC(117)   Evacuate Collection Set: 0.2ms
[2025-06-03T15:51:27.424+0530][15.269s] GC(117)   Post Evacuate Collection Set: 0.3ms
[2025-06-03T15:51:27.424+0530][15.269s] GC(117)   Other: 0.1ms
[2025-06-03T15:51:27.424+0530][15.269s] GC(117) Eden regions: 306->0(306)
[2025-06-03T15:51:27.424+0530][15.269s] GC(117) Survivor regions: 1->1(39)
[2025-06-03T15:51:27.424+0530][15.269s] GC(117) Old regions: 6->6
[2025-06-03T15:51:27.424+0530][15.269s] GC(117) Archive regions: 2->2
[2025-06-03T15:51:27.424+0530][15.269s] GC(117) Humongous regions: 0->0
[2025-06-03T15:51:27.424+0530][15.269s] GC(117) Metaspace: 14694K(15104K)->14694K(15104K) NonClass: 12760K(12992K)->12760K(12992K) Class: 1933K(2112K)->1933K(2112K)
[2025-06-03T15:51:27.425+0530][15.269s] GC(117) Pause Young (Normal) (G1 Evacuation Pause) 312M->6M(512M) 0.889ms
[2025-06-03T15:51:27.425+0530][15.269s] GC(117) User=0.01s Sys=0.00s Real=0.00s
[2025-06-03T15:51:27.531+0530][15.376s] GC(118) Pause Young (Normal) (G1 Evacuation Pause)
[2025-06-03T15:51:27.531+0530][15.376s] GC(118) Using 8 workers of 8 for evacuation
[2025-06-03T15:51:27.532+0530][15.376s] GC(118) Skipped phase 1 of Reference Processing: no references
[2025-06-03T15:51:27.532+0530][15.377s] GC(118) Skipped phase 2 of Reference Processing: no references
[2025-06-03T15:51:27.532+0530][15.377s] GC(118) Skipped phase 3 of Reference Processing: no references
[2025-06-03T15:51:27.532+0530][15.377s] GC(118) Skipped phase 4 of Reference Processing: no references
[2025-06-03T15:51:27.532+0530][15.377s] GC(118)   Pre Evacuate Collection Set: 0.1ms
[2025-06-03T15:51:27.532+0530][15.377s] GC(118)   Merge Heap Roots: 0.1ms
[2025-06-03T15:51:27.532+0530][15.377s] GC(118)   Evacuate Collection Set: 0.1ms
[2025-06-03T15:51:27.532+0530][15.377s] GC(118)   Post Evacuate Collection Set: 0.3ms
[2025-06-03T15:51:27.532+0530][15.377s] GC(118)   Other: 0.1ms
[2025-06-03T15:51:27.532+0530][15.377s] GC(118) Eden regions: 306->0(306)
[2025-06-03T15:51:27.532+0530][15.377s] GC(118) Survivor regions: 1->1(39)
[2025-06-03T15:51:27.532+0530][15.377s] GC(118) Old regions: 6->6
[2025-06-03T15:51:27.532+0530][15.377s] GC(118) Archive regions: 2->2
[2025-06-03T15:51:27.532+0530][15.377s] GC(118) Humongous regions: 0->0
[2025-06-03T15:51:27.532+0530][15.377s] GC(118) Metaspace: 14694K(15104K)->14694K(15104K) NonClass: 12760K(12992K)->12760K(12992K) Class: 1933K(2112K)->1933K(2112K)
[2025-06-03T15:51:27.532+0530][15.377s] GC(118) Pause Young (Normal) (G1 Evacuation Pause) 312M->6M(512M) 0.852ms
[2025-06-03T15:51:27.532+0530][15.377s] GC(118) User=0.00s Sys=0.01s Real=0.00s
[2025-06-03T15:51:27.630+0530][15.475s] GC(119) Pause Young (Normal) (G1 Evacuation Pause)
[2025-06-03T15:51:27.630+0530][15.475s] GC(119) Using 8 workers of 8 for evacuation
[2025-06-03T15:51:27.630+0530][15.475s] GC(119) Skipped phase 1 of Reference Processing: no references
[2025-06-03T15:51:27.630+0530][15.475s] GC(119) Skipped phase 2 of Reference Processing: no references
[2025-06-03T15:51:27.630+0530][15.475s] GC(119) Skipped phase 3 of Reference Processing: no references
[2025-06-03T15:51:27.630+0530][15.475s] GC(119) Skipped phase 4 of Reference Processing: no references
[2025-06-03T15:51:27.631+0530][15.475s] GC(119)   Pre Evacuate Collection Set: 0.1ms
[2025-06-03T15:51:27.631+0530][15.475s] GC(119)   Merge Heap Roots: 0.1ms
[2025-06-03T15:51:27.631+0530][15.475s] GC(119)   Evacuate Collection Set: 0.2ms
[2025-06-03T15:51:27.631+0530][15.475s] GC(119)   Post Evacuate Collection Set: 0.3ms
[2025-06-03T15:51:27.631+0530][15.475s] GC(119)   Other: 0.2ms
[2025-06-03T15:51:27.631+0530][15.475s] GC(119) Eden regions: 306->0(306)
[2025-06-03T15:51:27.631+0530][15.475s] GC(119) Survivor regions: 1->1(39)
[2025-06-03T15:51:27.631+0530][15.475s] GC(119) Old regions: 6->6
[2025-06-03T15:51:27.631+0530][15.475s] GC(119) Archive regions: 2->2
[2025-06-03T15:51:27.631+0530][15.476s] GC(119) Humongous regions: 0->0
[2025-06-03T15:51:27.631+0530][15.476s] GC(119) Metaspace: 14694K(15104K)->14694K(15104K) NonClass: 12760K(12992K)->12760K(12992K) Class: 1933K(2112K)->1933K(2112K)
[2025-06-03T15:51:27.631+0530][15.476s] GC(119) Pause Young (Normal) (G1 Evacuation Pause) 312M->6M(512M) 0.985ms
[2025-06-03T15:51:27.631+0530][15.476s] GC(119) User=0.00s Sys=0.00s Real=0.00s
[2025-06-03T15:51:27.730+0530][15.575s] GC(120) Pause Young (Normal) (G1 Evacuation Pause)
[2025-06-03T15:51:27.730+0530][15.575s] GC(120) Using 8 workers of 8 for evacuation
[2025-06-03T15:51:27.730+0530][15.575s] GC(120) Skipped phase 1 of Reference Processing: no references
[2025-06-03T15:51:27.730+0530][15.575s] GC(120) Skipped phase 2 of Reference Processing: no references
[2025-06-03T15:51:27.730+0530][15.575s] GC(120) Skipped phase 3 of Reference Processing: no references
[2025-06-03T15:51:27.730+0530][15.575s] GC(120) Skipped phase 4 of Reference Processing: no references
[2025-06-03T15:51:27.731+0530][15.575s] GC(120)   Pre Evacuate Collection Set: 0.1ms
[2025-06-03T15:51:27.731+0530][15.575s] GC(120)   Merge Heap Roots: 0.1ms
[2025-06-03T15:51:27.731+0530][15.575s] GC(120)   Evacuate Collection Set: 0.2ms
[2025-06-03T15:51:27.731+0530][15.576s] GC(120)   Post Evacuate Collection Set: 0.3ms
[2025-06-03T15:51:27.731+0530][15.576s] GC(120)   Other: 0.2ms
[2025-06-03T15:51:27.731+0530][15.576s] GC(120) Eden regions: 306->0(306)
[2025-06-03T15:51:27.731+0530][15.576s] GC(120) Survivor regions: 1->1(39)
[2025-06-03T15:51:27.731+0530][15.576s] GC(120) Old regions: 6->6
[2025-06-03T15:51:27.731+0530][15.576s] GC(120) Archive regions: 2->2
[2025-06-03T15:51:27.731+0530][15.576s] GC(120) Humongous regions: 0->0
[2025-06-03T15:51:27.731+0530][15.576s] GC(120) Metaspace: 14694K(15104K)->14694K(15104K) NonClass: 12760K(12992K)->12760K(12992K) Class: 1933K(2112K)->1933K(2112K)
[2025-06-03T15:51:27.731+0530][15.576s] GC(120) Pause Young (Normal) (G1 Evacuation Pause) 312M->6M(512M) 0.962ms
[2025-06-03T15:51:27.731+0530][15.576s] GC(120) User=0.00s Sys=0.00s Real=0.00s
[2025-06-03T15:51:27.833+0530][15.677s] GC(121) Pause Young (Normal) (G1 Evacuation Pause)
[2025-06-03T15:51:27.833+0530][15.677s] GC(121) Using 8 workers of 8 for evacuation
[2025-06-03T15:51:27.833+0530][15.678s] GC(121) Skipped phase 1 of Reference Processing: no references
[2025-06-03T15:51:27.833+0530][15.678s] GC(121) Skipped phase 2 of Reference Processing: no references
[2025-06-03T15:51:27.833+0530][15.678s] GC(121) Skipped phase 3 of Reference Processing: no references
[2025-06-03T15:51:27.833+0530][15.678s] GC(121) Skipped phase 4 of Reference Processing: no references
[2025-06-03T15:51:27.833+0530][15.678s] GC(121)   Pre Evacuate Collection Set: 0.1ms
[2025-06-03T15:51:27.833+0530][15.678s] GC(121)   Merge Heap Roots: 0.1ms
[2025-06-03T15:51:27.833+0530][15.678s] GC(121)   Evacuate Collection Set: 0.2ms
[2025-06-03T15:51:27.833+0530][15.678s] GC(121)   Post Evacuate Collection Set: 0.3ms
[2025-06-03T15:51:27.833+0530][15.678s] GC(121)   Other: 0.1ms
[2025-06-03T15:51:27.833+0530][15.678s] GC(121) Eden regions: 306->0(306)
[2025-06-03T15:51:27.833+0530][15.678s] GC(121) Survivor regions: 1->1(39)
[2025-06-03T15:51:27.833+0530][15.678s] GC(121) Old regions: 6->6
[2025-06-03T15:51:27.833+0530][15.678s] GC(121) Archive regions: 2->2
[2025-06-03T15:51:27.833+0530][15.678s] GC(121) Humongous regions: 0->0
[2025-06-03T15:51:27.833+0530][15.678s] GC(121) Metaspace: 14694K(15104K)->14694K(15104K) NonClass: 12760K(12992K)->12760K(12992K) Class: 1933K(2112K)->1933K(2112K)
[2025-06-03T15:51:27.833+0530][15.678s] GC(121) Pause Young (Normal) (G1 Evacuation Pause) 312M->6M(512M) 0.894ms
[2025-06-03T15:51:27.833+0530][15.678s] GC(121) User=0.00s Sys=0.00s Real=0.00s
[2025-06-03T15:51:27.929+0530][15.773s] GC(122) Pause Young (Normal) (G1 Evacuation Pause)
[2025-06-03T15:51:27.929+0530][15.773s] GC(122) Using 8 workers of 8 for evacuation
[2025-06-03T15:51:27.929+0530][15.774s] GC(122) Skipped phase 1 of Reference Processing: no references
[2025-06-03T15:51:27.929+0530][15.774s] GC(122) Skipped phase 2 of Reference Processing: no references
[2025-06-03T15:51:27.929+0530][15.774s] GC(122) Skipped phase 3 of Reference Processing: no references
[2025-06-03T15:51:27.929+0530][15.774s] GC(122) Skipped phase 4 of Reference Processing: no references
[2025-06-03T15:51:27.929+0530][15.774s] GC(122)   Pre Evacuate Collection Set: 0.0ms
[2025-06-03T15:51:27.929+0530][15.774s] GC(122)   Merge Heap Roots: 0.0ms
[2025-06-03T15:51:27.929+0530][15.774s] GC(122)   Evacuate Collection Set: 0.1ms
[2025-06-03T15:51:27.929+0530][15.774s] GC(122)   Post Evacuate Collection Set: 0.3ms
[2025-06-03T15:51:27.929+0530][15.774s] GC(122)   Other: 0.1ms
[2025-06-03T15:51:27.929+0530][15.774s] GC(122) Eden regions: 306->0(306)
[2025-06-03T15:51:27.929+0530][15.774s] GC(122) Survivor regions: 1->1(39)
[2025-06-03T15:51:27.929+0530][15.774s] GC(122) Old regions: 6->6
[2025-06-03T15:51:27.929+0530][15.774s] GC(122) Archive regions: 2->2
[2025-06-03T15:51:27.929+0530][15.774s] GC(122) Humongous regions: 0->0
[2025-06-03T15:51:27.929+0530][15.774s] GC(122) Metaspace: 14694K(15104K)->14694K(15104K) NonClass: 12760K(12992K)->12760K(12992K) Class: 1933K(2112K)->1933K(2112K)
[2025-06-03T15:51:27.929+0530][15.774s] GC(122) Pause Young (Normal) (G1 Evacuation Pause) 312M->6M(512M) 0.855ms
[2025-06-03T15:51:27.929+0530][15.774s] GC(122) User=0.00s Sys=0.00s Real=0.00s
[2025-06-03T15:51:28.026+0530][15.871s] GC(123) Pause Young (Normal) (G1 Evacuation Pause)
[2025-06-03T15:51:28.026+0530][15.871s] GC(123) Using 8 workers of 8 for evacuation
[2025-06-03T15:51:28.027+0530][15.871s] GC(123) Skipped phase 1 of Reference Processing: no references
[2025-06-03T15:51:28.027+0530][15.871s] GC(123) Skipped phase 2 of Reference Processing: no references
[2025-06-03T15:51:28.027+0530][15.871s] GC(123) Skipped phase 3 of Reference Processing: no references
[2025-06-03T15:51:28.027+0530][15.871s] GC(123) Skipped phase 4 of Reference Processing: no references
[2025-06-03T15:51:28.027+0530][15.872s] GC(123)   Pre Evacuate Collection Set: 0.1ms
[2025-06-03T15:51:28.027+0530][15.872s] GC(123)   Merge Heap Roots: 0.1ms
[2025-06-03T15:51:28.027+0530][15.872s] GC(123)   Evacuate Collection Set: 0.1ms
[2025-06-03T15:51:28.027+0530][15.872s] GC(123)   Post Evacuate Collection Set: 0.3ms
[2025-06-03T15:51:28.027+0530][15.872s] GC(123)   Other: 0.1ms
[2025-06-03T15:51:28.027+0530][15.872s] GC(123) Eden regions: 306->0(306)
[2025-06-03T15:51:28.027+0530][15.872s] GC(123) Survivor regions: 1->1(39)
[2025-06-03T15:51:28.027+0530][15.872s] GC(123) Old regions: 6->6
[2025-06-03T15:51:28.027+0530][15.872s] GC(123) Archive regions: 2->2
[2025-06-03T15:51:28.027+0530][15.872s] GC(123) Humongous regions: 0->0
[2025-06-03T15:51:28.027+0530][15.872s] GC(123) Metaspace: 14694K(15104K)->14694K(15104K) NonClass: 12760K(12992K)->12760K(12992K) Class: 1933K(2112K)->1933K(2112K)
[2025-06-03T15:51:28.027+0530][15.872s] GC(123) Pause Young (Normal) (G1 Evacuation Pause) 312M->6M(512M) 0.831ms
[2025-06-03T15:51:28.027+0530][15.872s] GC(123) User=0.00s Sys=0.00s Real=0.00s
[2025-06-03T15:51:28.123+0530][15.968s] GC(124) Pause Young (Normal) (G1 Evacuation Pause)
[2025-06-03T15:51:28.123+0530][15.968s] GC(124) Using 8 workers of 8 for evacuation
[2025-06-03T15:51:28.123+0530][15.968s] GC(124) Skipped phase 1 of Reference Processing: no references
[2025-06-03T15:51:28.123+0530][15.968s] GC(124) Skipped phase 2 of Reference Processing: no references
[2025-06-03T15:51:28.123+0530][15.968s] GC(124) Skipped phase 3 of Reference Processing: no references
[2025-06-03T15:51:28.123+0530][15.968s] GC(124) Skipped phase 4 of Reference Processing: no references
[2025-06-03T15:51:28.124+0530][15.968s] GC(124)   Pre Evacuate Collection Set: 0.1ms
[2025-06-03T15:51:28.124+0530][15.968s] GC(124)   Merge Heap Roots: 0.1ms
[2025-06-03T15:51:28.124+0530][15.969s] GC(124)   Evacuate Collection Set: 0.1ms
[2025-06-03T15:51:28.124+0530][15.969s] GC(124)   Post Evacuate Collection Set: 0.3ms
[2025-06-03T15:51:28.124+0530][15.969s] GC(124)   Other: 0.1ms
[2025-06-03T15:51:28.124+0530][15.969s] GC(124) Eden regions: 306->0(306)
[2025-06-03T15:51:28.124+0530][15.969s] GC(124) Survivor regions: 1->1(39)
[2025-06-03T15:51:28.124+0530][15.969s] GC(124) Old regions: 6->6
[2025-06-03T15:51:28.124+0530][15.969s] GC(124) Archive regions: 2->2
[2025-06-03T15:51:28.124+0530][15.969s] GC(124) Humongous regions: 0->0
[2025-06-03T15:51:28.124+0530][15.969s] GC(124) Metaspace: 14694K(15104K)->14694K(15104K) NonClass: 12760K(12992K)->12760K(12992K) Class: 1933K(2112K)->1933K(2112K)
[2025-06-03T15:51:28.124+0530][15.969s] GC(124) Pause Young (Normal) (G1 Evacuation Pause) 312M->6M(512M) 0.837ms
[2025-06-03T15:51:28.124+0530][15.969s] GC(124) User=0.00s Sys=0.00s Real=0.00s
[2025-06-03T15:51:28.220+0530][16.065s] GC(125) Pause Young (Normal) (G1 Evacuation Pause)
[2025-06-03T15:51:28.220+0530][16.065s] GC(125) Using 8 workers of 8 for evacuation
[2025-06-03T15:51:28.221+0530][16.065s] GC(125) Skipped phase 1 of Reference Processing: no references
[2025-06-03T15:51:28.221+0530][16.065s] GC(125) Skipped phase 2 of Reference Processing: no references
[2025-06-03T15:51:28.221+0530][16.065s] GC(125) Skipped phase 3 of Reference Processing: no references
[2025-06-03T15:51:28.221+0530][16.065s] GC(125) Skipped phase 4 of Reference Processing: no references
[2025-06-03T15:51:28.221+0530][16.066s] GC(125)   Pre Evacuate Collection Set: 0.0ms
[2025-06-03T15:51:28.221+0530][16.066s] GC(125)   Merge Heap Roots: 0.0ms
[2025-06-03T15:51:28.221+0530][16.066s] GC(125)   Evacuate Collection Set: 0.2ms
[2025-06-03T15:51:28.221+0530][16.066s] GC(125)   Post Evacuate Collection Set: 0.3ms
[2025-06-03T15:51:28.221+0530][16.066s] GC(125)   Other: 0.1ms
[2025-06-03T15:51:28.221+0530][16.066s] GC(125) Eden regions: 306->0(306)
[2025-06-03T15:51:28.221+0530][16.066s] GC(125) Survivor regions: 1->1(39)
[2025-06-03T15:51:28.221+0530][16.066s] GC(125) Old regions: 6->6
[2025-06-03T15:51:28.221+0530][16.066s] GC(125) Archive regions: 2->2
[2025-06-03T15:51:28.221+0530][16.066s] GC(125) Humongous regions: 0->0
[2025-06-03T15:51:28.221+0530][16.066s] GC(125) Metaspace: 14694K(15104K)->14694K(15104K) NonClass: 12760K(12992K)->12760K(12992K) Class: 1933K(2112K)->1933K(2112K)
[2025-06-03T15:51:28.221+0530][16.066s] GC(125) Pause Young (Normal) (G1 Evacuation Pause) 312M->6M(512M) 0.874ms
[2025-06-03T15:51:28.221+0530][16.066s] GC(125) User=0.00s Sys=0.00s Real=0.00s
[2025-06-03T15:51:28.326+0530][16.170s] GC(126) Pause Young (Normal) (G1 Evacuation Pause)
[2025-06-03T15:51:28.326+0530][16.170s] GC(126) Using 8 workers of 8 for evacuation
[2025-06-03T15:51:28.326+0530][16.171s] GC(126) Skipped phase 1 of Reference Processing: no references
[2025-06-03T15:51:28.326+0530][16.171s] GC(126) Skipped phase 2 of Reference Processing: no references
[2025-06-03T15:51:28.326+0530][16.171s] GC(126) Skipped phase 3 of Reference Processing: no references
[2025-06-03T15:51:28.326+0530][16.171s] GC(126) Skipped phase 4 of Reference Processing: no references
[2025-06-03T15:51:28.326+0530][16.171s] GC(126)   Pre Evacuate Collection Set: 0.0ms
[2025-06-03T15:51:28.326+0530][16.171s] GC(126)   Merge Heap Roots: 0.1ms
[2025-06-03T15:51:28.326+0530][16.171s] GC(126)   Evacuate Collection Set: 0.1ms
[2025-06-03T15:51:28.326+0530][16.171s] GC(126)   Post Evacuate Collection Set: 0.3ms
[2025-06-03T15:51:28.326+0530][16.171s] GC(126)   Other: 0.1ms
[2025-06-03T15:51:28.326+0530][16.171s] GC(126) Eden regions: 306->0(306)
[2025-06-03T15:51:28.326+0530][16.171s] GC(126) Survivor regions: 1->1(39)
[2025-06-03T15:51:28.326+0530][16.171s] GC(126) Old regions: 6->6
[2025-06-03T15:51:28.326+0530][16.171s] GC(126) Archive regions: 2->2
[2025-06-03T15:51:28.326+0530][16.171s] GC(126) Humongous regions: 0->0
[2025-06-03T15:51:28.326+0530][16.171s] GC(126) Metaspace: 14694K(15104K)->14694K(15104K) NonClass: 12760K(12992K)->12760K(12992K) Class: 1933K(2112K)->1933K(2112K)
[2025-06-03T15:51:28.326+0530][16.171s] GC(126) Pause Young (Normal) (G1 Evacuation Pause) 312M->6M(512M) 0.883ms
[2025-06-03T15:51:28.327+0530][16.171s] GC(126) User=0.00s Sys=0.00s Real=0.00s
[2025-06-03T15:51:28.423+0530][16.268s] GC(127) Pause Young (Normal) (G1 Evacuation Pause)
[2025-06-03T15:51:28.423+0530][16.268s] GC(127) Using 8 workers of 8 for evacuation
[2025-06-03T15:51:28.424+0530][16.268s] GC(127) Skipped phase 1 of Reference Processing: no references
[2025-06-03T15:51:28.424+0530][16.268s] GC(127) Skipped phase 2 of Reference Processing: no references
[2025-06-03T15:51:28.424+0530][16.268s] GC(127) Skipped phase 3 of Reference Processing: no references
[2025-06-03T15:51:28.424+0530][16.268s] GC(127) Skipped phase 4 of Reference Processing: no references
[2025-06-03T15:51:28.424+0530][16.269s] GC(127)   Pre Evacuate Collection Set: 0.1ms
[2025-06-03T15:51:28.424+0530][16.269s] GC(127)   Merge Heap Roots: 0.1ms
[2025-06-03T15:51:28.424+0530][16.269s] GC(127)   Evacuate Collection Set: 0.1ms
[2025-06-03T15:51:28.424+0530][16.269s] GC(127)   Post Evacuate Collection Set: 0.3ms
[2025-06-03T15:51:28.424+0530][16.269s] GC(127)   Other: 0.1ms
[2025-06-03T15:51:28.424+0530][16.269s] GC(127) Eden regions: 306->0(306)
[2025-06-03T15:51:28.424+0530][16.269s] GC(127) Survivor regions: 1->1(39)
[2025-06-03T15:51:28.424+0530][16.269s] GC(127) Old regions: 6->6
[2025-06-03T15:51:28.424+0530][16.269s] GC(127) Archive regions: 2->2
[2025-06-03T15:51:28.424+0530][16.269s] GC(127) Humongous regions: 0->0
[2025-06-03T15:51:28.424+0530][16.269s] GC(127) Metaspace: 14694K(15104K)->14694K(15104K) NonClass: 12760K(12992K)->12760K(12992K) Class: 1933K(2112K)->1933K(2112K)
[2025-06-03T15:51:28.424+0530][16.269s] GC(127) Pause Young (Normal) (G1 Evacuation Pause) 312M->6M(512M) 0.876ms
[2025-06-03T15:51:28.424+0530][16.269s] GC(127) User=0.00s Sys=0.00s Real=0.00s
[2025-06-03T15:51:28.525+0530][16.370s] GC(128) Pause Young (Normal) (G1 Evacuation Pause)
[2025-06-03T15:51:28.525+0530][16.370s] GC(128) Using 8 workers of 8 for evacuation
[2025-06-03T15:51:28.525+0530][16.370s] GC(128) Skipped phase 1 of Reference Processing: no references
[2025-06-03T15:51:28.525+0530][16.370s] GC(128) Skipped phase 2 of Reference Processing: no references
[2025-06-03T15:51:28.525+0530][16.370s] GC(128) Skipped phase 3 of Reference Processing: no references
[2025-06-03T15:51:28.525+0530][16.370s] GC(128) Skipped phase 4 of Reference Processing: no references
[2025-06-03T15:51:28.525+0530][16.370s] GC(128)   Pre Evacuate Collection Set: 0.0ms
[2025-06-03T15:51:28.526+0530][16.370s] GC(128)   Merge Heap Roots: 0.0ms
[2025-06-03T15:51:28.526+0530][16.370s] GC(128)   Evacuate Collection Set: 0.2ms
[2025-06-03T15:51:28.526+0530][16.370s] GC(128)   Post Evacuate Collection Set: 0.3ms
[2025-06-03T15:51:28.526+0530][16.370s] GC(128)   Other: 0.1ms
[2025-06-03T15:51:28.526+0530][16.370s] GC(128) Eden regions: 306->0(306)
[2025-06-03T15:51:28.526+0530][16.370s] GC(128) Survivor regions: 1->1(39)
[2025-06-03T15:51:28.526+0530][16.370s] GC(128) Old regions: 6->6
[2025-06-03T15:51:28.526+0530][16.370s] GC(128) Archive regions: 2->2
[2025-06-03T15:51:28.526+0530][16.370s] GC(128) Humongous regions: 0->0
[2025-06-03T15:51:28.526+0530][16.370s] GC(128) Metaspace: 14694K(15104K)->14694K(15104K) NonClass: 12760K(12992K)->12760K(12992K) Class: 1933K(2112K)->1933K(2112K)
[2025-06-03T15:51:28.526+0530][16.370s] GC(128) Pause Young (Normal) (G1 Evacuation Pause) 312M->6M(512M) 0.885ms
[2025-06-03T15:51:28.526+0530][16.370s] GC(128) User=0.00s Sys=0.00s Real=0.00s
[2025-06-03T15:51:28.624+0530][16.468s] GC(129) Pause Young (Normal) (G1 Evacuation Pause)
[2025-06-03T15:51:28.624+0530][16.468s] GC(129) Using 8 workers of 8 for evacuation
[2025-06-03T15:51:28.624+0530][16.469s] GC(129) Skipped phase 1 of Reference Processing: no references
[2025-06-03T15:51:28.624+0530][16.469s] GC(129) Skipped phase 2 of Reference Processing: no references
[2025-06-03T15:51:28.624+0530][16.469s] GC(129) Skipped phase 3 of Reference Processing: no references
[2025-06-03T15:51:28.624+0530][16.469s] GC(129) Skipped phase 4 of Reference Processing: no references
[2025-06-03T15:51:28.624+0530][16.469s] GC(129)   Pre Evacuate Collection Set: 0.1ms
[2025-06-03T15:51:28.624+0530][16.469s] GC(129)   Merge Heap Roots: 0.1ms
[2025-06-03T15:51:28.624+0530][16.469s] GC(129)   Evacuate Collection Set: 0.1ms
[2025-06-03T15:51:28.624+0530][16.469s] GC(129)   Post Evacuate Collection Set: 0.3ms
[2025-06-03T15:51:28.624+0530][16.469s] GC(129)   Other: 0.1ms
[2025-06-03T15:51:28.624+0530][16.469s] GC(129) Eden regions: 306->0(306)
[2025-06-03T15:51:28.624+0530][16.469s] GC(129) Survivor regions: 1->1(39)
[2025-06-03T15:51:28.624+0530][16.469s] GC(129) Old regions: 6->6
[2025-06-03T15:51:28.624+0530][16.469s] GC(129) Archive regions: 2->2
[2025-06-03T15:51:28.624+0530][16.469s] GC(129) Humongous regions: 0->0
[2025-06-03T15:51:28.624+0530][16.469s] GC(129) Metaspace: 14694K(15104K)->14694K(15104K) NonClass: 12760K(12992K)->12760K(12992K) Class: 1933K(2112K)->1933K(2112K)
[2025-06-03T15:51:28.624+0530][16.469s] GC(129) Pause Young (Normal) (G1 Evacuation Pause) 312M->6M(512M) 0.854ms
[2025-06-03T15:51:28.624+0530][16.469s] GC(129) User=0.00s Sys=0.00s Real=0.00s
[2025-06-03T15:51:28.747+0530][16.592s] GC(130) Pause Young (Normal) (G1 Evacuation Pause)
[2025-06-03T15:51:28.747+0530][16.592s] GC(130) Using 8 workers of 8 for evacuation
[2025-06-03T15:51:28.748+0530][16.593s] GC(130) Skipped phase 1 of Reference Processing: no references
[2025-06-03T15:51:28.748+0530][16.593s] GC(130) Skipped phase 2 of Reference Processing: no references
[2025-06-03T15:51:28.748+0530][16.593s] GC(130) Skipped phase 3 of Reference Processing: no references
[2025-06-03T15:51:28.748+0530][16.593s] GC(130) Skipped phase 4 of Reference Processing: no references
[2025-06-03T15:51:28.749+0530][16.593s] GC(130)   Pre Evacuate Collection Set: 0.1ms
[2025-06-03T15:51:28.749+0530][16.593s] GC(130)   Merge Heap Roots: 0.1ms
[2025-06-03T15:51:28.749+0530][16.593s] GC(130)   Evacuate Collection Set: 0.3ms
[2025-06-03T15:51:28.749+0530][16.593s] GC(130)   Post Evacuate Collection Set: 0.6ms
[2025-06-03T15:51:28.749+0530][16.593s] GC(130)   Other: 0.2ms
[2025-06-03T15:51:28.749+0530][16.594s] GC(130) Eden regions: 306->0(306)
[2025-06-03T15:51:28.749+0530][16.594s] GC(130) Survivor regions: 1->1(39)
[2025-06-03T15:51:28.749+0530][16.594s] GC(130) Old regions: 6->6
[2025-06-03T15:51:28.749+0530][16.594s] GC(130) Archive regions: 2->2
[2025-06-03T15:51:28.749+0530][16.594s] GC(130) Humongous regions: 0->0
[2025-06-03T15:51:28.749+0530][16.594s] GC(130) Metaspace: 14694K(15104K)->14694K(15104K) NonClass: 12760K(12992K)->12760K(12992K) Class: 1933K(2112K)->1933K(2112K)
[2025-06-03T15:51:28.749+0530][16.594s] GC(130) Pause Young (Normal) (G1 Evacuation Pause) 312M->6M(512M) 1.550ms
[2025-06-03T15:51:28.749+0530][16.594s] GC(130) User=0.00s Sys=0.00s Real=0.00s
[2025-06-03T15:51:28.886+0530][16.730s] GC(131) Pause Young (Normal) (G1 Evacuation Pause)
[2025-06-03T15:51:28.886+0530][16.730s] GC(131) Using 8 workers of 8 for evacuation
[2025-06-03T15:51:28.886+0530][16.731s] GC(131) Skipped phase 1 of Reference Processing: no references
[2025-06-03T15:51:28.886+0530][16.731s] GC(131) Skipped phase 2 of Reference Processing: no references
[2025-06-03T15:51:28.886+0530][16.731s] GC(131) Skipped phase 3 of Reference Processing: no references
[2025-06-03T15:51:28.886+0530][16.731s] GC(131) Skipped phase 4 of Reference Processing: no references
[2025-06-03T15:51:28.886+0530][16.731s] GC(131)   Pre Evacuate Collection Set: 0.1ms
[2025-06-03T15:51:28.886+0530][16.731s] GC(131)   Merge Heap Roots: 0.1ms
[2025-06-03T15:51:28.887+0530][16.731s] GC(131)   Evacuate Collection Set: 0.2ms
[2025-06-03T15:51:28.887+0530][16.731s] GC(131)   Post Evacuate Collection Set: 0.4ms
[2025-06-03T15:51:28.887+0530][16.731s] GC(131)   Other: 0.2ms
[2025-06-03T15:51:28.887+0530][16.731s] GC(131) Eden regions: 306->0(306)
[2025-06-03T15:51:28.887+0530][16.731s] GC(131) Survivor regions: 1->1(39)
[2025-06-03T15:51:28.887+0530][16.731s] GC(131) Old regions: 6->6
[2025-06-03T15:51:28.887+0530][16.731s] GC(131) Archive regions: 2->2
[2025-06-03T15:51:28.887+0530][16.731s] GC(131) Humongous regions: 0->0
[2025-06-03T15:51:28.887+0530][16.731s] GC(131) Metaspace: 14694K(15104K)->14694K(15104K) NonClass: 12760K(12992K)->12760K(12992K) Class: 1933K(2112K)->1933K(2112K)
[2025-06-03T15:51:28.887+0530][16.731s] GC(131) Pause Young (Normal) (G1 Evacuation Pause) 312M->6M(512M) 1.047ms
[2025-06-03T15:51:28.887+0530][16.731s] GC(131) User=0.00s Sys=0.00s Real=0.00s
[2025-06-03T15:51:28.996+0530][16.841s] GC(132) Pause Young (Normal) (G1 Evacuation Pause)
[2025-06-03T15:51:28.996+0530][16.841s] GC(132) Using 8 workers of 8 for evacuation
[2025-06-03T15:51:28.996+0530][16.841s] GC(132) Skipped phase 1 of Reference Processing: no references
[2025-06-03T15:51:28.996+0530][16.841s] GC(132) Skipped phase 2 of Reference Processing: no references
[2025-06-03T15:51:28.996+0530][16.841s] GC(132) Skipped phase 3 of Reference Processing: no references
[2025-06-03T15:51:28.996+0530][16.841s] GC(132) Skipped phase 4 of Reference Processing: no references
[2025-06-03T15:51:28.997+0530][16.841s] GC(132)   Pre Evacuate Collection Set: 0.1ms
[2025-06-03T15:51:28.997+0530][16.841s] GC(132)   Merge Heap Roots: 0.1ms
[2025-06-03T15:51:28.997+0530][16.841s] GC(132)   Evacuate Collection Set: 0.2ms
[2025-06-03T15:51:28.997+0530][16.841s] GC(132)   Post Evacuate Collection Set: 0.4ms
[2025-06-03T15:51:28.997+0530][16.841s] GC(132)   Other: 0.1ms
[2025-06-03T15:51:28.997+0530][16.841s] GC(132) Eden regions: 306->0(306)
[2025-06-03T15:51:28.997+0530][16.842s] GC(132) Survivor regions: 1->1(39)
[2025-06-03T15:51:28.997+0530][16.842s] GC(132) Old regions: 6->6
[2025-06-03T15:51:28.997+0530][16.842s] GC(132) Archive regions: 2->2
[2025-06-03T15:51:28.997+0530][16.842s] GC(132) Humongous regions: 0->0
[2025-06-03T15:51:28.997+0530][16.842s] GC(132) Metaspace: 14694K(15104K)->14694K(15104K) NonClass: 12760K(12992K)->12760K(12992K) Class: 1933K(2112K)->1933K(2112K)
[2025-06-03T15:51:28.997+0530][16.842s] GC(132) Pause Young (Normal) (G1 Evacuation Pause) 312M->6M(512M) 1.000ms
[2025-06-03T15:51:28.997+0530][16.842s] GC(132) User=0.01s Sys=0.00s Real=0.00s
[2025-06-03T15:51:29.096+0530][16.941s] GC(133) Pause Young (Normal) (G1 Evacuation Pause)
[2025-06-03T15:51:29.096+0530][16.941s] GC(133) Using 8 workers of 8 for evacuation
[2025-06-03T15:51:29.096+0530][16.941s] GC(133) Skipped phase 1 of Reference Processing: no references
[2025-06-03T15:51:29.097+0530][16.941s] GC(133) Skipped phase 2 of Reference Processing: no references
[2025-06-03T15:51:29.097+0530][16.941s] GC(133) Skipped phase 3 of Reference Processing: no references
[2025-06-03T15:51:29.097+0530][16.941s] GC(133) Skipped phase 4 of Reference Processing: no references
[2025-06-03T15:51:29.097+0530][16.942s] GC(133)   Pre Evacuate Collection Set: 0.1ms
[2025-06-03T15:51:29.097+0530][16.942s] GC(133)   Merge Heap Roots: 0.1ms
[2025-06-03T15:51:29.097+0530][16.942s] GC(133)   Evacuate Collection Set: 0.1ms
[2025-06-03T15:51:29.097+0530][16.942s] GC(133)   Post Evacuate Collection Set: 0.3ms
[2025-06-03T15:51:29.097+0530][16.942s] GC(133)   Other: 0.1ms
[2025-06-03T15:51:29.097+0530][16.942s] GC(133) Eden regions: 306->0(306)
[2025-06-03T15:51:29.097+0530][16.942s] GC(133) Survivor regions: 1->1(39)
[2025-06-03T15:51:29.097+0530][16.942s] GC(133) Old regions: 6->6
[2025-06-03T15:51:29.097+0530][16.942s] GC(133) Archive regions: 2->2
[2025-06-03T15:51:29.097+0530][16.942s] GC(133) Humongous regions: 0->0
[2025-06-03T15:51:29.097+0530][16.942s] GC(133) Metaspace: 14694K(15104K)->14694K(15104K) NonClass: 12760K(12992K)->12760K(12992K) Class: 1933K(2112K)->1933K(2112K)
[2025-06-03T15:51:29.097+0530][16.942s] GC(133) Pause Young (Normal) (G1 Evacuation Pause) 312M->6M(512M) 0.875ms
[2025-06-03T15:51:29.097+0530][16.942s] GC(133) User=0.00s Sys=0.00s Real=0.00s
[2025-06-03T15:51:29.193+0530][17.037s] GC(134) Pause Young (Normal) (G1 Evacuation Pause)
[2025-06-03T15:51:29.193+0530][17.037s] GC(134) Using 8 workers of 8 for evacuation
[2025-06-03T15:51:29.193+0530][17.038s] GC(134) Skipped phase 1 of Reference Processing: no references
[2025-06-03T15:51:29.193+0530][17.038s] GC(134) Skipped phase 2 of Reference Processing: no references
[2025-06-03T15:51:29.193+0530][17.038s] GC(134) Skipped phase 3 of Reference Processing: no references
[2025-06-03T15:51:29.193+0530][17.038s] GC(134) Skipped phase 4 of Reference Processing: no references
[2025-06-03T15:51:29.193+0530][17.038s] GC(134)   Pre Evacuate Collection Set: 0.1ms
[2025-06-03T15:51:29.193+0530][17.038s] GC(134)   Merge Heap Roots: 0.1ms
[2025-06-03T15:51:29.193+0530][17.038s] GC(134)   Evacuate Collection Set: 0.1ms
[2025-06-03T15:51:29.193+0530][17.038s] GC(134)   Post Evacuate Collection Set: 0.3ms
[2025-06-03T15:51:29.193+0530][17.038s] GC(134)   Other: 0.1ms
[2025-06-03T15:51:29.193+0530][17.038s] GC(134) Eden regions: 306->0(306)
[2025-06-03T15:51:29.193+0530][17.038s] GC(134) Survivor regions: 1->1(39)
[2025-06-03T15:51:29.193+0530][17.038s] GC(134) Old regions: 6->6
[2025-06-03T15:51:29.193+0530][17.038s] GC(134) Archive regions: 2->2
[2025-06-03T15:51:29.193+0530][17.038s] GC(134) Humongous regions: 0->0
[2025-06-03T15:51:29.193+0530][17.038s] GC(134) Metaspace: 14694K(15104K)->14694K(15104K) NonClass: 12760K(12992K)->12760K(12992K) Class: 1933K(2112K)->1933K(2112K)
[2025-06-03T15:51:29.193+0530][17.038s] GC(134) Pause Young (Normal) (G1 Evacuation Pause) 312M->6M(512M) 0.848ms
[2025-06-03T15:51:29.193+0530][17.038s] GC(134) User=0.00s Sys=0.00s Real=0.00s
[2025-06-03T15:51:29.298+0530][17.143s] GC(135) Pause Young (Normal) (G1 Evacuation Pause)
[2025-06-03T15:51:29.298+0530][17.143s] GC(135) Using 8 workers of 8 for evacuation
[2025-06-03T15:51:29.299+0530][17.143s] GC(135) Skipped phase 1 of Reference Processing: no references
[2025-06-03T15:51:29.299+0530][17.143s] GC(135) Skipped phase 2 of Reference Processing: no references
[2025-06-03T15:51:29.299+0530][17.143s] GC(135) Skipped phase 3 of Reference Processing: no references
[2025-06-03T15:51:29.299+0530][17.143s] GC(135) Skipped phase 4 of Reference Processing: no references
[2025-06-03T15:51:29.299+0530][17.144s] GC(135)   Pre Evacuate Collection Set: 0.1ms
[2025-06-03T15:51:29.299+0530][17.144s] GC(135)   Merge Heap Roots: 0.1ms
[2025-06-03T15:51:29.299+0530][17.144s] GC(135)   Evacuate Collection Set: 0.1ms
[2025-06-03T15:51:29.299+0530][17.144s] GC(135)   Post Evacuate Collection Set: 0.4ms
[2025-06-03T15:51:29.299+0530][17.144s] GC(135)   Other: 0.2ms
[2025-06-03T15:51:29.299+0530][17.144s] GC(135) Eden regions: 306->0(306)
[2025-06-03T15:51:29.299+0530][17.144s] GC(135) Survivor regions: 1->1(39)
[2025-06-03T15:51:29.299+0530][17.144s] GC(135) Old regions: 6->6
[2025-06-03T15:51:29.299+0530][17.144s] GC(135) Archive regions: 2->2
[2025-06-03T15:51:29.299+0530][17.144s] GC(135) Humongous regions: 0->0
[2025-06-03T15:51:29.299+0530][17.144s] GC(135) Metaspace: 14694K(15104K)->14694K(15104K) NonClass: 12760K(12992K)->12760K(12992K) Class: 1933K(2112K)->1933K(2112K)
[2025-06-03T15:51:29.299+0530][17.144s] GC(135) Pause Young (Normal) (G1 Evacuation Pause) 312M->6M(512M) 0.911ms
[2025-06-03T15:51:29.299+0530][17.144s] GC(135) User=0.00s Sys=0.00s Real=0.00s
[2025-06-03T15:51:29.406+0530][17.251s] GC(136) Pause Young (Normal) (G1 Evacuation Pause)
[2025-06-03T15:51:29.406+0530][17.251s] GC(136) Using 8 workers of 8 for evacuation
[2025-06-03T15:51:29.407+0530][17.251s] GC(136) Skipped phase 1 of Reference Processing: no references
[2025-06-03T15:51:29.407+0530][17.251s] GC(136) Skipped phase 2 of Reference Processing: no references
[2025-06-03T15:51:29.407+0530][17.251s] GC(136) Skipped phase 3 of Reference Processing: no references
[2025-06-03T15:51:29.407+0530][17.251s] GC(136) Skipped phase 4 of Reference Processing: no references
[2025-06-03T15:51:29.407+0530][17.252s] GC(136)   Pre Evacuate Collection Set: 0.1ms
[2025-06-03T15:51:29.407+0530][17.252s] GC(136)   Merge Heap Roots: 0.1ms
[2025-06-03T15:51:29.407+0530][17.252s] GC(136)   Evacuate Collection Set: 0.2ms
[2025-06-03T15:51:29.407+0530][17.252s] GC(136)   Post Evacuate Collection Set: 0.4ms
[2025-06-03T15:51:29.407+0530][17.252s] GC(136)   Other: 0.3ms
[2025-06-03T15:51:29.407+0530][17.252s] GC(136) Eden regions: 306->0(306)
[2025-06-03T15:51:29.407+0530][17.252s] GC(136) Survivor regions: 1->1(39)
[2025-06-03T15:51:29.407+0530][17.252s] GC(136) Old regions: 6->6
[2025-06-03T15:51:29.407+0530][17.252s] GC(136) Archive regions: 2->2
[2025-06-03T15:51:29.407+0530][17.252s] GC(136) Humongous regions: 0->0
[2025-06-03T15:51:29.407+0530][17.252s] GC(136) Metaspace: 14694K(15104K)->14694K(15104K) NonClass: 12760K(12992K)->12760K(12992K) Class: 1933K(2112K)->1933K(2112K)
[2025-06-03T15:51:29.407+0530][17.252s] GC(136) Pause Young (Normal) (G1 Evacuation Pause) 312M->6M(512M) 1.215ms
[2025-06-03T15:51:29.407+0530][17.252s] GC(136) User=0.00s Sys=0.00s Real=0.00s
[2025-06-03T15:51:29.514+0530][17.359s] GC(137) Pause Young (Normal) (G1 Evacuation Pause)
[2025-06-03T15:51:29.514+0530][17.359s] GC(137) Using 8 workers of 8 for evacuation
[2025-06-03T15:51:29.515+0530][17.360s] GC(137) Skipped phase 1 of Reference Processing: no references
[2025-06-03T15:51:29.515+0530][17.360s] GC(137) Skipped phase 2 of Reference Processing: no references
[2025-06-03T15:51:29.515+0530][17.360s] GC(137) Skipped phase 3 of Reference Processing: no references
[2025-06-03T15:51:29.515+0530][17.360s] GC(137) Skipped phase 4 of Reference Processing: no references
[2025-06-03T15:51:29.515+0530][17.360s] GC(137)   Pre Evacuate Collection Set: 0.1ms
[2025-06-03T15:51:29.515+0530][17.360s] GC(137)   Merge Heap Roots: 0.1ms
[2025-06-03T15:51:29.515+0530][17.360s] GC(137)   Evacuate Collection Set: 0.1ms
[2025-06-03T15:51:29.515+0530][17.360s] GC(137)   Post Evacuate Collection Set: 0.3ms
[2025-06-03T15:51:29.515+0530][17.360s] GC(137)   Other: 0.1ms
[2025-06-03T15:51:29.515+0530][17.360s] GC(137) Eden regions: 306->0(306)
[2025-06-03T15:51:29.515+0530][17.360s] GC(137) Survivor regions: 1->1(39)
[2025-06-03T15:51:29.515+0530][17.360s] GC(137) Old regions: 6->6
[2025-06-03T15:51:29.515+0530][17.360s] GC(137) Archive regions: 2->2
[2025-06-03T15:51:29.515+0530][17.360s] GC(137) Humongous regions: 0->0
[2025-06-03T15:51:29.515+0530][17.360s] GC(137) Metaspace: 14694K(15104K)->14694K(15104K) NonClass: 12760K(12992K)->12760K(12992K) Class: 1933K(2112K)->1933K(2112K)
[2025-06-03T15:51:29.515+0530][17.360s] GC(137) Pause Young (Normal) (G1 Evacuation Pause) 312M->6M(512M) 0.886ms
[2025-06-03T15:51:29.515+0530][17.360s] GC(137) User=0.00s Sys=0.00s Real=0.00s
[2025-06-03T15:51:29.615+0530][17.459s] GC(138) Pause Young (Normal) (G1 Evacuation Pause)
[2025-06-03T15:51:29.615+0530][17.460s] GC(138) Using 8 workers of 8 for evacuation
[2025-06-03T15:51:29.615+0530][17.460s] GC(138) Skipped phase 1 of Reference Processing: no references
[2025-06-03T15:51:29.615+0530][17.460s] GC(138) Skipped phase 2 of Reference Processing: no references
[2025-06-03T15:51:29.615+0530][17.460s] GC(138) Skipped phase 3 of Reference Processing: no references
[2025-06-03T15:51:29.615+0530][17.460s] GC(138) Skipped phase 4 of Reference Processing: no references
[2025-06-03T15:51:29.615+0530][17.460s] GC(138)   Pre Evacuate Collection Set: 0.1ms
[2025-06-03T15:51:29.615+0530][17.460s] GC(138)   Merge Heap Roots: 0.1ms
[2025-06-03T15:51:29.615+0530][17.460s] GC(138)   Evacuate Collection Set: 0.2ms
[2025-06-03T15:51:29.616+0530][17.460s] GC(138)   Post Evacuate Collection Set: 0.3ms
[2025-06-03T15:51:29.616+0530][17.460s] GC(138)   Other: 0.1ms
[2025-06-03T15:51:29.616+0530][17.460s] GC(138) Eden regions: 306->0(306)
[2025-06-03T15:51:29.616+0530][17.460s] GC(138) Survivor regions: 1->1(39)
[2025-06-03T15:51:29.616+0530][17.460s] GC(138) Old regions: 6->6
[2025-06-03T15:51:29.616+0530][17.460s] GC(138) Archive regions: 2->2
[2025-06-03T15:51:29.616+0530][17.460s] GC(138) Humongous regions: 0->0
[2025-06-03T15:51:29.616+0530][17.460s] GC(138) Metaspace: 14694K(15104K)->14694K(15104K) NonClass: 12760K(12992K)->12760K(12992K) Class: 1933K(2112K)->1933K(2112K)
[2025-06-03T15:51:29.616+0530][17.460s] GC(138) Pause Young (Normal) (G1 Evacuation Pause) 312M->6M(512M) 0.930ms
[2025-06-03T15:51:29.616+0530][17.460s] GC(138) User=0.00s Sys=0.00s Real=0.00s
[2025-06-03T15:51:29.716+0530][17.561s] GC(139) Pause Young (Normal) (G1 Evacuation Pause)
[2025-06-03T15:51:29.716+0530][17.561s] GC(139) Using 8 workers of 8 for evacuation
[2025-06-03T15:51:29.716+0530][17.561s] GC(139) Skipped phase 1 of Reference Processing: no references
[2025-06-03T15:51:29.716+0530][17.561s] GC(139) Skipped phase 2 of Reference Processing: no references
[2025-06-03T15:51:29.716+0530][17.561s] GC(139) Skipped phase 3 of Reference Processing: no references
[2025-06-03T15:51:29.716+0530][17.561s] GC(139) Skipped phase 4 of Reference Processing: no references
[2025-06-03T15:51:29.717+0530][17.562s] GC(139)   Pre Evacuate Collection Set: 0.1ms
[2025-06-03T15:51:29.717+0530][17.562s] GC(139)   Merge Heap Roots: 0.1ms
[2025-06-03T15:51:29.717+0530][17.562s] GC(139)   Evacuate Collection Set: 0.1ms
[2025-06-03T15:51:29.717+0530][17.562s] GC(139)   Post Evacuate Collection Set: 0.4ms
[2025-06-03T15:51:29.717+0530][17.562s] GC(139)   Other: 0.1ms
[2025-06-03T15:51:29.717+0530][17.562s] GC(139) Eden regions: 306->0(306)
[2025-06-03T15:51:29.717+0530][17.562s] GC(139) Survivor regions: 1->1(39)
[2025-06-03T15:51:29.717+0530][17.562s] GC(139) Old regions: 6->6
[2025-06-03T15:51:29.717+0530][17.562s] GC(139) Archive regions: 2->2
[2025-06-03T15:51:29.717+0530][17.562s] GC(139) Humongous regions: 0->0
[2025-06-03T15:51:29.717+0530][17.562s] GC(139) Metaspace: 14694K(15104K)->14694K(15104K) NonClass: 12760K(12992K)->12760K(12992K) Class: 1933K(2112K)->1933K(2112K)
[2025-06-03T15:51:29.717+0530][17.562s] GC(139) Pause Young (Normal) (G1 Evacuation Pause) 312M->6M(512M) 0.907ms
[2025-06-03T15:51:29.717+0530][17.562s] GC(139) User=0.00s Sys=0.00s Real=0.00s
[2025-06-03T15:51:29.824+0530][17.668s] GC(140) Pause Young (Normal) (G1 Evacuation Pause)
[2025-06-03T15:51:29.824+0530][17.668s] GC(140) Using 8 workers of 8 for evacuation
[2025-06-03T15:51:29.824+0530][17.669s] GC(140) Skipped phase 1 of Reference Processing: no references
[2025-06-03T15:51:29.824+0530][17.669s] GC(140) Skipped phase 2 of Reference Processing: no references
[2025-06-03T15:51:29.824+0530][17.669s] GC(140) Skipped phase 3 of Reference Processing: no references
[2025-06-03T15:51:29.824+0530][17.669s] GC(140) Skipped phase 4 of Reference Processing: no references
[2025-06-03T15:51:29.824+0530][17.669s] GC(140)   Pre Evacuate Collection Set: 0.1ms
[2025-06-03T15:51:29.824+0530][17.669s] GC(140)   Merge Heap Roots: 0.1ms
[2025-06-03T15:51:29.824+0530][17.669s] GC(140)   Evacuate Collection Set: 0.2ms
[2025-06-03T15:51:29.824+0530][17.669s] GC(140)   Post Evacuate Collection Set: 0.3ms
[2025-06-03T15:51:29.824+0530][17.669s] GC(140)   Other: 0.1ms
[2025-06-03T15:51:29.824+0530][17.669s] GC(140) Eden regions: 306->0(306)
[2025-06-03T15:51:29.824+0530][17.669s] GC(140) Survivor regions: 1->1(39)
[2025-06-03T15:51:29.824+0530][17.669s] GC(140) Old regions: 6->6
[2025-06-03T15:51:29.824+0530][17.669s] GC(140) Archive regions: 2->2
[2025-06-03T15:51:29.825+0530][17.669s] GC(140) Humongous regions: 0->0
[2025-06-03T15:51:29.825+0530][17.669s] GC(140) Metaspace: 14694K(15104K)->14694K(15104K) NonClass: 12760K(12992K)->12760K(12992K) Class: 1933K(2112K)->1933K(2112K)
[2025-06-03T15:51:29.825+0530][17.669s] GC(140) Pause Young (Normal) (G1 Evacuation Pause) 312M->6M(512M) 0.998ms
[2025-06-03T15:51:29.825+0530][17.669s] GC(140) User=0.00s Sys=0.00s Real=0.00s
[2025-06-03T15:51:29.934+0530][17.779s] GC(141) Pause Young (Normal) (G1 Evacuation Pause)
[2025-06-03T15:51:29.934+0530][17.779s] GC(141) Using 8 workers of 8 for evacuation
[2025-06-03T15:51:29.935+0530][17.779s] GC(141) Skipped phase 1 of Reference Processing: no references
[2025-06-03T15:51:29.935+0530][17.779s] GC(141) Skipped phase 2 of Reference Processing: no references
[2025-06-03T15:51:29.935+0530][17.779s] GC(141) Skipped phase 3 of Reference Processing: no references
[2025-06-03T15:51:29.935+0530][17.779s] GC(141) Skipped phase 4 of Reference Processing: no references
[2025-06-03T15:51:29.935+0530][17.780s] GC(141)   Pre Evacuate Collection Set: 0.1ms
[2025-06-03T15:51:29.935+0530][17.780s] GC(141)   Merge Heap Roots: 0.1ms
[2025-06-03T15:51:29.935+0530][17.780s] GC(141)   Evacuate Collection Set: 0.2ms
[2025-06-03T15:51:29.935+0530][17.780s] GC(141)   Post Evacuate Collection Set: 0.3ms
[2025-06-03T15:51:29.935+0530][17.780s] GC(141)   Other: 0.1ms
[2025-06-03T15:51:29.935+0530][17.780s] GC(141) Eden regions: 306->0(306)
[2025-06-03T15:51:29.935+0530][17.780s] GC(141) Survivor regions: 1->1(39)
[2025-06-03T15:51:29.935+0530][17.780s] GC(141) Old regions: 6->6
[2025-06-03T15:51:29.935+0530][17.780s] GC(141) Archive regions: 2->2
[2025-06-03T15:51:29.935+0530][17.780s] GC(141) Humongous regions: 0->0
[2025-06-03T15:51:29.935+0530][17.780s] GC(141) Metaspace: 14694K(15104K)->14694K(15104K) NonClass: 12760K(12992K)->12760K(12992K) Class: 1933K(2112K)->1933K(2112K)
[2025-06-03T15:51:29.935+0530][17.780s] GC(141) Pause Young (Normal) (G1 Evacuation Pause) 312M->6M(512M) 0.878ms
[2025-06-03T15:51:29.935+0530][17.780s] GC(141) User=0.01s Sys=0.00s Real=0.00s
[2025-06-03T15:51:30.038+0530][17.883s] GC(142) Pause Young (Normal) (G1 Evacuation Pause)
[2025-06-03T15:51:30.039+0530][17.883s] GC(142) Using 8 workers of 8 for evacuation
[2025-06-03T15:51:30.039+0530][17.884s] GC(142) Skipped phase 1 of Reference Processing: no references
[2025-06-03T15:51:30.039+0530][17.884s] GC(142) Skipped phase 2 of Reference Processing: no references
[2025-06-03T15:51:30.039+0530][17.884s] GC(142) Skipped phase 3 of Reference Processing: no references
[2025-06-03T15:51:30.039+0530][17.884s] GC(142) Skipped phase 4 of Reference Processing: no references
[2025-06-03T15:51:30.039+0530][17.884s] GC(142)   Pre Evacuate Collection Set: 0.1ms
[2025-06-03T15:51:30.039+0530][17.884s] GC(142)   Merge Heap Roots: 0.1ms
[2025-06-03T15:51:30.039+0530][17.884s] GC(142)   Evacuate Collection Set: 0.2ms
[2025-06-03T15:51:30.039+0530][17.884s] GC(142)   Post Evacuate Collection Set: 0.3ms
[2025-06-03T15:51:30.039+0530][17.884s] GC(142)   Other: 0.1ms
[2025-06-03T15:51:30.039+0530][17.884s] GC(142) Eden regions: 306->0(306)
[2025-06-03T15:51:30.039+0530][17.884s] GC(142) Survivor regions: 1->1(39)
[2025-06-03T15:51:30.039+0530][17.884s] GC(142) Old regions: 6->6
[2025-06-03T15:51:30.039+0530][17.884s] GC(142) Archive regions: 2->2
[2025-06-03T15:51:30.039+0530][17.884s] GC(142) Humongous regions: 0->0
[2025-06-03T15:51:30.039+0530][17.884s] GC(142) Metaspace: 14694K(15104K)->14694K(15104K) NonClass: 12760K(12992K)->12760K(12992K) Class: 1933K(2112K)->1933K(2112K)
[2025-06-03T15:51:30.039+0530][17.884s] GC(142) Pause Young (Normal) (G1 Evacuation Pause) 312M->6M(512M) 0.894ms
[2025-06-03T15:51:30.039+0530][17.884s] GC(142) User=0.00s Sys=0.00s Real=0.00s
[2025-06-03T15:51:30.149+0530][17.994s] GC(143) Pause Young (Normal) (G1 Evacuation Pause)
[2025-06-03T15:51:30.149+0530][17.994s] GC(143) Using 8 workers of 8 for evacuation
[2025-06-03T15:51:30.149+0530][17.994s] GC(143) Skipped phase 1 of Reference Processing: no references
[2025-06-03T15:51:30.150+0530][17.994s] GC(143) Skipped phase 2 of Reference Processing: no references
[2025-06-03T15:51:30.150+0530][17.994s] GC(143) Skipped phase 3 of Reference Processing: no references
[2025-06-03T15:51:30.150+0530][17.994s] GC(143) Skipped phase 4 of Reference Processing: no references
[2025-06-03T15:51:30.150+0530][17.995s] GC(143)   Pre Evacuate Collection Set: 0.1ms
[2025-06-03T15:51:30.150+0530][17.995s] GC(143)   Merge Heap Roots: 0.1ms
[2025-06-03T15:51:30.150+0530][17.995s] GC(143)   Evacuate Collection Set: 0.2ms
[2025-06-03T15:51:30.150+0530][17.995s] GC(143)   Post Evacuate Collection Set: 0.4ms
[2025-06-03T15:51:30.150+0530][17.995s] GC(143)   Other: 0.3ms
[2025-06-03T15:51:30.150+0530][17.995s] GC(143) Eden regions: 306->0(306)
[2025-06-03T15:51:30.150+0530][17.995s] GC(143) Survivor regions: 1->1(39)
[2025-06-03T15:51:30.150+0530][17.995s] GC(143) Old regions: 6->6
[2025-06-03T15:51:30.150+0530][17.995s] GC(143) Archive regions: 2->2
[2025-06-03T15:51:30.150+0530][17.995s] GC(143) Humongous regions: 0->0
[2025-06-03T15:51:30.150+0530][17.995s] GC(143) Metaspace: 14694K(15104K)->14694K(15104K) NonClass: 12760K(12992K)->12760K(12992K) Class: 1933K(2112K)->1933K(2112K)
[2025-06-03T15:51:30.150+0530][17.995s] GC(143) Pause Young (Normal) (G1 Evacuation Pause) 312M->6M(512M) 1.219ms
[2025-06-03T15:51:30.150+0530][17.995s] GC(143) User=0.00s Sys=0.00s Real=0.01s
[2025-06-03T15:51:30.263+0530][18.107s] GC(144) Pause Young (Normal) (G1 Evacuation Pause)
[2025-06-03T15:51:30.263+0530][18.107s] GC(144) Using 8 workers of 8 for evacuation
[2025-06-03T15:51:30.263+0530][18.108s] GC(144) Skipped phase 1 of Reference Processing: no references
[2025-06-03T15:51:30.263+0530][18.108s] GC(144) Skipped phase 2 of Reference Processing: no references
[2025-06-03T15:51:30.263+0530][18.108s] GC(144) Skipped phase 3 of Reference Processing: no references
[2025-06-03T15:51:30.263+0530][18.108s] GC(144) Skipped phase 4 of Reference Processing: no references
[2025-06-03T15:51:30.263+0530][18.108s] GC(144)   Pre Evacuate Collection Set: 0.1ms
[2025-06-03T15:51:30.264+0530][18.108s] GC(144)   Merge Heap Roots: 0.1ms
[2025-06-03T15:51:30.264+0530][18.108s] GC(144)   Evacuate Collection Set: 0.2ms
[2025-06-03T15:51:30.264+0530][18.108s] GC(144)   Post Evacuate Collection Set: 0.4ms
[2025-06-03T15:51:30.264+0530][18.108s] GC(144)   Other: 0.2ms
[2025-06-03T15:51:30.264+0530][18.108s] GC(144) Eden regions: 306->0(306)
[2025-06-03T15:51:30.264+0530][18.108s] GC(144) Survivor regions: 1->1(39)
[2025-06-03T15:51:30.264+0530][18.108s] GC(144) Old regions: 6->6
[2025-06-03T15:51:30.264+0530][18.108s] GC(144) Archive regions: 2->2
[2025-06-03T15:51:30.264+0530][18.108s] GC(144) Humongous regions: 0->0
[2025-06-03T15:51:30.264+0530][18.108s] GC(144) Metaspace: 14694K(15104K)->14694K(15104K) NonClass: 12760K(12992K)->12760K(12992K) Class: 1933K(2112K)->1933K(2112K)
[2025-06-03T15:51:30.264+0530][18.108s] GC(144) Pause Young (Normal) (G1 Evacuation Pause) 312M->6M(512M) 1.087ms
[2025-06-03T15:51:30.264+0530][18.108s] GC(144) User=0.00s Sys=0.00s Real=0.00s
[2025-06-03T15:51:30.378+0530][18.223s] GC(145) Pause Young (Normal) (G1 Evacuation Pause)
[2025-06-03T15:51:30.378+0530][18.223s] GC(145) Using 8 workers of 8 for evacuation
[2025-06-03T15:51:30.378+0530][18.223s] GC(145) Skipped phase 1 of Reference Processing: no references
[2025-06-03T15:51:30.378+0530][18.223s] GC(145) Skipped phase 2 of Reference Processing: no references
[2025-06-03T15:51:30.378+0530][18.223s] GC(145) Skipped phase 3 of Reference Processing: no references
[2025-06-03T15:51:30.378+0530][18.223s] GC(145) Skipped phase 4 of Reference Processing: no references
[2025-06-03T15:51:30.379+0530][18.224s] GC(145)   Pre Evacuate Collection Set: 0.1ms
[2025-06-03T15:51:30.379+0530][18.224s] GC(145)   Merge Heap Roots: 0.1ms
[2025-06-03T15:51:30.379+0530][18.224s] GC(145)   Evacuate Collection Set: 0.3ms
[2025-06-03T15:51:30.379+0530][18.224s] GC(145)   Post Evacuate Collection Set: 0.4ms
[2025-06-03T15:51:30.379+0530][18.224s] GC(145)   Other: 0.2ms
[2025-06-03T15:51:30.379+0530][18.224s] GC(145) Eden regions: 306->0(306)
[2025-06-03T15:51:30.379+0530][18.224s] GC(145) Survivor regions: 1->1(39)
[2025-06-03T15:51:30.379+0530][18.224s] GC(145) Old regions: 6->6
[2025-06-03T15:51:30.379+0530][18.224s] GC(145) Archive regions: 2->2
[2025-06-03T15:51:30.379+0530][18.224s] GC(145) Humongous regions: 0->0
[2025-06-03T15:51:30.379+0530][18.224s] GC(145) Metaspace: 14694K(15104K)->14694K(15104K) NonClass: 12760K(12992K)->12760K(12992K) Class: 1933K(2112K)->1933K(2112K)
[2025-06-03T15:51:30.379+0530][18.224s] GC(145) Pause Young (Normal) (G1 Evacuation Pause) 312M->6M(512M) 1.209ms
[2025-06-03T15:51:30.379+0530][18.224s] GC(145) User=0.00s Sys=0.00s Real=0.00s
[2025-06-03T15:51:30.497+0530][18.342s] GC(146) Pause Young (Normal) (G1 Evacuation Pause)
[2025-06-03T15:51:30.497+0530][18.342s] GC(146) Using 8 workers of 8 for evacuation
[2025-06-03T15:51:30.498+0530][18.342s] GC(146) Skipped phase 1 of Reference Processing: no references
[2025-06-03T15:51:30.498+0530][18.343s] GC(146) Skipped phase 2 of Reference Processing: no references
[2025-06-03T15:51:30.498+0530][18.343s] GC(146) Skipped phase 3 of Reference Processing: no references
[2025-06-03T15:51:30.498+0530][18.343s] GC(146) Skipped phase 4 of Reference Processing: no references
[2025-06-03T15:51:30.498+0530][18.343s] GC(146)   Pre Evacuate Collection Set: 0.1ms
[2025-06-03T15:51:30.498+0530][18.343s] GC(146)   Merge Heap Roots: 0.0ms
[2025-06-03T15:51:30.498+0530][18.343s] GC(146)   Evacuate Collection Set: 0.1ms
[2025-06-03T15:51:30.498+0530][18.343s] GC(146)   Post Evacuate Collection Set: 0.3ms
[2025-06-03T15:51:30.498+0530][18.343s] GC(146)   Other: 0.1ms
[2025-06-03T15:51:30.498+0530][18.343s] GC(146) Eden regions: 306->0(306)
[2025-06-03T15:51:30.498+0530][18.343s] GC(146) Survivor regions: 1->1(39)
[2025-06-03T15:51:30.498+0530][18.343s] GC(146) Old regions: 6->6
[2025-06-03T15:51:30.498+0530][18.343s] GC(146) Archive regions: 2->2
[2025-06-03T15:51:30.498+0530][18.343s] GC(146) Humongous regions: 0->0
[2025-06-03T15:51:30.498+0530][18.343s] GC(146) Metaspace: 14694K(15104K)->14694K(15104K) NonClass: 12760K(12992K)->12760K(12992K) Class: 1933K(2112K)->1933K(2112K)
[2025-06-03T15:51:30.498+0530][18.343s] GC(146) Pause Young (Normal) (G1 Evacuation Pause) 312M->6M(512M) 0.826ms
[2025-06-03T15:51:30.498+0530][18.343s] GC(146) User=0.00s Sys=0.00s Real=0.00s
[2025-06-03T15:51:30.595+0530][18.439s] GC(147) Pause Young (Normal) (G1 Evacuation Pause)
[2025-06-03T15:51:30.595+0530][18.439s] GC(147) Using 8 workers of 8 for evacuation
[2025-06-03T15:51:30.595+0530][18.440s] GC(147) Skipped phase 1 of Reference Processing: no references
[2025-06-03T15:51:30.595+0530][18.440s] GC(147) Skipped phase 2 of Reference Processing: no references
[2025-06-03T15:51:30.595+0530][18.440s] GC(147) Skipped phase 3 of Reference Processing: no references
[2025-06-03T15:51:30.595+0530][18.440s] GC(147) Skipped phase 4 of Reference Processing: no references
[2025-06-03T15:51:30.595+0530][18.440s] GC(147)   Pre Evacuate Collection Set: 0.1ms
[2025-06-03T15:51:30.595+0530][18.440s] GC(147)   Merge Heap Roots: 0.1ms
[2025-06-03T15:51:30.595+0530][18.440s] GC(147)   Evacuate Collection Set: 0.2ms
[2025-06-03T15:51:30.595+0530][18.440s] GC(147)   Post Evacuate Collection Set: 0.4ms
[2025-06-03T15:51:30.595+0530][18.440s] GC(147)   Other: 0.1ms
[2025-06-03T15:51:30.595+0530][18.440s] GC(147) Eden regions: 306->0(306)
[2025-06-03T15:51:30.595+0530][18.440s] GC(147) Survivor regions: 1->1(39)
[2025-06-03T15:51:30.595+0530][18.440s] GC(147) Old regions: 6->6
[2025-06-03T15:51:30.595+0530][18.440s] GC(147) Archive regions: 2->2
[2025-06-03T15:51:30.596+0530][18.440s] GC(147) Humongous regions: 0->0
[2025-06-03T15:51:30.596+0530][18.440s] GC(147) Metaspace: 14694K(15104K)->14694K(15104K) NonClass: 12760K(12992K)->12760K(12992K) Class: 1933K(2112K)->1933K(2112K)
[2025-06-03T15:51:30.596+0530][18.440s] GC(147) Pause Young (Normal) (G1 Evacuation Pause) 312M->6M(512M) 0.983ms
[2025-06-03T15:51:30.596+0530][18.440s] GC(147) User=0.00s Sys=0.00s Real=0.00s
[2025-06-03T15:51:30.705+0530][18.550s] GC(148) Pause Young (Normal) (G1 Evacuation Pause)
[2025-06-03T15:51:30.705+0530][18.550s] GC(148) Using 8 workers of 8 for evacuation
[2025-06-03T15:51:30.705+0530][18.550s] GC(148) Skipped phase 1 of Reference Processing: no references
[2025-06-03T15:51:30.706+0530][18.550s] GC(148) Skipped phase 2 of Reference Processing: no references
[2025-06-03T15:51:30.706+0530][18.550s] GC(148) Skipped phase 3 of Reference Processing: no references
[2025-06-03T15:51:30.706+0530][18.550s] GC(148) Skipped phase 4 of Reference Processing: no references
[2025-06-03T15:51:30.706+0530][18.551s] GC(148)   Pre Evacuate Collection Set: 0.1ms
[2025-06-03T15:51:30.706+0530][18.551s] GC(148)   Merge Heap Roots: 0.1ms
[2025-06-03T15:51:30.706+0530][18.551s] GC(148)   Evacuate Collection Set: 0.2ms
[2025-06-03T15:51:30.706+0530][18.551s] GC(148)   Post Evacuate Collection Set: 0.4ms
[2025-06-03T15:51:30.706+0530][18.551s] GC(148)   Other: 0.1ms
[2025-06-03T15:51:30.706+0530][18.551s] GC(148) Eden regions: 306->0(306)
[2025-06-03T15:51:30.706+0530][18.551s] GC(148) Survivor regions: 1->1(39)
[2025-06-03T15:51:30.706+0530][18.551s] GC(148) Old regions: 6->6
[2025-06-03T15:51:30.706+0530][18.551s] GC(148) Archive regions: 2->2
[2025-06-03T15:51:30.706+0530][18.551s] GC(148) Humongous regions: 0->0
[2025-06-03T15:51:30.706+0530][18.551s] GC(148) Metaspace: 14694K(15104K)->14694K(15104K) NonClass: 12760K(12992K)->12760K(12992K) Class: 1933K(2112K)->1933K(2112K)
[2025-06-03T15:51:30.706+0530][18.551s] GC(148) Pause Young (Normal) (G1 Evacuation Pause) 312M->6M(512M) 0.964ms
[2025-06-03T15:51:30.706+0530][18.551s] GC(148) User=0.00s Sys=0.00s Real=0.00s
[2025-06-03T15:51:30.808+0530][18.653s] GC(149) Pause Young (Normal) (G1 Evacuation Pause)
[2025-06-03T15:51:30.808+0530][18.653s] GC(149) Using 8 workers of 8 for evacuation
[2025-06-03T15:51:30.808+0530][18.653s] GC(149) Skipped phase 1 of Reference Processing: no references
[2025-06-03T15:51:30.808+0530][18.653s] GC(149) Skipped phase 2 of Reference Processing: no references
[2025-06-03T15:51:30.808+0530][18.653s] GC(149) Skipped phase 3 of Reference Processing: no references
[2025-06-03T15:51:30.808+0530][18.653s] GC(149) Skipped phase 4 of Reference Processing: no references
[2025-06-03T15:51:30.809+0530][18.653s] GC(149)   Pre Evacuate Collection Set: 0.1ms
[2025-06-03T15:51:30.809+0530][18.653s] GC(149)   Merge Heap Roots: 0.1ms
[2025-06-03T15:51:30.809+0530][18.653s] GC(149)   Evacuate Collection Set: 0.1ms
[2025-06-03T15:51:30.809+0530][18.653s] GC(149)   Post Evacuate Collection Set: 0.3ms
[2025-06-03T15:51:30.809+0530][18.653s] GC(149)   Other: 0.1ms
[2025-06-03T15:51:30.809+0530][18.653s] GC(149) Eden regions: 306->0(306)
[2025-06-03T15:51:30.809+0530][18.653s] GC(149) Survivor regions: 1->1(39)
[2025-06-03T15:51:30.809+0530][18.653s] GC(149) Old regions: 6->6
[2025-06-03T15:51:30.809+0530][18.653s] GC(149) Archive regions: 2->2
[2025-06-03T15:51:30.809+0530][18.653s] GC(149) Humongous regions: 0->0
[2025-06-03T15:51:30.809+0530][18.653s] GC(149) Metaspace: 14694K(15104K)->14694K(15104K) NonClass: 12760K(12992K)->12760K(12992K) Class: 1933K(2112K)->1933K(2112K)
[2025-06-03T15:51:30.809+0530][18.654s] GC(149) Pause Young (Normal) (G1 Evacuation Pause) 312M->6M(512M) 0.857ms
[2025-06-03T15:51:30.809+0530][18.654s] GC(149) User=0.00s Sys=0.00s Real=0.00s
[2025-06-03T15:51:30.905+0530][18.750s] GC(150) Pause Young (Normal) (G1 Evacuation Pause)
[2025-06-03T15:51:30.905+0530][18.750s] GC(150) Using 8 workers of 8 for evacuation
[2025-06-03T15:51:30.905+0530][18.750s] GC(150) Skipped phase 1 of Reference Processing: no references
[2025-06-03T15:51:30.905+0530][18.750s] GC(150) Skipped phase 2 of Reference Processing: no references
[2025-06-03T15:51:30.905+0530][18.750s] GC(150) Skipped phase 3 of Reference Processing: no references
[2025-06-03T15:51:30.905+0530][18.750s] GC(150) Skipped phase 4 of Reference Processing: no references
[2025-06-03T15:51:30.906+0530][18.750s] GC(150)   Pre Evacuate Collection Set: 0.1ms
[2025-06-03T15:51:30.906+0530][18.750s] GC(150)   Merge Heap Roots: 0.0ms
[2025-06-03T15:51:30.906+0530][18.750s] GC(150)   Evacuate Collection Set: 0.1ms
[2025-06-03T15:51:30.906+0530][18.750s] GC(150)   Post Evacuate Collection Set: 0.3ms
[2025-06-03T15:51:30.906+0530][18.750s] GC(150)   Other: 0.1ms
[2025-06-03T15:51:30.906+0530][18.750s] GC(150) Eden regions: 306->0(306)
[2025-06-03T15:51:30.906+0530][18.750s] GC(150) Survivor regions: 1->1(39)
[2025-06-03T15:51:30.906+0530][18.751s] GC(150) Old regions: 6->6
[2025-06-03T15:51:30.906+0530][18.751s] GC(150) Archive regions: 2->2
[2025-06-03T15:51:30.906+0530][18.751s] GC(150) Humongous regions: 0->0
[2025-06-03T15:51:30.906+0530][18.751s] GC(150) Metaspace: 14694K(15104K)->14694K(15104K) NonClass: 12760K(12992K)->12760K(12992K) Class: 1933K(2112K)->1933K(2112K)
[2025-06-03T15:51:30.906+0530][18.751s] GC(150) Pause Young (Normal) (G1 Evacuation Pause) 312M->6M(512M) 0.876ms
[2025-06-03T15:51:30.906+0530][18.751s] GC(150) User=0.00s Sys=0.00s Real=0.00s
[2025-06-03T15:51:31.003+0530][18.848s] GC(151) Pause Young (Normal) (G1 Evacuation Pause)
[2025-06-03T15:51:31.003+0530][18.848s] GC(151) Using 8 workers of 8 for evacuation
[2025-06-03T15:51:31.003+0530][18.848s] GC(151) Skipped phase 1 of Reference Processing: no references
[2025-06-03T15:51:31.003+0530][18.848s] GC(151) Skipped phase 2 of Reference Processing: no references
[2025-06-03T15:51:31.003+0530][18.848s] GC(151) Skipped phase 3 of Reference Processing: no references
[2025-06-03T15:51:31.003+0530][18.848s] GC(151) Skipped phase 4 of Reference Processing: no references
[2025-06-03T15:51:31.004+0530][18.848s] GC(151)   Pre Evacuate Collection Set: 0.1ms
[2025-06-03T15:51:31.004+0530][18.848s] GC(151)   Merge Heap Roots: 0.1ms
[2025-06-03T15:51:31.004+0530][18.848s] GC(151)   Evacuate Collection Set: 0.1ms
[2025-06-03T15:51:31.004+0530][18.849s] GC(151)   Post Evacuate Collection Set: 0.3ms
[2025-06-03T15:51:31.004+0530][18.849s] GC(151)   Other: 0.1ms
[2025-06-03T15:51:31.004+0530][18.849s] GC(151) Eden regions: 306->0(306)
[2025-06-03T15:51:31.004+0530][18.849s] GC(151) Survivor regions: 1->1(39)
[2025-06-03T15:51:31.004+0530][18.849s] GC(151) Old regions: 6->6
[2025-06-03T15:51:31.004+0530][18.849s] GC(151) Archive regions: 2->2
[2025-06-03T15:51:31.004+0530][18.849s] GC(151) Humongous regions: 0->0
[2025-06-03T15:51:31.004+0530][18.849s] GC(151) Metaspace: 14694K(15104K)->14694K(15104K) NonClass: 12760K(12992K)->12760K(12992K) Class: 1933K(2112K)->1933K(2112K)
[2025-06-03T15:51:31.004+0530][18.849s] GC(151) Pause Young (Normal) (G1 Evacuation Pause) 312M->6M(512M) 0.850ms
[2025-06-03T15:51:31.004+0530][18.849s] GC(151) User=0.01s Sys=0.00s Real=0.00s
[2025-06-03T15:51:31.102+0530][18.947s] GC(152) Pause Young (Normal) (G1 Evacuation Pause)
[2025-06-03T15:51:31.102+0530][18.947s] GC(152) Using 8 workers of 8 for evacuation
[2025-06-03T15:51:31.102+0530][18.947s] GC(152) Skipped phase 1 of Reference Processing: no references
[2025-06-03T15:51:31.102+0530][18.947s] GC(152) Skipped phase 2 of Reference Processing: no references
[2025-06-03T15:51:31.102+0530][18.947s] GC(152) Skipped phase 3 of Reference Processing: no references
[2025-06-03T15:51:31.102+0530][18.947s] GC(152) Skipped phase 4 of Reference Processing: no references
[2025-06-03T15:51:31.103+0530][18.948s] GC(152)   Pre Evacuate Collection Set: 0.0ms
[2025-06-03T15:51:31.103+0530][18.948s] GC(152)   Merge Heap Roots: 0.0ms
[2025-06-03T15:51:31.103+0530][18.948s] GC(152)   Evacuate Collection Set: 0.1ms
[2025-06-03T15:51:31.103+0530][18.948s] GC(152)   Post Evacuate Collection Set: 0.4ms
[2025-06-03T15:51:31.103+0530][18.948s] GC(152)   Other: 0.1ms
[2025-06-03T15:51:31.103+0530][18.948s] GC(152) Eden regions: 306->0(306)
[2025-06-03T15:51:31.103+0530][18.948s] GC(152) Survivor regions: 1->1(39)
[2025-06-03T15:51:31.103+0530][18.948s] GC(152) Old regions: 6->6
[2025-06-03T15:51:31.103+0530][18.948s] GC(152) Archive regions: 2->2
[2025-06-03T15:51:31.103+0530][18.948s] GC(152) Humongous regions: 0->0
[2025-06-03T15:51:31.103+0530][18.948s] GC(152) Metaspace: 14694K(15104K)->14694K(15104K) NonClass: 12760K(12992K)->12760K(12992K) Class: 1933K(2112K)->1933K(2112K)
[2025-06-03T15:51:31.103+0530][18.948s] GC(152) Pause Young (Normal) (G1 Evacuation Pause) 312M->6M(512M) 0.906ms
[2025-06-03T15:51:31.103+0530][18.948s] GC(152) User=0.00s Sys=0.00s Real=0.00s
[2025-06-03T15:51:31.207+0530][19.052s] GC(153) Pause Young (Normal) (G1 Evacuation Pause)
[2025-06-03T15:51:31.207+0530][19.052s] GC(153) Using 8 workers of 8 for evacuation
[2025-06-03T15:51:31.207+0530][19.052s] GC(153) Skipped phase 1 of Reference Processing: no references
[2025-06-03T15:51:31.207+0530][19.052s] GC(153) Skipped phase 2 of Reference Processing: no references
[2025-06-03T15:51:31.207+0530][19.052s] GC(153) Skipped phase 3 of Reference Processing: no references
[2025-06-03T15:51:31.207+0530][19.052s] GC(153) Skipped phase 4 of Reference Processing: no references
[2025-06-03T15:51:31.208+0530][19.052s] GC(153)   Pre Evacuate Collection Set: 0.0ms
[2025-06-03T15:51:31.208+0530][19.052s] GC(153)   Merge Heap Roots: 0.1ms
[2025-06-03T15:51:31.208+0530][19.052s] GC(153)   Evacuate Collection Set: 0.2ms
[2025-06-03T15:51:31.208+0530][19.052s] GC(153)   Post Evacuate Collection Set: 0.3ms
[2025-06-03T15:51:31.208+0530][19.052s] GC(153)   Other: 0.1ms
[2025-06-03T15:51:31.208+0530][19.053s] GC(153) Eden regions: 306->0(306)
[2025-06-03T15:51:31.208+0530][19.053s] GC(153) Survivor regions: 1->1(39)
[2025-06-03T15:51:31.208+0530][19.053s] GC(153) Old regions: 6->6
[2025-06-03T15:51:31.208+0530][19.053s] GC(153) Archive regions: 2->2
[2025-06-03T15:51:31.208+0530][19.053s] GC(153) Humongous regions: 0->0
[2025-06-03T15:51:31.208+0530][19.053s] GC(153) Metaspace: 14694K(15104K)->14694K(15104K) NonClass: 12760K(12992K)->12760K(12992K) Class: 1933K(2112K)->1933K(2112K)
[2025-06-03T15:51:31.208+0530][19.053s] GC(153) Pause Young (Normal) (G1 Evacuation Pause) 312M->6M(512M) 1.022ms
[2025-06-03T15:51:31.208+0530][19.053s] GC(153) User=0.00s Sys=0.00s Real=0.00s
[2025-06-03T15:51:31.317+0530][19.162s] GC(154) Pause Young (Normal) (G1 Evacuation Pause)
[2025-06-03T15:51:31.317+0530][19.162s] GC(154) Using 8 workers of 8 for evacuation
[2025-06-03T15:51:31.318+0530][19.163s] GC(154) Skipped phase 1 of Reference Processing: no references
[2025-06-03T15:51:31.318+0530][19.163s] GC(154) Skipped phase 2 of Reference Processing: no references
[2025-06-03T15:51:31.318+0530][19.163s] GC(154) Skipped phase 3 of Reference Processing: no references
[2025-06-03T15:51:31.318+0530][19.163s] GC(154) Skipped phase 4 of Reference Processing: no references
[2025-06-03T15:51:31.318+0530][19.163s] GC(154)   Pre Evacuate Collection Set: 0.1ms
[2025-06-03T15:51:31.318+0530][19.163s] GC(154)   Merge Heap Roots: 0.1ms
[2025-06-03T15:51:31.318+0530][19.163s] GC(154)   Evacuate Collection Set: 0.2ms
[2025-06-03T15:51:31.318+0530][19.163s] GC(154)   Post Evacuate Collection Set: 0.3ms
[2025-06-03T15:51:31.318+0530][19.163s] GC(154)   Other: 0.2ms
[2025-06-03T15:51:31.318+0530][19.163s] GC(154) Eden regions: 306->0(306)
[2025-06-03T15:51:31.318+0530][19.163s] GC(154) Survivor regions: 1->1(39)
[2025-06-03T15:51:31.318+0530][19.163s] GC(154) Old regions: 6->6
[2025-06-03T15:51:31.318+0530][19.163s] GC(154) Archive regions: 2->2
[2025-06-03T15:51:31.318+0530][19.163s] GC(154) Humongous regions: 0->0
[2025-06-03T15:51:31.318+0530][19.163s] GC(154) Metaspace: 14694K(15104K)->14694K(15104K) NonClass: 12760K(12992K)->12760K(12992K) Class: 1933K(2112K)->1933K(2112K)
[2025-06-03T15:51:31.318+0530][19.163s] GC(154) Pause Young (Normal) (G1 Evacuation Pause) 312M->6M(512M) 0.970ms
[2025-06-03T15:51:31.318+0530][19.163s] GC(154) User=0.01s Sys=0.00s Real=0.00s
[2025-06-03T15:51:31.415+0530][19.260s] GC(155) Pause Young (Normal) (G1 Evacuation Pause)
[2025-06-03T15:51:31.415+0530][19.260s] GC(155) Using 8 workers of 8 for evacuation
[2025-06-03T15:51:31.415+0530][19.260s] GC(155) Skipped phase 1 of Reference Processing: no references
[2025-06-03T15:51:31.415+0530][19.260s] GC(155) Skipped phase 2 of Reference Processing: no references
[2025-06-03T15:51:31.415+0530][19.260s] GC(155) Skipped phase 3 of Reference Processing: no references
[2025-06-03T15:51:31.415+0530][19.260s] GC(155) Skipped phase 4 of Reference Processing: no references
[2025-06-03T15:51:31.416+0530][19.260s] GC(155)   Pre Evacuate Collection Set: 0.0ms
[2025-06-03T15:51:31.416+0530][19.260s] GC(155)   Merge Heap Roots: 0.1ms
[2025-06-03T15:51:31.416+0530][19.260s] GC(155)   Evacuate Collection Set: 0.2ms
[2025-06-03T15:51:31.416+0530][19.260s] GC(155)   Post Evacuate Collection Set: 0.3ms
[2025-06-03T15:51:31.416+0530][19.260s] GC(155)   Other: 0.1ms
[2025-06-03T15:51:31.416+0530][19.260s] GC(155) Eden regions: 306->0(306)
[2025-06-03T15:51:31.416+0530][19.260s] GC(155) Survivor regions: 1->1(39)
[2025-06-03T15:51:31.416+0530][19.261s] GC(155) Old regions: 6->6
[2025-06-03T15:51:31.416+0530][19.261s] GC(155) Archive regions: 2->2
[2025-06-03T15:51:31.416+0530][19.261s] GC(155) Humongous regions: 0->0
[2025-06-03T15:51:31.416+0530][19.261s] GC(155) Metaspace: 14694K(15104K)->14694K(15104K) NonClass: 12760K(12992K)->12760K(12992K) Class: 1933K(2112K)->1933K(2112K)
[2025-06-03T15:51:31.416+0530][19.261s] GC(155) Pause Young (Normal) (G1 Evacuation Pause) 312M->6M(512M) 0.875ms
[2025-06-03T15:51:31.416+0530][19.261s] GC(155) User=0.00s Sys=0.00s Real=0.00s
[2025-06-03T15:51:31.511+0530][19.356s] GC(156) Pause Young (Normal) (G1 Evacuation Pause)
[2025-06-03T15:51:31.511+0530][19.356s] GC(156) Using 8 workers of 8 for evacuation
[2025-06-03T15:51:31.512+0530][19.357s] GC(156) Skipped phase 1 of Reference Processing: no references
[2025-06-03T15:51:31.512+0530][19.357s] GC(156) Skipped phase 2 of Reference Processing: no references
[2025-06-03T15:51:31.512+0530][19.357s] GC(156) Skipped phase 3 of Reference Processing: no references
[2025-06-03T15:51:31.512+0530][19.357s] GC(156) Skipped phase 4 of Reference Processing: no references
[2025-06-03T15:51:31.512+0530][19.357s] GC(156)   Pre Evacuate Collection Set: 0.0ms
[2025-06-03T15:51:31.512+0530][19.357s] GC(156)   Merge Heap Roots: 0.1ms
[2025-06-03T15:51:31.512+0530][19.357s] GC(156)   Evacuate Collection Set: 0.2ms
[2025-06-03T15:51:31.512+0530][19.357s] GC(156)   Post Evacuate Collection Set: 0.3ms
[2025-06-03T15:51:31.512+0530][19.357s] GC(156)   Other: 0.1ms
[2025-06-03T15:51:31.512+0530][19.357s] GC(156) Eden regions: 306->0(306)
[2025-06-03T15:51:31.512+0530][19.357s] GC(156) Survivor regions: 1->1(39)
[2025-06-03T15:51:31.512+0530][19.357s] GC(156) Old regions: 6->6
[2025-06-03T15:51:31.512+0530][19.357s] GC(156) Archive regions: 2->2
[2025-06-03T15:51:31.512+0530][19.357s] GC(156) Humongous regions: 0->0
[2025-06-03T15:51:31.512+0530][19.357s] GC(156) Metaspace: 14694K(15104K)->14694K(15104K) NonClass: 12760K(12992K)->12760K(12992K) Class: 1933K(2112K)->1933K(2112K)
[2025-06-03T15:51:31.512+0530][19.357s] GC(156) Pause Young (Normal) (G1 Evacuation Pause) 312M->6M(512M) 0.822ms
[2025-06-03T15:51:31.512+0530][19.357s] GC(156) User=0.01s Sys=0.00s Real=0.00s
[2025-06-03T15:51:31.607+0530][19.452s] GC(157) Pause Young (Normal) (G1 Evacuation Pause)
[2025-06-03T15:51:31.607+0530][19.452s] GC(157) Using 8 workers of 8 for evacuation
[2025-06-03T15:51:31.607+0530][19.452s] GC(157) Skipped phase 1 of Reference Processing: no references
[2025-06-03T15:51:31.607+0530][19.452s] GC(157) Skipped phase 2 of Reference Processing: no references
[2025-06-03T15:51:31.607+0530][19.452s] GC(157) Skipped phase 3 of Reference Processing: no references
[2025-06-03T15:51:31.607+0530][19.452s] GC(157) Skipped phase 4 of Reference Processing: no references
[2025-06-03T15:51:31.608+0530][19.452s] GC(157)   Pre Evacuate Collection Set: 0.0ms
[2025-06-03T15:51:31.608+0530][19.452s] GC(157)   Merge Heap Roots: 0.1ms
[2025-06-03T15:51:31.608+0530][19.452s] GC(157)   Evacuate Collection Set: 0.1ms
[2025-06-03T15:51:31.608+0530][19.452s] GC(157)   Post Evacuate Collection Set: 0.3ms
[2025-06-03T15:51:31.608+0530][19.452s] GC(157)   Other: 0.1ms
[2025-06-03T15:51:31.608+0530][19.452s] GC(157) Eden regions: 306->0(306)
[2025-06-03T15:51:31.608+0530][19.452s] GC(157) Survivor regions: 1->1(39)
[2025-06-03T15:51:31.608+0530][19.452s] GC(157) Old regions: 6->6
[2025-06-03T15:51:31.608+0530][19.452s] GC(157) Archive regions: 2->2
[2025-06-03T15:51:31.608+0530][19.453s] GC(157) Humongous regions: 0->0
[2025-06-03T15:51:31.608+0530][19.453s] GC(157) Metaspace: 14694K(15104K)->14694K(15104K) NonClass: 12760K(12992K)->12760K(12992K) Class: 1933K(2112K)->1933K(2112K)
[2025-06-03T15:51:31.608+0530][19.453s] GC(157) Pause Young (Normal) (G1 Evacuation Pause) 312M->6M(512M) 0.889ms
[2025-06-03T15:51:31.608+0530][19.453s] GC(157) User=0.00s Sys=0.00s Real=0.00s
[2025-06-03T15:51:31.712+0530][19.557s] GC(158) Pause Young (Normal) (G1 Evacuation Pause)
[2025-06-03T15:51:31.712+0530][19.557s] GC(158) Using 8 workers of 8 for evacuation
[2025-06-03T15:51:31.712+0530][19.557s] GC(158) Skipped phase 1 of Reference Processing: no references
[2025-06-03T15:51:31.712+0530][19.557s] GC(158) Skipped phase 2 of Reference Processing: no references
[2025-06-03T15:51:31.712+0530][19.557s] GC(158) Skipped phase 3 of Reference Processing: no references
[2025-06-03T15:51:31.712+0530][19.557s] GC(158) Skipped phase 4 of Reference Processing: no references
[2025-06-03T15:51:31.712+0530][19.557s] GC(158)   Pre Evacuate Collection Set: 0.1ms
[2025-06-03T15:51:31.713+0530][19.557s] GC(158)   Merge Heap Roots: 0.1ms
[2025-06-03T15:51:31.713+0530][19.557s] GC(158)   Evacuate Collection Set: 0.1ms
[2025-06-03T15:51:31.713+0530][19.557s] GC(158)   Post Evacuate Collection Set: 0.3ms
[2025-06-03T15:51:31.713+0530][19.557s] GC(158)   Other: 0.1ms
[2025-06-03T15:51:31.713+0530][19.557s] GC(158) Eden regions: 306->0(306)
[2025-06-03T15:51:31.713+0530][19.557s] GC(158) Survivor regions: 1->1(39)
[2025-06-03T15:51:31.713+0530][19.557s] GC(158) Old regions: 6->6
[2025-06-03T15:51:31.713+0530][19.557s] GC(158) Archive regions: 2->2
[2025-06-03T15:51:31.713+0530][19.557s] GC(158) Humongous regions: 0->0
[2025-06-03T15:51:31.713+0530][19.557s] GC(158) Metaspace: 14694K(15104K)->14694K(15104K) NonClass: 12760K(12992K)->12760K(12992K) Class: 1933K(2112K)->1933K(2112K)
[2025-06-03T15:51:31.713+0530][19.558s] GC(158) Pause Young (Normal) (G1 Evacuation Pause) 312M->6M(512M) 0.906ms
[2025-06-03T15:51:31.713+0530][19.558s] GC(158) User=0.00s Sys=0.00s Real=0.00s
[2025-06-03T15:51:31.817+0530][19.662s] GC(159) Pause Young (Normal) (G1 Evacuation Pause)
[2025-06-03T15:51:31.817+0530][19.662s] GC(159) Using 8 workers of 8 for evacuation
[2025-06-03T15:51:31.818+0530][19.662s] GC(159) Skipped phase 1 of Reference Processing: no references
[2025-06-03T15:51:31.818+0530][19.662s] GC(159) Skipped phase 2 of Reference Processing: no references
[2025-06-03T15:51:31.818+0530][19.662s] GC(159) Skipped phase 3 of Reference Processing: no references
[2025-06-03T15:51:31.818+0530][19.662s] GC(159) Skipped phase 4 of Reference Processing: no references
[2025-06-03T15:51:31.818+0530][19.663s] GC(159)   Pre Evacuate Collection Set: 0.0ms
[2025-06-03T15:51:31.818+0530][19.663s] GC(159)   Merge Heap Roots: 0.1ms
[2025-06-03T15:51:31.818+0530][19.663s] GC(159)   Evacuate Collection Set: 0.2ms
[2025-06-03T15:51:31.818+0530][19.663s] GC(159)   Post Evacuate Collection Set: 0.3ms
[2025-06-03T15:51:31.818+0530][19.663s] GC(159)   Other: 0.1ms
[2025-06-03T15:51:31.818+0530][19.663s] GC(159) Eden regions: 306->0(306)
[2025-06-03T15:51:31.818+0530][19.663s] GC(159) Survivor regions: 1->1(39)
[2025-06-03T15:51:31.818+0530][19.663s] GC(159) Old regions: 6->6
[2025-06-03T15:51:31.818+0530][19.663s] GC(159) Archive regions: 2->2
[2025-06-03T15:51:31.818+0530][19.663s] GC(159) Humongous regions: 0->0
[2025-06-03T15:51:31.818+0530][19.663s] GC(159) Metaspace: 14694K(15104K)->14694K(15104K) NonClass: 12760K(12992K)->12760K(12992K) Class: 1933K(2112K)->1933K(2112K)
[2025-06-03T15:51:31.818+0530][19.663s] GC(159) Pause Young (Normal) (G1 Evacuation Pause) 312M->6M(512M) 0.880ms
[2025-06-03T15:51:31.818+0530][19.663s] GC(159) User=0.01s Sys=0.00s Real=0.00s
[2025-06-03T15:51:31.913+0530][19.758s] GC(160) Pause Young (Normal) (G1 Evacuation Pause)
[2025-06-03T15:51:31.913+0530][19.758s] GC(160) Using 8 workers of 8 for evacuation
[2025-06-03T15:51:31.914+0530][19.758s] GC(160) Skipped phase 1 of Reference Processing: no references
[2025-06-03T15:51:31.914+0530][19.758s] GC(160) Skipped phase 2 of Reference Processing: no references
[2025-06-03T15:51:31.914+0530][19.758s] GC(160) Skipped phase 3 of Reference Processing: no references
[2025-06-03T15:51:31.914+0530][19.759s] GC(160) Skipped phase 4 of Reference Processing: no references
[2025-06-03T15:51:31.914+0530][19.759s] GC(160)   Pre Evacuate Collection Set: 0.1ms
[2025-06-03T15:51:31.914+0530][19.759s] GC(160)   Merge Heap Roots: 0.1ms
[2025-06-03T15:51:31.914+0530][19.759s] GC(160)   Evacuate Collection Set: 0.2ms
[2025-06-03T15:51:31.914+0530][19.759s] GC(160)   Post Evacuate Collection Set: 0.4ms
[2025-06-03T15:51:31.914+0530][19.759s] GC(160)   Other: 0.1ms
[2025-06-03T15:51:31.914+0530][19.759s] GC(160) Eden regions: 306->0(306)
[2025-06-03T15:51:31.914+0530][19.759s] GC(160) Survivor regions: 1->1(39)
[2025-06-03T15:51:31.914+0530][19.759s] GC(160) Old regions: 6->6
[2025-06-03T15:51:31.914+0530][19.759s] GC(160) Archive regions: 2->2
[2025-06-03T15:51:31.914+0530][19.759s] GC(160) Humongous regions: 0->0
[2025-06-03T15:51:31.914+0530][19.759s] GC(160) Metaspace: 14694K(15104K)->14694K(15104K) NonClass: 12760K(12992K)->12760K(12992K) Class: 1933K(2112K)->1933K(2112K)
[2025-06-03T15:51:31.914+0530][19.759s] GC(160) Pause Young (Normal) (G1 Evacuation Pause) 312M->6M(512M) 0.953ms
[2025-06-03T15:51:31.914+0530][19.759s] GC(160) User=0.00s Sys=0.00s Real=0.00s
[2025-06-03T15:51:32.040+0530][19.884s] GC(161) Pause Young (Normal) (G1 Evacuation Pause)
[2025-06-03T15:51:32.040+0530][19.885s] GC(161) Using 8 workers of 8 for evacuation
[2025-06-03T15:51:32.040+0530][19.885s] GC(161) Skipped phase 1 of Reference Processing: no references
[2025-06-03T15:51:32.040+0530][19.885s] GC(161) Skipped phase 2 of Reference Processing: no references
[2025-06-03T15:51:32.040+0530][19.885s] GC(161) Skipped phase 3 of Reference Processing: no references
[2025-06-03T15:51:32.040+0530][19.885s] GC(161) Skipped phase 4 of Reference Processing: no references
[2025-06-03T15:51:32.040+0530][19.885s] GC(161)   Pre Evacuate Collection Set: 0.1ms
[2025-06-03T15:51:32.040+0530][19.885s] GC(161)   Merge Heap Roots: 0.1ms
[2025-06-03T15:51:32.040+0530][19.885s] GC(161)   Evacuate Collection Set: 0.1ms
[2025-06-03T15:51:32.040+0530][19.885s] GC(161)   Post Evacuate Collection Set: 0.3ms
[2025-06-03T15:51:32.040+0530][19.885s] GC(161)   Other: 0.1ms
[2025-06-03T15:51:32.040+0530][19.885s] GC(161) Eden regions: 306->0(306)
[2025-06-03T15:51:32.040+0530][19.885s] GC(161) Survivor regions: 1->1(39)
[2025-06-03T15:51:32.040+0530][19.885s] GC(161) Old regions: 6->6
[2025-06-03T15:51:32.040+0530][19.885s] GC(161) Archive regions: 2->2
[2025-06-03T15:51:32.041+0530][19.885s] GC(161) Humongous regions: 0->0
[2025-06-03T15:51:32.041+0530][19.885s] GC(161) Metaspace: 14694K(15104K)->14694K(15104K) NonClass: 12760K(12992K)->12760K(12992K) Class: 1933K(2112K)->1933K(2112K)
[2025-06-03T15:51:32.041+0530][19.885s] GC(161) Pause Young (Normal) (G1 Evacuation Pause) 312M->6M(512M) 1.021ms
[2025-06-03T15:51:32.041+0530][19.886s] GC(161) User=0.00s Sys=0.00s Real=0.00s
[2025-06-03T15:51:32.160+0530][20.004s] GC(162) Pause Young (Normal) (G1 Evacuation Pause)
[2025-06-03T15:51:32.160+0530][20.004s] GC(162) Using 8 workers of 8 for evacuation
[2025-06-03T15:51:32.160+0530][20.005s] GC(162) Skipped phase 1 of Reference Processing: no references
[2025-06-03T15:51:32.160+0530][20.005s] GC(162) Skipped phase 2 of Reference Processing: no references
[2025-06-03T15:51:32.160+0530][20.005s] GC(162) Skipped phase 3 of Reference Processing: no references
[2025-06-03T15:51:32.160+0530][20.005s] GC(162) Skipped phase 4 of Reference Processing: no references
[2025-06-03T15:51:32.160+0530][20.005s] GC(162)   Pre Evacuate Collection Set: 0.1ms
[2025-06-03T15:51:32.160+0530][20.005s] GC(162)   Merge Heap Roots: 0.1ms
[2025-06-03T15:51:32.160+0530][20.005s] GC(162)   Evacuate Collection Set: 0.2ms
[2025-06-03T15:51:32.160+0530][20.005s] GC(162)   Post Evacuate Collection Set: 0.3ms
[2025-06-03T15:51:32.160+0530][20.005s] GC(162)   Other: 0.2ms
[2025-06-03T15:51:32.160+0530][20.005s] GC(162) Eden regions: 306->0(306)
[2025-06-03T15:51:32.160+0530][20.005s] GC(162) Survivor regions: 1->1(39)
[2025-06-03T15:51:32.161+0530][20.005s] GC(162) Old regions: 6->6
[2025-06-03T15:51:32.161+0530][20.005s] GC(162) Archive regions: 2->2
[2025-06-03T15:51:32.161+0530][20.005s] GC(162) Humongous regions: 0->0
[2025-06-03T15:51:32.161+0530][20.005s] GC(162) Metaspace: 14694K(15104K)->14694K(15104K) NonClass: 12760K(12992K)->12760K(12992K) Class: 1933K(2112K)->1933K(2112K)
[2025-06-03T15:51:32.161+0530][20.005s] GC(162) Pause Young (Normal) (G1 Evacuation Pause) 312M->6M(512M) 1.044ms
[2025-06-03T15:51:32.161+0530][20.006s] GC(162) User=0.00s Sys=0.00s Real=0.00s
[2025-06-03T15:51:32.294+0530][20.139s] GC(163) Pause Young (Normal) (G1 Evacuation Pause)
[2025-06-03T15:51:32.294+0530][20.139s] GC(163) Using 8 workers of 8 for evacuation
[2025-06-03T15:51:32.294+0530][20.139s] GC(163) Skipped phase 1 of Reference Processing: no references
[2025-06-03T15:51:32.294+0530][20.139s] GC(163) Skipped phase 2 of Reference Processing: no references
[2025-06-03T15:51:32.294+0530][20.139s] GC(163) Skipped phase 3 of Reference Processing: no references
[2025-06-03T15:51:32.294+0530][20.139s] GC(163) Skipped phase 4 of Reference Processing: no references
[2025-06-03T15:51:32.295+0530][20.140s] GC(163)   Pre Evacuate Collection Set: 0.1ms
[2025-06-03T15:51:32.295+0530][20.140s] GC(163)   Merge Heap Roots: 0.1ms
[2025-06-03T15:51:32.295+0530][20.140s] GC(163)   Evacuate Collection Set: 0.2ms
[2025-06-03T15:51:32.295+0530][20.140s] GC(163)   Post Evacuate Collection Set: 0.4ms
[2025-06-03T15:51:32.295+0530][20.140s] GC(163)   Other: 0.2ms
[2025-06-03T15:51:32.295+0530][20.140s] GC(163) Eden regions: 306->0(306)
[2025-06-03T15:51:32.295+0530][20.140s] GC(163) Survivor regions: 1->1(39)
[2025-06-03T15:51:32.295+0530][20.140s] GC(163) Old regions: 6->6
[2025-06-03T15:51:32.295+0530][20.140s] GC(163) Archive regions: 2->2
[2025-06-03T15:51:32.295+0530][20.140s] GC(163) Humongous regions: 0->0
[2025-06-03T15:51:32.295+0530][20.140s] GC(163) Metaspace: 14694K(15104K)->14694K(15104K) NonClass: 12760K(12992K)->12760K(12992K) Class: 1933K(2112K)->1933K(2112K)
[2025-06-03T15:51:32.295+0530][20.140s] GC(163) Pause Young (Normal) (G1 Evacuation Pause) 312M->6M(512M) 1.198ms
[2025-06-03T15:51:32.295+0530][20.140s] GC(163) User=0.00s Sys=0.00s Real=0.00s
[2025-06-03T15:51:32.432+0530][20.277s] GC(164) Pause Young (Normal) (G1 Evacuation Pause)
[2025-06-03T15:51:32.432+0530][20.277s] GC(164) Using 8 workers of 8 for evacuation
[2025-06-03T15:51:32.433+0530][20.278s] GC(164) Skipped phase 1 of Reference Processing: no references
[2025-06-03T15:51:32.433+0530][20.278s] GC(164) Skipped phase 2 of Reference Processing: no references
[2025-06-03T15:51:32.433+0530][20.278s] GC(164) Skipped phase 3 of Reference Processing: no references
[2025-06-03T15:51:32.433+0530][20.278s] GC(164) Skipped phase 4 of Reference Processing: no references
[2025-06-03T15:51:32.433+0530][20.278s] GC(164)   Pre Evacuate Collection Set: 0.1ms
[2025-06-03T15:51:32.433+0530][20.278s] GC(164)   Merge Heap Roots: 0.1ms
[2025-06-03T15:51:32.433+0530][20.278s] GC(164)   Evacuate Collection Set: 0.2ms
[2025-06-03T15:51:32.433+0530][20.278s] GC(164)   Post Evacuate Collection Set: 0.4ms
[2025-06-03T15:51:32.433+0530][20.278s] GC(164)   Other: 0.1ms
[2025-06-03T15:51:32.433+0530][20.278s] GC(164) Eden regions: 306->0(306)
[2025-06-03T15:51:32.433+0530][20.278s] GC(164) Survivor regions: 1->1(39)
[2025-06-03T15:51:32.433+0530][20.278s] GC(164) Old regions: 6->6
[2025-06-03T15:51:32.433+0530][20.278s] GC(164) Archive regions: 2->2
[2025-06-03T15:51:32.433+0530][20.278s] GC(164) Humongous regions: 0->0
[2025-06-03T15:51:32.433+0530][20.278s] GC(164) Metaspace: 14694K(15104K)->14694K(15104K) NonClass: 12760K(12992K)->12760K(12992K) Class: 1933K(2112K)->1933K(2112K)
[2025-06-03T15:51:32.433+0530][20.278s] GC(164) Pause Young (Normal) (G1 Evacuation Pause) 312M->6M(512M) 1.043ms
[2025-06-03T15:51:32.433+0530][20.278s] GC(164) User=0.01s Sys=0.00s Real=0.00s
[2025-06-03T15:51:32.542+0530][20.387s] GC(165) Pause Young (Normal) (G1 Evacuation Pause)
[2025-06-03T15:51:32.542+0530][20.387s] GC(165) Using 8 workers of 8 for evacuation
[2025-06-03T15:51:32.542+0530][20.387s] GC(165) Skipped phase 1 of Reference Processing: no references
[2025-06-03T15:51:32.542+0530][20.387s] GC(165) Skipped phase 2 of Reference Processing: no references
[2025-06-03T15:51:32.542+0530][20.387s] GC(165) Skipped phase 3 of Reference Processing: no references
[2025-06-03T15:51:32.542+0530][20.387s] GC(165) Skipped phase 4 of Reference Processing: no references
[2025-06-03T15:51:32.543+0530][20.388s] GC(165)   Pre Evacuate Collection Set: 0.1ms
[2025-06-03T15:51:32.543+0530][20.388s] GC(165)   Merge Heap Roots: 0.1ms
[2025-06-03T15:51:32.543+0530][20.388s] GC(165)   Evacuate Collection Set: 0.2ms
[2025-06-03T15:51:32.543+0530][20.388s] GC(165)   Post Evacuate Collection Set: 0.3ms
[2025-06-03T15:51:32.543+0530][20.388s] GC(165)   Other: 0.2ms
[2025-06-03T15:51:32.543+0530][20.388s] GC(165) Eden regions: 306->0(306)
[2025-06-03T15:51:32.543+0530][20.388s] GC(165) Survivor regions: 1->1(39)
[2025-06-03T15:51:32.543+0530][20.388s] GC(165) Old regions: 6->6
[2025-06-03T15:51:32.543+0530][20.388s] GC(165) Archive regions: 2->2
[2025-06-03T15:51:32.543+0530][20.388s] GC(165) Humongous regions: 0->0
[2025-06-03T15:51:32.543+0530][20.388s] GC(165) Metaspace: 14694K(15104K)->14694K(15104K) NonClass: 12760K(12992K)->12760K(12992K) Class: 1933K(2112K)->1933K(2112K)
[2025-06-03T15:51:32.543+0530][20.388s] GC(165) Pause Young (Normal) (G1 Evacuation Pause) 312M->6M(512M) 0.987ms
[2025-06-03T15:51:32.543+0530][20.388s] GC(165) User=0.00s Sys=0.00s Real=0.00s
[2025-06-03T15:51:32.657+0530][20.502s] GC(166) Pause Young (Normal) (G1 Evacuation Pause)
[2025-06-03T15:51:32.657+0530][20.502s] GC(166) Using 8 workers of 8 for evacuation
[2025-06-03T15:51:32.658+0530][20.502s] GC(166) Skipped phase 1 of Reference Processing: no references
[2025-06-03T15:51:32.658+0530][20.502s] GC(166) Skipped phase 2 of Reference Processing: no references
[2025-06-03T15:51:32.658+0530][20.502s] GC(166) Skipped phase 3 of Reference Processing: no references
[2025-06-03T15:51:32.658+0530][20.502s] GC(166) Skipped phase 4 of Reference Processing: no references
[2025-06-03T15:51:32.658+0530][20.503s] GC(166)   Pre Evacuate Collection Set: 0.1ms
[2025-06-03T15:51:32.658+0530][20.503s] GC(166)   Merge Heap Roots: 0.1ms
[2025-06-03T15:51:32.658+0530][20.503s] GC(166)   Evacuate Collection Set: 0.2ms
[2025-06-03T15:51:32.658+0530][20.503s] GC(166)   Post Evacuate Collection Set: 0.4ms
[2025-06-03T15:51:32.658+0530][20.503s] GC(166)   Other: 0.2ms
[2025-06-03T15:51:32.658+0530][20.503s] GC(166) Eden regions: 306->0(306)
[2025-06-03T15:51:32.658+0530][20.503s] GC(166) Survivor regions: 1->1(39)
[2025-06-03T15:51:32.658+0530][20.503s] GC(166) Old regions: 6->6
[2025-06-03T15:51:32.658+0530][20.503s] GC(166) Archive regions: 2->2
[2025-06-03T15:51:32.658+0530][20.503s] GC(166) Humongous regions: 0->0
[2025-06-03T15:51:32.658+0530][20.503s] GC(166) Metaspace: 14694K(15104K)->14694K(15104K) NonClass: 12760K(12992K)->12760K(12992K) Class: 1933K(2112K)->1933K(2112K)
[2025-06-03T15:51:32.658+0530][20.503s] GC(166) Pause Young (Normal) (G1 Evacuation Pause) 312M->6M(512M) 1.090ms
[2025-06-03T15:51:32.658+0530][20.503s] GC(166) User=0.00s Sys=0.00s Real=0.00s
[2025-06-03T15:51:32.768+0530][20.613s] GC(167) Pause Young (Normal) (G1 Evacuation Pause)
[2025-06-03T15:51:32.768+0530][20.613s] GC(167) Using 8 workers of 8 for evacuation
[2025-06-03T15:51:32.768+0530][20.613s] GC(167) Skipped phase 1 of Reference Processing: no references
[2025-06-03T15:51:32.768+0530][20.613s] GC(167) Skipped phase 2 of Reference Processing: no references
[2025-06-03T15:51:32.768+0530][20.613s] GC(167) Skipped phase 3 of Reference Processing: no references
[2025-06-03T15:51:32.768+0530][20.613s] GC(167) Skipped phase 4 of Reference Processing: no references
[2025-06-03T15:51:32.769+0530][20.614s] GC(167)   Pre Evacuate Collection Set: 0.1ms
[2025-06-03T15:51:32.769+0530][20.614s] GC(167)   Merge Heap Roots: 0.1ms
[2025-06-03T15:51:32.769+0530][20.614s] GC(167)   Evacuate Collection Set: 0.2ms
[2025-06-03T15:51:32.769+0530][20.614s] GC(167)   Post Evacuate Collection Set: 0.3ms
[2025-06-03T15:51:32.769+0530][20.614s] GC(167)   Other: 0.1ms
[2025-06-03T15:51:32.769+0530][20.614s] GC(167) Eden regions: 306->0(306)
[2025-06-03T15:51:32.769+0530][20.614s] GC(167) Survivor regions: 1->1(39)
[2025-06-03T15:51:32.769+0530][20.614s] GC(167) Old regions: 6->6
[2025-06-03T15:51:32.769+0530][20.614s] GC(167) Archive regions: 2->2
[2025-06-03T15:51:32.769+0530][20.614s] GC(167) Humongous regions: 0->0
[2025-06-03T15:51:32.769+0530][20.614s] GC(167) Metaspace: 14694K(15104K)->14694K(15104K) NonClass: 12760K(12992K)->12760K(12992K) Class: 1933K(2112K)->1933K(2112K)
[2025-06-03T15:51:32.769+0530][20.614s] GC(167) Pause Young (Normal) (G1 Evacuation Pause) 312M->6M(512M) 0.955ms
[2025-06-03T15:51:32.769+0530][20.614s] GC(167) User=0.00s Sys=0.00s Real=0.00s
[2025-06-03T15:51:32.866+0530][20.711s] GC(168) Pause Young (Normal) (G1 Evacuation Pause)
[2025-06-03T15:51:32.867+0530][20.711s] GC(168) Using 8 workers of 8 for evacuation
[2025-06-03T15:51:32.867+0530][20.712s] GC(168) Skipped phase 1 of Reference Processing: no references
[2025-06-03T15:51:32.867+0530][20.712s] GC(168) Skipped phase 2 of Reference Processing: no references
[2025-06-03T15:51:32.867+0530][20.712s] GC(168) Skipped phase 3 of Reference Processing: no references
[2025-06-03T15:51:32.867+0530][20.712s] GC(168) Skipped phase 4 of Reference Processing: no references
[2025-06-03T15:51:32.867+0530][20.712s] GC(168)   Pre Evacuate Collection Set: 0.0ms
[2025-06-03T15:51:32.867+0530][20.712s] GC(168)   Merge Heap Roots: 0.1ms
[2025-06-03T15:51:32.867+0530][20.712s] GC(168)   Evacuate Collection Set: 0.1ms
[2025-06-03T15:51:32.867+0530][20.712s] GC(168)   Post Evacuate Collection Set: 0.3ms
[2025-06-03T15:51:32.867+0530][20.712s] GC(168)   Other: 0.1ms
[2025-06-03T15:51:32.867+0530][20.712s] GC(168) Eden regions: 306->0(306)
[2025-06-03T15:51:32.867+0530][20.712s] GC(168) Survivor regions: 1->1(39)
[2025-06-03T15:51:32.867+0530][20.712s] GC(168) Old regions: 6->6
[2025-06-03T15:51:32.867+0530][20.712s] GC(168) Archive regions: 2->2
[2025-06-03T15:51:32.867+0530][20.712s] GC(168) Humongous regions: 0->0
[2025-06-03T15:51:32.867+0530][20.712s] GC(168) Metaspace: 14694K(15104K)->14694K(15104K) NonClass: 12760K(12992K)->12760K(12992K) Class: 1933K(2112K)->1933K(2112K)
[2025-06-03T15:51:32.867+0530][20.712s] GC(168) Pause Young (Normal) (G1 Evacuation Pause) 312M->6M(512M) 0.840ms
[2025-06-03T15:51:32.867+0530][20.712s] GC(168) User=0.00s Sys=0.00s Real=0.00s
[2025-06-03T15:51:32.972+0530][20.817s] GC(169) Pause Young (Normal) (G1 Evacuation Pause)
[2025-06-03T15:51:32.972+0530][20.817s] GC(169) Using 8 workers of 8 for evacuation
[2025-06-03T15:51:32.972+0530][20.817s] GC(169) Skipped phase 1 of Reference Processing: no references
[2025-06-03T15:51:32.972+0530][20.817s] GC(169) Skipped phase 2 of Reference Processing: no references
[2025-06-03T15:51:32.972+0530][20.817s] GC(169) Skipped phase 3 of Reference Processing: no references
[2025-06-03T15:51:32.972+0530][20.817s] GC(169) Skipped phase 4 of Reference Processing: no references
[2025-06-03T15:51:32.973+0530][20.818s] GC(169)   Pre Evacuate Collection Set: 0.1ms
[2025-06-03T15:51:32.973+0530][20.818s] GC(169)   Merge Heap Roots: 0.1ms
[2025-06-03T15:51:32.973+0530][20.818s] GC(169)   Evacuate Collection Set: 0.1ms
[2025-06-03T15:51:32.973+0530][20.818s] GC(169)   Post Evacuate Collection Set: 0.4ms
[2025-06-03T15:51:32.973+0530][20.818s] GC(169)   Other: 0.1ms
[2025-06-03T15:51:32.973+0530][20.818s] GC(169) Eden regions: 306->0(306)
[2025-06-03T15:51:32.973+0530][20.818s] GC(169) Survivor regions: 1->1(39)
[2025-06-03T15:51:32.973+0530][20.818s] GC(169) Old regions: 6->6
[2025-06-03T15:51:32.973+0530][20.818s] GC(169) Archive regions: 2->2
[2025-06-03T15:51:32.973+0530][20.818s] GC(169) Humongous regions: 0->0
[2025-06-03T15:51:32.973+0530][20.818s] GC(169) Metaspace: 14694K(15104K)->14694K(15104K) NonClass: 12760K(12992K)->12760K(12992K) Class: 1933K(2112K)->1933K(2112K)
[2025-06-03T15:51:32.973+0530][20.818s] GC(169) Pause Young (Normal) (G1 Evacuation Pause) 312M->6M(512M) 1.003ms
[2025-06-03T15:51:32.973+0530][20.818s] GC(169) User=0.00s Sys=0.00s Real=0.00s
[2025-06-03T15:51:33.093+0530][20.938s] GC(170) Pause Young (Normal) (G1 Evacuation Pause)
[2025-06-03T15:51:33.093+0530][20.938s] GC(170) Using 8 workers of 8 for evacuation
[2025-06-03T15:51:33.094+0530][20.939s] GC(170) Skipped phase 1 of Reference Processing: no references
[2025-06-03T15:51:33.094+0530][20.939s] GC(170) ReferenceProcessor::execute queues: 1, RefProcThreadModel::Single, marks_oops_alive: false
[2025-06-03T15:51:33.094+0530][20.939s] GC(170) Skipped phase 3 of Reference Processing: no references
[2025-06-03T15:51:33.095+0530][20.939s] GC(170) ReferenceProcessor::execute queues: 1, RefProcThreadModel::Single, marks_oops_alive: false
[2025-06-03T15:51:33.095+0530][20.940s] GC(170)   Pre Evacuate Collection Set: 0.1ms
[2025-06-03T15:51:33.095+0530][20.940s] GC(170)   Merge Heap Roots: 0.1ms
[2025-06-03T15:51:33.095+0530][20.940s] GC(170)   Evacuate Collection Set: 0.8ms
[2025-06-03T15:51:33.095+0530][20.940s] GC(170)   Post Evacuate Collection Set: 0.4ms
[2025-06-03T15:51:33.095+0530][20.940s] GC(170)   Other: 0.1ms
[2025-06-03T15:51:33.095+0530][20.940s] GC(170) Eden regions: 306->0(306)
[2025-06-03T15:51:33.095+0530][20.940s] GC(170) Survivor regions: 1->1(39)
[2025-06-03T15:51:33.095+0530][20.940s] GC(170) Old regions: 6->6
[2025-06-03T15:51:33.095+0530][20.940s] GC(170) Archive regions: 2->2
[2025-06-03T15:51:33.095+0530][20.940s] GC(170) Humongous regions: 0->0
[2025-06-03T15:51:33.095+0530][20.940s] GC(170) Metaspace: 15510K(15936K)->15510K(15936K) NonClass: 13465K(13696K)->13465K(13696K) Class: 2044K(2240K)->2044K(2240K)
[2025-06-03T15:51:33.095+0530][20.940s] GC(170) Pause Young (Normal) (G1 Evacuation Pause) 312M->7M(512M) 1.570ms
[2025-06-03T15:51:33.095+0530][20.940s] GC(170) User=0.00s Sys=0.00s Real=0.00s
[2025-06-03T15:51:33.252+0530][21.097s] GC(171) Pause Young (Normal) (G1 Evacuation Pause)
[2025-06-03T15:51:33.252+0530][21.097s] GC(171) Using 8 workers of 8 for evacuation
[2025-06-03T15:51:33.254+0530][21.099s] GC(171) Skipped phase 1 of Reference Processing: no references
[2025-06-03T15:51:33.254+0530][21.099s] GC(171) ReferenceProcessor::execute queues: 1, RefProcThreadModel::Single, marks_oops_alive: false
[2025-06-03T15:51:33.254+0530][21.099s] GC(171) Skipped phase 3 of Reference Processing: no references
[2025-06-03T15:51:33.254+0530][21.099s] GC(171) ReferenceProcessor::execute queues: 1, RefProcThreadModel::Single, marks_oops_alive: false
[2025-06-03T15:51:33.254+0530][21.099s] GC(171)   Pre Evacuate Collection Set: 0.1ms
[2025-06-03T15:51:33.254+0530][21.099s] GC(171)   Merge Heap Roots: 0.1ms
[2025-06-03T15:51:33.254+0530][21.099s] GC(171)   Evacuate Collection Set: 1.2ms
[2025-06-03T15:51:33.254+0530][21.099s] GC(171)   Post Evacuate Collection Set: 0.4ms
[2025-06-03T15:51:33.254+0530][21.099s] GC(171)   Other: 0.1ms
[2025-06-03T15:51:33.254+0530][21.099s] GC(171) Eden regions: 306->0(305)
[2025-06-03T15:51:33.254+0530][21.099s] GC(171) Survivor regions: 1->2(39)
[2025-06-03T15:51:33.254+0530][21.099s] GC(171) Old regions: 6->6
[2025-06-03T15:51:33.254+0530][21.099s] GC(171) Archive regions: 2->2
[2025-06-03T15:51:33.254+0530][21.099s] GC(171) Humongous regions: 0->0
[2025-06-03T15:51:33.254+0530][21.099s] GC(171) Metaspace: 16356K(16704K)->16356K(16704K) NonClass: 14223K(14400K)->14223K(14400K) Class: 2132K(2304K)->2132K(2304K)
[2025-06-03T15:51:33.254+0530][21.099s] GC(171) Pause Young (Normal) (G1 Evacuation Pause) 313M->7M(512M) 1.982ms
[2025-06-03T15:51:33.254+0530][21.099s] GC(171) User=0.01s Sys=0.00s Real=0.00s
[2025-06-03T15:51:33.562+0530][21.407s] GC(172) Pause Young (Normal) (G1 Evacuation Pause)
[2025-06-03T15:51:33.562+0530][21.407s] GC(172) Using 8 workers of 8 for evacuation
[2025-06-03T15:51:33.563+0530][21.408s] GC(172) Skipped phase 1 of Reference Processing: no references
[2025-06-03T15:51:33.563+0530][21.408s] GC(172) ReferenceProcessor::execute queues: 1, RefProcThreadModel::Single, marks_oops_alive: false
[2025-06-03T15:51:33.563+0530][21.408s] GC(172) Skipped phase 3 of Reference Processing: no references
[2025-06-03T15:51:33.564+0530][21.408s] GC(172) ReferenceProcessor::execute queues: 1, RefProcThreadModel::Single, marks_oops_alive: false
[2025-06-03T15:51:33.564+0530][21.409s] GC(172)   Pre Evacuate Collection Set: 0.1ms
[2025-06-03T15:51:33.564+0530][21.409s] GC(172)   Merge Heap Roots: 0.1ms
[2025-06-03T15:51:33.564+0530][21.409s] GC(172)   Evacuate Collection Set: 1.2ms
[2025-06-03T15:51:33.564+0530][21.409s] GC(172)   Post Evacuate Collection Set: 0.7ms
[2025-06-03T15:51:33.564+0530][21.409s] GC(172)   Other: 0.1ms
[2025-06-03T15:51:33.564+0530][21.409s] GC(172) Eden regions: 305->0(305)
[2025-06-03T15:51:33.564+0530][21.409s] GC(172) Survivor regions: 2->2(39)
[2025-06-03T15:51:33.564+0530][21.409s] GC(172) Old regions: 6->6
[2025-06-03T15:51:33.564+0530][21.409s] GC(172) Archive regions: 2->2
[2025-06-03T15:51:33.564+0530][21.409s] GC(172) Humongous regions: 0->0
[2025-06-03T15:51:33.564+0530][21.409s] GC(172) Metaspace: 16591K(17024K)->16591K(17024K) NonClass: 14450K(14720K)->14450K(14720K) Class: 2140K(2304K)->2140K(2304K)
[2025-06-03T15:51:33.564+0530][21.409s] GC(172) Pause Young (Normal) (G1 Evacuation Pause) 312M->7M(512M) 2.317ms
[2025-06-03T15:51:33.564+0530][21.409s] GC(172) User=0.01s Sys=0.00s Real=0.00s
[2025-06-03T15:51:33.742+0530][21.587s] GC(173) Pause Young (Normal) (G1 Evacuation Pause)
[2025-06-03T15:51:33.742+0530][21.587s] GC(173) Using 8 workers of 8 for evacuation
[2025-06-03T15:51:33.743+0530][21.588s] GC(173) Skipped phase 1 of Reference Processing: no references
[2025-06-03T15:51:33.743+0530][21.588s] GC(173) ReferenceProcessor::execute queues: 1, RefProcThreadModel::Single, marks_oops_alive: false
[2025-06-03T15:51:33.743+0530][21.588s] GC(173) Skipped phase 3 of Reference Processing: no references
[2025-06-03T15:51:33.743+0530][21.588s] GC(173) ReferenceProcessor::execute queues: 1, RefProcThreadModel::Single, marks_oops_alive: false
[2025-06-03T15:51:33.743+0530][21.588s] GC(173)   Pre Evacuate Collection Set: 0.1ms
[2025-06-03T15:51:33.743+0530][21.588s] GC(173)   Merge Heap Roots: 0.1ms
[2025-06-03T15:51:33.743+0530][21.588s] GC(173)   Evacuate Collection Set: 0.8ms
[2025-06-03T15:51:33.743+0530][21.588s] GC(173)   Post Evacuate Collection Set: 0.3ms
[2025-06-03T15:51:33.743+0530][21.588s] GC(173)   Other: 0.1ms
[2025-06-03T15:51:33.743+0530][21.588s] GC(173) Eden regions: 305->0(305)
[2025-06-03T15:51:33.743+0530][21.588s] GC(173) Survivor regions: 2->2(39)
[2025-06-03T15:51:33.743+0530][21.588s] GC(173) Old regions: 6->6
[2025-06-03T15:51:33.743+0530][21.588s] GC(173) Archive regions: 2->2
[2025-06-03T15:51:33.743+0530][21.588s] GC(173) Humongous regions: 0->0
[2025-06-03T15:51:33.743+0530][21.588s] GC(173) Metaspace: 16591K(17024K)->16591K(17024K) NonClass: 14450K(14720K)->14450K(14720K) Class: 2140K(2304K)->2140K(2304K)
[2025-06-03T15:51:33.743+0530][21.588s] GC(173) Pause Young (Normal) (G1 Evacuation Pause) 312M->7M(512M) 1.619ms
[2025-06-03T15:51:33.743+0530][21.588s] GC(173) User=0.00s Sys=0.00s Real=0.00s
[2025-06-03T15:51:33.901+0530][21.746s] GC(174) Pause Young (Normal) (G1 Evacuation Pause)
[2025-06-03T15:51:33.901+0530][21.746s] GC(174) Using 8 workers of 8 for evacuation
[2025-06-03T15:51:33.902+0530][21.747s] GC(174) Skipped phase 1 of Reference Processing: no references
[2025-06-03T15:51:33.902+0530][21.747s] GC(174) ReferenceProcessor::execute queues: 1, RefProcThreadModel::Single, marks_oops_alive: false
[2025-06-03T15:51:33.902+0530][21.747s] GC(174) Skipped phase 3 of Reference Processing: no references
[2025-06-03T15:51:33.902+0530][21.747s] GC(174) ReferenceProcessor::execute queues: 1, RefProcThreadModel::Single, marks_oops_alive: false
[2025-06-03T15:51:33.903+0530][21.748s] GC(174)   Pre Evacuate Collection Set: 0.1ms
[2025-06-03T15:51:33.903+0530][21.748s] GC(174)   Merge Heap Roots: 0.1ms
[2025-06-03T15:51:33.903+0530][21.748s] GC(174)   Evacuate Collection Set: 1.0ms
[2025-06-03T15:51:33.903+0530][21.748s] GC(174)   Post Evacuate Collection Set: 0.4ms
[2025-06-03T15:51:33.903+0530][21.748s] GC(174)   Other: 0.2ms
[2025-06-03T15:51:33.903+0530][21.748s] GC(174) Eden regions: 305->0(305)
[2025-06-03T15:51:33.903+0530][21.748s] GC(174) Survivor regions: 2->2(39)
[2025-06-03T15:51:33.903+0530][21.748s] GC(174) Old regions: 6->6
[2025-06-03T15:51:33.903+0530][21.748s] GC(174) Archive regions: 2->2
[2025-06-03T15:51:33.903+0530][21.748s] GC(174) Humongous regions: 0->0
[2025-06-03T15:51:33.903+0530][21.748s] GC(174) Metaspace: 16591K(17024K)->16591K(17024K) NonClass: 14450K(14720K)->14450K(14720K) Class: 2140K(2304K)->2140K(2304K)
[2025-06-03T15:51:33.903+0530][21.748s] GC(174) Pause Young (Normal) (G1 Evacuation Pause) 312M->7M(512M) 1.979ms
[2025-06-03T15:51:33.903+0530][21.748s] GC(174) User=0.01s Sys=0.00s Real=0.00s
[2025-06-03T15:51:34.056+0530][21.901s] GC(175) Pause Young (Normal) (G1 Evacuation Pause)
[2025-06-03T15:51:34.056+0530][21.901s] GC(175) Using 8 workers of 8 for evacuation
[2025-06-03T15:51:34.057+0530][21.902s] GC(175) Skipped phase 1 of Reference Processing: no references
[2025-06-03T15:51:34.058+0530][21.902s] GC(175) ReferenceProcessor::execute queues: 1, RefProcThreadModel::Single, marks_oops_alive: false
[2025-06-03T15:51:34.058+0530][21.902s] GC(175) Skipped phase 3 of Reference Processing: no references
[2025-06-03T15:51:34.058+0530][21.902s] GC(175) Skipped phase 4 of Reference Processing: no references
[2025-06-03T15:51:34.058+0530][21.903s] GC(175)   Pre Evacuate Collection Set: 0.1ms
[2025-06-03T15:51:34.058+0530][21.903s] GC(175)   Merge Heap Roots: 0.1ms
[2025-06-03T15:51:34.058+0530][21.903s] GC(175)   Evacuate Collection Set: 1.0ms
[2025-06-03T15:51:34.058+0530][21.903s] GC(175)   Post Evacuate Collection Set: 0.4ms
[2025-06-03T15:51:34.058+0530][21.903s] GC(175)   Other: 0.2ms
[2025-06-03T15:51:34.058+0530][21.903s] GC(175) Eden regions: 305->0(305)
[2025-06-03T15:51:34.058+0530][21.903s] GC(175) Survivor regions: 2->2(39)
[2025-06-03T15:51:34.058+0530][21.903s] GC(175) Old regions: 6->6
[2025-06-03T15:51:34.058+0530][21.903s] GC(175) Archive regions: 2->2
[2025-06-03T15:51:34.058+0530][21.903s] GC(175) Humongous regions: 0->0
[2025-06-03T15:51:34.058+0530][21.903s] GC(175) Metaspace: 16591K(17024K)->16591K(17024K) NonClass: 14450K(14720K)->14450K(14720K) Class: 2140K(2304K)->2140K(2304K)
[2025-06-03T15:51:34.058+0530][21.903s] GC(175) Pause Young (Normal) (G1 Evacuation Pause) 312M->7M(512M) 1.906ms
[2025-06-03T15:51:34.058+0530][21.903s] GC(175) User=0.00s Sys=0.00s Real=0.00s
[2025-06-03T15:51:34.217+0530][22.062s] GC(176) Pause Young (Normal) (G1 Evacuation Pause)
[2025-06-03T15:51:34.217+0530][22.062s] GC(176) Using 8 workers of 8 for evacuation
[2025-06-03T15:51:34.218+0530][22.063s] GC(176) Skipped phase 1 of Reference Processing: no references
[2025-06-03T15:51:34.218+0530][22.063s] GC(176) ReferenceProcessor::execute queues: 1, RefProcThreadModel::Single, marks_oops_alive: false
[2025-06-03T15:51:34.218+0530][22.063s] GC(176) Skipped phase 3 of Reference Processing: no references
[2025-06-03T15:51:34.218+0530][22.063s] GC(176) ReferenceProcessor::execute queues: 1, RefProcThreadModel::Single, marks_oops_alive: false
[2025-06-03T15:51:34.219+0530][22.064s] GC(176)   Pre Evacuate Collection Set: 0.1ms
[2025-06-03T15:51:34.219+0530][22.064s] GC(176)   Merge Heap Roots: 0.1ms
[2025-06-03T15:51:34.219+0530][22.064s] GC(176)   Evacuate Collection Set: 1.1ms
[2025-06-03T15:51:34.219+0530][22.064s] GC(176)   Post Evacuate Collection Set: 0.4ms
[2025-06-03T15:51:34.219+0530][22.064s] GC(176)   Other: 0.2ms
[2025-06-03T15:51:34.219+0530][22.064s] GC(176) Eden regions: 305->0(305)
[2025-06-03T15:51:34.219+0530][22.064s] GC(176) Survivor regions: 2->2(39)
[2025-06-03T15:51:34.219+0530][22.064s] GC(176) Old regions: 6->6
[2025-06-03T15:51:34.219+0530][22.064s] GC(176) Archive regions: 2->2
[2025-06-03T15:51:34.219+0530][22.064s] GC(176) Humongous regions: 0->0
[2025-06-03T15:51:34.219+0530][22.064s] GC(176) Metaspace: 16591K(17024K)->16591K(17024K) NonClass: 14450K(14720K)->14450K(14720K) Class: 2140K(2304K)->2140K(2304K)
[2025-06-03T15:51:34.219+0530][22.064s] GC(176) Pause Young (Normal) (G1 Evacuation Pause) 312M->7M(512M) 2.053ms
[2025-06-03T15:51:34.219+0530][22.064s] GC(176) User=0.01s Sys=0.00s Real=0.00s
[2025-06-03T15:51:34.367+0530][22.212s] GC(177) Pause Young (Normal) (G1 Evacuation Pause)
[2025-06-03T15:51:34.367+0530][22.212s] GC(177) Using 8 workers of 8 for evacuation
[2025-06-03T15:51:34.369+0530][22.213s] GC(177) Skipped phase 1 of Reference Processing: no references
[2025-06-03T15:51:34.369+0530][22.214s] GC(177) ReferenceProcessor::execute queues: 1, RefProcThreadModel::Single, marks_oops_alive: false
[2025-06-03T15:51:34.369+0530][22.214s] GC(177) Skipped phase 3 of Reference Processing: no references
[2025-06-03T15:51:34.369+0530][22.214s] GC(177) Skipped phase 4 of Reference Processing: no references
[2025-06-03T15:51:34.369+0530][22.214s] GC(177)   Pre Evacuate Collection Set: 0.1ms
[2025-06-03T15:51:34.369+0530][22.214s] GC(177)   Merge Heap Roots: 0.1ms
[2025-06-03T15:51:34.369+0530][22.214s] GC(177)   Evacuate Collection Set: 1.2ms
[2025-06-03T15:51:34.369+0530][22.214s] GC(177)   Post Evacuate Collection Set: 0.4ms
[2025-06-03T15:51:34.369+0530][22.214s] GC(177)   Other: 0.2ms
[2025-06-03T15:51:34.369+0530][22.214s] GC(177) Eden regions: 305->0(305)
[2025-06-03T15:51:34.369+0530][22.214s] GC(177) Survivor regions: 2->2(39)
[2025-06-03T15:51:34.369+0530][22.214s] GC(177) Old regions: 6->6
[2025-06-03T15:51:34.369+0530][22.214s] GC(177) Archive regions: 2->2
[2025-06-03T15:51:34.369+0530][22.214s] GC(177) Humongous regions: 0->0
[2025-06-03T15:51:34.369+0530][22.214s] GC(177) Metaspace: 16591K(17024K)->16591K(17024K) NonClass: 14450K(14720K)->14450K(14720K) Class: 2140K(2304K)->2140K(2304K)
[2025-06-03T15:51:34.369+0530][22.214s] GC(177) Pause Young (Normal) (G1 Evacuation Pause) 312M->7M(512M) 2.047ms
[2025-06-03T15:51:34.369+0530][22.214s] GC(177) User=0.02s Sys=0.00s Real=0.00s
[2025-06-03T15:51:34.515+0530][22.360s] GC(178) Pause Young (Normal) (G1 Evacuation Pause)
[2025-06-03T15:51:34.516+0530][22.360s] GC(178) Using 8 workers of 8 for evacuation
[2025-06-03T15:51:34.517+0530][22.362s] GC(178) Skipped phase 1 of Reference Processing: no references
[2025-06-03T15:51:34.517+0530][22.362s] GC(178) ReferenceProcessor::execute queues: 1, RefProcThreadModel::Single, marks_oops_alive: false
[2025-06-03T15:51:34.517+0530][22.362s] GC(178) Skipped phase 3 of Reference Processing: no references
[2025-06-03T15:51:34.517+0530][22.362s] GC(178) Skipped phase 4 of Reference Processing: no references
[2025-06-03T15:51:34.517+0530][22.362s] GC(178)   Pre Evacuate Collection Set: 0.1ms
[2025-06-03T15:51:34.517+0530][22.362s] GC(178)   Merge Heap Roots: 0.1ms
[2025-06-03T15:51:34.517+0530][22.362s] GC(178)   Evacuate Collection Set: 1.2ms
[2025-06-03T15:51:34.517+0530][22.362s] GC(178)   Post Evacuate Collection Set: 0.4ms
[2025-06-03T15:51:34.517+0530][22.362s] GC(178)   Other: 0.2ms
[2025-06-03T15:51:34.517+0530][22.362s] GC(178) Eden regions: 305->0(305)
[2025-06-03T15:51:34.517+0530][22.362s] GC(178) Survivor regions: 2->2(39)
[2025-06-03T15:51:34.517+0530][22.362s] GC(178) Old regions: 6->6
[2025-06-03T15:51:34.517+0530][22.362s] GC(178) Archive regions: 2->2
[2025-06-03T15:51:34.517+0530][22.362s] GC(178) Humongous regions: 0->0
[2025-06-03T15:51:34.517+0530][22.362s] GC(178) Metaspace: 16591K(17024K)->16591K(17024K) NonClass: 14450K(14720K)->14450K(14720K) Class: 2140K(2304K)->2140K(2304K)
[2025-06-03T15:51:34.517+0530][22.362s] GC(178) Pause Young (Normal) (G1 Evacuation Pause) 312M->7M(512M) 1.995ms
[2025-06-03T15:51:34.517+0530][22.362s] GC(178) User=0.01s Sys=0.00s Real=0.00s
[2025-06-03T15:51:34.694+0530][22.539s] GC(179) Pause Young (Normal) (G1 Evacuation Pause)
[2025-06-03T15:51:34.694+0530][22.539s] GC(179) Using 8 workers of 8 for evacuation
[2025-06-03T15:51:34.696+0530][22.541s] GC(179) Skipped phase 1 of Reference Processing: no references
[2025-06-03T15:51:34.696+0530][22.541s] GC(179) ReferenceProcessor::execute queues: 1, RefProcThreadModel::Single, marks_oops_alive: false
[2025-06-03T15:51:34.696+0530][22.541s] GC(179) Skipped phase 3 of Reference Processing: no references
[2025-06-03T15:51:34.696+0530][22.541s] GC(179) ReferenceProcessor::execute queues: 1, RefProcThreadModel::Single, marks_oops_alive: false
[2025-06-03T15:51:34.697+0530][22.542s] GC(179)   Pre Evacuate Collection Set: 0.1ms
[2025-06-03T15:51:34.697+0530][22.542s] GC(179)   Merge Heap Roots: 0.1ms
[2025-06-03T15:51:34.697+0530][22.542s] GC(179)   Evacuate Collection Set: 1.4ms
[2025-06-03T15:51:34.697+0530][22.542s] GC(179)   Post Evacuate Collection Set: 0.5ms
[2025-06-03T15:51:34.697+0530][22.542s] GC(179)   Other: 0.2ms
[2025-06-03T15:51:34.697+0530][22.542s] GC(179) Eden regions: 305->0(305)
[2025-06-03T15:51:34.697+0530][22.542s] GC(179) Survivor regions: 2->2(39)
[2025-06-03T15:51:34.697+0530][22.542s] GC(179) Old regions: 6->6
[2025-06-03T15:51:34.697+0530][22.542s] GC(179) Archive regions: 2->2
[2025-06-03T15:51:34.697+0530][22.542s] GC(179) Humongous regions: 0->0
[2025-06-03T15:51:34.697+0530][22.542s] GC(179) Metaspace: 17616K(18048K)->17616K(18048K) NonClass: 15353K(15616K)->15353K(15616K) Class: 2263K(2432K)->2263K(2432K)
[2025-06-03T15:51:34.697+0530][22.542s] GC(179) Pause Young (Normal) (G1 Evacuation Pause) 312M->8M(512M) 2.564ms
[2025-06-03T15:51:34.697+0530][22.542s] GC(179) User=0.01s Sys=0.00s Real=0.00s
[2025-06-03T15:51:34.859+0530][22.704s] GC(180) Pause Young (Normal) (G1 Evacuation Pause)
[2025-06-03T15:51:34.859+0530][22.704s] GC(180) Using 8 workers of 8 for evacuation
[2025-06-03T15:51:34.860+0530][22.705s] GC(180) Skipped phase 1 of Reference Processing: no references
[2025-06-03T15:51:34.860+0530][22.705s] GC(180) ReferenceProcessor::execute queues: 1, RefProcThreadModel::Single, marks_oops_alive: false
[2025-06-03T15:51:34.860+0530][22.705s] GC(180) Skipped phase 3 of Reference Processing: no references
[2025-06-03T15:51:34.860+0530][22.705s] GC(180) ReferenceProcessor::execute queues: 1, RefProcThreadModel::Single, marks_oops_alive: false
[2025-06-03T15:51:34.861+0530][22.706s] GC(180)   Pre Evacuate Collection Set: 0.1ms
[2025-06-03T15:51:34.861+0530][22.706s] GC(180)   Merge Heap Roots: 0.1ms
[2025-06-03T15:51:34.861+0530][22.706s] GC(180)   Evacuate Collection Set: 1.3ms
[2025-06-03T15:51:34.861+0530][22.706s] GC(180)   Post Evacuate Collection Set: 0.4ms
[2025-06-03T15:51:34.861+0530][22.706s] GC(180)   Other: 0.2ms
[2025-06-03T15:51:34.861+0530][22.706s] GC(180) Eden regions: 305->0(305)
[2025-06-03T15:51:34.861+0530][22.706s] GC(180) Survivor regions: 2->2(39)
[2025-06-03T15:51:34.861+0530][22.706s] GC(180) Old regions: 6->6
[2025-06-03T15:51:34.861+0530][22.706s] GC(180) Archive regions: 2->2
[2025-06-03T15:51:34.861+0530][22.706s] GC(180) Humongous regions: 0->0
[2025-06-03T15:51:34.861+0530][22.706s] GC(180) Metaspace: 18514K(18944K)->18514K(18944K) NonClass: 16144K(16384K)->16144K(16384K) Class: 2369K(2560K)->2369K(2560K)
[2025-06-03T15:51:34.861+0530][22.706s] GC(180) Pause Young (Normal) (G1 Evacuation Pause) 313M->8M(512M) 2.189ms
[2025-06-03T15:51:34.861+0530][22.706s] GC(180) User=0.01s Sys=0.01s Real=0.01s
[2025-06-03T15:51:35.327+0530][23.172s] GC(181) Pause Young (Normal) (G1 Evacuation Pause)
[2025-06-03T15:51:35.328+0530][23.173s] GC(181) Using 8 workers of 8 for evacuation
[2025-06-03T15:51:35.330+0530][23.175s] GC(181) Skipped phase 1 of Reference Processing: no references
[2025-06-03T15:51:35.330+0530][23.175s] GC(181) ReferenceProcessor::execute queues: 1, RefProcThreadModel::Single, marks_oops_alive: false
[2025-06-03T15:51:35.330+0530][23.175s] GC(181) Skipped phase 3 of Reference Processing: no references
[2025-06-03T15:51:35.330+0530][23.175s] GC(181) ReferenceProcessor::execute queues: 1, RefProcThreadModel::Single, marks_oops_alive: false
[2025-06-03T15:51:35.331+0530][23.176s] GC(181)   Pre Evacuate Collection Set: 0.1ms
[2025-06-03T15:51:35.331+0530][23.176s] GC(181)   Merge Heap Roots: 0.1ms
[2025-06-03T15:51:35.331+0530][23.176s] GC(181)   Evacuate Collection Set: 2.3ms
[2025-06-03T15:51:35.331+0530][23.176s] GC(181)   Post Evacuate Collection Set: 0.5ms
[2025-06-03T15:51:35.331+0530][23.176s] GC(181)   Other: 0.2ms
[2025-06-03T15:51:35.331+0530][23.176s] GC(181) Eden regions: 305->0(304)
[2025-06-03T15:51:35.331+0530][23.176s] GC(181) Survivor regions: 2->3(39)
[2025-06-03T15:51:35.331+0530][23.176s] GC(181) Old regions: 6->6
[2025-06-03T15:51:35.331+0530][23.176s] GC(181) Archive regions: 2->2
[2025-06-03T15:51:35.331+0530][23.176s] GC(181) Humongous regions: 0->0
[2025-06-03T15:51:35.331+0530][23.176s] GC(181) Metaspace: 19946K(20416K)->19946K(20416K) NonClass: 17385K(17664K)->17385K(17664K) Class: 2560K(2752K)->2560K(2752K)
[2025-06-03T15:51:35.331+0530][23.176s] GC(181) Pause Young (Normal) (G1 Evacuation Pause) 313M->8M(512M) 3.397ms
[2025-06-03T15:51:35.331+0530][23.176s] GC(181) User=0.02s Sys=0.00s Real=0.01s
[2025-06-03T15:51:35.664+0530][23.509s] GC(182) Pause Young (Normal) (G1 Evacuation Pause)
[2025-06-03T15:51:35.664+0530][23.509s] GC(182) Using 8 workers of 8 for evacuation
[2025-06-03T15:51:35.667+0530][23.512s] GC(182) Skipped phase 1 of Reference Processing: no references
[2025-06-03T15:51:35.667+0530][23.512s] GC(182) ReferenceProcessor::execute queues: 1, RefProcThreadModel::Single, marks_oops_alive: false
[2025-06-03T15:51:35.667+0530][23.512s] GC(182) Skipped phase 3 of Reference Processing: no references
[2025-06-03T15:51:35.667+0530][23.512s] GC(182) ReferenceProcessor::execute queues: 1, RefProcThreadModel::Single, marks_oops_alive: false
[2025-06-03T15:51:35.667+0530][23.512s] GC(182)   Pre Evacuate Collection Set: 0.3ms
[2025-06-03T15:51:35.667+0530][23.512s] GC(182)   Merge Heap Roots: 0.1ms
[2025-06-03T15:51:35.667+0530][23.512s] GC(182)   Evacuate Collection Set: 2.2ms
[2025-06-03T15:51:35.667+0530][23.512s] GC(182)   Post Evacuate Collection Set: 0.6ms
[2025-06-03T15:51:35.667+0530][23.512s] GC(182)   Other: 0.5ms
[2025-06-03T15:51:35.667+0530][23.512s] GC(182) Eden regions: 304->0(304)
[2025-06-03T15:51:35.667+0530][23.512s] GC(182) Survivor regions: 3->3(39)
[2025-06-03T15:51:35.667+0530][23.512s] GC(182) Old regions: 6->6
[2025-06-03T15:51:35.667+0530][23.512s] GC(182) Archive regions: 2->2
[2025-06-03T15:51:35.667+0530][23.512s] GC(182) Humongous regions: 0->0
[2025-06-03T15:51:35.667+0530][23.512s] GC(182) Metaspace: 19946K(20416K)->19946K(20416K) NonClass: 17385K(17664K)->17385K(17664K) Class: 2560K(2752K)->2560K(2752K)
[2025-06-03T15:51:35.667+0530][23.512s] GC(182) Pause Young (Normal) (G1 Evacuation Pause) 312M->9M(512M) 3.570ms
[2025-06-03T15:51:35.667+0530][23.512s] GC(182) User=0.02s Sys=0.00s Real=0.00s
[2025-06-03T15:51:37.105+0530][24.950s] GC(183) Pause Young (Normal) (G1 Evacuation Pause)
[2025-06-03T15:51:37.105+0530][24.950s] GC(183) Using 8 workers of 8 for evacuation
[2025-06-03T15:51:37.107+0530][24.952s] GC(183) Skipped phase 1 of Reference Processing: no references
[2025-06-03T15:51:37.107+0530][24.952s] GC(183) ReferenceProcessor::execute queues: 1, RefProcThreadModel::Single, marks_oops_alive: false
[2025-06-03T15:51:37.107+0530][24.952s] GC(183) Skipped phase 3 of Reference Processing: no references
[2025-06-03T15:51:37.107+0530][24.952s] GC(183) ReferenceProcessor::execute queues: 1, RefProcThreadModel::Single, marks_oops_alive: false
[2025-06-03T15:51:37.108+0530][24.953s] GC(183)   Pre Evacuate Collection Set: 0.1ms
[2025-06-03T15:51:37.108+0530][24.953s] GC(183)   Merge Heap Roots: 0.1ms
[2025-06-03T15:51:37.108+0530][24.953s] GC(183)   Evacuate Collection Set: 1.8ms
[2025-06-03T15:51:37.108+0530][24.953s] GC(183)   Post Evacuate Collection Set: 0.5ms
[2025-06-03T15:51:37.108+0530][24.953s] GC(183)   Other: 0.1ms
[2025-06-03T15:51:37.108+0530][24.953s] GC(183) Eden regions: 304->0(304)
[2025-06-03T15:51:37.108+0530][24.953s] GC(183) Survivor regions: 3->3(39)
[2025-06-03T15:51:37.108+0530][24.953s] GC(183) Old regions: 6->6
[2025-06-03T15:51:37.108+0530][24.953s] GC(183) Archive regions: 2->2
[2025-06-03T15:51:37.108+0530][24.953s] GC(183) Humongous regions: 0->0
[2025-06-03T15:51:37.108+0530][24.953s] GC(183) Metaspace: 20120K(20608K)->20120K(20608K) NonClass: 17541K(17792K)->17541K(17792K) Class: 2578K(2816K)->2578K(2816K)
[2025-06-03T15:51:37.108+0530][24.953s] GC(183) Pause Young (Normal) (G1 Evacuation Pause) 313M->9M(512M) 2.711ms
[2025-06-03T15:51:37.108+0530][24.953s] GC(183) User=0.01s Sys=0.00s Real=0.00s
[2025-06-03T15:51:38.247+0530][26.092s] GC(184) Pause Young (Normal) (G1 Evacuation Pause)
[2025-06-03T15:51:38.247+0530][26.092s] GC(184) Using 8 workers of 8 for evacuation
[2025-06-03T15:51:38.250+0530][26.095s] GC(184) Skipped phase 1 of Reference Processing: no references
[2025-06-03T15:51:38.250+0530][26.095s] GC(184) ReferenceProcessor::execute queues: 1, RefProcThreadModel::Single, marks_oops_alive: false
[2025-06-03T15:51:38.250+0530][26.095s] GC(184) Skipped phase 3 of Reference Processing: no references
[2025-06-03T15:51:38.250+0530][26.095s] GC(184) ReferenceProcessor::execute queues: 1, RefProcThreadModel::Single, marks_oops_alive: false
[2025-06-03T15:51:38.250+0530][26.095s] GC(184)   Pre Evacuate Collection Set: 0.1ms
[2025-06-03T15:51:38.250+0530][26.095s] GC(184)   Merge Heap Roots: 0.1ms
[2025-06-03T15:51:38.250+0530][26.095s] GC(184)   Evacuate Collection Set: 2.1ms
[2025-06-03T15:51:38.250+0530][26.095s] GC(184)   Post Evacuate Collection Set: 0.5ms
[2025-06-03T15:51:38.250+0530][26.095s] GC(184)   Other: 0.2ms
[2025-06-03T15:51:38.250+0530][26.095s] GC(184) Eden regions: 304->0(304)
[2025-06-03T15:51:38.250+0530][26.095s] GC(184) Survivor regions: 3->3(39)
[2025-06-03T15:51:38.250+0530][26.095s] GC(184) Old regions: 6->6
[2025-06-03T15:51:38.250+0530][26.095s] GC(184) Archive regions: 2->2
[2025-06-03T15:51:38.250+0530][26.095s] GC(184) Humongous regions: 0->0
[2025-06-03T15:51:38.250+0530][26.095s] GC(184) Metaspace: 20140K(20608K)->20140K(20608K) NonClass: 17561K(17792K)->17561K(17792K) Class: 2578K(2816K)->2578K(2816K)
[2025-06-03T15:51:38.250+0530][26.095s] GC(184) Pause Young (Normal) (G1 Evacuation Pause) 313M->9M(512M) 3.076ms
[2025-06-03T15:51:38.250+0530][26.095s] GC(184) User=0.02s Sys=0.00s Real=0.01s
[2025-06-03T15:51:38.966+0530][26.811s] GC(185) Pause Young (Normal) (G1 Evacuation Pause)
[2025-06-03T15:51:38.966+0530][26.811s] GC(185) Using 8 workers of 8 for evacuation
[2025-06-03T15:51:38.968+0530][26.813s] GC(185) Skipped phase 1 of Reference Processing: no references
[2025-06-03T15:51:38.968+0530][26.813s] GC(185) ReferenceProcessor::execute queues: 1, RefProcThreadModel::Single, marks_oops_alive: false
[2025-06-03T15:51:38.968+0530][26.813s] GC(185) Skipped phase 3 of Reference Processing: no references
[2025-06-03T15:51:38.968+0530][26.813s] GC(185) ReferenceProcessor::execute queues: 1, RefProcThreadModel::Single, marks_oops_alive: false
[2025-06-03T15:51:38.969+0530][26.814s] GC(185)   Pre Evacuate Collection Set: 0.1ms
[2025-06-03T15:51:38.969+0530][26.814s] GC(185)   Merge Heap Roots: 0.1ms
[2025-06-03T15:51:38.969+0530][26.814s] GC(185)   Evacuate Collection Set: 1.6ms
[2025-06-03T15:51:38.969+0530][26.814s] GC(185)   Post Evacuate Collection Set: 0.4ms
[2025-06-03T15:51:38.969+0530][26.814s] GC(185)   Other: 0.2ms
[2025-06-03T15:51:38.969+0530][26.814s] GC(185) Eden regions: 304->0(304)
[2025-06-03T15:51:38.969+0530][26.814s] GC(185) Survivor regions: 3->3(39)
[2025-06-03T15:51:38.969+0530][26.814s] GC(185) Old regions: 6->7
[2025-06-03T15:51:38.969+0530][26.814s] GC(185) Archive regions: 2->2
[2025-06-03T15:51:38.969+0530][26.814s] GC(185) Humongous regions: 0->0
[2025-06-03T15:51:38.969+0530][26.814s] GC(185) Metaspace: 20140K(20608K)->20140K(20608K) NonClass: 17561K(17792K)->17561K(17792K) Class: 2578K(2816K)->2578K(2816K)
[2025-06-03T15:51:38.969+0530][26.814s] GC(185) Pause Young (Normal) (G1 Evacuation Pause) 313M->9M(512M) 2.531ms
[2025-06-03T15:51:38.969+0530][26.814s] GC(185) User=0.01s Sys=0.00s Real=0.00s
[2025-06-03T15:51:39.457+0530][27.302s] GC(186) Pause Young (Normal) (G1 Evacuation Pause)
[2025-06-03T15:51:39.458+0530][27.303s] GC(186) Using 8 workers of 8 for evacuation
[2025-06-03T15:51:39.459+0530][27.304s] GC(186) Skipped phase 1 of Reference Processing: no references
[2025-06-03T15:51:39.459+0530][27.304s] GC(186) ReferenceProcessor::execute queues: 1, RefProcThreadModel::Single, marks_oops_alive: false
[2025-06-03T15:51:39.459+0530][27.304s] GC(186) Skipped phase 3 of Reference Processing: no references
[2025-06-03T15:51:39.459+0530][27.304s] GC(186) ReferenceProcessor::execute queues: 1, RefProcThreadModel::Single, marks_oops_alive: false
[2025-06-03T15:51:39.460+0530][27.305s] GC(186)   Pre Evacuate Collection Set: 0.0ms
[2025-06-03T15:51:39.460+0530][27.305s] GC(186)   Merge Heap Roots: 0.1ms
[2025-06-03T15:51:39.460+0530][27.305s] GC(186)   Evacuate Collection Set: 1.5ms
[2025-06-03T15:51:39.460+0530][27.305s] GC(186)   Post Evacuate Collection Set: 0.5ms
[2025-06-03T15:51:39.460+0530][27.305s] GC(186)   Other: 0.2ms
[2025-06-03T15:51:39.460+0530][27.305s] GC(186) Eden regions: 304->0(305)
[2025-06-03T15:51:39.460+0530][27.305s] GC(186) Survivor regions: 3->2(39)
[2025-06-03T15:51:39.460+0530][27.305s] GC(186) Old regions: 7->7
[2025-06-03T15:51:39.460+0530][27.305s] GC(186) Archive regions: 2->2
[2025-06-03T15:51:39.460+0530][27.305s] GC(186) Humongous regions: 0->0
[2025-06-03T15:51:39.460+0530][27.305s] GC(186) Metaspace: 20151K(20608K)->20151K(20608K) NonClass: 17571K(17792K)->17571K(17792K) Class: 2579K(2816K)->2579K(2816K)
[2025-06-03T15:51:39.460+0530][27.305s] GC(186) Pause Young (Normal) (G1 Evacuation Pause) 313M->9M(512M) 2.421ms
[2025-06-03T15:51:39.460+0530][27.305s] GC(186) User=0.01s Sys=0.00s Real=0.01s
[2025-06-03T15:51:39.788+0530][27.633s] GC(187) Pause Young (Normal) (G1 Evacuation Pause)
[2025-06-03T15:51:39.788+0530][27.633s] GC(187) Using 8 workers of 8 for evacuation
[2025-06-03T15:51:39.789+0530][27.635s] GC(187) Skipped phase 1 of Reference Processing: no references
[2025-06-03T15:51:39.790+0530][27.635s] GC(187) ReferenceProcessor::execute queues: 1, RefProcThreadModel::Single, marks_oops_alive: false
[2025-06-03T15:51:39.790+0530][27.635s] GC(187) Skipped phase 3 of Reference Processing: no references
[2025-06-03T15:51:39.790+0530][27.635s] GC(187) ReferenceProcessor::execute queues: 1, RefProcThreadModel::Single, marks_oops_alive: false
[2025-06-03T15:51:39.790+0530][27.635s] GC(187)   Pre Evacuate Collection Set: 0.1ms
[2025-06-03T15:51:39.790+0530][27.635s] GC(187)   Merge Heap Roots: 0.1ms
[2025-06-03T15:51:39.790+0530][27.635s] GC(187)   Evacuate Collection Set: 1.1ms
[2025-06-03T15:51:39.790+0530][27.635s] GC(187)   Post Evacuate Collection Set: 0.4ms
[2025-06-03T15:51:39.790+0530][27.635s] GC(187)   Other: 0.2ms
[2025-06-03T15:51:39.790+0530][27.635s] GC(187) Eden regions: 305->0(305)
[2025-06-03T15:51:39.790+0530][27.635s] GC(187) Survivor regions: 2->2(39)
[2025-06-03T15:51:39.790+0530][27.635s] GC(187) Old regions: 7->7
[2025-06-03T15:51:39.790+0530][27.635s] GC(187) Archive regions: 2->2
[2025-06-03T15:51:39.790+0530][27.635s] GC(187) Humongous regions: 0->0
[2025-06-03T15:51:39.790+0530][27.635s] GC(187) Metaspace: 20151K(20608K)->20151K(20608K) NonClass: 17571K(17792K)->17571K(17792K) Class: 2579K(2816K)->2579K(2816K)
[2025-06-03T15:51:39.790+0530][27.635s] GC(187) Pause Young (Normal) (G1 Evacuation Pause) 314M->9M(512M) 1.984ms
[2025-06-03T15:51:39.790+0530][27.635s] GC(187) User=0.00s Sys=0.00s Real=0.01s
[2025-06-03T15:51:40.024+0530][27.869s] GC(188) Pause Young (Normal) (G1 Evacuation Pause)
[2025-06-03T15:51:40.024+0530][27.869s] GC(188) Using 8 workers of 8 for evacuation
[2025-06-03T15:51:40.025+0530][27.870s] GC(188) Skipped phase 1 of Reference Processing: no references
[2025-06-03T15:51:40.025+0530][27.870s] GC(188) ReferenceProcessor::execute queues: 1, RefProcThreadModel::Single, marks_oops_alive: false
[2025-06-03T15:51:40.025+0530][27.870s] GC(188) Skipped phase 3 of Reference Processing: no references
[2025-06-03T15:51:40.025+0530][27.870s] GC(188) ReferenceProcessor::execute queues: 1, RefProcThreadModel::Single, marks_oops_alive: false
[2025-06-03T15:51:40.026+0530][27.871s] GC(188)   Pre Evacuate Collection Set: 0.0ms
[2025-06-03T15:51:40.026+0530][27.871s] GC(188)   Merge Heap Roots: 0.1ms
[2025-06-03T15:51:40.026+0530][27.871s] GC(188)   Evacuate Collection Set: 0.9ms
[2025-06-03T15:51:40.026+0530][27.871s] GC(188)   Post Evacuate Collection Set: 0.4ms
[2025-06-03T15:51:40.026+0530][27.871s] GC(188)   Other: 0.2ms
[2025-06-03T15:51:40.026+0530][27.871s] GC(188) Eden regions: 305->0(305)
[2025-06-03T15:51:40.026+0530][27.871s] GC(188) Survivor regions: 2->2(39)
[2025-06-03T15:51:40.026+0530][27.871s] GC(188) Old regions: 7->7
[2025-06-03T15:51:40.026+0530][27.871s] GC(188) Archive regions: 2->2
[2025-06-03T15:51:40.026+0530][27.871s] GC(188) Humongous regions: 0->0
[2025-06-03T15:51:40.026+0530][27.871s] GC(188) Metaspace: 20151K(20608K)->20151K(20608K) NonClass: 17571K(17792K)->17571K(17792K) Class: 2579K(2816K)->2579K(2816K)
[2025-06-03T15:51:40.026+0530][27.871s] GC(188) Pause Young (Normal) (G1 Evacuation Pause) 314M->9M(512M) 1.788ms
[2025-06-03T15:51:40.026+0530][27.871s] GC(188) User=0.00s Sys=0.01s Real=0.00s
[2025-06-03T15:51:40.178+0530][28.023s] GC(189) Pause Young (Normal) (G1 Evacuation Pause)
[2025-06-03T15:51:40.178+0530][28.023s] GC(189) Using 8 workers of 8 for evacuation
[2025-06-03T15:51:40.179+0530][28.024s] GC(189) Skipped phase 1 of Reference Processing: no references
[2025-06-03T15:51:40.179+0530][28.024s] GC(189) ReferenceProcessor::execute queues: 1, RefProcThreadModel::Single, marks_oops_alive: false
[2025-06-03T15:51:40.179+0530][28.024s] GC(189) Skipped phase 3 of Reference Processing: no references
[2025-06-03T15:51:40.179+0530][28.024s] GC(189) ReferenceProcessor::execute queues: 1, RefProcThreadModel::Single, marks_oops_alive: false
[2025-06-03T15:51:40.179+0530][28.025s] GC(189)   Pre Evacuate Collection Set: 0.1ms
[2025-06-03T15:51:40.179+0530][28.025s] GC(189)   Merge Heap Roots: 0.1ms
[2025-06-03T15:51:40.179+0530][28.025s] GC(189)   Evacuate Collection Set: 0.9ms
[2025-06-03T15:51:40.180+0530][28.025s] GC(189)   Post Evacuate Collection Set: 0.5ms
[2025-06-03T15:51:40.180+0530][28.025s] GC(189)   Other: 0.2ms
[2025-06-03T15:51:40.180+0530][28.025s] GC(189) Eden regions: 305->0(305)
[2025-06-03T15:51:40.180+0530][28.025s] GC(189) Survivor regions: 2->2(39)
[2025-06-03T15:51:40.180+0530][28.025s] GC(189) Old regions: 7->7
[2025-06-03T15:51:40.180+0530][28.025s] GC(189) Archive regions: 2->2
[2025-06-03T15:51:40.180+0530][28.025s] GC(189) Humongous regions: 0->0
[2025-06-03T15:51:40.180+0530][28.025s] GC(189) Metaspace: 20159K(20608K)->20159K(20608K) NonClass: 17579K(17792K)->17579K(17792K) Class: 2579K(2816K)->2579K(2816K)
[2025-06-03T15:51:40.180+0530][28.025s] GC(189) Pause Young (Normal) (G1 Evacuation Pause) 314M->9M(512M) 1.847ms
[2025-06-03T15:51:40.180+0530][28.025s] GC(189) User=0.01s Sys=0.00s Real=0.01s
[2025-06-03T15:51:40.324+0530][28.169s] GC(190) Pause Young (Normal) (G1 Evacuation Pause)
[2025-06-03T15:51:40.324+0530][28.169s] GC(190) Using 8 workers of 8 for evacuation
[2025-06-03T15:51:40.325+0530][28.170s] GC(190) Skipped phase 1 of Reference Processing: no references
[2025-06-03T15:51:40.325+0530][28.170s] GC(190) ReferenceProcessor::execute queues: 1, RefProcThreadModel::Single, marks_oops_alive: false
[2025-06-03T15:51:40.325+0530][28.170s] GC(190) Skipped phase 3 of Reference Processing: no references
[2025-06-03T15:51:40.325+0530][28.170s] GC(190) ReferenceProcessor::execute queues: 1, RefProcThreadModel::Single, marks_oops_alive: false
[2025-06-03T15:51:40.325+0530][28.170s] GC(190)   Pre Evacuate Collection Set: 0.1ms
[2025-06-03T15:51:40.325+0530][28.170s] GC(190)   Merge Heap Roots: 0.1ms
[2025-06-03T15:51:40.325+0530][28.170s] GC(190)   Evacuate Collection Set: 0.8ms
[2025-06-03T15:51:40.325+0530][28.170s] GC(190)   Post Evacuate Collection Set: 0.4ms
[2025-06-03T15:51:40.325+0530][28.170s] GC(190)   Other: 0.1ms
[2025-06-03T15:51:40.325+0530][28.170s] GC(190) Eden regions: 305->0(305)
[2025-06-03T15:51:40.325+0530][28.170s] GC(190) Survivor regions: 2->2(39)
[2025-06-03T15:51:40.325+0530][28.170s] GC(190) Old regions: 7->7
[2025-06-03T15:51:40.325+0530][28.170s] GC(190) Archive regions: 2->2
[2025-06-03T15:51:40.325+0530][28.170s] GC(190) Humongous regions: 0->0
[2025-06-03T15:51:40.325+0530][28.170s] GC(190) Metaspace: 20159K(20608K)->20159K(20608K) NonClass: 17579K(17792K)->17579K(17792K) Class: 2579K(2816K)->2579K(2816K)
[2025-06-03T15:51:40.325+0530][28.170s] GC(190) Pause Young (Normal) (G1 Evacuation Pause) 314M->9M(512M) 1.733ms
[2025-06-03T15:51:40.325+0530][28.170s] GC(190) User=0.01s Sys=0.00s Real=0.00s
[2025-06-03T15:51:40.421+0530][28.266s] GC(191) Pause Young (Normal) (G1 Evacuation Pause)
[2025-06-03T15:51:40.421+0530][28.266s] GC(191) Using 8 workers of 8 for evacuation
[2025-06-03T15:51:40.422+0530][28.267s] GC(191) Skipped phase 1 of Reference Processing: no references
[2025-06-03T15:51:40.422+0530][28.267s] GC(191) ReferenceProcessor::execute queues: 1, RefProcThreadModel::Single, marks_oops_alive: false
[2025-06-03T15:51:40.422+0530][28.267s] GC(191) Skipped phase 3 of Reference Processing: no references
[2025-06-03T15:51:40.422+0530][28.267s] GC(191) ReferenceProcessor::execute queues: 1, RefProcThreadModel::Single, marks_oops_alive: false
[2025-06-03T15:51:40.422+0530][28.268s] GC(191)   Pre Evacuate Collection Set: 0.1ms
[2025-06-03T15:51:40.422+0530][28.268s] GC(191)   Merge Heap Roots: 0.1ms
[2025-06-03T15:51:40.422+0530][28.268s] GC(191)   Evacuate Collection Set: 0.9ms
[2025-06-03T15:51:40.423+0530][28.268s] GC(191)   Post Evacuate Collection Set: 0.4ms
[2025-06-03T15:51:40.423+0530][28.268s] GC(191)   Other: 0.1ms
[2025-06-03T15:51:40.423+0530][28.268s] GC(191) Eden regions: 305->0(305)
[2025-06-03T15:51:40.423+0530][28.268s] GC(191) Survivor regions: 2->2(39)
[2025-06-03T15:51:40.423+0530][28.268s] GC(191) Old regions: 7->7
[2025-06-03T15:51:40.423+0530][28.268s] GC(191) Archive regions: 2->2
[2025-06-03T15:51:40.423+0530][28.268s] GC(191) Humongous regions: 0->0
[2025-06-03T15:51:40.423+0530][28.268s] GC(191) Metaspace: 20159K(20608K)->20159K(20608K) NonClass: 17579K(17792K)->17579K(17792K) Class: 2579K(2816K)->2579K(2816K)
[2025-06-03T15:51:40.423+0530][28.268s] GC(191) Pause Young (Normal) (G1 Evacuation Pause) 314M->9M(512M) 1.729ms
[2025-06-03T15:51:40.423+0530][28.268s] GC(191) User=0.01s Sys=0.00s Real=0.00s
[2025-06-03T15:51:40.540+0530][28.385s] GC(192) Pause Young (Normal) (G1 Evacuation Pause)
[2025-06-03T15:51:40.540+0530][28.385s] GC(192) Using 8 workers of 8 for evacuation
[2025-06-03T15:51:40.541+0530][28.386s] GC(192) Skipped phase 1 of Reference Processing: no references
[2025-06-03T15:51:40.541+0530][28.386s] GC(192) ReferenceProcessor::execute queues: 1, RefProcThreadModel::Single, marks_oops_alive: false
[2025-06-03T15:51:40.541+0530][28.386s] GC(192) Skipped phase 3 of Reference Processing: no references
[2025-06-03T15:51:40.541+0530][28.386s] GC(192) ReferenceProcessor::execute queues: 1, RefProcThreadModel::Single, marks_oops_alive: false
[2025-06-03T15:51:40.542+0530][28.387s] GC(192)   Pre Evacuate Collection Set: 0.1ms
[2025-06-03T15:51:40.542+0530][28.387s] GC(192)   Merge Heap Roots: 0.1ms
[2025-06-03T15:51:40.542+0530][28.387s] GC(192)   Evacuate Collection Set: 0.9ms
[2025-06-03T15:51:40.542+0530][28.387s] GC(192)   Post Evacuate Collection Set: 0.4ms
[2025-06-03T15:51:40.542+0530][28.387s] GC(192)   Other: 0.1ms
[2025-06-03T15:51:40.542+0530][28.387s] GC(192) Eden regions: 305->0(305)
[2025-06-03T15:51:40.542+0530][28.387s] GC(192) Survivor regions: 2->2(39)
[2025-06-03T15:51:40.542+0530][28.387s] GC(192) Old regions: 7->7
[2025-06-03T15:51:40.542+0530][28.387s] GC(192) Archive regions: 2->2
[2025-06-03T15:51:40.542+0530][28.387s] GC(192) Humongous regions: 0->0
[2025-06-03T15:51:40.542+0530][28.387s] GC(192) Metaspace: 20159K(20608K)->20159K(20608K) NonClass: 17579K(17792K)->17579K(17792K) Class: 2579K(2816K)->2579K(2816K)
[2025-06-03T15:51:40.542+0530][28.387s] GC(192) Pause Young (Normal) (G1 Evacuation Pause) 314M->9M(512M) 1.728ms
[2025-06-03T15:51:40.542+0530][28.387s] GC(192) User=0.00s Sys=0.00s Real=0.00s
[2025-06-03T15:51:40.641+0530][28.486s] GC(193) Pause Young (Normal) (G1 Evacuation Pause)
[2025-06-03T15:51:40.641+0530][28.486s] GC(193) Using 8 workers of 8 for evacuation
[2025-06-03T15:51:40.642+0530][28.487s] GC(193) Skipped phase 1 of Reference Processing: no references
[2025-06-03T15:51:40.642+0530][28.487s] GC(193) ReferenceProcessor::execute queues: 1, RefProcThreadModel::Single, marks_oops_alive: false
[2025-06-03T15:51:40.642+0530][28.487s] GC(193) Skipped phase 3 of Reference Processing: no references
[2025-06-03T15:51:40.642+0530][28.487s] GC(193) ReferenceProcessor::execute queues: 1, RefProcThreadModel::Single, marks_oops_alive: false
[2025-06-03T15:51:40.642+0530][28.487s] GC(193)   Pre Evacuate Collection Set: 0.0ms
[2025-06-03T15:51:40.642+0530][28.487s] GC(193)   Merge Heap Roots: 0.1ms
[2025-06-03T15:51:40.642+0530][28.487s] GC(193)   Evacuate Collection Set: 1.0ms
[2025-06-03T15:51:40.642+0530][28.487s] GC(193)   Post Evacuate Collection Set: 0.5ms
[2025-06-03T15:51:40.642+0530][28.487s] GC(193)   Other: 0.1ms
[2025-06-03T15:51:40.642+0530][28.487s] GC(193) Eden regions: 305->0(305)
[2025-06-03T15:51:40.642+0530][28.487s] GC(193) Survivor regions: 2->2(39)
[2025-06-03T15:51:40.642+0530][28.487s] GC(193) Old regions: 7->7
[2025-06-03T15:51:40.642+0530][28.487s] GC(193) Archive regions: 2->2
[2025-06-03T15:51:40.642+0530][28.487s] GC(193) Humongous regions: 0->0
[2025-06-03T15:51:40.642+0530][28.487s] GC(193) Metaspace: 20159K(20608K)->20159K(20608K) NonClass: 17579K(17792K)->17579K(17792K) Class: 2579K(2816K)->2579K(2816K)
[2025-06-03T15:51:40.642+0530][28.487s] GC(193) Pause Young (Normal) (G1 Evacuation Pause) 314M->9M(512M) 1.868ms
[2025-06-03T15:51:40.642+0530][28.487s] GC(193) User=0.01s Sys=0.00s Real=0.00s
[2025-06-03T15:51:40.740+0530][28.585s] GC(194) Pause Young (Normal) (G1 Evacuation Pause)
[2025-06-03T15:51:40.740+0530][28.585s] GC(194) Using 8 workers of 8 for evacuation
[2025-06-03T15:51:40.741+0530][28.586s] GC(194) Skipped phase 1 of Reference Processing: no references
[2025-06-03T15:51:40.741+0530][28.586s] GC(194) ReferenceProcessor::execute queues: 1, RefProcThreadModel::Single, marks_oops_alive: false
[2025-06-03T15:51:40.741+0530][28.586s] GC(194) Skipped phase 3 of Reference Processing: no references
[2025-06-03T15:51:40.741+0530][28.586s] GC(194) ReferenceProcessor::execute queues: 1, RefProcThreadModel::Single, marks_oops_alive: false
[2025-06-03T15:51:40.742+0530][28.587s] GC(194)   Pre Evacuate Collection Set: 0.1ms
[2025-06-03T15:51:40.742+0530][28.587s] GC(194)   Merge Heap Roots: 0.1ms
[2025-06-03T15:51:40.742+0530][28.587s] GC(194)   Evacuate Collection Set: 1.0ms
[2025-06-03T15:51:40.742+0530][28.587s] GC(194)   Post Evacuate Collection Set: 0.5ms
[2025-06-03T15:51:40.742+0530][28.587s] GC(194)   Other: 0.2ms
[2025-06-03T15:51:40.742+0530][28.587s] GC(194) Eden regions: 305->0(306)
[2025-06-03T15:51:40.742+0530][28.587s] GC(194) Survivor regions: 2->1(39)
[2025-06-03T15:51:40.742+0530][28.587s] GC(194) Old regions: 7->8
[2025-06-03T15:51:40.742+0530][28.587s] GC(194) Archive regions: 2->2
[2025-06-03T15:51:40.742+0530][28.587s] GC(194) Humongous regions: 0->0
[2025-06-03T15:51:40.742+0530][28.587s] GC(194) Metaspace: 20159K(20608K)->20159K(20608K) NonClass: 17579K(17792K)->17579K(17792K) Class: 2579K(2816K)->2579K(2816K)
[2025-06-03T15:51:40.742+0530][28.587s] GC(194) Pause Young (Normal) (G1 Evacuation Pause) 314M->9M(512M) 1.936ms
[2025-06-03T15:51:40.742+0530][28.587s] GC(194) User=0.01s Sys=0.01s Real=0.00s
[2025-06-03T15:51:40.837+0530][28.682s] GC(195) Pause Young (Normal) (G1 Evacuation Pause)
[2025-06-03T15:51:40.837+0530][28.682s] GC(195) Using 8 workers of 8 for evacuation
[2025-06-03T15:51:40.838+0530][28.683s] GC(195) Skipped phase 1 of Reference Processing: no references
[2025-06-03T15:51:40.838+0530][28.683s] GC(195) ReferenceProcessor::execute queues: 1, RefProcThreadModel::Single, marks_oops_alive: false
[2025-06-03T15:51:40.838+0530][28.683s] GC(195) Skipped phase 3 of Reference Processing: no references
[2025-06-03T15:51:40.838+0530][28.683s] GC(195) Skipped phase 4 of Reference Processing: no references
[2025-06-03T15:51:40.838+0530][28.684s] GC(195)   Pre Evacuate Collection Set: 0.0ms
[2025-06-03T15:51:40.839+0530][28.684s] GC(195)   Merge Heap Roots: 0.0ms
[2025-06-03T15:51:40.839+0530][28.684s] GC(195)   Evacuate Collection Set: 0.9ms
[2025-06-03T15:51:40.839+0530][28.684s] GC(195)   Post Evacuate Collection Set: 0.4ms
[2025-06-03T15:51:40.839+0530][28.684s] GC(195)   Other: 0.2ms
[2025-06-03T15:51:40.839+0530][28.684s] GC(195) Eden regions: 306->0(306)
[2025-06-03T15:51:40.839+0530][28.684s] GC(195) Survivor regions: 1->1(39)
[2025-06-03T15:51:40.839+0530][28.684s] GC(195) Old regions: 8->8
[2025-06-03T15:51:40.839+0530][28.684s] GC(195) Archive regions: 2->2
[2025-06-03T15:51:40.839+0530][28.684s] GC(195) Humongous regions: 0->0
[2025-06-03T15:51:40.839+0530][28.684s] GC(195) Metaspace: 20159K(20608K)->20159K(20608K) NonClass: 17579K(17792K)->17579K(17792K) Class: 2579K(2816K)->2579K(2816K)
[2025-06-03T15:51:40.839+0530][28.684s] GC(195) Pause Young (Normal) (G1 Evacuation Pause) 315M->9M(512M) 1.851ms
[2025-06-03T15:51:40.839+0530][28.684s] GC(195) User=0.01s Sys=0.00s Real=0.00s
[2025-06-03T15:51:40.933+0530][28.778s] GC(196) Pause Young (Normal) (G1 Evacuation Pause)
[2025-06-03T15:51:40.933+0530][28.778s] GC(196) Using 8 workers of 8 for evacuation
[2025-06-03T15:51:40.934+0530][28.779s] GC(196) Skipped phase 1 of Reference Processing: no references
[2025-06-03T15:51:40.934+0530][28.779s] GC(196) Skipped phase 2 of Reference Processing: no references
[2025-06-03T15:51:40.934+0530][28.779s] GC(196) Skipped phase 3 of Reference Processing: no references
[2025-06-03T15:51:40.934+0530][28.779s] GC(196) Skipped phase 4 of Reference Processing: no references
[2025-06-03T15:51:40.934+0530][28.779s] GC(196)   Pre Evacuate Collection Set: 0.1ms
[2025-06-03T15:51:40.934+0530][28.779s] GC(196)   Merge Heap Roots: 0.1ms
[2025-06-03T15:51:40.934+0530][28.779s] GC(196)   Evacuate Collection Set: 0.6ms
[2025-06-03T15:51:40.934+0530][28.779s] GC(196)   Post Evacuate Collection Set: 0.4ms
[2025-06-03T15:51:40.934+0530][28.779s] GC(196)   Other: 0.1ms
[2025-06-03T15:51:40.934+0530][28.779s] GC(196) Eden regions: 306->0(306)
[2025-06-03T15:51:40.934+0530][28.779s] GC(196) Survivor regions: 1->1(39)
[2025-06-03T15:51:40.934+0530][28.779s] GC(196) Old regions: 8->8
[2025-06-03T15:51:40.934+0530][28.779s] GC(196) Archive regions: 2->2
[2025-06-03T15:51:40.934+0530][28.779s] GC(196) Humongous regions: 0->0
[2025-06-03T15:51:40.934+0530][28.779s] GC(196) Metaspace: 20159K(20608K)->20159K(20608K) NonClass: 17579K(17792K)->17579K(17792K) Class: 2579K(2816K)->2579K(2816K)
[2025-06-03T15:51:40.934+0530][28.779s] GC(196) Pause Young (Normal) (G1 Evacuation Pause) 315M->9M(512M) 1.362ms
[2025-06-03T15:51:40.934+0530][28.779s] GC(196) User=0.00s Sys=0.00s Real=0.00s
[2025-06-03T15:51:41.030+0530][28.875s] GC(197) Pause Young (Normal) (G1 Evacuation Pause)
[2025-06-03T15:51:41.030+0530][28.875s] GC(197) Using 8 workers of 8 for evacuation
[2025-06-03T15:51:41.030+0530][28.875s] GC(197) Skipped phase 1 of Reference Processing: no references
[2025-06-03T15:51:41.030+0530][28.875s] GC(197) Skipped phase 2 of Reference Processing: no references
[2025-06-03T15:51:41.030+0530][28.875s] GC(197) Skipped phase 3 of Reference Processing: no references
[2025-06-03T15:51:41.030+0530][28.875s] GC(197) Skipped phase 4 of Reference Processing: no references
[2025-06-03T15:51:41.030+0530][28.875s] GC(197)   Pre Evacuate Collection Set: 0.1ms
[2025-06-03T15:51:41.030+0530][28.875s] GC(197)   Merge Heap Roots: 0.1ms
[2025-06-03T15:51:41.030+0530][28.875s] GC(197)   Evacuate Collection Set: 0.2ms
[2025-06-03T15:51:41.030+0530][28.875s] GC(197)   Post Evacuate Collection Set: 0.4ms
[2025-06-03T15:51:41.030+0530][28.876s] GC(197)   Other: 0.1ms
[2025-06-03T15:51:41.030+0530][28.876s] GC(197) Eden regions: 306->0(306)
[2025-06-03T15:51:41.030+0530][28.876s] GC(197) Survivor regions: 1->1(39)
[2025-06-03T15:51:41.030+0530][28.876s] GC(197) Old regions: 8->8
[2025-06-03T15:51:41.030+0530][28.876s] GC(197) Archive regions: 2->2
[2025-06-03T15:51:41.031+0530][28.876s] GC(197) Humongous regions: 0->0
[2025-06-03T15:51:41.031+0530][28.876s] GC(197) Metaspace: 20159K(20608K)->20159K(20608K) NonClass: 17579K(17792K)->17579K(17792K) Class: 2579K(2816K)->2579K(2816K)
[2025-06-03T15:51:41.031+0530][28.876s] GC(197) Pause Young (Normal) (G1 Evacuation Pause) 315M->8M(512M) 1.023ms
[2025-06-03T15:51:41.031+0530][28.876s] GC(197) User=0.00s Sys=0.00s Real=0.00s
[2025-06-03T15:51:41.130+0530][28.975s] GC(198) Pause Young (Normal) (G1 Evacuation Pause)
[2025-06-03T15:51:41.130+0530][28.975s] GC(198) Using 8 workers of 8 for evacuation
[2025-06-03T15:51:41.130+0530][28.975s] GC(198) Skipped phase 1 of Reference Processing: no references
[2025-06-03T15:51:41.130+0530][28.975s] GC(198) Skipped phase 2 of Reference Processing: no references
[2025-06-03T15:51:41.130+0530][28.975s] GC(198) Skipped phase 3 of Reference Processing: no references
[2025-06-03T15:51:41.130+0530][28.975s] GC(198) Skipped phase 4 of Reference Processing: no references
[2025-06-03T15:51:41.131+0530][28.976s] GC(198)   Pre Evacuate Collection Set: 0.1ms
[2025-06-03T15:51:41.131+0530][28.976s] GC(198)   Merge Heap Roots: 0.1ms
[2025-06-03T15:51:41.131+0530][28.976s] GC(198)   Evacuate Collection Set: 0.3ms
[2025-06-03T15:51:41.131+0530][28.976s] GC(198)   Post Evacuate Collection Set: 0.4ms
[2025-06-03T15:51:41.131+0530][28.976s] GC(198)   Other: 0.2ms
[2025-06-03T15:51:41.131+0530][28.976s] GC(198) Eden regions: 306->0(306)
[2025-06-03T15:51:41.131+0530][28.976s] GC(198) Survivor regions: 1->1(39)
[2025-06-03T15:51:41.131+0530][28.976s] GC(198) Old regions: 8->9
[2025-06-03T15:51:41.131+0530][28.976s] GC(198) Archive regions: 2->2
[2025-06-03T15:51:41.131+0530][28.976s] GC(198) Humongous regions: 0->0
[2025-06-03T15:51:41.131+0530][28.976s] GC(198) Metaspace: 20160K(20608K)->20160K(20608K) NonClass: 17580K(17792K)->17580K(17792K) Class: 2579K(2816K)->2579K(2816K)
[2025-06-03T15:51:41.131+0530][28.976s] GC(198) Pause Young (Normal) (G1 Evacuation Pause) 314M->9M(512M) 1.303ms
[2025-06-03T15:51:41.131+0530][28.976s] GC(198) User=0.00s Sys=0.00s Real=0.00s
[2025-06-03T15:51:41.236+0530][29.081s] GC(199) Pause Young (Normal) (G1 Evacuation Pause)
[2025-06-03T15:51:41.236+0530][29.081s] GC(199) Using 8 workers of 8 for evacuation
[2025-06-03T15:51:41.236+0530][29.082s] GC(199) Skipped phase 1 of Reference Processing: no references
[2025-06-03T15:51:41.237+0530][29.082s] GC(199) Skipped phase 2 of Reference Processing: no references
[2025-06-03T15:51:41.237+0530][29.082s] GC(199) Skipped phase 3 of Reference Processing: no references
[2025-06-03T15:51:41.237+0530][29.082s] GC(199) Skipped phase 4 of Reference Processing: no references
[2025-06-03T15:51:41.237+0530][29.082s] GC(199)   Pre Evacuate Collection Set: 0.0ms
[2025-06-03T15:51:41.237+0530][29.082s] GC(199)   Merge Heap Roots: 0.0ms
[2025-06-03T15:51:41.237+0530][29.082s] GC(199)   Evacuate Collection Set: 0.2ms
[2025-06-03T15:51:41.237+0530][29.082s] GC(199)   Post Evacuate Collection Set: 0.3ms
[2025-06-03T15:51:41.237+0530][29.082s] GC(199)   Other: 0.1ms
[2025-06-03T15:51:41.237+0530][29.082s] GC(199) Eden regions: 306->0(306)
[2025-06-03T15:51:41.237+0530][29.082s] GC(199) Survivor regions: 1->1(39)
[2025-06-03T15:51:41.237+0530][29.082s] GC(199) Old regions: 9->9
[2025-06-03T15:51:41.237+0530][29.082s] GC(199) Archive regions: 2->2
[2025-06-03T15:51:41.237+0530][29.082s] GC(199) Humongous regions: 0->0
[2025-06-03T15:51:41.237+0530][29.082s] GC(199) Metaspace: 20160K(20608K)->20160K(20608K) NonClass: 17580K(17792K)->17580K(17792K) Class: 2579K(2816K)->2579K(2816K)
[2025-06-03T15:51:41.237+0530][29.082s] GC(199) Pause Young (Normal) (G1 Evacuation Pause) 315M->9M(512M) 0.912ms
[2025-06-03T15:51:41.237+0530][29.082s] GC(199) User=0.00s Sys=0.00s Real=0.00s
[2025-06-03T15:51:41.335+0530][29.180s] GC(200) Pause Young (Normal) (G1 Evacuation Pause)
[2025-06-03T15:51:41.335+0530][29.180s] GC(200) Using 8 workers of 8 for evacuation
[2025-06-03T15:51:41.335+0530][29.181s] GC(200) Skipped phase 1 of Reference Processing: no references
[2025-06-03T15:51:41.335+0530][29.181s] GC(200) Skipped phase 2 of Reference Processing: no references
[2025-06-03T15:51:41.335+0530][29.181s] GC(200) Skipped phase 3 of Reference Processing: no references
[2025-06-03T15:51:41.335+0530][29.181s] GC(200) Skipped phase 4 of Reference Processing: no references
[2025-06-03T15:51:41.336+0530][29.181s] GC(200)   Pre Evacuate Collection Set: 0.1ms
[2025-06-03T15:51:41.336+0530][29.181s] GC(200)   Merge Heap Roots: 0.1ms
[2025-06-03T15:51:41.336+0530][29.181s] GC(200)   Evacuate Collection Set: 0.2ms
[2025-06-03T15:51:41.336+0530][29.181s] GC(200)   Post Evacuate Collection Set: 0.3ms
[2025-06-03T15:51:41.336+0530][29.181s] GC(200)   Other: 0.1ms
[2025-06-03T15:51:41.336+0530][29.181s] GC(200) Eden regions: 306->0(306)
[2025-06-03T15:51:41.336+0530][29.181s] GC(200) Survivor regions: 1->1(39)
[2025-06-03T15:51:41.336+0530][29.181s] GC(200) Old regions: 9->9
[2025-06-03T15:51:41.336+0530][29.181s] GC(200) Archive regions: 2->2
[2025-06-03T15:51:41.336+0530][29.181s] GC(200) Humongous regions: 0->0
[2025-06-03T15:51:41.336+0530][29.181s] GC(200) Metaspace: 20160K(20608K)->20160K(20608K) NonClass: 17580K(17792K)->17580K(17792K) Class: 2579K(2816K)->2579K(2816K)
[2025-06-03T15:51:41.336+0530][29.181s] GC(200) Pause Young (Normal) (G1 Evacuation Pause) 315M->9M(512M) 0.972ms
[2025-06-03T15:51:41.336+0530][29.181s] GC(200) User=0.00s Sys=0.00s Real=0.00s
[2025-06-03T15:51:41.433+0530][29.278s] GC(201) Pause Young (Normal) (G1 Evacuation Pause)
[2025-06-03T15:51:41.433+0530][29.278s] GC(201) Using 8 workers of 8 for evacuation
[2025-06-03T15:51:41.433+0530][29.278s] GC(201) Skipped phase 1 of Reference Processing: no references
[2025-06-03T15:51:41.433+0530][29.278s] GC(201) Skipped phase 2 of Reference Processing: no references
[2025-06-03T15:51:41.433+0530][29.278s] GC(201) Skipped phase 3 of Reference Processing: no references
[2025-06-03T15:51:41.433+0530][29.278s] GC(201) Skipped phase 4 of Reference Processing: no references
[2025-06-03T15:51:41.433+0530][29.278s] GC(201)   Pre Evacuate Collection Set: 0.1ms
[2025-06-03T15:51:41.433+0530][29.278s] GC(201)   Merge Heap Roots: 0.1ms
[2025-06-03T15:51:41.433+0530][29.278s] GC(201)   Evacuate Collection Set: 0.2ms
[2025-06-03T15:51:41.433+0530][29.278s] GC(201)   Post Evacuate Collection Set: 0.3ms
[2025-06-03T15:51:41.433+0530][29.279s] GC(201)   Other: 0.1ms
[2025-06-03T15:51:41.433+0530][29.279s] GC(201) Eden regions: 306->0(306)
[2025-06-03T15:51:41.433+0530][29.279s] GC(201) Survivor regions: 1->1(39)
[2025-06-03T15:51:41.433+0530][29.279s] GC(201) Old regions: 9->9
[2025-06-03T15:51:41.433+0530][29.279s] GC(201) Archive regions: 2->2
[2025-06-03T15:51:41.433+0530][29.279s] GC(201) Humongous regions: 0->0
[2025-06-03T15:51:41.433+0530][29.279s] GC(201) Metaspace: 20160K(20608K)->20160K(20608K) NonClass: 17580K(17792K)->17580K(17792K) Class: 2579K(2816K)->2579K(2816K)
[2025-06-03T15:51:41.434+0530][29.279s] GC(201) Pause Young (Normal) (G1 Evacuation Pause) 315M->9M(512M) 0.907ms
[2025-06-03T15:51:41.434+0530][29.279s] GC(201) User=0.00s Sys=0.00s Real=0.00s
[2025-06-03T15:51:41.529+0530][29.374s] GC(202) Pause Young (Normal) (G1 Evacuation Pause)
[2025-06-03T15:51:41.529+0530][29.374s] GC(202) Using 8 workers of 8 for evacuation
[2025-06-03T15:51:41.529+0530][29.374s] GC(202) Skipped phase 1 of Reference Processing: no references
[2025-06-03T15:51:41.529+0530][29.374s] GC(202) Skipped phase 2 of Reference Processing: no references
[2025-06-03T15:51:41.529+0530][29.374s] GC(202) Skipped phase 3 of Reference Processing: no references
[2025-06-03T15:51:41.529+0530][29.374s] GC(202) Skipped phase 4 of Reference Processing: no references
[2025-06-03T15:51:41.529+0530][29.375s] GC(202)   Pre Evacuate Collection Set: 0.0ms
[2025-06-03T15:51:41.529+0530][29.375s] GC(202)   Merge Heap Roots: 0.1ms
[2025-06-03T15:51:41.529+0530][29.375s] GC(202)   Evacuate Collection Set: 0.2ms
[2025-06-03T15:51:41.530+0530][29.375s] GC(202)   Post Evacuate Collection Set: 0.3ms
[2025-06-03T15:51:41.530+0530][29.375s] GC(202)   Other: 0.1ms
[2025-06-03T15:51:41.530+0530][29.375s] GC(202) Eden regions: 306->0(306)
[2025-06-03T15:51:41.530+0530][29.375s] GC(202) Survivor regions: 1->1(39)
[2025-06-03T15:51:41.530+0530][29.375s] GC(202) Old regions: 9->9
[2025-06-03T15:51:41.530+0530][29.375s] GC(202) Archive regions: 2->2
[2025-06-03T15:51:41.530+0530][29.375s] GC(202) Humongous regions: 0->0
[2025-06-03T15:51:41.530+0530][29.375s] GC(202) Metaspace: 20160K(20608K)->20160K(20608K) NonClass: 17580K(17792K)->17580K(17792K) Class: 2579K(2816K)->2579K(2816K)
[2025-06-03T15:51:41.530+0530][29.375s] GC(202) Pause Young (Normal) (G1 Evacuation Pause) 315M->9M(512M) 0.927ms
[2025-06-03T15:51:41.530+0530][29.375s] GC(202) User=0.00s Sys=0.00s Real=0.01s
[2025-06-03T15:51:41.626+0530][29.471s] GC(203) Pause Young (Normal) (G1 Evacuation Pause)
[2025-06-03T15:51:41.626+0530][29.471s] GC(203) Using 8 workers of 8 for evacuation
[2025-06-03T15:51:41.626+0530][29.472s] GC(203) Skipped phase 1 of Reference Processing: no references
[2025-06-03T15:51:41.627+0530][29.472s] GC(203) Skipped phase 2 of Reference Processing: no references
[2025-06-03T15:51:41.627+0530][29.472s] GC(203) Skipped phase 3 of Reference Processing: no references
[2025-06-03T15:51:41.627+0530][29.472s] GC(203) Skipped phase 4 of Reference Processing: no references
[2025-06-03T15:51:41.627+0530][29.472s] GC(203)   Pre Evacuate Collection Set: 0.0ms
[2025-06-03T15:51:41.627+0530][29.472s] GC(203)   Merge Heap Roots: 0.0ms
[2025-06-03T15:51:41.627+0530][29.472s] GC(203)   Evacuate Collection Set: 0.2ms
[2025-06-03T15:51:41.627+0530][29.472s] GC(203)   Post Evacuate Collection Set: 0.3ms
[2025-06-03T15:51:41.627+0530][29.472s] GC(203)   Other: 0.1ms
[2025-06-03T15:51:41.627+0530][29.472s] GC(203) Eden regions: 306->0(306)
[2025-06-03T15:51:41.627+0530][29.472s] GC(203) Survivor regions: 1->1(39)
[2025-06-03T15:51:41.627+0530][29.472s] GC(203) Old regions: 9->9
[2025-06-03T15:51:41.627+0530][29.472s] GC(203) Archive regions: 2->2
[2025-06-03T15:51:41.627+0530][29.472s] GC(203) Humongous regions: 0->0
[2025-06-03T15:51:41.627+0530][29.472s] GC(203) Metaspace: 20160K(20608K)->20160K(20608K) NonClass: 17580K(17792K)->17580K(17792K) Class: 2579K(2816K)->2579K(2816K)
[2025-06-03T15:51:41.627+0530][29.472s] GC(203) Pause Young (Normal) (G1 Evacuation Pause) 315M->9M(512M) 0.855ms
[2025-06-03T15:51:41.627+0530][29.472s] GC(203) User=0.00s Sys=0.01s Real=0.00s
[2025-06-03T15:51:41.723+0530][29.568s] GC(204) Pause Young (Normal) (G1 Evacuation Pause)
[2025-06-03T15:51:41.723+0530][29.568s] GC(204) Using 8 workers of 8 for evacuation
[2025-06-03T15:51:41.724+0530][29.569s] GC(204) Skipped phase 1 of Reference Processing: no references
[2025-06-03T15:51:41.724+0530][29.569s] GC(204) Skipped phase 2 of Reference Processing: no references
[2025-06-03T15:51:41.724+0530][29.569s] GC(204) Skipped phase 3 of Reference Processing: no references
[2025-06-03T15:51:41.724+0530][29.569s] GC(204) Skipped phase 4 of Reference Processing: no references
[2025-06-03T15:51:41.724+0530][29.569s] GC(204)   Pre Evacuate Collection Set: 0.0ms
[2025-06-03T15:51:41.724+0530][29.569s] GC(204)   Merge Heap Roots: 0.1ms
[2025-06-03T15:51:41.724+0530][29.569s] GC(204)   Evacuate Collection Set: 0.1ms
[2025-06-03T15:51:41.724+0530][29.569s] GC(204)   Post Evacuate Collection Set: 0.3ms
[2025-06-03T15:51:41.724+0530][29.569s] GC(204)   Other: 0.1ms
[2025-06-03T15:51:41.724+0530][29.569s] GC(204) Eden regions: 306->0(306)
[2025-06-03T15:51:41.724+0530][29.569s] GC(204) Survivor regions: 1->1(39)
[2025-06-03T15:51:41.724+0530][29.569s] GC(204) Old regions: 9->9
[2025-06-03T15:51:41.724+0530][29.569s] GC(204) Archive regions: 2->2
[2025-06-03T15:51:41.724+0530][29.569s] GC(204) Humongous regions: 0->0
[2025-06-03T15:51:41.724+0530][29.569s] GC(204) Metaspace: 20160K(20608K)->20160K(20608K) NonClass: 17580K(17792K)->17580K(17792K) Class: 2579K(2816K)->2579K(2816K)
[2025-06-03T15:51:41.724+0530][29.569s] GC(204) Pause Young (Normal) (G1 Evacuation Pause) 315M->9M(512M) 0.849ms
[2025-06-03T15:51:41.724+0530][29.569s] GC(204) User=0.00s Sys=0.00s Real=0.00s
[2025-06-03T15:51:41.819+0530][29.664s] GC(205) Pause Young (Normal) (G1 Evacuation Pause)
[2025-06-03T15:51:41.819+0530][29.664s] GC(205) Using 8 workers of 8 for evacuation
[2025-06-03T15:51:41.820+0530][29.665s] GC(205) Skipped phase 1 of Reference Processing: no references
[2025-06-03T15:51:41.820+0530][29.665s] GC(205) Skipped phase 2 of Reference Processing: no references
[2025-06-03T15:51:41.820+0530][29.665s] GC(205) Skipped phase 3 of Reference Processing: no references
[2025-06-03T15:51:41.820+0530][29.665s] GC(205) Skipped phase 4 of Reference Processing: no references
[2025-06-03T15:51:41.820+0530][29.665s] GC(205)   Pre Evacuate Collection Set: 0.1ms
[2025-06-03T15:51:41.820+0530][29.665s] GC(205)   Merge Heap Roots: 0.1ms
[2025-06-03T15:51:41.820+0530][29.665s] GC(205)   Evacuate Collection Set: 0.2ms
[2025-06-03T15:51:41.820+0530][29.665s] GC(205)   Post Evacuate Collection Set: 0.4ms
[2025-06-03T15:51:41.820+0530][29.665s] GC(205)   Other: 0.1ms
[2025-06-03T15:51:41.820+0530][29.665s] GC(205) Eden regions: 306->0(306)
[2025-06-03T15:51:41.820+0530][29.665s] GC(205) Survivor regions: 1->1(39)
[2025-06-03T15:51:41.820+0530][29.665s] GC(205) Old regions: 9->9
[2025-06-03T15:51:41.820+0530][29.665s] GC(205) Archive regions: 2->2
[2025-06-03T15:51:41.820+0530][29.665s] GC(205) Humongous regions: 0->0
[2025-06-03T15:51:41.820+0530][29.665s] GC(205) Metaspace: 20160K(20608K)->20160K(20608K) NonClass: 17580K(17792K)->17580K(17792K) Class: 2579K(2816K)->2579K(2816K)
[2025-06-03T15:51:41.820+0530][29.665s] GC(205) Pause Young (Normal) (G1 Evacuation Pause) 315M->9M(512M) 0.948ms
[2025-06-03T15:51:41.820+0530][29.665s] GC(205) User=0.00s Sys=0.00s Real=0.01s
[2025-06-03T15:51:41.915+0530][29.760s] GC(206) Pause Young (Normal) (G1 Evacuation Pause)
[2025-06-03T15:51:41.915+0530][29.760s] GC(206) Using 8 workers of 8 for evacuation
[2025-06-03T15:51:41.915+0530][29.760s] GC(206) Skipped phase 1 of Reference Processing: no references
[2025-06-03T15:51:41.915+0530][29.761s] GC(206) Skipped phase 2 of Reference Processing: no references
[2025-06-03T15:51:41.915+0530][29.761s] GC(206) Skipped phase 3 of Reference Processing: no references
[2025-06-03T15:51:41.915+0530][29.761s] GC(206) Skipped phase 4 of Reference Processing: no references
[2025-06-03T15:51:41.916+0530][29.761s] GC(206)   Pre Evacuate Collection Set: 0.1ms
[2025-06-03T15:51:41.916+0530][29.761s] GC(206)   Merge Heap Roots: 0.1ms
[2025-06-03T15:51:41.916+0530][29.761s] GC(206)   Evacuate Collection Set: 0.2ms
[2025-06-03T15:51:41.916+0530][29.761s] GC(206)   Post Evacuate Collection Set: 0.3ms
[2025-06-03T15:51:41.916+0530][29.761s] GC(206)   Other: 0.1ms
[2025-06-03T15:51:41.916+0530][29.761s] GC(206) Eden regions: 306->0(306)
[2025-06-03T15:51:41.916+0530][29.761s] GC(206) Survivor regions: 1->1(39)
[2025-06-03T15:51:41.916+0530][29.761s] GC(206) Old regions: 9->9
[2025-06-03T15:51:41.916+0530][29.761s] GC(206) Archive regions: 2->2
[2025-06-03T15:51:41.916+0530][29.761s] GC(206) Humongous regions: 0->0
[2025-06-03T15:51:41.916+0530][29.761s] GC(206) Metaspace: 20160K(20608K)->20160K(20608K) NonClass: 17580K(17792K)->17580K(17792K) Class: 2579K(2816K)->2579K(2816K)
[2025-06-03T15:51:41.916+0530][29.761s] GC(206) Pause Young (Normal) (G1 Evacuation Pause) 315M->9M(512M) 0.907ms
[2025-06-03T15:51:41.916+0530][29.761s] GC(206) User=0.00s Sys=0.00s Real=0.00s
[2025-06-03T15:51:42.012+0530][29.857s] GC(207) Pause Young (Normal) (G1 Evacuation Pause)
[2025-06-03T15:51:42.012+0530][29.857s] GC(207) Using 8 workers of 8 for evacuation
[2025-06-03T15:51:42.013+0530][29.858s] GC(207) Skipped phase 1 of Reference Processing: no references
[2025-06-03T15:51:42.013+0530][29.858s] GC(207) Skipped phase 2 of Reference Processing: no references
[2025-06-03T15:51:42.013+0530][29.858s] GC(207) Skipped phase 3 of Reference Processing: no references
[2025-06-03T15:51:42.013+0530][29.858s] GC(207) Skipped phase 4 of Reference Processing: no references
[2025-06-03T15:51:42.013+0530][29.858s] GC(207)   Pre Evacuate Collection Set: 0.1ms
[2025-06-03T15:51:42.013+0530][29.858s] GC(207)   Merge Heap Roots: 0.1ms
[2025-06-03T15:51:42.013+0530][29.858s] GC(207)   Evacuate Collection Set: 0.2ms
[2025-06-03T15:51:42.013+0530][29.858s] GC(207)   Post Evacuate Collection Set: 0.3ms
[2025-06-03T15:51:42.013+0530][29.858s] GC(207)   Other: 0.1ms
[2025-06-03T15:51:42.013+0530][29.858s] GC(207) Eden regions: 306->0(306)
[2025-06-03T15:51:42.013+0530][29.858s] GC(207) Survivor regions: 1->1(39)
[2025-06-03T15:51:42.013+0530][29.858s] GC(207) Old regions: 9->9
[2025-06-03T15:51:42.013+0530][29.858s] GC(207) Archive regions: 2->2
[2025-06-03T15:51:42.013+0530][29.858s] GC(207) Humongous regions: 0->0
[2025-06-03T15:51:42.013+0530][29.858s] GC(207) Metaspace: 20160K(20608K)->20160K(20608K) NonClass: 17580K(17792K)->17580K(17792K) Class: 2579K(2816K)->2579K(2816K)
[2025-06-03T15:51:42.013+0530][29.858s] GC(207) Pause Young (Normal) (G1 Evacuation Pause) 315M->9M(512M) 0.974ms
[2025-06-03T15:51:42.013+0530][29.858s] GC(207) User=0.00s Sys=0.00s Real=0.00s
[2025-06-03T15:51:42.110+0530][29.955s] GC(208) Pause Young (Normal) (G1 Evacuation Pause)
[2025-06-03T15:51:42.110+0530][29.955s] GC(208) Using 8 workers of 8 for evacuation
[2025-06-03T15:51:42.110+0530][29.955s] GC(208) Skipped phase 1 of Reference Processing: no references
[2025-06-03T15:51:42.110+0530][29.955s] GC(208) Skipped phase 2 of Reference Processing: no references
[2025-06-03T15:51:42.110+0530][29.955s] GC(208) Skipped phase 3 of Reference Processing: no references
[2025-06-03T15:51:42.110+0530][29.955s] GC(208) Skipped phase 4 of Reference Processing: no references
[2025-06-03T15:51:42.111+0530][29.956s] GC(208)   Pre Evacuate Collection Set: 0.1ms
[2025-06-03T15:51:42.111+0530][29.956s] GC(208)   Merge Heap Roots: 0.1ms
[2025-06-03T15:51:42.111+0530][29.956s] GC(208)   Evacuate Collection Set: 0.2ms
[2025-06-03T15:51:42.111+0530][29.956s] GC(208)   Post Evacuate Collection Set: 0.3ms
[2025-06-03T15:51:42.111+0530][29.956s] GC(208)   Other: 0.1ms
[2025-06-03T15:51:42.111+0530][29.956s] GC(208) Eden regions: 306->0(306)
[2025-06-03T15:51:42.111+0530][29.956s] GC(208) Survivor regions: 1->1(39)
[2025-06-03T15:51:42.111+0530][29.956s] GC(208) Old regions: 9->9
[2025-06-03T15:51:42.111+0530][29.956s] GC(208) Archive regions: 2->2
[2025-06-03T15:51:42.111+0530][29.956s] GC(208) Humongous regions: 0->0
[2025-06-03T15:51:42.111+0530][29.956s] GC(208) Metaspace: 20163K(20608K)->20163K(20608K) NonClass: 17583K(17792K)->17583K(17792K) Class: 2580K(2816K)->2580K(2816K)
[2025-06-03T15:51:42.111+0530][29.956s] GC(208) Pause Young (Normal) (G1 Evacuation Pause) 315M->9M(512M) 0.869ms
[2025-06-03T15:51:42.111+0530][29.956s] GC(208) User=0.00s Sys=0.00s Real=0.00s
[2025-06-03T15:51:42.230+0530][30.075s] GC(209) Pause Young (Normal) (G1 Evacuation Pause)
[2025-06-03T15:51:42.230+0530][30.075s] GC(209) Using 8 workers of 8 for evacuation
[2025-06-03T15:51:42.231+0530][30.076s] GC(209) Skipped phase 1 of Reference Processing: no references
[2025-06-03T15:51:42.231+0530][30.076s] GC(209) Skipped phase 2 of Reference Processing: no references
[2025-06-03T15:51:42.231+0530][30.076s] GC(209) Skipped phase 3 of Reference Processing: no references
[2025-06-03T15:51:42.231+0530][30.076s] GC(209) Skipped phase 4 of Reference Processing: no references
[2025-06-03T15:51:42.231+0530][30.076s] GC(209)   Pre Evacuate Collection Set: 0.1ms
[2025-06-03T15:51:42.231+0530][30.076s] GC(209)   Merge Heap Roots: 0.1ms
[2025-06-03T15:51:42.231+0530][30.076s] GC(209)   Evacuate Collection Set: 0.3ms
[2025-06-03T15:51:42.231+0530][30.076s] GC(209)   Post Evacuate Collection Set: 0.5ms
[2025-06-03T15:51:42.231+0530][30.076s] GC(209)   Other: 0.1ms
[2025-06-03T15:51:42.231+0530][30.076s] GC(209) Eden regions: 306->0(306)
[2025-06-03T15:51:42.231+0530][30.076s] GC(209) Survivor regions: 1->1(39)
[2025-06-03T15:51:42.231+0530][30.076s] GC(209) Old regions: 9->9
[2025-06-03T15:51:42.231+0530][30.076s] GC(209) Archive regions: 2->2
[2025-06-03T15:51:42.231+0530][30.076s] GC(209) Humongous regions: 0->0
[2025-06-03T15:51:42.231+0530][30.076s] GC(209) Metaspace: 20177K(20672K)->20177K(20672K) NonClass: 17596K(17856K)->17596K(17856K) Class: 2580K(2816K)->2580K(2816K)
[2025-06-03T15:51:42.231+0530][30.076s] GC(209) Pause Young (Normal) (G1 Evacuation Pause) 315M->9M(512M) 1.200ms
[2025-06-03T15:51:42.231+0530][30.076s] GC(209) User=0.00s Sys=0.00s Real=0.00s
[2025-06-03T15:51:42.351+0530][30.196s] GC(210) Pause Young (Normal) (G1 Evacuation Pause)
[2025-06-03T15:51:42.351+0530][30.197s] GC(210) Using 8 workers of 8 for evacuation
[2025-06-03T15:51:42.352+0530][30.197s] GC(210) Skipped phase 1 of Reference Processing: no references
[2025-06-03T15:51:42.352+0530][30.197s] GC(210) Skipped phase 2 of Reference Processing: no references
[2025-06-03T15:51:42.352+0530][30.197s] GC(210) Skipped phase 3 of Reference Processing: no references
[2025-06-03T15:51:42.352+0530][30.197s] GC(210) Skipped phase 4 of Reference Processing: no references
[2025-06-03T15:51:42.352+0530][30.198s] GC(210)   Pre Evacuate Collection Set: 0.1ms
[2025-06-03T15:51:42.353+0530][30.198s] GC(210)   Merge Heap Roots: 0.1ms
[2025-06-03T15:51:42.353+0530][30.198s] GC(210)   Evacuate Collection Set: 0.2ms
[2025-06-03T15:51:42.353+0530][30.198s] GC(210)   Post Evacuate Collection Set: 0.5ms
[2025-06-03T15:51:42.353+0530][30.198s] GC(210)   Other: 0.2ms
[2025-06-03T15:51:42.353+0530][30.198s] GC(210) Eden regions: 306->0(306)
[2025-06-03T15:51:42.353+0530][30.198s] GC(210) Survivor regions: 1->1(39)
[2025-06-03T15:51:42.353+0530][30.198s] GC(210) Old regions: 9->9
[2025-06-03T15:51:42.353+0530][30.198s] GC(210) Archive regions: 2->2
[2025-06-03T15:51:42.353+0530][30.198s] GC(210) Humongous regions: 0->0
[2025-06-03T15:51:42.353+0530][30.198s] GC(210) Metaspace: 20177K(20672K)->20177K(20672K) NonClass: 17596K(17856K)->17596K(17856K) Class: 2580K(2816K)->2580K(2816K)
[2025-06-03T15:51:42.353+0530][30.198s] GC(210) Pause Young (Normal) (G1 Evacuation Pause) 315M->9M(512M) 1.374ms
[2025-06-03T15:51:42.353+0530][30.198s] GC(210) User=0.00s Sys=0.00s Real=0.00s
[2025-06-03T15:51:42.452+0530][30.297s] GC(211) Pause Young (Normal) (G1 Evacuation Pause)
[2025-06-03T15:51:42.452+0530][30.297s] GC(211) Using 8 workers of 8 for evacuation
[2025-06-03T15:51:42.452+0530][30.298s] GC(211) Skipped phase 1 of Reference Processing: no references
[2025-06-03T15:51:42.453+0530][30.298s] GC(211) Skipped phase 2 of Reference Processing: no references
[2025-06-03T15:51:42.453+0530][30.298s] GC(211) Skipped phase 3 of Reference Processing: no references
[2025-06-03T15:51:42.453+0530][30.298s] GC(211) Skipped phase 4 of Reference Processing: no references
[2025-06-03T15:51:42.453+0530][30.298s] GC(211)   Pre Evacuate Collection Set: 0.1ms
[2025-06-03T15:51:42.453+0530][30.298s] GC(211)   Merge Heap Roots: 0.1ms
[2025-06-03T15:51:42.453+0530][30.298s] GC(211)   Evacuate Collection Set: 0.2ms
[2025-06-03T15:51:42.453+0530][30.298s] GC(211)   Post Evacuate Collection Set: 0.3ms
[2025-06-03T15:51:42.453+0530][30.298s] GC(211)   Other: 0.1ms
[2025-06-03T15:51:42.453+0530][30.298s] GC(211) Eden regions: 306->0(306)
[2025-06-03T15:51:42.453+0530][30.298s] GC(211) Survivor regions: 1->1(39)
[2025-06-03T15:51:42.453+0530][30.298s] GC(211) Old regions: 9->9
[2025-06-03T15:51:42.453+0530][30.298s] GC(211) Archive regions: 2->2
[2025-06-03T15:51:42.453+0530][30.298s] GC(211) Humongous regions: 0->0
[2025-06-03T15:51:42.453+0530][30.298s] GC(211) Metaspace: 20177K(20672K)->20177K(20672K) NonClass: 17596K(17856K)->17596K(17856K) Class: 2580K(2816K)->2580K(2816K)
[2025-06-03T15:51:42.453+0530][30.298s] GC(211) Pause Young (Normal) (G1 Evacuation Pause) 315M->9M(512M) 0.908ms
[2025-06-03T15:51:42.453+0530][30.298s] GC(211) User=0.00s Sys=0.00s Real=0.00s
[2025-06-03T15:51:42.550+0530][30.395s] GC(212) Pause Young (Normal) (G1 Evacuation Pause)
[2025-06-03T15:51:42.550+0530][30.395s] GC(212) Using 8 workers of 8 for evacuation
[2025-06-03T15:51:42.551+0530][30.396s] GC(212) Skipped phase 1 of Reference Processing: no references
[2025-06-03T15:51:42.551+0530][30.396s] GC(212) Skipped phase 2 of Reference Processing: no references
[2025-06-03T15:51:42.551+0530][30.396s] GC(212) Skipped phase 3 of Reference Processing: no references
[2025-06-03T15:51:42.551+0530][30.396s] GC(212) Skipped phase 4 of Reference Processing: no references
[2025-06-03T15:51:42.551+0530][30.396s] GC(212)   Pre Evacuate Collection Set: 0.0ms
[2025-06-03T15:51:42.551+0530][30.396s] GC(212)   Merge Heap Roots: 0.1ms
[2025-06-03T15:51:42.551+0530][30.396s] GC(212)   Evacuate Collection Set: 0.2ms
[2025-06-03T15:51:42.551+0530][30.396s] GC(212)   Post Evacuate Collection Set: 0.3ms
[2025-06-03T15:51:42.551+0530][30.396s] GC(212)   Other: 0.1ms
[2025-06-03T15:51:42.551+0530][30.396s] GC(212) Eden regions: 306->0(306)
[2025-06-03T15:51:42.551+0530][30.396s] GC(212) Survivor regions: 1->1(39)
[2025-06-03T15:51:42.551+0530][30.396s] GC(212) Old regions: 9->9
[2025-06-03T15:51:42.551+0530][30.396s] GC(212) Archive regions: 2->2
[2025-06-03T15:51:42.551+0530][30.396s] GC(212) Humongous regions: 0->0
[2025-06-03T15:51:42.551+0530][30.396s] GC(212) Metaspace: 20177K(20672K)->20177K(20672K) NonClass: 17596K(17856K)->17596K(17856K) Class: 2580K(2816K)->2580K(2816K)
[2025-06-03T15:51:42.551+0530][30.396s] GC(212) Pause Young (Normal) (G1 Evacuation Pause) 315M->9M(512M) 0.936ms
[2025-06-03T15:51:42.551+0530][30.396s] GC(212) User=0.00s Sys=0.00s Real=0.00s
[2025-06-03T15:51:42.647+0530][30.492s] GC(213) Pause Young (Normal) (G1 Evacuation Pause)
[2025-06-03T15:51:42.647+0530][30.492s] GC(213) Using 8 workers of 8 for evacuation
[2025-06-03T15:51:42.647+0530][30.492s] GC(213) Skipped phase 1 of Reference Processing: no references
[2025-06-03T15:51:42.647+0530][30.492s] GC(213) Skipped phase 2 of Reference Processing: no references
[2025-06-03T15:51:42.647+0530][30.493s] GC(213) Skipped phase 3 of Reference Processing: no references
[2025-06-03T15:51:42.647+0530][30.493s] GC(213) Skipped phase 4 of Reference Processing: no references
[2025-06-03T15:51:42.648+0530][30.493s] GC(213)   Pre Evacuate Collection Set: 0.0ms
[2025-06-03T15:51:42.648+0530][30.493s] GC(213)   Merge Heap Roots: 0.1ms
[2025-06-03T15:51:42.648+0530][30.493s] GC(213)   Evacuate Collection Set: 0.2ms
[2025-06-03T15:51:42.648+0530][30.493s] GC(213)   Post Evacuate Collection Set: 0.3ms
[2025-06-03T15:51:42.648+0530][30.493s] GC(213)   Other: 0.1ms
[2025-06-03T15:51:42.648+0530][30.493s] GC(213) Eden regions: 306->0(306)
[2025-06-03T15:51:42.648+0530][30.493s] GC(213) Survivor regions: 1->1(39)
[2025-06-03T15:51:42.648+0530][30.493s] GC(213) Old regions: 9->9
[2025-06-03T15:51:42.648+0530][30.493s] GC(213) Archive regions: 2->2
[2025-06-03T15:51:42.648+0530][30.493s] GC(213) Humongous regions: 0->0
[2025-06-03T15:51:42.648+0530][30.493s] GC(213) Metaspace: 20177K(20672K)->20177K(20672K) NonClass: 17596K(17856K)->17596K(17856K) Class: 2580K(2816K)->2580K(2816K)
[2025-06-03T15:51:42.648+0530][30.493s] GC(213) Pause Young (Normal) (G1 Evacuation Pause) 315M->9M(512M) 0.848ms
[2025-06-03T15:51:42.648+0530][30.493s] GC(213) User=0.00s Sys=0.00s Real=0.00s
[2025-06-03T15:51:42.744+0530][30.589s] GC(214) Pause Young (Normal) (G1 Evacuation Pause)
[2025-06-03T15:51:42.744+0530][30.589s] GC(214) Using 8 workers of 8 for evacuation
[2025-06-03T15:51:42.744+0530][30.589s] GC(214) Skipped phase 1 of Reference Processing: no references
[2025-06-03T15:51:42.744+0530][30.589s] GC(214) Skipped phase 2 of Reference Processing: no references
[2025-06-03T15:51:42.744+0530][30.589s] GC(214) Skipped phase 3 of Reference Processing: no references
[2025-06-03T15:51:42.744+0530][30.589s] GC(214) Skipped phase 4 of Reference Processing: no references
[2025-06-03T15:51:42.744+0530][30.589s] GC(214)   Pre Evacuate Collection Set: 0.0ms
[2025-06-03T15:51:42.744+0530][30.589s] GC(214)   Merge Heap Roots: 0.0ms
[2025-06-03T15:51:42.744+0530][30.589s] GC(214)   Evacuate Collection Set: 0.2ms
[2025-06-03T15:51:42.744+0530][30.589s] GC(214)   Post Evacuate Collection Set: 0.3ms
[2025-06-03T15:51:42.744+0530][30.589s] GC(214)   Other: 0.1ms
[2025-06-03T15:51:42.744+0530][30.589s] GC(214) Eden regions: 306->0(306)
[2025-06-03T15:51:42.744+0530][30.589s] GC(214) Survivor regions: 1->1(39)
[2025-06-03T15:51:42.744+0530][30.589s] GC(214) Old regions: 9->9
[2025-06-03T15:51:42.744+0530][30.590s] GC(214) Archive regions: 2->2
[2025-06-03T15:51:42.744+0530][30.590s] GC(214) Humongous regions: 0->0
[2025-06-03T15:51:42.744+0530][30.590s] GC(214) Metaspace: 20177K(20672K)->20177K(20672K) NonClass: 17596K(17856K)->17596K(17856K) Class: 2580K(2816K)->2580K(2816K)
[2025-06-03T15:51:42.744+0530][30.590s] GC(214) Pause Young (Normal) (G1 Evacuation Pause) 315M->9M(512M) 0.855ms
[2025-06-03T15:51:42.745+0530][30.590s] GC(214) User=0.00s Sys=0.00s Real=0.00s
[2025-06-03T15:51:42.845+0530][30.690s] GC(215) Pause Young (Normal) (G1 Evacuation Pause)
[2025-06-03T15:51:42.845+0530][30.690s] GC(215) Using 8 workers of 8 for evacuation
[2025-06-03T15:51:42.845+0530][30.690s] GC(215) Skipped phase 1 of Reference Processing: no references
[2025-06-03T15:51:42.845+0530][30.690s] GC(215) Skipped phase 2 of Reference Processing: no references
[2025-06-03T15:51:42.845+0530][30.690s] GC(215) Skipped phase 3 of Reference Processing: no references
[2025-06-03T15:51:42.845+0530][30.690s] GC(215) Skipped phase 4 of Reference Processing: no references
[2025-06-03T15:51:42.845+0530][30.691s] GC(215)   Pre Evacuate Collection Set: 0.1ms
[2025-06-03T15:51:42.845+0530][30.691s] GC(215)   Merge Heap Roots: 0.1ms
[2025-06-03T15:51:42.845+0530][30.691s] GC(215)   Evacuate Collection Set: 0.2ms
[2025-06-03T15:51:42.845+0530][30.691s] GC(215)   Post Evacuate Collection Set: 0.3ms
[2025-06-03T15:51:42.845+0530][30.691s] GC(215)   Other: 0.1ms
[2025-06-03T15:51:42.845+0530][30.691s] GC(215) Eden regions: 306->0(306)
[2025-06-03T15:51:42.845+0530][30.691s] GC(215) Survivor regions: 1->1(39)
[2025-06-03T15:51:42.846+0530][30.691s] GC(215) Old regions: 9->9
[2025-06-03T15:51:42.846+0530][30.691s] GC(215) Archive regions: 2->2
[2025-06-03T15:51:42.846+0530][30.691s] GC(215) Humongous regions: 0->0
[2025-06-03T15:51:42.846+0530][30.691s] GC(215) Metaspace: 20177K(20672K)->20177K(20672K) NonClass: 17596K(17856K)->17596K(17856K) Class: 2580K(2816K)->2580K(2816K)
[2025-06-03T15:51:42.846+0530][30.691s] GC(215) Pause Young (Normal) (G1 Evacuation Pause) 315M->9M(512M) 0.912ms
[2025-06-03T15:51:42.846+0530][30.691s] GC(215) User=0.00s Sys=0.00s Real=0.00s
[2025-06-03T15:51:42.943+0530][30.788s] GC(216) Pause Young (Normal) (G1 Evacuation Pause)
[2025-06-03T15:51:42.943+0530][30.788s] GC(216) Using 8 workers of 8 for evacuation
[2025-06-03T15:51:42.943+0530][30.788s] GC(216) Skipped phase 1 of Reference Processing: no references
[2025-06-03T15:51:42.943+0530][30.788s] GC(216) Skipped phase 2 of Reference Processing: no references
[2025-06-03T15:51:42.943+0530][30.788s] GC(216) Skipped phase 3 of Reference Processing: no references
[2025-06-03T15:51:42.943+0530][30.788s] GC(216) Skipped phase 4 of Reference Processing: no references
[2025-06-03T15:51:42.944+0530][30.789s] GC(216)   Pre Evacuate Collection Set: 0.1ms
[2025-06-03T15:51:42.944+0530][30.789s] GC(216)   Merge Heap Roots: 0.1ms
[2025-06-03T15:51:42.944+0530][30.789s] GC(216)   Evacuate Collection Set: 0.2ms
[2025-06-03T15:51:42.944+0530][30.789s] GC(216)   Post Evacuate Collection Set: 0.4ms
[2025-06-03T15:51:42.944+0530][30.789s] GC(216)   Other: 0.2ms
[2025-06-03T15:51:42.944+0530][30.789s] GC(216) Eden regions: 306->0(306)
[2025-06-03T15:51:42.944+0530][30.789s] GC(216) Survivor regions: 1->1(39)
[2025-06-03T15:51:42.944+0530][30.789s] GC(216) Old regions: 9->9
[2025-06-03T15:51:42.944+0530][30.789s] GC(216) Archive regions: 2->2
[2025-06-03T15:51:42.944+0530][30.789s] GC(216) Humongous regions: 0->0
[2025-06-03T15:51:42.944+0530][30.789s] GC(216) Metaspace: 20177K(20672K)->20177K(20672K) NonClass: 17596K(17856K)->17596K(17856K) Class: 2580K(2816K)->2580K(2816K)
[2025-06-03T15:51:42.944+0530][30.789s] GC(216) Pause Young (Normal) (G1 Evacuation Pause) 315M->9M(512M) 1.033ms
[2025-06-03T15:51:42.944+0530][30.789s] GC(216) User=0.00s Sys=0.00s Real=0.00s
[2025-06-03T15:51:43.039+0530][30.884s] GC(217) Pause Young (Normal) (G1 Evacuation Pause)
[2025-06-03T15:51:43.039+0530][30.885s] GC(217) Using 8 workers of 8 for evacuation
[2025-06-03T15:51:43.040+0530][30.885s] GC(217) Skipped phase 1 of Reference Processing: no references
[2025-06-03T15:51:43.040+0530][30.885s] GC(217) Skipped phase 2 of Reference Processing: no references
[2025-06-03T15:51:43.040+0530][30.885s] GC(217) Skipped phase 3 of Reference Processing: no references
[2025-06-03T15:51:43.040+0530][30.885s] GC(217) Skipped phase 4 of Reference Processing: no references
[2025-06-03T15:51:43.040+0530][30.885s] GC(217)   Pre Evacuate Collection Set: 0.1ms
[2025-06-03T15:51:43.040+0530][30.885s] GC(217)   Merge Heap Roots: 0.1ms
[2025-06-03T15:51:43.040+0530][30.885s] GC(217)   Evacuate Collection Set: 0.2ms
[2025-06-03T15:51:43.040+0530][30.885s] GC(217)   Post Evacuate Collection Set: 0.4ms
[2025-06-03T15:51:43.040+0530][30.885s] GC(217)   Other: 0.2ms
[2025-06-03T15:51:43.040+0530][30.885s] GC(217) Eden regions: 306->0(306)
[2025-06-03T15:51:43.040+0530][30.885s] GC(217) Survivor regions: 1->1(39)
[2025-06-03T15:51:43.040+0530][30.885s] GC(217) Old regions: 9->9
[2025-06-03T15:51:43.040+0530][30.886s] GC(217) Archive regions: 2->2
[2025-06-03T15:51:43.040+0530][30.886s] GC(217) Humongous regions: 0->0
[2025-06-03T15:51:43.040+0530][30.886s] GC(217) Metaspace: 20177K(20672K)->20177K(20672K) NonClass: 17596K(17856K)->17596K(17856K) Class: 2580K(2816K)->2580K(2816K)
[2025-06-03T15:51:43.040+0530][30.886s] GC(217) Pause Young (Normal) (G1 Evacuation Pause) 315M->9M(512M) 1.093ms
[2025-06-03T15:51:43.040+0530][30.886s] GC(217) User=0.01s Sys=0.00s Real=0.01s
[2025-06-03T15:51:43.143+0530][30.988s] GC(218) Pause Young (Normal) (G1 Evacuation Pause)
[2025-06-03T15:51:43.143+0530][30.988s] GC(218) Using 8 workers of 8 for evacuation
[2025-06-03T15:51:43.143+0530][30.988s] GC(218) Skipped phase 1 of Reference Processing: no references
[2025-06-03T15:51:43.143+0530][30.988s] GC(218) Skipped phase 2 of Reference Processing: no references
[2025-06-03T15:51:43.143+0530][30.988s] GC(218) Skipped phase 3 of Reference Processing: no references
[2025-06-03T15:51:43.143+0530][30.988s] GC(218) Skipped phase 4 of Reference Processing: no references
[2025-06-03T15:51:43.143+0530][30.989s] GC(218)   Pre Evacuate Collection Set: 0.0ms
[2025-06-03T15:51:43.143+0530][30.989s] GC(218)   Merge Heap Roots: 0.1ms
[2025-06-03T15:51:43.143+0530][30.989s] GC(218)   Evacuate Collection Set: 0.2ms
[2025-06-03T15:51:43.143+0530][30.989s] GC(218)   Post Evacuate Collection Set: 0.3ms
[2025-06-03T15:51:43.143+0530][30.989s] GC(218)   Other: 0.1ms
[2025-06-03T15:51:43.144+0530][30.989s] GC(218) Eden regions: 306->0(306)
[2025-06-03T15:51:43.144+0530][30.989s] GC(218) Survivor regions: 1->1(39)
[2025-06-03T15:51:43.144+0530][30.989s] GC(218) Old regions: 9->9
[2025-06-03T15:51:43.144+0530][30.989s] GC(218) Archive regions: 2->2
[2025-06-03T15:51:43.144+0530][30.989s] GC(218) Humongous regions: 0->0
[2025-06-03T15:51:43.144+0530][30.989s] GC(218) Metaspace: 20179K(20672K)->20179K(20672K) NonClass: 17599K(17856K)->17599K(17856K) Class: 2580K(2816K)->2580K(2816K)
[2025-06-03T15:51:43.144+0530][30.989s] GC(218) Pause Young (Normal) (G1 Evacuation Pause) 315M->9M(512M) 0.865ms
[2025-06-03T15:51:43.144+0530][30.989s] GC(218) User=0.00s Sys=0.00s Real=0.00s
[2025-06-03T15:51:43.242+0530][31.087s] GC(219) Pause Young (Normal) (G1 Evacuation Pause)
[2025-06-03T15:51:43.242+0530][31.087s] GC(219) Using 8 workers of 8 for evacuation
[2025-06-03T15:51:43.242+0530][31.087s] GC(219) Skipped phase 1 of Reference Processing: no references
[2025-06-03T15:51:43.242+0530][31.087s] GC(219) Skipped phase 2 of Reference Processing: no references
[2025-06-03T15:51:43.242+0530][31.087s] GC(219) Skipped phase 3 of Reference Processing: no references
[2025-06-03T15:51:43.242+0530][31.087s] GC(219) Skipped phase 4 of Reference Processing: no references
[2025-06-03T15:51:43.242+0530][31.087s] GC(219)   Pre Evacuate Collection Set: 0.0ms
[2025-06-03T15:51:43.242+0530][31.088s] GC(219)   Merge Heap Roots: 0.0ms
[2025-06-03T15:51:43.242+0530][31.088s] GC(219)   Evacuate Collection Set: 0.2ms
[2025-06-03T15:51:43.242+0530][31.088s] GC(219)   Post Evacuate Collection Set: 0.3ms
[2025-06-03T15:51:43.242+0530][31.088s] GC(219)   Other: 0.1ms
[2025-06-03T15:51:43.242+0530][31.088s] GC(219) Eden regions: 306->0(306)
[2025-06-03T15:51:43.242+0530][31.088s] GC(219) Survivor regions: 1->1(39)
[2025-06-03T15:51:43.242+0530][31.088s] GC(219) Old regions: 9->9
[2025-06-03T15:51:43.242+0530][31.088s] GC(219) Archive regions: 2->2
[2025-06-03T15:51:43.243+0530][31.088s] GC(219) Humongous regions: 0->0
[2025-06-03T15:51:43.243+0530][31.088s] GC(219) Metaspace: 20179K(20672K)->20179K(20672K) NonClass: 17599K(17856K)->17599K(17856K) Class: 2580K(2816K)->2580K(2816K)
[2025-06-03T15:51:43.243+0530][31.088s] GC(219) Pause Young (Normal) (G1 Evacuation Pause) 315M->9M(512M) 0.937ms
[2025-06-03T15:51:43.243+0530][31.088s] GC(219) User=0.01s Sys=0.01s Real=0.00s
[2025-06-03T15:51:43.340+0530][31.185s] GC(220) Pause Young (Normal) (G1 Evacuation Pause)
[2025-06-03T15:51:43.340+0530][31.185s] GC(220) Using 8 workers of 8 for evacuation
[2025-06-03T15:51:43.340+0530][31.185s] GC(220) Skipped phase 1 of Reference Processing: no references
[2025-06-03T15:51:43.340+0530][31.185s] GC(220) Skipped phase 2 of Reference Processing: no references
[2025-06-03T15:51:43.340+0530][31.185s] GC(220) Skipped phase 3 of Reference Processing: no references
[2025-06-03T15:51:43.340+0530][31.185s] GC(220) Skipped phase 4 of Reference Processing: no references
[2025-06-03T15:51:43.340+0530][31.185s] GC(220)   Pre Evacuate Collection Set: 0.0ms
[2025-06-03T15:51:43.340+0530][31.185s] GC(220)   Merge Heap Roots: 0.0ms
[2025-06-03T15:51:43.340+0530][31.185s] GC(220)   Evacuate Collection Set: 0.2ms
[2025-06-03T15:51:43.340+0530][31.186s] GC(220)   Post Evacuate Collection Set: 0.3ms
[2025-06-03T15:51:43.340+0530][31.186s] GC(220)   Other: 0.1ms
[2025-06-03T15:51:43.340+0530][31.186s] GC(220) Eden regions: 306->0(306)
[2025-06-03T15:51:43.340+0530][31.186s] GC(220) Survivor regions: 1->1(39)
[2025-06-03T15:51:43.340+0530][31.186s] GC(220) Old regions: 9->9
[2025-06-03T15:51:43.340+0530][31.186s] GC(220) Archive regions: 2->2
[2025-06-03T15:51:43.340+0530][31.186s] GC(220) Humongous regions: 0->0
[2025-06-03T15:51:43.340+0530][31.186s] GC(220) Metaspace: 20179K(20672K)->20179K(20672K) NonClass: 17599K(17856K)->17599K(17856K) Class: 2580K(2816K)->2580K(2816K)
[2025-06-03T15:51:43.340+0530][31.186s] GC(220) Pause Young (Normal) (G1 Evacuation Pause) 315M->9M(512M) 0.859ms
[2025-06-03T15:51:43.341+0530][31.186s] GC(220) User=0.00s Sys=0.00s Real=0.00s
[2025-06-03T15:51:43.438+0530][31.283s] GC(221) Pause Young (Normal) (G1 Evacuation Pause)
[2025-06-03T15:51:43.438+0530][31.283s] GC(221) Using 8 workers of 8 for evacuation
[2025-06-03T15:51:43.439+0530][31.284s] GC(221) Skipped phase 1 of Reference Processing: no references
[2025-06-03T15:51:43.439+0530][31.284s] GC(221) Skipped phase 2 of Reference Processing: no references
[2025-06-03T15:51:43.439+0530][31.284s] GC(221) Skipped phase 3 of Reference Processing: no references
[2025-06-03T15:51:43.439+0530][31.284s] GC(221) Skipped phase 4 of Reference Processing: no references
[2025-06-03T15:51:43.439+0530][31.284s] GC(221)   Pre Evacuate Collection Set: 0.0ms
[2025-06-03T15:51:43.439+0530][31.284s] GC(221)   Merge Heap Roots: 0.1ms
[2025-06-03T15:51:43.439+0530][31.284s] GC(221)   Evacuate Collection Set: 0.2ms
[2025-06-03T15:51:43.439+0530][31.284s] GC(221)   Post Evacuate Collection Set: 0.3ms
[2025-06-03T15:51:43.439+0530][31.284s] GC(221)   Other: 0.1ms
[2025-06-03T15:51:43.439+0530][31.284s] GC(221) Eden regions: 306->0(306)
[2025-06-03T15:51:43.439+0530][31.284s] GC(221) Survivor regions: 1->1(39)
[2025-06-03T15:51:43.439+0530][31.284s] GC(221) Old regions: 9->9
[2025-06-03T15:51:43.439+0530][31.284s] GC(221) Archive regions: 2->2
[2025-06-03T15:51:43.439+0530][31.284s] GC(221) Humongous regions: 0->0
[2025-06-03T15:51:43.439+0530][31.284s] GC(221) Metaspace: 20179K(20672K)->20179K(20672K) NonClass: 17599K(17856K)->17599K(17856K) Class: 2580K(2816K)->2580K(2816K)
[2025-06-03T15:51:43.439+0530][31.284s] GC(221) Pause Young (Normal) (G1 Evacuation Pause) 315M->9M(512M) 0.856ms
[2025-06-03T15:51:43.439+0530][31.284s] GC(221) User=0.00s Sys=0.00s Real=0.00s
[2025-06-03T15:51:43.537+0530][31.382s] GC(222) Pause Young (Normal) (G1 Evacuation Pause)
[2025-06-03T15:51:43.537+0530][31.382s] GC(222) Using 8 workers of 8 for evacuation
[2025-06-03T15:51:43.537+0530][31.382s] GC(222) Skipped phase 1 of Reference Processing: no references
[2025-06-03T15:51:43.537+0530][31.382s] GC(222) Skipped phase 2 of Reference Processing: no references
[2025-06-03T15:51:43.537+0530][31.382s] GC(222) Skipped phase 3 of Reference Processing: no references
[2025-06-03T15:51:43.537+0530][31.382s] GC(222) Skipped phase 4 of Reference Processing: no references
[2025-06-03T15:51:43.538+0530][31.383s] GC(222)   Pre Evacuate Collection Set: 0.1ms
[2025-06-03T15:51:43.538+0530][31.383s] GC(222)   Merge Heap Roots: 0.1ms
[2025-06-03T15:51:43.538+0530][31.383s] GC(222)   Evacuate Collection Set: 0.1ms
[2025-06-03T15:51:43.538+0530][31.383s] GC(222)   Post Evacuate Collection Set: 0.4ms
[2025-06-03T15:51:43.538+0530][31.383s] GC(222)   Other: 0.1ms
[2025-06-03T15:51:43.538+0530][31.383s] GC(222) Eden regions: 306->0(306)
[2025-06-03T15:51:43.538+0530][31.383s] GC(222) Survivor regions: 1->1(39)
[2025-06-03T15:51:43.538+0530][31.383s] GC(222) Old regions: 9->9
[2025-06-03T15:51:43.538+0530][31.383s] GC(222) Archive regions: 2->2
[2025-06-03T15:51:43.538+0530][31.383s] GC(222) Humongous regions: 0->0
[2025-06-03T15:51:43.538+0530][31.383s] GC(222) Metaspace: 20179K(20672K)->20179K(20672K) NonClass: 17599K(17856K)->17599K(17856K) Class: 2580K(2816K)->2580K(2816K)
[2025-06-03T15:51:43.538+0530][31.383s] GC(222) Pause Young (Normal) (G1 Evacuation Pause) 315M->9M(512M) 1.001ms
[2025-06-03T15:51:43.538+0530][31.383s] GC(222) User=0.00s Sys=0.00s Real=0.00s
[2025-06-03T15:51:43.633+0530][31.478s] GC(223) Pause Young (Normal) (G1 Evacuation Pause)
[2025-06-03T15:51:43.633+0530][31.478s] GC(223) Using 8 workers of 8 for evacuation
[2025-06-03T15:51:43.633+0530][31.479s] GC(223) Skipped phase 1 of Reference Processing: no references
[2025-06-03T15:51:43.633+0530][31.479s] GC(223) Skipped phase 2 of Reference Processing: no references
[2025-06-03T15:51:43.633+0530][31.479s] GC(223) Skipped phase 3 of Reference Processing: no references
[2025-06-03T15:51:43.633+0530][31.479s] GC(223) Skipped phase 4 of Reference Processing: no references
[2025-06-03T15:51:43.634+0530][31.479s] GC(223)   Pre Evacuate Collection Set: 0.1ms
[2025-06-03T15:51:43.634+0530][31.479s] GC(223)   Merge Heap Roots: 0.1ms
[2025-06-03T15:51:43.634+0530][31.479s] GC(223)   Evacuate Collection Set: 0.2ms
[2025-06-03T15:51:43.634+0530][31.479s] GC(223)   Post Evacuate Collection Set: 0.4ms
[2025-06-03T15:51:43.634+0530][31.479s] GC(223)   Other: 0.2ms
[2025-06-03T15:51:43.634+0530][31.479s] GC(223) Eden regions: 306->0(306)
[2025-06-03T15:51:43.634+0530][31.479s] GC(223) Survivor regions: 1->1(39)
[2025-06-03T15:51:43.634+0530][31.479s] GC(223) Old regions: 9->9
[2025-06-03T15:51:43.634+0530][31.479s] GC(223) Archive regions: 2->2
[2025-06-03T15:51:43.634+0530][31.479s] GC(223) Humongous regions: 0->0
[2025-06-03T15:51:43.634+0530][31.479s] GC(223) Metaspace: 20179K(20672K)->20179K(20672K) NonClass: 17599K(17856K)->17599K(17856K) Class: 2580K(2816K)->2580K(2816K)
[2025-06-03T15:51:43.634+0530][31.479s] GC(223) Pause Young (Normal) (G1 Evacuation Pause) 315M->9M(512M) 0.997ms
[2025-06-03T15:51:43.634+0530][31.479s] GC(223) User=0.00s Sys=0.00s Real=0.00s
[2025-06-03T15:51:43.730+0530][31.575s] GC(224) Pause Young (Normal) (G1 Evacuation Pause)
[2025-06-03T15:51:43.730+0530][31.575s] GC(224) Using 8 workers of 8 for evacuation
[2025-06-03T15:51:43.730+0530][31.575s] GC(224) Skipped phase 1 of Reference Processing: no references
[2025-06-03T15:51:43.730+0530][31.575s] GC(224) Skipped phase 2 of Reference Processing: no references
[2025-06-03T15:51:43.730+0530][31.575s] GC(224) Skipped phase 3 of Reference Processing: no references
[2025-06-03T15:51:43.730+0530][31.575s] GC(224) Skipped phase 4 of Reference Processing: no references
[2025-06-03T15:51:43.730+0530][31.576s] GC(224)   Pre Evacuate Collection Set: 0.1ms
[2025-06-03T15:51:43.731+0530][31.576s] GC(224)   Merge Heap Roots: 0.1ms
[2025-06-03T15:51:43.731+0530][31.576s] GC(224)   Evacuate Collection Set: 0.2ms
[2025-06-03T15:51:43.731+0530][31.576s] GC(224)   Post Evacuate Collection Set: 0.3ms
[2025-06-03T15:51:43.731+0530][31.576s] GC(224)   Other: 0.1ms
[2025-06-03T15:51:43.731+0530][31.576s] GC(224) Eden regions: 306->0(306)
[2025-06-03T15:51:43.731+0530][31.576s] GC(224) Survivor regions: 1->1(39)
[2025-06-03T15:51:43.731+0530][31.576s] GC(224) Old regions: 9->9
[2025-06-03T15:51:43.731+0530][31.576s] GC(224) Archive regions: 2->2
[2025-06-03T15:51:43.731+0530][31.576s] GC(224) Humongous regions: 0->0
[2025-06-03T15:51:43.731+0530][31.576s] GC(224) Metaspace: 20179K(20672K)->20179K(20672K) NonClass: 17599K(17856K)->17599K(17856K) Class: 2580K(2816K)->2580K(2816K)
[2025-06-03T15:51:43.731+0530][31.576s] GC(224) Pause Young (Normal) (G1 Evacuation Pause) 315M->9M(512M) 0.950ms
[2025-06-03T15:51:43.731+0530][31.576s] GC(224) User=0.00s Sys=0.00s Real=0.00s
[2025-06-03T15:51:43.828+0530][31.673s] GC(225) Pause Young (Normal) (G1 Evacuation Pause)
[2025-06-03T15:51:43.828+0530][31.674s] GC(225) Using 8 workers of 8 for evacuation
[2025-06-03T15:51:43.829+0530][31.674s] GC(225) Skipped phase 1 of Reference Processing: no references
[2025-06-03T15:51:43.829+0530][31.674s] GC(225) Skipped phase 2 of Reference Processing: no references
[2025-06-03T15:51:43.829+0530][31.674s] GC(225) Skipped phase 3 of Reference Processing: no references
[2025-06-03T15:51:43.829+0530][31.674s] GC(225) Skipped phase 4 of Reference Processing: no references
[2025-06-03T15:51:43.829+0530][31.674s] GC(225)   Pre Evacuate Collection Set: 0.0ms
[2025-06-03T15:51:43.829+0530][31.674s] GC(225)   Merge Heap Roots: 0.1ms
[2025-06-03T15:51:43.829+0530][31.674s] GC(225)   Evacuate Collection Set: 0.1ms
[2025-06-03T15:51:43.829+0530][31.674s] GC(225)   Post Evacuate Collection Set: 0.4ms
[2025-06-03T15:51:43.829+0530][31.674s] GC(225)   Other: 0.1ms
[2025-06-03T15:51:43.829+0530][31.674s] GC(225) Eden regions: 306->0(306)
[2025-06-03T15:51:43.829+0530][31.674s] GC(225) Survivor regions: 1->1(39)
[2025-06-03T15:51:43.829+0530][31.674s] GC(225) Old regions: 9->9
[2025-06-03T15:51:43.829+0530][31.674s] GC(225) Archive regions: 2->2
[2025-06-03T15:51:43.829+0530][31.674s] GC(225) Humongous regions: 0->0
[2025-06-03T15:51:43.829+0530][31.674s] GC(225) Metaspace: 20179K(20672K)->20179K(20672K) NonClass: 17599K(17856K)->17599K(17856K) Class: 2580K(2816K)->2580K(2816K)
[2025-06-03T15:51:43.829+0530][31.674s] GC(225) Pause Young (Normal) (G1 Evacuation Pause) 315M->9M(512M) 0.866ms
[2025-06-03T15:51:43.829+0530][31.674s] GC(225) User=0.00s Sys=0.00s Real=0.00s
[2025-06-03T15:51:43.925+0530][31.770s] GC(226) Pause Young (Normal) (G1 Evacuation Pause)
[2025-06-03T15:51:43.925+0530][31.770s] GC(226) Using 8 workers of 8 for evacuation
[2025-06-03T15:51:43.925+0530][31.771s] GC(226) Skipped phase 1 of Reference Processing: no references
[2025-06-03T15:51:43.926+0530][31.771s] GC(226) Skipped phase 2 of Reference Processing: no references
[2025-06-03T15:51:43.926+0530][31.771s] GC(226) Skipped phase 3 of Reference Processing: no references
[2025-06-03T15:51:43.926+0530][31.771s] GC(226) Skipped phase 4 of Reference Processing: no references
[2025-06-03T15:51:43.926+0530][31.771s] GC(226)   Pre Evacuate Collection Set: 0.0ms
[2025-06-03T15:51:43.926+0530][31.771s] GC(226)   Merge Heap Roots: 0.0ms
[2025-06-03T15:51:43.926+0530][31.771s] GC(226)   Evacuate Collection Set: 0.2ms
[2025-06-03T15:51:43.926+0530][31.771s] GC(226)   Post Evacuate Collection Set: 0.3ms
[2025-06-03T15:51:43.926+0530][31.771s] GC(226)   Other: 0.2ms
[2025-06-03T15:51:43.926+0530][31.771s] GC(226) Eden regions: 306->0(306)
[2025-06-03T15:51:43.926+0530][31.771s] GC(226) Survivor regions: 1->1(39)
[2025-06-03T15:51:43.926+0530][31.771s] GC(226) Old regions: 9->9
[2025-06-03T15:51:43.926+0530][31.771s] GC(226) Archive regions: 2->2
[2025-06-03T15:51:43.926+0530][31.771s] GC(226) Humongous regions: 0->0
[2025-06-03T15:51:43.926+0530][31.771s] GC(226) Metaspace: 20179K(20672K)->20179K(20672K) NonClass: 17599K(17856K)->17599K(17856K) Class: 2580K(2816K)->2580K(2816K)
[2025-06-03T15:51:43.926+0530][31.771s] GC(226) Pause Young (Normal) (G1 Evacuation Pause) 315M->9M(512M) 0.856ms
[2025-06-03T15:51:43.926+0530][31.771s] GC(226) User=0.01s Sys=0.00s Real=0.00s
[2025-06-03T15:51:44.022+0530][31.867s] GC(227) Pause Young (Normal) (G1 Evacuation Pause)
[2025-06-03T15:51:44.022+0530][31.868s] GC(227) Using 8 workers of 8 for evacuation
[2025-06-03T15:51:44.023+0530][31.868s] GC(227) Skipped phase 1 of Reference Processing: no references
[2025-06-03T15:51:44.023+0530][31.868s] GC(227) Skipped phase 2 of Reference Processing: no references
[2025-06-03T15:51:44.023+0530][31.868s] GC(227) Skipped phase 3 of Reference Processing: no references
[2025-06-03T15:51:44.023+0530][31.868s] GC(227) Skipped phase 4 of Reference Processing: no references
[2025-06-03T15:51:44.023+0530][31.868s] GC(227)   Pre Evacuate Collection Set: 0.1ms
[2025-06-03T15:51:44.023+0530][31.868s] GC(227)   Merge Heap Roots: 0.1ms
[2025-06-03T15:51:44.023+0530][31.868s] GC(227)   Evacuate Collection Set: 0.2ms
[2025-06-03T15:51:44.023+0530][31.868s] GC(227)   Post Evacuate Collection Set: 0.3ms
[2025-06-03T15:51:44.023+0530][31.868s] GC(227)   Other: 0.2ms
[2025-06-03T15:51:44.023+0530][31.868s] GC(227) Eden regions: 306->0(306)
[2025-06-03T15:51:44.023+0530][31.868s] GC(227) Survivor regions: 1->1(39)
[2025-06-03T15:51:44.023+0530][31.868s] GC(227) Old regions: 9->9
[2025-06-03T15:51:44.023+0530][31.868s] GC(227) Archive regions: 2->2
[2025-06-03T15:51:44.023+0530][31.868s] GC(227) Humongous regions: 0->0
[2025-06-03T15:51:44.023+0530][31.868s] GC(227) Metaspace: 20179K(20672K)->20179K(20672K) NonClass: 17599K(17856K)->17599K(17856K) Class: 2580K(2816K)->2580K(2816K)
[2025-06-03T15:51:44.023+0530][31.868s] GC(227) Pause Young (Normal) (G1 Evacuation Pause) 315M->9M(512M) 0.919ms
[2025-06-03T15:51:44.023+0530][31.868s] GC(227) User=0.00s Sys=0.00s Real=0.00s
[2025-06-03T15:51:44.125+0530][31.971s] GC(228) Pause Young (Normal) (G1 Evacuation Pause)
[2025-06-03T15:51:44.125+0530][31.971s] GC(228) Using 8 workers of 8 for evacuation
[2025-06-03T15:51:44.126+0530][31.971s] GC(228) Skipped phase 1 of Reference Processing: no references
[2025-06-03T15:51:44.126+0530][31.971s] GC(228) Skipped phase 2 of Reference Processing: no references
[2025-06-03T15:51:44.126+0530][31.971s] GC(228) Skipped phase 3 of Reference Processing: no references
[2025-06-03T15:51:44.126+0530][31.971s] GC(228) Skipped phase 4 of Reference Processing: no references
[2025-06-03T15:51:44.126+0530][31.971s] GC(228)   Pre Evacuate Collection Set: 0.1ms
[2025-06-03T15:51:44.126+0530][31.971s] GC(228)   Merge Heap Roots: 0.1ms
[2025-06-03T15:51:44.126+0530][31.971s] GC(228)   Evacuate Collection Set: 0.2ms
[2025-06-03T15:51:44.126+0530][31.971s] GC(228)   Post Evacuate Collection Set: 0.4ms
[2025-06-03T15:51:44.126+0530][31.971s] GC(228)   Other: 0.1ms
[2025-06-03T15:51:44.126+0530][31.971s] GC(228) Eden regions: 306->0(306)
[2025-06-03T15:51:44.126+0530][31.971s] GC(228) Survivor regions: 1->1(39)
[2025-06-03T15:51:44.126+0530][31.971s] GC(228) Old regions: 9->9
[2025-06-03T15:51:44.126+0530][31.971s] GC(228) Archive regions: 2->2
[2025-06-03T15:51:44.126+0530][31.971s] GC(228) Humongous regions: 0->0
[2025-06-03T15:51:44.126+0530][31.971s] GC(228) Metaspace: 20196K(20672K)->20196K(20672K) NonClass: 17616K(17856K)->17616K(17856K) Class: 2580K(2816K)->2580K(2816K)
[2025-06-03T15:51:44.126+0530][31.972s] GC(228) Pause Young (Normal) (G1 Evacuation Pause) 315M->9M(512M) 0.942ms
[2025-06-03T15:51:44.126+0530][31.972s] GC(228) User=0.00s Sys=0.00s Real=0.00s
[2025-06-03T15:51:44.229+0530][32.074s] GC(229) Pause Young (Normal) (G1 Evacuation Pause)
[2025-06-03T15:51:44.229+0530][32.074s] GC(229) Using 8 workers of 8 for evacuation
[2025-06-03T15:51:44.230+0530][32.075s] GC(229) Skipped phase 1 of Reference Processing: no references
[2025-06-03T15:51:44.230+0530][32.075s] GC(229) Skipped phase 2 of Reference Processing: no references
[2025-06-03T15:51:44.230+0530][32.075s] GC(229) Skipped phase 3 of Reference Processing: no references
[2025-06-03T15:51:44.230+0530][32.075s] GC(229) Skipped phase 4 of Reference Processing: no references
[2025-06-03T15:51:44.230+0530][32.075s] GC(229)   Pre Evacuate Collection Set: 0.1ms
[2025-06-03T15:51:44.230+0530][32.075s] GC(229)   Merge Heap Roots: 0.0ms
[2025-06-03T15:51:44.230+0530][32.075s] GC(229)   Evacuate Collection Set: 0.2ms
[2025-06-03T15:51:44.230+0530][32.075s] GC(229)   Post Evacuate Collection Set: 0.4ms
[2025-06-03T15:51:44.230+0530][32.075s] GC(229)   Other: 0.1ms
[2025-06-03T15:51:44.230+0530][32.075s] GC(229) Eden regions: 306->0(306)
[2025-06-03T15:51:44.230+0530][32.075s] GC(229) Survivor regions: 1->1(39)
[2025-06-03T15:51:44.230+0530][32.075s] GC(229) Old regions: 9->9
[2025-06-03T15:51:44.230+0530][32.075s] GC(229) Archive regions: 2->2
[2025-06-03T15:51:44.230+0530][32.075s] GC(229) Humongous regions: 0->0
[2025-06-03T15:51:44.230+0530][32.075s] GC(229) Metaspace: 20196K(20672K)->20196K(20672K) NonClass: 17616K(17856K)->17616K(17856K) Class: 2580K(2816K)->2580K(2816K)
[2025-06-03T15:51:44.230+0530][32.075s] GC(229) Pause Young (Normal) (G1 Evacuation Pause) 315M->9M(512M) 0.993ms
[2025-06-03T15:51:44.230+0530][32.075s] GC(229) User=0.00s Sys=0.00s Real=0.01s
[2025-06-03T15:51:44.333+0530][32.178s] GC(230) Pause Young (Normal) (G1 Evacuation Pause)
[2025-06-03T15:51:44.333+0530][32.178s] GC(230) Using 8 workers of 8 for evacuation
[2025-06-03T15:51:44.334+0530][32.179s] GC(230) Skipped phase 1 of Reference Processing: no references
[2025-06-03T15:51:44.334+0530][32.179s] GC(230) Skipped phase 2 of Reference Processing: no references
[2025-06-03T15:51:44.334+0530][32.179s] GC(230) Skipped phase 3 of Reference Processing: no references
[2025-06-03T15:51:44.334+0530][32.179s] GC(230) Skipped phase 4 of Reference Processing: no references
[2025-06-03T15:51:44.334+0530][32.179s] GC(230)   Pre Evacuate Collection Set: 0.1ms
[2025-06-03T15:51:44.334+0530][32.179s] GC(230)   Merge Heap Roots: 0.1ms
[2025-06-03T15:51:44.334+0530][32.179s] GC(230)   Evacuate Collection Set: 0.2ms
[2025-06-03T15:51:44.334+0530][32.179s] GC(230)   Post Evacuate Collection Set: 0.4ms
[2025-06-03T15:51:44.334+0530][32.179s] GC(230)   Other: 0.1ms
[2025-06-03T15:51:44.334+0530][32.179s] GC(230) Eden regions: 306->0(306)
[2025-06-03T15:51:44.334+0530][32.179s] GC(230) Survivor regions: 1->1(39)
[2025-06-03T15:51:44.334+0530][32.179s] GC(230) Old regions: 9->9
[2025-06-03T15:51:44.334+0530][32.179s] GC(230) Archive regions: 2->2
[2025-06-03T15:51:44.334+0530][32.179s] GC(230) Humongous regions: 0->0
[2025-06-03T15:51:44.334+0530][32.179s] GC(230) Metaspace: 20196K(20672K)->20196K(20672K) NonClass: 17616K(17856K)->17616K(17856K) Class: 2580K(2816K)->2580K(2816K)
[2025-06-03T15:51:44.334+0530][32.179s] GC(230) Pause Young (Normal) (G1 Evacuation Pause) 315M->9M(512M) 0.959ms
[2025-06-03T15:51:44.334+0530][32.179s] GC(230) User=0.01s Sys=0.00s Real=0.00s
[2025-06-03T15:51:44.430+0530][32.275s] GC(231) Pause Young (Normal) (G1 Evacuation Pause)
[2025-06-03T15:51:44.430+0530][32.275s] GC(231) Using 8 workers of 8 for evacuation
[2025-06-03T15:51:44.430+0530][32.275s] GC(231) Skipped phase 1 of Reference Processing: no references
[2025-06-03T15:51:44.430+0530][32.276s] GC(231) Skipped phase 2 of Reference Processing: no references
[2025-06-03T15:51:44.430+0530][32.276s] GC(231) Skipped phase 3 of Reference Processing: no references
[2025-06-03T15:51:44.430+0530][32.276s] GC(231) Skipped phase 4 of Reference Processing: no references
[2025-06-03T15:51:44.431+0530][32.276s] GC(231)   Pre Evacuate Collection Set: 0.0ms
[2025-06-03T15:51:44.431+0530][32.276s] GC(231)   Merge Heap Roots: 0.0ms
[2025-06-03T15:51:44.431+0530][32.276s] GC(231)   Evacuate Collection Set: 0.2ms
[2025-06-03T15:51:44.431+0530][32.276s] GC(231)   Post Evacuate Collection Set: 0.3ms
[2025-06-03T15:51:44.431+0530][32.276s] GC(231)   Other: 0.1ms
[2025-06-03T15:51:44.431+0530][32.276s] GC(231) Eden regions: 306->0(306)
[2025-06-03T15:51:44.431+0530][32.276s] GC(231) Survivor regions: 1->1(39)
[2025-06-03T15:51:44.431+0530][32.276s] GC(231) Old regions: 9->9
[2025-06-03T15:51:44.431+0530][32.276s] GC(231) Archive regions: 2->2
[2025-06-03T15:51:44.431+0530][32.276s] GC(231) Humongous regions: 0->0
[2025-06-03T15:51:44.431+0530][32.276s] GC(231) Metaspace: 20196K(20672K)->20196K(20672K) NonClass: 17616K(17856K)->17616K(17856K) Class: 2580K(2816K)->2580K(2816K)
[2025-06-03T15:51:44.431+0530][32.276s] GC(231) Pause Young (Normal) (G1 Evacuation Pause) 315M->9M(512M) 0.908ms
[2025-06-03T15:51:44.431+0530][32.276s] GC(231) User=0.00s Sys=0.00s Real=0.00s
[2025-06-03T15:51:44.525+0530][32.370s] GC(232) Pause Young (Normal) (G1 Evacuation Pause)
[2025-06-03T15:51:44.525+0530][32.371s] GC(232) Using 8 workers of 8 for evacuation
[2025-06-03T15:51:44.526+0530][32.371s] GC(232) Skipped phase 1 of Reference Processing: no references
[2025-06-03T15:51:44.526+0530][32.371s] GC(232) Skipped phase 2 of Reference Processing: no references
[2025-06-03T15:51:44.526+0530][32.371s] GC(232) Skipped phase 3 of Reference Processing: no references
[2025-06-03T15:51:44.526+0530][32.371s] GC(232) Skipped phase 4 of Reference Processing: no references
[2025-06-03T15:51:44.526+0530][32.371s] GC(232)   Pre Evacuate Collection Set: 0.1ms
[2025-06-03T15:51:44.526+0530][32.371s] GC(232)   Merge Heap Roots: 0.1ms
[2025-06-03T15:51:44.526+0530][32.371s] GC(232)   Evacuate Collection Set: 0.2ms
[2025-06-03T15:51:44.526+0530][32.371s] GC(232)   Post Evacuate Collection Set: 0.3ms
[2025-06-03T15:51:44.526+0530][32.371s] GC(232)   Other: 0.1ms
[2025-06-03T15:51:44.526+0530][32.371s] GC(232) Eden regions: 306->0(306)
[2025-06-03T15:51:44.526+0530][32.371s] GC(232) Survivor regions: 1->1(39)
[2025-06-03T15:51:44.526+0530][32.371s] GC(232) Old regions: 9->9
[2025-06-03T15:51:44.526+0530][32.371s] GC(232) Archive regions: 2->2
[2025-06-03T15:51:44.526+0530][32.371s] GC(232) Humongous regions: 0->0
[2025-06-03T15:51:44.526+0530][32.371s] GC(232) Metaspace: 20196K(20672K)->20196K(20672K) NonClass: 17616K(17856K)->17616K(17856K) Class: 2580K(2816K)->2580K(2816K)
[2025-06-03T15:51:44.526+0530][32.371s] GC(232) Pause Young (Normal) (G1 Evacuation Pause) 315M->9M(512M) 0.886ms
[2025-06-03T15:51:44.526+0530][32.371s] GC(232) User=0.00s Sys=0.00s Real=0.00s
[2025-06-03T15:51:44.621+0530][32.466s] GC(233) Pause Young (Normal) (G1 Evacuation Pause)
[2025-06-03T15:51:44.621+0530][32.466s] GC(233) Using 8 workers of 8 for evacuation
[2025-06-03T15:51:44.621+0530][32.466s] GC(233) Skipped phase 1 of Reference Processing: no references
[2025-06-03T15:51:44.621+0530][32.466s] GC(233) Skipped phase 2 of Reference Processing: no references
[2025-06-03T15:51:44.621+0530][32.466s] GC(233) Skipped phase 3 of Reference Processing: no references
[2025-06-03T15:51:44.621+0530][32.466s] GC(233) Skipped phase 4 of Reference Processing: no references
[2025-06-03T15:51:44.621+0530][32.467s] GC(233)   Pre Evacuate Collection Set: 0.1ms
[2025-06-03T15:51:44.621+0530][32.467s] GC(233)   Merge Heap Roots: 0.1ms
[2025-06-03T15:51:44.621+0530][32.467s] GC(233)   Evacuate Collection Set: 0.1ms
[2025-06-03T15:51:44.621+0530][32.467s] GC(233)   Post Evacuate Collection Set: 0.3ms
[2025-06-03T15:51:44.621+0530][32.467s] GC(233)   Other: 0.1ms
[2025-06-03T15:51:44.621+0530][32.467s] GC(233) Eden regions: 306->0(306)
[2025-06-03T15:51:44.621+0530][32.467s] GC(233) Survivor regions: 1->1(39)
[2025-06-03T15:51:44.621+0530][32.467s] GC(233) Old regions: 9->9
[2025-06-03T15:51:44.622+0530][32.467s] GC(233) Archive regions: 2->2
[2025-06-03T15:51:44.622+0530][32.467s] GC(233) Humongous regions: 0->0
[2025-06-03T15:51:44.622+0530][32.467s] GC(233) Metaspace: 20196K(20672K)->20196K(20672K) NonClass: 17616K(17856K)->17616K(17856K) Class: 2580K(2816K)->2580K(2816K)
[2025-06-03T15:51:44.622+0530][32.467s] GC(233) Pause Young (Normal) (G1 Evacuation Pause) 315M->9M(512M) 0.889ms
[2025-06-03T15:51:44.622+0530][32.467s] GC(233) User=0.00s Sys=0.00s Real=0.00s
[2025-06-03T15:51:44.717+0530][32.562s] GC(234) Pause Young (Normal) (G1 Evacuation Pause)
[2025-06-03T15:51:44.717+0530][32.562s] GC(234) Using 8 workers of 8 for evacuation
[2025-06-03T15:51:44.717+0530][32.563s] GC(234) Skipped phase 1 of Reference Processing: no references
[2025-06-03T15:51:44.717+0530][32.563s] GC(234) Skipped phase 2 of Reference Processing: no references
[2025-06-03T15:51:44.717+0530][32.563s] GC(234) Skipped phase 3 of Reference Processing: no references
[2025-06-03T15:51:44.718+0530][32.563s] GC(234) Skipped phase 4 of Reference Processing: no references
[2025-06-03T15:51:44.718+0530][32.563s] GC(234)   Pre Evacuate Collection Set: 0.0ms
[2025-06-03T15:51:44.718+0530][32.563s] GC(234)   Merge Heap Roots: 0.1ms
[2025-06-03T15:51:44.718+0530][32.563s] GC(234)   Evacuate Collection Set: 0.2ms
[2025-06-03T15:51:44.718+0530][32.563s] GC(234)   Post Evacuate Collection Set: 0.4ms
[2025-06-03T15:51:44.718+0530][32.563s] GC(234)   Other: 0.1ms
[2025-06-03T15:51:44.718+0530][32.563s] GC(234) Eden regions: 306->0(306)
[2025-06-03T15:51:44.718+0530][32.563s] GC(234) Survivor regions: 1->1(39)
[2025-06-03T15:51:44.718+0530][32.563s] GC(234) Old regions: 9->9
[2025-06-03T15:51:44.718+0530][32.563s] GC(234) Archive regions: 2->2
[2025-06-03T15:51:44.718+0530][32.563s] GC(234) Humongous regions: 0->0
[2025-06-03T15:51:44.718+0530][32.563s] GC(234) Metaspace: 20196K(20672K)->20196K(20672K) NonClass: 17616K(17856K)->17616K(17856K) Class: 2580K(2816K)->2580K(2816K)
[2025-06-03T15:51:44.718+0530][32.563s] GC(234) Pause Young (Normal) (G1 Evacuation Pause) 315M->9M(512M) 0.970ms
[2025-06-03T15:51:44.718+0530][32.563s] GC(234) User=0.01s Sys=0.00s Real=0.00s
[2025-06-03T15:51:44.814+0530][32.660s] GC(235) Pause Young (Normal) (G1 Evacuation Pause)
[2025-06-03T15:51:44.814+0530][32.660s] GC(235) Using 8 workers of 8 for evacuation
[2025-06-03T15:51:44.815+0530][32.660s] GC(235) Skipped phase 1 of Reference Processing: no references
[2025-06-03T15:51:44.815+0530][32.660s] GC(235) Skipped phase 2 of Reference Processing: no references
[2025-06-03T15:51:44.815+0530][32.660s] GC(235) Skipped phase 3 of Reference Processing: no references
[2025-06-03T15:51:44.815+0530][32.660s] GC(235) Skipped phase 4 of Reference Processing: no references
[2025-06-03T15:51:44.815+0530][32.660s] GC(235)   Pre Evacuate Collection Set: 0.0ms
[2025-06-03T15:51:44.815+0530][32.660s] GC(235)   Merge Heap Roots: 0.1ms
[2025-06-03T15:51:44.815+0530][32.660s] GC(235)   Evacuate Collection Set: 0.2ms
[2025-06-03T15:51:44.815+0530][32.660s] GC(235)   Post Evacuate Collection Set: 0.3ms
[2025-06-03T15:51:44.815+0530][32.660s] GC(235)   Other: 0.1ms
[2025-06-03T15:51:44.815+0530][32.660s] GC(235) Eden regions: 306->0(306)
[2025-06-03T15:51:44.815+0530][32.660s] GC(235) Survivor regions: 1->1(39)
[2025-06-03T15:51:44.815+0530][32.660s] GC(235) Old regions: 9->9
[2025-06-03T15:51:44.815+0530][32.660s] GC(235) Archive regions: 2->2
[2025-06-03T15:51:44.815+0530][32.660s] GC(235) Humongous regions: 0->0
[2025-06-03T15:51:44.815+0530][32.660s] GC(235) Metaspace: 20196K(20672K)->20196K(20672K) NonClass: 17616K(17856K)->17616K(17856K) Class: 2580K(2816K)->2580K(2816K)
[2025-06-03T15:51:44.815+0530][32.660s] GC(235) Pause Young (Normal) (G1 Evacuation Pause) 315M->9M(512M) 0.895ms
[2025-06-03T15:51:44.815+0530][32.660s] GC(235) User=0.00s Sys=0.01s Real=0.00s
[2025-06-03T15:51:44.911+0530][32.756s] GC(236) Pause Young (Normal) (G1 Evacuation Pause)
[2025-06-03T15:51:44.911+0530][32.756s] GC(236) Using 8 workers of 8 for evacuation
[2025-06-03T15:51:44.911+0530][32.757s] GC(236) Skipped phase 1 of Reference Processing: no references
[2025-06-03T15:51:44.911+0530][32.757s] GC(236) Skipped phase 2 of Reference Processing: no references
[2025-06-03T15:51:44.911+0530][32.757s] GC(236) Skipped phase 3 of Reference Processing: no references
[2025-06-03T15:51:44.911+0530][32.757s] GC(236) Skipped phase 4 of Reference Processing: no references
[2025-06-03T15:51:44.912+0530][32.757s] GC(236)   Pre Evacuate Collection Set: 0.0ms
[2025-06-03T15:51:44.912+0530][32.757s] GC(236)   Merge Heap Roots: 0.1ms
[2025-06-03T15:51:44.912+0530][32.757s] GC(236)   Evacuate Collection Set: 0.1ms
[2025-06-03T15:51:44.912+0530][32.757s] GC(236)   Post Evacuate Collection Set: 0.3ms
[2025-06-03T15:51:44.912+0530][32.757s] GC(236)   Other: 0.1ms
[2025-06-03T15:51:44.912+0530][32.757s] GC(236) Eden regions: 306->0(306)
[2025-06-03T15:51:44.912+0530][32.757s] GC(236) Survivor regions: 1->1(39)
[2025-06-03T15:51:44.912+0530][32.757s] GC(236) Old regions: 9->9
[2025-06-03T15:51:44.912+0530][32.757s] GC(236) Archive regions: 2->2
[2025-06-03T15:51:44.912+0530][32.757s] GC(236) Humongous regions: 0->0
[2025-06-03T15:51:44.912+0530][32.757s] GC(236) Metaspace: 20196K(20672K)->20196K(20672K) NonClass: 17616K(17856K)->17616K(17856K) Class: 2580K(2816K)->2580K(2816K)
[2025-06-03T15:51:44.912+0530][32.757s] GC(236) Pause Young (Normal) (G1 Evacuation Pause) 315M->9M(512M) 0.939ms
[2025-06-03T15:51:44.912+0530][32.757s] GC(236) User=0.00s Sys=0.00s Real=0.00s
[2025-06-03T15:51:45.006+0530][32.851s] GC(237) Pause Young (Normal) (G1 Evacuation Pause)
[2025-06-03T15:51:45.006+0530][32.851s] GC(237) Using 8 workers of 8 for evacuation
[2025-06-03T15:51:45.006+0530][32.852s] GC(237) Skipped phase 1 of Reference Processing: no references
[2025-06-03T15:51:45.007+0530][32.852s] GC(237) Skipped phase 2 of Reference Processing: no references
[2025-06-03T15:51:45.007+0530][32.852s] GC(237) Skipped phase 3 of Reference Processing: no references
[2025-06-03T15:51:45.007+0530][32.852s] GC(237) Skipped phase 4 of Reference Processing: no references
[2025-06-03T15:51:45.007+0530][32.852s] GC(237)   Pre Evacuate Collection Set: 0.1ms
[2025-06-03T15:51:45.007+0530][32.852s] GC(237)   Merge Heap Roots: 0.0ms
[2025-06-03T15:51:45.007+0530][32.852s] GC(237)   Evacuate Collection Set: 0.2ms
[2025-06-03T15:51:45.007+0530][32.852s] GC(237)   Post Evacuate Collection Set: 0.3ms
[2025-06-03T15:51:45.007+0530][32.852s] GC(237)   Other: 0.1ms
[2025-06-03T15:51:45.007+0530][32.852s] GC(237) Eden regions: 306->0(306)
[2025-06-03T15:51:45.007+0530][32.852s] GC(237) Survivor regions: 1->1(39)
[2025-06-03T15:51:45.007+0530][32.852s] GC(237) Old regions: 9->9
[2025-06-03T15:51:45.007+0530][32.852s] GC(237) Archive regions: 2->2
[2025-06-03T15:51:45.007+0530][32.852s] GC(237) Humongous regions: 0->0
[2025-06-03T15:51:45.007+0530][32.852s] GC(237) Metaspace: 20196K(20672K)->20196K(20672K) NonClass: 17616K(17856K)->17616K(17856K) Class: 2580K(2816K)->2580K(2816K)
[2025-06-03T15:51:45.007+0530][32.852s] GC(237) Pause Young (Normal) (G1 Evacuation Pause) 315M->9M(512M) 0.847ms
[2025-06-03T15:51:45.007+0530][32.852s] GC(237) User=0.00s Sys=0.00s Real=0.00s
[2025-06-03T15:51:45.105+0530][32.951s] GC(238) Pause Young (Normal) (G1 Evacuation Pause)
[2025-06-03T15:51:45.105+0530][32.951s] GC(238) Using 8 workers of 8 for evacuation
[2025-06-03T15:51:45.106+0530][32.951s] GC(238) Skipped phase 1 of Reference Processing: no references
[2025-06-03T15:51:45.106+0530][32.951s] GC(238) Skipped phase 2 of Reference Processing: no references
[2025-06-03T15:51:45.106+0530][32.951s] GC(238) Skipped phase 3 of Reference Processing: no references
[2025-06-03T15:51:45.106+0530][32.951s] GC(238) Skipped phase 4 of Reference Processing: no references
[2025-06-03T15:51:45.106+0530][32.951s] GC(238)   Pre Evacuate Collection Set: 0.1ms
[2025-06-03T15:51:45.106+0530][32.951s] GC(238)   Merge Heap Roots: 0.1ms
[2025-06-03T15:51:45.106+0530][32.951s] GC(238)   Evacuate Collection Set: 0.2ms
[2025-06-03T15:51:45.106+0530][32.951s] GC(238)   Post Evacuate Collection Set: 0.3ms
[2025-06-03T15:51:45.106+0530][32.951s] GC(238)   Other: 0.1ms
[2025-06-03T15:51:45.106+0530][32.951s] GC(238) Eden regions: 306->0(306)
[2025-06-03T15:51:45.106+0530][32.951s] GC(238) Survivor regions: 1->1(39)
[2025-06-03T15:51:45.106+0530][32.951s] GC(238) Old regions: 9->9
[2025-06-03T15:51:45.106+0530][32.951s] GC(238) Archive regions: 2->2
[2025-06-03T15:51:45.106+0530][32.951s] GC(238) Humongous regions: 0->0
[2025-06-03T15:51:45.106+0530][32.951s] GC(238) Metaspace: 20201K(20672K)->20201K(20672K) NonClass: 17621K(17856K)->17621K(17856K) Class: 2580K(2816K)->2580K(2816K)
[2025-06-03T15:51:45.106+0530][32.951s] GC(238) Pause Young (Normal) (G1 Evacuation Pause) 315M->9M(512M) 0.859ms
[2025-06-03T15:51:45.106+0530][32.951s] GC(238) User=0.00s Sys=0.00s Real=0.00s
[2025-06-03T15:51:45.212+0530][33.057s] GC(239) Pause Young (Normal) (G1 Evacuation Pause)
[2025-06-03T15:51:45.212+0530][33.057s] GC(239) Using 8 workers of 8 for evacuation
[2025-06-03T15:51:45.213+0530][33.058s] GC(239) Skipped phase 1 of Reference Processing: no references
[2025-06-03T15:51:45.213+0530][33.058s] GC(239) Skipped phase 2 of Reference Processing: no references
[2025-06-03T15:51:45.213+0530][33.058s] GC(239) Skipped phase 3 of Reference Processing: no references
[2025-06-03T15:51:45.213+0530][33.058s] GC(239) Skipped phase 4 of Reference Processing: no references
[2025-06-03T15:51:45.213+0530][33.058s] GC(239)   Pre Evacuate Collection Set: 0.1ms
[2025-06-03T15:51:45.213+0530][33.058s] GC(239)   Merge Heap Roots: 0.1ms
[2025-06-03T15:51:45.213+0530][33.058s] GC(239)   Evacuate Collection Set: 0.2ms
[2025-06-03T15:51:45.213+0530][33.058s] GC(239)   Post Evacuate Collection Set: 0.4ms
[2025-06-03T15:51:45.213+0530][33.058s] GC(239)   Other: 0.1ms
[2025-06-03T15:51:45.213+0530][33.058s] GC(239) Eden regions: 306->0(306)
[2025-06-03T15:51:45.213+0530][33.058s] GC(239) Survivor regions: 1->1(39)
[2025-06-03T15:51:45.213+0530][33.058s] GC(239) Old regions: 9->9
[2025-06-03T15:51:45.213+0530][33.058s] GC(239) Archive regions: 2->2
[2025-06-03T15:51:45.213+0530][33.058s] GC(239) Humongous regions: 0->0
[2025-06-03T15:51:45.213+0530][33.058s] GC(239) Metaspace: 20208K(20672K)->20208K(20672K) NonClass: 17627K(17856K)->17627K(17856K) Class: 2580K(2816K)->2580K(2816K)
[2025-06-03T15:51:45.213+0530][33.058s] GC(239) Pause Young (Normal) (G1 Evacuation Pause) 315M->9M(512M) 0.909ms
[2025-06-03T15:51:45.213+0530][33.058s] GC(239) User=0.00s Sys=0.00s Real=0.00s
[2025-06-03T15:51:45.312+0530][33.158s] GC(240) Pause Young (Normal) (G1 Evacuation Pause)
[2025-06-03T15:51:45.312+0530][33.158s] GC(240) Using 8 workers of 8 for evacuation
[2025-06-03T15:51:45.313+0530][33.158s] GC(240) Skipped phase 1 of Reference Processing: no references
[2025-06-03T15:51:45.313+0530][33.158s] GC(240) Skipped phase 2 of Reference Processing: no references
[2025-06-03T15:51:45.313+0530][33.158s] GC(240) Skipped phase 3 of Reference Processing: no references
[2025-06-03T15:51:45.313+0530][33.158s] GC(240) Skipped phase 4 of Reference Processing: no references
[2025-06-03T15:51:45.313+0530][33.158s] GC(240)   Pre Evacuate Collection Set: 0.1ms
[2025-06-03T15:51:45.313+0530][33.158s] GC(240)   Merge Heap Roots: 0.1ms
[2025-06-03T15:51:45.313+0530][33.158s] GC(240)   Evacuate Collection Set: 0.2ms
[2025-06-03T15:51:45.313+0530][33.158s] GC(240)   Post Evacuate Collection Set: 0.4ms
[2025-06-03T15:51:45.313+0530][33.158s] GC(240)   Other: 0.1ms
[2025-06-03T15:51:45.313+0530][33.158s] GC(240) Eden regions: 306->0(306)
[2025-06-03T15:51:45.313+0530][33.159s] GC(240) Survivor regions: 1->1(39)
[2025-06-03T15:51:45.313+0530][33.159s] GC(240) Old regions: 9->9
[2025-06-03T15:51:45.313+0530][33.159s] GC(240) Archive regions: 2->2
[2025-06-03T15:51:45.313+0530][33.159s] GC(240) Humongous regions: 0->0
[2025-06-03T15:51:45.313+0530][33.159s] GC(240) Metaspace: 20208K(20672K)->20208K(20672K) NonClass: 17627K(17856K)->17627K(17856K) Class: 2580K(2816K)->2580K(2816K)
[2025-06-03T15:51:45.313+0530][33.159s] GC(240) Pause Young (Normal) (G1 Evacuation Pause) 315M->9M(512M) 1.017ms
[2025-06-03T15:51:45.313+0530][33.159s] GC(240) User=0.00s Sys=0.00s Real=0.00s
[2025-06-03T15:51:45.409+0530][33.255s] GC(241) Pause Young (Normal) (G1 Evacuation Pause)
[2025-06-03T15:51:45.409+0530][33.255s] GC(241) Using 8 workers of 8 for evacuation
[2025-06-03T15:51:45.410+0530][33.255s] GC(241) Skipped phase 1 of Reference Processing: no references
[2025-06-03T15:51:45.410+0530][33.255s] GC(241) Skipped phase 2 of Reference Processing: no references
[2025-06-03T15:51:45.410+0530][33.255s] GC(241) Skipped phase 3 of Reference Processing: no references
[2025-06-03T15:51:45.410+0530][33.255s] GC(241) Skipped phase 4 of Reference Processing: no references
[2025-06-03T15:51:45.410+0530][33.255s] GC(241)   Pre Evacuate Collection Set: 0.1ms
[2025-06-03T15:51:45.410+0530][33.255s] GC(241)   Merge Heap Roots: 0.1ms
[2025-06-03T15:51:45.410+0530][33.255s] GC(241)   Evacuate Collection Set: 0.2ms
[2025-06-03T15:51:45.410+0530][33.255s] GC(241)   Post Evacuate Collection Set: 0.3ms
[2025-06-03T15:51:45.410+0530][33.255s] GC(241)   Other: 0.1ms
[2025-06-03T15:51:45.410+0530][33.255s] GC(241) Eden regions: 306->0(306)
[2025-06-03T15:51:45.410+0530][33.255s] GC(241) Survivor regions: 1->1(39)
[2025-06-03T15:51:45.410+0530][33.255s] GC(241) Old regions: 9->9
[2025-06-03T15:51:45.410+0530][33.255s] GC(241) Archive regions: 2->2
[2025-06-03T15:51:45.410+0530][33.256s] GC(241) Humongous regions: 0->0
[2025-06-03T15:51:45.410+0530][33.256s] GC(241) Metaspace: 20208K(20672K)->20208K(20672K) NonClass: 17627K(17856K)->17627K(17856K) Class: 2580K(2816K)->2580K(2816K)
[2025-06-03T15:51:45.410+0530][33.256s] GC(241) Pause Young (Normal) (G1 Evacuation Pause) 315M->9M(512M) 0.981ms
[2025-06-03T15:51:45.410+0530][33.256s] GC(241) User=0.00s Sys=0.00s Real=0.01s
[2025-06-03T15:51:45.507+0530][33.352s] GC(242) Pause Young (Normal) (G1 Evacuation Pause)
[2025-06-03T15:51:45.507+0530][33.352s] GC(242) Using 8 workers of 8 for evacuation
[2025-06-03T15:51:45.507+0530][33.352s] GC(242) Skipped phase 1 of Reference Processing: no references
[2025-06-03T15:51:45.507+0530][33.352s] GC(242) Skipped phase 2 of Reference Processing: no references
[2025-06-03T15:51:45.507+0530][33.353s] GC(242) Skipped phase 3 of Reference Processing: no references
[2025-06-03T15:51:45.507+0530][33.353s] GC(242) Skipped phase 4 of Reference Processing: no references
[2025-06-03T15:51:45.508+0530][33.353s] GC(242)   Pre Evacuate Collection Set: 0.0ms
[2025-06-03T15:51:45.508+0530][33.353s] GC(242)   Merge Heap Roots: 0.1ms
[2025-06-03T15:51:45.508+0530][33.353s] GC(242)   Evacuate Collection Set: 0.2ms
[2025-06-03T15:51:45.508+0530][33.353s] GC(242)   Post Evacuate Collection Set: 0.3ms
[2025-06-03T15:51:45.508+0530][33.353s] GC(242)   Other: 0.1ms
[2025-06-03T15:51:45.508+0530][33.353s] GC(242) Eden regions: 306->0(306)
[2025-06-03T15:51:45.508+0530][33.353s] GC(242) Survivor regions: 1->1(39)
[2025-06-03T15:51:45.508+0530][33.353s] GC(242) Old regions: 9->9
[2025-06-03T15:51:45.508+0530][33.353s] GC(242) Archive regions: 2->2
[2025-06-03T15:51:45.508+0530][33.353s] GC(242) Humongous regions: 0->0
[2025-06-03T15:51:45.508+0530][33.353s] GC(242) Metaspace: 20208K(20672K)->20208K(20672K) NonClass: 17627K(17856K)->17627K(17856K) Class: 2580K(2816K)->2580K(2816K)
[2025-06-03T15:51:45.508+0530][33.353s] GC(242) Pause Young (Normal) (G1 Evacuation Pause) 315M->9M(512M) 0.889ms
[2025-06-03T15:51:45.508+0530][33.353s] GC(242) User=0.00s Sys=0.00s Real=0.00s
[2025-06-03T15:51:45.604+0530][33.450s] GC(243) Pause Young (Normal) (G1 Evacuation Pause)
[2025-06-03T15:51:45.604+0530][33.450s] GC(243) Using 8 workers of 8 for evacuation
[2025-06-03T15:51:45.605+0530][33.450s] GC(243) Skipped phase 1 of Reference Processing: no references
[2025-06-03T15:51:45.605+0530][33.450s] GC(243) Skipped phase 2 of Reference Processing: no references
[2025-06-03T15:51:45.605+0530][33.450s] GC(243) Skipped phase 3 of Reference Processing: no references
[2025-06-03T15:51:45.605+0530][33.450s] GC(243) Skipped phase 4 of Reference Processing: no references
[2025-06-03T15:51:45.605+0530][33.450s] GC(243)   Pre Evacuate Collection Set: 0.1ms
[2025-06-03T15:51:45.605+0530][33.450s] GC(243)   Merge Heap Roots: 0.1ms
[2025-06-03T15:51:45.605+0530][33.450s] GC(243)   Evacuate Collection Set: 0.2ms
[2025-06-03T15:51:45.605+0530][33.450s] GC(243)   Post Evacuate Collection Set: 0.3ms
[2025-06-03T15:51:45.605+0530][33.450s] GC(243)   Other: 0.1ms
[2025-06-03T15:51:45.605+0530][33.450s] GC(243) Eden regions: 306->0(306)
[2025-06-03T15:51:45.605+0530][33.450s] GC(243) Survivor regions: 1->1(39)
[2025-06-03T15:51:45.605+0530][33.450s] GC(243) Old regions: 9->9
[2025-06-03T15:51:45.605+0530][33.450s] GC(243) Archive regions: 2->2
[2025-06-03T15:51:45.605+0530][33.450s] GC(243) Humongous regions: 0->0
[2025-06-03T15:51:45.605+0530][33.450s] GC(243) Metaspace: 20208K(20672K)->20208K(20672K) NonClass: 17627K(17856K)->17627K(17856K) Class: 2580K(2816K)->2580K(2816K)
[2025-06-03T15:51:45.605+0530][33.450s] GC(243) Pause Young (Normal) (G1 Evacuation Pause) 315M->9M(512M) 0.900ms
[2025-06-03T15:51:45.605+0530][33.450s] GC(243) User=0.00s Sys=0.00s Real=0.00s
[2025-06-03T15:51:45.704+0530][33.549s] GC(244) Pause Young (Normal) (G1 Evacuation Pause)
[2025-06-03T15:51:45.704+0530][33.549s] GC(244) Using 8 workers of 8 for evacuation
[2025-06-03T15:51:45.704+0530][33.549s] GC(244) Skipped phase 1 of Reference Processing: no references
[2025-06-03T15:51:45.704+0530][33.549s] GC(244) Skipped phase 2 of Reference Processing: no references
[2025-06-03T15:51:45.704+0530][33.549s] GC(244) Skipped phase 3 of Reference Processing: no references
[2025-06-03T15:51:45.704+0530][33.549s] GC(244) Skipped phase 4 of Reference Processing: no references
[2025-06-03T15:51:45.704+0530][33.550s] GC(244)   Pre Evacuate Collection Set: 0.1ms
[2025-06-03T15:51:45.704+0530][33.550s] GC(244)   Merge Heap Roots: 0.1ms
[2025-06-03T15:51:45.704+0530][33.550s] GC(244)   Evacuate Collection Set: 0.2ms
[2025-06-03T15:51:45.704+0530][33.550s] GC(244)   Post Evacuate Collection Set: 0.3ms
[2025-06-03T15:51:45.704+0530][33.550s] GC(244)   Other: 0.1ms
[2025-06-03T15:51:45.704+0530][33.550s] GC(244) Eden regions: 306->0(306)
[2025-06-03T15:51:45.704+0530][33.550s] GC(244) Survivor regions: 1->1(39)
[2025-06-03T15:51:45.705+0530][33.550s] GC(244) Old regions: 9->9
[2025-06-03T15:51:45.705+0530][33.550s] GC(244) Archive regions: 2->2
[2025-06-03T15:51:45.705+0530][33.550s] GC(244) Humongous regions: 0->0
[2025-06-03T15:51:45.705+0530][33.550s] GC(244) Metaspace: 20208K(20672K)->20208K(20672K) NonClass: 17627K(17856K)->17627K(17856K) Class: 2580K(2816K)->2580K(2816K)
[2025-06-03T15:51:45.705+0530][33.550s] GC(244) Pause Young (Normal) (G1 Evacuation Pause) 315M->9M(512M) 0.921ms
[2025-06-03T15:51:45.705+0530][33.550s] GC(244) User=0.01s Sys=0.00s Real=0.00s
[2025-06-03T15:51:45.805+0530][33.650s] GC(245) Pause Young (Normal) (G1 Evacuation Pause)
[2025-06-03T15:51:45.805+0530][33.650s] GC(245) Using 8 workers of 8 for evacuation
[2025-06-03T15:51:45.805+0530][33.651s] GC(245) Skipped phase 1 of Reference Processing: no references
[2025-06-03T15:51:45.805+0530][33.651s] GC(245) Skipped phase 2 of Reference Processing: no references
[2025-06-03T15:51:45.805+0530][33.651s] GC(245) Skipped phase 3 of Reference Processing: no references
[2025-06-03T15:51:45.805+0530][33.651s] GC(245) Skipped phase 4 of Reference Processing: no references
[2025-06-03T15:51:45.806+0530][33.651s] GC(245)   Pre Evacuate Collection Set: 0.1ms
[2025-06-03T15:51:45.806+0530][33.651s] GC(245)   Merge Heap Roots: 0.1ms
[2025-06-03T15:51:45.806+0530][33.651s] GC(245)   Evacuate Collection Set: 0.2ms
[2025-06-03T15:51:45.806+0530][33.651s] GC(245)   Post Evacuate Collection Set: 0.3ms
[2025-06-03T15:51:45.806+0530][33.651s] GC(245)   Other: 0.1ms
[2025-06-03T15:51:45.806+0530][33.651s] GC(245) Eden regions: 306->0(306)
[2025-06-03T15:51:45.806+0530][33.651s] GC(245) Survivor regions: 1->1(39)
[2025-06-03T15:51:45.806+0530][33.651s] GC(245) Old regions: 9->9
[2025-06-03T15:51:45.806+0530][33.651s] GC(245) Archive regions: 2->2
[2025-06-03T15:51:45.806+0530][33.651s] GC(245) Humongous regions: 0->0
[2025-06-03T15:51:45.806+0530][33.651s] GC(245) Metaspace: 20208K(20672K)->20208K(20672K) NonClass: 17627K(17856K)->17627K(17856K) Class: 2580K(2816K)->2580K(2816K)
[2025-06-03T15:51:45.806+0530][33.651s] GC(245) Pause Young (Normal) (G1 Evacuation Pause) 315M->9M(512M) 0.881ms
[2025-06-03T15:51:45.806+0530][33.651s] GC(245) User=0.00s Sys=0.00s Real=0.00s
[2025-06-03T15:51:45.901+0530][33.746s] GC(246) Pause Young (Normal) (G1 Evacuation Pause)
[2025-06-03T15:51:45.901+0530][33.746s] GC(246) Using 8 workers of 8 for evacuation
[2025-06-03T15:51:45.901+0530][33.746s] GC(246) Skipped phase 1 of Reference Processing: no references
[2025-06-03T15:51:45.901+0530][33.746s] GC(246) Skipped phase 2 of Reference Processing: no references
[2025-06-03T15:51:45.901+0530][33.746s] GC(246) Skipped phase 3 of Reference Processing: no references
[2025-06-03T15:51:45.901+0530][33.746s] GC(246) Skipped phase 4 of Reference Processing: no references
[2025-06-03T15:51:45.902+0530][33.747s] GC(246)   Pre Evacuate Collection Set: 0.1ms
[2025-06-03T15:51:45.902+0530][33.747s] GC(246)   Merge Heap Roots: 0.1ms
[2025-06-03T15:51:45.902+0530][33.747s] GC(246)   Evacuate Collection Set: 0.2ms
[2025-06-03T15:51:45.902+0530][33.747s] GC(246)   Post Evacuate Collection Set: 0.3ms
[2025-06-03T15:51:45.902+0530][33.747s] GC(246)   Other: 0.1ms
[2025-06-03T15:51:45.902+0530][33.747s] GC(246) Eden regions: 306->0(306)
[2025-06-03T15:51:45.902+0530][33.747s] GC(246) Survivor regions: 1->1(39)
[2025-06-03T15:51:45.902+0530][33.747s] GC(246) Old regions: 9->9
[2025-06-03T15:51:45.902+0530][33.747s] GC(246) Archive regions: 2->2
[2025-06-03T15:51:45.902+0530][33.747s] GC(246) Humongous regions: 0->0
[2025-06-03T15:51:45.902+0530][33.747s] GC(246) Metaspace: 20208K(20672K)->20208K(20672K) NonClass: 17627K(17856K)->17627K(17856K) Class: 2580K(2816K)->2580K(2816K)
[2025-06-03T15:51:45.902+0530][33.747s] GC(246) Pause Young (Normal) (G1 Evacuation Pause) 315M->9M(512M) 0.938ms
[2025-06-03T15:51:45.902+0530][33.747s] GC(246) User=0.00s Sys=0.00s Real=0.00s
[2025-06-03T15:51:45.997+0530][33.842s] GC(247) Pause Young (Normal) (G1 Evacuation Pause)
[2025-06-03T15:51:45.997+0530][33.842s] GC(247) Using 8 workers of 8 for evacuation
[2025-06-03T15:51:45.997+0530][33.842s] GC(247) Skipped phase 1 of Reference Processing: no references
[2025-06-03T15:51:45.997+0530][33.842s] GC(247) Skipped phase 2 of Reference Processing: no references
[2025-06-03T15:51:45.997+0530][33.842s] GC(247) Skipped phase 3 of Reference Processing: no references
[2025-06-03T15:51:45.997+0530][33.842s] GC(247) Skipped phase 4 of Reference Processing: no references
[2025-06-03T15:51:45.998+0530][33.843s] GC(247)   Pre Evacuate Collection Set: 0.0ms
[2025-06-03T15:51:45.998+0530][33.843s] GC(247)   Merge Heap Roots: 0.0ms
[2025-06-03T15:51:45.998+0530][33.843s] GC(247)   Evacuate Collection Set: 0.2ms
[2025-06-03T15:51:45.998+0530][33.843s] GC(247)   Post Evacuate Collection Set: 0.3ms
[2025-06-03T15:51:45.998+0530][33.843s] GC(247)   Other: 0.1ms
[2025-06-03T15:51:45.998+0530][33.843s] GC(247) Eden regions: 306->0(306)
[2025-06-03T15:51:45.998+0530][33.843s] GC(247) Survivor regions: 1->1(39)
[2025-06-03T15:51:45.998+0530][33.843s] GC(247) Old regions: 9->9
[2025-06-03T15:51:45.998+0530][33.843s] GC(247) Archive regions: 2->2
[2025-06-03T15:51:45.998+0530][33.843s] GC(247) Humongous regions: 0->0
[2025-06-03T15:51:45.998+0530][33.843s] GC(247) Metaspace: 20208K(20672K)->20208K(20672K) NonClass: 17627K(17856K)->17627K(17856K) Class: 2580K(2816K)->2580K(2816K)
[2025-06-03T15:51:45.998+0530][33.843s] GC(247) Pause Young (Normal) (G1 Evacuation Pause) 315M->9M(512M) 0.862ms
[2025-06-03T15:51:45.998+0530][33.843s] GC(247) User=0.00s Sys=0.01s Real=0.00s
[2025-06-03T15:51:46.093+0530][33.938s] GC(248) Pause Young (Normal) (G1 Evacuation Pause)
[2025-06-03T15:51:46.093+0530][33.938s] GC(248) Using 8 workers of 8 for evacuation
[2025-06-03T15:51:46.093+0530][33.939s] GC(248) Skipped phase 1 of Reference Processing: no references
[2025-06-03T15:51:46.093+0530][33.939s] GC(248) Skipped phase 2 of Reference Processing: no references
[2025-06-03T15:51:46.093+0530][33.939s] GC(248) Skipped phase 3 of Reference Processing: no references
[2025-06-03T15:51:46.093+0530][33.939s] GC(248) Skipped phase 4 of Reference Processing: no references
[2025-06-03T15:51:46.094+0530][33.939s] GC(248)   Pre Evacuate Collection Set: 0.1ms
[2025-06-03T15:51:46.094+0530][33.939s] GC(248)   Merge Heap Roots: 0.1ms
[2025-06-03T15:51:46.094+0530][33.939s] GC(248)   Evacuate Collection Set: 0.2ms
[2025-06-03T15:51:46.094+0530][33.939s] GC(248)   Post Evacuate Collection Set: 0.3ms
[2025-06-03T15:51:46.094+0530][33.939s] GC(248)   Other: 0.2ms
[2025-06-03T15:51:46.094+0530][33.939s] GC(248) Eden regions: 306->0(306)
[2025-06-03T15:51:46.094+0530][33.939s] GC(248) Survivor regions: 1->1(39)
[2025-06-03T15:51:46.094+0530][33.939s] GC(248) Old regions: 9->9
[2025-06-03T15:51:46.094+0530][33.939s] GC(248) Archive regions: 2->2
[2025-06-03T15:51:46.094+0530][33.939s] GC(248) Humongous regions: 0->0
[2025-06-03T15:51:46.094+0530][33.939s] GC(248) Metaspace: 20208K(20672K)->20208K(20672K) NonClass: 17627K(17856K)->17627K(17856K) Class: 2580K(2816K)->2580K(2816K)
[2025-06-03T15:51:46.094+0530][33.939s] GC(248) Pause Young (Normal) (G1 Evacuation Pause) 315M->9M(512M) 1.007ms
[2025-06-03T15:51:46.094+0530][33.939s] GC(248) User=0.00s Sys=0.00s Real=0.00s
[2025-06-03T15:51:46.201+0530][34.046s] GC(249) Pause Young (Normal) (G1 Evacuation Pause)
[2025-06-03T15:51:46.201+0530][34.046s] GC(249) Using 8 workers of 8 for evacuation
[2025-06-03T15:51:46.201+0530][34.046s] GC(249) Skipped phase 1 of Reference Processing: no references
[2025-06-03T15:51:46.201+0530][34.047s] GC(249) Skipped phase 2 of Reference Processing: no references
[2025-06-03T15:51:46.201+0530][34.047s] GC(249) Skipped phase 3 of Reference Processing: no references
[2025-06-03T15:51:46.201+0530][34.047s] GC(249) Skipped phase 4 of Reference Processing: no references
[2025-06-03T15:51:46.202+0530][34.047s] GC(249)   Pre Evacuate Collection Set: 0.1ms
[2025-06-03T15:51:46.202+0530][34.047s] GC(249)   Merge Heap Roots: 0.1ms
[2025-06-03T15:51:46.202+0530][34.047s] GC(249)   Evacuate Collection Set: 0.2ms
[2025-06-03T15:51:46.202+0530][34.047s] GC(249)   Post Evacuate Collection Set: 0.3ms
[2025-06-03T15:51:46.202+0530][34.047s] GC(249)   Other: 0.1ms
[2025-06-03T15:51:46.202+0530][34.047s] GC(249) Eden regions: 306->0(306)
[2025-06-03T15:51:46.202+0530][34.047s] GC(249) Survivor regions: 1->1(39)
[2025-06-03T15:51:46.202+0530][34.047s] GC(249) Old regions: 9->9
[2025-06-03T15:51:46.202+0530][34.047s] GC(249) Archive regions: 2->2
[2025-06-03T15:51:46.202+0530][34.047s] GC(249) Humongous regions: 0->0
[2025-06-03T15:51:46.202+0530][34.047s] GC(249) Metaspace: 20211K(20672K)->20211K(20672K) NonClass: 17630K(17856K)->17630K(17856K) Class: 2580K(2816K)->2580K(2816K)
[2025-06-03T15:51:46.202+0530][34.047s] GC(249) Pause Young (Normal) (G1 Evacuation Pause) 315M->9M(512M) 0.882ms
[2025-06-03T15:51:46.202+0530][34.047s] GC(249) User=0.00s Sys=0.00s Real=0.00s
[2025-06-03T15:51:46.298+0530][34.143s] GC(250) Pause Young (Normal) (G1 Evacuation Pause)
[2025-06-03T15:51:46.298+0530][34.143s] GC(250) Using 8 workers of 8 for evacuation
[2025-06-03T15:51:46.298+0530][34.144s] GC(250) Skipped phase 1 of Reference Processing: no references
[2025-06-03T15:51:46.298+0530][34.144s] GC(250) Skipped phase 2 of Reference Processing: no references
[2025-06-03T15:51:46.298+0530][34.144s] GC(250) Skipped phase 3 of Reference Processing: no references
[2025-06-03T15:51:46.298+0530][34.144s] GC(250) Skipped phase 4 of Reference Processing: no references
[2025-06-03T15:51:46.299+0530][34.144s] GC(250)   Pre Evacuate Collection Set: 0.1ms
[2025-06-03T15:51:46.299+0530][34.144s] GC(250)   Merge Heap Roots: 0.0ms
[2025-06-03T15:51:46.299+0530][34.144s] GC(250)   Evacuate Collection Set: 0.1ms
[2025-06-03T15:51:46.299+0530][34.144s] GC(250)   Post Evacuate Collection Set: 0.3ms
[2025-06-03T15:51:46.299+0530][34.144s] GC(250)   Other: 0.1ms
[2025-06-03T15:51:46.299+0530][34.144s] GC(250) Eden regions: 306->0(306)
[2025-06-03T15:51:46.299+0530][34.144s] GC(250) Survivor regions: 1->1(39)
[2025-06-03T15:51:46.299+0530][34.144s] GC(250) Old regions: 9->9
[2025-06-03T15:51:46.299+0530][34.144s] GC(250) Archive regions: 2->2
[2025-06-03T15:51:46.299+0530][34.144s] GC(250) Humongous regions: 0->0
[2025-06-03T15:51:46.299+0530][34.144s] GC(250) Metaspace: 20211K(20672K)->20211K(20672K) NonClass: 17630K(17856K)->17630K(17856K) Class: 2580K(2816K)->2580K(2816K)
[2025-06-03T15:51:46.299+0530][34.144s] GC(250) Pause Young (Normal) (G1 Evacuation Pause) 315M->9M(512M) 0.847ms
[2025-06-03T15:51:46.299+0530][34.144s] GC(250) User=0.00s Sys=0.00s Real=0.00s
[2025-06-03T15:51:46.395+0530][34.241s] GC(251) Pause Young (Normal) (G1 Evacuation Pause)
[2025-06-03T15:51:46.396+0530][34.241s] GC(251) Using 8 workers of 8 for evacuation
[2025-06-03T15:51:46.396+0530][34.241s] GC(251) Skipped phase 1 of Reference Processing: no references
[2025-06-03T15:51:46.396+0530][34.241s] GC(251) Skipped phase 2 of Reference Processing: no references
[2025-06-03T15:51:46.396+0530][34.241s] GC(251) Skipped phase 3 of Reference Processing: no references
[2025-06-03T15:51:46.396+0530][34.241s] GC(251) Skipped phase 4 of Reference Processing: no references
[2025-06-03T15:51:46.396+0530][34.241s] GC(251)   Pre Evacuate Collection Set: 0.1ms
[2025-06-03T15:51:46.396+0530][34.241s] GC(251)   Merge Heap Roots: 0.1ms
[2025-06-03T15:51:46.396+0530][34.242s] GC(251)   Evacuate Collection Set: 0.1ms
[2025-06-03T15:51:46.396+0530][34.242s] GC(251)   Post Evacuate Collection Set: 0.4ms
[2025-06-03T15:51:46.396+0530][34.242s] GC(251)   Other: 0.1ms
[2025-06-03T15:51:46.396+0530][34.242s] GC(251) Eden regions: 306->0(306)
[2025-06-03T15:51:46.396+0530][34.242s] GC(251) Survivor regions: 1->1(39)
[2025-06-03T15:51:46.396+0530][34.242s] GC(251) Old regions: 9->9
[2025-06-03T15:51:46.396+0530][34.242s] GC(251) Archive regions: 2->2
[2025-06-03T15:51:46.396+0530][34.242s] GC(251) Humongous regions: 0->0
[2025-06-03T15:51:46.396+0530][34.242s] GC(251) Metaspace: 20211K(20672K)->20211K(20672K) NonClass: 17630K(17856K)->17630K(17856K) Class: 2580K(2816K)->2580K(2816K)
[2025-06-03T15:51:46.396+0530][34.242s] GC(251) Pause Young (Normal) (G1 Evacuation Pause) 315M->9M(512M) 0.929ms
[2025-06-03T15:51:46.396+0530][34.242s] GC(251) User=0.00s Sys=0.00s Real=0.00s
[2025-06-03T15:51:46.493+0530][34.339s] GC(252) Pause Young (Normal) (G1 Evacuation Pause)
[2025-06-03T15:51:46.493+0530][34.339s] GC(252) Using 8 workers of 8 for evacuation
[2025-06-03T15:51:46.494+0530][34.339s] GC(252) Skipped phase 1 of Reference Processing: no references
[2025-06-03T15:51:46.494+0530][34.339s] GC(252) Skipped phase 2 of Reference Processing: no references
[2025-06-03T15:51:46.494+0530][34.339s] GC(252) Skipped phase 3 of Reference Processing: no references
[2025-06-03T15:51:46.494+0530][34.339s] GC(252) Skipped phase 4 of Reference Processing: no references
[2025-06-03T15:51:46.494+0530][34.339s] GC(252)   Pre Evacuate Collection Set: 0.1ms
[2025-06-03T15:51:46.494+0530][34.339s] GC(252)   Merge Heap Roots: 0.1ms
[2025-06-03T15:51:46.494+0530][34.339s] GC(252)   Evacuate Collection Set: 0.2ms
[2025-06-03T15:51:46.494+0530][34.339s] GC(252)   Post Evacuate Collection Set: 0.3ms
[2025-06-03T15:51:46.494+0530][34.339s] GC(252)   Other: 0.1ms
[2025-06-03T15:51:46.494+0530][34.339s] GC(252) Eden regions: 306->0(306)
[2025-06-03T15:51:46.494+0530][34.339s] GC(252) Survivor regions: 1->1(39)
[2025-06-03T15:51:46.494+0530][34.339s] GC(252) Old regions: 9->9
[2025-06-03T15:51:46.494+0530][34.339s] GC(252) Archive regions: 2->2
[2025-06-03T15:51:46.494+0530][34.339s] GC(252) Humongous regions: 0->0
[2025-06-03T15:51:46.494+0530][34.339s] GC(252) Metaspace: 20211K(20672K)->20211K(20672K) NonClass: 17630K(17856K)->17630K(17856K) Class: 2580K(2816K)->2580K(2816K)
[2025-06-03T15:51:46.494+0530][34.339s] GC(252) Pause Young (Normal) (G1 Evacuation Pause) 315M->9M(512M) 0.883ms
[2025-06-03T15:51:46.494+0530][34.339s] GC(252) User=0.00s Sys=0.00s Real=0.00s
[2025-06-03T15:51:46.591+0530][34.436s] GC(253) Pause Young (Normal) (G1 Evacuation Pause)
[2025-06-03T15:51:46.591+0530][34.436s] GC(253) Using 8 workers of 8 for evacuation
[2025-06-03T15:51:46.592+0530][34.437s] GC(253) Skipped phase 1 of Reference Processing: no references
[2025-06-03T15:51:46.592+0530][34.437s] GC(253) Skipped phase 2 of Reference Processing: no references
[2025-06-03T15:51:46.592+0530][34.437s] GC(253) Skipped phase 3 of Reference Processing: no references
[2025-06-03T15:51:46.592+0530][34.437s] GC(253) Skipped phase 4 of Reference Processing: no references
[2025-06-03T15:51:46.592+0530][34.437s] GC(253)   Pre Evacuate Collection Set: 0.1ms
[2025-06-03T15:51:46.592+0530][34.437s] GC(253)   Merge Heap Roots: 0.1ms
[2025-06-03T15:51:46.592+0530][34.437s] GC(253)   Evacuate Collection Set: 0.2ms
[2025-06-03T15:51:46.592+0530][34.437s] GC(253)   Post Evacuate Collection Set: 0.3ms
[2025-06-03T15:51:46.592+0530][34.437s] GC(253)   Other: 0.1ms
[2025-06-03T15:51:46.592+0530][34.437s] GC(253) Eden regions: 306->0(306)
[2025-06-03T15:51:46.592+0530][34.437s] GC(253) Survivor regions: 1->1(39)
[2025-06-03T15:51:46.592+0530][34.437s] GC(253) Old regions: 9->9
[2025-06-03T15:51:46.592+0530][34.437s] GC(253) Archive regions: 2->2
[2025-06-03T15:51:46.592+0530][34.437s] GC(253) Humongous regions: 0->0
[2025-06-03T15:51:46.592+0530][34.437s] GC(253) Metaspace: 20211K(20672K)->20211K(20672K) NonClass: 17630K(17856K)->17630K(17856K) Class: 2580K(2816K)->2580K(2816K)
[2025-06-03T15:51:46.592+0530][34.437s] GC(253) Pause Young (Normal) (G1 Evacuation Pause) 315M->9M(512M) 1.001ms
[2025-06-03T15:51:46.592+0530][34.437s] GC(253) User=0.00s Sys=0.00s Real=0.00s
[2025-06-03T15:51:46.691+0530][34.536s] GC(254) Pause Young (Normal) (G1 Evacuation Pause)
[2025-06-03T15:51:46.691+0530][34.536s] GC(254) Using 8 workers of 8 for evacuation
[2025-06-03T15:51:46.692+0530][34.537s] GC(254) Skipped phase 1 of Reference Processing: no references
[2025-06-03T15:51:46.692+0530][34.537s] GC(254) Skipped phase 2 of Reference Processing: no references
[2025-06-03T15:51:46.692+0530][34.537s] GC(254) Skipped phase 3 of Reference Processing: no references
[2025-06-03T15:51:46.692+0530][34.537s] GC(254) Skipped phase 4 of Reference Processing: no references
[2025-06-03T15:51:46.692+0530][34.537s] GC(254)   Pre Evacuate Collection Set: 0.1ms
[2025-06-03T15:51:46.692+0530][34.537s] GC(254)   Merge Heap Roots: 0.1ms
[2025-06-03T15:51:46.692+0530][34.537s] GC(254)   Evacuate Collection Set: 0.2ms
[2025-06-03T15:51:46.692+0530][34.537s] GC(254)   Post Evacuate Collection Set: 0.3ms
[2025-06-03T15:51:46.692+0530][34.537s] GC(254)   Other: 0.1ms
[2025-06-03T15:51:46.692+0530][34.537s] GC(254) Eden regions: 306->0(306)
[2025-06-03T15:51:46.692+0530][34.537s] GC(254) Survivor regions: 1->1(39)
[2025-06-03T15:51:46.692+0530][34.537s] GC(254) Old regions: 9->9
[2025-06-03T15:51:46.692+0530][34.537s] GC(254) Archive regions: 2->2
[2025-06-03T15:51:46.692+0530][34.537s] GC(254) Humongous regions: 0->0
[2025-06-03T15:51:46.692+0530][34.537s] GC(254) Metaspace: 20211K(20672K)->20211K(20672K) NonClass: 17630K(17856K)->17630K(17856K) Class: 2580K(2816K)->2580K(2816K)
[2025-06-03T15:51:46.692+0530][34.537s] GC(254) Pause Young (Normal) (G1 Evacuation Pause) 315M->9M(512M) 0.966ms
[2025-06-03T15:51:46.692+0530][34.537s] GC(254) User=0.01s Sys=0.00s Real=0.00s
[2025-06-03T15:51:46.818+0530][34.663s] GC(255) Pause Young (Normal) (G1 Evacuation Pause)
[2025-06-03T15:51:46.818+0530][34.663s] GC(255) Using 8 workers of 8 for evacuation
[2025-06-03T15:51:46.818+0530][34.663s] GC(255) Skipped phase 1 of Reference Processing: no references
[2025-06-03T15:51:46.818+0530][34.663s] GC(255) Skipped phase 2 of Reference Processing: no references
[2025-06-03T15:51:46.818+0530][34.663s] GC(255) Skipped phase 3 of Reference Processing: no references
[2025-06-03T15:51:46.818+0530][34.663s] GC(255) Skipped phase 4 of Reference Processing: no references
[2025-06-03T15:51:46.818+0530][34.664s] GC(255)   Pre Evacuate Collection Set: 0.1ms
[2025-06-03T15:51:46.818+0530][34.664s] GC(255)   Merge Heap Roots: 0.1ms
[2025-06-03T15:51:46.818+0530][34.664s] GC(255)   Evacuate Collection Set: 0.2ms
[2025-06-03T15:51:46.818+0530][34.664s] GC(255)   Post Evacuate Collection Set: 0.3ms
[2025-06-03T15:51:46.818+0530][34.664s] GC(255)   Other: 0.1ms
[2025-06-03T15:51:46.818+0530][34.664s] GC(255) Eden regions: 306->0(306)
[2025-06-03T15:51:46.818+0530][34.664s] GC(255) Survivor regions: 1->1(39)
[2025-06-03T15:51:46.818+0530][34.664s] GC(255) Old regions: 9->9
[2025-06-03T15:51:46.818+0530][34.664s] GC(255) Archive regions: 2->2
[2025-06-03T15:51:46.818+0530][34.664s] GC(255) Humongous regions: 0->0
[2025-06-03T15:51:46.818+0530][34.664s] GC(255) Metaspace: 20211K(20672K)->20211K(20672K) NonClass: 17630K(17856K)->17630K(17856K) Class: 2580K(2816K)->2580K(2816K)
[2025-06-03T15:51:46.819+0530][34.664s] GC(255) Pause Young (Normal) (G1 Evacuation Pause) 315M->9M(512M) 0.914ms
[2025-06-03T15:51:46.819+0530][34.664s] GC(255) User=0.01s Sys=0.00s Real=0.00s
[2025-06-03T15:51:46.925+0530][34.770s] GC(256) Pause Young (Normal) (G1 Evacuation Pause)
[2025-06-03T15:51:46.925+0530][34.771s] GC(256) Using 8 workers of 8 for evacuation
[2025-06-03T15:51:46.926+0530][34.771s] GC(256) Skipped phase 1 of Reference Processing: no references
[2025-06-03T15:51:46.926+0530][34.771s] GC(256) Skipped phase 2 of Reference Processing: no references
[2025-06-03T15:51:46.926+0530][34.771s] GC(256) Skipped phase 3 of Reference Processing: no references
[2025-06-03T15:51:46.926+0530][34.771s] GC(256) Skipped phase 4 of Reference Processing: no references
[2025-06-03T15:51:46.926+0530][34.771s] GC(256)   Pre Evacuate Collection Set: 0.1ms
[2025-06-03T15:51:46.926+0530][34.771s] GC(256)   Merge Heap Roots: 0.1ms
[2025-06-03T15:51:46.926+0530][34.771s] GC(256)   Evacuate Collection Set: 0.2ms
[2025-06-03T15:51:46.926+0530][34.771s] GC(256)   Post Evacuate Collection Set: 0.4ms
[2025-06-03T15:51:46.926+0530][34.771s] GC(256)   Other: 0.2ms
[2025-06-03T15:51:46.926+0530][34.771s] GC(256) Eden regions: 306->0(306)
[2025-06-03T15:51:46.926+0530][34.771s] GC(256) Survivor regions: 1->1(39)
[2025-06-03T15:51:46.926+0530][34.771s] GC(256) Old regions: 9->9
[2025-06-03T15:51:46.926+0530][34.771s] GC(256) Archive regions: 2->2
[2025-06-03T15:51:46.926+0530][34.771s] GC(256) Humongous regions: 0->0
[2025-06-03T15:51:46.926+0530][34.771s] GC(256) Metaspace: 20211K(20672K)->20211K(20672K) NonClass: 17630K(17856K)->17630K(17856K) Class: 2580K(2816K)->2580K(2816K)
[2025-06-03T15:51:46.926+0530][34.771s] GC(256) Pause Young (Normal) (G1 Evacuation Pause) 315M->9M(512M) 1.006ms
[2025-06-03T15:51:46.926+0530][34.771s] GC(256) User=0.00s Sys=0.00s Real=0.00s
[2025-06-03T15:51:47.023+0530][34.869s] GC(257) Pause Young (Normal) (G1 Evacuation Pause)
[2025-06-03T15:51:47.023+0530][34.869s] GC(257) Using 8 workers of 8 for evacuation
[2025-06-03T15:51:47.024+0530][34.869s] GC(257) Skipped phase 1 of Reference Processing: no references
[2025-06-03T15:51:47.024+0530][34.869s] GC(257) Skipped phase 2 of Reference Processing: no references
[2025-06-03T15:51:47.024+0530][34.869s] GC(257) Skipped phase 3 of Reference Processing: no references
[2025-06-03T15:51:47.024+0530][34.869s] GC(257) Skipped phase 4 of Reference Processing: no references
[2025-06-03T15:51:47.024+0530][34.869s] GC(257)   Pre Evacuate Collection Set: 0.1ms
[2025-06-03T15:51:47.024+0530][34.869s] GC(257)   Merge Heap Roots: 0.1ms
[2025-06-03T15:51:47.024+0530][34.869s] GC(257)   Evacuate Collection Set: 0.2ms
[2025-06-03T15:51:47.024+0530][34.869s] GC(257)   Post Evacuate Collection Set: 0.3ms
[2025-06-03T15:51:47.024+0530][34.869s] GC(257)   Other: 0.1ms
[2025-06-03T15:51:47.024+0530][34.869s] GC(257) Eden regions: 306->0(306)
[2025-06-03T15:51:47.024+0530][34.869s] GC(257) Survivor regions: 1->1(39)
[2025-06-03T15:51:47.024+0530][34.869s] GC(257) Old regions: 9->9
[2025-06-03T15:51:47.024+0530][34.869s] GC(257) Archive regions: 2->2
[2025-06-03T15:51:47.024+0530][34.869s] GC(257) Humongous regions: 0->0
[2025-06-03T15:51:47.024+0530][34.869s] GC(257) Metaspace: 20211K(20672K)->20211K(20672K) NonClass: 17630K(17856K)->17630K(17856K) Class: 2580K(2816K)->2580K(2816K)
[2025-06-03T15:51:47.024+0530][34.870s] GC(257) Pause Young (Normal) (G1 Evacuation Pause) 315M->9M(512M) 0.888ms
[2025-06-03T15:51:47.024+0530][34.870s] GC(257) User=0.00s Sys=0.00s Real=0.00s
[2025-06-03T15:51:47.122+0530][34.967s] GC(258) Pause Young (Normal) (G1 Evacuation Pause)
[2025-06-03T15:51:47.122+0530][34.967s] GC(258) Using 8 workers of 8 for evacuation
[2025-06-03T15:51:47.123+0530][34.968s] GC(258) Skipped phase 1 of Reference Processing: no references
[2025-06-03T15:51:47.123+0530][34.968s] GC(258) Skipped phase 2 of Reference Processing: no references
[2025-06-03T15:51:47.123+0530][34.968s] GC(258) Skipped phase 3 of Reference Processing: no references
[2025-06-03T15:51:47.123+0530][34.968s] GC(258) Skipped phase 4 of Reference Processing: no references
[2025-06-03T15:51:47.123+0530][34.968s] GC(258)   Pre Evacuate Collection Set: 0.1ms
[2025-06-03T15:51:47.123+0530][34.968s] GC(258)   Merge Heap Roots: 0.1ms
[2025-06-03T15:51:47.123+0530][34.968s] GC(258)   Evacuate Collection Set: 0.2ms
[2025-06-03T15:51:47.123+0530][34.968s] GC(258)   Post Evacuate Collection Set: 0.4ms
[2025-06-03T15:51:47.123+0530][34.968s] GC(258)   Other: 0.2ms
[2025-06-03T15:51:47.123+0530][34.968s] GC(258) Eden regions: 306->0(306)
[2025-06-03T15:51:47.123+0530][34.968s] GC(258) Survivor regions: 1->1(39)
[2025-06-03T15:51:47.123+0530][34.968s] GC(258) Old regions: 9->9
[2025-06-03T15:51:47.123+0530][34.968s] GC(258) Archive regions: 2->2
[2025-06-03T15:51:47.123+0530][34.968s] GC(258) Humongous regions: 0->0
[2025-06-03T15:51:47.123+0530][34.968s] GC(258) Metaspace: 20221K(20736K)->20221K(20736K) NonClass: 17640K(17920K)->17640K(17920K) Class: 2581K(2816K)->2581K(2816K)
[2025-06-03T15:51:47.123+0530][34.969s] GC(258) Pause Young (Normal) (G1 Evacuation Pause) 315M->9M(512M) 1.253ms
[2025-06-03T15:51:47.123+0530][34.969s] GC(258) User=0.00s Sys=0.00s Real=0.00s
[2025-06-03T15:51:47.237+0530][35.082s] GC(259) Pause Young (Normal) (G1 Evacuation Pause)
[2025-06-03T15:51:47.237+0530][35.082s] GC(259) Using 8 workers of 8 for evacuation
[2025-06-03T15:51:47.237+0530][35.082s] GC(259) Skipped phase 1 of Reference Processing: no references
[2025-06-03T15:51:47.237+0530][35.082s] GC(259) Skipped phase 2 of Reference Processing: no references
[2025-06-03T15:51:47.237+0530][35.082s] GC(259) Skipped phase 3 of Reference Processing: no references
[2025-06-03T15:51:47.237+0530][35.082s] GC(259) Skipped phase 4 of Reference Processing: no references
[2025-06-03T15:51:47.238+0530][35.083s] GC(259)   Pre Evacuate Collection Set: 0.1ms
[2025-06-03T15:51:47.238+0530][35.083s] GC(259)   Merge Heap Roots: 0.1ms
[2025-06-03T15:51:47.238+0530][35.083s] GC(259)   Evacuate Collection Set: 0.2ms
[2025-06-03T15:51:47.238+0530][35.083s] GC(259)   Post Evacuate Collection Set: 0.5ms
[2025-06-03T15:51:47.238+0530][35.083s] GC(259)   Other: 0.1ms
[2025-06-03T15:51:47.238+0530][35.083s] GC(259) Eden regions: 306->0(306)
[2025-06-03T15:51:47.238+0530][35.083s] GC(259) Survivor regions: 1->1(39)
[2025-06-03T15:51:47.238+0530][35.083s] GC(259) Old regions: 9->9
[2025-06-03T15:51:47.238+0530][35.083s] GC(259) Archive regions: 2->2
[2025-06-03T15:51:47.238+0530][35.083s] GC(259) Humongous regions: 0->0
[2025-06-03T15:51:47.238+0530][35.083s] GC(259) Metaspace: 20222K(20736K)->20222K(20736K) NonClass: 17641K(17920K)->17641K(17920K) Class: 2581K(2816K)->2581K(2816K)
[2025-06-03T15:51:47.238+0530][35.083s] GC(259) Pause Young (Normal) (G1 Evacuation Pause) 315M->9M(512M) 1.104ms
[2025-06-03T15:51:47.238+0530][35.083s] GC(259) User=0.00s Sys=0.00s Real=0.00s
[2025-06-03T15:51:47.369+0530][35.215s] GC(260) Pause Young (Normal) (G1 Evacuation Pause)
[2025-06-03T15:51:47.369+0530][35.215s] GC(260) Using 8 workers of 8 for evacuation
[2025-06-03T15:51:47.370+0530][35.215s] GC(260) Skipped phase 1 of Reference Processing: no references
[2025-06-03T15:51:47.370+0530][35.215s] GC(260) Skipped phase 2 of Reference Processing: no references
[2025-06-03T15:51:47.370+0530][35.215s] GC(260) Skipped phase 3 of Reference Processing: no references
[2025-06-03T15:51:47.370+0530][35.215s] GC(260) Skipped phase 4 of Reference Processing: no references
[2025-06-03T15:51:47.370+0530][35.215s] GC(260)   Pre Evacuate Collection Set: 0.1ms
[2025-06-03T15:51:47.370+0530][35.215s] GC(260)   Merge Heap Roots: 0.1ms
[2025-06-03T15:51:47.370+0530][35.216s] GC(260)   Evacuate Collection Set: 0.2ms
[2025-06-03T15:51:47.370+0530][35.216s] GC(260)   Post Evacuate Collection Set: 0.3ms
[2025-06-03T15:51:47.370+0530][35.216s] GC(260)   Other: 0.2ms
[2025-06-03T15:51:47.370+0530][35.216s] GC(260) Eden regions: 306->0(306)
[2025-06-03T15:51:47.370+0530][35.216s] GC(260) Survivor regions: 1->1(39)
[2025-06-03T15:51:47.370+0530][35.216s] GC(260) Old regions: 9->9
[2025-06-03T15:51:47.370+0530][35.216s] GC(260) Archive regions: 2->2
[2025-06-03T15:51:47.370+0530][35.216s] GC(260) Humongous regions: 0->0
[2025-06-03T15:51:47.370+0530][35.216s] GC(260) Metaspace: 20222K(20736K)->20222K(20736K) NonClass: 17641K(17920K)->17641K(17920K) Class: 2581K(2816K)->2581K(2816K)
[2025-06-03T15:51:47.370+0530][35.216s] GC(260) Pause Young (Normal) (G1 Evacuation Pause) 315M->9M(512M) 1.074ms
[2025-06-03T15:51:47.370+0530][35.216s] GC(260) User=0.00s Sys=0.00s Real=0.01s
[2025-06-03T15:51:47.479+0530][35.325s] GC(261) Pause Young (Normal) (G1 Evacuation Pause)
[2025-06-03T15:51:47.480+0530][35.325s] GC(261) Using 8 workers of 8 for evacuation
[2025-06-03T15:51:47.480+0530][35.325s] GC(261) Skipped phase 1 of Reference Processing: no references
[2025-06-03T15:51:47.480+0530][35.325s] GC(261) Skipped phase 2 of Reference Processing: no references
[2025-06-03T15:51:47.480+0530][35.325s] GC(261) Skipped phase 3 of Reference Processing: no references
[2025-06-03T15:51:47.480+0530][35.325s] GC(261) Skipped phase 4 of Reference Processing: no references
[2025-06-03T15:51:47.480+0530][35.325s] GC(261)   Pre Evacuate Collection Set: 0.0ms
[2025-06-03T15:51:47.480+0530][35.325s] GC(261)   Merge Heap Roots: 0.1ms
[2025-06-03T15:51:47.480+0530][35.325s] GC(261)   Evacuate Collection Set: 0.1ms
[2025-06-03T15:51:47.480+0530][35.325s] GC(261)   Post Evacuate Collection Set: 0.3ms
[2025-06-03T15:51:47.480+0530][35.325s] GC(261)   Other: 0.1ms
[2025-06-03T15:51:47.480+0530][35.325s] GC(261) Eden regions: 306->0(306)
[2025-06-03T15:51:47.480+0530][35.326s] GC(261) Survivor regions: 1->1(39)
[2025-06-03T15:51:47.480+0530][35.326s] GC(261) Old regions: 9->9
[2025-06-03T15:51:47.480+0530][35.326s] GC(261) Archive regions: 2->2
[2025-06-03T15:51:47.480+0530][35.326s] GC(261) Humongous regions: 0->0
[2025-06-03T15:51:47.480+0530][35.326s] GC(261) Metaspace: 20222K(20736K)->20222K(20736K) NonClass: 17641K(17920K)->17641K(17920K) Class: 2581K(2816K)->2581K(2816K)
[2025-06-03T15:51:47.480+0530][35.326s] GC(261) Pause Young (Normal) (G1 Evacuation Pause) 315M->9M(512M) 0.864ms
[2025-06-03T15:51:47.480+0530][35.326s] GC(261) User=0.00s Sys=0.00s Real=0.01s
[2025-06-03T15:51:47.580+0530][35.425s] GC(262) Pause Young (Normal) (G1 Evacuation Pause)
[2025-06-03T15:51:47.580+0530][35.425s] GC(262) Using 8 workers of 8 for evacuation
[2025-06-03T15:51:47.580+0530][35.426s] GC(262) Skipped phase 1 of Reference Processing: no references
[2025-06-03T15:51:47.580+0530][35.426s] GC(262) Skipped phase 2 of Reference Processing: no references
[2025-06-03T15:51:47.580+0530][35.426s] GC(262) Skipped phase 3 of Reference Processing: no references
[2025-06-03T15:51:47.580+0530][35.426s] GC(262) Skipped phase 4 of Reference Processing: no references
[2025-06-03T15:51:47.581+0530][35.426s] GC(262)   Pre Evacuate Collection Set: 0.1ms
[2025-06-03T15:51:47.581+0530][35.426s] GC(262)   Merge Heap Roots: 0.1ms
[2025-06-03T15:51:47.581+0530][35.426s] GC(262)   Evacuate Collection Set: 0.2ms
[2025-06-03T15:51:47.581+0530][35.426s] GC(262)   Post Evacuate Collection Set: 0.3ms
[2025-06-03T15:51:47.581+0530][35.426s] GC(262)   Other: 0.1ms
[2025-06-03T15:51:47.581+0530][35.426s] GC(262) Eden regions: 306->0(306)
[2025-06-03T15:51:47.581+0530][35.426s] GC(262) Survivor regions: 1->1(39)
[2025-06-03T15:51:47.581+0530][35.426s] GC(262) Old regions: 9->9
[2025-06-03T15:51:47.581+0530][35.426s] GC(262) Archive regions: 2->2
[2025-06-03T15:51:47.581+0530][35.426s] GC(262) Humongous regions: 0->0
[2025-06-03T15:51:47.581+0530][35.426s] GC(262) Metaspace: 20222K(20736K)->20222K(20736K) NonClass: 17641K(17920K)->17641K(17920K) Class: 2581K(2816K)->2581K(2816K)
[2025-06-03T15:51:47.581+0530][35.426s] GC(262) Pause Young (Normal) (G1 Evacuation Pause) 315M->9M(512M) 0.904ms
[2025-06-03T15:51:47.581+0530][35.426s] GC(262) User=0.00s Sys=0.00s Real=0.00s
[2025-06-03T15:51:47.679+0530][35.524s] GC(263) Pause Young (Normal) (G1 Evacuation Pause)
[2025-06-03T15:51:47.679+0530][35.525s] GC(263) Using 8 workers of 8 for evacuation
[2025-06-03T15:51:47.680+0530][35.525s] GC(263) Skipped phase 1 of Reference Processing: no references
[2025-06-03T15:51:47.680+0530][35.525s] GC(263) Skipped phase 2 of Reference Processing: no references
[2025-06-03T15:51:47.680+0530][35.525s] GC(263) Skipped phase 3 of Reference Processing: no references
[2025-06-03T15:51:47.680+0530][35.525s] GC(263) Skipped phase 4 of Reference Processing: no references
[2025-06-03T15:51:47.680+0530][35.525s] GC(263)   Pre Evacuate Collection Set: 0.1ms
[2025-06-03T15:51:47.680+0530][35.525s] GC(263)   Merge Heap Roots: 0.0ms
[2025-06-03T15:51:47.680+0530][35.525s] GC(263)   Evacuate Collection Set: 0.2ms
[2025-06-03T15:51:47.680+0530][35.525s] GC(263)   Post Evacuate Collection Set: 0.4ms
[2025-06-03T15:51:47.680+0530][35.525s] GC(263)   Other: 0.1ms
[2025-06-03T15:51:47.680+0530][35.525s] GC(263) Eden regions: 306->0(306)
[2025-06-03T15:51:47.680+0530][35.525s] GC(263) Survivor regions: 1->1(39)
[2025-06-03T15:51:47.680+0530][35.525s] GC(263) Old regions: 9->9
[2025-06-03T15:51:47.680+0530][35.525s] GC(263) Archive regions: 2->2
[2025-06-03T15:51:47.680+0530][35.525s] GC(263) Humongous regions: 0->0
[2025-06-03T15:51:47.680+0530][35.525s] GC(263) Metaspace: 20222K(20736K)->20222K(20736K) NonClass: 17641K(17920K)->17641K(17920K) Class: 2581K(2816K)->2581K(2816K)
[2025-06-03T15:51:47.680+0530][35.525s] GC(263) Pause Young (Normal) (G1 Evacuation Pause) 315M->9M(512M) 0.888ms
[2025-06-03T15:51:47.680+0530][35.525s] GC(263) User=0.01s Sys=0.00s Real=0.01s
[2025-06-03T15:51:47.780+0530][35.625s] GC(264) Pause Young (Normal) (G1 Evacuation Pause)
[2025-06-03T15:51:47.780+0530][35.625s] GC(264) Using 8 workers of 8 for evacuation
[2025-06-03T15:51:47.780+0530][35.626s] GC(264) Skipped phase 1 of Reference Processing: no references
[2025-06-03T15:51:47.781+0530][35.626s] GC(264) Skipped phase 2 of Reference Processing: no references
[2025-06-03T15:51:47.781+0530][35.626s] GC(264) Skipped phase 3 of Reference Processing: no references
[2025-06-03T15:51:47.781+0530][35.626s] GC(264) Skipped phase 4 of Reference Processing: no references
[2025-06-03T15:51:47.781+0530][35.626s] GC(264)   Pre Evacuate Collection Set: 0.1ms
[2025-06-03T15:51:47.781+0530][35.626s] GC(264)   Merge Heap Roots: 0.1ms
[2025-06-03T15:51:47.781+0530][35.626s] GC(264)   Evacuate Collection Set: 0.3ms
[2025-06-03T15:51:47.781+0530][35.626s] GC(264)   Post Evacuate Collection Set: 0.5ms
[2025-06-03T15:51:47.781+0530][35.626s] GC(264)   Other: 0.2ms
[2025-06-03T15:51:47.781+0530][35.626s] GC(264) Eden regions: 306->0(306)
[2025-06-03T15:51:47.781+0530][35.626s] GC(264) Survivor regions: 1->1(39)
[2025-06-03T15:51:47.781+0530][35.626s] GC(264) Old regions: 9->9
[2025-06-03T15:51:47.781+0530][35.626s] GC(264) Archive regions: 2->2
[2025-06-03T15:51:47.781+0530][35.626s] GC(264) Humongous regions: 0->0
[2025-06-03T15:51:47.781+0530][35.626s] GC(264) Metaspace: 20222K(20736K)->20222K(20736K) NonClass: 17641K(17920K)->17641K(17920K) Class: 2581K(2816K)->2581K(2816K)
[2025-06-03T15:51:47.781+0530][35.626s] GC(264) Pause Young (Normal) (G1 Evacuation Pause) 315M->9M(512M) 1.215ms
[2025-06-03T15:51:47.781+0530][35.626s] GC(264) User=0.00s Sys=0.00s Real=0.00s
[2025-06-03T15:51:47.880+0530][35.725s] GC(265) Pause Young (Normal) (G1 Evacuation Pause)
[2025-06-03T15:51:47.880+0530][35.725s] GC(265) Using 8 workers of 8 for evacuation
[2025-06-03T15:51:47.880+0530][35.725s] GC(265) Skipped phase 1 of Reference Processing: no references
[2025-06-03T15:51:47.880+0530][35.725s] GC(265) Skipped phase 2 of Reference Processing: no references
[2025-06-03T15:51:47.880+0530][35.725s] GC(265) Skipped phase 3 of Reference Processing: no references
[2025-06-03T15:51:47.880+0530][35.725s] GC(265) Skipped phase 4 of Reference Processing: no references
[2025-06-03T15:51:47.880+0530][35.726s] GC(265)   Pre Evacuate Collection Set: 0.0ms
[2025-06-03T15:51:47.881+0530][35.726s] GC(265)   Merge Heap Roots: 0.1ms
[2025-06-03T15:51:47.881+0530][35.726s] GC(265)   Evacuate Collection Set: 0.2ms
[2025-06-03T15:51:47.881+0530][35.726s] GC(265)   Post Evacuate Collection Set: 0.3ms
[2025-06-03T15:51:47.881+0530][35.726s] GC(265)   Other: 0.1ms
[2025-06-03T15:51:47.881+0530][35.726s] GC(265) Eden regions: 306->0(306)
[2025-06-03T15:51:47.881+0530][35.726s] GC(265) Survivor regions: 1->1(39)
[2025-06-03T15:51:47.881+0530][35.726s] GC(265) Old regions: 9->9
[2025-06-03T15:51:47.881+0530][35.726s] GC(265) Archive regions: 2->2
[2025-06-03T15:51:47.881+0530][35.726s] GC(265) Humongous regions: 0->0
[2025-06-03T15:51:47.881+0530][35.726s] GC(265) Metaspace: 20222K(20736K)->20222K(20736K) NonClass: 17641K(17920K)->17641K(17920K) Class: 2581K(2816K)->2581K(2816K)
[2025-06-03T15:51:47.881+0530][35.726s] GC(265) Pause Young (Normal) (G1 Evacuation Pause) 315M->9M(512M) 0.979ms
[2025-06-03T15:51:47.881+0530][35.726s] GC(265) User=0.00s Sys=0.00s Real=0.00s
[2025-06-03T15:51:47.977+0530][35.823s] GC(266) Pause Young (Normal) (G1 Evacuation Pause)
[2025-06-03T15:51:47.977+0530][35.823s] GC(266) Using 8 workers of 8 for evacuation
[2025-06-03T15:51:47.978+0530][35.823s] GC(266) Skipped phase 1 of Reference Processing: no references
[2025-06-03T15:51:47.978+0530][35.823s] GC(266) Skipped phase 2 of Reference Processing: no references
[2025-06-03T15:51:47.978+0530][35.823s] GC(266) Skipped phase 3 of Reference Processing: no references
[2025-06-03T15:51:47.978+0530][35.823s] GC(266) Skipped phase 4 of Reference Processing: no references
[2025-06-03T15:51:47.978+0530][35.823s] GC(266)   Pre Evacuate Collection Set: 0.1ms
[2025-06-03T15:51:47.978+0530][35.823s] GC(266)   Merge Heap Roots: 0.1ms
[2025-06-03T15:51:47.978+0530][35.823s] GC(266)   Evacuate Collection Set: 0.2ms
[2025-06-03T15:51:47.978+0530][35.823s] GC(266)   Post Evacuate Collection Set: 0.3ms
[2025-06-03T15:51:47.978+0530][35.823s] GC(266)   Other: 0.1ms
[2025-06-03T15:51:47.978+0530][35.823s] GC(266) Eden regions: 306->0(306)
[2025-06-03T15:51:47.978+0530][35.823s] GC(266) Survivor regions: 1->1(39)
[2025-06-03T15:51:47.978+0530][35.823s] GC(266) Old regions: 9->9
[2025-06-03T15:51:47.978+0530][35.823s] GC(266) Archive regions: 2->2
[2025-06-03T15:51:47.978+0530][35.823s] GC(266) Humongous regions: 0->0
[2025-06-03T15:51:47.978+0530][35.823s] GC(266) Metaspace: 20222K(20736K)->20222K(20736K) NonClass: 17641K(17920K)->17641K(17920K) Class: 2581K(2816K)->2581K(2816K)
[2025-06-03T15:51:47.978+0530][35.823s] GC(266) Pause Young (Normal) (G1 Evacuation Pause) 315M->9M(512M) 0.910ms
[2025-06-03T15:51:47.978+0530][35.823s] GC(266) User=0.00s Sys=0.00s Real=0.00s
[2025-06-03T15:51:48.075+0530][35.920s] GC(267) Pause Young (Normal) (G1 Evacuation Pause)
[2025-06-03T15:51:48.075+0530][35.920s] GC(267) Using 8 workers of 8 for evacuation
[2025-06-03T15:51:48.075+0530][35.920s] GC(267) Skipped phase 1 of Reference Processing: no references
[2025-06-03T15:51:48.075+0530][35.920s] GC(267) Skipped phase 2 of Reference Processing: no references
[2025-06-03T15:51:48.075+0530][35.920s] GC(267) Skipped phase 3 of Reference Processing: no references
[2025-06-03T15:51:48.075+0530][35.920s] GC(267) Skipped phase 4 of Reference Processing: no references
[2025-06-03T15:51:48.075+0530][35.921s] GC(267)   Pre Evacuate Collection Set: 0.1ms
[2025-06-03T15:51:48.075+0530][35.921s] GC(267)   Merge Heap Roots: 0.1ms
[2025-06-03T15:51:48.075+0530][35.921s] GC(267)   Evacuate Collection Set: 0.2ms
[2025-06-03T15:51:48.075+0530][35.921s] GC(267)   Post Evacuate Collection Set: 0.3ms
[2025-06-03T15:51:48.075+0530][35.921s] GC(267)   Other: 0.1ms
[2025-06-03T15:51:48.075+0530][35.921s] GC(267) Eden regions: 306->0(306)
[2025-06-03T15:51:48.075+0530][35.921s] GC(267) Survivor regions: 1->1(39)
[2025-06-03T15:51:48.075+0530][35.921s] GC(267) Old regions: 9->9
[2025-06-03T15:51:48.075+0530][35.921s] GC(267) Archive regions: 2->2
[2025-06-03T15:51:48.075+0530][35.921s] GC(267) Humongous regions: 0->0
[2025-06-03T15:51:48.075+0530][35.921s] GC(267) Metaspace: 20222K(20736K)->20222K(20736K) NonClass: 17641K(17920K)->17641K(17920K) Class: 2581K(2816K)->2581K(2816K)
[2025-06-03T15:51:48.075+0530][35.921s] GC(267) Pause Young (Normal) (G1 Evacuation Pause) 315M->9M(512M) 0.921ms
[2025-06-03T15:51:48.075+0530][35.921s] GC(267) User=0.00s Sys=0.00s Real=0.00s
[2025-06-03T15:51:48.183+0530][36.028s] GC(268) Pause Young (Normal) (G1 Evacuation Pause)
[2025-06-03T15:51:48.183+0530][36.028s] GC(268) Using 8 workers of 8 for evacuation
[2025-06-03T15:51:48.183+0530][36.028s] GC(268) Skipped phase 1 of Reference Processing: no references
[2025-06-03T15:51:48.183+0530][36.028s] GC(268) Skipped phase 2 of Reference Processing: no references
[2025-06-03T15:51:48.183+0530][36.028s] GC(268) Skipped phase 3 of Reference Processing: no references
[2025-06-03T15:51:48.183+0530][36.028s] GC(268) Skipped phase 4 of Reference Processing: no references
[2025-06-03T15:51:48.183+0530][36.029s] GC(268)   Pre Evacuate Collection Set: 0.1ms
[2025-06-03T15:51:48.184+0530][36.029s] GC(268)   Merge Heap Roots: 0.0ms
[2025-06-03T15:51:48.184+0530][36.029s] GC(268)   Evacuate Collection Set: 0.2ms
[2025-06-03T15:51:48.184+0530][36.029s] GC(268)   Post Evacuate Collection Set: 0.4ms
[2025-06-03T15:51:48.184+0530][36.029s] GC(268)   Other: 0.1ms
[2025-06-03T15:51:48.184+0530][36.029s] GC(268) Eden regions: 306->0(306)
[2025-06-03T15:51:48.184+0530][36.029s] GC(268) Survivor regions: 1->1(39)
[2025-06-03T15:51:48.184+0530][36.029s] GC(268) Old regions: 9->9
[2025-06-03T15:51:48.184+0530][36.029s] GC(268) Archive regions: 2->2
[2025-06-03T15:51:48.184+0530][36.029s] GC(268) Humongous regions: 0->0
[2025-06-03T15:51:48.184+0530][36.029s] GC(268) Metaspace: 20226K(20736K)->20226K(20736K) NonClass: 17644K(17920K)->17644K(17920K) Class: 2581K(2816K)->2581K(2816K)
[2025-06-03T15:51:48.184+0530][36.029s] GC(268) Pause Young (Normal) (G1 Evacuation Pause) 315M->9M(512M) 0.955ms
[2025-06-03T15:51:48.184+0530][36.029s] GC(268) User=0.00s Sys=0.00s Real=0.00s
[2025-06-03T15:51:48.282+0530][36.128s] GC(269) Pause Young (Normal) (G1 Evacuation Pause)
[2025-06-03T15:51:48.282+0530][36.128s] GC(269) Using 8 workers of 8 for evacuation
[2025-06-03T15:51:48.283+0530][36.128s] GC(269) Skipped phase 1 of Reference Processing: no references
[2025-06-03T15:51:48.283+0530][36.128s] GC(269) Skipped phase 2 of Reference Processing: no references
[2025-06-03T15:51:48.283+0530][36.128s] GC(269) Skipped phase 3 of Reference Processing: no references
[2025-06-03T15:51:48.283+0530][36.128s] GC(269) Skipped phase 4 of Reference Processing: no references
[2025-06-03T15:51:48.283+0530][36.128s] GC(269)   Pre Evacuate Collection Set: 0.1ms
[2025-06-03T15:51:48.283+0530][36.128s] GC(269)   Merge Heap Roots: 0.1ms
[2025-06-03T15:51:48.283+0530][36.128s] GC(269)   Evacuate Collection Set: 0.2ms
[2025-06-03T15:51:48.283+0530][36.128s] GC(269)   Post Evacuate Collection Set: 0.3ms
[2025-06-03T15:51:48.283+0530][36.128s] GC(269)   Other: 0.2ms
[2025-06-03T15:51:48.283+0530][36.128s] GC(269) Eden regions: 306->0(306)
[2025-06-03T15:51:48.283+0530][36.128s] GC(269) Survivor regions: 1->1(39)
[2025-06-03T15:51:48.283+0530][36.128s] GC(269) Old regions: 9->9
[2025-06-03T15:51:48.283+0530][36.128s] GC(269) Archive regions: 2->2
[2025-06-03T15:51:48.283+0530][36.128s] GC(269) Humongous regions: 0->0
[2025-06-03T15:51:48.283+0530][36.128s] GC(269) Metaspace: 20226K(20736K)->20226K(20736K) NonClass: 17644K(17920K)->17644K(17920K) Class: 2581K(2816K)->2581K(2816K)
[2025-06-03T15:51:48.283+0530][36.128s] GC(269) Pause Young (Normal) (G1 Evacuation Pause) 315M->9M(512M) 0.909ms
[2025-06-03T15:51:48.283+0530][36.129s] GC(269) User=0.00s Sys=0.00s Real=0.00s
[2025-06-03T15:51:48.381+0530][36.226s] GC(270) Pause Young (Normal) (G1 Evacuation Pause)
[2025-06-03T15:51:48.381+0530][36.226s] GC(270) Using 8 workers of 8 for evacuation
[2025-06-03T15:51:48.381+0530][36.226s] GC(270) Skipped phase 1 of Reference Processing: no references
[2025-06-03T15:51:48.381+0530][36.226s] GC(270) Skipped phase 2 of Reference Processing: no references
[2025-06-03T15:51:48.381+0530][36.226s] GC(270) Skipped phase 3 of Reference Processing: no references
[2025-06-03T15:51:48.381+0530][36.226s] GC(270) Skipped phase 4 of Reference Processing: no references
[2025-06-03T15:51:48.381+0530][36.227s] GC(270)   Pre Evacuate Collection Set: 0.1ms
[2025-06-03T15:51:48.381+0530][36.227s] GC(270)   Merge Heap Roots: 0.1ms
[2025-06-03T15:51:48.381+0530][36.227s] GC(270)   Evacuate Collection Set: 0.2ms
[2025-06-03T15:51:48.381+0530][36.227s] GC(270)   Post Evacuate Collection Set: 0.4ms
[2025-06-03T15:51:48.381+0530][36.227s] GC(270)   Other: 0.1ms
[2025-06-03T15:51:48.381+0530][36.227s] GC(270) Eden regions: 306->0(306)
[2025-06-03T15:51:48.381+0530][36.227s] GC(270) Survivor regions: 1->1(39)
[2025-06-03T15:51:48.382+0530][36.227s] GC(270) Old regions: 9->9
[2025-06-03T15:51:48.382+0530][36.227s] GC(270) Archive regions: 2->2
[2025-06-03T15:51:48.382+0530][36.227s] GC(270) Humongous regions: 0->0
[2025-06-03T15:51:48.382+0530][36.227s] GC(270) Metaspace: 20226K(20736K)->20226K(20736K) NonClass: 17644K(17920K)->17644K(17920K) Class: 2581K(2816K)->2581K(2816K)
[2025-06-03T15:51:48.382+0530][36.227s] GC(270) Pause Young (Normal) (G1 Evacuation Pause) 315M->9M(512M) 1.040ms
[2025-06-03T15:51:48.382+0530][36.227s] GC(270) User=0.01s Sys=0.01s Real=0.00s
[2025-06-03T15:51:48.478+0530][36.323s] GC(271) Pause Young (Normal) (G1 Evacuation Pause)
[2025-06-03T15:51:48.478+0530][36.323s] GC(271) Using 8 workers of 8 for evacuation
[2025-06-03T15:51:48.479+0530][36.324s] GC(271) Skipped phase 1 of Reference Processing: no references
[2025-06-03T15:51:48.479+0530][36.324s] GC(271) Skipped phase 2 of Reference Processing: no references
[2025-06-03T15:51:48.479+0530][36.324s] GC(271) Skipped phase 3 of Reference Processing: no references
[2025-06-03T15:51:48.479+0530][36.324s] GC(271) Skipped phase 4 of Reference Processing: no references
[2025-06-03T15:51:48.479+0530][36.324s] GC(271)   Pre Evacuate Collection Set: 0.1ms
[2025-06-03T15:51:48.479+0530][36.324s] GC(271)   Merge Heap Roots: 0.1ms
[2025-06-03T15:51:48.479+0530][36.324s] GC(271)   Evacuate Collection Set: 0.2ms
[2025-06-03T15:51:48.479+0530][36.324s] GC(271)   Post Evacuate Collection Set: 0.3ms
[2025-06-03T15:51:48.479+0530][36.324s] GC(271)   Other: 0.2ms
[2025-06-03T15:51:48.479+0530][36.324s] GC(271) Eden regions: 306->0(306)
[2025-06-03T15:51:48.479+0530][36.324s] GC(271) Survivor regions: 1->1(39)
[2025-06-03T15:51:48.479+0530][36.324s] GC(271) Old regions: 9->9
[2025-06-03T15:51:48.479+0530][36.324s] GC(271) Archive regions: 2->2
[2025-06-03T15:51:48.479+0530][36.324s] GC(271) Humongous regions: 0->0
[2025-06-03T15:51:48.479+0530][36.324s] GC(271) Metaspace: 20226K(20736K)->20226K(20736K) NonClass: 17644K(17920K)->17644K(17920K) Class: 2581K(2816K)->2581K(2816K)
[2025-06-03T15:51:48.479+0530][36.324s] GC(271) Pause Young (Normal) (G1 Evacuation Pause) 315M->9M(512M) 0.903ms
[2025-06-03T15:51:48.479+0530][36.324s] GC(271) User=0.00s Sys=0.00s Real=0.00s
[2025-06-03T15:51:48.578+0530][36.423s] GC(272) Pause Young (Normal) (G1 Evacuation Pause)
[2025-06-03T15:51:48.578+0530][36.423s] GC(272) Using 8 workers of 8 for evacuation
[2025-06-03T15:51:48.578+0530][36.424s] GC(272) Skipped phase 1 of Reference Processing: no references
[2025-06-03T15:51:48.579+0530][36.424s] GC(272) Skipped phase 2 of Reference Processing: no references
[2025-06-03T15:51:48.579+0530][36.424s] GC(272) Skipped phase 3 of Reference Processing: no references
[2025-06-03T15:51:48.579+0530][36.424s] GC(272) Skipped phase 4 of Reference Processing: no references
[2025-06-03T15:51:48.579+0530][36.424s] GC(272)   Pre Evacuate Collection Set: 0.0ms
[2025-06-03T15:51:48.579+0530][36.424s] GC(272)   Merge Heap Roots: 0.0ms
[2025-06-03T15:51:48.579+0530][36.424s] GC(272)   Evacuate Collection Set: 0.2ms
[2025-06-03T15:51:48.579+0530][36.424s] GC(272)   Post Evacuate Collection Set: 0.3ms
[2025-06-03T15:51:48.579+0530][36.424s] GC(272)   Other: 0.1ms
[2025-06-03T15:51:48.579+0530][36.424s] GC(272) Eden regions: 306->0(306)
[2025-06-03T15:51:48.579+0530][36.424s] GC(272) Survivor regions: 1->1(39)
[2025-06-03T15:51:48.579+0530][36.424s] GC(272) Old regions: 9->9
[2025-06-03T15:51:48.579+0530][36.424s] GC(272) Archive regions: 2->2
[2025-06-03T15:51:48.579+0530][36.424s] GC(272) Humongous regions: 0->0
[2025-06-03T15:51:48.579+0530][36.424s] GC(272) Metaspace: 20226K(20736K)->20226K(20736K) NonClass: 17644K(17920K)->17644K(17920K) Class: 2581K(2816K)->2581K(2816K)
[2025-06-03T15:51:48.579+0530][36.424s] GC(272) Pause Young (Normal) (G1 Evacuation Pause) 315M->9M(512M) 0.872ms
[2025-06-03T15:51:48.579+0530][36.424s] GC(272) User=0.00s Sys=0.00s Real=0.00s
[2025-06-03T15:51:48.677+0530][36.522s] GC(273) Pause Young (Normal) (G1 Evacuation Pause)
[2025-06-03T15:51:48.677+0530][36.522s] GC(273) Using 8 workers of 8 for evacuation
[2025-06-03T15:51:48.677+0530][36.522s] GC(273) Skipped phase 1 of Reference Processing: no references
[2025-06-03T15:51:48.677+0530][36.522s] GC(273) Skipped phase 2 of Reference Processing: no references
[2025-06-03T15:51:48.677+0530][36.522s] GC(273) Skipped phase 3 of Reference Processing: no references
[2025-06-03T15:51:48.677+0530][36.522s] GC(273) Skipped phase 4 of Reference Processing: no references
[2025-06-03T15:51:48.677+0530][36.523s] GC(273)   Pre Evacuate Collection Set: 0.1ms
[2025-06-03T15:51:48.677+0530][36.523s] GC(273)   Merge Heap Roots: 0.0ms
[2025-06-03T15:51:48.677+0530][36.523s] GC(273)   Evacuate Collection Set: 0.2ms
[2025-06-03T15:51:48.677+0530][36.523s] GC(273)   Post Evacuate Collection Set: 0.3ms
[2025-06-03T15:51:48.677+0530][36.523s] GC(273)   Other: 0.1ms
[2025-06-03T15:51:48.677+0530][36.523s] GC(273) Eden regions: 306->0(306)
[2025-06-03T15:51:48.677+0530][36.523s] GC(273) Survivor regions: 1->1(39)
[2025-06-03T15:51:48.677+0530][36.523s] GC(273) Old regions: 9->9
[2025-06-03T15:51:48.677+0530][36.523s] GC(273) Archive regions: 2->2
[2025-06-03T15:51:48.677+0530][36.523s] GC(273) Humongous regions: 0->0
[2025-06-03T15:51:48.678+0530][36.523s] GC(273) Metaspace: 20226K(20736K)->20226K(20736K) NonClass: 17644K(17920K)->17644K(17920K) Class: 2581K(2816K)->2581K(2816K)
[2025-06-03T15:51:48.678+0530][36.523s] GC(273) Pause Young (Normal) (G1 Evacuation Pause) 315M->9M(512M) 0.926ms
[2025-06-03T15:51:48.678+0530][36.523s] GC(273) User=0.00s Sys=0.00s Real=0.00s
[2025-06-03T15:51:48.776+0530][36.622s] GC(274) Pause Young (Normal) (G1 Evacuation Pause)
[2025-06-03T15:51:48.776+0530][36.622s] GC(274) Using 8 workers of 8 for evacuation
[2025-06-03T15:51:48.777+0530][36.622s] GC(274) Skipped phase 1 of Reference Processing: no references
[2025-06-03T15:51:48.777+0530][36.622s] GC(274) Skipped phase 2 of Reference Processing: no references
[2025-06-03T15:51:48.777+0530][36.622s] GC(274) Skipped phase 3 of Reference Processing: no references
[2025-06-03T15:51:48.777+0530][36.622s] GC(274) Skipped phase 4 of Reference Processing: no references
[2025-06-03T15:51:48.777+0530][36.623s] GC(274)   Pre Evacuate Collection Set: 0.1ms
[2025-06-03T15:51:48.777+0530][36.623s] GC(274)   Merge Heap Roots: 0.1ms
[2025-06-03T15:51:48.777+0530][36.623s] GC(274)   Evacuate Collection Set: 0.2ms
[2025-06-03T15:51:48.777+0530][36.623s] GC(274)   Post Evacuate Collection Set: 0.4ms
[2025-06-03T15:51:48.777+0530][36.623s] GC(274)   Other: 0.2ms
[2025-06-03T15:51:48.777+0530][36.623s] GC(274) Eden regions: 306->0(306)
[2025-06-03T15:51:48.777+0530][36.623s] GC(274) Survivor regions: 1->1(39)
[2025-06-03T15:51:48.777+0530][36.623s] GC(274) Old regions: 9->9
[2025-06-03T15:51:48.777+0530][36.623s] GC(274) Archive regions: 2->2
[2025-06-03T15:51:48.777+0530][36.623s] GC(274) Humongous regions: 0->0
[2025-06-03T15:51:48.777+0530][36.623s] GC(274) Metaspace: 20226K(20736K)->20226K(20736K) NonClass: 17644K(17920K)->17644K(17920K) Class: 2581K(2816K)->2581K(2816K)
[2025-06-03T15:51:48.777+0530][36.623s] GC(274) Pause Young (Normal) (G1 Evacuation Pause) 315M->9M(512M) 1.193ms
[2025-06-03T15:51:48.777+0530][36.623s] GC(274) User=0.00s Sys=0.01s Real=0.00s
[2025-06-03T15:51:48.873+0530][36.719s] GC(275) Pause Young (Normal) (G1 Evacuation Pause)
[2025-06-03T15:51:48.873+0530][36.719s] GC(275) Using 8 workers of 8 for evacuation
[2025-06-03T15:51:48.874+0530][36.719s] GC(275) Skipped phase 1 of Reference Processing: no references
[2025-06-03T15:51:48.874+0530][36.719s] GC(275) Skipped phase 2 of Reference Processing: no references
[2025-06-03T15:51:48.874+0530][36.719s] GC(275) Skipped phase 3 of Reference Processing: no references
[2025-06-03T15:51:48.874+0530][36.719s] GC(275) Skipped phase 4 of Reference Processing: no references
[2025-06-03T15:51:48.874+0530][36.719s] GC(275)   Pre Evacuate Collection Set: 0.0ms
[2025-06-03T15:51:48.874+0530][36.719s] GC(275)   Merge Heap Roots: 0.1ms
[2025-06-03T15:51:48.874+0530][36.719s] GC(275)   Evacuate Collection Set: 0.2ms
[2025-06-03T15:51:48.874+0530][36.719s] GC(275)   Post Evacuate Collection Set: 0.3ms
[2025-06-03T15:51:48.874+0530][36.720s] GC(275)   Other: 0.1ms
[2025-06-03T15:51:48.874+0530][36.720s] GC(275) Eden regions: 306->0(306)
[2025-06-03T15:51:48.874+0530][36.720s] GC(275) Survivor regions: 1->1(39)
[2025-06-03T15:51:48.874+0530][36.720s] GC(275) Old regions: 9->9
[2025-06-03T15:51:48.874+0530][36.720s] GC(275) Archive regions: 2->2
[2025-06-03T15:51:48.874+0530][36.720s] GC(275) Humongous regions: 0->0
[2025-06-03T15:51:48.874+0530][36.720s] GC(275) Metaspace: 20226K(20736K)->20226K(20736K) NonClass: 17644K(17920K)->17644K(17920K) Class: 2581K(2816K)->2581K(2816K)
[2025-06-03T15:51:48.874+0530][36.720s] GC(275) Pause Young (Normal) (G1 Evacuation Pause) 315M->9M(512M) 0.947ms
[2025-06-03T15:51:48.874+0530][36.720s] GC(275) User=0.01s Sys=0.00s Real=0.00s
[2025-06-03T15:51:48.971+0530][36.817s] GC(276) Pause Young (Normal) (G1 Evacuation Pause)
[2025-06-03T15:51:48.971+0530][36.817s] GC(276) Using 8 workers of 8 for evacuation
[2025-06-03T15:51:48.972+0530][36.817s] GC(276) Skipped phase 1 of Reference Processing: no references
[2025-06-03T15:51:48.972+0530][36.817s] GC(276) Skipped phase 2 of Reference Processing: no references
[2025-06-03T15:51:48.972+0530][36.817s] GC(276) Skipped phase 3 of Reference Processing: no references
[2025-06-03T15:51:48.972+0530][36.817s] GC(276) Skipped phase 4 of Reference Processing: no references
[2025-06-03T15:51:48.972+0530][36.817s] GC(276)   Pre Evacuate Collection Set: 0.1ms
[2025-06-03T15:51:48.972+0530][36.817s] GC(276)   Merge Heap Roots: 0.1ms
[2025-06-03T15:51:48.972+0530][36.817s] GC(276)   Evacuate Collection Set: 0.1ms
[2025-06-03T15:51:48.972+0530][36.817s] GC(276)   Post Evacuate Collection Set: 0.3ms
[2025-06-03T15:51:48.972+0530][36.817s] GC(276)   Other: 0.1ms
[2025-06-03T15:51:48.972+0530][36.817s] GC(276) Eden regions: 306->0(306)
[2025-06-03T15:51:48.972+0530][36.817s] GC(276) Survivor regions: 1->1(39)
[2025-06-03T15:51:48.972+0530][36.817s] GC(276) Old regions: 9->9
[2025-06-03T15:51:48.972+0530][36.817s] GC(276) Archive regions: 2->2
[2025-06-03T15:51:48.972+0530][36.817s] GC(276) Humongous regions: 0->0
[2025-06-03T15:51:48.972+0530][36.817s] GC(276) Metaspace: 20226K(20736K)->20226K(20736K) NonClass: 17644K(17920K)->17644K(17920K) Class: 2581K(2816K)->2581K(2816K)
[2025-06-03T15:51:48.972+0530][36.817s] GC(276) Pause Young (Normal) (G1 Evacuation Pause) 315M->9M(512M) 0.848ms
[2025-06-03T15:51:48.972+0530][36.817s] GC(276) User=0.00s Sys=0.00s Real=0.00s
[2025-06-03T15:51:49.068+0530][36.913s] GC(277) Pause Young (Normal) (G1 Evacuation Pause)
[2025-06-03T15:51:49.068+0530][36.913s] GC(277) Using 8 workers of 8 for evacuation
[2025-06-03T15:51:49.069+0530][36.914s] GC(277) Skipped phase 1 of Reference Processing: no references
[2025-06-03T15:51:49.069+0530][36.914s] GC(277) Skipped phase 2 of Reference Processing: no references
[2025-06-03T15:51:49.069+0530][36.914s] GC(277) Skipped phase 3 of Reference Processing: no references
[2025-06-03T15:51:49.069+0530][36.914s] GC(277) Skipped phase 4 of Reference Processing: no references
[2025-06-03T15:51:49.069+0530][36.914s] GC(277)   Pre Evacuate Collection Set: 0.1ms
[2025-06-03T15:51:49.069+0530][36.914s] GC(277)   Merge Heap Roots: 0.1ms
[2025-06-03T15:51:49.069+0530][36.914s] GC(277)   Evacuate Collection Set: 0.2ms
[2025-06-03T15:51:49.069+0530][36.914s] GC(277)   Post Evacuate Collection Set: 0.3ms
[2025-06-03T15:51:49.069+0530][36.914s] GC(277)   Other: 0.1ms
[2025-06-03T15:51:49.069+0530][36.914s] GC(277) Eden regions: 306->0(306)
[2025-06-03T15:51:49.069+0530][36.914s] GC(277) Survivor regions: 1->1(39)
[2025-06-03T15:51:49.069+0530][36.914s] GC(277) Old regions: 9->9
[2025-06-03T15:51:49.069+0530][36.914s] GC(277) Archive regions: 2->2
[2025-06-03T15:51:49.069+0530][36.914s] GC(277) Humongous regions: 0->0
[2025-06-03T15:51:49.069+0530][36.914s] GC(277) Metaspace: 20226K(20736K)->20226K(20736K) NonClass: 17644K(17920K)->17644K(17920K) Class: 2581K(2816K)->2581K(2816K)
[2025-06-03T15:51:49.069+0530][36.914s] GC(277) Pause Young (Normal) (G1 Evacuation Pause) 315M->9M(512M) 1.005ms
[2025-06-03T15:51:49.069+0530][36.914s] GC(277) User=0.00s Sys=0.00s Real=0.00s
[2025-06-03T15:51:49.170+0530][37.015s] GC(278) Pause Young (Normal) (G1 Evacuation Pause)
[2025-06-03T15:51:49.170+0530][37.015s] GC(278) Using 8 workers of 8 for evacuation
[2025-06-03T15:51:49.170+0530][37.016s] GC(278) Skipped phase 1 of Reference Processing: no references
[2025-06-03T15:51:49.170+0530][37.016s] GC(278) Skipped phase 2 of Reference Processing: no references
[2025-06-03T15:51:49.170+0530][37.016s] GC(278) Skipped phase 3 of Reference Processing: no references
[2025-06-03T15:51:49.170+0530][37.016s] GC(278) Skipped phase 4 of Reference Processing: no references
[2025-06-03T15:51:49.171+0530][37.016s] GC(278)   Pre Evacuate Collection Set: 0.1ms
[2025-06-03T15:51:49.171+0530][37.016s] GC(278)   Merge Heap Roots: 0.1ms
[2025-06-03T15:51:49.171+0530][37.016s] GC(278)   Evacuate Collection Set: 0.2ms
[2025-06-03T15:51:49.171+0530][37.016s] GC(278)   Post Evacuate Collection Set: 0.3ms
[2025-06-03T15:51:49.171+0530][37.016s] GC(278)   Other: 0.1ms
[2025-06-03T15:51:49.171+0530][37.016s] GC(278) Eden regions: 306->0(306)
[2025-06-03T15:51:49.171+0530][37.016s] GC(278) Survivor regions: 1->1(39)
[2025-06-03T15:51:49.171+0530][37.016s] GC(278) Old regions: 9->9
[2025-06-03T15:51:49.171+0530][37.016s] GC(278) Archive regions: 2->2
[2025-06-03T15:51:49.171+0530][37.016s] GC(278) Humongous regions: 0->0
[2025-06-03T15:51:49.171+0530][37.016s] GC(278) Metaspace: 20233K(20736K)->20233K(20736K) NonClass: 17650K(17920K)->17650K(17920K) Class: 2583K(2816K)->2583K(2816K)
[2025-06-03T15:51:49.171+0530][37.016s] GC(278) Pause Young (Normal) (G1 Evacuation Pause) 315M->9M(512M) 0.863ms
[2025-06-03T15:51:49.171+0530][37.016s] GC(278) User=0.00s Sys=0.00s Real=0.00s
[2025-06-03T15:51:49.270+0530][37.115s] GC(279) Pause Young (Normal) (G1 Evacuation Pause)
[2025-06-03T15:51:49.270+0530][37.115s] GC(279) Using 8 workers of 8 for evacuation
[2025-06-03T15:51:49.270+0530][37.116s] GC(279) Skipped phase 1 of Reference Processing: no references
[2025-06-03T15:51:49.270+0530][37.116s] GC(279) Skipped phase 2 of Reference Processing: no references
[2025-06-03T15:51:49.270+0530][37.116s] GC(279) Skipped phase 3 of Reference Processing: no references
[2025-06-03T15:51:49.270+0530][37.116s] GC(279) Skipped phase 4 of Reference Processing: no references
[2025-06-03T15:51:49.271+0530][37.116s] GC(279)   Pre Evacuate Collection Set: 0.1ms
[2025-06-03T15:51:49.271+0530][37.116s] GC(279)   Merge Heap Roots: 0.1ms
[2025-06-03T15:51:49.271+0530][37.116s] GC(279)   Evacuate Collection Set: 0.2ms
[2025-06-03T15:51:49.271+0530][37.116s] GC(279)   Post Evacuate Collection Set: 0.3ms
[2025-06-03T15:51:49.271+0530][37.116s] GC(279)   Other: 0.2ms
[2025-06-03T15:51:49.271+0530][37.116s] GC(279) Eden regions: 306->0(306)
[2025-06-03T15:51:49.271+0530][37.116s] GC(279) Survivor regions: 1->1(39)
[2025-06-03T15:51:49.271+0530][37.116s] GC(279) Old regions: 9->9
[2025-06-03T15:51:49.271+0530][37.116s] GC(279) Archive regions: 2->2
[2025-06-03T15:51:49.271+0530][37.116s] GC(279) Humongous regions: 0->0
[2025-06-03T15:51:49.271+0530][37.116s] GC(279) Metaspace: 20233K(20736K)->20233K(20736K) NonClass: 17650K(17920K)->17650K(17920K) Class: 2583K(2816K)->2583K(2816K)
[2025-06-03T15:51:49.271+0530][37.116s] GC(279) Pause Young (Normal) (G1 Evacuation Pause) 315M->9M(512M) 0.928ms
[2025-06-03T15:51:49.271+0530][37.116s] GC(279) User=0.00s Sys=0.00s Real=0.00s
[2025-06-03T15:51:49.371+0530][37.216s] GC(280) Pause Young (Normal) (G1 Evacuation Pause)
[2025-06-03T15:51:49.371+0530][37.216s] GC(280) Using 8 workers of 8 for evacuation
[2025-06-03T15:51:49.371+0530][37.216s] GC(280) Skipped phase 1 of Reference Processing: no references
[2025-06-03T15:51:49.371+0530][37.217s] GC(280) Skipped phase 2 of Reference Processing: no references
[2025-06-03T15:51:49.371+0530][37.217s] GC(280) Skipped phase 3 of Reference Processing: no references
[2025-06-03T15:51:49.371+0530][37.217s] GC(280) Skipped phase 4 of Reference Processing: no references
[2025-06-03T15:51:49.372+0530][37.217s] GC(280)   Pre Evacuate Collection Set: 0.0ms
[2025-06-03T15:51:49.372+0530][37.217s] GC(280)   Merge Heap Roots: 0.0ms
[2025-06-03T15:51:49.372+0530][37.217s] GC(280)   Evacuate Collection Set: 0.2ms
[2025-06-03T15:51:49.372+0530][37.217s] GC(280)   Post Evacuate Collection Set: 0.4ms
[2025-06-03T15:51:49.372+0530][37.217s] GC(280)   Other: 0.1ms
[2025-06-03T15:51:49.372+0530][37.217s] GC(280) Eden regions: 306->0(306)
[2025-06-03T15:51:49.372+0530][37.217s] GC(280) Survivor regions: 1->1(39)
[2025-06-03T15:51:49.372+0530][37.217s] GC(280) Old regions: 9->9
[2025-06-03T15:51:49.372+0530][37.217s] GC(280) Archive regions: 2->2
[2025-06-03T15:51:49.372+0530][37.217s] GC(280) Humongous regions: 0->0
[2025-06-03T15:51:49.372+0530][37.217s] GC(280) Metaspace: 20233K(20736K)->20233K(20736K) NonClass: 17650K(17920K)->17650K(17920K) Class: 2583K(2816K)->2583K(2816K)
[2025-06-03T15:51:49.372+0530][37.217s] GC(280) Pause Young (Normal) (G1 Evacuation Pause) 315M->9M(512M) 0.926ms
[2025-06-03T15:51:49.372+0530][37.217s] GC(280) User=0.00s Sys=0.00s Real=0.00s
[2025-06-03T15:51:49.469+0530][37.314s] GC(281) Pause Young (Normal) (G1 Evacuation Pause)
[2025-06-03T15:51:49.469+0530][37.314s] GC(281) Using 8 workers of 8 for evacuation
[2025-06-03T15:51:49.469+0530][37.315s] GC(281) Skipped phase 1 of Reference Processing: no references
[2025-06-03T15:51:49.469+0530][37.315s] GC(281) Skipped phase 2 of Reference Processing: no references
[2025-06-03T15:51:49.469+0530][37.315s] GC(281) Skipped phase 3 of Reference Processing: no references
[2025-06-03T15:51:49.469+0530][37.315s] GC(281) Skipped phase 4 of Reference Processing: no references
[2025-06-03T15:51:49.470+0530][37.315s] GC(281)   Pre Evacuate Collection Set: 0.0ms
[2025-06-03T15:51:49.470+0530][37.315s] GC(281)   Merge Heap Roots: 0.1ms
[2025-06-03T15:51:49.470+0530][37.315s] GC(281)   Evacuate Collection Set: 0.2ms
[2025-06-03T15:51:49.470+0530][37.315s] GC(281)   Post Evacuate Collection Set: 0.3ms
[2025-06-03T15:51:49.470+0530][37.315s] GC(281)   Other: 0.1ms
[2025-06-03T15:51:49.470+0530][37.315s] GC(281) Eden regions: 306->0(306)
[2025-06-03T15:51:49.470+0530][37.315s] GC(281) Survivor regions: 1->1(39)
[2025-06-03T15:51:49.470+0530][37.315s] GC(281) Old regions: 9->9
[2025-06-03T15:51:49.470+0530][37.315s] GC(281) Archive regions: 2->2
[2025-06-03T15:51:49.470+0530][37.315s] GC(281) Humongous regions: 0->0
[2025-06-03T15:51:49.470+0530][37.315s] GC(281) Metaspace: 20233K(20736K)->20233K(20736K) NonClass: 17650K(17920K)->17650K(17920K) Class: 2583K(2816K)->2583K(2816K)
[2025-06-03T15:51:49.470+0530][37.315s] GC(281) Pause Young (Normal) (G1 Evacuation Pause) 315M->9M(512M) 0.878ms
[2025-06-03T15:51:49.470+0530][37.315s] GC(281) User=0.00s Sys=0.00s Real=0.01s
[2025-06-03T15:51:49.567+0530][37.412s] GC(282) Pause Young (Normal) (G1 Evacuation Pause)
[2025-06-03T15:51:49.567+0530][37.412s] GC(282) Using 8 workers of 8 for evacuation
[2025-06-03T15:51:49.567+0530][37.413s] GC(282) Skipped phase 1 of Reference Processing: no references
[2025-06-03T15:51:49.567+0530][37.413s] GC(282) Skipped phase 2 of Reference Processing: no references
[2025-06-03T15:51:49.567+0530][37.413s] GC(282) Skipped phase 3 of Reference Processing: no references
[2025-06-03T15:51:49.567+0530][37.413s] GC(282) Skipped phase 4 of Reference Processing: no references
[2025-06-03T15:51:49.568+0530][37.413s] GC(282)   Pre Evacuate Collection Set: 0.1ms
[2025-06-03T15:51:49.568+0530][37.413s] GC(282)   Merge Heap Roots: 0.1ms
[2025-06-03T15:51:49.568+0530][37.413s] GC(282)   Evacuate Collection Set: 0.2ms
[2025-06-03T15:51:49.568+0530][37.413s] GC(282)   Post Evacuate Collection Set: 0.3ms
[2025-06-03T15:51:49.568+0530][37.413s] GC(282)   Other: 0.1ms
[2025-06-03T15:51:49.568+0530][37.413s] GC(282) Eden regions: 306->0(306)
[2025-06-03T15:51:49.568+0530][37.413s] GC(282) Survivor regions: 1->1(39)
[2025-06-03T15:51:49.568+0530][37.413s] GC(282) Old regions: 9->9
[2025-06-03T15:51:49.568+0530][37.413s] GC(282) Archive regions: 2->2
[2025-06-03T15:51:49.568+0530][37.413s] GC(282) Humongous regions: 0->0
[2025-06-03T15:51:49.568+0530][37.413s] GC(282) Metaspace: 20233K(20736K)->20233K(20736K) NonClass: 17650K(17920K)->17650K(17920K) Class: 2583K(2816K)->2583K(2816K)
[2025-06-03T15:51:49.568+0530][37.413s] GC(282) Pause Young (Normal) (G1 Evacuation Pause) 315M->9M(512M) 0.960ms
[2025-06-03T15:51:49.568+0530][37.413s] GC(282) User=0.00s Sys=0.00s Real=0.00s
[2025-06-03T15:51:49.665+0530][37.511s] GC(283) Pause Young (Normal) (G1 Evacuation Pause)
[2025-06-03T15:51:49.665+0530][37.511s] GC(283) Using 8 workers of 8 for evacuation
[2025-06-03T15:51:49.666+0530][37.511s] GC(283) Skipped phase 1 of Reference Processing: no references
[2025-06-03T15:51:49.666+0530][37.511s] GC(283) Skipped phase 2 of Reference Processing: no references
[2025-06-03T15:51:49.666+0530][37.511s] GC(283) Skipped phase 3 of Reference Processing: no references
[2025-06-03T15:51:49.666+0530][37.511s] GC(283) Skipped phase 4 of Reference Processing: no references
[2025-06-03T15:51:49.666+0530][37.511s] GC(283)   Pre Evacuate Collection Set: 0.1ms
[2025-06-03T15:51:49.666+0530][37.511s] GC(283)   Merge Heap Roots: 0.0ms
[2025-06-03T15:51:49.666+0530][37.511s] GC(283)   Evacuate Collection Set: 0.2ms
[2025-06-03T15:51:49.666+0530][37.512s] GC(283)   Post Evacuate Collection Set: 0.3ms
[2025-06-03T15:51:49.666+0530][37.512s] GC(283)   Other: 0.1ms
[2025-06-03T15:51:49.666+0530][37.512s] GC(283) Eden regions: 306->0(306)
[2025-06-03T15:51:49.666+0530][37.512s] GC(283) Survivor regions: 1->1(39)
[2025-06-03T15:51:49.666+0530][37.512s] GC(283) Old regions: 9->9
[2025-06-03T15:51:49.666+0530][37.512s] GC(283) Archive regions: 2->2
[2025-06-03T15:51:49.666+0530][37.512s] GC(283) Humongous regions: 0->0
[2025-06-03T15:51:49.666+0530][37.512s] GC(283) Metaspace: 20233K(20736K)->20233K(20736K) NonClass: 17650K(17920K)->17650K(17920K) Class: 2583K(2816K)->2583K(2816K)
[2025-06-03T15:51:49.666+0530][37.512s] GC(283) Pause Young (Normal) (G1 Evacuation Pause) 315M->9M(512M) 0.910ms
[2025-06-03T15:51:49.666+0530][37.512s] GC(283) User=0.00s Sys=0.00s Real=0.00s
[2025-06-03T15:51:49.763+0530][37.608s] GC(284) Pause Young (Normal) (G1 Evacuation Pause)
[2025-06-03T15:51:49.763+0530][37.609s] GC(284) Using 8 workers of 8 for evacuation
[2025-06-03T15:51:49.764+0530][37.609s] GC(284) Skipped phase 1 of Reference Processing: no references
[2025-06-03T15:51:49.764+0530][37.609s] GC(284) Skipped phase 2 of Reference Processing: no references
[2025-06-03T15:51:49.764+0530][37.609s] GC(284) Skipped phase 3 of Reference Processing: no references
[2025-06-03T15:51:49.764+0530][37.609s] GC(284) Skipped phase 4 of Reference Processing: no references
[2025-06-03T15:51:49.764+0530][37.609s] GC(284)   Pre Evacuate Collection Set: 0.1ms
[2025-06-03T15:51:49.764+0530][37.609s] GC(284)   Merge Heap Roots: 0.1ms
[2025-06-03T15:51:49.764+0530][37.609s] GC(284)   Evacuate Collection Set: 0.2ms
[2025-06-03T15:51:49.764+0530][37.609s] GC(284)   Post Evacuate Collection Set: 0.3ms
[2025-06-03T15:51:49.764+0530][37.609s] GC(284)   Other: 0.1ms
[2025-06-03T15:51:49.764+0530][37.609s] GC(284) Eden regions: 306->0(306)
[2025-06-03T15:51:49.764+0530][37.609s] GC(284) Survivor regions: 1->1(39)
[2025-06-03T15:51:49.764+0530][37.609s] GC(284) Old regions: 9->9
[2025-06-03T15:51:49.764+0530][37.609s] GC(284) Archive regions: 2->2
[2025-06-03T15:51:49.764+0530][37.609s] GC(284) Humongous regions: 0->0
[2025-06-03T15:51:49.764+0530][37.609s] GC(284) Metaspace: 20233K(20736K)->20233K(20736K) NonClass: 17650K(17920K)->17650K(17920K) Class: 2583K(2816K)->2583K(2816K)
[2025-06-03T15:51:49.764+0530][37.609s] GC(284) Pause Young (Normal) (G1 Evacuation Pause) 315M->9M(512M) 0.894ms
[2025-06-03T15:51:49.764+0530][37.609s] GC(284) User=0.00s Sys=0.00s Real=0.00s
[2025-06-03T15:51:49.861+0530][37.706s] GC(285) Pause Young (Normal) (G1 Evacuation Pause)
[2025-06-03T15:51:49.861+0530][37.706s] GC(285) Using 8 workers of 8 for evacuation
[2025-06-03T15:51:49.861+0530][37.706s] GC(285) Skipped phase 1 of Reference Processing: no references
[2025-06-03T15:51:49.861+0530][37.707s] GC(285) Skipped phase 2 of Reference Processing: no references
[2025-06-03T15:51:49.861+0530][37.707s] GC(285) Skipped phase 3 of Reference Processing: no references
[2025-06-03T15:51:49.861+0530][37.707s] GC(285) Skipped phase 4 of Reference Processing: no references
[2025-06-03T15:51:49.862+0530][37.707s] GC(285)   Pre Evacuate Collection Set: 0.0ms
[2025-06-03T15:51:49.862+0530][37.707s] GC(285)   Merge Heap Roots: 0.1ms
[2025-06-03T15:51:49.862+0530][37.707s] GC(285)   Evacuate Collection Set: 0.2ms
[2025-06-03T15:51:49.862+0530][37.707s] GC(285)   Post Evacuate Collection Set: 0.4ms
[2025-06-03T15:51:49.862+0530][37.707s] GC(285)   Other: 0.1ms
[2025-06-03T15:51:49.862+0530][37.707s] GC(285) Eden regions: 306->0(306)
[2025-06-03T15:51:49.862+0530][37.707s] GC(285) Survivor regions: 1->1(39)
[2025-06-03T15:51:49.862+0530][37.707s] GC(285) Old regions: 9->9
[2025-06-03T15:51:49.862+0530][37.707s] GC(285) Archive regions: 2->2
[2025-06-03T15:51:49.862+0530][37.707s] GC(285) Humongous regions: 0->0
[2025-06-03T15:51:49.862+0530][37.707s] GC(285) Metaspace: 20233K(20736K)->20233K(20736K) NonClass: 17650K(17920K)->17650K(17920K) Class: 2583K(2816K)->2583K(2816K)
[2025-06-03T15:51:49.862+0530][37.707s] GC(285) Pause Young (Normal) (G1 Evacuation Pause) 315M->9M(512M) 0.953ms
[2025-06-03T15:51:49.862+0530][37.707s] GC(285) User=0.00s Sys=0.00s Real=0.00s
[2025-06-03T15:51:49.959+0530][37.804s] GC(286) Pause Young (Normal) (G1 Evacuation Pause)
[2025-06-03T15:51:49.959+0530][37.804s] GC(286) Using 8 workers of 8 for evacuation
[2025-06-03T15:51:49.959+0530][37.805s] GC(286) Skipped phase 1 of Reference Processing: no references
[2025-06-03T15:51:49.959+0530][37.805s] GC(286) Skipped phase 2 of Reference Processing: no references
[2025-06-03T15:51:49.959+0530][37.805s] GC(286) Skipped phase 3 of Reference Processing: no references
[2025-06-03T15:51:49.959+0530][37.805s] GC(286) Skipped phase 4 of Reference Processing: no references
[2025-06-03T15:51:49.960+0530][37.805s] GC(286)   Pre Evacuate Collection Set: 0.1ms
[2025-06-03T15:51:49.960+0530][37.805s] GC(286)   Merge Heap Roots: 0.1ms
[2025-06-03T15:51:49.960+0530][37.805s] GC(286)   Evacuate Collection Set: 0.2ms
[2025-06-03T15:51:49.960+0530][37.805s] GC(286)   Post Evacuate Collection Set: 0.3ms
[2025-06-03T15:51:49.960+0530][37.805s] GC(286)   Other: 0.1ms
[2025-06-03T15:51:49.960+0530][37.805s] GC(286) Eden regions: 306->0(306)
[2025-06-03T15:51:49.960+0530][37.805s] GC(286) Survivor regions: 1->1(39)
[2025-06-03T15:51:49.960+0530][37.805s] GC(286) Old regions: 9->9
[2025-06-03T15:51:49.960+0530][37.805s] GC(286) Archive regions: 2->2
[2025-06-03T15:51:49.960+0530][37.805s] GC(286) Humongous regions: 0->0
[2025-06-03T15:51:49.960+0530][37.805s] GC(286) Metaspace: 20233K(20736K)->20233K(20736K) NonClass: 17650K(17920K)->17650K(17920K) Class: 2583K(2816K)->2583K(2816K)
[2025-06-03T15:51:49.960+0530][37.805s] GC(286) Pause Young (Normal) (G1 Evacuation Pause) 315M->9M(512M) 0.885ms
[2025-06-03T15:51:49.960+0530][37.805s] GC(286) User=0.00s Sys=0.00s Real=0.01s
[2025-06-03T15:51:50.060+0530][37.905s] GC(287) Pause Young (Normal) (G1 Evacuation Pause)
[2025-06-03T15:51:50.060+0530][37.905s] GC(287) Using 8 workers of 8 for evacuation
[2025-06-03T15:51:50.060+0530][37.906s] GC(287) Skipped phase 1 of Reference Processing: no references
[2025-06-03T15:51:50.060+0530][37.906s] GC(287) Skipped phase 2 of Reference Processing: no references
[2025-06-03T15:51:50.060+0530][37.906s] GC(287) Skipped phase 3 of Reference Processing: no references
[2025-06-03T15:51:50.060+0530][37.906s] GC(287) Skipped phase 4 of Reference Processing: no references
[2025-06-03T15:51:50.061+0530][37.906s] GC(287)   Pre Evacuate Collection Set: 0.1ms
[2025-06-03T15:51:50.061+0530][37.906s] GC(287)   Merge Heap Roots: 0.1ms
[2025-06-03T15:51:50.061+0530][37.906s] GC(287)   Evacuate Collection Set: 0.2ms
[2025-06-03T15:51:50.061+0530][37.906s] GC(287)   Post Evacuate Collection Set: 0.3ms
[2025-06-03T15:51:50.061+0530][37.906s] GC(287)   Other: 0.1ms
[2025-06-03T15:51:50.061+0530][37.906s] GC(287) Eden regions: 306->0(306)
[2025-06-03T15:51:50.061+0530][37.906s] GC(287) Survivor regions: 1->1(39)
[2025-06-03T15:51:50.061+0530][37.906s] GC(287) Old regions: 9->9
[2025-06-03T15:51:50.061+0530][37.906s] GC(287) Archive regions: 2->2
[2025-06-03T15:51:50.061+0530][37.906s] GC(287) Humongous regions: 0->0
[2025-06-03T15:51:50.061+0530][37.906s] GC(287) Metaspace: 20233K(20736K)->20233K(20736K) NonClass: 17650K(17920K)->17650K(17920K) Class: 2583K(2816K)->2583K(2816K)
[2025-06-03T15:51:50.061+0530][37.906s] GC(287) Pause Young (Normal) (G1 Evacuation Pause) 315M->9M(512M) 0.972ms
[2025-06-03T15:51:50.061+0530][37.906s] GC(287) User=0.00s Sys=0.00s Real=0.00s
[2025-06-03T15:51:50.165+0530][38.011s] GC(288) Pause Young (Normal) (G1 Evacuation Pause)
[2025-06-03T15:51:50.166+0530][38.011s] GC(288) Using 8 workers of 8 for evacuation
[2025-06-03T15:51:50.166+0530][38.012s] GC(288) Skipped phase 1 of Reference Processing: no references
[2025-06-03T15:51:50.167+0530][38.012s] GC(288) Skipped phase 2 of Reference Processing: no references
[2025-06-03T15:51:50.167+0530][38.012s] GC(288) Skipped phase 3 of Reference Processing: no references
[2025-06-03T15:51:50.167+0530][38.012s] GC(288) Skipped phase 4 of Reference Processing: no references
[2025-06-03T15:51:50.167+0530][38.012s] GC(288)   Pre Evacuate Collection Set: 0.1ms
[2025-06-03T15:51:50.167+0530][38.012s] GC(288)   Merge Heap Roots: 0.1ms
[2025-06-03T15:51:50.167+0530][38.012s] GC(288)   Evacuate Collection Set: 0.2ms
[2025-06-03T15:51:50.167+0530][38.012s] GC(288)   Post Evacuate Collection Set: 0.3ms
[2025-06-03T15:51:50.167+0530][38.012s] GC(288)   Other: 0.8ms
[2025-06-03T15:51:50.167+0530][38.012s] GC(288) Eden regions: 306->0(306)
[2025-06-03T15:51:50.167+0530][38.012s] GC(288) Survivor regions: 1->1(39)
[2025-06-03T15:51:50.167+0530][38.012s] GC(288) Old regions: 9->9
[2025-06-03T15:51:50.167+0530][38.012s] GC(288) Archive regions: 2->2
[2025-06-03T15:51:50.167+0530][38.012s] GC(288) Humongous regions: 0->0
[2025-06-03T15:51:50.167+0530][38.012s] GC(288) Metaspace: 20250K(20736K)->20250K(20736K) NonClass: 17666K(17920K)->17666K(17920K) Class: 2584K(2816K)->2584K(2816K)
[2025-06-03T15:51:50.167+0530][38.012s] GC(288) Pause Young (Normal) (G1 Evacuation Pause) 315M->9M(512M) 1.571ms
[2025-06-03T15:51:50.167+0530][38.012s] GC(288) User=0.00s Sys=0.00s Real=0.00s
[2025-06-03T15:51:50.266+0530][38.112s] GC(289) Pause Young (Normal) (G1 Evacuation Pause)
[2025-06-03T15:51:50.266+0530][38.112s] GC(289) Using 8 workers of 8 for evacuation
[2025-06-03T15:51:50.267+0530][38.112s] GC(289) Skipped phase 1 of Reference Processing: no references
[2025-06-03T15:51:50.267+0530][38.112s] GC(289) Skipped phase 2 of Reference Processing: no references
[2025-06-03T15:51:50.267+0530][38.112s] GC(289) Skipped phase 3 of Reference Processing: no references
[2025-06-03T15:51:50.267+0530][38.112s] GC(289) Skipped phase 4 of Reference Processing: no references
[2025-06-03T15:51:50.267+0530][38.112s] GC(289)   Pre Evacuate Collection Set: 0.1ms
[2025-06-03T15:51:50.267+0530][38.112s] GC(289)   Merge Heap Roots: 0.1ms
[2025-06-03T15:51:50.267+0530][38.112s] GC(289)   Evacuate Collection Set: 0.2ms
[2025-06-03T15:51:50.267+0530][38.112s] GC(289)   Post Evacuate Collection Set: 0.3ms
[2025-06-03T15:51:50.267+0530][38.112s] GC(289)   Other: 0.1ms
[2025-06-03T15:51:50.267+0530][38.112s] GC(289) Eden regions: 306->0(306)
[2025-06-03T15:51:50.267+0530][38.112s] GC(289) Survivor regions: 1->1(39)
[2025-06-03T15:51:50.267+0530][38.112s] GC(289) Old regions: 9->9
[2025-06-03T15:51:50.267+0530][38.113s] GC(289) Archive regions: 2->2
[2025-06-03T15:51:50.267+0530][38.113s] GC(289) Humongous regions: 0->0
[2025-06-03T15:51:50.267+0530][38.113s] GC(289) Metaspace: 20250K(20736K)->20250K(20736K) NonClass: 17666K(17920K)->17666K(17920K) Class: 2584K(2816K)->2584K(2816K)
[2025-06-03T15:51:50.267+0530][38.113s] GC(289) Pause Young (Normal) (G1 Evacuation Pause) 315M->9M(512M) 0.939ms
[2025-06-03T15:51:50.267+0530][38.113s] GC(289) User=0.00s Sys=0.00s Real=0.00s
[2025-06-03T15:51:50.370+0530][38.215s] GC(290) Pause Young (Normal) (G1 Evacuation Pause)
[2025-06-03T15:51:50.370+0530][38.215s] GC(290) Using 8 workers of 8 for evacuation
[2025-06-03T15:51:50.370+0530][38.216s] GC(290) Skipped phase 1 of Reference Processing: no references
[2025-06-03T15:51:50.370+0530][38.216s] GC(290) Skipped phase 2 of Reference Processing: no references
[2025-06-03T15:51:50.370+0530][38.216s] GC(290) Skipped phase 3 of Reference Processing: no references
[2025-06-03T15:51:50.370+0530][38.216s] GC(290) Skipped phase 4 of Reference Processing: no references
[2025-06-03T15:51:50.371+0530][38.216s] GC(290)   Pre Evacuate Collection Set: 0.1ms
[2025-06-03T15:51:50.371+0530][38.216s] GC(290)   Merge Heap Roots: 0.1ms
[2025-06-03T15:51:50.371+0530][38.216s] GC(290)   Evacuate Collection Set: 0.2ms
[2025-06-03T15:51:50.371+0530][38.216s] GC(290)   Post Evacuate Collection Set: 0.4ms
[2025-06-03T15:51:50.371+0530][38.216s] GC(290)   Other: 0.2ms
[2025-06-03T15:51:50.371+0530][38.216s] GC(290) Eden regions: 306->0(306)
[2025-06-03T15:51:50.371+0530][38.216s] GC(290) Survivor regions: 1->1(39)
[2025-06-03T15:51:50.371+0530][38.216s] GC(290) Old regions: 9->9
[2025-06-03T15:51:50.371+0530][38.216s] GC(290) Archive regions: 2->2
[2025-06-03T15:51:50.371+0530][38.216s] GC(290) Humongous regions: 0->0
[2025-06-03T15:51:50.371+0530][38.216s] GC(290) Metaspace: 20250K(20736K)->20250K(20736K) NonClass: 17666K(17920K)->17666K(17920K) Class: 2584K(2816K)->2584K(2816K)
[2025-06-03T15:51:50.371+0530][38.216s] GC(290) Pause Young (Normal) (G1 Evacuation Pause) 315M->9M(512M) 0.967ms
[2025-06-03T15:51:50.371+0530][38.216s] GC(290) User=0.01s Sys=0.00s Real=0.00s
[2025-06-03T15:51:50.472+0530][38.317s] GC(291) Pause Young (Normal) (G1 Evacuation Pause)
[2025-06-03T15:51:50.472+0530][38.317s] GC(291) Using 8 workers of 8 for evacuation
[2025-06-03T15:51:50.472+0530][38.318s] GC(291) Skipped phase 1 of Reference Processing: no references
[2025-06-03T15:51:50.472+0530][38.318s] GC(291) Skipped phase 2 of Reference Processing: no references
[2025-06-03T15:51:50.472+0530][38.318s] GC(291) Skipped phase 3 of Reference Processing: no references
[2025-06-03T15:51:50.472+0530][38.318s] GC(291) Skipped phase 4 of Reference Processing: no references
[2025-06-03T15:51:50.473+0530][38.318s] GC(291)   Pre Evacuate Collection Set: 0.1ms
[2025-06-03T15:51:50.473+0530][38.318s] GC(291)   Merge Heap Roots: 0.1ms
[2025-06-03T15:51:50.473+0530][38.318s] GC(291)   Evacuate Collection Set: 0.2ms
[2025-06-03T15:51:50.473+0530][38.318s] GC(291)   Post Evacuate Collection Set: 0.3ms
[2025-06-03T15:51:50.473+0530][38.318s] GC(291)   Other: 0.1ms
[2025-06-03T15:51:50.473+0530][38.318s] GC(291) Eden regions: 306->0(306)
[2025-06-03T15:51:50.473+0530][38.318s] GC(291) Survivor regions: 1->1(39)
[2025-06-03T15:51:50.473+0530][38.318s] GC(291) Old regions: 9->9
[2025-06-03T15:51:50.473+0530][38.318s] GC(291) Archive regions: 2->2
[2025-06-03T15:51:50.473+0530][38.318s] GC(291) Humongous regions: 0->0
[2025-06-03T15:51:50.473+0530][38.318s] GC(291) Metaspace: 20250K(20736K)->20250K(20736K) NonClass: 17666K(17920K)->17666K(17920K) Class: 2584K(2816K)->2584K(2816K)
[2025-06-03T15:51:50.473+0530][38.318s] GC(291) Pause Young (Normal) (G1 Evacuation Pause) 315M->9M(512M) 0.884ms
[2025-06-03T15:51:50.473+0530][38.318s] GC(291) User=0.00s Sys=0.01s Real=0.00s
[2025-06-03T15:51:50.577+0530][38.422s] GC(292) Pause Young (Normal) (G1 Evacuation Pause)
[2025-06-03T15:51:50.577+0530][38.422s] GC(292) Using 8 workers of 8 for evacuation
[2025-06-03T15:51:50.577+0530][38.423s] GC(292) Skipped phase 1 of Reference Processing: no references
[2025-06-03T15:51:50.577+0530][38.423s] GC(292) Skipped phase 2 of Reference Processing: no references
[2025-06-03T15:51:50.577+0530][38.423s] GC(292) Skipped phase 3 of Reference Processing: no references
[2025-06-03T15:51:50.577+0530][38.423s] GC(292) Skipped phase 4 of Reference Processing: no references
[2025-06-03T15:51:50.578+0530][38.423s] GC(292)   Pre Evacuate Collection Set: 0.1ms
[2025-06-03T15:51:50.578+0530][38.423s] GC(292)   Merge Heap Roots: 0.1ms
[2025-06-03T15:51:50.578+0530][38.423s] GC(292)   Evacuate Collection Set: 0.2ms
[2025-06-03T15:51:50.578+0530][38.423s] GC(292)   Post Evacuate Collection Set: 0.4ms
[2025-06-03T15:51:50.578+0530][38.423s] GC(292)   Other: 0.2ms
[2025-06-03T15:51:50.578+0530][38.423s] GC(292) Eden regions: 306->0(306)
[2025-06-03T15:51:50.578+0530][38.423s] GC(292) Survivor regions: 1->1(39)
[2025-06-03T15:51:50.578+0530][38.423s] GC(292) Old regions: 9->9
[2025-06-03T15:51:50.578+0530][38.423s] GC(292) Archive regions: 2->2
[2025-06-03T15:51:50.578+0530][38.423s] GC(292) Humongous regions: 0->0
[2025-06-03T15:51:50.578+0530][38.423s] GC(292) Metaspace: 20250K(20736K)->20250K(20736K) NonClass: 17666K(17920K)->17666K(17920K) Class: 2584K(2816K)->2584K(2816K)
[2025-06-03T15:51:50.578+0530][38.423s] GC(292) Pause Young (Normal) (G1 Evacuation Pause) 315M->9M(512M) 1.137ms
[2025-06-03T15:51:50.578+0530][38.423s] GC(292) User=0.01s Sys=0.00s Real=0.00s
[2025-06-03T15:51:50.693+0530][38.538s] GC(293) Pause Young (Normal) (G1 Evacuation Pause)
[2025-06-03T15:51:50.693+0530][38.538s] GC(293) Using 8 workers of 8 for evacuation
[2025-06-03T15:51:50.693+0530][38.539s] GC(293) Skipped phase 1 of Reference Processing: no references
[2025-06-03T15:51:50.693+0530][38.539s] GC(293) Skipped phase 2 of Reference Processing: no references
[2025-06-03T15:51:50.693+0530][38.539s] GC(293) Skipped phase 3 of Reference Processing: no references
[2025-06-03T15:51:50.693+0530][38.539s] GC(293) Skipped phase 4 of Reference Processing: no references
[2025-06-03T15:51:50.694+0530][38.539s] GC(293)   Pre Evacuate Collection Set: 0.0ms
[2025-06-03T15:51:50.694+0530][38.539s] GC(293)   Merge Heap Roots: 0.1ms
[2025-06-03T15:51:50.694+0530][38.539s] GC(293)   Evacuate Collection Set: 0.2ms
[2025-06-03T15:51:50.694+0530][38.539s] GC(293)   Post Evacuate Collection Set: 0.3ms
[2025-06-03T15:51:50.694+0530][38.539s] GC(293)   Other: 0.1ms
[2025-06-03T15:51:50.694+0530][38.539s] GC(293) Eden regions: 306->0(306)
[2025-06-03T15:51:50.694+0530][38.539s] GC(293) Survivor regions: 1->1(39)
[2025-06-03T15:51:50.694+0530][38.539s] GC(293) Old regions: 9->9
[2025-06-03T15:51:50.694+0530][38.539s] GC(293) Archive regions: 2->2
[2025-06-03T15:51:50.694+0530][38.539s] GC(293) Humongous regions: 0->0
[2025-06-03T15:51:50.694+0530][38.539s] GC(293) Metaspace: 20250K(20736K)->20250K(20736K) NonClass: 17666K(17920K)->17666K(17920K) Class: 2584K(2816K)->2584K(2816K)
[2025-06-03T15:51:50.694+0530][38.539s] GC(293) Pause Young (Normal) (G1 Evacuation Pause) 315M->9M(512M) 0.859ms
[2025-06-03T15:51:50.694+0530][38.539s] GC(293) User=0.00s Sys=0.00s Real=0.00s
[2025-06-03T15:51:50.792+0530][38.638s] GC(294) Pause Young (Normal) (G1 Evacuation Pause)
[2025-06-03T15:51:50.792+0530][38.638s] GC(294) Using 8 workers of 8 for evacuation
[2025-06-03T15:51:50.793+0530][38.638s] GC(294) Skipped phase 1 of Reference Processing: no references
[2025-06-03T15:51:50.793+0530][38.638s] GC(294) Skipped phase 2 of Reference Processing: no references
[2025-06-03T15:51:50.793+0530][38.638s] GC(294) Skipped phase 3 of Reference Processing: no references
[2025-06-03T15:51:50.793+0530][38.638s] GC(294) Skipped phase 4 of Reference Processing: no references
[2025-06-03T15:51:50.793+0530][38.638s] GC(294)   Pre Evacuate Collection Set: 0.0ms
[2025-06-03T15:51:50.793+0530][38.639s] GC(294)   Merge Heap Roots: 0.1ms
[2025-06-03T15:51:50.793+0530][38.639s] GC(294)   Evacuate Collection Set: 0.2ms
[2025-06-03T15:51:50.793+0530][38.639s] GC(294)   Post Evacuate Collection Set: 0.3ms
[2025-06-03T15:51:50.793+0530][38.639s] GC(294)   Other: 0.1ms
[2025-06-03T15:51:50.793+0530][38.639s] GC(294) Eden regions: 306->0(306)
[2025-06-03T15:51:50.793+0530][38.639s] GC(294) Survivor regions: 1->1(39)
[2025-06-03T15:51:50.793+0530][38.639s] GC(294) Old regions: 9->9
[2025-06-03T15:51:50.793+0530][38.639s] GC(294) Archive regions: 2->2
[2025-06-03T15:51:50.793+0530][38.639s] GC(294) Humongous regions: 0->0
[2025-06-03T15:51:50.793+0530][38.639s] GC(294) Metaspace: 20250K(20736K)->20250K(20736K) NonClass: 17666K(17920K)->17666K(17920K) Class: 2584K(2816K)->2584K(2816K)
[2025-06-03T15:51:50.793+0530][38.639s] GC(294) Pause Young (Normal) (G1 Evacuation Pause) 315M->9M(512M) 0.966ms
[2025-06-03T15:51:50.793+0530][38.639s] GC(294) User=0.00s Sys=0.00s Real=0.00s
[2025-06-03T15:51:50.890+0530][38.735s] GC(295) Pause Young (Normal) (G1 Evacuation Pause)
[2025-06-03T15:51:50.890+0530][38.735s] GC(295) Using 8 workers of 8 for evacuation
[2025-06-03T15:51:50.890+0530][38.736s] GC(295) Skipped phase 1 of Reference Processing: no references
[2025-06-03T15:51:50.890+0530][38.736s] GC(295) Skipped phase 2 of Reference Processing: no references
[2025-06-03T15:51:50.890+0530][38.736s] GC(295) Skipped phase 3 of Reference Processing: no references
[2025-06-03T15:51:50.890+0530][38.736s] GC(295) Skipped phase 4 of Reference Processing: no references
[2025-06-03T15:51:50.891+0530][38.736s] GC(295)   Pre Evacuate Collection Set: 0.0ms
[2025-06-03T15:51:50.891+0530][38.736s] GC(295)   Merge Heap Roots: 0.1ms
[2025-06-03T15:51:50.891+0530][38.736s] GC(295)   Evacuate Collection Set: 0.2ms
[2025-06-03T15:51:50.891+0530][38.736s] GC(295)   Post Evacuate Collection Set: 0.3ms
[2025-06-03T15:51:50.891+0530][38.736s] GC(295)   Other: 0.1ms
[2025-06-03T15:51:50.891+0530][38.736s] GC(295) Eden regions: 306->0(306)
[2025-06-03T15:51:50.891+0530][38.736s] GC(295) Survivor regions: 1->1(39)
[2025-06-03T15:51:50.891+0530][38.736s] GC(295) Old regions: 9->9
[2025-06-03T15:51:50.891+0530][38.736s] GC(295) Archive regions: 2->2
[2025-06-03T15:51:50.891+0530][38.736s] GC(295) Humongous regions: 0->0
[2025-06-03T15:51:50.891+0530][38.736s] GC(295) Metaspace: 20250K(20736K)->20250K(20736K) NonClass: 17666K(17920K)->17666K(17920K) Class: 2584K(2816K)->2584K(2816K)
[2025-06-03T15:51:50.891+0530][38.736s] GC(295) Pause Young (Normal) (G1 Evacuation Pause) 315M->9M(512M) 0.868ms
[2025-06-03T15:51:50.891+0530][38.736s] GC(295) User=0.00s Sys=0.00s Real=0.00s
[2025-06-03T15:51:50.987+0530][38.832s] GC(296) Pause Young (Normal) (G1 Evacuation Pause)
[2025-06-03T15:51:50.987+0530][38.832s] GC(296) Using 8 workers of 8 for evacuation
[2025-06-03T15:51:50.987+0530][38.833s] GC(296) Skipped phase 1 of Reference Processing: no references
[2025-06-03T15:51:50.987+0530][38.833s] GC(296) Skipped phase 2 of Reference Processing: no references
[2025-06-03T15:51:50.987+0530][38.833s] GC(296) Skipped phase 3 of Reference Processing: no references
[2025-06-03T15:51:50.987+0530][38.833s] GC(296) Skipped phase 4 of Reference Processing: no references
[2025-06-03T15:51:50.988+0530][38.833s] GC(296)   Pre Evacuate Collection Set: 0.0ms
[2025-06-03T15:51:50.988+0530][38.833s] GC(296)   Merge Heap Roots: 0.1ms
[2025-06-03T15:51:50.988+0530][38.833s] GC(296)   Evacuate Collection Set: 0.2ms
[2025-06-03T15:51:50.988+0530][38.833s] GC(296)   Post Evacuate Collection Set: 0.3ms
[2025-06-03T15:51:50.988+0530][38.833s] GC(296)   Other: 0.1ms
[2025-06-03T15:51:50.988+0530][38.833s] GC(296) Eden regions: 306->0(306)
[2025-06-03T15:51:50.988+0530][38.833s] GC(296) Survivor regions: 1->1(39)
[2025-06-03T15:51:50.988+0530][38.833s] GC(296) Old regions: 9->9
[2025-06-03T15:51:50.988+0530][38.833s] GC(296) Archive regions: 2->2
[2025-06-03T15:51:50.988+0530][38.833s] GC(296) Humongous regions: 0->0
[2025-06-03T15:51:50.988+0530][38.833s] GC(296) Metaspace: 20250K(20736K)->20250K(20736K) NonClass: 17666K(17920K)->17666K(17920K) Class: 2584K(2816K)->2584K(2816K)
[2025-06-03T15:51:50.988+0530][38.833s] GC(296) Pause Young (Normal) (G1 Evacuation Pause) 315M->9M(512M) 0.863ms
[2025-06-03T15:51:50.988+0530][38.833s] GC(296) User=0.00s Sys=0.00s Real=0.00s
[2025-06-03T15:51:51.084+0530][38.929s] GC(297) Pause Young (Normal) (G1 Evacuation Pause)
[2025-06-03T15:51:51.084+0530][38.930s] GC(297) Using 8 workers of 8 for evacuation
[2025-06-03T15:51:51.085+0530][38.930s] GC(297) Skipped phase 1 of Reference Processing: no references
[2025-06-03T15:51:51.085+0530][38.930s] GC(297) Skipped phase 2 of Reference Processing: no references
[2025-06-03T15:51:51.085+0530][38.930s] GC(297) Skipped phase 3 of Reference Processing: no references
[2025-06-03T15:51:51.085+0530][38.930s] GC(297) Skipped phase 4 of Reference Processing: no references
[2025-06-03T15:51:51.085+0530][38.930s] GC(297)   Pre Evacuate Collection Set: 0.0ms
[2025-06-03T15:51:51.085+0530][38.930s] GC(297)   Merge Heap Roots: 0.1ms
[2025-06-03T15:51:51.085+0530][38.930s] GC(297)   Evacuate Collection Set: 0.1ms
[2025-06-03T15:51:51.085+0530][38.930s] GC(297)   Post Evacuate Collection Set: 0.4ms
[2025-06-03T15:51:51.085+0530][38.930s] GC(297)   Other: 0.1ms
[2025-06-03T15:51:51.085+0530][38.930s] GC(297) Eden regions: 306->0(306)
[2025-06-03T15:51:51.085+0530][38.930s] GC(297) Survivor regions: 1->1(39)
[2025-06-03T15:51:51.085+0530][38.930s] GC(297) Old regions: 9->9
[2025-06-03T15:51:51.085+0530][38.930s] GC(297) Archive regions: 2->2
[2025-06-03T15:51:51.085+0530][38.930s] GC(297) Humongous regions: 0->0
[2025-06-03T15:51:51.085+0530][38.930s] GC(297) Metaspace: 20250K(20736K)->20250K(20736K) NonClass: 17666K(17920K)->17666K(17920K) Class: 2584K(2816K)->2584K(2816K)
[2025-06-03T15:51:51.085+0530][38.930s] GC(297) Pause Young (Normal) (G1 Evacuation Pause) 315M->9M(512M) 0.904ms
[2025-06-03T15:51:51.085+0530][38.930s] GC(297) User=0.00s Sys=0.00s Real=0.00s
[2025-06-03T15:51:51.190+0530][39.036s] GC(298) Pause Young (Normal) (G1 Evacuation Pause)
[2025-06-03T15:51:51.190+0530][39.036s] GC(298) Using 8 workers of 8 for evacuation
[2025-06-03T15:51:51.191+0530][39.036s] GC(298) Skipped phase 1 of Reference Processing: no references
[2025-06-03T15:51:51.191+0530][39.036s] GC(298) Skipped phase 2 of Reference Processing: no references
[2025-06-03T15:51:51.191+0530][39.036s] GC(298) Skipped phase 3 of Reference Processing: no references
[2025-06-03T15:51:51.191+0530][39.036s] GC(298) Skipped phase 4 of Reference Processing: no references
[2025-06-03T15:51:51.191+0530][39.036s] GC(298)   Pre Evacuate Collection Set: 0.0ms
[2025-06-03T15:51:51.191+0530][39.036s] GC(298)   Merge Heap Roots: 0.1ms
[2025-06-03T15:51:51.191+0530][39.036s] GC(298)   Evacuate Collection Set: 0.2ms
[2025-06-03T15:51:51.191+0530][39.036s] GC(298)   Post Evacuate Collection Set: 0.3ms
[2025-06-03T15:51:51.191+0530][39.036s] GC(298)   Other: 0.1ms
[2025-06-03T15:51:51.191+0530][39.036s] GC(298) Eden regions: 306->0(306)
[2025-06-03T15:51:51.191+0530][39.036s] GC(298) Survivor regions: 1->1(39)
[2025-06-03T15:51:51.191+0530][39.036s] GC(298) Old regions: 9->9
[2025-06-03T15:51:51.191+0530][39.036s] GC(298) Archive regions: 2->2
[2025-06-03T15:51:51.191+0530][39.036s] GC(298) Humongous regions: 0->0
[2025-06-03T15:51:51.191+0530][39.036s] GC(298) Metaspace: 20273K(20800K)->20273K(20800K) NonClass: 17687K(17984K)->17687K(17984K) Class: 2585K(2816K)->2585K(2816K)
[2025-06-03T15:51:51.191+0530][39.036s] GC(298) Pause Young (Normal) (G1 Evacuation Pause) 315M->9M(512M) 0.912ms
[2025-06-03T15:51:51.191+0530][39.037s] GC(298) User=0.00s Sys=0.00s Real=0.00s
[2025-06-03T15:51:51.292+0530][39.137s] GC(299) Pause Young (Normal) (G1 Evacuation Pause)
[2025-06-03T15:51:51.292+0530][39.137s] GC(299) Using 8 workers of 8 for evacuation
[2025-06-03T15:51:51.292+0530][39.138s] GC(299) Skipped phase 1 of Reference Processing: no references
[2025-06-03T15:51:51.292+0530][39.138s] GC(299) Skipped phase 2 of Reference Processing: no references
[2025-06-03T15:51:51.292+0530][39.138s] GC(299) Skipped phase 3 of Reference Processing: no references
[2025-06-03T15:51:51.292+0530][39.138s] GC(299) Skipped phase 4 of Reference Processing: no references
[2025-06-03T15:51:51.293+0530][39.138s] GC(299)   Pre Evacuate Collection Set: 0.1ms
[2025-06-03T15:51:51.293+0530][39.138s] GC(299)   Merge Heap Roots: 0.1ms
[2025-06-03T15:51:51.293+0530][39.138s] GC(299)   Evacuate Collection Set: 0.2ms
[2025-06-03T15:51:51.293+0530][39.138s] GC(299)   Post Evacuate Collection Set: 0.3ms
[2025-06-03T15:51:51.293+0530][39.138s] GC(299)   Other: 0.1ms
[2025-06-03T15:51:51.293+0530][39.138s] GC(299) Eden regions: 306->0(306)
[2025-06-03T15:51:51.293+0530][39.138s] GC(299) Survivor regions: 1->1(39)
[2025-06-03T15:51:51.293+0530][39.138s] GC(299) Old regions: 9->9
[2025-06-03T15:51:51.293+0530][39.138s] GC(299) Archive regions: 2->2
[2025-06-03T15:51:51.293+0530][39.138s] GC(299) Humongous regions: 0->0
[2025-06-03T15:51:51.293+0530][39.138s] GC(299) Metaspace: 20273K(20800K)->20273K(20800K) NonClass: 17687K(17984K)->17687K(17984K) Class: 2585K(2816K)->2585K(2816K)
[2025-06-03T15:51:51.293+0530][39.138s] GC(299) Pause Young (Normal) (G1 Evacuation Pause) 315M->9M(512M) 0.951ms
[2025-06-03T15:51:51.293+0530][39.138s] GC(299) User=0.00s Sys=0.01s Real=0.00s
[2025-06-03T15:51:51.391+0530][39.237s] GC(300) Pause Young (Normal) (G1 Evacuation Pause)
[2025-06-03T15:51:51.392+0530][39.237s] GC(300) Using 8 workers of 8 for evacuation
[2025-06-03T15:51:51.392+0530][39.237s] GC(300) Skipped phase 1 of Reference Processing: no references
[2025-06-03T15:51:51.392+0530][39.237s] GC(300) Skipped phase 2 of Reference Processing: no references
[2025-06-03T15:51:51.392+0530][39.237s] GC(300) Skipped phase 3 of Reference Processing: no references
[2025-06-03T15:51:51.392+0530][39.237s] GC(300) Skipped phase 4 of Reference Processing: no references
[2025-06-03T15:51:51.392+0530][39.238s] GC(300)   Pre Evacuate Collection Set: 0.1ms
[2025-06-03T15:51:51.392+0530][39.238s] GC(300)   Merge Heap Roots: 0.1ms
[2025-06-03T15:51:51.392+0530][39.238s] GC(300)   Evacuate Collection Set: 0.2ms
[2025-06-03T15:51:51.392+0530][39.238s] GC(300)   Post Evacuate Collection Set: 0.3ms
[2025-06-03T15:51:51.392+0530][39.238s] GC(300)   Other: 0.1ms
[2025-06-03T15:51:51.392+0530][39.238s] GC(300) Eden regions: 306->0(306)
[2025-06-03T15:51:51.392+0530][39.238s] GC(300) Survivor regions: 1->1(39)
[2025-06-03T15:51:51.392+0530][39.238s] GC(300) Old regions: 9->9
[2025-06-03T15:51:51.392+0530][39.238s] GC(300) Archive regions: 2->2
[2025-06-03T15:51:51.392+0530][39.238s] GC(300) Humongous regions: 0->0
[2025-06-03T15:51:51.392+0530][39.238s] GC(300) Metaspace: 20273K(20800K)->20273K(20800K) NonClass: 17687K(17984K)->17687K(17984K) Class: 2585K(2816K)->2585K(2816K)
[2025-06-03T15:51:51.392+0530][39.238s] GC(300) Pause Young (Normal) (G1 Evacuation Pause) 315M->9M(512M) 0.940ms
[2025-06-03T15:51:51.392+0530][39.238s] GC(300) User=0.00s Sys=0.00s Real=0.00s
[2025-06-03T15:51:51.490+0530][39.336s] GC(301) Pause Young (Normal) (G1 Evacuation Pause)
[2025-06-03T15:51:51.490+0530][39.336s] GC(301) Using 8 workers of 8 for evacuation
[2025-06-03T15:51:51.491+0530][39.336s] GC(301) Skipped phase 1 of Reference Processing: no references
[2025-06-03T15:51:51.491+0530][39.336s] GC(301) Skipped phase 2 of Reference Processing: no references
[2025-06-03T15:51:51.491+0530][39.336s] GC(301) Skipped phase 3 of Reference Processing: no references
[2025-06-03T15:51:51.491+0530][39.336s] GC(301) Skipped phase 4 of Reference Processing: no references
[2025-06-03T15:51:51.491+0530][39.336s] GC(301)   Pre Evacuate Collection Set: 0.0ms
[2025-06-03T15:51:51.491+0530][39.336s] GC(301)   Merge Heap Roots: 0.1ms
[2025-06-03T15:51:51.491+0530][39.336s] GC(301)   Evacuate Collection Set: 0.2ms
[2025-06-03T15:51:51.491+0530][39.336s] GC(301)   Post Evacuate Collection Set: 0.4ms
[2025-06-03T15:51:51.491+0530][39.336s] GC(301)   Other: 0.1ms
[2025-06-03T15:51:51.491+0530][39.336s] GC(301) Eden regions: 306->0(306)
[2025-06-03T15:51:51.491+0530][39.336s] GC(301) Survivor regions: 1->1(39)
[2025-06-03T15:51:51.491+0530][39.336s] GC(301) Old regions: 9->9
[2025-06-03T15:51:51.491+0530][39.336s] GC(301) Archive regions: 2->2
[2025-06-03T15:51:51.491+0530][39.336s] GC(301) Humongous regions: 0->0
[2025-06-03T15:51:51.491+0530][39.337s] GC(301) Metaspace: 20273K(20800K)->20273K(20800K) NonClass: 17687K(17984K)->17687K(17984K) Class: 2585K(2816K)->2585K(2816K)
[2025-06-03T15:51:51.491+0530][39.337s] GC(301) Pause Young (Normal) (G1 Evacuation Pause) 315M->9M(512M) 0.926ms
[2025-06-03T15:51:51.491+0530][39.337s] GC(301) User=0.00s Sys=0.00s Real=0.00s
[2025-06-03T15:51:51.589+0530][39.434s] GC(302) Pause Young (Normal) (G1 Evacuation Pause)
[2025-06-03T15:51:51.589+0530][39.434s] GC(302) Using 8 workers of 8 for evacuation
[2025-06-03T15:51:51.589+0530][39.435s] GC(302) Skipped phase 1 of Reference Processing: no references
[2025-06-03T15:51:51.589+0530][39.435s] GC(302) Skipped phase 2 of Reference Processing: no references
[2025-06-03T15:51:51.589+0530][39.435s] GC(302) Skipped phase 3 of Reference Processing: no references
[2025-06-03T15:51:51.589+0530][39.435s] GC(302) Skipped phase 4 of Reference Processing: no references
[2025-06-03T15:51:51.590+0530][39.435s] GC(302)   Pre Evacuate Collection Set: 0.1ms
[2025-06-03T15:51:51.590+0530][39.435s] GC(302)   Merge Heap Roots: 0.1ms
[2025-06-03T15:51:51.590+0530][39.435s] GC(302)   Evacuate Collection Set: 0.2ms
[2025-06-03T15:51:51.590+0530][39.435s] GC(302)   Post Evacuate Collection Set: 0.3ms
[2025-06-03T15:51:51.590+0530][39.435s] GC(302)   Other: 0.2ms
[2025-06-03T15:51:51.590+0530][39.435s] GC(302) Eden regions: 306->0(306)
[2025-06-03T15:51:51.590+0530][39.435s] GC(302) Survivor regions: 1->1(39)
[2025-06-03T15:51:51.590+0530][39.435s] GC(302) Old regions: 9->9
[2025-06-03T15:51:51.590+0530][39.435s] GC(302) Archive regions: 2->2
[2025-06-03T15:51:51.590+0530][39.435s] GC(302) Humongous regions: 0->0
[2025-06-03T15:51:51.590+0530][39.435s] GC(302) Metaspace: 20273K(20800K)->20273K(20800K) NonClass: 17687K(17984K)->17687K(17984K) Class: 2585K(2816K)->2585K(2816K)
[2025-06-03T15:51:51.590+0530][39.435s] GC(302) Pause Young (Normal) (G1 Evacuation Pause) 315M->9M(512M) 0.966ms
[2025-06-03T15:51:51.590+0530][39.435s] GC(302) User=0.00s Sys=0.01s Real=0.01s
[2025-06-03T15:51:51.687+0530][39.533s] GC(303) Pause Young (Normal) (G1 Evacuation Pause)
[2025-06-03T15:51:51.687+0530][39.533s] GC(303) Using 8 workers of 8 for evacuation
[2025-06-03T15:51:51.688+0530][39.533s] GC(303) Skipped phase 1 of Reference Processing: no references
[2025-06-03T15:51:51.688+0530][39.533s] GC(303) Skipped phase 2 of Reference Processing: no references
[2025-06-03T15:51:51.688+0530][39.533s] GC(303) Skipped phase 3 of Reference Processing: no references
[2025-06-03T15:51:51.688+0530][39.533s] GC(303) Skipped phase 4 of Reference Processing: no references
[2025-06-03T15:51:51.688+0530][39.533s] GC(303)   Pre Evacuate Collection Set: 0.1ms
[2025-06-03T15:51:51.688+0530][39.533s] GC(303)   Merge Heap Roots: 0.1ms
[2025-06-03T15:51:51.688+0530][39.533s] GC(303)   Evacuate Collection Set: 0.2ms
[2025-06-03T15:51:51.688+0530][39.533s] GC(303)   Post Evacuate Collection Set: 0.3ms
[2025-06-03T15:51:51.688+0530][39.533s] GC(303)   Other: 0.1ms
[2025-06-03T15:51:51.688+0530][39.533s] GC(303) Eden regions: 306->0(306)
[2025-06-03T15:51:51.688+0530][39.533s] GC(303) Survivor regions: 1->1(39)
[2025-06-03T15:51:51.688+0530][39.533s] GC(303) Old regions: 9->9
[2025-06-03T15:51:51.688+0530][39.533s] GC(303) Archive regions: 2->2
[2025-06-03T15:51:51.688+0530][39.533s] GC(303) Humongous regions: 0->0
[2025-06-03T15:51:51.688+0530][39.533s] GC(303) Metaspace: 20273K(20800K)->20273K(20800K) NonClass: 17687K(17984K)->17687K(17984K) Class: 2585K(2816K)->2585K(2816K)
[2025-06-03T15:51:51.688+0530][39.533s] GC(303) Pause Young (Normal) (G1 Evacuation Pause) 315M->9M(512M) 0.902ms
[2025-06-03T15:51:51.688+0530][39.533s] GC(303) User=0.00s Sys=0.00s Real=0.00s
[2025-06-03T15:51:51.784+0530][39.629s] GC(304) Pause Young (Normal) (G1 Evacuation Pause)
[2025-06-03T15:51:51.784+0530][39.629s] GC(304) Using 8 workers of 8 for evacuation
[2025-06-03T15:51:51.784+0530][39.630s] GC(304) Skipped phase 1 of Reference Processing: no references
[2025-06-03T15:51:51.784+0530][39.630s] GC(304) Skipped phase 2 of Reference Processing: no references
[2025-06-03T15:51:51.784+0530][39.630s] GC(304) Skipped phase 3 of Reference Processing: no references
[2025-06-03T15:51:51.784+0530][39.630s] GC(304) Skipped phase 4 of Reference Processing: no references
[2025-06-03T15:51:51.785+0530][39.630s] GC(304)   Pre Evacuate Collection Set: 0.0ms
[2025-06-03T15:51:51.785+0530][39.630s] GC(304)   Merge Heap Roots: 0.1ms
[2025-06-03T15:51:51.785+0530][39.630s] GC(304)   Evacuate Collection Set: 0.2ms
[2025-06-03T15:51:51.785+0530][39.630s] GC(304)   Post Evacuate Collection Set: 0.3ms
[2025-06-03T15:51:51.785+0530][39.630s] GC(304)   Other: 0.1ms
[2025-06-03T15:51:51.785+0530][39.630s] GC(304) Eden regions: 306->0(306)
[2025-06-03T15:51:51.785+0530][39.630s] GC(304) Survivor regions: 1->1(39)
[2025-06-03T15:51:51.785+0530][39.630s] GC(304) Old regions: 9->9
[2025-06-03T15:51:51.785+0530][39.630s] GC(304) Archive regions: 2->2
[2025-06-03T15:51:51.785+0530][39.630s] GC(304) Humongous regions: 0->0
[2025-06-03T15:51:51.785+0530][39.630s] GC(304) Metaspace: 20273K(20800K)->20273K(20800K) NonClass: 17687K(17984K)->17687K(17984K) Class: 2585K(2816K)->2585K(2816K)
[2025-06-03T15:51:51.785+0530][39.630s] GC(304) Pause Young (Normal) (G1 Evacuation Pause) 315M->9M(512M) 0.932ms
[2025-06-03T15:51:51.785+0530][39.630s] GC(304) User=0.00s Sys=0.00s Real=0.00s
[2025-06-03T15:51:51.881+0530][39.726s] GC(305) Pause Young (Normal) (G1 Evacuation Pause)
[2025-06-03T15:51:51.881+0530][39.726s] GC(305) Using 8 workers of 8 for evacuation
[2025-06-03T15:51:51.881+0530][39.727s] GC(305) Skipped phase 1 of Reference Processing: no references
[2025-06-03T15:51:51.881+0530][39.727s] GC(305) Skipped phase 2 of Reference Processing: no references
[2025-06-03T15:51:51.881+0530][39.727s] GC(305) Skipped phase 3 of Reference Processing: no references
[2025-06-03T15:51:51.881+0530][39.727s] GC(305) Skipped phase 4 of Reference Processing: no references
[2025-06-03T15:51:51.882+0530][39.727s] GC(305)   Pre Evacuate Collection Set: 0.1ms
[2025-06-03T15:51:51.882+0530][39.727s] GC(305)   Merge Heap Roots: 0.1ms
[2025-06-03T15:51:51.882+0530][39.727s] GC(305)   Evacuate Collection Set: 0.2ms
[2025-06-03T15:51:51.882+0530][39.727s] GC(305)   Post Evacuate Collection Set: 0.4ms
[2025-06-03T15:51:51.882+0530][39.727s] GC(305)   Other: 0.2ms
[2025-06-03T15:51:51.882+0530][39.727s] GC(305) Eden regions: 306->0(306)
[2025-06-03T15:51:51.882+0530][39.727s] GC(305) Survivor regions: 1->1(39)
[2025-06-03T15:51:51.882+0530][39.727s] GC(305) Old regions: 9->9
[2025-06-03T15:51:51.882+0530][39.727s] GC(305) Archive regions: 2->2
[2025-06-03T15:51:51.882+0530][39.727s] GC(305) Humongous regions: 0->0
[2025-06-03T15:51:51.882+0530][39.727s] GC(305) Metaspace: 20273K(20800K)->20273K(20800K) NonClass: 17687K(17984K)->17687K(17984K) Class: 2585K(2816K)->2585K(2816K)
[2025-06-03T15:51:51.882+0530][39.727s] GC(305) Pause Young (Normal) (G1 Evacuation Pause) 315M->9M(512M) 0.958ms
[2025-06-03T15:51:51.882+0530][39.727s] GC(305) User=0.00s Sys=0.00s Real=0.00s
[2025-06-03T15:51:51.980+0530][39.825s] GC(306) Pause Young (Normal) (G1 Evacuation Pause)
[2025-06-03T15:51:51.980+0530][39.825s] GC(306) Using 8 workers of 8 for evacuation
[2025-06-03T15:51:51.980+0530][39.825s] GC(306) Skipped phase 1 of Reference Processing: no references
[2025-06-03T15:51:51.980+0530][39.825s] GC(306) Skipped phase 2 of Reference Processing: no references
[2025-06-03T15:51:51.980+0530][39.825s] GC(306) Skipped phase 3 of Reference Processing: no references
[2025-06-03T15:51:51.980+0530][39.825s] GC(306) Skipped phase 4 of Reference Processing: no references
[2025-06-03T15:51:51.980+0530][39.826s] GC(306)   Pre Evacuate Collection Set: 0.1ms
[2025-06-03T15:51:51.980+0530][39.826s] GC(306)   Merge Heap Roots: 0.1ms
[2025-06-03T15:51:51.980+0530][39.826s] GC(306)   Evacuate Collection Set: 0.2ms
[2025-06-03T15:51:51.980+0530][39.826s] GC(306)   Post Evacuate Collection Set: 0.3ms
[2025-06-03T15:51:51.980+0530][39.826s] GC(306)   Other: 0.1ms
[2025-06-03T15:51:51.980+0530][39.826s] GC(306) Eden regions: 306->0(306)
[2025-06-03T15:51:51.980+0530][39.826s] GC(306) Survivor regions: 1->1(39)
[2025-06-03T15:51:51.980+0530][39.826s] GC(306) Old regions: 9->9
[2025-06-03T15:51:51.980+0530][39.826s] GC(306) Archive regions: 2->2
[2025-06-03T15:51:51.980+0530][39.826s] GC(306) Humongous regions: 0->0
[2025-06-03T15:51:51.980+0530][39.826s] GC(306) Metaspace: 20273K(20800K)->20273K(20800K) NonClass: 17687K(17984K)->17687K(17984K) Class: 2585K(2816K)->2585K(2816K)
[2025-06-03T15:51:51.980+0530][39.826s] GC(306) Pause Young (Normal) (G1 Evacuation Pause) 315M->9M(512M) 0.901ms
[2025-06-03T15:51:51.981+0530][39.826s] GC(306) User=0.00s Sys=0.00s Real=0.00s
[2025-06-03T15:51:52.078+0530][39.923s] GC(307) Pause Young (Normal) (G1 Evacuation Pause)
[2025-06-03T15:51:52.078+0530][39.923s] GC(307) Using 8 workers of 8 for evacuation
[2025-06-03T15:51:52.078+0530][39.923s] GC(307) Skipped phase 1 of Reference Processing: no references
[2025-06-03T15:51:52.078+0530][39.923s] GC(307) Skipped phase 2 of Reference Processing: no references
[2025-06-03T15:51:52.078+0530][39.923s] GC(307) Skipped phase 3 of Reference Processing: no references
[2025-06-03T15:51:52.078+0530][39.923s] GC(307) Skipped phase 4 of Reference Processing: no references
[2025-06-03T15:51:52.078+0530][39.924s] GC(307)   Pre Evacuate Collection Set: 0.1ms
[2025-06-03T15:51:52.078+0530][39.924s] GC(307)   Merge Heap Roots: 0.1ms
[2025-06-03T15:51:52.078+0530][39.924s] GC(307)   Evacuate Collection Set: 0.2ms
[2025-06-03T15:51:52.078+0530][39.924s] GC(307)   Post Evacuate Collection Set: 0.3ms
[2025-06-03T15:51:52.079+0530][39.924s] GC(307)   Other: 0.1ms
[2025-06-03T15:51:52.079+0530][39.924s] GC(307) Eden regions: 306->0(306)
[2025-06-03T15:51:52.079+0530][39.924s] GC(307) Survivor regions: 1->1(39)
[2025-06-03T15:51:52.079+0530][39.924s] GC(307) Old regions: 9->9
[2025-06-03T15:51:52.079+0530][39.924s] GC(307) Archive regions: 2->2
[2025-06-03T15:51:52.079+0530][39.924s] GC(307) Humongous regions: 0->0
[2025-06-03T15:51:52.079+0530][39.924s] GC(307) Metaspace: 20273K(20800K)->20273K(20800K) NonClass: 17687K(17984K)->17687K(17984K) Class: 2585K(2816K)->2585K(2816K)
[2025-06-03T15:51:52.079+0530][39.924s] GC(307) Pause Young (Normal) (G1 Evacuation Pause) 315M->9M(512M) 0.923ms
[2025-06-03T15:51:52.079+0530][39.924s] GC(307) User=0.00s Sys=0.00s Real=0.00s
[2025-06-03T15:51:52.182+0530][40.027s] GC(308) Pause Young (Normal) (G1 Evacuation Pause)
[2025-06-03T15:51:52.182+0530][40.027s] GC(308) Using 8 workers of 8 for evacuation
[2025-06-03T15:51:52.182+0530][40.028s] GC(308) Skipped phase 1 of Reference Processing: no references
[2025-06-03T15:51:52.182+0530][40.028s] GC(308) Skipped phase 2 of Reference Processing: no references
[2025-06-03T15:51:52.182+0530][40.028s] GC(308) Skipped phase 3 of Reference Processing: no references
[2025-06-03T15:51:52.182+0530][40.028s] GC(308) Skipped phase 4 of Reference Processing: no references
[2025-06-03T15:51:52.183+0530][40.028s] GC(308)   Pre Evacuate Collection Set: 0.1ms
[2025-06-03T15:51:52.183+0530][40.028s] GC(308)   Merge Heap Roots: 0.1ms
[2025-06-03T15:51:52.183+0530][40.028s] GC(308)   Evacuate Collection Set: 0.2ms
[2025-06-03T15:51:52.183+0530][40.028s] GC(308)   Post Evacuate Collection Set: 0.4ms
[2025-06-03T15:51:52.183+0530][40.028s] GC(308)   Other: 0.1ms
[2025-06-03T15:51:52.183+0530][40.028s] GC(308) Eden regions: 306->0(306)
[2025-06-03T15:51:52.183+0530][40.028s] GC(308) Survivor regions: 1->1(39)
[2025-06-03T15:51:52.183+0530][40.028s] GC(308) Old regions: 9->9
[2025-06-03T15:51:52.183+0530][40.028s] GC(308) Archive regions: 2->2
[2025-06-03T15:51:52.183+0530][40.028s] GC(308) Humongous regions: 0->0
[2025-06-03T15:51:52.183+0530][40.028s] GC(308) Metaspace: 20283K(20800K)->20283K(20800K) NonClass: 17697K(17984K)->17697K(17984K) Class: 2585K(2816K)->2585K(2816K)
[2025-06-03T15:51:52.183+0530][40.028s] GC(308) Pause Young (Normal) (G1 Evacuation Pause) 315M->9M(512M) 1.092ms
[2025-06-03T15:51:52.183+0530][40.028s] GC(308) User=0.00s Sys=0.00s Real=0.00s
[2025-06-03T15:51:52.302+0530][40.147s] GC(309) Pause Young (Normal) (G1 Evacuation Pause)
[2025-06-03T15:51:52.302+0530][40.147s] GC(309) Using 8 workers of 8 for evacuation
[2025-06-03T15:51:52.302+0530][40.148s] GC(309) Skipped phase 1 of Reference Processing: no references
[2025-06-03T15:51:52.302+0530][40.148s] GC(309) Skipped phase 2 of Reference Processing: no references
[2025-06-03T15:51:52.302+0530][40.148s] GC(309) Skipped phase 3 of Reference Processing: no references
[2025-06-03T15:51:52.302+0530][40.148s] GC(309) Skipped phase 4 of Reference Processing: no references
[2025-06-03T15:51:52.303+0530][40.148s] GC(309)   Pre Evacuate Collection Set: 0.1ms
[2025-06-03T15:51:52.303+0530][40.148s] GC(309)   Merge Heap Roots: 0.1ms
[2025-06-03T15:51:52.303+0530][40.148s] GC(309)   Evacuate Collection Set: 0.2ms
[2025-06-03T15:51:52.303+0530][40.148s] GC(309)   Post Evacuate Collection Set: 0.4ms
[2025-06-03T15:51:52.303+0530][40.148s] GC(309)   Other: 0.2ms
[2025-06-03T15:51:52.303+0530][40.148s] GC(309) Eden regions: 306->0(306)
[2025-06-03T15:51:52.303+0530][40.148s] GC(309) Survivor regions: 1->1(39)
[2025-06-03T15:51:52.303+0530][40.148s] GC(309) Old regions: 9->9
[2025-06-03T15:51:52.303+0530][40.148s] GC(309) Archive regions: 2->2
[2025-06-03T15:51:52.303+0530][40.148s] GC(309) Humongous regions: 0->0
[2025-06-03T15:51:52.303+0530][40.148s] GC(309) Metaspace: 20283K(20800K)->20283K(20800K) NonClass: 17697K(17984K)->17697K(17984K) Class: 2585K(2816K)->2585K(2816K)
[2025-06-03T15:51:52.303+0530][40.148s] GC(309) Pause Young (Normal) (G1 Evacuation Pause) 315M->9M(512M) 1.078ms
[2025-06-03T15:51:52.303+0530][40.148s] GC(309) User=0.00s Sys=0.00s Real=0.00s
[2025-06-03T15:51:52.421+0530][40.266s] GC(310) Pause Young (Normal) (G1 Evacuation Pause)
[2025-06-03T15:51:52.421+0530][40.266s] GC(310) Using 8 workers of 8 for evacuation
[2025-06-03T15:51:52.421+0530][40.267s] GC(310) Skipped phase 1 of Reference Processing: no references
[2025-06-03T15:51:52.421+0530][40.267s] GC(310) Skipped phase 2 of Reference Processing: no references
[2025-06-03T15:51:52.421+0530][40.267s] GC(310) Skipped phase 3 of Reference Processing: no references
[2025-06-03T15:51:52.421+0530][40.267s] GC(310) Skipped phase 4 of Reference Processing: no references
[2025-06-03T15:51:52.422+0530][40.267s] GC(310)   Pre Evacuate Collection Set: 0.1ms
[2025-06-03T15:51:52.422+0530][40.267s] GC(310)   Merge Heap Roots: 0.1ms
[2025-06-03T15:51:52.422+0530][40.267s] GC(310)   Evacuate Collection Set: 0.2ms
[2025-06-03T15:51:52.422+0530][40.267s] GC(310)   Post Evacuate Collection Set: 0.4ms
[2025-06-03T15:51:52.422+0530][40.267s] GC(310)   Other: 0.2ms
[2025-06-03T15:51:52.422+0530][40.267s] GC(310) Eden regions: 306->0(306)
[2025-06-03T15:51:52.422+0530][40.267s] GC(310) Survivor regions: 1->1(39)
[2025-06-03T15:51:52.422+0530][40.267s] GC(310) Old regions: 9->9
[2025-06-03T15:51:52.422+0530][40.267s] GC(310) Archive regions: 2->2
[2025-06-03T15:51:52.422+0530][40.267s] GC(310) Humongous regions: 0->0
[2025-06-03T15:51:52.422+0530][40.267s] GC(310) Metaspace: 20283K(20800K)->20283K(20800K) NonClass: 17697K(17984K)->17697K(17984K) Class: 2585K(2816K)->2585K(2816K)
[2025-06-03T15:51:52.422+0530][40.267s] GC(310) Pause Young (Normal) (G1 Evacuation Pause) 315M->9M(512M) 1.029ms
[2025-06-03T15:51:52.422+0530][40.267s] GC(310) User=0.00s Sys=0.00s Real=0.00s
[2025-06-03T15:51:52.534+0530][40.379s] GC(311) Pause Young (Normal) (G1 Evacuation Pause)
[2025-06-03T15:51:52.534+0530][40.379s] GC(311) Using 8 workers of 8 for evacuation
[2025-06-03T15:51:52.534+0530][40.380s] GC(311) Skipped phase 1 of Reference Processing: no references
[2025-06-03T15:51:52.534+0530][40.380s] GC(311) Skipped phase 2 of Reference Processing: no references
[2025-06-03T15:51:52.534+0530][40.380s] GC(311) Skipped phase 3 of Reference Processing: no references
[2025-06-03T15:51:52.534+0530][40.380s] GC(311) Skipped phase 4 of Reference Processing: no references
[2025-06-03T15:51:52.535+0530][40.380s] GC(311)   Pre Evacuate Collection Set: 0.1ms
[2025-06-03T15:51:52.535+0530][40.380s] GC(311)   Merge Heap Roots: 0.1ms
[2025-06-03T15:51:52.535+0530][40.380s] GC(311)   Evacuate Collection Set: 0.2ms
[2025-06-03T15:51:52.535+0530][40.380s] GC(311)   Post Evacuate Collection Set: 0.4ms
[2025-06-03T15:51:52.535+0530][40.380s] GC(311)   Other: 0.2ms
[2025-06-03T15:51:52.535+0530][40.380s] GC(311) Eden regions: 306->0(306)
[2025-06-03T15:51:52.535+0530][40.380s] GC(311) Survivor regions: 1->1(39)
[2025-06-03T15:51:52.535+0530][40.380s] GC(311) Old regions: 9->9
[2025-06-03T15:51:52.535+0530][40.380s] GC(311) Archive regions: 2->2
[2025-06-03T15:51:52.535+0530][40.380s] GC(311) Humongous regions: 0->0
[2025-06-03T15:51:52.535+0530][40.380s] GC(311) Metaspace: 20283K(20800K)->20283K(20800K) NonClass: 17697K(17984K)->17697K(17984K) Class: 2585K(2816K)->2585K(2816K)
[2025-06-03T15:51:52.535+0530][40.380s] GC(311) Pause Young (Normal) (G1 Evacuation Pause) 315M->9M(512M) 1.195ms
[2025-06-03T15:51:52.535+0530][40.380s] GC(311) User=0.00s Sys=0.00s Real=0.00s
[2025-06-03T15:51:52.642+0530][40.487s] GC(312) Pause Young (Normal) (G1 Evacuation Pause)
[2025-06-03T15:51:52.642+0530][40.487s] GC(312) Using 8 workers of 8 for evacuation
[2025-06-03T15:51:52.643+0530][40.488s] GC(312) Skipped phase 1 of Reference Processing: no references
[2025-06-03T15:51:52.643+0530][40.488s] GC(312) Skipped phase 2 of Reference Processing: no references
[2025-06-03T15:51:52.643+0530][40.488s] GC(312) Skipped phase 3 of Reference Processing: no references
[2025-06-03T15:51:52.643+0530][40.488s] GC(312) Skipped phase 4 of Reference Processing: no references
[2025-06-03T15:51:52.643+0530][40.488s] GC(312)   Pre Evacuate Collection Set: 0.1ms
[2025-06-03T15:51:52.643+0530][40.488s] GC(312)   Merge Heap Roots: 0.1ms
[2025-06-03T15:51:52.643+0530][40.488s] GC(312)   Evacuate Collection Set: 0.2ms
[2025-06-03T15:51:52.643+0530][40.488s] GC(312)   Post Evacuate Collection Set: 0.4ms
[2025-06-03T15:51:52.643+0530][40.488s] GC(312)   Other: 0.1ms
[2025-06-03T15:51:52.643+0530][40.488s] GC(312) Eden regions: 306->0(306)
[2025-06-03T15:51:52.643+0530][40.488s] GC(312) Survivor regions: 1->1(39)
[2025-06-03T15:51:52.643+0530][40.488s] GC(312) Old regions: 9->9
[2025-06-03T15:51:52.643+0530][40.488s] GC(312) Archive regions: 2->2
[2025-06-03T15:51:52.643+0530][40.488s] GC(312) Humongous regions: 0->0
[2025-06-03T15:51:52.643+0530][40.488s] GC(312) Metaspace: 20283K(20800K)->20283K(20800K) NonClass: 17697K(17984K)->17697K(17984K) Class: 2585K(2816K)->2585K(2816K)
[2025-06-03T15:51:52.643+0530][40.488s] GC(312) Pause Young (Normal) (G1 Evacuation Pause) 315M->9M(512M) 0.958ms
[2025-06-03T15:51:52.643+0530][40.488s] GC(312) User=0.01s Sys=0.00s Real=0.00s
[2025-06-03T15:51:52.740+0530][40.585s] GC(313) Pause Young (Normal) (G1 Evacuation Pause)
[2025-06-03T15:51:52.740+0530][40.585s] GC(313) Using 8 workers of 8 for evacuation
[2025-06-03T15:51:52.740+0530][40.585s] GC(313) Skipped phase 1 of Reference Processing: no references
[2025-06-03T15:51:52.740+0530][40.585s] GC(313) Skipped phase 2 of Reference Processing: no references
[2025-06-03T15:51:52.740+0530][40.585s] GC(313) Skipped phase 3 of Reference Processing: no references
[2025-06-03T15:51:52.740+0530][40.585s] GC(313) Skipped phase 4 of Reference Processing: no references
[2025-06-03T15:51:52.740+0530][40.586s] GC(313)   Pre Evacuate Collection Set: 0.1ms
[2025-06-03T15:51:52.740+0530][40.586s] GC(313)   Merge Heap Roots: 0.1ms
[2025-06-03T15:51:52.740+0530][40.586s] GC(313)   Evacuate Collection Set: 0.2ms
[2025-06-03T15:51:52.740+0530][40.586s] GC(313)   Post Evacuate Collection Set: 0.3ms
[2025-06-03T15:51:52.740+0530][40.586s] GC(313)   Other: 0.1ms
[2025-06-03T15:51:52.740+0530][40.586s] GC(313) Eden regions: 306->0(306)
[2025-06-03T15:51:52.740+0530][40.586s] GC(313) Survivor regions: 1->1(39)
[2025-06-03T15:51:52.740+0530][40.586s] GC(313) Old regions: 9->9
[2025-06-03T15:51:52.740+0530][40.586s] GC(313) Archive regions: 2->2
[2025-06-03T15:51:52.740+0530][40.586s] GC(313) Humongous regions: 0->0
[2025-06-03T15:51:52.740+0530][40.586s] GC(313) Metaspace: 20283K(20800K)->20283K(20800K) NonClass: 17697K(17984K)->17697K(17984K) Class: 2585K(2816K)->2585K(2816K)
[2025-06-03T15:51:52.740+0530][40.586s] GC(313) Pause Young (Normal) (G1 Evacuation Pause) 315M->9M(512M) 0.884ms
[2025-06-03T15:51:52.740+0530][40.586s] GC(313) User=0.00s Sys=0.00s Real=0.00s
[2025-06-03T15:51:52.839+0530][40.684s] GC(314) Pause Young (Normal) (G1 Evacuation Pause)
[2025-06-03T15:51:52.839+0530][40.684s] GC(314) Using 8 workers of 8 for evacuation
[2025-06-03T15:51:52.839+0530][40.684s] GC(314) Skipped phase 1 of Reference Processing: no references
[2025-06-03T15:51:52.839+0530][40.685s] GC(314) Skipped phase 2 of Reference Processing: no references
[2025-06-03T15:51:52.839+0530][40.685s] GC(314) Skipped phase 3 of Reference Processing: no references
[2025-06-03T15:51:52.839+0530][40.685s] GC(314) Skipped phase 4 of Reference Processing: no references
[2025-06-03T15:51:52.839+0530][40.685s] GC(314)   Pre Evacuate Collection Set: 0.1ms
[2025-06-03T15:51:52.840+0530][40.685s] GC(314)   Merge Heap Roots: 0.1ms
[2025-06-03T15:51:52.840+0530][40.685s] GC(314)   Evacuate Collection Set: 0.2ms
[2025-06-03T15:51:52.840+0530][40.685s] GC(314)   Post Evacuate Collection Set: 0.4ms
[2025-06-03T15:51:52.840+0530][40.685s] GC(314)   Other: 0.1ms
[2025-06-03T15:51:52.840+0530][40.685s] GC(314) Eden regions: 306->0(306)
[2025-06-03T15:51:52.840+0530][40.685s] GC(314) Survivor regions: 1->1(39)
[2025-06-03T15:51:52.840+0530][40.685s] GC(314) Old regions: 9->9
[2025-06-03T15:51:52.840+0530][40.685s] GC(314) Archive regions: 2->2
[2025-06-03T15:51:52.840+0530][40.685s] GC(314) Humongous regions: 0->0
[2025-06-03T15:51:52.840+0530][40.685s] GC(314) Metaspace: 20283K(20800K)->20283K(20800K) NonClass: 17697K(17984K)->17697K(17984K) Class: 2585K(2816K)->2585K(2816K)
[2025-06-03T15:51:52.840+0530][40.685s] GC(314) Pause Young (Normal) (G1 Evacuation Pause) 315M->9M(512M) 0.956ms
[2025-06-03T15:51:52.840+0530][40.685s] GC(314) User=0.00s Sys=0.00s Real=0.01s
[2025-06-03T15:51:52.939+0530][40.784s] GC(315) Pause Young (Normal) (G1 Evacuation Pause)
[2025-06-03T15:51:52.939+0530][40.784s] GC(315) Using 8 workers of 8 for evacuation
[2025-06-03T15:51:52.939+0530][40.785s] GC(315) Skipped phase 1 of Reference Processing: no references
[2025-06-03T15:51:52.939+0530][40.785s] GC(315) Skipped phase 2 of Reference Processing: no references
[2025-06-03T15:51:52.939+0530][40.785s] GC(315) Skipped phase 3 of Reference Processing: no references
[2025-06-03T15:51:52.939+0530][40.785s] GC(315) Skipped phase 4 of Reference Processing: no references
[2025-06-03T15:51:52.940+0530][40.785s] GC(315)   Pre Evacuate Collection Set: 0.1ms
[2025-06-03T15:51:52.940+0530][40.785s] GC(315)   Merge Heap Roots: 0.1ms
[2025-06-03T15:51:52.940+0530][40.785s] GC(315)   Evacuate Collection Set: 0.2ms
[2025-06-03T15:51:52.940+0530][40.785s] GC(315)   Post Evacuate Collection Set: 0.4ms
[2025-06-03T15:51:52.940+0530][40.785s] GC(315)   Other: 0.1ms
[2025-06-03T15:51:52.940+0530][40.785s] GC(315) Eden regions: 306->0(306)
[2025-06-03T15:51:52.940+0530][40.785s] GC(315) Survivor regions: 1->1(39)
[2025-06-03T15:51:52.940+0530][40.785s] GC(315) Old regions: 9->9
[2025-06-03T15:51:52.940+0530][40.785s] GC(315) Archive regions: 2->2
[2025-06-03T15:51:52.940+0530][40.785s] GC(315) Humongous regions: 0->0
[2025-06-03T15:51:52.940+0530][40.785s] GC(315) Metaspace: 20283K(20800K)->20283K(20800K) NonClass: 17697K(17984K)->17697K(17984K) Class: 2585K(2816K)->2585K(2816K)
[2025-06-03T15:51:52.940+0530][40.785s] GC(315) Pause Young (Normal) (G1 Evacuation Pause) 315M->9M(512M) 1.040ms
[2025-06-03T15:51:52.940+0530][40.785s] GC(315) User=0.00s Sys=0.00s Real=0.01s
[2025-06-03T15:51:53.055+0530][40.900s] GC(316) Pause Young (Normal) (G1 Evacuation Pause)
[2025-06-03T15:51:53.055+0530][40.900s] GC(316) Using 8 workers of 8 for evacuation
[2025-06-03T15:51:53.055+0530][40.901s] GC(316) Skipped phase 1 of Reference Processing: no references
[2025-06-03T15:51:53.056+0530][40.901s] GC(316) Skipped phase 2 of Reference Processing: no references
[2025-06-03T15:51:53.056+0530][40.901s] GC(316) Skipped phase 3 of Reference Processing: no references
[2025-06-03T15:51:53.056+0530][40.901s] GC(316) Skipped phase 4 of Reference Processing: no references
[2025-06-03T15:51:53.056+0530][40.901s] GC(316)   Pre Evacuate Collection Set: 0.1ms
[2025-06-03T15:51:53.056+0530][40.901s] GC(316)   Merge Heap Roots: 0.1ms
[2025-06-03T15:51:53.056+0530][40.901s] GC(316)   Evacuate Collection Set: 0.3ms
[2025-06-03T15:51:53.056+0530][40.901s] GC(316)   Post Evacuate Collection Set: 0.5ms
[2025-06-03T15:51:53.056+0530][40.901s] GC(316)   Other: 0.2ms
[2025-06-03T15:51:53.056+0530][40.902s] GC(316) Eden regions: 306->0(306)
[2025-06-03T15:51:53.056+0530][40.902s] GC(316) Survivor regions: 1->1(39)
[2025-06-03T15:51:53.056+0530][40.902s] GC(316) Old regions: 9->9
[2025-06-03T15:51:53.056+0530][40.902s] GC(316) Archive regions: 2->2
[2025-06-03T15:51:53.056+0530][40.902s] GC(316) Humongous regions: 0->0
[2025-06-03T15:51:53.056+0530][40.902s] GC(316) Metaspace: 20283K(20800K)->20283K(20800K) NonClass: 17697K(17984K)->17697K(17984K) Class: 2585K(2816K)->2585K(2816K)
[2025-06-03T15:51:53.056+0530][40.902s] GC(316) Pause Young (Normal) (G1 Evacuation Pause) 315M->9M(512M) 1.348ms
[2025-06-03T15:51:53.056+0530][40.902s] GC(316) User=0.00s Sys=0.00s Real=0.00s
[2025-06-03T15:51:53.190+0530][41.036s] GC(317) Pause Young (Normal) (G1 Evacuation Pause)
[2025-06-03T15:51:53.190+0530][41.036s] GC(317) Using 8 workers of 8 for evacuation
[2025-06-03T15:51:53.191+0530][41.036s] GC(317) Skipped phase 1 of Reference Processing: no references
[2025-06-03T15:51:53.191+0530][41.036s] GC(317) Skipped phase 2 of Reference Processing: no references
[2025-06-03T15:51:53.191+0530][41.036s] GC(317) Skipped phase 3 of Reference Processing: no references
[2025-06-03T15:51:53.191+0530][41.036s] GC(317) Skipped phase 4 of Reference Processing: no references
[2025-06-03T15:51:53.191+0530][41.036s] GC(317)   Pre Evacuate Collection Set: 0.1ms
[2025-06-03T15:51:53.191+0530][41.036s] GC(317)   Merge Heap Roots: 0.1ms
[2025-06-03T15:51:53.191+0530][41.036s] GC(317)   Evacuate Collection Set: 0.2ms
[2025-06-03T15:51:53.191+0530][41.036s] GC(317)   Post Evacuate Collection Set: 0.4ms
[2025-06-03T15:51:53.191+0530][41.036s] GC(317)   Other: 0.1ms
[2025-06-03T15:51:53.191+0530][41.036s] GC(317) Eden regions: 306->0(306)
[2025-06-03T15:51:53.191+0530][41.036s] GC(317) Survivor regions: 1->1(39)
[2025-06-03T15:51:53.191+0530][41.036s] GC(317) Old regions: 9->9
[2025-06-03T15:51:53.191+0530][41.036s] GC(317) Archive regions: 2->2
[2025-06-03T15:51:53.191+0530][41.036s] GC(317) Humongous regions: 0->0
[2025-06-03T15:51:53.191+0530][41.036s] GC(317) Metaspace: 20284K(20800K)->20284K(20800K) NonClass: 17698K(17984K)->17698K(17984K) Class: 2585K(2816K)->2585K(2816K)
[2025-06-03T15:51:53.191+0530][41.036s] GC(317) Pause Young (Normal) (G1 Evacuation Pause) 315M->9M(512M) 0.952ms
[2025-06-03T15:51:53.191+0530][41.037s] GC(317) User=0.00s Sys=0.00s Real=0.00s
[2025-06-03T15:51:53.315+0530][41.161s] GC(318) Pause Young (Normal) (G1 Evacuation Pause)
[2025-06-03T15:51:53.315+0530][41.161s] GC(318) Using 8 workers of 8 for evacuation
[2025-06-03T15:51:53.316+0530][41.161s] GC(318) Skipped phase 1 of Reference Processing: no references
[2025-06-03T15:51:53.316+0530][41.161s] GC(318) Skipped phase 2 of Reference Processing: no references
[2025-06-03T15:51:53.316+0530][41.161s] GC(318) Skipped phase 3 of Reference Processing: no references
[2025-06-03T15:51:53.316+0530][41.161s] GC(318) Skipped phase 4 of Reference Processing: no references
[2025-06-03T15:51:53.316+0530][41.162s] GC(318)   Pre Evacuate Collection Set: 0.1ms
[2025-06-03T15:51:53.316+0530][41.162s] GC(318)   Merge Heap Roots: 0.1ms
[2025-06-03T15:51:53.316+0530][41.162s] GC(318)   Evacuate Collection Set: 0.1ms
[2025-06-03T15:51:53.316+0530][41.162s] GC(318)   Post Evacuate Collection Set: 0.5ms
[2025-06-03T15:51:53.316+0530][41.162s] GC(318)   Other: 0.2ms
[2025-06-03T15:51:53.316+0530][41.162s] GC(318) Eden regions: 306->0(306)
[2025-06-03T15:51:53.316+0530][41.162s] GC(318) Survivor regions: 1->1(39)
[2025-06-03T15:51:53.316+0530][41.162s] GC(318) Old regions: 9->9
[2025-06-03T15:51:53.316+0530][41.162s] GC(318) Archive regions: 2->2
[2025-06-03T15:51:53.316+0530][41.162s] GC(318) Humongous regions: 0->0
[2025-06-03T15:51:53.316+0530][41.162s] GC(318) Metaspace: 20284K(20800K)->20284K(20800K) NonClass: 17698K(17984K)->17698K(17984K) Class: 2585K(2816K)->2585K(2816K)
[2025-06-03T15:51:53.316+0530][41.162s] GC(318) Pause Young (Normal) (G1 Evacuation Pause) 315M->9M(512M) 1.051ms
[2025-06-03T15:51:53.316+0530][41.162s] GC(318) User=0.00s Sys=0.00s Real=0.00s
[2025-06-03T15:51:53.427+0530][41.272s] GC(319) Pause Young (Normal) (G1 Evacuation Pause)
[2025-06-03T15:51:53.427+0530][41.273s] GC(319) Using 8 workers of 8 for evacuation
[2025-06-03T15:51:53.428+0530][41.273s] GC(319) Skipped phase 1 of Reference Processing: no references
[2025-06-03T15:51:53.428+0530][41.273s] GC(319) Skipped phase 2 of Reference Processing: no references
[2025-06-03T15:51:53.428+0530][41.273s] GC(319) Skipped phase 3 of Reference Processing: no references
[2025-06-03T15:51:53.428+0530][41.273s] GC(319) Skipped phase 4 of Reference Processing: no references
[2025-06-03T15:51:53.428+0530][41.273s] GC(319)   Pre Evacuate Collection Set: 0.1ms
[2025-06-03T15:51:53.428+0530][41.273s] GC(319)   Merge Heap Roots: 0.1ms
[2025-06-03T15:51:53.428+0530][41.273s] GC(319)   Evacuate Collection Set: 0.2ms
[2025-06-03T15:51:53.428+0530][41.273s] GC(319)   Post Evacuate Collection Set: 0.4ms
[2025-06-03T15:51:53.428+0530][41.273s] GC(319)   Other: 0.2ms
[2025-06-03T15:51:53.428+0530][41.273s] GC(319) Eden regions: 306->0(306)
[2025-06-03T15:51:53.428+0530][41.273s] GC(319) Survivor regions: 1->1(39)
[2025-06-03T15:51:53.428+0530][41.273s] GC(319) Old regions: 9->9
[2025-06-03T15:51:53.428+0530][41.273s] GC(319) Archive regions: 2->2
[2025-06-03T15:51:53.428+0530][41.274s] GC(319) Humongous regions: 0->0
[2025-06-03T15:51:53.428+0530][41.274s] GC(319) Metaspace: 20284K(20800K)->20284K(20800K) NonClass: 17698K(17984K)->17698K(17984K) Class: 2585K(2816K)->2585K(2816K)
[2025-06-03T15:51:53.428+0530][41.274s] GC(319) Pause Young (Normal) (G1 Evacuation Pause) 315M->9M(512M) 1.094ms
[2025-06-03T15:51:53.428+0530][41.274s] GC(319) User=0.00s Sys=0.01s Real=0.00s
[2025-06-03T15:51:53.541+0530][41.387s] GC(320) Pause Young (Normal) (G1 Evacuation Pause)
[2025-06-03T15:51:53.542+0530][41.387s] GC(320) Using 8 workers of 8 for evacuation
[2025-06-03T15:51:53.542+0530][41.387s] GC(320) Skipped phase 1 of Reference Processing: no references
[2025-06-03T15:51:53.542+0530][41.387s] GC(320) Skipped phase 2 of Reference Processing: no references
[2025-06-03T15:51:53.542+0530][41.387s] GC(320) Skipped phase 3 of Reference Processing: no references
[2025-06-03T15:51:53.542+0530][41.387s] GC(320) Skipped phase 4 of Reference Processing: no references
[2025-06-03T15:51:53.542+0530][41.388s] GC(320)   Pre Evacuate Collection Set: 0.1ms
[2025-06-03T15:51:53.542+0530][41.388s] GC(320)   Merge Heap Roots: 0.1ms
[2025-06-03T15:51:53.542+0530][41.388s] GC(320)   Evacuate Collection Set: 0.2ms
[2025-06-03T15:51:53.542+0530][41.388s] GC(320)   Post Evacuate Collection Set: 0.4ms
[2025-06-03T15:51:53.542+0530][41.388s] GC(320)   Other: 0.2ms
[2025-06-03T15:51:53.542+0530][41.388s] GC(320) Eden regions: 306->0(306)
[2025-06-03T15:51:53.542+0530][41.388s] GC(320) Survivor regions: 1->1(39)
[2025-06-03T15:51:53.542+0530][41.388s] GC(320) Old regions: 9->9
[2025-06-03T15:51:53.542+0530][41.388s] GC(320) Archive regions: 2->2
[2025-06-03T15:51:53.542+0530][41.388s] GC(320) Humongous regions: 0->0
[2025-06-03T15:51:53.543+0530][41.388s] GC(320) Metaspace: 20284K(20800K)->20284K(20800K) NonClass: 17698K(17984K)->17698K(17984K) Class: 2585K(2816K)->2585K(2816K)
[2025-06-03T15:51:53.543+0530][41.388s] GC(320) Pause Young (Normal) (G1 Evacuation Pause) 315M->9M(512M) 1.075ms
[2025-06-03T15:51:53.543+0530][41.388s] GC(320) User=0.00s Sys=0.00s Real=0.00s
[2025-06-03T15:51:53.651+0530][41.496s] GC(321) Pause Young (Normal) (G1 Evacuation Pause)
[2025-06-03T15:51:53.651+0530][41.496s] GC(321) Using 8 workers of 8 for evacuation
[2025-06-03T15:51:53.651+0530][41.496s] GC(321) Skipped phase 1 of Reference Processing: no references
[2025-06-03T15:51:53.651+0530][41.496s] GC(321) Skipped phase 2 of Reference Processing: no references
[2025-06-03T15:51:53.651+0530][41.496s] GC(321) Skipped phase 3 of Reference Processing: no references
[2025-06-03T15:51:53.651+0530][41.496s] GC(321) Skipped phase 4 of Reference Processing: no references
[2025-06-03T15:51:53.651+0530][41.497s] GC(321)   Pre Evacuate Collection Set: 0.1ms
[2025-06-03T15:51:53.651+0530][41.497s] GC(321)   Merge Heap Roots: 0.1ms
[2025-06-03T15:51:53.652+0530][41.497s] GC(321)   Evacuate Collection Set: 0.2ms
[2025-06-03T15:51:53.652+0530][41.497s] GC(321)   Post Evacuate Collection Set: 0.3ms
[2025-06-03T15:51:53.652+0530][41.497s] GC(321)   Other: 0.1ms
[2025-06-03T15:51:53.652+0530][41.497s] GC(321) Eden regions: 306->0(306)
[2025-06-03T15:51:53.652+0530][41.497s] GC(321) Survivor regions: 1->1(39)
[2025-06-03T15:51:53.652+0530][41.497s] GC(321) Old regions: 9->9
[2025-06-03T15:51:53.652+0530][41.497s] GC(321) Archive regions: 2->2
[2025-06-03T15:51:53.652+0530][41.497s] GC(321) Humongous regions: 0->0
[2025-06-03T15:51:53.652+0530][41.497s] GC(321) Metaspace: 20284K(20800K)->20284K(20800K) NonClass: 17698K(17984K)->17698K(17984K) Class: 2585K(2816K)->2585K(2816K)
[2025-06-03T15:51:53.652+0530][41.497s] GC(321) Pause Young (Normal) (G1 Evacuation Pause) 315M->9M(512M) 0.974ms
[2025-06-03T15:51:53.652+0530][41.497s] GC(321) User=0.00s Sys=0.00s Real=0.00s
[2025-06-03T15:51:53.757+0530][41.602s] GC(322) Pause Young (Normal) (G1 Evacuation Pause)
[2025-06-03T15:51:53.757+0530][41.602s] GC(322) Using 8 workers of 8 for evacuation
[2025-06-03T15:51:53.757+0530][41.603s] GC(322) Skipped phase 1 of Reference Processing: no references
[2025-06-03T15:51:53.757+0530][41.603s] GC(322) Skipped phase 2 of Reference Processing: no references
[2025-06-03T15:51:53.758+0530][41.603s] GC(322) Skipped phase 3 of Reference Processing: no references
[2025-06-03T15:51:53.758+0530][41.603s] GC(322) Skipped phase 4 of Reference Processing: no references
[2025-06-03T15:51:53.758+0530][41.603s] GC(322)   Pre Evacuate Collection Set: 0.1ms
[2025-06-03T15:51:53.758+0530][41.603s] GC(322)   Merge Heap Roots: 0.1ms
[2025-06-03T15:51:53.758+0530][41.603s] GC(322)   Evacuate Collection Set: 0.2ms
[2025-06-03T15:51:53.758+0530][41.603s] GC(322)   Post Evacuate Collection Set: 0.5ms
[2025-06-03T15:51:53.758+0530][41.603s] GC(322)   Other: 0.2ms
[2025-06-03T15:51:53.758+0530][41.603s] GC(322) Eden regions: 306->0(306)
[2025-06-03T15:51:53.758+0530][41.603s] GC(322) Survivor regions: 1->1(39)
[2025-06-03T15:51:53.758+0530][41.603s] GC(322) Old regions: 9->9
[2025-06-03T15:51:53.758+0530][41.603s] GC(322) Archive regions: 2->2
[2025-06-03T15:51:53.758+0530][41.603s] GC(322) Humongous regions: 0->0
[2025-06-03T15:51:53.758+0530][41.603s] GC(322) Metaspace: 20284K(20800K)->20284K(20800K) NonClass: 17698K(17984K)->17698K(17984K) Class: 2585K(2816K)->2585K(2816K)
[2025-06-03T15:51:53.758+0530][41.603s] GC(322) Pause Young (Normal) (G1 Evacuation Pause) 315M->9M(512M) 1.155ms
[2025-06-03T15:51:53.758+0530][41.604s] GC(322) User=0.01s Sys=0.01s Real=0.00s
[2025-06-03T15:51:53.862+0530][41.708s] GC(323) Pause Young (Normal) (G1 Evacuation Pause)
[2025-06-03T15:51:53.863+0530][41.708s] GC(323) Using 8 workers of 8 for evacuation
[2025-06-03T15:51:53.863+0530][41.708s] GC(323) Skipped phase 1 of Reference Processing: no references
[2025-06-03T15:51:53.863+0530][41.708s] GC(323) Skipped phase 2 of Reference Processing: no references
[2025-06-03T15:51:53.863+0530][41.708s] GC(323) Skipped phase 3 of Reference Processing: no references
[2025-06-03T15:51:53.863+0530][41.708s] GC(323) Skipped phase 4 of Reference Processing: no references
[2025-06-03T15:51:53.863+0530][41.709s] GC(323)   Pre Evacuate Collection Set: 0.1ms
[2025-06-03T15:51:53.863+0530][41.709s] GC(323)   Merge Heap Roots: 0.1ms
[2025-06-03T15:51:53.863+0530][41.709s] GC(323)   Evacuate Collection Set: 0.2ms
[2025-06-03T15:51:53.863+0530][41.709s] GC(323)   Post Evacuate Collection Set: 0.3ms
[2025-06-03T15:51:53.863+0530][41.709s] GC(323)   Other: 0.1ms
[2025-06-03T15:51:53.863+0530][41.709s] GC(323) Eden regions: 306->0(306)
[2025-06-03T15:51:53.863+0530][41.709s] GC(323) Survivor regions: 1->1(39)
[2025-06-03T15:51:53.863+0530][41.709s] GC(323) Old regions: 9->9
[2025-06-03T15:51:53.863+0530][41.709s] GC(323) Archive regions: 2->2
[2025-06-03T15:51:53.863+0530][41.709s] GC(323) Humongous regions: 0->0
[2025-06-03T15:51:53.863+0530][41.709s] GC(323) Metaspace: 20284K(20800K)->20284K(20800K) NonClass: 17698K(17984K)->17698K(17984K) Class: 2585K(2816K)->2585K(2816K)
[2025-06-03T15:51:53.863+0530][41.709s] GC(323) Pause Young (Normal) (G1 Evacuation Pause) 315M->9M(512M) 0.954ms
[2025-06-03T15:51:53.863+0530][41.709s] GC(323) User=0.00s Sys=0.00s Real=0.00s
[2025-06-03T15:51:53.961+0530][41.806s] GC(324) Pause Young (Normal) (G1 Evacuation Pause)
[2025-06-03T15:51:53.961+0530][41.807s] GC(324) Using 8 workers of 8 for evacuation
[2025-06-03T15:51:53.961+0530][41.807s] GC(324) Skipped phase 1 of Reference Processing: no references
[2025-06-03T15:51:53.961+0530][41.807s] GC(324) Skipped phase 2 of Reference Processing: no references
[2025-06-03T15:51:53.961+0530][41.807s] GC(324) Skipped phase 3 of Reference Processing: no references
[2025-06-03T15:51:53.961+0530][41.807s] GC(324) Skipped phase 4 of Reference Processing: no references
[2025-06-03T15:51:53.962+0530][41.807s] GC(324)   Pre Evacuate Collection Set: 0.0ms
[2025-06-03T15:51:53.962+0530][41.807s] GC(324)   Merge Heap Roots: 0.1ms
[2025-06-03T15:51:53.962+0530][41.807s] GC(324)   Evacuate Collection Set: 0.1ms
[2025-06-03T15:51:53.962+0530][41.807s] GC(324)   Post Evacuate Collection Set: 0.3ms
[2025-06-03T15:51:53.962+0530][41.807s] GC(324)   Other: 0.1ms
[2025-06-03T15:51:53.962+0530][41.807s] GC(324) Eden regions: 306->0(306)
[2025-06-03T15:51:53.962+0530][41.807s] GC(324) Survivor regions: 1->1(39)
[2025-06-03T15:51:53.962+0530][41.807s] GC(324) Old regions: 9->9
[2025-06-03T15:51:53.962+0530][41.807s] GC(324) Archive regions: 2->2
[2025-06-03T15:51:53.962+0530][41.807s] GC(324) Humongous regions: 0->0
[2025-06-03T15:51:53.962+0530][41.807s] GC(324) Metaspace: 20284K(20800K)->20284K(20800K) NonClass: 17698K(17984K)->17698K(17984K) Class: 2585K(2816K)->2585K(2816K)
[2025-06-03T15:51:53.962+0530][41.807s] GC(324) Pause Young (Normal) (G1 Evacuation Pause) 315M->9M(512M) 0.874ms
[2025-06-03T15:51:53.962+0530][41.807s] GC(324) User=0.01s Sys=0.00s Real=0.00s
[2025-06-03T15:51:54.059+0530][41.905s] GC(325) Pause Young (Normal) (G1 Evacuation Pause)
[2025-06-03T15:51:54.059+0530][41.905s] GC(325) Using 8 workers of 8 for evacuation
[2025-06-03T15:51:54.060+0530][41.905s] GC(325) Skipped phase 1 of Reference Processing: no references
[2025-06-03T15:51:54.060+0530][41.905s] GC(325) Skipped phase 2 of Reference Processing: no references
[2025-06-03T15:51:54.060+0530][41.905s] GC(325) Skipped phase 3 of Reference Processing: no references
[2025-06-03T15:51:54.060+0530][41.905s] GC(325) Skipped phase 4 of Reference Processing: no references
[2025-06-03T15:51:54.060+0530][41.905s] GC(325)   Pre Evacuate Collection Set: 0.1ms
[2025-06-03T15:51:54.060+0530][41.905s] GC(325)   Merge Heap Roots: 0.0ms
[2025-06-03T15:51:54.060+0530][41.905s] GC(325)   Evacuate Collection Set: 0.2ms
[2025-06-03T15:51:54.060+0530][41.905s] GC(325)   Post Evacuate Collection Set: 0.4ms
[2025-06-03T15:51:54.060+0530][41.905s] GC(325)   Other: 0.2ms
[2025-06-03T15:51:54.060+0530][41.905s] GC(325) Eden regions: 306->0(306)
[2025-06-03T15:51:54.060+0530][41.905s] GC(325) Survivor regions: 1->1(39)
[2025-06-03T15:51:54.060+0530][41.905s] GC(325) Old regions: 9->9
[2025-06-03T15:51:54.060+0530][41.906s] GC(325) Archive regions: 2->2
[2025-06-03T15:51:54.060+0530][41.906s] GC(325) Humongous regions: 0->0
[2025-06-03T15:51:54.060+0530][41.906s] GC(325) Metaspace: 20284K(20800K)->20284K(20800K) NonClass: 17698K(17984K)->17698K(17984K) Class: 2585K(2816K)->2585K(2816K)
[2025-06-03T15:51:54.060+0530][41.906s] GC(325) Pause Young (Normal) (G1 Evacuation Pause) 315M->9M(512M) 0.955ms
[2025-06-03T15:51:54.060+0530][41.906s] GC(325) User=0.00s Sys=0.00s Real=0.01s
[2025-06-03T15:51:54.166+0530][42.011s] GC(326) Pause Young (Normal) (G1 Evacuation Pause)
[2025-06-03T15:51:54.166+0530][42.011s] GC(326) Using 8 workers of 8 for evacuation
[2025-06-03T15:51:54.166+0530][42.012s] GC(326) Skipped phase 1 of Reference Processing: no references
[2025-06-03T15:51:54.166+0530][42.012s] GC(326) Skipped phase 2 of Reference Processing: no references
[2025-06-03T15:51:54.166+0530][42.012s] GC(326) Skipped phase 3 of Reference Processing: no references
[2025-06-03T15:51:54.166+0530][42.012s] GC(326) Skipped phase 4 of Reference Processing: no references
[2025-06-03T15:51:54.167+0530][42.012s] GC(326)   Pre Evacuate Collection Set: 0.1ms
[2025-06-03T15:51:54.167+0530][42.012s] GC(326)   Merge Heap Roots: 0.1ms
[2025-06-03T15:51:54.167+0530][42.012s] GC(326)   Evacuate Collection Set: 0.2ms
[2025-06-03T15:51:54.167+0530][42.012s] GC(326)   Post Evacuate Collection Set: 0.4ms
[2025-06-03T15:51:54.167+0530][42.012s] GC(326)   Other: 0.2ms
[2025-06-03T15:51:54.167+0530][42.012s] GC(326) Eden regions: 306->0(306)
[2025-06-03T15:51:54.167+0530][42.012s] GC(326) Survivor regions: 1->1(39)
[2025-06-03T15:51:54.167+0530][42.012s] GC(326) Old regions: 9->9
[2025-06-03T15:51:54.167+0530][42.012s] GC(326) Archive regions: 2->2
[2025-06-03T15:51:54.167+0530][42.012s] GC(326) Humongous regions: 0->0
[2025-06-03T15:51:54.167+0530][42.012s] GC(326) Metaspace: 20294K(20800K)->20294K(20800K) NonClass: 17708K(17984K)->17708K(17984K) Class: 2585K(2816K)->2585K(2816K)
[2025-06-03T15:51:54.167+0530][42.012s] GC(326) Pause Young (Normal) (G1 Evacuation Pause) 315M->9M(512M) 1.036ms
[2025-06-03T15:51:54.167+0530][42.012s] GC(326) User=0.00s Sys=0.00s Real=0.00s
[2025-06-03T15:51:54.265+0530][42.110s] GC(327) Pause Young (Normal) (G1 Evacuation Pause)
[2025-06-03T15:51:54.265+0530][42.110s] GC(327) Using 8 workers of 8 for evacuation
[2025-06-03T15:51:54.265+0530][42.111s] GC(327) Skipped phase 1 of Reference Processing: no references
[2025-06-03T15:51:54.265+0530][42.111s] GC(327) Skipped phase 2 of Reference Processing: no references
[2025-06-03T15:51:54.265+0530][42.111s] GC(327) Skipped phase 3 of Reference Processing: no references
[2025-06-03T15:51:54.265+0530][42.111s] GC(327) Skipped phase 4 of Reference Processing: no references
[2025-06-03T15:51:54.266+0530][42.111s] GC(327)   Pre Evacuate Collection Set: 0.1ms
[2025-06-03T15:51:54.266+0530][42.111s] GC(327)   Merge Heap Roots: 0.1ms
[2025-06-03T15:51:54.266+0530][42.111s] GC(327)   Evacuate Collection Set: 0.1ms
[2025-06-03T15:51:54.266+0530][42.111s] GC(327)   Post Evacuate Collection Set: 0.3ms
[2025-06-03T15:51:54.266+0530][42.111s] GC(327)   Other: 0.1ms
[2025-06-03T15:51:54.266+0530][42.111s] GC(327) Eden regions: 306->0(306)
[2025-06-03T15:51:54.266+0530][42.111s] GC(327) Survivor regions: 1->1(39)
[2025-06-03T15:51:54.266+0530][42.111s] GC(327) Old regions: 9->9
[2025-06-03T15:51:54.266+0530][42.111s] GC(327) Archive regions: 2->2
[2025-06-03T15:51:54.266+0530][42.111s] GC(327) Humongous regions: 0->0
[2025-06-03T15:51:54.266+0530][42.111s] GC(327) Metaspace: 20294K(20800K)->20294K(20800K) NonClass: 17708K(17984K)->17708K(17984K) Class: 2585K(2816K)->2585K(2816K)
[2025-06-03T15:51:54.266+0530][42.111s] GC(327) Pause Young (Normal) (G1 Evacuation Pause) 315M->9M(512M) 0.914ms
[2025-06-03T15:51:54.266+0530][42.111s] GC(327) User=0.01s Sys=0.00s Real=0.00s
[2025-06-03T15:51:54.363+0530][42.209s] GC(328) Pause Young (Normal) (G1 Evacuation Pause)
[2025-06-03T15:51:54.363+0530][42.209s] GC(328) Using 8 workers of 8 for evacuation
[2025-06-03T15:51:54.364+0530][42.209s] GC(328) Skipped phase 1 of Reference Processing: no references
[2025-06-03T15:51:54.364+0530][42.209s] GC(328) Skipped phase 2 of Reference Processing: no references
[2025-06-03T15:51:54.364+0530][42.209s] GC(328) Skipped phase 3 of Reference Processing: no references
[2025-06-03T15:51:54.364+0530][42.209s] GC(328) Skipped phase 4 of Reference Processing: no references
[2025-06-03T15:51:54.364+0530][42.209s] GC(328)   Pre Evacuate Collection Set: 0.1ms
[2025-06-03T15:51:54.364+0530][42.209s] GC(328)   Merge Heap Roots: 0.1ms
[2025-06-03T15:51:54.364+0530][42.209s] GC(328)   Evacuate Collection Set: 0.2ms
[2025-06-03T15:51:54.364+0530][42.209s] GC(328)   Post Evacuate Collection Set: 0.3ms
[2025-06-03T15:51:54.364+0530][42.209s] GC(328)   Other: 0.1ms
[2025-06-03T15:51:54.364+0530][42.209s] GC(328) Eden regions: 306->0(306)
[2025-06-03T15:51:54.364+0530][42.209s] GC(328) Survivor regions: 1->1(39)
[2025-06-03T15:51:54.364+0530][42.209s] GC(328) Old regions: 9->9
[2025-06-03T15:51:54.364+0530][42.210s] GC(328) Archive regions: 2->2
[2025-06-03T15:51:54.364+0530][42.210s] GC(328) Humongous regions: 0->0
[2025-06-03T15:51:54.364+0530][42.210s] GC(328) Metaspace: 20294K(20800K)->20294K(20800K) NonClass: 17708K(17984K)->17708K(17984K) Class: 2585K(2816K)->2585K(2816K)
[2025-06-03T15:51:54.364+0530][42.210s] GC(328) Pause Young (Normal) (G1 Evacuation Pause) 315M->9M(512M) 0.954ms
[2025-06-03T15:51:54.364+0530][42.210s] GC(328) User=0.00s Sys=0.01s Real=0.00s
[2025-06-03T15:51:54.462+0530][42.307s] GC(329) Pause Young (Normal) (G1 Evacuation Pause)
[2025-06-03T15:51:54.462+0530][42.307s] GC(329) Using 8 workers of 8 for evacuation
[2025-06-03T15:51:54.462+0530][42.307s] GC(329) Skipped phase 1 of Reference Processing: no references
[2025-06-03T15:51:54.462+0530][42.307s] GC(329) Skipped phase 2 of Reference Processing: no references
[2025-06-03T15:51:54.462+0530][42.307s] GC(329) Skipped phase 3 of Reference Processing: no references
[2025-06-03T15:51:54.462+0530][42.307s] GC(329) Skipped phase 4 of Reference Processing: no references
[2025-06-03T15:51:54.462+0530][42.308s] GC(329)   Pre Evacuate Collection Set: 0.1ms
[2025-06-03T15:51:54.462+0530][42.308s] GC(329)   Merge Heap Roots: 0.1ms
[2025-06-03T15:51:54.462+0530][42.308s] GC(329)   Evacuate Collection Set: 0.2ms
[2025-06-03T15:51:54.462+0530][42.308s] GC(329)   Post Evacuate Collection Set: 0.4ms
[2025-06-03T15:51:54.462+0530][42.308s] GC(329)   Other: 0.1ms
[2025-06-03T15:51:54.462+0530][42.308s] GC(329) Eden regions: 306->0(306)
[2025-06-03T15:51:54.462+0530][42.308s] GC(329) Survivor regions: 1->1(39)
[2025-06-03T15:51:54.462+0530][42.308s] GC(329) Old regions: 9->9
[2025-06-03T15:51:54.462+0530][42.308s] GC(329) Archive regions: 2->2
[2025-06-03T15:51:54.462+0530][42.308s] GC(329) Humongous regions: 0->0
[2025-06-03T15:51:54.462+0530][42.308s] GC(329) Metaspace: 20294K(20800K)->20294K(20800K) NonClass: 17708K(17984K)->17708K(17984K) Class: 2585K(2816K)->2585K(2816K)
[2025-06-03T15:51:54.462+0530][42.308s] GC(329) Pause Young (Normal) (G1 Evacuation Pause) 315M->9M(512M) 0.914ms
[2025-06-03T15:51:54.462+0530][42.308s] GC(329) User=0.00s Sys=0.00s Real=0.00s
[2025-06-03T15:51:54.560+0530][42.406s] GC(330) Pause Young (Normal) (G1 Evacuation Pause)
[2025-06-03T15:51:54.560+0530][42.406s] GC(330) Using 8 workers of 8 for evacuation
[2025-06-03T15:51:54.561+0530][42.406s] GC(330) Skipped phase 1 of Reference Processing: no references
[2025-06-03T15:51:54.561+0530][42.406s] GC(330) Skipped phase 2 of Reference Processing: no references
[2025-06-03T15:51:54.561+0530][42.406s] GC(330) Skipped phase 3 of Reference Processing: no references
[2025-06-03T15:51:54.561+0530][42.406s] GC(330) Skipped phase 4 of Reference Processing: no references
[2025-06-03T15:51:54.561+0530][42.406s] GC(330)   Pre Evacuate Collection Set: 0.1ms
[2025-06-03T15:51:54.561+0530][42.406s] GC(330)   Merge Heap Roots: 0.1ms
[2025-06-03T15:51:54.561+0530][42.406s] GC(330)   Evacuate Collection Set: 0.2ms
[2025-06-03T15:51:54.561+0530][42.406s] GC(330)   Post Evacuate Collection Set: 0.3ms
[2025-06-03T15:51:54.561+0530][42.406s] GC(330)   Other: 0.1ms
[2025-06-03T15:51:54.561+0530][42.406s] GC(330) Eden regions: 306->0(306)
[2025-06-03T15:51:54.561+0530][42.406s] GC(330) Survivor regions: 1->1(39)
[2025-06-03T15:51:54.561+0530][42.406s] GC(330) Old regions: 9->9
[2025-06-03T15:51:54.561+0530][42.406s] GC(330) Archive regions: 2->2
[2025-06-03T15:51:54.561+0530][42.406s] GC(330) Humongous regions: 0->0
[2025-06-03T15:51:54.561+0530][42.406s] GC(330) Metaspace: 20294K(20800K)->20294K(20800K) NonClass: 17708K(17984K)->17708K(17984K) Class: 2585K(2816K)->2585K(2816K)
[2025-06-03T15:51:54.561+0530][42.406s] GC(330) Pause Young (Normal) (G1 Evacuation Pause) 315M->9M(512M) 0.895ms
[2025-06-03T15:51:54.561+0530][42.406s] GC(330) User=0.01s Sys=0.00s Real=0.00s
[2025-06-03T15:51:54.656+0530][42.502s] GC(331) Pause Young (Normal) (G1 Evacuation Pause)
[2025-06-03T15:51:54.656+0530][42.502s] GC(331) Using 8 workers of 8 for evacuation
[2025-06-03T15:51:54.657+0530][42.502s] GC(331) Skipped phase 1 of Reference Processing: no references
[2025-06-03T15:51:54.657+0530][42.502s] GC(331) Skipped phase 2 of Reference Processing: no references
[2025-06-03T15:51:54.657+0530][42.502s] GC(331) Skipped phase 3 of Reference Processing: no references
[2025-06-03T15:51:54.657+0530][42.502s] GC(331) Skipped phase 4 of Reference Processing: no references
[2025-06-03T15:51:54.657+0530][42.503s] GC(331)   Pre Evacuate Collection Set: 0.1ms
[2025-06-03T15:51:54.657+0530][42.503s] GC(331)   Merge Heap Roots: 0.0ms
[2025-06-03T15:51:54.657+0530][42.503s] GC(331)   Evacuate Collection Set: 0.2ms
[2025-06-03T15:51:54.657+0530][42.503s] GC(331)   Post Evacuate Collection Set: 0.3ms
[2025-06-03T15:51:54.657+0530][42.503s] GC(331)   Other: 0.2ms
[2025-06-03T15:51:54.657+0530][42.503s] GC(331) Eden regions: 306->0(306)
[2025-06-03T15:51:54.657+0530][42.503s] GC(331) Survivor regions: 1->1(39)
[2025-06-03T15:51:54.657+0530][42.503s] GC(331) Old regions: 9->9
[2025-06-03T15:51:54.657+0530][42.503s] GC(331) Archive regions: 2->2
[2025-06-03T15:51:54.657+0530][42.503s] GC(331) Humongous regions: 0->0
[2025-06-03T15:51:54.657+0530][42.503s] GC(331) Metaspace: 20294K(20800K)->20294K(20800K) NonClass: 17708K(17984K)->17708K(17984K) Class: 2585K(2816K)->2585K(2816K)
[2025-06-03T15:51:54.657+0530][42.503s] GC(331) Pause Young (Normal) (G1 Evacuation Pause) 315M->9M(512M) 0.960ms
[2025-06-03T15:51:54.657+0530][42.503s] GC(331) User=0.00s Sys=0.00s Real=0.00s
[2025-06-03T15:51:54.754+0530][42.599s] GC(332) Pause Young (Normal) (G1 Evacuation Pause)
[2025-06-03T15:51:54.754+0530][42.599s] GC(332) Using 8 workers of 8 for evacuation
[2025-06-03T15:51:54.754+0530][42.599s] GC(332) Skipped phase 1 of Reference Processing: no references
[2025-06-03T15:51:54.754+0530][42.599s] GC(332) Skipped phase 2 of Reference Processing: no references
[2025-06-03T15:51:54.754+0530][42.599s] GC(332) Skipped phase 3 of Reference Processing: no references
[2025-06-03T15:51:54.754+0530][42.599s] GC(332) Skipped phase 4 of Reference Processing: no references
[2025-06-03T15:51:54.754+0530][42.600s] GC(332)   Pre Evacuate Collection Set: 0.0ms
[2025-06-03T15:51:54.754+0530][42.600s] GC(332)   Merge Heap Roots: 0.0ms
[2025-06-03T15:51:54.754+0530][42.600s] GC(332)   Evacuate Collection Set: 0.2ms
[2025-06-03T15:51:54.754+0530][42.600s] GC(332)   Post Evacuate Collection Set: 0.3ms
[2025-06-03T15:51:54.754+0530][42.600s] GC(332)   Other: 0.1ms
[2025-06-03T15:51:54.754+0530][42.600s] GC(332) Eden regions: 306->0(306)
[2025-06-03T15:51:54.754+0530][42.600s] GC(332) Survivor regions: 1->1(39)
[2025-06-03T15:51:54.754+0530][42.600s] GC(332) Old regions: 9->9
[2025-06-03T15:51:54.754+0530][42.600s] GC(332) Archive regions: 2->2
[2025-06-03T15:51:54.754+0530][42.600s] GC(332) Humongous regions: 0->0
[2025-06-03T15:51:54.754+0530][42.600s] GC(332) Metaspace: 20294K(20800K)->20294K(20800K) NonClass: 17708K(17984K)->17708K(17984K) Class: 2585K(2816K)->2585K(2816K)
[2025-06-03T15:51:54.754+0530][42.600s] GC(332) Pause Young (Normal) (G1 Evacuation Pause) 315M->9M(512M) 0.863ms
[2025-06-03T15:51:54.754+0530][42.600s] GC(332) User=0.01s Sys=0.00s Real=0.00s
[2025-06-03T15:51:54.852+0530][42.698s] GC(333) Pause Young (Normal) (G1 Evacuation Pause)
[2025-06-03T15:51:54.852+0530][42.698s] GC(333) Using 8 workers of 8 for evacuation
[2025-06-03T15:51:54.853+0530][42.698s] GC(333) Skipped phase 1 of Reference Processing: no references
[2025-06-03T15:51:54.853+0530][42.698s] GC(333) Skipped phase 2 of Reference Processing: no references
[2025-06-03T15:51:54.853+0530][42.698s] GC(333) Skipped phase 3 of Reference Processing: no references
[2025-06-03T15:51:54.853+0530][42.698s] GC(333) Skipped phase 4 of Reference Processing: no references
[2025-06-03T15:51:54.853+0530][42.698s] GC(333)   Pre Evacuate Collection Set: 0.1ms
[2025-06-03T15:51:54.853+0530][42.698s] GC(333)   Merge Heap Roots: 0.1ms
[2025-06-03T15:51:54.853+0530][42.698s] GC(333)   Evacuate Collection Set: 0.2ms
[2025-06-03T15:51:54.853+0530][42.698s] GC(333)   Post Evacuate Collection Set: 0.3ms
[2025-06-03T15:51:54.853+0530][42.699s] GC(333)   Other: 0.2ms
[2025-06-03T15:51:54.853+0530][42.699s] GC(333) Eden regions: 306->0(306)
[2025-06-03T15:51:54.853+0530][42.699s] GC(333) Survivor regions: 1->1(39)
[2025-06-03T15:51:54.853+0530][42.699s] GC(333) Old regions: 9->9
[2025-06-03T15:51:54.853+0530][42.699s] GC(333) Archive regions: 2->2
[2025-06-03T15:51:54.853+0530][42.699s] GC(333) Humongous regions: 0->0
[2025-06-03T15:51:54.853+0530][42.699s] GC(333) Metaspace: 20294K(20800K)->20294K(20800K) NonClass: 17708K(17984K)->17708K(17984K) Class: 2585K(2816K)->2585K(2816K)
[2025-06-03T15:51:54.853+0530][42.699s] GC(333) Pause Young (Normal) (G1 Evacuation Pause) 315M->9M(512M) 0.963ms
[2025-06-03T15:51:54.853+0530][42.699s] GC(333) User=0.01s Sys=0.00s Real=0.00s
[2025-06-03T15:51:54.951+0530][42.797s] GC(334) Pause Young (Normal) (G1 Evacuation Pause)
[2025-06-03T15:51:54.951+0530][42.797s] GC(334) Using 8 workers of 8 for evacuation
[2025-06-03T15:51:54.952+0530][42.797s] GC(334) Skipped phase 1 of Reference Processing: no references
[2025-06-03T15:51:54.952+0530][42.797s] GC(334) Skipped phase 2 of Reference Processing: no references
[2025-06-03T15:51:54.952+0530][42.797s] GC(334) Skipped phase 3 of Reference Processing: no references
[2025-06-03T15:51:54.952+0530][42.797s] GC(334) Skipped phase 4 of Reference Processing: no references
[2025-06-03T15:51:54.952+0530][42.797s] GC(334)   Pre Evacuate Collection Set: 0.1ms
[2025-06-03T15:51:54.952+0530][42.797s] GC(334)   Merge Heap Roots: 0.1ms
[2025-06-03T15:51:54.952+0530][42.797s] GC(334)   Evacuate Collection Set: 0.2ms
[2025-06-03T15:51:54.952+0530][42.797s] GC(334)   Post Evacuate Collection Set: 0.3ms
[2025-06-03T15:51:54.952+0530][42.797s] GC(334)   Other: 0.1ms
[2025-06-03T15:51:54.952+0530][42.797s] GC(334) Eden regions: 306->0(306)
[2025-06-03T15:51:54.952+0530][42.797s] GC(334) Survivor regions: 1->1(39)
[2025-06-03T15:51:54.952+0530][42.797s] GC(334) Old regions: 9->9
[2025-06-03T15:51:54.952+0530][42.797s] GC(334) Archive regions: 2->2
[2025-06-03T15:51:54.952+0530][42.797s] GC(334) Humongous regions: 0->0
[2025-06-03T15:51:54.952+0530][42.798s] GC(334) Metaspace: 20294K(20800K)->20294K(20800K) NonClass: 17708K(17984K)->17708K(17984K) Class: 2585K(2816K)->2585K(2816K)
[2025-06-03T15:51:54.952+0530][42.798s] GC(334) Pause Young (Normal) (G1 Evacuation Pause) 315M->9M(512M) 0.865ms
[2025-06-03T15:51:54.952+0530][42.798s] GC(334) User=0.00s Sys=0.00s Real=0.00s
[2025-06-03T15:51:55.052+0530][42.898s] GC(335) Pause Young (Normal) (G1 Evacuation Pause)
[2025-06-03T15:51:55.052+0530][42.898s] GC(335) Using 8 workers of 8 for evacuation
[2025-06-03T15:51:55.053+0530][42.898s] GC(335) Skipped phase 1 of Reference Processing: no references
[2025-06-03T15:51:55.053+0530][42.898s] GC(335) Skipped phase 2 of Reference Processing: no references
[2025-06-03T15:51:55.053+0530][42.898s] GC(335) Skipped phase 3 of Reference Processing: no references
[2025-06-03T15:51:55.053+0530][42.898s] GC(335) Skipped phase 4 of Reference Processing: no references
[2025-06-03T15:51:55.053+0530][42.898s] GC(335)   Pre Evacuate Collection Set: 0.0ms
[2025-06-03T15:51:55.053+0530][42.898s] GC(335)   Merge Heap Roots: 0.1ms
[2025-06-03T15:51:55.053+0530][42.898s] GC(335)   Evacuate Collection Set: 0.2ms
[2025-06-03T15:51:55.053+0530][42.898s] GC(335)   Post Evacuate Collection Set: 0.3ms
[2025-06-03T15:51:55.053+0530][42.898s] GC(335)   Other: 0.1ms
[2025-06-03T15:51:55.053+0530][42.898s] GC(335) Eden regions: 306->0(306)
[2025-06-03T15:51:55.053+0530][42.898s] GC(335) Survivor regions: 1->1(39)
[2025-06-03T15:51:55.053+0530][42.898s] GC(335) Old regions: 9->9
[2025-06-03T15:51:55.053+0530][42.898s] GC(335) Archive regions: 2->2
[2025-06-03T15:51:55.053+0530][42.898s] GC(335) Humongous regions: 0->0
[2025-06-03T15:51:55.053+0530][42.898s] GC(335) Metaspace: 20294K(20800K)->20294K(20800K) NonClass: 17708K(17984K)->17708K(17984K) Class: 2585K(2816K)->2585K(2816K)
[2025-06-03T15:51:55.053+0530][42.899s] GC(335) Pause Young (Normal) (G1 Evacuation Pause) 315M->9M(512M) 0.901ms
[2025-06-03T15:51:55.053+0530][42.899s] GC(335) User=0.00s Sys=0.00s Real=0.00s
[2025-06-03T15:51:55.156+0530][43.002s] GC(336) Pause Young (Normal) (G1 Evacuation Pause)
[2025-06-03T15:51:55.156+0530][43.002s] GC(336) Using 8 workers of 8 for evacuation
[2025-06-03T15:51:55.157+0530][43.002s] GC(336) Skipped phase 1 of Reference Processing: no references
[2025-06-03T15:51:55.157+0530][43.002s] GC(336) Skipped phase 2 of Reference Processing: no references
[2025-06-03T15:51:55.157+0530][43.002s] GC(336) Skipped phase 3 of Reference Processing: no references
[2025-06-03T15:51:55.157+0530][43.002s] GC(336) Skipped phase 4 of Reference Processing: no references
[2025-06-03T15:51:55.157+0530][43.002s] GC(336)   Pre Evacuate Collection Set: 0.1ms
[2025-06-03T15:51:55.157+0530][43.002s] GC(336)   Merge Heap Roots: 0.1ms
[2025-06-03T15:51:55.157+0530][43.002s] GC(336)   Evacuate Collection Set: 0.2ms
[2025-06-03T15:51:55.157+0530][43.002s] GC(336)   Post Evacuate Collection Set: 0.3ms
[2025-06-03T15:51:55.157+0530][43.002s] GC(336)   Other: 0.1ms
[2025-06-03T15:51:55.157+0530][43.002s] GC(336) Eden regions: 306->0(306)
[2025-06-03T15:51:55.157+0530][43.002s] GC(336) Survivor regions: 1->1(39)
[2025-06-03T15:51:55.157+0530][43.002s] GC(336) Old regions: 9->9
[2025-06-03T15:51:55.157+0530][43.002s] GC(336) Archive regions: 2->2
[2025-06-03T15:51:55.157+0530][43.002s] GC(336) Humongous regions: 0->0
[2025-06-03T15:51:55.157+0530][43.002s] GC(336) Metaspace: 20303K(20800K)->20303K(20800K) NonClass: 17717K(17984K)->17717K(17984K) Class: 2585K(2816K)->2585K(2816K)
[2025-06-03T15:51:55.157+0530][43.002s] GC(336) Pause Young (Normal) (G1 Evacuation Pause) 315M->9M(512M) 0.879ms
[2025-06-03T15:51:55.157+0530][43.002s] GC(336) User=0.01s Sys=0.00s Real=0.00s
[2025-06-03T15:51:55.256+0530][43.101s] GC(337) Pause Young (Normal) (G1 Evacuation Pause)
[2025-06-03T15:51:55.256+0530][43.101s] GC(337) Using 8 workers of 8 for evacuation
[2025-06-03T15:51:55.256+0530][43.102s] GC(337) Skipped phase 1 of Reference Processing: no references
[2025-06-03T15:51:55.256+0530][43.102s] GC(337) Skipped phase 2 of Reference Processing: no references
[2025-06-03T15:51:55.256+0530][43.102s] GC(337) Skipped phase 3 of Reference Processing: no references
[2025-06-03T15:51:55.256+0530][43.102s] GC(337) Skipped phase 4 of Reference Processing: no references
[2025-06-03T15:51:55.257+0530][43.102s] GC(337)   Pre Evacuate Collection Set: 0.1ms
[2025-06-03T15:51:55.257+0530][43.102s] GC(337)   Merge Heap Roots: 0.1ms
[2025-06-03T15:51:55.257+0530][43.102s] GC(337)   Evacuate Collection Set: 0.2ms
[2025-06-03T15:51:55.257+0530][43.102s] GC(337)   Post Evacuate Collection Set: 0.3ms
[2025-06-03T15:51:55.257+0530][43.102s] GC(337)   Other: 0.1ms
[2025-06-03T15:51:55.257+0530][43.102s] GC(337) Eden regions: 306->0(306)
[2025-06-03T15:51:55.257+0530][43.102s] GC(337) Survivor regions: 1->1(39)
[2025-06-03T15:51:55.257+0530][43.102s] GC(337) Old regions: 9->9
[2025-06-03T15:51:55.257+0530][43.102s] GC(337) Archive regions: 2->2
[2025-06-03T15:51:55.257+0530][43.102s] GC(337) Humongous regions: 0->0
[2025-06-03T15:51:55.257+0530][43.102s] GC(337) Metaspace: 20303K(20800K)->20303K(20800K) NonClass: 17717K(17984K)->17717K(17984K) Class: 2585K(2816K)->2585K(2816K)
[2025-06-03T15:51:55.257+0530][43.102s] GC(337) Pause Young (Normal) (G1 Evacuation Pause) 315M->9M(512M) 0.874ms
[2025-06-03T15:51:55.257+0530][43.102s] GC(337) User=0.00s Sys=0.00s Real=0.00s
[2025-06-03T15:51:55.358+0530][43.204s] GC(338) Pause Young (Normal) (G1 Evacuation Pause)
[2025-06-03T15:51:55.358+0530][43.204s] GC(338) Using 8 workers of 8 for evacuation
[2025-06-03T15:51:55.359+0530][43.204s] GC(338) Skipped phase 1 of Reference Processing: no references
[2025-06-03T15:51:55.359+0530][43.204s] GC(338) Skipped phase 2 of Reference Processing: no references
[2025-06-03T15:51:55.359+0530][43.204s] GC(338) Skipped phase 3 of Reference Processing: no references
[2025-06-03T15:51:55.359+0530][43.204s] GC(338) Skipped phase 4 of Reference Processing: no references
[2025-06-03T15:51:55.359+0530][43.205s] GC(338)   Pre Evacuate Collection Set: 0.0ms
[2025-06-03T15:51:55.359+0530][43.205s] GC(338)   Merge Heap Roots: 0.1ms
[2025-06-03T15:51:55.359+0530][43.205s] GC(338)   Evacuate Collection Set: 0.2ms
[2025-06-03T15:51:55.359+0530][43.205s] GC(338)   Post Evacuate Collection Set: 0.3ms
[2025-06-03T15:51:55.359+0530][43.205s] GC(338)   Other: 0.1ms
[2025-06-03T15:51:55.359+0530][43.205s] GC(338) Eden regions: 306->0(306)
[2025-06-03T15:51:55.359+0530][43.205s] GC(338) Survivor regions: 1->1(39)
[2025-06-03T15:51:55.359+0530][43.205s] GC(338) Old regions: 9->9
[2025-06-03T15:51:55.359+0530][43.205s] GC(338) Archive regions: 2->2
[2025-06-03T15:51:55.359+0530][43.205s] GC(338) Humongous regions: 0->0
[2025-06-03T15:51:55.359+0530][43.205s] GC(338) Metaspace: 20303K(20800K)->20303K(20800K) NonClass: 17717K(17984K)->17717K(17984K) Class: 2585K(2816K)->2585K(2816K)
[2025-06-03T15:51:55.359+0530][43.205s] GC(338) Pause Young (Normal) (G1 Evacuation Pause) 315M->9M(512M) 0.957ms
[2025-06-03T15:51:55.359+0530][43.205s] GC(338) User=0.00s Sys=0.00s Real=0.00s
[2025-06-03T15:51:55.463+0530][43.308s] GC(339) Pause Young (Normal) (G1 Evacuation Pause)
[2025-06-03T15:51:55.463+0530][43.308s] GC(339) Using 8 workers of 8 for evacuation
[2025-06-03T15:51:55.463+0530][43.309s] GC(339) Skipped phase 1 of Reference Processing: no references
[2025-06-03T15:51:55.463+0530][43.309s] GC(339) Skipped phase 2 of Reference Processing: no references
[2025-06-03T15:51:55.463+0530][43.309s] GC(339) Skipped phase 3 of Reference Processing: no references
[2025-06-03T15:51:55.463+0530][43.309s] GC(339) Skipped phase 4 of Reference Processing: no references
[2025-06-03T15:51:55.464+0530][43.309s] GC(339)   Pre Evacuate Collection Set: 0.1ms
[2025-06-03T15:51:55.464+0530][43.309s] GC(339)   Merge Heap Roots: 0.1ms
[2025-06-03T15:51:55.464+0530][43.309s] GC(339)   Evacuate Collection Set: 0.2ms
[2025-06-03T15:51:55.464+0530][43.309s] GC(339)   Post Evacuate Collection Set: 0.4ms
[2025-06-03T15:51:55.464+0530][43.309s] GC(339)   Other: 0.1ms
[2025-06-03T15:51:55.464+0530][43.309s] GC(339) Eden regions: 306->0(306)
[2025-06-03T15:51:55.464+0530][43.309s] GC(339) Survivor regions: 1->1(39)
[2025-06-03T15:51:55.464+0530][43.309s] GC(339) Old regions: 9->9
[2025-06-03T15:51:55.464+0530][43.309s] GC(339) Archive regions: 2->2
[2025-06-03T15:51:55.464+0530][43.309s] GC(339) Humongous regions: 0->0
[2025-06-03T15:51:55.464+0530][43.309s] GC(339) Metaspace: 20303K(20800K)->20303K(20800K) NonClass: 17717K(17984K)->17717K(17984K) Class: 2585K(2816K)->2585K(2816K)
[2025-06-03T15:51:55.464+0530][43.309s] GC(339) Pause Young (Normal) (G1 Evacuation Pause) 315M->9M(512M) 0.915ms
[2025-06-03T15:51:55.464+0530][43.309s] GC(339) User=0.00s Sys=0.00s Real=0.00s
[2025-06-03T15:51:55.562+0530][43.407s] GC(340) Pause Young (Normal) (G1 Evacuation Pause)
[2025-06-03T15:51:55.562+0530][43.407s] GC(340) Using 8 workers of 8 for evacuation
[2025-06-03T15:51:55.562+0530][43.408s] GC(340) Skipped phase 1 of Reference Processing: no references
[2025-06-03T15:51:55.562+0530][43.408s] GC(340) Skipped phase 2 of Reference Processing: no references
[2025-06-03T15:51:55.562+0530][43.408s] GC(340) Skipped phase 3 of Reference Processing: no references
[2025-06-03T15:51:55.562+0530][43.408s] GC(340) Skipped phase 4 of Reference Processing: no references
[2025-06-03T15:51:55.563+0530][43.408s] GC(340)   Pre Evacuate Collection Set: 0.0ms
[2025-06-03T15:51:55.563+0530][43.408s] GC(340)   Merge Heap Roots: 0.1ms
[2025-06-03T15:51:55.563+0530][43.408s] GC(340)   Evacuate Collection Set: 0.1ms
[2025-06-03T15:51:55.563+0530][43.408s] GC(340)   Post Evacuate Collection Set: 0.3ms
[2025-06-03T15:51:55.563+0530][43.408s] GC(340)   Other: 0.1ms
[2025-06-03T15:51:55.563+0530][43.408s] GC(340) Eden regions: 306->0(306)
[2025-06-03T15:51:55.563+0530][43.408s] GC(340) Survivor regions: 1->1(39)
[2025-06-03T15:51:55.563+0530][43.408s] GC(340) Old regions: 9->9
[2025-06-03T15:51:55.563+0530][43.408s] GC(340) Archive regions: 2->2
[2025-06-03T15:51:55.563+0530][43.408s] GC(340) Humongous regions: 0->0
[2025-06-03T15:51:55.563+0530][43.408s] GC(340) Metaspace: 20303K(20800K)->20303K(20800K) NonClass: 17717K(17984K)->17717K(17984K) Class: 2585K(2816K)->2585K(2816K)
[2025-06-03T15:51:55.563+0530][43.408s] GC(340) Pause Young (Normal) (G1 Evacuation Pause) 315M->9M(512M) 0.919ms
[2025-06-03T15:51:55.563+0530][43.408s] GC(340) User=0.00s Sys=0.00s Real=0.00s
[2025-06-03T15:51:55.660+0530][43.505s] GC(341) Pause Young (Normal) (G1 Evacuation Pause)
[2025-06-03T15:51:55.660+0530][43.505s] GC(341) Using 8 workers of 8 for evacuation
[2025-06-03T15:51:55.660+0530][43.506s] GC(341) Skipped phase 1 of Reference Processing: no references
[2025-06-03T15:51:55.660+0530][43.506s] GC(341) Skipped phase 2 of Reference Processing: no references
[2025-06-03T15:51:55.660+0530][43.506s] GC(341) Skipped phase 3 of Reference Processing: no references
[2025-06-03T15:51:55.660+0530][43.506s] GC(341) Skipped phase 4 of Reference Processing: no references
[2025-06-03T15:51:55.661+0530][43.506s] GC(341)   Pre Evacuate Collection Set: 0.1ms
[2025-06-03T15:51:55.661+0530][43.506s] GC(341)   Merge Heap Roots: 0.1ms
[2025-06-03T15:51:55.661+0530][43.506s] GC(341)   Evacuate Collection Set: 0.2ms
[2025-06-03T15:51:55.661+0530][43.506s] GC(341)   Post Evacuate Collection Set: 0.3ms
[2025-06-03T15:51:55.661+0530][43.506s] GC(341)   Other: 0.1ms
[2025-06-03T15:51:55.661+0530][43.506s] GC(341) Eden regions: 306->0(306)
[2025-06-03T15:51:55.661+0530][43.506s] GC(341) Survivor regions: 1->1(39)
[2025-06-03T15:51:55.661+0530][43.506s] GC(341) Old regions: 9->9
[2025-06-03T15:51:55.661+0530][43.506s] GC(341) Archive regions: 2->2
[2025-06-03T15:51:55.661+0530][43.506s] GC(341) Humongous regions: 0->0
[2025-06-03T15:51:55.661+0530][43.506s] GC(341) Metaspace: 20303K(20800K)->20303K(20800K) NonClass: 17717K(17984K)->17717K(17984K) Class: 2585K(2816K)->2585K(2816K)
[2025-06-03T15:51:55.661+0530][43.506s] GC(341) Pause Young (Normal) (G1 Evacuation Pause) 315M->9M(512M) 0.891ms
[2025-06-03T15:51:55.661+0530][43.506s] GC(341) User=0.00s Sys=0.00s Real=0.00s
[2025-06-03T15:51:55.757+0530][43.603s] GC(342) Pause Young (Normal) (G1 Evacuation Pause)
[2025-06-03T15:51:55.757+0530][43.603s] GC(342) Using 8 workers of 8 for evacuation
[2025-06-03T15:51:55.758+0530][43.603s] GC(342) Skipped phase 1 of Reference Processing: no references
[2025-06-03T15:51:55.758+0530][43.603s] GC(342) Skipped phase 2 of Reference Processing: no references
[2025-06-03T15:51:55.758+0530][43.603s] GC(342) Skipped phase 3 of Reference Processing: no references
[2025-06-03T15:51:55.758+0530][43.603s] GC(342) Skipped phase 4 of Reference Processing: no references
[2025-06-03T15:51:55.758+0530][43.603s] GC(342)   Pre Evacuate Collection Set: 0.1ms
[2025-06-03T15:51:55.758+0530][43.604s] GC(342)   Merge Heap Roots: 0.1ms
[2025-06-03T15:51:55.758+0530][43.604s] GC(342)   Evacuate Collection Set: 0.1ms
[2025-06-03T15:51:55.758+0530][43.604s] GC(342)   Post Evacuate Collection Set: 0.4ms
[2025-06-03T15:51:55.758+0530][43.604s] GC(342)   Other: 0.1ms
[2025-06-03T15:51:55.758+0530][43.604s] GC(342) Eden regions: 306->0(306)
[2025-06-03T15:51:55.758+0530][43.604s] GC(342) Survivor regions: 1->1(39)
[2025-06-03T15:51:55.758+0530][43.604s] GC(342) Old regions: 9->9
[2025-06-03T15:51:55.758+0530][43.604s] GC(342) Archive regions: 2->2
[2025-06-03T15:51:55.758+0530][43.604s] GC(342) Humongous regions: 0->0
[2025-06-03T15:51:55.758+0530][43.604s] GC(342) Metaspace: 20303K(20800K)->20303K(20800K) NonClass: 17717K(17984K)->17717K(17984K) Class: 2585K(2816K)->2585K(2816K)
[2025-06-03T15:51:55.758+0530][43.604s] GC(342) Pause Young (Normal) (G1 Evacuation Pause) 315M->9M(512M) 0.896ms
[2025-06-03T15:51:55.758+0530][43.604s] GC(342) User=0.00s Sys=0.00s Real=0.00s
[2025-06-03T15:51:55.856+0530][43.702s] GC(343) Pause Young (Normal) (G1 Evacuation Pause)
[2025-06-03T15:51:55.856+0530][43.702s] GC(343) Using 8 workers of 8 for evacuation
[2025-06-03T15:51:55.857+0530][43.702s] GC(343) Skipped phase 1 of Reference Processing: no references
[2025-06-03T15:51:55.857+0530][43.702s] GC(343) Skipped phase 2 of Reference Processing: no references
[2025-06-03T15:51:55.857+0530][43.702s] GC(343) Skipped phase 3 of Reference Processing: no references
[2025-06-03T15:51:55.857+0530][43.702s] GC(343) Skipped phase 4 of Reference Processing: no references
[2025-06-03T15:51:55.857+0530][43.703s] GC(343)   Pre Evacuate Collection Set: 0.0ms
[2025-06-03T15:51:55.857+0530][43.703s] GC(343)   Merge Heap Roots: 0.0ms
[2025-06-03T15:51:55.857+0530][43.703s] GC(343)   Evacuate Collection Set: 0.2ms
[2025-06-03T15:51:55.857+0530][43.703s] GC(343)   Post Evacuate Collection Set: 0.4ms
[2025-06-03T15:51:55.857+0530][43.703s] GC(343)   Other: 0.1ms
[2025-06-03T15:51:55.857+0530][43.703s] GC(343) Eden regions: 306->0(306)
[2025-06-03T15:51:55.857+0530][43.703s] GC(343) Survivor regions: 1->1(39)
[2025-06-03T15:51:55.857+0530][43.703s] GC(343) Old regions: 9->9
[2025-06-03T15:51:55.857+0530][43.703s] GC(343) Archive regions: 2->2
[2025-06-03T15:51:55.857+0530][43.703s] GC(343) Humongous regions: 0->0
[2025-06-03T15:51:55.857+0530][43.703s] GC(343) Metaspace: 20303K(20800K)->20303K(20800K) NonClass: 17717K(17984K)->17717K(17984K) Class: 2585K(2816K)->2585K(2816K)
[2025-06-03T15:51:55.857+0530][43.703s] GC(343) Pause Young (Normal) (G1 Evacuation Pause) 315M->9M(512M) 0.918ms
[2025-06-03T15:51:55.857+0530][43.703s] GC(343) User=0.00s Sys=0.00s Real=0.00s
[2025-06-03T15:51:55.954+0530][43.799s] GC(344) Pause Young (Normal) (G1 Evacuation Pause)
[2025-06-03T15:51:55.954+0530][43.799s] GC(344) Using 8 workers of 8 for evacuation
[2025-06-03T15:51:55.954+0530][43.800s] GC(344) Skipped phase 1 of Reference Processing: no references
[2025-06-03T15:51:55.954+0530][43.800s] GC(344) Skipped phase 2 of Reference Processing: no references
[2025-06-03T15:51:55.954+0530][43.800s] GC(344) Skipped phase 3 of Reference Processing: no references
[2025-06-03T15:51:55.954+0530][43.800s] GC(344) Skipped phase 4 of Reference Processing: no references
[2025-06-03T15:51:55.954+0530][43.800s] GC(344)   Pre Evacuate Collection Set: 0.0ms
[2025-06-03T15:51:55.954+0530][43.800s] GC(344)   Merge Heap Roots: 0.1ms
[2025-06-03T15:51:55.954+0530][43.800s] GC(344)   Evacuate Collection Set: 0.2ms
[2025-06-03T15:51:55.955+0530][43.800s] GC(344)   Post Evacuate Collection Set: 0.3ms
[2025-06-03T15:51:55.955+0530][43.800s] GC(344)   Other: 0.1ms
[2025-06-03T15:51:55.955+0530][43.800s] GC(344) Eden regions: 306->0(306)
[2025-06-03T15:51:55.955+0530][43.800s] GC(344) Survivor regions: 1->1(39)
[2025-06-03T15:51:55.955+0530][43.800s] GC(344) Old regions: 9->9
[2025-06-03T15:51:55.955+0530][43.800s] GC(344) Archive regions: 2->2
[2025-06-03T15:51:55.955+0530][43.800s] GC(344) Humongous regions: 0->0
[2025-06-03T15:51:55.955+0530][43.800s] GC(344) Metaspace: 20303K(20800K)->20303K(20800K) NonClass: 17717K(17984K)->17717K(17984K) Class: 2585K(2816K)->2585K(2816K)
[2025-06-03T15:51:55.955+0530][43.800s] GC(344) Pause Young (Normal) (G1 Evacuation Pause) 315M->9M(512M) 0.880ms
[2025-06-03T15:51:55.955+0530][43.800s] GC(344) User=0.00s Sys=0.01s Real=0.00s
[2025-06-03T15:51:56.054+0530][43.900s] GC(345) Pause Young (Normal) (G1 Evacuation Pause)
[2025-06-03T15:51:56.054+0530][43.900s] GC(345) Using 8 workers of 8 for evacuation
[2025-06-03T15:51:56.055+0530][43.900s] GC(345) Skipped phase 1 of Reference Processing: no references
[2025-06-03T15:51:56.055+0530][43.900s] GC(345) Skipped phase 2 of Reference Processing: no references
[2025-06-03T15:51:56.055+0530][43.900s] GC(345) Skipped phase 3 of Reference Processing: no references
[2025-06-03T15:51:56.055+0530][43.900s] GC(345) Skipped phase 4 of Reference Processing: no references
[2025-06-03T15:51:56.055+0530][43.901s] GC(345)   Pre Evacuate Collection Set: 0.0ms
[2025-06-03T15:51:56.055+0530][43.901s] GC(345)   Merge Heap Roots: 0.1ms
[2025-06-03T15:51:56.055+0530][43.901s] GC(345)   Evacuate Collection Set: 0.2ms
[2025-06-03T15:51:56.055+0530][43.901s] GC(345)   Post Evacuate Collection Set: 0.4ms
[2025-06-03T15:51:56.055+0530][43.901s] GC(345)   Other: 0.1ms
[2025-06-03T15:51:56.055+0530][43.901s] GC(345) Eden regions: 306->0(306)
[2025-06-03T15:51:56.055+0530][43.901s] GC(345) Survivor regions: 1->1(39)
[2025-06-03T15:51:56.056+0530][43.901s] GC(345) Old regions: 9->9
[2025-06-03T15:51:56.056+0530][43.901s] GC(345) Archive regions: 2->2
[2025-06-03T15:51:56.056+0530][43.901s] GC(345) Humongous regions: 0->0
[2025-06-03T15:51:56.056+0530][43.901s] GC(345) Metaspace: 20303K(20800K)->20303K(20800K) NonClass: 17717K(17984K)->17717K(17984K) Class: 2585K(2816K)->2585K(2816K)
[2025-06-03T15:51:56.056+0530][43.901s] GC(345) Pause Young (Normal) (G1 Evacuation Pause) 315M->9M(512M) 1.191ms
[2025-06-03T15:51:56.056+0530][43.901s] GC(345) User=0.01s Sys=0.01s Real=0.00s
[2025-06-03T15:51:56.173+0530][44.018s] GC(346) Pause Young (Normal) (G1 Evacuation Pause)
[2025-06-03T15:51:56.173+0530][44.019s] GC(346) Using 8 workers of 8 for evacuation
[2025-06-03T15:51:56.173+0530][44.019s] GC(346) Skipped phase 1 of Reference Processing: no references
[2025-06-03T15:51:56.174+0530][44.019s] GC(346) Skipped phase 2 of Reference Processing: no references
[2025-06-03T15:51:56.174+0530][44.019s] GC(346) Skipped phase 3 of Reference Processing: no references
[2025-06-03T15:51:56.174+0530][44.019s] GC(346) Skipped phase 4 of Reference Processing: no references
[2025-06-03T15:51:56.174+0530][44.019s] GC(346)   Pre Evacuate Collection Set: 0.1ms
[2025-06-03T15:51:56.174+0530][44.019s] GC(346)   Merge Heap Roots: 0.1ms
[2025-06-03T15:51:56.174+0530][44.019s] GC(346)   Evacuate Collection Set: 0.2ms
[2025-06-03T15:51:56.174+0530][44.019s] GC(346)   Post Evacuate Collection Set: 0.4ms
[2025-06-03T15:51:56.174+0530][44.019s] GC(346)   Other: 0.2ms
[2025-06-03T15:51:56.174+0530][44.019s] GC(346) Eden regions: 306->0(306)
[2025-06-03T15:51:56.174+0530][44.019s] GC(346) Survivor regions: 1->1(39)
[2025-06-03T15:51:56.174+0530][44.019s] GC(346) Old regions: 9->9
[2025-06-03T15:51:56.174+0530][44.019s] GC(346) Archive regions: 2->2
[2025-06-03T15:51:56.174+0530][44.019s] GC(346) Humongous regions: 0->0
[2025-06-03T15:51:56.174+0530][44.020s] GC(346) Metaspace: 20310K(20800K)->20310K(20800K) NonClass: 17724K(17984K)->17724K(17984K) Class: 2585K(2816K)->2585K(2816K)
[2025-06-03T15:51:56.174+0530][44.020s] GC(346) Pause Young (Normal) (G1 Evacuation Pause) 315M->9M(512M) 1.080ms
[2025-06-03T15:51:56.174+0530][44.020s] GC(346) User=0.00s Sys=0.00s Real=0.00s
[2025-06-03T15:51:56.292+0530][44.137s] GC(347) Pause Young (Normal) (G1 Evacuation Pause)
[2025-06-03T15:51:56.292+0530][44.137s] GC(347) Using 8 workers of 8 for evacuation
[2025-06-03T15:51:56.292+0530][44.138s] GC(347) Skipped phase 1 of Reference Processing: no references
[2025-06-03T15:51:56.292+0530][44.138s] GC(347) Skipped phase 2 of Reference Processing: no references
[2025-06-03T15:51:56.292+0530][44.138s] GC(347) Skipped phase 3 of Reference Processing: no references
[2025-06-03T15:51:56.292+0530][44.138s] GC(347) Skipped phase 4 of Reference Processing: no references
[2025-06-03T15:51:56.293+0530][44.138s] GC(347)   Pre Evacuate Collection Set: 0.1ms
[2025-06-03T15:51:56.293+0530][44.138s] GC(347)   Merge Heap Roots: 0.1ms
[2025-06-03T15:51:56.293+0530][44.138s] GC(347)   Evacuate Collection Set: 0.2ms
[2025-06-03T15:51:56.293+0530][44.138s] GC(347)   Post Evacuate Collection Set: 0.4ms
[2025-06-03T15:51:56.293+0530][44.138s] GC(347)   Other: 0.1ms
[2025-06-03T15:51:56.293+0530][44.138s] GC(347) Eden regions: 306->0(306)
[2025-06-03T15:51:56.293+0530][44.138s] GC(347) Survivor regions: 1->1(39)
[2025-06-03T15:51:56.293+0530][44.138s] GC(347) Old regions: 9->9
[2025-06-03T15:51:56.293+0530][44.138s] GC(347) Archive regions: 2->2
[2025-06-03T15:51:56.293+0530][44.138s] GC(347) Humongous regions: 0->0
[2025-06-03T15:51:56.293+0530][44.138s] GC(347) Metaspace: 20310K(20800K)->20310K(20800K) NonClass: 17724K(17984K)->17724K(17984K) Class: 2585K(2816K)->2585K(2816K)
[2025-06-03T15:51:56.293+0530][44.138s] GC(347) Pause Young (Normal) (G1 Evacuation Pause) 315M->9M(512M) 0.964ms
[2025-06-03T15:51:56.293+0530][44.138s] GC(347) User=0.00s Sys=0.00s Real=0.00s
[2025-06-03T15:51:56.390+0530][44.236s] GC(348) Pause Young (Normal) (G1 Evacuation Pause)
[2025-06-03T15:51:56.390+0530][44.236s] GC(348) Using 8 workers of 8 for evacuation
[2025-06-03T15:51:56.390+0530][44.236s] GC(348) Skipped phase 1 of Reference Processing: no references
[2025-06-03T15:51:56.391+0530][44.236s] GC(348) Skipped phase 2 of Reference Processing: no references
[2025-06-03T15:51:56.391+0530][44.236s] GC(348) Skipped phase 3 of Reference Processing: no references
[2025-06-03T15:51:56.391+0530][44.236s] GC(348) Skipped phase 4 of Reference Processing: no references
[2025-06-03T15:51:56.391+0530][44.236s] GC(348)   Pre Evacuate Collection Set: 0.0ms
[2025-06-03T15:51:56.391+0530][44.236s] GC(348)   Merge Heap Roots: 0.1ms
[2025-06-03T15:51:56.391+0530][44.236s] GC(348)   Evacuate Collection Set: 0.2ms
[2025-06-03T15:51:56.391+0530][44.236s] GC(348)   Post Evacuate Collection Set: 0.3ms
[2025-06-03T15:51:56.391+0530][44.236s] GC(348)   Other: 0.2ms
[2025-06-03T15:51:56.391+0530][44.236s] GC(348) Eden regions: 306->0(306)
[2025-06-03T15:51:56.391+0530][44.236s] GC(348) Survivor regions: 1->1(39)
[2025-06-03T15:51:56.391+0530][44.236s] GC(348) Old regions: 9->9
[2025-06-03T15:51:56.391+0530][44.236s] GC(348) Archive regions: 2->2
[2025-06-03T15:51:56.391+0530][44.236s] GC(348) Humongous regions: 0->0
[2025-06-03T15:51:56.391+0530][44.236s] GC(348) Metaspace: 20310K(20800K)->20310K(20800K) NonClass: 17724K(17984K)->17724K(17984K) Class: 2585K(2816K)->2585K(2816K)
[2025-06-03T15:51:56.391+0530][44.236s] GC(348) Pause Young (Normal) (G1 Evacuation Pause) 315M->9M(512M) 0.900ms
[2025-06-03T15:51:56.391+0530][44.236s] GC(348) User=0.00s Sys=0.00s Real=0.00s
[2025-06-03T15:51:56.489+0530][44.334s] GC(349) Pause Young (Normal) (G1 Evacuation Pause)
[2025-06-03T15:51:56.489+0530][44.334s] GC(349) Using 8 workers of 8 for evacuation
[2025-06-03T15:51:56.489+0530][44.334s] GC(349) Skipped phase 1 of Reference Processing: no references
[2025-06-03T15:51:56.489+0530][44.334s] GC(349) Skipped phase 2 of Reference Processing: no references
[2025-06-03T15:51:56.489+0530][44.335s] GC(349) Skipped phase 3 of Reference Processing: no references
[2025-06-03T15:51:56.489+0530][44.335s] GC(349) Skipped phase 4 of Reference Processing: no references
[2025-06-03T15:51:56.489+0530][44.335s] GC(349)   Pre Evacuate Collection Set: 0.0ms
[2025-06-03T15:51:56.489+0530][44.335s] GC(349)   Merge Heap Roots: 0.1ms
[2025-06-03T15:51:56.489+0530][44.335s] GC(349)   Evacuate Collection Set: 0.2ms
[2025-06-03T15:51:56.489+0530][44.335s] GC(349)   Post Evacuate Collection Set: 0.3ms
[2025-06-03T15:51:56.489+0530][44.335s] GC(349)   Other: 0.1ms
[2025-06-03T15:51:56.489+0530][44.335s] GC(349) Eden regions: 306->0(306)
[2025-06-03T15:51:56.489+0530][44.335s] GC(349) Survivor regions: 1->1(39)
[2025-06-03T15:51:56.489+0530][44.335s] GC(349) Old regions: 9->9
[2025-06-03T15:51:56.489+0530][44.335s] GC(349) Archive regions: 2->2
[2025-06-03T15:51:56.489+0530][44.335s] GC(349) Humongous regions: 0->0
[2025-06-03T15:51:56.490+0530][44.335s] GC(349) Metaspace: 20310K(20800K)->20310K(20800K) NonClass: 17724K(17984K)->17724K(17984K) Class: 2585K(2816K)->2585K(2816K)
[2025-06-03T15:51:56.490+0530][44.335s] GC(349) Pause Young (Normal) (G1 Evacuation Pause) 315M->9M(512M) 0.880ms
[2025-06-03T15:51:56.490+0530][44.335s] GC(349) User=0.00s Sys=0.00s Real=0.01s
[2025-06-03T15:51:56.587+0530][44.432s] GC(350) Pause Young (Normal) (G1 Evacuation Pause)
[2025-06-03T15:51:56.587+0530][44.432s] GC(350) Using 8 workers of 8 for evacuation
[2025-06-03T15:51:56.587+0530][44.432s] GC(350) Skipped phase 1 of Reference Processing: no references
[2025-06-03T15:51:56.587+0530][44.433s] GC(350) Skipped phase 2 of Reference Processing: no references
[2025-06-03T15:51:56.587+0530][44.433s] GC(350) Skipped phase 3 of Reference Processing: no references
[2025-06-03T15:51:56.587+0530][44.433s] GC(350) Skipped phase 4 of Reference Processing: no references
[2025-06-03T15:51:56.587+0530][44.433s] GC(350)   Pre Evacuate Collection Set: 0.1ms
[2025-06-03T15:51:56.587+0530][44.433s] GC(350)   Merge Heap Roots: 0.1ms
[2025-06-03T15:51:56.587+0530][44.433s] GC(350)   Evacuate Collection Set: 0.2ms
[2025-06-03T15:51:56.587+0530][44.433s] GC(350)   Post Evacuate Collection Set: 0.3ms
[2025-06-03T15:51:56.587+0530][44.433s] GC(350)   Other: 0.1ms
[2025-06-03T15:51:56.588+0530][44.433s] GC(350) Eden regions: 306->0(306)
[2025-06-03T15:51:56.588+0530][44.433s] GC(350) Survivor regions: 1->1(39)
[2025-06-03T15:51:56.588+0530][44.433s] GC(350) Old regions: 9->9
[2025-06-03T15:51:56.588+0530][44.433s] GC(350) Archive regions: 2->2
[2025-06-03T15:51:56.588+0530][44.433s] GC(350) Humongous regions: 0->0
[2025-06-03T15:51:56.588+0530][44.433s] GC(350) Metaspace: 20310K(20800K)->20310K(20800K) NonClass: 17724K(17984K)->17724K(17984K) Class: 2585K(2816K)->2585K(2816K)
[2025-06-03T15:51:56.588+0530][44.433s] GC(350) Pause Young (Normal) (G1 Evacuation Pause) 315M->9M(512M) 0.956ms
[2025-06-03T15:51:56.588+0530][44.433s] GC(350) User=0.00s Sys=0.00s Real=0.00s
[2025-06-03T15:51:56.686+0530][44.532s] GC(351) Pause Young (Normal) (G1 Evacuation Pause)
[2025-06-03T15:51:56.686+0530][44.532s] GC(351) Using 8 workers of 8 for evacuation
[2025-06-03T15:51:56.687+0530][44.532s] GC(351) Skipped phase 1 of Reference Processing: no references
[2025-06-03T15:51:56.687+0530][44.532s] GC(351) Skipped phase 2 of Reference Processing: no references
[2025-06-03T15:51:56.687+0530][44.532s] GC(351) Skipped phase 3 of Reference Processing: no references
[2025-06-03T15:51:56.687+0530][44.532s] GC(351) Skipped phase 4 of Reference Processing: no references
[2025-06-03T15:51:56.687+0530][44.532s] GC(351)   Pre Evacuate Collection Set: 0.1ms
[2025-06-03T15:51:56.687+0530][44.532s] GC(351)   Merge Heap Roots: 0.1ms
[2025-06-03T15:51:56.687+0530][44.532s] GC(351)   Evacuate Collection Set: 0.2ms
[2025-06-03T15:51:56.687+0530][44.532s] GC(351)   Post Evacuate Collection Set: 0.4ms
[2025-06-03T15:51:56.687+0530][44.533s] GC(351)   Other: 0.1ms
[2025-06-03T15:51:56.687+0530][44.533s] GC(351) Eden regions: 306->0(306)
[2025-06-03T15:51:56.687+0530][44.533s] GC(351) Survivor regions: 1->1(39)
[2025-06-03T15:51:56.687+0530][44.533s] GC(351) Old regions: 9->9
[2025-06-03T15:51:56.687+0530][44.533s] GC(351) Archive regions: 2->2
[2025-06-03T15:51:56.687+0530][44.533s] GC(351) Humongous regions: 0->0
[2025-06-03T15:51:56.687+0530][44.533s] GC(351) Metaspace: 20310K(20800K)->20310K(20800K) NonClass: 17724K(17984K)->17724K(17984K) Class: 2585K(2816K)->2585K(2816K)
[2025-06-03T15:51:56.687+0530][44.533s] GC(351) Pause Young (Normal) (G1 Evacuation Pause) 315M->9M(512M) 0.958ms
[2025-06-03T15:51:56.687+0530][44.533s] GC(351) User=0.01s Sys=0.00s Real=0.00s
[2025-06-03T15:51:56.793+0530][44.638s] GC(352) Pause Young (Normal) (G1 Evacuation Pause)
[2025-06-03T15:51:56.793+0530][44.638s] GC(352) Using 8 workers of 8 for evacuation
[2025-06-03T15:51:56.793+0530][44.639s] GC(352) Skipped phase 1 of Reference Processing: no references
[2025-06-03T15:51:56.793+0530][44.639s] GC(352) Skipped phase 2 of Reference Processing: no references
[2025-06-03T15:51:56.793+0530][44.639s] GC(352) Skipped phase 3 of Reference Processing: no references
[2025-06-03T15:51:56.793+0530][44.639s] GC(352) Skipped phase 4 of Reference Processing: no references
[2025-06-03T15:51:56.794+0530][44.639s] GC(352)   Pre Evacuate Collection Set: 0.1ms
[2025-06-03T15:51:56.794+0530][44.639s] GC(352)   Merge Heap Roots: 0.1ms
[2025-06-03T15:51:56.794+0530][44.639s] GC(352)   Evacuate Collection Set: 0.2ms
[2025-06-03T15:51:56.794+0530][44.639s] GC(352)   Post Evacuate Collection Set: 0.3ms
[2025-06-03T15:51:56.794+0530][44.639s] GC(352)   Other: 0.1ms
[2025-06-03T15:51:56.794+0530][44.639s] GC(352) Eden regions: 306->0(306)
[2025-06-03T15:51:56.794+0530][44.639s] GC(352) Survivor regions: 1->1(39)
[2025-06-03T15:51:56.794+0530][44.639s] GC(352) Old regions: 9->9
[2025-06-03T15:51:56.794+0530][44.639s] GC(352) Archive regions: 2->2
[2025-06-03T15:51:56.794+0530][44.639s] GC(352) Humongous regions: 0->0
[2025-06-03T15:51:56.794+0530][44.639s] GC(352) Metaspace: 20310K(20800K)->20310K(20800K) NonClass: 17724K(17984K)->17724K(17984K) Class: 2585K(2816K)->2585K(2816K)
[2025-06-03T15:51:56.794+0530][44.639s] GC(352) Pause Young (Normal) (G1 Evacuation Pause) 315M->9M(512M) 1.023ms
[2025-06-03T15:51:56.794+0530][44.639s] GC(352) User=0.00s Sys=0.00s Real=0.00s
[2025-06-03T15:51:56.905+0530][44.750s] GC(353) Pause Young (Normal) (G1 Evacuation Pause)
[2025-06-03T15:51:56.905+0530][44.750s] GC(353) Using 8 workers of 8 for evacuation
[2025-06-03T15:51:56.905+0530][44.751s] GC(353) Skipped phase 1 of Reference Processing: no references
[2025-06-03T15:51:56.905+0530][44.751s] GC(353) Skipped phase 2 of Reference Processing: no references
[2025-06-03T15:51:56.905+0530][44.751s] GC(353) Skipped phase 3 of Reference Processing: no references
[2025-06-03T15:51:56.905+0530][44.751s] GC(353) Skipped phase 4 of Reference Processing: no references
[2025-06-03T15:51:56.905+0530][44.751s] GC(353)   Pre Evacuate Collection Set: 0.0ms
[2025-06-03T15:51:56.905+0530][44.751s] GC(353)   Merge Heap Roots: 0.0ms
[2025-06-03T15:51:56.905+0530][44.751s] GC(353)   Evacuate Collection Set: 0.1ms
[2025-06-03T15:51:56.906+0530][44.751s] GC(353)   Post Evacuate Collection Set: 0.4ms
[2025-06-03T15:51:56.906+0530][44.751s] GC(353)   Other: 0.1ms
[2025-06-03T15:51:56.906+0530][44.751s] GC(353) Eden regions: 306->0(306)
[2025-06-03T15:51:56.906+0530][44.751s] GC(353) Survivor regions: 1->1(39)
[2025-06-03T15:51:56.906+0530][44.751s] GC(353) Old regions: 9->9
[2025-06-03T15:51:56.906+0530][44.751s] GC(353) Archive regions: 2->2
[2025-06-03T15:51:56.906+0530][44.751s] GC(353) Humongous regions: 0->0
[2025-06-03T15:51:56.906+0530][44.751s] GC(353) Metaspace: 20310K(20800K)->20310K(20800K) NonClass: 17724K(17984K)->17724K(17984K) Class: 2585K(2816K)->2585K(2816K)
[2025-06-03T15:51:56.906+0530][44.751s] GC(353) Pause Young (Normal) (G1 Evacuation Pause) 315M->9M(512M) 0.881ms
[2025-06-03T15:51:56.906+0530][44.751s] GC(353) User=0.00s Sys=0.01s Real=0.00s
[2025-06-03T15:51:57.013+0530][44.859s] GC(354) Pause Young (Normal) (G1 Evacuation Pause)
[2025-06-03T15:51:57.014+0530][44.859s] GC(354) Using 8 workers of 8 for evacuation
[2025-06-03T15:51:57.014+0530][44.860s] GC(354) Skipped phase 1 of Reference Processing: no references
[2025-06-03T15:51:57.014+0530][44.860s] GC(354) Skipped phase 2 of Reference Processing: no references
[2025-06-03T15:51:57.014+0530][44.860s] GC(354) Skipped phase 3 of Reference Processing: no references
[2025-06-03T15:51:57.014+0530][44.860s] GC(354) Skipped phase 4 of Reference Processing: no references
[2025-06-03T15:51:57.015+0530][44.860s] GC(354)   Pre Evacuate Collection Set: 0.1ms
[2025-06-03T15:51:57.015+0530][44.860s] GC(354)   Merge Heap Roots: 0.1ms
[2025-06-03T15:51:57.015+0530][44.860s] GC(354)   Evacuate Collection Set: 0.3ms
[2025-06-03T15:51:57.015+0530][44.860s] GC(354)   Post Evacuate Collection Set: 0.5ms
[2025-06-03T15:51:57.015+0530][44.860s] GC(354)   Other: 0.2ms
[2025-06-03T15:51:57.015+0530][44.860s] GC(354) Eden regions: 306->0(306)
[2025-06-03T15:51:57.015+0530][44.860s] GC(354) Survivor regions: 1->1(39)
[2025-06-03T15:51:57.015+0530][44.860s] GC(354) Old regions: 9->9
[2025-06-03T15:51:57.015+0530][44.860s] GC(354) Archive regions: 2->2
[2025-06-03T15:51:57.015+0530][44.860s] GC(354) Humongous regions: 0->0
[2025-06-03T15:51:57.015+0530][44.860s] GC(354) Metaspace: 20310K(20800K)->20310K(20800K) NonClass: 17724K(17984K)->17724K(17984K) Class: 2585K(2816K)->2585K(2816K)
[2025-06-03T15:51:57.015+0530][44.860s] GC(354) Pause Young (Normal) (G1 Evacuation Pause) 315M->9M(512M) 1.367ms
[2025-06-03T15:51:57.015+0530][44.860s] GC(354) User=0.00s Sys=0.00s Real=0.00s
[2025-06-03T15:51:57.119+0530][44.965s] GC(355) Pause Young (Normal) (G1 Evacuation Pause)
[2025-06-03T15:51:57.119+0530][44.965s] GC(355) Using 8 workers of 8 for evacuation
[2025-06-03T15:51:57.120+0530][44.965s] GC(355) Skipped phase 1 of Reference Processing: no references
[2025-06-03T15:51:57.120+0530][44.965s] GC(355) Skipped phase 2 of Reference Processing: no references
[2025-06-03T15:51:57.120+0530][44.965s] GC(355) Skipped phase 3 of Reference Processing: no references
[2025-06-03T15:51:57.120+0530][44.965s] GC(355) Skipped phase 4 of Reference Processing: no references
[2025-06-03T15:51:57.120+0530][44.966s] GC(355)   Pre Evacuate Collection Set: 0.1ms
[2025-06-03T15:51:57.120+0530][44.966s] GC(355)   Merge Heap Roots: 0.1ms
[2025-06-03T15:51:57.120+0530][44.966s] GC(355)   Evacuate Collection Set: 0.2ms
[2025-06-03T15:51:57.120+0530][44.966s] GC(355)   Post Evacuate Collection Set: 0.4ms
[2025-06-03T15:51:57.120+0530][44.966s] GC(355)   Other: 0.1ms
[2025-06-03T15:51:57.120+0530][44.966s] GC(355) Eden regions: 306->0(306)
[2025-06-03T15:51:57.120+0530][44.966s] GC(355) Survivor regions: 1->1(39)
[2025-06-03T15:51:57.120+0530][44.966s] GC(355) Old regions: 9->9
[2025-06-03T15:51:57.120+0530][44.966s] GC(355) Archive regions: 2->2
[2025-06-03T15:51:57.120+0530][44.966s] GC(355) Humongous regions: 0->0
[2025-06-03T15:51:57.120+0530][44.966s] GC(355) Metaspace: 20310K(20800K)->20310K(20800K) NonClass: 17724K(17984K)->17724K(17984K) Class: 2585K(2816K)->2585K(2816K)
[2025-06-03T15:51:57.120+0530][44.966s] GC(355) Pause Young (Normal) (G1 Evacuation Pause) 315M->9M(512M) 1.066ms
[2025-06-03T15:51:57.120+0530][44.966s] GC(355) User=0.00s Sys=0.00s Real=0.01s
[2025-06-03T15:51:57.241+0530][45.086s] GC(356) Pause Young (Normal) (G1 Evacuation Pause)
[2025-06-03T15:51:57.241+0530][45.086s] GC(356) Using 8 workers of 8 for evacuation
[2025-06-03T15:51:57.241+0530][45.087s] GC(356) Skipped phase 1 of Reference Processing: no references
[2025-06-03T15:51:57.241+0530][45.087s] GC(356) Skipped phase 2 of Reference Processing: no references
[2025-06-03T15:51:57.241+0530][45.087s] GC(356) Skipped phase 3 of Reference Processing: no references
[2025-06-03T15:51:57.241+0530][45.087s] GC(356) Skipped phase 4 of Reference Processing: no references
[2025-06-03T15:51:57.242+0530][45.087s] GC(356)   Pre Evacuate Collection Set: 0.1ms
[2025-06-03T15:51:57.242+0530][45.087s] GC(356)   Merge Heap Roots: 0.1ms
[2025-06-03T15:51:57.242+0530][45.087s] GC(356)   Evacuate Collection Set: 0.2ms
[2025-06-03T15:51:57.242+0530][45.087s] GC(356)   Post Evacuate Collection Set: 0.4ms
[2025-06-03T15:51:57.242+0530][45.087s] GC(356)   Other: 0.1ms
[2025-06-03T15:51:57.242+0530][45.087s] GC(356) Eden regions: 306->0(306)
[2025-06-03T15:51:57.242+0530][45.087s] GC(356) Survivor regions: 1->1(39)
[2025-06-03T15:51:57.242+0530][45.087s] GC(356) Old regions: 9->9
[2025-06-03T15:51:57.242+0530][45.087s] GC(356) Archive regions: 2->2
[2025-06-03T15:51:57.242+0530][45.087s] GC(356) Humongous regions: 0->0
[2025-06-03T15:51:57.242+0530][45.087s] GC(356) Metaspace: 20313K(20800K)->20313K(20800K) NonClass: 17727K(17984K)->17727K(17984K) Class: 2585K(2816K)->2585K(2816K)
[2025-06-03T15:51:57.242+0530][45.087s] GC(356) Pause Young (Normal) (G1 Evacuation Pause) 315M->9M(512M) 0.963ms
[2025-06-03T15:51:57.242+0530][45.087s] GC(356) User=0.01s Sys=0.00s Real=0.00s
[2025-06-03T15:51:57.369+0530][45.214s] GC(357) Pause Young (Normal) (G1 Evacuation Pause)
[2025-06-03T15:51:57.369+0530][45.214s] GC(357) Using 8 workers of 8 for evacuation
[2025-06-03T15:51:57.369+0530][45.214s] GC(357) Skipped phase 1 of Reference Processing: no references
[2025-06-03T15:51:57.369+0530][45.214s] GC(357) Skipped phase 2 of Reference Processing: no references
[2025-06-03T15:51:57.369+0530][45.214s] GC(357) Skipped phase 3 of Reference Processing: no references
[2025-06-03T15:51:57.369+0530][45.214s] GC(357) Skipped phase 4 of Reference Processing: no references
[2025-06-03T15:51:57.369+0530][45.215s] GC(357)   Pre Evacuate Collection Set: 0.1ms
[2025-06-03T15:51:57.369+0530][45.215s] GC(357)   Merge Heap Roots: 0.1ms
[2025-06-03T15:51:57.369+0530][45.215s] GC(357)   Evacuate Collection Set: 0.2ms
[2025-06-03T15:51:57.369+0530][45.215s] GC(357)   Post Evacuate Collection Set: 0.4ms
[2025-06-03T15:51:57.369+0530][45.215s] GC(357)   Other: 0.2ms
[2025-06-03T15:51:57.369+0530][45.215s] GC(357) Eden regions: 306->0(306)
[2025-06-03T15:51:57.369+0530][45.215s] GC(357) Survivor regions: 1->1(39)
[2025-06-03T15:51:57.369+0530][45.215s] GC(357) Old regions: 9->9
[2025-06-03T15:51:57.370+0530][45.215s] GC(357) Archive regions: 2->2
[2025-06-03T15:51:57.370+0530][45.215s] GC(357) Humongous regions: 0->0
[2025-06-03T15:51:57.370+0530][45.215s] GC(357) Metaspace: 20313K(20800K)->20313K(20800K) NonClass: 17727K(17984K)->17727K(17984K) Class: 2585K(2816K)->2585K(2816K)
[2025-06-03T15:51:57.370+0530][45.215s] GC(357) Pause Young (Normal) (G1 Evacuation Pause) 315M->9M(512M) 1.086ms
[2025-06-03T15:51:57.370+0530][45.215s] GC(357) User=0.00s Sys=0.00s Real=0.01s
[2025-06-03T15:51:57.505+0530][45.350s] GC(358) Pause Young (Normal) (G1 Evacuation Pause)
[2025-06-03T15:51:57.505+0530][45.350s] GC(358) Using 8 workers of 8 for evacuation
[2025-06-03T15:51:57.505+0530][45.351s] GC(358) Skipped phase 1 of Reference Processing: no references
[2025-06-03T15:51:57.505+0530][45.351s] GC(358) Skipped phase 2 of Reference Processing: no references
[2025-06-03T15:51:57.505+0530][45.351s] GC(358) Skipped phase 3 of Reference Processing: no references
[2025-06-03T15:51:57.505+0530][45.351s] GC(358) Skipped phase 4 of Reference Processing: no references
[2025-06-03T15:51:57.506+0530][45.351s] GC(358)   Pre Evacuate Collection Set: 0.1ms
[2025-06-03T15:51:57.506+0530][45.351s] GC(358)   Merge Heap Roots: 0.1ms
[2025-06-03T15:51:57.506+0530][45.351s] GC(358)   Evacuate Collection Set: 0.2ms
[2025-06-03T15:51:57.506+0530][45.351s] GC(358)   Post Evacuate Collection Set: 0.4ms
[2025-06-03T15:51:57.506+0530][45.351s] GC(358)   Other: 0.1ms
[2025-06-03T15:51:57.506+0530][45.351s] GC(358) Eden regions: 306->0(306)
[2025-06-03T15:51:57.506+0530][45.351s] GC(358) Survivor regions: 1->1(39)
[2025-06-03T15:51:57.506+0530][45.351s] GC(358) Old regions: 9->9
[2025-06-03T15:51:57.506+0530][45.351s] GC(358) Archive regions: 2->2
[2025-06-03T15:51:57.506+0530][45.351s] GC(358) Humongous regions: 0->0
[2025-06-03T15:51:57.506+0530][45.351s] GC(358) Metaspace: 20313K(20800K)->20313K(20800K) NonClass: 17727K(17984K)->17727K(17984K) Class: 2585K(2816K)->2585K(2816K)
[2025-06-03T15:51:57.506+0530][45.351s] GC(358) Pause Young (Normal) (G1 Evacuation Pause) 315M->9M(512M) 1.013ms
[2025-06-03T15:51:57.506+0530][45.351s] GC(358) User=0.01s Sys=0.00s Real=0.00s
[2025-06-03T15:51:57.611+0530][45.457s] GC(359) Pause Young (Normal) (G1 Evacuation Pause)
[2025-06-03T15:51:57.611+0530][45.457s] GC(359) Using 8 workers of 8 for evacuation
[2025-06-03T15:51:57.612+0530][45.457s] GC(359) Skipped phase 1 of Reference Processing: no references
[2025-06-03T15:51:57.612+0530][45.457s] GC(359) Skipped phase 2 of Reference Processing: no references
[2025-06-03T15:51:57.612+0530][45.457s] GC(359) Skipped phase 3 of Reference Processing: no references
[2025-06-03T15:51:57.612+0530][45.457s] GC(359) Skipped phase 4 of Reference Processing: no references
[2025-06-03T15:51:57.612+0530][45.458s] GC(359)   Pre Evacuate Collection Set: 0.1ms
[2025-06-03T15:51:57.613+0530][45.458s] GC(359)   Merge Heap Roots: 0.2ms
[2025-06-03T15:51:57.613+0530][45.458s] GC(359)   Evacuate Collection Set: 0.3ms
[2025-06-03T15:51:57.613+0530][45.458s] GC(359)   Post Evacuate Collection Set: 0.6ms
[2025-06-03T15:51:57.613+0530][45.458s] GC(359)   Other: 0.2ms
[2025-06-03T15:51:57.613+0530][45.458s] GC(359) Eden regions: 306->0(306)
[2025-06-03T15:51:57.613+0530][45.458s] GC(359) Survivor regions: 1->1(39)
[2025-06-03T15:51:57.613+0530][45.458s] GC(359) Old regions: 9->9
[2025-06-03T15:51:57.613+0530][45.458s] GC(359) Archive regions: 2->2
[2025-06-03T15:51:57.613+0530][45.458s] GC(359) Humongous regions: 0->0
[2025-06-03T15:51:57.613+0530][45.458s] GC(359) Metaspace: 20313K(20800K)->20313K(20800K) NonClass: 17727K(17984K)->17727K(17984K) Class: 2585K(2816K)->2585K(2816K)
[2025-06-03T15:51:57.613+0530][45.458s] GC(359) Pause Young (Normal) (G1 Evacuation Pause) 315M->9M(512M) 1.464ms
[2025-06-03T15:51:57.613+0530][45.458s] GC(359) User=0.01s Sys=0.00s Real=0.00s
[2025-06-03T15:51:57.716+0530][45.561s] GC(360) Pause Young (Normal) (G1 Evacuation Pause)
[2025-06-03T15:51:57.716+0530][45.561s] GC(360) Using 8 workers of 8 for evacuation
[2025-06-03T15:51:57.716+0530][45.562s] GC(360) Skipped phase 1 of Reference Processing: no references
[2025-06-03T15:51:57.716+0530][45.562s] GC(360) Skipped phase 2 of Reference Processing: no references
[2025-06-03T15:51:57.716+0530][45.562s] GC(360) Skipped phase 3 of Reference Processing: no references
[2025-06-03T15:51:57.716+0530][45.562s] GC(360) Skipped phase 4 of Reference Processing: no references
[2025-06-03T15:51:57.717+0530][45.562s] GC(360)   Pre Evacuate Collection Set: 0.1ms
[2025-06-03T15:51:57.717+0530][45.562s] GC(360)   Merge Heap Roots: 0.1ms
[2025-06-03T15:51:57.717+0530][45.562s] GC(360)   Evacuate Collection Set: 0.2ms
[2025-06-03T15:51:57.717+0530][45.562s] GC(360)   Post Evacuate Collection Set: 0.4ms
[2025-06-03T15:51:57.717+0530][45.562s] GC(360)   Other: 0.2ms
[2025-06-03T15:51:57.717+0530][45.562s] GC(360) Eden regions: 306->0(306)
[2025-06-03T15:51:57.717+0530][45.562s] GC(360) Survivor regions: 1->1(39)
[2025-06-03T15:51:57.717+0530][45.562s] GC(360) Old regions: 9->9
[2025-06-03T15:51:57.717+0530][45.562s] GC(360) Archive regions: 2->2
[2025-06-03T15:51:57.717+0530][45.562s] GC(360) Humongous regions: 0->0
[2025-06-03T15:51:57.717+0530][45.562s] GC(360) Metaspace: 20313K(20800K)->20313K(20800K) NonClass: 17727K(17984K)->17727K(17984K) Class: 2585K(2816K)->2585K(2816K)
[2025-06-03T15:51:57.717+0530][45.562s] GC(360) Pause Young (Normal) (G1 Evacuation Pause) 315M->9M(512M) 0.977ms
[2025-06-03T15:51:57.717+0530][45.562s] GC(360) User=0.00s Sys=0.00s Real=0.00s
[2025-06-03T15:51:57.819+0530][45.664s] GC(361) Pause Young (Normal) (G1 Evacuation Pause)
[2025-06-03T15:51:57.819+0530][45.664s] GC(361) Using 8 workers of 8 for evacuation
[2025-06-03T15:51:57.819+0530][45.665s] GC(361) Skipped phase 1 of Reference Processing: no references
[2025-06-03T15:51:57.819+0530][45.665s] GC(361) Skipped phase 2 of Reference Processing: no references
[2025-06-03T15:51:57.819+0530][45.665s] GC(361) Skipped phase 3 of Reference Processing: no references
[2025-06-03T15:51:57.819+0530][45.665s] GC(361) Skipped phase 4 of Reference Processing: no references
[2025-06-03T15:51:57.819+0530][45.665s] GC(361)   Pre Evacuate Collection Set: 0.1ms
[2025-06-03T15:51:57.819+0530][45.665s] GC(361)   Merge Heap Roots: 0.1ms
[2025-06-03T15:51:57.819+0530][45.665s] GC(361)   Evacuate Collection Set: 0.2ms
[2025-06-03T15:51:57.819+0530][45.665s] GC(361)   Post Evacuate Collection Set: 0.3ms
[2025-06-03T15:51:57.819+0530][45.665s] GC(361)   Other: 0.1ms
[2025-06-03T15:51:57.820+0530][45.665s] GC(361) Eden regions: 306->0(306)
[2025-06-03T15:51:57.820+0530][45.665s] GC(361) Survivor regions: 1->1(39)
[2025-06-03T15:51:57.820+0530][45.665s] GC(361) Old regions: 9->9
[2025-06-03T15:51:57.820+0530][45.665s] GC(361) Archive regions: 2->2
[2025-06-03T15:51:57.820+0530][45.665s] GC(361) Humongous regions: 0->0
[2025-06-03T15:51:57.820+0530][45.665s] GC(361) Metaspace: 20313K(20800K)->20313K(20800K) NonClass: 17727K(17984K)->17727K(17984K) Class: 2585K(2816K)->2585K(2816K)
[2025-06-03T15:51:57.820+0530][45.665s] GC(361) Pause Young (Normal) (G1 Evacuation Pause) 315M->9M(512M) 0.896ms
[2025-06-03T15:51:57.820+0530][45.665s] GC(361) User=0.00s Sys=0.00s Real=0.01s
[2025-06-03T15:51:57.917+0530][45.763s] GC(362) Pause Young (Normal) (G1 Evacuation Pause)
[2025-06-03T15:51:57.917+0530][45.763s] GC(362) Using 8 workers of 8 for evacuation
[2025-06-03T15:51:57.918+0530][45.763s] GC(362) Skipped phase 1 of Reference Processing: no references
[2025-06-03T15:51:57.918+0530][45.763s] GC(362) Skipped phase 2 of Reference Processing: no references
[2025-06-03T15:51:57.918+0530][45.763s] GC(362) Skipped phase 3 of Reference Processing: no references
[2025-06-03T15:51:57.918+0530][45.763s] GC(362) Skipped phase 4 of Reference Processing: no references
[2025-06-03T15:51:57.918+0530][45.764s] GC(362)   Pre Evacuate Collection Set: 0.1ms
[2025-06-03T15:51:57.918+0530][45.764s] GC(362)   Merge Heap Roots: 0.1ms
[2025-06-03T15:51:57.918+0530][45.764s] GC(362)   Evacuate Collection Set: 0.2ms
[2025-06-03T15:51:57.918+0530][45.764s] GC(362)   Post Evacuate Collection Set: 0.4ms
[2025-06-03T15:51:57.918+0530][45.764s] GC(362)   Other: 0.1ms
[2025-06-03T15:51:57.918+0530][45.764s] GC(362) Eden regions: 306->0(306)
[2025-06-03T15:51:57.918+0530][45.764s] GC(362) Survivor regions: 1->1(39)
[2025-06-03T15:51:57.918+0530][45.764s] GC(362) Old regions: 9->9
[2025-06-03T15:51:57.918+0530][45.764s] GC(362) Archive regions: 2->2
[2025-06-03T15:51:57.918+0530][45.764s] GC(362) Humongous regions: 0->0
[2025-06-03T15:51:57.918+0530][45.764s] GC(362) Metaspace: 20313K(20800K)->20313K(20800K) NonClass: 17727K(17984K)->17727K(17984K) Class: 2585K(2816K)->2585K(2816K)
[2025-06-03T15:51:57.918+0530][45.764s] GC(362) Pause Young (Normal) (G1 Evacuation Pause) 315M->9M(512M) 1.043ms
[2025-06-03T15:51:57.918+0530][45.764s] GC(362) User=0.00s Sys=0.01s Real=0.00s
[2025-06-03T15:51:58.018+0530][45.864s] GC(363) Pause Young (Normal) (G1 Evacuation Pause)
[2025-06-03T15:51:58.018+0530][45.864s] GC(363) Using 8 workers of 8 for evacuation
[2025-06-03T15:51:58.019+0530][45.864s] GC(363) Skipped phase 1 of Reference Processing: no references
[2025-06-03T15:51:58.019+0530][45.864s] GC(363) Skipped phase 2 of Reference Processing: no references
[2025-06-03T15:51:58.019+0530][45.864s] GC(363) Skipped phase 3 of Reference Processing: no references
[2025-06-03T15:51:58.019+0530][45.864s] GC(363) Skipped phase 4 of Reference Processing: no references
[2025-06-03T15:51:58.019+0530][45.864s] GC(363)   Pre Evacuate Collection Set: 0.1ms
[2025-06-03T15:51:58.019+0530][45.864s] GC(363)   Merge Heap Roots: 0.1ms
[2025-06-03T15:51:58.019+0530][45.864s] GC(363)   Evacuate Collection Set: 0.2ms
[2025-06-03T15:51:58.019+0530][45.864s] GC(363)   Post Evacuate Collection Set: 0.4ms
[2025-06-03T15:51:58.019+0530][45.865s] GC(363)   Other: 0.1ms
[2025-06-03T15:51:58.019+0530][45.865s] GC(363) Eden regions: 306->0(306)
[2025-06-03T15:51:58.019+0530][45.865s] GC(363) Survivor regions: 1->1(39)
[2025-06-03T15:51:58.019+0530][45.865s] GC(363) Old regions: 9->9
[2025-06-03T15:51:58.019+0530][45.865s] GC(363) Archive regions: 2->2
[2025-06-03T15:51:58.019+0530][45.865s] GC(363) Humongous regions: 0->0
[2025-06-03T15:51:58.019+0530][45.865s] GC(363) Metaspace: 20313K(20800K)->20313K(20800K) NonClass: 17727K(17984K)->17727K(17984K) Class: 2585K(2816K)->2585K(2816K)
[2025-06-03T15:51:58.019+0530][45.865s] GC(363) Pause Young (Normal) (G1 Evacuation Pause) 315M->9M(512M) 1.024ms
[2025-06-03T15:51:58.019+0530][45.865s] GC(363) User=0.00s Sys=0.01s Real=0.00s
[2025-06-03T15:51:58.134+0530][45.979s] GC(364) Pause Young (Normal) (G1 Evacuation Pause)
[2025-06-03T15:51:58.134+0530][45.979s] GC(364) Using 8 workers of 8 for evacuation
[2025-06-03T15:51:58.134+0530][45.980s] GC(364) Skipped phase 1 of Reference Processing: no references
[2025-06-03T15:51:58.134+0530][45.980s] GC(364) Skipped phase 2 of Reference Processing: no references
[2025-06-03T15:51:58.134+0530][45.980s] GC(364) Skipped phase 3 of Reference Processing: no references
[2025-06-03T15:51:58.134+0530][45.980s] GC(364) Skipped phase 4 of Reference Processing: no references
[2025-06-03T15:51:58.135+0530][45.980s] GC(364)   Pre Evacuate Collection Set: 0.1ms
[2025-06-03T15:51:58.135+0530][45.980s] GC(364)   Merge Heap Roots: 0.1ms
[2025-06-03T15:51:58.135+0530][45.980s] GC(364)   Evacuate Collection Set: 0.3ms
[2025-06-03T15:51:58.135+0530][45.980s] GC(364)   Post Evacuate Collection Set: 0.4ms
[2025-06-03T15:51:58.135+0530][45.980s] GC(364)   Other: 0.2ms
[2025-06-03T15:51:58.135+0530][45.980s] GC(364) Eden regions: 306->0(306)
[2025-06-03T15:51:58.135+0530][45.980s] GC(364) Survivor regions: 1->1(39)
[2025-06-03T15:51:58.135+0530][45.980s] GC(364) Old regions: 9->9
[2025-06-03T15:51:58.135+0530][45.980s] GC(364) Archive regions: 2->2
[2025-06-03T15:51:58.135+0530][45.980s] GC(364) Humongous regions: 0->0
[2025-06-03T15:51:58.135+0530][45.980s] GC(364) Metaspace: 20313K(20800K)->20313K(20800K) NonClass: 17728K(17984K)->17728K(17984K) Class: 2585K(2816K)->2585K(2816K)
[2025-06-03T15:51:58.135+0530][45.980s] GC(364) Pause Young (Normal) (G1 Evacuation Pause) 315M->9M(512M) 1.124ms
[2025-06-03T15:51:58.135+0530][45.980s] GC(364) User=0.00s Sys=0.00s Real=0.00s
[2025-06-03T15:51:58.251+0530][46.096s] GC(365) Pause Young (Normal) (G1 Evacuation Pause)
[2025-06-03T15:51:58.251+0530][46.096s] GC(365) Using 8 workers of 8 for evacuation
[2025-06-03T15:51:58.251+0530][46.097s] GC(365) Skipped phase 1 of Reference Processing: no references
[2025-06-03T15:51:58.251+0530][46.097s] GC(365) Skipped phase 2 of Reference Processing: no references
[2025-06-03T15:51:58.251+0530][46.097s] GC(365) Skipped phase 3 of Reference Processing: no references
[2025-06-03T15:51:58.251+0530][46.097s] GC(365) Skipped phase 4 of Reference Processing: no references
[2025-06-03T15:51:58.252+0530][46.097s] GC(365)   Pre Evacuate Collection Set: 0.1ms
[2025-06-03T15:51:58.252+0530][46.097s] GC(365)   Merge Heap Roots: 0.1ms
[2025-06-03T15:51:58.252+0530][46.097s] GC(365)   Evacuate Collection Set: 0.2ms
[2025-06-03T15:51:58.252+0530][46.097s] GC(365)   Post Evacuate Collection Set: 0.4ms
[2025-06-03T15:51:58.252+0530][46.097s] GC(365)   Other: 0.2ms
[2025-06-03T15:51:58.252+0530][46.097s] GC(365) Eden regions: 306->0(306)
[2025-06-03T15:51:58.252+0530][46.097s] GC(365) Survivor regions: 1->1(39)
[2025-06-03T15:51:58.252+0530][46.097s] GC(365) Old regions: 9->9
[2025-06-03T15:51:58.252+0530][46.097s] GC(365) Archive regions: 2->2
[2025-06-03T15:51:58.252+0530][46.097s] GC(365) Humongous regions: 0->0
[2025-06-03T15:51:58.252+0530][46.098s] GC(365) Metaspace: 20313K(20800K)->20313K(20800K) NonClass: 17728K(17984K)->17728K(17984K) Class: 2585K(2816K)->2585K(2816K)
[2025-06-03T15:51:58.252+0530][46.098s] GC(365) Pause Young (Normal) (G1 Evacuation Pause) 315M->9M(512M) 1.240ms
[2025-06-03T15:51:58.252+0530][46.098s] GC(365) User=0.00s Sys=0.00s Real=0.00s
[2025-06-03T15:51:58.393+0530][46.238s] GC(366) Pause Young (Normal) (G1 Evacuation Pause)
[2025-06-03T15:51:58.393+0530][46.238s] GC(366) Using 8 workers of 8 for evacuation
[2025-06-03T15:51:58.393+0530][46.239s] GC(366) Skipped phase 1 of Reference Processing: no references
[2025-06-03T15:51:58.393+0530][46.239s] GC(366) Skipped phase 2 of Reference Processing: no references
[2025-06-03T15:51:58.393+0530][46.239s] GC(366) Skipped phase 3 of Reference Processing: no references
[2025-06-03T15:51:58.393+0530][46.239s] GC(366) Skipped phase 4 of Reference Processing: no references
[2025-06-03T15:51:58.393+0530][46.239s] GC(366)   Pre Evacuate Collection Set: 0.1ms
[2025-06-03T15:51:58.393+0530][46.239s] GC(366)   Merge Heap Roots: 0.1ms
[2025-06-03T15:51:58.393+0530][46.239s] GC(366)   Evacuate Collection Set: 0.2ms
[2025-06-03T15:51:58.393+0530][46.239s] GC(366)   Post Evacuate Collection Set: 0.4ms
[2025-06-03T15:51:58.393+0530][46.239s] GC(366)   Other: 0.1ms
[2025-06-03T15:51:58.393+0530][46.239s] GC(366) Eden regions: 306->0(306)
[2025-06-03T15:51:58.394+0530][46.239s] GC(366) Survivor regions: 1->1(39)
[2025-06-03T15:51:58.394+0530][46.239s] GC(366) Old regions: 9->9
[2025-06-03T15:51:58.394+0530][46.239s] GC(366) Archive regions: 2->2
[2025-06-03T15:51:58.394+0530][46.239s] GC(366) Humongous regions: 0->0
[2025-06-03T15:51:58.394+0530][46.239s] GC(366) Metaspace: 20313K(20800K)->20313K(20800K) NonClass: 17728K(17984K)->17728K(17984K) Class: 2585K(2816K)->2585K(2816K)
[2025-06-03T15:51:58.394+0530][46.239s] GC(366) Pause Young (Normal) (G1 Evacuation Pause) 315M->9M(512M) 0.975ms
[2025-06-03T15:51:58.394+0530][46.239s] GC(366) User=0.00s Sys=0.00s Real=0.00s
[2025-06-03T15:51:58.510+0530][46.355s] GC(367) Pause Young (Normal) (G1 Evacuation Pause)
[2025-06-03T15:51:58.510+0530][46.355s] GC(367) Using 8 workers of 8 for evacuation
[2025-06-03T15:51:58.510+0530][46.356s] GC(367) Skipped phase 1 of Reference Processing: no references
[2025-06-03T15:51:58.510+0530][46.356s] GC(367) Skipped phase 2 of Reference Processing: no references
[2025-06-03T15:51:58.510+0530][46.356s] GC(367) Skipped phase 3 of Reference Processing: no references
[2025-06-03T15:51:58.510+0530][46.356s] GC(367) Skipped phase 4 of Reference Processing: no references
[2025-06-03T15:51:58.511+0530][46.356s] GC(367)   Pre Evacuate Collection Set: 0.1ms
[2025-06-03T15:51:58.511+0530][46.356s] GC(367)   Merge Heap Roots: 0.1ms
[2025-06-03T15:51:58.511+0530][46.356s] GC(367)   Evacuate Collection Set: 0.2ms
[2025-06-03T15:51:58.511+0530][46.356s] GC(367)   Post Evacuate Collection Set: 0.5ms
[2025-06-03T15:51:58.511+0530][46.357s] GC(367)   Other: 0.2ms
[2025-06-03T15:51:58.511+0530][46.357s] GC(367) Eden regions: 306->0(306)
[2025-06-03T15:51:58.511+0530][46.357s] GC(367) Survivor regions: 1->1(39)
[2025-06-03T15:51:58.511+0530][46.357s] GC(367) Old regions: 9->9
[2025-06-03T15:51:58.511+0530][46.357s] GC(367) Archive regions: 2->2
[2025-06-03T15:51:58.511+0530][46.357s] GC(367) Humongous regions: 0->0
[2025-06-03T15:51:58.511+0530][46.357s] GC(367) Metaspace: 20313K(20800K)->20313K(20800K) NonClass: 17728K(17984K)->17728K(17984K) Class: 2585K(2816K)->2585K(2816K)
[2025-06-03T15:51:58.511+0530][46.357s] GC(367) Pause Young (Normal) (G1 Evacuation Pause) 315M->9M(512M) 1.330ms
[2025-06-03T15:51:58.511+0530][46.357s] GC(367) User=0.00s Sys=0.00s Real=0.00s
[2025-06-03T15:51:58.623+0530][46.469s] GC(368) Pause Young (Normal) (G1 Evacuation Pause)
[2025-06-03T15:51:58.624+0530][46.469s] GC(368) Using 8 workers of 8 for evacuation
[2025-06-03T15:51:58.624+0530][46.469s] GC(368) Skipped phase 1 of Reference Processing: no references
[2025-06-03T15:51:58.624+0530][46.469s] GC(368) Skipped phase 2 of Reference Processing: no references
[2025-06-03T15:51:58.624+0530][46.469s] GC(368) Skipped phase 3 of Reference Processing: no references
[2025-06-03T15:51:58.624+0530][46.469s] GC(368) Skipped phase 4 of Reference Processing: no references
[2025-06-03T15:51:58.624+0530][46.470s] GC(368)   Pre Evacuate Collection Set: 0.0ms
[2025-06-03T15:51:58.624+0530][46.470s] GC(368)   Merge Heap Roots: 0.1ms
[2025-06-03T15:51:58.624+0530][46.470s] GC(368)   Evacuate Collection Set: 0.2ms
[2025-06-03T15:51:58.624+0530][46.470s] GC(368)   Post Evacuate Collection Set: 0.3ms
[2025-06-03T15:51:58.624+0530][46.470s] GC(368)   Other: 0.1ms
[2025-06-03T15:51:58.624+0530][46.470s] GC(368) Eden regions: 306->0(306)
[2025-06-03T15:51:58.624+0530][46.470s] GC(368) Survivor regions: 1->1(39)
[2025-06-03T15:51:58.624+0530][46.470s] GC(368) Old regions: 9->9
[2025-06-03T15:51:58.624+0530][46.470s] GC(368) Archive regions: 2->2
[2025-06-03T15:51:58.624+0530][46.470s] GC(368) Humongous regions: 0->0
[2025-06-03T15:51:58.624+0530][46.470s] GC(368) Metaspace: 20313K(20800K)->20313K(20800K) NonClass: 17728K(17984K)->17728K(17984K) Class: 2585K(2816K)->2585K(2816K)
[2025-06-03T15:51:58.624+0530][46.470s] GC(368) Pause Young (Normal) (G1 Evacuation Pause) 315M->9M(512M) 0.877ms
[2025-06-03T15:51:58.624+0530][46.470s] GC(368) User=0.01s Sys=0.00s Real=0.00s
[2025-06-03T15:51:58.733+0530][46.579s] GC(369) Pause Young (Normal) (G1 Evacuation Pause)
[2025-06-03T15:51:58.733+0530][46.579s] GC(369) Using 8 workers of 8 for evacuation
[2025-06-03T15:51:58.734+0530][46.579s] GC(369) Skipped phase 1 of Reference Processing: no references
[2025-06-03T15:51:58.734+0530][46.579s] GC(369) Skipped phase 2 of Reference Processing: no references
[2025-06-03T15:51:58.734+0530][46.579s] GC(369) Skipped phase 3 of Reference Processing: no references
[2025-06-03T15:51:58.734+0530][46.579s] GC(369) Skipped phase 4 of Reference Processing: no references
[2025-06-03T15:51:58.734+0530][46.580s] GC(369)   Pre Evacuate Collection Set: 0.0ms
[2025-06-03T15:51:58.734+0530][46.580s] GC(369)   Merge Heap Roots: 0.0ms
[2025-06-03T15:51:58.734+0530][46.580s] GC(369)   Evacuate Collection Set: 0.2ms
[2025-06-03T15:51:58.734+0530][46.580s] GC(369)   Post Evacuate Collection Set: 0.3ms
[2025-06-03T15:51:58.734+0530][46.580s] GC(369)   Other: 0.1ms
[2025-06-03T15:51:58.734+0530][46.580s] GC(369) Eden regions: 306->0(306)
[2025-06-03T15:51:58.734+0530][46.580s] GC(369) Survivor regions: 1->1(39)
[2025-06-03T15:51:58.734+0530][46.580s] GC(369) Old regions: 9->9
[2025-06-03T15:51:58.734+0530][46.580s] GC(369) Archive regions: 2->2
[2025-06-03T15:51:58.734+0530][46.580s] GC(369) Humongous regions: 0->0
[2025-06-03T15:51:58.734+0530][46.580s] GC(369) Metaspace: 20313K(20800K)->20313K(20800K) NonClass: 17728K(17984K)->17728K(17984K) Class: 2585K(2816K)->2585K(2816K)
[2025-06-03T15:51:58.734+0530][46.580s] GC(369) Pause Young (Normal) (G1 Evacuation Pause) 315M->9M(512M) 0.957ms
[2025-06-03T15:51:58.734+0530][46.580s] GC(369) User=0.00s Sys=0.00s Real=0.00s
[2025-06-03T15:51:58.845+0530][46.691s] GC(370) Pause Young (Normal) (G1 Evacuation Pause)
[2025-06-03T15:51:58.845+0530][46.691s] GC(370) Using 8 workers of 8 for evacuation
[2025-06-03T15:51:58.845+0530][46.691s] GC(370) Skipped phase 1 of Reference Processing: no references
[2025-06-03T15:51:58.846+0530][46.691s] GC(370) Skipped phase 2 of Reference Processing: no references
[2025-06-03T15:51:58.846+0530][46.691s] GC(370) Skipped phase 3 of Reference Processing: no references
[2025-06-03T15:51:58.846+0530][46.691s] GC(370) Skipped phase 4 of Reference Processing: no references
[2025-06-03T15:51:58.846+0530][46.691s] GC(370)   Pre Evacuate Collection Set: 0.1ms
[2025-06-03T15:51:58.846+0530][46.692s] GC(370)   Merge Heap Roots: 0.1ms
[2025-06-03T15:51:58.846+0530][46.692s] GC(370)   Evacuate Collection Set: 0.2ms
[2025-06-03T15:51:58.846+0530][46.692s] GC(370)   Post Evacuate Collection Set: 0.5ms
[2025-06-03T15:51:58.846+0530][46.692s] GC(370)   Other: 0.1ms
[2025-06-03T15:51:58.846+0530][46.692s] GC(370) Eden regions: 306->0(306)
[2025-06-03T15:51:58.846+0530][46.692s] GC(370) Survivor regions: 1->1(39)
[2025-06-03T15:51:58.846+0530][46.692s] GC(370) Old regions: 9->9
[2025-06-03T15:51:58.846+0530][46.692s] GC(370) Archive regions: 2->2
[2025-06-03T15:51:58.846+0530][46.692s] GC(370) Humongous regions: 0->0
[2025-06-03T15:51:58.846+0530][46.692s] GC(370) Metaspace: 20313K(20800K)->20313K(20800K) NonClass: 17728K(17984K)->17728K(17984K) Class: 2585K(2816K)->2585K(2816K)
[2025-06-03T15:51:58.846+0530][46.692s] GC(370) Pause Young (Normal) (G1 Evacuation Pause) 315M->9M(512M) 1.262ms
[2025-06-03T15:51:58.846+0530][46.692s] GC(370) User=0.00s Sys=0.00s Real=0.00s
[2025-06-03T15:51:58.984+0530][46.829s] GC(371) Pause Young (Normal) (G1 Evacuation Pause)
[2025-06-03T15:51:58.984+0530][46.829s] GC(371) Using 8 workers of 8 for evacuation
[2025-06-03T15:51:58.984+0530][46.830s] GC(371) Skipped phase 1 of Reference Processing: no references
[2025-06-03T15:51:58.984+0530][46.830s] GC(371) Skipped phase 2 of Reference Processing: no references
[2025-06-03T15:51:58.984+0530][46.830s] GC(371) Skipped phase 3 of Reference Processing: no references
[2025-06-03T15:51:58.984+0530][46.830s] GC(371) Skipped phase 4 of Reference Processing: no references
[2025-06-03T15:51:58.985+0530][46.830s] GC(371)   Pre Evacuate Collection Set: 0.1ms
[2025-06-03T15:51:58.985+0530][46.830s] GC(371)   Merge Heap Roots: 0.1ms
[2025-06-03T15:51:58.985+0530][46.830s] GC(371)   Evacuate Collection Set: 0.2ms
[2025-06-03T15:51:58.985+0530][46.830s] GC(371)   Post Evacuate Collection Set: 0.4ms
[2025-06-03T15:51:58.985+0530][46.830s] GC(371)   Other: 0.2ms
[2025-06-03T15:51:58.985+0530][46.830s] GC(371) Eden regions: 306->0(306)
[2025-06-03T15:51:58.985+0530][46.830s] GC(371) Survivor regions: 1->1(39)
[2025-06-03T15:51:58.985+0530][46.830s] GC(371) Old regions: 9->9
[2025-06-03T15:51:58.985+0530][46.830s] GC(371) Archive regions: 2->2
[2025-06-03T15:51:58.985+0530][46.830s] GC(371) Humongous regions: 0->0
[2025-06-03T15:51:58.985+0530][46.831s] GC(371) Metaspace: 20313K(20800K)->20313K(20800K) NonClass: 17728K(17984K)->17728K(17984K) Class: 2585K(2816K)->2585K(2816K)
[2025-06-03T15:51:58.985+0530][46.831s] GC(371) Pause Young (Normal) (G1 Evacuation Pause) 315M->9M(512M) 1.166ms
[2025-06-03T15:51:58.985+0530][46.831s] GC(371) User=0.00s Sys=0.00s Real=0.00s
[2025-06-03T15:51:59.097+0530][46.942s] GC(372) Pause Young (Normal) (G1 Evacuation Pause)
[2025-06-03T15:51:59.097+0530][46.943s] GC(372) Using 8 workers of 8 for evacuation
[2025-06-03T15:51:59.097+0530][46.943s] GC(372) Skipped phase 1 of Reference Processing: no references
[2025-06-03T15:51:59.098+0530][46.943s] GC(372) Skipped phase 2 of Reference Processing: no references
[2025-06-03T15:51:59.098+0530][46.943s] GC(372) Skipped phase 3 of Reference Processing: no references
[2025-06-03T15:51:59.098+0530][46.943s] GC(372) Skipped phase 4 of Reference Processing: no references
[2025-06-03T15:51:59.098+0530][46.943s] GC(372)   Pre Evacuate Collection Set: 0.1ms
[2025-06-03T15:51:59.098+0530][46.944s] GC(372)   Merge Heap Roots: 0.1ms
[2025-06-03T15:51:59.098+0530][46.944s] GC(372)   Evacuate Collection Set: 0.2ms
[2025-06-03T15:51:59.098+0530][46.944s] GC(372)   Post Evacuate Collection Set: 0.4ms
[2025-06-03T15:51:59.098+0530][46.944s] GC(372)   Other: 0.2ms
[2025-06-03T15:51:59.098+0530][46.944s] GC(372) Eden regions: 306->0(306)
[2025-06-03T15:51:59.098+0530][46.944s] GC(372) Survivor regions: 1->1(39)
[2025-06-03T15:51:59.098+0530][46.944s] GC(372) Old regions: 9->9
[2025-06-03T15:51:59.098+0530][46.944s] GC(372) Archive regions: 2->2
[2025-06-03T15:51:59.098+0530][46.944s] GC(372) Humongous regions: 0->0
[2025-06-03T15:51:59.098+0530][46.944s] GC(372) Metaspace: 20313K(20800K)->20313K(20800K) NonClass: 17728K(17984K)->17728K(17984K) Class: 2585K(2816K)->2585K(2816K)
[2025-06-03T15:51:59.098+0530][46.944s] GC(372) Pause Young (Normal) (G1 Evacuation Pause) 315M->9M(512M) 1.229ms
[2025-06-03T15:51:59.098+0530][46.944s] GC(372) User=0.00s Sys=0.00s Real=0.00s
[2025-06-03T15:51:59.240+0530][47.086s] GC(373) Pause Young (Normal) (G1 Evacuation Pause)
[2025-06-03T15:51:59.240+0530][47.086s] GC(373) Using 8 workers of 8 for evacuation
[2025-06-03T15:51:59.241+0530][47.086s] GC(373) Skipped phase 1 of Reference Processing: no references
[2025-06-03T15:51:59.241+0530][47.086s] GC(373) Skipped phase 2 of Reference Processing: no references
[2025-06-03T15:51:59.241+0530][47.086s] GC(373) Skipped phase 3 of Reference Processing: no references
[2025-06-03T15:51:59.241+0530][47.086s] GC(373) Skipped phase 4 of Reference Processing: no references
[2025-06-03T15:51:59.241+0530][47.087s] GC(373)   Pre Evacuate Collection Set: 0.0ms
[2025-06-03T15:51:59.241+0530][47.087s] GC(373)   Merge Heap Roots: 0.1ms
[2025-06-03T15:51:59.241+0530][47.087s] GC(373)   Evacuate Collection Set: 0.2ms
[2025-06-03T15:51:59.241+0530][47.087s] GC(373)   Post Evacuate Collection Set: 0.4ms
[2025-06-03T15:51:59.241+0530][47.087s] GC(373)   Other: 0.1ms
[2025-06-03T15:51:59.241+0530][47.087s] GC(373) Eden regions: 306->0(306)
[2025-06-03T15:51:59.241+0530][47.087s] GC(373) Survivor regions: 1->1(39)
[2025-06-03T15:51:59.241+0530][47.087s] GC(373) Old regions: 9->9
[2025-06-03T15:51:59.241+0530][47.087s] GC(373) Archive regions: 2->2
[2025-06-03T15:51:59.241+0530][47.087s] GC(373) Humongous regions: 0->0
[2025-06-03T15:51:59.241+0530][47.087s] GC(373) Metaspace: 20320K(20800K)->20320K(20800K) NonClass: 17734K(17984K)->17734K(17984K) Class: 2585K(2816K)->2585K(2816K)
[2025-06-03T15:51:59.241+0530][47.087s] GC(373) Pause Young (Normal) (G1 Evacuation Pause) 315M->9M(512M) 0.956ms
[2025-06-03T15:51:59.241+0530][47.087s] GC(373) User=0.00s Sys=0.00s Real=0.00s
[2025-06-03T15:51:59.369+0530][47.215s] GC(374) Pause Young (Normal) (G1 Evacuation Pause)
[2025-06-03T15:51:59.369+0530][47.215s] GC(374) Using 8 workers of 8 for evacuation
[2025-06-03T15:51:59.370+0530][47.215s] GC(374) Skipped phase 1 of Reference Processing: no references
[2025-06-03T15:51:59.370+0530][47.215s] GC(374) Skipped phase 2 of Reference Processing: no references
[2025-06-03T15:51:59.370+0530][47.215s] GC(374) Skipped phase 3 of Reference Processing: no references
[2025-06-03T15:51:59.370+0530][47.215s] GC(374) Skipped phase 4 of Reference Processing: no references
[2025-06-03T15:51:59.370+0530][47.216s] GC(374)   Pre Evacuate Collection Set: 0.1ms
[2025-06-03T15:51:59.370+0530][47.216s] GC(374)   Merge Heap Roots: 0.1ms
[2025-06-03T15:51:59.370+0530][47.216s] GC(374)   Evacuate Collection Set: 0.2ms
[2025-06-03T15:51:59.370+0530][47.216s] GC(374)   Post Evacuate Collection Set: 0.4ms
[2025-06-03T15:51:59.370+0530][47.216s] GC(374)   Other: 0.2ms
[2025-06-03T15:51:59.370+0530][47.216s] GC(374) Eden regions: 306->0(306)
[2025-06-03T15:51:59.370+0530][47.216s] GC(374) Survivor regions: 1->1(39)
[2025-06-03T15:51:59.370+0530][47.216s] GC(374) Old regions: 9->9
[2025-06-03T15:51:59.370+0530][47.216s] GC(374) Archive regions: 2->2
[2025-06-03T15:51:59.370+0530][47.216s] GC(374) Humongous regions: 0->0
[2025-06-03T15:51:59.370+0530][47.216s] GC(374) Metaspace: 20320K(20800K)->20320K(20800K) NonClass: 17734K(17984K)->17734K(17984K) Class: 2585K(2816K)->2585K(2816K)
[2025-06-03T15:51:59.370+0530][47.216s] GC(374) Pause Young (Normal) (G1 Evacuation Pause) 315M->9M(512M) 1.112ms
[2025-06-03T15:51:59.370+0530][47.216s] GC(374) User=0.00s Sys=0.00s Real=0.01s
[2025-06-03T15:51:59.510+0530][47.356s] GC(375) Pause Young (Normal) (G1 Evacuation Pause)
[2025-06-03T15:51:59.510+0530][47.356s] GC(375) Using 8 workers of 8 for evacuation
[2025-06-03T15:51:59.511+0530][47.356s] GC(375) Skipped phase 1 of Reference Processing: no references
[2025-06-03T15:51:59.511+0530][47.356s] GC(375) Skipped phase 2 of Reference Processing: no references
[2025-06-03T15:51:59.511+0530][47.356s] GC(375) Skipped phase 3 of Reference Processing: no references
[2025-06-03T15:51:59.511+0530][47.356s] GC(375) Skipped phase 4 of Reference Processing: no references
[2025-06-03T15:51:59.511+0530][47.357s] GC(375)   Pre Evacuate Collection Set: 0.1ms
[2025-06-03T15:51:59.511+0530][47.357s] GC(375)   Merge Heap Roots: 0.1ms
[2025-06-03T15:51:59.511+0530][47.357s] GC(375)   Evacuate Collection Set: 0.2ms
[2025-06-03T15:51:59.511+0530][47.357s] GC(375)   Post Evacuate Collection Set: 0.4ms
[2025-06-03T15:51:59.511+0530][47.357s] GC(375)   Other: 0.1ms
[2025-06-03T15:51:59.511+0530][47.357s] GC(375) Eden regions: 306->0(306)
[2025-06-03T15:51:59.511+0530][47.357s] GC(375) Survivor regions: 1->1(39)
[2025-06-03T15:51:59.511+0530][47.357s] GC(375) Old regions: 9->9
[2025-06-03T15:51:59.511+0530][47.357s] GC(375) Archive regions: 2->2
[2025-06-03T15:51:59.511+0530][47.357s] GC(375) Humongous regions: 0->0
[2025-06-03T15:51:59.511+0530][47.357s] GC(375) Metaspace: 20320K(20800K)->20320K(20800K) NonClass: 17734K(17984K)->17734K(17984K) Class: 2585K(2816K)->2585K(2816K)
[2025-06-03T15:51:59.511+0530][47.357s] GC(375) Pause Young (Normal) (G1 Evacuation Pause) 315M->9M(512M) 0.944ms
[2025-06-03T15:51:59.511+0530][47.357s] GC(375) User=0.00s Sys=0.00s Real=0.00s
[2025-06-03T15:51:59.659+0530][47.504s] GC(376) Pause Young (Normal) (G1 Evacuation Pause)
[2025-06-03T15:51:59.659+0530][47.504s] GC(376) Using 8 workers of 8 for evacuation
[2025-06-03T15:51:59.659+0530][47.505s] GC(376) Skipped phase 1 of Reference Processing: no references
[2025-06-03T15:51:59.659+0530][47.505s] GC(376) Skipped phase 2 of Reference Processing: no references
[2025-06-03T15:51:59.659+0530][47.505s] GC(376) Skipped phase 3 of Reference Processing: no references
[2025-06-03T15:51:59.659+0530][47.505s] GC(376) Skipped phase 4 of Reference Processing: no references
[2025-06-03T15:51:59.659+0530][47.505s] GC(376)   Pre Evacuate Collection Set: 0.1ms
[2025-06-03T15:51:59.659+0530][47.505s] GC(376)   Merge Heap Roots: 0.1ms
[2025-06-03T15:51:59.659+0530][47.505s] GC(376)   Evacuate Collection Set: 0.2ms
[2025-06-03T15:51:59.659+0530][47.505s] GC(376)   Post Evacuate Collection Set: 0.4ms
[2025-06-03T15:51:59.659+0530][47.505s] GC(376)   Other: 0.2ms
[2025-06-03T15:51:59.659+0530][47.505s] GC(376) Eden regions: 306->0(306)
[2025-06-03T15:51:59.659+0530][47.505s] GC(376) Survivor regions: 1->1(39)
[2025-06-03T15:51:59.659+0530][47.505s] GC(376) Old regions: 9->9
[2025-06-03T15:51:59.660+0530][47.505s] GC(376) Archive regions: 2->2
[2025-06-03T15:51:59.660+0530][47.505s] GC(376) Humongous regions: 0->0
[2025-06-03T15:51:59.660+0530][47.505s] GC(376) Metaspace: 20320K(20800K)->20320K(20800K) NonClass: 17734K(17984K)->17734K(17984K) Class: 2585K(2816K)->2585K(2816K)
[2025-06-03T15:51:59.660+0530][47.505s] GC(376) Pause Young (Normal) (G1 Evacuation Pause) 315M->9M(512M) 0.959ms
[2025-06-03T15:51:59.660+0530][47.505s] GC(376) User=0.00s Sys=0.00s Real=0.01s
[2025-06-03T15:51:59.770+0530][47.615s] GC(377) Pause Young (Normal) (G1 Evacuation Pause)
[2025-06-03T15:51:59.770+0530][47.615s] GC(377) Using 8 workers of 8 for evacuation
[2025-06-03T15:51:59.770+0530][47.616s] GC(377) Skipped phase 1 of Reference Processing: no references
[2025-06-03T15:51:59.770+0530][47.616s] GC(377) Skipped phase 2 of Reference Processing: no references
[2025-06-03T15:51:59.770+0530][47.616s] GC(377) Skipped phase 3 of Reference Processing: no references
[2025-06-03T15:51:59.770+0530][47.616s] GC(377) Skipped phase 4 of Reference Processing: no references
[2025-06-03T15:51:59.771+0530][47.616s] GC(377)   Pre Evacuate Collection Set: 0.1ms
[2025-06-03T15:51:59.771+0530][47.616s] GC(377)   Merge Heap Roots: 0.1ms
[2025-06-03T15:51:59.771+0530][47.616s] GC(377)   Evacuate Collection Set: 0.2ms
[2025-06-03T15:51:59.771+0530][47.616s] GC(377)   Post Evacuate Collection Set: 0.4ms
[2025-06-03T15:51:59.771+0530][47.616s] GC(377)   Other: 0.2ms
[2025-06-03T15:51:59.771+0530][47.616s] GC(377) Eden regions: 306->0(306)
[2025-06-03T15:51:59.771+0530][47.616s] GC(377) Survivor regions: 1->1(39)
[2025-06-03T15:51:59.771+0530][47.616s] GC(377) Old regions: 9->9
[2025-06-03T15:51:59.771+0530][47.616s] GC(377) Archive regions: 2->2
[2025-06-03T15:51:59.771+0530][47.616s] GC(377) Humongous regions: 0->0
[2025-06-03T15:51:59.771+0530][47.616s] GC(377) Metaspace: 20320K(20800K)->20320K(20800K) NonClass: 17734K(17984K)->17734K(17984K) Class: 2585K(2816K)->2585K(2816K)
[2025-06-03T15:51:59.771+0530][47.616s] GC(377) Pause Young (Normal) (G1 Evacuation Pause) 315M->9M(512M) 1.078ms
[2025-06-03T15:51:59.771+0530][47.616s] GC(377) User=0.01s Sys=0.00s Real=0.00s
[2025-06-03T15:51:59.879+0530][47.725s] GC(378) Pause Young (Normal) (G1 Evacuation Pause)
[2025-06-03T15:51:59.879+0530][47.725s] GC(378) Using 8 workers of 8 for evacuation
[2025-06-03T15:51:59.880+0530][47.725s] GC(378) Skipped phase 1 of Reference Processing: no references
[2025-06-03T15:51:59.880+0530][47.725s] GC(378) Skipped phase 2 of Reference Processing: no references
[2025-06-03T15:51:59.880+0530][47.725s] GC(378) Skipped phase 3 of Reference Processing: no references
[2025-06-03T15:51:59.880+0530][47.725s] GC(378) Skipped phase 4 of Reference Processing: no references
[2025-06-03T15:51:59.880+0530][47.726s] GC(378)   Pre Evacuate Collection Set: 0.1ms
[2025-06-03T15:51:59.880+0530][47.726s] GC(378)   Merge Heap Roots: 0.1ms
[2025-06-03T15:51:59.880+0530][47.726s] GC(378)   Evacuate Collection Set: 0.2ms
[2025-06-03T15:51:59.880+0530][47.726s] GC(378)   Post Evacuate Collection Set: 0.4ms
[2025-06-03T15:51:59.880+0530][47.726s] GC(378)   Other: 0.2ms
[2025-06-03T15:51:59.880+0530][47.726s] GC(378) Eden regions: 306->0(306)
[2025-06-03T15:51:59.880+0530][47.726s] GC(378) Survivor regions: 1->1(39)
[2025-06-03T15:51:59.880+0530][47.726s] GC(378) Old regions: 9->9
[2025-06-03T15:51:59.880+0530][47.726s] GC(378) Archive regions: 2->2
[2025-06-03T15:51:59.880+0530][47.726s] GC(378) Humongous regions: 0->0
[2025-06-03T15:51:59.880+0530][47.726s] GC(378) Metaspace: 20320K(20800K)->20320K(20800K) NonClass: 17734K(17984K)->17734K(17984K) Class: 2585K(2816K)->2585K(2816K)
[2025-06-03T15:51:59.880+0530][47.726s] GC(378) Pause Young (Normal) (G1 Evacuation Pause) 315M->9M(512M) 1.221ms
[2025-06-03T15:51:59.880+0530][47.726s] GC(378) User=0.00s Sys=0.00s Real=0.01s
[2025-06-03T15:51:59.991+0530][47.837s] GC(379) Pause Young (Normal) (G1 Evacuation Pause)
[2025-06-03T15:51:59.991+0530][47.837s] GC(379) Using 8 workers of 8 for evacuation
[2025-06-03T15:51:59.991+0530][47.837s] GC(379) Skipped phase 1 of Reference Processing: no references
[2025-06-03T15:51:59.991+0530][47.837s] GC(379) Skipped phase 2 of Reference Processing: no references
[2025-06-03T15:51:59.991+0530][47.837s] GC(379) Skipped phase 3 of Reference Processing: no references
[2025-06-03T15:51:59.991+0530][47.837s] GC(379) Skipped phase 4 of Reference Processing: no references
[2025-06-03T15:51:59.992+0530][47.837s] GC(379)   Pre Evacuate Collection Set: 0.1ms
[2025-06-03T15:51:59.992+0530][47.837s] GC(379)   Merge Heap Roots: 0.1ms
[2025-06-03T15:51:59.992+0530][47.837s] GC(379)   Evacuate Collection Set: 0.2ms
[2025-06-03T15:51:59.992+0530][47.837s] GC(379)   Post Evacuate Collection Set: 0.3ms
[2025-06-03T15:51:59.992+0530][47.837s] GC(379)   Other: 0.1ms
[2025-06-03T15:51:59.992+0530][47.837s] GC(379) Eden regions: 306->0(306)
[2025-06-03T15:51:59.992+0530][47.837s] GC(379) Survivor regions: 1->1(39)
[2025-06-03T15:51:59.992+0530][47.837s] GC(379) Old regions: 9->9
[2025-06-03T15:51:59.992+0530][47.837s] GC(379) Archive regions: 2->2
[2025-06-03T15:51:59.992+0530][47.837s] GC(379) Humongous regions: 0->0
[2025-06-03T15:51:59.992+0530][47.837s] GC(379) Metaspace: 20320K(20800K)->20320K(20800K) NonClass: 17734K(17984K)->17734K(17984K) Class: 2585K(2816K)->2585K(2816K)
[2025-06-03T15:51:59.992+0530][47.837s] GC(379) Pause Young (Normal) (G1 Evacuation Pause) 315M->9M(512M) 0.936ms
[2025-06-03T15:51:59.992+0530][47.837s] GC(379) User=0.00s Sys=0.00s Real=0.00s
[2025-06-03T15:52:00.107+0530][47.952s] GC(380) Pause Young (Normal) (G1 Evacuation Pause)
[2025-06-03T15:52:00.107+0530][47.952s] GC(380) Using 8 workers of 8 for evacuation
[2025-06-03T15:52:00.107+0530][47.953s] GC(380) Skipped phase 1 of Reference Processing: no references
[2025-06-03T15:52:00.107+0530][47.953s] GC(380) Skipped phase 2 of Reference Processing: no references
[2025-06-03T15:52:00.107+0530][47.953s] GC(380) Skipped phase 3 of Reference Processing: no references
[2025-06-03T15:52:00.107+0530][47.953s] GC(380) Skipped phase 4 of Reference Processing: no references
[2025-06-03T15:52:00.108+0530][47.953s] GC(380)   Pre Evacuate Collection Set: 0.1ms
[2025-06-03T15:52:00.108+0530][47.953s] GC(380)   Merge Heap Roots: 0.1ms
[2025-06-03T15:52:00.108+0530][47.953s] GC(380)   Evacuate Collection Set: 0.2ms
[2025-06-03T15:52:00.108+0530][47.953s] GC(380)   Post Evacuate Collection Set: 0.3ms
[2025-06-03T15:52:00.108+0530][47.953s] GC(380)   Other: 0.1ms
[2025-06-03T15:52:00.108+0530][47.953s] GC(380) Eden regions: 306->0(306)
[2025-06-03T15:52:00.108+0530][47.953s] GC(380) Survivor regions: 1->1(39)
[2025-06-03T15:52:00.108+0530][47.953s] GC(380) Old regions: 9->9
[2025-06-03T15:52:00.108+0530][47.953s] GC(380) Archive regions: 2->2
[2025-06-03T15:52:00.108+0530][47.953s] GC(380) Humongous regions: 0->0
[2025-06-03T15:52:00.108+0530][47.953s] GC(380) Metaspace: 20320K(20800K)->20320K(20800K) NonClass: 17734K(17984K)->17734K(17984K) Class: 2585K(2816K)->2585K(2816K)
[2025-06-03T15:52:00.108+0530][47.953s] GC(380) Pause Young (Normal) (G1 Evacuation Pause) 315M->9M(512M) 0.954ms
[2025-06-03T15:52:00.108+0530][47.953s] GC(380) User=0.00s Sys=0.00s Real=0.00s
[2025-06-03T15:52:00.232+0530][48.077s] GC(381) Pause Young (Normal) (G1 Evacuation Pause)
[2025-06-03T15:52:00.232+0530][48.077s] GC(381) Using 8 workers of 8 for evacuation
[2025-06-03T15:52:00.232+0530][48.078s] GC(381) Skipped phase 1 of Reference Processing: no references
[2025-06-03T15:52:00.232+0530][48.078s] GC(381) Skipped phase 2 of Reference Processing: no references
[2025-06-03T15:52:00.232+0530][48.078s] GC(381) Skipped phase 3 of Reference Processing: no references
[2025-06-03T15:52:00.232+0530][48.078s] GC(381) Skipped phase 4 of Reference Processing: no references
[2025-06-03T15:52:00.233+0530][48.078s] GC(381)   Pre Evacuate Collection Set: 0.1ms
[2025-06-03T15:52:00.233+0530][48.078s] GC(381)   Merge Heap Roots: 0.1ms
[2025-06-03T15:52:00.233+0530][48.078s] GC(381)   Evacuate Collection Set: 0.2ms
[2025-06-03T15:52:00.233+0530][48.078s] GC(381)   Post Evacuate Collection Set: 0.4ms
[2025-06-03T15:52:00.233+0530][48.078s] GC(381)   Other: 0.2ms
[2025-06-03T15:52:00.233+0530][48.078s] GC(381) Eden regions: 306->0(306)
[2025-06-03T15:52:00.233+0530][48.078s] GC(381) Survivor regions: 1->1(39)
[2025-06-03T15:52:00.233+0530][48.078s] GC(381) Old regions: 9->9
[2025-06-03T15:52:00.233+0530][48.078s] GC(381) Archive regions: 2->2
[2025-06-03T15:52:00.233+0530][48.078s] GC(381) Humongous regions: 0->0
[2025-06-03T15:52:00.233+0530][48.078s] GC(381) Metaspace: 20327K(20800K)->20327K(20800K) NonClass: 17741K(17984K)->17741K(17984K) Class: 2585K(2816K)->2585K(2816K)
[2025-06-03T15:52:00.233+0530][48.078s] GC(381) Pause Young (Normal) (G1 Evacuation Pause) 315M->9M(512M) 1.069ms
[2025-06-03T15:52:00.233+0530][48.078s] GC(381) User=0.00s Sys=0.00s Real=0.00s
[2025-06-03T15:52:00.346+0530][48.191s] GC(382) Pause Young (Normal) (G1 Evacuation Pause)
[2025-06-03T15:52:00.346+0530][48.191s] GC(382) Using 8 workers of 8 for evacuation
[2025-06-03T15:52:00.346+0530][48.192s] GC(382) Skipped phase 1 of Reference Processing: no references
[2025-06-03T15:52:00.346+0530][48.192s] GC(382) Skipped phase 2 of Reference Processing: no references
[2025-06-03T15:52:00.346+0530][48.192s] GC(382) Skipped phase 3 of Reference Processing: no references
[2025-06-03T15:52:00.346+0530][48.192s] GC(382) Skipped phase 4 of Reference Processing: no references
[2025-06-03T15:52:00.347+0530][48.192s] GC(382)   Pre Evacuate Collection Set: 0.1ms
[2025-06-03T15:52:00.347+0530][48.192s] GC(382)   Merge Heap Roots: 0.1ms
[2025-06-03T15:52:00.347+0530][48.192s] GC(382)   Evacuate Collection Set: 0.2ms
[2025-06-03T15:52:00.347+0530][48.192s] GC(382)   Post Evacuate Collection Set: 0.3ms
[2025-06-03T15:52:00.347+0530][48.192s] GC(382)   Other: 0.1ms
[2025-06-03T15:52:00.347+0530][48.192s] GC(382) Eden regions: 306->0(306)
[2025-06-03T15:52:00.347+0530][48.192s] GC(382) Survivor regions: 1->1(39)
[2025-06-03T15:52:00.347+0530][48.192s] GC(382) Old regions: 9->9
[2025-06-03T15:52:00.347+0530][48.192s] GC(382) Archive regions: 2->2
[2025-06-03T15:52:00.347+0530][48.192s] GC(382) Humongous regions: 0->0
[2025-06-03T15:52:00.347+0530][48.192s] GC(382) Metaspace: 20327K(20800K)->20327K(20800K) NonClass: 17741K(17984K)->17741K(17984K) Class: 2585K(2816K)->2585K(2816K)
[2025-06-03T15:52:00.347+0530][48.192s] GC(382) Pause Young (Normal) (G1 Evacuation Pause) 315M->9M(512M) 0.945ms
[2025-06-03T15:52:00.347+0530][48.192s] GC(382) User=0.01s Sys=0.00s Real=0.00s
[2025-06-03T15:52:00.461+0530][48.307s] GC(383) Pause Young (Normal) (G1 Evacuation Pause)
[2025-06-03T15:52:00.461+0530][48.307s] GC(383) Using 8 workers of 8 for evacuation
[2025-06-03T15:52:00.462+0530][48.307s] GC(383) Skipped phase 1 of Reference Processing: no references
[2025-06-03T15:52:00.462+0530][48.307s] GC(383) Skipped phase 2 of Reference Processing: no references
[2025-06-03T15:52:00.462+0530][48.307s] GC(383) Skipped phase 3 of Reference Processing: no references
[2025-06-03T15:52:00.462+0530][48.307s] GC(383) Skipped phase 4 of Reference Processing: no references
[2025-06-03T15:52:00.462+0530][48.307s] GC(383)   Pre Evacuate Collection Set: 0.1ms
[2025-06-03T15:52:00.462+0530][48.307s] GC(383)   Merge Heap Roots: 0.1ms
[2025-06-03T15:52:00.462+0530][48.307s] GC(383)   Evacuate Collection Set: 0.2ms
[2025-06-03T15:52:00.462+0530][48.307s] GC(383)   Post Evacuate Collection Set: 0.3ms
[2025-06-03T15:52:00.462+0530][48.307s] GC(383)   Other: 0.1ms
[2025-06-03T15:52:00.462+0530][48.307s] GC(383) Eden regions: 306->0(306)
[2025-06-03T15:52:00.462+0530][48.308s] GC(383) Survivor regions: 1->1(39)
[2025-06-03T15:52:00.462+0530][48.308s] GC(383) Old regions: 9->9
[2025-06-03T15:52:00.462+0530][48.308s] GC(383) Archive regions: 2->2
[2025-06-03T15:52:00.462+0530][48.308s] GC(383) Humongous regions: 0->0
[2025-06-03T15:52:00.462+0530][48.308s] GC(383) Metaspace: 20327K(20800K)->20327K(20800K) NonClass: 17741K(17984K)->17741K(17984K) Class: 2585K(2816K)->2585K(2816K)
[2025-06-03T15:52:00.462+0530][48.308s] GC(383) Pause Young (Normal) (G1 Evacuation Pause) 315M->9M(512M) 0.984ms
[2025-06-03T15:52:00.462+0530][48.308s] GC(383) User=0.01s Sys=0.00s Real=0.00s
[2025-06-03T15:52:00.574+0530][48.419s] GC(384) Pause Young (Normal) (G1 Evacuation Pause)
[2025-06-03T15:52:00.574+0530][48.419s] GC(384) Using 8 workers of 8 for evacuation
[2025-06-03T15:52:00.574+0530][48.420s] GC(384) Skipped phase 1 of Reference Processing: no references
[2025-06-03T15:52:00.574+0530][48.420s] GC(384) Skipped phase 2 of Reference Processing: no references
[2025-06-03T15:52:00.574+0530][48.420s] GC(384) Skipped phase 3 of Reference Processing: no references
[2025-06-03T15:52:00.574+0530][48.420s] GC(384) Skipped phase 4 of Reference Processing: no references
[2025-06-03T15:52:00.574+0530][48.420s] GC(384)   Pre Evacuate Collection Set: 0.1ms
[2025-06-03T15:52:00.574+0530][48.420s] GC(384)   Merge Heap Roots: 0.1ms
[2025-06-03T15:52:00.574+0530][48.420s] GC(384)   Evacuate Collection Set: 0.2ms
[2025-06-03T15:52:00.574+0530][48.420s] GC(384)   Post Evacuate Collection Set: 0.3ms
[2025-06-03T15:52:00.574+0530][48.420s] GC(384)   Other: 0.1ms
[2025-06-03T15:52:00.574+0530][48.420s] GC(384) Eden regions: 306->0(306)
[2025-06-03T15:52:00.575+0530][48.420s] GC(384) Survivor regions: 1->1(39)
[2025-06-03T15:52:00.575+0530][48.420s] GC(384) Old regions: 9->9
[2025-06-03T15:52:00.575+0530][48.420s] GC(384) Archive regions: 2->2
[2025-06-03T15:52:00.575+0530][48.420s] GC(384) Humongous regions: 0->0
[2025-06-03T15:52:00.575+0530][48.420s] GC(384) Metaspace: 20327K(20800K)->20327K(20800K) NonClass: 17741K(17984K)->17741K(17984K) Class: 2585K(2816K)->2585K(2816K)
[2025-06-03T15:52:00.575+0530][48.420s] GC(384) Pause Young (Normal) (G1 Evacuation Pause) 315M->9M(512M) 1.016ms
[2025-06-03T15:52:00.575+0530][48.420s] GC(384) User=0.00s Sys=0.00s Real=0.00s
[2025-06-03T15:52:00.701+0530][48.546s] GC(385) Pause Young (Normal) (G1 Evacuation Pause)
[2025-06-03T15:52:00.701+0530][48.546s] GC(385) Using 8 workers of 8 for evacuation
[2025-06-03T15:52:00.701+0530][48.547s] GC(385) Skipped phase 1 of Reference Processing: no references
[2025-06-03T15:52:00.701+0530][48.547s] GC(385) Skipped phase 2 of Reference Processing: no references
[2025-06-03T15:52:00.701+0530][48.547s] GC(385) Skipped phase 3 of Reference Processing: no references
[2025-06-03T15:52:00.701+0530][48.547s] GC(385) Skipped phase 4 of Reference Processing: no references
[2025-06-03T15:52:00.702+0530][48.547s] GC(385)   Pre Evacuate Collection Set: 0.1ms
[2025-06-03T15:52:00.702+0530][48.547s] GC(385)   Merge Heap Roots: 0.1ms
[2025-06-03T15:52:00.702+0530][48.547s] GC(385)   Evacuate Collection Set: 0.3ms
[2025-06-03T15:52:00.702+0530][48.547s] GC(385)   Post Evacuate Collection Set: 0.5ms
[2025-06-03T15:52:00.702+0530][48.547s] GC(385)   Other: 0.2ms
[2025-06-03T15:52:00.702+0530][48.547s] GC(385) Eden regions: 306->0(306)
[2025-06-03T15:52:00.702+0530][48.547s] GC(385) Survivor regions: 1->1(39)
[2025-06-03T15:52:00.702+0530][48.547s] GC(385) Old regions: 9->9
[2025-06-03T15:52:00.702+0530][48.547s] GC(385) Archive regions: 2->2
[2025-06-03T15:52:00.702+0530][48.547s] GC(385) Humongous regions: 0->0
[2025-06-03T15:52:00.702+0530][48.547s] GC(385) Metaspace: 20327K(20800K)->20327K(20800K) NonClass: 17741K(17984K)->17741K(17984K) Class: 2585K(2816K)->2585K(2816K)
[2025-06-03T15:52:00.702+0530][48.547s] GC(385) Pause Young (Normal) (G1 Evacuation Pause) 315M->9M(512M) 1.242ms
[2025-06-03T15:52:00.702+0530][48.547s] GC(385) User=0.01s Sys=0.00s Real=0.00s
[2025-06-03T15:52:00.827+0530][48.673s] GC(386) Pause Young (Normal) (G1 Evacuation Pause)
[2025-06-03T15:52:00.827+0530][48.673s] GC(386) Using 8 workers of 8 for evacuation
[2025-06-03T15:52:00.828+0530][48.673s] GC(386) Skipped phase 1 of Reference Processing: no references
[2025-06-03T15:52:00.828+0530][48.673s] GC(386) Skipped phase 2 of Reference Processing: no references
[2025-06-03T15:52:00.828+0530][48.673s] GC(386) Skipped phase 3 of Reference Processing: no references
[2025-06-03T15:52:00.828+0530][48.673s] GC(386) Skipped phase 4 of Reference Processing: no references
[2025-06-03T15:52:00.828+0530][48.674s] GC(386)   Pre Evacuate Collection Set: 0.1ms
[2025-06-03T15:52:00.828+0530][48.674s] GC(386)   Merge Heap Roots: 0.1ms
[2025-06-03T15:52:00.828+0530][48.674s] GC(386)   Evacuate Collection Set: 0.2ms
[2025-06-03T15:52:00.828+0530][48.674s] GC(386)   Post Evacuate Collection Set: 0.4ms
[2025-06-03T15:52:00.828+0530][48.674s] GC(386)   Other: 0.1ms
[2025-06-03T15:52:00.828+0530][48.674s] GC(386) Eden regions: 306->0(306)
[2025-06-03T15:52:00.828+0530][48.674s] GC(386) Survivor regions: 1->1(39)
[2025-06-03T15:52:00.828+0530][48.674s] GC(386) Old regions: 9->9
[2025-06-03T15:52:00.828+0530][48.674s] GC(386) Archive regions: 2->2
[2025-06-03T15:52:00.828+0530][48.674s] GC(386) Humongous regions: 0->0
[2025-06-03T15:52:00.828+0530][48.674s] GC(386) Metaspace: 20327K(20800K)->20327K(20800K) NonClass: 17741K(17984K)->17741K(17984K) Class: 2585K(2816K)->2585K(2816K)
[2025-06-03T15:52:00.828+0530][48.674s] GC(386) Pause Young (Normal) (G1 Evacuation Pause) 315M->9M(512M) 1.054ms
[2025-06-03T15:52:00.828+0530][48.674s] GC(386) User=0.00s Sys=0.00s Real=0.00s
[2025-06-03T15:52:00.938+0530][48.783s] GC(387) Pause Young (Normal) (G1 Evacuation Pause)
[2025-06-03T15:52:00.938+0530][48.783s] GC(387) Using 8 workers of 8 for evacuation
[2025-06-03T15:52:00.938+0530][48.784s] GC(387) Skipped phase 1 of Reference Processing: no references
[2025-06-03T15:52:00.938+0530][48.784s] GC(387) Skipped phase 2 of Reference Processing: no references
[2025-06-03T15:52:00.938+0530][48.784s] GC(387) Skipped phase 3 of Reference Processing: no references
[2025-06-03T15:52:00.938+0530][48.784s] GC(387) Skipped phase 4 of Reference Processing: no references
[2025-06-03T15:52:00.939+0530][48.784s] GC(387)   Pre Evacuate Collection Set: 0.1ms
[2025-06-03T15:52:00.939+0530][48.784s] GC(387)   Merge Heap Roots: 0.1ms
[2025-06-03T15:52:00.939+0530][48.784s] GC(387)   Evacuate Collection Set: 0.1ms
[2025-06-03T15:52:00.939+0530][48.784s] GC(387)   Post Evacuate Collection Set: 0.3ms
[2025-06-03T15:52:00.939+0530][48.784s] GC(387)   Other: 0.1ms
[2025-06-03T15:52:00.939+0530][48.784s] GC(387) Eden regions: 306->0(306)
[2025-06-03T15:52:00.939+0530][48.784s] GC(387) Survivor regions: 1->1(39)
[2025-06-03T15:52:00.939+0530][48.784s] GC(387) Old regions: 9->9
[2025-06-03T15:52:00.939+0530][48.784s] GC(387) Archive regions: 2->2
[2025-06-03T15:52:00.939+0530][48.784s] GC(387) Humongous regions: 0->0
[2025-06-03T15:52:00.939+0530][48.784s] GC(387) Metaspace: 20327K(20800K)->20327K(20800K) NonClass: 17741K(17984K)->17741K(17984K) Class: 2585K(2816K)->2585K(2816K)
[2025-06-03T15:52:00.939+0530][48.784s] GC(387) Pause Young (Normal) (G1 Evacuation Pause) 315M->9M(512M) 0.912ms
[2025-06-03T15:52:00.939+0530][48.784s] GC(387) User=0.01s Sys=0.00s Real=0.00s
[2025-06-03T15:52:01.051+0530][48.897s] GC(388) Pause Young (Normal) (G1 Evacuation Pause)
[2025-06-03T15:52:01.051+0530][48.897s] GC(388) Using 8 workers of 8 for evacuation
[2025-06-03T15:52:01.052+0530][48.897s] GC(388) Skipped phase 1 of Reference Processing: no references
[2025-06-03T15:52:01.052+0530][48.897s] GC(388) Skipped phase 2 of Reference Processing: no references
[2025-06-03T15:52:01.052+0530][48.897s] GC(388) Skipped phase 3 of Reference Processing: no references
[2025-06-03T15:52:01.052+0530][48.897s] GC(388) Skipped phase 4 of Reference Processing: no references
[2025-06-03T15:52:01.052+0530][48.897s] GC(388)   Pre Evacuate Collection Set: 0.1ms
[2025-06-03T15:52:01.052+0530][48.898s] GC(388)   Merge Heap Roots: 0.1ms
[2025-06-03T15:52:01.052+0530][48.898s] GC(388)   Evacuate Collection Set: 0.2ms
[2025-06-03T15:52:01.052+0530][48.898s] GC(388)   Post Evacuate Collection Set: 0.3ms
[2025-06-03T15:52:01.052+0530][48.898s] GC(388)   Other: 0.1ms
[2025-06-03T15:52:01.052+0530][48.898s] GC(388) Eden regions: 306->0(306)
[2025-06-03T15:52:01.052+0530][48.898s] GC(388) Survivor regions: 1->1(39)
[2025-06-03T15:52:01.052+0530][48.898s] GC(388) Old regions: 9->9
[2025-06-03T15:52:01.052+0530][48.898s] GC(388) Archive regions: 2->2
[2025-06-03T15:52:01.052+0530][48.898s] GC(388) Humongous regions: 0->0
[2025-06-03T15:52:01.052+0530][48.898s] GC(388) Metaspace: 20327K(20800K)->20327K(20800K) NonClass: 17741K(17984K)->17741K(17984K) Class: 2585K(2816K)->2585K(2816K)
[2025-06-03T15:52:01.052+0530][48.898s] GC(388) Pause Young (Normal) (G1 Evacuation Pause) 315M->9M(512M) 0.922ms
[2025-06-03T15:52:01.052+0530][48.898s] GC(388) User=0.00s Sys=0.00s Real=0.00s
[2025-06-03T15:52:01.170+0530][49.016s] GC(389) Pause Young (Normal) (G1 Evacuation Pause)
[2025-06-03T15:52:01.170+0530][49.016s] GC(389) Using 8 workers of 8 for evacuation
[2025-06-03T15:52:01.171+0530][49.016s] GC(389) Skipped phase 1 of Reference Processing: no references
[2025-06-03T15:52:01.171+0530][49.016s] GC(389) Skipped phase 2 of Reference Processing: no references
[2025-06-03T15:52:01.171+0530][49.017s] GC(389) Skipped phase 3 of Reference Processing: no references
[2025-06-03T15:52:01.171+0530][49.017s] GC(389) Skipped phase 4 of Reference Processing: no references
[2025-06-03T15:52:01.171+0530][49.017s] GC(389)   Pre Evacuate Collection Set: 0.1ms
[2025-06-03T15:52:01.171+0530][49.017s] GC(389)   Merge Heap Roots: 0.1ms
[2025-06-03T15:52:01.171+0530][49.017s] GC(389)   Evacuate Collection Set: 0.2ms
[2025-06-03T15:52:01.171+0530][49.017s] GC(389)   Post Evacuate Collection Set: 0.4ms
[2025-06-03T15:52:01.171+0530][49.017s] GC(389)   Other: 0.1ms
[2025-06-03T15:52:01.171+0530][49.017s] GC(389) Eden regions: 306->0(306)
[2025-06-03T15:52:01.171+0530][49.017s] GC(389) Survivor regions: 1->1(39)
[2025-06-03T15:52:01.171+0530][49.017s] GC(389) Old regions: 9->9
[2025-06-03T15:52:01.171+0530][49.017s] GC(389) Archive regions: 2->2
[2025-06-03T15:52:01.171+0530][49.017s] GC(389) Humongous regions: 0->0
[2025-06-03T15:52:01.171+0530][49.017s] GC(389) Metaspace: 20330K(20800K)->20330K(20800K) NonClass: 17744K(17984K)->17744K(17984K) Class: 2585K(2816K)->2585K(2816K)
[2025-06-03T15:52:01.171+0530][49.017s] GC(389) Pause Young (Normal) (G1 Evacuation Pause) 315M->9M(512M) 1.050ms
[2025-06-03T15:52:01.171+0530][49.017s] GC(389) User=0.00s Sys=0.00s Real=0.00s
[2025-06-03T15:52:01.285+0530][49.131s] GC(390) Pause Young (Normal) (G1 Evacuation Pause)
[2025-06-03T15:52:01.285+0530][49.131s] GC(390) Using 8 workers of 8 for evacuation
[2025-06-03T15:52:01.286+0530][49.131s] GC(390) Skipped phase 1 of Reference Processing: no references
[2025-06-03T15:52:01.286+0530][49.131s] GC(390) Skipped phase 2 of Reference Processing: no references
[2025-06-03T15:52:01.286+0530][49.131s] GC(390) Skipped phase 3 of Reference Processing: no references
[2025-06-03T15:52:01.286+0530][49.131s] GC(390) Skipped phase 4 of Reference Processing: no references
[2025-06-03T15:52:01.286+0530][49.132s] GC(390)   Pre Evacuate Collection Set: 0.1ms
[2025-06-03T15:52:01.286+0530][49.132s] GC(390)   Merge Heap Roots: 0.1ms
[2025-06-03T15:52:01.286+0530][49.132s] GC(390)   Evacuate Collection Set: 0.2ms
[2025-06-03T15:52:01.286+0530][49.132s] GC(390)   Post Evacuate Collection Set: 0.4ms
[2025-06-03T15:52:01.286+0530][49.132s] GC(390)   Other: 0.1ms
[2025-06-03T15:52:01.286+0530][49.132s] GC(390) Eden regions: 306->0(306)
[2025-06-03T15:52:01.286+0530][49.132s] GC(390) Survivor regions: 1->1(39)
[2025-06-03T15:52:01.286+0530][49.132s] GC(390) Old regions: 9->9
[2025-06-03T15:52:01.286+0530][49.132s] GC(390) Archive regions: 2->2
[2025-06-03T15:52:01.286+0530][49.132s] GC(390) Humongous regions: 0->0
[2025-06-03T15:52:01.286+0530][49.132s] GC(390) Metaspace: 20330K(20800K)->20330K(20800K) NonClass: 17744K(17984K)->17744K(17984K) Class: 2585K(2816K)->2585K(2816K)
[2025-06-03T15:52:01.286+0530][49.132s] GC(390) Pause Young (Normal) (G1 Evacuation Pause) 315M->9M(512M) 1.029ms
[2025-06-03T15:52:01.286+0530][49.132s] GC(390) User=0.00s Sys=0.00s Real=0.00s
[2025-06-03T15:52:01.394+0530][49.239s] GC(391) Pause Young (Normal) (G1 Evacuation Pause)
[2025-06-03T15:52:01.394+0530][49.239s] GC(391) Using 8 workers of 8 for evacuation
[2025-06-03T15:52:01.394+0530][49.240s] GC(391) Skipped phase 1 of Reference Processing: no references
[2025-06-03T15:52:01.394+0530][49.240s] GC(391) Skipped phase 2 of Reference Processing: no references
[2025-06-03T15:52:01.394+0530][49.240s] GC(391) Skipped phase 3 of Reference Processing: no references
[2025-06-03T15:52:01.394+0530][49.240s] GC(391) Skipped phase 4 of Reference Processing: no references
[2025-06-03T15:52:01.394+0530][49.240s] GC(391)   Pre Evacuate Collection Set: 0.1ms
[2025-06-03T15:52:01.394+0530][49.240s] GC(391)   Merge Heap Roots: 0.1ms
[2025-06-03T15:52:01.394+0530][49.240s] GC(391)   Evacuate Collection Set: 0.2ms
[2025-06-03T15:52:01.394+0530][49.240s] GC(391)   Post Evacuate Collection Set: 0.3ms
[2025-06-03T15:52:01.394+0530][49.240s] GC(391)   Other: 0.1ms
[2025-06-03T15:52:01.394+0530][49.240s] GC(391) Eden regions: 306->0(306)
[2025-06-03T15:52:01.394+0530][49.240s] GC(391) Survivor regions: 1->1(39)
[2025-06-03T15:52:01.394+0530][49.240s] GC(391) Old regions: 9->9
[2025-06-03T15:52:01.394+0530][49.240s] GC(391) Archive regions: 2->2
[2025-06-03T15:52:01.395+0530][49.240s] GC(391) Humongous regions: 0->0
[2025-06-03T15:52:01.395+0530][49.240s] GC(391) Metaspace: 20330K(20800K)->20330K(20800K) NonClass: 17744K(17984K)->17744K(17984K) Class: 2585K(2816K)->2585K(2816K)
[2025-06-03T15:52:01.395+0530][49.240s] GC(391) Pause Young (Normal) (G1 Evacuation Pause) 315M->9M(512M) 0.912ms
[2025-06-03T15:52:01.395+0530][49.240s] GC(391) User=0.00s Sys=0.00s Real=0.00s
[2025-06-03T15:52:01.507+0530][49.353s] GC(392) Pause Young (Normal) (G1 Evacuation Pause)
[2025-06-03T15:52:01.507+0530][49.353s] GC(392) Using 8 workers of 8 for evacuation
[2025-06-03T15:52:01.508+0530][49.353s] GC(392) Skipped phase 1 of Reference Processing: no references
[2025-06-03T15:52:01.508+0530][49.353s] GC(392) Skipped phase 2 of Reference Processing: no references
[2025-06-03T15:52:01.508+0530][49.353s] GC(392) Skipped phase 3 of Reference Processing: no references
[2025-06-03T15:52:01.508+0530][49.353s] GC(392) Skipped phase 4 of Reference Processing: no references
[2025-06-03T15:52:01.508+0530][49.354s] GC(392)   Pre Evacuate Collection Set: 0.1ms
[2025-06-03T15:52:01.508+0530][49.354s] GC(392)   Merge Heap Roots: 0.0ms
[2025-06-03T15:52:01.508+0530][49.354s] GC(392)   Evacuate Collection Set: 0.1ms
[2025-06-03T15:52:01.508+0530][49.354s] GC(392)   Post Evacuate Collection Set: 0.4ms
[2025-06-03T15:52:01.508+0530][49.354s] GC(392)   Other: 0.1ms
[2025-06-03T15:52:01.508+0530][49.354s] GC(392) Eden regions: 306->0(306)
[2025-06-03T15:52:01.508+0530][49.354s] GC(392) Survivor regions: 1->1(39)
[2025-06-03T15:52:01.508+0530][49.354s] GC(392) Old regions: 9->9
[2025-06-03T15:52:01.508+0530][49.354s] GC(392) Archive regions: 2->2
[2025-06-03T15:52:01.508+0530][49.354s] GC(392) Humongous regions: 0->0
[2025-06-03T15:52:01.508+0530][49.354s] GC(392) Metaspace: 20330K(20800K)->20330K(20800K) NonClass: 17744K(17984K)->17744K(17984K) Class: 2585K(2816K)->2585K(2816K)
[2025-06-03T15:52:01.508+0530][49.354s] GC(392) Pause Young (Normal) (G1 Evacuation Pause) 315M->9M(512M) 0.931ms
[2025-06-03T15:52:01.508+0530][49.354s] GC(392) User=0.01s Sys=0.00s Real=0.00s
[2025-06-03T15:52:01.618+0530][49.463s] GC(393) Pause Young (Normal) (G1 Evacuation Pause)
[2025-06-03T15:52:01.618+0530][49.463s] GC(393) Using 8 workers of 8 for evacuation
[2025-06-03T15:52:01.618+0530][49.464s] GC(393) Skipped phase 1 of Reference Processing: no references
[2025-06-03T15:52:01.618+0530][49.464s] GC(393) Skipped phase 2 of Reference Processing: no references
[2025-06-03T15:52:01.618+0530][49.464s] GC(393) Skipped phase 3 of Reference Processing: no references
[2025-06-03T15:52:01.618+0530][49.464s] GC(393) Skipped phase 4 of Reference Processing: no references
[2025-06-03T15:52:01.619+0530][49.464s] GC(393)   Pre Evacuate Collection Set: 0.1ms
[2025-06-03T15:52:01.619+0530][49.464s] GC(393)   Merge Heap Roots: 0.1ms
[2025-06-03T15:52:01.619+0530][49.464s] GC(393)   Evacuate Collection Set: 0.2ms
[2025-06-03T15:52:01.619+0530][49.464s] GC(393)   Post Evacuate Collection Set: 0.4ms
[2025-06-03T15:52:01.619+0530][49.464s] GC(393)   Other: 0.1ms
[2025-06-03T15:52:01.619+0530][49.464s] GC(393) Eden regions: 306->0(306)
[2025-06-03T15:52:01.619+0530][49.464s] GC(393) Survivor regions: 1->1(39)
[2025-06-03T15:52:01.619+0530][49.464s] GC(393) Old regions: 9->9
[2025-06-03T15:52:01.619+0530][49.464s] GC(393) Archive regions: 2->2
[2025-06-03T15:52:01.619+0530][49.465s] GC(393) Humongous regions: 0->0
[2025-06-03T15:52:01.619+0530][49.465s] GC(393) Metaspace: 20330K(20800K)->20330K(20800K) NonClass: 17744K(17984K)->17744K(17984K) Class: 2585K(2816K)->2585K(2816K)
[2025-06-03T15:52:01.619+0530][49.465s] GC(393) Pause Young (Normal) (G1 Evacuation Pause) 315M->9M(512M) 1.103ms
[2025-06-03T15:52:01.619+0530][49.465s] GC(393) User=0.00s Sys=0.01s Real=0.00s
[2025-06-03T15:52:01.729+0530][49.575s] GC(394) Pause Young (Normal) (G1 Evacuation Pause)
[2025-06-03T15:52:01.729+0530][49.575s] GC(394) Using 8 workers of 8 for evacuation
[2025-06-03T15:52:01.730+0530][49.575s] GC(394) Skipped phase 1 of Reference Processing: no references
[2025-06-03T15:52:01.730+0530][49.575s] GC(394) Skipped phase 2 of Reference Processing: no references
[2025-06-03T15:52:01.730+0530][49.575s] GC(394) Skipped phase 3 of Reference Processing: no references
[2025-06-03T15:52:01.730+0530][49.575s] GC(394) Skipped phase 4 of Reference Processing: no references
[2025-06-03T15:52:01.731+0530][49.576s] GC(394)   Pre Evacuate Collection Set: 0.1ms
[2025-06-03T15:52:01.731+0530][49.576s] GC(394)   Merge Heap Roots: 0.1ms
[2025-06-03T15:52:01.731+0530][49.576s] GC(394)   Evacuate Collection Set: 0.2ms
[2025-06-03T15:52:01.731+0530][49.576s] GC(394)   Post Evacuate Collection Set: 0.6ms
[2025-06-03T15:52:01.731+0530][49.576s] GC(394)   Other: 0.2ms
[2025-06-03T15:52:01.731+0530][49.576s] GC(394) Eden regions: 306->0(306)
[2025-06-03T15:52:01.731+0530][49.576s] GC(394) Survivor regions: 1->1(39)
[2025-06-03T15:52:01.731+0530][49.576s] GC(394) Old regions: 9->9
[2025-06-03T15:52:01.731+0530][49.576s] GC(394) Archive regions: 2->2
[2025-06-03T15:52:01.731+0530][49.576s] GC(394) Humongous regions: 0->0
[2025-06-03T15:52:01.731+0530][49.576s] GC(394) Metaspace: 20330K(20800K)->20330K(20800K) NonClass: 17744K(17984K)->17744K(17984K) Class: 2585K(2816K)->2585K(2816K)
[2025-06-03T15:52:01.731+0530][49.576s] GC(394) Pause Young (Normal) (G1 Evacuation Pause) 315M->9M(512M) 1.372ms
[2025-06-03T15:52:01.731+0530][49.576s] GC(394) User=0.00s Sys=0.01s Real=0.01s
[2025-06-03T15:52:01.841+0530][49.686s] GC(395) Pause Young (Normal) (G1 Evacuation Pause)
[2025-06-03T15:52:01.841+0530][49.686s] GC(395) Using 8 workers of 8 for evacuation
[2025-06-03T15:52:01.841+0530][49.687s] GC(395) Skipped phase 1 of Reference Processing: no references
[2025-06-03T15:52:01.841+0530][49.687s] GC(395) Skipped phase 2 of Reference Processing: no references
[2025-06-03T15:52:01.841+0530][49.687s] GC(395) Skipped phase 3 of Reference Processing: no references
[2025-06-03T15:52:01.841+0530][49.687s] GC(395) Skipped phase 4 of Reference Processing: no references
[2025-06-03T15:52:01.841+0530][49.687s] GC(395)   Pre Evacuate Collection Set: 0.1ms
[2025-06-03T15:52:01.841+0530][49.687s] GC(395)   Merge Heap Roots: 0.1ms
[2025-06-03T15:52:01.841+0530][49.687s] GC(395)   Evacuate Collection Set: 0.2ms
[2025-06-03T15:52:01.841+0530][49.687s] GC(395)   Post Evacuate Collection Set: 0.3ms
[2025-06-03T15:52:01.841+0530][49.687s] GC(395)   Other: 0.1ms
[2025-06-03T15:52:01.841+0530][49.687s] GC(395) Eden regions: 306->0(306)
[2025-06-03T15:52:01.841+0530][49.687s] GC(395) Survivor regions: 1->1(39)
[2025-06-03T15:52:01.841+0530][49.687s] GC(395) Old regions: 9->9
[2025-06-03T15:52:01.841+0530][49.687s] GC(395) Archive regions: 2->2
[2025-06-03T15:52:01.841+0530][49.687s] GC(395) Humongous regions: 0->0
[2025-06-03T15:52:01.841+0530][49.687s] GC(395) Metaspace: 20330K(20800K)->20330K(20800K) NonClass: 17744K(17984K)->17744K(17984K) Class: 2585K(2816K)->2585K(2816K)
[2025-06-03T15:52:01.841+0530][49.687s] GC(395) Pause Young (Normal) (G1 Evacuation Pause) 315M->9M(512M) 0.843ms
[2025-06-03T15:52:01.841+0530][49.687s] GC(395) User=0.00s Sys=0.00s Real=0.00s
[2025-06-03T15:52:01.954+0530][49.800s] GC(396) Pause Young (Normal) (G1 Evacuation Pause)
[2025-06-03T15:52:01.954+0530][49.800s] GC(396) Using 8 workers of 8 for evacuation
[2025-06-03T15:52:01.955+0530][49.800s] GC(396) Skipped phase 1 of Reference Processing: no references
[2025-06-03T15:52:01.955+0530][49.800s] GC(396) Skipped phase 2 of Reference Processing: no references
[2025-06-03T15:52:01.955+0530][49.800s] GC(396) Skipped phase 3 of Reference Processing: no references
[2025-06-03T15:52:01.955+0530][49.800s] GC(396) Skipped phase 4 of Reference Processing: no references
[2025-06-03T15:52:01.955+0530][49.801s] GC(396)   Pre Evacuate Collection Set: 0.1ms
[2025-06-03T15:52:01.955+0530][49.801s] GC(396)   Merge Heap Roots: 0.1ms
[2025-06-03T15:52:01.955+0530][49.801s] GC(396)   Evacuate Collection Set: 0.1ms
[2025-06-03T15:52:01.955+0530][49.801s] GC(396)   Post Evacuate Collection Set: 0.4ms
[2025-06-03T15:52:01.955+0530][49.801s] GC(396)   Other: 0.2ms
[2025-06-03T15:52:01.955+0530][49.801s] GC(396) Eden regions: 306->0(306)
[2025-06-03T15:52:01.955+0530][49.801s] GC(396) Survivor regions: 1->1(39)
[2025-06-03T15:52:01.955+0530][49.801s] GC(396) Old regions: 9->9
[2025-06-03T15:52:01.955+0530][49.801s] GC(396) Archive regions: 2->2
[2025-06-03T15:52:01.955+0530][49.801s] GC(396) Humongous regions: 0->0
[2025-06-03T15:52:01.955+0530][49.801s] GC(396) Metaspace: 20330K(20800K)->20330K(20800K) NonClass: 17744K(17984K)->17744K(17984K) Class: 2585K(2816K)->2585K(2816K)
[2025-06-03T15:52:01.955+0530][49.801s] GC(396) Pause Young (Normal) (G1 Evacuation Pause) 315M->9M(512M) 0.979ms
[2025-06-03T15:52:01.955+0530][49.801s] GC(396) User=0.00s Sys=0.00s Real=0.00s
[2025-06-03T15:52:02.065+0530][49.911s] GC(397) Pause Young (Normal) (G1 Evacuation Pause)
[2025-06-03T15:52:02.065+0530][49.911s] GC(397) Using 8 workers of 8 for evacuation
[2025-06-03T15:52:02.066+0530][49.911s] GC(397) Skipped phase 1 of Reference Processing: no references
[2025-06-03T15:52:02.066+0530][49.912s] GC(397) Skipped phase 2 of Reference Processing: no references
[2025-06-03T15:52:02.066+0530][49.912s] GC(397) Skipped phase 3 of Reference Processing: no references
[2025-06-03T15:52:02.066+0530][49.912s] GC(397) Skipped phase 4 of Reference Processing: no references
[2025-06-03T15:52:02.066+0530][49.912s] GC(397)   Pre Evacuate Collection Set: 0.1ms
[2025-06-03T15:52:02.066+0530][49.912s] GC(397)   Merge Heap Roots: 0.1ms
[2025-06-03T15:52:02.066+0530][49.912s] GC(397)   Evacuate Collection Set: 0.2ms
[2025-06-03T15:52:02.066+0530][49.912s] GC(397)   Post Evacuate Collection Set: 0.4ms
[2025-06-03T15:52:02.066+0530][49.912s] GC(397)   Other: 0.1ms
[2025-06-03T15:52:02.066+0530][49.912s] GC(397) Eden regions: 306->0(306)
[2025-06-03T15:52:02.066+0530][49.912s] GC(397) Survivor regions: 1->1(39)
[2025-06-03T15:52:02.066+0530][49.912s] GC(397) Old regions: 9->9
[2025-06-03T15:52:02.066+0530][49.912s] GC(397) Archive regions: 2->2
[2025-06-03T15:52:02.066+0530][49.912s] GC(397) Humongous regions: 0->0
[2025-06-03T15:52:02.067+0530][49.912s] GC(397) Metaspace: 20330K(20800K)->20330K(20800K) NonClass: 17744K(17984K)->17744K(17984K) Class: 2585K(2816K)->2585K(2816K)
[2025-06-03T15:52:02.067+0530][49.912s] GC(397) Pause Young (Normal) (G1 Evacuation Pause) 315M->9M(512M) 1.144ms
[2025-06-03T15:52:02.067+0530][49.912s] GC(397) User=0.01s Sys=0.00s Real=0.00s
[2025-06-03T15:52:02.186+0530][50.032s] GC(398) Pause Young (Normal) (G1 Evacuation Pause)
[2025-06-03T15:52:02.186+0530][50.032s] GC(398) Using 8 workers of 8 for evacuation
[2025-06-03T15:52:02.186+0530][50.032s] GC(398) Skipped phase 1 of Reference Processing: no references
[2025-06-03T15:52:02.186+0530][50.032s] GC(398) Skipped phase 2 of Reference Processing: no references
[2025-06-03T15:52:02.187+0530][50.032s] GC(398) Skipped phase 3 of Reference Processing: no references
[2025-06-03T15:52:02.187+0530][50.032s] GC(398) Skipped phase 4 of Reference Processing: no references
[2025-06-03T15:52:02.187+0530][50.032s] GC(398)   Pre Evacuate Collection Set: 0.1ms
[2025-06-03T15:52:02.187+0530][50.032s] GC(398)   Merge Heap Roots: 0.1ms
[2025-06-03T15:52:02.187+0530][50.032s] GC(398)   Evacuate Collection Set: 0.2ms
[2025-06-03T15:52:02.187+0530][50.032s] GC(398)   Post Evacuate Collection Set: 0.4ms
[2025-06-03T15:52:02.187+0530][50.032s] GC(398)   Other: 0.1ms
[2025-06-03T15:52:02.187+0530][50.032s] GC(398) Eden regions: 306->0(306)
[2025-06-03T15:52:02.187+0530][50.033s] GC(398) Survivor regions: 1->1(39)
[2025-06-03T15:52:02.187+0530][50.033s] GC(398) Old regions: 9->9
[2025-06-03T15:52:02.187+0530][50.033s] GC(398) Archive regions: 2->2
[2025-06-03T15:52:02.187+0530][50.033s] GC(398) Humongous regions: 0->0
[2025-06-03T15:52:02.187+0530][50.033s] GC(398) Metaspace: 20332K(20800K)->20332K(20800K) NonClass: 17747K(17984K)->17747K(17984K) Class: 2585K(2816K)->2585K(2816K)
[2025-06-03T15:52:02.187+0530][50.033s] GC(398) Pause Young (Normal) (G1 Evacuation Pause) 315M->9M(512M) 1.015ms
[2025-06-03T15:52:02.187+0530][50.033s] GC(398) User=0.00s Sys=0.00s Real=0.00s
[2025-06-03T15:52:02.323+0530][50.169s] GC(399) Pause Young (Normal) (G1 Evacuation Pause)
[2025-06-03T15:52:02.323+0530][50.169s] GC(399) Using 8 workers of 8 for evacuation
[2025-06-03T15:52:02.324+0530][50.170s] GC(399) Skipped phase 1 of Reference Processing: no references
[2025-06-03T15:52:02.324+0530][50.170s] GC(399) Skipped phase 2 of Reference Processing: no references
[2025-06-03T15:52:02.324+0530][50.170s] GC(399) Skipped phase 3 of Reference Processing: no references
[2025-06-03T15:52:02.324+0530][50.170s] GC(399) Skipped phase 4 of Reference Processing: no references
[2025-06-03T15:52:02.324+0530][50.170s] GC(399)   Pre Evacuate Collection Set: 0.1ms
[2025-06-03T15:52:02.324+0530][50.170s] GC(399)   Merge Heap Roots: 0.1ms
[2025-06-03T15:52:02.324+0530][50.170s] GC(399)   Evacuate Collection Set: 0.3ms
[2025-06-03T15:52:02.324+0530][50.170s] GC(399)   Post Evacuate Collection Set: 0.4ms
[2025-06-03T15:52:02.324+0530][50.170s] GC(399)   Other: 0.2ms
[2025-06-03T15:52:02.324+0530][50.170s] GC(399) Eden regions: 306->0(306)
[2025-06-03T15:52:02.324+0530][50.170s] GC(399) Survivor regions: 1->1(39)
[2025-06-03T15:52:02.324+0530][50.170s] GC(399) Old regions: 9->9
[2025-06-03T15:52:02.325+0530][50.170s] GC(399) Archive regions: 2->2
[2025-06-03T15:52:02.325+0530][50.170s] GC(399) Humongous regions: 0->0
[2025-06-03T15:52:02.325+0530][50.170s] GC(399) Metaspace: 20332K(20800K)->20332K(20800K) NonClass: 17747K(17984K)->17747K(17984K) Class: 2585K(2816K)->2585K(2816K)
[2025-06-03T15:52:02.325+0530][50.170s] GC(399) Pause Young (Normal) (G1 Evacuation Pause) 315M->9M(512M) 1.188ms
[2025-06-03T15:52:02.325+0530][50.170s] GC(399) User=0.00s Sys=0.00s Real=0.00s
[2025-06-03T15:52:02.461+0530][50.306s] GC(400) Pause Young (Normal) (G1 Evacuation Pause)
[2025-06-03T15:52:02.461+0530][50.306s] GC(400) Using 8 workers of 8 for evacuation
[2025-06-03T15:52:02.461+0530][50.307s] GC(400) Skipped phase 1 of Reference Processing: no references
[2025-06-03T15:52:02.461+0530][50.307s] GC(400) Skipped phase 2 of Reference Processing: no references
[2025-06-03T15:52:02.461+0530][50.307s] GC(400) Skipped phase 3 of Reference Processing: no references
[2025-06-03T15:52:02.461+0530][50.307s] GC(400) Skipped phase 4 of Reference Processing: no references
[2025-06-03T15:52:02.462+0530][50.307s] GC(400)   Pre Evacuate Collection Set: 0.1ms
[2025-06-03T15:52:02.462+0530][50.307s] GC(400)   Merge Heap Roots: 0.1ms
[2025-06-03T15:52:02.462+0530][50.307s] GC(400)   Evacuate Collection Set: 0.2ms
[2025-06-03T15:52:02.462+0530][50.307s] GC(400)   Post Evacuate Collection Set: 0.4ms
[2025-06-03T15:52:02.462+0530][50.307s] GC(400)   Other: 0.1ms
[2025-06-03T15:52:02.462+0530][50.307s] GC(400) Eden regions: 306->0(306)
[2025-06-03T15:52:02.462+0530][50.307s] GC(400) Survivor regions: 1->1(39)
[2025-06-03T15:52:02.462+0530][50.307s] GC(400) Old regions: 9->9
[2025-06-03T15:52:02.462+0530][50.307s] GC(400) Archive regions: 2->2
[2025-06-03T15:52:02.462+0530][50.307s] GC(400) Humongous regions: 0->0
[2025-06-03T15:52:02.462+0530][50.307s] GC(400) Metaspace: 20332K(20800K)->20332K(20800K) NonClass: 17747K(17984K)->17747K(17984K) Class: 2585K(2816K)->2585K(2816K)
[2025-06-03T15:52:02.462+0530][50.307s] GC(400) Pause Young (Normal) (G1 Evacuation Pause) 315M->9M(512M) 0.932ms
[2025-06-03T15:52:02.462+0530][50.307s] GC(400) User=0.01s Sys=0.00s Real=0.00s
[2025-06-03T15:52:02.575+0530][50.421s] GC(401) Pause Young (Normal) (G1 Evacuation Pause)
[2025-06-03T15:52:02.576+0530][50.421s] GC(401) Using 8 workers of 8 for evacuation
[2025-06-03T15:52:02.576+0530][50.421s] GC(401) Skipped phase 1 of Reference Processing: no references
[2025-06-03T15:52:02.576+0530][50.422s] GC(401) Skipped phase 2 of Reference Processing: no references
[2025-06-03T15:52:02.576+0530][50.422s] GC(401) Skipped phase 3 of Reference Processing: no references
[2025-06-03T15:52:02.576+0530][50.422s] GC(401) Skipped phase 4 of Reference Processing: no references
[2025-06-03T15:52:02.576+0530][50.422s] GC(401)   Pre Evacuate Collection Set: 0.1ms
[2025-06-03T15:52:02.576+0530][50.422s] GC(401)   Merge Heap Roots: 0.1ms
[2025-06-03T15:52:02.576+0530][50.422s] GC(401)   Evacuate Collection Set: 0.2ms
[2025-06-03T15:52:02.576+0530][50.422s] GC(401)   Post Evacuate Collection Set: 0.4ms
[2025-06-03T15:52:02.576+0530][50.422s] GC(401)   Other: 0.1ms
[2025-06-03T15:52:02.576+0530][50.422s] GC(401) Eden regions: 306->0(306)
[2025-06-03T15:52:02.576+0530][50.422s] GC(401) Survivor regions: 1->1(39)
[2025-06-03T15:52:02.576+0530][50.422s] GC(401) Old regions: 9->9
[2025-06-03T15:52:02.576+0530][50.422s] GC(401) Archive regions: 2->2
[2025-06-03T15:52:02.576+0530][50.422s] GC(401) Humongous regions: 0->0
[2025-06-03T15:52:02.576+0530][50.422s] GC(401) Metaspace: 20332K(20800K)->20332K(20800K) NonClass: 17747K(17984K)->17747K(17984K) Class: 2585K(2816K)->2585K(2816K)
[2025-06-03T15:52:02.576+0530][50.422s] GC(401) Pause Young (Normal) (G1 Evacuation Pause) 315M->9M(512M) 0.951ms
[2025-06-03T15:52:02.576+0530][50.422s] GC(401) User=0.00s Sys=0.00s Real=0.00s
[2025-06-03T15:52:02.688+0530][50.534s] GC(402) Pause Young (Normal) (G1 Evacuation Pause)
[2025-06-03T15:52:02.688+0530][50.534s] GC(402) Using 8 workers of 8 for evacuation
[2025-06-03T15:52:02.689+0530][50.534s] GC(402) Skipped phase 1 of Reference Processing: no references
[2025-06-03T15:52:02.689+0530][50.534s] GC(402) Skipped phase 2 of Reference Processing: no references
[2025-06-03T15:52:02.689+0530][50.534s] GC(402) Skipped phase 3 of Reference Processing: no references
[2025-06-03T15:52:02.689+0530][50.535s] GC(402) Skipped phase 4 of Reference Processing: no references
[2025-06-03T15:52:02.689+0530][50.535s] GC(402)   Pre Evacuate Collection Set: 0.1ms
[2025-06-03T15:52:02.689+0530][50.535s] GC(402)   Merge Heap Roots: 0.1ms
[2025-06-03T15:52:02.689+0530][50.535s] GC(402)   Evacuate Collection Set: 0.2ms
[2025-06-03T15:52:02.689+0530][50.535s] GC(402)   Post Evacuate Collection Set: 0.4ms
[2025-06-03T15:52:02.689+0530][50.535s] GC(402)   Other: 0.2ms
[2025-06-03T15:52:02.689+0530][50.535s] GC(402) Eden regions: 306->0(306)
[2025-06-03T15:52:02.689+0530][50.535s] GC(402) Survivor regions: 1->1(39)
[2025-06-03T15:52:02.689+0530][50.535s] GC(402) Old regions: 9->9
[2025-06-03T15:52:02.689+0530][50.535s] GC(402) Archive regions: 2->2
[2025-06-03T15:52:02.689+0530][50.535s] GC(402) Humongous regions: 0->0
[2025-06-03T15:52:02.689+0530][50.535s] GC(402) Metaspace: 20332K(20800K)->20332K(20800K) NonClass: 17747K(17984K)->17747K(17984K) Class: 2585K(2816K)->2585K(2816K)
[2025-06-03T15:52:02.689+0530][50.535s] GC(402) Pause Young (Normal) (G1 Evacuation Pause) 315M->9M(512M) 1.059ms
[2025-06-03T15:52:02.689+0530][50.535s] GC(402) User=0.00s Sys=0.00s Real=0.00s
[2025-06-03T15:52:02.798+0530][50.644s] GC(403) Pause Young (Normal) (G1 Evacuation Pause)
[2025-06-03T15:52:02.798+0530][50.644s] GC(403) Using 8 workers of 8 for evacuation
[2025-06-03T15:52:02.799+0530][50.644s] GC(403) Skipped phase 1 of Reference Processing: no references
[2025-06-03T15:52:02.799+0530][50.644s] GC(403) Skipped phase 2 of Reference Processing: no references
[2025-06-03T15:52:02.799+0530][50.644s] GC(403) Skipped phase 3 of Reference Processing: no references
[2025-06-03T15:52:02.799+0530][50.644s] GC(403) Skipped phase 4 of Reference Processing: no references
[2025-06-03T15:52:02.799+0530][50.645s] GC(403)   Pre Evacuate Collection Set: 0.1ms
[2025-06-03T15:52:02.799+0530][50.645s] GC(403)   Merge Heap Roots: 0.1ms
[2025-06-03T15:52:02.799+0530][50.645s] GC(403)   Evacuate Collection Set: 0.2ms
[2025-06-03T15:52:02.799+0530][50.645s] GC(403)   Post Evacuate Collection Set: 0.4ms
[2025-06-03T15:52:02.799+0530][50.645s] GC(403)   Other: 0.2ms
[2025-06-03T15:52:02.799+0530][50.645s] GC(403) Eden regions: 306->0(306)
[2025-06-03T15:52:02.799+0530][50.645s] GC(403) Survivor regions: 1->1(39)
[2025-06-03T15:52:02.799+0530][50.645s] GC(403) Old regions: 9->9
[2025-06-03T15:52:02.799+0530][50.645s] GC(403) Archive regions: 2->2
[2025-06-03T15:52:02.799+0530][50.645s] GC(403) Humongous regions: 0->0
[2025-06-03T15:52:02.799+0530][50.645s] GC(403) Metaspace: 20332K(20800K)->20332K(20800K) NonClass: 17747K(17984K)->17747K(17984K) Class: 2585K(2816K)->2585K(2816K)
[2025-06-03T15:52:02.799+0530][50.645s] GC(403) Pause Young (Normal) (G1 Evacuation Pause) 315M->9M(512M) 1.146ms
[2025-06-03T15:52:02.799+0530][50.645s] GC(403) User=0.00s Sys=0.00s Real=0.00s
[2025-06-03T15:52:02.910+0530][50.756s] GC(404) Pause Young (Normal) (G1 Evacuation Pause)
[2025-06-03T15:52:02.910+0530][50.756s] GC(404) Using 8 workers of 8 for evacuation
[2025-06-03T15:52:02.911+0530][50.756s] GC(404) Skipped phase 1 of Reference Processing: no references
[2025-06-03T15:52:02.911+0530][50.756s] GC(404) Skipped phase 2 of Reference Processing: no references
[2025-06-03T15:52:02.911+0530][50.756s] GC(404) Skipped phase 3 of Reference Processing: no references
[2025-06-03T15:52:02.911+0530][50.756s] GC(404) Skipped phase 4 of Reference Processing: no references
[2025-06-03T15:52:02.911+0530][50.757s] GC(404)   Pre Evacuate Collection Set: 0.1ms
[2025-06-03T15:52:02.911+0530][50.757s] GC(404)   Merge Heap Roots: 0.1ms
[2025-06-03T15:52:02.911+0530][50.757s] GC(404)   Evacuate Collection Set: 0.2ms
[2025-06-03T15:52:02.911+0530][50.757s] GC(404)   Post Evacuate Collection Set: 0.3ms
[2025-06-03T15:52:02.911+0530][50.757s] GC(404)   Other: 0.1ms
[2025-06-03T15:52:02.911+0530][50.757s] GC(404) Eden regions: 306->0(306)
[2025-06-03T15:52:02.911+0530][50.757s] GC(404) Survivor regions: 1->1(39)
[2025-06-03T15:52:02.911+0530][50.757s] GC(404) Old regions: 9->9
[2025-06-03T15:52:02.911+0530][50.757s] GC(404) Archive regions: 2->2
[2025-06-03T15:52:02.911+0530][50.757s] GC(404) Humongous regions: 0->0
[2025-06-03T15:52:02.911+0530][50.757s] GC(404) Metaspace: 20332K(20800K)->20332K(20800K) NonClass: 17747K(17984K)->17747K(17984K) Class: 2585K(2816K)->2585K(2816K)
[2025-06-03T15:52:02.911+0530][50.757s] GC(404) Pause Young (Normal) (G1 Evacuation Pause) 315M->9M(512M) 0.892ms
[2025-06-03T15:52:02.911+0530][50.757s] GC(404) User=0.00s Sys=0.00s Real=0.00s
[2025-06-03T15:52:03.026+0530][50.872s] GC(405) Pause Young (Normal) (G1 Evacuation Pause)
[2025-06-03T15:52:03.026+0530][50.872s] GC(405) Using 8 workers of 8 for evacuation
[2025-06-03T15:52:03.027+0530][50.872s] GC(405) Skipped phase 1 of Reference Processing: no references
[2025-06-03T15:52:03.027+0530][50.872s] GC(405) Skipped phase 2 of Reference Processing: no references
[2025-06-03T15:52:03.027+0530][50.872s] GC(405) Skipped phase 3 of Reference Processing: no references
[2025-06-03T15:52:03.027+0530][50.872s] GC(405) Skipped phase 4 of Reference Processing: no references
[2025-06-03T15:52:03.027+0530][50.873s] GC(405)   Pre Evacuate Collection Set: 0.1ms
[2025-06-03T15:52:03.027+0530][50.873s] GC(405)   Merge Heap Roots: 0.1ms
[2025-06-03T15:52:03.027+0530][50.873s] GC(405)   Evacuate Collection Set: 0.2ms
[2025-06-03T15:52:03.027+0530][50.873s] GC(405)   Post Evacuate Collection Set: 0.3ms
[2025-06-03T15:52:03.027+0530][50.873s] GC(405)   Other: 0.1ms
[2025-06-03T15:52:03.027+0530][50.873s] GC(405) Eden regions: 306->0(306)
[2025-06-03T15:52:03.027+0530][50.873s] GC(405) Survivor regions: 1->1(39)
[2025-06-03T15:52:03.027+0530][50.873s] GC(405) Old regions: 9->9
[2025-06-03T15:52:03.027+0530][50.873s] GC(405) Archive regions: 2->2
[2025-06-03T15:52:03.027+0530][50.873s] GC(405) Humongous regions: 0->0
[2025-06-03T15:52:03.027+0530][50.873s] GC(405) Metaspace: 20332K(20800K)->20332K(20800K) NonClass: 17747K(17984K)->17747K(17984K) Class: 2585K(2816K)->2585K(2816K)
[2025-06-03T15:52:03.027+0530][50.873s] GC(405) Pause Young (Normal) (G1 Evacuation Pause) 315M->9M(512M) 0.911ms
[2025-06-03T15:52:03.027+0530][50.873s] GC(405) User=0.00s Sys=0.00s Real=0.00s
[2025-06-03T15:52:03.153+0530][50.999s] GC(406) Pause Young (Normal) (G1 Evacuation Pause)
[2025-06-03T15:52:03.153+0530][50.999s] GC(406) Using 8 workers of 8 for evacuation
[2025-06-03T15:52:03.154+0530][50.999s] GC(406) Skipped phase 1 of Reference Processing: no references
[2025-06-03T15:52:03.154+0530][50.999s] GC(406) Skipped phase 2 of Reference Processing: no references
[2025-06-03T15:52:03.154+0530][50.999s] GC(406) Skipped phase 3 of Reference Processing: no references
[2025-06-03T15:52:03.154+0530][50.999s] GC(406) Skipped phase 4 of Reference Processing: no references
[2025-06-03T15:52:03.154+0530][51.000s] GC(406)   Pre Evacuate Collection Set: 0.1ms
[2025-06-03T15:52:03.154+0530][51.000s] GC(406)   Merge Heap Roots: 0.1ms
[2025-06-03T15:52:03.154+0530][51.000s] GC(406)   Evacuate Collection Set: 0.2ms
[2025-06-03T15:52:03.154+0530][51.000s] GC(406)   Post Evacuate Collection Set: 0.5ms
[2025-06-03T15:52:03.154+0530][51.000s] GC(406)   Other: 0.1ms
[2025-06-03T15:52:03.154+0530][51.000s] GC(406) Eden regions: 306->0(306)
[2025-06-03T15:52:03.154+0530][51.000s] GC(406) Survivor regions: 1->1(39)
[2025-06-03T15:52:03.154+0530][51.000s] GC(406) Old regions: 9->9
[2025-06-03T15:52:03.155+0530][51.000s] GC(406) Archive regions: 2->2
[2025-06-03T15:52:03.155+0530][51.000s] GC(406) Humongous regions: 0->0
[2025-06-03T15:52:03.155+0530][51.000s] GC(406) Metaspace: 20338K(20864K)->20338K(20864K) NonClass: 17753K(18048K)->17753K(18048K) Class: 2585K(2816K)->2585K(2816K)
[2025-06-03T15:52:03.155+0530][51.000s] GC(406) Pause Young (Normal) (G1 Evacuation Pause) 315M->9M(512M) 1.226ms
[2025-06-03T15:52:03.155+0530][51.000s] GC(406) User=0.00s Sys=0.00s Real=0.00s
[2025-06-03T15:52:03.271+0530][51.117s] GC(407) Pause Young (Normal) (G1 Evacuation Pause)
[2025-06-03T15:52:03.271+0530][51.117s] GC(407) Using 8 workers of 8 for evacuation
[2025-06-03T15:52:03.272+0530][51.117s] GC(407) Skipped phase 1 of Reference Processing: no references
[2025-06-03T15:52:03.272+0530][51.117s] GC(407) Skipped phase 2 of Reference Processing: no references
[2025-06-03T15:52:03.272+0530][51.117s] GC(407) Skipped phase 3 of Reference Processing: no references
[2025-06-03T15:52:03.272+0530][51.117s] GC(407) Skipped phase 4 of Reference Processing: no references
[2025-06-03T15:52:03.272+0530][51.118s] GC(407)   Pre Evacuate Collection Set: 0.1ms
[2025-06-03T15:52:03.272+0530][51.118s] GC(407)   Merge Heap Roots: 0.1ms
[2025-06-03T15:52:03.272+0530][51.118s] GC(407)   Evacuate Collection Set: 0.2ms
[2025-06-03T15:52:03.272+0530][51.118s] GC(407)   Post Evacuate Collection Set: 0.5ms
[2025-06-03T15:52:03.272+0530][51.118s] GC(407)   Other: 0.1ms
[2025-06-03T15:52:03.272+0530][51.118s] GC(407) Eden regions: 306->0(306)
[2025-06-03T15:52:03.272+0530][51.118s] GC(407) Survivor regions: 1->1(39)
[2025-06-03T15:52:03.272+0530][51.118s] GC(407) Old regions: 9->9
[2025-06-03T15:52:03.272+0530][51.118s] GC(407) Archive regions: 2->2
[2025-06-03T15:52:03.272+0530][51.118s] GC(407) Humongous regions: 0->0
[2025-06-03T15:52:03.272+0530][51.118s] GC(407) Metaspace: 20338K(20864K)->20338K(20864K) NonClass: 17753K(18048K)->17753K(18048K) Class: 2585K(2816K)->2585K(2816K)
[2025-06-03T15:52:03.272+0530][51.118s] GC(407) Pause Young (Normal) (G1 Evacuation Pause) 315M->9M(512M) 1.110ms
[2025-06-03T15:52:03.272+0530][51.118s] GC(407) User=0.00s Sys=0.00s Real=0.00s
[2025-06-03T15:52:03.382+0530][51.228s] GC(408) Pause Young (Normal) (G1 Evacuation Pause)
[2025-06-03T15:52:03.383+0530][51.228s] GC(408) Using 8 workers of 8 for evacuation
[2025-06-03T15:52:03.383+0530][51.229s] GC(408) Skipped phase 1 of Reference Processing: no references
[2025-06-03T15:52:03.383+0530][51.229s] GC(408) Skipped phase 2 of Reference Processing: no references
[2025-06-03T15:52:03.383+0530][51.229s] GC(408) Skipped phase 3 of Reference Processing: no references
[2025-06-03T15:52:03.383+0530][51.229s] GC(408) Skipped phase 4 of Reference Processing: no references
[2025-06-03T15:52:03.383+0530][51.229s] GC(408)   Pre Evacuate Collection Set: 0.1ms
[2025-06-03T15:52:03.383+0530][51.229s] GC(408)   Merge Heap Roots: 0.1ms
[2025-06-03T15:52:03.383+0530][51.229s] GC(408)   Evacuate Collection Set: 0.2ms
[2025-06-03T15:52:03.383+0530][51.229s] GC(408)   Post Evacuate Collection Set: 0.4ms
[2025-06-03T15:52:03.383+0530][51.229s] GC(408)   Other: 0.2ms
[2025-06-03T15:52:03.383+0530][51.229s] GC(408) Eden regions: 306->0(306)
[2025-06-03T15:52:03.383+0530][51.229s] GC(408) Survivor regions: 1->1(39)
[2025-06-03T15:52:03.383+0530][51.229s] GC(408) Old regions: 9->9
[2025-06-03T15:52:03.384+0530][51.229s] GC(408) Archive regions: 2->2
[2025-06-03T15:52:03.384+0530][51.229s] GC(408) Humongous regions: 0->0
[2025-06-03T15:52:03.384+0530][51.229s] GC(408) Metaspace: 20338K(20864K)->20338K(20864K) NonClass: 17753K(18048K)->17753K(18048K) Class: 2585K(2816K)->2585K(2816K)
[2025-06-03T15:52:03.384+0530][51.229s] GC(408) Pause Young (Normal) (G1 Evacuation Pause) 315M->9M(512M) 1.093ms
[2025-06-03T15:52:03.384+0530][51.229s] GC(408) User=0.00s Sys=0.01s Real=0.00s
[2025-06-03T15:52:03.493+0530][51.339s] GC(409) Pause Young (Normal) (G1 Evacuation Pause)
[2025-06-03T15:52:03.493+0530][51.339s] GC(409) Using 8 workers of 8 for evacuation
[2025-06-03T15:52:03.493+0530][51.339s] GC(409) Skipped phase 1 of Reference Processing: no references
[2025-06-03T15:52:03.493+0530][51.339s] GC(409) Skipped phase 2 of Reference Processing: no references
[2025-06-03T15:52:03.493+0530][51.339s] GC(409) Skipped phase 3 of Reference Processing: no references
[2025-06-03T15:52:03.493+0530][51.339s] GC(409) Skipped phase 4 of Reference Processing: no references
[2025-06-03T15:52:03.494+0530][51.339s] GC(409)   Pre Evacuate Collection Set: 0.0ms
[2025-06-03T15:52:03.494+0530][51.339s] GC(409)   Merge Heap Roots: 0.1ms
[2025-06-03T15:52:03.494+0530][51.339s] GC(409)   Evacuate Collection Set: 0.1ms
[2025-06-03T15:52:03.494+0530][51.339s] GC(409)   Post Evacuate Collection Set: 0.3ms
[2025-06-03T15:52:03.494+0530][51.339s] GC(409)   Other: 0.1ms
[2025-06-03T15:52:03.494+0530][51.339s] GC(409) Eden regions: 306->0(306)
[2025-06-03T15:52:03.494+0530][51.339s] GC(409) Survivor regions: 1->1(39)
[2025-06-03T15:52:03.494+0530][51.339s] GC(409) Old regions: 9->9
[2025-06-03T15:52:03.494+0530][51.339s] GC(409) Archive regions: 2->2
[2025-06-03T15:52:03.494+0530][51.339s] GC(409) Humongous regions: 0->0
[2025-06-03T15:52:03.494+0530][51.339s] GC(409) Metaspace: 20338K(20864K)->20338K(20864K) NonClass: 17753K(18048K)->17753K(18048K) Class: 2585K(2816K)->2585K(2816K)
[2025-06-03T15:52:03.494+0530][51.339s] GC(409) Pause Young (Normal) (G1 Evacuation Pause) 315M->9M(512M) 0.819ms
[2025-06-03T15:52:03.494+0530][51.339s] GC(409) User=0.00s Sys=0.00s Real=0.00s
[2025-06-03T15:52:03.608+0530][51.454s] GC(410) Pause Young (Normal) (G1 Evacuation Pause)
[2025-06-03T15:52:03.609+0530][51.454s] GC(410) Using 8 workers of 8 for evacuation
[2025-06-03T15:52:03.609+0530][51.455s] GC(410) Skipped phase 1 of Reference Processing: no references
[2025-06-03T15:52:03.609+0530][51.455s] GC(410) Skipped phase 2 of Reference Processing: no references
[2025-06-03T15:52:03.609+0530][51.455s] GC(410) Skipped phase 3 of Reference Processing: no references
[2025-06-03T15:52:03.609+0530][51.455s] GC(410) Skipped phase 4 of Reference Processing: no references
[2025-06-03T15:52:03.609+0530][51.455s] GC(410)   Pre Evacuate Collection Set: 0.1ms
[2025-06-03T15:52:03.609+0530][51.455s] GC(410)   Merge Heap Roots: 0.1ms
[2025-06-03T15:52:03.609+0530][51.455s] GC(410)   Evacuate Collection Set: 0.2ms
[2025-06-03T15:52:03.609+0530][51.455s] GC(410)   Post Evacuate Collection Set: 0.3ms
[2025-06-03T15:52:03.609+0530][51.455s] GC(410)   Other: 0.1ms
[2025-06-03T15:52:03.609+0530][51.455s] GC(410) Eden regions: 306->0(306)
[2025-06-03T15:52:03.609+0530][51.455s] GC(410) Survivor regions: 1->1(39)
[2025-06-03T15:52:03.609+0530][51.455s] GC(410) Old regions: 9->9
[2025-06-03T15:52:03.609+0530][51.455s] GC(410) Archive regions: 2->2
[2025-06-03T15:52:03.609+0530][51.455s] GC(410) Humongous regions: 0->0
[2025-06-03T15:52:03.609+0530][51.455s] GC(410) Metaspace: 20338K(20864K)->20338K(20864K) NonClass: 17753K(18048K)->17753K(18048K) Class: 2585K(2816K)->2585K(2816K)
[2025-06-03T15:52:03.609+0530][51.455s] GC(410) Pause Young (Normal) (G1 Evacuation Pause) 315M->9M(512M) 0.890ms
[2025-06-03T15:52:03.609+0530][51.455s] GC(410) User=0.00s Sys=0.00s Real=0.00s
[2025-06-03T15:52:03.743+0530][51.589s] GC(411) Pause Young (Normal) (G1 Evacuation Pause)
[2025-06-03T15:52:03.743+0530][51.589s] GC(411) Using 8 workers of 8 for evacuation
[2025-06-03T15:52:03.743+0530][51.589s] GC(411) Skipped phase 1 of Reference Processing: no references
[2025-06-03T15:52:03.743+0530][51.589s] GC(411) Skipped phase 2 of Reference Processing: no references
[2025-06-03T15:52:03.743+0530][51.589s] GC(411) Skipped phase 3 of Reference Processing: no references
[2025-06-03T15:52:03.743+0530][51.589s] GC(411) Skipped phase 4 of Reference Processing: no references
[2025-06-03T15:52:03.744+0530][51.589s] GC(411)   Pre Evacuate Collection Set: 0.1ms
[2025-06-03T15:52:03.744+0530][51.589s] GC(411)   Merge Heap Roots: 0.1ms
[2025-06-03T15:52:03.744+0530][51.589s] GC(411)   Evacuate Collection Set: 0.2ms
[2025-06-03T15:52:03.744+0530][51.589s] GC(411)   Post Evacuate Collection Set: 0.4ms
[2025-06-03T15:52:03.744+0530][51.589s] GC(411)   Other: 0.1ms
[2025-06-03T15:52:03.744+0530][51.589s] GC(411) Eden regions: 306->0(306)
[2025-06-03T15:52:03.744+0530][51.589s] GC(411) Survivor regions: 1->1(39)
[2025-06-03T15:52:03.744+0530][51.590s] GC(411) Old regions: 9->9
[2025-06-03T15:52:03.744+0530][51.590s] GC(411) Archive regions: 2->2
[2025-06-03T15:52:03.744+0530][51.590s] GC(411) Humongous regions: 0->0
[2025-06-03T15:52:03.744+0530][51.590s] GC(411) Metaspace: 20338K(20864K)->20338K(20864K) NonClass: 17753K(18048K)->17753K(18048K) Class: 2585K(2816K)->2585K(2816K)
[2025-06-03T15:52:03.744+0530][51.590s] GC(411) Pause Young (Normal) (G1 Evacuation Pause) 315M->9M(512M) 0.987ms
[2025-06-03T15:52:03.744+0530][51.590s] GC(411) User=0.00s Sys=0.00s Real=0.00s
[2025-06-03T15:52:03.866+0530][51.712s] GC(412) Pause Young (Normal) (G1 Evacuation Pause)
[2025-06-03T15:52:03.866+0530][51.712s] GC(412) Using 8 workers of 8 for evacuation
[2025-06-03T15:52:03.867+0530][51.712s] GC(412) Skipped phase 1 of Reference Processing: no references
[2025-06-03T15:52:03.867+0530][51.713s] GC(412) Skipped phase 2 of Reference Processing: no references
[2025-06-03T15:52:03.867+0530][51.713s] GC(412) Skipped phase 3 of Reference Processing: no references
[2025-06-03T15:52:03.867+0530][51.713s] GC(412) Skipped phase 4 of Reference Processing: no references
[2025-06-03T15:52:03.868+0530][51.713s] GC(412)   Pre Evacuate Collection Set: 0.1ms
[2025-06-03T15:52:03.868+0530][51.713s] GC(412)   Merge Heap Roots: 0.1ms
[2025-06-03T15:52:03.868+0530][51.713s] GC(412)   Evacuate Collection Set: 0.3ms
[2025-06-03T15:52:03.868+0530][51.713s] GC(412)   Post Evacuate Collection Set: 0.6ms
[2025-06-03T15:52:03.868+0530][51.713s] GC(412)   Other: 0.2ms
[2025-06-03T15:52:03.868+0530][51.713s] GC(412) Eden regions: 306->0(306)
[2025-06-03T15:52:03.868+0530][51.713s] GC(412) Survivor regions: 1->1(39)
[2025-06-03T15:52:03.868+0530][51.713s] GC(412) Old regions: 9->9
[2025-06-03T15:52:03.868+0530][51.713s] GC(412) Archive regions: 2->2
[2025-06-03T15:52:03.868+0530][51.713s] GC(412) Humongous regions: 0->0
[2025-06-03T15:52:03.868+0530][51.713s] GC(412) Metaspace: 20338K(20864K)->20338K(20864K) NonClass: 17753K(18048K)->17753K(18048K) Class: 2585K(2816K)->2585K(2816K)
[2025-06-03T15:52:03.868+0530][51.713s] GC(412) Pause Young (Normal) (G1 Evacuation Pause) 315M->9M(512M) 1.331ms
[2025-06-03T15:52:03.868+0530][51.713s] GC(412) User=0.00s Sys=0.00s Real=0.00s
[2025-06-03T15:52:03.989+0530][51.835s] GC(413) Pause Young (Normal) (G1 Evacuation Pause)
[2025-06-03T15:52:03.989+0530][51.835s] GC(413) Using 8 workers of 8 for evacuation
[2025-06-03T15:52:03.989+0530][51.835s] GC(413) Skipped phase 1 of Reference Processing: no references
[2025-06-03T15:52:03.989+0530][51.835s] GC(413) Skipped phase 2 of Reference Processing: no references
[2025-06-03T15:52:03.989+0530][51.835s] GC(413) Skipped phase 3 of Reference Processing: no references
[2025-06-03T15:52:03.989+0530][51.835s] GC(413) Skipped phase 4 of Reference Processing: no references
[2025-06-03T15:52:03.990+0530][51.835s] GC(413)   Pre Evacuate Collection Set: 0.1ms
[2025-06-03T15:52:03.990+0530][51.835s] GC(413)   Merge Heap Roots: 0.1ms
[2025-06-03T15:52:03.990+0530][51.835s] GC(413)   Evacuate Collection Set: 0.2ms
[2025-06-03T15:52:03.990+0530][51.836s] GC(413)   Post Evacuate Collection Set: 0.4ms
[2025-06-03T15:52:03.990+0530][51.836s] GC(413)   Other: 0.1ms
[2025-06-03T15:52:03.990+0530][51.836s] GC(413) Eden regions: 306->0(306)
[2025-06-03T15:52:03.990+0530][51.836s] GC(413) Survivor regions: 1->1(39)
[2025-06-03T15:52:03.990+0530][51.836s] GC(413) Old regions: 9->9
[2025-06-03T15:52:03.990+0530][51.836s] GC(413) Archive regions: 2->2
[2025-06-03T15:52:03.990+0530][51.836s] GC(413) Humongous regions: 0->0
[2025-06-03T15:52:03.990+0530][51.836s] GC(413) Metaspace: 20338K(20864K)->20338K(20864K) NonClass: 17753K(18048K)->17753K(18048K) Class: 2585K(2816K)->2585K(2816K)
[2025-06-03T15:52:03.990+0530][51.836s] GC(413) Pause Young (Normal) (G1 Evacuation Pause) 315M->9M(512M) 1.100ms
[2025-06-03T15:52:03.990+0530][51.836s] GC(413) User=0.01s Sys=0.00s Real=0.01s
[2025-06-03T15:52:04.109+0530][51.955s] GC(414) Pause Young (Normal) (G1 Evacuation Pause)
[2025-06-03T15:52:04.110+0530][51.955s] GC(414) Using 8 workers of 8 for evacuation
[2025-06-03T15:52:04.110+0530][51.956s] GC(414) Skipped phase 1 of Reference Processing: no references
[2025-06-03T15:52:04.110+0530][51.956s] GC(414) Skipped phase 2 of Reference Processing: no references
[2025-06-03T15:52:04.110+0530][51.956s] GC(414) Skipped phase 3 of Reference Processing: no references
[2025-06-03T15:52:04.110+0530][51.956s] GC(414) Skipped phase 4 of Reference Processing: no references
[2025-06-03T15:52:04.110+0530][51.956s] GC(414)   Pre Evacuate Collection Set: 0.1ms
[2025-06-03T15:52:04.110+0530][51.956s] GC(414)   Merge Heap Roots: 0.1ms
[2025-06-03T15:52:04.110+0530][51.956s] GC(414)   Evacuate Collection Set: 0.2ms
[2025-06-03T15:52:04.110+0530][51.956s] GC(414)   Post Evacuate Collection Set: 0.4ms
[2025-06-03T15:52:04.110+0530][51.956s] GC(414)   Other: 0.2ms
[2025-06-03T15:52:04.110+0530][51.956s] GC(414) Eden regions: 306->0(306)
[2025-06-03T15:52:04.110+0530][51.956s] GC(414) Survivor regions: 1->1(39)
[2025-06-03T15:52:04.110+0530][51.956s] GC(414) Old regions: 9->9
[2025-06-03T15:52:04.110+0530][51.956s] GC(414) Archive regions: 2->2
[2025-06-03T15:52:04.111+0530][51.956s] GC(414) Humongous regions: 0->0
[2025-06-03T15:52:04.111+0530][51.956s] GC(414) Metaspace: 20339K(20864K)->20339K(20864K) NonClass: 17753K(18048K)->17753K(18048K) Class: 2585K(2816K)->2585K(2816K)
[2025-06-03T15:52:04.111+0530][51.956s] GC(414) Pause Young (Normal) (G1 Evacuation Pause) 315M->9M(512M) 1.122ms
[2025-06-03T15:52:04.111+0530][51.956s] GC(414) User=0.00s Sys=0.00s Real=0.01s
[2025-06-03T15:52:04.242+0530][52.087s] GC(415) Pause Young (Normal) (G1 Evacuation Pause)
[2025-06-03T15:52:04.242+0530][52.087s] GC(415) Using 8 workers of 8 for evacuation
[2025-06-03T15:52:04.242+0530][52.088s] GC(415) Skipped phase 1 of Reference Processing: no references
[2025-06-03T15:52:04.242+0530][52.088s] GC(415) Skipped phase 2 of Reference Processing: no references
[2025-06-03T15:52:04.242+0530][52.088s] GC(415) Skipped phase 3 of Reference Processing: no references
[2025-06-03T15:52:04.242+0530][52.088s] GC(415) Skipped phase 4 of Reference Processing: no references
[2025-06-03T15:52:04.243+0530][52.088s] GC(415)   Pre Evacuate Collection Set: 0.1ms
[2025-06-03T15:52:04.243+0530][52.088s] GC(415)   Merge Heap Roots: 0.1ms
[2025-06-03T15:52:04.243+0530][52.088s] GC(415)   Evacuate Collection Set: 0.2ms
[2025-06-03T15:52:04.243+0530][52.088s] GC(415)   Post Evacuate Collection Set: 0.4ms
[2025-06-03T15:52:04.243+0530][52.088s] GC(415)   Other: 0.2ms
[2025-06-03T15:52:04.243+0530][52.088s] GC(415) Eden regions: 306->0(306)
[2025-06-03T15:52:04.243+0530][52.088s] GC(415) Survivor regions: 1->1(39)
[2025-06-03T15:52:04.243+0530][52.088s] GC(415) Old regions: 9->9
[2025-06-03T15:52:04.243+0530][52.088s] GC(415) Archive regions: 2->2
[2025-06-03T15:52:04.243+0530][52.088s] GC(415) Humongous regions: 0->0
[2025-06-03T15:52:04.243+0530][52.088s] GC(415) Metaspace: 20342K(20864K)->20342K(20864K) NonClass: 17757K(18048K)->17757K(18048K) Class: 2585K(2816K)->2585K(2816K)
[2025-06-03T15:52:04.243+0530][52.088s] GC(415) Pause Young (Normal) (G1 Evacuation Pause) 315M->9M(512M) 1.100ms
[2025-06-03T15:52:04.243+0530][52.088s] GC(415) User=0.00s Sys=0.00s Real=0.00s
[2025-06-03T15:52:04.429+0530][52.275s] GC(416) Pause Young (Normal) (G1 Evacuation Pause)
[2025-06-03T15:52:04.429+0530][52.275s] GC(416) Using 8 workers of 8 for evacuation
[2025-06-03T15:52:04.430+0530][52.275s] GC(416) Skipped phase 1 of Reference Processing: no references
[2025-06-03T15:52:04.430+0530][52.276s] GC(416) Skipped phase 2 of Reference Processing: no references
[2025-06-03T15:52:04.430+0530][52.276s] GC(416) Skipped phase 3 of Reference Processing: no references
[2025-06-03T15:52:04.430+0530][52.276s] GC(416) Skipped phase 4 of Reference Processing: no references
[2025-06-03T15:52:04.430+0530][52.276s] GC(416)   Pre Evacuate Collection Set: 0.1ms
[2025-06-03T15:52:04.430+0530][52.276s] GC(416)   Merge Heap Roots: 0.1ms
[2025-06-03T15:52:04.430+0530][52.276s] GC(416)   Evacuate Collection Set: 0.3ms
[2025-06-03T15:52:04.430+0530][52.276s] GC(416)   Post Evacuate Collection Set: 0.5ms
[2025-06-03T15:52:04.430+0530][52.276s] GC(416)   Other: 0.2ms
[2025-06-03T15:52:04.430+0530][52.276s] GC(416) Eden regions: 306->0(306)
[2025-06-03T15:52:04.430+0530][52.276s] GC(416) Survivor regions: 1->1(39)
[2025-06-03T15:52:04.430+0530][52.276s] GC(416) Old regions: 9->9
[2025-06-03T15:52:04.430+0530][52.276s] GC(416) Archive regions: 2->2
[2025-06-03T15:52:04.430+0530][52.276s] GC(416) Humongous regions: 0->0
[2025-06-03T15:52:04.430+0530][52.276s] GC(416) Metaspace: 20342K(20864K)->20342K(20864K) NonClass: 17757K(18048K)->17757K(18048K) Class: 2585K(2816K)->2585K(2816K)
[2025-06-03T15:52:04.431+0530][52.276s] GC(416) Pause Young (Normal) (G1 Evacuation Pause) 315M->9M(512M) 1.220ms
[2025-06-03T15:52:04.431+0530][52.276s] GC(416) User=0.00s Sys=0.00s Real=0.01s
[2025-06-03T15:52:04.594+0530][52.440s] GC(417) Pause Young (Normal) (G1 Evacuation Pause)
[2025-06-03T15:52:04.594+0530][52.440s] GC(417) Using 8 workers of 8 for evacuation
[2025-06-03T15:52:04.594+0530][52.440s] GC(417) Skipped phase 1 of Reference Processing: no references
[2025-06-03T15:52:04.594+0530][52.440s] GC(417) Skipped phase 2 of Reference Processing: no references
[2025-06-03T15:52:04.594+0530][52.440s] GC(417) Skipped phase 3 of Reference Processing: no references
[2025-06-03T15:52:04.595+0530][52.440s] GC(417) Skipped phase 4 of Reference Processing: no references
[2025-06-03T15:52:04.595+0530][52.441s] GC(417)   Pre Evacuate Collection Set: 0.1ms
[2025-06-03T15:52:04.595+0530][52.441s] GC(417)   Merge Heap Roots: 0.1ms
[2025-06-03T15:52:04.595+0530][52.441s] GC(417)   Evacuate Collection Set: 0.2ms
[2025-06-03T15:52:04.595+0530][52.441s] GC(417)   Post Evacuate Collection Set: 0.5ms
[2025-06-03T15:52:04.595+0530][52.441s] GC(417)   Other: 0.2ms
[2025-06-03T15:52:04.595+0530][52.441s] GC(417) Eden regions: 306->0(306)
[2025-06-03T15:52:04.595+0530][52.441s] GC(417) Survivor regions: 1->1(39)
[2025-06-03T15:52:04.595+0530][52.441s] GC(417) Old regions: 9->9
[2025-06-03T15:52:04.595+0530][52.441s] GC(417) Archive regions: 2->2
[2025-06-03T15:52:04.595+0530][52.441s] GC(417) Humongous regions: 0->0
[2025-06-03T15:52:04.595+0530][52.441s] GC(417) Metaspace: 20342K(20864K)->20342K(20864K) NonClass: 17757K(18048K)->17757K(18048K) Class: 2585K(2816K)->2585K(2816K)
[2025-06-03T15:52:04.595+0530][52.441s] GC(417) Pause Young (Normal) (G1 Evacuation Pause) 315M->9M(512M) 1.163ms
[2025-06-03T15:52:04.595+0530][52.441s] GC(417) User=0.00s Sys=0.00s Real=0.00s
[2025-06-03T15:52:04.721+0530][52.566s] GC(418) Pause Young (Normal) (G1 Evacuation Pause)
[2025-06-03T15:52:04.721+0530][52.566s] GC(418) Using 8 workers of 8 for evacuation
[2025-06-03T15:52:04.721+0530][52.567s] GC(418) Skipped phase 1 of Reference Processing: no references
[2025-06-03T15:52:04.721+0530][52.567s] GC(418) Skipped phase 2 of Reference Processing: no references
[2025-06-03T15:52:04.721+0530][52.567s] GC(418) Skipped phase 3 of Reference Processing: no references
[2025-06-03T15:52:04.721+0530][52.567s] GC(418) Skipped phase 4 of Reference Processing: no references
[2025-06-03T15:52:04.722+0530][52.567s] GC(418)   Pre Evacuate Collection Set: 0.1ms
[2025-06-03T15:52:04.722+0530][52.567s] GC(418)   Merge Heap Roots: 0.1ms
[2025-06-03T15:52:04.722+0530][52.567s] GC(418)   Evacuate Collection Set: 0.3ms
[2025-06-03T15:52:04.722+0530][52.567s] GC(418)   Post Evacuate Collection Set: 0.5ms
[2025-06-03T15:52:04.722+0530][52.567s] GC(418)   Other: 0.2ms
[2025-06-03T15:52:04.722+0530][52.568s] GC(418) Eden regions: 306->0(306)
[2025-06-03T15:52:04.722+0530][52.568s] GC(418) Survivor regions: 1->1(39)
[2025-06-03T15:52:04.722+0530][52.568s] GC(418) Old regions: 9->9
[2025-06-03T15:52:04.722+0530][52.568s] GC(418) Archive regions: 2->2
[2025-06-03T15:52:04.722+0530][52.568s] GC(418) Humongous regions: 0->0
[2025-06-03T15:52:04.722+0530][52.568s] GC(418) Metaspace: 20342K(20864K)->20342K(20864K) NonClass: 17757K(18048K)->17757K(18048K) Class: 2585K(2816K)->2585K(2816K)
[2025-06-03T15:52:04.722+0530][52.568s] GC(418) Pause Young (Normal) (G1 Evacuation Pause) 315M->9M(512M) 1.322ms
[2025-06-03T15:52:04.722+0530][52.568s] GC(418) User=0.00s Sys=0.00s Real=0.00s
[2025-06-03T15:52:04.890+0530][52.736s] GC(419) Pause Young (Normal) (G1 Evacuation Pause)
[2025-06-03T15:52:04.890+0530][52.736s] GC(419) Using 8 workers of 8 for evacuation
[2025-06-03T15:52:04.891+0530][52.736s] GC(419) Skipped phase 1 of Reference Processing: no references
[2025-06-03T15:52:04.891+0530][52.736s] GC(419) Skipped phase 2 of Reference Processing: no references
[2025-06-03T15:52:04.891+0530][52.736s] GC(419) Skipped phase 3 of Reference Processing: no references
[2025-06-03T15:52:04.891+0530][52.736s] GC(419) Skipped phase 4 of Reference Processing: no references
[2025-06-03T15:52:04.891+0530][52.737s] GC(419)   Pre Evacuate Collection Set: 0.1ms
[2025-06-03T15:52:04.891+0530][52.737s] GC(419)   Merge Heap Roots: 0.1ms
[2025-06-03T15:52:04.891+0530][52.737s] GC(419)   Evacuate Collection Set: 0.2ms
[2025-06-03T15:52:04.891+0530][52.737s] GC(419)   Post Evacuate Collection Set: 0.4ms
[2025-06-03T15:52:04.891+0530][52.737s] GC(419)   Other: 0.2ms
[2025-06-03T15:52:04.891+0530][52.737s] GC(419) Eden regions: 306->0(306)
[2025-06-03T15:52:04.891+0530][52.737s] GC(419) Survivor regions: 1->1(39)
[2025-06-03T15:52:04.891+0530][52.737s] GC(419) Old regions: 9->9
[2025-06-03T15:52:04.891+0530][52.737s] GC(419) Archive regions: 2->2
[2025-06-03T15:52:04.891+0530][52.737s] GC(419) Humongous regions: 0->0
[2025-06-03T15:52:04.891+0530][52.737s] GC(419) Metaspace: 20342K(20864K)->20342K(20864K) NonClass: 17757K(18048K)->17757K(18048K) Class: 2585K(2816K)->2585K(2816K)
[2025-06-03T15:52:04.891+0530][52.737s] GC(419) Pause Young (Normal) (G1 Evacuation Pause) 315M->9M(512M) 1.087ms
[2025-06-03T15:52:04.891+0530][52.737s] GC(419) User=0.01s Sys=0.00s Real=0.00s
[2025-06-03T15:52:05.022+0530][52.867s] GC(420) Pause Young (Normal) (G1 Evacuation Pause)
[2025-06-03T15:52:05.022+0530][52.867s] GC(420) Using 8 workers of 8 for evacuation
[2025-06-03T15:52:05.022+0530][52.868s] GC(420) Skipped phase 1 of Reference Processing: no references
[2025-06-03T15:52:05.022+0530][52.868s] GC(420) Skipped phase 2 of Reference Processing: no references
[2025-06-03T15:52:05.022+0530][52.868s] GC(420) Skipped phase 3 of Reference Processing: no references
[2025-06-03T15:52:05.022+0530][52.868s] GC(420) Skipped phase 4 of Reference Processing: no references
[2025-06-03T15:52:05.023+0530][52.868s] GC(420)   Pre Evacuate Collection Set: 0.1ms
[2025-06-03T15:52:05.023+0530][52.868s] GC(420)   Merge Heap Roots: 0.1ms
[2025-06-03T15:52:05.023+0530][52.868s] GC(420)   Evacuate Collection Set: 0.2ms
[2025-06-03T15:52:05.023+0530][52.868s] GC(420)   Post Evacuate Collection Set: 0.4ms
[2025-06-03T15:52:05.023+0530][52.868s] GC(420)   Other: 0.2ms
[2025-06-03T15:52:05.023+0530][52.868s] GC(420) Eden regions: 306->0(306)
[2025-06-03T15:52:05.023+0530][52.868s] GC(420) Survivor regions: 1->1(39)
[2025-06-03T15:52:05.023+0530][52.868s] GC(420) Old regions: 9->9
[2025-06-03T15:52:05.023+0530][52.869s] GC(420) Archive regions: 2->2
[2025-06-03T15:52:05.023+0530][52.869s] GC(420) Humongous regions: 0->0
[2025-06-03T15:52:05.023+0530][52.869s] GC(420) Metaspace: 20342K(20864K)->20342K(20864K) NonClass: 17757K(18048K)->17757K(18048K) Class: 2585K(2816K)->2585K(2816K)
[2025-06-03T15:52:05.023+0530][52.869s] GC(420) Pause Young (Normal) (G1 Evacuation Pause) 315M->9M(512M) 1.215ms
[2025-06-03T15:52:05.023+0530][52.869s] GC(420) User=0.00s Sys=0.00s Real=0.00s
[2025-06-03T15:52:05.174+0530][53.020s] GC(421) Pause Young (Normal) (G1 Evacuation Pause)
[2025-06-03T15:52:05.174+0530][53.020s] GC(421) Using 8 workers of 8 for evacuation
[2025-06-03T15:52:05.174+0530][53.020s] GC(421) Skipped phase 1 of Reference Processing: no references
[2025-06-03T15:52:05.174+0530][53.020s] GC(421) Skipped phase 2 of Reference Processing: no references
[2025-06-03T15:52:05.174+0530][53.020s] GC(421) Skipped phase 3 of Reference Processing: no references
[2025-06-03T15:52:05.174+0530][53.020s] GC(421) Skipped phase 4 of Reference Processing: no references
[2025-06-03T15:52:05.175+0530][53.020s] GC(421)   Pre Evacuate Collection Set: 0.1ms
[2025-06-03T15:52:05.175+0530][53.021s] GC(421)   Merge Heap Roots: 0.1ms
[2025-06-03T15:52:05.175+0530][53.021s] GC(421)   Evacuate Collection Set: 0.2ms
[2025-06-03T15:52:05.175+0530][53.021s] GC(421)   Post Evacuate Collection Set: 0.4ms
[2025-06-03T15:52:05.175+0530][53.021s] GC(421)   Other: 0.2ms
[2025-06-03T15:52:05.175+0530][53.021s] GC(421) Eden regions: 306->0(306)
[2025-06-03T15:52:05.175+0530][53.021s] GC(421) Survivor regions: 1->1(39)
[2025-06-03T15:52:05.175+0530][53.021s] GC(421) Old regions: 9->9
[2025-06-03T15:52:05.175+0530][53.021s] GC(421) Archive regions: 2->2
[2025-06-03T15:52:05.175+0530][53.021s] GC(421) Humongous regions: 0->0
[2025-06-03T15:52:05.175+0530][53.021s] GC(421) Metaspace: 20355K(20864K)->20355K(20864K) NonClass: 17769K(18048K)->17769K(18048K) Class: 2585K(2816K)->2585K(2816K)
[2025-06-03T15:52:05.175+0530][53.021s] GC(421) Pause Young (Normal) (G1 Evacuation Pause) 315M->9M(512M) 1.052ms
[2025-06-03T15:52:05.175+0530][53.021s] GC(421) User=0.00s Sys=0.00s Real=0.00s
[2025-06-03T15:52:05.308+0530][53.154s] GC(422) Pause Young (Normal) (G1 Evacuation Pause)
[2025-06-03T15:52:05.308+0530][53.154s] GC(422) Using 8 workers of 8 for evacuation
[2025-06-03T15:52:05.309+0530][53.154s] GC(422) Skipped phase 1 of Reference Processing: no references
[2025-06-03T15:52:05.309+0530][53.154s] GC(422) Skipped phase 2 of Reference Processing: no references
[2025-06-03T15:52:05.309+0530][53.154s] GC(422) Skipped phase 3 of Reference Processing: no references
[2025-06-03T15:52:05.309+0530][53.154s] GC(422) Skipped phase 4 of Reference Processing: no references
[2025-06-03T15:52:05.309+0530][53.155s] GC(422)   Pre Evacuate Collection Set: 0.1ms
[2025-06-03T15:52:05.309+0530][53.155s] GC(422)   Merge Heap Roots: 0.1ms
[2025-06-03T15:52:05.309+0530][53.155s] GC(422)   Evacuate Collection Set: 0.2ms
[2025-06-03T15:52:05.309+0530][53.155s] GC(422)   Post Evacuate Collection Set: 0.4ms
[2025-06-03T15:52:05.309+0530][53.155s] GC(422)   Other: 0.1ms
[2025-06-03T15:52:05.309+0530][53.155s] GC(422) Eden regions: 306->0(306)
[2025-06-03T15:52:05.309+0530][53.155s] GC(422) Survivor regions: 1->1(39)
[2025-06-03T15:52:05.309+0530][53.155s] GC(422) Old regions: 9->9
[2025-06-03T15:52:05.309+0530][53.155s] GC(422) Archive regions: 2->2
[2025-06-03T15:52:05.309+0530][53.155s] GC(422) Humongous regions: 0->0
[2025-06-03T15:52:05.309+0530][53.155s] GC(422) Metaspace: 20355K(20864K)->20355K(20864K) NonClass: 17769K(18048K)->17769K(18048K) Class: 2585K(2816K)->2585K(2816K)
[2025-06-03T15:52:05.309+0530][53.155s] GC(422) Pause Young (Normal) (G1 Evacuation Pause) 315M->9M(512M) 0.997ms
[2025-06-03T15:52:05.309+0530][53.155s] GC(422) User=0.00s Sys=0.00s Real=0.00s
[2025-06-03T15:52:05.454+0530][53.300s] GC(423) Pause Young (Normal) (G1 Evacuation Pause)
[2025-06-03T15:52:05.455+0530][53.300s] GC(423) Using 8 workers of 8 for evacuation
[2025-06-03T15:52:05.455+0530][53.301s] GC(423) Skipped phase 1 of Reference Processing: no references
[2025-06-03T15:52:05.455+0530][53.301s] GC(423) Skipped phase 2 of Reference Processing: no references
[2025-06-03T15:52:05.455+0530][53.301s] GC(423) Skipped phase 3 of Reference Processing: no references
[2025-06-03T15:52:05.455+0530][53.301s] GC(423) Skipped phase 4 of Reference Processing: no references
[2025-06-03T15:52:05.456+0530][53.301s] GC(423)   Pre Evacuate Collection Set: 0.1ms
[2025-06-03T15:52:05.456+0530][53.301s] GC(423)   Merge Heap Roots: 0.1ms
[2025-06-03T15:52:05.456+0530][53.301s] GC(423)   Evacuate Collection Set: 0.2ms
[2025-06-03T15:52:05.456+0530][53.301s] GC(423)   Post Evacuate Collection Set: 0.4ms
[2025-06-03T15:52:05.456+0530][53.301s] GC(423)   Other: 0.3ms
[2025-06-03T15:52:05.456+0530][53.301s] GC(423) Eden regions: 306->0(306)
[2025-06-03T15:52:05.456+0530][53.301s] GC(423) Survivor regions: 1->1(39)
[2025-06-03T15:52:05.456+0530][53.301s] GC(423) Old regions: 9->9
[2025-06-03T15:52:05.456+0530][53.301s] GC(423) Archive regions: 2->2
[2025-06-03T15:52:05.456+0530][53.301s] GC(423) Humongous regions: 0->0
[2025-06-03T15:52:05.456+0530][53.301s] GC(423) Metaspace: 20355K(20864K)->20355K(20864K) NonClass: 17769K(18048K)->17769K(18048K) Class: 2585K(2816K)->2585K(2816K)
[2025-06-03T15:52:05.456+0530][53.301s] GC(423) Pause Young (Normal) (G1 Evacuation Pause) 315M->9M(512M) 1.280ms
[2025-06-03T15:52:05.456+0530][53.301s] GC(423) User=0.00s Sys=0.00s Real=0.00s
[2025-06-03T15:52:05.593+0530][53.439s] GC(424) Pause Young (Normal) (G1 Evacuation Pause)
[2025-06-03T15:52:05.593+0530][53.439s] GC(424) Using 8 workers of 8 for evacuation
[2025-06-03T15:52:05.594+0530][53.440s] GC(424) Skipped phase 1 of Reference Processing: no references
[2025-06-03T15:52:05.594+0530][53.440s] GC(424) Skipped phase 2 of Reference Processing: no references
[2025-06-03T15:52:05.594+0530][53.440s] GC(424) Skipped phase 3 of Reference Processing: no references
[2025-06-03T15:52:05.594+0530][53.440s] GC(424) Skipped phase 4 of Reference Processing: no references
[2025-06-03T15:52:05.594+0530][53.440s] GC(424)   Pre Evacuate Collection Set: 0.1ms
[2025-06-03T15:52:05.594+0530][53.440s] GC(424)   Merge Heap Roots: 0.1ms
[2025-06-03T15:52:05.594+0530][53.440s] GC(424)   Evacuate Collection Set: 0.2ms
[2025-06-03T15:52:05.594+0530][53.440s] GC(424)   Post Evacuate Collection Set: 0.4ms
[2025-06-03T15:52:05.594+0530][53.440s] GC(424)   Other: 0.1ms
[2025-06-03T15:52:05.594+0530][53.440s] GC(424) Eden regions: 306->0(306)
[2025-06-03T15:52:05.594+0530][53.440s] GC(424) Survivor regions: 1->1(39)
[2025-06-03T15:52:05.594+0530][53.440s] GC(424) Old regions: 9->9
[2025-06-03T15:52:05.594+0530][53.440s] GC(424) Archive regions: 2->2
[2025-06-03T15:52:05.594+0530][53.440s] GC(424) Humongous regions: 0->0
[2025-06-03T15:52:05.594+0530][53.440s] GC(424) Metaspace: 20355K(20864K)->20355K(20864K) NonClass: 17769K(18048K)->17769K(18048K) Class: 2585K(2816K)->2585K(2816K)
[2025-06-03T15:52:05.594+0530][53.440s] GC(424) Pause Young (Normal) (G1 Evacuation Pause) 315M->9M(512M) 0.989ms
[2025-06-03T15:52:05.594+0530][53.440s] GC(424) User=0.00s Sys=0.00s Real=0.00s
[2025-06-03T15:52:05.730+0530][53.576s] GC(425) Pause Young (Normal) (G1 Evacuation Pause)
[2025-06-03T15:52:05.730+0530][53.576s] GC(425) Using 8 workers of 8 for evacuation
[2025-06-03T15:52:05.731+0530][53.576s] GC(425) Skipped phase 1 of Reference Processing: no references
[2025-06-03T15:52:05.731+0530][53.576s] GC(425) Skipped phase 2 of Reference Processing: no references
[2025-06-03T15:52:05.731+0530][53.577s] GC(425) Skipped phase 3 of Reference Processing: no references
[2025-06-03T15:52:05.731+0530][53.577s] GC(425) Skipped phase 4 of Reference Processing: no references
[2025-06-03T15:52:05.731+0530][53.577s] GC(425)   Pre Evacuate Collection Set: 0.1ms
[2025-06-03T15:52:05.731+0530][53.577s] GC(425)   Merge Heap Roots: 0.1ms
[2025-06-03T15:52:05.731+0530][53.577s] GC(425)   Evacuate Collection Set: 0.3ms
[2025-06-03T15:52:05.731+0530][53.577s] GC(425)   Post Evacuate Collection Set: 0.6ms
[2025-06-03T15:52:05.731+0530][53.577s] GC(425)   Other: 0.2ms
[2025-06-03T15:52:05.731+0530][53.577s] GC(425) Eden regions: 306->0(306)
[2025-06-03T15:52:05.731+0530][53.577s] GC(425) Survivor regions: 1->1(39)
[2025-06-03T15:52:05.731+0530][53.577s] GC(425) Old regions: 9->9
[2025-06-03T15:52:05.731+0530][53.577s] GC(425) Archive regions: 2->2
[2025-06-03T15:52:05.731+0530][53.577s] GC(425) Humongous regions: 0->0
[2025-06-03T15:52:05.731+0530][53.577s] GC(425) Metaspace: 20355K(20864K)->20355K(20864K) NonClass: 17769K(18048K)->17769K(18048K) Class: 2585K(2816K)->2585K(2816K)
[2025-06-03T15:52:05.732+0530][53.577s] GC(425) Pause Young (Normal) (G1 Evacuation Pause) 315M->9M(512M) 1.411ms
[2025-06-03T15:52:05.732+0530][53.577s] GC(425) User=0.00s Sys=0.00s Real=0.00s
[2025-06-03T15:52:05.871+0530][53.716s] GC(426) Pause Young (Normal) (G1 Evacuation Pause)
[2025-06-03T15:52:05.871+0530][53.716s] GC(426) Using 8 workers of 8 for evacuation
[2025-06-03T15:52:05.871+0530][53.717s] GC(426) Skipped phase 1 of Reference Processing: no references
[2025-06-03T15:52:05.871+0530][53.717s] GC(426) Skipped phase 2 of Reference Processing: no references
[2025-06-03T15:52:05.871+0530][53.717s] GC(426) Skipped phase 3 of Reference Processing: no references
[2025-06-03T15:52:05.871+0530][53.717s] GC(426) Skipped phase 4 of Reference Processing: no references
[2025-06-03T15:52:05.871+0530][53.717s] GC(426)   Pre Evacuate Collection Set: 0.1ms
[2025-06-03T15:52:05.871+0530][53.717s] GC(426)   Merge Heap Roots: 0.1ms
[2025-06-03T15:52:05.871+0530][53.717s] GC(426)   Evacuate Collection Set: 0.2ms
[2025-06-03T15:52:05.872+0530][53.717s] GC(426)   Post Evacuate Collection Set: 0.4ms
[2025-06-03T15:52:05.872+0530][53.717s] GC(426)   Other: 0.2ms
[2025-06-03T15:52:05.872+0530][53.717s] GC(426) Eden regions: 306->0(306)
[2025-06-03T15:52:05.872+0530][53.717s] GC(426) Survivor regions: 1->1(39)
[2025-06-03T15:52:05.872+0530][53.717s] GC(426) Old regions: 9->9
[2025-06-03T15:52:05.872+0530][53.717s] GC(426) Archive regions: 2->2
[2025-06-03T15:52:05.872+0530][53.717s] GC(426) Humongous regions: 0->0
[2025-06-03T15:52:05.872+0530][53.717s] GC(426) Metaspace: 20355K(20864K)->20355K(20864K) NonClass: 17769K(18048K)->17769K(18048K) Class: 2585K(2816K)->2585K(2816K)
[2025-06-03T15:52:05.872+0530][53.717s] GC(426) Pause Young (Normal) (G1 Evacuation Pause) 315M->9M(512M) 1.059ms
[2025-06-03T15:52:05.872+0530][53.717s] GC(426) User=0.00s Sys=0.00s Real=0.00s
[2025-06-03T15:52:06.007+0530][53.853s] GC(427) Pause Young (Normal) (G1 Evacuation Pause)
[2025-06-03T15:52:06.007+0530][53.853s] GC(427) Using 8 workers of 8 for evacuation
[2025-06-03T15:52:06.007+0530][53.853s] GC(427) Skipped phase 1 of Reference Processing: no references
[2025-06-03T15:52:06.007+0530][53.853s] GC(427) Skipped phase 2 of Reference Processing: no references
[2025-06-03T15:52:06.008+0530][53.853s] GC(427) Skipped phase 3 of Reference Processing: no references
[2025-06-03T15:52:06.008+0530][53.853s] GC(427) Skipped phase 4 of Reference Processing: no references
[2025-06-03T15:52:06.008+0530][53.854s] GC(427)   Pre Evacuate Collection Set: 0.1ms
[2025-06-03T15:52:06.008+0530][53.854s] GC(427)   Merge Heap Roots: 0.1ms
[2025-06-03T15:52:06.008+0530][53.854s] GC(427)   Evacuate Collection Set: 0.2ms
[2025-06-03T15:52:06.008+0530][53.854s] GC(427)   Post Evacuate Collection Set: 0.4ms
[2025-06-03T15:52:06.008+0530][53.854s] GC(427)   Other: 0.2ms
[2025-06-03T15:52:06.008+0530][53.854s] GC(427) Eden regions: 306->0(306)
[2025-06-03T15:52:06.008+0530][53.854s] GC(427) Survivor regions: 1->1(39)
[2025-06-03T15:52:06.008+0530][53.854s] GC(427) Old regions: 9->9
[2025-06-03T15:52:06.008+0530][53.854s] GC(427) Archive regions: 2->2
[2025-06-03T15:52:06.008+0530][53.854s] GC(427) Humongous regions: 0->0
[2025-06-03T15:52:06.008+0530][53.854s] GC(427) Metaspace: 20355K(20864K)->20355K(20864K) NonClass: 17769K(18048K)->17769K(18048K) Class: 2585K(2816K)->2585K(2816K)
[2025-06-03T15:52:06.008+0530][53.854s] GC(427) Pause Young (Normal) (G1 Evacuation Pause) 315M->9M(512M) 1.058ms
[2025-06-03T15:52:06.008+0530][53.854s] GC(427) User=0.00s Sys=0.00s Real=0.00s
[2025-06-03T15:52:06.152+0530][53.997s] GC(428) Pause Young (Normal) (G1 Evacuation Pause)
[2025-06-03T15:52:06.152+0530][53.998s] GC(428) Using 8 workers of 8 for evacuation
[2025-06-03T15:52:06.153+0530][53.998s] GC(428) Skipped phase 1 of Reference Processing: no references
[2025-06-03T15:52:06.153+0530][53.998s] GC(428) Skipped phase 2 of Reference Processing: no references
[2025-06-03T15:52:06.153+0530][53.998s] GC(428) Skipped phase 3 of Reference Processing: no references
[2025-06-03T15:52:06.153+0530][53.998s] GC(428) Skipped phase 4 of Reference Processing: no references
[2025-06-03T15:52:06.153+0530][53.999s] GC(428)   Pre Evacuate Collection Set: 0.2ms
[2025-06-03T15:52:06.153+0530][53.999s] GC(428)   Merge Heap Roots: 0.1ms
[2025-06-03T15:52:06.153+0530][53.999s] GC(428)   Evacuate Collection Set: 0.3ms
[2025-06-03T15:52:06.153+0530][53.999s] GC(428)   Post Evacuate Collection Set: 0.6ms
[2025-06-03T15:52:06.153+0530][53.999s] GC(428)   Other: 0.3ms
[2025-06-03T15:52:06.153+0530][53.999s] GC(428) Eden regions: 306->0(306)
[2025-06-03T15:52:06.153+0530][53.999s] GC(428) Survivor regions: 1->1(39)
[2025-06-03T15:52:06.153+0530][53.999s] GC(428) Old regions: 9->9
[2025-06-03T15:52:06.153+0530][53.999s] GC(428) Archive regions: 2->2
[2025-06-03T15:52:06.153+0530][53.999s] GC(428) Humongous regions: 0->0
[2025-06-03T15:52:06.153+0530][53.999s] GC(428) Metaspace: 20357K(20864K)->20357K(20864K) NonClass: 17771K(18048K)->17771K(18048K) Class: 2585K(2816K)->2585K(2816K)
[2025-06-03T15:52:06.153+0530][53.999s] GC(428) Pause Young (Normal) (G1 Evacuation Pause) 315M->9M(512M) 1.790ms
[2025-06-03T15:52:06.154+0530][53.999s] GC(428) User=0.00s Sys=0.00s Real=0.00s
[2025-06-03T15:52:06.349+0530][54.195s] GC(429) Pause Young (Normal) (G1 Evacuation Pause)
[2025-06-03T15:52:06.350+0530][54.195s] GC(429) Using 8 workers of 8 for evacuation
[2025-06-03T15:52:06.350+0530][54.196s] GC(429) Skipped phase 1 of Reference Processing: no references
[2025-06-03T15:52:06.350+0530][54.196s] GC(429) Skipped phase 2 of Reference Processing: no references
[2025-06-03T15:52:06.350+0530][54.196s] GC(429) Skipped phase 3 of Reference Processing: no references
[2025-06-03T15:52:06.350+0530][54.196s] GC(429) Skipped phase 4 of Reference Processing: no references
[2025-06-03T15:52:06.351+0530][54.196s] GC(429)   Pre Evacuate Collection Set: 0.1ms
[2025-06-03T15:52:06.351+0530][54.196s] GC(429)   Merge Heap Roots: 0.1ms
[2025-06-03T15:52:06.351+0530][54.196s] GC(429)   Evacuate Collection Set: 0.2ms
[2025-06-03T15:52:06.351+0530][54.196s] GC(429)   Post Evacuate Collection Set: 0.6ms
[2025-06-03T15:52:06.351+0530][54.196s] GC(429)   Other: 0.2ms
[2025-06-03T15:52:06.351+0530][54.196s] GC(429) Eden regions: 306->0(306)
[2025-06-03T15:52:06.351+0530][54.196s] GC(429) Survivor regions: 1->1(39)
[2025-06-03T15:52:06.351+0530][54.196s] GC(429) Old regions: 9->9
[2025-06-03T15:52:06.351+0530][54.196s] GC(429) Archive regions: 2->2
[2025-06-03T15:52:06.351+0530][54.196s] GC(429) Humongous regions: 0->0
[2025-06-03T15:52:06.351+0530][54.196s] GC(429) Metaspace: 20357K(20864K)->20357K(20864K) NonClass: 17771K(18048K)->17771K(18048K) Class: 2585K(2816K)->2585K(2816K)
[2025-06-03T15:52:06.351+0530][54.197s] GC(429) Pause Young (Normal) (G1 Evacuation Pause) 315M->9M(512M) 1.379ms
[2025-06-03T15:52:06.351+0530][54.197s] GC(429) User=0.00s Sys=0.00s Real=0.01s
[2025-06-03T15:52:06.488+0530][54.334s] GC(430) Pause Young (Normal) (G1 Evacuation Pause)
[2025-06-03T15:52:06.488+0530][54.334s] GC(430) Using 8 workers of 8 for evacuation
[2025-06-03T15:52:06.489+0530][54.334s] GC(430) Skipped phase 1 of Reference Processing: no references
[2025-06-03T15:52:06.489+0530][54.335s] GC(430) Skipped phase 2 of Reference Processing: no references
[2025-06-03T15:52:06.489+0530][54.335s] GC(430) Skipped phase 3 of Reference Processing: no references
[2025-06-03T15:52:06.489+0530][54.335s] GC(430) Skipped phase 4 of Reference Processing: no references
[2025-06-03T15:52:06.489+0530][54.335s] GC(430)   Pre Evacuate Collection Set: 0.1ms
[2025-06-03T15:52:06.489+0530][54.335s] GC(430)   Merge Heap Roots: 0.1ms
[2025-06-03T15:52:06.489+0530][54.335s] GC(430)   Evacuate Collection Set: 0.2ms
[2025-06-03T15:52:06.489+0530][54.335s] GC(430)   Post Evacuate Collection Set: 0.4ms
[2025-06-03T15:52:06.489+0530][54.335s] GC(430)   Other: 0.2ms
[2025-06-03T15:52:06.489+0530][54.335s] GC(430) Eden regions: 306->0(306)
[2025-06-03T15:52:06.489+0530][54.335s] GC(430) Survivor regions: 1->1(39)
[2025-06-03T15:52:06.489+0530][54.335s] GC(430) Old regions: 9->9
[2025-06-03T15:52:06.489+0530][54.335s] GC(430) Archive regions: 2->2
[2025-06-03T15:52:06.489+0530][54.335s] GC(430) Humongous regions: 0->0
[2025-06-03T15:52:06.489+0530][54.335s] GC(430) Metaspace: 20357K(20864K)->20357K(20864K) NonClass: 17771K(18048K)->17771K(18048K) Class: 2585K(2816K)->2585K(2816K)
[2025-06-03T15:52:06.489+0530][54.335s] GC(430) Pause Young (Normal) (G1 Evacuation Pause) 315M->9M(512M) 1.132ms
[2025-06-03T15:52:06.489+0530][54.335s] GC(430) User=0.00s Sys=0.01s Real=0.00s
[2025-06-03T15:52:06.626+0530][54.472s] GC(431) Pause Young (Normal) (G1 Evacuation Pause)
[2025-06-03T15:52:06.626+0530][54.472s] GC(431) Using 8 workers of 8 for evacuation
[2025-06-03T15:52:06.626+0530][54.472s] GC(431) Skipped phase 1 of Reference Processing: no references
[2025-06-03T15:52:06.626+0530][54.472s] GC(431) Skipped phase 2 of Reference Processing: no references
[2025-06-03T15:52:06.627+0530][54.472s] GC(431) Skipped phase 3 of Reference Processing: no references
[2025-06-03T15:52:06.627+0530][54.472s] GC(431) Skipped phase 4 of Reference Processing: no references
[2025-06-03T15:52:06.627+0530][54.473s] GC(431)   Pre Evacuate Collection Set: 0.1ms
[2025-06-03T15:52:06.627+0530][54.473s] GC(431)   Merge Heap Roots: 0.1ms
[2025-06-03T15:52:06.627+0530][54.473s] GC(431)   Evacuate Collection Set: 0.2ms
[2025-06-03T15:52:06.627+0530][54.473s] GC(431)   Post Evacuate Collection Set: 0.4ms
[2025-06-03T15:52:06.627+0530][54.473s] GC(431)   Other: 0.1ms
[2025-06-03T15:52:06.627+0530][54.473s] GC(431) Eden regions: 306->0(306)
[2025-06-03T15:52:06.627+0530][54.473s] GC(431) Survivor regions: 1->1(39)
[2025-06-03T15:52:06.627+0530][54.473s] GC(431) Old regions: 9->9
[2025-06-03T15:52:06.627+0530][54.473s] GC(431) Archive regions: 2->2
[2025-06-03T15:52:06.627+0530][54.473s] GC(431) Humongous regions: 0->0
[2025-06-03T15:52:06.627+0530][54.473s] GC(431) Metaspace: 20357K(20864K)->20357K(20864K) NonClass: 17771K(18048K)->17771K(18048K) Class: 2585K(2816K)->2585K(2816K)
[2025-06-03T15:52:06.627+0530][54.473s] GC(431) Pause Young (Normal) (G1 Evacuation Pause) 315M->9M(512M) 1.064ms
[2025-06-03T15:52:06.627+0530][54.473s] GC(431) User=0.00s Sys=0.00s Real=0.00s
[2025-06-03T15:52:06.775+0530][54.621s] GC(432) Pause Young (Normal) (G1 Evacuation Pause)
[2025-06-03T15:52:06.775+0530][54.621s] GC(432) Using 8 workers of 8 for evacuation
[2025-06-03T15:52:06.776+0530][54.621s] GC(432) Skipped phase 1 of Reference Processing: no references
[2025-06-03T15:52:06.776+0530][54.621s] GC(432) Skipped phase 2 of Reference Processing: no references
[2025-06-03T15:52:06.776+0530][54.621s] GC(432) Skipped phase 3 of Reference Processing: no references
[2025-06-03T15:52:06.776+0530][54.621s] GC(432) Skipped phase 4 of Reference Processing: no references
[2025-06-03T15:52:06.776+0530][54.622s] GC(432)   Pre Evacuate Collection Set: 0.1ms
[2025-06-03T15:52:06.776+0530][54.622s] GC(432)   Merge Heap Roots: 0.1ms
[2025-06-03T15:52:06.776+0530][54.622s] GC(432)   Evacuate Collection Set: 0.2ms
[2025-06-03T15:52:06.776+0530][54.622s] GC(432)   Post Evacuate Collection Set: 0.5ms
[2025-06-03T15:52:06.776+0530][54.622s] GC(432)   Other: 0.2ms
[2025-06-03T15:52:06.776+0530][54.622s] GC(432) Eden regions: 306->0(306)
[2025-06-03T15:52:06.776+0530][54.622s] GC(432) Survivor regions: 1->1(39)
[2025-06-03T15:52:06.776+0530][54.622s] GC(432) Old regions: 9->9
[2025-06-03T15:52:06.776+0530][54.622s] GC(432) Archive regions: 2->2
[2025-06-03T15:52:06.776+0530][54.622s] GC(432) Humongous regions: 0->0
[2025-06-03T15:52:06.776+0530][54.622s] GC(432) Metaspace: 20357K(20864K)->20357K(20864K) NonClass: 17771K(18048K)->17771K(18048K) Class: 2585K(2816K)->2585K(2816K)
[2025-06-03T15:52:06.776+0530][54.622s] GC(432) Pause Young (Normal) (G1 Evacuation Pause) 315M->9M(512M) 1.410ms
[2025-06-03T15:52:06.776+0530][54.622s] GC(432) User=0.00s Sys=0.01s Real=0.00s
[2025-06-03T15:52:06.933+0530][54.779s] GC(433) Pause Young (Normal) (G1 Evacuation Pause)
[2025-06-03T15:52:06.933+0530][54.779s] GC(433) Using 8 workers of 8 for evacuation
[2025-06-03T15:52:06.933+0530][54.779s] GC(433) Skipped phase 1 of Reference Processing: no references
[2025-06-03T15:52:06.933+0530][54.779s] GC(433) Skipped phase 2 of Reference Processing: no references
[2025-06-03T15:52:06.933+0530][54.779s] GC(433) Skipped phase 3 of Reference Processing: no references
[2025-06-03T15:52:06.934+0530][54.779s] GC(433) Skipped phase 4 of Reference Processing: no references
[2025-06-03T15:52:06.934+0530][54.780s] GC(433)   Pre Evacuate Collection Set: 0.1ms
[2025-06-03T15:52:06.934+0530][54.780s] GC(433)   Merge Heap Roots: 0.1ms
[2025-06-03T15:52:06.934+0530][54.780s] GC(433)   Evacuate Collection Set: 0.2ms
[2025-06-03T15:52:06.934+0530][54.780s] GC(433)   Post Evacuate Collection Set: 0.4ms
[2025-06-03T15:52:06.934+0530][54.780s] GC(433)   Other: 0.1ms
[2025-06-03T15:52:06.934+0530][54.780s] GC(433) Eden regions: 306->0(306)
[2025-06-03T15:52:06.934+0530][54.780s] GC(433) Survivor regions: 1->1(39)
[2025-06-03T15:52:06.934+0530][54.780s] GC(433) Old regions: 9->9
[2025-06-03T15:52:06.934+0530][54.780s] GC(433) Archive regions: 2->2
[2025-06-03T15:52:06.934+0530][54.780s] GC(433) Humongous regions: 0->0
[2025-06-03T15:52:06.934+0530][54.780s] GC(433) Metaspace: 20357K(20864K)->20357K(20864K) NonClass: 17771K(18048K)->17771K(18048K) Class: 2585K(2816K)->2585K(2816K)
[2025-06-03T15:52:06.934+0530][54.780s] GC(433) Pause Young (Normal) (G1 Evacuation Pause) 315M->9M(512M) 1.038ms
[2025-06-03T15:52:06.934+0530][54.780s] GC(433) User=0.00s Sys=0.00s Real=0.00s
[2025-06-03T15:52:07.052+0530][54.897s] GC(434) Pause Young (Normal) (G1 Evacuation Pause)
[2025-06-03T15:52:07.052+0530][54.897s] GC(434) Using 8 workers of 8 for evacuation
[2025-06-03T15:52:07.052+0530][54.898s] GC(434) Skipped phase 1 of Reference Processing: no references
[2025-06-03T15:52:07.052+0530][54.898s] GC(434) Skipped phase 2 of Reference Processing: no references
[2025-06-03T15:52:07.052+0530][54.898s] GC(434) Skipped phase 3 of Reference Processing: no references
[2025-06-03T15:52:07.052+0530][54.898s] GC(434) Skipped phase 4 of Reference Processing: no references
[2025-06-03T15:52:07.053+0530][54.898s] GC(434)   Pre Evacuate Collection Set: 0.1ms
[2025-06-03T15:52:07.053+0530][54.898s] GC(434)   Merge Heap Roots: 0.1ms
[2025-06-03T15:52:07.053+0530][54.898s] GC(434)   Evacuate Collection Set: 0.3ms
[2025-06-03T15:52:07.053+0530][54.899s] GC(434)   Post Evacuate Collection Set: 0.4ms
[2025-06-03T15:52:07.053+0530][54.899s] GC(434)   Other: 0.2ms
[2025-06-03T15:52:07.053+0530][54.899s] GC(434) Eden regions: 306->0(306)
[2025-06-03T15:52:07.053+0530][54.899s] GC(434) Survivor regions: 1->1(39)
[2025-06-03T15:52:07.053+0530][54.899s] GC(434) Old regions: 9->9
[2025-06-03T15:52:07.053+0530][54.899s] GC(434) Archive regions: 2->2
[2025-06-03T15:52:07.053+0530][54.899s] GC(434) Humongous regions: 0->0
[2025-06-03T15:52:07.053+0530][54.899s] GC(434) Metaspace: 20357K(20864K)->20357K(20864K) NonClass: 17771K(18048K)->17771K(18048K) Class: 2585K(2816K)->2585K(2816K)
[2025-06-03T15:52:07.053+0530][54.899s] GC(434) Pause Young (Normal) (G1 Evacuation Pause) 315M->9M(512M) 1.240ms
[2025-06-03T15:52:07.053+0530][54.899s] GC(434) User=0.00s Sys=0.00s Real=0.00s
[2025-06-03T15:52:07.182+0530][55.028s] GC(435) Pause Young (Normal) (G1 Evacuation Pause)
[2025-06-03T15:52:07.182+0530][55.028s] GC(435) Using 8 workers of 8 for evacuation
[2025-06-03T15:52:07.182+0530][55.028s] GC(435) Skipped phase 1 of Reference Processing: no references
[2025-06-03T15:52:07.183+0530][55.028s] GC(435) Skipped phase 2 of Reference Processing: no references
[2025-06-03T15:52:07.183+0530][55.028s] GC(435) Skipped phase 3 of Reference Processing: no references
[2025-06-03T15:52:07.183+0530][55.028s] GC(435) Skipped phase 4 of Reference Processing: no references
[2025-06-03T15:52:07.183+0530][55.029s] GC(435)   Pre Evacuate Collection Set: 0.1ms
[2025-06-03T15:52:07.183+0530][55.029s] GC(435)   Merge Heap Roots: 0.1ms
[2025-06-03T15:52:07.183+0530][55.029s] GC(435)   Evacuate Collection Set: 0.2ms
[2025-06-03T15:52:07.183+0530][55.029s] GC(435)   Post Evacuate Collection Set: 0.5ms
[2025-06-03T15:52:07.183+0530][55.029s] GC(435)   Other: 0.2ms
[2025-06-03T15:52:07.183+0530][55.029s] GC(435) Eden regions: 306->0(306)
[2025-06-03T15:52:07.183+0530][55.029s] GC(435) Survivor regions: 1->1(39)
[2025-06-03T15:52:07.183+0530][55.029s] GC(435) Old regions: 9->9
[2025-06-03T15:52:07.183+0530][55.029s] GC(435) Archive regions: 2->2
[2025-06-03T15:52:07.183+0530][55.029s] GC(435) Humongous regions: 0->0
[2025-06-03T15:52:07.183+0530][55.029s] GC(435) Metaspace: 20362K(20864K)->20362K(20864K) NonClass: 17776K(18048K)->17776K(18048K) Class: 2585K(2816K)->2585K(2816K)
[2025-06-03T15:52:07.183+0530][55.029s] GC(435) Pause Young (Normal) (G1 Evacuation Pause) 315M->9M(512M) 1.145ms
[2025-06-03T15:52:07.183+0530][55.029s] GC(435) User=0.00s Sys=0.00s Real=0.00s
[2025-06-03T15:52:07.332+0530][55.178s] GC(436) Pause Young (Normal) (G1 Evacuation Pause)
[2025-06-03T15:52:07.332+0530][55.178s] GC(436) Using 8 workers of 8 for evacuation
[2025-06-03T15:52:07.333+0530][55.179s] GC(436) Skipped phase 1 of Reference Processing: no references
[2025-06-03T15:52:07.333+0530][55.179s] GC(436) Skipped phase 2 of Reference Processing: no references
[2025-06-03T15:52:07.333+0530][55.179s] GC(436) Skipped phase 3 of Reference Processing: no references
[2025-06-03T15:52:07.333+0530][55.179s] GC(436) Skipped phase 4 of Reference Processing: no references
[2025-06-03T15:52:07.333+0530][55.179s] GC(436)   Pre Evacuate Collection Set: 0.1ms
[2025-06-03T15:52:07.334+0530][55.179s] GC(436)   Merge Heap Roots: 0.1ms
[2025-06-03T15:52:07.334+0530][55.179s] GC(436)   Evacuate Collection Set: 0.3ms
[2025-06-03T15:52:07.334+0530][55.179s] GC(436)   Post Evacuate Collection Set: 0.5ms
[2025-06-03T15:52:07.334+0530][55.179s] GC(436)   Other: 0.2ms
[2025-06-03T15:52:07.334+0530][55.179s] GC(436) Eden regions: 306->0(306)
[2025-06-03T15:52:07.334+0530][55.179s] GC(436) Survivor regions: 1->1(39)
[2025-06-03T15:52:07.334+0530][55.179s] GC(436) Old regions: 9->9
[2025-06-03T15:52:07.334+0530][55.180s] GC(436) Archive regions: 2->2
[2025-06-03T15:52:07.334+0530][55.180s] GC(436) Humongous regions: 0->0
[2025-06-03T15:52:07.334+0530][55.180s] GC(436) Metaspace: 20362K(20864K)->20362K(20864K) NonClass: 17776K(18048K)->17776K(18048K) Class: 2585K(2816K)->2585K(2816K)
[2025-06-03T15:52:07.334+0530][55.180s] GC(436) Pause Young (Normal) (G1 Evacuation Pause) 315M->9M(512M) 1.505ms
[2025-06-03T15:52:07.334+0530][55.180s] GC(436) User=0.00s Sys=0.01s Real=0.00s
[2025-06-03T15:52:07.474+0530][55.319s] GC(437) Pause Young (Normal) (G1 Evacuation Pause)
[2025-06-03T15:52:07.474+0530][55.319s] GC(437) Using 8 workers of 8 for evacuation
[2025-06-03T15:52:07.474+0530][55.320s] GC(437) Skipped phase 1 of Reference Processing: no references
[2025-06-03T15:52:07.474+0530][55.320s] GC(437) Skipped phase 2 of Reference Processing: no references
[2025-06-03T15:52:07.474+0530][55.320s] GC(437) Skipped phase 3 of Reference Processing: no references
[2025-06-03T15:52:07.474+0530][55.320s] GC(437) Skipped phase 4 of Reference Processing: no references
[2025-06-03T15:52:07.475+0530][55.320s] GC(437)   Pre Evacuate Collection Set: 0.1ms
[2025-06-03T15:52:07.475+0530][55.320s] GC(437)   Merge Heap Roots: 0.1ms
[2025-06-03T15:52:07.475+0530][55.320s] GC(437)   Evacuate Collection Set: 0.2ms
[2025-06-03T15:52:07.475+0530][55.320s] GC(437)   Post Evacuate Collection Set: 0.4ms
[2025-06-03T15:52:07.475+0530][55.320s] GC(437)   Other: 0.2ms
[2025-06-03T15:52:07.475+0530][55.320s] GC(437) Eden regions: 306->0(306)
[2025-06-03T15:52:07.475+0530][55.320s] GC(437) Survivor regions: 1->1(39)
[2025-06-03T15:52:07.475+0530][55.320s] GC(437) Old regions: 9->9
[2025-06-03T15:52:07.475+0530][55.320s] GC(437) Archive regions: 2->2
[2025-06-03T15:52:07.475+0530][55.320s] GC(437) Humongous regions: 0->0
[2025-06-03T15:52:07.475+0530][55.321s] GC(437) Metaspace: 20362K(20864K)->20362K(20864K) NonClass: 17776K(18048K)->17776K(18048K) Class: 2585K(2816K)->2585K(2816K)
[2025-06-03T15:52:07.475+0530][55.321s] GC(437) Pause Young (Normal) (G1 Evacuation Pause) 315M->9M(512M) 1.144ms
[2025-06-03T15:52:07.475+0530][55.321s] GC(437) User=0.00s Sys=0.00s Real=0.00s
[2025-06-03T15:52:07.601+0530][55.447s] GC(438) Pause Young (Normal) (G1 Evacuation Pause)
[2025-06-03T15:52:07.601+0530][55.447s] GC(438) Using 8 workers of 8 for evacuation
[2025-06-03T15:52:07.602+0530][55.447s] GC(438) Skipped phase 1 of Reference Processing: no references
[2025-06-03T15:52:07.602+0530][55.447s] GC(438) Skipped phase 2 of Reference Processing: no references
[2025-06-03T15:52:07.602+0530][55.447s] GC(438) Skipped phase 3 of Reference Processing: no references
[2025-06-03T15:52:07.602+0530][55.447s] GC(438) Skipped phase 4 of Reference Processing: no references
[2025-06-03T15:52:07.602+0530][55.448s] GC(438)   Pre Evacuate Collection Set: 0.1ms
[2025-06-03T15:52:07.602+0530][55.448s] GC(438)   Merge Heap Roots: 0.1ms
[2025-06-03T15:52:07.602+0530][55.448s] GC(438)   Evacuate Collection Set: 0.2ms
[2025-06-03T15:52:07.602+0530][55.448s] GC(438)   Post Evacuate Collection Set: 0.4ms
[2025-06-03T15:52:07.602+0530][55.448s] GC(438)   Other: 0.2ms
[2025-06-03T15:52:07.602+0530][55.448s] GC(438) Eden regions: 306->0(306)
[2025-06-03T15:52:07.602+0530][55.448s] GC(438) Survivor regions: 1->1(39)
[2025-06-03T15:52:07.602+0530][55.448s] GC(438) Old regions: 9->9
[2025-06-03T15:52:07.602+0530][55.448s] GC(438) Archive regions: 2->2
[2025-06-03T15:52:07.602+0530][55.448s] GC(438) Humongous regions: 0->0
[2025-06-03T15:52:07.602+0530][55.448s] GC(438) Metaspace: 20362K(20864K)->20362K(20864K) NonClass: 17776K(18048K)->17776K(18048K) Class: 2585K(2816K)->2585K(2816K)
[2025-06-03T15:52:07.602+0530][55.448s] GC(438) Pause Young (Normal) (G1 Evacuation Pause) 315M->9M(512M) 1.060ms
[2025-06-03T15:52:07.602+0530][55.448s] GC(438) User=0.00s Sys=0.00s Real=0.00s
[2025-06-03T15:52:07.726+0530][55.572s] GC(439) Pause Young (Normal) (G1 Evacuation Pause)
[2025-06-03T15:52:07.726+0530][55.572s] GC(439) Using 8 workers of 8 for evacuation
[2025-06-03T15:52:07.726+0530][55.572s] GC(439) Skipped phase 1 of Reference Processing: no references
[2025-06-03T15:52:07.726+0530][55.572s] GC(439) Skipped phase 2 of Reference Processing: no references
[2025-06-03T15:52:07.726+0530][55.572s] GC(439) Skipped phase 3 of Reference Processing: no references
[2025-06-03T15:52:07.726+0530][55.572s] GC(439) Skipped phase 4 of Reference Processing: no references
[2025-06-03T15:52:07.727+0530][55.573s] GC(439)   Pre Evacuate Collection Set: 0.1ms
[2025-06-03T15:52:07.727+0530][55.573s] GC(439)   Merge Heap Roots: 0.1ms
[2025-06-03T15:52:07.727+0530][55.573s] GC(439)   Evacuate Collection Set: 0.2ms
[2025-06-03T15:52:07.727+0530][55.573s] GC(439)   Post Evacuate Collection Set: 0.4ms
[2025-06-03T15:52:07.727+0530][55.573s] GC(439)   Other: 0.2ms
[2025-06-03T15:52:07.727+0530][55.573s] GC(439) Eden regions: 306->0(306)
[2025-06-03T15:52:07.727+0530][55.573s] GC(439) Survivor regions: 1->1(39)
[2025-06-03T15:52:07.727+0530][55.573s] GC(439) Old regions: 9->9
[2025-06-03T15:52:07.727+0530][55.573s] GC(439) Archive regions: 2->2
[2025-06-03T15:52:07.727+0530][55.573s] GC(439) Humongous regions: 0->0
[2025-06-03T15:52:07.727+0530][55.573s] GC(439) Metaspace: 20362K(20864K)->20362K(20864K) NonClass: 17776K(18048K)->17776K(18048K) Class: 2585K(2816K)->2585K(2816K)
[2025-06-03T15:52:07.727+0530][55.573s] GC(439) Pause Young (Normal) (G1 Evacuation Pause) 315M->9M(512M) 1.095ms
[2025-06-03T15:52:07.727+0530][55.573s] GC(439) User=0.01s Sys=0.00s Real=0.00s
[2025-06-03T15:52:07.848+0530][55.694s] GC(440) Pause Young (Normal) (G1 Evacuation Pause)
[2025-06-03T15:52:07.848+0530][55.694s] GC(440) Using 8 workers of 8 for evacuation
[2025-06-03T15:52:07.849+0530][55.694s] GC(440) Skipped phase 1 of Reference Processing: no references
[2025-06-03T15:52:07.849+0530][55.694s] GC(440) Skipped phase 2 of Reference Processing: no references
[2025-06-03T15:52:07.849+0530][55.694s] GC(440) Skipped phase 3 of Reference Processing: no references
[2025-06-03T15:52:07.849+0530][55.694s] GC(440) Skipped phase 4 of Reference Processing: no references
[2025-06-03T15:52:07.849+0530][55.695s] GC(440)   Pre Evacuate Collection Set: 0.1ms
[2025-06-03T15:52:07.849+0530][55.695s] GC(440)   Merge Heap Roots: 0.1ms
[2025-06-03T15:52:07.849+0530][55.695s] GC(440)   Evacuate Collection Set: 0.2ms
[2025-06-03T15:52:07.849+0530][55.695s] GC(440)   Post Evacuate Collection Set: 0.4ms
[2025-06-03T15:52:07.849+0530][55.695s] GC(440)   Other: 0.2ms
[2025-06-03T15:52:07.849+0530][55.695s] GC(440) Eden regions: 306->0(306)
[2025-06-03T15:52:07.849+0530][55.695s] GC(440) Survivor regions: 1->1(39)
[2025-06-03T15:52:07.849+0530][55.695s] GC(440) Old regions: 9->9
[2025-06-03T15:52:07.849+0530][55.695s] GC(440) Archive regions: 2->2
[2025-06-03T15:52:07.849+0530][55.695s] GC(440) Humongous regions: 0->0
[2025-06-03T15:52:07.849+0530][55.695s] GC(440) Metaspace: 20362K(20864K)->20362K(20864K) NonClass: 17776K(18048K)->17776K(18048K) Class: 2585K(2816K)->2585K(2816K)
[2025-06-03T15:52:07.849+0530][55.695s] GC(440) Pause Young (Normal) (G1 Evacuation Pause) 315M->9M(512M) 1.142ms
[2025-06-03T15:52:07.849+0530][55.695s] GC(440) User=0.00s Sys=0.01s Real=0.00s
[2025-06-03T15:52:07.976+0530][55.821s] GC(441) Pause Young (Normal) (G1 Evacuation Pause)
[2025-06-03T15:52:07.976+0530][55.821s] GC(441) Using 8 workers of 8 for evacuation
[2025-06-03T15:52:07.976+0530][55.822s] GC(441) Skipped phase 1 of Reference Processing: no references
[2025-06-03T15:52:07.976+0530][55.822s] GC(441) Skipped phase 2 of Reference Processing: no references
[2025-06-03T15:52:07.976+0530][55.822s] GC(441) Skipped phase 3 of Reference Processing: no references
[2025-06-03T15:52:07.976+0530][55.822s] GC(441) Skipped phase 4 of Reference Processing: no references
[2025-06-03T15:52:07.976+0530][55.822s] GC(441)   Pre Evacuate Collection Set: 0.1ms
[2025-06-03T15:52:07.977+0530][55.822s] GC(441)   Merge Heap Roots: 0.1ms
[2025-06-03T15:52:07.977+0530][55.822s] GC(441)   Evacuate Collection Set: 0.2ms
[2025-06-03T15:52:07.977+0530][55.822s] GC(441)   Post Evacuate Collection Set: 0.4ms
[2025-06-03T15:52:07.977+0530][55.822s] GC(441)   Other: 0.1ms
[2025-06-03T15:52:07.977+0530][55.822s] GC(441) Eden regions: 306->0(306)
[2025-06-03T15:52:07.977+0530][55.822s] GC(441) Survivor regions: 1->1(39)
[2025-06-03T15:52:07.977+0530][55.822s] GC(441) Old regions: 9->9
[2025-06-03T15:52:07.977+0530][55.822s] GC(441) Archive regions: 2->2
[2025-06-03T15:52:07.977+0530][55.822s] GC(441) Humongous regions: 0->0
[2025-06-03T15:52:07.977+0530][55.822s] GC(441) Metaspace: 20362K(20864K)->20362K(20864K) NonClass: 17776K(18048K)->17776K(18048K) Class: 2585K(2816K)->2585K(2816K)
[2025-06-03T15:52:07.977+0530][55.822s] GC(441) Pause Young (Normal) (G1 Evacuation Pause) 315M->9M(512M) 0.973ms
[2025-06-03T15:52:07.977+0530][55.822s] GC(441) User=0.00s Sys=0.00s Real=0.00s
[2025-06-03T15:52:08.099+0530][55.945s] GC(442) Pause Young (Normal) (G1 Evacuation Pause)
[2025-06-03T15:52:08.099+0530][55.945s] GC(442) Using 8 workers of 8 for evacuation
[2025-06-03T15:52:08.099+0530][55.945s] GC(442) Skipped phase 1 of Reference Processing: no references
[2025-06-03T15:52:08.099+0530][55.945s] GC(442) Skipped phase 2 of Reference Processing: no references
[2025-06-03T15:52:08.099+0530][55.945s] GC(442) Skipped phase 3 of Reference Processing: no references
[2025-06-03T15:52:08.099+0530][55.945s] GC(442) Skipped phase 4 of Reference Processing: no references
[2025-06-03T15:52:08.100+0530][55.945s] GC(442)   Pre Evacuate Collection Set: 0.1ms
[2025-06-03T15:52:08.100+0530][55.945s] GC(442)   Merge Heap Roots: 0.1ms
[2025-06-03T15:52:08.100+0530][55.945s] GC(442)   Evacuate Collection Set: 0.2ms
[2025-06-03T15:52:08.100+0530][55.945s] GC(442)   Post Evacuate Collection Set: 0.3ms
[2025-06-03T15:52:08.100+0530][55.945s] GC(442)   Other: 0.1ms
[2025-06-03T15:52:08.100+0530][55.945s] GC(442) Eden regions: 306->0(306)
[2025-06-03T15:52:08.100+0530][55.945s] GC(442) Survivor regions: 1->1(39)
[2025-06-03T15:52:08.100+0530][55.945s] GC(442) Old regions: 9->9
[2025-06-03T15:52:08.100+0530][55.945s] GC(442) Archive regions: 2->2
[2025-06-03T15:52:08.100+0530][55.945s] GC(442) Humongous regions: 0->0
[2025-06-03T15:52:08.100+0530][55.945s] GC(442) Metaspace: 20362K(20864K)->20362K(20864K) NonClass: 17776K(18048K)->17776K(18048K) Class: 2585K(2816K)->2585K(2816K)
[2025-06-03T15:52:08.100+0530][55.946s] GC(442) Pause Young (Normal) (G1 Evacuation Pause) 315M->9M(512M) 0.941ms
[2025-06-03T15:52:08.100+0530][55.946s] GC(442) User=0.01s Sys=0.00s Real=0.01s
[2025-06-03T15:52:08.243+0530][56.089s] GC(443) Pause Young (Normal) (G1 Evacuation Pause)
[2025-06-03T15:52:08.243+0530][56.089s] GC(443) Using 8 workers of 8 for evacuation
[2025-06-03T15:52:08.243+0530][56.089s] GC(443) Skipped phase 1 of Reference Processing: no references
[2025-06-03T15:52:08.243+0530][56.089s] GC(443) Skipped phase 2 of Reference Processing: no references
[2025-06-03T15:52:08.244+0530][56.089s] GC(443) Skipped phase 3 of Reference Processing: no references
[2025-06-03T15:52:08.244+0530][56.089s] GC(443) Skipped phase 4 of Reference Processing: no references
[2025-06-03T15:52:08.244+0530][56.090s] GC(443)   Pre Evacuate Collection Set: 0.1ms
[2025-06-03T15:52:08.244+0530][56.090s] GC(443)   Merge Heap Roots: 0.1ms
[2025-06-03T15:52:08.244+0530][56.090s] GC(443)   Evacuate Collection Set: 0.3ms
[2025-06-03T15:52:08.244+0530][56.090s] GC(443)   Post Evacuate Collection Set: 0.5ms
[2025-06-03T15:52:08.244+0530][56.090s] GC(443)   Other: 0.2ms
[2025-06-03T15:52:08.244+0530][56.090s] GC(443) Eden regions: 306->0(306)
[2025-06-03T15:52:08.244+0530][56.090s] GC(443) Survivor regions: 1->1(39)
[2025-06-03T15:52:08.244+0530][56.090s] GC(443) Old regions: 9->9
[2025-06-03T15:52:08.244+0530][56.090s] GC(443) Archive regions: 2->2
[2025-06-03T15:52:08.244+0530][56.090s] GC(443) Humongous regions: 0->0
[2025-06-03T15:52:08.244+0530][56.090s] GC(443) Metaspace: 20365K(20864K)->20365K(20864K) NonClass: 17780K(18048K)->17780K(18048K) Class: 2585K(2816K)->2585K(2816K)
[2025-06-03T15:52:08.244+0530][56.090s] GC(443) Pause Young (Normal) (G1 Evacuation Pause) 315M->9M(512M) 1.259ms
[2025-06-03T15:52:08.244+0530][56.090s] GC(443) User=0.00s Sys=0.00s Real=0.00s
[2025-06-03T15:52:08.395+0530][56.241s] GC(444) Pause Young (Normal) (G1 Evacuation Pause)
[2025-06-03T15:52:08.395+0530][56.241s] GC(444) Using 8 workers of 8 for evacuation
[2025-06-03T15:52:08.395+0530][56.241s] GC(444) Skipped phase 1 of Reference Processing: no references
[2025-06-03T15:52:08.395+0530][56.241s] GC(444) Skipped phase 2 of Reference Processing: no references
[2025-06-03T15:52:08.395+0530][56.241s] GC(444) Skipped phase 3 of Reference Processing: no references
[2025-06-03T15:52:08.395+0530][56.241s] GC(444) Skipped phase 4 of Reference Processing: no references
[2025-06-03T15:52:08.396+0530][56.241s] GC(444)   Pre Evacuate Collection Set: 0.1ms
[2025-06-03T15:52:08.396+0530][56.241s] GC(444)   Merge Heap Roots: 0.1ms
[2025-06-03T15:52:08.396+0530][56.241s] GC(444)   Evacuate Collection Set: 0.3ms
[2025-06-03T15:52:08.396+0530][56.241s] GC(444)   Post Evacuate Collection Set: 0.4ms
[2025-06-03T15:52:08.396+0530][56.242s] GC(444)   Other: 0.1ms
[2025-06-03T15:52:08.396+0530][56.242s] GC(444) Eden regions: 306->0(306)
[2025-06-03T15:52:08.396+0530][56.242s] GC(444) Survivor regions: 1->1(39)
[2025-06-03T15:52:08.396+0530][56.242s] GC(444) Old regions: 9->9
[2025-06-03T15:52:08.396+0530][56.242s] GC(444) Archive regions: 2->2
[2025-06-03T15:52:08.396+0530][56.242s] GC(444) Humongous regions: 0->0
[2025-06-03T15:52:08.396+0530][56.242s] GC(444) Metaspace: 20365K(20864K)->20365K(20864K) NonClass: 17780K(18048K)->17780K(18048K) Class: 2585K(2816K)->2585K(2816K)
[2025-06-03T15:52:08.396+0530][56.242s] GC(444) Pause Young (Normal) (G1 Evacuation Pause) 315M->9M(512M) 1.120ms
[2025-06-03T15:52:08.396+0530][56.242s] GC(444) User=0.00s Sys=0.00s Real=0.00s
[2025-06-03T15:52:08.528+0530][56.374s] GC(445) Pause Young (Normal) (G1 Evacuation Pause)
[2025-06-03T15:52:08.528+0530][56.374s] GC(445) Using 8 workers of 8 for evacuation
[2025-06-03T15:52:08.529+0530][56.374s] GC(445) Skipped phase 1 of Reference Processing: no references
[2025-06-03T15:52:08.529+0530][56.374s] GC(445) Skipped phase 2 of Reference Processing: no references
[2025-06-03T15:52:08.529+0530][56.374s] GC(445) Skipped phase 3 of Reference Processing: no references
[2025-06-03T15:52:08.529+0530][56.374s] GC(445) Skipped phase 4 of Reference Processing: no references
[2025-06-03T15:52:08.529+0530][56.375s] GC(445)   Pre Evacuate Collection Set: 0.1ms
[2025-06-03T15:52:08.529+0530][56.375s] GC(445)   Merge Heap Roots: 0.1ms
[2025-06-03T15:52:08.529+0530][56.375s] GC(445)   Evacuate Collection Set: 0.2ms
[2025-06-03T15:52:08.529+0530][56.375s] GC(445)   Post Evacuate Collection Set: 0.4ms
[2025-06-03T15:52:08.529+0530][56.375s] GC(445)   Other: 0.1ms
[2025-06-03T15:52:08.529+0530][56.375s] GC(445) Eden regions: 306->0(306)
[2025-06-03T15:52:08.529+0530][56.375s] GC(445) Survivor regions: 1->1(39)
[2025-06-03T15:52:08.529+0530][56.375s] GC(445) Old regions: 9->9
[2025-06-03T15:52:08.529+0530][56.375s] GC(445) Archive regions: 2->2
[2025-06-03T15:52:08.529+0530][56.375s] GC(445) Humongous regions: 0->0
[2025-06-03T15:52:08.529+0530][56.375s] GC(445) Metaspace: 20365K(20864K)->20365K(20864K) NonClass: 17780K(18048K)->17780K(18048K) Class: 2585K(2816K)->2585K(2816K)
[2025-06-03T15:52:08.529+0530][56.375s] GC(445) Pause Young (Normal) (G1 Evacuation Pause) 315M->9M(512M) 1.079ms
[2025-06-03T15:52:08.529+0530][56.375s] GC(445) User=0.00s Sys=0.00s Real=0.00s
[2025-06-03T15:52:08.644+0530][56.490s] GC(446) Pause Young (Normal) (G1 Evacuation Pause)
[2025-06-03T15:52:08.644+0530][56.490s] GC(446) Using 8 workers of 8 for evacuation
[2025-06-03T15:52:08.645+0530][56.490s] GC(446) Skipped phase 1 of Reference Processing: no references
[2025-06-03T15:52:08.645+0530][56.490s] GC(446) Skipped phase 2 of Reference Processing: no references
[2025-06-03T15:52:08.645+0530][56.490s] GC(446) Skipped phase 3 of Reference Processing: no references
[2025-06-03T15:52:08.645+0530][56.490s] GC(446) Skipped phase 4 of Reference Processing: no references
[2025-06-03T15:52:08.645+0530][56.491s] GC(446)   Pre Evacuate Collection Set: 0.1ms
[2025-06-03T15:52:08.645+0530][56.491s] GC(446)   Merge Heap Roots: 0.1ms
[2025-06-03T15:52:08.645+0530][56.491s] GC(446)   Evacuate Collection Set: 0.2ms
[2025-06-03T15:52:08.645+0530][56.491s] GC(446)   Post Evacuate Collection Set: 0.4ms
[2025-06-03T15:52:08.645+0530][56.491s] GC(446)   Other: 0.1ms
[2025-06-03T15:52:08.645+0530][56.491s] GC(446) Eden regions: 306->0(306)
[2025-06-03T15:52:08.645+0530][56.491s] GC(446) Survivor regions: 1->1(39)
[2025-06-03T15:52:08.645+0530][56.491s] GC(446) Old regions: 9->9
[2025-06-03T15:52:08.645+0530][56.491s] GC(446) Archive regions: 2->2
[2025-06-03T15:52:08.645+0530][56.491s] GC(446) Humongous regions: 0->0
[2025-06-03T15:52:08.645+0530][56.491s] GC(446) Metaspace: 20365K(20864K)->20365K(20864K) NonClass: 17780K(18048K)->17780K(18048K) Class: 2585K(2816K)->2585K(2816K)
[2025-06-03T15:52:08.645+0530][56.491s] GC(446) Pause Young (Normal) (G1 Evacuation Pause) 315M->9M(512M) 0.986ms
[2025-06-03T15:52:08.645+0530][56.491s] GC(446) User=0.00s Sys=0.00s Real=0.00s
[2025-06-03T15:52:08.763+0530][56.608s] GC(447) Pause Young (Normal) (G1 Evacuation Pause)
[2025-06-03T15:52:08.763+0530][56.608s] GC(447) Using 8 workers of 8 for evacuation
[2025-06-03T15:52:08.763+0530][56.609s] GC(447) Skipped phase 1 of Reference Processing: no references
[2025-06-03T15:52:08.763+0530][56.609s] GC(447) Skipped phase 2 of Reference Processing: no references
[2025-06-03T15:52:08.763+0530][56.609s] GC(447) Skipped phase 3 of Reference Processing: no references
[2025-06-03T15:52:08.763+0530][56.609s] GC(447) Skipped phase 4 of Reference Processing: no references
[2025-06-03T15:52:08.763+0530][56.609s] GC(447)   Pre Evacuate Collection Set: 0.1ms
[2025-06-03T15:52:08.763+0530][56.609s] GC(447)   Merge Heap Roots: 0.1ms
[2025-06-03T15:52:08.763+0530][56.609s] GC(447)   Evacuate Collection Set: 0.2ms
[2025-06-03T15:52:08.764+0530][56.609s] GC(447)   Post Evacuate Collection Set: 0.5ms
[2025-06-03T15:52:08.764+0530][56.609s] GC(447)   Other: 0.2ms
[2025-06-03T15:52:08.764+0530][56.609s] GC(447) Eden regions: 306->0(306)
[2025-06-03T15:52:08.764+0530][56.609s] GC(447) Survivor regions: 1->1(39)
[2025-06-03T15:52:08.764+0530][56.609s] GC(447) Old regions: 9->9
[2025-06-03T15:52:08.764+0530][56.609s] GC(447) Archive regions: 2->2
[2025-06-03T15:52:08.764+0530][56.609s] GC(447) Humongous regions: 0->0
[2025-06-03T15:52:08.764+0530][56.609s] GC(447) Metaspace: 20365K(20864K)->20365K(20864K) NonClass: 17780K(18048K)->17780K(18048K) Class: 2585K(2816K)->2585K(2816K)
[2025-06-03T15:52:08.764+0530][56.609s] GC(447) Pause Young (Normal) (G1 Evacuation Pause) 315M->9M(512M) 1.098ms
[2025-06-03T15:52:08.764+0530][56.609s] GC(447) User=0.00s Sys=0.00s Real=0.00s
[2025-06-03T15:52:08.894+0530][56.740s] GC(448) Pause Young (Normal) (G1 Evacuation Pause)
[2025-06-03T15:52:08.894+0530][56.740s] GC(448) Using 8 workers of 8 for evacuation
[2025-06-03T15:52:08.894+0530][56.740s] GC(448) Skipped phase 1 of Reference Processing: no references
[2025-06-03T15:52:08.894+0530][56.740s] GC(448) Skipped phase 2 of Reference Processing: no references
[2025-06-03T15:52:08.894+0530][56.740s] GC(448) Skipped phase 3 of Reference Processing: no references
[2025-06-03T15:52:08.894+0530][56.740s] GC(448) Skipped phase 4 of Reference Processing: no references
[2025-06-03T15:52:08.895+0530][56.741s] GC(448)   Pre Evacuate Collection Set: 0.1ms
[2025-06-03T15:52:08.895+0530][56.741s] GC(448)   Merge Heap Roots: 0.1ms
[2025-06-03T15:52:08.895+0530][56.741s] GC(448)   Evacuate Collection Set: 0.2ms
[2025-06-03T15:52:08.895+0530][56.741s] GC(448)   Post Evacuate Collection Set: 0.4ms
[2025-06-03T15:52:08.895+0530][56.741s] GC(448)   Other: 0.1ms
[2025-06-03T15:52:08.895+0530][56.741s] GC(448) Eden regions: 306->0(306)
[2025-06-03T15:52:08.895+0530][56.741s] GC(448) Survivor regions: 1->1(39)
[2025-06-03T15:52:08.895+0530][56.741s] GC(448) Old regions: 9->9
[2025-06-03T15:52:08.895+0530][56.741s] GC(448) Archive regions: 2->2
[2025-06-03T15:52:08.895+0530][56.741s] GC(448) Humongous regions: 0->0
[2025-06-03T15:52:08.895+0530][56.741s] GC(448) Metaspace: 20365K(20864K)->20365K(20864K) NonClass: 17780K(18048K)->17780K(18048K) Class: 2585K(2816K)->2585K(2816K)
[2025-06-03T15:52:08.895+0530][56.741s] GC(448) Pause Young (Normal) (G1 Evacuation Pause) 315M->9M(512M) 1.002ms
[2025-06-03T15:52:08.895+0530][56.741s] GC(448) User=0.01s Sys=0.00s Real=0.00s
[2025-06-03T15:52:09.019+0530][56.865s] GC(449) Pause Young (Normal) (G1 Evacuation Pause)
[2025-06-03T15:52:09.019+0530][56.865s] GC(449) Using 8 workers of 8 for evacuation
[2025-06-03T15:52:09.019+0530][56.865s] GC(449) Skipped phase 1 of Reference Processing: no references
[2025-06-03T15:52:09.019+0530][56.865s] GC(449) Skipped phase 2 of Reference Processing: no references
[2025-06-03T15:52:09.019+0530][56.865s] GC(449) Skipped phase 3 of Reference Processing: no references
[2025-06-03T15:52:09.019+0530][56.865s] GC(449) Skipped phase 4 of Reference Processing: no references
[2025-06-03T15:52:09.020+0530][56.866s] GC(449)   Pre Evacuate Collection Set: 0.1ms
[2025-06-03T15:52:09.020+0530][56.866s] GC(449)   Merge Heap Roots: 0.1ms
[2025-06-03T15:52:09.020+0530][56.866s] GC(449)   Evacuate Collection Set: 0.2ms
[2025-06-03T15:52:09.020+0530][56.866s] GC(449)   Post Evacuate Collection Set: 0.4ms
[2025-06-03T15:52:09.020+0530][56.866s] GC(449)   Other: 0.2ms
[2025-06-03T15:52:09.020+0530][56.866s] GC(449) Eden regions: 306->0(306)
[2025-06-03T15:52:09.020+0530][56.866s] GC(449) Survivor regions: 1->1(39)
[2025-06-03T15:52:09.020+0530][56.866s] GC(449) Old regions: 9->9
[2025-06-03T15:52:09.020+0530][56.866s] GC(449) Archive regions: 2->2
[2025-06-03T15:52:09.020+0530][56.866s] GC(449) Humongous regions: 0->0
[2025-06-03T15:52:09.020+0530][56.866s] GC(449) Metaspace: 20365K(20864K)->20365K(20864K) NonClass: 17780K(18048K)->17780K(18048K) Class: 2585K(2816K)->2585K(2816K)
[2025-06-03T15:52:09.020+0530][56.866s] GC(449) Pause Young (Normal) (G1 Evacuation Pause) 315M->9M(512M) 1.215ms
[2025-06-03T15:52:09.020+0530][56.866s] GC(449) User=0.00s Sys=0.00s Real=0.01s
[2025-06-03T15:52:09.149+0530][56.995s] GC(450) Pause Young (Normal) (G1 Evacuation Pause)
[2025-06-03T15:52:09.149+0530][56.995s] GC(450) Using 8 workers of 8 for evacuation
[2025-06-03T15:52:09.150+0530][56.995s] GC(450) Skipped phase 1 of Reference Processing: no references
[2025-06-03T15:52:09.150+0530][56.995s] GC(450) Skipped phase 2 of Reference Processing: no references
[2025-06-03T15:52:09.150+0530][56.995s] GC(450) Skipped phase 3 of Reference Processing: no references
[2025-06-03T15:52:09.150+0530][56.995s] GC(450) Skipped phase 4 of Reference Processing: no references
[2025-06-03T15:52:09.150+0530][56.996s] GC(450)   Pre Evacuate Collection Set: 0.1ms
[2025-06-03T15:52:09.150+0530][56.996s] GC(450)   Merge Heap Roots: 0.1ms
[2025-06-03T15:52:09.150+0530][56.996s] GC(450)   Evacuate Collection Set: 0.2ms
[2025-06-03T15:52:09.150+0530][56.996s] GC(450)   Post Evacuate Collection Set: 0.5ms
[2025-06-03T15:52:09.150+0530][56.996s] GC(450)   Other: 0.2ms
[2025-06-03T15:52:09.150+0530][56.996s] GC(450) Eden regions: 306->0(306)
[2025-06-03T15:52:09.150+0530][56.996s] GC(450) Survivor regions: 1->1(39)
[2025-06-03T15:52:09.150+0530][56.996s] GC(450) Old regions: 9->9
[2025-06-03T15:52:09.150+0530][56.996s] GC(450) Archive regions: 2->2
[2025-06-03T15:52:09.150+0530][56.996s] GC(450) Humongous regions: 0->0
[2025-06-03T15:52:09.150+0530][56.996s] GC(450) Metaspace: 20370K(20864K)->20370K(20864K) NonClass: 17784K(18048K)->17784K(18048K) Class: 2585K(2816K)->2585K(2816K)
[2025-06-03T15:52:09.150+0530][56.996s] GC(450) Pause Young (Normal) (G1 Evacuation Pause) 315M->9M(512M) 1.325ms
[2025-06-03T15:52:09.150+0530][56.996s] GC(450) User=0.00s Sys=0.00s Real=0.01s
[2025-06-03T15:52:09.279+0530][57.124s] GC(451) Pause Young (Normal) (G1 Evacuation Pause)
[2025-06-03T15:52:09.279+0530][57.124s] GC(451) Using 8 workers of 8 for evacuation
[2025-06-03T15:52:09.279+0530][57.125s] GC(451) Skipped phase 1 of Reference Processing: no references
[2025-06-03T15:52:09.279+0530][57.125s] GC(451) Skipped phase 2 of Reference Processing: no references
[2025-06-03T15:52:09.279+0530][57.125s] GC(451) Skipped phase 3 of Reference Processing: no references
[2025-06-03T15:52:09.279+0530][57.125s] GC(451) Skipped phase 4 of Reference Processing: no references
[2025-06-03T15:52:09.280+0530][57.125s] GC(451)   Pre Evacuate Collection Set: 0.1ms
[2025-06-03T15:52:09.280+0530][57.125s] GC(451)   Merge Heap Roots: 0.1ms
[2025-06-03T15:52:09.280+0530][57.125s] GC(451)   Evacuate Collection Set: 0.2ms
[2025-06-03T15:52:09.280+0530][57.125s] GC(451)   Post Evacuate Collection Set: 0.4ms
[2025-06-03T15:52:09.280+0530][57.125s] GC(451)   Other: 0.2ms
[2025-06-03T15:52:09.280+0530][57.125s] GC(451) Eden regions: 306->0(306)
[2025-06-03T15:52:09.280+0530][57.125s] GC(451) Survivor regions: 1->1(39)
[2025-06-03T15:52:09.280+0530][57.125s] GC(451) Old regions: 9->9
[2025-06-03T15:52:09.280+0530][57.125s] GC(451) Archive regions: 2->2
[2025-06-03T15:52:09.280+0530][57.125s] GC(451) Humongous regions: 0->0
[2025-06-03T15:52:09.280+0530][57.125s] GC(451) Metaspace: 20370K(20864K)->20370K(20864K) NonClass: 17784K(18048K)->17784K(18048K) Class: 2585K(2816K)->2585K(2816K)
[2025-06-03T15:52:09.280+0530][57.125s] GC(451) Pause Young (Normal) (G1 Evacuation Pause) 315M->9M(512M) 1.097ms
[2025-06-03T15:52:09.280+0530][57.125s] GC(451) User=0.00s Sys=0.00s Real=0.01s
[2025-06-03T15:52:09.401+0530][57.246s] GC(452) Pause Young (Normal) (G1 Evacuation Pause)
[2025-06-03T15:52:09.401+0530][57.247s] GC(452) Using 8 workers of 8 for evacuation
[2025-06-03T15:52:09.401+0530][57.247s] GC(452) Skipped phase 1 of Reference Processing: no references
[2025-06-03T15:52:09.401+0530][57.247s] GC(452) Skipped phase 2 of Reference Processing: no references
[2025-06-03T15:52:09.401+0530][57.247s] GC(452) Skipped phase 3 of Reference Processing: no references
[2025-06-03T15:52:09.401+0530][57.247s] GC(452) Skipped phase 4 of Reference Processing: no references
[2025-06-03T15:52:09.402+0530][57.247s] GC(452)   Pre Evacuate Collection Set: 0.1ms
[2025-06-03T15:52:09.402+0530][57.247s] GC(452)   Merge Heap Roots: 0.1ms
[2025-06-03T15:52:09.402+0530][57.247s] GC(452)   Evacuate Collection Set: 0.2ms
[2025-06-03T15:52:09.402+0530][57.247s] GC(452)   Post Evacuate Collection Set: 0.5ms
[2025-06-03T15:52:09.402+0530][57.248s] GC(452)   Other: 0.2ms
[2025-06-03T15:52:09.402+0530][57.248s] GC(452) Eden regions: 306->0(306)
[2025-06-03T15:52:09.402+0530][57.248s] GC(452) Survivor regions: 1->1(39)
[2025-06-03T15:52:09.402+0530][57.248s] GC(452) Old regions: 9->9
[2025-06-03T15:52:09.402+0530][57.248s] GC(452) Archive regions: 2->2
[2025-06-03T15:52:09.402+0530][57.248s] GC(452) Humongous regions: 0->0
[2025-06-03T15:52:09.402+0530][57.248s] GC(452) Metaspace: 20370K(20864K)->20370K(20864K) NonClass: 17784K(18048K)->17784K(18048K) Class: 2585K(2816K)->2585K(2816K)
[2025-06-03T15:52:09.402+0530][57.248s] GC(452) Pause Young (Normal) (G1 Evacuation Pause) 315M->9M(512M) 1.155ms
[2025-06-03T15:52:09.402+0530][57.248s] GC(452) User=0.00s Sys=0.00s Real=0.00s
[2025-06-03T15:52:09.517+0530][57.363s] GC(453) Pause Young (Normal) (G1 Evacuation Pause)
[2025-06-03T15:52:09.517+0530][57.363s] GC(453) Using 8 workers of 8 for evacuation
[2025-06-03T15:52:09.517+0530][57.363s] GC(453) Skipped phase 1 of Reference Processing: no references
[2025-06-03T15:52:09.518+0530][57.363s] GC(453) Skipped phase 2 of Reference Processing: no references
[2025-06-03T15:52:09.518+0530][57.363s] GC(453) Skipped phase 3 of Reference Processing: no references
[2025-06-03T15:52:09.518+0530][57.363s] GC(453) Skipped phase 4 of Reference Processing: no references
[2025-06-03T15:52:09.518+0530][57.364s] GC(453)   Pre Evacuate Collection Set: 0.1ms
[2025-06-03T15:52:09.518+0530][57.364s] GC(453)   Merge Heap Roots: 0.1ms
[2025-06-03T15:52:09.518+0530][57.364s] GC(453)   Evacuate Collection Set: 0.2ms
[2025-06-03T15:52:09.518+0530][57.364s] GC(453)   Post Evacuate Collection Set: 0.4ms
[2025-06-03T15:52:09.518+0530][57.364s] GC(453)   Other: 0.1ms
[2025-06-03T15:52:09.518+0530][57.364s] GC(453) Eden regions: 306->0(306)
[2025-06-03T15:52:09.518+0530][57.364s] GC(453) Survivor regions: 1->1(39)
[2025-06-03T15:52:09.518+0530][57.364s] GC(453) Old regions: 9->9
[2025-06-03T15:52:09.518+0530][57.364s] GC(453) Archive regions: 2->2
[2025-06-03T15:52:09.518+0530][57.364s] GC(453) Humongous regions: 0->0
[2025-06-03T15:52:09.518+0530][57.364s] GC(453) Metaspace: 20370K(20864K)->20370K(20864K) NonClass: 17784K(18048K)->17784K(18048K) Class: 2585K(2816K)->2585K(2816K)
[2025-06-03T15:52:09.518+0530][57.364s] GC(453) Pause Young (Normal) (G1 Evacuation Pause) 315M->9M(512M) 0.992ms
[2025-06-03T15:52:09.518+0530][57.364s] GC(453) User=0.00s Sys=0.00s Real=0.00s
[2025-06-03T15:52:09.633+0530][57.479s] GC(454) Pause Young (Normal) (G1 Evacuation Pause)
[2025-06-03T15:52:09.633+0530][57.479s] GC(454) Using 8 workers of 8 for evacuation
[2025-06-03T15:52:09.634+0530][57.479s] GC(454) Skipped phase 1 of Reference Processing: no references
[2025-06-03T15:52:09.634+0530][57.479s] GC(454) Skipped phase 2 of Reference Processing: no references
[2025-06-03T15:52:09.634+0530][57.479s] GC(454) Skipped phase 3 of Reference Processing: no references
[2025-06-03T15:52:09.634+0530][57.479s] GC(454) Skipped phase 4 of Reference Processing: no references
[2025-06-03T15:52:09.634+0530][57.480s] GC(454)   Pre Evacuate Collection Set: 0.1ms
[2025-06-03T15:52:09.634+0530][57.480s] GC(454)   Merge Heap Roots: 0.1ms
[2025-06-03T15:52:09.634+0530][57.480s] GC(454)   Evacuate Collection Set: 0.3ms
[2025-06-03T15:52:09.634+0530][57.480s] GC(454)   Post Evacuate Collection Set: 0.4ms
[2025-06-03T15:52:09.634+0530][57.480s] GC(454)   Other: 0.2ms
[2025-06-03T15:52:09.634+0530][57.480s] GC(454) Eden regions: 306->0(306)
[2025-06-03T15:52:09.634+0530][57.480s] GC(454) Survivor regions: 1->1(39)
[2025-06-03T15:52:09.634+0530][57.480s] GC(454) Old regions: 9->9
[2025-06-03T15:52:09.634+0530][57.480s] GC(454) Archive regions: 2->2
[2025-06-03T15:52:09.634+0530][57.480s] GC(454) Humongous regions: 0->0
[2025-06-03T15:52:09.634+0530][57.480s] GC(454) Metaspace: 20370K(20864K)->20370K(20864K) NonClass: 17784K(18048K)->17784K(18048K) Class: 2585K(2816K)->2585K(2816K)
[2025-06-03T15:52:09.634+0530][57.480s] GC(454) Pause Young (Normal) (G1 Evacuation Pause) 315M->9M(512M) 1.245ms
[2025-06-03T15:52:09.634+0530][57.480s] GC(454) User=0.00s Sys=0.00s Real=0.00s
[2025-06-03T15:52:09.748+0530][57.594s] GC(455) Pause Young (Normal) (G1 Evacuation Pause)
[2025-06-03T15:52:09.748+0530][57.594s] GC(455) Using 8 workers of 8 for evacuation
[2025-06-03T15:52:09.749+0530][57.595s] GC(455) Skipped phase 1 of Reference Processing: no references
[2025-06-03T15:52:09.749+0530][57.595s] GC(455) Skipped phase 2 of Reference Processing: no references
[2025-06-03T15:52:09.749+0530][57.595s] GC(455) Skipped phase 3 of Reference Processing: no references
[2025-06-03T15:52:09.749+0530][57.595s] GC(455) Skipped phase 4 of Reference Processing: no references
[2025-06-03T15:52:09.749+0530][57.595s] GC(455)   Pre Evacuate Collection Set: 0.1ms
[2025-06-03T15:52:09.749+0530][57.595s] GC(455)   Merge Heap Roots: 0.1ms
[2025-06-03T15:52:09.749+0530][57.595s] GC(455)   Evacuate Collection Set: 0.2ms
[2025-06-03T15:52:09.749+0530][57.595s] GC(455)   Post Evacuate Collection Set: 0.4ms
[2025-06-03T15:52:09.749+0530][57.595s] GC(455)   Other: 0.1ms
[2025-06-03T15:52:09.749+0530][57.595s] GC(455) Eden regions: 306->0(306)
[2025-06-03T15:52:09.749+0530][57.595s] GC(455) Survivor regions: 1->1(39)
[2025-06-03T15:52:09.749+0530][57.595s] GC(455) Old regions: 9->9
[2025-06-03T15:52:09.749+0530][57.595s] GC(455) Archive regions: 2->2
[2025-06-03T15:52:09.749+0530][57.595s] GC(455) Humongous regions: 0->0
[2025-06-03T15:52:09.749+0530][57.595s] GC(455) Metaspace: 20370K(20864K)->20370K(20864K) NonClass: 17784K(18048K)->17784K(18048K) Class: 2585K(2816K)->2585K(2816K)
[2025-06-03T15:52:09.749+0530][57.595s] GC(455) Pause Young (Normal) (G1 Evacuation Pause) 315M->9M(512M) 0.986ms
[2025-06-03T15:52:09.749+0530][57.595s] GC(455) User=0.01s Sys=0.01s Real=0.00s
[2025-06-03T15:52:09.864+0530][57.709s] GC(456) Pause Young (Normal) (G1 Evacuation Pause)
[2025-06-03T15:52:09.864+0530][57.709s] GC(456) Using 8 workers of 8 for evacuation
[2025-06-03T15:52:09.864+0530][57.710s] GC(456) Skipped phase 1 of Reference Processing: no references
[2025-06-03T15:52:09.864+0530][57.710s] GC(456) Skipped phase 2 of Reference Processing: no references
[2025-06-03T15:52:09.864+0530][57.710s] GC(456) Skipped phase 3 of Reference Processing: no references
[2025-06-03T15:52:09.864+0530][57.710s] GC(456) Skipped phase 4 of Reference Processing: no references
[2025-06-03T15:52:09.865+0530][57.710s] GC(456)   Pre Evacuate Collection Set: 0.1ms
[2025-06-03T15:52:09.865+0530][57.710s] GC(456)   Merge Heap Roots: 0.1ms
[2025-06-03T15:52:09.865+0530][57.710s] GC(456)   Evacuate Collection Set: 0.2ms
[2025-06-03T15:52:09.865+0530][57.710s] GC(456)   Post Evacuate Collection Set: 0.4ms
[2025-06-03T15:52:09.865+0530][57.710s] GC(456)   Other: 0.1ms
[2025-06-03T15:52:09.865+0530][57.710s] GC(456) Eden regions: 306->0(306)
[2025-06-03T15:52:09.865+0530][57.710s] GC(456) Survivor regions: 1->1(39)
[2025-06-03T15:52:09.865+0530][57.710s] GC(456) Old regions: 9->9
[2025-06-03T15:52:09.865+0530][57.710s] GC(456) Archive regions: 2->2
[2025-06-03T15:52:09.865+0530][57.710s] GC(456) Humongous regions: 0->0
[2025-06-03T15:52:09.865+0530][57.710s] GC(456) Metaspace: 20370K(20864K)->20370K(20864K) NonClass: 17784K(18048K)->17784K(18048K) Class: 2585K(2816K)->2585K(2816K)
[2025-06-03T15:52:09.865+0530][57.710s] GC(456) Pause Young (Normal) (G1 Evacuation Pause) 315M->9M(512M) 1.110ms
[2025-06-03T15:52:09.865+0530][57.710s] GC(456) User=0.00s Sys=0.00s Real=0.00s
[2025-06-03T15:52:09.977+0530][57.823s] GC(457) Pause Young (Normal) (G1 Evacuation Pause)
[2025-06-03T15:52:09.977+0530][57.823s] GC(457) Using 8 workers of 8 for evacuation
[2025-06-03T15:52:09.978+0530][57.823s] GC(457) Skipped phase 1 of Reference Processing: no references
[2025-06-03T15:52:09.978+0530][57.824s] GC(457) Skipped phase 2 of Reference Processing: no references
[2025-06-03T15:52:09.978+0530][57.824s] GC(457) Skipped phase 3 of Reference Processing: no references
[2025-06-03T15:52:09.978+0530][57.824s] GC(457) Skipped phase 4 of Reference Processing: no references
[2025-06-03T15:52:09.978+0530][57.824s] GC(457)   Pre Evacuate Collection Set: 0.1ms
[2025-06-03T15:52:09.978+0530][57.824s] GC(457)   Merge Heap Roots: 0.1ms
[2025-06-03T15:52:09.978+0530][57.824s] GC(457)   Evacuate Collection Set: 0.2ms
[2025-06-03T15:52:09.978+0530][57.824s] GC(457)   Post Evacuate Collection Set: 0.4ms
[2025-06-03T15:52:09.978+0530][57.824s] GC(457)   Other: 0.1ms
[2025-06-03T15:52:09.978+0530][57.824s] GC(457) Eden regions: 306->0(306)
[2025-06-03T15:52:09.978+0530][57.824s] GC(457) Survivor regions: 1->1(39)
[2025-06-03T15:52:09.978+0530][57.824s] GC(457) Old regions: 9->9
[2025-06-03T15:52:09.978+0530][57.824s] GC(457) Archive regions: 2->2
[2025-06-03T15:52:09.978+0530][57.824s] GC(457) Humongous regions: 0->0
[2025-06-03T15:52:09.978+0530][57.824s] GC(457) Metaspace: 20370K(20864K)->20370K(20864K) NonClass: 17784K(18048K)->17784K(18048K) Class: 2585K(2816K)->2585K(2816K)
[2025-06-03T15:52:09.978+0530][57.824s] GC(457) Pause Young (Normal) (G1 Evacuation Pause) 315M->9M(512M) 0.981ms
[2025-06-03T15:52:09.978+0530][57.824s] GC(457) User=0.00s Sys=0.00s Real=0.00s
[2025-06-03T15:52:10.093+0530][57.939s] GC(458) Pause Young (Normal) (G1 Evacuation Pause)
[2025-06-03T15:52:10.093+0530][57.939s] GC(458) Using 8 workers of 8 for evacuation
[2025-06-03T15:52:10.094+0530][57.939s] GC(458) Skipped phase 1 of Reference Processing: no references
[2025-06-03T15:52:10.094+0530][57.939s] GC(458) Skipped phase 2 of Reference Processing: no references
[2025-06-03T15:52:10.094+0530][57.939s] GC(458) Skipped phase 3 of Reference Processing: no references
[2025-06-03T15:52:10.094+0530][57.939s] GC(458) Skipped phase 4 of Reference Processing: no references
[2025-06-03T15:52:10.094+0530][57.940s] GC(458)   Pre Evacuate Collection Set: 0.1ms
[2025-06-03T15:52:10.094+0530][57.940s] GC(458)   Merge Heap Roots: 0.1ms
[2025-06-03T15:52:10.094+0530][57.940s] GC(458)   Evacuate Collection Set: 0.2ms
[2025-06-03T15:52:10.094+0530][57.940s] GC(458)   Post Evacuate Collection Set: 0.4ms
[2025-06-03T15:52:10.094+0530][57.940s] GC(458)   Other: 0.1ms
[2025-06-03T15:52:10.094+0530][57.940s] GC(458) Eden regions: 306->0(306)
[2025-06-03T15:52:10.094+0530][57.940s] GC(458) Survivor regions: 1->1(39)
[2025-06-03T15:52:10.094+0530][57.940s] GC(458) Old regions: 9->9
[2025-06-03T15:52:10.094+0530][57.940s] GC(458) Archive regions: 2->2
[2025-06-03T15:52:10.094+0530][57.940s] GC(458) Humongous regions: 0->0
[2025-06-03T15:52:10.094+0530][57.940s] GC(458) Metaspace: 20370K(20864K)->20370K(20864K) NonClass: 17784K(18048K)->17784K(18048K) Class: 2585K(2816K)->2585K(2816K)
[2025-06-03T15:52:10.094+0530][57.940s] GC(458) Pause Young (Normal) (G1 Evacuation Pause) 315M->9M(512M) 0.974ms
[2025-06-03T15:52:10.094+0530][57.940s] GC(458) User=0.00s Sys=0.00s Real=0.00s
[2025-06-03T15:52:10.216+0530][58.062s] GC(459) Pause Young (Normal) (G1 Evacuation Pause)
[2025-06-03T15:52:10.216+0530][58.062s] GC(459) Using 8 workers of 8 for evacuation
[2025-06-03T15:52:10.217+0530][58.062s] GC(459) Skipped phase 1 of Reference Processing: no references
[2025-06-03T15:52:10.217+0530][58.062s] GC(459) Skipped phase 2 of Reference Processing: no references
[2025-06-03T15:52:10.217+0530][58.062s] GC(459) Skipped phase 3 of Reference Processing: no references
[2025-06-03T15:52:10.217+0530][58.062s] GC(459) Skipped phase 4 of Reference Processing: no references
[2025-06-03T15:52:10.217+0530][58.063s] GC(459)   Pre Evacuate Collection Set: 0.1ms
[2025-06-03T15:52:10.217+0530][58.063s] GC(459)   Merge Heap Roots: 0.1ms
[2025-06-03T15:52:10.217+0530][58.063s] GC(459)   Evacuate Collection Set: 0.2ms
[2025-06-03T15:52:10.217+0530][58.063s] GC(459)   Post Evacuate Collection Set: 0.4ms
[2025-06-03T15:52:10.217+0530][58.063s] GC(459)   Other: 0.1ms
[2025-06-03T15:52:10.217+0530][58.063s] GC(459) Eden regions: 306->0(306)
[2025-06-03T15:52:10.217+0530][58.063s] GC(459) Survivor regions: 1->1(39)
[2025-06-03T15:52:10.217+0530][58.063s] GC(459) Old regions: 9->9
[2025-06-03T15:52:10.217+0530][58.063s] GC(459) Archive regions: 2->2
[2025-06-03T15:52:10.217+0530][58.063s] GC(459) Humongous regions: 0->0
[2025-06-03T15:52:10.217+0530][58.063s] GC(459) Metaspace: 20382K(20864K)->20382K(20864K) NonClass: 17796K(18048K)->17796K(18048K) Class: 2585K(2816K)->2585K(2816K)
[2025-06-03T15:52:10.217+0530][58.063s] GC(459) Pause Young (Normal) (G1 Evacuation Pause) 315M->9M(512M) 1.098ms
[2025-06-03T15:52:10.217+0530][58.063s] GC(459) User=0.01s Sys=0.00s Real=0.00s
[2025-06-03T15:52:10.332+0530][58.177s] GC(460) Pause Young (Normal) (G1 Evacuation Pause)
[2025-06-03T15:52:10.332+0530][58.177s] GC(460) Using 8 workers of 8 for evacuation
[2025-06-03T15:52:10.332+0530][58.178s] GC(460) Skipped phase 1 of Reference Processing: no references
[2025-06-03T15:52:10.332+0530][58.178s] GC(460) Skipped phase 2 of Reference Processing: no references
[2025-06-03T15:52:10.332+0530][58.178s] GC(460) Skipped phase 3 of Reference Processing: no references
[2025-06-03T15:52:10.332+0530][58.178s] GC(460) Skipped phase 4 of Reference Processing: no references
[2025-06-03T15:52:10.332+0530][58.178s] GC(460)   Pre Evacuate Collection Set: 0.1ms
[2025-06-03T15:52:10.332+0530][58.178s] GC(460)   Merge Heap Roots: 0.1ms
[2025-06-03T15:52:10.332+0530][58.178s] GC(460)   Evacuate Collection Set: 0.2ms
[2025-06-03T15:52:10.332+0530][58.178s] GC(460)   Post Evacuate Collection Set: 0.4ms
[2025-06-03T15:52:10.333+0530][58.178s] GC(460)   Other: 0.2ms
[2025-06-03T15:52:10.333+0530][58.178s] GC(460) Eden regions: 306->0(306)
[2025-06-03T15:52:10.333+0530][58.178s] GC(460) Survivor regions: 1->1(39)
[2025-06-03T15:52:10.333+0530][58.178s] GC(460) Old regions: 9->9
[2025-06-03T15:52:10.333+0530][58.178s] GC(460) Archive regions: 2->2
[2025-06-03T15:52:10.333+0530][58.178s] GC(460) Humongous regions: 0->0
[2025-06-03T15:52:10.333+0530][58.178s] GC(460) Metaspace: 20382K(20864K)->20382K(20864K) NonClass: 17796K(18048K)->17796K(18048K) Class: 2585K(2816K)->2585K(2816K)
[2025-06-03T15:52:10.333+0530][58.178s] GC(460) Pause Young (Normal) (G1 Evacuation Pause) 315M->9M(512M) 1.042ms
[2025-06-03T15:52:10.333+0530][58.178s] GC(460) User=0.00s Sys=0.00s Real=0.00s
[2025-06-03T15:52:10.446+0530][58.292s] GC(461) Pause Young (Normal) (G1 Evacuation Pause)
[2025-06-03T15:52:10.446+0530][58.292s] GC(461) Using 8 workers of 8 for evacuation
[2025-06-03T15:52:10.446+0530][58.292s] GC(461) Skipped phase 1 of Reference Processing: no references
[2025-06-03T15:52:10.446+0530][58.292s] GC(461) Skipped phase 2 of Reference Processing: no references
[2025-06-03T15:52:10.446+0530][58.292s] GC(461) Skipped phase 3 of Reference Processing: no references
[2025-06-03T15:52:10.446+0530][58.292s] GC(461) Skipped phase 4 of Reference Processing: no references
[2025-06-03T15:52:10.447+0530][58.292s] GC(461)   Pre Evacuate Collection Set: 0.1ms
[2025-06-03T15:52:10.447+0530][58.292s] GC(461)   Merge Heap Roots: 0.1ms
[2025-06-03T15:52:10.447+0530][58.292s] GC(461)   Evacuate Collection Set: 0.2ms
[2025-06-03T15:52:10.447+0530][58.292s] GC(461)   Post Evacuate Collection Set: 0.4ms
[2025-06-03T15:52:10.447+0530][58.292s] GC(461)   Other: 0.1ms
[2025-06-03T15:52:10.447+0530][58.292s] GC(461) Eden regions: 306->0(306)
[2025-06-03T15:52:10.447+0530][58.293s] GC(461) Survivor regions: 1->1(39)
[2025-06-03T15:52:10.447+0530][58.293s] GC(461) Old regions: 9->9
[2025-06-03T15:52:10.447+0530][58.293s] GC(461) Archive regions: 2->2
[2025-06-03T15:52:10.447+0530][58.293s] GC(461) Humongous regions: 0->0
[2025-06-03T15:52:10.447+0530][58.293s] GC(461) Metaspace: 20382K(20864K)->20382K(20864K) NonClass: 17796K(18048K)->17796K(18048K) Class: 2585K(2816K)->2585K(2816K)
[2025-06-03T15:52:10.447+0530][58.293s] GC(461) Pause Young (Normal) (G1 Evacuation Pause) 315M->9M(512M) 1.056ms
[2025-06-03T15:52:10.447+0530][58.293s] GC(461) User=0.00s Sys=0.00s Real=0.00s
[2025-06-03T15:52:10.561+0530][58.406s] GC(462) Pause Young (Normal) (G1 Evacuation Pause)
[2025-06-03T15:52:10.561+0530][58.406s] GC(462) Using 8 workers of 8 for evacuation
[2025-06-03T15:52:10.561+0530][58.407s] GC(462) Skipped phase 1 of Reference Processing: no references
[2025-06-03T15:52:10.561+0530][58.407s] GC(462) Skipped phase 2 of Reference Processing: no references
[2025-06-03T15:52:10.561+0530][58.407s] GC(462) Skipped phase 3 of Reference Processing: no references
[2025-06-03T15:52:10.561+0530][58.407s] GC(462) Skipped phase 4 of Reference Processing: no references
[2025-06-03T15:52:10.561+0530][58.407s] GC(462)   Pre Evacuate Collection Set: 0.1ms
[2025-06-03T15:52:10.561+0530][58.407s] GC(462)   Merge Heap Roots: 0.1ms
[2025-06-03T15:52:10.561+0530][58.407s] GC(462)   Evacuate Collection Set: 0.2ms
[2025-06-03T15:52:10.561+0530][58.407s] GC(462)   Post Evacuate Collection Set: 0.3ms
[2025-06-03T15:52:10.561+0530][58.407s] GC(462)   Other: 0.1ms
[2025-06-03T15:52:10.561+0530][58.407s] GC(462) Eden regions: 306->0(306)
[2025-06-03T15:52:10.561+0530][58.407s] GC(462) Survivor regions: 1->1(39)
[2025-06-03T15:52:10.561+0530][58.407s] GC(462) Old regions: 9->9
[2025-06-03T15:52:10.561+0530][58.407s] GC(462) Archive regions: 2->2
[2025-06-03T15:52:10.561+0530][58.407s] GC(462) Humongous regions: 0->0
[2025-06-03T15:52:10.561+0530][58.407s] GC(462) Metaspace: 20382K(20864K)->20382K(20864K) NonClass: 17796K(18048K)->17796K(18048K) Class: 2585K(2816K)->2585K(2816K)
[2025-06-03T15:52:10.561+0530][58.407s] GC(462) Pause Young (Normal) (G1 Evacuation Pause) 315M->9M(512M) 0.965ms
[2025-06-03T15:52:10.562+0530][58.407s] GC(462) User=0.01s Sys=0.00s Real=0.00s
[2025-06-03T15:52:10.691+0530][58.537s] GC(463) Pause Young (Normal) (G1 Evacuation Pause)
[2025-06-03T15:52:10.691+0530][58.537s] GC(463) Using 8 workers of 8 for evacuation
[2025-06-03T15:52:10.691+0530][58.537s] GC(463) Skipped phase 1 of Reference Processing: no references
[2025-06-03T15:52:10.691+0530][58.537s] GC(463) Skipped phase 2 of Reference Processing: no references
[2025-06-03T15:52:10.691+0530][58.537s] GC(463) Skipped phase 3 of Reference Processing: no references
[2025-06-03T15:52:10.692+0530][58.537s] GC(463) Skipped phase 4 of Reference Processing: no references
[2025-06-03T15:52:10.692+0530][58.538s] GC(463)   Pre Evacuate Collection Set: 0.1ms
[2025-06-03T15:52:10.692+0530][58.538s] GC(463)   Merge Heap Roots: 0.1ms
[2025-06-03T15:52:10.692+0530][58.538s] GC(463)   Evacuate Collection Set: 0.2ms
[2025-06-03T15:52:10.692+0530][58.538s] GC(463)   Post Evacuate Collection Set: 0.4ms
[2025-06-03T15:52:10.692+0530][58.538s] GC(463)   Other: 0.1ms
[2025-06-03T15:52:10.692+0530][58.538s] GC(463) Eden regions: 306->0(306)
[2025-06-03T15:52:10.692+0530][58.538s] GC(463) Survivor regions: 1->1(39)
[2025-06-03T15:52:10.692+0530][58.538s] GC(463) Old regions: 9->9
[2025-06-03T15:52:10.692+0530][58.538s] GC(463) Archive regions: 2->2
[2025-06-03T15:52:10.692+0530][58.538s] GC(463) Humongous regions: 0->0
[2025-06-03T15:52:10.692+0530][58.538s] GC(463) Metaspace: 20382K(20864K)->20382K(20864K) NonClass: 17796K(18048K)->17796K(18048K) Class: 2585K(2816K)->2585K(2816K)
[2025-06-03T15:52:10.692+0530][58.538s] GC(463) Pause Young (Normal) (G1 Evacuation Pause) 315M->9M(512M) 1.085ms
[2025-06-03T15:52:10.692+0530][58.538s] GC(463) User=0.00s Sys=0.00s Real=0.00s
[2025-06-03T15:52:10.891+0530][58.737s] GC(464) Pause Young (Normal) (G1 Evacuation Pause)
[2025-06-03T15:52:10.891+0530][58.737s] GC(464) Using 8 workers of 8 for evacuation
[2025-06-03T15:52:10.892+0530][58.737s] GC(464) Skipped phase 1 of Reference Processing: no references
[2025-06-03T15:52:10.892+0530][58.737s] GC(464) Skipped phase 2 of Reference Processing: no references
[2025-06-03T15:52:10.892+0530][58.737s] GC(464) Skipped phase 3 of Reference Processing: no references
[2025-06-03T15:52:10.892+0530][58.737s] GC(464) Skipped phase 4 of Reference Processing: no references
[2025-06-03T15:52:10.892+0530][58.738s] GC(464)   Pre Evacuate Collection Set: 0.1ms
[2025-06-03T15:52:10.892+0530][58.738s] GC(464)   Merge Heap Roots: 0.1ms
[2025-06-03T15:52:10.892+0530][58.738s] GC(464)   Evacuate Collection Set: 0.2ms
[2025-06-03T15:52:10.892+0530][58.738s] GC(464)   Post Evacuate Collection Set: 0.4ms
[2025-06-03T15:52:10.892+0530][58.738s] GC(464)   Other: 0.2ms
[2025-06-03T15:52:10.892+0530][58.738s] GC(464) Eden regions: 306->0(306)
[2025-06-03T15:52:10.892+0530][58.738s] GC(464) Survivor regions: 1->1(39)
[2025-06-03T15:52:10.892+0530][58.738s] GC(464) Old regions: 9->9
[2025-06-03T15:52:10.892+0530][58.738s] GC(464) Archive regions: 2->2
[2025-06-03T15:52:10.892+0530][58.738s] GC(464) Humongous regions: 0->0
[2025-06-03T15:52:10.892+0530][58.738s] GC(464) Metaspace: 20382K(20864K)->20382K(20864K) NonClass: 17796K(18048K)->17796K(18048K) Class: 2585K(2816K)->2585K(2816K)
[2025-06-03T15:52:10.892+0530][58.738s] GC(464) Pause Young (Normal) (G1 Evacuation Pause) 315M->9M(512M) 1.084ms
[2025-06-03T15:52:10.892+0530][58.738s] GC(464) User=0.00s Sys=0.00s Real=0.00s
[2025-06-03T15:52:11.007+0530][58.852s] GC(465) Pause Young (Normal) (G1 Evacuation Pause)
[2025-06-03T15:52:11.007+0530][58.852s] GC(465) Using 8 workers of 8 for evacuation
[2025-06-03T15:52:11.007+0530][58.853s] GC(465) Skipped phase 1 of Reference Processing: no references
[2025-06-03T15:52:11.007+0530][58.853s] GC(465) Skipped phase 2 of Reference Processing: no references
[2025-06-03T15:52:11.007+0530][58.853s] GC(465) Skipped phase 3 of Reference Processing: no references
[2025-06-03T15:52:11.007+0530][58.853s] GC(465) Skipped phase 4 of Reference Processing: no references
[2025-06-03T15:52:11.007+0530][58.853s] GC(465)   Pre Evacuate Collection Set: 0.1ms
[2025-06-03T15:52:11.007+0530][58.853s] GC(465)   Merge Heap Roots: 0.1ms
[2025-06-03T15:52:11.007+0530][58.853s] GC(465)   Evacuate Collection Set: 0.2ms
[2025-06-03T15:52:11.007+0530][58.853s] GC(465)   Post Evacuate Collection Set: 0.3ms
[2025-06-03T15:52:11.007+0530][58.853s] GC(465)   Other: 0.1ms
[2025-06-03T15:52:11.007+0530][58.853s] GC(465) Eden regions: 306->0(306)
[2025-06-03T15:52:11.007+0530][58.853s] GC(465) Survivor regions: 1->1(39)
[2025-06-03T15:52:11.007+0530][58.853s] GC(465) Old regions: 9->9
[2025-06-03T15:52:11.007+0530][58.853s] GC(465) Archive regions: 2->2
[2025-06-03T15:52:11.007+0530][58.853s] GC(465) Humongous regions: 0->0
[2025-06-03T15:52:11.007+0530][58.853s] GC(465) Metaspace: 20382K(20864K)->20382K(20864K) NonClass: 17796K(18048K)->17796K(18048K) Class: 2585K(2816K)->2585K(2816K)
[2025-06-03T15:52:11.007+0530][58.853s] GC(465) Pause Young (Normal) (G1 Evacuation Pause) 315M->9M(512M) 0.907ms
[2025-06-03T15:52:11.007+0530][58.853s] GC(465) User=0.00s Sys=0.01s Real=0.00s
[2025-06-03T15:52:11.124+0530][58.970s] GC(466) Pause Young (Normal) (G1 Evacuation Pause)
[2025-06-03T15:52:11.124+0530][58.970s] GC(466) Using 8 workers of 8 for evacuation
[2025-06-03T15:52:11.124+0530][58.970s] GC(466) Skipped phase 1 of Reference Processing: no references
[2025-06-03T15:52:11.124+0530][58.970s] GC(466) Skipped phase 2 of Reference Processing: no references
[2025-06-03T15:52:11.124+0530][58.970s] GC(466) Skipped phase 3 of Reference Processing: no references
[2025-06-03T15:52:11.124+0530][58.970s] GC(466) Skipped phase 4 of Reference Processing: no references
[2025-06-03T15:52:11.125+0530][58.971s] GC(466)   Pre Evacuate Collection Set: 0.1ms
[2025-06-03T15:52:11.125+0530][58.971s] GC(466)   Merge Heap Roots: 0.1ms
[2025-06-03T15:52:11.125+0530][58.971s] GC(466)   Evacuate Collection Set: 0.2ms
[2025-06-03T15:52:11.125+0530][58.971s] GC(466)   Post Evacuate Collection Set: 0.4ms
[2025-06-03T15:52:11.125+0530][58.971s] GC(466)   Other: 0.2ms
[2025-06-03T15:52:11.125+0530][58.971s] GC(466) Eden regions: 306->0(306)
[2025-06-03T15:52:11.125+0530][58.971s] GC(466) Survivor regions: 1->1(39)
[2025-06-03T15:52:11.125+0530][58.971s] GC(466) Old regions: 9->9
[2025-06-03T15:52:11.125+0530][58.971s] GC(466) Archive regions: 2->2
[2025-06-03T15:52:11.125+0530][58.971s] GC(466) Humongous regions: 0->0
[2025-06-03T15:52:11.125+0530][58.971s] GC(466) Metaspace: 20383K(20864K)->20383K(20864K) NonClass: 17797K(18048K)->17797K(18048K) Class: 2585K(2816K)->2585K(2816K)
[2025-06-03T15:52:11.125+0530][58.971s] GC(466) Pause Young (Normal) (G1 Evacuation Pause) 315M->9M(512M) 1.222ms
[2025-06-03T15:52:11.125+0530][58.971s] GC(466) User=0.00s Sys=0.00s Real=0.00s
[2025-06-03T15:52:11.256+0530][59.102s] GC(467) Pause Young (Normal) (G1 Evacuation Pause)
[2025-06-03T15:52:11.256+0530][59.102s] GC(467) Using 8 workers of 8 for evacuation
[2025-06-03T15:52:11.257+0530][59.103s] GC(467) Skipped phase 1 of Reference Processing: no references
[2025-06-03T15:52:11.257+0530][59.103s] GC(467) Skipped phase 2 of Reference Processing: no references
[2025-06-03T15:52:11.257+0530][59.103s] GC(467) Skipped phase 3 of Reference Processing: no references
[2025-06-03T15:52:11.257+0530][59.103s] GC(467) Skipped phase 4 of Reference Processing: no references
[2025-06-03T15:52:11.257+0530][59.103s] GC(467)   Pre Evacuate Collection Set: 0.1ms
[2025-06-03T15:52:11.257+0530][59.103s] GC(467)   Merge Heap Roots: 0.1ms
[2025-06-03T15:52:11.257+0530][59.103s] GC(467)   Evacuate Collection Set: 0.2ms
[2025-06-03T15:52:11.257+0530][59.103s] GC(467)   Post Evacuate Collection Set: 0.4ms
[2025-06-03T15:52:11.257+0530][59.103s] GC(467)   Other: 0.3ms
[2025-06-03T15:52:11.257+0530][59.103s] GC(467) Eden regions: 306->0(306)
[2025-06-03T15:52:11.257+0530][59.103s] GC(467) Survivor regions: 1->1(39)
[2025-06-03T15:52:11.257+0530][59.103s] GC(467) Old regions: 9->9
[2025-06-03T15:52:11.257+0530][59.103s] GC(467) Archive regions: 2->2
[2025-06-03T15:52:11.257+0530][59.103s] GC(467) Humongous regions: 0->0
[2025-06-03T15:52:11.257+0530][59.103s] GC(467) Metaspace: 20384K(20864K)->20384K(20864K) NonClass: 17798K(18048K)->17798K(18048K) Class: 2585K(2816K)->2585K(2816K)
[2025-06-03T15:52:11.257+0530][59.103s] GC(467) Pause Young (Normal) (G1 Evacuation Pause) 315M->9M(512M) 1.111ms
[2025-06-03T15:52:11.257+0530][59.103s] GC(467) User=0.00s Sys=0.00s Real=0.00s
[2025-06-03T15:52:11.371+0530][59.217s] GC(468) Pause Young (Normal) (G1 Evacuation Pause)
[2025-06-03T15:52:11.371+0530][59.217s] GC(468) Using 8 workers of 8 for evacuation
[2025-06-03T15:52:11.372+0530][59.217s] GC(468) Skipped phase 1 of Reference Processing: no references
[2025-06-03T15:52:11.372+0530][59.218s] GC(468) Skipped phase 2 of Reference Processing: no references
[2025-06-03T15:52:11.372+0530][59.218s] GC(468) Skipped phase 3 of Reference Processing: no references
[2025-06-03T15:52:11.372+0530][59.218s] GC(468) Skipped phase 4 of Reference Processing: no references
[2025-06-03T15:52:11.372+0530][59.218s] GC(468)   Pre Evacuate Collection Set: 0.1ms
[2025-06-03T15:52:11.372+0530][59.218s] GC(468)   Merge Heap Roots: 0.1ms
[2025-06-03T15:52:11.372+0530][59.218s] GC(468)   Evacuate Collection Set: 0.2ms
[2025-06-03T15:52:11.372+0530][59.218s] GC(468)   Post Evacuate Collection Set: 0.5ms
[2025-06-03T15:52:11.372+0530][59.218s] GC(468)   Other: 0.1ms
[2025-06-03T15:52:11.372+0530][59.218s] GC(468) Eden regions: 306->0(306)
[2025-06-03T15:52:11.372+0530][59.218s] GC(468) Survivor regions: 1->1(39)
[2025-06-03T15:52:11.372+0530][59.218s] GC(468) Old regions: 9->9
[2025-06-03T15:52:11.372+0530][59.218s] GC(468) Archive regions: 2->2
[2025-06-03T15:52:11.372+0530][59.218s] GC(468) Humongous regions: 0->0
[2025-06-03T15:52:11.372+0530][59.218s] GC(468) Metaspace: 20384K(20864K)->20384K(20864K) NonClass: 17798K(18048K)->17798K(18048K) Class: 2585K(2816K)->2585K(2816K)
[2025-06-03T15:52:11.372+0530][59.218s] GC(468) Pause Young (Normal) (G1 Evacuation Pause) 315M->9M(512M) 1.101ms
[2025-06-03T15:52:11.372+0530][59.218s] GC(468) User=0.00s Sys=0.00s Real=0.00s
[2025-06-03T15:52:11.487+0530][59.333s] GC(469) Pause Young (Normal) (G1 Evacuation Pause)
[2025-06-03T15:52:11.487+0530][59.333s] GC(469) Using 8 workers of 8 for evacuation
[2025-06-03T15:52:11.488+0530][59.333s] GC(469) Skipped phase 1 of Reference Processing: no references
[2025-06-03T15:52:11.488+0530][59.334s] GC(469) Skipped phase 2 of Reference Processing: no references
[2025-06-03T15:52:11.488+0530][59.334s] GC(469) Skipped phase 3 of Reference Processing: no references
[2025-06-03T15:52:11.488+0530][59.334s] GC(469) Skipped phase 4 of Reference Processing: no references
[2025-06-03T15:52:11.488+0530][59.334s] GC(469)   Pre Evacuate Collection Set: 0.1ms
[2025-06-03T15:52:11.488+0530][59.334s] GC(469)   Merge Heap Roots: 0.1ms
[2025-06-03T15:52:11.488+0530][59.334s] GC(469)   Evacuate Collection Set: 0.2ms
[2025-06-03T15:52:11.488+0530][59.334s] GC(469)   Post Evacuate Collection Set: 0.4ms
[2025-06-03T15:52:11.488+0530][59.334s] GC(469)   Other: 0.2ms
[2025-06-03T15:52:11.488+0530][59.334s] GC(469) Eden regions: 306->0(306)
[2025-06-03T15:52:11.488+0530][59.334s] GC(469) Survivor regions: 1->1(39)
[2025-06-03T15:52:11.488+0530][59.334s] GC(469) Old regions: 9->9
[2025-06-03T15:52:11.488+0530][59.334s] GC(469) Archive regions: 2->2
[2025-06-03T15:52:11.488+0530][59.334s] GC(469) Humongous regions: 0->0
[2025-06-03T15:52:11.488+0530][59.334s] GC(469) Metaspace: 20384K(20864K)->20384K(20864K) NonClass: 17798K(18048K)->17798K(18048K) Class: 2585K(2816K)->2585K(2816K)
[2025-06-03T15:52:11.488+0530][59.334s] GC(469) Pause Young (Normal) (G1 Evacuation Pause) 315M->9M(512M) 1.059ms
[2025-06-03T15:52:11.488+0530][59.334s] GC(469) User=0.00s Sys=0.00s Real=0.00s
[2025-06-03T15:52:11.605+0530][59.451s] GC(470) Pause Young (Normal) (G1 Evacuation Pause)
[2025-06-03T15:52:11.605+0530][59.451s] GC(470) Using 8 workers of 8 for evacuation
[2025-06-03T15:52:11.606+0530][59.452s] GC(470) Skipped phase 1 of Reference Processing: no references
[2025-06-03T15:52:11.606+0530][59.452s] GC(470) Skipped phase 2 of Reference Processing: no references
[2025-06-03T15:52:11.606+0530][59.452s] GC(470) Skipped phase 3 of Reference Processing: no references
[2025-06-03T15:52:11.606+0530][59.452s] GC(470) Skipped phase 4 of Reference Processing: no references
[2025-06-03T15:52:11.606+0530][59.452s] GC(470)   Pre Evacuate Collection Set: 0.1ms
[2025-06-03T15:52:11.606+0530][59.452s] GC(470)   Merge Heap Roots: 0.0ms
[2025-06-03T15:52:11.606+0530][59.452s] GC(470)   Evacuate Collection Set: 0.2ms
[2025-06-03T15:52:11.606+0530][59.452s] GC(470)   Post Evacuate Collection Set: 0.4ms
[2025-06-03T15:52:11.606+0530][59.452s] GC(470)   Other: 0.1ms
[2025-06-03T15:52:11.606+0530][59.452s] GC(470) Eden regions: 306->0(306)
[2025-06-03T15:52:11.606+0530][59.452s] GC(470) Survivor regions: 1->1(39)
[2025-06-03T15:52:11.606+0530][59.452s] GC(470) Old regions: 9->9
[2025-06-03T15:52:11.606+0530][59.452s] GC(470) Archive regions: 2->2
[2025-06-03T15:52:11.606+0530][59.452s] GC(470) Humongous regions: 0->0
[2025-06-03T15:52:11.606+0530][59.452s] GC(470) Metaspace: 20384K(20864K)->20384K(20864K) NonClass: 17798K(18048K)->17798K(18048K) Class: 2585K(2816K)->2585K(2816K)
[2025-06-03T15:52:11.606+0530][59.452s] GC(470) Pause Young (Normal) (G1 Evacuation Pause) 315M->9M(512M) 0.958ms
[2025-06-03T15:52:11.606+0530][59.452s] GC(470) User=0.00s Sys=0.00s Real=0.00s
[2025-06-03T15:52:11.722+0530][59.568s] GC(471) Pause Young (Normal) (G1 Evacuation Pause)
[2025-06-03T15:52:11.722+0530][59.568s] GC(471) Using 8 workers of 8 for evacuation
[2025-06-03T15:52:11.722+0530][59.568s] GC(471) Skipped phase 1 of Reference Processing: no references
[2025-06-03T15:52:11.722+0530][59.568s] GC(471) Skipped phase 2 of Reference Processing: no references
[2025-06-03T15:52:11.722+0530][59.568s] GC(471) Skipped phase 3 of Reference Processing: no references
[2025-06-03T15:52:11.722+0530][59.568s] GC(471) Skipped phase 4 of Reference Processing: no references
[2025-06-03T15:52:11.723+0530][59.569s] GC(471)   Pre Evacuate Collection Set: 0.1ms
[2025-06-03T15:52:11.723+0530][59.569s] GC(471)   Merge Heap Roots: 0.1ms
[2025-06-03T15:52:11.723+0530][59.569s] GC(471)   Evacuate Collection Set: 0.2ms
[2025-06-03T15:52:11.723+0530][59.569s] GC(471)   Post Evacuate Collection Set: 0.4ms
[2025-06-03T15:52:11.723+0530][59.569s] GC(471)   Other: 0.1ms
[2025-06-03T15:52:11.723+0530][59.569s] GC(471) Eden regions: 306->0(306)
[2025-06-03T15:52:11.723+0530][59.569s] GC(471) Survivor regions: 1->1(39)
[2025-06-03T15:52:11.723+0530][59.569s] GC(471) Old regions: 9->9
[2025-06-03T15:52:11.723+0530][59.569s] GC(471) Archive regions: 2->2
[2025-06-03T15:52:11.723+0530][59.569s] GC(471) Humongous regions: 0->0
[2025-06-03T15:52:11.723+0530][59.569s] GC(471) Metaspace: 20384K(20864K)->20384K(20864K) NonClass: 17798K(18048K)->17798K(18048K) Class: 2585K(2816K)->2585K(2816K)
[2025-06-03T15:52:11.723+0530][59.569s] GC(471) Pause Young (Normal) (G1 Evacuation Pause) 315M->9M(512M) 1.143ms
[2025-06-03T15:52:11.723+0530][59.569s] GC(471) User=0.01s Sys=0.00s Real=0.00s
[2025-06-03T15:52:11.837+0530][59.683s] GC(472) Pause Young (Normal) (G1 Evacuation Pause)
[2025-06-03T15:52:11.837+0530][59.683s] GC(472) Using 8 workers of 8 for evacuation
[2025-06-03T15:52:11.838+0530][59.684s] GC(472) Skipped phase 1 of Reference Processing: no references
[2025-06-03T15:52:11.838+0530][59.684s] GC(472) Skipped phase 2 of Reference Processing: no references
[2025-06-03T15:52:11.838+0530][59.684s] GC(472) Skipped phase 3 of Reference Processing: no references
[2025-06-03T15:52:11.838+0530][59.684s] GC(472) Skipped phase 4 of Reference Processing: no references
[2025-06-03T15:52:11.838+0530][59.684s] GC(472)   Pre Evacuate Collection Set: 0.1ms
[2025-06-03T15:52:11.838+0530][59.684s] GC(472)   Merge Heap Roots: 0.1ms
[2025-06-03T15:52:11.838+0530][59.684s] GC(472)   Evacuate Collection Set: 0.3ms
[2025-06-03T15:52:11.838+0530][59.684s] GC(472)   Post Evacuate Collection Set: 0.4ms
[2025-06-03T15:52:11.838+0530][59.684s] GC(472)   Other: 0.1ms
[2025-06-03T15:52:11.838+0530][59.684s] GC(472) Eden regions: 306->0(306)
[2025-06-03T15:52:11.838+0530][59.684s] GC(472) Survivor regions: 1->1(39)
[2025-06-03T15:52:11.838+0530][59.684s] GC(472) Old regions: 9->9
[2025-06-03T15:52:11.838+0530][59.684s] GC(472) Archive regions: 2->2
[2025-06-03T15:52:11.838+0530][59.684s] GC(472) Humongous regions: 0->0
[2025-06-03T15:52:11.838+0530][59.684s] GC(472) Metaspace: 20384K(20864K)->20384K(20864K) NonClass: 17798K(18048K)->17798K(18048K) Class: 2585K(2816K)->2585K(2816K)
[2025-06-03T15:52:11.838+0530][59.684s] GC(472) Pause Young (Normal) (G1 Evacuation Pause) 315M->9M(512M) 1.148ms
[2025-06-03T15:52:11.838+0530][59.684s] GC(472) User=0.00s Sys=0.01s Real=0.00s
[2025-06-03T15:52:11.954+0530][59.800s] GC(473) Pause Young (Normal) (G1 Evacuation Pause)
[2025-06-03T15:52:11.954+0530][59.800s] GC(473) Using 8 workers of 8 for evacuation
[2025-06-03T15:52:11.954+0530][59.800s] GC(473) Skipped phase 1 of Reference Processing: no references
[2025-06-03T15:52:11.954+0530][59.800s] GC(473) Skipped phase 2 of Reference Processing: no references
[2025-06-03T15:52:11.954+0530][59.800s] GC(473) Skipped phase 3 of Reference Processing: no references
[2025-06-03T15:52:11.954+0530][59.800s] GC(473) Skipped phase 4 of Reference Processing: no references
[2025-06-03T15:52:11.955+0530][59.800s] GC(473)   Pre Evacuate Collection Set: 0.1ms
[2025-06-03T15:52:11.955+0530][59.800s] GC(473)   Merge Heap Roots: 0.1ms
[2025-06-03T15:52:11.955+0530][59.800s] GC(473)   Evacuate Collection Set: 0.2ms
[2025-06-03T15:52:11.955+0530][59.800s] GC(473)   Post Evacuate Collection Set: 0.3ms
[2025-06-03T15:52:11.955+0530][59.800s] GC(473)   Other: 0.1ms
[2025-06-03T15:52:11.955+0530][59.800s] GC(473) Eden regions: 306->0(306)
[2025-06-03T15:52:11.955+0530][59.800s] GC(473) Survivor regions: 1->1(39)
[2025-06-03T15:52:11.955+0530][59.800s] GC(473) Old regions: 9->9
[2025-06-03T15:52:11.955+0530][59.800s] GC(473) Archive regions: 2->2
[2025-06-03T15:52:11.955+0530][59.801s] GC(473) Humongous regions: 0->0
[2025-06-03T15:52:11.955+0530][59.801s] GC(473) Metaspace: 20384K(20864K)->20384K(20864K) NonClass: 17798K(18048K)->17798K(18048K) Class: 2585K(2816K)->2585K(2816K)
[2025-06-03T15:52:11.955+0530][59.801s] GC(473) Pause Young (Normal) (G1 Evacuation Pause) 315M->9M(512M) 0.901ms
[2025-06-03T15:52:11.955+0530][59.801s] GC(473) User=0.00s Sys=0.00s Real=0.00s
[2025-06-03T15:52:12.068+0530][59.914s] GC(474) Pause Young (Normal) (G1 Evacuation Pause)
[2025-06-03T15:52:12.068+0530][59.914s] GC(474) Using 8 workers of 8 for evacuation
[2025-06-03T15:52:12.068+0530][59.914s] GC(474) Skipped phase 1 of Reference Processing: no references
[2025-06-03T15:52:12.068+0530][59.914s] GC(474) Skipped phase 2 of Reference Processing: no references
[2025-06-03T15:52:12.068+0530][59.914s] GC(474) Skipped phase 3 of Reference Processing: no references
[2025-06-03T15:52:12.068+0530][59.914s] GC(474) Skipped phase 4 of Reference Processing: no references
[2025-06-03T15:52:12.069+0530][59.914s] GC(474)   Pre Evacuate Collection Set: 0.1ms
[2025-06-03T15:52:12.069+0530][59.914s] GC(474)   Merge Heap Roots: 0.1ms
[2025-06-03T15:52:12.069+0530][59.914s] GC(474)   Evacuate Collection Set: 0.2ms
[2025-06-03T15:52:12.069+0530][59.914s] GC(474)   Post Evacuate Collection Set: 0.4ms
[2025-06-03T15:52:12.069+0530][59.914s] GC(474)   Other: 0.1ms
[2025-06-03T15:52:12.069+0530][59.915s] GC(474) Eden regions: 306->0(306)
[2025-06-03T15:52:12.069+0530][59.915s] GC(474) Survivor regions: 1->1(39)
[2025-06-03T15:52:12.069+0530][59.915s] GC(474) Old regions: 9->9
[2025-06-03T15:52:12.069+0530][59.915s] GC(474) Archive regions: 2->2
[2025-06-03T15:52:12.069+0530][59.915s] GC(474) Humongous regions: 0->0
[2025-06-03T15:52:12.069+0530][59.915s] GC(474) Metaspace: 20384K(20864K)->20384K(20864K) NonClass: 17798K(18048K)->17798K(18048K) Class: 2585K(2816K)->2585K(2816K)
[2025-06-03T15:52:12.069+0530][59.915s] GC(474) Pause Young (Normal) (G1 Evacuation Pause) 315M->9M(512M) 1.028ms
[2025-06-03T15:52:12.069+0530][59.915s] GC(474) User=0.00s Sys=0.00s Real=0.00s
[2025-06-03T15:52:12.193+0530][60.039s] GC(475) Pause Young (Normal) (G1 Evacuation Pause)
[2025-06-03T15:52:12.193+0530][60.039s] GC(475) Using 8 workers of 8 for evacuation
[2025-06-03T15:52:12.194+0530][60.040s] GC(475) Skipped phase 1 of Reference Processing: no references
[2025-06-03T15:52:12.194+0530][60.040s] GC(475) Skipped phase 2 of Reference Processing: no references
[2025-06-03T15:52:12.194+0530][60.040s] GC(475) Skipped phase 3 of Reference Processing: no references
[2025-06-03T15:52:12.194+0530][60.040s] GC(475) Skipped phase 4 of Reference Processing: no references
[2025-06-03T15:52:12.194+0530][60.040s] GC(475)   Pre Evacuate Collection Set: 0.1ms
[2025-06-03T15:52:12.194+0530][60.040s] GC(475)   Merge Heap Roots: 0.1ms
[2025-06-03T15:52:12.194+0530][60.040s] GC(475)   Evacuate Collection Set: 0.2ms
[2025-06-03T15:52:12.194+0530][60.040s] GC(475)   Post Evacuate Collection Set: 0.5ms
[2025-06-03T15:52:12.194+0530][60.040s] GC(475)   Other: 0.2ms
[2025-06-03T15:52:12.194+0530][60.040s] GC(475) Eden regions: 306->0(306)
[2025-06-03T15:52:12.194+0530][60.040s] GC(475) Survivor regions: 1->1(39)
[2025-06-03T15:52:12.195+0530][60.040s] GC(475) Old regions: 9->9
[2025-06-03T15:52:12.195+0530][60.040s] GC(475) Archive regions: 2->2
[2025-06-03T15:52:12.195+0530][60.040s] GC(475) Humongous regions: 0->0
[2025-06-03T15:52:12.195+0530][60.040s] GC(475) Metaspace: 20407K(20864K)->20407K(20864K) NonClass: 17821K(18048K)->17821K(18048K) Class: 2585K(2816K)->2585K(2816K)
[2025-06-03T15:52:12.195+0530][60.040s] GC(475) Pause Young (Normal) (G1 Evacuation Pause) 315M->9M(512M) 1.319ms
[2025-06-03T15:52:12.195+0530][60.040s] GC(475) User=0.01s Sys=0.00s Real=0.00s
[2025-06-03T15:52:12.373+0530][60.219s] GC(476) Pause Young (Normal) (G1 Evacuation Pause)
[2025-06-03T15:52:12.373+0530][60.219s] GC(476) Using 8 workers of 8 for evacuation
[2025-06-03T15:52:12.374+0530][60.220s] GC(476) Skipped phase 1 of Reference Processing: no references
[2025-06-03T15:52:12.374+0530][60.220s] GC(476) Skipped phase 2 of Reference Processing: no references
[2025-06-03T15:52:12.374+0530][60.220s] GC(476) Skipped phase 3 of Reference Processing: no references
[2025-06-03T15:52:12.374+0530][60.220s] GC(476) Skipped phase 4 of Reference Processing: no references
[2025-06-03T15:52:12.375+0530][60.220s] GC(476)   Pre Evacuate Collection Set: 0.1ms
[2025-06-03T15:52:12.375+0530][60.220s] GC(476)   Merge Heap Roots: 0.1ms
[2025-06-03T15:52:12.375+0530][60.221s] GC(476)   Evacuate Collection Set: 0.3ms
[2025-06-03T15:52:12.375+0530][60.221s] GC(476)   Post Evacuate Collection Set: 0.6ms
[2025-06-03T15:52:12.375+0530][60.221s] GC(476)   Other: 0.2ms
[2025-06-03T15:52:12.375+0530][60.221s] GC(476) Eden regions: 306->0(306)
[2025-06-03T15:52:12.375+0530][60.221s] GC(476) Survivor regions: 1->1(39)
[2025-06-03T15:52:12.375+0530][60.221s] GC(476) Old regions: 9->9
[2025-06-03T15:52:12.375+0530][60.221s] GC(476) Archive regions: 2->2
[2025-06-03T15:52:12.375+0530][60.221s] GC(476) Humongous regions: 0->0
[2025-06-03T15:52:12.375+0530][60.221s] GC(476) Metaspace: 20407K(20864K)->20407K(20864K) NonClass: 17821K(18048K)->17821K(18048K) Class: 2585K(2816K)->2585K(2816K)
[2025-06-03T15:52:12.375+0530][60.221s] GC(476) Pause Young (Normal) (G1 Evacuation Pause) 315M->9M(512M) 1.686ms
[2025-06-03T15:52:12.375+0530][60.221s] GC(476) User=0.00s Sys=0.00s Real=0.00s
[2025-06-03T15:52:12.497+0530][60.343s] GC(477) Pause Young (Normal) (G1 Evacuation Pause)
[2025-06-03T15:52:12.497+0530][60.343s] GC(477) Using 8 workers of 8 for evacuation
[2025-06-03T15:52:12.498+0530][60.344s] GC(477) Skipped phase 1 of Reference Processing: no references
[2025-06-03T15:52:12.498+0530][60.344s] GC(477) Skipped phase 2 of Reference Processing: no references
[2025-06-03T15:52:12.498+0530][60.344s] GC(477) Skipped phase 3 of Reference Processing: no references
[2025-06-03T15:52:12.498+0530][60.344s] GC(477) Skipped phase 4 of Reference Processing: no references
[2025-06-03T15:52:12.498+0530][60.344s] GC(477)   Pre Evacuate Collection Set: 0.1ms
[2025-06-03T15:52:12.498+0530][60.344s] GC(477)   Merge Heap Roots: 0.1ms
[2025-06-03T15:52:12.498+0530][60.344s] GC(477)   Evacuate Collection Set: 0.2ms
[2025-06-03T15:52:12.498+0530][60.344s] GC(477)   Post Evacuate Collection Set: 0.4ms
[2025-06-03T15:52:12.498+0530][60.344s] GC(477)   Other: 0.1ms
[2025-06-03T15:52:12.498+0530][60.344s] GC(477) Eden regions: 306->0(306)
[2025-06-03T15:52:12.498+0530][60.344s] GC(477) Survivor regions: 1->1(39)
[2025-06-03T15:52:12.498+0530][60.344s] GC(477) Old regions: 9->9
[2025-06-03T15:52:12.498+0530][60.344s] GC(477) Archive regions: 2->2
[2025-06-03T15:52:12.498+0530][60.344s] GC(477) Humongous regions: 0->0
[2025-06-03T15:52:12.498+0530][60.344s] GC(477) Metaspace: 20407K(20864K)->20407K(20864K) NonClass: 17821K(18048K)->17821K(18048K) Class: 2585K(2816K)->2585K(2816K)
[2025-06-03T15:52:12.498+0530][60.344s] GC(477) Pause Young (Normal) (G1 Evacuation Pause) 315M->9M(512M) 1.058ms
[2025-06-03T15:52:12.498+0530][60.344s] GC(477) User=0.00s Sys=0.00s Real=0.00s
[2025-06-03T15:52:12.613+0530][60.459s] GC(478) Pause Young (Normal) (G1 Evacuation Pause)
[2025-06-03T15:52:12.613+0530][60.459s] GC(478) Using 8 workers of 8 for evacuation
[2025-06-03T15:52:12.614+0530][60.459s] GC(478) Skipped phase 1 of Reference Processing: no references
[2025-06-03T15:52:12.614+0530][60.459s] GC(478) Skipped phase 2 of Reference Processing: no references
[2025-06-03T15:52:12.614+0530][60.459s] GC(478) Skipped phase 3 of Reference Processing: no references
[2025-06-03T15:52:12.614+0530][60.459s] GC(478) Skipped phase 4 of Reference Processing: no references
[2025-06-03T15:52:12.614+0530][60.460s] GC(478)   Pre Evacuate Collection Set: 0.1ms
[2025-06-03T15:52:12.614+0530][60.460s] GC(478)   Merge Heap Roots: 0.1ms
[2025-06-03T15:52:12.614+0530][60.460s] GC(478)   Evacuate Collection Set: 0.2ms
[2025-06-03T15:52:12.614+0530][60.460s] GC(478)   Post Evacuate Collection Set: 0.4ms
[2025-06-03T15:52:12.614+0530][60.460s] GC(478)   Other: 0.1ms
[2025-06-03T15:52:12.614+0530][60.460s] GC(478) Eden regions: 306->0(306)
[2025-06-03T15:52:12.614+0530][60.460s] GC(478) Survivor regions: 1->1(39)
[2025-06-03T15:52:12.614+0530][60.460s] GC(478) Old regions: 9->9
[2025-06-03T15:52:12.614+0530][60.460s] GC(478) Archive regions: 2->2
[2025-06-03T15:52:12.614+0530][60.460s] GC(478) Humongous regions: 0->0
[2025-06-03T15:52:12.614+0530][60.460s] GC(478) Metaspace: 20407K(20864K)->20407K(20864K) NonClass: 17821K(18048K)->17821K(18048K) Class: 2585K(2816K)->2585K(2816K)
[2025-06-03T15:52:12.614+0530][60.460s] GC(478) Pause Young (Normal) (G1 Evacuation Pause) 315M->9M(512M) 1.054ms
[2025-06-03T15:52:12.614+0530][60.460s] GC(478) User=0.00s Sys=0.00s Real=0.00s
[2025-06-03T15:52:12.731+0530][60.577s] GC(479) Pause Young (Normal) (G1 Evacuation Pause)
[2025-06-03T15:52:12.731+0530][60.577s] GC(479) Using 8 workers of 8 for evacuation
[2025-06-03T15:52:12.731+0530][60.577s] GC(479) Skipped phase 1 of Reference Processing: no references
[2025-06-03T15:52:12.731+0530][60.577s] GC(479) Skipped phase 2 of Reference Processing: no references
[2025-06-03T15:52:12.731+0530][60.577s] GC(479) Skipped phase 3 of Reference Processing: no references
[2025-06-03T15:52:12.731+0530][60.577s] GC(479) Skipped phase 4 of Reference Processing: no references
[2025-06-03T15:52:12.732+0530][60.578s] GC(479)   Pre Evacuate Collection Set: 0.1ms
[2025-06-03T15:52:12.732+0530][60.578s] GC(479)   Merge Heap Roots: 0.1ms
[2025-06-03T15:52:12.732+0530][60.578s] GC(479)   Evacuate Collection Set: 0.2ms
[2025-06-03T15:52:12.732+0530][60.578s] GC(479)   Post Evacuate Collection Set: 0.4ms
[2025-06-03T15:52:12.732+0530][60.578s] GC(479)   Other: 0.2ms
[2025-06-03T15:52:12.732+0530][60.578s] GC(479) Eden regions: 306->0(306)
[2025-06-03T15:52:12.732+0530][60.578s] GC(479) Survivor regions: 1->1(39)
[2025-06-03T15:52:12.732+0530][60.578s] GC(479) Old regions: 9->9
[2025-06-03T15:52:12.732+0530][60.578s] GC(479) Archive regions: 2->2
[2025-06-03T15:52:12.732+0530][60.578s] GC(479) Humongous regions: 0->0
[2025-06-03T15:52:12.732+0530][60.578s] GC(479) Metaspace: 20407K(20864K)->20407K(20864K) NonClass: 17821K(18048K)->17821K(18048K) Class: 2585K(2816K)->2585K(2816K)
[2025-06-03T15:52:12.732+0530][60.578s] GC(479) Pause Young (Normal) (G1 Evacuation Pause) 315M->9M(512M) 1.027ms
[2025-06-03T15:52:12.732+0530][60.578s] GC(479) User=0.00s Sys=0.00s Real=0.00s
[2025-06-03T15:52:12.925+0530][60.771s] GC(480) Pause Young (Normal) (G1 Evacuation Pause)
[2025-06-03T15:52:12.925+0530][60.771s] GC(480) Using 8 workers of 8 for evacuation
[2025-06-03T15:52:12.925+0530][60.771s] GC(480) Skipped phase 1 of Reference Processing: no references
[2025-06-03T15:52:12.926+0530][60.771s] GC(480) Skipped phase 2 of Reference Processing: no references
[2025-06-03T15:52:12.926+0530][60.771s] GC(480) Skipped phase 3 of Reference Processing: no references
[2025-06-03T15:52:12.926+0530][60.771s] GC(480) Skipped phase 4 of Reference Processing: no references
[2025-06-03T15:52:12.926+0530][60.772s] GC(480)   Pre Evacuate Collection Set: 0.1ms
[2025-06-03T15:52:12.926+0530][60.772s] GC(480)   Merge Heap Roots: 0.1ms
[2025-06-03T15:52:12.926+0530][60.772s] GC(480)   Evacuate Collection Set: 0.2ms
[2025-06-03T15:52:12.926+0530][60.772s] GC(480)   Post Evacuate Collection Set: 0.4ms
[2025-06-03T15:52:12.926+0530][60.772s] GC(480)   Other: 0.1ms
[2025-06-03T15:52:12.926+0530][60.772s] GC(480) Eden regions: 306->0(306)
[2025-06-03T15:52:12.926+0530][60.772s] GC(480) Survivor regions: 1->1(39)
[2025-06-03T15:52:12.926+0530][60.772s] GC(480) Old regions: 9->9
[2025-06-03T15:52:12.926+0530][60.772s] GC(480) Archive regions: 2->2
[2025-06-03T15:52:12.926+0530][60.772s] GC(480) Humongous regions: 0->0
[2025-06-03T15:52:12.926+0530][60.772s] GC(480) Metaspace: 20407K(20864K)->20407K(20864K) NonClass: 17821K(18048K)->17821K(18048K) Class: 2585K(2816K)->2585K(2816K)
[2025-06-03T15:52:12.926+0530][60.772s] GC(480) Pause Young (Normal) (G1 Evacuation Pause) 315M->9M(512M) 1.033ms
[2025-06-03T15:52:12.926+0530][60.772s] GC(480) User=0.00s Sys=0.00s Real=0.00s
[2025-06-03T15:52:13.042+0530][60.888s] GC(481) Pause Young (Normal) (G1 Evacuation Pause)
[2025-06-03T15:52:13.042+0530][60.888s] GC(481) Using 8 workers of 8 for evacuation
[2025-06-03T15:52:13.042+0530][60.888s] GC(481) Skipped phase 1 of Reference Processing: no references
[2025-06-03T15:52:13.042+0530][60.888s] GC(481) Skipped phase 2 of Reference Processing: no references
[2025-06-03T15:52:13.043+0530][60.888s] GC(481) Skipped phase 3 of Reference Processing: no references
[2025-06-03T15:52:13.043+0530][60.888s] GC(481) Skipped phase 4 of Reference Processing: no references
[2025-06-03T15:52:13.043+0530][60.889s] GC(481)   Pre Evacuate Collection Set: 0.1ms
[2025-06-03T15:52:13.043+0530][60.889s] GC(481)   Merge Heap Roots: 0.1ms
[2025-06-03T15:52:13.043+0530][60.889s] GC(481)   Evacuate Collection Set: 0.2ms
[2025-06-03T15:52:13.043+0530][60.889s] GC(481)   Post Evacuate Collection Set: 0.5ms
[2025-06-03T15:52:13.043+0530][60.889s] GC(481)   Other: 0.1ms
[2025-06-03T15:52:13.043+0530][60.889s] GC(481) Eden regions: 306->0(306)
[2025-06-03T15:52:13.043+0530][60.889s] GC(481) Survivor regions: 1->1(39)
[2025-06-03T15:52:13.043+0530][60.889s] GC(481) Old regions: 9->9
[2025-06-03T15:52:13.043+0530][60.889s] GC(481) Archive regions: 2->2
[2025-06-03T15:52:13.043+0530][60.889s] GC(481) Humongous regions: 0->0
[2025-06-03T15:52:13.043+0530][60.889s] GC(481) Metaspace: 20407K(20864K)->20407K(20864K) NonClass: 17821K(18048K)->17821K(18048K) Class: 2585K(2816K)->2585K(2816K)
[2025-06-03T15:52:13.043+0530][60.889s] GC(481) Pause Young (Normal) (G1 Evacuation Pause) 315M->9M(512M) 1.117ms
[2025-06-03T15:52:13.043+0530][60.889s] GC(481) User=0.00s Sys=0.00s Real=0.00s
[2025-06-03T15:52:13.177+0530][61.023s] GC(482) Pause Young (Normal) (G1 Evacuation Pause)
[2025-06-03T15:52:13.177+0530][61.023s] GC(482) Using 8 workers of 8 for evacuation
[2025-06-03T15:52:13.177+0530][61.023s] GC(482) Skipped phase 1 of Reference Processing: no references
[2025-06-03T15:52:13.177+0530][61.023s] GC(482) Skipped phase 2 of Reference Processing: no references
[2025-06-03T15:52:13.177+0530][61.023s] GC(482) Skipped phase 3 of Reference Processing: no references
[2025-06-03T15:52:13.177+0530][61.023s] GC(482) Skipped phase 4 of Reference Processing: no references
[2025-06-03T15:52:13.178+0530][61.024s] GC(482)   Pre Evacuate Collection Set: 0.1ms
[2025-06-03T15:52:13.178+0530][61.024s] GC(482)   Merge Heap Roots: 0.1ms
[2025-06-03T15:52:13.178+0530][61.024s] GC(482)   Evacuate Collection Set: 0.2ms
[2025-06-03T15:52:13.178+0530][61.024s] GC(482)   Post Evacuate Collection Set: 0.4ms
[2025-06-03T15:52:13.178+0530][61.024s] GC(482)   Other: 0.2ms
[2025-06-03T15:52:13.178+0530][61.024s] GC(482) Eden regions: 306->0(306)
[2025-06-03T15:52:13.178+0530][61.024s] GC(482) Survivor regions: 1->1(39)
[2025-06-03T15:52:13.178+0530][61.024s] GC(482) Old regions: 9->9
[2025-06-03T15:52:13.178+0530][61.024s] GC(482) Archive regions: 2->2
[2025-06-03T15:52:13.178+0530][61.024s] GC(482) Humongous regions: 0->0
[2025-06-03T15:52:13.178+0530][61.024s] GC(482) Metaspace: 20423K(20928K)->20423K(20928K) NonClass: 17837K(18112K)->17837K(18112K) Class: 2585K(2816K)->2585K(2816K)
[2025-06-03T15:52:13.178+0530][61.024s] GC(482) Pause Young (Normal) (G1 Evacuation Pause) 315M->9M(512M) 1.164ms
[2025-06-03T15:52:13.178+0530][61.024s] GC(482) User=0.01s Sys=0.00s Real=0.00s
[2025-06-03T15:52:13.319+0530][61.165s] GC(483) Pause Young (Normal) (G1 Evacuation Pause)
[2025-06-03T15:52:13.319+0530][61.165s] GC(483) Using 8 workers of 8 for evacuation
[2025-06-03T15:52:13.320+0530][61.165s] GC(483) Skipped phase 1 of Reference Processing: no references
[2025-06-03T15:52:13.320+0530][61.165s] GC(483) Skipped phase 2 of Reference Processing: no references
[2025-06-03T15:52:13.320+0530][61.165s] GC(483) Skipped phase 3 of Reference Processing: no references
[2025-06-03T15:52:13.320+0530][61.166s] GC(483) Skipped phase 4 of Reference Processing: no references
[2025-06-03T15:52:13.320+0530][61.166s] GC(483)   Pre Evacuate Collection Set: 0.1ms
[2025-06-03T15:52:13.320+0530][61.166s] GC(483)   Merge Heap Roots: 0.1ms
[2025-06-03T15:52:13.320+0530][61.166s] GC(483)   Evacuate Collection Set: 0.2ms
[2025-06-03T15:52:13.320+0530][61.166s] GC(483)   Post Evacuate Collection Set: 0.4ms
[2025-06-03T15:52:13.320+0530][61.166s] GC(483)   Other: 0.1ms
[2025-06-03T15:52:13.320+0530][61.166s] GC(483) Eden regions: 306->0(306)
[2025-06-03T15:52:13.320+0530][61.166s] GC(483) Survivor regions: 1->1(39)
[2025-06-03T15:52:13.320+0530][61.166s] GC(483) Old regions: 9->9
[2025-06-03T15:52:13.320+0530][61.166s] GC(483) Archive regions: 2->2
[2025-06-03T15:52:13.320+0530][61.166s] GC(483) Humongous regions: 0->0
[2025-06-03T15:52:13.320+0530][61.166s] GC(483) Metaspace: 20423K(20928K)->20423K(20928K) NonClass: 17837K(18112K)->17837K(18112K) Class: 2585K(2816K)->2585K(2816K)
[2025-06-03T15:52:13.320+0530][61.166s] GC(483) Pause Young (Normal) (G1 Evacuation Pause) 315M->9M(512M) 1.266ms
[2025-06-03T15:52:13.320+0530][61.166s] GC(483) User=0.00s Sys=0.01s Real=0.01s
[2025-06-03T15:52:13.436+0530][61.282s] GC(484) Pause Young (Normal) (G1 Evacuation Pause)
[2025-06-03T15:52:13.436+0530][61.282s] GC(484) Using 8 workers of 8 for evacuation
[2025-06-03T15:52:13.436+0530][61.282s] GC(484) Skipped phase 1 of Reference Processing: no references
[2025-06-03T15:52:13.436+0530][61.282s] GC(484) Skipped phase 2 of Reference Processing: no references
[2025-06-03T15:52:13.436+0530][61.282s] GC(484) Skipped phase 3 of Reference Processing: no references
[2025-06-03T15:52:13.436+0530][61.282s] GC(484) Skipped phase 4 of Reference Processing: no references
[2025-06-03T15:52:13.437+0530][61.282s] GC(484)   Pre Evacuate Collection Set: 0.1ms
[2025-06-03T15:52:13.437+0530][61.282s] GC(484)   Merge Heap Roots: 0.1ms
[2025-06-03T15:52:13.437+0530][61.282s] GC(484)   Evacuate Collection Set: 0.2ms
[2025-06-03T15:52:13.437+0530][61.282s] GC(484)   Post Evacuate Collection Set: 0.4ms
[2025-06-03T15:52:13.437+0530][61.282s] GC(484)   Other: 0.1ms
[2025-06-03T15:52:13.437+0530][61.282s] GC(484) Eden regions: 306->0(306)
[2025-06-03T15:52:13.437+0530][61.282s] GC(484) Survivor regions: 1->1(39)
[2025-06-03T15:52:13.437+0530][61.283s] GC(484) Old regions: 9->9
[2025-06-03T15:52:13.437+0530][61.283s] GC(484) Archive regions: 2->2
[2025-06-03T15:52:13.437+0530][61.283s] GC(484) Humongous regions: 0->0
[2025-06-03T15:52:13.437+0530][61.283s] GC(484) Metaspace: 20423K(20928K)->20423K(20928K) NonClass: 17837K(18112K)->17837K(18112K) Class: 2585K(2816K)->2585K(2816K)
[2025-06-03T15:52:13.437+0530][61.283s] GC(484) Pause Young (Normal) (G1 Evacuation Pause) 315M->9M(512M) 0.979ms
[2025-06-03T15:52:13.437+0530][61.283s] GC(484) User=0.00s Sys=0.00s Real=0.00s
[2025-06-03T15:52:13.557+0530][61.403s] GC(485) Pause Young (Normal) (G1 Evacuation Pause)
[2025-06-03T15:52:13.557+0530][61.403s] GC(485) Using 8 workers of 8 for evacuation
[2025-06-03T15:52:13.557+0530][61.403s] GC(485) Skipped phase 1 of Reference Processing: no references
[2025-06-03T15:52:13.557+0530][61.403s] GC(485) Skipped phase 2 of Reference Processing: no references
[2025-06-03T15:52:13.557+0530][61.403s] GC(485) Skipped phase 3 of Reference Processing: no references
[2025-06-03T15:52:13.557+0530][61.403s] GC(485) Skipped phase 4 of Reference Processing: no references
[2025-06-03T15:52:13.558+0530][61.404s] GC(485)   Pre Evacuate Collection Set: 0.1ms
[2025-06-03T15:52:13.558+0530][61.404s] GC(485)   Merge Heap Roots: 0.1ms
[2025-06-03T15:52:13.558+0530][61.404s] GC(485)   Evacuate Collection Set: 0.2ms
[2025-06-03T15:52:13.558+0530][61.404s] GC(485)   Post Evacuate Collection Set: 0.4ms
[2025-06-03T15:52:13.558+0530][61.404s] GC(485)   Other: 0.1ms
[2025-06-03T15:52:13.558+0530][61.404s] GC(485) Eden regions: 306->0(306)
[2025-06-03T15:52:13.558+0530][61.404s] GC(485) Survivor regions: 1->1(39)
[2025-06-03T15:52:13.558+0530][61.404s] GC(485) Old regions: 9->9
[2025-06-03T15:52:13.558+0530][61.404s] GC(485) Archive regions: 2->2
[2025-06-03T15:52:13.558+0530][61.404s] GC(485) Humongous regions: 0->0
[2025-06-03T15:52:13.558+0530][61.404s] GC(485) Metaspace: 20423K(20928K)->20423K(20928K) NonClass: 17837K(18112K)->17837K(18112K) Class: 2585K(2816K)->2585K(2816K)
[2025-06-03T15:52:13.558+0530][61.404s] GC(485) Pause Young (Normal) (G1 Evacuation Pause) 315M->9M(512M) 1.024ms
[2025-06-03T15:52:13.558+0530][61.404s] GC(485) User=0.00s Sys=0.00s Real=0.00s
[2025-06-03T15:52:13.676+0530][61.522s] GC(486) Pause Young (Normal) (G1 Evacuation Pause)
[2025-06-03T15:52:13.676+0530][61.522s] GC(486) Using 8 workers of 8 for evacuation
[2025-06-03T15:52:13.677+0530][61.523s] GC(486) Skipped phase 1 of Reference Processing: no references
[2025-06-03T15:52:13.677+0530][61.523s] GC(486) Skipped phase 2 of Reference Processing: no references
[2025-06-03T15:52:13.677+0530][61.523s] GC(486) Skipped phase 3 of Reference Processing: no references
[2025-06-03T15:52:13.677+0530][61.523s] GC(486) Skipped phase 4 of Reference Processing: no references
[2025-06-03T15:52:13.677+0530][61.523s] GC(486)   Pre Evacuate Collection Set: 0.1ms
[2025-06-03T15:52:13.677+0530][61.523s] GC(486)   Merge Heap Roots: 0.1ms
[2025-06-03T15:52:13.677+0530][61.523s] GC(486)   Evacuate Collection Set: 0.2ms
[2025-06-03T15:52:13.677+0530][61.523s] GC(486)   Post Evacuate Collection Set: 0.4ms
[2025-06-03T15:52:13.677+0530][61.523s] GC(486)   Other: 0.2ms
[2025-06-03T15:52:13.677+0530][61.523s] GC(486) Eden regions: 306->0(306)
[2025-06-03T15:52:13.677+0530][61.523s] GC(486) Survivor regions: 1->1(39)
[2025-06-03T15:52:13.677+0530][61.523s] GC(486) Old regions: 9->9
[2025-06-03T15:52:13.677+0530][61.523s] GC(486) Archive regions: 2->2
[2025-06-03T15:52:13.677+0530][61.523s] GC(486) Humongous regions: 0->0
[2025-06-03T15:52:13.677+0530][61.523s] GC(486) Metaspace: 20423K(20928K)->20423K(20928K) NonClass: 17837K(18112K)->17837K(18112K) Class: 2585K(2816K)->2585K(2816K)
[2025-06-03T15:52:13.677+0530][61.523s] GC(486) Pause Young (Normal) (G1 Evacuation Pause) 315M->9M(512M) 1.038ms
[2025-06-03T15:52:13.677+0530][61.523s] GC(486) User=0.00s Sys=0.00s Real=0.00s
[2025-06-03T15:52:13.795+0530][61.641s] GC(487) Pause Young (Normal) (G1 Evacuation Pause)
[2025-06-03T15:52:13.795+0530][61.641s] GC(487) Using 8 workers of 8 for evacuation
[2025-06-03T15:52:13.795+0530][61.641s] GC(487) Skipped phase 1 of Reference Processing: no references
[2025-06-03T15:52:13.795+0530][61.641s] GC(487) Skipped phase 2 of Reference Processing: no references
[2025-06-03T15:52:13.795+0530][61.641s] GC(487) Skipped phase 3 of Reference Processing: no references
[2025-06-03T15:52:13.795+0530][61.641s] GC(487) Skipped phase 4 of Reference Processing: no references
[2025-06-03T15:52:13.796+0530][61.641s] GC(487)   Pre Evacuate Collection Set: 0.1ms
[2025-06-03T15:52:13.796+0530][61.642s] GC(487)   Merge Heap Roots: 0.1ms
[2025-06-03T15:52:13.796+0530][61.642s] GC(487)   Evacuate Collection Set: 0.2ms
[2025-06-03T15:52:13.796+0530][61.642s] GC(487)   Post Evacuate Collection Set: 0.4ms
[2025-06-03T15:52:13.796+0530][61.642s] GC(487)   Other: 0.2ms
[2025-06-03T15:52:13.796+0530][61.642s] GC(487) Eden regions: 306->0(306)
[2025-06-03T15:52:13.796+0530][61.642s] GC(487) Survivor regions: 1->1(39)
[2025-06-03T15:52:13.796+0530][61.642s] GC(487) Old regions: 9->9
[2025-06-03T15:52:13.796+0530][61.642s] GC(487) Archive regions: 2->2
[2025-06-03T15:52:13.796+0530][61.642s] GC(487) Humongous regions: 0->0
[2025-06-03T15:52:13.796+0530][61.642s] GC(487) Metaspace: 20423K(20928K)->20423K(20928K) NonClass: 17837K(18112K)->17837K(18112K) Class: 2585K(2816K)->2585K(2816K)
[2025-06-03T15:52:13.796+0530][61.642s] GC(487) Pause Young (Normal) (G1 Evacuation Pause) 315M->9M(512M) 1.102ms
[2025-06-03T15:52:13.796+0530][61.642s] GC(487) User=0.00s Sys=0.00s Real=0.00s
[2025-06-03T15:52:13.924+0530][61.770s] GC(488) Pause Young (Normal) (G1 Evacuation Pause)
[2025-06-03T15:52:13.924+0530][61.770s] GC(488) Using 8 workers of 8 for evacuation
[2025-06-03T15:52:13.925+0530][61.771s] GC(488) Skipped phase 1 of Reference Processing: no references
[2025-06-03T15:52:13.925+0530][61.771s] GC(488) Skipped phase 2 of Reference Processing: no references
[2025-06-03T15:52:13.925+0530][61.771s] GC(488) Skipped phase 3 of Reference Processing: no references
[2025-06-03T15:52:13.925+0530][61.771s] GC(488) Skipped phase 4 of Reference Processing: no references
[2025-06-03T15:52:13.925+0530][61.771s] GC(488)   Pre Evacuate Collection Set: 0.1ms
[2025-06-03T15:52:13.925+0530][61.771s] GC(488)   Merge Heap Roots: 0.1ms
[2025-06-03T15:52:13.925+0530][61.771s] GC(488)   Evacuate Collection Set: 0.2ms
[2025-06-03T15:52:13.926+0530][61.771s] GC(488)   Post Evacuate Collection Set: 0.4ms
[2025-06-03T15:52:13.926+0530][61.771s] GC(488)   Other: 0.1ms
[2025-06-03T15:52:13.926+0530][61.771s] GC(488) Eden regions: 306->0(306)
[2025-06-03T15:52:13.926+0530][61.772s] GC(488) Survivor regions: 1->1(39)
[2025-06-03T15:52:13.926+0530][61.772s] GC(488) Old regions: 9->9
[2025-06-03T15:52:13.926+0530][61.772s] GC(488) Archive regions: 2->2
[2025-06-03T15:52:13.926+0530][61.772s] GC(488) Humongous regions: 0->0
[2025-06-03T15:52:13.926+0530][61.772s] GC(488) Metaspace: 20423K(20928K)->20423K(20928K) NonClass: 17837K(18112K)->17837K(18112K) Class: 2585K(2816K)->2585K(2816K)
[2025-06-03T15:52:13.926+0530][61.772s] GC(488) Pause Young (Normal) (G1 Evacuation Pause) 315M->9M(512M) 1.327ms
[2025-06-03T15:52:13.926+0530][61.772s] GC(488) User=0.01s Sys=0.00s Real=0.00s
[2025-06-03T15:52:14.078+0530][61.924s] GC(489) Pause Young (Normal) (G1 Evacuation Pause)
[2025-06-03T15:52:14.078+0530][61.924s] GC(489) Using 8 workers of 8 for evacuation
[2025-06-03T15:52:14.079+0530][61.925s] GC(489) Skipped phase 1 of Reference Processing: no references
[2025-06-03T15:52:14.079+0530][61.925s] GC(489) Skipped phase 2 of Reference Processing: no references
[2025-06-03T15:52:14.079+0530][61.925s] GC(489) Skipped phase 3 of Reference Processing: no references
[2025-06-03T15:52:14.079+0530][61.925s] GC(489) Skipped phase 4 of Reference Processing: no references
[2025-06-03T15:52:14.079+0530][61.925s] GC(489)   Pre Evacuate Collection Set: 0.1ms
[2025-06-03T15:52:14.079+0530][61.925s] GC(489)   Merge Heap Roots: 0.1ms
[2025-06-03T15:52:14.079+0530][61.925s] GC(489)   Evacuate Collection Set: 0.2ms
[2025-06-03T15:52:14.079+0530][61.925s] GC(489)   Post Evacuate Collection Set: 0.4ms
[2025-06-03T15:52:14.079+0530][61.925s] GC(489)   Other: 0.1ms
[2025-06-03T15:52:14.079+0530][61.925s] GC(489) Eden regions: 306->0(306)
[2025-06-03T15:52:14.079+0530][61.925s] GC(489) Survivor regions: 1->1(39)
[2025-06-03T15:52:14.079+0530][61.925s] GC(489) Old regions: 9->9
[2025-06-03T15:52:14.079+0530][61.925s] GC(489) Archive regions: 2->2
[2025-06-03T15:52:14.079+0530][61.925s] GC(489) Humongous regions: 0->0
[2025-06-03T15:52:14.079+0530][61.925s] GC(489) Metaspace: 20423K(20928K)->20423K(20928K) NonClass: 17837K(18112K)->17837K(18112K) Class: 2585K(2816K)->2585K(2816K)
[2025-06-03T15:52:14.079+0530][61.925s] GC(489) Pause Young (Normal) (G1 Evacuation Pause) 315M->9M(512M) 1.001ms
[2025-06-03T15:52:14.079+0530][61.925s] GC(489) User=0.00s Sys=0.00s Real=0.00s
[2025-06-03T15:52:14.203+0530][62.049s] GC(490) Pause Young (Normal) (G1 Evacuation Pause)
[2025-06-03T15:52:14.203+0530][62.049s] GC(490) Using 8 workers of 8 for evacuation
[2025-06-03T15:52:14.203+0530][62.049s] GC(490) Skipped phase 1 of Reference Processing: no references
[2025-06-03T15:52:14.203+0530][62.049s] GC(490) Skipped phase 2 of Reference Processing: no references
[2025-06-03T15:52:14.203+0530][62.049s] GC(490) Skipped phase 3 of Reference Processing: no references
[2025-06-03T15:52:14.203+0530][62.049s] GC(490) Skipped phase 4 of Reference Processing: no references
[2025-06-03T15:52:14.204+0530][62.050s] GC(490)   Pre Evacuate Collection Set: 0.1ms
[2025-06-03T15:52:14.204+0530][62.050s] GC(490)   Merge Heap Roots: 0.1ms
[2025-06-03T15:52:14.204+0530][62.050s] GC(490)   Evacuate Collection Set: 0.2ms
[2025-06-03T15:52:14.204+0530][62.050s] GC(490)   Post Evacuate Collection Set: 0.4ms
[2025-06-03T15:52:14.204+0530][62.050s] GC(490)   Other: 0.2ms
[2025-06-03T15:52:14.204+0530][62.050s] GC(490) Eden regions: 306->0(306)
[2025-06-03T15:52:14.204+0530][62.050s] GC(490) Survivor regions: 1->1(39)
[2025-06-03T15:52:14.204+0530][62.050s] GC(490) Old regions: 9->9
[2025-06-03T15:52:14.204+0530][62.050s] GC(490) Archive regions: 2->2
[2025-06-03T15:52:14.204+0530][62.050s] GC(490) Humongous regions: 0->0
[2025-06-03T15:52:14.204+0530][62.050s] GC(490) Metaspace: 20424K(20928K)->20424K(20928K) NonClass: 17838K(18112K)->17838K(18112K) Class: 2585K(2816K)->2585K(2816K)
[2025-06-03T15:52:14.204+0530][62.050s] GC(490) Pause Young (Normal) (G1 Evacuation Pause) 315M->9M(512M) 1.167ms
[2025-06-03T15:52:14.204+0530][62.050s] GC(490) User=0.00s Sys=0.00s Real=0.00s
[2025-06-03T15:52:14.328+0530][62.174s] GC(491) Pause Young (Normal) (G1 Evacuation Pause)
[2025-06-03T15:52:14.328+0530][62.174s] GC(491) Using 8 workers of 8 for evacuation
[2025-06-03T15:52:14.329+0530][62.175s] GC(491) Skipped phase 1 of Reference Processing: no references
[2025-06-03T15:52:14.329+0530][62.175s] GC(491) Skipped phase 2 of Reference Processing: no references
[2025-06-03T15:52:14.329+0530][62.175s] GC(491) Skipped phase 3 of Reference Processing: no references
[2025-06-03T15:52:14.329+0530][62.175s] GC(491) Skipped phase 4 of Reference Processing: no references
[2025-06-03T15:52:14.329+0530][62.175s] GC(491)   Pre Evacuate Collection Set: 0.1ms
[2025-06-03T15:52:14.329+0530][62.175s] GC(491)   Merge Heap Roots: 0.1ms
[2025-06-03T15:52:14.329+0530][62.175s] GC(491)   Evacuate Collection Set: 0.2ms
[2025-06-03T15:52:14.329+0530][62.175s] GC(491)   Post Evacuate Collection Set: 0.4ms
[2025-06-03T15:52:14.329+0530][62.175s] GC(491)   Other: 0.2ms
[2025-06-03T15:52:14.329+0530][62.175s] GC(491) Eden regions: 306->0(306)
[2025-06-03T15:52:14.329+0530][62.175s] GC(491) Survivor regions: 1->1(39)
[2025-06-03T15:52:14.329+0530][62.175s] GC(491) Old regions: 9->9
[2025-06-03T15:52:14.329+0530][62.175s] GC(491) Archive regions: 2->2
[2025-06-03T15:52:14.329+0530][62.175s] GC(491) Humongous regions: 0->0
[2025-06-03T15:52:14.329+0530][62.175s] GC(491) Metaspace: 20424K(20928K)->20424K(20928K) NonClass: 17838K(18112K)->17838K(18112K) Class: 2585K(2816K)->2585K(2816K)
[2025-06-03T15:52:14.329+0530][62.175s] GC(491) Pause Young (Normal) (G1 Evacuation Pause) 315M->9M(512M) 1.134ms
[2025-06-03T15:52:14.329+0530][62.175s] GC(491) User=0.00s Sys=0.00s Real=0.00s
[2025-06-03T15:52:14.452+0530][62.298s] GC(492) Pause Young (Normal) (G1 Evacuation Pause)
[2025-06-03T15:52:14.452+0530][62.298s] GC(492) Using 8 workers of 8 for evacuation
[2025-06-03T15:52:14.452+0530][62.298s] GC(492) Skipped phase 1 of Reference Processing: no references
[2025-06-03T15:52:14.452+0530][62.298s] GC(492) Skipped phase 2 of Reference Processing: no references
[2025-06-03T15:52:14.452+0530][62.298s] GC(492) Skipped phase 3 of Reference Processing: no references
[2025-06-03T15:52:14.452+0530][62.298s] GC(492) Skipped phase 4 of Reference Processing: no references
[2025-06-03T15:52:14.453+0530][62.298s] GC(492)   Pre Evacuate Collection Set: 0.1ms
[2025-06-03T15:52:14.453+0530][62.299s] GC(492)   Merge Heap Roots: 0.1ms
[2025-06-03T15:52:14.453+0530][62.299s] GC(492)   Evacuate Collection Set: 0.2ms
[2025-06-03T15:52:14.453+0530][62.299s] GC(492)   Post Evacuate Collection Set: 0.4ms
[2025-06-03T15:52:14.453+0530][62.299s] GC(492)   Other: 0.2ms
[2025-06-03T15:52:14.453+0530][62.299s] GC(492) Eden regions: 306->0(306)
[2025-06-03T15:52:14.453+0530][62.299s] GC(492) Survivor regions: 1->1(39)
[2025-06-03T15:52:14.453+0530][62.299s] GC(492) Old regions: 9->9
[2025-06-03T15:52:14.453+0530][62.299s] GC(492) Archive regions: 2->2
[2025-06-03T15:52:14.453+0530][62.299s] GC(492) Humongous regions: 0->0
[2025-06-03T15:52:14.453+0530][62.299s] GC(492) Metaspace: 20424K(20928K)->20424K(20928K) NonClass: 17838K(18112K)->17838K(18112K) Class: 2585K(2816K)->2585K(2816K)
[2025-06-03T15:52:14.453+0530][62.299s] GC(492) Pause Young (Normal) (G1 Evacuation Pause) 315M->9M(512M) 1.049ms
[2025-06-03T15:52:14.453+0530][62.299s] GC(492) User=0.00s Sys=0.01s Real=0.00s
[2025-06-03T15:52:14.569+0530][62.415s] GC(493) Pause Young (Normal) (G1 Evacuation Pause)
[2025-06-03T15:52:14.569+0530][62.415s] GC(493) Using 8 workers of 8 for evacuation
[2025-06-03T15:52:14.569+0530][62.415s] GC(493) Skipped phase 1 of Reference Processing: no references
[2025-06-03T15:52:14.569+0530][62.415s] GC(493) Skipped phase 2 of Reference Processing: no references
[2025-06-03T15:52:14.569+0530][62.415s] GC(493) Skipped phase 3 of Reference Processing: no references
[2025-06-03T15:52:14.569+0530][62.415s] GC(493) Skipped phase 4 of Reference Processing: no references
[2025-06-03T15:52:14.570+0530][62.416s] GC(493)   Pre Evacuate Collection Set: 0.1ms
[2025-06-03T15:52:14.570+0530][62.416s] GC(493)   Merge Heap Roots: 0.1ms
[2025-06-03T15:52:14.570+0530][62.416s] GC(493)   Evacuate Collection Set: 0.2ms
[2025-06-03T15:52:14.570+0530][62.416s] GC(493)   Post Evacuate Collection Set: 0.4ms
[2025-06-03T15:52:14.570+0530][62.416s] GC(493)   Other: 0.1ms
[2025-06-03T15:52:14.570+0530][62.416s] GC(493) Eden regions: 306->0(306)
[2025-06-03T15:52:14.570+0530][62.416s] GC(493) Survivor regions: 1->1(39)
[2025-06-03T15:52:14.570+0530][62.416s] GC(493) Old regions: 9->9
[2025-06-03T15:52:14.570+0530][62.416s] GC(493) Archive regions: 2->2
[2025-06-03T15:52:14.570+0530][62.416s] GC(493) Humongous regions: 0->0
[2025-06-03T15:52:14.570+0530][62.416s] GC(493) Metaspace: 20424K(20928K)->20424K(20928K) NonClass: 17838K(18112K)->17838K(18112K) Class: 2585K(2816K)->2585K(2816K)
[2025-06-03T15:52:14.570+0530][62.416s] GC(493) Pause Young (Normal) (G1 Evacuation Pause) 315M->9M(512M) 1.115ms
[2025-06-03T15:52:14.570+0530][62.416s] GC(493) User=0.00s Sys=0.00s Real=0.01s
[2025-06-03T15:52:14.689+0530][62.535s] GC(494) Pause Young (Normal) (G1 Evacuation Pause)
[2025-06-03T15:52:14.689+0530][62.535s] GC(494) Using 8 workers of 8 for evacuation
[2025-06-03T15:52:14.689+0530][62.535s] GC(494) Skipped phase 1 of Reference Processing: no references
[2025-06-03T15:52:14.689+0530][62.535s] GC(494) Skipped phase 2 of Reference Processing: no references
[2025-06-03T15:52:14.689+0530][62.535s] GC(494) Skipped phase 3 of Reference Processing: no references
[2025-06-03T15:52:14.689+0530][62.535s] GC(494) Skipped phase 4 of Reference Processing: no references
[2025-06-03T15:52:14.690+0530][62.536s] GC(494)   Pre Evacuate Collection Set: 0.1ms
[2025-06-03T15:52:14.690+0530][62.536s] GC(494)   Merge Heap Roots: 0.1ms
[2025-06-03T15:52:14.690+0530][62.536s] GC(494)   Evacuate Collection Set: 0.2ms
[2025-06-03T15:52:14.690+0530][62.536s] GC(494)   Post Evacuate Collection Set: 0.4ms
[2025-06-03T15:52:14.690+0530][62.536s] GC(494)   Other: 0.2ms
[2025-06-03T15:52:14.690+0530][62.536s] GC(494) Eden regions: 306->0(306)
[2025-06-03T15:52:14.690+0530][62.536s] GC(494) Survivor regions: 1->1(39)
[2025-06-03T15:52:14.690+0530][62.536s] GC(494) Old regions: 9->9
[2025-06-03T15:52:14.690+0530][62.536s] GC(494) Archive regions: 2->2
[2025-06-03T15:52:14.690+0530][62.536s] GC(494) Humongous regions: 0->0
[2025-06-03T15:52:14.690+0530][62.536s] GC(494) Metaspace: 20424K(20928K)->20424K(20928K) NonClass: 17838K(18112K)->17838K(18112K) Class: 2585K(2816K)->2585K(2816K)
[2025-06-03T15:52:14.690+0530][62.536s] GC(494) Pause Young (Normal) (G1 Evacuation Pause) 315M->9M(512M) 1.037ms
[2025-06-03T15:52:14.690+0530][62.536s] GC(494) User=0.00s Sys=0.00s Real=0.01s
[2025-06-03T15:52:14.804+0530][62.650s] GC(495) Pause Young (Normal) (G1 Evacuation Pause)
[2025-06-03T15:52:14.804+0530][62.650s] GC(495) Using 8 workers of 8 for evacuation
[2025-06-03T15:52:14.804+0530][62.650s] GC(495) Skipped phase 1 of Reference Processing: no references
[2025-06-03T15:52:14.804+0530][62.650s] GC(495) Skipped phase 2 of Reference Processing: no references
[2025-06-03T15:52:14.804+0530][62.650s] GC(495) Skipped phase 3 of Reference Processing: no references
[2025-06-03T15:52:14.804+0530][62.650s] GC(495) Skipped phase 4 of Reference Processing: no references
[2025-06-03T15:52:14.805+0530][62.651s] GC(495)   Pre Evacuate Collection Set: 0.1ms
[2025-06-03T15:52:14.805+0530][62.651s] GC(495)   Merge Heap Roots: 0.1ms
[2025-06-03T15:52:14.805+0530][62.651s] GC(495)   Evacuate Collection Set: 0.2ms
[2025-06-03T15:52:14.805+0530][62.651s] GC(495)   Post Evacuate Collection Set: 0.4ms
[2025-06-03T15:52:14.805+0530][62.651s] GC(495)   Other: 0.2ms
[2025-06-03T15:52:14.805+0530][62.651s] GC(495) Eden regions: 306->0(306)
[2025-06-03T15:52:14.805+0530][62.651s] GC(495) Survivor regions: 1->1(39)
[2025-06-03T15:52:14.805+0530][62.651s] GC(495) Old regions: 9->9
[2025-06-03T15:52:14.805+0530][62.651s] GC(495) Archive regions: 2->2
[2025-06-03T15:52:14.805+0530][62.651s] GC(495) Humongous regions: 0->0
[2025-06-03T15:52:14.805+0530][62.651s] GC(495) Metaspace: 20424K(20928K)->20424K(20928K) NonClass: 17838K(18112K)->17838K(18112K) Class: 2585K(2816K)->2585K(2816K)
[2025-06-03T15:52:14.805+0530][62.651s] GC(495) Pause Young (Normal) (G1 Evacuation Pause) 315M->9M(512M) 1.200ms
[2025-06-03T15:52:14.805+0530][62.651s] GC(495) User=0.00s Sys=0.00s Real=0.00s
[2025-06-03T15:52:14.920+0530][62.766s] GC(496) Pause Young (Normal) (G1 Evacuation Pause)
[2025-06-03T15:52:14.920+0530][62.766s] GC(496) Using 8 workers of 8 for evacuation
[2025-06-03T15:52:14.921+0530][62.766s] GC(496) Skipped phase 1 of Reference Processing: no references
[2025-06-03T15:52:14.921+0530][62.766s] GC(496) Skipped phase 2 of Reference Processing: no references
[2025-06-03T15:52:14.921+0530][62.767s] GC(496) Skipped phase 3 of Reference Processing: no references
[2025-06-03T15:52:14.921+0530][62.767s] GC(496) Skipped phase 4 of Reference Processing: no references
[2025-06-03T15:52:14.921+0530][62.767s] GC(496)   Pre Evacuate Collection Set: 0.1ms
[2025-06-03T15:52:14.921+0530][62.767s] GC(496)   Merge Heap Roots: 0.1ms
[2025-06-03T15:52:14.921+0530][62.767s] GC(496)   Evacuate Collection Set: 0.2ms
[2025-06-03T15:52:14.921+0530][62.767s] GC(496)   Post Evacuate Collection Set: 0.4ms
[2025-06-03T15:52:14.921+0530][62.767s] GC(496)   Other: 0.2ms
[2025-06-03T15:52:14.921+0530][62.767s] GC(496) Eden regions: 306->0(306)
[2025-06-03T15:52:14.921+0530][62.767s] GC(496) Survivor regions: 1->1(39)
[2025-06-03T15:52:14.921+0530][62.767s] GC(496) Old regions: 9->9
[2025-06-03T15:52:14.921+0530][62.767s] GC(496) Archive regions: 2->2
[2025-06-03T15:52:14.921+0530][62.767s] GC(496) Humongous regions: 0->0
[2025-06-03T15:52:14.921+0530][62.767s] GC(496) Metaspace: 20424K(20928K)->20424K(20928K) NonClass: 17838K(18112K)->17838K(18112K) Class: 2585K(2816K)->2585K(2816K)
[2025-06-03T15:52:14.921+0530][62.767s] GC(496) Pause Young (Normal) (G1 Evacuation Pause) 315M->9M(512M) 1.070ms
[2025-06-03T15:52:14.921+0530][62.767s] GC(496) User=0.00s Sys=0.00s Real=0.00s
[2025-06-03T15:52:15.036+0530][62.882s] GC(497) Pause Young (Normal) (G1 Evacuation Pause)
[2025-06-03T15:52:15.036+0530][62.882s] GC(497) Using 8 workers of 8 for evacuation
[2025-06-03T15:52:15.037+0530][62.882s] GC(497) Skipped phase 1 of Reference Processing: no references
[2025-06-03T15:52:15.037+0530][62.883s] GC(497) Skipped phase 2 of Reference Processing: no references
[2025-06-03T15:52:15.037+0530][62.883s] GC(497) Skipped phase 3 of Reference Processing: no references
[2025-06-03T15:52:15.037+0530][62.883s] GC(497) Skipped phase 4 of Reference Processing: no references
[2025-06-03T15:52:15.037+0530][62.883s] GC(497)   Pre Evacuate Collection Set: 0.1ms
[2025-06-03T15:52:15.037+0530][62.883s] GC(497)   Merge Heap Roots: 0.1ms
[2025-06-03T15:52:15.037+0530][62.883s] GC(497)   Evacuate Collection Set: 0.2ms
[2025-06-03T15:52:15.037+0530][62.883s] GC(497)   Post Evacuate Collection Set: 0.4ms
[2025-06-03T15:52:15.037+0530][62.883s] GC(497)   Other: 0.1ms
[2025-06-03T15:52:15.037+0530][62.883s] GC(497) Eden regions: 306->0(306)
[2025-06-03T15:52:15.037+0530][62.883s] GC(497) Survivor regions: 1->1(39)
[2025-06-03T15:52:15.037+0530][62.883s] GC(497) Old regions: 9->9
[2025-06-03T15:52:15.037+0530][62.883s] GC(497) Archive regions: 2->2
[2025-06-03T15:52:15.037+0530][62.883s] GC(497) Humongous regions: 0->0
[2025-06-03T15:52:15.037+0530][62.883s] GC(497) Metaspace: 20424K(20928K)->20424K(20928K) NonClass: 17838K(18112K)->17838K(18112K) Class: 2585K(2816K)->2585K(2816K)
[2025-06-03T15:52:15.037+0530][62.883s] GC(497) Pause Young (Normal) (G1 Evacuation Pause) 315M->9M(512M) 1.010ms
[2025-06-03T15:52:15.037+0530][62.883s] GC(497) User=0.00s Sys=0.00s Real=0.00s
[2025-06-03T15:52:15.176+0530][63.022s] GC(498) Pause Young (Normal) (G1 Evacuation Pause)
[2025-06-03T15:52:15.177+0530][63.022s] GC(498) Using 8 workers of 8 for evacuation
[2025-06-03T15:52:15.177+0530][63.023s] GC(498) Skipped phase 1 of Reference Processing: no references
[2025-06-03T15:52:15.177+0530][63.023s] GC(498) Skipped phase 2 of Reference Processing: no references
[2025-06-03T15:52:15.177+0530][63.023s] GC(498) Skipped phase 3 of Reference Processing: no references
[2025-06-03T15:52:15.177+0530][63.023s] GC(498) Skipped phase 4 of Reference Processing: no references
[2025-06-03T15:52:15.178+0530][63.024s] GC(498)   Pre Evacuate Collection Set: 0.1ms
[2025-06-03T15:52:15.178+0530][63.024s] GC(498)   Merge Heap Roots: 0.1ms
[2025-06-03T15:52:15.178+0530][63.024s] GC(498)   Evacuate Collection Set: 0.2ms
[2025-06-03T15:52:15.178+0530][63.024s] GC(498)   Post Evacuate Collection Set: 0.6ms
[2025-06-03T15:52:15.178+0530][63.024s] GC(498)   Other: 0.2ms
[2025-06-03T15:52:15.178+0530][63.024s] GC(498) Eden regions: 306->0(306)
[2025-06-03T15:52:15.178+0530][63.024s] GC(498) Survivor regions: 1->1(39)
[2025-06-03T15:52:15.178+0530][63.024s] GC(498) Old regions: 9->9
[2025-06-03T15:52:15.178+0530][63.024s] GC(498) Archive regions: 2->2
[2025-06-03T15:52:15.178+0530][63.024s] GC(498) Humongous regions: 0->0
[2025-06-03T15:52:15.178+0530][63.024s] GC(498) Metaspace: 20424K(20928K)->20424K(20928K) NonClass: 17838K(18112K)->17838K(18112K) Class: 2585K(2816K)->2585K(2816K)
[2025-06-03T15:52:15.178+0530][63.024s] GC(498) Pause Young (Normal) (G1 Evacuation Pause) 315M->9M(512M) 1.422ms
[2025-06-03T15:52:15.178+0530][63.024s] GC(498) User=0.00s Sys=0.00s Real=0.00s
[2025-06-03T15:52:15.311+0530][63.157s] GC(499) Pause Young (Normal) (G1 Evacuation Pause)
[2025-06-03T15:52:15.311+0530][63.157s] GC(499) Using 8 workers of 8 for evacuation
[2025-06-03T15:52:15.311+0530][63.157s] GC(499) Skipped phase 1 of Reference Processing: no references
[2025-06-03T15:52:15.311+0530][63.157s] GC(499) Skipped phase 2 of Reference Processing: no references
[2025-06-03T15:52:15.311+0530][63.157s] GC(499) Skipped phase 3 of Reference Processing: no references
[2025-06-03T15:52:15.311+0530][63.157s] GC(499) Skipped phase 4 of Reference Processing: no references
[2025-06-03T15:52:15.312+0530][63.157s] GC(499)   Pre Evacuate Collection Set: 0.1ms
[2025-06-03T15:52:15.312+0530][63.158s] GC(499)   Merge Heap Roots: 0.1ms
[2025-06-03T15:52:15.312+0530][63.158s] GC(499)   Evacuate Collection Set: 0.2ms
[2025-06-03T15:52:15.312+0530][63.158s] GC(499)   Post Evacuate Collection Set: 0.4ms
[2025-06-03T15:52:15.312+0530][63.158s] GC(499)   Other: 0.1ms
[2025-06-03T15:52:15.312+0530][63.158s] GC(499) Eden regions: 306->0(306)
[2025-06-03T15:52:15.312+0530][63.158s] GC(499) Survivor regions: 1->1(39)
[2025-06-03T15:52:15.312+0530][63.158s] GC(499) Old regions: 9->9
[2025-06-03T15:52:15.312+0530][63.158s] GC(499) Archive regions: 2->2
[2025-06-03T15:52:15.312+0530][63.158s] GC(499) Humongous regions: 0->0
[2025-06-03T15:52:15.312+0530][63.158s] GC(499) Metaspace: 20424K(20928K)->20424K(20928K) NonClass: 17838K(18112K)->17838K(18112K) Class: 2585K(2816K)->2585K(2816K)
[2025-06-03T15:52:15.312+0530][63.158s] GC(499) Pause Young (Normal) (G1 Evacuation Pause) 315M->9M(512M) 1.189ms
[2025-06-03T15:52:15.312+0530][63.158s] GC(499) User=0.00s Sys=0.01s Real=0.00s
[2025-06-03T15:52:15.452+0530][63.298s] GC(500) Pause Young (Normal) (G1 Evacuation Pause)
[2025-06-03T15:52:15.452+0530][63.298s] GC(500) Using 8 workers of 8 for evacuation
[2025-06-03T15:52:15.453+0530][63.299s] GC(500) Skipped phase 1 of Reference Processing: no references
[2025-06-03T15:52:15.453+0530][63.299s] GC(500) Skipped phase 2 of Reference Processing: no references
[2025-06-03T15:52:15.453+0530][63.299s] GC(500) Skipped phase 3 of Reference Processing: no references
[2025-06-03T15:52:15.453+0530][63.299s] GC(500) Skipped phase 4 of Reference Processing: no references
[2025-06-03T15:52:15.453+0530][63.299s] GC(500)   Pre Evacuate Collection Set: 0.1ms
[2025-06-03T15:52:15.453+0530][63.299s] GC(500)   Merge Heap Roots: 0.1ms
[2025-06-03T15:52:15.453+0530][63.299s] GC(500)   Evacuate Collection Set: 0.3ms
[2025-06-03T15:52:15.453+0530][63.299s] GC(500)   Post Evacuate Collection Set: 0.5ms
[2025-06-03T15:52:15.453+0530][63.299s] GC(500)   Other: 0.2ms
[2025-06-03T15:52:15.453+0530][63.299s] GC(500) Eden regions: 306->0(306)
[2025-06-03T15:52:15.454+0530][63.299s] GC(500) Survivor regions: 1->1(39)
[2025-06-03T15:52:15.454+0530][63.299s] GC(500) Old regions: 9->9
[2025-06-03T15:52:15.454+0530][63.299s] GC(500) Archive regions: 2->2
[2025-06-03T15:52:15.454+0530][63.299s] GC(500) Humongous regions: 0->0
[2025-06-03T15:52:15.454+0530][63.300s] GC(500) Metaspace: 20424K(20928K)->20424K(20928K) NonClass: 17838K(18112K)->17838K(18112K) Class: 2585K(2816K)->2585K(2816K)
[2025-06-03T15:52:15.454+0530][63.300s] GC(500) Pause Young (Normal) (G1 Evacuation Pause) 315M->9M(512M) 1.644ms
[2025-06-03T15:52:15.454+0530][63.300s] GC(500) User=0.00s Sys=0.00s Real=0.00s
[2025-06-03T15:52:15.584+0530][63.430s] GC(501) Pause Young (Normal) (G1 Evacuation Pause)
[2025-06-03T15:52:15.585+0530][63.430s] GC(501) Using 8 workers of 8 for evacuation
[2025-06-03T15:52:15.585+0530][63.431s] GC(501) Skipped phase 1 of Reference Processing: no references
[2025-06-03T15:52:15.585+0530][63.431s] GC(501) Skipped phase 2 of Reference Processing: no references
[2025-06-03T15:52:15.585+0530][63.431s] GC(501) Skipped phase 3 of Reference Processing: no references
[2025-06-03T15:52:15.585+0530][63.431s] GC(501) Skipped phase 4 of Reference Processing: no references
[2025-06-03T15:52:15.586+0530][63.431s] GC(501)   Pre Evacuate Collection Set: 0.1ms
[2025-06-03T15:52:15.586+0530][63.431s] GC(501)   Merge Heap Roots: 0.1ms
[2025-06-03T15:52:15.586+0530][63.431s] GC(501)   Evacuate Collection Set: 0.2ms
[2025-06-03T15:52:15.586+0530][63.431s] GC(501)   Post Evacuate Collection Set: 0.5ms
[2025-06-03T15:52:15.586+0530][63.432s] GC(501)   Other: 0.2ms
[2025-06-03T15:52:15.586+0530][63.432s] GC(501) Eden regions: 306->0(306)
[2025-06-03T15:52:15.586+0530][63.432s] GC(501) Survivor regions: 1->1(39)
[2025-06-03T15:52:15.586+0530][63.432s] GC(501) Old regions: 9->9
[2025-06-03T15:52:15.586+0530][63.432s] GC(501) Archive regions: 2->2
[2025-06-03T15:52:15.586+0530][63.432s] GC(501) Humongous regions: 0->0
[2025-06-03T15:52:15.586+0530][63.432s] GC(501) Metaspace: 20424K(20928K)->20424K(20928K) NonClass: 17838K(18112K)->17838K(18112K) Class: 2585K(2816K)->2585K(2816K)
[2025-06-03T15:52:15.586+0530][63.432s] GC(501) Pause Young (Normal) (G1 Evacuation Pause) 315M->9M(512M) 1.269ms
[2025-06-03T15:52:15.586+0530][63.432s] GC(501) User=0.00s Sys=0.00s Real=0.00s
[2025-06-03T15:52:15.722+0530][63.568s] GC(502) Pause Young (Normal) (G1 Evacuation Pause)
[2025-06-03T15:52:15.722+0530][63.568s] GC(502) Using 8 workers of 8 for evacuation
[2025-06-03T15:52:15.722+0530][63.568s] GC(502) Skipped phase 1 of Reference Processing: no references
[2025-06-03T15:52:15.722+0530][63.568s] GC(502) Skipped phase 2 of Reference Processing: no references
[2025-06-03T15:52:15.722+0530][63.568s] GC(502) Skipped phase 3 of Reference Processing: no references
[2025-06-03T15:52:15.722+0530][63.568s] GC(502) Skipped phase 4 of Reference Processing: no references
[2025-06-03T15:52:15.723+0530][63.569s] GC(502)   Pre Evacuate Collection Set: 0.1ms
[2025-06-03T15:52:15.723+0530][63.569s] GC(502)   Merge Heap Roots: 0.1ms
[2025-06-03T15:52:15.723+0530][63.569s] GC(502)   Evacuate Collection Set: 0.2ms
[2025-06-03T15:52:15.723+0530][63.569s] GC(502)   Post Evacuate Collection Set: 0.5ms
[2025-06-03T15:52:15.723+0530][63.569s] GC(502)   Other: 0.2ms
[2025-06-03T15:52:15.723+0530][63.569s] GC(502) Eden regions: 306->0(306)
[2025-06-03T15:52:15.723+0530][63.569s] GC(502) Survivor regions: 1->1(39)
[2025-06-03T15:52:15.723+0530][63.569s] GC(502) Old regions: 9->9
[2025-06-03T15:52:15.723+0530][63.569s] GC(502) Archive regions: 2->2
[2025-06-03T15:52:15.723+0530][63.569s] GC(502) Humongous regions: 0->0
[2025-06-03T15:52:15.723+0530][63.569s] GC(502) Metaspace: 20424K(20928K)->20424K(20928K) NonClass: 17838K(18112K)->17838K(18112K) Class: 2585K(2816K)->2585K(2816K)
[2025-06-03T15:52:15.723+0530][63.569s] GC(502) Pause Young (Normal) (G1 Evacuation Pause) 315M->9M(512M) 1.274ms
[2025-06-03T15:52:15.723+0530][63.569s] GC(502) User=0.00s Sys=0.00s Real=0.00s
[2025-06-03T15:52:15.845+0530][63.691s] GC(503) Pause Young (Normal) (G1 Evacuation Pause)
[2025-06-03T15:52:15.845+0530][63.691s] GC(503) Using 8 workers of 8 for evacuation
[2025-06-03T15:52:15.846+0530][63.692s] GC(503) Skipped phase 1 of Reference Processing: no references
[2025-06-03T15:52:15.846+0530][63.692s] GC(503) Skipped phase 2 of Reference Processing: no references
[2025-06-03T15:52:15.846+0530][63.692s] GC(503) Skipped phase 3 of Reference Processing: no references
[2025-06-03T15:52:15.846+0530][63.692s] GC(503) Skipped phase 4 of Reference Processing: no references
[2025-06-03T15:52:15.846+0530][63.692s] GC(503)   Pre Evacuate Collection Set: 0.1ms
[2025-06-03T15:52:15.846+0530][63.692s] GC(503)   Merge Heap Roots: 0.1ms
[2025-06-03T15:52:15.846+0530][63.692s] GC(503)   Evacuate Collection Set: 0.2ms
[2025-06-03T15:52:15.846+0530][63.692s] GC(503)   Post Evacuate Collection Set: 0.4ms
[2025-06-03T15:52:15.846+0530][63.692s] GC(503)   Other: 0.1ms
[2025-06-03T15:52:15.846+0530][63.692s] GC(503) Eden regions: 306->0(306)
[2025-06-03T15:52:15.846+0530][63.692s] GC(503) Survivor regions: 1->1(39)
[2025-06-03T15:52:15.846+0530][63.692s] GC(503) Old regions: 9->9
[2025-06-03T15:52:15.846+0530][63.692s] GC(503) Archive regions: 2->2
[2025-06-03T15:52:15.846+0530][63.692s] GC(503) Humongous regions: 0->0
[2025-06-03T15:52:15.846+0530][63.692s] GC(503) Metaspace: 20424K(20928K)->20424K(20928K) NonClass: 17838K(18112K)->17838K(18112K) Class: 2585K(2816K)->2585K(2816K)
[2025-06-03T15:52:15.846+0530][63.692s] GC(503) Pause Young (Normal) (G1 Evacuation Pause) 315M->9M(512M) 1.006ms
[2025-06-03T15:52:15.846+0530][63.692s] GC(503) User=0.01s Sys=0.00s Real=0.00s
[2025-06-03T15:52:15.968+0530][63.814s] GC(504) Pause Young (Normal) (G1 Evacuation Pause)
[2025-06-03T15:52:15.968+0530][63.814s] GC(504) Using 8 workers of 8 for evacuation
[2025-06-03T15:52:15.969+0530][63.814s] GC(504) Skipped phase 1 of Reference Processing: no references
[2025-06-03T15:52:15.969+0530][63.814s] GC(504) Skipped phase 2 of Reference Processing: no references
[2025-06-03T15:52:15.969+0530][63.815s] GC(504) Skipped phase 3 of Reference Processing: no references
[2025-06-03T15:52:15.969+0530][63.815s] GC(504) Skipped phase 4 of Reference Processing: no references
[2025-06-03T15:52:15.969+0530][63.815s] GC(504)   Pre Evacuate Collection Set: 0.1ms
[2025-06-03T15:52:15.969+0530][63.815s] GC(504)   Merge Heap Roots: 0.1ms
[2025-06-03T15:52:15.969+0530][63.815s] GC(504)   Evacuate Collection Set: 0.2ms
[2025-06-03T15:52:15.969+0530][63.815s] GC(504)   Post Evacuate Collection Set: 0.4ms
[2025-06-03T15:52:15.969+0530][63.815s] GC(504)   Other: 0.2ms
[2025-06-03T15:52:15.969+0530][63.815s] GC(504) Eden regions: 306->0(306)
[2025-06-03T15:52:15.969+0530][63.815s] GC(504) Survivor regions: 1->1(39)
[2025-06-03T15:52:15.969+0530][63.815s] GC(504) Old regions: 9->9
[2025-06-03T15:52:15.969+0530][63.815s] GC(504) Archive regions: 2->2
[2025-06-03T15:52:15.969+0530][63.815s] GC(504) Humongous regions: 0->0
[2025-06-03T15:52:15.969+0530][63.815s] GC(504) Metaspace: 20424K(20928K)->20424K(20928K) NonClass: 17838K(18112K)->17838K(18112K) Class: 2585K(2816K)->2585K(2816K)
[2025-06-03T15:52:15.969+0530][63.815s] GC(504) Pause Young (Normal) (G1 Evacuation Pause) 315M->9M(512M) 1.076ms
[2025-06-03T15:52:15.969+0530][63.815s] GC(504) User=0.00s Sys=0.00s Real=0.00s
[2025-06-03T15:52:16.087+0530][63.933s] GC(505) Pause Young (Normal) (G1 Evacuation Pause)
[2025-06-03T15:52:16.087+0530][63.933s] GC(505) Using 8 workers of 8 for evacuation
[2025-06-03T15:52:16.087+0530][63.933s] GC(505) Skipped phase 1 of Reference Processing: no references
[2025-06-03T15:52:16.087+0530][63.933s] GC(505) Skipped phase 2 of Reference Processing: no references
[2025-06-03T15:52:16.087+0530][63.933s] GC(505) Skipped phase 3 of Reference Processing: no references
[2025-06-03T15:52:16.087+0530][63.933s] GC(505) Skipped phase 4 of Reference Processing: no references
[2025-06-03T15:52:16.088+0530][63.934s] GC(505)   Pre Evacuate Collection Set: 0.1ms
[2025-06-03T15:52:16.088+0530][63.934s] GC(505)   Merge Heap Roots: 0.1ms
[2025-06-03T15:52:16.088+0530][63.934s] GC(505)   Evacuate Collection Set: 0.2ms
[2025-06-03T15:52:16.088+0530][63.934s] GC(505)   Post Evacuate Collection Set: 0.4ms
[2025-06-03T15:52:16.088+0530][63.934s] GC(505)   Other: 0.1ms
[2025-06-03T15:52:16.088+0530][63.934s] GC(505) Eden regions: 306->0(306)
[2025-06-03T15:52:16.088+0530][63.934s] GC(505) Survivor regions: 1->1(39)
[2025-06-03T15:52:16.088+0530][63.934s] GC(505) Old regions: 9->9
[2025-06-03T15:52:16.088+0530][63.934s] GC(505) Archive regions: 2->2
[2025-06-03T15:52:16.088+0530][63.934s] GC(505) Humongous regions: 0->0
[2025-06-03T15:52:16.088+0530][63.934s] GC(505) Metaspace: 20424K(20928K)->20424K(20928K) NonClass: 17838K(18112K)->17838K(18112K) Class: 2585K(2816K)->2585K(2816K)
[2025-06-03T15:52:16.088+0530][63.934s] GC(505) Pause Young (Normal) (G1 Evacuation Pause) 315M->9M(512M) 1.054ms
[2025-06-03T15:52:16.088+0530][63.934s] GC(505) User=0.00s Sys=0.00s Real=0.00s
[2025-06-03T15:52:16.220+0530][64.066s] GC(506) Pause Young (Normal) (G1 Evacuation Pause)
[2025-06-03T15:52:16.220+0530][64.066s] GC(506) Using 8 workers of 8 for evacuation
[2025-06-03T15:52:16.221+0530][64.067s] GC(506) Skipped phase 1 of Reference Processing: no references
[2025-06-03T15:52:16.221+0530][64.067s] GC(506) Skipped phase 2 of Reference Processing: no references
[2025-06-03T15:52:16.221+0530][64.067s] GC(506) Skipped phase 3 of Reference Processing: no references
[2025-06-03T15:52:16.221+0530][64.067s] GC(506) Skipped phase 4 of Reference Processing: no references
[2025-06-03T15:52:16.221+0530][64.067s] GC(506)   Pre Evacuate Collection Set: 0.1ms
[2025-06-03T15:52:16.221+0530][64.067s] GC(506)   Merge Heap Roots: 0.1ms
[2025-06-03T15:52:16.221+0530][64.067s] GC(506)   Evacuate Collection Set: 0.2ms
[2025-06-03T15:52:16.221+0530][64.067s] GC(506)   Post Evacuate Collection Set: 0.4ms
[2025-06-03T15:52:16.221+0530][64.067s] GC(506)   Other: 0.1ms
[2025-06-03T15:52:16.221+0530][64.067s] GC(506) Eden regions: 306->0(306)
[2025-06-03T15:52:16.221+0530][64.067s] GC(506) Survivor regions: 1->1(39)
[2025-06-03T15:52:16.221+0530][64.067s] GC(506) Old regions: 9->9
[2025-06-03T15:52:16.221+0530][64.067s] GC(506) Archive regions: 2->2
[2025-06-03T15:52:16.221+0530][64.067s] GC(506) Humongous regions: 0->0
[2025-06-03T15:52:16.221+0530][64.067s] GC(506) Metaspace: 20428K(20928K)->20428K(20928K) NonClass: 17842K(18112K)->17842K(18112K) Class: 2585K(2816K)->2585K(2816K)
[2025-06-03T15:52:16.221+0530][64.067s] GC(506) Pause Young (Normal) (G1 Evacuation Pause) 315M->9M(512M) 0.994ms
[2025-06-03T15:52:16.221+0530][64.067s] GC(506) User=0.00s Sys=0.00s Real=0.00s
[2025-06-03T15:52:16.337+0530][64.183s] GC(507) Pause Young (Normal) (G1 Evacuation Pause)
[2025-06-03T15:52:16.337+0530][64.183s] GC(507) Using 8 workers of 8 for evacuation
[2025-06-03T15:52:16.338+0530][64.183s] GC(507) Skipped phase 1 of Reference Processing: no references
[2025-06-03T15:52:16.338+0530][64.184s] GC(507) Skipped phase 2 of Reference Processing: no references
[2025-06-03T15:52:16.338+0530][64.184s] GC(507) Skipped phase 3 of Reference Processing: no references
[2025-06-03T15:52:16.338+0530][64.184s] GC(507) Skipped phase 4 of Reference Processing: no references
[2025-06-03T15:52:16.338+0530][64.184s] GC(507)   Pre Evacuate Collection Set: 0.1ms
[2025-06-03T15:52:16.338+0530][64.184s] GC(507)   Merge Heap Roots: 0.1ms
[2025-06-03T15:52:16.338+0530][64.184s] GC(507)   Evacuate Collection Set: 0.3ms
[2025-06-03T15:52:16.338+0530][64.184s] GC(507)   Post Evacuate Collection Set: 0.4ms
[2025-06-03T15:52:16.338+0530][64.184s] GC(507)   Other: 0.1ms
[2025-06-03T15:52:16.338+0530][64.184s] GC(507) Eden regions: 306->0(306)
[2025-06-03T15:52:16.338+0530][64.184s] GC(507) Survivor regions: 1->1(39)
[2025-06-03T15:52:16.338+0530][64.184s] GC(507) Old regions: 9->9
[2025-06-03T15:52:16.338+0530][64.184s] GC(507) Archive regions: 2->2
[2025-06-03T15:52:16.338+0530][64.184s] GC(507) Humongous regions: 0->0
[2025-06-03T15:52:16.338+0530][64.184s] GC(507) Metaspace: 20428K(20928K)->20428K(20928K) NonClass: 17842K(18112K)->17842K(18112K) Class: 2585K(2816K)->2585K(2816K)
[2025-06-03T15:52:16.338+0530][64.184s] GC(507) Pause Young (Normal) (G1 Evacuation Pause) 315M->9M(512M) 1.174ms
[2025-06-03T15:52:16.338+0530][64.184s] GC(507) User=0.00s Sys=0.00s Real=0.00s
[2025-06-03T15:52:16.455+0530][64.301s] GC(508) Pause Young (Normal) (G1 Evacuation Pause)
[2025-06-03T15:52:16.456+0530][64.301s] GC(508) Using 8 workers of 8 for evacuation
[2025-06-03T15:52:16.456+0530][64.302s] GC(508) Skipped phase 1 of Reference Processing: no references
[2025-06-03T15:52:16.456+0530][64.302s] GC(508) Skipped phase 2 of Reference Processing: no references
[2025-06-03T15:52:16.456+0530][64.302s] GC(508) Skipped phase 3 of Reference Processing: no references
[2025-06-03T15:52:16.456+0530][64.302s] GC(508) Skipped phase 4 of Reference Processing: no references
[2025-06-03T15:52:16.456+0530][64.302s] GC(508)   Pre Evacuate Collection Set: 0.1ms
[2025-06-03T15:52:16.456+0530][64.302s] GC(508)   Merge Heap Roots: 0.1ms
[2025-06-03T15:52:16.456+0530][64.302s] GC(508)   Evacuate Collection Set: 0.3ms
[2025-06-03T15:52:16.456+0530][64.302s] GC(508)   Post Evacuate Collection Set: 0.4ms
[2025-06-03T15:52:16.456+0530][64.302s] GC(508)   Other: 0.2ms
[2025-06-03T15:52:16.457+0530][64.302s] GC(508) Eden regions: 306->0(306)
[2025-06-03T15:52:16.457+0530][64.302s] GC(508) Survivor regions: 1->1(39)
[2025-06-03T15:52:16.457+0530][64.302s] GC(508) Old regions: 9->9
[2025-06-03T15:52:16.457+0530][64.302s] GC(508) Archive regions: 2->2
[2025-06-03T15:52:16.457+0530][64.302s] GC(508) Humongous regions: 0->0
[2025-06-03T15:52:16.457+0530][64.302s] GC(508) Metaspace: 20428K(20928K)->20428K(20928K) NonClass: 17842K(18112K)->17842K(18112K) Class: 2585K(2816K)->2585K(2816K)
[2025-06-03T15:52:16.457+0530][64.303s] GC(508) Pause Young (Normal) (G1 Evacuation Pause) 315M->9M(512M) 1.191ms
[2025-06-03T15:52:16.457+0530][64.303s] GC(508) User=0.01s Sys=0.00s Real=0.00s
[2025-06-03T15:52:16.575+0530][64.421s] GC(509) Pause Young (Normal) (G1 Evacuation Pause)
[2025-06-03T15:52:16.575+0530][64.421s] GC(509) Using 8 workers of 8 for evacuation
[2025-06-03T15:52:16.576+0530][64.422s] GC(509) Skipped phase 1 of Reference Processing: no references
[2025-06-03T15:52:16.576+0530][64.422s] GC(509) Skipped phase 2 of Reference Processing: no references
[2025-06-03T15:52:16.576+0530][64.422s] GC(509) Skipped phase 3 of Reference Processing: no references
[2025-06-03T15:52:16.576+0530][64.422s] GC(509) Skipped phase 4 of Reference Processing: no references
[2025-06-03T15:52:16.576+0530][64.422s] GC(509)   Pre Evacuate Collection Set: 0.1ms
[2025-06-03T15:52:16.576+0530][64.422s] GC(509)   Merge Heap Roots: 0.1ms
[2025-06-03T15:52:16.576+0530][64.422s] GC(509)   Evacuate Collection Set: 0.2ms
[2025-06-03T15:52:16.576+0530][64.422s] GC(509)   Post Evacuate Collection Set: 0.4ms
[2025-06-03T15:52:16.576+0530][64.422s] GC(509)   Other: 0.1ms
[2025-06-03T15:52:16.576+0530][64.422s] GC(509) Eden regions: 306->0(306)
[2025-06-03T15:52:16.576+0530][64.422s] GC(509) Survivor regions: 1->1(39)
[2025-06-03T15:52:16.576+0530][64.422s] GC(509) Old regions: 9->9
[2025-06-03T15:52:16.576+0530][64.422s] GC(509) Archive regions: 2->2
[2025-06-03T15:52:16.576+0530][64.422s] GC(509) Humongous regions: 0->0
[2025-06-03T15:52:16.576+0530][64.422s] GC(509) Metaspace: 20428K(20928K)->20428K(20928K) NonClass: 17842K(18112K)->17842K(18112K) Class: 2585K(2816K)->2585K(2816K)
[2025-06-03T15:52:16.576+0530][64.422s] GC(509) Pause Young (Normal) (G1 Evacuation Pause) 315M->9M(512M) 0.996ms
[2025-06-03T15:52:16.576+0530][64.422s] GC(509) User=0.00s Sys=0.00s Real=0.00s
[2025-06-03T15:52:16.694+0530][64.540s] GC(510) Pause Young (Normal) (G1 Evacuation Pause)
[2025-06-03T15:52:16.694+0530][64.540s] GC(510) Using 8 workers of 8 for evacuation
[2025-06-03T15:52:16.695+0530][64.541s] GC(510) Skipped phase 1 of Reference Processing: no references
[2025-06-03T15:52:16.695+0530][64.541s] GC(510) Skipped phase 2 of Reference Processing: no references
[2025-06-03T15:52:16.695+0530][64.541s] GC(510) Skipped phase 3 of Reference Processing: no references
[2025-06-03T15:52:16.695+0530][64.541s] GC(510) Skipped phase 4 of Reference Processing: no references
[2025-06-03T15:52:16.695+0530][64.541s] GC(510)   Pre Evacuate Collection Set: 0.1ms
[2025-06-03T15:52:16.695+0530][64.541s] GC(510)   Merge Heap Roots: 0.1ms
[2025-06-03T15:52:16.695+0530][64.541s] GC(510)   Evacuate Collection Set: 0.2ms
[2025-06-03T15:52:16.695+0530][64.541s] GC(510)   Post Evacuate Collection Set: 0.4ms
[2025-06-03T15:52:16.695+0530][64.541s] GC(510)   Other: 0.1ms
[2025-06-03T15:52:16.695+0530][64.541s] GC(510) Eden regions: 306->0(306)
[2025-06-03T15:52:16.695+0530][64.541s] GC(510) Survivor regions: 1->1(39)
[2025-06-03T15:52:16.695+0530][64.541s] GC(510) Old regions: 9->9
[2025-06-03T15:52:16.695+0530][64.541s] GC(510) Archive regions: 2->2
[2025-06-03T15:52:16.695+0530][64.541s] GC(510) Humongous regions: 0->0
[2025-06-03T15:52:16.695+0530][64.541s] GC(510) Metaspace: 20428K(20928K)->20428K(20928K) NonClass: 17842K(18112K)->17842K(18112K) Class: 2585K(2816K)->2585K(2816K)
[2025-06-03T15:52:16.695+0530][64.541s] GC(510) Pause Young (Normal) (G1 Evacuation Pause) 315M->9M(512M) 1.086ms
[2025-06-03T15:52:16.695+0530][64.541s] GC(510) User=0.00s Sys=0.00s Real=0.00s
[2025-06-03T15:52:16.811+0530][64.657s] GC(511) Pause Young (Normal) (G1 Evacuation Pause)
[2025-06-03T15:52:16.811+0530][64.657s] GC(511) Using 8 workers of 8 for evacuation
[2025-06-03T15:52:16.812+0530][64.658s] GC(511) Skipped phase 1 of Reference Processing: no references
[2025-06-03T15:52:16.812+0530][64.658s] GC(511) Skipped phase 2 of Reference Processing: no references
[2025-06-03T15:52:16.812+0530][64.658s] GC(511) Skipped phase 3 of Reference Processing: no references
[2025-06-03T15:52:16.812+0530][64.658s] GC(511) Skipped phase 4 of Reference Processing: no references
[2025-06-03T15:52:16.812+0530][64.658s] GC(511)   Pre Evacuate Collection Set: 0.1ms
[2025-06-03T15:52:16.812+0530][64.658s] GC(511)   Merge Heap Roots: 0.1ms
[2025-06-03T15:52:16.812+0530][64.658s] GC(511)   Evacuate Collection Set: 0.2ms
[2025-06-03T15:52:16.812+0530][64.658s] GC(511)   Post Evacuate Collection Set: 0.4ms
[2025-06-03T15:52:16.812+0530][64.658s] GC(511)   Other: 0.1ms
[2025-06-03T15:52:16.812+0530][64.658s] GC(511) Eden regions: 306->0(306)
[2025-06-03T15:52:16.812+0530][64.658s] GC(511) Survivor regions: 1->1(39)
[2025-06-03T15:52:16.812+0530][64.658s] GC(511) Old regions: 9->9
[2025-06-03T15:52:16.812+0530][64.658s] GC(511) Archive regions: 2->2
[2025-06-03T15:52:16.812+0530][64.658s] GC(511) Humongous regions: 0->0
[2025-06-03T15:52:16.812+0530][64.658s] GC(511) Metaspace: 20428K(20928K)->20428K(20928K) NonClass: 17842K(18112K)->17842K(18112K) Class: 2585K(2816K)->2585K(2816K)
[2025-06-03T15:52:16.812+0530][64.658s] GC(511) Pause Young (Normal) (G1 Evacuation Pause) 315M->9M(512M) 0.987ms
[2025-06-03T15:52:16.812+0530][64.658s] GC(511) User=0.00s Sys=0.00s Real=0.00s
[2025-06-03T15:52:16.929+0530][64.775s] GC(512) Pause Young (Normal) (G1 Evacuation Pause)
[2025-06-03T15:52:16.930+0530][64.775s] GC(512) Using 8 workers of 8 for evacuation
[2025-06-03T15:52:16.930+0530][64.776s] GC(512) Skipped phase 1 of Reference Processing: no references
[2025-06-03T15:52:16.930+0530][64.776s] GC(512) Skipped phase 2 of Reference Processing: no references
[2025-06-03T15:52:16.930+0530][64.776s] GC(512) Skipped phase 3 of Reference Processing: no references
[2025-06-03T15:52:16.930+0530][64.776s] GC(512) Skipped phase 4 of Reference Processing: no references
[2025-06-03T15:52:16.930+0530][64.776s] GC(512)   Pre Evacuate Collection Set: 0.1ms
[2025-06-03T15:52:16.930+0530][64.776s] GC(512)   Merge Heap Roots: 0.1ms
[2025-06-03T15:52:16.930+0530][64.776s] GC(512)   Evacuate Collection Set: 0.2ms
[2025-06-03T15:52:16.930+0530][64.776s] GC(512)   Post Evacuate Collection Set: 0.4ms
[2025-06-03T15:52:16.930+0530][64.776s] GC(512)   Other: 0.1ms
[2025-06-03T15:52:16.930+0530][64.776s] GC(512) Eden regions: 306->0(306)
[2025-06-03T15:52:16.930+0530][64.776s] GC(512) Survivor regions: 1->1(39)
[2025-06-03T15:52:16.930+0530][64.776s] GC(512) Old regions: 9->9
[2025-06-03T15:52:16.930+0530][64.776s] GC(512) Archive regions: 2->2
[2025-06-03T15:52:16.930+0530][64.776s] GC(512) Humongous regions: 0->0
[2025-06-03T15:52:16.931+0530][64.776s] GC(512) Metaspace: 20428K(20928K)->20428K(20928K) NonClass: 17842K(18112K)->17842K(18112K) Class: 2585K(2816K)->2585K(2816K)
[2025-06-03T15:52:16.931+0530][64.776s] GC(512) Pause Young (Normal) (G1 Evacuation Pause) 315M->9M(512M) 1.062ms
[2025-06-03T15:52:16.931+0530][64.777s] GC(512) User=0.00s Sys=0.00s Real=0.01s
[2025-06-03T15:52:17.051+0530][64.897s] GC(513) Pause Young (Normal) (G1 Evacuation Pause)
[2025-06-03T15:52:17.051+0530][64.897s] GC(513) Using 8 workers of 8 for evacuation
[2025-06-03T15:52:17.051+0530][64.897s] GC(513) Skipped phase 1 of Reference Processing: no references
[2025-06-03T15:52:17.051+0530][64.897s] GC(513) Skipped phase 2 of Reference Processing: no references
[2025-06-03T15:52:17.051+0530][64.897s] GC(513) Skipped phase 3 of Reference Processing: no references
[2025-06-03T15:52:17.051+0530][64.897s] GC(513) Skipped phase 4 of Reference Processing: no references
[2025-06-03T15:52:17.051+0530][64.897s] GC(513)   Pre Evacuate Collection Set: 0.1ms
[2025-06-03T15:52:17.051+0530][64.897s] GC(513)   Merge Heap Roots: 0.1ms
[2025-06-03T15:52:17.051+0530][64.897s] GC(513)   Evacuate Collection Set: 0.2ms
[2025-06-03T15:52:17.051+0530][64.897s] GC(513)   Post Evacuate Collection Set: 0.4ms
[2025-06-03T15:52:17.052+0530][64.897s] GC(513)   Other: 0.1ms
[2025-06-03T15:52:17.052+0530][64.897s] GC(513) Eden regions: 306->0(306)
[2025-06-03T15:52:17.052+0530][64.897s] GC(513) Survivor regions: 1->1(39)
[2025-06-03T15:52:17.052+0530][64.897s] GC(513) Old regions: 9->9
[2025-06-03T15:52:17.052+0530][64.897s] GC(513) Archive regions: 2->2
[2025-06-03T15:52:17.052+0530][64.898s] GC(513) Humongous regions: 0->0
[2025-06-03T15:52:17.052+0530][64.898s] GC(513) Metaspace: 20428K(20928K)->20428K(20928K) NonClass: 17842K(18112K)->17842K(18112K) Class: 2585K(2816K)->2585K(2816K)
[2025-06-03T15:52:17.052+0530][64.898s] GC(513) Pause Young (Normal) (G1 Evacuation Pause) 315M->9M(512M) 0.998ms
[2025-06-03T15:52:17.052+0530][64.898s] GC(513) User=0.00s Sys=0.00s Real=0.00s
[2025-06-03T15:52:17.269+0530][65.115s] GC(514) Pause Young (Normal) (G1 Evacuation Pause)
[2025-06-03T15:52:17.270+0530][65.115s] GC(514) Using 8 workers of 8 for evacuation
[2025-06-03T15:52:17.270+0530][65.116s] GC(514) Skipped phase 1 of Reference Processing: no references
[2025-06-03T15:52:17.270+0530][65.116s] GC(514) Skipped phase 2 of Reference Processing: no references
[2025-06-03T15:52:17.270+0530][65.116s] GC(514) Skipped phase 3 of Reference Processing: no references
[2025-06-03T15:52:17.270+0530][65.116s] GC(514) Skipped phase 4 of Reference Processing: no references
[2025-06-03T15:52:17.271+0530][65.117s] GC(514)   Pre Evacuate Collection Set: 0.3ms
[2025-06-03T15:52:17.271+0530][65.117s] GC(514)   Merge Heap Roots: 0.2ms
[2025-06-03T15:52:17.271+0530][65.117s] GC(514)   Evacuate Collection Set: 0.2ms
[2025-06-03T15:52:17.271+0530][65.117s] GC(514)   Post Evacuate Collection Set: 0.5ms
[2025-06-03T15:52:17.271+0530][65.117s] GC(514)   Other: 0.2ms
[2025-06-03T15:52:17.271+0530][65.117s] GC(514) Eden regions: 306->0(306)
[2025-06-03T15:52:17.271+0530][65.117s] GC(514) Survivor regions: 1->1(39)
[2025-06-03T15:52:17.271+0530][65.117s] GC(514) Old regions: 9->9
[2025-06-03T15:52:17.271+0530][65.117s] GC(514) Archive regions: 2->2
[2025-06-03T15:52:17.271+0530][65.117s] GC(514) Humongous regions: 0->0
[2025-06-03T15:52:17.271+0530][65.117s] GC(514) Metaspace: 20432K(20928K)->20432K(20928K) NonClass: 17847K(18112K)->17847K(18112K) Class: 2585K(2816K)->2585K(2816K)
[2025-06-03T15:52:17.271+0530][65.117s] GC(514) Pause Young (Normal) (G1 Evacuation Pause) 315M->9M(512M) 1.758ms
[2025-06-03T15:52:17.271+0530][65.117s] GC(514) User=0.00s Sys=0.00s Real=0.01s
[2025-06-03T15:52:17.497+0530][65.343s] GC(515) Pause Young (Normal) (G1 Evacuation Pause)
[2025-06-03T15:52:17.497+0530][65.343s] GC(515) Using 8 workers of 8 for evacuation
[2025-06-03T15:52:17.498+0530][65.344s] GC(515) Skipped phase 1 of Reference Processing: no references
[2025-06-03T15:52:17.498+0530][65.344s] GC(515) Skipped phase 2 of Reference Processing: no references
[2025-06-03T15:52:17.498+0530][65.344s] GC(515) Skipped phase 3 of Reference Processing: no references
[2025-06-03T15:52:17.498+0530][65.344s] GC(515) Skipped phase 4 of Reference Processing: no references
[2025-06-03T15:52:17.499+0530][65.345s] GC(515)   Pre Evacuate Collection Set: 0.1ms
[2025-06-03T15:52:17.499+0530][65.345s] GC(515)   Merge Heap Roots: 0.7ms
[2025-06-03T15:52:17.499+0530][65.345s] GC(515)   Evacuate Collection Set: 0.4ms
[2025-06-03T15:52:17.499+0530][65.345s] GC(515)   Post Evacuate Collection Set: 1.1ms
[2025-06-03T15:52:17.499+0530][65.345s] GC(515)   Other: 0.3ms
[2025-06-03T15:52:17.499+0530][65.345s] GC(515) Eden regions: 306->0(306)
[2025-06-03T15:52:17.499+0530][65.345s] GC(515) Survivor regions: 1->1(39)
[2025-06-03T15:52:17.499+0530][65.345s] GC(515) Old regions: 9->9
[2025-06-03T15:52:17.499+0530][65.345s] GC(515) Archive regions: 2->2
[2025-06-03T15:52:17.499+0530][65.345s] GC(515) Humongous regions: 0->0
[2025-06-03T15:52:17.499+0530][65.345s] GC(515) Metaspace: 20432K(20928K)->20432K(20928K) NonClass: 17847K(18112K)->17847K(18112K) Class: 2585K(2816K)->2585K(2816K)
[2025-06-03T15:52:17.499+0530][65.345s] GC(515) Pause Young (Normal) (G1 Evacuation Pause) 315M->9M(512M) 2.914ms
[2025-06-03T15:52:17.500+0530][65.345s] GC(515) User=0.00s Sys=0.00s Real=0.01s
[2025-06-03T15:52:17.645+0530][65.491s] GC(516) Pause Young (Normal) (G1 Evacuation Pause)
[2025-06-03T15:52:17.645+0530][65.491s] GC(516) Using 8 workers of 8 for evacuation
[2025-06-03T15:52:17.645+0530][65.491s] GC(516) Skipped phase 1 of Reference Processing: no references
[2025-06-03T15:52:17.645+0530][65.491s] GC(516) Skipped phase 2 of Reference Processing: no references
[2025-06-03T15:52:17.645+0530][65.491s] GC(516) Skipped phase 3 of Reference Processing: no references
[2025-06-03T15:52:17.645+0530][65.491s] GC(516) Skipped phase 4 of Reference Processing: no references
[2025-06-03T15:52:17.645+0530][65.491s] GC(516)   Pre Evacuate Collection Set: 0.1ms
[2025-06-03T15:52:17.646+0530][65.491s] GC(516)   Merge Heap Roots: 0.1ms
[2025-06-03T15:52:17.646+0530][65.491s] GC(516)   Evacuate Collection Set: 0.2ms
[2025-06-03T15:52:17.646+0530][65.491s] GC(516)   Post Evacuate Collection Set: 0.4ms
[2025-06-03T15:52:17.646+0530][65.492s] GC(516)   Other: 0.1ms
[2025-06-03T15:52:17.646+0530][65.492s] GC(516) Eden regions: 306->0(306)
[2025-06-03T15:52:17.646+0530][65.492s] GC(516) Survivor regions: 1->1(39)
[2025-06-03T15:52:17.646+0530][65.492s] GC(516) Old regions: 9->9
[2025-06-03T15:52:17.646+0530][65.492s] GC(516) Archive regions: 2->2
[2025-06-03T15:52:17.646+0530][65.492s] GC(516) Humongous regions: 0->0
[2025-06-03T15:52:17.646+0530][65.492s] GC(516) Metaspace: 20432K(20928K)->20432K(20928K) NonClass: 17847K(18112K)->17847K(18112K) Class: 2585K(2816K)->2585K(2816K)
[2025-06-03T15:52:17.646+0530][65.492s] GC(516) Pause Young (Normal) (G1 Evacuation Pause) 315M->9M(512M) 1.072ms
[2025-06-03T15:52:17.646+0530][65.492s] GC(516) User=0.00s Sys=0.00s Real=0.00s
[2025-06-03T15:52:17.777+0530][65.623s] GC(517) Pause Young (Normal) (G1 Evacuation Pause)
[2025-06-03T15:52:17.777+0530][65.623s] GC(517) Using 8 workers of 8 for evacuation
[2025-06-03T15:52:17.777+0530][65.623s] GC(517) Skipped phase 1 of Reference Processing: no references
[2025-06-03T15:52:17.777+0530][65.623s] GC(517) Skipped phase 2 of Reference Processing: no references
[2025-06-03T15:52:17.777+0530][65.623s] GC(517) Skipped phase 3 of Reference Processing: no references
[2025-06-03T15:52:17.777+0530][65.623s] GC(517) Skipped phase 4 of Reference Processing: no references
[2025-06-03T15:52:17.777+0530][65.623s] GC(517)   Pre Evacuate Collection Set: 0.1ms
[2025-06-03T15:52:17.778+0530][65.623s] GC(517)   Merge Heap Roots: 0.1ms
[2025-06-03T15:52:17.778+0530][65.624s] GC(517)   Evacuate Collection Set: 0.2ms
[2025-06-03T15:52:17.778+0530][65.624s] GC(517)   Post Evacuate Collection Set: 0.4ms
[2025-06-03T15:52:17.778+0530][65.624s] GC(517)   Other: 0.1ms
[2025-06-03T15:52:17.778+0530][65.624s] GC(517) Eden regions: 306->0(306)
[2025-06-03T15:52:17.778+0530][65.624s] GC(517) Survivor regions: 1->1(39)
[2025-06-03T15:52:17.778+0530][65.624s] GC(517) Old regions: 9->9
[2025-06-03T15:52:17.778+0530][65.624s] GC(517) Archive regions: 2->2
[2025-06-03T15:52:17.778+0530][65.624s] GC(517) Humongous regions: 0->0
[2025-06-03T15:52:17.778+0530][65.624s] GC(517) Metaspace: 20432K(20928K)->20432K(20928K) NonClass: 17847K(18112K)->17847K(18112K) Class: 2585K(2816K)->2585K(2816K)
[2025-06-03T15:52:17.778+0530][65.624s] GC(517) Pause Young (Normal) (G1 Evacuation Pause) 315M->9M(512M) 1.172ms
[2025-06-03T15:52:17.778+0530][65.624s] GC(517) User=0.00s Sys=0.01s Real=0.00s
[2025-06-03T15:52:17.906+0530][65.752s] GC(518) Pause Young (Normal) (G1 Evacuation Pause)
[2025-06-03T15:52:17.906+0530][65.752s] GC(518) Using 8 workers of 8 for evacuation
[2025-06-03T15:52:17.907+0530][65.753s] GC(518) Skipped phase 1 of Reference Processing: no references
[2025-06-03T15:52:17.907+0530][65.753s] GC(518) Skipped phase 2 of Reference Processing: no references
[2025-06-03T15:52:17.907+0530][65.753s] GC(518) Skipped phase 3 of Reference Processing: no references
[2025-06-03T15:52:17.907+0530][65.753s] GC(518) Skipped phase 4 of Reference Processing: no references
[2025-06-03T15:52:17.907+0530][65.753s] GC(518)   Pre Evacuate Collection Set: 0.1ms
[2025-06-03T15:52:17.907+0530][65.753s] GC(518)   Merge Heap Roots: 0.1ms
[2025-06-03T15:52:17.907+0530][65.753s] GC(518)   Evacuate Collection Set: 0.2ms
[2025-06-03T15:52:17.907+0530][65.753s] GC(518)   Post Evacuate Collection Set: 0.4ms
[2025-06-03T15:52:17.907+0530][65.753s] GC(518)   Other: 0.1ms
[2025-06-03T15:52:17.907+0530][65.753s] GC(518) Eden regions: 306->0(306)
[2025-06-03T15:52:17.907+0530][65.753s] GC(518) Survivor regions: 1->1(39)
[2025-06-03T15:52:17.907+0530][65.753s] GC(518) Old regions: 9->9
[2025-06-03T15:52:17.907+0530][65.753s] GC(518) Archive regions: 2->2
[2025-06-03T15:52:17.907+0530][65.753s] GC(518) Humongous regions: 0->0
[2025-06-03T15:52:17.907+0530][65.753s] GC(518) Metaspace: 20432K(20928K)->20432K(20928K) NonClass: 17847K(18112K)->17847K(18112K) Class: 2585K(2816K)->2585K(2816K)
[2025-06-03T15:52:17.907+0530][65.753s] GC(518) Pause Young (Normal) (G1 Evacuation Pause) 315M->9M(512M) 1.098ms
[2025-06-03T15:52:17.907+0530][65.753s] GC(518) User=0.00s Sys=0.00s Real=0.00s
[2025-06-03T15:52:18.042+0530][65.888s] GC(519) Pause Young (Normal) (G1 Evacuation Pause)
[2025-06-03T15:52:18.042+0530][65.888s] GC(519) Using 8 workers of 8 for evacuation
[2025-06-03T15:52:18.042+0530][65.888s] GC(519) Skipped phase 1 of Reference Processing: no references
[2025-06-03T15:52:18.042+0530][65.888s] GC(519) Skipped phase 2 of Reference Processing: no references
[2025-06-03T15:52:18.042+0530][65.888s] GC(519) Skipped phase 3 of Reference Processing: no references
[2025-06-03T15:52:18.042+0530][65.888s] GC(519) Skipped phase 4 of Reference Processing: no references
[2025-06-03T15:52:18.043+0530][65.889s] GC(519)   Pre Evacuate Collection Set: 0.1ms
[2025-06-03T15:52:18.043+0530][65.889s] GC(519)   Merge Heap Roots: 0.1ms
[2025-06-03T15:52:18.043+0530][65.889s] GC(519)   Evacuate Collection Set: 0.2ms
[2025-06-03T15:52:18.043+0530][65.889s] GC(519)   Post Evacuate Collection Set: 0.4ms
[2025-06-03T15:52:18.043+0530][65.889s] GC(519)   Other: 0.2ms
[2025-06-03T15:52:18.043+0530][65.889s] GC(519) Eden regions: 306->0(306)
[2025-06-03T15:52:18.043+0530][65.889s] GC(519) Survivor regions: 1->1(39)
[2025-06-03T15:52:18.043+0530][65.889s] GC(519) Old regions: 9->9
[2025-06-03T15:52:18.043+0530][65.889s] GC(519) Archive regions: 2->2
[2025-06-03T15:52:18.043+0530][65.889s] GC(519) Humongous regions: 0->0
[2025-06-03T15:52:18.043+0530][65.889s] GC(519) Metaspace: 20432K(20928K)->20432K(20928K) NonClass: 17847K(18112K)->17847K(18112K) Class: 2585K(2816K)->2585K(2816K)
[2025-06-03T15:52:18.043+0530][65.889s] GC(519) Pause Young (Normal) (G1 Evacuation Pause) 315M->9M(512M) 1.117ms
[2025-06-03T15:52:18.043+0530][65.889s] GC(519) User=0.00s Sys=0.00s Real=0.00s
[2025-06-03T15:52:18.177+0530][66.023s] GC(520) Pause Young (Normal) (G1 Evacuation Pause)
[2025-06-03T15:52:18.177+0530][66.023s] GC(520) Using 8 workers of 8 for evacuation
[2025-06-03T15:52:18.177+0530][66.023s] GC(520) Skipped phase 1 of Reference Processing: no references
[2025-06-03T15:52:18.177+0530][66.023s] GC(520) Skipped phase 2 of Reference Processing: no references
[2025-06-03T15:52:18.177+0530][66.023s] GC(520) Skipped phase 3 of Reference Processing: no references
[2025-06-03T15:52:18.177+0530][66.023s] GC(520) Skipped phase 4 of Reference Processing: no references
[2025-06-03T15:52:18.178+0530][66.024s] GC(520)   Pre Evacuate Collection Set: 0.1ms
[2025-06-03T15:52:18.178+0530][66.024s] GC(520)   Merge Heap Roots: 0.1ms
[2025-06-03T15:52:18.178+0530][66.024s] GC(520)   Evacuate Collection Set: 0.2ms
[2025-06-03T15:52:18.178+0530][66.024s] GC(520)   Post Evacuate Collection Set: 0.4ms
[2025-06-03T15:52:18.178+0530][66.024s] GC(520)   Other: 0.1ms
[2025-06-03T15:52:18.178+0530][66.024s] GC(520) Eden regions: 306->0(306)
[2025-06-03T15:52:18.178+0530][66.024s] GC(520) Survivor regions: 1->1(39)
[2025-06-03T15:52:18.178+0530][66.024s] GC(520) Old regions: 9->9
[2025-06-03T15:52:18.178+0530][66.024s] GC(520) Archive regions: 2->2
[2025-06-03T15:52:18.178+0530][66.024s] GC(520) Humongous regions: 0->0
[2025-06-03T15:52:18.178+0530][66.024s] GC(520) Metaspace: 20432K(20928K)->20432K(20928K) NonClass: 17847K(18112K)->17847K(18112K) Class: 2585K(2816K)->2585K(2816K)
[2025-06-03T15:52:18.178+0530][66.024s] GC(520) Pause Young (Normal) (G1 Evacuation Pause) 315M->9M(512M) 1.104ms
[2025-06-03T15:52:18.178+0530][66.024s] GC(520) User=0.00s Sys=0.00s Real=0.00s
[2025-06-03T15:52:18.308+0530][66.154s] GC(521) Pause Young (Normal) (G1 Evacuation Pause)
[2025-06-03T15:52:18.308+0530][66.154s] GC(521) Using 8 workers of 8 for evacuation
[2025-06-03T15:52:18.309+0530][66.155s] GC(521) Skipped phase 1 of Reference Processing: no references
[2025-06-03T15:52:18.309+0530][66.155s] GC(521) Skipped phase 2 of Reference Processing: no references
[2025-06-03T15:52:18.309+0530][66.155s] GC(521) Skipped phase 3 of Reference Processing: no references
[2025-06-03T15:52:18.309+0530][66.155s] GC(521) Skipped phase 4 of Reference Processing: no references
[2025-06-03T15:52:18.309+0530][66.155s] GC(521)   Pre Evacuate Collection Set: 0.1ms
[2025-06-03T15:52:18.309+0530][66.155s] GC(521)   Merge Heap Roots: 0.1ms
[2025-06-03T15:52:18.309+0530][66.155s] GC(521)   Evacuate Collection Set: 0.3ms
[2025-06-03T15:52:18.309+0530][66.155s] GC(521)   Post Evacuate Collection Set: 0.6ms
[2025-06-03T15:52:18.310+0530][66.155s] GC(521)   Other: 0.2ms
[2025-06-03T15:52:18.310+0530][66.156s] GC(521) Eden regions: 306->0(306)
[2025-06-03T15:52:18.310+0530][66.156s] GC(521) Survivor regions: 1->1(39)
[2025-06-03T15:52:18.310+0530][66.156s] GC(521) Old regions: 9->9
[2025-06-03T15:52:18.310+0530][66.156s] GC(521) Archive regions: 2->2
[2025-06-03T15:52:18.310+0530][66.156s] GC(521) Humongous regions: 0->0
[2025-06-03T15:52:18.310+0530][66.156s] GC(521) Metaspace: 20432K(20928K)->20432K(20928K) NonClass: 17847K(18112K)->17847K(18112K) Class: 2585K(2816K)->2585K(2816K)
[2025-06-03T15:52:18.310+0530][66.156s] GC(521) Pause Young (Normal) (G1 Evacuation Pause) 315M->9M(512M) 1.558ms
[2025-06-03T15:52:18.310+0530][66.156s] GC(521) User=0.01s Sys=0.00s Real=0.01s
[2025-06-03T15:52:18.437+0530][66.283s] GC(522) Pause Young (Normal) (G1 Evacuation Pause)
[2025-06-03T15:52:18.437+0530][66.283s] GC(522) Using 8 workers of 8 for evacuation
[2025-06-03T15:52:18.438+0530][66.284s] GC(522) Skipped phase 1 of Reference Processing: no references
[2025-06-03T15:52:18.438+0530][66.284s] GC(522) Skipped phase 2 of Reference Processing: no references
[2025-06-03T15:52:18.438+0530][66.284s] GC(522) Skipped phase 3 of Reference Processing: no references
[2025-06-03T15:52:18.438+0530][66.284s] GC(522) Skipped phase 4 of Reference Processing: no references
[2025-06-03T15:52:18.438+0530][66.284s] GC(522)   Pre Evacuate Collection Set: 0.1ms
[2025-06-03T15:52:18.438+0530][66.284s] GC(522)   Merge Heap Roots: 0.1ms
[2025-06-03T15:52:18.438+0530][66.284s] GC(522)   Evacuate Collection Set: 0.2ms
[2025-06-03T15:52:18.438+0530][66.284s] GC(522)   Post Evacuate Collection Set: 0.4ms
[2025-06-03T15:52:18.438+0530][66.284s] GC(522)   Other: 0.2ms
[2025-06-03T15:52:18.438+0530][66.284s] GC(522) Eden regions: 306->0(306)
[2025-06-03T15:52:18.438+0530][66.284s] GC(522) Survivor regions: 1->1(39)
[2025-06-03T15:52:18.438+0530][66.284s] GC(522) Old regions: 9->9
[2025-06-03T15:52:18.438+0530][66.284s] GC(522) Archive regions: 2->2
[2025-06-03T15:52:18.438+0530][66.284s] GC(522) Humongous regions: 0->0
[2025-06-03T15:52:18.438+0530][66.284s] GC(522) Metaspace: 20432K(20928K)->20432K(20928K) NonClass: 17847K(18112K)->17847K(18112K) Class: 2585K(2816K)->2585K(2816K)
[2025-06-03T15:52:18.438+0530][66.284s] GC(522) Pause Young (Normal) (G1 Evacuation Pause) 315M->9M(512M) 1.102ms
[2025-06-03T15:52:18.438+0530][66.284s] GC(522) User=0.00s Sys=0.00s Real=0.00s
[2025-06-03T15:52:18.562+0530][66.408s] GC(523) Pause Young (Normal) (G1 Evacuation Pause)
[2025-06-03T15:52:18.562+0530][66.408s] GC(523) Using 8 workers of 8 for evacuation
[2025-06-03T15:52:18.562+0530][66.408s] GC(523) Skipped phase 1 of Reference Processing: no references
[2025-06-03T15:52:18.562+0530][66.408s] GC(523) Skipped phase 2 of Reference Processing: no references
[2025-06-03T15:52:18.562+0530][66.408s] GC(523) Skipped phase 3 of Reference Processing: no references
[2025-06-03T15:52:18.562+0530][66.408s] GC(523) Skipped phase 4 of Reference Processing: no references
[2025-06-03T15:52:18.563+0530][66.409s] GC(523)   Pre Evacuate Collection Set: 0.1ms
[2025-06-03T15:52:18.563+0530][66.409s] GC(523)   Merge Heap Roots: 0.1ms
[2025-06-03T15:52:18.563+0530][66.409s] GC(523)   Evacuate Collection Set: 0.2ms
[2025-06-03T15:52:18.563+0530][66.409s] GC(523)   Post Evacuate Collection Set: 0.5ms
[2025-06-03T15:52:18.563+0530][66.409s] GC(523)   Other: 0.2ms
[2025-06-03T15:52:18.563+0530][66.409s] GC(523) Eden regions: 306->0(306)
[2025-06-03T15:52:18.563+0530][66.409s] GC(523) Survivor regions: 1->1(39)
[2025-06-03T15:52:18.563+0530][66.409s] GC(523) Old regions: 9->9
[2025-06-03T15:52:18.563+0530][66.409s] GC(523) Archive regions: 2->2
[2025-06-03T15:52:18.563+0530][66.409s] GC(523) Humongous regions: 0->0
[2025-06-03T15:52:18.563+0530][66.409s] GC(523) Metaspace: 20432K(20928K)->20432K(20928K) NonClass: 17847K(18112K)->17847K(18112K) Class: 2585K(2816K)->2585K(2816K)
[2025-06-03T15:52:18.563+0530][66.409s] GC(523) Pause Young (Normal) (G1 Evacuation Pause) 315M->9M(512M) 1.163ms
[2025-06-03T15:52:18.563+0530][66.409s] GC(523) User=0.01s Sys=0.00s Real=0.00s
[2025-06-03T15:52:18.694+0530][66.540s] GC(524) Pause Young (Normal) (G1 Evacuation Pause)
[2025-06-03T15:52:18.694+0530][66.540s] GC(524) Using 8 workers of 8 for evacuation
[2025-06-03T15:52:18.694+0530][66.540s] GC(524) Skipped phase 1 of Reference Processing: no references
[2025-06-03T15:52:18.694+0530][66.540s] GC(524) Skipped phase 2 of Reference Processing: no references
[2025-06-03T15:52:18.694+0530][66.540s] GC(524) Skipped phase 3 of Reference Processing: no references
[2025-06-03T15:52:18.694+0530][66.540s] GC(524) Skipped phase 4 of Reference Processing: no references
[2025-06-03T15:52:18.695+0530][66.541s] GC(524)   Pre Evacuate Collection Set: 0.1ms
[2025-06-03T15:52:18.695+0530][66.541s] GC(524)   Merge Heap Roots: 0.1ms
[2025-06-03T15:52:18.695+0530][66.541s] GC(524)   Evacuate Collection Set: 0.2ms
[2025-06-03T15:52:18.695+0530][66.541s] GC(524)   Post Evacuate Collection Set: 0.4ms
[2025-06-03T15:52:18.695+0530][66.541s] GC(524)   Other: 0.2ms
[2025-06-03T15:52:18.695+0530][66.541s] GC(524) Eden regions: 306->0(306)
[2025-06-03T15:52:18.695+0530][66.541s] GC(524) Survivor regions: 1->1(39)
[2025-06-03T15:52:18.695+0530][66.541s] GC(524) Old regions: 9->9
[2025-06-03T15:52:18.695+0530][66.541s] GC(524) Archive regions: 2->2
[2025-06-03T15:52:18.695+0530][66.541s] GC(524) Humongous regions: 0->0
[2025-06-03T15:52:18.695+0530][66.541s] GC(524) Metaspace: 20432K(20928K)->20432K(20928K) NonClass: 17847K(18112K)->17847K(18112K) Class: 2585K(2816K)->2585K(2816K)
[2025-06-03T15:52:18.695+0530][66.541s] GC(524) Pause Young (Normal) (G1 Evacuation Pause) 315M->9M(512M) 1.203ms
[2025-06-03T15:52:18.695+0530][66.541s] GC(524) User=0.00s Sys=0.00s Real=0.00s
[2025-06-03T15:52:18.818+0530][66.664s] GC(525) Pause Young (Normal) (G1 Evacuation Pause)
[2025-06-03T15:52:18.819+0530][66.665s] GC(525) Using 8 workers of 8 for evacuation
[2025-06-03T15:52:18.819+0530][66.665s] GC(525) Skipped phase 1 of Reference Processing: no references
[2025-06-03T15:52:18.819+0530][66.665s] GC(525) Skipped phase 2 of Reference Processing: no references
[2025-06-03T15:52:18.819+0530][66.665s] GC(525) Skipped phase 3 of Reference Processing: no references
[2025-06-03T15:52:18.819+0530][66.665s] GC(525) Skipped phase 4 of Reference Processing: no references
[2025-06-03T15:52:18.820+0530][66.666s] GC(525)   Pre Evacuate Collection Set: 0.1ms
[2025-06-03T15:52:18.820+0530][66.666s] GC(525)   Merge Heap Roots: 0.1ms
[2025-06-03T15:52:18.820+0530][66.666s] GC(525)   Evacuate Collection Set: 0.4ms
[2025-06-03T15:52:18.820+0530][66.666s] GC(525)   Post Evacuate Collection Set: 0.5ms
[2025-06-03T15:52:18.820+0530][66.666s] GC(525)   Other: 0.2ms
[2025-06-03T15:52:18.820+0530][66.666s] GC(525) Eden regions: 306->0(306)
[2025-06-03T15:52:18.820+0530][66.666s] GC(525) Survivor regions: 1->1(39)
[2025-06-03T15:52:18.820+0530][66.666s] GC(525) Old regions: 9->9
[2025-06-03T15:52:18.820+0530][66.666s] GC(525) Archive regions: 2->2
[2025-06-03T15:52:18.820+0530][66.666s] GC(525) Humongous regions: 0->0
[2025-06-03T15:52:18.820+0530][66.666s] GC(525) Metaspace: 20432K(20928K)->20432K(20928K) NonClass: 17847K(18112K)->17847K(18112K) Class: 2585K(2816K)->2585K(2816K)
[2025-06-03T15:52:18.820+0530][66.666s] GC(525) Pause Young (Normal) (G1 Evacuation Pause) 315M->9M(512M) 1.261ms
[2025-06-03T15:52:18.820+0530][66.666s] GC(525) User=0.00s Sys=0.00s Real=0.01s
[2025-06-03T15:52:18.944+0530][66.790s] GC(526) Pause Young (Normal) (G1 Evacuation Pause)
[2025-06-03T15:52:18.944+0530][66.790s] GC(526) Using 8 workers of 8 for evacuation
[2025-06-03T15:52:18.944+0530][66.790s] GC(526) Skipped phase 1 of Reference Processing: no references
[2025-06-03T15:52:18.944+0530][66.790s] GC(526) Skipped phase 2 of Reference Processing: no references
[2025-06-03T15:52:18.944+0530][66.790s] GC(526) Skipped phase 3 of Reference Processing: no references
[2025-06-03T15:52:18.944+0530][66.790s] GC(526) Skipped phase 4 of Reference Processing: no references
[2025-06-03T15:52:18.944+0530][66.790s] GC(526)   Pre Evacuate Collection Set: 0.1ms
[2025-06-03T15:52:18.944+0530][66.790s] GC(526)   Merge Heap Roots: 0.1ms
[2025-06-03T15:52:18.944+0530][66.790s] GC(526)   Evacuate Collection Set: 0.2ms
[2025-06-03T15:52:18.944+0530][66.790s] GC(526)   Post Evacuate Collection Set: 0.4ms
[2025-06-03T15:52:18.944+0530][66.790s] GC(526)   Other: 0.2ms
[2025-06-03T15:52:18.944+0530][66.790s] GC(526) Eden regions: 306->0(306)
[2025-06-03T15:52:18.944+0530][66.790s] GC(526) Survivor regions: 1->1(39)
[2025-06-03T15:52:18.944+0530][66.790s] GC(526) Old regions: 9->9
[2025-06-03T15:52:18.944+0530][66.790s] GC(526) Archive regions: 2->2
[2025-06-03T15:52:18.944+0530][66.790s] GC(526) Humongous regions: 0->0
[2025-06-03T15:52:18.945+0530][66.790s] GC(526) Metaspace: 20432K(20928K)->20432K(20928K) NonClass: 17847K(18112K)->17847K(18112K) Class: 2585K(2816K)->2585K(2816K)
[2025-06-03T15:52:18.945+0530][66.791s] GC(526) Pause Young (Normal) (G1 Evacuation Pause) 315M->9M(512M) 0.986ms
[2025-06-03T15:52:18.945+0530][66.791s] GC(526) User=0.00s Sys=0.00s Real=0.00s
[2025-06-03T15:52:19.069+0530][66.915s] GC(527) Pause Young (Normal) (G1 Evacuation Pause)
[2025-06-03T15:52:19.069+0530][66.915s] GC(527) Using 8 workers of 8 for evacuation
[2025-06-03T15:52:19.069+0530][66.915s] GC(527) Skipped phase 1 of Reference Processing: no references
[2025-06-03T15:52:19.069+0530][66.915s] GC(527) Skipped phase 2 of Reference Processing: no references
[2025-06-03T15:52:19.069+0530][66.915s] GC(527) Skipped phase 3 of Reference Processing: no references
[2025-06-03T15:52:19.069+0530][66.915s] GC(527) Skipped phase 4 of Reference Processing: no references
[2025-06-03T15:52:19.070+0530][66.916s] GC(527)   Pre Evacuate Collection Set: 0.1ms
[2025-06-03T15:52:19.070+0530][66.916s] GC(527)   Merge Heap Roots: 0.1ms
[2025-06-03T15:52:19.070+0530][66.916s] GC(527)   Evacuate Collection Set: 0.2ms
[2025-06-03T15:52:19.070+0530][66.916s] GC(527)   Post Evacuate Collection Set: 0.5ms
[2025-06-03T15:52:19.070+0530][66.916s] GC(527)   Other: 0.2ms
[2025-06-03T15:52:19.070+0530][66.916s] GC(527) Eden regions: 306->0(306)
[2025-06-03T15:52:19.070+0530][66.916s] GC(527) Survivor regions: 1->1(39)
[2025-06-03T15:52:19.070+0530][66.916s] GC(527) Old regions: 9->9
[2025-06-03T15:52:19.070+0530][66.916s] GC(527) Archive regions: 2->2
[2025-06-03T15:52:19.070+0530][66.916s] GC(527) Humongous regions: 0->0
[2025-06-03T15:52:19.070+0530][66.916s] GC(527) Metaspace: 20432K(20928K)->20432K(20928K) NonClass: 17847K(18112K)->17847K(18112K) Class: 2585K(2816K)->2585K(2816K)
[2025-06-03T15:52:19.070+0530][66.916s] GC(527) Pause Young (Normal) (G1 Evacuation Pause) 315M->9M(512M) 1.361ms
[2025-06-03T15:52:19.070+0530][66.916s] GC(527) User=0.01s Sys=0.00s Real=0.01s
[2025-06-03T15:52:19.209+0530][67.055s] GC(528) Pause Young (Normal) (G1 Evacuation Pause)
[2025-06-03T15:52:19.209+0530][67.055s] GC(528) Using 8 workers of 8 for evacuation
[2025-06-03T15:52:19.209+0530][67.055s] GC(528) Skipped phase 1 of Reference Processing: no references
[2025-06-03T15:52:19.209+0530][67.055s] GC(528) Skipped phase 2 of Reference Processing: no references
[2025-06-03T15:52:19.209+0530][67.055s] GC(528) Skipped phase 3 of Reference Processing: no references
[2025-06-03T15:52:19.209+0530][67.055s] GC(528) Skipped phase 4 of Reference Processing: no references
[2025-06-03T15:52:19.210+0530][67.056s] GC(528)   Pre Evacuate Collection Set: 0.1ms
[2025-06-03T15:52:19.210+0530][67.056s] GC(528)   Merge Heap Roots: 0.1ms
[2025-06-03T15:52:19.210+0530][67.056s] GC(528)   Evacuate Collection Set: 0.2ms
[2025-06-03T15:52:19.210+0530][67.056s] GC(528)   Post Evacuate Collection Set: 0.6ms
[2025-06-03T15:52:19.210+0530][67.056s] GC(528)   Other: 0.2ms
[2025-06-03T15:52:19.210+0530][67.056s] GC(528) Eden regions: 306->0(306)
[2025-06-03T15:52:19.210+0530][67.056s] GC(528) Survivor regions: 1->1(39)
[2025-06-03T15:52:19.210+0530][67.056s] GC(528) Old regions: 9->9
[2025-06-03T15:52:19.210+0530][67.056s] GC(528) Archive regions: 2->2
[2025-06-03T15:52:19.210+0530][67.056s] GC(528) Humongous regions: 0->0
[2025-06-03T15:52:19.210+0530][67.056s] GC(528) Metaspace: 20434K(20928K)->20434K(20928K) NonClass: 17848K(18112K)->17848K(18112K) Class: 2585K(2816K)->2585K(2816K)
[2025-06-03T15:52:19.210+0530][67.056s] GC(528) Pause Young (Normal) (G1 Evacuation Pause) 315M->9M(512M) 1.521ms
[2025-06-03T15:52:19.210+0530][67.056s] GC(528) User=0.00s Sys=0.00s Real=0.01s
[2025-06-03T15:52:19.340+0530][67.186s] GC(529) Pause Young (Normal) (G1 Evacuation Pause)
[2025-06-03T15:52:19.340+0530][67.186s] GC(529) Using 8 workers of 8 for evacuation
[2025-06-03T15:52:19.340+0530][67.186s] GC(529) Skipped phase 1 of Reference Processing: no references
[2025-06-03T15:52:19.340+0530][67.186s] GC(529) Skipped phase 2 of Reference Processing: no references
[2025-06-03T15:52:19.340+0530][67.186s] GC(529) Skipped phase 3 of Reference Processing: no references
[2025-06-03T15:52:19.340+0530][67.186s] GC(529) Skipped phase 4 of Reference Processing: no references
[2025-06-03T15:52:19.341+0530][67.187s] GC(529)   Pre Evacuate Collection Set: 0.1ms
[2025-06-03T15:52:19.341+0530][67.187s] GC(529)   Merge Heap Roots: 0.1ms
[2025-06-03T15:52:19.341+0530][67.187s] GC(529)   Evacuate Collection Set: 0.2ms
[2025-06-03T15:52:19.341+0530][67.187s] GC(529)   Post Evacuate Collection Set: 0.4ms
[2025-06-03T15:52:19.341+0530][67.187s] GC(529)   Other: 0.2ms
[2025-06-03T15:52:19.341+0530][67.187s] GC(529) Eden regions: 306->0(306)
[2025-06-03T15:52:19.341+0530][67.187s] GC(529) Survivor regions: 1->1(39)
[2025-06-03T15:52:19.341+0530][67.187s] GC(529) Old regions: 9->9
[2025-06-03T15:52:19.341+0530][67.187s] GC(529) Archive regions: 2->2
[2025-06-03T15:52:19.341+0530][67.187s] GC(529) Humongous regions: 0->0
[2025-06-03T15:52:19.341+0530][67.187s] GC(529) Metaspace: 20434K(20928K)->20434K(20928K) NonClass: 17848K(18112K)->17848K(18112K) Class: 2585K(2816K)->2585K(2816K)
[2025-06-03T15:52:19.341+0530][67.187s] GC(529) Pause Young (Normal) (G1 Evacuation Pause) 315M->9M(512M) 1.151ms
[2025-06-03T15:52:19.341+0530][67.187s] GC(529) User=0.00s Sys=0.00s Real=0.00s
[2025-06-03T15:52:19.467+0530][67.313s] GC(530) Pause Young (Normal) (G1 Evacuation Pause)
[2025-06-03T15:52:19.467+0530][67.313s] GC(530) Using 8 workers of 8 for evacuation
[2025-06-03T15:52:19.468+0530][67.314s] GC(530) Skipped phase 1 of Reference Processing: no references
[2025-06-03T15:52:19.468+0530][67.314s] GC(530) Skipped phase 2 of Reference Processing: no references
[2025-06-03T15:52:19.468+0530][67.314s] GC(530) Skipped phase 3 of Reference Processing: no references
[2025-06-03T15:52:19.468+0530][67.314s] GC(530) Skipped phase 4 of Reference Processing: no references
[2025-06-03T15:52:19.468+0530][67.314s] GC(530)   Pre Evacuate Collection Set: 0.1ms
[2025-06-03T15:52:19.468+0530][67.314s] GC(530)   Merge Heap Roots: 0.1ms
[2025-06-03T15:52:19.468+0530][67.314s] GC(530)   Evacuate Collection Set: 0.2ms
[2025-06-03T15:52:19.468+0530][67.314s] GC(530)   Post Evacuate Collection Set: 0.5ms
[2025-06-03T15:52:19.468+0530][67.314s] GC(530)   Other: 0.1ms
[2025-06-03T15:52:19.468+0530][67.314s] GC(530) Eden regions: 306->0(306)
[2025-06-03T15:52:19.468+0530][67.314s] GC(530) Survivor regions: 1->1(39)
[2025-06-03T15:52:19.468+0530][67.314s] GC(530) Old regions: 9->9
[2025-06-03T15:52:19.468+0530][67.314s] GC(530) Archive regions: 2->2
[2025-06-03T15:52:19.468+0530][67.314s] GC(530) Humongous regions: 0->0
[2025-06-03T15:52:19.468+0530][67.314s] GC(530) Metaspace: 20434K(20928K)->20434K(20928K) NonClass: 17848K(18112K)->17848K(18112K) Class: 2585K(2816K)->2585K(2816K)
[2025-06-03T15:52:19.468+0530][67.314s] GC(530) Pause Young (Normal) (G1 Evacuation Pause) 315M->9M(512M) 1.133ms
[2025-06-03T15:52:19.468+0530][67.314s] GC(530) User=0.00s Sys=0.01s Real=0.00s
[2025-06-03T15:52:19.608+0530][67.454s] GC(531) Pause Young (Normal) (G1 Evacuation Pause)
[2025-06-03T15:52:19.608+0530][67.454s] GC(531) Using 8 workers of 8 for evacuation
[2025-06-03T15:52:19.608+0530][67.454s] GC(531) Skipped phase 1 of Reference Processing: no references
[2025-06-03T15:52:19.608+0530][67.454s] GC(531) Skipped phase 2 of Reference Processing: no references
[2025-06-03T15:52:19.608+0530][67.454s] GC(531) Skipped phase 3 of Reference Processing: no references
[2025-06-03T15:52:19.608+0530][67.454s] GC(531) Skipped phase 4 of Reference Processing: no references
[2025-06-03T15:52:19.608+0530][67.454s] GC(531)   Pre Evacuate Collection Set: 0.1ms
[2025-06-03T15:52:19.608+0530][67.454s] GC(531)   Merge Heap Roots: 0.1ms
[2025-06-03T15:52:19.608+0530][67.454s] GC(531)   Evacuate Collection Set: 0.2ms
[2025-06-03T15:52:19.608+0530][67.454s] GC(531)   Post Evacuate Collection Set: 0.4ms
[2025-06-03T15:52:19.608+0530][67.454s] GC(531)   Other: 0.1ms
[2025-06-03T15:52:19.608+0530][67.454s] GC(531) Eden regions: 306->0(306)
[2025-06-03T15:52:19.608+0530][67.454s] GC(531) Survivor regions: 1->1(39)
[2025-06-03T15:52:19.609+0530][67.455s] GC(531) Old regions: 9->9
[2025-06-03T15:52:19.609+0530][67.455s] GC(531) Archive regions: 2->2
[2025-06-03T15:52:19.609+0530][67.455s] GC(531) Humongous regions: 0->0
[2025-06-03T15:52:19.609+0530][67.455s] GC(531) Metaspace: 20434K(20928K)->20434K(20928K) NonClass: 17848K(18112K)->17848K(18112K) Class: 2585K(2816K)->2585K(2816K)
[2025-06-03T15:52:19.609+0530][67.455s] GC(531) Pause Young (Normal) (G1 Evacuation Pause) 315M->9M(512M) 1.026ms
[2025-06-03T15:52:19.609+0530][67.455s] GC(531) User=0.01s Sys=0.00s Real=0.00s
[2025-06-03T15:52:19.730+0530][67.576s] GC(532) Pause Young (Normal) (G1 Evacuation Pause)
[2025-06-03T15:52:19.730+0530][67.576s] GC(532) Using 8 workers of 8 for evacuation
[2025-06-03T15:52:19.730+0530][67.576s] GC(532) Skipped phase 1 of Reference Processing: no references
[2025-06-03T15:52:19.730+0530][67.576s] GC(532) Skipped phase 2 of Reference Processing: no references
[2025-06-03T15:52:19.730+0530][67.576s] GC(532) Skipped phase 3 of Reference Processing: no references
[2025-06-03T15:52:19.730+0530][67.576s] GC(532) Skipped phase 4 of Reference Processing: no references
[2025-06-03T15:52:19.731+0530][67.577s] GC(532)   Pre Evacuate Collection Set: 0.1ms
[2025-06-03T15:52:19.731+0530][67.577s] GC(532)   Merge Heap Roots: 0.1ms
[2025-06-03T15:52:19.731+0530][67.577s] GC(532)   Evacuate Collection Set: 0.2ms
[2025-06-03T15:52:19.731+0530][67.577s] GC(532)   Post Evacuate Collection Set: 0.4ms
[2025-06-03T15:52:19.731+0530][67.577s] GC(532)   Other: 0.2ms
[2025-06-03T15:52:19.731+0530][67.577s] GC(532) Eden regions: 306->0(306)
[2025-06-03T15:52:19.731+0530][67.577s] GC(532) Survivor regions: 1->1(39)
[2025-06-03T15:52:19.731+0530][67.577s] GC(532) Old regions: 9->9
[2025-06-03T15:52:19.731+0530][67.577s] GC(532) Archive regions: 2->2
[2025-06-03T15:52:19.731+0530][67.577s] GC(532) Humongous regions: 0->0
[2025-06-03T15:52:19.731+0530][67.577s] GC(532) Metaspace: 20434K(20928K)->20434K(20928K) NonClass: 17848K(18112K)->17848K(18112K) Class: 2585K(2816K)->2585K(2816K)
[2025-06-03T15:52:19.731+0530][67.577s] GC(532) Pause Young (Normal) (G1 Evacuation Pause) 315M->9M(512M) 1.094ms
[2025-06-03T15:52:19.731+0530][67.577s] GC(532) User=0.00s Sys=0.00s Real=0.00s
[2025-06-03T15:52:19.866+0530][67.712s] GC(533) Pause Young (Normal) (G1 Evacuation Pause)
[2025-06-03T15:52:19.866+0530][67.712s] GC(533) Using 8 workers of 8 for evacuation
[2025-06-03T15:52:19.867+0530][67.713s] GC(533) Skipped phase 1 of Reference Processing: no references
[2025-06-03T15:52:19.867+0530][67.713s] GC(533) Skipped phase 2 of Reference Processing: no references
[2025-06-03T15:52:19.867+0530][67.713s] GC(533) Skipped phase 3 of Reference Processing: no references
[2025-06-03T15:52:19.867+0530][67.713s] GC(533) Skipped phase 4 of Reference Processing: no references
[2025-06-03T15:52:19.867+0530][67.713s] GC(533)   Pre Evacuate Collection Set: 0.1ms
[2025-06-03T15:52:19.867+0530][67.713s] GC(533)   Merge Heap Roots: 0.1ms
[2025-06-03T15:52:19.867+0530][67.713s] GC(533)   Evacuate Collection Set: 0.2ms
[2025-06-03T15:52:19.867+0530][67.713s] GC(533)   Post Evacuate Collection Set: 0.4ms
[2025-06-03T15:52:19.867+0530][67.713s] GC(533)   Other: 0.1ms
[2025-06-03T15:52:19.867+0530][67.713s] GC(533) Eden regions: 306->0(306)
[2025-06-03T15:52:19.867+0530][67.713s] GC(533) Survivor regions: 1->1(39)
[2025-06-03T15:52:19.867+0530][67.713s] GC(533) Old regions: 9->9
[2025-06-03T15:52:19.867+0530][67.713s] GC(533) Archive regions: 2->2
[2025-06-03T15:52:19.867+0530][67.713s] GC(533) Humongous regions: 0->0
[2025-06-03T15:52:19.867+0530][67.713s] GC(533) Metaspace: 20434K(20928K)->20434K(20928K) NonClass: 17848K(18112K)->17848K(18112K) Class: 2585K(2816K)->2585K(2816K)
[2025-06-03T15:52:19.867+0530][67.713s] GC(533) Pause Young (Normal) (G1 Evacuation Pause) 315M->9M(512M) 1.023ms
[2025-06-03T15:52:19.867+0530][67.713s] GC(533) User=0.00s Sys=0.01s Real=0.00s
[2025-06-03T15:52:20.011+0530][67.857s] GC(534) Pause Young (Normal) (G1 Evacuation Pause)
[2025-06-03T15:52:20.012+0530][67.858s] GC(534) Using 8 workers of 8 for evacuation
[2025-06-03T15:52:20.012+0530][67.858s] GC(534) Skipped phase 1 of Reference Processing: no references
[2025-06-03T15:52:20.012+0530][67.858s] GC(534) Skipped phase 2 of Reference Processing: no references
[2025-06-03T15:52:20.012+0530][67.858s] GC(534) Skipped phase 3 of Reference Processing: no references
[2025-06-03T15:52:20.012+0530][67.858s] GC(534) Skipped phase 4 of Reference Processing: no references
[2025-06-03T15:52:20.012+0530][67.858s] GC(534)   Pre Evacuate Collection Set: 0.1ms
[2025-06-03T15:52:20.012+0530][67.858s] GC(534)   Merge Heap Roots: 0.1ms
[2025-06-03T15:52:20.012+0530][67.858s] GC(534)   Evacuate Collection Set: 0.2ms
[2025-06-03T15:52:20.012+0530][67.858s] GC(534)   Post Evacuate Collection Set: 0.4ms
[2025-06-03T15:52:20.012+0530][67.858s] GC(534)   Other: 0.2ms
[2025-06-03T15:52:20.012+0530][67.858s] GC(534) Eden regions: 306->0(306)
[2025-06-03T15:52:20.012+0530][67.858s] GC(534) Survivor regions: 1->1(39)
[2025-06-03T15:52:20.012+0530][67.859s] GC(534) Old regions: 9->9
[2025-06-03T15:52:20.013+0530][67.859s] GC(534) Archive regions: 2->2
[2025-06-03T15:52:20.013+0530][67.859s] GC(534) Humongous regions: 0->0
[2025-06-03T15:52:20.013+0530][67.859s] GC(534) Metaspace: 20434K(20928K)->20434K(20928K) NonClass: 17848K(18112K)->17848K(18112K) Class: 2585K(2816K)->2585K(2816K)
[2025-06-03T15:52:20.013+0530][67.859s] GC(534) Pause Young (Normal) (G1 Evacuation Pause) 315M->9M(512M) 1.097ms
[2025-06-03T15:52:20.013+0530][67.859s] GC(534) User=0.00s Sys=0.00s Real=0.00s
[2025-06-03T15:52:20.163+0530][68.009s] GC(535) Pause Young (Normal) (G1 Evacuation Pause)
[2025-06-03T15:52:20.164+0530][68.010s] GC(535) Using 8 workers of 8 for evacuation
[2025-06-03T15:52:20.164+0530][68.010s] GC(535) Skipped phase 1 of Reference Processing: no references
[2025-06-03T15:52:20.164+0530][68.010s] GC(535) Skipped phase 2 of Reference Processing: no references
[2025-06-03T15:52:20.164+0530][68.010s] GC(535) Skipped phase 3 of Reference Processing: no references
[2025-06-03T15:52:20.164+0530][68.010s] GC(535) Skipped phase 4 of Reference Processing: no references
[2025-06-03T15:52:20.165+0530][68.011s] GC(535)   Pre Evacuate Collection Set: 0.1ms
[2025-06-03T15:52:20.165+0530][68.011s] GC(535)   Merge Heap Roots: 0.1ms
[2025-06-03T15:52:20.165+0530][68.011s] GC(535)   Evacuate Collection Set: 0.3ms
[2025-06-03T15:52:20.165+0530][68.011s] GC(535)   Post Evacuate Collection Set: 0.6ms
[2025-06-03T15:52:20.165+0530][68.011s] GC(535)   Other: 0.3ms
[2025-06-03T15:52:20.165+0530][68.011s] GC(535) Eden regions: 306->0(306)
[2025-06-03T15:52:20.165+0530][68.011s] GC(535) Survivor regions: 1->1(39)
[2025-06-03T15:52:20.165+0530][68.011s] GC(535) Old regions: 9->9
[2025-06-03T15:52:20.165+0530][68.011s] GC(535) Archive regions: 2->2
[2025-06-03T15:52:20.165+0530][68.011s] GC(535) Humongous regions: 0->0
[2025-06-03T15:52:20.165+0530][68.011s] GC(535) Metaspace: 20442K(20928K)->20442K(20928K) NonClass: 17856K(18112K)->17856K(18112K) Class: 2585K(2816K)->2585K(2816K)
[2025-06-03T15:52:20.165+0530][68.011s] GC(535) Pause Young (Normal) (G1 Evacuation Pause) 315M->9M(512M) 1.588ms
[2025-06-03T15:52:20.165+0530][68.011s] GC(535) User=0.01s Sys=0.00s Real=0.00s
[2025-06-03T15:52:20.339+0530][68.185s] GC(536) Pause Young (Normal) (G1 Evacuation Pause)
[2025-06-03T15:52:20.339+0530][68.185s] GC(536) Using 8 workers of 8 for evacuation
[2025-06-03T15:52:20.339+0530][68.185s] GC(536) Skipped phase 1 of Reference Processing: no references
[2025-06-03T15:52:20.339+0530][68.185s] GC(536) Skipped phase 2 of Reference Processing: no references
[2025-06-03T15:52:20.339+0530][68.185s] GC(536) Skipped phase 3 of Reference Processing: no references
[2025-06-03T15:52:20.339+0530][68.185s] GC(536) Skipped phase 4 of Reference Processing: no references
[2025-06-03T15:52:20.339+0530][68.186s] GC(536)   Pre Evacuate Collection Set: 0.1ms
[2025-06-03T15:52:20.340+0530][68.186s] GC(536)   Merge Heap Roots: 0.1ms
[2025-06-03T15:52:20.340+0530][68.186s] GC(536)   Evacuate Collection Set: 0.2ms
[2025-06-03T15:52:20.340+0530][68.186s] GC(536)   Post Evacuate Collection Set: 0.4ms
[2025-06-03T15:52:20.340+0530][68.186s] GC(536)   Other: 0.2ms
[2025-06-03T15:52:20.340+0530][68.186s] GC(536) Eden regions: 306->0(306)
[2025-06-03T15:52:20.340+0530][68.186s] GC(536) Survivor regions: 1->1(39)
[2025-06-03T15:52:20.340+0530][68.186s] GC(536) Old regions: 9->9
[2025-06-03T15:52:20.340+0530][68.186s] GC(536) Archive regions: 2->2
[2025-06-03T15:52:20.340+0530][68.186s] GC(536) Humongous regions: 0->0
[2025-06-03T15:52:20.340+0530][68.186s] GC(536) Metaspace: 20442K(20928K)->20442K(20928K) NonClass: 17856K(18112K)->17856K(18112K) Class: 2585K(2816K)->2585K(2816K)
[2025-06-03T15:52:20.340+0530][68.186s] GC(536) Pause Young (Normal) (G1 Evacuation Pause) 315M->9M(512M) 1.114ms
[2025-06-03T15:52:20.340+0530][68.186s] GC(536) User=0.00s Sys=0.00s Real=0.01s
[2025-06-03T15:52:20.509+0530][68.355s] GC(537) Pause Young (Normal) (G1 Evacuation Pause)
[2025-06-03T15:52:20.509+0530][68.355s] GC(537) Using 8 workers of 8 for evacuation
[2025-06-03T15:52:20.510+0530][68.356s] GC(537) Skipped phase 1 of Reference Processing: no references
[2025-06-03T15:52:20.510+0530][68.356s] GC(537) Skipped phase 2 of Reference Processing: no references
[2025-06-03T15:52:20.510+0530][68.356s] GC(537) Skipped phase 3 of Reference Processing: no references
[2025-06-03T15:52:20.510+0530][68.356s] GC(537) Skipped phase 4 of Reference Processing: no references
[2025-06-03T15:52:20.510+0530][68.356s] GC(537)   Pre Evacuate Collection Set: 0.1ms
[2025-06-03T15:52:20.510+0530][68.356s] GC(537)   Merge Heap Roots: 0.1ms
[2025-06-03T15:52:20.510+0530][68.356s] GC(537)   Evacuate Collection Set: 0.2ms
[2025-06-03T15:52:20.510+0530][68.356s] GC(537)   Post Evacuate Collection Set: 0.4ms
[2025-06-03T15:52:20.510+0530][68.356s] GC(537)   Other: 0.1ms
[2025-06-03T15:52:20.510+0530][68.356s] GC(537) Eden regions: 306->0(306)
[2025-06-03T15:52:20.510+0530][68.356s] GC(537) Survivor regions: 1->1(39)
[2025-06-03T15:52:20.510+0530][68.356s] GC(537) Old regions: 9->9
[2025-06-03T15:52:20.510+0530][68.356s] GC(537) Archive regions: 2->2
[2025-06-03T15:52:20.510+0530][68.356s] GC(537) Humongous regions: 0->0
[2025-06-03T15:52:20.510+0530][68.356s] GC(537) Metaspace: 20442K(20928K)->20442K(20928K) NonClass: 17856K(18112K)->17856K(18112K) Class: 2585K(2816K)->2585K(2816K)
[2025-06-03T15:52:20.510+0530][68.356s] GC(537) Pause Young (Normal) (G1 Evacuation Pause) 315M->9M(512M) 1.130ms
[2025-06-03T15:52:20.510+0530][68.356s] GC(537) User=0.00s Sys=0.00s Real=0.01s
[2025-06-03T15:52:20.731+0530][68.577s] GC(538) Pause Young (Normal) (G1 Evacuation Pause)
[2025-06-03T15:52:20.731+0530][68.577s] GC(538) Using 8 workers of 8 for evacuation
[2025-06-03T15:52:20.732+0530][68.578s] GC(538) Skipped phase 1 of Reference Processing: no references
[2025-06-03T15:52:20.732+0530][68.578s] GC(538) Skipped phase 2 of Reference Processing: no references
[2025-06-03T15:52:20.732+0530][68.578s] GC(538) Skipped phase 3 of Reference Processing: no references
[2025-06-03T15:52:20.732+0530][68.578s] GC(538) Skipped phase 4 of Reference Processing: no references
[2025-06-03T15:52:20.733+0530][68.579s] GC(538)   Pre Evacuate Collection Set: 0.1ms
[2025-06-03T15:52:20.733+0530][68.579s] GC(538)   Merge Heap Roots: 0.1ms
[2025-06-03T15:52:20.733+0530][68.579s] GC(538)   Evacuate Collection Set: 0.2ms
[2025-06-03T15:52:20.733+0530][68.579s] GC(538)   Post Evacuate Collection Set: 0.7ms
[2025-06-03T15:52:20.733+0530][68.579s] GC(538)   Other: 0.2ms
[2025-06-03T15:52:20.733+0530][68.579s] GC(538) Eden regions: 306->0(306)
[2025-06-03T15:52:20.733+0530][68.579s] GC(538) Survivor regions: 1->1(39)
[2025-06-03T15:52:20.733+0530][68.579s] GC(538) Old regions: 9->9
[2025-06-03T15:52:20.733+0530][68.579s] GC(538) Archive regions: 2->2
[2025-06-03T15:52:20.733+0530][68.579s] GC(538) Humongous regions: 0->0
[2025-06-03T15:52:20.733+0530][68.579s] GC(538) Metaspace: 20442K(20928K)->20442K(20928K) NonClass: 17856K(18112K)->17856K(18112K) Class: 2585K(2816K)->2585K(2816K)
[2025-06-03T15:52:20.733+0530][68.579s] GC(538) Pause Young (Normal) (G1 Evacuation Pause) 315M->9M(512M) 1.572ms
[2025-06-03T15:52:20.733+0530][68.579s] GC(538) User=0.01s Sys=0.00s Real=0.00s
[2025-06-03T15:52:20.993+0530][68.839s] GC(539) Pause Young (Normal) (G1 Evacuation Pause)
[2025-06-03T15:52:20.994+0530][68.840s] GC(539) Using 8 workers of 8 for evacuation
[2025-06-03T15:52:20.995+0530][68.841s] GC(539) Skipped phase 1 of Reference Processing: no references
[2025-06-03T15:52:20.995+0530][68.841s] GC(539) Skipped phase 2 of Reference Processing: no references
[2025-06-03T15:52:20.995+0530][68.841s] GC(539) Skipped phase 3 of Reference Processing: no references
[2025-06-03T15:52:20.995+0530][68.841s] GC(539) Skipped phase 4 of Reference Processing: no references
[2025-06-03T15:52:20.995+0530][68.841s] GC(539)   Pre Evacuate Collection Set: 0.1ms
[2025-06-03T15:52:20.995+0530][68.841s] GC(539)   Merge Heap Roots: 0.1ms
[2025-06-03T15:52:20.995+0530][68.841s] GC(539)   Evacuate Collection Set: 0.2ms
[2025-06-03T15:52:20.995+0530][68.842s] GC(539)   Post Evacuate Collection Set: 0.7ms
[2025-06-03T15:52:20.995+0530][68.842s] GC(539)   Other: 1.2ms
[2025-06-03T15:52:20.996+0530][68.842s] GC(539) Eden regions: 306->0(306)
[2025-06-03T15:52:20.996+0530][68.842s] GC(539) Survivor regions: 1->1(39)
[2025-06-03T15:52:20.996+0530][68.842s] GC(539) Old regions: 9->9
[2025-06-03T15:52:20.996+0530][68.842s] GC(539) Archive regions: 2->2
[2025-06-03T15:52:20.996+0530][68.842s] GC(539) Humongous regions: 0->0
[2025-06-03T15:52:20.996+0530][68.842s] GC(539) Metaspace: 20442K(20928K)->20442K(20928K) NonClass: 17856K(18112K)->17856K(18112K) Class: 2585K(2816K)->2585K(2816K)
[2025-06-03T15:52:20.996+0530][68.842s] GC(539) Pause Young (Normal) (G1 Evacuation Pause) 315M->9M(512M) 2.592ms
[2025-06-03T15:52:20.996+0530][68.842s] GC(539) User=0.00s Sys=0.00s Real=0.00s
[2025-06-03T15:52:21.135+0530][68.981s] GC(540) Pause Young (Normal) (G1 Evacuation Pause)
[2025-06-03T15:52:21.135+0530][68.981s] GC(540) Using 8 workers of 8 for evacuation
[2025-06-03T15:52:21.135+0530][68.981s] GC(540) Skipped phase 1 of Reference Processing: no references
[2025-06-03T15:52:21.135+0530][68.981s] GC(540) Skipped phase 2 of Reference Processing: no references
[2025-06-03T15:52:21.135+0530][68.982s] GC(540) Skipped phase 3 of Reference Processing: no references
[2025-06-03T15:52:21.135+0530][68.982s] GC(540) Skipped phase 4 of Reference Processing: no references
[2025-06-03T15:52:21.136+0530][68.982s] GC(540)   Pre Evacuate Collection Set: 0.1ms
[2025-06-03T15:52:21.136+0530][68.982s] GC(540)   Merge Heap Roots: 0.1ms
[2025-06-03T15:52:21.136+0530][68.982s] GC(540)   Evacuate Collection Set: 0.2ms
[2025-06-03T15:52:21.136+0530][68.982s] GC(540)   Post Evacuate Collection Set: 0.5ms
[2025-06-03T15:52:21.136+0530][68.982s] GC(540)   Other: 0.2ms
[2025-06-03T15:52:21.136+0530][68.982s] GC(540) Eden regions: 306->0(306)
[2025-06-03T15:52:21.136+0530][68.982s] GC(540) Survivor regions: 1->1(39)
[2025-06-03T15:52:21.136+0530][68.982s] GC(540) Old regions: 9->9
[2025-06-03T15:52:21.136+0530][68.982s] GC(540) Archive regions: 2->2
[2025-06-03T15:52:21.136+0530][68.982s] GC(540) Humongous regions: 0->0
[2025-06-03T15:52:21.136+0530][68.982s] GC(540) Metaspace: 20442K(20928K)->20442K(20928K) NonClass: 17856K(18112K)->17856K(18112K) Class: 2585K(2816K)->2585K(2816K)
[2025-06-03T15:52:21.136+0530][68.982s] GC(540) Pause Young (Normal) (G1 Evacuation Pause) 315M->9M(512M) 1.220ms
[2025-06-03T15:52:21.136+0530][68.982s] GC(540) User=0.00s Sys=0.00s Real=0.00s
[2025-06-03T15:52:21.289+0530][69.136s] GC(541) Pause Young (Normal) (G1 Evacuation Pause)
[2025-06-03T15:52:21.290+0530][69.136s] GC(541) Using 8 workers of 8 for evacuation
[2025-06-03T15:52:21.290+0530][69.136s] GC(541) Skipped phase 1 of Reference Processing: no references
[2025-06-03T15:52:21.290+0530][69.136s] GC(541) Skipped phase 2 of Reference Processing: no references
[2025-06-03T15:52:21.290+0530][69.136s] GC(541) Skipped phase 3 of Reference Processing: no references
[2025-06-03T15:52:21.290+0530][69.136s] GC(541) Skipped phase 4 of Reference Processing: no references
[2025-06-03T15:52:21.291+0530][69.137s] GC(541)   Pre Evacuate Collection Set: 0.1ms
[2025-06-03T15:52:21.291+0530][69.137s] GC(541)   Merge Heap Roots: 0.1ms
[2025-06-03T15:52:21.291+0530][69.137s] GC(541)   Evacuate Collection Set: 0.3ms
[2025-06-03T15:52:21.291+0530][69.137s] GC(541)   Post Evacuate Collection Set: 0.7ms
[2025-06-03T15:52:21.291+0530][69.137s] GC(541)   Other: 0.2ms
[2025-06-03T15:52:21.291+0530][69.137s] GC(541) Eden regions: 306->0(306)
[2025-06-03T15:52:21.291+0530][69.137s] GC(541) Survivor regions: 1->1(39)
[2025-06-03T15:52:21.291+0530][69.137s] GC(541) Old regions: 9->9
[2025-06-03T15:52:21.291+0530][69.137s] GC(541) Archive regions: 2->2
[2025-06-03T15:52:21.291+0530][69.137s] GC(541) Humongous regions: 0->0
[2025-06-03T15:52:21.291+0530][69.138s] GC(541) Metaspace: 20442K(20928K)->20442K(20928K) NonClass: 17856K(18112K)->17856K(18112K) Class: 2585K(2816K)->2585K(2816K)
[2025-06-03T15:52:21.292+0530][69.138s] GC(541) Pause Young (Normal) (G1 Evacuation Pause) 315M->9M(512M) 2.057ms
[2025-06-03T15:52:21.292+0530][69.138s] GC(541) User=0.00s Sys=0.00s Real=0.01s
[2025-06-03T15:52:21.433+0530][69.279s] GC(542) Pause Young (Normal) (G1 Evacuation Pause)
[2025-06-03T15:52:21.433+0530][69.279s] GC(542) Using 8 workers of 8 for evacuation
[2025-06-03T15:52:21.434+0530][69.280s] GC(542) Skipped phase 1 of Reference Processing: no references
[2025-06-03T15:52:21.434+0530][69.280s] GC(542) Skipped phase 2 of Reference Processing: no references
[2025-06-03T15:52:21.434+0530][69.280s] GC(542) Skipped phase 3 of Reference Processing: no references
[2025-06-03T15:52:21.434+0530][69.280s] GC(542) Skipped phase 4 of Reference Processing: no references
[2025-06-03T15:52:21.434+0530][69.280s] GC(542)   Pre Evacuate Collection Set: 0.1ms
[2025-06-03T15:52:21.434+0530][69.280s] GC(542)   Merge Heap Roots: 0.1ms
[2025-06-03T15:52:21.434+0530][69.280s] GC(542)   Evacuate Collection Set: 0.2ms
[2025-06-03T15:52:21.434+0530][69.280s] GC(542)   Post Evacuate Collection Set: 0.4ms
[2025-06-03T15:52:21.434+0530][69.280s] GC(542)   Other: 0.2ms
[2025-06-03T15:52:21.434+0530][69.280s] GC(542) Eden regions: 306->0(306)
[2025-06-03T15:52:21.434+0530][69.280s] GC(542) Survivor regions: 1->1(39)
[2025-06-03T15:52:21.434+0530][69.280s] GC(542) Old regions: 9->9
[2025-06-03T15:52:21.434+0530][69.280s] GC(542) Archive regions: 2->2
[2025-06-03T15:52:21.434+0530][69.280s] GC(542) Humongous regions: 0->0
[2025-06-03T15:52:21.434+0530][69.280s] GC(542) Metaspace: 20442K(20928K)->20442K(20928K) NonClass: 17856K(18112K)->17856K(18112K) Class: 2585K(2816K)->2585K(2816K)
[2025-06-03T15:52:21.434+0530][69.280s] GC(542) Pause Young (Normal) (G1 Evacuation Pause) 315M->9M(512M) 1.113ms
[2025-06-03T15:52:21.434+0530][69.280s] GC(542) User=0.00s Sys=0.00s Real=0.00s
[2025-06-03T15:52:21.571+0530][69.417s] GC(543) Pause Young (Normal) (G1 Evacuation Pause)
[2025-06-03T15:52:21.571+0530][69.417s] GC(543) Using 8 workers of 8 for evacuation
[2025-06-03T15:52:21.571+0530][69.417s] GC(543) Skipped phase 1 of Reference Processing: no references
[2025-06-03T15:52:21.571+0530][69.417s] GC(543) Skipped phase 2 of Reference Processing: no references
[2025-06-03T15:52:21.571+0530][69.417s] GC(543) Skipped phase 3 of Reference Processing: no references
[2025-06-03T15:52:21.571+0530][69.417s] GC(543) Skipped phase 4 of Reference Processing: no references
[2025-06-03T15:52:21.571+0530][69.418s] GC(543)   Pre Evacuate Collection Set: 0.1ms
[2025-06-03T15:52:21.572+0530][69.418s] GC(543)   Merge Heap Roots: 0.1ms
[2025-06-03T15:52:21.572+0530][69.418s] GC(543)   Evacuate Collection Set: 0.2ms
[2025-06-03T15:52:21.572+0530][69.418s] GC(543)   Post Evacuate Collection Set: 0.4ms
[2025-06-03T15:52:21.572+0530][69.418s] GC(543)   Other: 0.2ms
[2025-06-03T15:52:21.572+0530][69.418s] GC(543) Eden regions: 306->0(306)
[2025-06-03T15:52:21.572+0530][69.418s] GC(543) Survivor regions: 1->1(39)
[2025-06-03T15:52:21.572+0530][69.418s] GC(543) Old regions: 9->9
[2025-06-03T15:52:21.572+0530][69.418s] GC(543) Archive regions: 2->2
[2025-06-03T15:52:21.572+0530][69.418s] GC(543) Humongous regions: 0->0
[2025-06-03T15:52:21.572+0530][69.418s] GC(543) Metaspace: 20442K(20928K)->20442K(20928K) NonClass: 17856K(18112K)->17856K(18112K) Class: 2585K(2816K)->2585K(2816K)
[2025-06-03T15:52:21.572+0530][69.418s] GC(543) Pause Young (Normal) (G1 Evacuation Pause) 315M->9M(512M) 1.141ms
[2025-06-03T15:52:21.572+0530][69.418s] GC(543) User=0.00s Sys=0.00s Real=0.00s
[2025-06-03T15:52:21.716+0530][69.562s] GC(544) Pause Young (Normal) (G1 Evacuation Pause)
[2025-06-03T15:52:21.716+0530][69.562s] GC(544) Using 8 workers of 8 for evacuation
[2025-06-03T15:52:21.716+0530][69.562s] GC(544) Skipped phase 1 of Reference Processing: no references
[2025-06-03T15:52:21.716+0530][69.563s] GC(544) Skipped phase 2 of Reference Processing: no references
[2025-06-03T15:52:21.716+0530][69.563s] GC(544) Skipped phase 3 of Reference Processing: no references
[2025-06-03T15:52:21.717+0530][69.563s] GC(544) Skipped phase 4 of Reference Processing: no references
[2025-06-03T15:52:21.717+0530][69.563s] GC(544)   Pre Evacuate Collection Set: 0.1ms
[2025-06-03T15:52:21.717+0530][69.563s] GC(544)   Merge Heap Roots: 0.1ms
[2025-06-03T15:52:21.717+0530][69.563s] GC(544)   Evacuate Collection Set: 0.2ms
[2025-06-03T15:52:21.717+0530][69.563s] GC(544)   Post Evacuate Collection Set: 0.5ms
[2025-06-03T15:52:21.717+0530][69.563s] GC(544)   Other: 0.1ms
[2025-06-03T15:52:21.717+0530][69.563s] GC(544) Eden regions: 306->0(306)
[2025-06-03T15:52:21.717+0530][69.563s] GC(544) Survivor regions: 1->1(39)
[2025-06-03T15:52:21.717+0530][69.563s] GC(544) Old regions: 9->9
[2025-06-03T15:52:21.717+0530][69.563s] GC(544) Archive regions: 2->2
[2025-06-03T15:52:21.717+0530][69.563s] GC(544) Humongous regions: 0->0
[2025-06-03T15:52:21.717+0530][69.563s] GC(544) Metaspace: 20442K(20928K)->20442K(20928K) NonClass: 17856K(18112K)->17856K(18112K) Class: 2585K(2816K)->2585K(2816K)
[2025-06-03T15:52:21.717+0530][69.563s] GC(544) Pause Young (Normal) (G1 Evacuation Pause) 315M->9M(512M) 1.096ms
[2025-06-03T15:52:21.717+0530][69.563s] GC(544) User=0.00s Sys=0.00s Real=0.00s
[2025-06-03T15:52:21.850+0530][69.696s] GC(545) Pause Young (Normal) (G1 Evacuation Pause)
[2025-06-03T15:52:21.850+0530][69.697s] GC(545) Using 8 workers of 8 for evacuation
[2025-06-03T15:52:21.851+0530][69.697s] GC(545) Skipped phase 1 of Reference Processing: no references
[2025-06-03T15:52:21.851+0530][69.697s] GC(545) Skipped phase 2 of Reference Processing: no references
[2025-06-03T15:52:21.851+0530][69.697s] GC(545) Skipped phase 3 of Reference Processing: no references
[2025-06-03T15:52:21.851+0530][69.697s] GC(545) Skipped phase 4 of Reference Processing: no references
[2025-06-03T15:52:21.851+0530][69.697s] GC(545)   Pre Evacuate Collection Set: 0.1ms
[2025-06-03T15:52:21.851+0530][69.697s] GC(545)   Merge Heap Roots: 0.1ms
[2025-06-03T15:52:21.851+0530][69.697s] GC(545)   Evacuate Collection Set: 0.2ms
[2025-06-03T15:52:21.851+0530][69.697s] GC(545)   Post Evacuate Collection Set: 0.4ms
[2025-06-03T15:52:21.851+0530][69.697s] GC(545)   Other: 0.2ms
[2025-06-03T15:52:21.851+0530][69.697s] GC(545) Eden regions: 306->0(306)
[2025-06-03T15:52:21.851+0530][69.697s] GC(545) Survivor regions: 1->1(39)
[2025-06-03T15:52:21.851+0530][69.697s] GC(545) Old regions: 9->9
[2025-06-03T15:52:21.851+0530][69.697s] GC(545) Archive regions: 2->2
[2025-06-03T15:52:21.851+0530][69.698s] GC(545) Humongous regions: 0->0
[2025-06-03T15:52:21.851+0530][69.698s] GC(545) Metaspace: 20442K(20928K)->20442K(20928K) NonClass: 17856K(18112K)->17856K(18112K) Class: 2585K(2816K)->2585K(2816K)
[2025-06-03T15:52:21.851+0530][69.698s] GC(545) Pause Young (Normal) (G1 Evacuation Pause) 315M->9M(512M) 1.072ms
[2025-06-03T15:52:21.852+0530][69.698s] GC(545) User=0.00s Sys=0.00s Real=0.00s
[2025-06-03T15:52:21.991+0530][69.837s] GC(546) Pause Young (Normal) (G1 Evacuation Pause)
[2025-06-03T15:52:21.994+0530][69.840s] GC(546) Using 8 workers of 8 for evacuation
[2025-06-03T15:52:21.995+0530][69.841s] GC(546) Skipped phase 1 of Reference Processing: no references
[2025-06-03T15:52:21.999+0530][69.845s] GC(546) Skipped phase 2 of Reference Processing: no references
[2025-06-03T15:52:21.999+0530][69.845s] GC(546) Skipped phase 3 of Reference Processing: no references
[2025-06-03T15:52:21.999+0530][69.845s] GC(546) Skipped phase 4 of Reference Processing: no references
[2025-06-03T15:52:21.999+0530][69.845s] GC(546)   Pre Evacuate Collection Set: 0.1ms
[2025-06-03T15:52:21.999+0530][69.846s] GC(546)   Merge Heap Roots: 0.1ms
[2025-06-03T15:52:21.999+0530][69.846s] GC(546)   Evacuate Collection Set: 0.2ms
[2025-06-03T15:52:21.999+0530][69.846s] GC(546)   Post Evacuate Collection Set: 4.8ms
[2025-06-03T15:52:22.000+0530][69.846s] GC(546)   Other: 3.7ms
[2025-06-03T15:52:22.000+0530][69.846s] GC(546) Eden regions: 306->0(306)
[2025-06-03T15:52:22.000+0530][69.846s] GC(546) Survivor regions: 1->1(39)
[2025-06-03T15:52:22.000+0530][69.846s] GC(546) Old regions: 9->9
[2025-06-03T15:52:22.000+0530][69.846s] GC(546) Archive regions: 2->2
[2025-06-03T15:52:22.000+0530][69.846s] GC(546) Humongous regions: 0->0
[2025-06-03T15:52:22.000+0530][69.846s] GC(546) Metaspace: 20442K(20928K)->20442K(20928K) NonClass: 17856K(18112K)->17856K(18112K) Class: 2585K(2816K)->2585K(2816K)
[2025-06-03T15:52:22.000+0530][69.846s] GC(546) Pause Young (Normal) (G1 Evacuation Pause) 315M->9M(512M) 9.187ms
[2025-06-03T15:52:22.000+0530][69.846s] GC(546) User=0.00s Sys=0.00s Real=0.01s
[2025-06-03T15:52:22.149+0530][69.995s] GC(547) Pause Young (Normal) (G1 Evacuation Pause)
[2025-06-03T15:52:22.149+0530][69.995s] GC(547) Using 8 workers of 8 for evacuation
[2025-06-03T15:52:22.150+0530][69.996s] GC(547) Skipped phase 1 of Reference Processing: no references
[2025-06-03T15:52:22.150+0530][69.996s] GC(547) Skipped phase 2 of Reference Processing: no references
[2025-06-03T15:52:22.150+0530][69.996s] GC(547) Skipped phase 3 of Reference Processing: no references
[2025-06-03T15:52:22.150+0530][69.996s] GC(547) Skipped phase 4 of Reference Processing: no references
[2025-06-03T15:52:22.151+0530][69.997s] GC(547)   Pre Evacuate Collection Set: 0.1ms
[2025-06-03T15:52:22.151+0530][69.997s] GC(547)   Merge Heap Roots: 0.1ms
[2025-06-03T15:52:22.151+0530][69.997s] GC(547)   Evacuate Collection Set: 0.4ms
[2025-06-03T15:52:22.151+0530][69.997s] GC(547)   Post Evacuate Collection Set: 1.1ms
[2025-06-03T15:52:22.151+0530][69.997s] GC(547)   Other: 0.2ms
[2025-06-03T15:52:22.151+0530][69.997s] GC(547) Eden regions: 306->0(306)
[2025-06-03T15:52:22.151+0530][69.997s] GC(547) Survivor regions: 1->1(39)
[2025-06-03T15:52:22.151+0530][69.997s] GC(547) Old regions: 9->9
[2025-06-03T15:52:22.151+0530][69.997s] GC(547) Archive regions: 2->2
[2025-06-03T15:52:22.151+0530][69.997s] GC(547) Humongous regions: 0->0
[2025-06-03T15:52:22.151+0530][69.997s] GC(547) Metaspace: 20442K(20928K)->20442K(20928K) NonClass: 17856K(18112K)->17856K(18112K) Class: 2585K(2816K)->2585K(2816K)
[2025-06-03T15:52:22.151+0530][69.997s] GC(547) Pause Young (Normal) (G1 Evacuation Pause) 315M->9M(512M) 2.121ms
[2025-06-03T15:52:22.151+0530][69.997s] GC(547) User=0.00s Sys=0.00s Real=0.01s
[2025-06-03T15:52:22.350+0530][70.196s] GC(548) Pause Young (Normal) (G1 Evacuation Pause)
[2025-06-03T15:52:22.350+0530][70.197s] GC(548) Using 8 workers of 8 for evacuation
[2025-06-03T15:52:22.351+0530][70.197s] GC(548) Skipped phase 1 of Reference Processing: no references
[2025-06-03T15:52:22.351+0530][70.197s] GC(548) Skipped phase 2 of Reference Processing: no references
[2025-06-03T15:52:22.351+0530][70.197s] GC(548) Skipped phase 3 of Reference Processing: no references
[2025-06-03T15:52:22.351+0530][70.197s] GC(548) Skipped phase 4 of Reference Processing: no references
[2025-06-03T15:52:22.352+0530][70.198s] GC(548)   Pre Evacuate Collection Set: 0.1ms
[2025-06-03T15:52:22.352+0530][70.198s] GC(548)   Merge Heap Roots: 0.1ms
[2025-06-03T15:52:22.352+0530][70.198s] GC(548)   Evacuate Collection Set: 0.3ms
[2025-06-03T15:52:22.352+0530][70.198s] GC(548)   Post Evacuate Collection Set: 0.5ms
[2025-06-03T15:52:22.352+0530][70.198s] GC(548)   Other: 0.2ms
[2025-06-03T15:52:22.352+0530][70.198s] GC(548) Eden regions: 306->0(306)
[2025-06-03T15:52:22.352+0530][70.198s] GC(548) Survivor regions: 1->1(39)
[2025-06-03T15:52:22.352+0530][70.198s] GC(548) Old regions: 9->9
[2025-06-03T15:52:22.352+0530][70.198s] GC(548) Archive regions: 2->2
[2025-06-03T15:52:22.352+0530][70.198s] GC(548) Humongous regions: 0->0
[2025-06-03T15:52:22.352+0530][70.198s] GC(548) Metaspace: 20442K(20928K)->20442K(20928K) NonClass: 17856K(18112K)->17856K(18112K) Class: 2585K(2816K)->2585K(2816K)
[2025-06-03T15:52:22.352+0530][70.198s] GC(548) Pause Young (Normal) (G1 Evacuation Pause) 315M->9M(512M) 1.456ms
[2025-06-03T15:52:22.352+0530][70.198s] GC(548) User=0.00s Sys=0.00s Real=0.00s
[2025-06-03T15:52:22.533+0530][70.380s] GC(549) Pause Young (Normal) (G1 Evacuation Pause)
[2025-06-03T15:52:22.534+0530][70.380s] GC(549) Using 8 workers of 8 for evacuation
[2025-06-03T15:52:22.534+0530][70.380s] GC(549) Skipped phase 1 of Reference Processing: no references
[2025-06-03T15:52:22.534+0530][70.380s] GC(549) Skipped phase 2 of Reference Processing: no references
[2025-06-03T15:52:22.534+0530][70.380s] GC(549) Skipped phase 3 of Reference Processing: no references
[2025-06-03T15:52:22.534+0530][70.380s] GC(549) Skipped phase 4 of Reference Processing: no references
[2025-06-03T15:52:22.535+0530][70.381s] GC(549)   Pre Evacuate Collection Set: 0.1ms
[2025-06-03T15:52:22.535+0530][70.381s] GC(549)   Merge Heap Roots: 0.1ms
[2025-06-03T15:52:22.535+0530][70.381s] GC(549)   Evacuate Collection Set: 0.3ms
[2025-06-03T15:52:22.535+0530][70.381s] GC(549)   Post Evacuate Collection Set: 0.5ms
[2025-06-03T15:52:22.535+0530][70.381s] GC(549)   Other: 0.2ms
[2025-06-03T15:52:22.535+0530][70.381s] GC(549) Eden regions: 306->0(306)
[2025-06-03T15:52:22.535+0530][70.381s] GC(549) Survivor regions: 1->1(39)
[2025-06-03T15:52:22.535+0530][70.381s] GC(549) Old regions: 9->9
[2025-06-03T15:52:22.535+0530][70.381s] GC(549) Archive regions: 2->2
[2025-06-03T15:52:22.535+0530][70.381s] GC(549) Humongous regions: 0->0
[2025-06-03T15:52:22.535+0530][70.381s] GC(549) Metaspace: 20442K(20928K)->20442K(20928K) NonClass: 17856K(18112K)->17856K(18112K) Class: 2585K(2816K)->2585K(2816K)
[2025-06-03T15:52:22.535+0530][70.381s] GC(549) Pause Young (Normal) (G1 Evacuation Pause) 315M->9M(512M) 1.332ms
[2025-06-03T15:52:22.535+0530][70.381s] GC(549) User=0.00s Sys=0.01s Real=0.00s
[2025-06-03T15:52:22.669+0530][70.515s] GC(550) Pause Young (Normal) (G1 Evacuation Pause)
[2025-06-03T15:52:22.669+0530][70.515s] GC(550) Using 8 workers of 8 for evacuation
[2025-06-03T15:52:22.669+0530][70.515s] GC(550) Skipped phase 1 of Reference Processing: no references
[2025-06-03T15:52:22.669+0530][70.515s] GC(550) Skipped phase 2 of Reference Processing: no references
[2025-06-03T15:52:22.669+0530][70.515s] GC(550) Skipped phase 3 of Reference Processing: no references
[2025-06-03T15:52:22.669+0530][70.515s] GC(550) Skipped phase 4 of Reference Processing: no references
[2025-06-03T15:52:22.670+0530][70.516s] GC(550)   Pre Evacuate Collection Set: 0.1ms
[2025-06-03T15:52:22.670+0530][70.516s] GC(550)   Merge Heap Roots: 0.1ms
[2025-06-03T15:52:22.670+0530][70.516s] GC(550)   Evacuate Collection Set: 0.2ms
[2025-06-03T15:52:22.670+0530][70.516s] GC(550)   Post Evacuate Collection Set: 0.4ms
[2025-06-03T15:52:22.670+0530][70.516s] GC(550)   Other: 0.2ms
[2025-06-03T15:52:22.670+0530][70.516s] GC(550) Eden regions: 306->0(306)
[2025-06-03T15:52:22.670+0530][70.516s] GC(550) Survivor regions: 1->1(39)
[2025-06-03T15:52:22.670+0530][70.516s] GC(550) Old regions: 9->9
[2025-06-03T15:52:22.670+0530][70.516s] GC(550) Archive regions: 2->2
[2025-06-03T15:52:22.670+0530][70.516s] GC(550) Humongous regions: 0->0
[2025-06-03T15:52:22.670+0530][70.516s] GC(550) Metaspace: 20442K(20928K)->20442K(20928K) NonClass: 17856K(18112K)->17856K(18112K) Class: 2585K(2816K)->2585K(2816K)
[2025-06-03T15:52:22.670+0530][70.516s] GC(550) Pause Young (Normal) (G1 Evacuation Pause) 315M->9M(512M) 1.329ms
[2025-06-03T15:52:22.670+0530][70.516s] GC(550) User=0.00s Sys=0.00s Real=0.01s
[2025-06-03T15:52:22.809+0530][70.655s] GC(551) Pause Young (Normal) (G1 Evacuation Pause)
[2025-06-03T15:52:22.809+0530][70.655s] GC(551) Using 8 workers of 8 for evacuation
[2025-06-03T15:52:22.810+0530][70.656s] GC(551) Skipped phase 1 of Reference Processing: no references
[2025-06-03T15:52:22.810+0530][70.656s] GC(551) Skipped phase 2 of Reference Processing: no references
[2025-06-03T15:52:22.810+0530][70.656s] GC(551) Skipped phase 3 of Reference Processing: no references
[2025-06-03T15:52:22.810+0530][70.656s] GC(551) Skipped phase 4 of Reference Processing: no references
[2025-06-03T15:52:22.810+0530][70.656s] GC(551)   Pre Evacuate Collection Set: 0.1ms
[2025-06-03T15:52:22.810+0530][70.656s] GC(551)   Merge Heap Roots: 0.1ms
[2025-06-03T15:52:22.810+0530][70.656s] GC(551)   Evacuate Collection Set: 0.2ms
[2025-06-03T15:52:22.810+0530][70.656s] GC(551)   Post Evacuate Collection Set: 0.5ms
[2025-06-03T15:52:22.810+0530][70.656s] GC(551)   Other: 0.2ms
[2025-06-03T15:52:22.810+0530][70.656s] GC(551) Eden regions: 306->0(306)
[2025-06-03T15:52:22.810+0530][70.656s] GC(551) Survivor regions: 1->1(39)
[2025-06-03T15:52:22.810+0530][70.656s] GC(551) Old regions: 9->9
[2025-06-03T15:52:22.810+0530][70.656s] GC(551) Archive regions: 2->2
[2025-06-03T15:52:22.810+0530][70.656s] GC(551) Humongous regions: 0->0
[2025-06-03T15:52:22.810+0530][70.656s] GC(551) Metaspace: 20442K(20928K)->20442K(20928K) NonClass: 17856K(18112K)->17856K(18112K) Class: 2585K(2816K)->2585K(2816K)
[2025-06-03T15:52:22.810+0530][70.656s] GC(551) Pause Young (Normal) (G1 Evacuation Pause) 315M->9M(512M) 1.359ms
[2025-06-03T15:52:22.810+0530][70.657s] GC(551) User=0.01s Sys=0.00s Real=0.01s
[2025-06-03T15:52:22.942+0530][70.788s] GC(552) Pause Young (Normal) (G1 Evacuation Pause)
[2025-06-03T15:52:22.942+0530][70.788s] GC(552) Using 8 workers of 8 for evacuation
[2025-06-03T15:52:22.942+0530][70.788s] GC(552) Skipped phase 1 of Reference Processing: no references
[2025-06-03T15:52:22.942+0530][70.788s] GC(552) Skipped phase 2 of Reference Processing: no references
[2025-06-03T15:52:22.942+0530][70.788s] GC(552) Skipped phase 3 of Reference Processing: no references
[2025-06-03T15:52:22.942+0530][70.788s] GC(552) Skipped phase 4 of Reference Processing: no references
[2025-06-03T15:52:22.943+0530][70.789s] GC(552)   Pre Evacuate Collection Set: 0.1ms
[2025-06-03T15:52:22.943+0530][70.789s] GC(552)   Merge Heap Roots: 0.1ms
[2025-06-03T15:52:22.943+0530][70.789s] GC(552)   Evacuate Collection Set: 0.2ms
[2025-06-03T15:52:22.943+0530][70.789s] GC(552)   Post Evacuate Collection Set: 0.4ms
[2025-06-03T15:52:22.943+0530][70.789s] GC(552)   Other: 0.2ms
[2025-06-03T15:52:22.943+0530][70.789s] GC(552) Eden regions: 306->0(306)
[2025-06-03T15:52:22.943+0530][70.789s] GC(552) Survivor regions: 1->1(39)
[2025-06-03T15:52:22.943+0530][70.789s] GC(552) Old regions: 9->9
[2025-06-03T15:52:22.943+0530][70.789s] GC(552) Archive regions: 2->2
[2025-06-03T15:52:22.943+0530][70.789s] GC(552) Humongous regions: 0->0
[2025-06-03T15:52:22.943+0530][70.789s] GC(552) Metaspace: 20442K(20928K)->20442K(20928K) NonClass: 17856K(18112K)->17856K(18112K) Class: 2585K(2816K)->2585K(2816K)
[2025-06-03T15:52:22.943+0530][70.789s] GC(552) Pause Young (Normal) (G1 Evacuation Pause) 315M->9M(512M) 1.077ms
[2025-06-03T15:52:22.943+0530][70.789s] GC(552) User=0.01s Sys=0.00s Real=0.00s
[2025-06-03T15:52:23.076+0530][70.922s] GC(553) Pause Young (Normal) (G1 Evacuation Pause)
[2025-06-03T15:52:23.076+0530][70.922s] GC(553) Using 8 workers of 8 for evacuation
[2025-06-03T15:52:23.076+0530][70.922s] GC(553) Skipped phase 1 of Reference Processing: no references
[2025-06-03T15:52:23.076+0530][70.922s] GC(553) Skipped phase 2 of Reference Processing: no references
[2025-06-03T15:52:23.076+0530][70.922s] GC(553) Skipped phase 3 of Reference Processing: no references
[2025-06-03T15:52:23.076+0530][70.922s] GC(553) Skipped phase 4 of Reference Processing: no references
[2025-06-03T15:52:23.077+0530][70.923s] GC(553)   Pre Evacuate Collection Set: 0.1ms
[2025-06-03T15:52:23.077+0530][70.923s] GC(553)   Merge Heap Roots: 0.1ms
[2025-06-03T15:52:23.077+0530][70.923s] GC(553)   Evacuate Collection Set: 0.2ms
[2025-06-03T15:52:23.077+0530][70.923s] GC(553)   Post Evacuate Collection Set: 0.4ms
[2025-06-03T15:52:23.077+0530][70.923s] GC(553)   Other: 0.2ms
[2025-06-03T15:52:23.077+0530][70.923s] GC(553) Eden regions: 306->0(306)
[2025-06-03T15:52:23.077+0530][70.923s] GC(553) Survivor regions: 1->1(39)
[2025-06-03T15:52:23.077+0530][70.923s] GC(553) Old regions: 9->9
[2025-06-03T15:52:23.077+0530][70.923s] GC(553) Archive regions: 2->2
[2025-06-03T15:52:23.077+0530][70.923s] GC(553) Humongous regions: 0->0
[2025-06-03T15:52:23.077+0530][70.923s] GC(553) Metaspace: 20442K(20928K)->20442K(20928K) NonClass: 17856K(18112K)->17856K(18112K) Class: 2585K(2816K)->2585K(2816K)
[2025-06-03T15:52:23.077+0530][70.923s] GC(553) Pause Young (Normal) (G1 Evacuation Pause) 315M->9M(512M) 1.172ms
[2025-06-03T15:52:23.077+0530][70.923s] GC(553) User=0.00s Sys=0.00s Real=0.00s
[2025-06-03T15:52:23.228+0530][71.074s] GC(554) Pause Young (Normal) (G1 Evacuation Pause)
[2025-06-03T15:52:23.228+0530][71.074s] GC(554) Using 8 workers of 8 for evacuation
[2025-06-03T15:52:23.229+0530][71.075s] GC(554) Skipped phase 1 of Reference Processing: no references
[2025-06-03T15:52:23.229+0530][71.075s] GC(554) Skipped phase 2 of Reference Processing: no references
[2025-06-03T15:52:23.229+0530][71.075s] GC(554) Skipped phase 3 of Reference Processing: no references
[2025-06-03T15:52:23.229+0530][71.075s] GC(554) Skipped phase 4 of Reference Processing: no references
[2025-06-03T15:52:23.229+0530][71.075s] GC(554)   Pre Evacuate Collection Set: 0.1ms
[2025-06-03T15:52:23.229+0530][71.075s] GC(554)   Merge Heap Roots: 0.1ms
[2025-06-03T15:52:23.229+0530][71.076s] GC(554)   Evacuate Collection Set: 0.3ms
[2025-06-03T15:52:23.229+0530][71.076s] GC(554)   Post Evacuate Collection Set: 0.5ms
[2025-06-03T15:52:23.230+0530][71.076s] GC(554)   Other: 0.2ms
[2025-06-03T15:52:23.230+0530][71.076s] GC(554) Eden regions: 306->0(306)
[2025-06-03T15:52:23.230+0530][71.076s] GC(554) Survivor regions: 1->1(39)
[2025-06-03T15:52:23.230+0530][71.076s] GC(554) Old regions: 9->9
[2025-06-03T15:52:23.230+0530][71.076s] GC(554) Archive regions: 2->2
[2025-06-03T15:52:23.230+0530][71.076s] GC(554) Humongous regions: 0->0
[2025-06-03T15:52:23.230+0530][71.076s] GC(554) Metaspace: 20442K(20928K)->20442K(20928K) NonClass: 17856K(18112K)->17856K(18112K) Class: 2585K(2816K)->2585K(2816K)
[2025-06-03T15:52:23.230+0530][71.076s] GC(554) Pause Young (Normal) (G1 Evacuation Pause) 315M->9M(512M) 1.670ms
[2025-06-03T15:52:23.230+0530][71.076s] GC(554) User=0.00s Sys=0.00s Real=0.01s
[2025-06-03T15:52:23.384+0530][71.230s] GC(555) Pause Young (Normal) (G1 Evacuation Pause)
[2025-06-03T15:52:23.384+0530][71.230s] GC(555) Using 8 workers of 8 for evacuation
[2025-06-03T15:52:23.385+0530][71.231s] GC(555) Skipped phase 1 of Reference Processing: no references
[2025-06-03T15:52:23.388+0530][71.234s] GC(555) Skipped phase 2 of Reference Processing: no references
[2025-06-03T15:52:23.388+0530][71.234s] GC(555) Skipped phase 3 of Reference Processing: no references
[2025-06-03T15:52:23.388+0530][71.234s] GC(555) Skipped phase 4 of Reference Processing: no references
[2025-06-03T15:52:23.389+0530][71.235s] GC(555)   Pre Evacuate Collection Set: 0.1ms
[2025-06-03T15:52:23.396+0530][71.242s] GC(555)   Merge Heap Roots: 0.1ms
[2025-06-03T15:52:23.396+0530][71.242s] GC(555)   Evacuate Collection Set: 0.2ms
[2025-06-03T15:52:23.396+0530][71.242s] GC(555)   Post Evacuate Collection Set: 3.9ms
[2025-06-03T15:52:23.396+0530][71.242s] GC(555)   Other: 0.2ms
[2025-06-03T15:52:23.396+0530][71.242s] GC(555) Eden regions: 306->0(306)
[2025-06-03T15:52:23.396+0530][71.242s] GC(555) Survivor regions: 1->1(39)
[2025-06-03T15:52:23.396+0530][71.242s] GC(555) Old regions: 9->9
[2025-06-03T15:52:23.396+0530][71.242s] GC(555) Archive regions: 2->2
[2025-06-03T15:52:23.396+0530][71.242s] GC(555) Humongous regions: 0->0
[2025-06-03T15:52:23.396+0530][71.242s] GC(555) Metaspace: 20442K(20928K)->20442K(20928K) NonClass: 17856K(18112K)->17856K(18112K) Class: 2585K(2816K)->2585K(2816K)
[2025-06-03T15:52:23.396+0530][71.242s] GC(555) Pause Young (Normal) (G1 Evacuation Pause) 315M->9M(512M) 11.833ms
[2025-06-03T15:52:23.396+0530][71.242s] GC(555) User=0.00s Sys=0.00s Real=0.01s
[2025-06-03T15:52:23.551+0530][71.397s] GC(556) Pause Young (Normal) (G1 Evacuation Pause)
[2025-06-03T15:52:23.551+0530][71.397s] GC(556) Using 8 workers of 8 for evacuation
[2025-06-03T15:52:23.552+0530][71.398s] GC(556) Skipped phase 1 of Reference Processing: no references
[2025-06-03T15:52:23.552+0530][71.398s] GC(556) Skipped phase 2 of Reference Processing: no references
[2025-06-03T15:52:23.552+0530][71.398s] GC(556) Skipped phase 3 of Reference Processing: no references
[2025-06-03T15:52:23.552+0530][71.398s] GC(556) Skipped phase 4 of Reference Processing: no references
[2025-06-03T15:52:23.553+0530][71.399s] GC(556)   Pre Evacuate Collection Set: 0.1ms
[2025-06-03T15:52:23.553+0530][71.399s] GC(556)   Merge Heap Roots: 0.1ms
[2025-06-03T15:52:23.553+0530][71.399s] GC(556)   Evacuate Collection Set: 0.2ms
[2025-06-03T15:52:23.553+0530][71.399s] GC(556)   Post Evacuate Collection Set: 0.7ms
[2025-06-03T15:52:23.553+0530][71.399s] GC(556)   Other: 0.2ms
[2025-06-03T15:52:23.553+0530][71.399s] GC(556) Eden regions: 306->0(306)
[2025-06-03T15:52:23.553+0530][71.399s] GC(556) Survivor regions: 1->1(39)
[2025-06-03T15:52:23.553+0530][71.399s] GC(556) Old regions: 9->9
[2025-06-03T15:52:23.553+0530][71.399s] GC(556) Archive regions: 2->2
[2025-06-03T15:52:23.553+0530][71.399s] GC(556) Humongous regions: 0->0
[2025-06-03T15:52:23.553+0530][71.399s] GC(556) Metaspace: 20442K(20928K)->20442K(20928K) NonClass: 17856K(18112K)->17856K(18112K) Class: 2585K(2816K)->2585K(2816K)
[2025-06-03T15:52:23.553+0530][71.399s] GC(556) Pause Young (Normal) (G1 Evacuation Pause) 315M->9M(512M) 1.710ms
[2025-06-03T15:52:23.553+0530][71.399s] GC(556) User=0.01s Sys=0.01s Real=0.00s
[2025-06-03T15:52:23.687+0530][71.533s] GC(557) Pause Young (Normal) (G1 Evacuation Pause)
[2025-06-03T15:52:23.687+0530][71.533s] GC(557) Using 8 workers of 8 for evacuation
[2025-06-03T15:52:23.687+0530][71.533s] GC(557) Skipped phase 1 of Reference Processing: no references
[2025-06-03T15:52:23.687+0530][71.533s] GC(557) Skipped phase 2 of Reference Processing: no references
[2025-06-03T15:52:23.687+0530][71.533s] GC(557) Skipped phase 3 of Reference Processing: no references
[2025-06-03T15:52:23.687+0530][71.533s] GC(557) Skipped phase 4 of Reference Processing: no references
[2025-06-03T15:52:23.688+0530][71.534s] GC(557)   Pre Evacuate Collection Set: 0.1ms
[2025-06-03T15:52:23.688+0530][71.534s] GC(557)   Merge Heap Roots: 0.1ms
[2025-06-03T15:52:23.688+0530][71.534s] GC(557)   Evacuate Collection Set: 0.2ms
[2025-06-03T15:52:23.688+0530][71.534s] GC(557)   Post Evacuate Collection Set: 0.4ms
[2025-06-03T15:52:23.688+0530][71.534s] GC(557)   Other: 0.2ms
[2025-06-03T15:52:23.688+0530][71.534s] GC(557) Eden regions: 306->0(306)
[2025-06-03T15:52:23.688+0530][71.534s] GC(557) Survivor regions: 1->1(39)
[2025-06-03T15:52:23.688+0530][71.534s] GC(557) Old regions: 9->9
[2025-06-03T15:52:23.688+0530][71.534s] GC(557) Archive regions: 2->2
[2025-06-03T15:52:23.688+0530][71.534s] GC(557) Humongous regions: 0->0
[2025-06-03T15:52:23.688+0530][71.534s] GC(557) Metaspace: 20442K(20928K)->20442K(20928K) NonClass: 17856K(18112K)->17856K(18112K) Class: 2585K(2816K)->2585K(2816K)
[2025-06-03T15:52:23.688+0530][71.534s] GC(557) Pause Young (Normal) (G1 Evacuation Pause) 315M->9M(512M) 1.179ms
[2025-06-03T15:52:23.688+0530][71.534s] GC(557) User=0.00s Sys=0.00s Real=0.00s
[2025-06-03T15:52:23.821+0530][71.667s] GC(558) Pause Young (Normal) (G1 Evacuation Pause)
[2025-06-03T15:52:23.821+0530][71.667s] GC(558) Using 8 workers of 8 for evacuation
[2025-06-03T15:52:23.821+0530][71.668s] GC(558) Skipped phase 1 of Reference Processing: no references
[2025-06-03T15:52:23.822+0530][71.668s] GC(558) Skipped phase 2 of Reference Processing: no references
[2025-06-03T15:52:23.822+0530][71.668s] GC(558) Skipped phase 3 of Reference Processing: no references
[2025-06-03T15:52:23.822+0530][71.668s] GC(558) Skipped phase 4 of Reference Processing: no references
[2025-06-03T15:52:23.822+0530][71.668s] GC(558)   Pre Evacuate Collection Set: 0.1ms
[2025-06-03T15:52:23.822+0530][71.668s] GC(558)   Merge Heap Roots: 0.1ms
[2025-06-03T15:52:23.822+0530][71.668s] GC(558)   Evacuate Collection Set: 0.2ms
[2025-06-03T15:52:23.822+0530][71.668s] GC(558)   Post Evacuate Collection Set: 0.4ms
[2025-06-03T15:52:23.822+0530][71.668s] GC(558)   Other: 0.1ms
[2025-06-03T15:52:23.822+0530][71.668s] GC(558) Eden regions: 306->0(306)
[2025-06-03T15:52:23.822+0530][71.668s] GC(558) Survivor regions: 1->1(39)
[2025-06-03T15:52:23.822+0530][71.668s] GC(558) Old regions: 9->9
[2025-06-03T15:52:23.822+0530][71.668s] GC(558) Archive regions: 2->2
[2025-06-03T15:52:23.822+0530][71.668s] GC(558) Humongous regions: 0->0
[2025-06-03T15:52:23.822+0530][71.668s] GC(558) Metaspace: 20442K(20928K)->20442K(20928K) NonClass: 17856K(18112K)->17856K(18112K) Class: 2585K(2816K)->2585K(2816K)
[2025-06-03T15:52:23.822+0530][71.668s] GC(558) Pause Young (Normal) (G1 Evacuation Pause) 315M->9M(512M) 1.145ms
[2025-06-03T15:52:23.822+0530][71.668s] GC(558) User=0.00s Sys=0.00s Real=0.00s
[2025-06-03T15:52:23.957+0530][71.803s] GC(559) Pause Young (Normal) (G1 Evacuation Pause)
[2025-06-03T15:52:23.957+0530][71.803s] GC(559) Using 8 workers of 8 for evacuation
[2025-06-03T15:52:23.957+0530][71.803s] GC(559) Skipped phase 1 of Reference Processing: no references
[2025-06-03T15:52:23.957+0530][71.804s] GC(559) Skipped phase 2 of Reference Processing: no references
[2025-06-03T15:52:23.957+0530][71.804s] GC(559) Skipped phase 3 of Reference Processing: no references
[2025-06-03T15:52:23.957+0530][71.804s] GC(559) Skipped phase 4 of Reference Processing: no references
[2025-06-03T15:52:23.958+0530][71.804s] GC(559)   Pre Evacuate Collection Set: 0.1ms
[2025-06-03T15:52:23.958+0530][71.804s] GC(559)   Merge Heap Roots: 0.1ms
[2025-06-03T15:52:23.958+0530][71.804s] GC(559)   Evacuate Collection Set: 0.2ms
[2025-06-03T15:52:23.958+0530][71.804s] GC(559)   Post Evacuate Collection Set: 0.4ms
[2025-06-03T15:52:23.958+0530][71.804s] GC(559)   Other: 0.1ms
[2025-06-03T15:52:23.958+0530][71.804s] GC(559) Eden regions: 306->0(306)
[2025-06-03T15:52:23.958+0530][71.804s] GC(559) Survivor regions: 1->1(39)
[2025-06-03T15:52:23.958+0530][71.804s] GC(559) Old regions: 9->9
[2025-06-03T15:52:23.958+0530][71.804s] GC(559) Archive regions: 2->2
[2025-06-03T15:52:23.958+0530][71.804s] GC(559) Humongous regions: 0->0
[2025-06-03T15:52:23.958+0530][71.804s] GC(559) Metaspace: 20442K(20928K)->20442K(20928K) NonClass: 17856K(18112K)->17856K(18112K) Class: 2585K(2816K)->2585K(2816K)
[2025-06-03T15:52:23.958+0530][71.804s] GC(559) Pause Young (Normal) (G1 Evacuation Pause) 315M->9M(512M) 1.035ms
[2025-06-03T15:52:23.958+0530][71.804s] GC(559) User=0.01s Sys=0.00s Real=0.00s
[2025-06-03T15:52:24.095+0530][71.941s] GC(560) Pause Young (Normal) (G1 Evacuation Pause)
[2025-06-03T15:52:24.095+0530][71.941s] GC(560) Using 8 workers of 8 for evacuation
[2025-06-03T15:52:24.096+0530][71.942s] GC(560) Skipped phase 1 of Reference Processing: no references
[2025-06-03T15:52:24.096+0530][71.942s] GC(560) Skipped phase 2 of Reference Processing: no references
[2025-06-03T15:52:24.096+0530][71.942s] GC(560) Skipped phase 3 of Reference Processing: no references
[2025-06-03T15:52:24.096+0530][71.942s] GC(560) Skipped phase 4 of Reference Processing: no references
[2025-06-03T15:52:24.097+0530][71.943s] GC(560)   Pre Evacuate Collection Set: 0.1ms
[2025-06-03T15:52:24.097+0530][71.943s] GC(560)   Merge Heap Roots: 0.1ms
[2025-06-03T15:52:24.097+0530][71.943s] GC(560)   Evacuate Collection Set: 0.3ms
[2025-06-03T15:52:24.097+0530][71.943s] GC(560)   Post Evacuate Collection Set: 0.8ms
[2025-06-03T15:52:24.097+0530][71.943s] GC(560)   Other: 0.2ms
[2025-06-03T15:52:24.097+0530][71.943s] GC(560) Eden regions: 306->0(306)
[2025-06-03T15:52:24.097+0530][71.943s] GC(560) Survivor regions: 1->1(39)
[2025-06-03T15:52:24.097+0530][71.943s] GC(560) Old regions: 9->9
[2025-06-03T15:52:24.097+0530][71.943s] GC(560) Archive regions: 2->2
[2025-06-03T15:52:24.097+0530][71.943s] GC(560) Humongous regions: 0->0
[2025-06-03T15:52:24.097+0530][71.943s] GC(560) Metaspace: 20442K(20928K)->20442K(20928K) NonClass: 17856K(18112K)->17856K(18112K) Class: 2585K(2816K)->2585K(2816K)
[2025-06-03T15:52:24.097+0530][71.943s] GC(560) Pause Young (Normal) (G1 Evacuation Pause) 315M->9M(512M) 1.896ms
[2025-06-03T15:52:24.097+0530][71.943s] GC(560) User=0.00s Sys=0.00s Real=0.00s
[2025-06-03T15:52:24.255+0530][72.101s] GC(561) Pause Young (Normal) (G1 Evacuation Pause)
[2025-06-03T15:52:24.255+0530][72.101s] GC(561) Using 8 workers of 8 for evacuation
[2025-06-03T15:52:24.255+0530][72.101s] GC(561) Skipped phase 1 of Reference Processing: no references
[2025-06-03T15:52:24.255+0530][72.101s] GC(561) Skipped phase 2 of Reference Processing: no references
[2025-06-03T15:52:24.255+0530][72.101s] GC(561) Skipped phase 3 of Reference Processing: no references
[2025-06-03T15:52:24.255+0530][72.101s] GC(561) Skipped phase 4 of Reference Processing: no references
[2025-06-03T15:52:24.256+0530][72.102s] GC(561)   Pre Evacuate Collection Set: 0.1ms
[2025-06-03T15:52:24.256+0530][72.102s] GC(561)   Merge Heap Roots: 0.1ms
[2025-06-03T15:52:24.256+0530][72.102s] GC(561)   Evacuate Collection Set: 0.2ms
[2025-06-03T15:52:24.256+0530][72.102s] GC(561)   Post Evacuate Collection Set: 0.4ms
[2025-06-03T15:52:24.256+0530][72.102s] GC(561)   Other: 0.2ms
[2025-06-03T15:52:24.256+0530][72.102s] GC(561) Eden regions: 306->0(306)
[2025-06-03T15:52:24.256+0530][72.102s] GC(561) Survivor regions: 1->1(39)
[2025-06-03T15:52:24.256+0530][72.102s] GC(561) Old regions: 9->9
[2025-06-03T15:52:24.256+0530][72.102s] GC(561) Archive regions: 2->2
[2025-06-03T15:52:24.256+0530][72.102s] GC(561) Humongous regions: 0->0
[2025-06-03T15:52:24.256+0530][72.102s] GC(561) Metaspace: 20443K(20928K)->20443K(20928K) NonClass: 17857K(18112K)->17857K(18112K) Class: 2585K(2816K)->2585K(2816K)
[2025-06-03T15:52:24.256+0530][72.102s] GC(561) Pause Young (Normal) (G1 Evacuation Pause) 315M->9M(512M) 1.171ms
[2025-06-03T15:52:24.256+0530][72.102s] GC(561) User=0.00s Sys=0.00s Real=0.00s
[2025-06-03T15:52:24.386+0530][72.232s] GC(562) Pause Young (Normal) (G1 Evacuation Pause)
[2025-06-03T15:52:24.386+0530][72.232s] GC(562) Using 8 workers of 8 for evacuation
[2025-06-03T15:52:24.386+0530][72.233s] GC(562) Skipped phase 1 of Reference Processing: no references
[2025-06-03T15:52:24.387+0530][72.233s] GC(562) Skipped phase 2 of Reference Processing: no references
[2025-06-03T15:52:24.387+0530][72.233s] GC(562) Skipped phase 3 of Reference Processing: no references
[2025-06-03T15:52:24.387+0530][72.233s] GC(562) Skipped phase 4 of Reference Processing: no references
[2025-06-03T15:52:24.387+0530][72.233s] GC(562)   Pre Evacuate Collection Set: 0.1ms
[2025-06-03T15:52:24.387+0530][72.233s] GC(562)   Merge Heap Roots: 0.1ms
[2025-06-03T15:52:24.387+0530][72.233s] GC(562)   Evacuate Collection Set: 0.2ms
[2025-06-03T15:52:24.387+0530][72.233s] GC(562)   Post Evacuate Collection Set: 0.4ms
[2025-06-03T15:52:24.387+0530][72.233s] GC(562)   Other: 0.2ms
[2025-06-03T15:52:24.387+0530][72.233s] GC(562) Eden regions: 306->0(306)
[2025-06-03T15:52:24.387+0530][72.233s] GC(562) Survivor regions: 1->1(39)
[2025-06-03T15:52:24.387+0530][72.233s] GC(562) Old regions: 9->9
[2025-06-03T15:52:24.387+0530][72.233s] GC(562) Archive regions: 2->2
[2025-06-03T15:52:24.387+0530][72.233s] GC(562) Humongous regions: 0->0
[2025-06-03T15:52:24.387+0530][72.233s] GC(562) Metaspace: 20443K(20928K)->20443K(20928K) NonClass: 17857K(18112K)->17857K(18112K) Class: 2585K(2816K)->2585K(2816K)
[2025-06-03T15:52:24.387+0530][72.233s] GC(562) Pause Young (Normal) (G1 Evacuation Pause) 315M->9M(512M) 1.214ms
[2025-06-03T15:52:24.387+0530][72.233s] GC(562) User=0.00s Sys=0.00s Real=0.00s
[2025-06-03T15:52:24.520+0530][72.366s] GC(563) Pause Young (Normal) (G1 Evacuation Pause)
[2025-06-03T15:52:24.520+0530][72.366s] GC(563) Using 8 workers of 8 for evacuation
[2025-06-03T15:52:24.520+0530][72.366s] GC(563) Skipped phase 1 of Reference Processing: no references
[2025-06-03T15:52:24.520+0530][72.366s] GC(563) Skipped phase 2 of Reference Processing: no references
[2025-06-03T15:52:24.520+0530][72.366s] GC(563) Skipped phase 3 of Reference Processing: no references
[2025-06-03T15:52:24.520+0530][72.366s] GC(563) Skipped phase 4 of Reference Processing: no references
[2025-06-03T15:52:24.521+0530][72.367s] GC(563)   Pre Evacuate Collection Set: 0.1ms
[2025-06-03T15:52:24.521+0530][72.367s] GC(563)   Merge Heap Roots: 0.1ms
[2025-06-03T15:52:24.521+0530][72.367s] GC(563)   Evacuate Collection Set: 0.2ms
[2025-06-03T15:52:24.521+0530][72.367s] GC(563)   Post Evacuate Collection Set: 0.4ms
[2025-06-03T15:52:24.521+0530][72.367s] GC(563)   Other: 0.1ms
[2025-06-03T15:52:24.521+0530][72.367s] GC(563) Eden regions: 306->0(306)
[2025-06-03T15:52:24.521+0530][72.367s] GC(563) Survivor regions: 1->1(39)
[2025-06-03T15:52:24.521+0530][72.367s] GC(563) Old regions: 9->9
[2025-06-03T15:52:24.521+0530][72.367s] GC(563) Archive regions: 2->2
[2025-06-03T15:52:24.521+0530][72.367s] GC(563) Humongous regions: 0->0
[2025-06-03T15:52:24.521+0530][72.367s] GC(563) Metaspace: 20443K(20928K)->20443K(20928K) NonClass: 17857K(18112K)->17857K(18112K) Class: 2585K(2816K)->2585K(2816K)
[2025-06-03T15:52:24.521+0530][72.367s] GC(563) Pause Young (Normal) (G1 Evacuation Pause) 315M->9M(512M) 1.132ms
[2025-06-03T15:52:24.521+0530][72.367s] GC(563) User=0.00s Sys=0.00s Real=0.00s
[2025-06-03T15:52:24.651+0530][72.497s] GC(564) Pause Young (Normal) (G1 Evacuation Pause)
[2025-06-03T15:52:24.651+0530][72.497s] GC(564) Using 8 workers of 8 for evacuation
[2025-06-03T15:52:24.651+0530][72.498s] GC(564) Skipped phase 1 of Reference Processing: no references
[2025-06-03T15:52:24.651+0530][72.498s] GC(564) Skipped phase 2 of Reference Processing: no references
[2025-06-03T15:52:24.651+0530][72.498s] GC(564) Skipped phase 3 of Reference Processing: no references
[2025-06-03T15:52:24.651+0530][72.498s] GC(564) Skipped phase 4 of Reference Processing: no references
[2025-06-03T15:52:24.652+0530][72.498s] GC(564)   Pre Evacuate Collection Set: 0.1ms
[2025-06-03T15:52:24.652+0530][72.498s] GC(564)   Merge Heap Roots: 0.1ms
[2025-06-03T15:52:24.652+0530][72.498s] GC(564)   Evacuate Collection Set: 0.2ms
[2025-06-03T15:52:24.652+0530][72.498s] GC(564)   Post Evacuate Collection Set: 0.4ms
[2025-06-03T15:52:24.652+0530][72.498s] GC(564)   Other: 0.1ms
[2025-06-03T15:52:24.652+0530][72.498s] GC(564) Eden regions: 306->0(306)
[2025-06-03T15:52:24.652+0530][72.498s] GC(564) Survivor regions: 1->1(39)
[2025-06-03T15:52:24.652+0530][72.498s] GC(564) Old regions: 9->9
[2025-06-03T15:52:24.652+0530][72.498s] GC(564) Archive regions: 2->2
[2025-06-03T15:52:24.652+0530][72.498s] GC(564) Humongous regions: 0->0
[2025-06-03T15:52:24.652+0530][72.498s] GC(564) Metaspace: 20443K(20928K)->20443K(20928K) NonClass: 17857K(18112K)->17857K(18112K) Class: 2585K(2816K)->2585K(2816K)
[2025-06-03T15:52:24.652+0530][72.498s] GC(564) Pause Young (Normal) (G1 Evacuation Pause) 315M->9M(512M) 1.023ms
[2025-06-03T15:52:24.652+0530][72.498s] GC(564) User=0.00s Sys=0.00s Real=0.00s
[2025-06-03T15:52:24.777+0530][72.623s] GC(565) Pause Young (Normal) (G1 Evacuation Pause)
[2025-06-03T15:52:24.777+0530][72.623s] GC(565) Using 8 workers of 8 for evacuation
[2025-06-03T15:52:24.777+0530][72.623s] GC(565) Skipped phase 1 of Reference Processing: no references
[2025-06-03T15:52:24.777+0530][72.623s] GC(565) Skipped phase 2 of Reference Processing: no references
[2025-06-03T15:52:24.777+0530][72.623s] GC(565) Skipped phase 3 of Reference Processing: no references
[2025-06-03T15:52:24.777+0530][72.623s] GC(565) Skipped phase 4 of Reference Processing: no references
[2025-06-03T15:52:24.778+0530][72.624s] GC(565)   Pre Evacuate Collection Set: 0.1ms
[2025-06-03T15:52:24.778+0530][72.624s] GC(565)   Merge Heap Roots: 0.1ms
[2025-06-03T15:52:24.778+0530][72.624s] GC(565)   Evacuate Collection Set: 0.2ms
[2025-06-03T15:52:24.778+0530][72.624s] GC(565)   Post Evacuate Collection Set: 0.4ms
[2025-06-03T15:52:24.778+0530][72.624s] GC(565)   Other: 0.2ms
[2025-06-03T15:52:24.778+0530][72.624s] GC(565) Eden regions: 306->0(306)
[2025-06-03T15:52:24.778+0530][72.624s] GC(565) Survivor regions: 1->1(39)
[2025-06-03T15:52:24.778+0530][72.624s] GC(565) Old regions: 9->9
[2025-06-03T15:52:24.778+0530][72.624s] GC(565) Archive regions: 2->2
[2025-06-03T15:52:24.778+0530][72.624s] GC(565) Humongous regions: 0->0
[2025-06-03T15:52:24.778+0530][72.624s] GC(565) Metaspace: 20443K(20928K)->20443K(20928K) NonClass: 17857K(18112K)->17857K(18112K) Class: 2585K(2816K)->2585K(2816K)
[2025-06-03T15:52:24.778+0530][72.624s] GC(565) Pause Young (Normal) (G1 Evacuation Pause) 315M->9M(512M) 1.090ms
[2025-06-03T15:52:24.778+0530][72.624s] GC(565) User=0.00s Sys=0.00s Real=0.00s
[2025-06-03T15:52:24.907+0530][72.753s] GC(566) Pause Young (Normal) (G1 Evacuation Pause)
[2025-06-03T15:52:24.907+0530][72.753s] GC(566) Using 8 workers of 8 for evacuation
[2025-06-03T15:52:24.907+0530][72.753s] GC(566) Skipped phase 1 of Reference Processing: no references
[2025-06-03T15:52:24.907+0530][72.753s] GC(566) Skipped phase 2 of Reference Processing: no references
[2025-06-03T15:52:24.907+0530][72.753s] GC(566) Skipped phase 3 of Reference Processing: no references
[2025-06-03T15:52:24.907+0530][72.753s] GC(566) Skipped phase 4 of Reference Processing: no references
[2025-06-03T15:52:24.908+0530][72.754s] GC(566)   Pre Evacuate Collection Set: 0.1ms
[2025-06-03T15:52:24.908+0530][72.754s] GC(566)   Merge Heap Roots: 0.1ms
[2025-06-03T15:52:24.908+0530][72.754s] GC(566)   Evacuate Collection Set: 0.2ms
[2025-06-03T15:52:24.908+0530][72.754s] GC(566)   Post Evacuate Collection Set: 0.4ms
[2025-06-03T15:52:24.908+0530][72.754s] GC(566)   Other: 0.2ms
[2025-06-03T15:52:24.908+0530][72.754s] GC(566) Eden regions: 306->0(306)
[2025-06-03T15:52:24.908+0530][72.754s] GC(566) Survivor regions: 1->1(39)
[2025-06-03T15:52:24.908+0530][72.754s] GC(566) Old regions: 9->9
[2025-06-03T15:52:24.908+0530][72.754s] GC(566) Archive regions: 2->2
[2025-06-03T15:52:24.908+0530][72.754s] GC(566) Humongous regions: 0->0
[2025-06-03T15:52:24.908+0530][72.754s] GC(566) Metaspace: 20443K(20928K)->20443K(20928K) NonClass: 17857K(18112K)->17857K(18112K) Class: 2585K(2816K)->2585K(2816K)
[2025-06-03T15:52:24.908+0530][72.754s] GC(566) Pause Young (Normal) (G1 Evacuation Pause) 315M->9M(512M) 1.047ms
[2025-06-03T15:52:24.908+0530][72.754s] GC(566) User=0.00s Sys=0.00s Real=0.00s
[2025-06-03T15:52:25.036+0530][72.882s] GC(567) Pause Young (Normal) (G1 Evacuation Pause)
[2025-06-03T15:52:25.036+0530][72.882s] GC(567) Using 8 workers of 8 for evacuation
[2025-06-03T15:52:25.036+0530][72.882s] GC(567) Skipped phase 1 of Reference Processing: no references
[2025-06-03T15:52:25.036+0530][72.882s] GC(567) Skipped phase 2 of Reference Processing: no references
[2025-06-03T15:52:25.036+0530][72.882s] GC(567) Skipped phase 3 of Reference Processing: no references
[2025-06-03T15:52:25.036+0530][72.882s] GC(567) Skipped phase 4 of Reference Processing: no references
[2025-06-03T15:52:25.036+0530][72.883s] GC(567)   Pre Evacuate Collection Set: 0.1ms
[2025-06-03T15:52:25.037+0530][72.883s] GC(567)   Merge Heap Roots: 0.1ms
[2025-06-03T15:52:25.037+0530][72.883s] GC(567)   Evacuate Collection Set: 0.2ms
[2025-06-03T15:52:25.037+0530][72.883s] GC(567)   Post Evacuate Collection Set: 0.4ms
[2025-06-03T15:52:25.037+0530][72.883s] GC(567)   Other: 0.2ms
[2025-06-03T15:52:25.037+0530][72.883s] GC(567) Eden regions: 306->0(306)
[2025-06-03T15:52:25.037+0530][72.883s] GC(567) Survivor regions: 1->1(39)
[2025-06-03T15:52:25.037+0530][72.883s] GC(567) Old regions: 9->9
[2025-06-03T15:52:25.037+0530][72.883s] GC(567) Archive regions: 2->2
[2025-06-03T15:52:25.037+0530][72.883s] GC(567) Humongous regions: 0->0
[2025-06-03T15:52:25.037+0530][72.883s] GC(567) Metaspace: 20443K(20928K)->20443K(20928K) NonClass: 17857K(18112K)->17857K(18112K) Class: 2585K(2816K)->2585K(2816K)
[2025-06-03T15:52:25.037+0530][72.883s] GC(567) Pause Young (Normal) (G1 Evacuation Pause) 315M->9M(512M) 1.088ms
[2025-06-03T15:52:25.037+0530][72.883s] GC(567) User=0.00s Sys=0.00s Real=0.00s
[2025-06-03T15:52:25.291+0530][73.138s] GC(568) Pause Young (Normal) (G1 Evacuation Pause)
[2025-06-03T15:52:25.291+0530][73.138s] GC(568) Using 8 workers of 8 for evacuation
[2025-06-03T15:52:25.292+0530][73.138s] GC(568) Skipped phase 1 of Reference Processing: no references
[2025-06-03T15:52:25.292+0530][73.138s] GC(568) Skipped phase 2 of Reference Processing: no references
[2025-06-03T15:52:25.292+0530][73.138s] GC(568) Skipped phase 3 of Reference Processing: no references
[2025-06-03T15:52:25.292+0530][73.138s] GC(568) Skipped phase 4 of Reference Processing: no references
[2025-06-03T15:52:25.292+0530][73.139s] GC(568)   Pre Evacuate Collection Set: 0.1ms
[2025-06-03T15:52:25.292+0530][73.139s] GC(568)   Merge Heap Roots: 0.1ms
[2025-06-03T15:52:25.293+0530][73.139s] GC(568)   Evacuate Collection Set: 0.2ms
[2025-06-03T15:52:25.293+0530][73.139s] GC(568)   Post Evacuate Collection Set: 0.5ms
[2025-06-03T15:52:25.293+0530][73.139s] GC(568)   Other: 0.2ms
[2025-06-03T15:52:25.293+0530][73.139s] GC(568) Eden regions: 306->0(306)
[2025-06-03T15:52:25.293+0530][73.139s] GC(568) Survivor regions: 1->1(39)
[2025-06-03T15:52:25.293+0530][73.139s] GC(568) Old regions: 9->9
[2025-06-03T15:52:25.293+0530][73.139s] GC(568) Archive regions: 2->2
[2025-06-03T15:52:25.293+0530][73.139s] GC(568) Humongous regions: 0->0
[2025-06-03T15:52:25.293+0530][73.139s] GC(568) Metaspace: 20443K(20928K)->20443K(20928K) NonClass: 17857K(18112K)->17857K(18112K) Class: 2585K(2816K)->2585K(2816K)
[2025-06-03T15:52:25.293+0530][73.139s] GC(568) Pause Young (Normal) (G1 Evacuation Pause) 315M->9M(512M) 1.331ms
[2025-06-03T15:52:25.293+0530][73.139s] GC(568) User=0.00s Sys=0.00s Real=0.00s
[2025-06-03T15:52:25.573+0530][73.420s] GC(569) Pause Young (Normal) (G1 Evacuation Pause)
[2025-06-03T15:52:25.574+0530][73.420s] GC(569) Using 8 workers of 8 for evacuation
[2025-06-03T15:52:25.574+0530][73.420s] GC(569) Skipped phase 1 of Reference Processing: no references
[2025-06-03T15:52:25.574+0530][73.420s] GC(569) Skipped phase 2 of Reference Processing: no references
[2025-06-03T15:52:25.574+0530][73.420s] GC(569) Skipped phase 3 of Reference Processing: no references
[2025-06-03T15:52:25.574+0530][73.420s] GC(569) Skipped phase 4 of Reference Processing: no references
[2025-06-03T15:52:25.574+0530][73.420s] GC(569)   Pre Evacuate Collection Set: 0.1ms
[2025-06-03T15:52:25.574+0530][73.420s] GC(569)   Merge Heap Roots: 0.1ms
[2025-06-03T15:52:25.574+0530][73.420s] GC(569)   Evacuate Collection Set: 0.2ms
[2025-06-03T15:52:25.574+0530][73.420s] GC(569)   Post Evacuate Collection Set: 0.4ms
[2025-06-03T15:52:25.574+0530][73.420s] GC(569)   Other: 0.1ms
[2025-06-03T15:52:25.574+0530][73.421s] GC(569) Eden regions: 306->0(306)
[2025-06-03T15:52:25.574+0530][73.421s] GC(569) Survivor regions: 1->1(39)
[2025-06-03T15:52:25.574+0530][73.421s] GC(569) Old regions: 9->9
[2025-06-03T15:52:25.574+0530][73.421s] GC(569) Archive regions: 2->2
[2025-06-03T15:52:25.574+0530][73.421s] GC(569) Humongous regions: 0->0
[2025-06-03T15:52:25.574+0530][73.421s] GC(569) Metaspace: 20443K(20928K)->20443K(20928K) NonClass: 17857K(18112K)->17857K(18112K) Class: 2585K(2816K)->2585K(2816K)
[2025-06-03T15:52:25.574+0530][73.421s] GC(569) Pause Young (Normal) (G1 Evacuation Pause) 315M->9M(512M) 0.980ms
[2025-06-03T15:52:25.574+0530][73.421s] GC(569) User=0.00s Sys=0.00s Real=0.00s
[2025-06-03T15:52:25.734+0530][73.580s] GC(570) Pause Young (Normal) (G1 Evacuation Pause)
[2025-06-03T15:52:25.734+0530][73.580s] GC(570) Using 8 workers of 8 for evacuation
[2025-06-03T15:52:25.735+0530][73.581s] GC(570) Skipped phase 1 of Reference Processing: no references
[2025-06-03T15:52:25.735+0530][73.581s] GC(570) Skipped phase 2 of Reference Processing: no references
[2025-06-03T15:52:25.735+0530][73.581s] GC(570) Skipped phase 3 of Reference Processing: no references
[2025-06-03T15:52:25.735+0530][73.581s] GC(570) Skipped phase 4 of Reference Processing: no references
[2025-06-03T15:52:25.735+0530][73.582s] GC(570)   Pre Evacuate Collection Set: 0.1ms
[2025-06-03T15:52:25.736+0530][73.582s] GC(570)   Merge Heap Roots: 0.4ms
[2025-06-03T15:52:25.736+0530][73.582s] GC(570)   Evacuate Collection Set: 0.3ms
[2025-06-03T15:52:25.736+0530][73.582s] GC(570)   Post Evacuate Collection Set: 0.5ms
[2025-06-03T15:52:25.736+0530][73.582s] GC(570)   Other: 0.3ms
[2025-06-03T15:52:25.736+0530][73.582s] GC(570) Eden regions: 306->0(306)
[2025-06-03T15:52:25.736+0530][73.582s] GC(570) Survivor regions: 1->1(39)
[2025-06-03T15:52:25.736+0530][73.582s] GC(570) Old regions: 9->9
[2025-06-03T15:52:25.736+0530][73.582s] GC(570) Archive regions: 2->2
[2025-06-03T15:52:25.736+0530][73.582s] GC(570) Humongous regions: 0->0
[2025-06-03T15:52:25.736+0530][73.582s] GC(570) Metaspace: 20443K(20928K)->20443K(20928K) NonClass: 17857K(18112K)->17857K(18112K) Class: 2585K(2816K)->2585K(2816K)
[2025-06-03T15:52:25.736+0530][73.582s] GC(570) Pause Young (Normal) (G1 Evacuation Pause) 315M->9M(512M) 1.949ms
[2025-06-03T15:52:25.736+0530][73.582s] GC(570) User=0.00s Sys=0.00s Real=0.00s
[2025-06-03T15:52:26.030+0530][73.876s] GC(571) Pause Young (Normal) (G1 Evacuation Pause)
[2025-06-03T15:52:26.030+0530][73.877s] GC(571) Using 8 workers of 8 for evacuation
[2025-06-03T15:52:26.031+0530][73.877s] GC(571) Skipped phase 1 of Reference Processing: no references
[2025-06-03T15:52:26.031+0530][73.877s] GC(571) Skipped phase 2 of Reference Processing: no references
[2025-06-03T15:52:26.031+0530][73.877s] GC(571) Skipped phase 3 of Reference Processing: no references
[2025-06-03T15:52:26.031+0530][73.877s] GC(571) Skipped phase 4 of Reference Processing: no references
[2025-06-03T15:52:26.032+0530][73.878s] GC(571)   Pre Evacuate Collection Set: 0.1ms
[2025-06-03T15:52:26.032+0530][73.878s] GC(571)   Merge Heap Roots: 0.1ms
[2025-06-03T15:52:26.032+0530][73.878s] GC(571)   Evacuate Collection Set: 0.2ms
[2025-06-03T15:52:26.032+0530][73.878s] GC(571)   Post Evacuate Collection Set: 0.7ms
[2025-06-03T15:52:26.032+0530][73.878s] GC(571)   Other: 0.2ms
[2025-06-03T15:52:26.032+0530][73.878s] GC(571) Eden regions: 306->0(306)
[2025-06-03T15:52:26.032+0530][73.878s] GC(571) Survivor regions: 1->1(39)
[2025-06-03T15:52:26.032+0530][73.878s] GC(571) Old regions: 9->9
[2025-06-03T15:52:26.032+0530][73.878s] GC(571) Archive regions: 2->2
[2025-06-03T15:52:26.032+0530][73.878s] GC(571) Humongous regions: 0->0
[2025-06-03T15:52:26.032+0530][73.878s] GC(571) Metaspace: 20443K(20928K)->20443K(20928K) NonClass: 17857K(18112K)->17857K(18112K) Class: 2585K(2816K)->2585K(2816K)
[2025-06-03T15:52:26.032+0530][73.878s] GC(571) Pause Young (Normal) (G1 Evacuation Pause) 315M->9M(512M) 1.817ms
[2025-06-03T15:52:26.032+0530][73.878s] GC(571) User=0.00s Sys=0.00s Real=0.00s
[2025-06-03T15:52:26.278+0530][74.125s] GC(572) Pause Young (Normal) (G1 Evacuation Pause)
[2025-06-03T15:52:26.278+0530][74.125s] GC(572) Using 8 workers of 8 for evacuation
[2025-06-03T15:52:26.279+0530][74.125s] GC(572) Skipped phase 1 of Reference Processing: no references
[2025-06-03T15:52:26.279+0530][74.125s] GC(572) Skipped phase 2 of Reference Processing: no references
[2025-06-03T15:52:26.279+0530][74.125s] GC(572) Skipped phase 3 of Reference Processing: no references
[2025-06-03T15:52:26.279+0530][74.125s] GC(572) ReferenceProcessor::execute queues: 1, RefProcThreadModel::Single, marks_oops_alive: false
[2025-06-03T15:52:26.280+0530][74.126s] GC(572)   Pre Evacuate Collection Set: 0.1ms
[2025-06-03T15:52:26.280+0530][74.126s] GC(572)   Merge Heap Roots: 0.1ms
[2025-06-03T15:52:26.280+0530][74.126s] GC(572)   Evacuate Collection Set: 0.4ms
[2025-06-03T15:52:26.280+0530][74.126s] GC(572)   Post Evacuate Collection Set: 0.6ms
[2025-06-03T15:52:26.280+0530][74.126s] GC(572)   Other: 0.2ms
[2025-06-03T15:52:26.280+0530][74.126s] GC(572) Eden regions: 306->0(306)
[2025-06-03T15:52:26.280+0530][74.126s] GC(572) Survivor regions: 1->1(39)
[2025-06-03T15:52:26.280+0530][74.126s] GC(572) Old regions: 9->9
[2025-06-03T15:52:26.280+0530][74.126s] GC(572) Archive regions: 2->2
[2025-06-03T15:52:26.280+0530][74.126s] GC(572) Humongous regions: 0->0
[2025-06-03T15:52:26.280+0530][74.126s] GC(572) Metaspace: 20455K(20928K)->20455K(20928K) NonClass: 17869K(18112K)->17869K(18112K) Class: 2585K(2816K)->2585K(2816K)
[2025-06-03T15:52:26.280+0530][74.126s] GC(572) Pause Young (Normal) (G1 Evacuation Pause) 315M->9M(512M) 1.585ms
[2025-06-03T15:52:26.280+0530][74.126s] GC(572) User=0.00s Sys=0.01s Real=0.01s
[2025-06-03T15:52:26.461+0530][74.307s] GC(573) Pause Young (Normal) (G1 Evacuation Pause)
[2025-06-03T15:52:26.461+0530][74.307s] GC(573) Using 8 workers of 8 for evacuation
[2025-06-03T15:52:26.462+0530][74.308s] GC(573) Skipped phase 1 of Reference Processing: no references
[2025-06-03T15:52:26.462+0530][74.308s] GC(573) Skipped phase 2 of Reference Processing: no references
[2025-06-03T15:52:26.462+0530][74.308s] GC(573) Skipped phase 3 of Reference Processing: no references
[2025-06-03T15:52:26.462+0530][74.308s] GC(573) ReferenceProcessor::execute queues: 1, RefProcThreadModel::Single, marks_oops_alive: false
[2025-06-03T15:52:26.463+0530][74.309s] GC(573)   Pre Evacuate Collection Set: 0.2ms
[2025-06-03T15:52:26.463+0530][74.309s] GC(573)   Merge Heap Roots: 0.1ms
[2025-06-03T15:52:26.463+0530][74.309s] GC(573)   Evacuate Collection Set: 0.4ms
[2025-06-03T15:52:26.463+0530][74.309s] GC(573)   Post Evacuate Collection Set: 0.8ms
[2025-06-03T15:52:26.463+0530][74.309s] GC(573)   Other: 0.3ms
[2025-06-03T15:52:26.463+0530][74.309s] GC(573) Eden regions: 306->0(306)
[2025-06-03T15:52:26.463+0530][74.309s] GC(573) Survivor regions: 1->1(39)
[2025-06-03T15:52:26.463+0530][74.309s] GC(573) Old regions: 9->9
[2025-06-03T15:52:26.463+0530][74.309s] GC(573) Archive regions: 2->2
[2025-06-03T15:52:26.463+0530][74.309s] GC(573) Humongous regions: 0->0
[2025-06-03T15:52:26.463+0530][74.309s] GC(573) Metaspace: 20455K(20928K)->20455K(20928K) NonClass: 17869K(18112K)->17869K(18112K) Class: 2585K(2816K)->2585K(2816K)
[2025-06-03T15:52:26.463+0530][74.309s] GC(573) Pause Young (Normal) (G1 Evacuation Pause) 315M->9M(512M) 2.085ms
[2025-06-03T15:52:26.463+0530][74.310s] GC(573) User=0.01s Sys=0.00s Real=0.00s
[2025-06-03T15:52:26.626+0530][74.473s] GC(574) Pause Young (Normal) (G1 Evacuation Pause)
[2025-06-03T15:52:26.627+0530][74.473s] GC(574) Using 8 workers of 8 for evacuation
[2025-06-03T15:52:26.627+0530][74.473s] GC(574) Skipped phase 1 of Reference Processing: no references
[2025-06-03T15:52:26.627+0530][74.473s] GC(574) Skipped phase 2 of Reference Processing: no references
[2025-06-03T15:52:26.627+0530][74.473s] GC(574) Skipped phase 3 of Reference Processing: no references
[2025-06-03T15:52:26.627+0530][74.473s] GC(574) ReferenceProcessor::execute queues: 1, RefProcThreadModel::Single, marks_oops_alive: false
[2025-06-03T15:52:26.628+0530][74.474s] GC(574)   Pre Evacuate Collection Set: 0.1ms
[2025-06-03T15:52:26.628+0530][74.474s] GC(574)   Merge Heap Roots: 0.1ms
[2025-06-03T15:52:26.628+0530][74.474s] GC(574)   Evacuate Collection Set: 0.2ms
[2025-06-03T15:52:26.628+0530][74.474s] GC(574)   Post Evacuate Collection Set: 0.5ms
[2025-06-03T15:52:26.628+0530][74.474s] GC(574)   Other: 0.2ms
[2025-06-03T15:52:26.628+0530][74.474s] GC(574) Eden regions: 306->0(306)
[2025-06-03T15:52:26.628+0530][74.474s] GC(574) Survivor regions: 1->1(39)
[2025-06-03T15:52:26.628+0530][74.474s] GC(574) Old regions: 9->9
[2025-06-03T15:52:26.628+0530][74.474s] GC(574) Archive regions: 2->2
[2025-06-03T15:52:26.628+0530][74.474s] GC(574) Humongous regions: 0->0
[2025-06-03T15:52:26.628+0530][74.474s] GC(574) Metaspace: 20455K(20928K)->20455K(20928K) NonClass: 17869K(18112K)->17869K(18112K) Class: 2585K(2816K)->2585K(2816K)
[2025-06-03T15:52:26.628+0530][74.474s] GC(574) Pause Young (Normal) (G1 Evacuation Pause) 315M->9M(512M) 1.383ms
[2025-06-03T15:52:26.628+0530][74.474s] GC(574) User=0.00s Sys=0.00s Real=0.00s
[2025-06-03T15:52:26.772+0530][74.619s] GC(575) Pause Young (Normal) (G1 Evacuation Pause)
[2025-06-03T15:52:26.772+0530][74.619s] GC(575) Using 8 workers of 8 for evacuation
[2025-06-03T15:52:26.773+0530][74.619s] GC(575) Skipped phase 1 of Reference Processing: no references
[2025-06-03T15:52:26.773+0530][74.619s] GC(575) Skipped phase 2 of Reference Processing: no references
[2025-06-03T15:52:26.773+0530][74.619s] GC(575) Skipped phase 3 of Reference Processing: no references
[2025-06-03T15:52:26.773+0530][74.619s] GC(575) ReferenceProcessor::execute queues: 1, RefProcThreadModel::Single, marks_oops_alive: false
[2025-06-03T15:52:26.774+0530][74.620s] GC(575)   Pre Evacuate Collection Set: 0.1ms
[2025-06-03T15:52:26.774+0530][74.620s] GC(575)   Merge Heap Roots: 0.1ms
[2025-06-03T15:52:26.774+0530][74.620s] GC(575)   Evacuate Collection Set: 0.3ms
[2025-06-03T15:52:26.774+0530][74.620s] GC(575)   Post Evacuate Collection Set: 0.6ms
[2025-06-03T15:52:26.774+0530][74.620s] GC(575)   Other: 0.2ms
[2025-06-03T15:52:26.774+0530][74.620s] GC(575) Eden regions: 306->0(306)
[2025-06-03T15:52:26.774+0530][74.620s] GC(575) Survivor regions: 1->1(39)
[2025-06-03T15:52:26.774+0530][74.620s] GC(575) Old regions: 9->9
[2025-06-03T15:52:26.774+0530][74.620s] GC(575) Archive regions: 2->2
[2025-06-03T15:52:26.774+0530][74.620s] GC(575) Humongous regions: 0->0
[2025-06-03T15:52:26.774+0530][74.620s] GC(575) Metaspace: 20455K(20928K)->20455K(20928K) NonClass: 17869K(18112K)->17869K(18112K) Class: 2585K(2816K)->2585K(2816K)
[2025-06-03T15:52:26.774+0530][74.620s] GC(575) Pause Young (Normal) (G1 Evacuation Pause) 315M->9M(512M) 1.541ms
[2025-06-03T15:52:26.774+0530][74.620s] GC(575) User=0.01s Sys=0.00s Real=0.00s
[2025-06-03T15:52:26.920+0530][74.766s] GC(576) Pause Young (Normal) (G1 Evacuation Pause)
[2025-06-03T15:52:26.920+0530][74.767s] GC(576) Using 8 workers of 8 for evacuation
[2025-06-03T15:52:26.922+0530][74.768s] GC(576) Skipped phase 1 of Reference Processing: no references
[2025-06-03T15:52:26.922+0530][74.768s] GC(576) Skipped phase 2 of Reference Processing: no references
[2025-06-03T15:52:26.922+0530][74.768s] GC(576) Skipped phase 3 of Reference Processing: no references
[2025-06-03T15:52:26.922+0530][74.768s] GC(576) ReferenceProcessor::execute queues: 1, RefProcThreadModel::Single, marks_oops_alive: false
[2025-06-03T15:52:26.922+0530][74.768s] GC(576)   Pre Evacuate Collection Set: 0.1ms
[2025-06-03T15:52:26.922+0530][74.768s] GC(576)   Merge Heap Roots: 0.3ms
[2025-06-03T15:52:26.922+0530][74.768s] GC(576)   Evacuate Collection Set: 0.7ms
[2025-06-03T15:52:26.922+0530][74.768s] GC(576)   Post Evacuate Collection Set: 0.5ms
[2025-06-03T15:52:26.922+0530][74.768s] GC(576)   Other: 0.2ms
[2025-06-03T15:52:26.922+0530][74.768s] GC(576) Eden regions: 306->0(306)
[2025-06-03T15:52:26.922+0530][74.768s] GC(576) Survivor regions: 1->1(39)
[2025-06-03T15:52:26.922+0530][74.768s] GC(576) Old regions: 9->9
[2025-06-03T15:52:26.922+0530][74.768s] GC(576) Archive regions: 2->2
[2025-06-03T15:52:26.922+0530][74.768s] GC(576) Humongous regions: 0->0
[2025-06-03T15:52:26.922+0530][74.769s] GC(576) Metaspace: 20455K(20928K)->20455K(20928K) NonClass: 17869K(18112K)->17869K(18112K) Class: 2585K(2816K)->2585K(2816K)
[2025-06-03T15:52:26.922+0530][74.769s] GC(576) Pause Young (Normal) (G1 Evacuation Pause) 315M->9M(512M) 2.036ms
[2025-06-03T15:52:26.922+0530][74.769s] GC(576) User=0.00s Sys=0.00s Real=0.00s
[2025-06-03T15:52:27.073+0530][74.919s] GC(577) Pause Young (Normal) (G1 Evacuation Pause)
[2025-06-03T15:52:27.073+0530][74.919s] GC(577) Using 8 workers of 8 for evacuation
[2025-06-03T15:52:27.074+0530][74.920s] GC(577) Skipped phase 1 of Reference Processing: no references
[2025-06-03T15:52:27.074+0530][74.920s] GC(577) Skipped phase 2 of Reference Processing: no references
[2025-06-03T15:52:27.074+0530][74.920s] GC(577) Skipped phase 3 of Reference Processing: no references
[2025-06-03T15:52:27.074+0530][74.920s] GC(577) ReferenceProcessor::execute queues: 1, RefProcThreadModel::Single, marks_oops_alive: false
[2025-06-03T15:52:27.074+0530][74.920s] GC(577)   Pre Evacuate Collection Set: 0.1ms
[2025-06-03T15:52:27.074+0530][74.920s] GC(577)   Merge Heap Roots: 0.1ms
[2025-06-03T15:52:27.074+0530][74.920s] GC(577)   Evacuate Collection Set: 0.3ms
[2025-06-03T15:52:27.074+0530][74.920s] GC(577)   Post Evacuate Collection Set: 0.4ms
[2025-06-03T15:52:27.074+0530][74.920s] GC(577)   Other: 0.2ms
[2025-06-03T15:52:27.074+0530][74.920s] GC(577) Eden regions: 306->0(306)
[2025-06-03T15:52:27.074+0530][74.920s] GC(577) Survivor regions: 1->1(39)
[2025-06-03T15:52:27.074+0530][74.920s] GC(577) Old regions: 9->9
[2025-06-03T15:52:27.074+0530][74.920s] GC(577) Archive regions: 2->2
[2025-06-03T15:52:27.074+0530][74.920s] GC(577) Humongous regions: 0->0
[2025-06-03T15:52:27.074+0530][74.920s] GC(577) Metaspace: 20455K(20928K)->20455K(20928K) NonClass: 17869K(18112K)->17869K(18112K) Class: 2585K(2816K)->2585K(2816K)
[2025-06-03T15:52:27.074+0530][74.920s] GC(577) Pause Young (Normal) (G1 Evacuation Pause) 315M->9M(512M) 1.192ms
[2025-06-03T15:52:27.074+0530][74.921s] GC(577) User=0.00s Sys=0.00s Real=0.00s
[2025-06-03T15:52:27.241+0530][75.087s] GC(578) Pause Young (Normal) (G1 Evacuation Pause)
[2025-06-03T15:52:27.241+0530][75.087s] GC(578) Using 8 workers of 8 for evacuation
[2025-06-03T15:52:27.242+0530][75.088s] GC(578) Skipped phase 1 of Reference Processing: no references
[2025-06-03T15:52:27.242+0530][75.088s] GC(578) Skipped phase 2 of Reference Processing: no references
[2025-06-03T15:52:27.242+0530][75.088s] GC(578) Skipped phase 3 of Reference Processing: no references
[2025-06-03T15:52:27.242+0530][75.088s] GC(578) ReferenceProcessor::execute queues: 1, RefProcThreadModel::Single, marks_oops_alive: false
[2025-06-03T15:52:27.243+0530][75.089s] GC(578)   Pre Evacuate Collection Set: 0.1ms
[2025-06-03T15:52:27.243+0530][75.089s] GC(578)   Merge Heap Roots: 0.1ms
[2025-06-03T15:52:27.243+0530][75.089s] GC(578)   Evacuate Collection Set: 0.5ms
[2025-06-03T15:52:27.243+0530][75.089s] GC(578)   Post Evacuate Collection Set: 0.5ms
[2025-06-03T15:52:27.243+0530][75.089s] GC(578)   Other: 0.2ms
[2025-06-03T15:52:27.243+0530][75.089s] GC(578) Eden regions: 306->0(306)
[2025-06-03T15:52:27.243+0530][75.089s] GC(578) Survivor regions: 1->1(39)
[2025-06-03T15:52:27.243+0530][75.089s] GC(578) Old regions: 9->9
[2025-06-03T15:52:27.243+0530][75.089s] GC(578) Archive regions: 2->2
[2025-06-03T15:52:27.243+0530][75.089s] GC(578) Humongous regions: 0->0
[2025-06-03T15:52:27.243+0530][75.089s] GC(578) Metaspace: 20460K(20928K)->20460K(20928K) NonClass: 17875K(18112K)->17875K(18112K) Class: 2585K(2816K)->2585K(2816K)
[2025-06-03T15:52:27.243+0530][75.089s] GC(578) Pause Young (Normal) (G1 Evacuation Pause) 315M->9M(512M) 1.571ms
[2025-06-03T15:52:27.243+0530][75.089s] GC(578) User=0.01s Sys=0.01s Real=0.00s
[2025-06-03T15:52:27.457+0530][75.303s] GC(579) Pause Young (Normal) (G1 Evacuation Pause)
[2025-06-03T15:52:27.457+0530][75.303s] GC(579) Using 8 workers of 8 for evacuation
[2025-06-03T15:52:27.457+0530][75.303s] GC(579) Skipped phase 1 of Reference Processing: no references
[2025-06-03T15:52:27.457+0530][75.303s] GC(579) Skipped phase 2 of Reference Processing: no references
[2025-06-03T15:52:27.457+0530][75.303s] GC(579) Skipped phase 3 of Reference Processing: no references
[2025-06-03T15:52:27.457+0530][75.303s] GC(579) ReferenceProcessor::execute queues: 1, RefProcThreadModel::Single, marks_oops_alive: false
[2025-06-03T15:52:27.458+0530][75.304s] GC(579)   Pre Evacuate Collection Set: 0.1ms
[2025-06-03T15:52:27.458+0530][75.304s] GC(579)   Merge Heap Roots: 0.1ms
[2025-06-03T15:52:27.458+0530][75.304s] GC(579)   Evacuate Collection Set: 0.3ms
[2025-06-03T15:52:27.458+0530][75.304s] GC(579)   Post Evacuate Collection Set: 0.4ms
[2025-06-03T15:52:27.458+0530][75.304s] GC(579)   Other: 0.2ms
[2025-06-03T15:52:27.458+0530][75.304s] GC(579) Eden regions: 306->0(306)
[2025-06-03T15:52:27.458+0530][75.304s] GC(579) Survivor regions: 1->1(39)
[2025-06-03T15:52:27.458+0530][75.304s] GC(579) Old regions: 9->9
[2025-06-03T15:52:27.458+0530][75.304s] GC(579) Archive regions: 2->2
[2025-06-03T15:52:27.458+0530][75.304s] GC(579) Humongous regions: 0->0
[2025-06-03T15:52:27.458+0530][75.304s] GC(579) Metaspace: 20460K(20928K)->20460K(20928K) NonClass: 17875K(18112K)->17875K(18112K) Class: 2585K(2816K)->2585K(2816K)
[2025-06-03T15:52:27.458+0530][75.304s] GC(579) Pause Young (Normal) (G1 Evacuation Pause) 315M->9M(512M) 1.167ms
[2025-06-03T15:52:27.458+0530][75.304s] GC(579) User=0.00s Sys=0.00s Real=0.00s
[2025-06-03T15:52:27.616+0530][75.462s] GC(580) Pause Young (Normal) (G1 Evacuation Pause)
[2025-06-03T15:52:27.616+0530][75.462s] GC(580) Using 8 workers of 8 for evacuation
[2025-06-03T15:52:27.617+0530][75.463s] GC(580) Skipped phase 1 of Reference Processing: no references
[2025-06-03T15:52:27.617+0530][75.463s] GC(580) Skipped phase 2 of Reference Processing: no references
[2025-06-03T15:52:27.617+0530][75.463s] GC(580) Skipped phase 3 of Reference Processing: no references
[2025-06-03T15:52:27.617+0530][75.463s] GC(580) ReferenceProcessor::execute queues: 1, RefProcThreadModel::Single, marks_oops_alive: false
[2025-06-03T15:52:27.618+0530][75.464s] GC(580)   Pre Evacuate Collection Set: 0.2ms
[2025-06-03T15:52:27.618+0530][75.464s] GC(580)   Merge Heap Roots: 0.1ms
[2025-06-03T15:52:27.618+0530][75.464s] GC(580)   Evacuate Collection Set: 0.3ms
[2025-06-03T15:52:27.618+0530][75.464s] GC(580)   Post Evacuate Collection Set: 0.7ms
[2025-06-03T15:52:27.618+0530][75.464s] GC(580)   Other: 0.3ms
[2025-06-03T15:52:27.618+0530][75.464s] GC(580) Eden regions: 306->0(306)
[2025-06-03T15:52:27.618+0530][75.464s] GC(580) Survivor regions: 1->1(39)
[2025-06-03T15:52:27.618+0530][75.464s] GC(580) Old regions: 9->9
[2025-06-03T15:52:27.618+0530][75.464s] GC(580) Archive regions: 2->2
[2025-06-03T15:52:27.618+0530][75.464s] GC(580) Humongous regions: 0->0
[2025-06-03T15:52:27.618+0530][75.464s] GC(580) Metaspace: 20460K(20928K)->20460K(20928K) NonClass: 17875K(18112K)->17875K(18112K) Class: 2585K(2816K)->2585K(2816K)
[2025-06-03T15:52:27.618+0530][75.464s] GC(580) Pause Young (Normal) (G1 Evacuation Pause) 315M->9M(512M) 1.791ms
[2025-06-03T15:52:27.618+0530][75.464s] GC(580) User=0.00s Sys=0.00s Real=0.00s
[2025-06-03T15:52:27.769+0530][75.615s] GC(581) Pause Young (Normal) (G1 Evacuation Pause)
[2025-06-03T15:52:27.769+0530][75.615s] GC(581) Using 8 workers of 8 for evacuation
[2025-06-03T15:52:27.770+0530][75.616s] GC(581) Skipped phase 1 of Reference Processing: no references
[2025-06-03T15:52:27.770+0530][75.616s] GC(581) Skipped phase 2 of Reference Processing: no references
[2025-06-03T15:52:27.770+0530][75.616s] GC(581) Skipped phase 3 of Reference Processing: no references
[2025-06-03T15:52:27.770+0530][75.616s] GC(581) ReferenceProcessor::execute queues: 1, RefProcThreadModel::Single, marks_oops_alive: false
[2025-06-03T15:52:27.770+0530][75.616s] GC(581)   Pre Evacuate Collection Set: 0.1ms
[2025-06-03T15:52:27.770+0530][75.616s] GC(581)   Merge Heap Roots: 0.1ms
[2025-06-03T15:52:27.770+0530][75.616s] GC(581)   Evacuate Collection Set: 0.2ms
[2025-06-03T15:52:27.770+0530][75.616s] GC(581)   Post Evacuate Collection Set: 0.6ms
[2025-06-03T15:52:27.770+0530][75.616s] GC(581)   Other: 0.2ms
[2025-06-03T15:52:27.770+0530][75.617s] GC(581) Eden regions: 306->0(306)
[2025-06-03T15:52:27.770+0530][75.617s] GC(581) Survivor regions: 1->1(39)
[2025-06-03T15:52:27.770+0530][75.617s] GC(581) Old regions: 9->9
[2025-06-03T15:52:27.770+0530][75.617s] GC(581) Archive regions: 2->2
[2025-06-03T15:52:27.770+0530][75.617s] GC(581) Humongous regions: 0->0
[2025-06-03T15:52:27.770+0530][75.617s] GC(581) Metaspace: 20460K(20928K)->20460K(20928K) NonClass: 17875K(18112K)->17875K(18112K) Class: 2585K(2816K)->2585K(2816K)
[2025-06-03T15:52:27.770+0530][75.617s] GC(581) Pause Young (Normal) (G1 Evacuation Pause) 315M->9M(512M) 1.345ms
[2025-06-03T15:52:27.770+0530][75.617s] GC(581) User=0.00s Sys=0.00s Real=0.01s
[2025-06-03T15:52:27.917+0530][75.764s] GC(582) Pause Young (Normal) (G1 Evacuation Pause)
[2025-06-03T15:52:27.917+0530][75.764s] GC(582) Using 8 workers of 8 for evacuation
[2025-06-03T15:52:27.918+0530][75.764s] GC(582) Skipped phase 1 of Reference Processing: no references
[2025-06-03T15:52:27.918+0530][75.764s] GC(582) Skipped phase 2 of Reference Processing: no references
[2025-06-03T15:52:27.918+0530][75.764s] GC(582) Skipped phase 3 of Reference Processing: no references
[2025-06-03T15:52:27.918+0530][75.764s] GC(582) ReferenceProcessor::execute queues: 1, RefProcThreadModel::Single, marks_oops_alive: false
[2025-06-03T15:52:27.918+0530][75.764s] GC(582)   Pre Evacuate Collection Set: 0.1ms
[2025-06-03T15:52:27.918+0530][75.765s] GC(582)   Merge Heap Roots: 0.1ms
[2025-06-03T15:52:27.918+0530][75.765s] GC(582)   Evacuate Collection Set: 0.2ms
[2025-06-03T15:52:27.918+0530][75.765s] GC(582)   Post Evacuate Collection Set: 0.4ms
[2025-06-03T15:52:27.918+0530][75.765s] GC(582)   Other: 0.2ms
[2025-06-03T15:52:27.918+0530][75.765s] GC(582) Eden regions: 306->0(306)
[2025-06-03T15:52:27.918+0530][75.765s] GC(582) Survivor regions: 1->1(39)
[2025-06-03T15:52:27.918+0530][75.765s] GC(582) Old regions: 9->9
[2025-06-03T15:52:27.918+0530][75.765s] GC(582) Archive regions: 2->2
[2025-06-03T15:52:27.919+0530][75.765s] GC(582) Humongous regions: 0->0
[2025-06-03T15:52:27.919+0530][75.765s] GC(582) Metaspace: 20460K(20928K)->20460K(20928K) NonClass: 17875K(18112K)->17875K(18112K) Class: 2585K(2816K)->2585K(2816K)
[2025-06-03T15:52:27.919+0530][75.765s] GC(582) Pause Young (Normal) (G1 Evacuation Pause) 315M->9M(512M) 1.245ms
[2025-06-03T15:52:27.919+0530][75.765s] GC(582) User=0.00s Sys=0.00s Real=0.00s
[2025-06-03T15:52:28.102+0530][75.948s] GC(583) Pause Young (Normal) (G1 Evacuation Pause)
[2025-06-03T15:52:28.102+0530][75.948s] GC(583) Using 8 workers of 8 for evacuation
[2025-06-03T15:52:28.103+0530][75.949s] GC(583) Skipped phase 1 of Reference Processing: no references
[2025-06-03T15:52:28.103+0530][75.949s] GC(583) Skipped phase 2 of Reference Processing: no references
[2025-06-03T15:52:28.103+0530][75.949s] GC(583) Skipped phase 3 of Reference Processing: no references
[2025-06-03T15:52:28.103+0530][75.949s] GC(583) ReferenceProcessor::execute queues: 1, RefProcThreadModel::Single, marks_oops_alive: false
[2025-06-03T15:52:28.103+0530][75.949s] GC(583)   Pre Evacuate Collection Set: 0.1ms
[2025-06-03T15:52:28.103+0530][75.949s] GC(583)   Merge Heap Roots: 0.1ms
[2025-06-03T15:52:28.103+0530][75.949s] GC(583)   Evacuate Collection Set: 0.2ms
[2025-06-03T15:52:28.103+0530][75.949s] GC(583)   Post Evacuate Collection Set: 0.5ms
[2025-06-03T15:52:28.103+0530][75.949s] GC(583)   Other: 0.2ms
[2025-06-03T15:52:28.103+0530][75.949s] GC(583) Eden regions: 306->0(306)
[2025-06-03T15:52:28.103+0530][75.949s] GC(583) Survivor regions: 1->1(39)
[2025-06-03T15:52:28.103+0530][75.949s] GC(583) Old regions: 9->9
[2025-06-03T15:52:28.103+0530][75.949s] GC(583) Archive regions: 2->2
[2025-06-03T15:52:28.103+0530][75.949s] GC(583) Humongous regions: 0->0
[2025-06-03T15:52:28.103+0530][75.949s] GC(583) Metaspace: 20460K(20928K)->20460K(20928K) NonClass: 17875K(18112K)->17875K(18112K) Class: 2585K(2816K)->2585K(2816K)
[2025-06-03T15:52:28.103+0530][75.949s] GC(583) Pause Young (Normal) (G1 Evacuation Pause) 315M->9M(512M) 1.183ms
[2025-06-03T15:52:28.103+0530][75.949s] GC(583) User=0.00s Sys=0.00s Real=0.00s
[2025-06-03T15:52:28.381+0530][76.227s] GC(584) Pause Young (Normal) (G1 Evacuation Pause)
[2025-06-03T15:52:28.381+0530][76.227s] GC(584) Using 8 workers of 8 for evacuation
[2025-06-03T15:52:28.382+0530][76.228s] GC(584) Skipped phase 1 of Reference Processing: no references
[2025-06-03T15:52:28.382+0530][76.228s] GC(584) Skipped phase 2 of Reference Processing: no references
[2025-06-03T15:52:28.382+0530][76.228s] GC(584) Skipped phase 3 of Reference Processing: no references
[2025-06-03T15:52:28.382+0530][76.228s] GC(584) ReferenceProcessor::execute queues: 1, RefProcThreadModel::Single, marks_oops_alive: false
[2025-06-03T15:52:28.383+0530][76.229s] GC(584)   Pre Evacuate Collection Set: 0.1ms
[2025-06-03T15:52:28.383+0530][76.229s] GC(584)   Merge Heap Roots: 0.1ms
[2025-06-03T15:52:28.383+0530][76.229s] GC(584)   Evacuate Collection Set: 0.4ms
[2025-06-03T15:52:28.383+0530][76.229s] GC(584)   Post Evacuate Collection Set: 0.9ms
[2025-06-03T15:52:28.383+0530][76.229s] GC(584)   Other: 0.2ms
[2025-06-03T15:52:28.383+0530][76.229s] GC(584) Eden regions: 306->0(306)
[2025-06-03T15:52:28.383+0530][76.229s] GC(584) Survivor regions: 1->1(39)
[2025-06-03T15:52:28.383+0530][76.229s] GC(584) Old regions: 9->9
[2025-06-03T15:52:28.383+0530][76.229s] GC(584) Archive regions: 2->2
[2025-06-03T15:52:28.383+0530][76.229s] GC(584) Humongous regions: 0->0
[2025-06-03T15:52:28.383+0530][76.229s] GC(584) Metaspace: 20463K(20928K)->20463K(20928K) NonClass: 17877K(18112K)->17877K(18112K) Class: 2585K(2816K)->2585K(2816K)
[2025-06-03T15:52:28.383+0530][76.230s] GC(584) Pause Young (Normal) (G1 Evacuation Pause) 315M->9M(512M) 2.451ms
[2025-06-03T15:52:28.383+0530][76.230s] GC(584) User=0.01s Sys=0.00s Real=0.00s
[2025-06-03T15:52:28.603+0530][76.449s] GC(585) Pause Young (Normal) (G1 Evacuation Pause)
[2025-06-03T15:52:28.603+0530][76.449s] GC(585) Using 8 workers of 8 for evacuation
[2025-06-03T15:52:28.604+0530][76.450s] GC(585) Skipped phase 1 of Reference Processing: no references
[2025-06-03T15:52:28.604+0530][76.450s] GC(585) Skipped phase 2 of Reference Processing: no references
[2025-06-03T15:52:28.604+0530][76.450s] GC(585) Skipped phase 3 of Reference Processing: no references
[2025-06-03T15:52:28.604+0530][76.451s] GC(585) ReferenceProcessor::execute queues: 1, RefProcThreadModel::Single, marks_oops_alive: false
[2025-06-03T15:52:28.605+0530][76.451s] GC(585)   Pre Evacuate Collection Set: 0.1ms
[2025-06-03T15:52:28.605+0530][76.451s] GC(585)   Merge Heap Roots: 0.1ms
[2025-06-03T15:52:28.605+0530][76.451s] GC(585)   Evacuate Collection Set: 0.6ms
[2025-06-03T15:52:28.605+0530][76.451s] GC(585)   Post Evacuate Collection Set: 0.6ms
[2025-06-03T15:52:28.605+0530][76.451s] GC(585)   Other: 0.3ms
[2025-06-03T15:52:28.605+0530][76.451s] GC(585) Eden regions: 306->0(306)
[2025-06-03T15:52:28.605+0530][76.451s] GC(585) Survivor regions: 1->1(39)
[2025-06-03T15:52:28.605+0530][76.451s] GC(585) Old regions: 9->9
[2025-06-03T15:52:28.605+0530][76.451s] GC(585) Archive regions: 2->2
[2025-06-03T15:52:28.605+0530][76.451s] GC(585) Humongous regions: 0->0
[2025-06-03T15:52:28.605+0530][76.451s] GC(585) Metaspace: 20463K(20928K)->20463K(20928K) NonClass: 17877K(18112K)->17877K(18112K) Class: 2585K(2816K)->2585K(2816K)
[2025-06-03T15:52:28.605+0530][76.451s] GC(585) Pause Young (Normal) (G1 Evacuation Pause) 315M->9M(512M) 1.873ms
[2025-06-03T15:52:28.605+0530][76.451s] GC(585) User=0.00s Sys=0.00s Real=0.00s
[2025-06-03T15:52:28.764+0530][76.610s] GC(586) Pause Young (Normal) (G1 Evacuation Pause)
[2025-06-03T15:52:28.764+0530][76.610s] GC(586) Using 8 workers of 8 for evacuation
[2025-06-03T15:52:28.764+0530][76.611s] GC(586) Skipped phase 1 of Reference Processing: no references
[2025-06-03T15:52:28.765+0530][76.611s] GC(586) Skipped phase 2 of Reference Processing: no references
[2025-06-03T15:52:28.765+0530][76.611s] GC(586) Skipped phase 3 of Reference Processing: no references
[2025-06-03T15:52:28.765+0530][76.611s] GC(586) ReferenceProcessor::execute queues: 1, RefProcThreadModel::Single, marks_oops_alive: false
[2025-06-03T15:52:28.765+0530][76.611s] GC(586)   Pre Evacuate Collection Set: 0.1ms
[2025-06-03T15:52:28.765+0530][76.611s] GC(586)   Merge Heap Roots: 0.1ms
[2025-06-03T15:52:28.765+0530][76.611s] GC(586)   Evacuate Collection Set: 0.3ms
[2025-06-03T15:52:28.765+0530][76.611s] GC(586)   Post Evacuate Collection Set: 0.5ms
[2025-06-03T15:52:28.765+0530][76.611s] GC(586)   Other: 0.2ms
[2025-06-03T15:52:28.765+0530][76.611s] GC(586) Eden regions: 306->0(306)
[2025-06-03T15:52:28.765+0530][76.611s] GC(586) Survivor regions: 1->1(39)
[2025-06-03T15:52:28.765+0530][76.611s] GC(586) Old regions: 9->9
[2025-06-03T15:52:28.765+0530][76.611s] GC(586) Archive regions: 2->2
[2025-06-03T15:52:28.765+0530][76.611s] GC(586) Humongous regions: 0->0
[2025-06-03T15:52:28.765+0530][76.611s] GC(586) Metaspace: 20463K(20928K)->20463K(20928K) NonClass: 17877K(18112K)->17877K(18112K) Class: 2585K(2816K)->2585K(2816K)
[2025-06-03T15:52:28.765+0530][76.611s] GC(586) Pause Young (Normal) (G1 Evacuation Pause) 315M->9M(512M) 1.354ms
[2025-06-03T15:52:28.765+0530][76.611s] GC(586) User=0.00s Sys=0.00s Real=0.00s
[2025-06-03T15:52:28.936+0530][76.782s] GC(587) Pause Young (Normal) (G1 Evacuation Pause)
[2025-06-03T15:52:28.936+0530][76.782s] GC(587) Using 8 workers of 8 for evacuation
[2025-06-03T15:52:28.936+0530][76.783s] GC(587) Skipped phase 1 of Reference Processing: no references
[2025-06-03T15:52:28.937+0530][76.783s] GC(587) Skipped phase 2 of Reference Processing: no references
[2025-06-03T15:52:28.937+0530][76.783s] GC(587) Skipped phase 3 of Reference Processing: no references
[2025-06-03T15:52:28.937+0530][76.783s] GC(587) Skipped phase 4 of Reference Processing: no references
[2025-06-03T15:52:28.937+0530][76.783s] GC(587)   Pre Evacuate Collection Set: 0.1ms
[2025-06-03T15:52:28.937+0530][76.783s] GC(587)   Merge Heap Roots: 0.1ms
[2025-06-03T15:52:28.937+0530][76.784s] GC(587)   Evacuate Collection Set: 0.3ms
[2025-06-03T15:52:28.937+0530][76.784s] GC(587)   Post Evacuate Collection Set: 0.5ms
[2025-06-03T15:52:28.937+0530][76.784s] GC(587)   Other: 0.2ms
[2025-06-03T15:52:28.937+0530][76.784s] GC(587) Eden regions: 306->0(306)
[2025-06-03T15:52:28.937+0530][76.784s] GC(587) Survivor regions: 1->1(39)
[2025-06-03T15:52:28.937+0530][76.784s] GC(587) Old regions: 9->9
[2025-06-03T15:52:28.938+0530][76.784s] GC(587) Archive regions: 2->2
[2025-06-03T15:52:28.938+0530][76.784s] GC(587) Humongous regions: 0->0
[2025-06-03T15:52:28.938+0530][76.784s] GC(587) Metaspace: 20463K(20928K)->20463K(20928K) NonClass: 17877K(18112K)->17877K(18112K) Class: 2585K(2816K)->2585K(2816K)
[2025-06-03T15:52:28.938+0530][76.784s] GC(587) Pause Young (Normal) (G1 Evacuation Pause) 315M->9M(512M) 1.735ms
[2025-06-03T15:52:28.938+0530][76.784s] GC(587) User=0.00s Sys=0.00s Real=0.00s
[2025-06-03T15:52:29.105+0530][76.951s] GC(588) Pause Young (Normal) (G1 Evacuation Pause)
[2025-06-03T15:52:29.105+0530][76.951s] GC(588) Using 8 workers of 8 for evacuation
[2025-06-03T15:52:29.105+0530][76.952s] GC(588) Skipped phase 1 of Reference Processing: no references
[2025-06-03T15:52:29.105+0530][76.952s] GC(588) Skipped phase 2 of Reference Processing: no references
[2025-06-03T15:52:29.105+0530][76.952s] GC(588) Skipped phase 3 of Reference Processing: no references
[2025-06-03T15:52:29.105+0530][76.952s] GC(588) Skipped phase 4 of Reference Processing: no references
[2025-06-03T15:52:29.106+0530][76.952s] GC(588)   Pre Evacuate Collection Set: 0.1ms
[2025-06-03T15:52:29.106+0530][76.952s] GC(588)   Merge Heap Roots: 0.1ms
[2025-06-03T15:52:29.106+0530][76.952s] GC(588)   Evacuate Collection Set: 0.3ms
[2025-06-03T15:52:29.106+0530][76.952s] GC(588)   Post Evacuate Collection Set: 0.5ms
[2025-06-03T15:52:29.106+0530][76.952s] GC(588)   Other: 0.3ms
[2025-06-03T15:52:29.106+0530][76.952s] GC(588) Eden regions: 306->0(306)
[2025-06-03T15:52:29.106+0530][76.952s] GC(588) Survivor regions: 1->1(39)
[2025-06-03T15:52:29.106+0530][76.952s] GC(588) Old regions: 9->9
[2025-06-03T15:52:29.106+0530][76.952s] GC(588) Archive regions: 2->2
[2025-06-03T15:52:29.106+0530][76.952s] GC(588) Humongous regions: 0->0
[2025-06-03T15:52:29.106+0530][76.952s] GC(588) Metaspace: 20463K(20928K)->20463K(20928K) NonClass: 17877K(18112K)->17877K(18112K) Class: 2585K(2816K)->2585K(2816K)
[2025-06-03T15:52:29.106+0530][76.952s] GC(588) Pause Young (Normal) (G1 Evacuation Pause) 315M->9M(512M) 1.437ms
[2025-06-03T15:52:29.106+0530][76.952s] GC(588) User=0.00s Sys=0.00s Real=0.00s
[2025-06-03T15:52:29.270+0530][77.116s] GC(589) Pause Young (Normal) (G1 Evacuation Pause)
[2025-06-03T15:52:29.270+0530][77.116s] GC(589) Using 8 workers of 8 for evacuation
[2025-06-03T15:52:29.270+0530][77.117s] GC(589) Skipped phase 1 of Reference Processing: no references
[2025-06-03T15:52:29.270+0530][77.117s] GC(589) Skipped phase 2 of Reference Processing: no references
[2025-06-03T15:52:29.271+0530][77.117s] GC(589) Skipped phase 3 of Reference Processing: no references
[2025-06-03T15:52:29.271+0530][77.117s] GC(589) Skipped phase 4 of Reference Processing: no references
[2025-06-03T15:52:29.271+0530][77.117s] GC(589)   Pre Evacuate Collection Set: 0.1ms
[2025-06-03T15:52:29.271+0530][77.117s] GC(589)   Merge Heap Roots: 0.1ms
[2025-06-03T15:52:29.271+0530][77.117s] GC(589)   Evacuate Collection Set: 0.3ms
[2025-06-03T15:52:29.271+0530][77.117s] GC(589)   Post Evacuate Collection Set: 0.4ms
[2025-06-03T15:52:29.271+0530][77.117s] GC(589)   Other: 0.2ms
[2025-06-03T15:52:29.271+0530][77.117s] GC(589) Eden regions: 306->0(306)
[2025-06-03T15:52:29.271+0530][77.117s] GC(589) Survivor regions: 1->1(39)
[2025-06-03T15:52:29.271+0530][77.117s] GC(589) Old regions: 9->9
[2025-06-03T15:52:29.271+0530][77.117s] GC(589) Archive regions: 2->2
[2025-06-03T15:52:29.271+0530][77.117s] GC(589) Humongous regions: 0->0
[2025-06-03T15:52:29.271+0530][77.117s] GC(589) Metaspace: 20463K(20928K)->20463K(20928K) NonClass: 17877K(18112K)->17877K(18112K) Class: 2585K(2816K)->2585K(2816K)
[2025-06-03T15:52:29.271+0530][77.117s] GC(589) Pause Young (Normal) (G1 Evacuation Pause) 315M->9M(512M) 1.330ms
[2025-06-03T15:52:29.271+0530][77.117s] GC(589) User=0.00s Sys=0.00s Real=0.00s
[2025-06-03T15:52:29.415+0530][77.261s] GC(590) Pause Young (Normal) (G1 Evacuation Pause)
[2025-06-03T15:52:29.415+0530][77.261s] GC(590) Using 8 workers of 8 for evacuation
[2025-06-03T15:52:29.415+0530][77.261s] GC(590) Skipped phase 1 of Reference Processing: no references
[2025-06-03T15:52:29.415+0530][77.261s] GC(590) Skipped phase 2 of Reference Processing: no references
[2025-06-03T15:52:29.415+0530][77.261s] GC(590) Skipped phase 3 of Reference Processing: no references
[2025-06-03T15:52:29.415+0530][77.261s] GC(590) Skipped phase 4 of Reference Processing: no references
[2025-06-03T15:52:29.416+0530][77.262s] GC(590)   Pre Evacuate Collection Set: 0.1ms
[2025-06-03T15:52:29.416+0530][77.262s] GC(590)   Merge Heap Roots: 0.1ms
[2025-06-03T15:52:29.416+0530][77.262s] GC(590)   Evacuate Collection Set: 0.2ms
[2025-06-03T15:52:29.416+0530][77.262s] GC(590)   Post Evacuate Collection Set: 0.4ms
[2025-06-03T15:52:29.416+0530][77.262s] GC(590)   Other: 0.2ms
[2025-06-03T15:52:29.416+0530][77.262s] GC(590) Eden regions: 306->0(306)
[2025-06-03T15:52:29.416+0530][77.262s] GC(590) Survivor regions: 1->1(39)
[2025-06-03T15:52:29.416+0530][77.262s] GC(590) Old regions: 9->9
[2025-06-03T15:52:29.416+0530][77.262s] GC(590) Archive regions: 2->2
[2025-06-03T15:52:29.416+0530][77.262s] GC(590) Humongous regions: 0->0
[2025-06-03T15:52:29.416+0530][77.262s] GC(590) Metaspace: 20463K(20928K)->20463K(20928K) NonClass: 17877K(18112K)->17877K(18112K) Class: 2585K(2816K)->2585K(2816K)
[2025-06-03T15:52:29.416+0530][77.262s] GC(590) Pause Young (Normal) (G1 Evacuation Pause) 315M->9M(512M) 1.154ms
[2025-06-03T15:52:29.416+0530][77.262s] GC(590) User=0.00s Sys=0.00s Real=0.00s
[2025-06-03T15:52:29.556+0530][77.402s] GC(591) Pause Young (Normal) (G1 Evacuation Pause)
[2025-06-03T15:52:29.556+0530][77.402s] GC(591) Using 8 workers of 8 for evacuation
[2025-06-03T15:52:29.556+0530][77.403s] GC(591) Skipped phase 1 of Reference Processing: no references
[2025-06-03T15:52:29.556+0530][77.403s] GC(591) Skipped phase 2 of Reference Processing: no references
[2025-06-03T15:52:29.556+0530][77.403s] GC(591) Skipped phase 3 of Reference Processing: no references
[2025-06-03T15:52:29.556+0530][77.403s] GC(591) Skipped phase 4 of Reference Processing: no references
[2025-06-03T15:52:29.557+0530][77.403s] GC(591)   Pre Evacuate Collection Set: 0.1ms
[2025-06-03T15:52:29.557+0530][77.403s] GC(591)   Merge Heap Roots: 0.1ms
[2025-06-03T15:52:29.557+0530][77.403s] GC(591)   Evacuate Collection Set: 0.2ms
[2025-06-03T15:52:29.557+0530][77.403s] GC(591)   Post Evacuate Collection Set: 0.4ms
[2025-06-03T15:52:29.557+0530][77.403s] GC(591)   Other: 0.2ms
[2025-06-03T15:52:29.557+0530][77.403s] GC(591) Eden regions: 306->0(306)
[2025-06-03T15:52:29.557+0530][77.403s] GC(591) Survivor regions: 1->1(39)
[2025-06-03T15:52:29.557+0530][77.403s] GC(591) Old regions: 9->9
[2025-06-03T15:52:29.557+0530][77.403s] GC(591) Archive regions: 2->2
[2025-06-03T15:52:29.557+0530][77.403s] GC(591) Humongous regions: 0->0
[2025-06-03T15:52:29.557+0530][77.403s] GC(591) Metaspace: 20463K(20928K)->20463K(20928K) NonClass: 17877K(18112K)->17877K(18112K) Class: 2585K(2816K)->2585K(2816K)
[2025-06-03T15:52:29.557+0530][77.403s] GC(591) Pause Young (Normal) (G1 Evacuation Pause) 315M->9M(512M) 1.160ms
[2025-06-03T15:52:29.557+0530][77.403s] GC(591) User=0.00s Sys=0.00s Real=0.00s
[2025-06-03T15:52:29.709+0530][77.555s] GC(592) Pause Young (Normal) (G1 Evacuation Pause)
[2025-06-03T15:52:29.709+0530][77.555s] GC(592) Using 8 workers of 8 for evacuation
[2025-06-03T15:52:29.710+0530][77.556s] GC(592) Skipped phase 1 of Reference Processing: no references
[2025-06-03T15:52:29.710+0530][77.556s] GC(592) Skipped phase 2 of Reference Processing: no references
[2025-06-03T15:52:29.710+0530][77.556s] GC(592) Skipped phase 3 of Reference Processing: no references
[2025-06-03T15:52:29.710+0530][77.556s] GC(592) Skipped phase 4 of Reference Processing: no references
[2025-06-03T15:52:29.710+0530][77.557s] GC(592)   Pre Evacuate Collection Set: 0.1ms
[2025-06-03T15:52:29.710+0530][77.557s] GC(592)   Merge Heap Roots: 0.1ms
[2025-06-03T15:52:29.710+0530][77.557s] GC(592)   Evacuate Collection Set: 0.2ms
[2025-06-03T15:52:29.710+0530][77.557s] GC(592)   Post Evacuate Collection Set: 0.6ms
[2025-06-03T15:52:29.710+0530][77.557s] GC(592)   Other: 0.2ms
[2025-06-03T15:52:29.711+0530][77.557s] GC(592) Eden regions: 306->0(306)
[2025-06-03T15:52:29.711+0530][77.557s] GC(592) Survivor regions: 1->1(39)
[2025-06-03T15:52:29.711+0530][77.557s] GC(592) Old regions: 9->9
[2025-06-03T15:52:29.711+0530][77.557s] GC(592) Archive regions: 2->2
[2025-06-03T15:52:29.711+0530][77.557s] GC(592) Humongous regions: 0->0
[2025-06-03T15:52:29.711+0530][77.557s] GC(592) Metaspace: 20463K(20928K)->20463K(20928K) NonClass: 17877K(18112K)->17877K(18112K) Class: 2585K(2816K)->2585K(2816K)
[2025-06-03T15:52:29.711+0530][77.557s] GC(592) Pause Young (Normal) (G1 Evacuation Pause) 315M->9M(512M) 1.532ms
[2025-06-03T15:52:29.711+0530][77.557s] GC(592) User=0.01s Sys=0.00s Real=0.01s
[2025-06-03T15:52:29.863+0530][77.710s] GC(593) Pause Young (Normal) (G1 Evacuation Pause)
[2025-06-03T15:52:29.864+0530][77.710s] GC(593) Using 8 workers of 8 for evacuation
[2025-06-03T15:52:29.864+0530][77.710s] GC(593) Skipped phase 1 of Reference Processing: no references
[2025-06-03T15:52:29.864+0530][77.710s] GC(593) Skipped phase 2 of Reference Processing: no references
[2025-06-03T15:52:29.864+0530][77.710s] GC(593) Skipped phase 3 of Reference Processing: no references
[2025-06-03T15:52:29.864+0530][77.710s] GC(593) Skipped phase 4 of Reference Processing: no references
[2025-06-03T15:52:29.864+0530][77.711s] GC(593)   Pre Evacuate Collection Set: 0.1ms
[2025-06-03T15:52:29.865+0530][77.711s] GC(593)   Merge Heap Roots: 0.1ms
[2025-06-03T15:52:29.865+0530][77.711s] GC(593)   Evacuate Collection Set: 0.2ms
[2025-06-03T15:52:29.865+0530][77.711s] GC(593)   Post Evacuate Collection Set: 0.5ms
[2025-06-03T15:52:29.865+0530][77.711s] GC(593)   Other: 0.2ms
[2025-06-03T15:52:29.865+0530][77.711s] GC(593) Eden regions: 306->0(306)
[2025-06-03T15:52:29.865+0530][77.711s] GC(593) Survivor regions: 1->1(39)
[2025-06-03T15:52:29.865+0530][77.711s] GC(593) Old regions: 9->9
[2025-06-03T15:52:29.865+0530][77.711s] GC(593) Archive regions: 2->2
[2025-06-03T15:52:29.865+0530][77.711s] GC(593) Humongous regions: 0->0
[2025-06-03T15:52:29.865+0530][77.711s] GC(593) Metaspace: 20463K(20928K)->20463K(20928K) NonClass: 17877K(18112K)->17877K(18112K) Class: 2585K(2816K)->2585K(2816K)
[2025-06-03T15:52:29.865+0530][77.711s] GC(593) Pause Young (Normal) (G1 Evacuation Pause) 315M->9M(512M) 1.207ms
[2025-06-03T15:52:29.865+0530][77.711s] GC(593) User=0.01s Sys=0.00s Real=0.00s
[2025-06-03T15:52:30.015+0530][77.862s] GC(594) Pause Young (Normal) (G1 Evacuation Pause)
[2025-06-03T15:52:30.015+0530][77.862s] GC(594) Using 8 workers of 8 for evacuation
[2025-06-03T15:52:30.016+0530][77.862s] GC(594) Skipped phase 1 of Reference Processing: no references
[2025-06-03T15:52:30.016+0530][77.862s] GC(594) Skipped phase 2 of Reference Processing: no references
[2025-06-03T15:52:30.016+0530][77.862s] GC(594) Skipped phase 3 of Reference Processing: no references
[2025-06-03T15:52:30.016+0530][77.862s] GC(594) Skipped phase 4 of Reference Processing: no references
[2025-06-03T15:52:30.016+0530][77.863s] GC(594)   Pre Evacuate Collection Set: 0.1ms
[2025-06-03T15:52:30.016+0530][77.863s] GC(594)   Merge Heap Roots: 0.1ms
[2025-06-03T15:52:30.016+0530][77.863s] GC(594)   Evacuate Collection Set: 0.2ms
[2025-06-03T15:52:30.016+0530][77.863s] GC(594)   Post Evacuate Collection Set: 0.4ms
[2025-06-03T15:52:30.016+0530][77.863s] GC(594)   Other: 0.2ms
[2025-06-03T15:52:30.016+0530][77.863s] GC(594) Eden regions: 306->0(306)
[2025-06-03T15:52:30.016+0530][77.863s] GC(594) Survivor regions: 1->1(39)
[2025-06-03T15:52:30.016+0530][77.863s] GC(594) Old regions: 9->9
[2025-06-03T15:52:30.016+0530][77.863s] GC(594) Archive regions: 2->2
[2025-06-03T15:52:30.017+0530][77.863s] GC(594) Humongous regions: 0->0
[2025-06-03T15:52:30.017+0530][77.863s] GC(594) Metaspace: 20463K(20928K)->20463K(20928K) NonClass: 17877K(18112K)->17877K(18112K) Class: 2585K(2816K)->2585K(2816K)
[2025-06-03T15:52:30.017+0530][77.863s] GC(594) Pause Young (Normal) (G1 Evacuation Pause) 315M->9M(512M) 1.238ms
[2025-06-03T15:52:30.017+0530][77.863s] GC(594) User=0.01s Sys=0.00s Real=0.00s
[2025-06-03T15:52:30.164+0530][78.010s] GC(595) Pause Young (Normal) (G1 Evacuation Pause)
[2025-06-03T15:52:30.164+0530][78.010s] GC(595) Using 8 workers of 8 for evacuation
[2025-06-03T15:52:30.165+0530][78.011s] GC(595) Skipped phase 1 of Reference Processing: no references
[2025-06-03T15:52:30.165+0530][78.011s] GC(595) Skipped phase 2 of Reference Processing: no references
[2025-06-03T15:52:30.165+0530][78.011s] GC(595) Skipped phase 3 of Reference Processing: no references
[2025-06-03T15:52:30.165+0530][78.011s] GC(595) Skipped phase 4 of Reference Processing: no references
[2025-06-03T15:52:30.165+0530][78.011s] GC(595)   Pre Evacuate Collection Set: 0.1ms
[2025-06-03T15:52:30.165+0530][78.011s] GC(595)   Merge Heap Roots: 0.2ms
[2025-06-03T15:52:30.165+0530][78.012s] GC(595)   Evacuate Collection Set: 0.3ms
[2025-06-03T15:52:30.165+0530][78.012s] GC(595)   Post Evacuate Collection Set: 0.6ms
[2025-06-03T15:52:30.165+0530][78.012s] GC(595)   Other: 0.2ms
[2025-06-03T15:52:30.165+0530][78.012s] GC(595) Eden regions: 306->0(306)
[2025-06-03T15:52:30.165+0530][78.012s] GC(595) Survivor regions: 1->1(39)
[2025-06-03T15:52:30.165+0530][78.012s] GC(595) Old regions: 9->9
[2025-06-03T15:52:30.165+0530][78.012s] GC(595) Archive regions: 2->2
[2025-06-03T15:52:30.166+0530][78.012s] GC(595) Humongous regions: 0->0
[2025-06-03T15:52:30.166+0530][78.012s] GC(595) Metaspace: 20465K(20928K)->20465K(20928K) NonClass: 17879K(18112K)->17879K(18112K) Class: 2585K(2816K)->2585K(2816K)
[2025-06-03T15:52:30.166+0530][78.012s] GC(595) Pause Young (Normal) (G1 Evacuation Pause) 315M->9M(512M) 1.676ms
[2025-06-03T15:52:30.166+0530][78.012s] GC(595) User=0.00s Sys=0.00s Real=0.00s
[2025-06-03T15:52:30.303+0530][78.149s] GC(596) Pause Young (Normal) (G1 Evacuation Pause)
[2025-06-03T15:52:30.303+0530][78.149s] GC(596) Using 8 workers of 8 for evacuation
[2025-06-03T15:52:30.304+0530][78.150s] GC(596) Skipped phase 1 of Reference Processing: no references
[2025-06-03T15:52:30.304+0530][78.150s] GC(596) Skipped phase 2 of Reference Processing: no references
[2025-06-03T15:52:30.304+0530][78.150s] GC(596) Skipped phase 3 of Reference Processing: no references
[2025-06-03T15:52:30.304+0530][78.150s] GC(596) Skipped phase 4 of Reference Processing: no references
[2025-06-03T15:52:30.304+0530][78.150s] GC(596)   Pre Evacuate Collection Set: 0.1ms
[2025-06-03T15:52:30.304+0530][78.150s] GC(596)   Merge Heap Roots: 0.1ms
[2025-06-03T15:52:30.304+0530][78.150s] GC(596)   Evacuate Collection Set: 0.2ms
[2025-06-03T15:52:30.304+0530][78.150s] GC(596)   Post Evacuate Collection Set: 0.4ms
[2025-06-03T15:52:30.304+0530][78.150s] GC(596)   Other: 0.2ms
[2025-06-03T15:52:30.304+0530][78.150s] GC(596) Eden regions: 306->0(306)
[2025-06-03T15:52:30.304+0530][78.150s] GC(596) Survivor regions: 1->1(39)
[2025-06-03T15:52:30.304+0530][78.150s] GC(596) Old regions: 9->9
[2025-06-03T15:52:30.304+0530][78.150s] GC(596) Archive regions: 2->2
[2025-06-03T15:52:30.304+0530][78.150s] GC(596) Humongous regions: 0->0
[2025-06-03T15:52:30.304+0530][78.150s] GC(596) Metaspace: 20465K(20928K)->20465K(20928K) NonClass: 17879K(18112K)->17879K(18112K) Class: 2585K(2816K)->2585K(2816K)
[2025-06-03T15:52:30.304+0530][78.150s] GC(596) Pause Young (Normal) (G1 Evacuation Pause) 315M->9M(512M) 1.112ms
[2025-06-03T15:52:30.304+0530][78.151s] GC(596) User=0.01s Sys=0.00s Real=0.00s
[2025-06-03T15:52:30.447+0530][78.293s] GC(597) Pause Young (Normal) (G1 Evacuation Pause)
[2025-06-03T15:52:30.447+0530][78.293s] GC(597) Using 8 workers of 8 for evacuation
[2025-06-03T15:52:30.448+0530][78.294s] GC(597) Skipped phase 1 of Reference Processing: no references
[2025-06-03T15:52:30.448+0530][78.294s] GC(597) Skipped phase 2 of Reference Processing: no references
[2025-06-03T15:52:30.448+0530][78.294s] GC(597) Skipped phase 3 of Reference Processing: no references
[2025-06-03T15:52:30.448+0530][78.294s] GC(597) Skipped phase 4 of Reference Processing: no references
[2025-06-03T15:52:30.448+0530][78.294s] GC(597)   Pre Evacuate Collection Set: 0.1ms
[2025-06-03T15:52:30.448+0530][78.294s] GC(597)   Merge Heap Roots: 0.1ms
[2025-06-03T15:52:30.448+0530][78.294s] GC(597)   Evacuate Collection Set: 0.2ms
[2025-06-03T15:52:30.448+0530][78.294s] GC(597)   Post Evacuate Collection Set: 0.4ms
[2025-06-03T15:52:30.448+0530][78.294s] GC(597)   Other: 0.2ms
[2025-06-03T15:52:30.448+0530][78.294s] GC(597) Eden regions: 306->0(306)
[2025-06-03T15:52:30.448+0530][78.294s] GC(597) Survivor regions: 1->1(39)
[2025-06-03T15:52:30.448+0530][78.294s] GC(597) Old regions: 9->9
[2025-06-03T15:52:30.448+0530][78.294s] GC(597) Archive regions: 2->2
[2025-06-03T15:52:30.448+0530][78.294s] GC(597) Humongous regions: 0->0
[2025-06-03T15:52:30.448+0530][78.294s] GC(597) Metaspace: 20465K(20928K)->20465K(20928K) NonClass: 17879K(18112K)->17879K(18112K) Class: 2585K(2816K)->2585K(2816K)
[2025-06-03T15:52:30.448+0530][78.294s] GC(597) Pause Young (Normal) (G1 Evacuation Pause) 315M->9M(512M) 1.207ms
[2025-06-03T15:52:30.448+0530][78.295s] GC(597) User=0.01s Sys=0.00s Real=0.00s
[2025-06-03T15:52:30.596+0530][78.442s] GC(598) Pause Young (Normal) (G1 Evacuation Pause)
[2025-06-03T15:52:30.596+0530][78.442s] GC(598) Using 8 workers of 8 for evacuation
[2025-06-03T15:52:30.596+0530][78.443s] GC(598) Skipped phase 1 of Reference Processing: no references
[2025-06-03T15:52:30.597+0530][78.443s] GC(598) Skipped phase 2 of Reference Processing: no references
[2025-06-03T15:52:30.597+0530][78.443s] GC(598) Skipped phase 3 of Reference Processing: no references
[2025-06-03T15:52:30.597+0530][78.443s] GC(598) Skipped phase 4 of Reference Processing: no references
[2025-06-03T15:52:30.597+0530][78.443s] GC(598)   Pre Evacuate Collection Set: 0.1ms
[2025-06-03T15:52:30.597+0530][78.443s] GC(598)   Merge Heap Roots: 0.1ms
[2025-06-03T15:52:30.597+0530][78.443s] GC(598)   Evacuate Collection Set: 0.2ms
[2025-06-03T15:52:30.597+0530][78.443s] GC(598)   Post Evacuate Collection Set: 0.4ms
[2025-06-03T15:52:30.597+0530][78.443s] GC(598)   Other: 0.2ms
[2025-06-03T15:52:30.597+0530][78.443s] GC(598) Eden regions: 306->0(306)
[2025-06-03T15:52:30.597+0530][78.443s] GC(598) Survivor regions: 1->1(39)
[2025-06-03T15:52:30.597+0530][78.443s] GC(598) Old regions: 9->9
[2025-06-03T15:52:30.597+0530][78.443s] GC(598) Archive regions: 2->2
[2025-06-03T15:52:30.597+0530][78.443s] GC(598) Humongous regions: 0->0
[2025-06-03T15:52:30.597+0530][78.443s] GC(598) Metaspace: 20465K(20928K)->20465K(20928K) NonClass: 17879K(18112K)->17879K(18112K) Class: 2585K(2816K)->2585K(2816K)
[2025-06-03T15:52:30.597+0530][78.443s] GC(598) Pause Young (Normal) (G1 Evacuation Pause) 315M->9M(512M) 1.065ms
[2025-06-03T15:52:30.597+0530][78.443s] GC(598) User=0.01s Sys=0.00s Real=0.00s
[2025-06-03T15:52:30.736+0530][78.583s] GC(599) Pause Young (Normal) (G1 Evacuation Pause)
[2025-06-03T15:52:30.737+0530][78.583s] GC(599) Using 8 workers of 8 for evacuation
[2025-06-03T15:52:30.737+0530][78.583s] GC(599) Skipped phase 1 of Reference Processing: no references
[2025-06-03T15:52:30.737+0530][78.583s] GC(599) Skipped phase 2 of Reference Processing: no references
[2025-06-03T15:52:30.737+0530][78.583s] GC(599) Skipped phase 3 of Reference Processing: no references
[2025-06-03T15:52:30.737+0530][78.583s] GC(599) Skipped phase 4 of Reference Processing: no references
[2025-06-03T15:52:30.737+0530][78.584s] GC(599)   Pre Evacuate Collection Set: 0.1ms
[2025-06-03T15:52:30.738+0530][78.584s] GC(599)   Merge Heap Roots: 0.1ms
[2025-06-03T15:52:30.738+0530][78.584s] GC(599)   Evacuate Collection Set: 0.2ms
[2025-06-03T15:52:30.738+0530][78.584s] GC(599)   Post Evacuate Collection Set: 0.4ms
[2025-06-03T15:52:30.738+0530][78.584s] GC(599)   Other: 0.2ms
[2025-06-03T15:52:30.738+0530][78.584s] GC(599) Eden regions: 306->0(306)
[2025-06-03T15:52:30.738+0530][78.584s] GC(599) Survivor regions: 1->1(39)
[2025-06-03T15:52:30.738+0530][78.584s] GC(599) Old regions: 9->9
[2025-06-03T15:52:30.738+0530][78.584s] GC(599) Archive regions: 2->2
[2025-06-03T15:52:30.738+0530][78.584s] GC(599) Humongous regions: 0->0
[2025-06-03T15:52:30.738+0530][78.584s] GC(599) Metaspace: 20465K(20928K)->20465K(20928K) NonClass: 17879K(18112K)->17879K(18112K) Class: 2585K(2816K)->2585K(2816K)
[2025-06-03T15:52:30.738+0530][78.584s] GC(599) Pause Young (Normal) (G1 Evacuation Pause) 315M->9M(512M) 1.247ms
[2025-06-03T15:52:30.738+0530][78.584s] GC(599) User=0.00s Sys=0.00s Real=0.00s
[2025-06-03T15:52:30.873+0530][78.720s] GC(600) Pause Young (Normal) (G1 Evacuation Pause)
[2025-06-03T15:52:30.874+0530][78.720s] GC(600) Using 8 workers of 8 for evacuation
[2025-06-03T15:52:30.874+0530][78.720s] GC(600) Skipped phase 1 of Reference Processing: no references
[2025-06-03T15:52:30.874+0530][78.720s] GC(600) Skipped phase 2 of Reference Processing: no references
[2025-06-03T15:52:30.874+0530][78.720s] GC(600) Skipped phase 3 of Reference Processing: no references
[2025-06-03T15:52:30.874+0530][78.720s] GC(600) Skipped phase 4 of Reference Processing: no references
[2025-06-03T15:52:30.874+0530][78.721s] GC(600)   Pre Evacuate Collection Set: 0.1ms
[2025-06-03T15:52:30.874+0530][78.721s] GC(600)   Merge Heap Roots: 0.1ms
[2025-06-03T15:52:30.874+0530][78.721s] GC(600)   Evacuate Collection Set: 0.2ms
[2025-06-03T15:52:30.874+0530][78.721s] GC(600)   Post Evacuate Collection Set: 0.4ms
[2025-06-03T15:52:30.874+0530][78.721s] GC(600)   Other: 0.1ms
[2025-06-03T15:52:30.874+0530][78.721s] GC(600) Eden regions: 306->0(306)
[2025-06-03T15:52:30.874+0530][78.721s] GC(600) Survivor regions: 1->1(39)
[2025-06-03T15:52:30.874+0530][78.721s] GC(600) Old regions: 9->9
[2025-06-03T15:52:30.874+0530][78.721s] GC(600) Archive regions: 2->2
[2025-06-03T15:52:30.874+0530][78.721s] GC(600) Humongous regions: 0->0
[2025-06-03T15:52:30.875+0530][78.721s] GC(600) Metaspace: 20465K(20928K)->20465K(20928K) NonClass: 17879K(18112K)->17879K(18112K) Class: 2585K(2816K)->2585K(2816K)
[2025-06-03T15:52:30.875+0530][78.721s] GC(600) Pause Young (Normal) (G1 Evacuation Pause) 315M->9M(512M) 1.075ms
[2025-06-03T15:52:30.875+0530][78.721s] GC(600) User=0.01s Sys=0.00s Real=0.00s
[2025-06-03T15:52:31.007+0530][78.854s] GC(601) Pause Young (Normal) (G1 Evacuation Pause)
[2025-06-03T15:52:31.008+0530][78.854s] GC(601) Using 8 workers of 8 for evacuation
[2025-06-03T15:52:31.008+0530][78.854s] GC(601) Skipped phase 1 of Reference Processing: no references
[2025-06-03T15:52:31.008+0530][78.854s] GC(601) Skipped phase 2 of Reference Processing: no references
[2025-06-03T15:52:31.008+0530][78.854s] GC(601) Skipped phase 3 of Reference Processing: no references
[2025-06-03T15:52:31.008+0530][78.854s] GC(601) Skipped phase 4 of Reference Processing: no references
[2025-06-03T15:52:31.008+0530][78.855s] GC(601)   Pre Evacuate Collection Set: 0.1ms
[2025-06-03T15:52:31.008+0530][78.855s] GC(601)   Merge Heap Roots: 0.1ms
[2025-06-03T15:52:31.008+0530][78.855s] GC(601)   Evacuate Collection Set: 0.2ms
[2025-06-03T15:52:31.008+0530][78.855s] GC(601)   Post Evacuate Collection Set: 0.4ms
[2025-06-03T15:52:31.008+0530][78.855s] GC(601)   Other: 0.2ms
[2025-06-03T15:52:31.008+0530][78.855s] GC(601) Eden regions: 306->0(306)
[2025-06-03T15:52:31.008+0530][78.855s] GC(601) Survivor regions: 1->1(39)
[2025-06-03T15:52:31.008+0530][78.855s] GC(601) Old regions: 9->9
[2025-06-03T15:52:31.009+0530][78.855s] GC(601) Archive regions: 2->2
[2025-06-03T15:52:31.009+0530][78.855s] GC(601) Humongous regions: 0->0
[2025-06-03T15:52:31.009+0530][78.855s] GC(601) Metaspace: 20465K(20928K)->20465K(20928K) NonClass: 17879K(18112K)->17879K(18112K) Class: 2585K(2816K)->2585K(2816K)
[2025-06-03T15:52:31.009+0530][78.855s] GC(601) Pause Young (Normal) (G1 Evacuation Pause) 315M->9M(512M) 1.092ms
[2025-06-03T15:52:31.009+0530][78.855s] GC(601) User=0.00s Sys=0.00s Real=0.00s
[2025-06-03T15:52:31.179+0530][79.025s] GC(602) Pause Young (Normal) (G1 Evacuation Pause)
[2025-06-03T15:52:31.179+0530][79.026s] GC(602) Using 8 workers of 8 for evacuation
[2025-06-03T15:52:31.180+0530][79.026s] GC(602) Skipped phase 1 of Reference Processing: no references
[2025-06-03T15:52:31.180+0530][79.026s] GC(602) Skipped phase 2 of Reference Processing: no references
[2025-06-03T15:52:31.180+0530][79.026s] GC(602) Skipped phase 3 of Reference Processing: no references
[2025-06-03T15:52:31.180+0530][79.026s] GC(602) Skipped phase 4 of Reference Processing: no references
[2025-06-03T15:52:31.180+0530][79.027s] GC(602)   Pre Evacuate Collection Set: 0.1ms
[2025-06-03T15:52:31.180+0530][79.027s] GC(602)   Merge Heap Roots: 0.1ms
[2025-06-03T15:52:31.180+0530][79.027s] GC(602)   Evacuate Collection Set: 0.2ms
[2025-06-03T15:52:31.180+0530][79.027s] GC(602)   Post Evacuate Collection Set: 0.5ms
[2025-06-03T15:52:31.180+0530][79.027s] GC(602)   Other: 0.2ms
[2025-06-03T15:52:31.180+0530][79.027s] GC(602) Eden regions: 306->0(306)
[2025-06-03T15:52:31.180+0530][79.027s] GC(602) Survivor regions: 1->1(39)
[2025-06-03T15:52:31.180+0530][79.027s] GC(602) Old regions: 9->9
[2025-06-03T15:52:31.180+0530][79.027s] GC(602) Archive regions: 2->2
[2025-06-03T15:52:31.180+0530][79.027s] GC(602) Humongous regions: 0->0
[2025-06-03T15:52:31.180+0530][79.027s] GC(602) Metaspace: 20466K(20928K)->20466K(20928K) NonClass: 17880K(18112K)->17880K(18112K) Class: 2585K(2816K)->2585K(2816K)
[2025-06-03T15:52:31.180+0530][79.027s] GC(602) Pause Young (Normal) (G1 Evacuation Pause) 315M->9M(512M) 1.275ms
[2025-06-03T15:52:31.181+0530][79.027s] GC(602) User=0.01s Sys=0.00s Real=0.01s
[2025-06-03T15:52:31.327+0530][79.173s] GC(603) Pause Young (Normal) (G1 Evacuation Pause)
[2025-06-03T15:52:31.327+0530][79.173s] GC(603) Using 8 workers of 8 for evacuation
[2025-06-03T15:52:31.327+0530][79.173s] GC(603) Skipped phase 1 of Reference Processing: no references
[2025-06-03T15:52:31.327+0530][79.174s] GC(603) Skipped phase 2 of Reference Processing: no references
[2025-06-03T15:52:31.327+0530][79.174s] GC(603) Skipped phase 3 of Reference Processing: no references
[2025-06-03T15:52:31.327+0530][79.174s] GC(603) Skipped phase 4 of Reference Processing: no references
[2025-06-03T15:52:31.328+0530][79.174s] GC(603)   Pre Evacuate Collection Set: 0.1ms
[2025-06-03T15:52:31.328+0530][79.174s] GC(603)   Merge Heap Roots: 0.1ms
[2025-06-03T15:52:31.328+0530][79.174s] GC(603)   Evacuate Collection Set: 0.3ms
[2025-06-03T15:52:31.328+0530][79.174s] GC(603)   Post Evacuate Collection Set: 0.5ms
[2025-06-03T15:52:31.328+0530][79.174s] GC(603)   Other: 0.2ms
[2025-06-03T15:52:31.328+0530][79.174s] GC(603) Eden regions: 306->0(306)
[2025-06-03T15:52:31.328+0530][79.174s] GC(603) Survivor regions: 1->1(39)
[2025-06-03T15:52:31.328+0530][79.174s] GC(603) Old regions: 9->9
[2025-06-03T15:52:31.328+0530][79.174s] GC(603) Archive regions: 2->2
[2025-06-03T15:52:31.328+0530][79.174s] GC(603) Humongous regions: 0->0
[2025-06-03T15:52:31.328+0530][79.174s] GC(603) Metaspace: 20466K(20928K)->20466K(20928K) NonClass: 17880K(18112K)->17880K(18112K) Class: 2585K(2816K)->2585K(2816K)
[2025-06-03T15:52:31.328+0530][79.174s] GC(603) Pause Young (Normal) (G1 Evacuation Pause) 315M->9M(512M) 1.522ms
[2025-06-03T15:52:31.328+0530][79.174s] GC(603) User=0.00s Sys=0.00s Real=0.00s
[2025-06-03T15:52:31.476+0530][79.322s] GC(604) Pause Young (Normal) (G1 Evacuation Pause)
[2025-06-03T15:52:31.476+0530][79.322s] GC(604) Using 8 workers of 8 for evacuation
[2025-06-03T15:52:31.476+0530][79.323s] GC(604) Skipped phase 1 of Reference Processing: no references
[2025-06-03T15:52:31.476+0530][79.323s] GC(604) Skipped phase 2 of Reference Processing: no references
[2025-06-03T15:52:31.476+0530][79.323s] GC(604) Skipped phase 3 of Reference Processing: no references
[2025-06-03T15:52:31.476+0530][79.323s] GC(604) Skipped phase 4 of Reference Processing: no references
[2025-06-03T15:52:31.477+0530][79.323s] GC(604)   Pre Evacuate Collection Set: 0.1ms
[2025-06-03T15:52:31.477+0530][79.323s] GC(604)   Merge Heap Roots: 0.1ms
[2025-06-03T15:52:31.477+0530][79.323s] GC(604)   Evacuate Collection Set: 0.2ms
[2025-06-03T15:52:31.477+0530][79.323s] GC(604)   Post Evacuate Collection Set: 0.5ms
[2025-06-03T15:52:31.477+0530][79.323s] GC(604)   Other: 0.1ms
[2025-06-03T15:52:31.477+0530][79.323s] GC(604) Eden regions: 306->0(306)
[2025-06-03T15:52:31.477+0530][79.323s] GC(604) Survivor regions: 1->1(39)
[2025-06-03T15:52:31.477+0530][79.323s] GC(604) Old regions: 9->9
[2025-06-03T15:52:31.477+0530][79.323s] GC(604) Archive regions: 2->2
[2025-06-03T15:52:31.477+0530][79.323s] GC(604) Humongous regions: 0->0
[2025-06-03T15:52:31.477+0530][79.323s] GC(604) Metaspace: 20466K(20928K)->20466K(20928K) NonClass: 17880K(18112K)->17880K(18112K) Class: 2585K(2816K)->2585K(2816K)
[2025-06-03T15:52:31.477+0530][79.323s] GC(604) Pause Young (Normal) (G1 Evacuation Pause) 315M->9M(512M) 1.146ms
[2025-06-03T15:52:31.477+0530][79.323s] GC(604) User=0.00s Sys=0.00s Real=0.00s
[2025-06-03T15:52:31.612+0530][79.458s] GC(605) Pause Young (Normal) (G1 Evacuation Pause)
[2025-06-03T15:52:31.612+0530][79.458s] GC(605) Using 8 workers of 8 for evacuation
[2025-06-03T15:52:31.612+0530][79.458s] GC(605) Skipped phase 1 of Reference Processing: no references
[2025-06-03T15:52:31.612+0530][79.458s] GC(605) Skipped phase 2 of Reference Processing: no references
[2025-06-03T15:52:31.612+0530][79.458s] GC(605) Skipped phase 3 of Reference Processing: no references
[2025-06-03T15:52:31.612+0530][79.458s] GC(605) Skipped phase 4 of Reference Processing: no references
[2025-06-03T15:52:31.612+0530][79.459s] GC(605)   Pre Evacuate Collection Set: 0.1ms
[2025-06-03T15:52:31.612+0530][79.459s] GC(605)   Merge Heap Roots: 0.1ms
[2025-06-03T15:52:31.612+0530][79.459s] GC(605)   Evacuate Collection Set: 0.2ms
[2025-06-03T15:52:31.612+0530][79.459s] GC(605)   Post Evacuate Collection Set: 0.3ms
[2025-06-03T15:52:31.612+0530][79.459s] GC(605)   Other: 0.2ms
[2025-06-03T15:52:31.612+0530][79.459s] GC(605) Eden regions: 306->0(306)
[2025-06-03T15:52:31.612+0530][79.459s] GC(605) Survivor regions: 1->1(39)
[2025-06-03T15:52:31.612+0530][79.459s] GC(605) Old regions: 9->9
[2025-06-03T15:52:31.612+0530][79.459s] GC(605) Archive regions: 2->2
[2025-06-03T15:52:31.613+0530][79.459s] GC(605) Humongous regions: 0->0
[2025-06-03T15:52:31.613+0530][79.459s] GC(605) Metaspace: 20466K(20928K)->20466K(20928K) NonClass: 17880K(18112K)->17880K(18112K) Class: 2585K(2816K)->2585K(2816K)
[2025-06-03T15:52:31.613+0530][79.459s] GC(605) Pause Young (Normal) (G1 Evacuation Pause) 315M->9M(512M) 0.953ms
[2025-06-03T15:52:31.613+0530][79.459s] GC(605) User=0.00s Sys=0.00s Real=0.00s
[2025-06-03T15:52:31.740+0530][79.586s] GC(606) Pause Young (Normal) (G1 Evacuation Pause)
[2025-06-03T15:52:31.740+0530][79.586s] GC(606) Using 8 workers of 8 for evacuation
[2025-06-03T15:52:31.740+0530][79.587s] GC(606) Skipped phase 1 of Reference Processing: no references
[2025-06-03T15:52:31.740+0530][79.587s] GC(606) Skipped phase 2 of Reference Processing: no references
[2025-06-03T15:52:31.740+0530][79.587s] GC(606) Skipped phase 3 of Reference Processing: no references
[2025-06-03T15:52:31.740+0530][79.587s] GC(606) Skipped phase 4 of Reference Processing: no references
[2025-06-03T15:52:31.741+0530][79.587s] GC(606)   Pre Evacuate Collection Set: 0.1ms
[2025-06-03T15:52:31.741+0530][79.587s] GC(606)   Merge Heap Roots: 0.1ms
[2025-06-03T15:52:31.741+0530][79.587s] GC(606)   Evacuate Collection Set: 0.2ms
[2025-06-03T15:52:31.741+0530][79.587s] GC(606)   Post Evacuate Collection Set: 0.4ms
[2025-06-03T15:52:31.741+0530][79.587s] GC(606)   Other: 0.2ms
[2025-06-03T15:52:31.741+0530][79.587s] GC(606) Eden regions: 306->0(306)
[2025-06-03T15:52:31.741+0530][79.587s] GC(606) Survivor regions: 1->1(39)
[2025-06-03T15:52:31.741+0530][79.587s] GC(606) Old regions: 9->9
[2025-06-03T15:52:31.741+0530][79.587s] GC(606) Archive regions: 2->2
[2025-06-03T15:52:31.741+0530][79.587s] GC(606) Humongous regions: 0->0
[2025-06-03T15:52:31.741+0530][79.587s] GC(606) Metaspace: 20466K(20928K)->20466K(20928K) NonClass: 17880K(18112K)->17880K(18112K) Class: 2585K(2816K)->2585K(2816K)
[2025-06-03T15:52:31.741+0530][79.587s] GC(606) Pause Young (Normal) (G1 Evacuation Pause) 315M->9M(512M) 1.162ms
[2025-06-03T15:52:31.741+0530][79.587s] GC(606) User=0.01s Sys=0.00s Real=0.00s
[2025-06-03T15:52:31.893+0530][79.740s] GC(607) Pause Young (Normal) (G1 Evacuation Pause)
[2025-06-03T15:52:31.894+0530][79.740s] GC(607) Using 8 workers of 8 for evacuation
[2025-06-03T15:52:31.894+0530][79.740s] GC(607) Skipped phase 1 of Reference Processing: no references
[2025-06-03T15:52:31.894+0530][79.740s] GC(607) Skipped phase 2 of Reference Processing: no references
[2025-06-03T15:52:31.894+0530][79.740s] GC(607) Skipped phase 3 of Reference Processing: no references
[2025-06-03T15:52:31.894+0530][79.740s] GC(607) Skipped phase 4 of Reference Processing: no references
[2025-06-03T15:52:31.894+0530][79.741s] GC(607)   Pre Evacuate Collection Set: 0.1ms
[2025-06-03T15:52:31.894+0530][79.741s] GC(607)   Merge Heap Roots: 0.1ms
[2025-06-03T15:52:31.894+0530][79.741s] GC(607)   Evacuate Collection Set: 0.2ms
[2025-06-03T15:52:31.894+0530][79.741s] GC(607)   Post Evacuate Collection Set: 0.4ms
[2025-06-03T15:52:31.894+0530][79.741s] GC(607)   Other: 0.2ms
[2025-06-03T15:52:31.894+0530][79.741s] GC(607) Eden regions: 306->0(306)
[2025-06-03T15:52:31.894+0530][79.741s] GC(607) Survivor regions: 1->1(39)
[2025-06-03T15:52:31.894+0530][79.741s] GC(607) Old regions: 9->9
[2025-06-03T15:52:31.894+0530][79.741s] GC(607) Archive regions: 2->2
[2025-06-03T15:52:31.895+0530][79.741s] GC(607) Humongous regions: 0->0
[2025-06-03T15:52:31.895+0530][79.741s] GC(607) Metaspace: 20466K(20928K)->20466K(20928K) NonClass: 17880K(18112K)->17880K(18112K) Class: 2585K(2816K)->2585K(2816K)
[2025-06-03T15:52:31.895+0530][79.741s] GC(607) Pause Young (Normal) (G1 Evacuation Pause) 315M->9M(512M) 1.049ms
[2025-06-03T15:52:31.895+0530][79.741s] GC(607) User=0.00s Sys=0.00s Real=0.00s
[2025-06-03T15:52:32.031+0530][79.878s] GC(608) Pause Young (Normal) (G1 Evacuation Pause)
[2025-06-03T15:52:32.031+0530][79.878s] GC(608) Using 8 workers of 8 for evacuation
[2025-06-03T15:52:32.032+0530][79.878s] GC(608) Skipped phase 1 of Reference Processing: no references
[2025-06-03T15:52:32.032+0530][79.878s] GC(608) Skipped phase 2 of Reference Processing: no references
[2025-06-03T15:52:32.032+0530][79.878s] GC(608) Skipped phase 3 of Reference Processing: no references
[2025-06-03T15:52:32.032+0530][79.878s] GC(608) Skipped phase 4 of Reference Processing: no references
[2025-06-03T15:52:32.032+0530][79.878s] GC(608)   Pre Evacuate Collection Set: 0.1ms
[2025-06-03T15:52:32.032+0530][79.878s] GC(608)   Merge Heap Roots: 0.1ms
[2025-06-03T15:52:32.032+0530][79.878s] GC(608)   Evacuate Collection Set: 0.2ms
[2025-06-03T15:52:32.032+0530][79.878s] GC(608)   Post Evacuate Collection Set: 0.4ms
[2025-06-03T15:52:32.032+0530][79.878s] GC(608)   Other: 0.2ms
[2025-06-03T15:52:32.032+0530][79.879s] GC(608) Eden regions: 306->0(306)
[2025-06-03T15:52:32.032+0530][79.879s] GC(608) Survivor regions: 1->1(39)
[2025-06-03T15:52:32.032+0530][79.879s] GC(608) Old regions: 9->9
[2025-06-03T15:52:32.032+0530][79.879s] GC(608) Archive regions: 2->2
[2025-06-03T15:52:32.032+0530][79.879s] GC(608) Humongous regions: 0->0
[2025-06-03T15:52:32.032+0530][79.879s] GC(608) Metaspace: 20466K(20928K)->20466K(20928K) NonClass: 17880K(18112K)->17880K(18112K) Class: 2585K(2816K)->2585K(2816K)
[2025-06-03T15:52:32.032+0530][79.879s] GC(608) Pause Young (Normal) (G1 Evacuation Pause) 315M->9M(512M) 1.083ms
[2025-06-03T15:52:32.032+0530][79.879s] GC(608) User=0.00s Sys=0.00s Real=0.00s
[2025-06-03T15:52:32.173+0530][80.019s] GC(609) Pause Young (Normal) (G1 Evacuation Pause)
[2025-06-03T15:52:32.173+0530][80.019s] GC(609) Using 8 workers of 8 for evacuation
[2025-06-03T15:52:32.173+0530][80.020s] GC(609) Skipped phase 1 of Reference Processing: no references
[2025-06-03T15:52:32.173+0530][80.020s] GC(609) Skipped phase 2 of Reference Processing: no references
[2025-06-03T15:52:32.174+0530][80.020s] GC(609) Skipped phase 3 of Reference Processing: no references
[2025-06-03T15:52:32.174+0530][80.020s] GC(609) Skipped phase 4 of Reference Processing: no references
[2025-06-03T15:52:32.174+0530][80.020s] GC(609)   Pre Evacuate Collection Set: 0.1ms
[2025-06-03T15:52:32.174+0530][80.020s] GC(609)   Merge Heap Roots: 0.1ms
[2025-06-03T15:52:32.174+0530][80.020s] GC(609)   Evacuate Collection Set: 0.3ms
[2025-06-03T15:52:32.174+0530][80.020s] GC(609)   Post Evacuate Collection Set: 0.5ms
[2025-06-03T15:52:32.174+0530][80.020s] GC(609)   Other: 0.2ms
[2025-06-03T15:52:32.174+0530][80.020s] GC(609) Eden regions: 306->0(306)
[2025-06-03T15:52:32.174+0530][80.020s] GC(609) Survivor regions: 1->1(39)
[2025-06-03T15:52:32.174+0530][80.020s] GC(609) Old regions: 9->9
[2025-06-03T15:52:32.174+0530][80.020s] GC(609) Archive regions: 2->2
[2025-06-03T15:52:32.174+0530][80.020s] GC(609) Humongous regions: 0->0
[2025-06-03T15:52:32.174+0530][80.020s] GC(609) Metaspace: 20466K(20928K)->20466K(20928K) NonClass: 17880K(18112K)->17880K(18112K) Class: 2585K(2816K)->2585K(2816K)
[2025-06-03T15:52:32.174+0530][80.020s] GC(609) Pause Young (Normal) (G1 Evacuation Pause) 315M->9M(512M) 1.370ms
[2025-06-03T15:52:32.174+0530][80.020s] GC(609) User=0.00s Sys=0.00s Real=0.00s
[2025-06-03T15:52:32.321+0530][80.167s] GC(610) Pause Young (Normal) (G1 Evacuation Pause)
[2025-06-03T15:52:32.321+0530][80.167s] GC(610) Using 8 workers of 8 for evacuation
[2025-06-03T15:52:32.322+0530][80.168s] GC(610) Skipped phase 1 of Reference Processing: no references
[2025-06-03T15:52:32.322+0530][80.168s] GC(610) Skipped phase 2 of Reference Processing: no references
[2025-06-03T15:52:32.322+0530][80.168s] GC(610) Skipped phase 3 of Reference Processing: no references
[2025-06-03T15:52:32.322+0530][80.168s] GC(610) Skipped phase 4 of Reference Processing: no references
[2025-06-03T15:52:32.322+0530][80.168s] GC(610)   Pre Evacuate Collection Set: 0.1ms
[2025-06-03T15:52:32.322+0530][80.168s] GC(610)   Merge Heap Roots: 0.1ms
[2025-06-03T15:52:32.322+0530][80.168s] GC(610)   Evacuate Collection Set: 0.3ms
[2025-06-03T15:52:32.322+0530][80.168s] GC(610)   Post Evacuate Collection Set: 0.5ms
[2025-06-03T15:52:32.322+0530][80.168s] GC(610)   Other: 0.2ms
[2025-06-03T15:52:32.322+0530][80.168s] GC(610) Eden regions: 306->0(306)
[2025-06-03T15:52:32.322+0530][80.168s] GC(610) Survivor regions: 1->1(39)
[2025-06-03T15:52:32.322+0530][80.168s] GC(610) Old regions: 9->9
[2025-06-03T15:52:32.322+0530][80.168s] GC(610) Archive regions: 2->2
[2025-06-03T15:52:32.322+0530][80.168s] GC(610) Humongous regions: 0->0
[2025-06-03T15:52:32.322+0530][80.169s] GC(610) Metaspace: 20466K(20928K)->20466K(20928K) NonClass: 17880K(18112K)->17880K(18112K) Class: 2585K(2816K)->2585K(2816K)
[2025-06-03T15:52:32.322+0530][80.169s] GC(610) Pause Young (Normal) (G1 Evacuation Pause) 315M->9M(512M) 1.291ms
[2025-06-03T15:52:32.322+0530][80.169s] GC(610) User=0.00s Sys=0.00s Real=0.00s
[2025-06-03T15:52:32.506+0530][80.352s] GC(611) Pause Young (Normal) (G1 Evacuation Pause)
[2025-06-03T15:52:32.506+0530][80.352s] GC(611) Using 8 workers of 8 for evacuation
[2025-06-03T15:52:32.506+0530][80.353s] GC(611) Skipped phase 1 of Reference Processing: no references
[2025-06-03T15:52:32.506+0530][80.353s] GC(611) Skipped phase 2 of Reference Processing: no references
[2025-06-03T15:52:32.506+0530][80.353s] GC(611) Skipped phase 3 of Reference Processing: no references
[2025-06-03T15:52:32.506+0530][80.353s] GC(611) Skipped phase 4 of Reference Processing: no references
[2025-06-03T15:52:32.507+0530][80.353s] GC(611)   Pre Evacuate Collection Set: 0.1ms
[2025-06-03T15:52:32.507+0530][80.353s] GC(611)   Merge Heap Roots: 0.1ms
[2025-06-03T15:52:32.507+0530][80.353s] GC(611)   Evacuate Collection Set: 0.3ms
[2025-06-03T15:52:32.507+0530][80.353s] GC(611)   Post Evacuate Collection Set: 0.4ms
[2025-06-03T15:52:32.507+0530][80.353s] GC(611)   Other: 0.3ms
[2025-06-03T15:52:32.507+0530][80.353s] GC(611) Eden regions: 306->0(306)
[2025-06-03T15:52:32.507+0530][80.353s] GC(611) Survivor regions: 1->1(39)
[2025-06-03T15:52:32.507+0530][80.353s] GC(611) Old regions: 9->9
[2025-06-03T15:52:32.507+0530][80.353s] GC(611) Archive regions: 2->2
[2025-06-03T15:52:32.507+0530][80.353s] GC(611) Humongous regions: 0->0
[2025-06-03T15:52:32.507+0530][80.353s] GC(611) Metaspace: 20466K(20928K)->20466K(20928K) NonClass: 17880K(18112K)->17880K(18112K) Class: 2585K(2816K)->2585K(2816K)
[2025-06-03T15:52:32.507+0530][80.353s] GC(611) Pause Young (Normal) (G1 Evacuation Pause) 315M->9M(512M) 1.331ms
[2025-06-03T15:52:32.507+0530][80.353s] GC(611) User=0.00s Sys=0.00s Real=0.00s
[2025-06-03T15:52:32.665+0530][80.511s] GC(612) Pause Young (Normal) (G1 Evacuation Pause)
[2025-06-03T15:52:32.665+0530][80.511s] GC(612) Using 8 workers of 8 for evacuation
[2025-06-03T15:52:32.666+0530][80.512s] GC(612) Skipped phase 1 of Reference Processing: no references
[2025-06-03T15:52:32.666+0530][80.512s] GC(612) Skipped phase 2 of Reference Processing: no references
[2025-06-03T15:52:32.666+0530][80.512s] GC(612) Skipped phase 3 of Reference Processing: no references
[2025-06-03T15:52:32.666+0530][80.512s] GC(612) Skipped phase 4 of Reference Processing: no references
[2025-06-03T15:52:32.666+0530][80.513s] GC(612)   Pre Evacuate Collection Set: 0.1ms
[2025-06-03T15:52:32.667+0530][80.513s] GC(612)   Merge Heap Roots: 0.1ms
[2025-06-03T15:52:32.667+0530][80.513s] GC(612)   Evacuate Collection Set: 0.3ms
[2025-06-03T15:52:32.667+0530][80.513s] GC(612)   Post Evacuate Collection Set: 0.7ms
[2025-06-03T15:52:32.667+0530][80.513s] GC(612)   Other: 0.2ms
[2025-06-03T15:52:32.667+0530][80.513s] GC(612) Eden regions: 306->0(306)
[2025-06-03T15:52:32.667+0530][80.513s] GC(612) Survivor regions: 1->1(39)
[2025-06-03T15:52:32.667+0530][80.513s] GC(612) Old regions: 9->9
[2025-06-03T15:52:32.667+0530][80.513s] GC(612) Archive regions: 2->2
[2025-06-03T15:52:32.667+0530][80.513s] GC(612) Humongous regions: 0->0
[2025-06-03T15:52:32.667+0530][80.513s] GC(612) Metaspace: 20466K(20928K)->20466K(20928K) NonClass: 17880K(18112K)->17880K(18112K) Class: 2585K(2816K)->2585K(2816K)
[2025-06-03T15:52:32.667+0530][80.513s] GC(612) Pause Young (Normal) (G1 Evacuation Pause) 315M->9M(512M) 1.641ms
[2025-06-03T15:52:32.667+0530][80.513s] GC(612) User=0.00s Sys=0.00s Real=0.00s
[2025-06-03T15:52:32.824+0530][80.670s] GC(613) Pause Young (Normal) (G1 Evacuation Pause)
[2025-06-03T15:52:32.824+0530][80.670s] GC(613) Using 8 workers of 8 for evacuation
[2025-06-03T15:52:32.824+0530][80.671s] GC(613) Skipped phase 1 of Reference Processing: no references
[2025-06-03T15:52:32.824+0530][80.671s] GC(613) Skipped phase 2 of Reference Processing: no references
[2025-06-03T15:52:32.824+0530][80.671s] GC(613) Skipped phase 3 of Reference Processing: no references
[2025-06-03T15:52:32.824+0530][80.671s] GC(613) Skipped phase 4 of Reference Processing: no references
[2025-06-03T15:52:32.825+0530][80.671s] GC(613)   Pre Evacuate Collection Set: 0.1ms
[2025-06-03T15:52:32.825+0530][80.671s] GC(613)   Merge Heap Roots: 0.1ms
[2025-06-03T15:52:32.825+0530][80.671s] GC(613)   Evacuate Collection Set: 0.3ms
[2025-06-03T15:52:32.825+0530][80.671s] GC(613)   Post Evacuate Collection Set: 0.5ms
[2025-06-03T15:52:32.825+0530][80.671s] GC(613)   Other: 0.2ms
[2025-06-03T15:52:32.825+0530][80.671s] GC(613) Eden regions: 306->0(306)
[2025-06-03T15:52:32.825+0530][80.671s] GC(613) Survivor regions: 1->1(39)
[2025-06-03T15:52:32.825+0530][80.671s] GC(613) Old regions: 9->9
[2025-06-03T15:52:32.825+0530][80.671s] GC(613) Archive regions: 2->2
[2025-06-03T15:52:32.825+0530][80.671s] GC(613) Humongous regions: 0->0
[2025-06-03T15:52:32.825+0530][80.671s] GC(613) Metaspace: 20466K(20928K)->20466K(20928K) NonClass: 17880K(18112K)->17880K(18112K) Class: 2585K(2816K)->2585K(2816K)
[2025-06-03T15:52:32.825+0530][80.671s] GC(613) Pause Young (Normal) (G1 Evacuation Pause) 315M->9M(512M) 1.235ms
[2025-06-03T15:52:32.825+0530][80.671s] GC(613) User=0.00s Sys=0.00s Real=0.00s
[2025-06-03T15:52:32.969+0530][80.815s] GC(614) Pause Young (Normal) (G1 Evacuation Pause)
[2025-06-03T15:52:32.971+0530][80.817s] GC(614) Using 8 workers of 8 for evacuation
[2025-06-03T15:52:32.971+0530][80.817s] GC(614) Skipped phase 1 of Reference Processing: no references
[2025-06-03T15:52:32.971+0530][80.818s] GC(614) Skipped phase 2 of Reference Processing: no references
[2025-06-03T15:52:32.971+0530][80.818s] GC(614) Skipped phase 3 of Reference Processing: no references
[2025-06-03T15:52:32.971+0530][80.818s] GC(614) Skipped phase 4 of Reference Processing: no references
[2025-06-03T15:52:32.972+0530][80.818s] GC(614)   Pre Evacuate Collection Set: 0.1ms
[2025-06-03T15:52:32.972+0530][80.818s] GC(614)   Merge Heap Roots: 0.1ms
[2025-06-03T15:52:32.972+0530][80.818s] GC(614)   Evacuate Collection Set: 0.2ms
[2025-06-03T15:52:32.972+0530][80.818s] GC(614)   Post Evacuate Collection Set: 0.4ms
[2025-06-03T15:52:32.972+0530][80.818s] GC(614)   Other: 2.1ms
[2025-06-03T15:52:32.972+0530][80.818s] GC(614) Eden regions: 306->0(306)
[2025-06-03T15:52:32.972+0530][80.818s] GC(614) Survivor regions: 1->1(39)
[2025-06-03T15:52:32.972+0530][80.818s] GC(614) Old regions: 9->9
[2025-06-03T15:52:32.972+0530][80.818s] GC(614) Archive regions: 2->2
[2025-06-03T15:52:32.972+0530][80.818s] GC(614) Humongous regions: 0->0
[2025-06-03T15:52:32.972+0530][80.818s] GC(614) Metaspace: 20466K(20928K)->20466K(20928K) NonClass: 17880K(18112K)->17880K(18112K) Class: 2585K(2816K)->2585K(2816K)
[2025-06-03T15:52:32.972+0530][80.818s] GC(614) Pause Young (Normal) (G1 Evacuation Pause) 315M->9M(512M) 3.070ms
[2025-06-03T15:52:32.972+0530][80.818s] GC(614) User=0.00s Sys=0.00s Real=0.01s
[2025-06-03T15:52:33.108+0530][80.954s] GC(615) Pause Young (Normal) (G1 Evacuation Pause)
[2025-06-03T15:52:33.108+0530][80.954s] GC(615) Using 8 workers of 8 for evacuation
[2025-06-03T15:52:33.108+0530][80.955s] GC(615) Skipped phase 1 of Reference Processing: no references
[2025-06-03T15:52:33.108+0530][80.955s] GC(615) Skipped phase 2 of Reference Processing: no references
[2025-06-03T15:52:33.108+0530][80.955s] GC(615) Skipped phase 3 of Reference Processing: no references
[2025-06-03T15:52:33.108+0530][80.955s] GC(615) Skipped phase 4 of Reference Processing: no references
[2025-06-03T15:52:33.109+0530][80.955s] GC(615)   Pre Evacuate Collection Set: 0.1ms
[2025-06-03T15:52:33.109+0530][80.955s] GC(615)   Merge Heap Roots: 0.1ms
[2025-06-03T15:52:33.109+0530][80.955s] GC(615)   Evacuate Collection Set: 0.3ms
[2025-06-03T15:52:33.109+0530][80.955s] GC(615)   Post Evacuate Collection Set: 0.4ms
[2025-06-03T15:52:33.109+0530][80.955s] GC(615)   Other: 0.2ms
[2025-06-03T15:52:33.109+0530][80.955s] GC(615) Eden regions: 306->0(306)
[2025-06-03T15:52:33.109+0530][80.955s] GC(615) Survivor regions: 1->1(39)
[2025-06-03T15:52:33.109+0530][80.955s] GC(615) Old regions: 9->9
[2025-06-03T15:52:33.109+0530][80.955s] GC(615) Archive regions: 2->2
[2025-06-03T15:52:33.109+0530][80.955s] GC(615) Humongous regions: 0->0
[2025-06-03T15:52:33.109+0530][80.955s] GC(615) Metaspace: 20466K(20928K)->20466K(20928K) NonClass: 17880K(18112K)->17880K(18112K) Class: 2585K(2816K)->2585K(2816K)
[2025-06-03T15:52:33.109+0530][80.955s] GC(615) Pause Young (Normal) (G1 Evacuation Pause) 315M->9M(512M) 1.195ms
[2025-06-03T15:52:33.109+0530][80.955s] GC(615) User=0.01s Sys=0.00s Real=0.00s
[2025-06-03T15:52:33.272+0530][81.118s] GC(616) Pause Young (Normal) (G1 Evacuation Pause)
[2025-06-03T15:52:33.272+0530][81.118s] GC(616) Using 8 workers of 8 for evacuation
[2025-06-03T15:52:33.273+0530][81.119s] GC(616) Skipped phase 1 of Reference Processing: no references
[2025-06-03T15:52:33.273+0530][81.119s] GC(616) Skipped phase 2 of Reference Processing: no references
[2025-06-03T15:52:33.273+0530][81.119s] GC(616) Skipped phase 3 of Reference Processing: no references
[2025-06-03T15:52:33.273+0530][81.119s] GC(616) Skipped phase 4 of Reference Processing: no references
[2025-06-03T15:52:33.273+0530][81.120s] GC(616)   Pre Evacuate Collection Set: 0.1ms
[2025-06-03T15:52:33.273+0530][81.120s] GC(616)   Merge Heap Roots: 0.1ms
[2025-06-03T15:52:33.273+0530][81.120s] GC(616)   Evacuate Collection Set: 0.3ms
[2025-06-03T15:52:33.273+0530][81.120s] GC(616)   Post Evacuate Collection Set: 0.6ms
[2025-06-03T15:52:33.273+0530][81.120s] GC(616)   Other: 0.2ms
[2025-06-03T15:52:33.273+0530][81.120s] GC(616) Eden regions: 306->0(306)
[2025-06-03T15:52:33.273+0530][81.120s] GC(616) Survivor regions: 1->1(39)
[2025-06-03T15:52:33.274+0530][81.120s] GC(616) Old regions: 9->9
[2025-06-03T15:52:33.274+0530][81.120s] GC(616) Archive regions: 2->2
[2025-06-03T15:52:33.274+0530][81.120s] GC(616) Humongous regions: 0->0
[2025-06-03T15:52:33.274+0530][81.120s] GC(616) Metaspace: 20479K(20992K)->20479K(20992K) NonClass: 17893K(18176K)->17893K(18176K) Class: 2585K(2816K)->2585K(2816K)
[2025-06-03T15:52:33.274+0530][81.120s] GC(616) Pause Young (Normal) (G1 Evacuation Pause) 315M->9M(512M) 1.552ms
[2025-06-03T15:52:33.274+0530][81.120s] GC(616) User=0.01s Sys=0.00s Real=0.00s
[2025-06-03T15:52:33.435+0530][81.281s] GC(617) Pause Young (Normal) (G1 Evacuation Pause)
[2025-06-03T15:52:33.435+0530][81.281s] GC(617) Using 8 workers of 8 for evacuation
[2025-06-03T15:52:33.435+0530][81.282s] GC(617) Skipped phase 1 of Reference Processing: no references
[2025-06-03T15:52:33.435+0530][81.282s] GC(617) Skipped phase 2 of Reference Processing: no references
[2025-06-03T15:52:33.435+0530][81.282s] GC(617) Skipped phase 3 of Reference Processing: no references
[2025-06-03T15:52:33.435+0530][81.282s] GC(617) Skipped phase 4 of Reference Processing: no references
[2025-06-03T15:52:33.436+0530][81.282s] GC(617)   Pre Evacuate Collection Set: 0.1ms
[2025-06-03T15:52:33.436+0530][81.282s] GC(617)   Merge Heap Roots: 0.1ms
[2025-06-03T15:52:33.436+0530][81.282s] GC(617)   Evacuate Collection Set: 0.3ms
[2025-06-03T15:52:33.436+0530][81.282s] GC(617)   Post Evacuate Collection Set: 0.5ms
[2025-06-03T15:52:33.436+0530][81.282s] GC(617)   Other: 0.2ms
[2025-06-03T15:52:33.436+0530][81.282s] GC(617) Eden regions: 306->0(306)
[2025-06-03T15:52:33.436+0530][81.282s] GC(617) Survivor regions: 1->1(39)
[2025-06-03T15:52:33.436+0530][81.282s] GC(617) Old regions: 9->9
[2025-06-03T15:52:33.436+0530][81.282s] GC(617) Archive regions: 2->2
[2025-06-03T15:52:33.436+0530][81.283s] GC(617) Humongous regions: 0->0
[2025-06-03T15:52:33.436+0530][81.283s] GC(617) Metaspace: 20479K(20992K)->20479K(20992K) NonClass: 17893K(18176K)->17893K(18176K) Class: 2585K(2816K)->2585K(2816K)
[2025-06-03T15:52:33.436+0530][81.283s] GC(617) Pause Young (Normal) (G1 Evacuation Pause) 315M->9M(512M) 1.445ms
[2025-06-03T15:52:33.436+0530][81.283s] GC(617) User=0.00s Sys=0.00s Real=0.00s
[2025-06-03T15:52:33.602+0530][81.448s] GC(618) Pause Young (Normal) (G1 Evacuation Pause)
[2025-06-03T15:52:33.602+0530][81.448s] GC(618) Using 8 workers of 8 for evacuation
[2025-06-03T15:52:33.603+0530][81.449s] GC(618) Skipped phase 1 of Reference Processing: no references
[2025-06-03T15:52:33.603+0530][81.449s] GC(618) Skipped phase 2 of Reference Processing: no references
[2025-06-03T15:52:33.603+0530][81.449s] GC(618) Skipped phase 3 of Reference Processing: no references
[2025-06-03T15:52:33.603+0530][81.449s] GC(618) Skipped phase 4 of Reference Processing: no references
[2025-06-03T15:52:33.603+0530][81.449s] GC(618)   Pre Evacuate Collection Set: 0.1ms
[2025-06-03T15:52:33.603+0530][81.449s] GC(618)   Merge Heap Roots: 0.1ms
[2025-06-03T15:52:33.603+0530][81.449s] GC(618)   Evacuate Collection Set: 0.2ms
[2025-06-03T15:52:33.603+0530][81.449s] GC(618)   Post Evacuate Collection Set: 0.4ms
[2025-06-03T15:52:33.603+0530][81.449s] GC(618)   Other: 0.2ms
[2025-06-03T15:52:33.603+0530][81.449s] GC(618) Eden regions: 306->0(306)
[2025-06-03T15:52:33.603+0530][81.449s] GC(618) Survivor regions: 1->1(39)
[2025-06-03T15:52:33.603+0530][81.449s] GC(618) Old regions: 9->9
[2025-06-03T15:52:33.603+0530][81.449s] GC(618) Archive regions: 2->2
[2025-06-03T15:52:33.603+0530][81.449s] GC(618) Humongous regions: 0->0
[2025-06-03T15:52:33.603+0530][81.449s] GC(618) Metaspace: 20479K(20992K)->20479K(20992K) NonClass: 17893K(18176K)->17893K(18176K) Class: 2585K(2816K)->2585K(2816K)
[2025-06-03T15:52:33.603+0530][81.450s] GC(618) Pause Young (Normal) (G1 Evacuation Pause) 315M->9M(512M) 1.164ms
[2025-06-03T15:52:33.603+0530][81.450s] GC(618) User=0.01s Sys=0.00s Real=0.00s
[2025-06-03T15:52:33.778+0530][81.624s] GC(619) Pause Young (Normal) (G1 Evacuation Pause)
[2025-06-03T15:52:33.778+0530][81.624s] GC(619) Using 8 workers of 8 for evacuation
[2025-06-03T15:52:33.778+0530][81.625s] GC(619) Skipped phase 1 of Reference Processing: no references
[2025-06-03T15:52:33.778+0530][81.625s] GC(619) Skipped phase 2 of Reference Processing: no references
[2025-06-03T15:52:33.778+0530][81.625s] GC(619) Skipped phase 3 of Reference Processing: no references
[2025-06-03T15:52:33.778+0530][81.625s] GC(619) Skipped phase 4 of Reference Processing: no references
[2025-06-03T15:52:33.779+0530][81.625s] GC(619)   Pre Evacuate Collection Set: 0.1ms
[2025-06-03T15:52:33.779+0530][81.625s] GC(619)   Merge Heap Roots: 0.1ms
[2025-06-03T15:52:33.779+0530][81.625s] GC(619)   Evacuate Collection Set: 0.2ms
[2025-06-03T15:52:33.779+0530][81.625s] GC(619)   Post Evacuate Collection Set: 0.4ms
[2025-06-03T15:52:33.779+0530][81.625s] GC(619)   Other: 0.2ms
[2025-06-03T15:52:33.779+0530][81.625s] GC(619) Eden regions: 306->0(306)
[2025-06-03T15:52:33.779+0530][81.625s] GC(619) Survivor regions: 1->1(39)
[2025-06-03T15:52:33.779+0530][81.625s] GC(619) Old regions: 9->9
[2025-06-03T15:52:33.779+0530][81.625s] GC(619) Archive regions: 2->2
[2025-06-03T15:52:33.779+0530][81.625s] GC(619) Humongous regions: 0->0
[2025-06-03T15:52:33.779+0530][81.625s] GC(619) Metaspace: 20479K(20992K)->20479K(20992K) NonClass: 17893K(18176K)->17893K(18176K) Class: 2585K(2816K)->2585K(2816K)
[2025-06-03T15:52:33.779+0530][81.625s] GC(619) Pause Young (Normal) (G1 Evacuation Pause) 315M->9M(512M) 1.177ms
[2025-06-03T15:52:33.779+0530][81.625s] GC(619) User=0.01s Sys=0.00s Real=0.00s
[2025-06-03T15:52:33.932+0530][81.778s] GC(620) Pause Young (Normal) (G1 Evacuation Pause)
[2025-06-03T15:52:33.932+0530][81.779s] GC(620) Using 8 workers of 8 for evacuation
[2025-06-03T15:52:33.933+0530][81.779s] GC(620) Skipped phase 1 of Reference Processing: no references
[2025-06-03T15:52:33.933+0530][81.779s] GC(620) Skipped phase 2 of Reference Processing: no references
[2025-06-03T15:52:33.933+0530][81.779s] GC(620) Skipped phase 3 of Reference Processing: no references
[2025-06-03T15:52:33.933+0530][81.779s] GC(620) Skipped phase 4 of Reference Processing: no references
[2025-06-03T15:52:33.933+0530][81.780s] GC(620)   Pre Evacuate Collection Set: 0.1ms
[2025-06-03T15:52:33.934+0530][81.780s] GC(620)   Merge Heap Roots: 0.1ms
[2025-06-03T15:52:33.934+0530][81.780s] GC(620)   Evacuate Collection Set: 0.5ms
[2025-06-03T15:52:33.934+0530][81.780s] GC(620)   Post Evacuate Collection Set: 0.4ms
[2025-06-03T15:52:33.934+0530][81.780s] GC(620)   Other: 0.3ms
[2025-06-03T15:52:33.934+0530][81.780s] GC(620) Eden regions: 306->0(306)
[2025-06-03T15:52:33.934+0530][81.780s] GC(620) Survivor regions: 1->1(39)
[2025-06-03T15:52:33.934+0530][81.780s] GC(620) Old regions: 9->9
[2025-06-03T15:52:33.934+0530][81.780s] GC(620) Archive regions: 2->2
[2025-06-03T15:52:33.934+0530][81.780s] GC(620) Humongous regions: 0->0
[2025-06-03T15:52:33.934+0530][81.780s] GC(620) Metaspace: 20479K(20992K)->20479K(20992K) NonClass: 17893K(18176K)->17893K(18176K) Class: 2585K(2816K)->2585K(2816K)
[2025-06-03T15:52:33.934+0530][81.780s] GC(620) Pause Young (Normal) (G1 Evacuation Pause) 315M->9M(512M) 1.547ms
[2025-06-03T15:52:33.934+0530][81.780s] GC(620) User=0.00s Sys=0.00s Real=0.00s
[2025-06-03T15:52:34.096+0530][81.942s] GC(621) Pause Young (Normal) (G1 Evacuation Pause)
[2025-06-03T15:52:34.096+0530][81.942s] GC(621) Using 8 workers of 8 for evacuation
[2025-06-03T15:52:34.096+0530][81.943s] GC(621) Skipped phase 1 of Reference Processing: no references
[2025-06-03T15:52:34.096+0530][81.943s] GC(621) Skipped phase 2 of Reference Processing: no references
[2025-06-03T15:52:34.096+0530][81.943s] GC(621) Skipped phase 3 of Reference Processing: no references
[2025-06-03T15:52:34.097+0530][81.943s] GC(621) Skipped phase 4 of Reference Processing: no references
[2025-06-03T15:52:34.097+0530][81.943s] GC(621)   Pre Evacuate Collection Set: 0.1ms
[2025-06-03T15:52:34.097+0530][81.943s] GC(621)   Merge Heap Roots: 0.1ms
[2025-06-03T15:52:34.097+0530][81.943s] GC(621)   Evacuate Collection Set: 0.3ms
[2025-06-03T15:52:34.097+0530][81.943s] GC(621)   Post Evacuate Collection Set: 0.5ms
[2025-06-03T15:52:34.097+0530][81.943s] GC(621)   Other: 0.2ms
[2025-06-03T15:52:34.097+0530][81.943s] GC(621) Eden regions: 306->0(306)
[2025-06-03T15:52:34.097+0530][81.943s] GC(621) Survivor regions: 1->1(39)
[2025-06-03T15:52:34.097+0530][81.943s] GC(621) Old regions: 9->9
[2025-06-03T15:52:34.097+0530][81.943s] GC(621) Archive regions: 2->2
[2025-06-03T15:52:34.097+0530][81.943s] GC(621) Humongous regions: 0->0
[2025-06-03T15:52:34.097+0530][81.944s] GC(621) Metaspace: 20479K(20992K)->20479K(20992K) NonClass: 17893K(18176K)->17893K(18176K) Class: 2585K(2816K)->2585K(2816K)
[2025-06-03T15:52:34.097+0530][81.944s] GC(621) Pause Young (Normal) (G1 Evacuation Pause) 315M->9M(512M) 1.321ms
[2025-06-03T15:52:34.097+0530][81.944s] GC(621) User=0.00s Sys=0.00s Real=0.00s
[2025-06-03T15:52:34.384+0530][82.230s] GC(622) Pause Young (Normal) (G1 Evacuation Pause)
[2025-06-03T15:52:34.384+0530][82.230s] GC(622) Using 8 workers of 8 for evacuation
[2025-06-03T15:52:34.384+0530][82.231s] GC(622) Skipped phase 1 of Reference Processing: no references
[2025-06-03T15:52:34.384+0530][82.231s] GC(622) Skipped phase 2 of Reference Processing: no references
[2025-06-03T15:52:34.384+0530][82.231s] GC(622) Skipped phase 3 of Reference Processing: no references
[2025-06-03T15:52:34.384+0530][82.231s] GC(622) Skipped phase 4 of Reference Processing: no references
[2025-06-03T15:52:34.385+0530][82.231s] GC(622)   Pre Evacuate Collection Set: 0.1ms
[2025-06-03T15:52:34.385+0530][82.231s] GC(622)   Merge Heap Roots: 0.1ms
[2025-06-03T15:52:34.385+0530][82.231s] GC(622)   Evacuate Collection Set: 0.2ms
[2025-06-03T15:52:34.385+0530][82.231s] GC(622)   Post Evacuate Collection Set: 0.4ms
[2025-06-03T15:52:34.385+0530][82.231s] GC(622)   Other: 0.3ms
[2025-06-03T15:52:34.385+0530][82.231s] GC(622) Eden regions: 306->0(306)
[2025-06-03T15:52:34.385+0530][82.231s] GC(622) Survivor regions: 1->1(39)
[2025-06-03T15:52:34.385+0530][82.231s] GC(622) Old regions: 9->9
[2025-06-03T15:52:34.385+0530][82.231s] GC(622) Archive regions: 2->2
[2025-06-03T15:52:34.385+0530][82.231s] GC(622) Humongous regions: 0->0
[2025-06-03T15:52:34.385+0530][82.231s] GC(622) Metaspace: 20479K(20992K)->20479K(20992K) NonClass: 17894K(18176K)->17894K(18176K) Class: 2585K(2816K)->2585K(2816K)
[2025-06-03T15:52:34.385+0530][82.231s] GC(622) Pause Young (Normal) (G1 Evacuation Pause) 315M->9M(512M) 1.275ms
[2025-06-03T15:52:34.385+0530][82.231s] GC(622) User=0.00s Sys=0.00s Real=0.00s
[2025-06-03T15:52:34.555+0530][82.402s] GC(623) Pause Young (Normal) (G1 Evacuation Pause)
[2025-06-03T15:52:34.555+0530][82.402s] GC(623) Using 8 workers of 8 for evacuation
[2025-06-03T15:52:34.556+0530][82.402s] GC(623) Skipped phase 1 of Reference Processing: no references
[2025-06-03T15:52:34.556+0530][82.402s] GC(623) Skipped phase 2 of Reference Processing: no references
[2025-06-03T15:52:34.556+0530][82.402s] GC(623) Skipped phase 3 of Reference Processing: no references
[2025-06-03T15:52:34.556+0530][82.402s] GC(623) Skipped phase 4 of Reference Processing: no references
[2025-06-03T15:52:34.556+0530][82.403s] GC(623)   Pre Evacuate Collection Set: 0.1ms
[2025-06-03T15:52:34.556+0530][82.403s] GC(623)   Merge Heap Roots: 0.1ms
[2025-06-03T15:52:34.556+0530][82.403s] GC(623)   Evacuate Collection Set: 0.3ms
[2025-06-03T15:52:34.556+0530][82.403s] GC(623)   Post Evacuate Collection Set: 0.5ms
[2025-06-03T15:52:34.556+0530][82.403s] GC(623)   Other: 0.2ms
[2025-06-03T15:52:34.557+0530][82.403s] GC(623) Eden regions: 306->0(306)
[2025-06-03T15:52:34.557+0530][82.403s] GC(623) Survivor regions: 1->1(39)
[2025-06-03T15:52:34.557+0530][82.403s] GC(623) Old regions: 9->9
[2025-06-03T15:52:34.557+0530][82.403s] GC(623) Archive regions: 2->2
[2025-06-03T15:52:34.557+0530][82.403s] GC(623) Humongous regions: 0->0
[2025-06-03T15:52:34.557+0530][82.403s] GC(623) Metaspace: 20479K(20992K)->20479K(20992K) NonClass: 17894K(18176K)->17894K(18176K) Class: 2585K(2816K)->2585K(2816K)
[2025-06-03T15:52:34.557+0530][82.403s] GC(623) Pause Young (Normal) (G1 Evacuation Pause) 315M->9M(512M) 1.570ms
[2025-06-03T15:52:34.557+0530][82.403s] GC(623) User=0.00s Sys=0.00s Real=0.00s
[2025-06-03T15:52:34.726+0530][82.572s] GC(624) Pause Young (Normal) (G1 Evacuation Pause)
[2025-06-03T15:52:34.726+0530][82.572s] GC(624) Using 8 workers of 8 for evacuation
[2025-06-03T15:52:34.726+0530][82.573s] GC(624) Skipped phase 1 of Reference Processing: no references
[2025-06-03T15:52:34.726+0530][82.573s] GC(624) Skipped phase 2 of Reference Processing: no references
[2025-06-03T15:52:34.726+0530][82.573s] GC(624) Skipped phase 3 of Reference Processing: no references
[2025-06-03T15:52:34.726+0530][82.573s] GC(624) Skipped phase 4 of Reference Processing: no references
[2025-06-03T15:52:34.727+0530][82.573s] GC(624)   Pre Evacuate Collection Set: 0.1ms
[2025-06-03T15:52:34.727+0530][82.573s] GC(624)   Merge Heap Roots: 0.1ms
[2025-06-03T15:52:34.727+0530][82.573s] GC(624)   Evacuate Collection Set: 0.2ms
[2025-06-03T15:52:34.727+0530][82.573s] GC(624)   Post Evacuate Collection Set: 0.4ms
[2025-06-03T15:52:34.727+0530][82.573s] GC(624)   Other: 0.2ms
[2025-06-03T15:52:34.727+0530][82.573s] GC(624) Eden regions: 306->0(306)
[2025-06-03T15:52:34.727+0530][82.573s] GC(624) Survivor regions: 1->1(39)
[2025-06-03T15:52:34.727+0530][82.573s] GC(624) Old regions: 9->9
[2025-06-03T15:52:34.727+0530][82.573s] GC(624) Archive regions: 2->2
[2025-06-03T15:52:34.727+0530][82.573s] GC(624) Humongous regions: 0->0
[2025-06-03T15:52:34.727+0530][82.573s] GC(624) Metaspace: 20479K(20992K)->20479K(20992K) NonClass: 17894K(18176K)->17894K(18176K) Class: 2585K(2816K)->2585K(2816K)
[2025-06-03T15:52:34.727+0530][82.573s] GC(624) Pause Young (Normal) (G1 Evacuation Pause) 315M->9M(512M) 1.197ms
[2025-06-03T15:52:34.727+0530][82.573s] GC(624) User=0.00s Sys=0.00s Real=0.00s
[2025-06-03T15:52:34.896+0530][82.742s] GC(625) Pause Young (Normal) (G1 Evacuation Pause)
[2025-06-03T15:52:34.896+0530][82.743s] GC(625) Using 8 workers of 8 for evacuation
[2025-06-03T15:52:34.897+0530][82.743s] GC(625) Skipped phase 1 of Reference Processing: no references
[2025-06-03T15:52:34.897+0530][82.743s] GC(625) Skipped phase 2 of Reference Processing: no references
[2025-06-03T15:52:34.897+0530][82.743s] GC(625) Skipped phase 3 of Reference Processing: no references
[2025-06-03T15:52:34.897+0530][82.743s] GC(625) Skipped phase 4 of Reference Processing: no references
[2025-06-03T15:52:34.897+0530][82.743s] GC(625)   Pre Evacuate Collection Set: 0.1ms
[2025-06-03T15:52:34.897+0530][82.743s] GC(625)   Merge Heap Roots: 0.1ms
[2025-06-03T15:52:34.897+0530][82.743s] GC(625)   Evacuate Collection Set: 0.2ms
[2025-06-03T15:52:34.897+0530][82.743s] GC(625)   Post Evacuate Collection Set: 0.4ms
[2025-06-03T15:52:34.897+0530][82.744s] GC(625)   Other: 0.2ms
[2025-06-03T15:52:34.897+0530][82.744s] GC(625) Eden regions: 306->0(306)
[2025-06-03T15:52:34.897+0530][82.744s] GC(625) Survivor regions: 1->1(39)
[2025-06-03T15:52:34.897+0530][82.744s] GC(625) Old regions: 9->9
[2025-06-03T15:52:34.897+0530][82.744s] GC(625) Archive regions: 2->2
[2025-06-03T15:52:34.897+0530][82.744s] GC(625) Humongous regions: 0->0
[2025-06-03T15:52:34.897+0530][82.744s] GC(625) Metaspace: 20479K(20992K)->20479K(20992K) NonClass: 17894K(18176K)->17894K(18176K) Class: 2585K(2816K)->2585K(2816K)
[2025-06-03T15:52:34.897+0530][82.744s] GC(625) Pause Young (Normal) (G1 Evacuation Pause) 315M->9M(512M) 1.148ms
[2025-06-03T15:52:34.897+0530][82.744s] GC(625) User=0.00s Sys=0.00s Real=0.00s
[2025-06-03T15:52:35.049+0530][82.895s] GC(626) Pause Young (Normal) (G1 Evacuation Pause)
[2025-06-03T15:52:35.049+0530][82.896s] GC(626) Using 8 workers of 8 for evacuation
[2025-06-03T15:52:35.050+0530][82.896s] GC(626) Skipped phase 1 of Reference Processing: no references
[2025-06-03T15:52:35.050+0530][82.896s] GC(626) Skipped phase 2 of Reference Processing: no references
[2025-06-03T15:52:35.050+0530][82.897s] GC(626) Skipped phase 3 of Reference Processing: no references
[2025-06-03T15:52:35.050+0530][82.897s] GC(626) Skipped phase 4 of Reference Processing: no references
[2025-06-03T15:52:35.051+0530][82.897s] GC(626)   Pre Evacuate Collection Set: 0.1ms
[2025-06-03T15:52:35.051+0530][82.897s] GC(626)   Merge Heap Roots: 0.1ms
[2025-06-03T15:52:35.051+0530][82.897s] GC(626)   Evacuate Collection Set: 0.5ms
[2025-06-03T15:52:35.051+0530][82.897s] GC(626)   Post Evacuate Collection Set: 0.6ms
[2025-06-03T15:52:35.051+0530][82.897s] GC(626)   Other: 0.4ms
[2025-06-03T15:52:35.051+0530][82.897s] GC(626) Eden regions: 306->0(306)
[2025-06-03T15:52:35.051+0530][82.897s] GC(626) Survivor regions: 1->1(39)
[2025-06-03T15:52:35.051+0530][82.897s] GC(626) Old regions: 9->9
[2025-06-03T15:52:35.051+0530][82.897s] GC(626) Archive regions: 2->2
[2025-06-03T15:52:35.051+0530][82.897s] GC(626) Humongous regions: 0->0
[2025-06-03T15:52:35.051+0530][82.897s] GC(626) Metaspace: 20479K(20992K)->20479K(20992K) NonClass: 17894K(18176K)->17894K(18176K) Class: 2585K(2816K)->2585K(2816K)
[2025-06-03T15:52:35.051+0530][82.897s] GC(626) Pause Young (Normal) (G1 Evacuation Pause) 315M->9M(512M) 1.811ms
[2025-06-03T15:52:35.051+0530][82.897s] GC(626) User=0.00s Sys=0.00s Real=0.01s
[2025-06-03T15:52:35.206+0530][83.052s] GC(627) Pause Young (Normal) (G1 Evacuation Pause)
[2025-06-03T15:52:35.206+0530][83.052s] GC(627) Using 8 workers of 8 for evacuation
[2025-06-03T15:52:35.206+0530][83.053s] GC(627) Skipped phase 1 of Reference Processing: no references
[2025-06-03T15:52:35.206+0530][83.053s] GC(627) Skipped phase 2 of Reference Processing: no references
[2025-06-03T15:52:35.206+0530][83.053s] GC(627) Skipped phase 3 of Reference Processing: no references
[2025-06-03T15:52:35.206+0530][83.053s] GC(627) Skipped phase 4 of Reference Processing: no references
[2025-06-03T15:52:35.207+0530][83.053s] GC(627)   Pre Evacuate Collection Set: 0.1ms
[2025-06-03T15:52:35.207+0530][83.053s] GC(627)   Merge Heap Roots: 0.1ms
[2025-06-03T15:52:35.207+0530][83.053s] GC(627)   Evacuate Collection Set: 0.3ms
[2025-06-03T15:52:35.207+0530][83.053s] GC(627)   Post Evacuate Collection Set: 0.4ms
[2025-06-03T15:52:35.207+0530][83.053s] GC(627)   Other: 0.2ms
[2025-06-03T15:52:35.207+0530][83.053s] GC(627) Eden regions: 306->0(306)
[2025-06-03T15:52:35.207+0530][83.053s] GC(627) Survivor regions: 1->1(39)
[2025-06-03T15:52:35.207+0530][83.053s] GC(627) Old regions: 9->9
[2025-06-03T15:52:35.207+0530][83.053s] GC(627) Archive regions: 2->2
[2025-06-03T15:52:35.207+0530][83.053s] GC(627) Humongous regions: 0->0
[2025-06-03T15:52:35.207+0530][83.053s] GC(627) Metaspace: 20479K(20992K)->20479K(20992K) NonClass: 17894K(18176K)->17894K(18176K) Class: 2585K(2816K)->2585K(2816K)
[2025-06-03T15:52:35.207+0530][83.053s] GC(627) Pause Young (Normal) (G1 Evacuation Pause) 315M->9M(512M) 1.168ms
[2025-06-03T15:52:35.207+0530][83.053s] GC(627) User=0.00s Sys=0.01s Real=0.00s
[2025-06-03T15:52:35.364+0530][83.210s] GC(628) Pause Young (Normal) (G1 Evacuation Pause)
[2025-06-03T15:52:35.364+0530][83.210s] GC(628) Using 8 workers of 8 for evacuation
[2025-06-03T15:52:35.364+0530][83.211s] GC(628) Skipped phase 1 of Reference Processing: no references
[2025-06-03T15:52:35.364+0530][83.211s] GC(628) Skipped phase 2 of Reference Processing: no references
[2025-06-03T15:52:35.364+0530][83.211s] GC(628) Skipped phase 3 of Reference Processing: no references
[2025-06-03T15:52:35.364+0530][83.211s] GC(628) Skipped phase 4 of Reference Processing: no references
[2025-06-03T15:52:35.365+0530][83.211s] GC(628)   Pre Evacuate Collection Set: 0.1ms
[2025-06-03T15:52:35.365+0530][83.211s] GC(628)   Merge Heap Roots: 0.1ms
[2025-06-03T15:52:35.365+0530][83.211s] GC(628)   Evacuate Collection Set: 0.3ms
[2025-06-03T15:52:35.365+0530][83.211s] GC(628)   Post Evacuate Collection Set: 0.6ms
[2025-06-03T15:52:35.365+0530][83.211s] GC(628)   Other: 0.2ms
[2025-06-03T15:52:35.365+0530][83.212s] GC(628) Eden regions: 306->0(306)
[2025-06-03T15:52:35.365+0530][83.212s] GC(628) Survivor regions: 1->1(39)
[2025-06-03T15:52:35.365+0530][83.212s] GC(628) Old regions: 9->9
[2025-06-03T15:52:35.365+0530][83.212s] GC(628) Archive regions: 2->2
[2025-06-03T15:52:35.365+0530][83.212s] GC(628) Humongous regions: 0->0
[2025-06-03T15:52:35.365+0530][83.212s] GC(628) Metaspace: 20479K(20992K)->20479K(20992K) NonClass: 17894K(18176K)->17894K(18176K) Class: 2585K(2816K)->2585K(2816K)
[2025-06-03T15:52:35.365+0530][83.212s] GC(628) Pause Young (Normal) (G1 Evacuation Pause) 315M->9M(512M) 1.709ms
[2025-06-03T15:52:35.365+0530][83.212s] GC(628) User=0.00s Sys=0.00s Real=0.00s
[2025-06-03T15:52:35.551+0530][83.398s] GC(629) Pause Young (Normal) (G1 Evacuation Pause)
[2025-06-03T15:52:35.551+0530][83.398s] GC(629) Using 8 workers of 8 for evacuation
[2025-06-03T15:52:35.552+0530][83.398s] GC(629) Skipped phase 1 of Reference Processing: no references
[2025-06-03T15:52:35.552+0530][83.398s] GC(629) Skipped phase 2 of Reference Processing: no references
[2025-06-03T15:52:35.552+0530][83.398s] GC(629) Skipped phase 3 of Reference Processing: no references
[2025-06-03T15:52:35.552+0530][83.398s] GC(629) Skipped phase 4 of Reference Processing: no references
[2025-06-03T15:52:35.552+0530][83.398s] GC(629)   Pre Evacuate Collection Set: 0.1ms
[2025-06-03T15:52:35.552+0530][83.398s] GC(629)   Merge Heap Roots: 0.1ms
[2025-06-03T15:52:35.552+0530][83.398s] GC(629)   Evacuate Collection Set: 0.2ms
[2025-06-03T15:52:35.552+0530][83.399s] GC(629)   Post Evacuate Collection Set: 0.4ms
[2025-06-03T15:52:35.552+0530][83.399s] GC(629)   Other: 0.2ms
[2025-06-03T15:52:35.552+0530][83.399s] GC(629) Eden regions: 306->0(306)
[2025-06-03T15:52:35.552+0530][83.399s] GC(629) Survivor regions: 1->1(39)
[2025-06-03T15:52:35.552+0530][83.399s] GC(629) Old regions: 9->9
[2025-06-03T15:52:35.552+0530][83.399s] GC(629) Archive regions: 2->2
[2025-06-03T15:52:35.552+0530][83.399s] GC(629) Humongous regions: 0->0
[2025-06-03T15:52:35.552+0530][83.399s] GC(629) Metaspace: 20479K(20992K)->20479K(20992K) NonClass: 17894K(18176K)->17894K(18176K) Class: 2585K(2816K)->2585K(2816K)
[2025-06-03T15:52:35.552+0530][83.399s] GC(629) Pause Young (Normal) (G1 Evacuation Pause) 315M->9M(512M) 1.132ms
[2025-06-03T15:52:35.552+0530][83.399s] GC(629) User=0.00s Sys=0.00s Real=0.00s
[2025-06-03T15:52:35.719+0530][83.565s] GC(630) Pause Young (Normal) (G1 Evacuation Pause)
[2025-06-03T15:52:35.719+0530][83.565s] GC(630) Using 8 workers of 8 for evacuation
[2025-06-03T15:52:35.720+0530][83.566s] GC(630) Skipped phase 1 of Reference Processing: no references
[2025-06-03T15:52:35.720+0530][83.566s] GC(630) Skipped phase 2 of Reference Processing: no references
[2025-06-03T15:52:35.720+0530][83.566s] GC(630) Skipped phase 3 of Reference Processing: no references
[2025-06-03T15:52:35.720+0530][83.566s] GC(630) Skipped phase 4 of Reference Processing: no references
[2025-06-03T15:52:35.721+0530][83.567s] GC(630)   Pre Evacuate Collection Set: 0.1ms
[2025-06-03T15:52:35.721+0530][83.567s] GC(630)   Merge Heap Roots: 0.2ms
[2025-06-03T15:52:35.721+0530][83.567s] GC(630)   Evacuate Collection Set: 0.6ms
[2025-06-03T15:52:35.721+0530][83.567s] GC(630)   Post Evacuate Collection Set: 0.7ms
[2025-06-03T15:52:35.721+0530][83.567s] GC(630)   Other: 0.2ms
[2025-06-03T15:52:35.721+0530][83.567s] GC(630) Eden regions: 306->0(306)
[2025-06-03T15:52:35.721+0530][83.567s] GC(630) Survivor regions: 1->1(39)
[2025-06-03T15:52:35.721+0530][83.567s] GC(630) Old regions: 9->9
[2025-06-03T15:52:35.721+0530][83.567s] GC(630) Archive regions: 2->2
[2025-06-03T15:52:35.721+0530][83.567s] GC(630) Humongous regions: 0->0
[2025-06-03T15:52:35.721+0530][83.567s] GC(630) Metaspace: 20479K(20992K)->20479K(20992K) NonClass: 17894K(18176K)->17894K(18176K) Class: 2585K(2816K)->2585K(2816K)
[2025-06-03T15:52:35.721+0530][83.567s] GC(630) Pause Young (Normal) (G1 Evacuation Pause) 315M->9M(512M) 1.891ms
[2025-06-03T15:52:35.721+0530][83.567s] GC(630) User=0.00s Sys=0.01s Real=0.01s
[2025-06-03T15:52:35.896+0530][83.743s] GC(631) Pause Young (Normal) (G1 Evacuation Pause)
[2025-06-03T15:52:35.896+0530][83.743s] GC(631) Using 8 workers of 8 for evacuation
[2025-06-03T15:52:35.897+0530][83.743s] GC(631) Skipped phase 1 of Reference Processing: no references
[2025-06-03T15:52:35.897+0530][83.743s] GC(631) Skipped phase 2 of Reference Processing: no references
[2025-06-03T15:52:35.897+0530][83.743s] GC(631) Skipped phase 3 of Reference Processing: no references
[2025-06-03T15:52:35.897+0530][83.744s] GC(631) Skipped phase 4 of Reference Processing: no references
[2025-06-03T15:52:35.898+0530][83.744s] GC(631)   Pre Evacuate Collection Set: 0.1ms
[2025-06-03T15:52:35.898+0530][83.744s] GC(631)   Merge Heap Roots: 0.1ms
[2025-06-03T15:52:35.898+0530][83.744s] GC(631)   Evacuate Collection Set: 0.3ms
[2025-06-03T15:52:35.898+0530][83.744s] GC(631)   Post Evacuate Collection Set: 0.8ms
[2025-06-03T15:52:35.898+0530][83.744s] GC(631)   Other: 0.3ms
[2025-06-03T15:52:35.898+0530][83.744s] GC(631) Eden regions: 306->0(306)
[2025-06-03T15:52:35.898+0530][83.744s] GC(631) Survivor regions: 1->1(39)
[2025-06-03T15:52:35.898+0530][83.744s] GC(631) Old regions: 9->9
[2025-06-03T15:52:35.898+0530][83.744s] GC(631) Archive regions: 2->2
[2025-06-03T15:52:35.898+0530][83.744s] GC(631) Humongous regions: 0->0
[2025-06-03T15:52:35.898+0530][83.744s] GC(631) Metaspace: 20479K(20992K)->20479K(20992K) NonClass: 17894K(18176K)->17894K(18176K) Class: 2585K(2816K)->2585K(2816K)
[2025-06-03T15:52:35.898+0530][83.744s] GC(631) Pause Young (Normal) (G1 Evacuation Pause) 315M->9M(512M) 1.745ms
[2025-06-03T15:52:35.898+0530][83.744s] GC(631) User=0.01s Sys=0.00s Real=0.00s
[2025-06-03T15:52:36.049+0530][83.895s] GC(632) Pause Young (Normal) (G1 Evacuation Pause)
[2025-06-03T15:52:36.049+0530][83.896s] GC(632) Using 8 workers of 8 for evacuation
[2025-06-03T15:52:36.050+0530][83.896s] GC(632) Skipped phase 1 of Reference Processing: no references
[2025-06-03T15:52:36.050+0530][83.896s] GC(632) Skipped phase 2 of Reference Processing: no references
[2025-06-03T15:52:36.050+0530][83.896s] GC(632) Skipped phase 3 of Reference Processing: no references
[2025-06-03T15:52:36.050+0530][83.896s] GC(632) Skipped phase 4 of Reference Processing: no references
[2025-06-03T15:52:36.050+0530][83.896s] GC(632)   Pre Evacuate Collection Set: 0.1ms
[2025-06-03T15:52:36.050+0530][83.896s] GC(632)   Merge Heap Roots: 0.1ms
[2025-06-03T15:52:36.050+0530][83.897s] GC(632)   Evacuate Collection Set: 0.2ms
[2025-06-03T15:52:36.050+0530][83.897s] GC(632)   Post Evacuate Collection Set: 0.5ms
[2025-06-03T15:52:36.050+0530][83.897s] GC(632)   Other: 0.2ms
[2025-06-03T15:52:36.050+0530][83.897s] GC(632) Eden regions: 306->0(306)
[2025-06-03T15:52:36.050+0530][83.897s] GC(632) Survivor regions: 1->1(39)
[2025-06-03T15:52:36.050+0530][83.897s] GC(632) Old regions: 9->9
[2025-06-03T15:52:36.050+0530][83.897s] GC(632) Archive regions: 2->2
[2025-06-03T15:52:36.050+0530][83.897s] GC(632) Humongous regions: 0->0
[2025-06-03T15:52:36.050+0530][83.897s] GC(632) Metaspace: 20479K(20992K)->20479K(20992K) NonClass: 17894K(18176K)->17894K(18176K) Class: 2585K(2816K)->2585K(2816K)
[2025-06-03T15:52:36.050+0530][83.897s] GC(632) Pause Young (Normal) (G1 Evacuation Pause) 315M->9M(512M) 1.213ms
[2025-06-03T15:52:36.050+0530][83.897s] GC(632) User=0.00s Sys=0.00s Real=0.01s
[2025-06-03T15:52:36.197+0530][84.043s] GC(633) Pause Young (Normal) (G1 Evacuation Pause)
[2025-06-03T15:52:36.197+0530][84.043s] GC(633) Using 8 workers of 8 for evacuation
[2025-06-03T15:52:36.197+0530][84.044s] GC(633) Skipped phase 1 of Reference Processing: no references
[2025-06-03T15:52:36.197+0530][84.044s] GC(633) Skipped phase 2 of Reference Processing: no references
[2025-06-03T15:52:36.197+0530][84.044s] GC(633) Skipped phase 3 of Reference Processing: no references
[2025-06-03T15:52:36.197+0530][84.044s] GC(633) Skipped phase 4 of Reference Processing: no references
[2025-06-03T15:52:36.198+0530][84.044s] GC(633)   Pre Evacuate Collection Set: 0.1ms
[2025-06-03T15:52:36.198+0530][84.044s] GC(633)   Merge Heap Roots: 0.1ms
[2025-06-03T15:52:36.198+0530][84.044s] GC(633)   Evacuate Collection Set: 0.2ms
[2025-06-03T15:52:36.198+0530][84.044s] GC(633)   Post Evacuate Collection Set: 0.5ms
[2025-06-03T15:52:36.198+0530][84.044s] GC(633)   Other: 0.2ms
[2025-06-03T15:52:36.198+0530][84.044s] GC(633) Eden regions: 306->0(306)
[2025-06-03T15:52:36.198+0530][84.044s] GC(633) Survivor regions: 1->1(39)
[2025-06-03T15:52:36.198+0530][84.044s] GC(633) Old regions: 9->9
[2025-06-03T15:52:36.198+0530][84.044s] GC(633) Archive regions: 2->2
[2025-06-03T15:52:36.198+0530][84.044s] GC(633) Humongous regions: 0->0
[2025-06-03T15:52:36.198+0530][84.044s] GC(633) Metaspace: 20479K(20992K)->20479K(20992K) NonClass: 17894K(18176K)->17894K(18176K) Class: 2585K(2816K)->2585K(2816K)
[2025-06-03T15:52:36.198+0530][84.045s] GC(633) Pause Young (Normal) (G1 Evacuation Pause) 315M->9M(512M) 1.444ms
[2025-06-03T15:52:36.198+0530][84.045s] GC(633) User=0.00s Sys=0.00s Real=0.00s
[2025-06-03T15:52:36.363+0530][84.209s] GC(634) Pause Young (Normal) (G1 Evacuation Pause)
[2025-06-03T15:52:36.363+0530][84.209s] GC(634) Using 8 workers of 8 for evacuation
[2025-06-03T15:52:36.363+0530][84.210s] GC(634) Skipped phase 1 of Reference Processing: no references
[2025-06-03T15:52:36.364+0530][84.210s] GC(634) Skipped phase 2 of Reference Processing: no references
[2025-06-03T15:52:36.364+0530][84.210s] GC(634) Skipped phase 3 of Reference Processing: no references
[2025-06-03T15:52:36.364+0530][84.210s] GC(634) Skipped phase 4 of Reference Processing: no references
[2025-06-03T15:52:36.364+0530][84.210s] GC(634)   Pre Evacuate Collection Set: 0.1ms
[2025-06-03T15:52:36.364+0530][84.210s] GC(634)   Merge Heap Roots: 0.1ms
[2025-06-03T15:52:36.364+0530][84.210s] GC(634)   Evacuate Collection Set: 0.3ms
[2025-06-03T15:52:36.364+0530][84.210s] GC(634)   Post Evacuate Collection Set: 0.4ms
[2025-06-03T15:52:36.364+0530][84.210s] GC(634)   Other: 0.2ms
[2025-06-03T15:52:36.364+0530][84.210s] GC(634) Eden regions: 306->0(306)
[2025-06-03T15:52:36.364+0530][84.211s] GC(634) Survivor regions: 1->1(39)
[2025-06-03T15:52:36.364+0530][84.211s] GC(634) Old regions: 9->9
[2025-06-03T15:52:36.364+0530][84.211s] GC(634) Archive regions: 2->2
[2025-06-03T15:52:36.364+0530][84.211s] GC(634) Humongous regions: 0->0
[2025-06-03T15:52:36.364+0530][84.211s] GC(634) Metaspace: 20479K(20992K)->20479K(20992K) NonClass: 17894K(18176K)->17894K(18176K) Class: 2585K(2816K)->2585K(2816K)
[2025-06-03T15:52:36.364+0530][84.211s] GC(634) Pause Young (Normal) (G1 Evacuation Pause) 315M->9M(512M) 1.306ms
[2025-06-03T15:52:36.364+0530][84.211s] GC(634) User=0.00s Sys=0.00s Real=0.00s
[2025-06-03T15:52:36.545+0530][84.391s] GC(635) Pause Young (Normal) (G1 Evacuation Pause)
[2025-06-03T15:52:36.545+0530][84.391s] GC(635) Using 8 workers of 8 for evacuation
[2025-06-03T15:52:36.546+0530][84.392s] GC(635) Skipped phase 1 of Reference Processing: no references
[2025-06-03T15:52:36.546+0530][84.392s] GC(635) Skipped phase 2 of Reference Processing: no references
[2025-06-03T15:52:36.546+0530][84.392s] GC(635) Skipped phase 3 of Reference Processing: no references
[2025-06-03T15:52:36.546+0530][84.392s] GC(635) Skipped phase 4 of Reference Processing: no references
[2025-06-03T15:52:36.546+0530][84.392s] GC(635)   Pre Evacuate Collection Set: 0.1ms
[2025-06-03T15:52:36.546+0530][84.392s] GC(635)   Merge Heap Roots: 0.1ms
[2025-06-03T15:52:36.546+0530][84.392s] GC(635)   Evacuate Collection Set: 0.3ms
[2025-06-03T15:52:36.546+0530][84.392s] GC(635)   Post Evacuate Collection Set: 0.4ms
[2025-06-03T15:52:36.546+0530][84.392s] GC(635)   Other: 0.2ms
[2025-06-03T15:52:36.546+0530][84.392s] GC(635) Eden regions: 306->0(306)
[2025-06-03T15:52:36.546+0530][84.393s] GC(635) Survivor regions: 1->1(39)
[2025-06-03T15:52:36.546+0530][84.393s] GC(635) Old regions: 9->9
[2025-06-03T15:52:36.546+0530][84.393s] GC(635) Archive regions: 2->2
[2025-06-03T15:52:36.546+0530][84.393s] GC(635) Humongous regions: 0->0
[2025-06-03T15:52:36.546+0530][84.393s] GC(635) Metaspace: 20479K(20992K)->20479K(20992K) NonClass: 17894K(18176K)->17894K(18176K) Class: 2585K(2816K)->2585K(2816K)
[2025-06-03T15:52:36.546+0530][84.393s] GC(635) Pause Young (Normal) (G1 Evacuation Pause) 315M->9M(512M) 1.314ms
[2025-06-03T15:52:36.546+0530][84.393s] GC(635) User=0.00s Sys=0.01s Real=0.00s
[2025-06-03T15:52:36.717+0530][84.563s] GC(636) Pause Young (Normal) (G1 Evacuation Pause)
[2025-06-03T15:52:36.717+0530][84.564s] GC(636) Using 8 workers of 8 for evacuation
[2025-06-03T15:52:36.718+0530][84.564s] GC(636) Skipped phase 1 of Reference Processing: no references
[2025-06-03T15:52:36.718+0530][84.564s] GC(636) Skipped phase 2 of Reference Processing: no references
[2025-06-03T15:52:36.718+0530][84.564s] GC(636) Skipped phase 3 of Reference Processing: no references
[2025-06-03T15:52:36.718+0530][84.564s] GC(636) Skipped phase 4 of Reference Processing: no references
[2025-06-03T15:52:36.719+0530][84.566s] GC(636)   Pre Evacuate Collection Set: 0.1ms
[2025-06-03T15:52:36.719+0530][84.566s] GC(636)   Merge Heap Roots: 0.1ms
[2025-06-03T15:52:36.719+0530][84.566s] GC(636)   Evacuate Collection Set: 0.4ms
[2025-06-03T15:52:36.720+0530][84.566s] GC(636)   Post Evacuate Collection Set: 1.3ms
[2025-06-03T15:52:36.720+0530][84.566s] GC(636)   Other: 0.4ms
[2025-06-03T15:52:36.720+0530][84.566s] GC(636) Eden regions: 306->0(306)
[2025-06-03T15:52:36.720+0530][84.566s] GC(636) Survivor regions: 1->1(39)
[2025-06-03T15:52:36.720+0530][84.566s] GC(636) Old regions: 9->9
[2025-06-03T15:52:36.720+0530][84.566s] GC(636) Archive regions: 2->2
[2025-06-03T15:52:36.720+0530][84.566s] GC(636) Humongous regions: 0->0
[2025-06-03T15:52:36.720+0530][84.566s] GC(636) Metaspace: 20479K(20992K)->20479K(20992K) NonClass: 17894K(18176K)->17894K(18176K) Class: 2585K(2816K)->2585K(2816K)
[2025-06-03T15:52:36.720+0530][84.566s] GC(636) Pause Young (Normal) (G1 Evacuation Pause) 315M->9M(512M) 2.721ms
[2025-06-03T15:52:36.720+0530][84.566s] GC(636) User=0.00s Sys=0.00s Real=0.01s
[2025-06-03T15:52:36.864+0530][84.711s] GC(637) Pause Young (Normal) (G1 Evacuation Pause)
[2025-06-03T15:52:36.865+0530][84.711s] GC(637) Using 8 workers of 8 for evacuation
[2025-06-03T15:52:36.865+0530][84.712s] GC(637) Skipped phase 1 of Reference Processing: no references
[2025-06-03T15:52:36.865+0530][84.712s] GC(637) Skipped phase 2 of Reference Processing: no references
[2025-06-03T15:52:36.865+0530][84.712s] GC(637) Skipped phase 3 of Reference Processing: no references
[2025-06-03T15:52:36.865+0530][84.712s] GC(637) Skipped phase 4 of Reference Processing: no references
[2025-06-03T15:52:36.866+0530][84.712s] GC(637)   Pre Evacuate Collection Set: 0.1ms
[2025-06-03T15:52:36.866+0530][84.712s] GC(637)   Merge Heap Roots: 0.1ms
[2025-06-03T15:52:36.866+0530][84.712s] GC(637)   Evacuate Collection Set: 0.3ms
[2025-06-03T15:52:36.866+0530][84.712s] GC(637)   Post Evacuate Collection Set: 0.5ms
[2025-06-03T15:52:36.866+0530][84.712s] GC(637)   Other: 0.2ms
[2025-06-03T15:52:36.866+0530][84.712s] GC(637) Eden regions: 306->0(306)
[2025-06-03T15:52:36.866+0530][84.712s] GC(637) Survivor regions: 1->1(39)
[2025-06-03T15:52:36.866+0530][84.712s] GC(637) Old regions: 9->9
[2025-06-03T15:52:36.866+0530][84.712s] GC(637) Archive regions: 2->2
[2025-06-03T15:52:36.866+0530][84.712s] GC(637) Humongous regions: 0->0
[2025-06-03T15:52:36.866+0530][84.712s] GC(637) Metaspace: 20479K(20992K)->20479K(20992K) NonClass: 17894K(18176K)->17894K(18176K) Class: 2585K(2816K)->2585K(2816K)
[2025-06-03T15:52:36.866+0530][84.712s] GC(637) Pause Young (Normal) (G1 Evacuation Pause) 315M->9M(512M) 1.392ms
[2025-06-03T15:52:36.866+0530][84.712s] GC(637) User=0.00s Sys=0.00s Real=0.00s
[2025-06-03T15:52:37.019+0530][84.865s] GC(638) Pause Young (Normal) (G1 Evacuation Pause)
[2025-06-03T15:52:37.019+0530][84.865s] GC(638) Using 8 workers of 8 for evacuation
[2025-06-03T15:52:37.019+0530][84.865s] GC(638) Skipped phase 1 of Reference Processing: no references
[2025-06-03T15:52:37.019+0530][84.866s] GC(638) Skipped phase 2 of Reference Processing: no references
[2025-06-03T15:52:37.019+0530][84.866s] GC(638) Skipped phase 3 of Reference Processing: no references
[2025-06-03T15:52:37.019+0530][84.866s] GC(638) Skipped phase 4 of Reference Processing: no references
[2025-06-03T15:52:37.020+0530][84.866s] GC(638)   Pre Evacuate Collection Set: 0.1ms
[2025-06-03T15:52:37.020+0530][84.866s] GC(638)   Merge Heap Roots: 0.1ms
[2025-06-03T15:52:37.020+0530][84.866s] GC(638)   Evacuate Collection Set: 0.2ms
[2025-06-03T15:52:37.020+0530][84.866s] GC(638)   Post Evacuate Collection Set: 0.5ms
[2025-06-03T15:52:37.020+0530][84.866s] GC(638)   Other: 0.2ms
[2025-06-03T15:52:37.020+0530][84.866s] GC(638) Eden regions: 306->0(306)
[2025-06-03T15:52:37.020+0530][84.866s] GC(638) Survivor regions: 1->1(39)
[2025-06-03T15:52:37.020+0530][84.866s] GC(638) Old regions: 9->9
[2025-06-03T15:52:37.020+0530][84.866s] GC(638) Archive regions: 2->2
[2025-06-03T15:52:37.020+0530][84.866s] GC(638) Humongous regions: 0->0
[2025-06-03T15:52:37.020+0530][84.866s] GC(638) Metaspace: 20479K(20992K)->20479K(20992K) NonClass: 17894K(18176K)->17894K(18176K) Class: 2585K(2816K)->2585K(2816K)
[2025-06-03T15:52:37.020+0530][84.866s] GC(638) Pause Young (Normal) (G1 Evacuation Pause) 315M->9M(512M) 1.445ms
[2025-06-03T15:52:37.020+0530][84.866s] GC(638) User=0.00s Sys=0.00s Real=0.01s
[2025-06-03T15:52:37.156+0530][85.002s] GC(639) Pause Young (Normal) (G1 Evacuation Pause)
[2025-06-03T15:52:37.156+0530][85.002s] GC(639) Using 8 workers of 8 for evacuation
[2025-06-03T15:52:37.156+0530][85.003s] GC(639) Skipped phase 1 of Reference Processing: no references
[2025-06-03T15:52:37.156+0530][85.003s] GC(639) Skipped phase 2 of Reference Processing: no references
[2025-06-03T15:52:37.156+0530][85.003s] GC(639) Skipped phase 3 of Reference Processing: no references
[2025-06-03T15:52:37.156+0530][85.003s] GC(639) Skipped phase 4 of Reference Processing: no references
[2025-06-03T15:52:37.157+0530][85.003s] GC(639)   Pre Evacuate Collection Set: 0.1ms
[2025-06-03T15:52:37.157+0530][85.003s] GC(639)   Merge Heap Roots: 0.1ms
[2025-06-03T15:52:37.157+0530][85.003s] GC(639)   Evacuate Collection Set: 0.2ms
[2025-06-03T15:52:37.157+0530][85.003s] GC(639)   Post Evacuate Collection Set: 0.5ms
[2025-06-03T15:52:37.157+0530][85.003s] GC(639)   Other: 0.2ms
[2025-06-03T15:52:37.157+0530][85.003s] GC(639) Eden regions: 306->0(306)
[2025-06-03T15:52:37.157+0530][85.003s] GC(639) Survivor regions: 1->1(39)
[2025-06-03T15:52:37.157+0530][85.003s] GC(639) Old regions: 9->9
[2025-06-03T15:52:37.157+0530][85.003s] GC(639) Archive regions: 2->2
[2025-06-03T15:52:37.157+0530][85.003s] GC(639) Humongous regions: 0->0
[2025-06-03T15:52:37.157+0530][85.003s] GC(639) Metaspace: 20479K(20992K)->20479K(20992K) NonClass: 17894K(18176K)->17894K(18176K) Class: 2585K(2816K)->2585K(2816K)
[2025-06-03T15:52:37.157+0530][85.004s] GC(639) Pause Young (Normal) (G1 Evacuation Pause) 315M->9M(512M) 1.223ms
[2025-06-03T15:52:37.157+0530][85.004s] GC(639) User=0.01s Sys=0.00s Real=0.00s
[2025-06-03T15:52:37.432+0530][85.279s] GC(640) Pause Young (Normal) (G1 Evacuation Pause)
[2025-06-03T15:52:37.432+0530][85.279s] GC(640) Using 8 workers of 8 for evacuation
[2025-06-03T15:52:37.433+0530][85.280s] GC(640) Skipped phase 1 of Reference Processing: no references
[2025-06-03T15:52:37.433+0530][85.280s] GC(640) Skipped phase 2 of Reference Processing: no references
[2025-06-03T15:52:37.433+0530][85.280s] GC(640) Skipped phase 3 of Reference Processing: no references
[2025-06-03T15:52:37.433+0530][85.280s] GC(640) Skipped phase 4 of Reference Processing: no references
[2025-06-03T15:52:37.434+0530][85.280s] GC(640)   Pre Evacuate Collection Set: 0.2ms
[2025-06-03T15:52:37.434+0530][85.280s] GC(640)   Merge Heap Roots: 0.1ms
[2025-06-03T15:52:37.434+0530][85.280s] GC(640)   Evacuate Collection Set: 0.4ms
[2025-06-03T15:52:37.434+0530][85.280s] GC(640)   Post Evacuate Collection Set: 0.7ms
[2025-06-03T15:52:37.434+0530][85.281s] GC(640)   Other: 0.4ms
[2025-06-03T15:52:37.434+0530][85.281s] GC(640) Eden regions: 306->0(306)
[2025-06-03T15:52:37.434+0530][85.281s] GC(640) Survivor regions: 1->1(39)
[2025-06-03T15:52:37.434+0530][85.281s] GC(640) Old regions: 9->9
[2025-06-03T15:52:37.434+0530][85.281s] GC(640) Archive regions: 2->2
[2025-06-03T15:52:37.434+0530][85.281s] GC(640) Humongous regions: 0->0
[2025-06-03T15:52:37.434+0530][85.281s] GC(640) Metaspace: 20479K(20992K)->20479K(20992K) NonClass: 17894K(18176K)->17894K(18176K) Class: 2585K(2816K)->2585K(2816K)
[2025-06-03T15:52:37.434+0530][85.281s] GC(640) Pause Young (Normal) (G1 Evacuation Pause) 315M->9M(512M) 2.181ms
[2025-06-03T15:52:37.434+0530][85.281s] GC(640) User=0.00s Sys=0.00s Real=0.00s
[2025-06-03T15:52:37.616+0530][85.462s] GC(641) Pause Young (Normal) (G1 Evacuation Pause)
[2025-06-03T15:52:37.616+0530][85.462s] GC(641) Using 8 workers of 8 for evacuation
[2025-06-03T15:52:37.616+0530][85.463s] GC(641) Skipped phase 1 of Reference Processing: no references
[2025-06-03T15:52:37.616+0530][85.463s] GC(641) Skipped phase 2 of Reference Processing: no references
[2025-06-03T15:52:37.616+0530][85.463s] GC(641) Skipped phase 3 of Reference Processing: no references
[2025-06-03T15:52:37.616+0530][85.463s] GC(641) Skipped phase 4 of Reference Processing: no references
[2025-06-03T15:52:37.617+0530][85.463s] GC(641)   Pre Evacuate Collection Set: 0.1ms
[2025-06-03T15:52:37.617+0530][85.463s] GC(641)   Merge Heap Roots: 0.1ms
[2025-06-03T15:52:37.617+0530][85.463s] GC(641)   Evacuate Collection Set: 0.2ms
[2025-06-03T15:52:37.617+0530][85.463s] GC(641)   Post Evacuate Collection Set: 0.4ms
[2025-06-03T15:52:37.617+0530][85.463s] GC(641)   Other: 0.2ms
[2025-06-03T15:52:37.617+0530][85.463s] GC(641) Eden regions: 306->0(306)
[2025-06-03T15:52:37.617+0530][85.463s] GC(641) Survivor regions: 1->1(39)
[2025-06-03T15:52:37.617+0530][85.463s] GC(641) Old regions: 9->9
[2025-06-03T15:52:37.617+0530][85.463s] GC(641) Archive regions: 2->2
[2025-06-03T15:52:37.617+0530][85.463s] GC(641) Humongous regions: 0->0
[2025-06-03T15:52:37.617+0530][85.463s] GC(641) Metaspace: 20479K(20992K)->20479K(20992K) NonClass: 17894K(18176K)->17894K(18176K) Class: 2585K(2816K)->2585K(2816K)
[2025-06-03T15:52:37.617+0530][85.463s] GC(641) Pause Young (Normal) (G1 Evacuation Pause) 315M->9M(512M) 1.134ms
[2025-06-03T15:52:37.617+0530][85.463s] GC(641) User=0.01s Sys=0.00s Real=0.00s
[2025-06-03T15:52:37.751+0530][85.597s] GC(642) Pause Young (Normal) (G1 Evacuation Pause)
[2025-06-03T15:52:37.751+0530][85.597s] GC(642) Using 8 workers of 8 for evacuation
[2025-06-03T15:52:37.751+0530][85.598s] GC(642) Skipped phase 1 of Reference Processing: no references
[2025-06-03T15:52:37.751+0530][85.598s] GC(642) Skipped phase 2 of Reference Processing: no references
[2025-06-03T15:52:37.751+0530][85.598s] GC(642) Skipped phase 3 of Reference Processing: no references
[2025-06-03T15:52:37.751+0530][85.598s] GC(642) Skipped phase 4 of Reference Processing: no references
[2025-06-03T15:52:37.752+0530][85.598s] GC(642)   Pre Evacuate Collection Set: 0.1ms
[2025-06-03T15:52:37.752+0530][85.598s] GC(642)   Merge Heap Roots: 0.1ms
[2025-06-03T15:52:37.752+0530][85.598s] GC(642)   Evacuate Collection Set: 0.2ms
[2025-06-03T15:52:37.752+0530][85.598s] GC(642)   Post Evacuate Collection Set: 0.5ms
[2025-06-03T15:52:37.752+0530][85.598s] GC(642)   Other: 0.2ms
[2025-06-03T15:52:37.752+0530][85.598s] GC(642) Eden regions: 306->0(306)
[2025-06-03T15:52:37.752+0530][85.598s] GC(642) Survivor regions: 1->1(39)
[2025-06-03T15:52:37.752+0530][85.598s] GC(642) Old regions: 9->9
[2025-06-03T15:52:37.752+0530][85.598s] GC(642) Archive regions: 2->2
[2025-06-03T15:52:37.752+0530][85.598s] GC(642) Humongous regions: 0->0
[2025-06-03T15:52:37.752+0530][85.598s] GC(642) Metaspace: 20479K(20992K)->20479K(20992K) NonClass: 17894K(18176K)->17894K(18176K) Class: 2585K(2816K)->2585K(2816K)
[2025-06-03T15:52:37.752+0530][85.598s] GC(642) Pause Young (Normal) (G1 Evacuation Pause) 315M->9M(512M) 1.190ms
[2025-06-03T15:52:37.752+0530][85.598s] GC(642) User=0.00s Sys=0.00s Real=0.00s
[2025-06-03T15:52:37.890+0530][85.737s] GC(643) Pause Young (Normal) (G1 Evacuation Pause)
[2025-06-03T15:52:37.890+0530][85.737s] GC(643) Using 8 workers of 8 for evacuation
[2025-06-03T15:52:37.891+0530][85.737s] GC(643) Skipped phase 1 of Reference Processing: no references
[2025-06-03T15:52:37.891+0530][85.737s] GC(643) Skipped phase 2 of Reference Processing: no references
[2025-06-03T15:52:37.891+0530][85.737s] GC(643) Skipped phase 3 of Reference Processing: no references
[2025-06-03T15:52:37.891+0530][85.737s] GC(643) Skipped phase 4 of Reference Processing: no references
[2025-06-03T15:52:37.891+0530][85.738s] GC(643)   Pre Evacuate Collection Set: 0.1ms
[2025-06-03T15:52:37.891+0530][85.738s] GC(643)   Merge Heap Roots: 0.1ms
[2025-06-03T15:52:37.891+0530][85.738s] GC(643)   Evacuate Collection Set: 0.2ms
[2025-06-03T15:52:37.891+0530][85.738s] GC(643)   Post Evacuate Collection Set: 0.4ms
[2025-06-03T15:52:37.891+0530][85.738s] GC(643)   Other: 0.2ms
[2025-06-03T15:52:37.891+0530][85.738s] GC(643) Eden regions: 306->0(306)
[2025-06-03T15:52:37.891+0530][85.738s] GC(643) Survivor regions: 1->1(39)
[2025-06-03T15:52:37.891+0530][85.738s] GC(643) Old regions: 9->9
[2025-06-03T15:52:37.891+0530][85.738s] GC(643) Archive regions: 2->2
[2025-06-03T15:52:37.891+0530][85.738s] GC(643) Humongous regions: 0->0
[2025-06-03T15:52:37.891+0530][85.738s] GC(643) Metaspace: 20479K(20992K)->20479K(20992K) NonClass: 17894K(18176K)->17894K(18176K) Class: 2585K(2816K)->2585K(2816K)
[2025-06-03T15:52:37.891+0530][85.738s] GC(643) Pause Young (Normal) (G1 Evacuation Pause) 315M->9M(512M) 1.182ms
[2025-06-03T15:52:37.891+0530][85.738s] GC(643) User=0.01s Sys=0.00s Real=0.00s
[2025-06-03T15:52:38.022+0530][85.868s] GC(644) Pause Young (Normal) (G1 Evacuation Pause)
[2025-06-03T15:52:38.022+0530][85.868s] GC(644) Using 8 workers of 8 for evacuation
[2025-06-03T15:52:38.022+0530][85.869s] GC(644) Skipped phase 1 of Reference Processing: no references
[2025-06-03T15:52:38.022+0530][85.869s] GC(644) Skipped phase 2 of Reference Processing: no references
[2025-06-03T15:52:38.022+0530][85.869s] GC(644) Skipped phase 3 of Reference Processing: no references
[2025-06-03T15:52:38.023+0530][85.869s] GC(644) Skipped phase 4 of Reference Processing: no references
[2025-06-03T15:52:38.023+0530][85.869s] GC(644)   Pre Evacuate Collection Set: 0.1ms
[2025-06-03T15:52:38.023+0530][85.869s] GC(644)   Merge Heap Roots: 0.1ms
[2025-06-03T15:52:38.023+0530][85.869s] GC(644)   Evacuate Collection Set: 0.2ms
[2025-06-03T15:52:38.023+0530][85.869s] GC(644)   Post Evacuate Collection Set: 0.4ms
[2025-06-03T15:52:38.023+0530][85.869s] GC(644)   Other: 0.2ms
[2025-06-03T15:52:38.023+0530][85.869s] GC(644) Eden regions: 306->0(306)
[2025-06-03T15:52:38.023+0530][85.869s] GC(644) Survivor regions: 1->1(39)
[2025-06-03T15:52:38.023+0530][85.869s] GC(644) Old regions: 9->9
[2025-06-03T15:52:38.023+0530][85.869s] GC(644) Archive regions: 2->2
[2025-06-03T15:52:38.023+0530][85.869s] GC(644) Humongous regions: 0->0
[2025-06-03T15:52:38.023+0530][85.869s] GC(644) Metaspace: 20479K(20992K)->20479K(20992K) NonClass: 17894K(18176K)->17894K(18176K) Class: 2585K(2816K)->2585K(2816K)
[2025-06-03T15:52:38.023+0530][85.870s] GC(644) Pause Young (Normal) (G1 Evacuation Pause) 315M->9M(512M) 1.092ms
[2025-06-03T15:52:38.023+0530][85.870s] GC(644) User=0.00s Sys=0.00s Real=0.00s
[2025-06-03T15:52:38.155+0530][86.002s] GC(645) Pause Young (Normal) (G1 Evacuation Pause)
[2025-06-03T15:52:38.156+0530][86.002s] GC(645) Using 8 workers of 8 for evacuation
[2025-06-03T15:52:38.156+0530][86.002s] GC(645) Skipped phase 1 of Reference Processing: no references
[2025-06-03T15:52:38.156+0530][86.002s] GC(645) Skipped phase 2 of Reference Processing: no references
[2025-06-03T15:52:38.156+0530][86.002s] GC(645) Skipped phase 3 of Reference Processing: no references
[2025-06-03T15:52:38.156+0530][86.002s] GC(645) Skipped phase 4 of Reference Processing: no references
[2025-06-03T15:52:38.156+0530][86.003s] GC(645)   Pre Evacuate Collection Set: 0.1ms
[2025-06-03T15:52:38.156+0530][86.003s] GC(645)   Merge Heap Roots: 0.1ms
[2025-06-03T15:52:38.156+0530][86.003s] GC(645)   Evacuate Collection Set: 0.2ms
[2025-06-03T15:52:38.156+0530][86.003s] GC(645)   Post Evacuate Collection Set: 0.4ms
[2025-06-03T15:52:38.156+0530][86.003s] GC(645)   Other: 0.2ms
[2025-06-03T15:52:38.157+0530][86.003s] GC(645) Eden regions: 306->0(306)
[2025-06-03T15:52:38.157+0530][86.003s] GC(645) Survivor regions: 1->1(39)
[2025-06-03T15:52:38.157+0530][86.003s] GC(645) Old regions: 9->9
[2025-06-03T15:52:38.157+0530][86.003s] GC(645) Archive regions: 2->2
[2025-06-03T15:52:38.157+0530][86.003s] GC(645) Humongous regions: 0->0
[2025-06-03T15:52:38.157+0530][86.003s] GC(645) Metaspace: 20479K(20992K)->20479K(20992K) NonClass: 17894K(18176K)->17894K(18176K) Class: 2585K(2816K)->2585K(2816K)
[2025-06-03T15:52:38.157+0530][86.003s] GC(645) Pause Young (Normal) (G1 Evacuation Pause) 315M->9M(512M) 1.132ms
[2025-06-03T15:52:38.157+0530][86.003s] GC(645) User=0.00s Sys=0.00s Real=0.00s
[2025-06-03T15:52:38.295+0530][86.142s] GC(646) Pause Young (Normal) (G1 Evacuation Pause)
[2025-06-03T15:52:38.295+0530][86.142s] GC(646) Using 8 workers of 8 for evacuation
[2025-06-03T15:52:38.296+0530][86.142s] GC(646) Skipped phase 1 of Reference Processing: no references
[2025-06-03T15:52:38.296+0530][86.142s] GC(646) Skipped phase 2 of Reference Processing: no references
[2025-06-03T15:52:38.296+0530][86.142s] GC(646) Skipped phase 3 of Reference Processing: no references
[2025-06-03T15:52:38.296+0530][86.142s] GC(646) Skipped phase 4 of Reference Processing: no references
[2025-06-03T15:52:38.296+0530][86.143s] GC(646)   Pre Evacuate Collection Set: 0.1ms
[2025-06-03T15:52:38.296+0530][86.143s] GC(646)   Merge Heap Roots: 0.1ms
[2025-06-03T15:52:38.296+0530][86.143s] GC(646)   Evacuate Collection Set: 0.2ms
[2025-06-03T15:52:38.296+0530][86.143s] GC(646)   Post Evacuate Collection Set: 0.4ms
[2025-06-03T15:52:38.296+0530][86.143s] GC(646)   Other: 0.2ms
[2025-06-03T15:52:38.296+0530][86.143s] GC(646) Eden regions: 306->0(306)
[2025-06-03T15:52:38.296+0530][86.143s] GC(646) Survivor regions: 1->1(39)
[2025-06-03T15:52:38.296+0530][86.143s] GC(646) Old regions: 9->9
[2025-06-03T15:52:38.296+0530][86.143s] GC(646) Archive regions: 2->2
[2025-06-03T15:52:38.296+0530][86.143s] GC(646) Humongous regions: 0->0
[2025-06-03T15:52:38.296+0530][86.143s] GC(646) Metaspace: 20480K(20992K)->20480K(20992K) NonClass: 17894K(18176K)->17894K(18176K) Class: 2585K(2816K)->2585K(2816K)
[2025-06-03T15:52:38.296+0530][86.143s] GC(646) Pause Young (Normal) (G1 Evacuation Pause) 315M->9M(512M) 1.071ms
[2025-06-03T15:52:38.296+0530][86.143s] GC(646) User=0.00s Sys=0.01s Real=0.00s
[2025-06-03T15:52:38.447+0530][86.293s] GC(647) Pause Young (Normal) (G1 Evacuation Pause)
[2025-06-03T15:52:38.447+0530][86.293s] GC(647) Using 8 workers of 8 for evacuation
[2025-06-03T15:52:38.447+0530][86.294s] GC(647) Skipped phase 1 of Reference Processing: no references
[2025-06-03T15:52:38.447+0530][86.294s] GC(647) Skipped phase 2 of Reference Processing: no references
[2025-06-03T15:52:38.447+0530][86.294s] GC(647) Skipped phase 3 of Reference Processing: no references
[2025-06-03T15:52:38.447+0530][86.294s] GC(647) Skipped phase 4 of Reference Processing: no references
[2025-06-03T15:52:38.448+0530][86.294s] GC(647)   Pre Evacuate Collection Set: 0.1ms
[2025-06-03T15:52:38.448+0530][86.294s] GC(647)   Merge Heap Roots: 0.1ms
[2025-06-03T15:52:38.448+0530][86.294s] GC(647)   Evacuate Collection Set: 0.3ms
[2025-06-03T15:52:38.448+0530][86.294s] GC(647)   Post Evacuate Collection Set: 0.5ms
[2025-06-03T15:52:38.448+0530][86.294s] GC(647)   Other: 0.2ms
[2025-06-03T15:52:38.448+0530][86.294s] GC(647) Eden regions: 306->0(306)
[2025-06-03T15:52:38.448+0530][86.294s] GC(647) Survivor regions: 1->1(39)
[2025-06-03T15:52:38.448+0530][86.294s] GC(647) Old regions: 9->9
[2025-06-03T15:52:38.448+0530][86.294s] GC(647) Archive regions: 2->2
[2025-06-03T15:52:38.448+0530][86.294s] GC(647) Humongous regions: 0->0
[2025-06-03T15:52:38.448+0530][86.294s] GC(647) Metaspace: 20480K(20992K)->20480K(20992K) NonClass: 17894K(18176K)->17894K(18176K) Class: 2585K(2816K)->2585K(2816K)
[2025-06-03T15:52:38.448+0530][86.294s] GC(647) Pause Young (Normal) (G1 Evacuation Pause) 315M->9M(512M) 1.295ms
[2025-06-03T15:52:38.448+0530][86.294s] GC(647) User=0.00s Sys=0.00s Real=0.00s
[2025-06-03T15:52:38.579+0530][86.425s] GC(648) Pause Young (Normal) (G1 Evacuation Pause)
[2025-06-03T15:52:38.579+0530][86.425s] GC(648) Using 8 workers of 8 for evacuation
[2025-06-03T15:52:38.579+0530][86.426s] GC(648) Skipped phase 1 of Reference Processing: no references
[2025-06-03T15:52:38.579+0530][86.426s] GC(648) Skipped phase 2 of Reference Processing: no references
[2025-06-03T15:52:38.579+0530][86.426s] GC(648) Skipped phase 3 of Reference Processing: no references
[2025-06-03T15:52:38.579+0530][86.426s] GC(648) Skipped phase 4 of Reference Processing: no references
[2025-06-03T15:52:38.580+0530][86.426s] GC(648)   Pre Evacuate Collection Set: 0.1ms
[2025-06-03T15:52:38.580+0530][86.426s] GC(648)   Merge Heap Roots: 0.1ms
[2025-06-03T15:52:38.580+0530][86.426s] GC(648)   Evacuate Collection Set: 0.2ms
[2025-06-03T15:52:38.580+0530][86.426s] GC(648)   Post Evacuate Collection Set: 0.4ms
[2025-06-03T15:52:38.580+0530][86.426s] GC(648)   Other: 0.2ms
[2025-06-03T15:52:38.580+0530][86.426s] GC(648) Eden regions: 306->0(306)
[2025-06-03T15:52:38.580+0530][86.426s] GC(648) Survivor regions: 1->1(39)
[2025-06-03T15:52:38.580+0530][86.426s] GC(648) Old regions: 9->9
[2025-06-03T15:52:38.580+0530][86.426s] GC(648) Archive regions: 2->2
[2025-06-03T15:52:38.580+0530][86.426s] GC(648) Humongous regions: 0->0
[2025-06-03T15:52:38.580+0530][86.426s] GC(648) Metaspace: 20480K(20992K)->20480K(20992K) NonClass: 17894K(18176K)->17894K(18176K) Class: 2585K(2816K)->2585K(2816K)
[2025-06-03T15:52:38.580+0530][86.426s] GC(648) Pause Young (Normal) (G1 Evacuation Pause) 315M->9M(512M) 1.104ms
[2025-06-03T15:52:38.580+0530][86.426s] GC(648) User=0.00s Sys=0.00s Real=0.01s
[2025-06-03T15:52:38.709+0530][86.556s] GC(649) Pause Young (Normal) (G1 Evacuation Pause)
[2025-06-03T15:52:38.709+0530][86.556s] GC(649) Using 8 workers of 8 for evacuation
[2025-06-03T15:52:38.710+0530][86.556s] GC(649) Skipped phase 1 of Reference Processing: no references
[2025-06-03T15:52:38.710+0530][86.556s] GC(649) Skipped phase 2 of Reference Processing: no references
[2025-06-03T15:52:38.710+0530][86.556s] GC(649) Skipped phase 3 of Reference Processing: no references
[2025-06-03T15:52:38.710+0530][86.556s] GC(649) Skipped phase 4 of Reference Processing: no references
[2025-06-03T15:52:38.710+0530][86.557s] GC(649)   Pre Evacuate Collection Set: 0.1ms
[2025-06-03T15:52:38.710+0530][86.557s] GC(649)   Merge Heap Roots: 0.1ms
[2025-06-03T15:52:38.710+0530][86.557s] GC(649)   Evacuate Collection Set: 0.2ms
[2025-06-03T15:52:38.710+0530][86.557s] GC(649)   Post Evacuate Collection Set: 0.4ms
[2025-06-03T15:52:38.710+0530][86.557s] GC(649)   Other: 0.2ms
[2025-06-03T15:52:38.710+0530][86.557s] GC(649) Eden regions: 306->0(306)
[2025-06-03T15:52:38.711+0530][86.557s] GC(649) Survivor regions: 1->1(39)
[2025-06-03T15:52:38.711+0530][86.557s] GC(649) Old regions: 9->9
[2025-06-03T15:52:38.711+0530][86.557s] GC(649) Archive regions: 2->2
[2025-06-03T15:52:38.711+0530][86.557s] GC(649) Humongous regions: 0->0
[2025-06-03T15:52:38.711+0530][86.557s] GC(649) Metaspace: 20480K(20992K)->20480K(20992K) NonClass: 17894K(18176K)->17894K(18176K) Class: 2585K(2816K)->2585K(2816K)
[2025-06-03T15:52:38.711+0530][86.557s] GC(649) Pause Young (Normal) (G1 Evacuation Pause) 315M->9M(512M) 1.214ms
[2025-06-03T15:52:38.711+0530][86.557s] GC(649) User=0.01s Sys=0.00s Real=0.01s
[2025-06-03T15:52:38.852+0530][86.699s] GC(650) Pause Young (Normal) (G1 Evacuation Pause)
[2025-06-03T15:52:38.852+0530][86.699s] GC(650) Using 8 workers of 8 for evacuation
[2025-06-03T15:52:38.853+0530][86.699s] GC(650) Skipped phase 1 of Reference Processing: no references
[2025-06-03T15:52:38.853+0530][86.699s] GC(650) Skipped phase 2 of Reference Processing: no references
[2025-06-03T15:52:38.853+0530][86.699s] GC(650) Skipped phase 3 of Reference Processing: no references
[2025-06-03T15:52:38.853+0530][86.699s] GC(650) Skipped phase 4 of Reference Processing: no references
[2025-06-03T15:52:38.853+0530][86.700s] GC(650)   Pre Evacuate Collection Set: 0.1ms
[2025-06-03T15:52:38.853+0530][86.700s] GC(650)   Merge Heap Roots: 0.1ms
[2025-06-03T15:52:38.853+0530][86.700s] GC(650)   Evacuate Collection Set: 0.2ms
[2025-06-03T15:52:38.853+0530][86.700s] GC(650)   Post Evacuate Collection Set: 0.5ms
[2025-06-03T15:52:38.853+0530][86.700s] GC(650)   Other: 0.2ms
[2025-06-03T15:52:38.853+0530][86.700s] GC(650) Eden regions: 306->0(306)
[2025-06-03T15:52:38.853+0530][86.700s] GC(650) Survivor regions: 1->1(39)
[2025-06-03T15:52:38.854+0530][86.700s] GC(650) Old regions: 9->9
[2025-06-03T15:52:38.854+0530][86.700s] GC(650) Archive regions: 2->2
[2025-06-03T15:52:38.854+0530][86.700s] GC(650) Humongous regions: 0->0
[2025-06-03T15:52:38.854+0530][86.700s] GC(650) Metaspace: 20480K(20992K)->20480K(20992K) NonClass: 17894K(18176K)->17894K(18176K) Class: 2585K(2816K)->2585K(2816K)
[2025-06-03T15:52:38.854+0530][86.700s] GC(650) Pause Young (Normal) (G1 Evacuation Pause) 315M->9M(512M) 1.148ms
[2025-06-03T15:52:38.854+0530][86.700s] GC(650) User=0.01s Sys=0.00s Real=0.00s
[2025-06-03T15:52:38.986+0530][86.833s] GC(651) Pause Young (Normal) (G1 Evacuation Pause)
[2025-06-03T15:52:38.987+0530][86.833s] GC(651) Using 8 workers of 8 for evacuation
[2025-06-03T15:52:38.987+0530][86.833s] GC(651) Skipped phase 1 of Reference Processing: no references
[2025-06-03T15:52:38.987+0530][86.834s] GC(651) Skipped phase 2 of Reference Processing: no references
[2025-06-03T15:52:38.987+0530][86.834s] GC(651) Skipped phase 3 of Reference Processing: no references
[2025-06-03T15:52:38.987+0530][86.834s] GC(651) Skipped phase 4 of Reference Processing: no references
[2025-06-03T15:52:38.987+0530][86.834s] GC(651)   Pre Evacuate Collection Set: 0.1ms
[2025-06-03T15:52:38.988+0530][86.834s] GC(651)   Merge Heap Roots: 0.1ms
[2025-06-03T15:52:38.988+0530][86.834s] GC(651)   Evacuate Collection Set: 0.3ms
[2025-06-03T15:52:38.988+0530][86.834s] GC(651)   Post Evacuate Collection Set: 0.5ms
[2025-06-03T15:52:38.988+0530][86.834s] GC(651)   Other: 0.2ms
[2025-06-03T15:52:38.988+0530][86.834s] GC(651) Eden regions: 306->0(306)
[2025-06-03T15:52:38.988+0530][86.834s] GC(651) Survivor regions: 1->1(39)
[2025-06-03T15:52:38.988+0530][86.834s] GC(651) Old regions: 9->9
[2025-06-03T15:52:38.988+0530][86.834s] GC(651) Archive regions: 2->2
[2025-06-03T15:52:38.988+0530][86.834s] GC(651) Humongous regions: 0->0
[2025-06-03T15:52:38.988+0530][86.834s] GC(651) Metaspace: 20480K(20992K)->20480K(20992K) NonClass: 17894K(18176K)->17894K(18176K) Class: 2585K(2816K)->2585K(2816K)
[2025-06-03T15:52:38.988+0530][86.834s] GC(651) Pause Young (Normal) (G1 Evacuation Pause) 315M->9M(512M) 1.244ms
[2025-06-03T15:52:38.988+0530][86.834s] GC(651) User=0.00s Sys=0.00s Real=0.00s
[2025-06-03T15:52:39.116+0530][86.962s] GC(652) Pause Young (Normal) (G1 Evacuation Pause)
[2025-06-03T15:52:39.116+0530][86.962s] GC(652) Using 8 workers of 8 for evacuation
[2025-06-03T15:52:39.116+0530][86.962s] GC(652) Skipped phase 1 of Reference Processing: no references
[2025-06-03T15:52:39.116+0530][86.963s] GC(652) Skipped phase 2 of Reference Processing: no references
[2025-06-03T15:52:39.116+0530][86.963s] GC(652) Skipped phase 3 of Reference Processing: no references
[2025-06-03T15:52:39.116+0530][86.963s] GC(652) Skipped phase 4 of Reference Processing: no references
[2025-06-03T15:52:39.116+0530][86.963s] GC(652)   Pre Evacuate Collection Set: 0.1ms
[2025-06-03T15:52:39.116+0530][86.963s] GC(652)   Merge Heap Roots: 0.1ms
[2025-06-03T15:52:39.116+0530][86.963s] GC(652)   Evacuate Collection Set: 0.2ms
[2025-06-03T15:52:39.117+0530][86.963s] GC(652)   Post Evacuate Collection Set: 0.4ms
[2025-06-03T15:52:39.117+0530][86.963s] GC(652)   Other: 0.2ms
[2025-06-03T15:52:39.117+0530][86.963s] GC(652) Eden regions: 306->0(306)
[2025-06-03T15:52:39.117+0530][86.963s] GC(652) Survivor regions: 1->1(39)
[2025-06-03T15:52:39.117+0530][86.963s] GC(652) Old regions: 9->9
[2025-06-03T15:52:39.117+0530][86.963s] GC(652) Archive regions: 2->2
[2025-06-03T15:52:39.117+0530][86.963s] GC(652) Humongous regions: 0->0
[2025-06-03T15:52:39.117+0530][86.963s] GC(652) Metaspace: 20480K(20992K)->20480K(20992K) NonClass: 17894K(18176K)->17894K(18176K) Class: 2585K(2816K)->2585K(2816K)
[2025-06-03T15:52:39.117+0530][86.963s] GC(652) Pause Young (Normal) (G1 Evacuation Pause) 315M->9M(512M) 1.212ms
[2025-06-03T15:52:39.117+0530][86.963s] GC(652) User=0.01s Sys=0.00s Real=0.00s
[2025-06-03T15:52:39.259+0530][87.105s] GC(653) Pause Young (Normal) (G1 Evacuation Pause)
[2025-06-03T15:52:39.259+0530][87.105s] GC(653) Using 8 workers of 8 for evacuation
[2025-06-03T15:52:39.259+0530][87.106s] GC(653) Skipped phase 1 of Reference Processing: no references
[2025-06-03T15:52:39.259+0530][87.106s] GC(653) Skipped phase 2 of Reference Processing: no references
[2025-06-03T15:52:39.259+0530][87.106s] GC(653) Skipped phase 3 of Reference Processing: no references
[2025-06-03T15:52:39.259+0530][87.106s] GC(653) Skipped phase 4 of Reference Processing: no references
[2025-06-03T15:52:39.260+0530][87.106s] GC(653)   Pre Evacuate Collection Set: 0.1ms
[2025-06-03T15:52:39.260+0530][87.106s] GC(653)   Merge Heap Roots: 0.1ms
[2025-06-03T15:52:39.260+0530][87.106s] GC(653)   Evacuate Collection Set: 0.3ms
[2025-06-03T15:52:39.260+0530][87.106s] GC(653)   Post Evacuate Collection Set: 0.4ms
[2025-06-03T15:52:39.260+0530][87.106s] GC(653)   Other: 0.2ms
[2025-06-03T15:52:39.260+0530][87.106s] GC(653) Eden regions: 306->0(306)
[2025-06-03T15:52:39.260+0530][87.106s] GC(653) Survivor regions: 1->1(39)
[2025-06-03T15:52:39.260+0530][87.106s] GC(653) Old regions: 9->9
[2025-06-03T15:52:39.260+0530][87.106s] GC(653) Archive regions: 2->2
[2025-06-03T15:52:39.260+0530][87.106s] GC(653) Humongous regions: 0->0
[2025-06-03T15:52:39.260+0530][87.106s] GC(653) Metaspace: 20480K(20992K)->20480K(20992K) NonClass: 17894K(18176K)->17894K(18176K) Class: 2585K(2816K)->2585K(2816K)
[2025-06-03T15:52:39.260+0530][87.106s] GC(653) Pause Young (Normal) (G1 Evacuation Pause) 315M->9M(512M) 1.238ms
[2025-06-03T15:52:39.260+0530][87.106s] GC(653) User=0.01s Sys=0.00s Real=0.01s
[2025-06-03T15:52:39.383+0530][87.229s] GC(654) Pause Young (Normal) (G1 Evacuation Pause)
[2025-06-03T15:52:39.383+0530][87.229s] GC(654) Using 8 workers of 8 for evacuation
[2025-06-03T15:52:39.383+0530][87.230s] GC(654) Skipped phase 1 of Reference Processing: no references
[2025-06-03T15:52:39.383+0530][87.230s] GC(654) Skipped phase 2 of Reference Processing: no references
[2025-06-03T15:52:39.383+0530][87.230s] GC(654) Skipped phase 3 of Reference Processing: no references
[2025-06-03T15:52:39.384+0530][87.230s] GC(654) Skipped phase 4 of Reference Processing: no references
[2025-06-03T15:52:39.384+0530][87.230s] GC(654)   Pre Evacuate Collection Set: 0.1ms
[2025-06-03T15:52:39.384+0530][87.230s] GC(654)   Merge Heap Roots: 0.1ms
[2025-06-03T15:52:39.384+0530][87.230s] GC(654)   Evacuate Collection Set: 0.2ms
[2025-06-03T15:52:39.384+0530][87.230s] GC(654)   Post Evacuate Collection Set: 0.4ms
[2025-06-03T15:52:39.384+0530][87.230s] GC(654)   Other: 0.2ms
[2025-06-03T15:52:39.384+0530][87.230s] GC(654) Eden regions: 306->0(306)
[2025-06-03T15:52:39.384+0530][87.230s] GC(654) Survivor regions: 1->1(39)
[2025-06-03T15:52:39.384+0530][87.230s] GC(654) Old regions: 9->9
[2025-06-03T15:52:39.384+0530][87.230s] GC(654) Archive regions: 2->2
[2025-06-03T15:52:39.384+0530][87.230s] GC(654) Humongous regions: 0->0
[2025-06-03T15:52:39.384+0530][87.230s] GC(654) Metaspace: 20480K(20992K)->20480K(20992K) NonClass: 17894K(18176K)->17894K(18176K) Class: 2585K(2816K)->2585K(2816K)
[2025-06-03T15:52:39.384+0530][87.231s] GC(654) Pause Young (Normal) (G1 Evacuation Pause) 315M->9M(512M) 1.170ms
[2025-06-03T15:52:39.384+0530][87.231s] GC(654) User=0.00s Sys=0.00s Real=0.00s
[2025-06-03T15:52:39.510+0530][87.356s] GC(655) Pause Young (Normal) (G1 Evacuation Pause)
[2025-06-03T15:52:39.510+0530][87.356s] GC(655) Using 8 workers of 8 for evacuation
[2025-06-03T15:52:39.510+0530][87.356s] GC(655) Skipped phase 1 of Reference Processing: no references
[2025-06-03T15:52:39.510+0530][87.357s] GC(655) Skipped phase 2 of Reference Processing: no references
[2025-06-03T15:52:39.510+0530][87.357s] GC(655) Skipped phase 3 of Reference Processing: no references
[2025-06-03T15:52:39.510+0530][87.357s] GC(655) Skipped phase 4 of Reference Processing: no references
[2025-06-03T15:52:39.510+0530][87.357s] GC(655)   Pre Evacuate Collection Set: 0.1ms
[2025-06-03T15:52:39.511+0530][87.357s] GC(655)   Merge Heap Roots: 0.1ms
[2025-06-03T15:52:39.511+0530][87.357s] GC(655)   Evacuate Collection Set: 0.2ms
[2025-06-03T15:52:39.511+0530][87.357s] GC(655)   Post Evacuate Collection Set: 0.5ms
[2025-06-03T15:52:39.511+0530][87.357s] GC(655)   Other: 0.2ms
[2025-06-03T15:52:39.511+0530][87.357s] GC(655) Eden regions: 306->0(306)
[2025-06-03T15:52:39.511+0530][87.357s] GC(655) Survivor regions: 1->1(39)
[2025-06-03T15:52:39.511+0530][87.357s] GC(655) Old regions: 9->9
[2025-06-03T15:52:39.511+0530][87.357s] GC(655) Archive regions: 2->2
[2025-06-03T15:52:39.511+0530][87.357s] GC(655) Humongous regions: 0->0
[2025-06-03T15:52:39.511+0530][87.357s] GC(655) Metaspace: 20480K(20992K)->20480K(20992K) NonClass: 17894K(18176K)->17894K(18176K) Class: 2585K(2816K)->2585K(2816K)
[2025-06-03T15:52:39.511+0530][87.357s] GC(655) Pause Young (Normal) (G1 Evacuation Pause) 315M->9M(512M) 1.141ms
[2025-06-03T15:52:39.511+0530][87.357s] GC(655) User=0.00s Sys=0.00s Real=0.00s
[2025-06-03T15:52:39.636+0530][87.483s] GC(656) Pause Young (Normal) (G1 Evacuation Pause)
[2025-06-03T15:52:39.636+0530][87.483s] GC(656) Using 8 workers of 8 for evacuation
[2025-06-03T15:52:39.637+0530][87.483s] GC(656) Skipped phase 1 of Reference Processing: no references
[2025-06-03T15:52:39.637+0530][87.483s] GC(656) Skipped phase 2 of Reference Processing: no references
[2025-06-03T15:52:39.637+0530][87.483s] GC(656) Skipped phase 3 of Reference Processing: no references
[2025-06-03T15:52:39.637+0530][87.483s] GC(656) Skipped phase 4 of Reference Processing: no references
[2025-06-03T15:52:39.637+0530][87.484s] GC(656)   Pre Evacuate Collection Set: 0.1ms
[2025-06-03T15:52:39.637+0530][87.484s] GC(656)   Merge Heap Roots: 0.1ms
[2025-06-03T15:52:39.637+0530][87.484s] GC(656)   Evacuate Collection Set: 0.2ms
[2025-06-03T15:52:39.637+0530][87.484s] GC(656)   Post Evacuate Collection Set: 0.5ms
[2025-06-03T15:52:39.637+0530][87.484s] GC(656)   Other: 0.2ms
[2025-06-03T15:52:39.637+0530][87.484s] GC(656) Eden regions: 306->0(306)
[2025-06-03T15:52:39.637+0530][87.484s] GC(656) Survivor regions: 1->1(39)
[2025-06-03T15:52:39.637+0530][87.484s] GC(656) Old regions: 9->9
[2025-06-03T15:52:39.637+0530][87.484s] GC(656) Archive regions: 2->2
[2025-06-03T15:52:39.638+0530][87.484s] GC(656) Humongous regions: 0->0
[2025-06-03T15:52:39.638+0530][87.484s] GC(656) Metaspace: 20480K(20992K)->20480K(20992K) NonClass: 17894K(18176K)->17894K(18176K) Class: 2585K(2816K)->2585K(2816K)
[2025-06-03T15:52:39.638+0530][87.484s] GC(656) Pause Young (Normal) (G1 Evacuation Pause) 315M->9M(512M) 1.225ms
[2025-06-03T15:52:39.638+0530][87.484s] GC(656) User=0.00s Sys=0.00s Real=0.00s
[2025-06-03T15:52:39.761+0530][87.607s] GC(657) Pause Young (Normal) (G1 Evacuation Pause)
[2025-06-03T15:52:39.761+0530][87.607s] GC(657) Using 8 workers of 8 for evacuation
[2025-06-03T15:52:39.761+0530][87.608s] GC(657) Skipped phase 1 of Reference Processing: no references
[2025-06-03T15:52:39.761+0530][87.608s] GC(657) Skipped phase 2 of Reference Processing: no references
[2025-06-03T15:52:39.761+0530][87.608s] GC(657) Skipped phase 3 of Reference Processing: no references
[2025-06-03T15:52:39.761+0530][87.608s] GC(657) Skipped phase 4 of Reference Processing: no references
[2025-06-03T15:52:39.762+0530][87.608s] GC(657)   Pre Evacuate Collection Set: 0.1ms
[2025-06-03T15:52:39.762+0530][87.608s] GC(657)   Merge Heap Roots: 0.1ms
[2025-06-03T15:52:39.762+0530][87.608s] GC(657)   Evacuate Collection Set: 0.2ms
[2025-06-03T15:52:39.762+0530][87.608s] GC(657)   Post Evacuate Collection Set: 0.4ms
[2025-06-03T15:52:39.762+0530][87.608s] GC(657)   Other: 0.2ms
[2025-06-03T15:52:39.762+0530][87.608s] GC(657) Eden regions: 306->0(306)
[2025-06-03T15:52:39.762+0530][87.608s] GC(657) Survivor regions: 1->1(39)
[2025-06-03T15:52:39.762+0530][87.608s] GC(657) Old regions: 9->9
[2025-06-03T15:52:39.762+0530][87.608s] GC(657) Archive regions: 2->2
[2025-06-03T15:52:39.762+0530][87.608s] GC(657) Humongous regions: 0->0
[2025-06-03T15:52:39.762+0530][87.608s] GC(657) Metaspace: 20480K(20992K)->20480K(20992K) NonClass: 17894K(18176K)->17894K(18176K) Class: 2585K(2816K)->2585K(2816K)
[2025-06-03T15:52:39.762+0530][87.608s] GC(657) Pause Young (Normal) (G1 Evacuation Pause) 315M->9M(512M) 1.168ms
[2025-06-03T15:52:39.762+0530][87.608s] GC(657) User=0.01s Sys=0.00s Real=0.00s
[2025-06-03T15:52:39.886+0530][87.732s] GC(658) Pause Young (Normal) (G1 Evacuation Pause)
[2025-06-03T15:52:39.886+0530][87.732s] GC(658) Using 8 workers of 8 for evacuation
[2025-06-03T15:52:39.886+0530][87.733s] GC(658) Skipped phase 1 of Reference Processing: no references
[2025-06-03T15:52:39.886+0530][87.733s] GC(658) Skipped phase 2 of Reference Processing: no references
[2025-06-03T15:52:39.886+0530][87.733s] GC(658) Skipped phase 3 of Reference Processing: no references
[2025-06-03T15:52:39.886+0530][87.733s] GC(658) Skipped phase 4 of Reference Processing: no references
[2025-06-03T15:52:39.887+0530][87.733s] GC(658)   Pre Evacuate Collection Set: 0.1ms
[2025-06-03T15:52:39.887+0530][87.733s] GC(658)   Merge Heap Roots: 0.1ms
[2025-06-03T15:52:39.887+0530][87.733s] GC(658)   Evacuate Collection Set: 0.2ms
[2025-06-03T15:52:39.887+0530][87.733s] GC(658)   Post Evacuate Collection Set: 0.4ms
[2025-06-03T15:52:39.887+0530][87.733s] GC(658)   Other: 0.2ms
[2025-06-03T15:52:39.887+0530][87.733s] GC(658) Eden regions: 306->0(306)
[2025-06-03T15:52:39.887+0530][87.733s] GC(658) Survivor regions: 1->1(39)
[2025-06-03T15:52:39.887+0530][87.733s] GC(658) Old regions: 9->9
[2025-06-03T15:52:39.887+0530][87.733s] GC(658) Archive regions: 2->2
[2025-06-03T15:52:39.887+0530][87.733s] GC(658) Humongous regions: 0->0
[2025-06-03T15:52:39.887+0530][87.733s] GC(658) Metaspace: 20480K(20992K)->20480K(20992K) NonClass: 17894K(18176K)->17894K(18176K) Class: 2585K(2816K)->2585K(2816K)
[2025-06-03T15:52:39.887+0530][87.734s] GC(658) Pause Young (Normal) (G1 Evacuation Pause) 315M->9M(512M) 1.106ms
[2025-06-03T15:52:39.887+0530][87.734s] GC(658) User=0.00s Sys=0.00s Real=0.00s
[2025-06-03T15:52:40.010+0530][87.856s] GC(659) Pause Young (Normal) (G1 Evacuation Pause)
[2025-06-03T15:52:40.010+0530][87.856s] GC(659) Using 8 workers of 8 for evacuation
[2025-06-03T15:52:40.010+0530][87.857s] GC(659) Skipped phase 1 of Reference Processing: no references
[2025-06-03T15:52:40.010+0530][87.857s] GC(659) Skipped phase 2 of Reference Processing: no references
[2025-06-03T15:52:40.010+0530][87.857s] GC(659) Skipped phase 3 of Reference Processing: no references
[2025-06-03T15:52:40.010+0530][87.857s] GC(659) Skipped phase 4 of Reference Processing: no references
[2025-06-03T15:52:40.011+0530][87.857s] GC(659)   Pre Evacuate Collection Set: 0.1ms
[2025-06-03T15:52:40.011+0530][87.857s] GC(659)   Merge Heap Roots: 0.1ms
[2025-06-03T15:52:40.011+0530][87.857s] GC(659)   Evacuate Collection Set: 0.2ms
[2025-06-03T15:52:40.011+0530][87.857s] GC(659)   Post Evacuate Collection Set: 0.4ms
[2025-06-03T15:52:40.011+0530][87.857s] GC(659)   Other: 0.2ms
[2025-06-03T15:52:40.011+0530][87.857s] GC(659) Eden regions: 306->0(306)
[2025-06-03T15:52:40.011+0530][87.857s] GC(659) Survivor regions: 1->1(39)
[2025-06-03T15:52:40.011+0530][87.857s] GC(659) Old regions: 9->9
[2025-06-03T15:52:40.011+0530][87.857s] GC(659) Archive regions: 2->2
[2025-06-03T15:52:40.011+0530][87.857s] GC(659) Humongous regions: 0->0
[2025-06-03T15:52:40.011+0530][87.857s] GC(659) Metaspace: 20480K(20992K)->20480K(20992K) NonClass: 17894K(18176K)->17894K(18176K) Class: 2585K(2816K)->2585K(2816K)
[2025-06-03T15:52:40.011+0530][87.857s] GC(659) Pause Young (Normal) (G1 Evacuation Pause) 315M->9M(512M) 1.048ms
[2025-06-03T15:52:40.011+0530][87.857s] GC(659) User=0.00s Sys=0.00s Real=0.00s
[2025-06-03T15:52:40.135+0530][87.982s] GC(660) Pause Young (Normal) (G1 Evacuation Pause)
[2025-06-03T15:52:40.135+0530][87.982s] GC(660) Using 8 workers of 8 for evacuation
[2025-06-03T15:52:40.136+0530][87.982s] GC(660) Skipped phase 1 of Reference Processing: no references
[2025-06-03T15:52:40.136+0530][87.982s] GC(660) Skipped phase 2 of Reference Processing: no references
[2025-06-03T15:52:40.136+0530][87.982s] GC(660) Skipped phase 3 of Reference Processing: no references
[2025-06-03T15:52:40.136+0530][87.982s] GC(660) Skipped phase 4 of Reference Processing: no references
[2025-06-03T15:52:40.136+0530][87.983s] GC(660)   Pre Evacuate Collection Set: 0.1ms
[2025-06-03T15:52:40.136+0530][87.983s] GC(660)   Merge Heap Roots: 0.1ms
[2025-06-03T15:52:40.136+0530][87.983s] GC(660)   Evacuate Collection Set: 0.2ms
[2025-06-03T15:52:40.136+0530][87.983s] GC(660)   Post Evacuate Collection Set: 0.4ms
[2025-06-03T15:52:40.136+0530][87.983s] GC(660)   Other: 0.2ms
[2025-06-03T15:52:40.136+0530][87.983s] GC(660) Eden regions: 306->0(306)
[2025-06-03T15:52:40.136+0530][87.983s] GC(660) Survivor regions: 1->1(39)
[2025-06-03T15:52:40.136+0530][87.983s] GC(660) Old regions: 9->9
[2025-06-03T15:52:40.136+0530][87.983s] GC(660) Archive regions: 2->2
[2025-06-03T15:52:40.136+0530][87.983s] GC(660) Humongous regions: 0->0
[2025-06-03T15:52:40.136+0530][87.983s] GC(660) Metaspace: 20480K(20992K)->20480K(20992K) NonClass: 17894K(18176K)->17894K(18176K) Class: 2585K(2816K)->2585K(2816K)
[2025-06-03T15:52:40.136+0530][87.983s] GC(660) Pause Young (Normal) (G1 Evacuation Pause) 315M->9M(512M) 1.105ms
[2025-06-03T15:52:40.136+0530][87.983s] GC(660) User=0.00s Sys=0.00s Real=0.00s
[2025-06-03T15:52:40.271+0530][88.117s] GC(661) Pause Young (Normal) (G1 Evacuation Pause)
[2025-06-03T15:52:40.271+0530][88.117s] GC(661) Using 8 workers of 8 for evacuation
[2025-06-03T15:52:40.271+0530][88.118s] GC(661) Skipped phase 1 of Reference Processing: no references
[2025-06-03T15:52:40.271+0530][88.118s] GC(661) Skipped phase 2 of Reference Processing: no references
[2025-06-03T15:52:40.271+0530][88.118s] GC(661) Skipped phase 3 of Reference Processing: no references
[2025-06-03T15:52:40.271+0530][88.118s] GC(661) Skipped phase 4 of Reference Processing: no references
[2025-06-03T15:52:40.271+0530][88.118s] GC(661)   Pre Evacuate Collection Set: 0.1ms
[2025-06-03T15:52:40.272+0530][88.118s] GC(661)   Merge Heap Roots: 0.1ms
[2025-06-03T15:52:40.272+0530][88.118s] GC(661)   Evacuate Collection Set: 0.2ms
[2025-06-03T15:52:40.272+0530][88.118s] GC(661)   Post Evacuate Collection Set: 0.4ms
[2025-06-03T15:52:40.272+0530][88.118s] GC(661)   Other: 0.2ms
[2025-06-03T15:52:40.272+0530][88.118s] GC(661) Eden regions: 306->0(306)
[2025-06-03T15:52:40.272+0530][88.118s] GC(661) Survivor regions: 1->1(39)
[2025-06-03T15:52:40.272+0530][88.118s] GC(661) Old regions: 9->9
[2025-06-03T15:52:40.272+0530][88.118s] GC(661) Archive regions: 2->2
[2025-06-03T15:52:40.272+0530][88.118s] GC(661) Humongous regions: 0->0
[2025-06-03T15:52:40.272+0530][88.118s] GC(661) Metaspace: 20480K(20992K)->20480K(20992K) NonClass: 17894K(18176K)->17894K(18176K) Class: 2585K(2816K)->2585K(2816K)
[2025-06-03T15:52:40.272+0530][88.118s] GC(661) Pause Young (Normal) (G1 Evacuation Pause) 315M->9M(512M) 1.088ms
[2025-06-03T15:52:40.272+0530][88.118s] GC(661) User=0.00s Sys=0.00s Real=0.00s
[2025-06-03T15:52:40.396+0530][88.242s] GC(662) Pause Young (Normal) (G1 Evacuation Pause)
[2025-06-03T15:52:40.396+0530][88.242s] GC(662) Using 8 workers of 8 for evacuation
[2025-06-03T15:52:40.396+0530][88.243s] GC(662) Skipped phase 1 of Reference Processing: no references
[2025-06-03T15:52:40.396+0530][88.243s] GC(662) Skipped phase 2 of Reference Processing: no references
[2025-06-03T15:52:40.396+0530][88.243s] GC(662) Skipped phase 3 of Reference Processing: no references
[2025-06-03T15:52:40.396+0530][88.243s] GC(662) Skipped phase 4 of Reference Processing: no references
[2025-06-03T15:52:40.397+0530][88.243s] GC(662)   Pre Evacuate Collection Set: 0.1ms
[2025-06-03T15:52:40.397+0530][88.243s] GC(662)   Merge Heap Roots: 0.1ms
[2025-06-03T15:52:40.397+0530][88.243s] GC(662)   Evacuate Collection Set: 0.2ms
[2025-06-03T15:52:40.397+0530][88.243s] GC(662)   Post Evacuate Collection Set: 0.4ms
[2025-06-03T15:52:40.397+0530][88.243s] GC(662)   Other: 0.2ms
[2025-06-03T15:52:40.397+0530][88.243s] GC(662) Eden regions: 306->0(306)
[2025-06-03T15:52:40.397+0530][88.243s] GC(662) Survivor regions: 1->1(39)
[2025-06-03T15:52:40.397+0530][88.243s] GC(662) Old regions: 9->9
[2025-06-03T15:52:40.397+0530][88.243s] GC(662) Archive regions: 2->2
[2025-06-03T15:52:40.397+0530][88.243s] GC(662) Humongous regions: 0->0
[2025-06-03T15:52:40.397+0530][88.243s] GC(662) Metaspace: 20480K(20992K)->20480K(20992K) NonClass: 17894K(18176K)->17894K(18176K) Class: 2585K(2816K)->2585K(2816K)
[2025-06-03T15:52:40.397+0530][88.243s] GC(662) Pause Young (Normal) (G1 Evacuation Pause) 315M->9M(512M) 1.150ms
[2025-06-03T15:52:40.397+0530][88.244s] GC(662) User=0.01s Sys=0.00s Real=0.00s
[2025-06-03T15:52:40.521+0530][88.368s] GC(663) Pause Young (Normal) (G1 Evacuation Pause)
[2025-06-03T15:52:40.521+0530][88.368s] GC(663) Using 8 workers of 8 for evacuation
[2025-06-03T15:52:40.522+0530][88.369s] GC(663) Skipped phase 1 of Reference Processing: no references
[2025-06-03T15:52:40.522+0530][88.369s] GC(663) Skipped phase 2 of Reference Processing: no references
[2025-06-03T15:52:40.522+0530][88.369s] GC(663) Skipped phase 3 of Reference Processing: no references
[2025-06-03T15:52:40.522+0530][88.369s] GC(663) Skipped phase 4 of Reference Processing: no references
[2025-06-03T15:52:40.523+0530][88.369s] GC(663)   Pre Evacuate Collection Set: 0.1ms
[2025-06-03T15:52:40.523+0530][88.369s] GC(663)   Merge Heap Roots: 0.1ms
[2025-06-03T15:52:40.523+0530][88.369s] GC(663)   Evacuate Collection Set: 0.3ms
[2025-06-03T15:52:40.523+0530][88.369s] GC(663)   Post Evacuate Collection Set: 0.5ms
[2025-06-03T15:52:40.523+0530][88.369s] GC(663)   Other: 0.2ms
[2025-06-03T15:52:40.523+0530][88.369s] GC(663) Eden regions: 306->0(306)
[2025-06-03T15:52:40.523+0530][88.369s] GC(663) Survivor regions: 1->1(39)
[2025-06-03T15:52:40.523+0530][88.369s] GC(663) Old regions: 9->9
[2025-06-03T15:52:40.523+0530][88.369s] GC(663) Archive regions: 2->2
[2025-06-03T15:52:40.523+0530][88.369s] GC(663) Humongous regions: 0->0
[2025-06-03T15:52:40.523+0530][88.369s] GC(663) Metaspace: 20480K(20992K)->20480K(20992K) NonClass: 17894K(18176K)->17894K(18176K) Class: 2585K(2816K)->2585K(2816K)
[2025-06-03T15:52:40.523+0530][88.369s] GC(663) Pause Young (Normal) (G1 Evacuation Pause) 315M->9M(512M) 1.257ms
[2025-06-03T15:52:40.523+0530][88.369s] GC(663) User=0.00s Sys=0.00s Real=0.00s
[2025-06-03T15:52:40.645+0530][88.492s] GC(664) Pause Young (Normal) (G1 Evacuation Pause)
[2025-06-03T15:52:40.645+0530][88.492s] GC(664) Using 8 workers of 8 for evacuation
[2025-06-03T15:52:40.646+0530][88.492s] GC(664) Skipped phase 1 of Reference Processing: no references
[2025-06-03T15:52:40.646+0530][88.492s] GC(664) Skipped phase 2 of Reference Processing: no references
[2025-06-03T15:52:40.646+0530][88.492s] GC(664) Skipped phase 3 of Reference Processing: no references
[2025-06-03T15:52:40.646+0530][88.492s] GC(664) Skipped phase 4 of Reference Processing: no references
[2025-06-03T15:52:40.646+0530][88.493s] GC(664)   Pre Evacuate Collection Set: 0.1ms
[2025-06-03T15:52:40.646+0530][88.493s] GC(664)   Merge Heap Roots: 0.1ms
[2025-06-03T15:52:40.646+0530][88.493s] GC(664)   Evacuate Collection Set: 0.3ms
[2025-06-03T15:52:40.646+0530][88.493s] GC(664)   Post Evacuate Collection Set: 0.4ms
[2025-06-03T15:52:40.646+0530][88.493s] GC(664)   Other: 0.2ms
[2025-06-03T15:52:40.646+0530][88.493s] GC(664) Eden regions: 306->0(306)
[2025-06-03T15:52:40.646+0530][88.493s] GC(664) Survivor regions: 1->1(39)
[2025-06-03T15:52:40.646+0530][88.493s] GC(664) Old regions: 9->9
[2025-06-03T15:52:40.646+0530][88.493s] GC(664) Archive regions: 2->2
[2025-06-03T15:52:40.646+0530][88.493s] GC(664) Humongous regions: 0->0
[2025-06-03T15:52:40.646+0530][88.493s] GC(664) Metaspace: 20480K(20992K)->20480K(20992K) NonClass: 17894K(18176K)->17894K(18176K) Class: 2585K(2816K)->2585K(2816K)
[2025-06-03T15:52:40.647+0530][88.493s] GC(664) Pause Young (Normal) (G1 Evacuation Pause) 315M->9M(512M) 1.245ms
[2025-06-03T15:52:40.647+0530][88.493s] GC(664) User=0.00s Sys=0.00s Real=0.00s
[2025-06-03T15:52:40.770+0530][88.617s] GC(665) Pause Young (Normal) (G1 Evacuation Pause)
[2025-06-03T15:52:40.770+0530][88.617s] GC(665) Using 8 workers of 8 for evacuation
[2025-06-03T15:52:40.771+0530][88.617s] GC(665) Skipped phase 1 of Reference Processing: no references
[2025-06-03T15:52:40.771+0530][88.617s] GC(665) Skipped phase 2 of Reference Processing: no references
[2025-06-03T15:52:40.771+0530][88.617s] GC(665) Skipped phase 3 of Reference Processing: no references
[2025-06-03T15:52:40.771+0530][88.617s] GC(665) Skipped phase 4 of Reference Processing: no references
[2025-06-03T15:52:40.771+0530][88.618s] GC(665)   Pre Evacuate Collection Set: 0.1ms
[2025-06-03T15:52:40.771+0530][88.618s] GC(665)   Merge Heap Roots: 0.1ms
[2025-06-03T15:52:40.771+0530][88.618s] GC(665)   Evacuate Collection Set: 0.2ms
[2025-06-03T15:52:40.771+0530][88.618s] GC(665)   Post Evacuate Collection Set: 0.4ms
[2025-06-03T15:52:40.771+0530][88.618s] GC(665)   Other: 0.2ms
[2025-06-03T15:52:40.771+0530][88.618s] GC(665) Eden regions: 306->0(306)
[2025-06-03T15:52:40.771+0530][88.618s] GC(665) Survivor regions: 1->1(39)
[2025-06-03T15:52:40.771+0530][88.618s] GC(665) Old regions: 9->9
[2025-06-03T15:52:40.771+0530][88.618s] GC(665) Archive regions: 2->2
[2025-06-03T15:52:40.771+0530][88.618s] GC(665) Humongous regions: 0->0
[2025-06-03T15:52:40.771+0530][88.618s] GC(665) Metaspace: 20480K(20992K)->20480K(20992K) NonClass: 17894K(18176K)->17894K(18176K) Class: 2585K(2816K)->2585K(2816K)
[2025-06-03T15:52:40.771+0530][88.618s] GC(665) Pause Young (Normal) (G1 Evacuation Pause) 315M->9M(512M) 1.078ms
[2025-06-03T15:52:40.771+0530][88.618s] GC(665) User=0.01s Sys=0.00s Real=0.00s
[2025-06-03T15:52:40.900+0530][88.746s] GC(666) Pause Young (Normal) (G1 Evacuation Pause)
[2025-06-03T15:52:40.900+0530][88.746s] GC(666) Using 8 workers of 8 for evacuation
[2025-06-03T15:52:40.900+0530][88.747s] GC(666) Skipped phase 1 of Reference Processing: no references
[2025-06-03T15:52:40.900+0530][88.747s] GC(666) Skipped phase 2 of Reference Processing: no references
[2025-06-03T15:52:40.900+0530][88.747s] GC(666) Skipped phase 3 of Reference Processing: no references
[2025-06-03T15:52:40.900+0530][88.747s] GC(666) Skipped phase 4 of Reference Processing: no references
[2025-06-03T15:52:40.901+0530][88.747s] GC(666)   Pre Evacuate Collection Set: 0.1ms
[2025-06-03T15:52:40.901+0530][88.747s] GC(666)   Merge Heap Roots: 0.1ms
[2025-06-03T15:52:40.901+0530][88.747s] GC(666)   Evacuate Collection Set: 0.2ms
[2025-06-03T15:52:40.901+0530][88.747s] GC(666)   Post Evacuate Collection Set: 0.5ms
[2025-06-03T15:52:40.901+0530][88.747s] GC(666)   Other: 0.2ms
[2025-06-03T15:52:40.901+0530][88.747s] GC(666) Eden regions: 306->0(306)
[2025-06-03T15:52:40.901+0530][88.747s] GC(666) Survivor regions: 1->1(39)
[2025-06-03T15:52:40.901+0530][88.747s] GC(666) Old regions: 9->9
[2025-06-03T15:52:40.901+0530][88.747s] GC(666) Archive regions: 2->2
[2025-06-03T15:52:40.901+0530][88.747s] GC(666) Humongous regions: 0->0
[2025-06-03T15:52:40.901+0530][88.747s] GC(666) Metaspace: 20480K(20992K)->20480K(20992K) NonClass: 17894K(18176K)->17894K(18176K) Class: 2585K(2816K)->2585K(2816K)
[2025-06-03T15:52:40.901+0530][88.747s] GC(666) Pause Young (Normal) (G1 Evacuation Pause) 315M->9M(512M) 1.207ms
[2025-06-03T15:52:40.901+0530][88.747s] GC(666) User=0.00s Sys=0.01s Real=0.00s
[2025-06-03T15:52:41.027+0530][88.873s] GC(667) Pause Young (Normal) (G1 Evacuation Pause)
[2025-06-03T15:52:41.027+0530][88.873s] GC(667) Using 8 workers of 8 for evacuation
[2025-06-03T15:52:41.027+0530][88.874s] GC(667) Skipped phase 1 of Reference Processing: no references
[2025-06-03T15:52:41.027+0530][88.874s] GC(667) Skipped phase 2 of Reference Processing: no references
[2025-06-03T15:52:41.027+0530][88.874s] GC(667) Skipped phase 3 of Reference Processing: no references
[2025-06-03T15:52:41.028+0530][88.874s] GC(667) Skipped phase 4 of Reference Processing: no references
[2025-06-03T15:52:41.028+0530][88.874s] GC(667)   Pre Evacuate Collection Set: 0.1ms
[2025-06-03T15:52:41.028+0530][88.874s] GC(667)   Merge Heap Roots: 0.1ms
[2025-06-03T15:52:41.028+0530][88.874s] GC(667)   Evacuate Collection Set: 0.2ms
[2025-06-03T15:52:41.028+0530][88.875s] GC(667)   Post Evacuate Collection Set: 0.5ms
[2025-06-03T15:52:41.028+0530][88.875s] GC(667)   Other: 0.2ms
[2025-06-03T15:52:41.028+0530][88.875s] GC(667) Eden regions: 306->0(306)
[2025-06-03T15:52:41.028+0530][88.875s] GC(667) Survivor regions: 1->1(39)
[2025-06-03T15:52:41.028+0530][88.875s] GC(667) Old regions: 9->9
[2025-06-03T15:52:41.028+0530][88.875s] GC(667) Archive regions: 2->2
[2025-06-03T15:52:41.028+0530][88.875s] GC(667) Humongous regions: 0->0
[2025-06-03T15:52:41.028+0530][88.875s] GC(667) Metaspace: 20480K(20992K)->20480K(20992K) NonClass: 17894K(18176K)->17894K(18176K) Class: 2585K(2816K)->2585K(2816K)
[2025-06-03T15:52:41.028+0530][88.875s] GC(667) Pause Young (Normal) (G1 Evacuation Pause) 315M->9M(512M) 1.186ms
[2025-06-03T15:52:41.028+0530][88.875s] GC(667) User=0.01s Sys=0.00s Real=0.00s
[2025-06-03T15:52:41.167+0530][89.014s] GC(668) Pause Young (Normal) (G1 Evacuation Pause)
[2025-06-03T15:52:41.167+0530][89.014s] GC(668) Using 8 workers of 8 for evacuation
[2025-06-03T15:52:41.168+0530][89.014s] GC(668) Skipped phase 1 of Reference Processing: no references
[2025-06-03T15:52:41.168+0530][89.014s] GC(668) Skipped phase 2 of Reference Processing: no references
[2025-06-03T15:52:41.168+0530][89.014s] GC(668) Skipped phase 3 of Reference Processing: no references
[2025-06-03T15:52:41.168+0530][89.014s] GC(668) Skipped phase 4 of Reference Processing: no references
[2025-06-03T15:52:41.168+0530][89.015s] GC(668)   Pre Evacuate Collection Set: 0.1ms
[2025-06-03T15:52:41.168+0530][89.015s] GC(668)   Merge Heap Roots: 0.1ms
[2025-06-03T15:52:41.168+0530][89.015s] GC(668)   Evacuate Collection Set: 0.3ms
[2025-06-03T15:52:41.168+0530][89.015s] GC(668)   Post Evacuate Collection Set: 0.4ms
[2025-06-03T15:52:41.168+0530][89.015s] GC(668)   Other: 0.2ms
[2025-06-03T15:52:41.168+0530][89.015s] GC(668) Eden regions: 306->0(306)
[2025-06-03T15:52:41.168+0530][89.015s] GC(668) Survivor regions: 1->1(39)
[2025-06-03T15:52:41.168+0530][89.015s] GC(668) Old regions: 9->9
[2025-06-03T15:52:41.168+0530][89.015s] GC(668) Archive regions: 2->2
[2025-06-03T15:52:41.168+0530][89.015s] GC(668) Humongous regions: 0->0
[2025-06-03T15:52:41.168+0530][89.015s] GC(668) Metaspace: 20480K(20992K)->20480K(20992K) NonClass: 17894K(18176K)->17894K(18176K) Class: 2585K(2816K)->2585K(2816K)
[2025-06-03T15:52:41.168+0530][89.015s] GC(668) Pause Young (Normal) (G1 Evacuation Pause) 315M->9M(512M) 1.184ms
[2025-06-03T15:52:41.168+0530][89.015s] GC(668) User=0.00s Sys=0.00s Real=0.00s
[2025-06-03T15:52:41.316+0530][89.162s] GC(669) Pause Young (Normal) (G1 Evacuation Pause)
[2025-06-03T15:52:41.316+0530][89.162s] GC(669) Using 8 workers of 8 for evacuation
[2025-06-03T15:52:41.316+0530][89.163s] GC(669) Skipped phase 1 of Reference Processing: no references
[2025-06-03T15:52:41.316+0530][89.163s] GC(669) Skipped phase 2 of Reference Processing: no references
[2025-06-03T15:52:41.316+0530][89.163s] GC(669) Skipped phase 3 of Reference Processing: no references
[2025-06-03T15:52:41.316+0530][89.163s] GC(669) Skipped phase 4 of Reference Processing: no references
[2025-06-03T15:52:41.317+0530][89.163s] GC(669)   Pre Evacuate Collection Set: 0.1ms
[2025-06-03T15:52:41.317+0530][89.163s] GC(669)   Merge Heap Roots: 0.1ms
[2025-06-03T15:52:41.317+0530][89.163s] GC(669)   Evacuate Collection Set: 0.2ms
[2025-06-03T15:52:41.317+0530][89.163s] GC(669)   Post Evacuate Collection Set: 0.4ms
[2025-06-03T15:52:41.317+0530][89.163s] GC(669)   Other: 0.2ms
[2025-06-03T15:52:41.317+0530][89.163s] GC(669) Eden regions: 306->0(306)
[2025-06-03T15:52:41.317+0530][89.163s] GC(669) Survivor regions: 1->1(39)
[2025-06-03T15:52:41.317+0530][89.163s] GC(669) Old regions: 9->9
[2025-06-03T15:52:41.317+0530][89.163s] GC(669) Archive regions: 2->2
[2025-06-03T15:52:41.317+0530][89.164s] GC(669) Humongous regions: 0->0
[2025-06-03T15:52:41.317+0530][89.164s] GC(669) Metaspace: 20480K(20992K)->20480K(20992K) NonClass: 17894K(18176K)->17894K(18176K) Class: 2585K(2816K)->2585K(2816K)
[2025-06-03T15:52:41.317+0530][89.164s] GC(669) Pause Young (Normal) (G1 Evacuation Pause) 315M->9M(512M) 1.164ms
[2025-06-03T15:52:41.317+0530][89.164s] GC(669) User=0.00s Sys=0.00s Real=0.00s
[2025-06-03T15:52:41.445+0530][89.292s] GC(670) Pause Young (Normal) (G1 Evacuation Pause)
[2025-06-03T15:52:41.446+0530][89.292s] GC(670) Using 8 workers of 8 for evacuation
[2025-06-03T15:52:41.446+0530][89.292s] GC(670) Skipped phase 1 of Reference Processing: no references
[2025-06-03T15:52:41.446+0530][89.292s] GC(670) Skipped phase 2 of Reference Processing: no references
[2025-06-03T15:52:41.446+0530][89.292s] GC(670) Skipped phase 3 of Reference Processing: no references
[2025-06-03T15:52:41.446+0530][89.293s] GC(670) Skipped phase 4 of Reference Processing: no references
[2025-06-03T15:52:41.446+0530][89.293s] GC(670)   Pre Evacuate Collection Set: 0.1ms
[2025-06-03T15:52:41.446+0530][89.293s] GC(670)   Merge Heap Roots: 0.1ms
[2025-06-03T15:52:41.446+0530][89.293s] GC(670)   Evacuate Collection Set: 0.2ms
[2025-06-03T15:52:41.446+0530][89.293s] GC(670)   Post Evacuate Collection Set: 0.4ms
[2025-06-03T15:52:41.446+0530][89.293s] GC(670)   Other: 0.2ms
[2025-06-03T15:52:41.446+0530][89.293s] GC(670) Eden regions: 306->0(306)
[2025-06-03T15:52:41.446+0530][89.293s] GC(670) Survivor regions: 1->1(39)
[2025-06-03T15:52:41.446+0530][89.293s] GC(670) Old regions: 9->9
[2025-06-03T15:52:41.446+0530][89.293s] GC(670) Archive regions: 2->2
[2025-06-03T15:52:41.446+0530][89.293s] GC(670) Humongous regions: 0->0
[2025-06-03T15:52:41.446+0530][89.293s] GC(670) Metaspace: 20480K(20992K)->20480K(20992K) NonClass: 17894K(18176K)->17894K(18176K) Class: 2585K(2816K)->2585K(2816K)
[2025-06-03T15:52:41.447+0530][89.293s] GC(670) Pause Young (Normal) (G1 Evacuation Pause) 315M->9M(512M) 1.056ms
[2025-06-03T15:52:41.447+0530][89.293s] GC(670) User=0.00s Sys=0.00s Real=0.00s
[2025-06-03T15:52:41.571+0530][89.417s] GC(671) Pause Young (Normal) (G1 Evacuation Pause)
[2025-06-03T15:52:41.571+0530][89.417s] GC(671) Using 8 workers of 8 for evacuation
[2025-06-03T15:52:41.571+0530][89.418s] GC(671) Skipped phase 1 of Reference Processing: no references
[2025-06-03T15:52:41.571+0530][89.418s] GC(671) Skipped phase 2 of Reference Processing: no references
[2025-06-03T15:52:41.571+0530][89.418s] GC(671) Skipped phase 3 of Reference Processing: no references
[2025-06-03T15:52:41.571+0530][89.418s] GC(671) Skipped phase 4 of Reference Processing: no references
[2025-06-03T15:52:41.572+0530][89.418s] GC(671)   Pre Evacuate Collection Set: 0.1ms
[2025-06-03T15:52:41.572+0530][89.418s] GC(671)   Merge Heap Roots: 0.1ms
[2025-06-03T15:52:41.572+0530][89.418s] GC(671)   Evacuate Collection Set: 0.2ms
[2025-06-03T15:52:41.572+0530][89.418s] GC(671)   Post Evacuate Collection Set: 0.4ms
[2025-06-03T15:52:41.572+0530][89.418s] GC(671)   Other: 0.2ms
[2025-06-03T15:52:41.572+0530][89.418s] GC(671) Eden regions: 306->0(306)
[2025-06-03T15:52:41.572+0530][89.418s] GC(671) Survivor regions: 1->1(39)
[2025-06-03T15:52:41.572+0530][89.418s] GC(671) Old regions: 9->9
[2025-06-03T15:52:41.572+0530][89.418s] GC(671) Archive regions: 2->2
[2025-06-03T15:52:41.572+0530][89.418s] GC(671) Humongous regions: 0->0
[2025-06-03T15:52:41.572+0530][89.418s] GC(671) Metaspace: 20480K(20992K)->20480K(20992K) NonClass: 17894K(18176K)->17894K(18176K) Class: 2585K(2816K)->2585K(2816K)
[2025-06-03T15:52:41.572+0530][89.418s] GC(671) Pause Young (Normal) (G1 Evacuation Pause) 315M->9M(512M) 1.127ms
[2025-06-03T15:52:41.572+0530][89.419s] GC(671) User=0.00s Sys=0.00s Real=0.00s
[2025-06-03T15:52:41.696+0530][89.542s] GC(672) Pause Young (Normal) (G1 Evacuation Pause)
[2025-06-03T15:52:41.696+0530][89.542s] GC(672) Using 8 workers of 8 for evacuation
[2025-06-03T15:52:41.696+0530][89.543s] GC(672) Skipped phase 1 of Reference Processing: no references
[2025-06-03T15:52:41.696+0530][89.543s] GC(672) Skipped phase 2 of Reference Processing: no references
[2025-06-03T15:52:41.696+0530][89.543s] GC(672) Skipped phase 3 of Reference Processing: no references
[2025-06-03T15:52:41.696+0530][89.543s] GC(672) Skipped phase 4 of Reference Processing: no references
[2025-06-03T15:52:41.697+0530][89.543s] GC(672)   Pre Evacuate Collection Set: 0.1ms
[2025-06-03T15:52:41.697+0530][89.543s] GC(672)   Merge Heap Roots: 0.1ms
[2025-06-03T15:52:41.697+0530][89.543s] GC(672)   Evacuate Collection Set: 0.2ms
[2025-06-03T15:52:41.697+0530][89.543s] GC(672)   Post Evacuate Collection Set: 0.5ms
[2025-06-03T15:52:41.697+0530][89.543s] GC(672)   Other: 0.2ms
[2025-06-03T15:52:41.697+0530][89.543s] GC(672) Eden regions: 306->0(306)
[2025-06-03T15:52:41.697+0530][89.543s] GC(672) Survivor regions: 1->1(39)
[2025-06-03T15:52:41.697+0530][89.543s] GC(672) Old regions: 9->9
[2025-06-03T15:52:41.697+0530][89.543s] GC(672) Archive regions: 2->2
[2025-06-03T15:52:41.697+0530][89.543s] GC(672) Humongous regions: 0->0
[2025-06-03T15:52:41.697+0530][89.543s] GC(672) Metaspace: 20480K(20992K)->20480K(20992K) NonClass: 17894K(18176K)->17894K(18176K) Class: 2585K(2816K)->2585K(2816K)
[2025-06-03T15:52:41.697+0530][89.543s] GC(672) Pause Young (Normal) (G1 Evacuation Pause) 315M->9M(512M) 1.132ms
[2025-06-03T15:52:41.697+0530][89.543s] GC(672) User=0.00s Sys=0.01s Real=0.00s
[2025-06-03T15:52:41.820+0530][89.666s] GC(673) Pause Young (Normal) (G1 Evacuation Pause)
[2025-06-03T15:52:41.820+0530][89.666s] GC(673) Using 8 workers of 8 for evacuation
[2025-06-03T15:52:41.820+0530][89.667s] GC(673) Skipped phase 1 of Reference Processing: no references
[2025-06-03T15:52:41.820+0530][89.667s] GC(673) Skipped phase 2 of Reference Processing: no references
[2025-06-03T15:52:41.820+0530][89.667s] GC(673) Skipped phase 3 of Reference Processing: no references
[2025-06-03T15:52:41.820+0530][89.667s] GC(673) Skipped phase 4 of Reference Processing: no references
[2025-06-03T15:52:41.820+0530][89.667s] GC(673)   Pre Evacuate Collection Set: 0.1ms
[2025-06-03T15:52:41.820+0530][89.667s] GC(673)   Merge Heap Roots: 0.1ms
[2025-06-03T15:52:41.820+0530][89.667s] GC(673)   Evacuate Collection Set: 0.2ms
[2025-06-03T15:52:41.820+0530][89.667s] GC(673)   Post Evacuate Collection Set: 0.4ms
[2025-06-03T15:52:41.821+0530][89.667s] GC(673)   Other: 0.2ms
[2025-06-03T15:52:41.821+0530][89.667s] GC(673) Eden regions: 306->0(306)
[2025-06-03T15:52:41.821+0530][89.667s] GC(673) Survivor regions: 1->1(39)
[2025-06-03T15:52:41.821+0530][89.667s] GC(673) Old regions: 9->9
[2025-06-03T15:52:41.821+0530][89.667s] GC(673) Archive regions: 2->2
[2025-06-03T15:52:41.821+0530][89.667s] GC(673) Humongous regions: 0->0
[2025-06-03T15:52:41.821+0530][89.667s] GC(673) Metaspace: 20480K(20992K)->20480K(20992K) NonClass: 17894K(18176K)->17894K(18176K) Class: 2585K(2816K)->2585K(2816K)
[2025-06-03T15:52:41.821+0530][89.667s] GC(673) Pause Young (Normal) (G1 Evacuation Pause) 315M->9M(512M) 1.043ms
[2025-06-03T15:52:41.821+0530][89.667s] GC(673) User=0.00s Sys=0.00s Real=0.00s
[2025-06-03T15:52:41.940+0530][89.786s] GC(674) Pause Young (Normal) (G1 Evacuation Pause)
[2025-06-03T15:52:41.940+0530][89.786s] GC(674) Using 8 workers of 8 for evacuation
[2025-06-03T15:52:41.940+0530][89.787s] GC(674) Skipped phase 1 of Reference Processing: no references
[2025-06-03T15:52:41.940+0530][89.787s] GC(674) Skipped phase 2 of Reference Processing: no references
[2025-06-03T15:52:41.940+0530][89.787s] GC(674) Skipped phase 3 of Reference Processing: no references
[2025-06-03T15:52:41.940+0530][89.787s] GC(674) Skipped phase 4 of Reference Processing: no references
[2025-06-03T15:52:41.940+0530][89.787s] GC(674)   Pre Evacuate Collection Set: 0.1ms
[2025-06-03T15:52:41.941+0530][89.787s] GC(674)   Merge Heap Roots: 0.1ms
[2025-06-03T15:52:41.941+0530][89.787s] GC(674)   Evacuate Collection Set: 0.2ms
[2025-06-03T15:52:41.941+0530][89.787s] GC(674)   Post Evacuate Collection Set: 0.4ms
[2025-06-03T15:52:41.941+0530][89.787s] GC(674)   Other: 0.2ms
[2025-06-03T15:52:41.941+0530][89.787s] GC(674) Eden regions: 306->0(306)
[2025-06-03T15:52:41.941+0530][89.787s] GC(674) Survivor regions: 1->1(39)
[2025-06-03T15:52:41.941+0530][89.787s] GC(674) Old regions: 9->9
[2025-06-03T15:52:41.941+0530][89.787s] GC(674) Archive regions: 2->2
[2025-06-03T15:52:41.941+0530][89.787s] GC(674) Humongous regions: 0->0
[2025-06-03T15:52:41.941+0530][89.787s] GC(674) Metaspace: 20480K(20992K)->20480K(20992K) NonClass: 17894K(18176K)->17894K(18176K) Class: 2585K(2816K)->2585K(2816K)
[2025-06-03T15:52:41.941+0530][89.787s] GC(674) Pause Young (Normal) (G1 Evacuation Pause) 315M->9M(512M) 1.153ms
[2025-06-03T15:52:41.941+0530][89.787s] GC(674) User=0.00s Sys=0.00s Real=0.00s
[2025-06-03T15:52:42.060+0530][89.907s] GC(675) Pause Young (Normal) (G1 Evacuation Pause)
[2025-06-03T15:52:42.060+0530][89.907s] GC(675) Using 8 workers of 8 for evacuation
[2025-06-03T15:52:42.061+0530][89.907s] GC(675) Skipped phase 1 of Reference Processing: no references
[2025-06-03T15:52:42.061+0530][89.907s] GC(675) Skipped phase 2 of Reference Processing: no references
[2025-06-03T15:52:42.061+0530][89.907s] GC(675) Skipped phase 3 of Reference Processing: no references
[2025-06-03T15:52:42.061+0530][89.907s] GC(675) Skipped phase 4 of Reference Processing: no references
[2025-06-03T15:52:42.061+0530][89.908s] GC(675)   Pre Evacuate Collection Set: 0.1ms
[2025-06-03T15:52:42.061+0530][89.908s] GC(675)   Merge Heap Roots: 0.1ms
[2025-06-03T15:52:42.061+0530][89.908s] GC(675)   Evacuate Collection Set: 0.2ms
[2025-06-03T15:52:42.061+0530][89.908s] GC(675)   Post Evacuate Collection Set: 0.4ms
[2025-06-03T15:52:42.061+0530][89.908s] GC(675)   Other: 0.2ms
[2025-06-03T15:52:42.061+0530][89.908s] GC(675) Eden regions: 306->0(306)
[2025-06-03T15:52:42.061+0530][89.908s] GC(675) Survivor regions: 1->1(39)
[2025-06-03T15:52:42.061+0530][89.908s] GC(675) Old regions: 9->9
[2025-06-03T15:52:42.061+0530][89.908s] GC(675) Archive regions: 2->2
[2025-06-03T15:52:42.061+0530][89.908s] GC(675) Humongous regions: 0->0
[2025-06-03T15:52:42.061+0530][89.908s] GC(675) Metaspace: 20480K(20992K)->20480K(20992K) NonClass: 17894K(18176K)->17894K(18176K) Class: 2585K(2816K)->2585K(2816K)
[2025-06-03T15:52:42.061+0530][89.908s] GC(675) Pause Young (Normal) (G1 Evacuation Pause) 315M->9M(512M) 1.068ms
[2025-06-03T15:52:42.061+0530][89.908s] GC(675) User=0.00s Sys=0.00s Real=0.00s
[2025-06-03T15:52:42.184+0530][90.030s] GC(676) Pause Young (Normal) (G1 Evacuation Pause)
[2025-06-03T15:52:42.184+0530][90.030s] GC(676) Using 8 workers of 8 for evacuation
[2025-06-03T15:52:42.184+0530][90.031s] GC(676) Skipped phase 1 of Reference Processing: no references
[2025-06-03T15:52:42.184+0530][90.031s] GC(676) Skipped phase 2 of Reference Processing: no references
[2025-06-03T15:52:42.184+0530][90.031s] GC(676) Skipped phase 3 of Reference Processing: no references
[2025-06-03T15:52:42.184+0530][90.031s] GC(676) Skipped phase 4 of Reference Processing: no references
[2025-06-03T15:52:42.185+0530][90.031s] GC(676)   Pre Evacuate Collection Set: 0.1ms
[2025-06-03T15:52:42.185+0530][90.031s] GC(676)   Merge Heap Roots: 0.1ms
[2025-06-03T15:52:42.185+0530][90.031s] GC(676)   Evacuate Collection Set: 0.3ms
[2025-06-03T15:52:42.185+0530][90.031s] GC(676)   Post Evacuate Collection Set: 0.4ms
[2025-06-03T15:52:42.185+0530][90.031s] GC(676)   Other: 0.3ms
[2025-06-03T15:52:42.185+0530][90.031s] GC(676) Eden regions: 306->0(306)
[2025-06-03T15:52:42.185+0530][90.031s] GC(676) Survivor regions: 1->1(39)
[2025-06-03T15:52:42.185+0530][90.032s] GC(676) Old regions: 9->9
[2025-06-03T15:52:42.185+0530][90.032s] GC(676) Archive regions: 2->2
[2025-06-03T15:52:42.185+0530][90.032s] GC(676) Humongous regions: 0->0
[2025-06-03T15:52:42.185+0530][90.032s] GC(676) Metaspace: 20480K(20992K)->20480K(20992K) NonClass: 17894K(18176K)->17894K(18176K) Class: 2585K(2816K)->2585K(2816K)
[2025-06-03T15:52:42.185+0530][90.032s] GC(676) Pause Young (Normal) (G1 Evacuation Pause) 315M->9M(512M) 1.300ms
[2025-06-03T15:52:42.185+0530][90.032s] GC(676) User=0.00s Sys=0.00s Real=0.00s
[2025-06-03T15:52:42.337+0530][90.184s] GC(677) Pause Young (Normal) (G1 Evacuation Pause)
[2025-06-03T15:52:42.337+0530][90.184s] GC(677) Using 8 workers of 8 for evacuation
[2025-06-03T15:52:42.338+0530][90.184s] GC(677) Skipped phase 1 of Reference Processing: no references
[2025-06-03T15:52:42.338+0530][90.184s] GC(677) Skipped phase 2 of Reference Processing: no references
[2025-06-03T15:52:42.338+0530][90.184s] GC(677) Skipped phase 3 of Reference Processing: no references
[2025-06-03T15:52:42.338+0530][90.184s] GC(677) Skipped phase 4 of Reference Processing: no references
[2025-06-03T15:52:42.338+0530][90.184s] GC(677)   Pre Evacuate Collection Set: 0.1ms
[2025-06-03T15:52:42.338+0530][90.184s] GC(677)   Merge Heap Roots: 0.1ms
[2025-06-03T15:52:42.338+0530][90.185s] GC(677)   Evacuate Collection Set: 0.2ms
[2025-06-03T15:52:42.338+0530][90.185s] GC(677)   Post Evacuate Collection Set: 0.4ms
[2025-06-03T15:52:42.338+0530][90.185s] GC(677)   Other: 0.2ms
[2025-06-03T15:52:42.338+0530][90.185s] GC(677) Eden regions: 306->0(306)
[2025-06-03T15:52:42.338+0530][90.185s] GC(677) Survivor regions: 1->1(39)
[2025-06-03T15:52:42.338+0530][90.185s] GC(677) Old regions: 9->9
[2025-06-03T15:52:42.338+0530][90.185s] GC(677) Archive regions: 2->2
[2025-06-03T15:52:42.338+0530][90.185s] GC(677) Humongous regions: 0->0
[2025-06-03T15:52:42.338+0530][90.185s] GC(677) Metaspace: 20480K(20992K)->20480K(20992K) NonClass: 17894K(18176K)->17894K(18176K) Class: 2585K(2816K)->2585K(2816K)
[2025-06-03T15:52:42.338+0530][90.185s] GC(677) Pause Young (Normal) (G1 Evacuation Pause) 315M->9M(512M) 1.118ms
[2025-06-03T15:52:42.338+0530][90.185s] GC(677) User=0.00s Sys=0.00s Real=0.00s
[2025-06-03T15:52:42.482+0530][90.328s] GC(678) Pause Young (Normal) (G1 Evacuation Pause)
[2025-06-03T15:52:42.482+0530][90.328s] GC(678) Using 8 workers of 8 for evacuation
[2025-06-03T15:52:42.482+0530][90.329s] GC(678) Skipped phase 1 of Reference Processing: no references
[2025-06-03T15:52:42.482+0530][90.329s] GC(678) Skipped phase 2 of Reference Processing: no references
[2025-06-03T15:52:42.482+0530][90.329s] GC(678) Skipped phase 3 of Reference Processing: no references
[2025-06-03T15:52:42.482+0530][90.329s] GC(678) Skipped phase 4 of Reference Processing: no references
[2025-06-03T15:52:42.483+0530][90.329s] GC(678)   Pre Evacuate Collection Set: 0.1ms
[2025-06-03T15:52:42.483+0530][90.329s] GC(678)   Merge Heap Roots: 0.1ms
[2025-06-03T15:52:42.483+0530][90.329s] GC(678)   Evacuate Collection Set: 0.2ms
[2025-06-03T15:52:42.483+0530][90.329s] GC(678)   Post Evacuate Collection Set: 0.5ms
[2025-06-03T15:52:42.483+0530][90.329s] GC(678)   Other: 0.2ms
[2025-06-03T15:52:42.483+0530][90.329s] GC(678) Eden regions: 306->0(306)
[2025-06-03T15:52:42.483+0530][90.329s] GC(678) Survivor regions: 1->1(39)
[2025-06-03T15:52:42.483+0530][90.329s] GC(678) Old regions: 9->9
[2025-06-03T15:52:42.483+0530][90.329s] GC(678) Archive regions: 2->2
[2025-06-03T15:52:42.483+0530][90.329s] GC(678) Humongous regions: 0->0
[2025-06-03T15:52:42.483+0530][90.329s] GC(678) Metaspace: 20480K(20992K)->20480K(20992K) NonClass: 17894K(18176K)->17894K(18176K) Class: 2585K(2816K)->2585K(2816K)
[2025-06-03T15:52:42.483+0530][90.329s] GC(678) Pause Young (Normal) (G1 Evacuation Pause) 315M->9M(512M) 1.288ms
[2025-06-03T15:52:42.483+0530][90.329s] GC(678) User=0.00s Sys=0.00s Real=0.00s
[2025-06-03T15:52:42.604+0530][90.450s] GC(679) Pause Young (Normal) (G1 Evacuation Pause)
[2025-06-03T15:52:42.604+0530][90.450s] GC(679) Using 8 workers of 8 for evacuation
[2025-06-03T15:52:42.604+0530][90.451s] GC(679) Skipped phase 1 of Reference Processing: no references
[2025-06-03T15:52:42.604+0530][90.451s] GC(679) Skipped phase 2 of Reference Processing: no references
[2025-06-03T15:52:42.604+0530][90.451s] GC(679) Skipped phase 3 of Reference Processing: no references
[2025-06-03T15:52:42.604+0530][90.451s] GC(679) Skipped phase 4 of Reference Processing: no references
[2025-06-03T15:52:42.604+0530][90.451s] GC(679)   Pre Evacuate Collection Set: 0.1ms
[2025-06-03T15:52:42.605+0530][90.451s] GC(679)   Merge Heap Roots: 0.1ms
[2025-06-03T15:52:42.605+0530][90.451s] GC(679)   Evacuate Collection Set: 0.2ms
[2025-06-03T15:52:42.605+0530][90.451s] GC(679)   Post Evacuate Collection Set: 0.4ms
[2025-06-03T15:52:42.605+0530][90.451s] GC(679)   Other: 0.2ms
[2025-06-03T15:52:42.605+0530][90.451s] GC(679) Eden regions: 306->0(306)
[2025-06-03T15:52:42.605+0530][90.451s] GC(679) Survivor regions: 1->1(39)
[2025-06-03T15:52:42.605+0530][90.451s] GC(679) Old regions: 9->9
[2025-06-03T15:52:42.605+0530][90.451s] GC(679) Archive regions: 2->2
[2025-06-03T15:52:42.605+0530][90.451s] GC(679) Humongous regions: 0->0
[2025-06-03T15:52:42.605+0530][90.451s] GC(679) Metaspace: 20480K(20992K)->20480K(20992K) NonClass: 17894K(18176K)->17894K(18176K) Class: 2585K(2816K)->2585K(2816K)
[2025-06-03T15:52:42.605+0530][90.451s] GC(679) Pause Young (Normal) (G1 Evacuation Pause) 315M->9M(512M) 1.123ms
[2025-06-03T15:52:42.605+0530][90.451s] GC(679) User=0.00s Sys=0.00s Real=0.00s
[2025-06-03T15:52:42.725+0530][90.571s] GC(680) Pause Young (Normal) (G1 Evacuation Pause)
[2025-06-03T15:52:42.725+0530][90.571s] GC(680) Using 8 workers of 8 for evacuation
[2025-06-03T15:52:42.725+0530][90.572s] GC(680) Skipped phase 1 of Reference Processing: no references
[2025-06-03T15:52:42.725+0530][90.572s] GC(680) Skipped phase 2 of Reference Processing: no references
[2025-06-03T15:52:42.725+0530][90.572s] GC(680) Skipped phase 3 of Reference Processing: no references
[2025-06-03T15:52:42.725+0530][90.572s] GC(680) Skipped phase 4 of Reference Processing: no references
[2025-06-03T15:52:42.726+0530][90.572s] GC(680)   Pre Evacuate Collection Set: 0.1ms
[2025-06-03T15:52:42.726+0530][90.572s] GC(680)   Merge Heap Roots: 0.1ms
[2025-06-03T15:52:42.726+0530][90.572s] GC(680)   Evacuate Collection Set: 0.2ms
[2025-06-03T15:52:42.726+0530][90.572s] GC(680)   Post Evacuate Collection Set: 0.4ms
[2025-06-03T15:52:42.726+0530][90.572s] GC(680)   Other: 0.1ms
[2025-06-03T15:52:42.726+0530][90.572s] GC(680) Eden regions: 306->0(306)
[2025-06-03T15:52:42.726+0530][90.572s] GC(680) Survivor regions: 1->1(39)
[2025-06-03T15:52:42.726+0530][90.572s] GC(680) Old regions: 9->9
[2025-06-03T15:52:42.726+0530][90.572s] GC(680) Archive regions: 2->2
[2025-06-03T15:52:42.726+0530][90.572s] GC(680) Humongous regions: 0->0
[2025-06-03T15:52:42.726+0530][90.572s] GC(680) Metaspace: 20480K(20992K)->20480K(20992K) NonClass: 17894K(18176K)->17894K(18176K) Class: 2585K(2816K)->2585K(2816K)
[2025-06-03T15:52:42.726+0530][90.572s] GC(680) Pause Young (Normal) (G1 Evacuation Pause) 315M->9M(512M) 1.061ms
[2025-06-03T15:52:42.726+0530][90.572s] GC(680) User=0.01s Sys=0.00s Real=0.00s
[2025-06-03T15:52:42.848+0530][90.694s] GC(681) Pause Young (Normal) (G1 Evacuation Pause)
[2025-06-03T15:52:42.848+0530][90.694s] GC(681) Using 8 workers of 8 for evacuation
[2025-06-03T15:52:42.848+0530][90.695s] GC(681) Skipped phase 1 of Reference Processing: no references
[2025-06-03T15:52:42.848+0530][90.695s] GC(681) Skipped phase 2 of Reference Processing: no references
[2025-06-03T15:52:42.848+0530][90.695s] GC(681) Skipped phase 3 of Reference Processing: no references
[2025-06-03T15:52:42.848+0530][90.695s] GC(681) Skipped phase 4 of Reference Processing: no references
[2025-06-03T15:52:42.849+0530][90.695s] GC(681)   Pre Evacuate Collection Set: 0.1ms
[2025-06-03T15:52:42.849+0530][90.695s] GC(681)   Merge Heap Roots: 0.1ms
[2025-06-03T15:52:42.849+0530][90.695s] GC(681)   Evacuate Collection Set: 0.2ms
[2025-06-03T15:52:42.849+0530][90.695s] GC(681)   Post Evacuate Collection Set: 0.4ms
[2025-06-03T15:52:42.849+0530][90.695s] GC(681)   Other: 0.2ms
[2025-06-03T15:52:42.849+0530][90.695s] GC(681) Eden regions: 306->0(306)
[2025-06-03T15:52:42.849+0530][90.695s] GC(681) Survivor regions: 1->1(39)
[2025-06-03T15:52:42.849+0530][90.695s] GC(681) Old regions: 9->9
[2025-06-03T15:52:42.849+0530][90.695s] GC(681) Archive regions: 2->2
[2025-06-03T15:52:42.849+0530][90.695s] GC(681) Humongous regions: 0->0
[2025-06-03T15:52:42.849+0530][90.695s] GC(681) Metaspace: 20480K(20992K)->20480K(20992K) NonClass: 17894K(18176K)->17894K(18176K) Class: 2585K(2816K)->2585K(2816K)
[2025-06-03T15:52:42.849+0530][90.695s] GC(681) Pause Young (Normal) (G1 Evacuation Pause) 315M->9M(512M) 1.152ms
[2025-06-03T15:52:42.849+0530][90.695s] GC(681) User=0.00s Sys=0.00s Real=0.00s
[2025-06-03T15:52:42.974+0530][90.820s] GC(682) Pause Young (Normal) (G1 Evacuation Pause)
[2025-06-03T15:52:42.974+0530][90.820s] GC(682) Using 8 workers of 8 for evacuation
[2025-06-03T15:52:42.974+0530][90.821s] GC(682) Skipped phase 1 of Reference Processing: no references
[2025-06-03T15:52:42.974+0530][90.821s] GC(682) Skipped phase 2 of Reference Processing: no references
[2025-06-03T15:52:42.974+0530][90.821s] GC(682) Skipped phase 3 of Reference Processing: no references
[2025-06-03T15:52:42.974+0530][90.821s] GC(682) Skipped phase 4 of Reference Processing: no references
[2025-06-03T15:52:42.975+0530][90.821s] GC(682)   Pre Evacuate Collection Set: 0.1ms
[2025-06-03T15:52:42.975+0530][90.821s] GC(682)   Merge Heap Roots: 0.1ms
[2025-06-03T15:52:42.975+0530][90.821s] GC(682)   Evacuate Collection Set: 0.2ms
[2025-06-03T15:52:42.975+0530][90.821s] GC(682)   Post Evacuate Collection Set: 0.4ms
[2025-06-03T15:52:42.975+0530][90.821s] GC(682)   Other: 0.2ms
[2025-06-03T15:52:42.975+0530][90.821s] GC(682) Eden regions: 306->0(306)
[2025-06-03T15:52:42.975+0530][90.821s] GC(682) Survivor regions: 1->1(39)
[2025-06-03T15:52:42.975+0530][90.821s] GC(682) Old regions: 9->9
[2025-06-03T15:52:42.975+0530][90.821s] GC(682) Archive regions: 2->2
[2025-06-03T15:52:42.975+0530][90.821s] GC(682) Humongous regions: 0->0
[2025-06-03T15:52:42.975+0530][90.821s] GC(682) Metaspace: 20480K(20992K)->20480K(20992K) NonClass: 17894K(18176K)->17894K(18176K) Class: 2585K(2816K)->2585K(2816K)
[2025-06-03T15:52:42.975+0530][90.821s] GC(682) Pause Young (Normal) (G1 Evacuation Pause) 315M->9M(512M) 1.121ms
[2025-06-03T15:52:42.975+0530][90.821s] GC(682) User=0.01s Sys=0.01s Real=0.00s
[2025-06-03T15:52:43.094+0530][90.941s] GC(683) Pause Young (Normal) (G1 Evacuation Pause)
[2025-06-03T15:52:43.094+0530][90.941s] GC(683) Using 8 workers of 8 for evacuation
[2025-06-03T15:52:43.095+0530][90.941s] GC(683) Skipped phase 1 of Reference Processing: no references
[2025-06-03T15:52:43.095+0530][90.941s] GC(683) Skipped phase 2 of Reference Processing: no references
[2025-06-03T15:52:43.095+0530][90.941s] GC(683) Skipped phase 3 of Reference Processing: no references
[2025-06-03T15:52:43.095+0530][90.941s] GC(683) Skipped phase 4 of Reference Processing: no references
[2025-06-03T15:52:43.095+0530][90.942s] GC(683)   Pre Evacuate Collection Set: 0.1ms
[2025-06-03T15:52:43.095+0530][90.942s] GC(683)   Merge Heap Roots: 0.1ms
[2025-06-03T15:52:43.095+0530][90.942s] GC(683)   Evacuate Collection Set: 0.2ms
[2025-06-03T15:52:43.095+0530][90.942s] GC(683)   Post Evacuate Collection Set: 0.4ms
[2025-06-03T15:52:43.095+0530][90.942s] GC(683)   Other: 0.2ms
[2025-06-03T15:52:43.095+0530][90.942s] GC(683) Eden regions: 306->0(306)
[2025-06-03T15:52:43.095+0530][90.942s] GC(683) Survivor regions: 1->1(39)
[2025-06-03T15:52:43.095+0530][90.942s] GC(683) Old regions: 9->9
[2025-06-03T15:52:43.095+0530][90.942s] GC(683) Archive regions: 2->2
[2025-06-03T15:52:43.095+0530][90.942s] GC(683) Humongous regions: 0->0
[2025-06-03T15:52:43.095+0530][90.942s] GC(683) Metaspace: 20480K(20992K)->20480K(20992K) NonClass: 17894K(18176K)->17894K(18176K) Class: 2585K(2816K)->2585K(2816K)
[2025-06-03T15:52:43.095+0530][90.942s] GC(683) Pause Young (Normal) (G1 Evacuation Pause) 315M->9M(512M) 1.044ms
[2025-06-03T15:52:43.095+0530][90.942s] GC(683) User=0.00s Sys=0.00s Real=0.00s
[2025-06-03T15:52:43.223+0530][91.069s] GC(684) Pause Young (Normal) (G1 Evacuation Pause)
[2025-06-03T15:52:43.223+0530][91.069s] GC(684) Using 8 workers of 8 for evacuation
[2025-06-03T15:52:43.223+0530][91.070s] GC(684) Skipped phase 1 of Reference Processing: no references
[2025-06-03T15:52:43.223+0530][91.070s] GC(684) Skipped phase 2 of Reference Processing: no references
[2025-06-03T15:52:43.223+0530][91.070s] GC(684) Skipped phase 3 of Reference Processing: no references
[2025-06-03T15:52:43.223+0530][91.070s] GC(684) Skipped phase 4 of Reference Processing: no references
[2025-06-03T15:52:43.224+0530][91.070s] GC(684)   Pre Evacuate Collection Set: 0.1ms
[2025-06-03T15:52:43.224+0530][91.070s] GC(684)   Merge Heap Roots: 0.1ms
[2025-06-03T15:52:43.224+0530][91.070s] GC(684)   Evacuate Collection Set: 0.2ms
[2025-06-03T15:52:43.224+0530][91.070s] GC(684)   Post Evacuate Collection Set: 0.6ms
[2025-06-03T15:52:43.224+0530][91.070s] GC(684)   Other: 0.2ms
[2025-06-03T15:52:43.224+0530][91.070s] GC(684) Eden regions: 306->0(306)
[2025-06-03T15:52:43.224+0530][91.070s] GC(684) Survivor regions: 1->1(39)
[2025-06-03T15:52:43.224+0530][91.070s] GC(684) Old regions: 9->9
[2025-06-03T15:52:43.224+0530][91.070s] GC(684) Archive regions: 2->2
[2025-06-03T15:52:43.224+0530][91.070s] GC(684) Humongous regions: 0->0
[2025-06-03T15:52:43.224+0530][91.070s] GC(684) Metaspace: 20480K(20992K)->20480K(20992K) NonClass: 17894K(18176K)->17894K(18176K) Class: 2585K(2816K)->2585K(2816K)
[2025-06-03T15:52:43.224+0530][91.070s] GC(684) Pause Young (Normal) (G1 Evacuation Pause) 315M->9M(512M) 1.244ms
[2025-06-03T15:52:43.224+0530][91.071s] GC(684) User=0.00s Sys=0.00s Real=0.00s
[2025-06-03T15:52:43.345+0530][91.192s] GC(685) Pause Young (Normal) (G1 Evacuation Pause)
[2025-06-03T15:52:43.345+0530][91.192s] GC(685) Using 8 workers of 8 for evacuation
[2025-06-03T15:52:43.345+0530][91.192s] GC(685) Skipped phase 1 of Reference Processing: no references
[2025-06-03T15:52:43.346+0530][91.192s] GC(685) Skipped phase 2 of Reference Processing: no references
[2025-06-03T15:52:43.346+0530][91.192s] GC(685) Skipped phase 3 of Reference Processing: no references
[2025-06-03T15:52:43.346+0530][91.192s] GC(685) Skipped phase 4 of Reference Processing: no references
[2025-06-03T15:52:43.346+0530][91.192s] GC(685)   Pre Evacuate Collection Set: 0.1ms
[2025-06-03T15:52:43.346+0530][91.192s] GC(685)   Merge Heap Roots: 0.1ms
[2025-06-03T15:52:43.346+0530][91.193s] GC(685)   Evacuate Collection Set: 0.2ms
[2025-06-03T15:52:43.346+0530][91.193s] GC(685)   Post Evacuate Collection Set: 0.4ms
[2025-06-03T15:52:43.346+0530][91.193s] GC(685)   Other: 0.2ms
[2025-06-03T15:52:43.346+0530][91.193s] GC(685) Eden regions: 306->0(306)
[2025-06-03T15:52:43.346+0530][91.193s] GC(685) Survivor regions: 1->1(39)
[2025-06-03T15:52:43.346+0530][91.193s] GC(685) Old regions: 9->9
[2025-06-03T15:52:43.346+0530][91.193s] GC(685) Archive regions: 2->2
[2025-06-03T15:52:43.346+0530][91.193s] GC(685) Humongous regions: 0->0
[2025-06-03T15:52:43.346+0530][91.193s] GC(685) Metaspace: 20480K(20992K)->20480K(20992K) NonClass: 17894K(18176K)->17894K(18176K) Class: 2585K(2816K)->2585K(2816K)
[2025-06-03T15:52:43.346+0530][91.193s] GC(685) Pause Young (Normal) (G1 Evacuation Pause) 315M->9M(512M) 1.002ms
[2025-06-03T15:52:43.346+0530][91.193s] GC(685) User=0.00s Sys=0.00s Real=0.00s
[2025-06-03T15:52:43.469+0530][91.316s] GC(686) Pause Young (Normal) (G1 Evacuation Pause)
[2025-06-03T15:52:43.469+0530][91.316s] GC(686) Using 8 workers of 8 for evacuation
[2025-06-03T15:52:43.470+0530][91.316s] GC(686) Skipped phase 1 of Reference Processing: no references
[2025-06-03T15:52:43.470+0530][91.316s] GC(686) Skipped phase 2 of Reference Processing: no references
[2025-06-03T15:52:43.470+0530][91.317s] GC(686) Skipped phase 3 of Reference Processing: no references
[2025-06-03T15:52:43.470+0530][91.317s] GC(686) Skipped phase 4 of Reference Processing: no references
[2025-06-03T15:52:43.470+0530][91.317s] GC(686)   Pre Evacuate Collection Set: 0.1ms
[2025-06-03T15:52:43.470+0530][91.317s] GC(686)   Merge Heap Roots: 0.1ms
[2025-06-03T15:52:43.470+0530][91.317s] GC(686)   Evacuate Collection Set: 0.2ms
[2025-06-03T15:52:43.470+0530][91.317s] GC(686)   Post Evacuate Collection Set: 0.4ms
[2025-06-03T15:52:43.470+0530][91.317s] GC(686)   Other: 0.1ms
[2025-06-03T15:52:43.470+0530][91.317s] GC(686) Eden regions: 306->0(306)
[2025-06-03T15:52:43.470+0530][91.317s] GC(686) Survivor regions: 1->1(39)
[2025-06-03T15:52:43.471+0530][91.317s] GC(686) Old regions: 9->9
[2025-06-03T15:52:43.471+0530][91.317s] GC(686) Archive regions: 2->2
[2025-06-03T15:52:43.471+0530][91.317s] GC(686) Humongous regions: 0->0
[2025-06-03T15:52:43.471+0530][91.317s] GC(686) Metaspace: 20480K(20992K)->20480K(20992K) NonClass: 17894K(18176K)->17894K(18176K) Class: 2585K(2816K)->2585K(2816K)
[2025-06-03T15:52:43.471+0530][91.317s] GC(686) Pause Young (Normal) (G1 Evacuation Pause) 315M->9M(512M) 1.154ms
[2025-06-03T15:52:43.471+0530][91.317s] GC(686) User=0.00s Sys=0.00s Real=0.01s
[2025-06-03T15:52:43.601+0530][91.447s] GC(687) Pause Young (Normal) (G1 Evacuation Pause)
[2025-06-03T15:52:43.601+0530][91.448s] GC(687) Using 8 workers of 8 for evacuation
[2025-06-03T15:52:43.601+0530][91.448s] GC(687) Skipped phase 1 of Reference Processing: no references
[2025-06-03T15:52:43.601+0530][91.448s] GC(687) Skipped phase 2 of Reference Processing: no references
[2025-06-03T15:52:43.601+0530][91.448s] GC(687) Skipped phase 3 of Reference Processing: no references
[2025-06-03T15:52:43.601+0530][91.448s] GC(687) Skipped phase 4 of Reference Processing: no references
[2025-06-03T15:52:43.602+0530][91.448s] GC(687)   Pre Evacuate Collection Set: 0.1ms
[2025-06-03T15:52:43.602+0530][91.448s] GC(687)   Merge Heap Roots: 0.1ms
[2025-06-03T15:52:43.602+0530][91.448s] GC(687)   Evacuate Collection Set: 0.2ms
[2025-06-03T15:52:43.602+0530][91.448s] GC(687)   Post Evacuate Collection Set: 0.4ms
[2025-06-03T15:52:43.602+0530][91.448s] GC(687)   Other: 0.2ms
[2025-06-03T15:52:43.602+0530][91.448s] GC(687) Eden regions: 306->0(306)
[2025-06-03T15:52:43.602+0530][91.448s] GC(687) Survivor regions: 1->1(39)
[2025-06-03T15:52:43.602+0530][91.448s] GC(687) Old regions: 9->9
[2025-06-03T15:52:43.602+0530][91.448s] GC(687) Archive regions: 2->2
[2025-06-03T15:52:43.602+0530][91.448s] GC(687) Humongous regions: 0->0
[2025-06-03T15:52:43.602+0530][91.448s] GC(687) Metaspace: 20480K(20992K)->20480K(20992K) NonClass: 17894K(18176K)->17894K(18176K) Class: 2585K(2816K)->2585K(2816K)
[2025-06-03T15:52:43.602+0530][91.449s] GC(687) Pause Young (Normal) (G1 Evacuation Pause) 315M->9M(512M) 1.026ms
[2025-06-03T15:52:43.602+0530][91.449s] GC(687) User=0.00s Sys=0.00s Real=0.00s
[2025-06-03T15:52:43.728+0530][91.574s] GC(688) Pause Young (Normal) (G1 Evacuation Pause)
[2025-06-03T15:52:43.728+0530][91.574s] GC(688) Using 8 workers of 8 for evacuation
[2025-06-03T15:52:43.728+0530][91.575s] GC(688) Skipped phase 1 of Reference Processing: no references
[2025-06-03T15:52:43.728+0530][91.575s] GC(688) Skipped phase 2 of Reference Processing: no references
[2025-06-03T15:52:43.728+0530][91.575s] GC(688) Skipped phase 3 of Reference Processing: no references
[2025-06-03T15:52:43.728+0530][91.575s] GC(688) Skipped phase 4 of Reference Processing: no references
[2025-06-03T15:52:43.729+0530][91.575s] GC(688)   Pre Evacuate Collection Set: 0.1ms
[2025-06-03T15:52:43.729+0530][91.575s] GC(688)   Merge Heap Roots: 0.1ms
[2025-06-03T15:52:43.729+0530][91.575s] GC(688)   Evacuate Collection Set: 0.2ms
[2025-06-03T15:52:43.729+0530][91.575s] GC(688)   Post Evacuate Collection Set: 0.4ms
[2025-06-03T15:52:43.729+0530][91.575s] GC(688)   Other: 0.2ms
[2025-06-03T15:52:43.729+0530][91.575s] GC(688) Eden regions: 306->0(306)
[2025-06-03T15:52:43.729+0530][91.575s] GC(688) Survivor regions: 1->1(39)
[2025-06-03T15:52:43.729+0530][91.575s] GC(688) Old regions: 9->9
[2025-06-03T15:52:43.729+0530][91.575s] GC(688) Archive regions: 2->2
[2025-06-03T15:52:43.729+0530][91.575s] GC(688) Humongous regions: 0->0
[2025-06-03T15:52:43.729+0530][91.575s] GC(688) Metaspace: 20480K(20992K)->20480K(20992K) NonClass: 17894K(18176K)->17894K(18176K) Class: 2585K(2816K)->2585K(2816K)
[2025-06-03T15:52:43.729+0530][91.575s] GC(688) Pause Young (Normal) (G1 Evacuation Pause) 315M->9M(512M) 1.172ms
[2025-06-03T15:52:43.729+0530][91.575s] GC(688) User=0.01s Sys=0.00s Real=0.00s
[2025-06-03T15:52:43.853+0530][91.700s] GC(689) Pause Young (Normal) (G1 Evacuation Pause)
[2025-06-03T15:52:43.853+0530][91.700s] GC(689) Using 8 workers of 8 for evacuation
[2025-06-03T15:52:43.854+0530][91.701s] GC(689) Skipped phase 1 of Reference Processing: no references
[2025-06-03T15:52:43.854+0530][91.701s] GC(689) Skipped phase 2 of Reference Processing: no references
[2025-06-03T15:52:43.854+0530][91.701s] GC(689) Skipped phase 3 of Reference Processing: no references
[2025-06-03T15:52:43.854+0530][91.701s] GC(689) Skipped phase 4 of Reference Processing: no references
[2025-06-03T15:52:43.854+0530][91.701s] GC(689)   Pre Evacuate Collection Set: 0.1ms
[2025-06-03T15:52:43.854+0530][91.701s] GC(689)   Merge Heap Roots: 0.1ms
[2025-06-03T15:52:43.854+0530][91.701s] GC(689)   Evacuate Collection Set: 0.2ms
[2025-06-03T15:52:43.854+0530][91.701s] GC(689)   Post Evacuate Collection Set: 0.4ms
[2025-06-03T15:52:43.854+0530][91.701s] GC(689)   Other: 0.2ms
[2025-06-03T15:52:43.854+0530][91.701s] GC(689) Eden regions: 306->0(306)
[2025-06-03T15:52:43.854+0530][91.701s] GC(689) Survivor regions: 1->1(39)
[2025-06-03T15:52:43.854+0530][91.701s] GC(689) Old regions: 9->9
[2025-06-03T15:52:43.854+0530][91.701s] GC(689) Archive regions: 2->2
[2025-06-03T15:52:43.854+0530][91.701s] GC(689) Humongous regions: 0->0
[2025-06-03T15:52:43.855+0530][91.701s] GC(689) Metaspace: 20480K(20992K)->20480K(20992K) NonClass: 17894K(18176K)->17894K(18176K) Class: 2585K(2816K)->2585K(2816K)
[2025-06-03T15:52:43.855+0530][91.701s] GC(689) Pause Young (Normal) (G1 Evacuation Pause) 315M->9M(512M) 1.120ms
[2025-06-03T15:52:43.855+0530][91.701s] GC(689) User=0.01s Sys=0.00s Real=0.00s
[2025-06-03T15:52:43.978+0530][91.824s] GC(690) Pause Young (Normal) (G1 Evacuation Pause)
[2025-06-03T15:52:43.978+0530][91.824s] GC(690) Using 8 workers of 8 for evacuation
[2025-06-03T15:52:43.978+0530][91.825s] GC(690) Skipped phase 1 of Reference Processing: no references
[2025-06-03T15:52:43.978+0530][91.825s] GC(690) Skipped phase 2 of Reference Processing: no references
[2025-06-03T15:52:43.978+0530][91.825s] GC(690) Skipped phase 3 of Reference Processing: no references
[2025-06-03T15:52:43.978+0530][91.825s] GC(690) Skipped phase 4 of Reference Processing: no references
[2025-06-03T15:52:43.979+0530][91.825s] GC(690)   Pre Evacuate Collection Set: 0.1ms
[2025-06-03T15:52:43.979+0530][91.825s] GC(690)   Merge Heap Roots: 0.1ms
[2025-06-03T15:52:43.979+0530][91.825s] GC(690)   Evacuate Collection Set: 0.2ms
[2025-06-03T15:52:43.979+0530][91.825s] GC(690)   Post Evacuate Collection Set: 0.4ms
[2025-06-03T15:52:43.979+0530][91.825s] GC(690)   Other: 0.2ms
[2025-06-03T15:52:43.979+0530][91.825s] GC(690) Eden regions: 306->0(306)
[2025-06-03T15:52:43.979+0530][91.825s] GC(690) Survivor regions: 1->1(39)
[2025-06-03T15:52:43.979+0530][91.825s] GC(690) Old regions: 9->9
[2025-06-03T15:52:43.979+0530][91.825s] GC(690) Archive regions: 2->2
[2025-06-03T15:52:43.979+0530][91.825s] GC(690) Humongous regions: 0->0
[2025-06-03T15:52:43.979+0530][91.825s] GC(690) Metaspace: 20480K(20992K)->20480K(20992K) NonClass: 17894K(18176K)->17894K(18176K) Class: 2585K(2816K)->2585K(2816K)
[2025-06-03T15:52:43.979+0530][91.825s] GC(690) Pause Young (Normal) (G1 Evacuation Pause) 315M->9M(512M) 1.190ms
[2025-06-03T15:52:43.979+0530][91.825s] GC(690) User=0.00s Sys=0.00s Real=0.00s
[2025-06-03T15:52:44.105+0530][91.951s] GC(691) Pause Young (Normal) (G1 Evacuation Pause)
[2025-06-03T15:52:44.105+0530][91.951s] GC(691) Using 8 workers of 8 for evacuation
[2025-06-03T15:52:44.105+0530][91.952s] GC(691) Skipped phase 1 of Reference Processing: no references
[2025-06-03T15:52:44.105+0530][91.952s] GC(691) Skipped phase 2 of Reference Processing: no references
[2025-06-03T15:52:44.105+0530][91.952s] GC(691) Skipped phase 3 of Reference Processing: no references
[2025-06-03T15:52:44.105+0530][91.952s] GC(691) Skipped phase 4 of Reference Processing: no references
[2025-06-03T15:52:44.106+0530][91.952s] GC(691)   Pre Evacuate Collection Set: 0.1ms
[2025-06-03T15:52:44.106+0530][91.952s] GC(691)   Merge Heap Roots: 0.1ms
[2025-06-03T15:52:44.106+0530][91.952s] GC(691)   Evacuate Collection Set: 0.2ms
[2025-06-03T15:52:44.106+0530][91.952s] GC(691)   Post Evacuate Collection Set: 0.5ms
[2025-06-03T15:52:44.106+0530][91.952s] GC(691)   Other: 0.2ms
[2025-06-03T15:52:44.106+0530][91.952s] GC(691) Eden regions: 306->0(306)
[2025-06-03T15:52:44.106+0530][91.952s] GC(691) Survivor regions: 1->1(39)
[2025-06-03T15:52:44.106+0530][91.952s] GC(691) Old regions: 9->9
[2025-06-03T15:52:44.106+0530][91.952s] GC(691) Archive regions: 2->2
[2025-06-03T15:52:44.106+0530][91.952s] GC(691) Humongous regions: 0->0
[2025-06-03T15:52:44.106+0530][91.952s] GC(691) Metaspace: 20480K(20992K)->20480K(20992K) NonClass: 17894K(18176K)->17894K(18176K) Class: 2585K(2816K)->2585K(2816K)
[2025-06-03T15:52:44.106+0530][91.952s] GC(691) Pause Young (Normal) (G1 Evacuation Pause) 315M->9M(512M) 1.291ms
[2025-06-03T15:52:44.106+0530][91.952s] GC(691) User=0.00s Sys=0.00s Real=0.00s
[2025-06-03T15:52:44.250+0530][92.097s] GC(692) Pause Young (Normal) (G1 Evacuation Pause)
[2025-06-03T15:52:44.250+0530][92.097s] GC(692) Using 8 workers of 8 for evacuation
[2025-06-03T15:52:44.251+0530][92.097s] GC(692) Skipped phase 1 of Reference Processing: no references
[2025-06-03T15:52:44.251+0530][92.097s] GC(692) Skipped phase 2 of Reference Processing: no references
[2025-06-03T15:52:44.251+0530][92.097s] GC(692) Skipped phase 3 of Reference Processing: no references
[2025-06-03T15:52:44.251+0530][92.097s] GC(692) Skipped phase 4 of Reference Processing: no references
[2025-06-03T15:52:44.251+0530][92.098s] GC(692)   Pre Evacuate Collection Set: 0.1ms
[2025-06-03T15:52:44.251+0530][92.098s] GC(692)   Merge Heap Roots: 0.1ms
[2025-06-03T15:52:44.251+0530][92.098s] GC(692)   Evacuate Collection Set: 0.2ms
[2025-06-03T15:52:44.251+0530][92.098s] GC(692)   Post Evacuate Collection Set: 0.4ms
[2025-06-03T15:52:44.251+0530][92.098s] GC(692)   Other: 0.2ms
[2025-06-03T15:52:44.251+0530][92.098s] GC(692) Eden regions: 306->0(306)
[2025-06-03T15:52:44.251+0530][92.098s] GC(692) Survivor regions: 1->1(39)
[2025-06-03T15:52:44.251+0530][92.098s] GC(692) Old regions: 9->9
[2025-06-03T15:52:44.251+0530][92.098s] GC(692) Archive regions: 2->2
[2025-06-03T15:52:44.251+0530][92.098s] GC(692) Humongous regions: 0->0
[2025-06-03T15:52:44.251+0530][92.098s] GC(692) Metaspace: 20480K(20992K)->20480K(20992K) NonClass: 17894K(18176K)->17894K(18176K) Class: 2585K(2816K)->2585K(2816K)
[2025-06-03T15:52:44.251+0530][92.098s] GC(692) Pause Young (Normal) (G1 Evacuation Pause) 315M->9M(512M) 1.115ms
[2025-06-03T15:52:44.251+0530][92.098s] GC(692) User=0.01s Sys=0.00s Real=0.00s
[2025-06-03T15:52:44.382+0530][92.228s] GC(693) Pause Young (Normal) (G1 Evacuation Pause)
[2025-06-03T15:52:44.382+0530][92.228s] GC(693) Using 8 workers of 8 for evacuation
[2025-06-03T15:52:44.382+0530][92.229s] GC(693) Skipped phase 1 of Reference Processing: no references
[2025-06-03T15:52:44.382+0530][92.229s] GC(693) Skipped phase 2 of Reference Processing: no references
[2025-06-03T15:52:44.382+0530][92.229s] GC(693) Skipped phase 3 of Reference Processing: no references
[2025-06-03T15:52:44.382+0530][92.229s] GC(693) Skipped phase 4 of Reference Processing: no references
[2025-06-03T15:52:44.383+0530][92.229s] GC(693)   Pre Evacuate Collection Set: 0.1ms
[2025-06-03T15:52:44.383+0530][92.229s] GC(693)   Merge Heap Roots: 0.1ms
[2025-06-03T15:52:44.383+0530][92.229s] GC(693)   Evacuate Collection Set: 0.2ms
[2025-06-03T15:52:44.383+0530][92.229s] GC(693)   Post Evacuate Collection Set: 0.4ms
[2025-06-03T15:52:44.383+0530][92.229s] GC(693)   Other: 0.2ms
[2025-06-03T15:52:44.383+0530][92.229s] GC(693) Eden regions: 306->0(306)
[2025-06-03T15:52:44.383+0530][92.229s] GC(693) Survivor regions: 1->1(39)
[2025-06-03T15:52:44.383+0530][92.229s] GC(693) Old regions: 9->9
[2025-06-03T15:52:44.383+0530][92.229s] GC(693) Archive regions: 2->2
[2025-06-03T15:52:44.383+0530][92.229s] GC(693) Humongous regions: 0->0
[2025-06-03T15:52:44.383+0530][92.229s] GC(693) Metaspace: 20480K(20992K)->20480K(20992K) NonClass: 17894K(18176K)->17894K(18176K) Class: 2585K(2816K)->2585K(2816K)
[2025-06-03T15:52:44.383+0530][92.229s] GC(693) Pause Young (Normal) (G1 Evacuation Pause) 315M->9M(512M) 1.142ms
[2025-06-03T15:52:44.383+0530][92.229s] GC(693) User=0.00s Sys=0.00s Real=0.00s
[2025-06-03T15:52:44.508+0530][92.354s] GC(694) Pause Young (Normal) (G1 Evacuation Pause)
[2025-06-03T15:52:44.508+0530][92.354s] GC(694) Using 8 workers of 8 for evacuation
[2025-06-03T15:52:44.508+0530][92.355s] GC(694) Skipped phase 1 of Reference Processing: no references
[2025-06-03T15:52:44.508+0530][92.355s] GC(694) Skipped phase 2 of Reference Processing: no references
[2025-06-03T15:52:44.508+0530][92.355s] GC(694) Skipped phase 3 of Reference Processing: no references
[2025-06-03T15:52:44.508+0530][92.355s] GC(694) Skipped phase 4 of Reference Processing: no references
[2025-06-03T15:52:44.509+0530][92.355s] GC(694)   Pre Evacuate Collection Set: 0.1ms
[2025-06-03T15:52:44.509+0530][92.355s] GC(694)   Merge Heap Roots: 0.1ms
[2025-06-03T15:52:44.509+0530][92.355s] GC(694)   Evacuate Collection Set: 0.2ms
[2025-06-03T15:52:44.509+0530][92.355s] GC(694)   Post Evacuate Collection Set: 0.4ms
[2025-06-03T15:52:44.509+0530][92.355s] GC(694)   Other: 0.2ms
[2025-06-03T15:52:44.509+0530][92.355s] GC(694) Eden regions: 306->0(306)
[2025-06-03T15:52:44.509+0530][92.355s] GC(694) Survivor regions: 1->1(39)
[2025-06-03T15:52:44.509+0530][92.355s] GC(694) Old regions: 9->9
[2025-06-03T15:52:44.509+0530][92.355s] GC(694) Archive regions: 2->2
[2025-06-03T15:52:44.509+0530][92.355s] GC(694) Humongous regions: 0->0
[2025-06-03T15:52:44.509+0530][92.356s] GC(694) Metaspace: 20480K(20992K)->20480K(20992K) NonClass: 17894K(18176K)->17894K(18176K) Class: 2585K(2816K)->2585K(2816K)
[2025-06-03T15:52:44.509+0530][92.356s] GC(694) Pause Young (Normal) (G1 Evacuation Pause) 315M->9M(512M) 1.223ms
[2025-06-03T15:52:44.509+0530][92.356s] GC(694) User=0.00s Sys=0.00s Real=0.00s
[2025-06-03T15:52:44.633+0530][92.480s] GC(695) Pause Young (Normal) (G1 Evacuation Pause)
[2025-06-03T15:52:44.633+0530][92.480s] GC(695) Using 8 workers of 8 for evacuation
[2025-06-03T15:52:44.634+0530][92.480s] GC(695) Skipped phase 1 of Reference Processing: no references
[2025-06-03T15:52:44.634+0530][92.480s] GC(695) Skipped phase 2 of Reference Processing: no references
[2025-06-03T15:52:44.634+0530][92.480s] GC(695) Skipped phase 3 of Reference Processing: no references
[2025-06-03T15:52:44.634+0530][92.480s] GC(695) Skipped phase 4 of Reference Processing: no references
[2025-06-03T15:52:44.634+0530][92.481s] GC(695)   Pre Evacuate Collection Set: 0.1ms
[2025-06-03T15:52:44.634+0530][92.481s] GC(695)   Merge Heap Roots: 0.1ms
[2025-06-03T15:52:44.634+0530][92.481s] GC(695)   Evacuate Collection Set: 0.2ms
[2025-06-03T15:52:44.634+0530][92.481s] GC(695)   Post Evacuate Collection Set: 0.4ms
[2025-06-03T15:52:44.634+0530][92.481s] GC(695)   Other: 0.2ms
[2025-06-03T15:52:44.634+0530][92.481s] GC(695) Eden regions: 306->0(306)
[2025-06-03T15:52:44.634+0530][92.481s] GC(695) Survivor regions: 1->1(39)
[2025-06-03T15:52:44.634+0530][92.481s] GC(695) Old regions: 9->9
[2025-06-03T15:52:44.634+0530][92.481s] GC(695) Archive regions: 2->2
[2025-06-03T15:52:44.634+0530][92.481s] GC(695) Humongous regions: 0->0
[2025-06-03T15:52:44.634+0530][92.481s] GC(695) Metaspace: 20480K(20992K)->20480K(20992K) NonClass: 17894K(18176K)->17894K(18176K) Class: 2585K(2816K)->2585K(2816K)
[2025-06-03T15:52:44.634+0530][92.481s] GC(695) Pause Young (Normal) (G1 Evacuation Pause) 315M->9M(512M) 1.042ms
[2025-06-03T15:52:44.634+0530][92.481s] GC(695) User=0.00s Sys=0.00s Real=0.00s
[2025-06-03T15:52:44.760+0530][92.606s] GC(696) Pause Young (Normal) (G1 Evacuation Pause)
[2025-06-03T15:52:44.760+0530][92.607s] GC(696) Using 8 workers of 8 for evacuation
[2025-06-03T15:52:44.760+0530][92.607s] GC(696) Skipped phase 1 of Reference Processing: no references
[2025-06-03T15:52:44.760+0530][92.607s] GC(696) Skipped phase 2 of Reference Processing: no references
[2025-06-03T15:52:44.760+0530][92.607s] GC(696) Skipped phase 3 of Reference Processing: no references
[2025-06-03T15:52:44.760+0530][92.607s] GC(696) Skipped phase 4 of Reference Processing: no references
[2025-06-03T15:52:44.761+0530][92.607s] GC(696)   Pre Evacuate Collection Set: 0.1ms
[2025-06-03T15:52:44.761+0530][92.607s] GC(696)   Merge Heap Roots: 0.1ms
[2025-06-03T15:52:44.761+0530][92.607s] GC(696)   Evacuate Collection Set: 0.2ms
[2025-06-03T15:52:44.761+0530][92.608s] GC(696)   Post Evacuate Collection Set: 0.5ms
[2025-06-03T15:52:44.761+0530][92.608s] GC(696)   Other: 0.2ms
[2025-06-03T15:52:44.761+0530][92.608s] GC(696) Eden regions: 306->0(306)
[2025-06-03T15:52:44.761+0530][92.608s] GC(696) Survivor regions: 1->1(39)
[2025-06-03T15:52:44.761+0530][92.608s] GC(696) Old regions: 9->9
[2025-06-03T15:52:44.761+0530][92.608s] GC(696) Archive regions: 2->2
[2025-06-03T15:52:44.761+0530][92.608s] GC(696) Humongous regions: 0->0
[2025-06-03T15:52:44.761+0530][92.608s] GC(696) Metaspace: 20480K(20992K)->20480K(20992K) NonClass: 17894K(18176K)->17894K(18176K) Class: 2585K(2816K)->2585K(2816K)
[2025-06-03T15:52:44.761+0530][92.608s] GC(696) Pause Young (Normal) (G1 Evacuation Pause) 315M->9M(512M) 1.156ms
[2025-06-03T15:52:44.761+0530][92.608s] GC(696) User=0.01s Sys=0.00s Real=0.00s
[2025-06-03T15:52:44.885+0530][92.731s] GC(697) Pause Young (Normal) (G1 Evacuation Pause)
[2025-06-03T15:52:44.885+0530][92.731s] GC(697) Using 8 workers of 8 for evacuation
[2025-06-03T15:52:44.885+0530][92.732s] GC(697) Skipped phase 1 of Reference Processing: no references
[2025-06-03T15:52:44.885+0530][92.732s] GC(697) Skipped phase 2 of Reference Processing: no references
[2025-06-03T15:52:44.885+0530][92.732s] GC(697) Skipped phase 3 of Reference Processing: no references
[2025-06-03T15:52:44.885+0530][92.732s] GC(697) Skipped phase 4 of Reference Processing: no references
[2025-06-03T15:52:44.886+0530][92.732s] GC(697)   Pre Evacuate Collection Set: 0.1ms
[2025-06-03T15:52:44.886+0530][92.732s] GC(697)   Merge Heap Roots: 0.1ms
[2025-06-03T15:52:44.886+0530][92.732s] GC(697)   Evacuate Collection Set: 0.2ms
[2025-06-03T15:52:44.886+0530][92.732s] GC(697)   Post Evacuate Collection Set: 0.4ms
[2025-06-03T15:52:44.886+0530][92.732s] GC(697)   Other: 0.2ms
[2025-06-03T15:52:44.886+0530][92.732s] GC(697) Eden regions: 306->0(306)
[2025-06-03T15:52:44.886+0530][92.732s] GC(697) Survivor regions: 1->1(39)
[2025-06-03T15:52:44.886+0530][92.732s] GC(697) Old regions: 9->9
[2025-06-03T15:52:44.886+0530][92.732s] GC(697) Archive regions: 2->2
[2025-06-03T15:52:44.886+0530][92.732s] GC(697) Humongous regions: 0->0
[2025-06-03T15:52:44.886+0530][92.732s] GC(697) Metaspace: 20480K(20992K)->20480K(20992K) NonClass: 17894K(18176K)->17894K(18176K) Class: 2585K(2816K)->2585K(2816K)
[2025-06-03T15:52:44.886+0530][92.732s] GC(697) Pause Young (Normal) (G1 Evacuation Pause) 315M->9M(512M) 1.165ms
[2025-06-03T15:52:44.886+0530][92.733s] GC(697) User=0.00s Sys=0.00s Real=0.00s
[2025-06-03T15:52:45.012+0530][92.858s] GC(698) Pause Young (Normal) (G1 Evacuation Pause)
[2025-06-03T15:52:45.012+0530][92.858s] GC(698) Using 8 workers of 8 for evacuation
[2025-06-03T15:52:45.012+0530][92.859s] GC(698) Skipped phase 1 of Reference Processing: no references
[2025-06-03T15:52:45.012+0530][92.859s] GC(698) Skipped phase 2 of Reference Processing: no references
[2025-06-03T15:52:45.012+0530][92.859s] GC(698) Skipped phase 3 of Reference Processing: no references
[2025-06-03T15:52:45.012+0530][92.859s] GC(698) Skipped phase 4 of Reference Processing: no references
[2025-06-03T15:52:45.013+0530][92.859s] GC(698)   Pre Evacuate Collection Set: 0.1ms
[2025-06-03T15:52:45.013+0530][92.859s] GC(698)   Merge Heap Roots: 0.1ms
[2025-06-03T15:52:45.013+0530][92.859s] GC(698)   Evacuate Collection Set: 0.2ms
[2025-06-03T15:52:45.013+0530][92.859s] GC(698)   Post Evacuate Collection Set: 0.4ms
[2025-06-03T15:52:45.013+0530][92.859s] GC(698)   Other: 0.2ms
[2025-06-03T15:52:45.013+0530][92.859s] GC(698) Eden regions: 306->0(306)
[2025-06-03T15:52:45.013+0530][92.859s] GC(698) Survivor regions: 1->1(39)
[2025-06-03T15:52:45.013+0530][92.859s] GC(698) Old regions: 9->9
[2025-06-03T15:52:45.013+0530][92.859s] GC(698) Archive regions: 2->2
[2025-06-03T15:52:45.013+0530][92.859s] GC(698) Humongous regions: 0->0
[2025-06-03T15:52:45.013+0530][92.859s] GC(698) Metaspace: 20480K(20992K)->20480K(20992K) NonClass: 17894K(18176K)->17894K(18176K) Class: 2585K(2816K)->2585K(2816K)
[2025-06-03T15:52:45.013+0530][92.859s] GC(698) Pause Young (Normal) (G1 Evacuation Pause) 315M->9M(512M) 1.145ms
[2025-06-03T15:52:45.013+0530][92.859s] GC(698) User=0.00s Sys=0.00s Real=0.00s
[2025-06-03T15:52:45.141+0530][92.988s] GC(699) Pause Young (Normal) (G1 Evacuation Pause)
[2025-06-03T15:52:45.141+0530][92.988s] GC(699) Using 8 workers of 8 for evacuation
[2025-06-03T15:52:45.142+0530][92.988s] GC(699) Skipped phase 1 of Reference Processing: no references
[2025-06-03T15:52:45.142+0530][92.988s] GC(699) Skipped phase 2 of Reference Processing: no references
[2025-06-03T15:52:45.142+0530][92.988s] GC(699) Skipped phase 3 of Reference Processing: no references
[2025-06-03T15:52:45.142+0530][92.988s] GC(699) Skipped phase 4 of Reference Processing: no references
[2025-06-03T15:52:45.142+0530][92.989s] GC(699)   Pre Evacuate Collection Set: 0.1ms
[2025-06-03T15:52:45.142+0530][92.989s] GC(699)   Merge Heap Roots: 0.1ms
[2025-06-03T15:52:45.142+0530][92.989s] GC(699)   Evacuate Collection Set: 0.2ms
[2025-06-03T15:52:45.142+0530][92.989s] GC(699)   Post Evacuate Collection Set: 0.4ms
[2025-06-03T15:52:45.142+0530][92.989s] GC(699)   Other: 0.2ms
[2025-06-03T15:52:45.142+0530][92.989s] GC(699) Eden regions: 306->0(306)
[2025-06-03T15:52:45.142+0530][92.989s] GC(699) Survivor regions: 1->1(39)
[2025-06-03T15:52:45.142+0530][92.989s] GC(699) Old regions: 9->9
[2025-06-03T15:52:45.142+0530][92.989s] GC(699) Archive regions: 2->2
[2025-06-03T15:52:45.142+0530][92.989s] GC(699) Humongous regions: 0->0
[2025-06-03T15:52:45.142+0530][92.989s] GC(699) Metaspace: 20480K(20992K)->20480K(20992K) NonClass: 17894K(18176K)->17894K(18176K) Class: 2585K(2816K)->2585K(2816K)
[2025-06-03T15:52:45.142+0530][92.989s] GC(699) Pause Young (Normal) (G1 Evacuation Pause) 315M->9M(512M) 1.108ms
[2025-06-03T15:52:45.142+0530][92.989s] GC(699) User=0.00s Sys=0.00s Real=0.00s
[2025-06-03T15:52:45.273+0530][93.119s] GC(700) Pause Young (Normal) (G1 Evacuation Pause)
[2025-06-03T15:52:45.273+0530][93.119s] GC(700) Using 8 workers of 8 for evacuation
[2025-06-03T15:52:45.273+0530][93.120s] GC(700) Skipped phase 1 of Reference Processing: no references
[2025-06-03T15:52:45.273+0530][93.120s] GC(700) Skipped phase 2 of Reference Processing: no references
[2025-06-03T15:52:45.273+0530][93.120s] GC(700) Skipped phase 3 of Reference Processing: no references
[2025-06-03T15:52:45.273+0530][93.120s] GC(700) Skipped phase 4 of Reference Processing: no references
[2025-06-03T15:52:45.273+0530][93.120s] GC(700)   Pre Evacuate Collection Set: 0.1ms
[2025-06-03T15:52:45.273+0530][93.120s] GC(700)   Merge Heap Roots: 0.1ms
[2025-06-03T15:52:45.273+0530][93.120s] GC(700)   Evacuate Collection Set: 0.2ms
[2025-06-03T15:52:45.273+0530][93.120s] GC(700)   Post Evacuate Collection Set: 0.4ms
[2025-06-03T15:52:45.274+0530][93.120s] GC(700)   Other: 0.2ms
[2025-06-03T15:52:45.274+0530][93.120s] GC(700) Eden regions: 306->0(306)
[2025-06-03T15:52:45.274+0530][93.120s] GC(700) Survivor regions: 1->1(39)
[2025-06-03T15:52:45.274+0530][93.120s] GC(700) Old regions: 9->9
[2025-06-03T15:52:45.274+0530][93.120s] GC(700) Archive regions: 2->2
[2025-06-03T15:52:45.274+0530][93.120s] GC(700) Humongous regions: 0->0
[2025-06-03T15:52:45.274+0530][93.120s] GC(700) Metaspace: 20480K(20992K)->20480K(20992K) NonClass: 17894K(18176K)->17894K(18176K) Class: 2585K(2816K)->2585K(2816K)
[2025-06-03T15:52:45.274+0530][93.120s] GC(700) Pause Young (Normal) (G1 Evacuation Pause) 315M->9M(512M) 1.125ms
[2025-06-03T15:52:45.274+0530][93.120s] GC(700) User=0.00s Sys=0.00s Real=0.00s
[2025-06-03T15:52:45.396+0530][93.243s] GC(701) Pause Young (Normal) (G1 Evacuation Pause)
[2025-06-03T15:52:45.396+0530][93.243s] GC(701) Using 8 workers of 8 for evacuation
[2025-06-03T15:52:45.397+0530][93.243s] GC(701) Skipped phase 1 of Reference Processing: no references
[2025-06-03T15:52:45.397+0530][93.243s] GC(701) Skipped phase 2 of Reference Processing: no references
[2025-06-03T15:52:45.397+0530][93.243s] GC(701) Skipped phase 3 of Reference Processing: no references
[2025-06-03T15:52:45.397+0530][93.243s] GC(701) Skipped phase 4 of Reference Processing: no references
[2025-06-03T15:52:45.397+0530][93.244s] GC(701)   Pre Evacuate Collection Set: 0.1ms
[2025-06-03T15:52:45.397+0530][93.244s] GC(701)   Merge Heap Roots: 0.1ms
[2025-06-03T15:52:45.397+0530][93.244s] GC(701)   Evacuate Collection Set: 0.2ms
[2025-06-03T15:52:45.397+0530][93.244s] GC(701)   Post Evacuate Collection Set: 0.5ms
[2025-06-03T15:52:45.397+0530][93.244s] GC(701)   Other: 0.2ms
[2025-06-03T15:52:45.397+0530][93.244s] GC(701) Eden regions: 306->0(306)
[2025-06-03T15:52:45.397+0530][93.244s] GC(701) Survivor regions: 1->1(39)
[2025-06-03T15:52:45.397+0530][93.244s] GC(701) Old regions: 9->9
[2025-06-03T15:52:45.397+0530][93.244s] GC(701) Archive regions: 2->2
[2025-06-03T15:52:45.397+0530][93.244s] GC(701) Humongous regions: 0->0
[2025-06-03T15:52:45.397+0530][93.244s] GC(701) Metaspace: 20480K(20992K)->20480K(20992K) NonClass: 17894K(18176K)->17894K(18176K) Class: 2585K(2816K)->2585K(2816K)
[2025-06-03T15:52:45.397+0530][93.244s] GC(701) Pause Young (Normal) (G1 Evacuation Pause) 315M->9M(512M) 1.084ms
[2025-06-03T15:52:45.397+0530][93.244s] GC(701) User=0.00s Sys=0.00s Real=0.00s
[2025-06-03T15:52:45.526+0530][93.373s] GC(702) Pause Young (Normal) (G1 Evacuation Pause)
[2025-06-03T15:52:45.526+0530][93.373s] GC(702) Using 8 workers of 8 for evacuation
[2025-06-03T15:52:45.526+0530][93.373s] GC(702) Skipped phase 1 of Reference Processing: no references
[2025-06-03T15:52:45.527+0530][93.373s] GC(702) Skipped phase 2 of Reference Processing: no references
[2025-06-03T15:52:45.527+0530][93.373s] GC(702) Skipped phase 3 of Reference Processing: no references
[2025-06-03T15:52:45.527+0530][93.373s] GC(702) Skipped phase 4 of Reference Processing: no references
[2025-06-03T15:52:45.527+0530][93.373s] GC(702)   Pre Evacuate Collection Set: 0.1ms
[2025-06-03T15:52:45.527+0530][93.374s] GC(702)   Merge Heap Roots: 0.1ms
[2025-06-03T15:52:45.527+0530][93.374s] GC(702)   Evacuate Collection Set: 0.2ms
[2025-06-03T15:52:45.527+0530][93.374s] GC(702)   Post Evacuate Collection Set: 0.4ms
[2025-06-03T15:52:45.527+0530][93.374s] GC(702)   Other: 0.2ms
[2025-06-03T15:52:45.527+0530][93.374s] GC(702) Eden regions: 306->0(306)
[2025-06-03T15:52:45.527+0530][93.374s] GC(702) Survivor regions: 1->1(39)
[2025-06-03T15:52:45.527+0530][93.374s] GC(702) Old regions: 9->9
[2025-06-03T15:52:45.527+0530][93.374s] GC(702) Archive regions: 2->2
[2025-06-03T15:52:45.527+0530][93.374s] GC(702) Humongous regions: 0->0
[2025-06-03T15:52:45.527+0530][93.374s] GC(702) Metaspace: 20480K(20992K)->20480K(20992K) NonClass: 17894K(18176K)->17894K(18176K) Class: 2585K(2816K)->2585K(2816K)
[2025-06-03T15:52:45.527+0530][93.374s] GC(702) Pause Young (Normal) (G1 Evacuation Pause) 315M->9M(512M) 0.977ms
[2025-06-03T15:52:45.527+0530][93.374s] GC(702) User=0.00s Sys=0.00s Real=0.00s
[2025-06-03T15:52:45.654+0530][93.501s] GC(703) Pause Young (Normal) (G1 Evacuation Pause)
[2025-06-03T15:52:45.654+0530][93.501s] GC(703) Using 8 workers of 8 for evacuation
[2025-06-03T15:52:45.654+0530][93.501s] GC(703) Skipped phase 1 of Reference Processing: no references
[2025-06-03T15:52:45.655+0530][93.501s] GC(703) Skipped phase 2 of Reference Processing: no references
[2025-06-03T15:52:45.655+0530][93.501s] GC(703) Skipped phase 3 of Reference Processing: no references
[2025-06-03T15:52:45.655+0530][93.501s] GC(703) Skipped phase 4 of Reference Processing: no references
[2025-06-03T15:52:45.655+0530][93.502s] GC(703)   Pre Evacuate Collection Set: 0.1ms
[2025-06-03T15:52:45.655+0530][93.502s] GC(703)   Merge Heap Roots: 0.1ms
[2025-06-03T15:52:45.655+0530][93.502s] GC(703)   Evacuate Collection Set: 0.3ms
[2025-06-03T15:52:45.655+0530][93.502s] GC(703)   Post Evacuate Collection Set: 0.4ms
[2025-06-03T15:52:45.655+0530][93.502s] GC(703)   Other: 0.1ms
[2025-06-03T15:52:45.655+0530][93.502s] GC(703) Eden regions: 306->0(306)
[2025-06-03T15:52:45.655+0530][93.502s] GC(703) Survivor regions: 1->1(39)
[2025-06-03T15:52:45.655+0530][93.502s] GC(703) Old regions: 9->9
[2025-06-03T15:52:45.655+0530][93.502s] GC(703) Archive regions: 2->2
[2025-06-03T15:52:45.655+0530][93.502s] GC(703) Humongous regions: 0->0
[2025-06-03T15:52:45.655+0530][93.502s] GC(703) Metaspace: 20480K(20992K)->20480K(20992K) NonClass: 17894K(18176K)->17894K(18176K) Class: 2585K(2816K)->2585K(2816K)
[2025-06-03T15:52:45.655+0530][93.502s] GC(703) Pause Young (Normal) (G1 Evacuation Pause) 315M->9M(512M) 1.198ms
[2025-06-03T15:52:45.655+0530][93.502s] GC(703) User=0.00s Sys=0.00s Real=0.00s
[2025-06-03T15:52:45.863+0530][93.709s] GC(704) Pause Young (Normal) (G1 Evacuation Pause)
[2025-06-03T15:52:45.863+0530][93.709s] GC(704) Using 8 workers of 8 for evacuation
[2025-06-03T15:52:45.863+0530][93.710s] GC(704) Skipped phase 1 of Reference Processing: no references
[2025-06-03T15:52:45.863+0530][93.710s] GC(704) Skipped phase 2 of Reference Processing: no references
[2025-06-03T15:52:45.864+0530][93.710s] GC(704) Skipped phase 3 of Reference Processing: no references
[2025-06-03T15:52:45.864+0530][93.710s] GC(704) Skipped phase 4 of Reference Processing: no references
[2025-06-03T15:52:45.864+0530][93.711s] GC(704)   Pre Evacuate Collection Set: 0.1ms
[2025-06-03T15:52:45.864+0530][93.711s] GC(704)   Merge Heap Roots: 0.1ms
[2025-06-03T15:52:45.864+0530][93.711s] GC(704)   Evacuate Collection Set: 0.5ms
[2025-06-03T15:52:45.864+0530][93.711s] GC(704)   Post Evacuate Collection Set: 0.9ms
[2025-06-03T15:52:45.864+0530][93.711s] GC(704)   Other: 0.2ms
[2025-06-03T15:52:45.864+0530][93.711s] GC(704) Eden regions: 306->0(306)
[2025-06-03T15:52:45.865+0530][93.711s] GC(704) Survivor regions: 1->1(39)
[2025-06-03T15:52:45.865+0530][93.711s] GC(704) Old regions: 9->9
[2025-06-03T15:52:45.865+0530][93.711s] GC(704) Archive regions: 2->2
[2025-06-03T15:52:45.865+0530][93.711s] GC(704) Humongous regions: 0->0
[2025-06-03T15:52:45.865+0530][93.711s] GC(704) Metaspace: 20480K(20992K)->20480K(20992K) NonClass: 17894K(18176K)->17894K(18176K) Class: 2585K(2816K)->2585K(2816K)
[2025-06-03T15:52:45.865+0530][93.711s] GC(704) Pause Young (Normal) (G1 Evacuation Pause) 315M->9M(512M) 2.157ms
[2025-06-03T15:52:45.865+0530][93.711s] GC(704) User=0.01s Sys=0.00s Real=0.00s
[2025-06-03T15:52:46.046+0530][93.892s] GC(705) Pause Young (Normal) (G1 Evacuation Pause)
[2025-06-03T15:52:46.046+0530][93.892s] GC(705) Using 8 workers of 8 for evacuation
[2025-06-03T15:52:46.046+0530][93.893s] GC(705) Skipped phase 1 of Reference Processing: no references
[2025-06-03T15:52:46.046+0530][93.893s] GC(705) Skipped phase 2 of Reference Processing: no references
[2025-06-03T15:52:46.046+0530][93.893s] GC(705) Skipped phase 3 of Reference Processing: no references
[2025-06-03T15:52:46.046+0530][93.893s] GC(705) Skipped phase 4 of Reference Processing: no references
[2025-06-03T15:52:46.047+0530][93.894s] GC(705)   Pre Evacuate Collection Set: 0.1ms
[2025-06-03T15:52:46.047+0530][93.894s] GC(705)   Merge Heap Roots: 0.1ms
[2025-06-03T15:52:46.047+0530][93.894s] GC(705)   Evacuate Collection Set: 0.3ms
[2025-06-03T15:52:46.047+0530][93.894s] GC(705)   Post Evacuate Collection Set: 0.8ms
[2025-06-03T15:52:46.047+0530][93.894s] GC(705)   Other: 0.2ms
[2025-06-03T15:52:46.047+0530][93.894s] GC(705) Eden regions: 306->0(306)
[2025-06-03T15:52:46.047+0530][93.894s] GC(705) Survivor regions: 1->1(39)
[2025-06-03T15:52:46.047+0530][93.894s] GC(705) Old regions: 9->9
[2025-06-03T15:52:46.047+0530][93.894s] GC(705) Archive regions: 2->2
[2025-06-03T15:52:46.047+0530][93.894s] GC(705) Humongous regions: 0->0
[2025-06-03T15:52:46.047+0530][93.894s] GC(705) Metaspace: 20480K(20992K)->20480K(20992K) NonClass: 17894K(18176K)->17894K(18176K) Class: 2585K(2816K)->2585K(2816K)
[2025-06-03T15:52:46.047+0530][93.894s] GC(705) Pause Young (Normal) (G1 Evacuation Pause) 315M->9M(512M) 1.607ms
[2025-06-03T15:52:46.047+0530][93.894s] GC(705) User=0.00s Sys=0.01s Real=0.00s
[2025-06-03T15:52:46.192+0530][94.038s] GC(706) Pause Young (Normal) (G1 Evacuation Pause)
[2025-06-03T15:52:46.192+0530][94.038s] GC(706) Using 8 workers of 8 for evacuation
[2025-06-03T15:52:46.192+0530][94.039s] GC(706) Skipped phase 1 of Reference Processing: no references
[2025-06-03T15:52:46.192+0530][94.039s] GC(706) Skipped phase 2 of Reference Processing: no references
[2025-06-03T15:52:46.192+0530][94.039s] GC(706) Skipped phase 3 of Reference Processing: no references
[2025-06-03T15:52:46.192+0530][94.039s] GC(706) Skipped phase 4 of Reference Processing: no references
[2025-06-03T15:52:46.193+0530][94.040s] GC(706)   Pre Evacuate Collection Set: 0.1ms
[2025-06-03T15:52:46.193+0530][94.040s] GC(706)   Merge Heap Roots: 0.1ms
[2025-06-03T15:52:46.193+0530][94.040s] GC(706)   Evacuate Collection Set: 0.3ms
[2025-06-03T15:52:46.193+0530][94.040s] GC(706)   Post Evacuate Collection Set: 0.5ms
[2025-06-03T15:52:46.193+0530][94.040s] GC(706)   Other: 0.3ms
[2025-06-03T15:52:46.193+0530][94.040s] GC(706) Eden regions: 306->0(306)
[2025-06-03T15:52:46.193+0530][94.040s] GC(706) Survivor regions: 1->1(39)
[2025-06-03T15:52:46.193+0530][94.040s] GC(706) Old regions: 9->9
[2025-06-03T15:52:46.193+0530][94.040s] GC(706) Archive regions: 2->2
[2025-06-03T15:52:46.193+0530][94.040s] GC(706) Humongous regions: 0->0
[2025-06-03T15:52:46.193+0530][94.040s] GC(706) Metaspace: 20480K(20992K)->20480K(20992K) NonClass: 17894K(18176K)->17894K(18176K) Class: 2585K(2816K)->2585K(2816K)
[2025-06-03T15:52:46.193+0530][94.040s] GC(706) Pause Young (Normal) (G1 Evacuation Pause) 315M->9M(512M) 1.509ms
[2025-06-03T15:52:46.193+0530][94.040s] GC(706) User=0.00s Sys=0.00s Real=0.00s
[2025-06-03T15:52:46.340+0530][94.187s] GC(707) Pause Young (Normal) (G1 Evacuation Pause)
[2025-06-03T15:52:46.340+0530][94.187s] GC(707) Using 8 workers of 8 for evacuation
[2025-06-03T15:52:46.341+0530][94.187s] GC(707) Skipped phase 1 of Reference Processing: no references
[2025-06-03T15:52:46.341+0530][94.188s] GC(707) Skipped phase 2 of Reference Processing: no references
[2025-06-03T15:52:46.341+0530][94.188s] GC(707) Skipped phase 3 of Reference Processing: no references
[2025-06-03T15:52:46.341+0530][94.188s] GC(707) Skipped phase 4 of Reference Processing: no references
[2025-06-03T15:52:46.341+0530][94.188s] GC(707)   Pre Evacuate Collection Set: 0.2ms
[2025-06-03T15:52:46.341+0530][94.188s] GC(707)   Merge Heap Roots: 0.1ms
[2025-06-03T15:52:46.341+0530][94.188s] GC(707)   Evacuate Collection Set: 0.5ms
[2025-06-03T15:52:46.341+0530][94.188s] GC(707)   Post Evacuate Collection Set: 0.5ms
[2025-06-03T15:52:46.342+0530][94.188s] GC(707)   Other: 0.2ms
[2025-06-03T15:52:46.342+0530][94.188s] GC(707) Eden regions: 306->0(306)
[2025-06-03T15:52:46.342+0530][94.188s] GC(707) Survivor regions: 1->1(39)
[2025-06-03T15:52:46.342+0530][94.188s] GC(707) Old regions: 9->9
[2025-06-03T15:52:46.342+0530][94.188s] GC(707) Archive regions: 2->2
[2025-06-03T15:52:46.342+0530][94.188s] GC(707) Humongous regions: 0->0
[2025-06-03T15:52:46.342+0530][94.188s] GC(707) Metaspace: 20480K(20992K)->20480K(20992K) NonClass: 17894K(18176K)->17894K(18176K) Class: 2585K(2816K)->2585K(2816K)
[2025-06-03T15:52:46.342+0530][94.188s] GC(707) Pause Young (Normal) (G1 Evacuation Pause) 315M->9M(512M) 1.772ms
[2025-06-03T15:52:46.342+0530][94.188s] GC(707) User=0.00s Sys=0.00s Real=0.00s
[2025-06-03T15:52:46.475+0530][94.322s] GC(708) Pause Young (Normal) (G1 Evacuation Pause)
[2025-06-03T15:52:46.475+0530][94.322s] GC(708) Using 8 workers of 8 for evacuation
[2025-06-03T15:52:46.476+0530][94.322s] GC(708) Skipped phase 1 of Reference Processing: no references
[2025-06-03T15:52:46.476+0530][94.322s] GC(708) Skipped phase 2 of Reference Processing: no references
[2025-06-03T15:52:46.476+0530][94.322s] GC(708) Skipped phase 3 of Reference Processing: no references
[2025-06-03T15:52:46.476+0530][94.322s] GC(708) Skipped phase 4 of Reference Processing: no references
[2025-06-03T15:52:46.476+0530][94.323s] GC(708)   Pre Evacuate Collection Set: 0.1ms
[2025-06-03T15:52:46.476+0530][94.323s] GC(708)   Merge Heap Roots: 0.1ms
[2025-06-03T15:52:46.476+0530][94.323s] GC(708)   Evacuate Collection Set: 0.2ms
[2025-06-03T15:52:46.476+0530][94.323s] GC(708)   Post Evacuate Collection Set: 0.4ms
[2025-06-03T15:52:46.476+0530][94.323s] GC(708)   Other: 0.1ms
[2025-06-03T15:52:46.476+0530][94.323s] GC(708) Eden regions: 306->0(306)
[2025-06-03T15:52:46.476+0530][94.323s] GC(708) Survivor regions: 1->1(39)
[2025-06-03T15:52:46.476+0530][94.323s] GC(708) Old regions: 9->9
[2025-06-03T15:52:46.476+0530][94.323s] GC(708) Archive regions: 2->2
[2025-06-03T15:52:46.476+0530][94.323s] GC(708) Humongous regions: 0->0
[2025-06-03T15:52:46.476+0530][94.323s] GC(708) Metaspace: 20480K(20992K)->20480K(20992K) NonClass: 17894K(18176K)->17894K(18176K) Class: 2585K(2816K)->2585K(2816K)
[2025-06-03T15:52:46.476+0530][94.323s] GC(708) Pause Young (Normal) (G1 Evacuation Pause) 315M->9M(512M) 1.110ms
[2025-06-03T15:52:46.476+0530][94.323s] GC(708) User=0.00s Sys=0.00s Real=0.00s
[2025-06-03T15:52:46.608+0530][94.455s] GC(709) Pause Young (Normal) (G1 Evacuation Pause)
[2025-06-03T15:52:46.608+0530][94.455s] GC(709) Using 8 workers of 8 for evacuation
[2025-06-03T15:52:46.609+0530][94.455s] GC(709) Skipped phase 1 of Reference Processing: no references
[2025-06-03T15:52:46.609+0530][94.455s] GC(709) Skipped phase 2 of Reference Processing: no references
[2025-06-03T15:52:46.609+0530][94.455s] GC(709) Skipped phase 3 of Reference Processing: no references
[2025-06-03T15:52:46.609+0530][94.455s] GC(709) Skipped phase 4 of Reference Processing: no references
[2025-06-03T15:52:46.609+0530][94.456s] GC(709)   Pre Evacuate Collection Set: 0.1ms
[2025-06-03T15:52:46.609+0530][94.456s] GC(709)   Merge Heap Roots: 0.1ms
[2025-06-03T15:52:46.609+0530][94.456s] GC(709)   Evacuate Collection Set: 0.2ms
[2025-06-03T15:52:46.609+0530][94.456s] GC(709)   Post Evacuate Collection Set: 0.4ms
[2025-06-03T15:52:46.609+0530][94.456s] GC(709)   Other: 0.2ms
[2025-06-03T15:52:46.609+0530][94.456s] GC(709) Eden regions: 306->0(306)
[2025-06-03T15:52:46.609+0530][94.456s] GC(709) Survivor regions: 1->1(39)
[2025-06-03T15:52:46.609+0530][94.456s] GC(709) Old regions: 9->9
[2025-06-03T15:52:46.609+0530][94.456s] GC(709) Archive regions: 2->2
[2025-06-03T15:52:46.609+0530][94.456s] GC(709) Humongous regions: 0->0
[2025-06-03T15:52:46.609+0530][94.456s] GC(709) Metaspace: 20480K(20992K)->20480K(20992K) NonClass: 17894K(18176K)->17894K(18176K) Class: 2585K(2816K)->2585K(2816K)
[2025-06-03T15:52:46.609+0530][94.456s] GC(709) Pause Young (Normal) (G1 Evacuation Pause) 315M->9M(512M) 1.186ms
[2025-06-03T15:52:46.609+0530][94.456s] GC(709) User=0.00s Sys=0.00s Real=0.00s
[2025-06-03T15:52:46.899+0530][94.746s] GC(710) Pause Young (Normal) (G1 Evacuation Pause)
[2025-06-03T15:52:46.899+0530][94.746s] GC(710) Using 8 workers of 8 for evacuation
[2025-06-03T15:52:46.900+0530][94.746s] GC(710) Skipped phase 1 of Reference Processing: no references
[2025-06-03T15:52:46.900+0530][94.746s] GC(710) Skipped phase 2 of Reference Processing: no references
[2025-06-03T15:52:46.900+0530][94.746s] GC(710) Skipped phase 3 of Reference Processing: no references
[2025-06-03T15:52:46.900+0530][94.746s] GC(710) Skipped phase 4 of Reference Processing: no references
[2025-06-03T15:52:46.900+0530][94.747s] GC(710)   Pre Evacuate Collection Set: 0.1ms
[2025-06-03T15:52:46.900+0530][94.747s] GC(710)   Merge Heap Roots: 0.1ms
[2025-06-03T15:52:46.900+0530][94.747s] GC(710)   Evacuate Collection Set: 0.3ms
[2025-06-03T15:52:46.900+0530][94.747s] GC(710)   Post Evacuate Collection Set: 0.6ms
[2025-06-03T15:52:46.901+0530][94.747s] GC(710)   Other: 0.4ms
[2025-06-03T15:52:46.901+0530][94.747s] GC(710) Eden regions: 306->0(306)
[2025-06-03T15:52:46.901+0530][94.747s] GC(710) Survivor regions: 1->1(39)
[2025-06-03T15:52:46.901+0530][94.747s] GC(710) Old regions: 9->9
[2025-06-03T15:52:46.901+0530][94.747s] GC(710) Archive regions: 2->2
[2025-06-03T15:52:46.901+0530][94.747s] GC(710) Humongous regions: 0->0
[2025-06-03T15:52:46.901+0530][94.747s] GC(710) Metaspace: 20480K(20992K)->20480K(20992K) NonClass: 17894K(18176K)->17894K(18176K) Class: 2585K(2816K)->2585K(2816K)
[2025-06-03T15:52:46.901+0530][94.747s] GC(710) Pause Young (Normal) (G1 Evacuation Pause) 315M->9M(512M) 1.796ms
[2025-06-03T15:52:46.901+0530][94.747s] GC(710) User=0.01s Sys=0.00s Real=0.01s
[2025-06-03T15:52:47.068+0530][94.915s] GC(711) Pause Young (Normal) (G1 Evacuation Pause)
[2025-06-03T15:52:47.068+0530][94.915s] GC(711) Using 8 workers of 8 for evacuation
[2025-06-03T15:52:47.069+0530][94.916s] GC(711) Skipped phase 1 of Reference Processing: no references
[2025-06-03T15:52:47.069+0530][94.916s] GC(711) Skipped phase 2 of Reference Processing: no references
[2025-06-03T15:52:47.069+0530][94.916s] GC(711) Skipped phase 3 of Reference Processing: no references
[2025-06-03T15:52:47.069+0530][94.916s] GC(711) Skipped phase 4 of Reference Processing: no references
[2025-06-03T15:52:47.069+0530][94.916s] GC(711)   Pre Evacuate Collection Set: 0.1ms
[2025-06-03T15:52:47.069+0530][94.916s] GC(711)   Merge Heap Roots: 0.1ms
[2025-06-03T15:52:47.069+0530][94.916s] GC(711)   Evacuate Collection Set: 0.2ms
[2025-06-03T15:52:47.069+0530][94.916s] GC(711)   Post Evacuate Collection Set: 0.5ms
[2025-06-03T15:52:47.070+0530][94.916s] GC(711)   Other: 0.2ms
[2025-06-03T15:52:47.070+0530][94.916s] GC(711) Eden regions: 306->0(306)
[2025-06-03T15:52:47.070+0530][94.916s] GC(711) Survivor regions: 1->1(39)
[2025-06-03T15:52:47.070+0530][94.916s] GC(711) Old regions: 9->9
[2025-06-03T15:52:47.070+0530][94.916s] GC(711) Archive regions: 2->2
[2025-06-03T15:52:47.070+0530][94.916s] GC(711) Humongous regions: 0->0
[2025-06-03T15:52:47.070+0530][94.916s] GC(711) Metaspace: 20480K(20992K)->20480K(20992K) NonClass: 17894K(18176K)->17894K(18176K) Class: 2585K(2816K)->2585K(2816K)
[2025-06-03T15:52:47.070+0530][94.916s] GC(711) Pause Young (Normal) (G1 Evacuation Pause) 315M->9M(512M) 1.190ms
[2025-06-03T15:52:47.070+0530][94.916s] GC(711) User=0.00s Sys=0.00s Real=0.01s
[2025-06-03T15:52:47.236+0530][95.083s] GC(712) Pause Young (Normal) (G1 Evacuation Pause)
[2025-06-03T15:52:47.236+0530][95.083s] GC(712) Using 8 workers of 8 for evacuation
[2025-06-03T15:52:47.237+0530][95.084s] GC(712) Skipped phase 1 of Reference Processing: no references
[2025-06-03T15:52:47.237+0530][95.084s] GC(712) Skipped phase 2 of Reference Processing: no references
[2025-06-03T15:52:47.237+0530][95.084s] GC(712) Skipped phase 3 of Reference Processing: no references
[2025-06-03T15:52:47.238+0530][95.084s] GC(712) Skipped phase 4 of Reference Processing: no references
[2025-06-03T15:52:47.239+0530][95.085s] GC(712)   Pre Evacuate Collection Set: 0.1ms
[2025-06-03T15:52:47.239+0530][95.085s] GC(712)   Merge Heap Roots: 0.2ms
[2025-06-03T15:52:47.239+0530][95.085s] GC(712)   Evacuate Collection Set: 0.6ms
[2025-06-03T15:52:47.239+0530][95.085s] GC(712)   Post Evacuate Collection Set: 1.2ms
[2025-06-03T15:52:47.239+0530][95.085s] GC(712)   Other: 0.2ms
[2025-06-03T15:52:47.239+0530][95.085s] GC(712) Eden regions: 306->0(306)
[2025-06-03T15:52:47.239+0530][95.085s] GC(712) Survivor regions: 1->1(39)
[2025-06-03T15:52:47.239+0530][95.085s] GC(712) Old regions: 9->9
[2025-06-03T15:52:47.239+0530][95.085s] GC(712) Archive regions: 2->2
[2025-06-03T15:52:47.239+0530][95.085s] GC(712) Humongous regions: 0->0
[2025-06-03T15:52:47.239+0530][95.085s] GC(712) Metaspace: 20481K(20992K)->20481K(20992K) NonClass: 17896K(18176K)->17896K(18176K) Class: 2585K(2816K)->2585K(2816K)
[2025-06-03T15:52:47.239+0530][95.085s] GC(712) Pause Young (Normal) (G1 Evacuation Pause) 315M->9M(512M) 2.533ms
[2025-06-03T15:52:47.239+0530][95.085s] GC(712) User=0.00s Sys=0.00s Real=0.00s
[2025-06-03T15:52:47.466+0530][95.313s] GC(713) Pause Young (Normal) (G1 Evacuation Pause)
[2025-06-03T15:52:47.467+0530][95.313s] GC(713) Using 8 workers of 8 for evacuation
[2025-06-03T15:52:47.467+0530][95.314s] GC(713) Skipped phase 1 of Reference Processing: no references
[2025-06-03T15:52:47.467+0530][95.314s] GC(713) Skipped phase 2 of Reference Processing: no references
[2025-06-03T15:52:47.467+0530][95.314s] GC(713) Skipped phase 3 of Reference Processing: no references
[2025-06-03T15:52:47.468+0530][95.314s] GC(713) Skipped phase 4 of Reference Processing: no references
[2025-06-03T15:52:47.468+0530][95.315s] GC(713)   Pre Evacuate Collection Set: 0.2ms
[2025-06-03T15:52:47.468+0530][95.315s] GC(713)   Merge Heap Roots: 0.1ms
[2025-06-03T15:52:47.468+0530][95.315s] GC(713)   Evacuate Collection Set: 0.3ms
[2025-06-03T15:52:47.468+0530][95.315s] GC(713)   Post Evacuate Collection Set: 0.7ms
[2025-06-03T15:52:47.468+0530][95.315s] GC(713)   Other: 0.3ms
[2025-06-03T15:52:47.468+0530][95.315s] GC(713) Eden regions: 306->0(306)
[2025-06-03T15:52:47.468+0530][95.315s] GC(713) Survivor regions: 1->1(39)
[2025-06-03T15:52:47.468+0530][95.315s] GC(713) Old regions: 9->9
[2025-06-03T15:52:47.468+0530][95.315s] GC(713) Archive regions: 2->2
[2025-06-03T15:52:47.468+0530][95.315s] GC(713) Humongous regions: 0->0
[2025-06-03T15:52:47.468+0530][95.315s] GC(713) Metaspace: 20481K(20992K)->20481K(20992K) NonClass: 17896K(18176K)->17896K(18176K) Class: 2585K(2816K)->2585K(2816K)
[2025-06-03T15:52:47.468+0530][95.315s] GC(713) Pause Young (Normal) (G1 Evacuation Pause) 315M->9M(512M) 1.756ms
[2025-06-03T15:52:47.468+0530][95.315s] GC(713) User=0.00s Sys=0.00s Real=0.00s
[2025-06-03T15:52:47.659+0530][95.505s] GC(714) Pause Young (Normal) (G1 Evacuation Pause)
[2025-06-03T15:52:47.659+0530][95.505s] GC(714) Using 8 workers of 8 for evacuation
[2025-06-03T15:52:47.659+0530][95.506s] GC(714) Skipped phase 1 of Reference Processing: no references
[2025-06-03T15:52:47.659+0530][95.506s] GC(714) Skipped phase 2 of Reference Processing: no references
[2025-06-03T15:52:47.659+0530][95.506s] GC(714) Skipped phase 3 of Reference Processing: no references
[2025-06-03T15:52:47.659+0530][95.506s] GC(714) Skipped phase 4 of Reference Processing: no references
[2025-06-03T15:52:47.659+0530][95.506s] GC(714)   Pre Evacuate Collection Set: 0.1ms
[2025-06-03T15:52:47.660+0530][95.506s] GC(714)   Merge Heap Roots: 0.1ms
[2025-06-03T15:52:47.660+0530][95.506s] GC(714)   Evacuate Collection Set: 0.2ms
[2025-06-03T15:52:47.660+0530][95.506s] GC(714)   Post Evacuate Collection Set: 0.4ms
[2025-06-03T15:52:47.660+0530][95.506s] GC(714)   Other: 0.2ms
[2025-06-03T15:52:47.660+0530][95.506s] GC(714) Eden regions: 306->0(306)
[2025-06-03T15:52:47.660+0530][95.506s] GC(714) Survivor regions: 1->1(39)
[2025-06-03T15:52:47.660+0530][95.506s] GC(714) Old regions: 9->9
[2025-06-03T15:52:47.660+0530][95.506s] GC(714) Archive regions: 2->2
[2025-06-03T15:52:47.660+0530][95.506s] GC(714) Humongous regions: 0->0
[2025-06-03T15:52:47.660+0530][95.506s] GC(714) Metaspace: 20481K(20992K)->20481K(20992K) NonClass: 17896K(18176K)->17896K(18176K) Class: 2585K(2816K)->2585K(2816K)
[2025-06-03T15:52:47.660+0530][95.506s] GC(714) Pause Young (Normal) (G1 Evacuation Pause) 315M->9M(512M) 1.144ms
[2025-06-03T15:52:47.660+0530][95.506s] GC(714) User=0.00s Sys=0.01s Real=0.01s
[2025-06-03T15:52:47.822+0530][95.669s] GC(715) Pause Young (Normal) (G1 Evacuation Pause)
[2025-06-03T15:52:47.822+0530][95.669s] GC(715) Using 8 workers of 8 for evacuation
[2025-06-03T15:52:47.823+0530][95.669s] GC(715) Skipped phase 1 of Reference Processing: no references
[2025-06-03T15:52:47.823+0530][95.669s] GC(715) Skipped phase 2 of Reference Processing: no references
[2025-06-03T15:52:47.823+0530][95.669s] GC(715) Skipped phase 3 of Reference Processing: no references
[2025-06-03T15:52:47.823+0530][95.669s] GC(715) Skipped phase 4 of Reference Processing: no references
[2025-06-03T15:52:47.823+0530][95.670s] GC(715)   Pre Evacuate Collection Set: 0.1ms
[2025-06-03T15:52:47.823+0530][95.670s] GC(715)   Merge Heap Roots: 0.1ms
[2025-06-03T15:52:47.823+0530][95.670s] GC(715)   Evacuate Collection Set: 0.3ms
[2025-06-03T15:52:47.823+0530][95.670s] GC(715)   Post Evacuate Collection Set: 0.5ms
[2025-06-03T15:52:47.823+0530][95.670s] GC(715)   Other: 0.2ms
[2025-06-03T15:52:47.823+0530][95.670s] GC(715) Eden regions: 306->0(306)
[2025-06-03T15:52:47.823+0530][95.670s] GC(715) Survivor regions: 1->1(39)
[2025-06-03T15:52:47.823+0530][95.670s] GC(715) Old regions: 9->9
[2025-06-03T15:52:47.823+0530][95.670s] GC(715) Archive regions: 2->2
[2025-06-03T15:52:47.823+0530][95.670s] GC(715) Humongous regions: 0->0
[2025-06-03T15:52:47.823+0530][95.670s] GC(715) Metaspace: 20481K(20992K)->20481K(20992K) NonClass: 17896K(18176K)->17896K(18176K) Class: 2585K(2816K)->2585K(2816K)
[2025-06-03T15:52:47.823+0530][95.670s] GC(715) Pause Young (Normal) (G1 Evacuation Pause) 315M->9M(512M) 1.354ms
[2025-06-03T15:52:47.823+0530][95.670s] GC(715) User=0.01s Sys=0.00s Real=0.00s
[2025-06-03T15:52:47.996+0530][95.843s] GC(716) Pause Young (Normal) (G1 Evacuation Pause)
[2025-06-03T15:52:47.997+0530][95.843s] GC(716) Using 8 workers of 8 for evacuation
[2025-06-03T15:52:47.997+0530][95.844s] GC(716) Skipped phase 1 of Reference Processing: no references
[2025-06-03T15:52:47.997+0530][95.844s] GC(716) Skipped phase 2 of Reference Processing: no references
[2025-06-03T15:52:47.997+0530][95.844s] GC(716) Skipped phase 3 of Reference Processing: no references
[2025-06-03T15:52:47.997+0530][95.844s] GC(716) Skipped phase 4 of Reference Processing: no references
[2025-06-03T15:52:47.998+0530][95.844s] GC(716)   Pre Evacuate Collection Set: 0.1ms
[2025-06-03T15:52:47.998+0530][95.845s] GC(716)   Merge Heap Roots: 0.1ms
[2025-06-03T15:52:47.998+0530][95.845s] GC(716)   Evacuate Collection Set: 0.3ms
[2025-06-03T15:52:47.998+0530][95.845s] GC(716)   Post Evacuate Collection Set: 0.6ms
[2025-06-03T15:52:47.998+0530][95.845s] GC(716)   Other: 0.2ms
[2025-06-03T15:52:47.998+0530][95.845s] GC(716) Eden regions: 306->0(306)
[2025-06-03T15:52:47.998+0530][95.845s] GC(716) Survivor regions: 1->1(39)
[2025-06-03T15:52:47.998+0530][95.845s] GC(716) Old regions: 9->9
[2025-06-03T15:52:47.998+0530][95.845s] GC(716) Archive regions: 2->2
[2025-06-03T15:52:47.998+0530][95.845s] GC(716) Humongous regions: 0->0
[2025-06-03T15:52:47.998+0530][95.845s] GC(716) Metaspace: 20481K(20992K)->20481K(20992K) NonClass: 17896K(18176K)->17896K(18176K) Class: 2585K(2816K)->2585K(2816K)
[2025-06-03T15:52:47.998+0530][95.845s] GC(716) Pause Young (Normal) (G1 Evacuation Pause) 315M->9M(512M) 1.570ms
[2025-06-03T15:52:47.998+0530][95.845s] GC(716) User=0.00s Sys=0.00s Real=0.00s
[2025-06-03T15:52:48.182+0530][96.028s] GC(717) Pause Young (Normal) (G1 Evacuation Pause)
[2025-06-03T15:52:48.182+0530][96.028s] GC(717) Using 8 workers of 8 for evacuation
[2025-06-03T15:52:48.183+0530][96.029s] GC(717) Skipped phase 1 of Reference Processing: no references
[2025-06-03T15:52:48.183+0530][96.030s] GC(717) Skipped phase 2 of Reference Processing: no references
[2025-06-03T15:52:48.183+0530][96.030s] GC(717) Skipped phase 3 of Reference Processing: no references
[2025-06-03T15:52:48.183+0530][96.030s] GC(717) Skipped phase 4 of Reference Processing: no references
[2025-06-03T15:52:48.183+0530][96.030s] GC(717)   Pre Evacuate Collection Set: 0.2ms
[2025-06-03T15:52:48.183+0530][96.030s] GC(717)   Merge Heap Roots: 0.1ms
[2025-06-03T15:52:48.183+0530][96.030s] GC(717)   Evacuate Collection Set: 0.6ms
[2025-06-03T15:52:48.183+0530][96.030s] GC(717)   Post Evacuate Collection Set: 0.6ms
[2025-06-03T15:52:48.183+0530][96.030s] GC(717)   Other: 0.3ms
[2025-06-03T15:52:48.183+0530][96.030s] GC(717) Eden regions: 306->0(306)
[2025-06-03T15:52:48.183+0530][96.030s] GC(717) Survivor regions: 1->1(39)
[2025-06-03T15:52:48.183+0530][96.030s] GC(717) Old regions: 9->9
[2025-06-03T15:52:48.183+0530][96.030s] GC(717) Archive regions: 2->2
[2025-06-03T15:52:48.183+0530][96.030s] GC(717) Humongous regions: 0->0
[2025-06-03T15:52:48.183+0530][96.030s] GC(717) Metaspace: 20481K(20992K)->20481K(20992K) NonClass: 17896K(18176K)->17896K(18176K) Class: 2585K(2816K)->2585K(2816K)
[2025-06-03T15:52:48.184+0530][96.030s] GC(717) Pause Young (Normal) (G1 Evacuation Pause) 315M->9M(512M) 1.909ms
[2025-06-03T15:52:48.184+0530][96.030s] GC(717) User=0.00s Sys=0.00s Real=0.00s
[2025-06-03T15:52:48.369+0530][96.216s] GC(718) Pause Young (Normal) (G1 Evacuation Pause)
[2025-06-03T15:52:48.369+0530][96.216s] GC(718) Using 8 workers of 8 for evacuation
[2025-06-03T15:52:48.370+0530][96.217s] GC(718) Skipped phase 1 of Reference Processing: no references
[2025-06-03T15:52:48.370+0530][96.217s] GC(718) Skipped phase 2 of Reference Processing: no references
[2025-06-03T15:52:48.370+0530][96.217s] GC(718) Skipped phase 3 of Reference Processing: no references
[2025-06-03T15:52:48.370+0530][96.217s] GC(718) Skipped phase 4 of Reference Processing: no references
[2025-06-03T15:52:48.370+0530][96.217s] GC(718)   Pre Evacuate Collection Set: 0.1ms
[2025-06-03T15:52:48.370+0530][96.217s] GC(718)   Merge Heap Roots: 0.1ms
[2025-06-03T15:52:48.370+0530][96.217s] GC(718)   Evacuate Collection Set: 0.3ms
[2025-06-03T15:52:48.370+0530][96.217s] GC(718)   Post Evacuate Collection Set: 0.6ms
[2025-06-03T15:52:48.371+0530][96.217s] GC(718)   Other: 0.3ms
[2025-06-03T15:52:48.371+0530][96.217s] GC(718) Eden regions: 306->0(306)
[2025-06-03T15:52:48.371+0530][96.217s] GC(718) Survivor regions: 1->1(39)
[2025-06-03T15:52:48.371+0530][96.217s] GC(718) Old regions: 9->9
[2025-06-03T15:52:48.371+0530][96.217s] GC(718) Archive regions: 2->2
[2025-06-03T15:52:48.371+0530][96.217s] GC(718) Humongous regions: 0->0
[2025-06-03T15:52:48.371+0530][96.217s] GC(718) Metaspace: 20481K(20992K)->20481K(20992K) NonClass: 17896K(18176K)->17896K(18176K) Class: 2585K(2816K)->2585K(2816K)
[2025-06-03T15:52:48.371+0530][96.217s] GC(718) Pause Young (Normal) (G1 Evacuation Pause) 315M->9M(512M) 1.575ms
[2025-06-03T15:52:48.371+0530][96.217s] GC(718) User=0.00s Sys=0.00s Real=0.01s
[2025-06-03T15:52:48.531+0530][96.378s] GC(719) Pause Young (Normal) (G1 Evacuation Pause)
[2025-06-03T15:52:48.531+0530][96.378s] GC(719) Using 8 workers of 8 for evacuation
[2025-06-03T15:52:48.532+0530][96.378s] GC(719) Skipped phase 1 of Reference Processing: no references
[2025-06-03T15:52:48.532+0530][96.378s] GC(719) Skipped phase 2 of Reference Processing: no references
[2025-06-03T15:52:48.532+0530][96.378s] GC(719) Skipped phase 3 of Reference Processing: no references
[2025-06-03T15:52:48.532+0530][96.378s] GC(719) Skipped phase 4 of Reference Processing: no references
[2025-06-03T15:52:48.532+0530][96.379s] GC(719)   Pre Evacuate Collection Set: 0.1ms
[2025-06-03T15:52:48.532+0530][96.379s] GC(719)   Merge Heap Roots: 0.1ms
[2025-06-03T15:52:48.532+0530][96.379s] GC(719)   Evacuate Collection Set: 0.2ms
[2025-06-03T15:52:48.532+0530][96.379s] GC(719)   Post Evacuate Collection Set: 0.5ms
[2025-06-03T15:52:48.532+0530][96.379s] GC(719)   Other: 0.3ms
[2025-06-03T15:52:48.532+0530][96.379s] GC(719) Eden regions: 306->0(306)
[2025-06-03T15:52:48.532+0530][96.379s] GC(719) Survivor regions: 1->1(39)
[2025-06-03T15:52:48.532+0530][96.379s] GC(719) Old regions: 9->9
[2025-06-03T15:52:48.532+0530][96.379s] GC(719) Archive regions: 2->2
[2025-06-03T15:52:48.532+0530][96.379s] GC(719) Humongous regions: 0->0
[2025-06-03T15:52:48.532+0530][96.379s] GC(719) Metaspace: 20481K(20992K)->20481K(20992K) NonClass: 17896K(18176K)->17896K(18176K) Class: 2585K(2816K)->2585K(2816K)
[2025-06-03T15:52:48.532+0530][96.379s] GC(719) Pause Young (Normal) (G1 Evacuation Pause) 315M->9M(512M) 1.320ms
[2025-06-03T15:52:48.532+0530][96.379s] GC(719) User=0.00s Sys=0.00s Real=0.00s
[2025-06-03T15:52:48.680+0530][96.526s] GC(720) Pause Young (Normal) (G1 Evacuation Pause)
[2025-06-03T15:52:48.680+0530][96.526s] GC(720) Using 8 workers of 8 for evacuation
[2025-06-03T15:52:48.680+0530][96.527s] GC(720) Skipped phase 1 of Reference Processing: no references
[2025-06-03T15:52:48.680+0530][96.527s] GC(720) Skipped phase 2 of Reference Processing: no references
[2025-06-03T15:52:48.680+0530][96.527s] GC(720) Skipped phase 3 of Reference Processing: no references
[2025-06-03T15:52:48.680+0530][96.527s] GC(720) Skipped phase 4 of Reference Processing: no references
[2025-06-03T15:52:48.681+0530][96.527s] GC(720)   Pre Evacuate Collection Set: 0.1ms
[2025-06-03T15:52:48.681+0530][96.527s] GC(720)   Merge Heap Roots: 0.1ms
[2025-06-03T15:52:48.681+0530][96.527s] GC(720)   Evacuate Collection Set: 0.2ms
[2025-06-03T15:52:48.681+0530][96.527s] GC(720)   Post Evacuate Collection Set: 0.4ms
[2025-06-03T15:52:48.681+0530][96.528s] GC(720)   Other: 0.2ms
[2025-06-03T15:52:48.681+0530][96.528s] GC(720) Eden regions: 306->0(306)
[2025-06-03T15:52:48.681+0530][96.528s] GC(720) Survivor regions: 1->1(39)
[2025-06-03T15:52:48.681+0530][96.528s] GC(720) Old regions: 9->9
[2025-06-03T15:52:48.681+0530][96.528s] GC(720) Archive regions: 2->2
[2025-06-03T15:52:48.681+0530][96.528s] GC(720) Humongous regions: 0->0
[2025-06-03T15:52:48.681+0530][96.528s] GC(720) Metaspace: 20481K(20992K)->20481K(20992K) NonClass: 17896K(18176K)->17896K(18176K) Class: 2585K(2816K)->2585K(2816K)
[2025-06-03T15:52:48.681+0530][96.528s] GC(720) Pause Young (Normal) (G1 Evacuation Pause) 315M->9M(512M) 1.277ms
[2025-06-03T15:52:48.681+0530][96.528s] GC(720) User=0.00s Sys=0.00s Real=0.00s
[2025-06-03T15:52:48.840+0530][96.687s] GC(721) Pause Young (Normal) (G1 Evacuation Pause)
[2025-06-03T15:52:48.840+0530][96.687s] GC(721) Using 8 workers of 8 for evacuation
[2025-06-03T15:52:48.841+0530][96.688s] GC(721) Skipped phase 1 of Reference Processing: no references
[2025-06-03T15:52:48.841+0530][96.688s] GC(721) Skipped phase 2 of Reference Processing: no references
[2025-06-03T15:52:48.841+0530][96.688s] GC(721) Skipped phase 3 of Reference Processing: no references
[2025-06-03T15:52:48.841+0530][96.688s] GC(721) Skipped phase 4 of Reference Processing: no references
[2025-06-03T15:52:48.842+0530][96.688s] GC(721)   Pre Evacuate Collection Set: 0.1ms
[2025-06-03T15:52:48.842+0530][96.688s] GC(721)   Merge Heap Roots: 0.1ms
[2025-06-03T15:52:48.842+0530][96.688s] GC(721)   Evacuate Collection Set: 0.3ms
[2025-06-03T15:52:48.842+0530][96.688s] GC(721)   Post Evacuate Collection Set: 0.6ms
[2025-06-03T15:52:48.842+0530][96.688s] GC(721)   Other: 0.2ms
[2025-06-03T15:52:48.842+0530][96.689s] GC(721) Eden regions: 306->0(306)
[2025-06-03T15:52:48.842+0530][96.689s] GC(721) Survivor regions: 1->1(39)
[2025-06-03T15:52:48.842+0530][96.689s] GC(721) Old regions: 9->9
[2025-06-03T15:52:48.842+0530][96.689s] GC(721) Archive regions: 2->2
[2025-06-03T15:52:48.842+0530][96.689s] GC(721) Humongous regions: 0->0
[2025-06-03T15:52:48.842+0530][96.689s] GC(721) Metaspace: 20481K(20992K)->20481K(20992K) NonClass: 17896K(18176K)->17896K(18176K) Class: 2585K(2816K)->2585K(2816K)
[2025-06-03T15:52:48.842+0530][96.689s] GC(721) Pause Young (Normal) (G1 Evacuation Pause) 315M->9M(512M) 1.647ms
[2025-06-03T15:52:48.842+0530][96.689s] GC(721) User=0.00s Sys=0.00s Real=0.00s
[2025-06-03T15:52:49.009+0530][96.855s] GC(722) Pause Young (Normal) (G1 Evacuation Pause)
[2025-06-03T15:52:49.009+0530][96.855s] GC(722) Using 8 workers of 8 for evacuation
[2025-06-03T15:52:49.009+0530][96.856s] GC(722) Skipped phase 1 of Reference Processing: no references
[2025-06-03T15:52:49.009+0530][96.856s] GC(722) Skipped phase 2 of Reference Processing: no references
[2025-06-03T15:52:49.009+0530][96.856s] GC(722) Skipped phase 3 of Reference Processing: no references
[2025-06-03T15:52:49.009+0530][96.856s] GC(722) Skipped phase 4 of Reference Processing: no references
[2025-06-03T15:52:49.010+0530][96.856s] GC(722)   Pre Evacuate Collection Set: 0.1ms
[2025-06-03T15:52:49.010+0530][96.856s] GC(722)   Merge Heap Roots: 0.1ms
[2025-06-03T15:52:49.010+0530][96.856s] GC(722)   Evacuate Collection Set: 0.2ms
[2025-06-03T15:52:49.010+0530][96.856s] GC(722)   Post Evacuate Collection Set: 0.5ms
[2025-06-03T15:52:49.010+0530][96.857s] GC(722)   Other: 0.2ms
[2025-06-03T15:52:49.010+0530][96.857s] GC(722) Eden regions: 306->0(306)
[2025-06-03T15:52:49.010+0530][96.857s] GC(722) Survivor regions: 1->1(39)
[2025-06-03T15:52:49.010+0530][96.857s] GC(722) Old regions: 9->9
[2025-06-03T15:52:49.010+0530][96.857s] GC(722) Archive regions: 2->2
[2025-06-03T15:52:49.010+0530][96.857s] GC(722) Humongous regions: 0->0
[2025-06-03T15:52:49.010+0530][96.857s] GC(722) Metaspace: 20481K(20992K)->20481K(20992K) NonClass: 17896K(18176K)->17896K(18176K) Class: 2585K(2816K)->2585K(2816K)
[2025-06-03T15:52:49.010+0530][96.857s] GC(722) Pause Young (Normal) (G1 Evacuation Pause) 315M->9M(512M) 1.266ms
[2025-06-03T15:52:49.010+0530][96.857s] GC(722) User=0.00s Sys=0.00s Real=0.01s
[2025-06-03T15:52:49.153+0530][97.000s] GC(723) Pause Young (Normal) (G1 Evacuation Pause)
[2025-06-03T15:52:49.153+0530][97.000s] GC(723) Using 8 workers of 8 for evacuation
[2025-06-03T15:52:49.154+0530][97.001s] GC(723) Skipped phase 1 of Reference Processing: no references
[2025-06-03T15:52:49.154+0530][97.001s] GC(723) Skipped phase 2 of Reference Processing: no references
[2025-06-03T15:52:49.154+0530][97.001s] GC(723) Skipped phase 3 of Reference Processing: no references
[2025-06-03T15:52:49.154+0530][97.001s] GC(723) Skipped phase 4 of Reference Processing: no references
[2025-06-03T15:52:49.154+0530][97.001s] GC(723)   Pre Evacuate Collection Set: 0.1ms
[2025-06-03T15:52:49.154+0530][97.001s] GC(723)   Merge Heap Roots: 0.1ms
[2025-06-03T15:52:49.154+0530][97.001s] GC(723)   Evacuate Collection Set: 0.3ms
[2025-06-03T15:52:49.154+0530][97.001s] GC(723)   Post Evacuate Collection Set: 0.5ms
[2025-06-03T15:52:49.154+0530][97.001s] GC(723)   Other: 0.2ms
[2025-06-03T15:52:49.154+0530][97.001s] GC(723) Eden regions: 306->0(306)
[2025-06-03T15:52:49.154+0530][97.001s] GC(723) Survivor regions: 1->1(39)
[2025-06-03T15:52:49.154+0530][97.001s] GC(723) Old regions: 9->9
[2025-06-03T15:52:49.154+0530][97.001s] GC(723) Archive regions: 2->2
[2025-06-03T15:52:49.154+0530][97.001s] GC(723) Humongous regions: 0->0
[2025-06-03T15:52:49.155+0530][97.001s] GC(723) Metaspace: 20481K(20992K)->20481K(20992K) NonClass: 17896K(18176K)->17896K(18176K) Class: 2585K(2816K)->2585K(2816K)
[2025-06-03T15:52:49.155+0530][97.001s] GC(723) Pause Young (Normal) (G1 Evacuation Pause) 315M->9M(512M) 1.252ms
[2025-06-03T15:52:49.155+0530][97.001s] GC(723) User=0.00s Sys=0.00s Real=0.00s
[2025-06-03T15:52:49.315+0530][97.161s] GC(724) Pause Young (Normal) (G1 Evacuation Pause)
[2025-06-03T15:52:49.315+0530][97.161s] GC(724) Using 8 workers of 8 for evacuation
[2025-06-03T15:52:49.315+0530][97.162s] GC(724) Skipped phase 1 of Reference Processing: no references
[2025-06-03T15:52:49.315+0530][97.162s] GC(724) Skipped phase 2 of Reference Processing: no references
[2025-06-03T15:52:49.315+0530][97.162s] GC(724) Skipped phase 3 of Reference Processing: no references
[2025-06-03T15:52:49.315+0530][97.162s] GC(724) Skipped phase 4 of Reference Processing: no references
[2025-06-03T15:52:49.316+0530][97.162s] GC(724)   Pre Evacuate Collection Set: 0.1ms
[2025-06-03T15:52:49.316+0530][97.162s] GC(724)   Merge Heap Roots: 0.1ms
[2025-06-03T15:52:49.316+0530][97.162s] GC(724)   Evacuate Collection Set: 0.3ms
[2025-06-03T15:52:49.316+0530][97.162s] GC(724)   Post Evacuate Collection Set: 0.5ms
[2025-06-03T15:52:49.316+0530][97.162s] GC(724)   Other: 0.2ms
[2025-06-03T15:52:49.316+0530][97.162s] GC(724) Eden regions: 306->0(306)
[2025-06-03T15:52:49.316+0530][97.162s] GC(724) Survivor regions: 1->1(39)
[2025-06-03T15:52:49.316+0530][97.162s] GC(724) Old regions: 9->9
[2025-06-03T15:52:49.316+0530][97.162s] GC(724) Archive regions: 2->2
[2025-06-03T15:52:49.316+0530][97.162s] GC(724) Humongous regions: 0->0
[2025-06-03T15:52:49.316+0530][97.162s] GC(724) Metaspace: 20481K(20992K)->20481K(20992K) NonClass: 17896K(18176K)->17896K(18176K) Class: 2585K(2816K)->2585K(2816K)
[2025-06-03T15:52:49.316+0530][97.162s] GC(724) Pause Young (Normal) (G1 Evacuation Pause) 315M->9M(512M) 1.247ms
[2025-06-03T15:52:49.316+0530][97.163s] GC(724) User=0.00s Sys=0.00s Real=0.00s
[2025-06-03T15:52:49.455+0530][97.302s] GC(725) Pause Young (Normal) (G1 Evacuation Pause)
[2025-06-03T15:52:49.455+0530][97.302s] GC(725) Using 8 workers of 8 for evacuation
[2025-06-03T15:52:49.456+0530][97.302s] GC(725) Skipped phase 1 of Reference Processing: no references
[2025-06-03T15:52:49.456+0530][97.302s] GC(725) Skipped phase 2 of Reference Processing: no references
[2025-06-03T15:52:49.456+0530][97.302s] GC(725) Skipped phase 3 of Reference Processing: no references
[2025-06-03T15:52:49.456+0530][97.302s] GC(725) Skipped phase 4 of Reference Processing: no references
[2025-06-03T15:52:49.456+0530][97.303s] GC(725)   Pre Evacuate Collection Set: 0.1ms
[2025-06-03T15:52:49.456+0530][97.303s] GC(725)   Merge Heap Roots: 0.1ms
[2025-06-03T15:52:49.456+0530][97.303s] GC(725)   Evacuate Collection Set: 0.2ms
[2025-06-03T15:52:49.456+0530][97.303s] GC(725)   Post Evacuate Collection Set: 0.4ms
[2025-06-03T15:52:49.456+0530][97.303s] GC(725)   Other: 0.2ms
[2025-06-03T15:52:49.456+0530][97.303s] GC(725) Eden regions: 306->0(306)
[2025-06-03T15:52:49.456+0530][97.303s] GC(725) Survivor regions: 1->1(39)
[2025-06-03T15:52:49.456+0530][97.303s] GC(725) Old regions: 9->9
[2025-06-03T15:52:49.456+0530][97.303s] GC(725) Archive regions: 2->2
[2025-06-03T15:52:49.456+0530][97.303s] GC(725) Humongous regions: 0->0
[2025-06-03T15:52:49.456+0530][97.303s] GC(725) Metaspace: 20481K(20992K)->20481K(20992K) NonClass: 17896K(18176K)->17896K(18176K) Class: 2585K(2816K)->2585K(2816K)
[2025-06-03T15:52:49.456+0530][97.303s] GC(725) Pause Young (Normal) (G1 Evacuation Pause) 315M->9M(512M) 1.243ms
[2025-06-03T15:52:49.456+0530][97.303s] GC(725) User=0.00s Sys=0.00s Real=0.00s
[2025-06-03T15:52:49.606+0530][97.453s] GC(726) Pause Young (Normal) (G1 Evacuation Pause)
[2025-06-03T15:52:49.606+0530][97.453s] GC(726) Using 8 workers of 8 for evacuation
[2025-06-03T15:52:49.606+0530][97.453s] GC(726) Skipped phase 1 of Reference Processing: no references
[2025-06-03T15:52:49.607+0530][97.453s] GC(726) Skipped phase 2 of Reference Processing: no references
[2025-06-03T15:52:49.607+0530][97.453s] GC(726) Skipped phase 3 of Reference Processing: no references
[2025-06-03T15:52:49.607+0530][97.453s] GC(726) Skipped phase 4 of Reference Processing: no references
[2025-06-03T15:52:49.607+0530][97.454s] GC(726)   Pre Evacuate Collection Set: 0.1ms
[2025-06-03T15:52:49.607+0530][97.454s] GC(726)   Merge Heap Roots: 0.1ms
[2025-06-03T15:52:49.607+0530][97.454s] GC(726)   Evacuate Collection Set: 0.2ms
[2025-06-03T15:52:49.607+0530][97.454s] GC(726)   Post Evacuate Collection Set: 0.5ms
[2025-06-03T15:52:49.607+0530][97.454s] GC(726)   Other: 0.2ms
[2025-06-03T15:52:49.607+0530][97.454s] GC(726) Eden regions: 306->0(306)
[2025-06-03T15:52:49.607+0530][97.454s] GC(726) Survivor regions: 1->1(39)
[2025-06-03T15:52:49.607+0530][97.454s] GC(726) Old regions: 9->9
[2025-06-03T15:52:49.607+0530][97.454s] GC(726) Archive regions: 2->2
[2025-06-03T15:52:49.607+0530][97.454s] GC(726) Humongous regions: 0->0
[2025-06-03T15:52:49.607+0530][97.454s] GC(726) Metaspace: 20481K(20992K)->20481K(20992K) NonClass: 17896K(18176K)->17896K(18176K) Class: 2585K(2816K)->2585K(2816K)
[2025-06-03T15:52:49.607+0530][97.454s] GC(726) Pause Young (Normal) (G1 Evacuation Pause) 315M->9M(512M) 1.464ms
[2025-06-03T15:52:49.607+0530][97.454s] GC(726) User=0.01s Sys=0.00s Real=0.00s
[2025-06-03T15:52:49.757+0530][97.604s] GC(727) Pause Young (Normal) (G1 Evacuation Pause)
[2025-06-03T15:52:49.757+0530][97.604s] GC(727) Using 8 workers of 8 for evacuation
[2025-06-03T15:52:49.757+0530][97.604s] GC(727) Skipped phase 1 of Reference Processing: no references
[2025-06-03T15:52:49.757+0530][97.604s] GC(727) Skipped phase 2 of Reference Processing: no references
[2025-06-03T15:52:49.757+0530][97.604s] GC(727) Skipped phase 3 of Reference Processing: no references
[2025-06-03T15:52:49.757+0530][97.604s] GC(727) Skipped phase 4 of Reference Processing: no references
[2025-06-03T15:52:49.758+0530][97.605s] GC(727)   Pre Evacuate Collection Set: 0.1ms
[2025-06-03T15:52:49.758+0530][97.605s] GC(727)   Merge Heap Roots: 0.1ms
[2025-06-03T15:52:49.758+0530][97.605s] GC(727)   Evacuate Collection Set: 0.2ms
[2025-06-03T15:52:49.758+0530][97.605s] GC(727)   Post Evacuate Collection Set: 0.4ms
[2025-06-03T15:52:49.758+0530][97.605s] GC(727)   Other: 0.1ms
[2025-06-03T15:52:49.758+0530][97.605s] GC(727) Eden regions: 306->0(306)
[2025-06-03T15:52:49.758+0530][97.605s] GC(727) Survivor regions: 1->1(39)
[2025-06-03T15:52:49.758+0530][97.605s] GC(727) Old regions: 9->9
[2025-06-03T15:52:49.758+0530][97.605s] GC(727) Archive regions: 2->2
[2025-06-03T15:52:49.758+0530][97.605s] GC(727) Humongous regions: 0->0
[2025-06-03T15:52:49.758+0530][97.605s] GC(727) Metaspace: 20481K(20992K)->20481K(20992K) NonClass: 17896K(18176K)->17896K(18176K) Class: 2585K(2816K)->2585K(2816K)
[2025-06-03T15:52:49.758+0530][97.605s] GC(727) Pause Young (Normal) (G1 Evacuation Pause) 315M->9M(512M) 1.141ms
[2025-06-03T15:52:49.758+0530][97.605s] GC(727) User=0.00s Sys=0.01s Real=0.00s
[2025-06-03T15:52:49.912+0530][97.759s] GC(728) Pause Young (Normal) (G1 Evacuation Pause)
[2025-06-03T15:52:49.912+0530][97.759s] GC(728) Using 8 workers of 8 for evacuation
[2025-06-03T15:52:49.913+0530][97.759s] GC(728) Skipped phase 1 of Reference Processing: no references
[2025-06-03T15:52:49.913+0530][97.759s] GC(728) Skipped phase 2 of Reference Processing: no references
[2025-06-03T15:52:49.913+0530][97.759s] GC(728) Skipped phase 3 of Reference Processing: no references
[2025-06-03T15:52:49.913+0530][97.759s] GC(728) Skipped phase 4 of Reference Processing: no references
[2025-06-03T15:52:49.913+0530][97.760s] GC(728)   Pre Evacuate Collection Set: 0.1ms
[2025-06-03T15:52:49.913+0530][97.760s] GC(728)   Merge Heap Roots: 0.1ms
[2025-06-03T15:52:49.913+0530][97.760s] GC(728)   Evacuate Collection Set: 0.2ms
[2025-06-03T15:52:49.913+0530][97.760s] GC(728)   Post Evacuate Collection Set: 0.4ms
[2025-06-03T15:52:49.913+0530][97.760s] GC(728)   Other: 0.2ms
[2025-06-03T15:52:49.913+0530][97.760s] GC(728) Eden regions: 306->0(306)
[2025-06-03T15:52:49.913+0530][97.760s] GC(728) Survivor regions: 1->1(39)
[2025-06-03T15:52:49.913+0530][97.760s] GC(728) Old regions: 9->9
[2025-06-03T15:52:49.913+0530][97.760s] GC(728) Archive regions: 2->2
[2025-06-03T15:52:49.913+0530][97.760s] GC(728) Humongous regions: 0->0
[2025-06-03T15:52:49.913+0530][97.760s] GC(728) Metaspace: 20481K(20992K)->20481K(20992K) NonClass: 17896K(18176K)->17896K(18176K) Class: 2585K(2816K)->2585K(2816K)
[2025-06-03T15:52:49.913+0530][97.760s] GC(728) Pause Young (Normal) (G1 Evacuation Pause) 315M->9M(512M) 1.070ms
[2025-06-03T15:52:49.913+0530][97.760s] GC(728) User=0.00s Sys=0.00s Real=0.00s
[2025-06-03T15:52:50.079+0530][97.926s] GC(729) Pause Young (Normal) (G1 Evacuation Pause)
[2025-06-03T15:52:50.079+0530][97.926s] GC(729) Using 8 workers of 8 for evacuation
[2025-06-03T15:52:50.080+0530][97.926s] GC(729) Skipped phase 1 of Reference Processing: no references
[2025-06-03T15:52:50.080+0530][97.926s] GC(729) Skipped phase 2 of Reference Processing: no references
[2025-06-03T15:52:50.080+0530][97.927s] GC(729) Skipped phase 3 of Reference Processing: no references
[2025-06-03T15:52:50.080+0530][97.927s] GC(729) Skipped phase 4 of Reference Processing: no references
[2025-06-03T15:52:50.080+0530][97.927s] GC(729)   Pre Evacuate Collection Set: 0.1ms
[2025-06-03T15:52:50.080+0530][97.927s] GC(729)   Merge Heap Roots: 0.1ms
[2025-06-03T15:52:50.080+0530][97.927s] GC(729)   Evacuate Collection Set: 0.2ms
[2025-06-03T15:52:50.080+0530][97.927s] GC(729)   Post Evacuate Collection Set: 0.5ms
[2025-06-03T15:52:50.080+0530][97.927s] GC(729)   Other: 0.1ms
[2025-06-03T15:52:50.080+0530][97.927s] GC(729) Eden regions: 306->0(306)
[2025-06-03T15:52:50.080+0530][97.927s] GC(729) Survivor regions: 1->1(39)
[2025-06-03T15:52:50.080+0530][97.927s] GC(729) Old regions: 9->9
[2025-06-03T15:52:50.080+0530][97.927s] GC(729) Archive regions: 2->2
[2025-06-03T15:52:50.080+0530][97.927s] GC(729) Humongous regions: 0->0
[2025-06-03T15:52:50.080+0530][97.927s] GC(729) Metaspace: 20481K(20992K)->20481K(20992K) NonClass: 17896K(18176K)->17896K(18176K) Class: 2585K(2816K)->2585K(2816K)
[2025-06-03T15:52:50.080+0530][97.927s] GC(729) Pause Young (Normal) (G1 Evacuation Pause) 315M->9M(512M) 1.174ms
[2025-06-03T15:52:50.080+0530][97.927s] GC(729) User=0.00s Sys=0.00s Real=0.01s
[2025-06-03T15:52:50.235+0530][98.082s] GC(730) Pause Young (Normal) (G1 Evacuation Pause)
[2025-06-03T15:52:50.235+0530][98.082s] GC(730) Using 8 workers of 8 for evacuation
[2025-06-03T15:52:50.235+0530][98.082s] GC(730) Skipped phase 1 of Reference Processing: no references
[2025-06-03T15:52:50.235+0530][98.082s] GC(730) Skipped phase 2 of Reference Processing: no references
[2025-06-03T15:52:50.236+0530][98.082s] GC(730) Skipped phase 3 of Reference Processing: no references
[2025-06-03T15:52:50.236+0530][98.082s] GC(730) Skipped phase 4 of Reference Processing: no references
[2025-06-03T15:52:50.236+0530][98.083s] GC(730)   Pre Evacuate Collection Set: 0.1ms
[2025-06-03T15:52:50.236+0530][98.083s] GC(730)   Merge Heap Roots: 0.1ms
[2025-06-03T15:52:50.236+0530][98.083s] GC(730)   Evacuate Collection Set: 0.2ms
[2025-06-03T15:52:50.236+0530][98.083s] GC(730)   Post Evacuate Collection Set: 0.5ms
[2025-06-03T15:52:50.236+0530][98.083s] GC(730)   Other: 0.2ms
[2025-06-03T15:52:50.236+0530][98.083s] GC(730) Eden regions: 306->0(306)
[2025-06-03T15:52:50.236+0530][98.083s] GC(730) Survivor regions: 1->1(39)
[2025-06-03T15:52:50.236+0530][98.083s] GC(730) Old regions: 9->9
[2025-06-03T15:52:50.236+0530][98.083s] GC(730) Archive regions: 2->2
[2025-06-03T15:52:50.236+0530][98.083s] GC(730) Humongous regions: 0->0
[2025-06-03T15:52:50.236+0530][98.083s] GC(730) Metaspace: 20481K(20992K)->20481K(20992K) NonClass: 17896K(18176K)->17896K(18176K) Class: 2585K(2816K)->2585K(2816K)
[2025-06-03T15:52:50.236+0530][98.083s] GC(730) Pause Young (Normal) (G1 Evacuation Pause) 315M->9M(512M) 1.176ms
[2025-06-03T15:52:50.236+0530][98.083s] GC(730) User=0.00s Sys=0.00s Real=0.00s
[2025-06-03T15:52:50.912+0530][98.759s] GC(731) Pause Young (Normal) (G1 Evacuation Pause)
[2025-06-03T15:52:50.912+0530][98.759s] GC(731) Using 8 workers of 8 for evacuation
[2025-06-03T15:52:50.912+0530][98.759s] GC(731) Skipped phase 1 of Reference Processing: no references
[2025-06-03T15:52:50.912+0530][98.759s] GC(731) Skipped phase 2 of Reference Processing: no references
[2025-06-03T15:52:50.912+0530][98.759s] GC(731) Skipped phase 3 of Reference Processing: no references
[2025-06-03T15:52:50.912+0530][98.759s] GC(731) Skipped phase 4 of Reference Processing: no references
[2025-06-03T15:52:50.913+0530][98.760s] GC(731)   Pre Evacuate Collection Set: 0.1ms
[2025-06-03T15:52:50.913+0530][98.760s] GC(731)   Merge Heap Roots: 0.1ms
[2025-06-03T15:52:50.913+0530][98.760s] GC(731)   Evacuate Collection Set: 0.2ms
[2025-06-03T15:52:50.913+0530][98.760s] GC(731)   Post Evacuate Collection Set: 0.5ms
[2025-06-03T15:52:50.913+0530][98.760s] GC(731)   Other: 0.2ms
[2025-06-03T15:52:50.913+0530][98.760s] GC(731) Eden regions: 306->0(306)
[2025-06-03T15:52:50.913+0530][98.760s] GC(731) Survivor regions: 1->1(39)
[2025-06-03T15:52:50.913+0530][98.760s] GC(731) Old regions: 9->9
[2025-06-03T15:52:50.913+0530][98.760s] GC(731) Archive regions: 2->2
[2025-06-03T15:52:50.913+0530][98.760s] GC(731) Humongous regions: 0->0
[2025-06-03T15:52:50.913+0530][98.760s] GC(731) Metaspace: 20481K(20992K)->20481K(20992K) NonClass: 17896K(18176K)->17896K(18176K) Class: 2585K(2816K)->2585K(2816K)
[2025-06-03T15:52:50.913+0530][98.760s] GC(731) Pause Young (Normal) (G1 Evacuation Pause) 315M->9M(512M) 1.284ms
[2025-06-03T15:52:50.913+0530][98.760s] GC(731) User=0.00s Sys=0.00s Real=0.00s
[2025-06-03T15:52:51.776+0530][99.623s] GC(732) Pause Young (Normal) (G1 Evacuation Pause)
[2025-06-03T15:52:51.777+0530][99.623s] GC(732) Using 8 workers of 8 for evacuation
[2025-06-03T15:52:51.777+0530][99.624s] GC(732) Skipped phase 1 of Reference Processing: no references
[2025-06-03T15:52:51.777+0530][99.624s] GC(732) Skipped phase 2 of Reference Processing: no references
[2025-06-03T15:52:51.777+0530][99.624s] GC(732) Skipped phase 3 of Reference Processing: no references
[2025-06-03T15:52:51.777+0530][99.624s] GC(732) Skipped phase 4 of Reference Processing: no references
[2025-06-03T15:52:51.777+0530][99.624s] GC(732)   Pre Evacuate Collection Set: 0.1ms
[2025-06-03T15:52:51.777+0530][99.624s] GC(732)   Merge Heap Roots: 0.1ms
[2025-06-03T15:52:51.778+0530][99.624s] GC(732)   Evacuate Collection Set: 0.3ms
[2025-06-03T15:52:51.778+0530][99.624s] GC(732)   Post Evacuate Collection Set: 0.4ms
[2025-06-03T15:52:51.778+0530][99.624s] GC(732)   Other: 0.2ms
[2025-06-03T15:52:51.778+0530][99.624s] GC(732) Eden regions: 306->0(306)
[2025-06-03T15:52:51.778+0530][99.624s] GC(732) Survivor regions: 1->1(39)
[2025-06-03T15:52:51.778+0530][99.624s] GC(732) Old regions: 9->9
[2025-06-03T15:52:51.778+0530][99.624s] GC(732) Archive regions: 2->2
[2025-06-03T15:52:51.778+0530][99.624s] GC(732) Humongous regions: 0->0
[2025-06-03T15:52:51.778+0530][99.625s] GC(732) Metaspace: 20481K(20992K)->20481K(20992K) NonClass: 17896K(18176K)->17896K(18176K) Class: 2585K(2816K)->2585K(2816K)
[2025-06-03T15:52:51.778+0530][99.625s] GC(732) Pause Young (Normal) (G1 Evacuation Pause) 315M->9M(512M) 1.279ms
[2025-06-03T15:52:51.778+0530][99.625s] GC(732) User=0.00s Sys=0.00s Real=0.00s
[2025-06-03T15:52:52.669+0530][100.515s] GC(733) Pause Young (Normal) (G1 Evacuation Pause)
[2025-06-03T15:52:52.669+0530][100.516s] GC(733) Using 8 workers of 8 for evacuation
[2025-06-03T15:52:52.669+0530][100.516s] GC(733) Skipped phase 1 of Reference Processing: no references
[2025-06-03T15:52:52.669+0530][100.516s] GC(733) Skipped phase 2 of Reference Processing: no references
[2025-06-03T15:52:52.669+0530][100.516s] GC(733) Skipped phase 3 of Reference Processing: no references
[2025-06-03T15:52:52.669+0530][100.516s] GC(733) Skipped phase 4 of Reference Processing: no references
[2025-06-03T15:52:52.670+0530][100.517s] GC(733)   Pre Evacuate Collection Set: 0.1ms
[2025-06-03T15:52:52.670+0530][100.517s] GC(733)   Merge Heap Roots: 0.1ms
[2025-06-03T15:52:52.670+0530][100.517s] GC(733)   Evacuate Collection Set: 0.3ms
[2025-06-03T15:52:52.670+0530][100.517s] GC(733)   Post Evacuate Collection Set: 0.5ms
[2025-06-03T15:52:52.670+0530][100.517s] GC(733)   Other: 0.2ms
[2025-06-03T15:52:52.670+0530][100.517s] GC(733) Eden regions: 306->0(306)
[2025-06-03T15:52:52.670+0530][100.517s] GC(733) Survivor regions: 1->1(39)
[2025-06-03T15:52:52.670+0530][100.517s] GC(733) Old regions: 9->9
[2025-06-03T15:52:52.670+0530][100.517s] GC(733) Archive regions: 2->2
[2025-06-03T15:52:52.670+0530][100.517s] GC(733) Humongous regions: 0->0
[2025-06-03T15:52:52.670+0530][100.517s] GC(733) Metaspace: 20481K(20992K)->20481K(20992K) NonClass: 17896K(18176K)->17896K(18176K) Class: 2585K(2816K)->2585K(2816K)
[2025-06-03T15:52:52.670+0530][100.517s] GC(733) Pause Young (Normal) (G1 Evacuation Pause) 315M->9M(512M) 1.453ms
[2025-06-03T15:52:52.670+0530][100.517s] GC(733) User=0.01s Sys=0.00s Real=0.01s
[2025-06-03T15:52:54.161+0530][102.008s] GC(734) Pause Young (Normal) (G1 Evacuation Pause)
[2025-06-03T15:52:54.161+0530][102.008s] GC(734) Using 8 workers of 8 for evacuation
[2025-06-03T15:52:54.162+0530][102.009s] GC(734) Skipped phase 1 of Reference Processing: no references
[2025-06-03T15:52:54.162+0530][102.009s] GC(734) Skipped phase 2 of Reference Processing: no references
[2025-06-03T15:52:54.162+0530][102.009s] GC(734) Skipped phase 3 of Reference Processing: no references
[2025-06-03T15:52:54.162+0530][102.009s] GC(734) Skipped phase 4 of Reference Processing: no references
[2025-06-03T15:52:54.163+0530][102.009s] GC(734)   Pre Evacuate Collection Set: 0.2ms
[2025-06-03T15:52:54.163+0530][102.010s] GC(734)   Merge Heap Roots: 0.1ms
[2025-06-03T15:52:54.163+0530][102.010s] GC(734)   Evacuate Collection Set: 0.7ms
[2025-06-03T15:52:54.163+0530][102.010s] GC(734)   Post Evacuate Collection Set: 0.6ms
[2025-06-03T15:52:54.163+0530][102.010s] GC(734)   Other: 0.2ms
[2025-06-03T15:52:54.163+0530][102.010s] GC(734) Eden regions: 306->0(306)
[2025-06-03T15:52:54.163+0530][102.010s] GC(734) Survivor regions: 1->1(39)
[2025-06-03T15:52:54.163+0530][102.010s] GC(734) Old regions: 9->9
[2025-06-03T15:52:54.163+0530][102.010s] GC(734) Archive regions: 2->2
[2025-06-03T15:52:54.163+0530][102.010s] GC(734) Humongous regions: 0->0
[2025-06-03T15:52:54.163+0530][102.010s] GC(734) Metaspace: 20481K(20992K)->20481K(20992K) NonClass: 17896K(18176K)->17896K(18176K) Class: 2585K(2816K)->2585K(2816K)
[2025-06-03T15:52:54.163+0530][102.010s] GC(734) Pause Young (Normal) (G1 Evacuation Pause) 315M->9M(512M) 1.902ms
[2025-06-03T15:52:54.163+0530][102.010s] GC(734) User=0.01s Sys=0.00s Real=0.00s
[2025-06-03T15:52:58.812+0530][106.659s] GC(735) Pause Young (Normal) (G1 Evacuation Pause)
[2025-06-03T15:52:58.812+0530][106.659s] GC(735) Using 8 workers of 8 for evacuation
[2025-06-03T15:52:58.815+0530][106.662s] GC(735) Skipped phase 1 of Reference Processing: no references
[2025-06-03T15:52:58.815+0530][106.662s] GC(735) Skipped phase 2 of Reference Processing: no references
[2025-06-03T15:52:58.815+0530][106.662s] GC(735) Skipped phase 3 of Reference Processing: no references
[2025-06-03T15:52:58.815+0530][106.662s] GC(735) Skipped phase 4 of Reference Processing: no references
[2025-06-03T15:52:58.816+0530][106.663s] GC(735)   Pre Evacuate Collection Set: 0.4ms
[2025-06-03T15:52:58.816+0530][106.663s] GC(735)   Merge Heap Roots: 0.1ms
[2025-06-03T15:52:58.816+0530][106.663s] GC(735)   Evacuate Collection Set: 1.8ms
[2025-06-03T15:52:58.816+0530][106.663s] GC(735)   Post Evacuate Collection Set: 0.8ms
[2025-06-03T15:52:58.816+0530][106.663s] GC(735)   Other: 0.6ms
[2025-06-03T15:52:58.816+0530][106.663s] GC(735) Eden regions: 306->0(305)
[2025-06-03T15:52:58.816+0530][106.663s] GC(735) Survivor regions: 1->2(39)
[2025-06-03T15:52:58.816+0530][106.663s] GC(735) Old regions: 9->9
[2025-06-03T15:52:58.816+0530][106.663s] GC(735) Archive regions: 2->2
[2025-06-03T15:52:58.816+0530][106.663s] GC(735) Humongous regions: 0->0
[2025-06-03T15:52:58.816+0530][106.663s] GC(735) Metaspace: 20491K(20992K)->20491K(20992K) NonClass: 17906K(18176K)->17906K(18176K) Class: 2585K(2816K)->2585K(2816K)
[2025-06-03T15:52:58.816+0530][106.663s] GC(735) Pause Young (Normal) (G1 Evacuation Pause) 315M->10M(512M) 3.767ms
[2025-06-03T15:52:58.816+0530][106.663s] GC(735) User=0.01s Sys=0.01s Real=0.00s
[2025-06-03T15:53:11.269+0530][119.116s] GC(736) Pause Young (Normal) (G1 Evacuation Pause)
[2025-06-03T15:53:11.269+0530][119.116s] GC(736) Using 8 workers of 8 for evacuation
[2025-06-03T15:53:11.271+0530][119.118s] GC(736) Skipped phase 1 of Reference Processing: no references
[2025-06-03T15:53:11.271+0530][119.118s] GC(736) Skipped phase 2 of Reference Processing: no references
[2025-06-03T15:53:11.271+0530][119.118s] GC(736) Skipped phase 3 of Reference Processing: no references
[2025-06-03T15:53:11.271+0530][119.118s] GC(736) Skipped phase 4 of Reference Processing: no references
[2025-06-03T15:53:11.271+0530][119.118s] GC(736)   Pre Evacuate Collection Set: 0.3ms
[2025-06-03T15:53:11.271+0530][119.119s] GC(736)   Merge Heap Roots: 0.1ms
[2025-06-03T15:53:11.271+0530][119.119s] GC(736)   Evacuate Collection Set: 1.2ms
[2025-06-03T15:53:11.271+0530][119.119s] GC(736)   Post Evacuate Collection Set: 0.5ms
[2025-06-03T15:53:11.271+0530][119.119s] GC(736)   Other: 0.4ms
[2025-06-03T15:53:11.271+0530][119.119s] GC(736) Eden regions: 305->0(305)
[2025-06-03T15:53:11.271+0530][119.119s] GC(736) Survivor regions: 2->2(39)
[2025-06-03T15:53:11.271+0530][119.119s] GC(736) Old regions: 9->9
[2025-06-03T15:53:11.271+0530][119.119s] GC(736) Archive regions: 2->2
[2025-06-03T15:53:11.271+0530][119.119s] GC(736) Humongous regions: 0->0
[2025-06-03T15:53:11.271+0530][119.119s] GC(736) Metaspace: 20499K(20992K)->20499K(20992K) NonClass: 17913K(18176K)->17913K(18176K) Class: 2585K(2816K)->2585K(2816K)
[2025-06-03T15:53:11.271+0530][119.119s] GC(736) Pause Young (Normal) (G1 Evacuation Pause) 315M->10M(512M) 2.432ms
[2025-06-03T15:53:11.272+0530][119.119s] GC(736) User=0.01s Sys=0.00s Real=0.01s
[2025-06-03T15:53:24.618+0530][132.466s] GC(737) Pause Young (Normal) (G1 Evacuation Pause)
[2025-06-03T15:53:24.618+0530][132.466s] GC(737) Using 8 workers of 8 for evacuation
[2025-06-03T15:53:24.620+0530][132.467s] GC(737) Skipped phase 1 of Reference Processing: no references
[2025-06-03T15:53:24.620+0530][132.467s] GC(737) Skipped phase 2 of Reference Processing: no references
[2025-06-03T15:53:24.620+0530][132.467s] GC(737) Skipped phase 3 of Reference Processing: no references
[2025-06-03T15:53:24.620+0530][132.467s] GC(737) Skipped phase 4 of Reference Processing: no references
[2025-06-03T15:53:24.620+0530][132.468s] GC(737)   Pre Evacuate Collection Set: 0.3ms
[2025-06-03T15:53:24.621+0530][132.468s] GC(737)   Merge Heap Roots: 0.1ms
[2025-06-03T15:53:24.621+0530][132.468s] GC(737)   Evacuate Collection Set: 1.4ms
[2025-06-03T15:53:24.621+0530][132.468s] GC(737)   Post Evacuate Collection Set: 0.6ms
[2025-06-03T15:53:24.621+0530][132.468s] GC(737)   Other: 0.4ms
[2025-06-03T15:53:24.621+0530][132.468s] GC(737) Eden regions: 305->0(305)
[2025-06-03T15:53:24.621+0530][132.468s] GC(737) Survivor regions: 2->2(39)
[2025-06-03T15:53:24.621+0530][132.468s] GC(737) Old regions: 9->9
[2025-06-03T15:53:24.621+0530][132.469s] GC(737) Archive regions: 2->2
[2025-06-03T15:53:24.621+0530][132.469s] GC(737) Humongous regions: 0->0
[2025-06-03T15:53:24.621+0530][132.469s] GC(737) Metaspace: 20504K(20992K)->20504K(20992K) NonClass: 17918K(18176K)->17918K(18176K) Class: 2585K(2816K)->2585K(2816K)
[2025-06-03T15:53:24.621+0530][132.469s] GC(737) Pause Young (Normal) (G1 Evacuation Pause) 315M->10M(512M) 3.053ms
[2025-06-03T15:53:24.621+0530][132.469s] GC(737) User=0.01s Sys=0.00s Real=0.01s
[2025-06-03T15:53:39.235+0530][147.083s] GC(738) Pause Young (Normal) (G1 Evacuation Pause)
[2025-06-03T15:53:39.235+0530][147.083s] GC(738) Using 8 workers of 8 for evacuation
[2025-06-03T15:53:39.237+0530][147.085s] GC(738) Skipped phase 1 of Reference Processing: no references
[2025-06-03T15:53:39.237+0530][147.085s] GC(738) Skipped phase 2 of Reference Processing: no references
[2025-06-03T15:53:39.237+0530][147.085s] GC(738) Skipped phase 3 of Reference Processing: no references
[2025-06-03T15:53:39.237+0530][147.085s] GC(738) Skipped phase 4 of Reference Processing: no references
[2025-06-03T15:53:39.238+0530][147.086s] GC(738)   Pre Evacuate Collection Set: 0.3ms
[2025-06-03T15:53:39.238+0530][147.086s] GC(738)   Merge Heap Roots: 0.1ms
[2025-06-03T15:53:39.238+0530][147.086s] GC(738)   Evacuate Collection Set: 1.8ms
[2025-06-03T15:53:39.238+0530][147.086s] GC(738)   Post Evacuate Collection Set: 0.6ms
[2025-06-03T15:53:39.238+0530][147.086s] GC(738)   Other: 0.4ms
[2025-06-03T15:53:39.238+0530][147.086s] GC(738) Eden regions: 305->0(304)
[2025-06-03T15:53:39.238+0530][147.086s] GC(738) Survivor regions: 2->3(39)
[2025-06-03T15:53:39.238+0530][147.086s] GC(738) Old regions: 9->9
[2025-06-03T15:53:39.238+0530][147.086s] GC(738) Archive regions: 2->2
[2025-06-03T15:53:39.238+0530][147.086s] GC(738) Humongous regions: 0->0
[2025-06-03T15:53:39.238+0530][147.086s] GC(738) Metaspace: 20506K(20992K)->20506K(20992K) NonClass: 17920K(18176K)->17920K(18176K) Class: 2585K(2816K)->2585K(2816K)
[2025-06-03T15:53:39.238+0530][147.086s] GC(738) Pause Young (Normal) (G1 Evacuation Pause) 315M->11M(512M) 3.091ms
[2025-06-03T15:53:39.238+0530][147.086s] GC(738) User=0.01s Sys=0.00s Real=0.00s
[2025-06-03T15:53:54.670+0530][162.519s] GC(739) Pause Young (Normal) (G1 Evacuation Pause)
[2025-06-03T15:53:54.671+0530][162.519s] GC(739) Using 8 workers of 8 for evacuation
[2025-06-03T15:53:54.672+0530][162.520s] GC(739) Skipped phase 1 of Reference Processing: no references
[2025-06-03T15:53:54.672+0530][162.520s] GC(739) Skipped phase 2 of Reference Processing: no references
[2025-06-03T15:53:54.672+0530][162.520s] GC(739) Skipped phase 3 of Reference Processing: no references
[2025-06-03T15:53:54.672+0530][162.520s] GC(739) Skipped phase 4 of Reference Processing: no references
[2025-06-03T15:53:54.673+0530][162.521s] GC(739)   Pre Evacuate Collection Set: 0.2ms
[2025-06-03T15:53:54.673+0530][162.521s] GC(739)   Merge Heap Roots: 0.1ms
[2025-06-03T15:53:54.673+0530][162.521s] GC(739)   Evacuate Collection Set: 1.1ms
[2025-06-03T15:53:54.673+0530][162.521s] GC(739)   Post Evacuate Collection Set: 0.5ms
[2025-06-03T15:53:54.673+0530][162.521s] GC(739)   Other: 0.4ms
[2025-06-03T15:53:54.673+0530][162.521s] GC(739) Eden regions: 304->0(305)
[2025-06-03T15:53:54.673+0530][162.521s] GC(739) Survivor regions: 3->2(39)
[2025-06-03T15:53:54.673+0530][162.521s] GC(739) Old regions: 9->9
[2025-06-03T15:53:54.673+0530][162.521s] GC(739) Archive regions: 2->2
[2025-06-03T15:53:54.673+0530][162.521s] GC(739) Humongous regions: 0->0
[2025-06-03T15:53:54.673+0530][162.521s] GC(739) Metaspace: 20509K(20992K)->20509K(20992K) NonClass: 17923K(18176K)->17923K(18176K) Class: 2585K(2816K)->2585K(2816K)
[2025-06-03T15:53:54.673+0530][162.521s] GC(739) Pause Young (Normal) (G1 Evacuation Pause) 315M->10M(512M) 2.366ms
[2025-06-03T15:53:54.673+0530][162.521s] GC(739) User=0.00s Sys=0.00s Real=0.00s
[2025-06-03T15:54:11.214+0530][179.063s] GC(740) Pause Young (Normal) (G1 Evacuation Pause)
[2025-06-03T15:54:11.215+0530][179.063s] GC(740) Using 8 workers of 8 for evacuation
[2025-06-03T15:54:11.216+0530][179.065s] GC(740) Skipped phase 1 of Reference Processing: no references
[2025-06-03T15:54:11.216+0530][179.065s] GC(740) Skipped phase 2 of Reference Processing: no references
[2025-06-03T15:54:11.217+0530][179.065s] GC(740) Skipped phase 3 of Reference Processing: no references
[2025-06-03T15:54:11.217+0530][179.065s] GC(740) Skipped phase 4 of Reference Processing: no references
[2025-06-03T15:54:11.217+0530][179.066s] GC(740)   Pre Evacuate Collection Set: 0.3ms
[2025-06-03T15:54:11.217+0530][179.066s] GC(740)   Merge Heap Roots: 0.1ms
[2025-06-03T15:54:11.217+0530][179.066s] GC(740)   Evacuate Collection Set: 1.4ms
[2025-06-03T15:54:11.217+0530][179.066s] GC(740)   Post Evacuate Collection Set: 0.6ms
[2025-06-03T15:54:11.217+0530][179.066s] GC(740)   Other: 0.4ms
[2025-06-03T15:54:11.217+0530][179.066s] GC(740) Eden regions: 305->0(305)
[2025-06-03T15:54:11.217+0530][179.066s] GC(740) Survivor regions: 2->2(39)
[2025-06-03T15:54:11.217+0530][179.066s] GC(740) Old regions: 9->9
[2025-06-03T15:54:11.217+0530][179.066s] GC(740) Archive regions: 2->2
[2025-06-03T15:54:11.217+0530][179.066s] GC(740) Humongous regions: 0->0
[2025-06-03T15:54:11.217+0530][179.066s] GC(740) Metaspace: 20512K(20992K)->20512K(20992K) NonClass: 17926K(18176K)->17926K(18176K) Class: 2586K(2816K)->2586K(2816K)
[2025-06-03T15:54:11.217+0530][179.066s] GC(740) Pause Young (Normal) (G1 Evacuation Pause) 315M->10M(512M) 2.845ms
[2025-06-03T15:54:11.217+0530][179.066s] GC(740) User=0.01s Sys=0.00s Real=0.00s
[2025-06-03T15:54:26.073+0530][193.922s] GC(741) Pause Young (Normal) (G1 Evacuation Pause)
[2025-06-03T15:54:26.073+0530][193.923s] GC(741) Using 8 workers of 8 for evacuation
[2025-06-03T15:54:26.075+0530][193.924s] GC(741) Skipped phase 1 of Reference Processing: no references
[2025-06-03T15:54:26.075+0530][193.924s] GC(741) Skipped phase 2 of Reference Processing: no references
[2025-06-03T15:54:26.075+0530][193.924s] GC(741) Skipped phase 3 of Reference Processing: no references
[2025-06-03T15:54:26.075+0530][193.924s] GC(741) Skipped phase 4 of Reference Processing: no references
[2025-06-03T15:54:26.076+0530][193.925s] GC(741)   Pre Evacuate Collection Set: 0.2ms
[2025-06-03T15:54:26.076+0530][193.925s] GC(741)   Merge Heap Roots: 0.1ms
[2025-06-03T15:54:26.076+0530][193.925s] GC(741)   Evacuate Collection Set: 1.2ms
[2025-06-03T15:54:26.076+0530][193.925s] GC(741)   Post Evacuate Collection Set: 0.7ms
[2025-06-03T15:54:26.076+0530][193.925s] GC(741)   Other: 0.4ms
[2025-06-03T15:54:26.076+0530][193.925s] GC(741) Eden regions: 305->0(305)
[2025-06-03T15:54:26.076+0530][193.925s] GC(741) Survivor regions: 2->2(39)
[2025-06-03T15:54:26.076+0530][193.925s] GC(741) Old regions: 9->9
[2025-06-03T15:54:26.076+0530][193.925s] GC(741) Archive regions: 2->2
[2025-06-03T15:54:26.076+0530][193.925s] GC(741) Humongous regions: 0->0
[2025-06-03T15:54:26.076+0530][193.925s] GC(741) Metaspace: 20513K(20992K)->20513K(20992K) NonClass: 17926K(18176K)->17926K(18176K) Class: 2586K(2816K)->2586K(2816K)
[2025-06-03T15:54:26.076+0530][193.925s] GC(741) Pause Young (Normal) (G1 Evacuation Pause) 315M->10M(512M) 2.602ms
[2025-06-03T15:54:26.076+0530][193.925s] GC(741) User=0.01s Sys=0.00s Real=0.00s
[2025-06-03T15:54:40.362+0530][208.212s] GC(742) Pause Young (Normal) (G1 Evacuation Pause)
[2025-06-03T15:54:40.363+0530][208.212s] GC(742) Using 8 workers of 8 for evacuation
[2025-06-03T15:54:40.365+0530][208.214s] GC(742) Skipped phase 1 of Reference Processing: no references
[2025-06-03T15:54:40.365+0530][208.214s] GC(742) ReferenceProcessor::execute queues: 1, RefProcThreadModel::Single, marks_oops_alive: false
[2025-06-03T15:54:40.365+0530][208.214s] GC(742) Skipped phase 3 of Reference Processing: no references
[2025-06-03T15:54:40.365+0530][208.214s] GC(742) Skipped phase 4 of Reference Processing: no references
[2025-06-03T15:54:40.365+0530][208.215s] GC(742)   Pre Evacuate Collection Set: 0.3ms
[2025-06-03T15:54:40.365+0530][208.215s] GC(742)   Merge Heap Roots: 0.1ms
[2025-06-03T15:54:40.365+0530][208.215s] GC(742)   Evacuate Collection Set: 1.5ms
[2025-06-03T15:54:40.365+0530][208.215s] GC(742)   Post Evacuate Collection Set: 0.7ms
[2025-06-03T15:54:40.365+0530][208.215s] GC(742)   Other: 0.4ms
[2025-06-03T15:54:40.365+0530][208.215s] GC(742) Eden regions: 305->0(305)
[2025-06-03T15:54:40.365+0530][208.215s] GC(742) Survivor regions: 2->2(39)
[2025-06-03T15:54:40.365+0530][208.215s] GC(742) Old regions: 9->9
[2025-06-03T15:54:40.365+0530][208.215s] GC(742) Archive regions: 2->2
[2025-06-03T15:54:40.365+0530][208.215s] GC(742) Humongous regions: 0->0
[2025-06-03T15:54:40.366+0530][208.215s] GC(742) Metaspace: 20514K(20992K)->20514K(20992K) NonClass: 17928K(18176K)->17928K(18176K) Class: 2586K(2816K)->2586K(2816K)
[2025-06-03T15:54:40.366+0530][208.215s] GC(742) Pause Young (Normal) (G1 Evacuation Pause) 315M->10M(512M) 3.046ms
[2025-06-03T15:54:40.366+0530][208.215s] GC(742) User=0.01s Sys=0.00s Real=0.00s
[2025-06-03T15:54:52.118+0530][219.967s] GC(743) Pause Young (Normal) (G1 Evacuation Pause)
[2025-06-03T15:54:52.118+0530][219.968s] GC(743) Using 8 workers of 8 for evacuation
[2025-06-03T15:54:52.119+0530][219.969s] GC(743) Skipped phase 1 of Reference Processing: no references
[2025-06-03T15:54:52.119+0530][219.969s] GC(743) ReferenceProcessor::execute queues: 1, RefProcThreadModel::Single, marks_oops_alive: false
[2025-06-03T15:54:52.119+0530][219.969s] GC(743) Skipped phase 3 of Reference Processing: no references
[2025-06-03T15:54:52.119+0530][219.969s] GC(743) Skipped phase 4 of Reference Processing: no references
[2025-06-03T15:54:52.120+0530][219.970s] GC(743)   Pre Evacuate Collection Set: 0.2ms
[2025-06-03T15:54:52.120+0530][219.970s] GC(743)   Merge Heap Roots: 0.1ms
[2025-06-03T15:54:52.120+0530][219.970s] GC(743)   Evacuate Collection Set: 1.2ms
[2025-06-03T15:54:52.120+0530][219.970s] GC(743)   Post Evacuate Collection Set: 0.5ms
[2025-06-03T15:54:52.120+0530][219.970s] GC(743)   Other: 0.4ms
[2025-06-03T15:54:52.120+0530][219.970s] GC(743) Eden regions: 305->0(306)
[2025-06-03T15:54:52.120+0530][219.970s] GC(743) Survivor regions: 2->1(39)
[2025-06-03T15:54:52.120+0530][219.970s] GC(743) Old regions: 9->9
[2025-06-03T15:54:52.120+0530][219.970s] GC(743) Archive regions: 2->2
[2025-06-03T15:54:52.120+0530][219.970s] GC(743) Humongous regions: 0->0
[2025-06-03T15:54:52.120+0530][219.970s] GC(743) Metaspace: 20515K(20992K)->20515K(20992K) NonClass: 17928K(18176K)->17928K(18176K) Class: 2586K(2816K)->2586K(2816K)
[2025-06-03T15:54:52.120+0530][219.970s] GC(743) Pause Young (Normal) (G1 Evacuation Pause) 315M->10M(512M) 2.323ms
[2025-06-03T15:54:52.120+0530][219.970s] GC(743) User=0.01s Sys=0.00s Real=0.01s
[2025-06-03T15:55:09.117+0530][236.967s] GC(744) Pause Young (Normal) (G1 Evacuation Pause)
[2025-06-03T15:55:09.117+0530][236.967s] GC(744) Using 8 workers of 8 for evacuation
[2025-06-03T15:55:09.119+0530][236.969s] GC(744) Skipped phase 1 of Reference Processing: no references
[2025-06-03T15:55:09.119+0530][236.969s] GC(744) ReferenceProcessor::execute queues: 1, RefProcThreadModel::Single, marks_oops_alive: false
[2025-06-03T15:55:09.119+0530][236.969s] GC(744) Skipped phase 3 of Reference Processing: no references
[2025-06-03T15:55:09.119+0530][236.969s] GC(744) Skipped phase 4 of Reference Processing: no references
[2025-06-03T15:55:09.120+0530][236.970s] GC(744)   Pre Evacuate Collection Set: 0.3ms
[2025-06-03T15:55:09.120+0530][236.970s] GC(744)   Merge Heap Roots: 0.1ms
[2025-06-03T15:55:09.120+0530][236.970s] GC(744)   Evacuate Collection Set: 1.2ms
[2025-06-03T15:55:09.120+0530][236.970s] GC(744)   Post Evacuate Collection Set: 0.5ms
[2025-06-03T15:55:09.120+0530][236.970s] GC(744)   Other: 0.3ms
[2025-06-03T15:55:09.120+0530][236.970s] GC(744) Eden regions: 306->0(305)
[2025-06-03T15:55:09.120+0530][236.970s] GC(744) Survivor regions: 1->2(39)
[2025-06-03T15:55:09.120+0530][236.970s] GC(744) Old regions: 9->9
[2025-06-03T15:55:09.120+0530][236.970s] GC(744) Archive regions: 2->2
[2025-06-03T15:55:09.120+0530][236.970s] GC(744) Humongous regions: 0->0
[2025-06-03T15:55:09.120+0530][236.970s] GC(744) Metaspace: 20522K(20992K)->20522K(20992K) NonClass: 17935K(18176K)->17935K(18176K) Class: 2586K(2816K)->2586K(2816K)
[2025-06-03T15:55:09.120+0530][236.970s] GC(744) Pause Young (Normal) (G1 Evacuation Pause) 316M->10M(512M) 2.567ms
[2025-06-03T15:55:09.120+0530][236.970s] GC(744) User=0.01s Sys=0.00s Real=0.01s
[2025-06-03T15:55:26.561+0530][254.411s] GC(745) Pause Young (Normal) (G1 Evacuation Pause)
[2025-06-03T15:55:26.561+0530][254.411s] GC(745) Using 8 workers of 8 for evacuation
[2025-06-03T15:55:26.563+0530][254.413s] GC(745) Skipped phase 1 of Reference Processing: no references
[2025-06-03T15:55:26.563+0530][254.413s] GC(745) Skipped phase 2 of Reference Processing: no references
[2025-06-03T15:55:26.563+0530][254.413s] GC(745) Skipped phase 3 of Reference Processing: no references
[2025-06-03T15:55:26.563+0530][254.413s] GC(745) Skipped phase 4 of Reference Processing: no references
[2025-06-03T15:55:26.563+0530][254.414s] GC(745)   Pre Evacuate Collection Set: 0.3ms
[2025-06-03T15:55:26.563+0530][254.414s] GC(745)   Merge Heap Roots: 0.1ms
[2025-06-03T15:55:26.563+0530][254.414s] GC(745)   Evacuate Collection Set: 1.5ms
[2025-06-03T15:55:26.563+0530][254.414s] GC(745)   Post Evacuate Collection Set: 0.6ms
[2025-06-03T15:55:26.563+0530][254.414s] GC(745)   Other: 0.4ms
[2025-06-03T15:55:26.564+0530][254.414s] GC(745) Eden regions: 305->0(305)
[2025-06-03T15:55:26.564+0530][254.414s] GC(745) Survivor regions: 2->2(39)
[2025-06-03T15:55:26.564+0530][254.414s] GC(745) Old regions: 9->9
[2025-06-03T15:55:26.564+0530][254.414s] GC(745) Archive regions: 2->2
[2025-06-03T15:55:26.564+0530][254.414s] GC(745) Humongous regions: 0->0
[2025-06-03T15:55:26.564+0530][254.414s] GC(745) Metaspace: 20531K(20992K)->20531K(20992K) NonClass: 17945K(18176K)->17945K(18176K) Class: 2586K(2816K)->2586K(2816K)
[2025-06-03T15:55:26.564+0530][254.414s] GC(745) Pause Young (Normal) (G1 Evacuation Pause) 315M->10M(512M) 2.897ms
[2025-06-03T15:55:26.564+0530][254.414s] GC(745) User=0.02s Sys=0.00s Real=0.00s
[2025-06-03T15:55:42.277+0530][270.128s] GC(746) Pause Young (Normal) (G1 Evacuation Pause)
[2025-06-03T15:55:42.277+0530][270.128s] GC(746) Using 8 workers of 8 for evacuation
[2025-06-03T15:55:42.279+0530][270.130s] GC(746) Skipped phase 1 of Reference Processing: no references
[2025-06-03T15:55:42.279+0530][270.130s] GC(746) ReferenceProcessor::execute queues: 1, RefProcThreadModel::Single, marks_oops_alive: false
[2025-06-03T15:55:42.279+0530][270.130s] GC(746) Skipped phase 3 of Reference Processing: no references
[2025-06-03T15:55:42.279+0530][270.130s] GC(746) Skipped phase 4 of Reference Processing: no references
[2025-06-03T15:55:42.280+0530][270.131s] GC(746)   Pre Evacuate Collection Set: 0.3ms
[2025-06-03T15:55:42.280+0530][270.131s] GC(746)   Merge Heap Roots: 0.1ms
[2025-06-03T15:55:42.280+0530][270.131s] GC(746)   Evacuate Collection Set: 1.4ms
[2025-06-03T15:55:42.280+0530][270.131s] GC(746)   Post Evacuate Collection Set: 0.7ms
[2025-06-03T15:55:42.280+0530][270.131s] GC(746)   Other: 0.4ms
[2025-06-03T15:55:42.280+0530][270.131s] GC(746) Eden regions: 305->0(305)
[2025-06-03T15:55:42.280+0530][270.131s] GC(746) Survivor regions: 2->2(39)
[2025-06-03T15:55:42.280+0530][270.131s] GC(746) Old regions: 9->9
[2025-06-03T15:55:42.280+0530][270.131s] GC(746) Archive regions: 2->2
[2025-06-03T15:55:42.280+0530][270.131s] GC(746) Humongous regions: 0->0
[2025-06-03T15:55:42.280+0530][270.131s] GC(746) Metaspace: 20535K(20992K)->20535K(20992K) NonClass: 17948K(18176K)->17948K(18176K) Class: 2586K(2816K)->2586K(2816K)
[2025-06-03T15:55:42.280+0530][270.131s] GC(746) Pause Young (Normal) (G1 Evacuation Pause) 315M->10M(512M) 2.925ms
[2025-06-03T15:55:42.280+0530][270.131s] GC(746) User=0.01s Sys=0.00s Real=0.01s
[2025-06-03T15:55:56.315+0530][284.166s] GC(747) Pause Young (Normal) (G1 Evacuation Pause)
[2025-06-03T15:55:56.315+0530][284.166s] GC(747) Using 8 workers of 8 for evacuation
[2025-06-03T15:55:56.316+0530][284.168s] GC(747) Skipped phase 1 of Reference Processing: no references
[2025-06-03T15:55:56.316+0530][284.168s] GC(747) ReferenceProcessor::execute queues: 1, RefProcThreadModel::Single, marks_oops_alive: false
[2025-06-03T15:55:56.316+0530][284.168s] GC(747) Skipped phase 3 of Reference Processing: no references
[2025-06-03T15:55:56.316+0530][284.168s] GC(747) Skipped phase 4 of Reference Processing: no references
[2025-06-03T15:55:56.317+0530][284.168s] GC(747)   Pre Evacuate Collection Set: 0.2ms
[2025-06-03T15:55:56.317+0530][284.168s] GC(747)   Merge Heap Roots: 0.1ms
[2025-06-03T15:55:56.317+0530][284.168s] GC(747)   Evacuate Collection Set: 1.3ms
[2025-06-03T15:55:56.317+0530][284.168s] GC(747)   Post Evacuate Collection Set: 0.5ms
[2025-06-03T15:55:56.317+0530][284.168s] GC(747)   Other: 0.3ms
[2025-06-03T15:55:56.317+0530][284.168s] GC(747) Eden regions: 305->0(305)
[2025-06-03T15:55:56.317+0530][284.168s] GC(747) Survivor regions: 2->2(39)
[2025-06-03T15:55:56.317+0530][284.168s] GC(747) Old regions: 9->9
[2025-06-03T15:55:56.317+0530][284.168s] GC(747) Archive regions: 2->2
[2025-06-03T15:55:56.317+0530][284.168s] GC(747) Humongous regions: 0->0
[2025-06-03T15:55:56.317+0530][284.168s] GC(747) Metaspace: 20547K(20992K)->20547K(20992K) NonClass: 17960K(18176K)->17960K(18176K) Class: 2586K(2816K)->2586K(2816K)
[2025-06-03T15:55:56.317+0530][284.168s] GC(747) Pause Young (Normal) (G1 Evacuation Pause) 315M->10M(512M) 2.531ms
[2025-06-03T15:55:56.317+0530][284.168s] GC(747) User=0.01s Sys=0.01s Real=0.00s
[2025-06-03T15:56:11.302+0530][299.154s] GC(748) Pause Young (Normal) (G1 Evacuation Pause)
[2025-06-03T15:56:11.302+0530][299.154s] GC(748) Using 8 workers of 8 for evacuation
[2025-06-03T15:56:11.305+0530][299.156s] GC(748) Skipped phase 1 of Reference Processing: no references
[2025-06-03T15:56:11.305+0530][299.156s] GC(748) ReferenceProcessor::execute queues: 1, RefProcThreadModel::Single, marks_oops_alive: false
[2025-06-03T15:56:11.305+0530][299.156s] GC(748) Skipped phase 3 of Reference Processing: no references
[2025-06-03T15:56:11.305+0530][299.156s] GC(748) Skipped phase 4 of Reference Processing: no references
[2025-06-03T15:56:11.305+0530][299.157s] GC(748)   Pre Evacuate Collection Set: 0.2ms
[2025-06-03T15:56:11.305+0530][299.157s] GC(748)   Merge Heap Roots: 0.1ms
[2025-06-03T15:56:11.305+0530][299.157s] GC(748)   Evacuate Collection Set: 2.1ms
[2025-06-03T15:56:11.305+0530][299.157s] GC(748)   Post Evacuate Collection Set: 0.6ms
[2025-06-03T15:56:11.305+0530][299.157s] GC(748)   Other: 0.4ms
[2025-06-03T15:56:11.305+0530][299.157s] GC(748) Eden regions: 305->0(304)
[2025-06-03T15:56:11.305+0530][299.157s] GC(748) Survivor regions: 2->3(39)
[2025-06-03T15:56:11.305+0530][299.157s] GC(748) Old regions: 9->9
[2025-06-03T15:56:11.305+0530][299.157s] GC(748) Archive regions: 2->2
[2025-06-03T15:56:11.305+0530][299.157s] GC(748) Humongous regions: 0->0
[2025-06-03T15:56:11.305+0530][299.157s] GC(748) Metaspace: 20555K(20992K)->20555K(20992K) NonClass: 17968K(18176K)->17968K(18176K) Class: 2586K(2816K)->2586K(2816K)
[2025-06-03T15:56:11.306+0530][299.157s] GC(748) Pause Young (Normal) (G1 Evacuation Pause) 315M->11M(512M) 3.490ms
[2025-06-03T15:56:11.306+0530][299.157s] GC(748) User=0.01s Sys=0.00s Real=0.00s
[2025-06-03T15:56:25.670+0530][313.522s] GC(749) Pause Young (Normal) (G1 Evacuation Pause)
[2025-06-03T15:56:25.671+0530][313.522s] GC(749) Using 8 workers of 8 for evacuation
[2025-06-03T15:56:25.672+0530][313.524s] GC(749) Skipped phase 1 of Reference Processing: no references
[2025-06-03T15:56:25.672+0530][313.524s] GC(749) ReferenceProcessor::execute queues: 1, RefProcThreadModel::Single, marks_oops_alive: false
[2025-06-03T15:56:25.672+0530][313.524s] GC(749) Skipped phase 3 of Reference Processing: no references
[2025-06-03T15:56:25.672+0530][313.524s] GC(749) Skipped phase 4 of Reference Processing: no references
[2025-06-03T15:56:25.673+0530][313.525s] GC(749)   Pre Evacuate Collection Set: 0.3ms
[2025-06-03T15:56:25.673+0530][313.525s] GC(749)   Merge Heap Roots: 0.1ms
[2025-06-03T15:56:25.673+0530][313.525s] GC(749)   Evacuate Collection Set: 1.2ms
[2025-06-03T15:56:25.673+0530][313.525s] GC(749)   Post Evacuate Collection Set: 0.6ms
[2025-06-03T15:56:25.673+0530][313.525s] GC(749)   Other: 0.3ms
[2025-06-03T15:56:25.673+0530][313.525s] GC(749) Eden regions: 304->0(305)
[2025-06-03T15:56:25.673+0530][313.525s] GC(749) Survivor regions: 3->2(39)
[2025-06-03T15:56:25.673+0530][313.525s] GC(749) Old regions: 9->9
[2025-06-03T15:56:25.673+0530][313.525s] GC(749) Archive regions: 2->2
[2025-06-03T15:56:25.673+0530][313.525s] GC(749) Humongous regions: 0->0
[2025-06-03T15:56:25.673+0530][313.525s] GC(749) Metaspace: 20555K(20992K)->20555K(20992K) NonClass: 17968K(18176K)->17968K(18176K) Class: 2586K(2816K)->2586K(2816K)
[2025-06-03T15:56:25.673+0530][313.525s] GC(749) Pause Young (Normal) (G1 Evacuation Pause) 315M->10M(512M) 2.558ms
[2025-06-03T15:56:25.673+0530][313.525s] GC(749) User=0.01s Sys=0.00s Real=0.00s
[2025-06-03T15:56:41.367+0530][329.219s] GC(750) Pause Young (Normal) (G1 Evacuation Pause)
[2025-06-03T15:56:41.367+0530][329.220s] GC(750) Using 8 workers of 8 for evacuation
[2025-06-03T15:56:41.369+0530][329.221s] GC(750) Skipped phase 1 of Reference Processing: no references
[2025-06-03T15:56:41.369+0530][329.221s] GC(750) ReferenceProcessor::execute queues: 1, RefProcThreadModel::Single, marks_oops_alive: false
[2025-06-03T15:56:41.369+0530][329.221s] GC(750) Skipped phase 3 of Reference Processing: no references
[2025-06-03T15:56:41.369+0530][329.221s] GC(750) ReferenceProcessor::execute queues: 1, RefProcThreadModel::Single, marks_oops_alive: false
[2025-06-03T15:56:41.370+0530][329.222s] GC(750)   Pre Evacuate Collection Set: 0.3ms
[2025-06-03T15:56:41.370+0530][329.222s] GC(750)   Merge Heap Roots: 0.1ms
[2025-06-03T15:56:41.370+0530][329.222s] GC(750)   Evacuate Collection Set: 1.2ms
[2025-06-03T15:56:41.370+0530][329.222s] GC(750)   Post Evacuate Collection Set: 0.6ms
[2025-06-03T15:56:41.370+0530][329.222s] GC(750)   Other: 0.4ms
[2025-06-03T15:56:41.370+0530][329.222s] GC(750) Eden regions: 305->0(305)
[2025-06-03T15:56:41.370+0530][329.222s] GC(750) Survivor regions: 2->2(39)
[2025-06-03T15:56:41.370+0530][329.222s] GC(750) Old regions: 9->9
[2025-06-03T15:56:41.370+0530][329.222s] GC(750) Archive regions: 2->2
[2025-06-03T15:56:41.370+0530][329.222s] GC(750) Humongous regions: 0->0
[2025-06-03T15:56:41.370+0530][329.222s] GC(750) Metaspace: 20555K(20992K)->20555K(20992K) NonClass: 17969K(18176K)->17969K(18176K) Class: 2586K(2816K)->2586K(2816K)
[2025-06-03T15:56:41.370+0530][329.222s] GC(750) Pause Young (Normal) (G1 Evacuation Pause) 315M->10M(512M) 2.576ms
[2025-06-03T15:56:41.370+0530][329.222s] GC(750) User=0.01s Sys=0.00s Real=0.01s
[2025-06-03T15:56:56.267+0530][344.120s] GC(751) Pause Young (Normal) (G1 Evacuation Pause)
[2025-06-03T15:56:56.267+0530][344.120s] GC(751) Using 8 workers of 8 for evacuation
[2025-06-03T15:56:56.269+0530][344.121s] GC(751) Skipped phase 1 of Reference Processing: no references
[2025-06-03T15:56:56.269+0530][344.122s] GC(751) ReferenceProcessor::execute queues: 1, RefProcThreadModel::Single, marks_oops_alive: false
[2025-06-03T15:56:56.269+0530][344.122s] GC(751) Skipped phase 3 of Reference Processing: no references
[2025-06-03T15:56:56.269+0530][344.122s] GC(751) ReferenceProcessor::execute queues: 1, RefProcThreadModel::Single, marks_oops_alive: false
[2025-06-03T15:56:56.270+0530][344.122s] GC(751)   Pre Evacuate Collection Set: 0.3ms
[2025-06-03T15:56:56.270+0530][344.122s] GC(751)   Merge Heap Roots: 0.1ms
[2025-06-03T15:56:56.270+0530][344.122s] GC(751)   Evacuate Collection Set: 1.3ms
[2025-06-03T15:56:56.270+0530][344.122s] GC(751)   Post Evacuate Collection Set: 0.6ms
[2025-06-03T15:56:56.270+0530][344.122s] GC(751)   Other: 0.4ms
[2025-06-03T15:56:56.270+0530][344.122s] GC(751) Eden regions: 305->0(305)
[2025-06-03T15:56:56.270+0530][344.122s] GC(751) Survivor regions: 2->2(39)
[2025-06-03T15:56:56.270+0530][344.122s] GC(751) Old regions: 9->9
[2025-06-03T15:56:56.270+0530][344.122s] GC(751) Archive regions: 2->2
[2025-06-03T15:56:56.270+0530][344.122s] GC(751) Humongous regions: 0->0
[2025-06-03T15:56:56.270+0530][344.122s] GC(751) Metaspace: 20555K(20992K)->20555K(20992K) NonClass: 17969K(18176K)->17969K(18176K) Class: 2586K(2816K)->2586K(2816K)
[2025-06-03T15:56:56.270+0530][344.122s] GC(751) Pause Young (Normal) (G1 Evacuation Pause) 315M->10M(512M) 2.838ms
[2025-06-03T15:56:56.270+0530][344.123s] GC(751) User=0.01s Sys=0.00s Real=0.01s
[2025-06-03T15:57:09.456+0530][357.309s] GC(752) Pause Young (Normal) (G1 Evacuation Pause)
[2025-06-03T15:57:09.456+0530][357.309s] GC(752) Using 8 workers of 8 for evacuation
[2025-06-03T15:57:09.458+0530][357.311s] GC(752) Skipped phase 1 of Reference Processing: no references
[2025-06-03T15:57:09.458+0530][357.311s] GC(752) ReferenceProcessor::execute queues: 1, RefProcThreadModel::Single, marks_oops_alive: false
[2025-06-03T15:57:09.458+0530][357.311s] GC(752) Skipped phase 3 of Reference Processing: no references
[2025-06-03T15:57:09.458+0530][357.311s] GC(752) Skipped phase 4 of Reference Processing: no references
[2025-06-03T15:57:09.459+0530][357.312s] GC(752)   Pre Evacuate Collection Set: 0.4ms
[2025-06-03T15:57:09.459+0530][357.312s] GC(752)   Merge Heap Roots: 0.1ms
[2025-06-03T15:57:09.459+0530][357.312s] GC(752)   Evacuate Collection Set: 1.5ms
[2025-06-03T15:57:09.459+0530][357.312s] GC(752)   Post Evacuate Collection Set: 0.6ms
[2025-06-03T15:57:09.459+0530][357.312s] GC(752)   Other: 0.5ms
[2025-06-03T15:57:09.459+0530][357.312s] GC(752) Eden regions: 305->0(305)
[2025-06-03T15:57:09.459+0530][357.312s] GC(752) Survivor regions: 2->2(39)
[2025-06-03T15:57:09.459+0530][357.312s] GC(752) Old regions: 9->9
[2025-06-03T15:57:09.459+0530][357.312s] GC(752) Archive regions: 2->2
[2025-06-03T15:57:09.459+0530][357.312s] GC(752) Humongous regions: 0->0
[2025-06-03T15:57:09.459+0530][357.312s] GC(752) Metaspace: 20555K(20992K)->20555K(20992K) NonClass: 17969K(18176K)->17969K(18176K) Class: 2586K(2816K)->2586K(2816K)
[2025-06-03T15:57:09.459+0530][357.312s] GC(752) Pause Young (Normal) (G1 Evacuation Pause) 315M->10M(512M) 3.009ms
[2025-06-03T15:57:09.459+0530][357.312s] GC(752) User=0.01s Sys=0.00s Real=0.00s
[2025-06-03T15:57:24.669+0530][372.523s] GC(753) Pause Young (Normal) (G1 Evacuation Pause)
[2025-06-03T15:57:24.669+0530][372.523s] GC(753) Using 8 workers of 8 for evacuation
[2025-06-03T15:57:24.671+0530][372.524s] GC(753) Skipped phase 1 of Reference Processing: no references
[2025-06-03T15:57:24.671+0530][372.524s] GC(753) ReferenceProcessor::execute queues: 1, RefProcThreadModel::Single, marks_oops_alive: false
[2025-06-03T15:57:24.671+0530][372.524s] GC(753) Skipped phase 3 of Reference Processing: no references
[2025-06-03T15:57:24.671+0530][372.524s] GC(753) ReferenceProcessor::execute queues: 1, RefProcThreadModel::Single, marks_oops_alive: false
[2025-06-03T15:57:24.672+0530][372.525s] GC(753)   Pre Evacuate Collection Set: 0.3ms
[2025-06-03T15:57:24.672+0530][372.525s] GC(753)   Merge Heap Roots: 0.1ms
[2025-06-03T15:57:24.672+0530][372.525s] GC(753)   Evacuate Collection Set: 1.2ms
[2025-06-03T15:57:24.672+0530][372.525s] GC(753)   Post Evacuate Collection Set: 0.7ms
[2025-06-03T15:57:24.672+0530][372.525s] GC(753)   Other: 0.4ms
[2025-06-03T15:57:24.672+0530][372.525s] GC(753) Eden regions: 305->0(305)
[2025-06-03T15:57:24.672+0530][372.525s] GC(753) Survivor regions: 2->2(39)
[2025-06-03T15:57:24.672+0530][372.525s] GC(753) Old regions: 9->9
[2025-06-03T15:57:24.672+0530][372.525s] GC(753) Archive regions: 2->2
[2025-06-03T15:57:24.672+0530][372.525s] GC(753) Humongous regions: 0->0
[2025-06-03T15:57:24.672+0530][372.525s] GC(753) Metaspace: 20577K(21056K)->20577K(21056K) NonClass: 17991K(18240K)->17991K(18240K) Class: 2586K(2816K)->2586K(2816K)
[2025-06-03T15:57:24.672+0530][372.525s] GC(753) Pause Young (Normal) (G1 Evacuation Pause) 315M->10M(512M) 2.803ms
[2025-06-03T15:57:24.672+0530][372.526s] GC(753) User=0.01s Sys=0.00s Real=0.01s
[2025-06-03T15:57:37.359+0530][385.213s] GC(754) Pause Young (Normal) (G1 Evacuation Pause)
[2025-06-03T15:57:37.360+0530][385.213s] GC(754) Using 8 workers of 8 for evacuation
[2025-06-03T15:57:37.361+0530][385.215s] GC(754) Skipped phase 1 of Reference Processing: no references
[2025-06-03T15:57:37.361+0530][385.215s] GC(754) ReferenceProcessor::execute queues: 1, RefProcThreadModel::Single, marks_oops_alive: false
[2025-06-03T15:57:37.361+0530][385.215s] GC(754) Skipped phase 3 of Reference Processing: no references
[2025-06-03T15:57:37.361+0530][385.215s] GC(754) ReferenceProcessor::execute queues: 1, RefProcThreadModel::Single, marks_oops_alive: false
[2025-06-03T15:57:37.362+0530][385.216s] GC(754)   Pre Evacuate Collection Set: 0.3ms
[2025-06-03T15:57:37.362+0530][385.216s] GC(754)   Merge Heap Roots: 0.1ms
[2025-06-03T15:57:37.362+0530][385.216s] GC(754)   Evacuate Collection Set: 1.3ms
[2025-06-03T15:57:37.362+0530][385.216s] GC(754)   Post Evacuate Collection Set: 0.6ms
[2025-06-03T15:57:37.362+0530][385.216s] GC(754)   Other: 0.5ms
[2025-06-03T15:57:37.362+0530][385.216s] GC(754) Eden regions: 305->0(305)
[2025-06-03T15:57:37.362+0530][385.216s] GC(754) Survivor regions: 2->2(39)
[2025-06-03T15:57:37.362+0530][385.216s] GC(754) Old regions: 9->9
[2025-06-03T15:57:37.362+0530][385.216s] GC(754) Archive regions: 2->2
[2025-06-03T15:57:37.362+0530][385.216s] GC(754) Humongous regions: 0->0
[2025-06-03T15:57:37.362+0530][385.216s] GC(754) Metaspace: 20577K(21056K)->20577K(21056K) NonClass: 17991K(18240K)->17991K(18240K) Class: 2586K(2816K)->2586K(2816K)
[2025-06-03T15:57:37.362+0530][385.216s] GC(754) Pause Young (Normal) (G1 Evacuation Pause) 315M->10M(512M) 2.803ms
[2025-06-03T15:57:37.362+0530][385.216s] GC(754) User=0.01s Sys=0.00s Real=0.01s
[2025-06-03T15:57:51.705+0530][399.559s] GC(755) Pause Young (Normal) (G1 Evacuation Pause)
[2025-06-03T15:57:51.705+0530][399.559s] GC(755) Using 8 workers of 8 for evacuation
[2025-06-03T15:57:51.707+0530][399.561s] GC(755) Skipped phase 1 of Reference Processing: no references
[2025-06-03T15:57:51.708+0530][399.562s] GC(755) ReferenceProcessor::execute queues: 1, RefProcThreadModel::Single, marks_oops_alive: false
[2025-06-03T15:57:51.708+0530][399.562s] GC(755) Skipped phase 3 of Reference Processing: no references
[2025-06-03T15:57:51.708+0530][399.562s] GC(755) ReferenceProcessor::execute queues: 1, RefProcThreadModel::Single, marks_oops_alive: false
[2025-06-03T15:57:51.708+0530][399.562s] GC(755)   Pre Evacuate Collection Set: 0.3ms
[2025-06-03T15:57:51.708+0530][399.562s] GC(755)   Merge Heap Roots: 0.1ms
[2025-06-03T15:57:51.708+0530][399.562s] GC(755)   Evacuate Collection Set: 1.9ms
[2025-06-03T15:57:51.708+0530][399.562s] GC(755)   Post Evacuate Collection Set: 0.8ms
[2025-06-03T15:57:51.709+0530][399.562s] GC(755)   Other: 0.6ms
[2025-06-03T15:57:51.709+0530][399.563s] GC(755) Eden regions: 305->0(305)
[2025-06-03T15:57:51.709+0530][399.563s] GC(755) Survivor regions: 2->2(39)
[2025-06-03T15:57:51.709+0530][399.563s] GC(755) Old regions: 9->9
[2025-06-03T15:57:51.709+0530][399.563s] GC(755) Archive regions: 2->2
[2025-06-03T15:57:51.709+0530][399.563s] GC(755) Humongous regions: 0->0
[2025-06-03T15:57:51.709+0530][399.563s] GC(755) Metaspace: 20577K(21056K)->20577K(21056K) NonClass: 17991K(18240K)->17991K(18240K) Class: 2586K(2816K)->2586K(2816K)
[2025-06-03T15:57:51.709+0530][399.563s] GC(755) Pause Young (Normal) (G1 Evacuation Pause) 315M->10M(512M) 3.768ms
[2025-06-03T15:57:51.709+0530][399.563s] GC(755) User=0.02s Sys=0.01s Real=0.00s
[2025-06-03T15:58:07.811+0530][415.665s] GC(756) Pause Young (Normal) (G1 Evacuation Pause)
[2025-06-03T15:58:07.811+0530][415.665s] GC(756) Using 8 workers of 8 for evacuation
[2025-06-03T15:58:07.813+0530][415.668s] GC(756) Skipped phase 1 of Reference Processing: no references
[2025-06-03T15:58:07.813+0530][415.668s] GC(756) ReferenceProcessor::execute queues: 1, RefProcThreadModel::Single, marks_oops_alive: false
[2025-06-03T15:58:07.813+0530][415.668s] GC(756) Skipped phase 3 of Reference Processing: no references
[2025-06-03T15:58:07.813+0530][415.668s] GC(756) ReferenceProcessor::execute queues: 1, RefProcThreadModel::Single, marks_oops_alive: false
[2025-06-03T15:58:07.814+0530][415.668s] GC(756)   Pre Evacuate Collection Set: 0.5ms
[2025-06-03T15:58:07.814+0530][415.668s] GC(756)   Merge Heap Roots: 0.1ms
[2025-06-03T15:58:07.814+0530][415.668s] GC(756)   Evacuate Collection Set: 1.5ms
[2025-06-03T15:58:07.814+0530][415.668s] GC(756)   Post Evacuate Collection Set: 0.6ms
[2025-06-03T15:58:07.814+0530][415.668s] GC(756)   Other: 0.5ms
[2025-06-03T15:58:07.814+0530][415.668s] GC(756) Eden regions: 305->0(305)
[2025-06-03T15:58:07.814+0530][415.668s] GC(756) Survivor regions: 2->2(39)
[2025-06-03T15:58:07.814+0530][415.668s] GC(756) Old regions: 9->9
[2025-06-03T15:58:07.814+0530][415.668s] GC(756) Archive regions: 2->2
[2025-06-03T15:58:07.814+0530][415.668s] GC(756) Humongous regions: 0->0
[2025-06-03T15:58:07.814+0530][415.668s] GC(756) Metaspace: 20582K(21056K)->20582K(21056K) NonClass: 17996K(18240K)->17996K(18240K) Class: 2586K(2816K)->2586K(2816K)
[2025-06-03T15:58:07.814+0530][415.669s] GC(756) Pause Young (Normal) (G1 Evacuation Pause) 315M->10M(512M) 3.258ms
[2025-06-03T15:58:07.814+0530][415.669s] GC(756) User=0.01s Sys=0.00s Real=0.00s
[2025-06-03T15:58:22.114+0530][429.968s] GC(757) Pause Young (Normal) (G1 Evacuation Pause)
[2025-06-03T15:58:22.114+0530][429.968s] GC(757) Using 8 workers of 8 for evacuation
[2025-06-03T15:58:22.115+0530][429.970s] GC(757) Skipped phase 1 of Reference Processing: no references
[2025-06-03T15:58:22.116+0530][429.970s] GC(757) ReferenceProcessor::execute queues: 1, RefProcThreadModel::Single, marks_oops_alive: false
[2025-06-03T15:58:22.116+0530][429.970s] GC(757) Skipped phase 3 of Reference Processing: no references
[2025-06-03T15:58:22.116+0530][429.970s] GC(757) ReferenceProcessor::execute queues: 1, RefProcThreadModel::Single, marks_oops_alive: false
[2025-06-03T15:58:22.116+0530][429.971s] GC(757)   Pre Evacuate Collection Set: 0.3ms
[2025-06-03T15:58:22.116+0530][429.971s] GC(757)   Merge Heap Roots: 0.1ms
[2025-06-03T15:58:22.116+0530][429.971s] GC(757)   Evacuate Collection Set: 1.3ms
[2025-06-03T15:58:22.116+0530][429.971s] GC(757)   Post Evacuate Collection Set: 0.6ms
[2025-06-03T15:58:22.116+0530][429.971s] GC(757)   Other: 0.4ms
[2025-06-03T15:58:22.116+0530][429.971s] GC(757) Eden regions: 305->0(305)
[2025-06-03T15:58:22.116+0530][429.971s] GC(757) Survivor regions: 2->2(39)
[2025-06-03T15:58:22.116+0530][429.971s] GC(757) Old regions: 9->9
[2025-06-03T15:58:22.116+0530][429.971s] GC(757) Archive regions: 2->2
[2025-06-03T15:58:22.116+0530][429.971s] GC(757) Humongous regions: 0->0
[2025-06-03T15:58:22.116+0530][429.971s] GC(757) Metaspace: 20583K(21056K)->20583K(21056K) NonClass: 17996K(18240K)->17996K(18240K) Class: 2586K(2816K)->2586K(2816K)
[2025-06-03T15:58:22.116+0530][429.971s] GC(757) Pause Young (Normal) (G1 Evacuation Pause) 315M->10M(512M) 2.735ms
[2025-06-03T15:58:22.116+0530][429.971s] GC(757) User=0.01s Sys=0.00s Real=0.00s
[2025-06-03T15:58:34.708+0530][442.563s] GC(758) Pause Young (Normal) (G1 Evacuation Pause)
[2025-06-03T15:58:34.708+0530][442.563s] GC(758) Using 8 workers of 8 for evacuation
[2025-06-03T15:58:34.710+0530][442.565s] GC(758) Skipped phase 1 of Reference Processing: no references
[2025-06-03T15:58:34.710+0530][442.565s] GC(758) Skipped phase 2 of Reference Processing: no references
[2025-06-03T15:58:34.710+0530][442.565s] GC(758) Skipped phase 3 of Reference Processing: no references
[2025-06-03T15:58:34.710+0530][442.565s] GC(758) ReferenceProcessor::execute queues: 1, RefProcThreadModel::Single, marks_oops_alive: false
[2025-06-03T15:58:34.711+0530][442.566s] GC(758)   Pre Evacuate Collection Set: 0.3ms
[2025-06-03T15:58:34.711+0530][442.566s] GC(758)   Merge Heap Roots: 0.1ms
[2025-06-03T15:58:34.711+0530][442.566s] GC(758)   Evacuate Collection Set: 1.6ms
[2025-06-03T15:58:34.711+0530][442.566s] GC(758)   Post Evacuate Collection Set: 0.7ms
[2025-06-03T15:58:34.711+0530][442.566s] GC(758)   Other: 0.5ms
[2025-06-03T15:58:34.711+0530][442.566s] GC(758) Eden regions: 305->0(305)
[2025-06-03T15:58:34.711+0530][442.566s] GC(758) Survivor regions: 2->2(39)
[2025-06-03T15:58:34.711+0530][442.566s] GC(758) Old regions: 9->9
[2025-06-03T15:58:34.711+0530][442.566s] GC(758) Archive regions: 2->2
[2025-06-03T15:58:34.711+0530][442.566s] GC(758) Humongous regions: 0->0
[2025-06-03T15:58:34.711+0530][442.566s] GC(758) Metaspace: 20583K(21056K)->20583K(21056K) NonClass: 17996K(18240K)->17996K(18240K) Class: 2586K(2816K)->2586K(2816K)
[2025-06-03T15:58:34.711+0530][442.566s] GC(758) Pause Young (Normal) (G1 Evacuation Pause) 315M->10M(512M) 3.295ms
[2025-06-03T15:58:34.711+0530][442.566s] GC(758) User=0.02s Sys=0.00s Real=0.01s
[2025-06-03T15:58:48.810+0530][456.665s] GC(759) Pause Young (Normal) (G1 Evacuation Pause)
[2025-06-03T15:58:48.810+0530][456.665s] GC(759) Using 8 workers of 8 for evacuation
[2025-06-03T15:58:48.812+0530][456.667s] GC(759) Skipped phase 1 of Reference Processing: no references
[2025-06-03T15:58:48.812+0530][456.667s] GC(759) ReferenceProcessor::execute queues: 1, RefProcThreadModel::Single, marks_oops_alive: false
[2025-06-03T15:58:48.812+0530][456.667s] GC(759) Skipped phase 3 of Reference Processing: no references
[2025-06-03T15:58:48.812+0530][456.667s] GC(759) Skipped phase 4 of Reference Processing: no references
[2025-06-03T15:58:48.812+0530][456.668s] GC(759)   Pre Evacuate Collection Set: 0.3ms
[2025-06-03T15:58:48.812+0530][456.668s] GC(759)   Merge Heap Roots: 0.1ms
[2025-06-03T15:58:48.812+0530][456.668s] GC(759)   Evacuate Collection Set: 1.2ms
[2025-06-03T15:58:48.812+0530][456.668s] GC(759)   Post Evacuate Collection Set: 0.6ms
[2025-06-03T15:58:48.812+0530][456.668s] GC(759)   Other: 0.4ms
[2025-06-03T15:58:48.812+0530][456.668s] GC(759) Eden regions: 305->0(305)
[2025-06-03T15:58:48.812+0530][456.668s] GC(759) Survivor regions: 2->2(39)
[2025-06-03T15:58:48.812+0530][456.668s] GC(759) Old regions: 9->9
[2025-06-03T15:58:48.812+0530][456.668s] GC(759) Archive regions: 2->2
[2025-06-03T15:58:48.812+0530][456.668s] GC(759) Humongous regions: 0->0
[2025-06-03T15:58:48.813+0530][456.668s] GC(759) Metaspace: 20583K(21056K)->20583K(21056K) NonClass: 17996K(18240K)->17996K(18240K) Class: 2586K(2816K)->2586K(2816K)
[2025-06-03T15:58:48.813+0530][456.668s] GC(759) Pause Young (Normal) (G1 Evacuation Pause) 315M->10M(512M) 2.503ms
[2025-06-03T15:58:48.813+0530][456.668s] GC(759) User=0.01s Sys=0.00s Real=0.00s
[2025-06-03T15:59:02.462+0530][470.318s] GC(760) Pause Young (Normal) (G1 Evacuation Pause)
[2025-06-03T15:59:02.462+0530][470.318s] GC(760) Using 8 workers of 8 for evacuation
[2025-06-03T15:59:02.464+0530][470.320s] GC(760) Skipped phase 1 of Reference Processing: no references
[2025-06-03T15:59:02.464+0530][470.320s] GC(760) ReferenceProcessor::execute queues: 1, RefProcThreadModel::Single, marks_oops_alive: false
[2025-06-03T15:59:02.464+0530][470.320s] GC(760) Skipped phase 3 of Reference Processing: no references
[2025-06-03T15:59:02.464+0530][470.320s] GC(760) Skipped phase 4 of Reference Processing: no references
[2025-06-03T15:59:02.465+0530][470.321s] GC(760)   Pre Evacuate Collection Set: 0.2ms
[2025-06-03T15:59:02.465+0530][470.321s] GC(760)   Merge Heap Roots: 0.1ms
[2025-06-03T15:59:02.465+0530][470.321s] GC(760)   Evacuate Collection Set: 1.4ms
[2025-06-03T15:59:02.465+0530][470.321s] GC(760)   Post Evacuate Collection Set: 0.5ms
[2025-06-03T15:59:02.465+0530][470.321s] GC(760)   Other: 0.3ms
[2025-06-03T15:59:02.465+0530][470.321s] GC(760) Eden regions: 305->0(305)
[2025-06-03T15:59:02.465+0530][470.321s] GC(760) Survivor regions: 2->2(39)
[2025-06-03T15:59:02.465+0530][470.321s] GC(760) Old regions: 9->9
[2025-06-03T15:59:02.465+0530][470.321s] GC(760) Archive regions: 2->2
[2025-06-03T15:59:02.465+0530][470.321s] GC(760) Humongous regions: 0->0
[2025-06-03T15:59:02.465+0530][470.321s] GC(760) Metaspace: 20583K(21056K)->20583K(21056K) NonClass: 17996K(18240K)->17996K(18240K) Class: 2586K(2816K)->2586K(2816K)
[2025-06-03T15:59:02.465+0530][470.321s] GC(760) Pause Young (Normal) (G1 Evacuation Pause) 315M->10M(512M) 2.677ms
[2025-06-03T15:59:02.465+0530][470.321s] GC(760) User=0.01s Sys=0.01s Real=0.00s
[2025-06-03T15:59:15.907+0530][483.763s] GC(761) Pause Young (Normal) (G1 Evacuation Pause)
[2025-06-03T15:59:15.907+0530][483.763s] GC(761) Using 8 workers of 8 for evacuation
[2025-06-03T15:59:15.909+0530][483.765s] GC(761) Skipped phase 1 of Reference Processing: no references
[2025-06-03T15:59:15.909+0530][483.765s] GC(761) ReferenceProcessor::execute queues: 1, RefProcThreadModel::Single, marks_oops_alive: false
[2025-06-03T15:59:15.909+0530][483.765s] GC(761) Skipped phase 3 of Reference Processing: no references
[2025-06-03T15:59:15.909+0530][483.765s] GC(761) Skipped phase 4 of Reference Processing: no references
[2025-06-03T15:59:15.910+0530][483.766s] GC(761)   Pre Evacuate Collection Set: 0.3ms
[2025-06-03T15:59:15.910+0530][483.766s] GC(761)   Merge Heap Roots: 0.1ms
[2025-06-03T15:59:15.910+0530][483.766s] GC(761)   Evacuate Collection Set: 1.9ms
[2025-06-03T15:59:15.910+0530][483.766s] GC(761)   Post Evacuate Collection Set: 0.8ms
[2025-06-03T15:59:15.910+0530][483.766s] GC(761)   Other: 0.4ms
[2025-06-03T15:59:15.910+0530][483.766s] GC(761) Eden regions: 305->0(305)
[2025-06-03T15:59:15.910+0530][483.766s] GC(761) Survivor regions: 2->2(39)
[2025-06-03T15:59:15.910+0530][483.766s] GC(761) Old regions: 9->9
[2025-06-03T15:59:15.910+0530][483.766s] GC(761) Archive regions: 2->2
[2025-06-03T15:59:15.910+0530][483.766s] GC(761) Humongous regions: 0->0
[2025-06-03T15:59:15.910+0530][483.766s] GC(761) Metaspace: 20583K(21056K)->20583K(21056K) NonClass: 17996K(18240K)->17996K(18240K) Class: 2586K(2816K)->2586K(2816K)
[2025-06-03T15:59:15.910+0530][483.766s] GC(761) Pause Young (Normal) (G1 Evacuation Pause) 315M->10M(512M) 3.649ms
[2025-06-03T15:59:15.911+0530][483.767s] GC(761) User=0.01s Sys=0.00s Real=0.01s
[2025-06-03T15:59:29.912+0530][497.769s] GC(762) Pause Young (Normal) (G1 Evacuation Pause)
[2025-06-03T15:59:29.912+0530][497.769s] GC(762) Using 8 workers of 8 for evacuation
[2025-06-03T15:59:29.914+0530][497.770s] GC(762) Skipped phase 1 of Reference Processing: no references
[2025-06-03T15:59:29.914+0530][497.770s] GC(762) ReferenceProcessor::execute queues: 1, RefProcThreadModel::Single, marks_oops_alive: false
[2025-06-03T15:59:29.914+0530][497.770s] GC(762) Skipped phase 3 of Reference Processing: no references
[2025-06-03T15:59:29.914+0530][497.771s] GC(762) Skipped phase 4 of Reference Processing: no references
[2025-06-03T15:59:29.915+0530][497.771s] GC(762)   Pre Evacuate Collection Set: 0.2ms
[2025-06-03T15:59:29.915+0530][497.771s] GC(762)   Merge Heap Roots: 0.1ms
[2025-06-03T15:59:29.915+0530][497.771s] GC(762)   Evacuate Collection Set: 1.3ms
[2025-06-03T15:59:29.915+0530][497.771s] GC(762)   Post Evacuate Collection Set: 0.6ms
[2025-06-03T15:59:29.915+0530][497.771s] GC(762)   Other: 0.4ms
[2025-06-03T15:59:29.915+0530][497.771s] GC(762) Eden regions: 305->0(305)
[2025-06-03T15:59:29.915+0530][497.771s] GC(762) Survivor regions: 2->2(39)
[2025-06-03T15:59:29.915+0530][497.771s] GC(762) Old regions: 9->9
[2025-06-03T15:59:29.915+0530][497.771s] GC(762) Archive regions: 2->2
[2025-06-03T15:59:29.915+0530][497.771s] GC(762) Humongous regions: 0->0
[2025-06-03T15:59:29.915+0530][497.771s] GC(762) Metaspace: 20586K(21056K)->20586K(21056K) NonClass: 17999K(18240K)->17999K(18240K) Class: 2586K(2816K)->2586K(2816K)
[2025-06-03T15:59:29.915+0530][497.771s] GC(762) Pause Young (Normal) (G1 Evacuation Pause) 315M->10M(512M) 2.728ms
[2025-06-03T15:59:29.915+0530][497.771s] GC(762) User=0.01s Sys=0.00s Real=0.00s
[2025-06-03T15:59:43.165+0530][511.022s] GC(763) Pause Young (Normal) (G1 Evacuation Pause)
[2025-06-03T15:59:43.165+0530][511.022s] GC(763) Using 8 workers of 8 for evacuation
[2025-06-03T15:59:43.167+0530][511.023s] GC(763) Skipped phase 1 of Reference Processing: no references
[2025-06-03T15:59:43.167+0530][511.023s] GC(763) ReferenceProcessor::execute queues: 1, RefProcThreadModel::Single, marks_oops_alive: false
[2025-06-03T15:59:43.167+0530][511.024s] GC(763) Skipped phase 3 of Reference Processing: no references
[2025-06-03T15:59:43.167+0530][511.024s] GC(763) Skipped phase 4 of Reference Processing: no references
[2025-06-03T15:59:43.168+0530][511.024s] GC(763)   Pre Evacuate Collection Set: 0.2ms
[2025-06-03T15:59:43.168+0530][511.024s] GC(763)   Merge Heap Roots: 0.1ms
[2025-06-03T15:59:43.168+0530][511.024s] GC(763)   Evacuate Collection Set: 1.3ms
[2025-06-03T15:59:43.168+0530][511.024s] GC(763)   Post Evacuate Collection Set: 0.7ms
[2025-06-03T15:59:43.168+0530][511.024s] GC(763)   Other: 0.3ms
[2025-06-03T15:59:43.168+0530][511.024s] GC(763) Eden regions: 305->0(305)
[2025-06-03T15:59:43.168+0530][511.024s] GC(763) Survivor regions: 2->2(39)
[2025-06-03T15:59:43.168+0530][511.024s] GC(763) Old regions: 9->9
[2025-06-03T15:59:43.168+0530][511.024s] GC(763) Archive regions: 2->2
[2025-06-03T15:59:43.168+0530][511.024s] GC(763) Humongous regions: 0->0
[2025-06-03T15:59:43.168+0530][511.024s] GC(763) Metaspace: 20586K(21056K)->20586K(21056K) NonClass: 17999K(18240K)->17999K(18240K) Class: 2586K(2816K)->2586K(2816K)
[2025-06-03T15:59:43.168+0530][511.024s] GC(763) Pause Young (Normal) (G1 Evacuation Pause) 315M->10M(512M) 2.807ms
[2025-06-03T15:59:43.168+0530][511.024s] GC(763) User=0.01s Sys=0.00s Real=0.00s
[2025-06-03T15:59:57.965+0530][525.822s] GC(764) Pause Young (Normal) (G1 Evacuation Pause)
[2025-06-03T15:59:57.965+0530][525.822s] GC(764) Using 8 workers of 8 for evacuation
[2025-06-03T15:59:57.967+0530][525.824s] GC(764) Skipped phase 1 of Reference Processing: no references
[2025-06-03T15:59:57.967+0530][525.824s] GC(764) ReferenceProcessor::execute queues: 1, RefProcThreadModel::Single, marks_oops_alive: false
[2025-06-03T15:59:57.967+0530][525.824s] GC(764) Skipped phase 3 of Reference Processing: no references
[2025-06-03T15:59:57.967+0530][525.824s] GC(764) Skipped phase 4 of Reference Processing: no references
[2025-06-03T15:59:57.967+0530][525.824s] GC(764)   Pre Evacuate Collection Set: 0.2ms
[2025-06-03T15:59:57.967+0530][525.825s] GC(764)   Merge Heap Roots: 0.1ms
[2025-06-03T15:59:57.968+0530][525.825s] GC(764)   Evacuate Collection Set: 1.0ms
[2025-06-03T15:59:57.968+0530][525.825s] GC(764)   Post Evacuate Collection Set: 0.5ms
[2025-06-03T15:59:57.968+0530][525.825s] GC(764)   Other: 0.3ms
[2025-06-03T15:59:57.968+0530][525.825s] GC(764) Eden regions: 305->0(305)
[2025-06-03T15:59:57.968+0530][525.825s] GC(764) Survivor regions: 2->2(39)
[2025-06-03T15:59:57.968+0530][525.825s] GC(764) Old regions: 9->9
[2025-06-03T15:59:57.968+0530][525.825s] GC(764) Archive regions: 2->2
[2025-06-03T15:59:57.968+0530][525.825s] GC(764) Humongous regions: 0->0
[2025-06-03T15:59:57.968+0530][525.825s] GC(764) Metaspace: 20586K(21056K)->20586K(21056K) NonClass: 17999K(18240K)->17999K(18240K) Class: 2586K(2816K)->2586K(2816K)
[2025-06-03T15:59:57.968+0530][525.825s] GC(764) Pause Young (Normal) (G1 Evacuation Pause) 315M->10M(512M) 2.282ms
[2025-06-03T15:59:57.968+0530][525.825s] GC(764) User=0.01s Sys=0.00s Real=0.00s
[2025-06-03T16:00:11.030+0530][538.887s] GC(765) Pause Young (Normal) (G1 Evacuation Pause)
[2025-06-03T16:00:11.030+0530][538.887s] GC(765) Using 8 workers of 8 for evacuation
[2025-06-03T16:00:11.031+0530][538.888s] GC(765) Skipped phase 1 of Reference Processing: no references
[2025-06-03T16:00:11.031+0530][538.888s] GC(765) Skipped phase 2 of Reference Processing: no references
[2025-06-03T16:00:11.031+0530][538.888s] GC(765) Skipped phase 3 of Reference Processing: no references
[2025-06-03T16:00:11.031+0530][538.888s] GC(765) Skipped phase 4 of Reference Processing: no references
[2025-06-03T16:00:11.032+0530][538.889s] GC(765)   Pre Evacuate Collection Set: 0.2ms
[2025-06-03T16:00:11.032+0530][538.889s] GC(765)   Merge Heap Roots: 0.1ms
[2025-06-03T16:00:11.032+0530][538.889s] GC(765)   Evacuate Collection Set: 0.9ms
[2025-06-03T16:00:11.032+0530][538.889s] GC(765)   Post Evacuate Collection Set: 0.5ms
[2025-06-03T16:00:11.032+0530][538.889s] GC(765)   Other: 0.3ms
[2025-06-03T16:00:11.032+0530][538.889s] GC(765) Eden regions: 305->0(306)
[2025-06-03T16:00:11.032+0530][538.889s] GC(765) Survivor regions: 2->1(39)
[2025-06-03T16:00:11.032+0530][538.889s] GC(765) Old regions: 9->9
[2025-06-03T16:00:11.032+0530][538.889s] GC(765) Archive regions: 2->2
[2025-06-03T16:00:11.032+0530][538.889s] GC(765) Humongous regions: 0->0
[2025-06-03T16:00:11.032+0530][538.889s] GC(765) Metaspace: 20586K(21056K)->20586K(21056K) NonClass: 17999K(18240K)->17999K(18240K) Class: 2586K(2816K)->2586K(2816K)
[2025-06-03T16:00:11.032+0530][538.889s] GC(765) Pause Young (Normal) (G1 Evacuation Pause) 315M->10M(512M) 2.011ms
[2025-06-03T16:00:11.032+0530][538.889s] GC(765) User=0.00s Sys=0.00s Real=0.00s
[2025-06-03T16:00:11.993+0530][539.850s] Heap
[2025-06-03T16:00:11.993+0530][539.850s]  garbage-first heap   total 524288K, used 108399K [0x00000007e0000000, 0x0000000800000000)
[2025-06-03T16:00:11.993+0530][539.850s]   region size 1024K, 97 young (99328K), 1 survivors (1024K)
[2025-06-03T16:00:11.993+0530][539.850s]  Metaspace       used 20601K, committed 21056K, reserved 180224K
[2025-06-03T16:00:11.993+0530][539.850s]   class space    used 2592K, committed 2816K, reserved 114688K
