[0.009s][info][gc] Using G1
[2.862s][info][gc] GC(0) Pause Young (Normal) (G1 Evacuation Pause) 4M->1M(10M) 2.250ms
[5.120s][info][gc] GC(1) Pause Young (Normal) (G1 Evacuation Pause) 4M->1M(10M) 0.987ms
[7.590s][info][gc] GC(2) Pause Young (Normal) (G1 Evacuation Pause) 4M->2M(10M) 2.121ms
[9.618s][info][gc] GC(3) Pause Young (Normal) (G1 Evacuation Pause) 4M->2M(10M) 0.954ms
[12.605s][info][gc] GC(4) Pause Young (Normal) (G1 Evacuation Pause) 5M->2M(10M) 1.278ms
[15.524s][info][gc] GC(5) Pause Young (Normal) (G1 Evacuation Pause) 5M->2M(10M) 1.312ms
[18.439s][info][gc] GC(6) Pause Young (Normal) (G1 Evacuation Pause) 5M->2M(10M) 1.381ms
[21.307s][info][gc] GC(7) Pause Young (Normal) (G1 Evacuation Pause) 5M->2M(10M) 0.971ms
[25.152s][info][gc] GC(8) Pause Young (Normal) (G1 Evacuation Pause) 6M->2M(10M) 1.415ms
[29.023s][info][gc] GC(9) Pause Young (Normal) (G1 Evacuation Pause) 6M->2M(10M) 1.379ms
[32.844s][info][gc] GC(10) Pause Young (Normal) (G1 Evacuation Pause) 6M->2M(10M) 1.025ms
