[0.009s][info][gc] Using G1
[0.010s][info][gc,init] Version: 17.0.8+9-LTS-211 (release)
[0.010s][info][gc,init] CPUs: 8 total, 8 available
[0.010s][info][gc,init] Memory: 16384M
[0.010s][info][gc,init] Large Page Support: Disabled
[0.010s][info][gc,init] NUMA Support: Disabled
[0.010s][info][gc,init] Compressed Oops: Enabled (Zero based)
[0.010s][info][gc,init] Heap Region Size: 1M
[0.010s][info][gc,init] Heap Min Capacity: 10M
[0.010s][info][gc,init] Heap Initial Capacity: 10M
[0.010s][info][gc,init] Heap Max Capacity: 10M
[0.010s][info][gc,init] Pre-touch: Disabled
[0.010s][info][gc,init] Parallel Workers: 8
[0.010s][info][gc,init] Concurrent Workers: 2
[0.010s][info][gc,init] Concurrent Refinement Workers: 8
[0.010s][info][gc,init] Periodic GC: Disabled
[0.018s][info][gc,metaspace] CDS archive(s) mapped at: [0x0000000127000000-0x0000000127be4000-0x0000000127be4000), size 12468224, SharedBaseAddress: 0x0000000127000000, ArchiveRelocationMode: 1.
[0.018s][info][gc,metaspace] Compressed class space mapped at: 0x0000000128000000-0x0000000168000000, reserved size: 1073741824
[0.018s][info][gc,metaspace] Narrow klass base: 0x0000000127000000, Narrow klass shift: 0, Narrow klass range: 0x100000000
[2.810s][info][gc,start    ] GC(0) Pause Young (Normal) (G1 Evacuation Pause)
[2.811s][info][gc,task     ] GC(0) Using 8 workers of 8 for evacuation
[2.812s][info][gc,phases   ] GC(0)   Pre Evacuate Collection Set: 0.0ms
[2.812s][info][gc,phases   ] GC(0)   Merge Heap Roots: 0.1ms
[2.812s][info][gc,phases   ] GC(0)   Evacuate Collection Set: 0.8ms
[2.812s][info][gc,phases   ] GC(0)   Post Evacuate Collection Set: 0.2ms
[2.812s][info][gc,phases   ] GC(0)   Other: 0.5ms
[2.812s][info][gc,heap     ] GC(0) Eden regions: 4->0(3)
[2.812s][info][gc,heap     ] GC(0) Survivor regions: 0->1(1)
[2.812s][info][gc,heap     ] GC(0) Old regions: 0->0
[2.812s][info][gc,heap     ] GC(0) Archive regions: 2->2
[2.812s][info][gc,heap     ] GC(0) Humongous regions: 0->0
[2.812s][info][gc,metaspace] GC(0) Metaspace: 807K(1024K)->807K(1024K) NonClass: 731K(832K)->731K(832K) Class: 76K(192K)->76K(192K)
[2.812s][info][gc          ] GC(0) Pause Young (Normal) (G1 Evacuation Pause) 4M->1M(10M) 1.771ms
[2.812s][info][gc,cpu      ] GC(0) User=0.00s Sys=0.00s Real=0.00s
[4.491s][info][gc,heap,exit] Heap
[4.491s][info][gc,heap,exit]  garbage-first heap   total 10240K, used 3386K [0x00000007ff600000, 0x0000000800000000)
[4.491s][info][gc,heap,exit]   region size 1024K, 3 young (3072K), 1 survivors (1024K)
[4.491s][info][gc,heap,exit]  Metaspace       used 809K, committed 1024K, reserved 1114112K
[4.491s][info][gc,heap,exit]   class space    used 76K, committed 192K, reserved 1048576K
