[2025-06-02T23:19:29.435+0530][0.008s] Using G1
[2025-06-02T23:19:29.440+0530][0.012s] Version: 17.0.8+9-LTS-211 (release)
[2025-06-02T23:19:29.440+0530][0.012s] CPUs: 8 total, 8 available
[2025-06-02T23:19:29.440+0530][0.012s] Memory: 16384M
[2025-06-02T23:19:29.440+0530][0.012s] Large Page Support: Disabled
[2025-06-02T23:19:29.440+0530][0.012s] NUMA Support: Disabled
[2025-06-02T23:19:29.440+0530][0.012s] Compressed Oops: Enabled (Zero based)
[2025-06-02T23:19:29.440+0530][0.012s] Heap Region Size: 1M
[2025-06-02T23:19:29.440+0530][0.012s] Heap Min Capacity: 512M
[2025-06-02T23:19:29.440+0530][0.013s] Heap Initial Capacity: 512M
[2025-06-02T23:19:29.440+0530][0.013s] Heap Max Capacity: 2G
[2025-06-02T23:19:29.440+0530][0.013s] Pre-touch: Disabled
[2025-06-02T23:19:29.440+0530][0.013s] Parallel Workers: 8
[2025-06-02T23:19:29.440+0530][0.013s] Concurrent Workers: 2
[2025-06-02T23:19:29.440+0530][0.013s] Concurrent Refinement Workers: 8
[2025-06-02T23:19:29.440+0530][0.013s] Periodic GC: Disabled
[2025-06-02T23:19:29.480+0530][0.053s] CDS archive(s) mapped at: [0x0000000127000000-0x0000000127be4000-0x0000000127be4000), size 12468224, SharedBaseAddress: 0x0000000127000000, ArchiveRelocationMode: 1.
[2025-06-02T23:19:29.480+0530][0.053s] Compressed class space mapped at: 0x0000000128000000-0x000000012f000000, reserved size: 117440512
[2025-06-02T23:19:29.480+0530][0.053s] Narrow klass base: 0x0000000127000000, Narrow klass shift: 0, Narrow klass range: 0x100000000
[2025-06-02T23:19:30.035+0530][0.608s] GC(0) Pause Young (Normal) (G1 Evacuation Pause)
[2025-06-02T23:19:30.035+0530][0.608s] GC(0) Using 8 workers of 8 for evacuation
[2025-06-02T23:19:30.038+0530][0.611s] GC(0) Skipped phase 1 of Reference Processing: no references
[2025-06-02T23:19:30.038+0530][0.611s] GC(0) ReferenceProcessor::execute queues: 1, RefProcThreadModel::Single, marks_oops_alive: false
[2025-06-02T23:19:30.038+0530][0.611s] GC(0) Skipped phase 3 of Reference Processing: no references
[2025-06-02T23:19:30.038+0530][0.611s] GC(0) ReferenceProcessor::execute queues: 1, RefProcThreadModel::Single, marks_oops_alive: false
[2025-06-02T23:19:30.039+0530][0.612s] GC(0)   Pre Evacuate Collection Set: 0.1ms
[2025-06-02T23:19:30.039+0530][0.612s] GC(0)   Merge Heap Roots: 0.1ms
[2025-06-02T23:19:30.039+0530][0.612s] GC(0)   Evacuate Collection Set: 2.5ms
[2025-06-02T23:19:30.039+0530][0.612s] GC(0)   Post Evacuate Collection Set: 0.5ms
[2025-06-02T23:19:30.039+0530][0.612s] GC(0)   Other: 0.7ms
[2025-06-02T23:19:30.039+0530][0.612s] GC(0) Eden regions: 25->0(44)
[2025-06-02T23:19:30.039+0530][0.612s] GC(0) Survivor regions: 0->3(4)
[2025-06-02T23:19:30.039+0530][0.612s] GC(0) Old regions: 0->0
[2025-06-02T23:19:30.039+0530][0.612s] GC(0) Archive regions: 2->2
[2025-06-02T23:19:30.039+0530][0.612s] GC(0) Humongous regions: 0->0
[2025-06-02T23:19:30.039+0530][0.612s] GC(0) Metaspace: 5641K(5888K)->5641K(5888K) NonClass: 4956K(5056K)->4956K(5056K) Class: 684K(832K)->684K(832K)
[2025-06-02T23:19:30.039+0530][0.612s] GC(0) Pause Young (Normal) (G1 Evacuation Pause) 25M->3M(514M) 4.030ms
[2025-06-02T23:19:30.039+0530][0.612s] GC(0) User=0.02s Sys=0.00s Real=0.00s
[2025-06-02T23:19:30.746+0530][1.319s] GC(1) Pause Young (Normal) (G1 Evacuation Pause)
[2025-06-02T23:19:30.746+0530][1.319s] GC(1) Using 8 workers of 8 for evacuation
[2025-06-02T23:19:30.751+0530][1.324s] GC(1) Skipped phase 1 of Reference Processing: no references
[2025-06-02T23:19:30.751+0530][1.324s] GC(1) ReferenceProcessor::execute queues: 2, RefProcThreadModel::Multi, marks_oops_alive: false
[2025-06-02T23:19:30.751+0530][1.324s] GC(1) Skipped phase 3 of Reference Processing: no references
[2025-06-02T23:19:30.751+0530][1.324s] GC(1) ReferenceProcessor::execute queues: 2, RefProcThreadModel::Multi, marks_oops_alive: false
[2025-06-02T23:19:30.751+0530][1.324s] GC(1)   Pre Evacuate Collection Set: 0.1ms
[2025-06-02T23:19:30.751+0530][1.324s] GC(1)   Merge Heap Roots: 0.1ms
[2025-06-02T23:19:30.751+0530][1.324s] GC(1)   Evacuate Collection Set: 4.5ms
[2025-06-02T23:19:30.751+0530][1.324s] GC(1)   Post Evacuate Collection Set: 0.7ms
[2025-06-02T23:19:30.752+0530][1.324s] GC(1)   Other: 0.1ms
[2025-06-02T23:19:30.752+0530][1.324s] GC(1) Eden regions: 44->0(130)
[2025-06-02T23:19:30.752+0530][1.324s] GC(1) Survivor regions: 3->5(6)
[2025-06-02T23:19:30.752+0530][1.324s] GC(1) Old regions: 0->0
[2025-06-02T23:19:30.752+0530][1.324s] GC(1) Archive regions: 2->2
[2025-06-02T23:19:30.752+0530][1.324s] GC(1) Humongous regions: 0->0
[2025-06-02T23:19:30.752+0530][1.324s] GC(1) Metaspace: 12633K(12992K)->12633K(12992K) NonClass: 10956K(11136K)->10956K(11136K) Class: 1677K(1856K)->1677K(1856K)
[2025-06-02T23:19:30.752+0530][1.324s] GC(1) Pause Young (Normal) (G1 Evacuation Pause) 47M->5M(514M) 5.672ms
[2025-06-02T23:19:30.752+0530][1.324s] GC(1) User=0.04s Sys=0.00s Real=0.01s
[2025-06-02T23:19:56.119+0530][26.693s] GC(2) Pause Young (Normal) (G1 Evacuation Pause)
[2025-06-02T23:19:56.119+0530][26.693s] GC(2) Using 8 workers of 8 for evacuation
[2025-06-02T23:19:56.123+0530][26.697s] GC(2) Skipped phase 1 of Reference Processing: no references
[2025-06-02T23:19:56.123+0530][26.697s] GC(2) ReferenceProcessor::execute queues: 2, RefProcThreadModel::Multi, marks_oops_alive: false
[2025-06-02T23:19:56.124+0530][26.697s] GC(2) Skipped phase 3 of Reference Processing: no references
[2025-06-02T23:19:56.124+0530][26.697s] GC(2) ReferenceProcessor::execute queues: 1, RefProcThreadModel::Single, marks_oops_alive: false
[2025-06-02T23:19:56.124+0530][26.698s] GC(2)   Pre Evacuate Collection Set: 0.1ms
[2025-06-02T23:19:56.124+0530][26.698s] GC(2)   Merge Heap Roots: 0.1ms
[2025-06-02T23:19:56.124+0530][26.698s] GC(2)   Evacuate Collection Set: 4.2ms
[2025-06-02T23:19:56.124+0530][26.698s] GC(2)   Post Evacuate Collection Set: 0.9ms
[2025-06-02T23:19:56.124+0530][26.698s] GC(2)   Other: 0.2ms
[2025-06-02T23:19:56.124+0530][26.698s] GC(2) Eden regions: 130->0(301)
[2025-06-02T23:19:56.124+0530][26.698s] GC(2) Survivor regions: 5->6(17)
[2025-06-02T23:19:56.124+0530][26.698s] GC(2) Old regions: 0->0
[2025-06-02T23:19:56.124+0530][26.698s] GC(2) Archive regions: 2->2
[2025-06-02T23:19:56.124+0530][26.698s] GC(2) Humongous regions: 0->0
[2025-06-02T23:19:56.124+0530][26.698s] GC(2) Metaspace: 14367K(14720K)->14367K(14720K) NonClass: 12446K(12608K)->12446K(12608K) Class: 1920K(2112K)->1920K(2112K)
[2025-06-02T23:19:56.124+0530][26.698s] GC(2) Pause Young (Normal) (G1 Evacuation Pause) 135M->6M(514M) 5.629ms
[2025-06-02T23:19:56.125+0530][26.698s] GC(2) User=0.03s Sys=0.00s Real=0.01s
[2025-06-02T23:20:58.199+0530][88.775s] GC(3) Pause Young (Normal) (G1 Evacuation Pause)
[2025-06-02T23:20:58.199+0530][88.775s] GC(3) Using 8 workers of 8 for evacuation
[2025-06-02T23:20:58.206+0530][88.782s] GC(3) Skipped phase 1 of Reference Processing: no references
[2025-06-02T23:20:58.206+0530][88.782s] GC(3) ReferenceProcessor::execute queues: 2, RefProcThreadModel::Multi, marks_oops_alive: false
[2025-06-02T23:20:58.206+0530][88.782s] GC(3) Skipped phase 3 of Reference Processing: no references
[2025-06-02T23:20:58.206+0530][88.782s] GC(3) ReferenceProcessor::execute queues: 1, RefProcThreadModel::Single, marks_oops_alive: false
[2025-06-02T23:20:58.207+0530][88.783s] GC(3)   Pre Evacuate Collection Set: 0.1ms
[2025-06-02T23:20:58.207+0530][88.783s] GC(3)   Merge Heap Roots: 0.1ms
[2025-06-02T23:20:58.207+0530][88.783s] GC(3)   Evacuate Collection Set: 5.9ms
[2025-06-02T23:20:58.207+0530][88.783s] GC(3)   Post Evacuate Collection Set: 1.2ms
[2025-06-02T23:20:58.207+0530][88.783s] GC(3)   Other: 0.3ms
[2025-06-02T23:20:58.207+0530][88.783s] GC(3) Eden regions: 301->0(301)
[2025-06-02T23:20:58.207+0530][88.783s] GC(3) Survivor regions: 6->6(39)
[2025-06-02T23:20:58.207+0530][88.783s] GC(3) Old regions: 0->0
[2025-06-02T23:20:58.207+0530][88.783s] GC(3) Archive regions: 2->2
[2025-06-02T23:20:58.207+0530][88.783s] GC(3) Humongous regions: 0->0
[2025-06-02T23:20:58.207+0530][88.783s] GC(3) Metaspace: 14428K(14784K)->14428K(14784K) NonClass: 12507K(12672K)->12507K(12672K) Class: 1921K(2112K)->1921K(2112K)
[2025-06-02T23:20:58.207+0530][88.783s] GC(3) Pause Young (Normal) (G1 Evacuation Pause) 307M->6M(514M) 7.863ms
[2025-06-02T23:20:58.207+0530][88.783s] GC(3) User=0.03s Sys=0.01s Real=0.01s
[2025-06-02T23:21:15.073+0530][105.650s] GC(4) Pause Young (Concurrent Start) (Metadata GC Threshold)
[2025-06-02T23:21:15.073+0530][105.650s] GC(4) Using 8 workers of 8 for evacuation
[2025-06-02T23:21:15.081+0530][105.658s] GC(4) Skipped phase 1 of Reference Processing: no references
[2025-06-02T23:21:15.081+0530][105.658s] GC(4) ReferenceProcessor::execute queues: 2, RefProcThreadModel::Multi, marks_oops_alive: false
[2025-06-02T23:21:15.081+0530][105.658s] GC(4) Skipped phase 3 of Reference Processing: no references
[2025-06-02T23:21:15.081+0530][105.658s] GC(4) ReferenceProcessor::execute queues: 1, RefProcThreadModel::Single, marks_oops_alive: false
[2025-06-02T23:21:15.082+0530][105.659s] GC(4)   Pre Evacuate Collection Set: 0.2ms
[2025-06-02T23:21:15.082+0530][105.659s] GC(4)   Merge Heap Roots: 0.1ms
[2025-06-02T23:21:15.082+0530][105.659s] GC(4)   Evacuate Collection Set: 7.3ms
[2025-06-02T23:21:15.082+0530][105.659s] GC(4)   Post Evacuate Collection Set: 1.0ms
[2025-06-02T23:21:15.082+0530][105.659s] GC(4)   Other: 0.2ms
[2025-06-02T23:21:15.082+0530][105.659s] GC(4) Eden regions: 99->0(299)
[2025-06-02T23:21:15.082+0530][105.659s] GC(4) Survivor regions: 6->8(39)
[2025-06-02T23:21:15.082+0530][105.659s] GC(4) Old regions: 0->0
[2025-06-02T23:21:15.082+0530][105.659s] GC(4) Archive regions: 2->2
[2025-06-02T23:21:15.082+0530][105.659s] GC(4) Humongous regions: 0->0
[2025-06-02T23:21:15.082+0530][105.659s] GC(4) Metaspace: 17069K(21504K)->17069K(21504K) NonClass: 14577K(17600K)->14577K(17600K) Class: 2492K(3904K)->2492K(3904K)
[2025-06-02T23:21:15.082+0530][105.659s] GC(4) Pause Young (Concurrent Start) (Metadata GC Threshold) 104M->8M(514M) 8.831ms
[2025-06-02T23:21:15.082+0530][105.659s] GC(4) User=0.03s Sys=0.01s Real=0.01s
[2025-06-02T23:21:15.082+0530][105.659s] GC(5) Concurrent Mark Cycle
[2025-06-02T23:21:15.082+0530][105.659s] GC(5) Concurrent Clear Claimed Marks
[2025-06-02T23:21:15.082+0530][105.659s] GC(5) Concurrent Clear Claimed Marks 0.069ms
[2025-06-02T23:21:15.082+0530][105.659s] GC(5) Concurrent Scan Root Regions
[2025-06-02T23:21:15.085+0530][105.662s] GC(5) Concurrent Scan Root Regions 2.750ms
[2025-06-02T23:21:15.085+0530][105.662s] GC(5) Concurrent Mark
[2025-06-02T23:21:15.085+0530][105.662s] GC(5) Concurrent Mark From Roots
[2025-06-02T23:21:15.085+0530][105.662s] GC(5) Using 2 workers of 2 for marking
[2025-06-02T23:21:15.086+0530][105.663s] GC(5) Concurrent Mark From Roots 1.172ms
[2025-06-02T23:21:15.086+0530][105.663s] GC(5) Concurrent Preclean
[2025-06-02T23:21:15.086+0530][105.663s] GC(5) Preclean SoftReferences 0.008ms
[2025-06-02T23:21:15.086+0530][105.663s] GC(5) Preclean WeakReferences 0.004ms
[2025-06-02T23:21:15.086+0530][105.663s] GC(5) Preclean FinalReferences 0.004ms
[2025-06-02T23:21:15.086+0530][105.663s] GC(5) Preclean PhantomReferences 0.004ms
[2025-06-02T23:21:15.086+0530][105.663s] GC(5) Concurrent Preclean 0.069ms
[2025-06-02T23:21:15.086+0530][105.663s] GC(5) Pause Remark
[2025-06-02T23:21:15.086+0530][105.664s] GC(5) Skipped phase 1 of Reference Processing: no references
[2025-06-02T23:21:15.087+0530][105.664s] GC(5) Skipped phase 2 of Reference Processing: no references
[2025-06-02T23:21:15.087+0530][105.664s] GC(5) Skipped phase 3 of Reference Processing: no references
[2025-06-02T23:21:15.087+0530][105.664s] GC(5) Skipped phase 4 of Reference Processing: no references
[2025-06-02T23:21:15.088+0530][105.666s] GC(5) Pause Remark 8M->8M(512M) 2.132ms
[2025-06-02T23:21:15.089+0530][105.666s] GC(5) User=0.00s Sys=0.00s Real=0.00s
[2025-06-02T23:21:15.089+0530][105.666s] GC(5) Concurrent Mark 3.644ms
[2025-06-02T23:21:15.089+0530][105.666s] GC(5) Concurrent Rebuild Remembered Sets
[2025-06-02T23:21:15.089+0530][105.666s] GC(5) Concurrent Rebuild Remembered Sets 0.015ms
[2025-06-02T23:21:15.089+0530][105.666s] GC(5) Pause Cleanup
[2025-06-02T23:21:15.089+0530][105.666s] GC(5) Pause Cleanup 8M->8M(512M) 0.036ms
[2025-06-02T23:21:15.089+0530][105.666s] GC(5) User=0.00s Sys=0.00s Real=0.00s
[2025-06-02T23:21:15.089+0530][105.666s] GC(5) Concurrent Cleanup for Next Mark
[2025-06-02T23:21:15.092+0530][105.669s] GC(5) Concurrent Cleanup for Next Mark 2.793ms
[2025-06-02T23:21:15.092+0530][105.669s] GC(5) Concurrent Mark Cycle 9.680ms
[2025-06-02T23:21:15.535+0530][106.112s] GC(6) Pause Young (Concurrent Start) (Metadata GC Threshold)
[2025-06-02T23:21:15.536+0530][106.113s] GC(6) Using 8 workers of 8 for evacuation
[2025-06-02T23:21:15.549+0530][106.126s] GC(6) Skipped phase 1 of Reference Processing: no references
[2025-06-02T23:21:15.549+0530][106.126s] GC(6) ReferenceProcessor::execute queues: 2, RefProcThreadModel::Multi, marks_oops_alive: false
[2025-06-02T23:21:15.549+0530][106.126s] GC(6) Skipped phase 3 of Reference Processing: no references
[2025-06-02T23:21:15.549+0530][106.126s] GC(6) ReferenceProcessor::execute queues: 1, RefProcThreadModel::Single, marks_oops_alive: false
[2025-06-02T23:21:15.550+0530][106.127s] GC(6)   Pre Evacuate Collection Set: 0.5ms
[2025-06-02T23:21:15.550+0530][106.127s] GC(6)   Merge Heap Roots: 0.1ms
[2025-06-02T23:21:15.550+0530][106.127s] GC(6)   Evacuate Collection Set: 11.1ms
[2025-06-02T23:21:15.550+0530][106.127s] GC(6)   Post Evacuate Collection Set: 1.0ms
[2025-06-02T23:21:15.550+0530][106.127s] GC(6)   Other: 2.4ms
[2025-06-02T23:21:15.550+0530][106.127s] GC(6) Eden regions: 36->0(295)
[2025-06-02T23:21:15.550+0530][106.127s] GC(6) Survivor regions: 8->12(39)
[2025-06-02T23:21:15.550+0530][106.127s] GC(6) Old regions: 0->0
[2025-06-02T23:21:15.550+0530][106.127s] GC(6) Archive regions: 2->2
[2025-06-02T23:21:15.550+0530][106.127s] GC(6) Humongous regions: 0->0
[2025-06-02T23:21:15.550+0530][106.127s] GC(6) Metaspace: 19820K(36160K)->19820K(36160K) NonClass: 16068K(27392K)->16068K(27392K) Class: 3752K(8768K)->3752K(8768K)
[2025-06-02T23:21:15.550+0530][106.127s] GC(6) Pause Young (Concurrent Start) (Metadata GC Threshold) 43M->12M(512M) 15.126ms
[2025-06-02T23:21:15.550+0530][106.127s] GC(6) User=0.09s Sys=0.01s Real=0.02s
[2025-06-02T23:21:15.550+0530][106.127s] GC(7) Concurrent Mark Cycle
[2025-06-02T23:21:15.550+0530][106.127s] GC(7) Concurrent Clear Claimed Marks
[2025-06-02T23:21:15.550+0530][106.127s] GC(7) Concurrent Clear Claimed Marks 0.199ms
[2025-06-02T23:21:15.550+0530][106.127s] GC(7) Concurrent Scan Root Regions
[2025-06-02T23:21:15.557+0530][106.134s] GC(7) Concurrent Scan Root Regions 6.541ms
[2025-06-02T23:21:15.562+0530][106.139s] GC(7) Concurrent Mark
[2025-06-02T23:21:15.563+0530][106.140s] GC(7) Concurrent Mark From Roots
[2025-06-02T23:21:15.563+0530][106.140s] GC(7) Using 2 workers of 2 for marking
[2025-06-02T23:21:15.565+0530][106.142s] GC(7) Concurrent Mark From Roots 2.113ms
[2025-06-02T23:21:15.565+0530][106.142s] GC(7) Concurrent Preclean
[2025-06-02T23:21:15.565+0530][106.142s] GC(7) Preclean SoftReferences 0.008ms
[2025-06-02T23:21:15.565+0530][106.142s] GC(7) Preclean WeakReferences 0.005ms
[2025-06-02T23:21:15.565+0530][106.142s] GC(7) Preclean FinalReferences 0.005ms
[2025-06-02T23:21:15.565+0530][106.142s] GC(7) Preclean PhantomReferences 0.005ms
[2025-06-02T23:21:15.565+0530][106.142s] GC(7) Concurrent Preclean 0.124ms
[2025-06-02T23:21:15.565+0530][106.142s] GC(7) Pause Remark
[2025-06-02T23:21:15.565+0530][106.142s] GC(7) Skipped phase 1 of Reference Processing: no references
[2025-06-02T23:21:15.565+0530][106.142s] GC(7) Skipped phase 2 of Reference Processing: no references
[2025-06-02T23:21:15.565+0530][106.142s] GC(7) Skipped phase 3 of Reference Processing: no references
[2025-06-02T23:21:15.565+0530][106.142s] GC(7) Skipped phase 4 of Reference Processing: no references
[2025-06-02T23:21:15.567+0530][106.144s] GC(7) Pause Remark 13M->13M(512M) 1.713ms
[2025-06-02T23:21:15.567+0530][106.144s] GC(7) User=0.01s Sys=0.00s Real=0.00s
[2025-06-02T23:21:15.567+0530][106.144s] GC(7) Concurrent Mark 5.005ms
[2025-06-02T23:21:15.567+0530][106.144s] GC(7) Concurrent Rebuild Remembered Sets
[2025-06-02T23:21:15.567+0530][106.144s] GC(7) Concurrent Rebuild Remembered Sets 0.014ms
[2025-06-02T23:21:15.567+0530][106.144s] GC(7) Pause Cleanup
[2025-06-02T23:21:15.567+0530][106.144s] GC(7) Pause Cleanup 13M->13M(512M) 0.030ms
[2025-06-02T23:21:15.567+0530][106.144s] GC(7) User=0.00s Sys=0.00s Real=0.00s
[2025-06-02T23:21:15.567+0530][106.144s] GC(7) Concurrent Cleanup for Next Mark
[2025-06-02T23:21:15.570+0530][106.147s] GC(7) Concurrent Cleanup for Next Mark 3.130ms
[2025-06-02T23:21:15.573+0530][106.150s] GC(7) Concurrent Mark Cycle 22.885ms
[2025-06-02T23:21:16.117+0530][106.694s] GC(8) Pause Young (Concurrent Start) (Metadata GC Threshold)
[2025-06-02T23:21:16.117+0530][106.695s] GC(8) Using 8 workers of 8 for evacuation
[2025-06-02T23:21:16.146+0530][106.723s] GC(8) Skipped phase 1 of Reference Processing: no references
[2025-06-02T23:21:16.146+0530][106.723s] GC(8) ReferenceProcessor::execute queues: 2, RefProcThreadModel::Multi, marks_oops_alive: false
[2025-06-02T23:21:16.147+0530][106.724s] GC(8) Skipped phase 3 of Reference Processing: no references
[2025-06-02T23:21:16.147+0530][106.724s] GC(8) ReferenceProcessor::execute queues: 1, RefProcThreadModel::Single, marks_oops_alive: false
[2025-06-02T23:21:16.148+0530][106.725s] GC(8)   Pre Evacuate Collection Set: 0.8ms
[2025-06-02T23:21:16.148+0530][106.725s] GC(8)   Merge Heap Roots: 0.1ms
[2025-06-02T23:21:16.148+0530][106.725s] GC(8)   Evacuate Collection Set: 27.8ms
[2025-06-02T23:21:16.148+0530][106.725s] GC(8)   Post Evacuate Collection Set: 1.6ms
[2025-06-02T23:21:16.148+0530][106.725s] GC(8)   Other: 0.2ms
[2025-06-02T23:21:16.148+0530][106.725s] GC(8) Eden regions: 59->0(287)
[2025-06-02T23:21:16.148+0530][106.725s] GC(8) Survivor regions: 12->20(39)
[2025-06-02T23:21:16.148+0530][106.725s] GC(8) Old regions: 0->0
[2025-06-02T23:21:16.148+0530][106.725s] GC(8) Archive regions: 2->2
[2025-06-02T23:21:16.148+0530][106.725s] GC(8) Humongous regions: 0->0
[2025-06-02T23:21:16.148+0530][106.725s] GC(8) Metaspace: 24486K(61248K)->24486K(61248K) NonClass: 18580K(44096K)->18580K(44096K) Class: 5905K(17152K)->5905K(17152K)
[2025-06-02T23:21:16.148+0530][106.725s] GC(8) Pause Young (Concurrent Start) (Metadata GC Threshold) 70M->20M(512M) 30.664ms
[2025-06-02T23:21:16.148+0530][106.725s] GC(8) User=0.16s Sys=0.01s Real=0.03s
[2025-06-02T23:21:16.148+0530][106.725s] GC(9) Concurrent Mark Cycle
[2025-06-02T23:21:16.148+0530][106.725s] GC(9) Concurrent Clear Claimed Marks
[2025-06-02T23:21:16.149+0530][106.726s] GC(9) Concurrent Clear Claimed Marks 0.509ms
[2025-06-02T23:21:16.149+0530][106.726s] GC(9) Concurrent Scan Root Regions
[2025-06-02T23:21:16.158+0530][106.735s] GC(9) Concurrent Scan Root Regions 9.655ms
[2025-06-02T23:21:16.158+0530][106.735s] GC(9) Concurrent Mark
[2025-06-02T23:21:16.158+0530][106.735s] GC(9) Concurrent Mark From Roots
[2025-06-02T23:21:16.158+0530][106.735s] GC(9) Using 2 workers of 2 for marking
[2025-06-02T23:21:16.160+0530][106.737s] GC(9) Concurrent Mark From Roots 1.803ms
[2025-06-02T23:21:16.160+0530][106.737s] GC(9) Concurrent Preclean
[2025-06-02T23:21:16.160+0530][106.737s] GC(9) Preclean SoftReferences 0.007ms
[2025-06-02T23:21:16.160+0530][106.737s] GC(9) Preclean WeakReferences 0.006ms
[2025-06-02T23:21:16.160+0530][106.737s] GC(9) Preclean FinalReferences 0.005ms
[2025-06-02T23:21:16.160+0530][106.737s] GC(9) Preclean PhantomReferences 0.005ms
[2025-06-02T23:21:16.160+0530][106.737s] GC(9) Concurrent Preclean 0.124ms
[2025-06-02T23:21:16.160+0530][106.738s] GC(9) Pause Remark
[2025-06-02T23:21:16.161+0530][106.738s] GC(9) Skipped phase 1 of Reference Processing: no references
[2025-06-02T23:21:16.161+0530][106.738s] GC(9) Skipped phase 2 of Reference Processing: no references
[2025-06-02T23:21:16.161+0530][106.738s] GC(9) Skipped phase 3 of Reference Processing: no references
[2025-06-02T23:21:16.161+0530][106.738s] GC(9) Skipped phase 4 of Reference Processing: no references
[2025-06-02T23:21:16.163+0530][106.740s] GC(9) Pause Remark 21M->21M(512M) 2.823ms
[2025-06-02T23:21:16.163+0530][106.740s] GC(9) User=0.02s Sys=0.00s Real=0.00s
[2025-06-02T23:21:16.163+0530][106.740s] GC(9) Concurrent Mark 5.048ms
[2025-06-02T23:21:16.163+0530][106.741s] GC(9) Concurrent Rebuild Remembered Sets
[2025-06-02T23:21:16.163+0530][106.741s] GC(9) Concurrent Rebuild Remembered Sets 0.017ms
[2025-06-02T23:21:16.164+0530][106.741s] GC(9) Pause Cleanup
[2025-06-02T23:21:16.164+0530][106.741s] GC(9) Pause Cleanup 21M->21M(512M) 0.040ms
[2025-06-02T23:21:16.164+0530][106.741s] GC(9) User=0.00s Sys=0.00s Real=0.00s
[2025-06-02T23:21:16.164+0530][106.741s] GC(9) Concurrent Cleanup for Next Mark
[2025-06-02T23:21:16.164+0530][106.741s] GC(9) Concurrent Cleanup for Next Mark 0.685ms
[2025-06-02T23:21:16.164+0530][106.741s] GC(9) Concurrent Mark Cycle 16.331ms
[2025-06-02T23:21:17.138+0530][107.715s] GC(10) Pause Young (Concurrent Start) (Metadata GC Threshold)
[2025-06-02T23:21:17.138+0530][107.715s] GC(10) Using 8 workers of 8 for evacuation
[2025-06-02T23:21:17.198+0530][107.775s] GC(10) Skipped phase 1 of Reference Processing: no references
[2025-06-02T23:21:17.198+0530][107.775s] GC(10) ReferenceProcessor::execute queues: 2, RefProcThreadModel::Multi, marks_oops_alive: false
[2025-06-02T23:21:17.198+0530][107.775s] GC(10) Skipped phase 3 of Reference Processing: no references
[2025-06-02T23:21:17.198+0530][107.775s] GC(10) ReferenceProcessor::execute queues: 1, RefProcThreadModel::Single, marks_oops_alive: false
[2025-06-02T23:21:17.200+0530][107.777s] GC(10)   Pre Evacuate Collection Set: 1.8ms
[2025-06-02T23:21:17.200+0530][107.777s] GC(10)   Merge Heap Roots: 0.1ms
[2025-06-02T23:21:17.200+0530][107.777s] GC(10)   Evacuate Collection Set: 57.6ms
[2025-06-02T23:21:17.200+0530][107.777s] GC(10)   Post Evacuate Collection Set: 2.6ms
[2025-06-02T23:21:17.200+0530][107.777s] GC(10)   Other: 0.3ms
[2025-06-02T23:21:17.200+0530][107.777s] GC(10) Eden regions: 95->0(274)
[2025-06-02T23:21:17.200+0530][107.777s] GC(10) Survivor regions: 20->33(39)
[2025-06-02T23:21:17.200+0530][107.777s] GC(10) Old regions: 0->0
[2025-06-02T23:21:17.200+0530][107.777s] GC(10) Archive regions: 2->2
[2025-06-02T23:21:17.200+0530][107.777s] GC(10) Humongous regions: 0->0
[2025-06-02T23:21:17.200+0530][107.777s] GC(10) Metaspace: 32269K(103040K)->32269K(103040K) NonClass: 22773K(72000K)->22773K(72000K) Class: 9496K(31040K)->9496K(31040K)
[2025-06-02T23:21:17.200+0530][107.777s] GC(10) Pause Young (Concurrent Start) (Metadata GC Threshold) 114M->33M(512M) 62.482ms
[2025-06-02T23:21:17.200+0530][107.777s] GC(10) User=0.30s Sys=0.02s Real=0.07s
[2025-06-02T23:21:17.200+0530][107.777s] GC(11) Concurrent Mark Cycle
[2025-06-02T23:21:17.200+0530][107.778s] GC(11) Concurrent Clear Claimed Marks
[2025-06-02T23:21:17.202+0530][107.779s] GC(11) Concurrent Clear Claimed Marks 1.163ms
[2025-06-02T23:21:17.202+0530][107.779s] GC(11) Concurrent Scan Root Regions
[2025-06-02T23:21:17.219+0530][107.796s] GC(11) Concurrent Scan Root Regions 17.470ms
[2025-06-02T23:21:17.219+0530][107.796s] GC(11) Concurrent Mark
[2025-06-02T23:21:17.219+0530][107.796s] GC(11) Concurrent Mark From Roots
[2025-06-02T23:21:17.219+0530][107.796s] GC(11) Using 2 workers of 2 for marking
[2025-06-02T23:21:17.222+0530][107.799s] GC(11) Concurrent Mark From Roots 2.347ms
[2025-06-02T23:21:17.222+0530][107.799s] GC(11) Concurrent Preclean
[2025-06-02T23:21:17.222+0530][107.799s] GC(11) Preclean SoftReferences 0.006ms
[2025-06-02T23:21:17.222+0530][107.799s] GC(11) Preclean WeakReferences 0.004ms
[2025-06-02T23:21:17.222+0530][107.799s] GC(11) Preclean FinalReferences 0.004ms
[2025-06-02T23:21:17.222+0530][107.799s] GC(11) Preclean PhantomReferences 0.009ms
[2025-06-02T23:21:17.222+0530][107.799s] GC(11) Concurrent Preclean 0.131ms
[2025-06-02T23:21:17.222+0530][107.799s] GC(11) Pause Remark
[2025-06-02T23:21:17.222+0530][107.799s] GC(11) Skipped phase 1 of Reference Processing: no references
[2025-06-02T23:21:17.222+0530][107.799s] GC(11) Skipped phase 2 of Reference Processing: no references
[2025-06-02T23:21:17.222+0530][107.799s] GC(11) Skipped phase 3 of Reference Processing: no references
[2025-06-02T23:21:17.222+0530][107.799s] GC(11) Skipped phase 4 of Reference Processing: no references
[2025-06-02T23:21:17.225+0530][107.802s] GC(11) Pause Remark 35M->35M(512M) 3.183ms
[2025-06-02T23:21:17.225+0530][107.802s] GC(11) User=0.02s Sys=0.00s Real=0.00s
[2025-06-02T23:21:17.225+0530][107.802s] GC(11) Concurrent Mark 6.037ms
[2025-06-02T23:21:17.225+0530][107.802s] GC(11) Concurrent Rebuild Remembered Sets
[2025-06-02T23:21:17.225+0530][107.802s] GC(11) Concurrent Rebuild Remembered Sets 0.019ms
[2025-06-02T23:21:17.225+0530][107.802s] GC(11) Pause Cleanup
[2025-06-02T23:21:17.225+0530][107.803s] GC(11) Pause Cleanup 35M->35M(512M) 0.033ms
[2025-06-02T23:21:17.225+0530][107.803s] GC(11) User=0.00s Sys=0.00s Real=0.00s
[2025-06-02T23:21:17.225+0530][107.803s] GC(11) Concurrent Cleanup for Next Mark
[2025-06-02T23:21:17.226+0530][107.803s] GC(11) Concurrent Cleanup for Next Mark 0.699ms
[2025-06-02T23:21:17.226+0530][107.803s] GC(11) Concurrent Mark Cycle 25.891ms
[2025-06-02T23:21:17.735+0530][108.312s] GC(12) Pause Young (Concurrent Start) (Metadata GC Threshold)
[2025-06-02T23:21:17.735+0530][108.312s] GC(12) Using 8 workers of 8 for evacuation
[2025-06-02T23:21:17.792+0530][108.370s] GC(12) Skipped phase 1 of Reference Processing: no references
[2025-06-02T23:21:17.792+0530][108.370s] GC(12) ReferenceProcessor::execute queues: 1, RefProcThreadModel::Single, marks_oops_alive: false
[2025-06-02T23:21:17.793+0530][108.370s] GC(12) Skipped phase 3 of Reference Processing: no references
[2025-06-02T23:21:17.793+0530][108.370s] GC(12) Skipped phase 4 of Reference Processing: no references
[2025-06-02T23:21:17.794+0530][108.371s] GC(12)   Pre Evacuate Collection Set: 2.1ms
[2025-06-02T23:21:17.794+0530][108.371s] GC(12)   Merge Heap Roots: 0.1ms
[2025-06-02T23:21:17.794+0530][108.371s] GC(12)   Evacuate Collection Set: 55.2ms
[2025-06-02T23:21:17.794+0530][108.371s] GC(12)   Post Evacuate Collection Set: 2.0ms
[2025-06-02T23:21:17.794+0530][108.371s] GC(12)   Other: 0.2ms
[2025-06-02T23:21:17.794+0530][108.371s] GC(12) Eden regions: 63->0(283)
[2025-06-02T23:21:17.794+0530][108.371s] GC(12) Survivor regions: 33->24(39)
[2025-06-02T23:21:17.794+0530][108.371s] GC(12) Old regions: 0->19
[2025-06-02T23:21:17.794+0530][108.371s] GC(12) Archive regions: 2->2
[2025-06-02T23:21:17.794+0530][108.371s] GC(12) Humongous regions: 0->0
[2025-06-02T23:21:17.794+0530][108.371s] GC(12) Metaspace: 37489K(131072K)->37489K(131072K) NonClass: 25584K(90688K)->25584K(90688K) Class: 11905K(40384K)->11905K(40384K)
[2025-06-02T23:21:17.794+0530][108.372s] GC(12) Pause Young (Concurrent Start) (Metadata GC Threshold) 96M->43M(512M) 59.615ms
[2025-06-02T23:21:17.794+0530][108.372s] GC(12) User=0.28s Sys=0.03s Real=0.06s
[2025-06-02T23:21:17.794+0530][108.372s] GC(14) Concurrent Mark Cycle
[2025-06-02T23:21:17.794+0530][108.372s] GC(13) Using 8 workers of 8 for full compaction
[2025-06-02T23:21:17.794+0530][108.372s] GC(14) Concurrent Clear Claimed Marks
[2025-06-02T23:21:17.795+0530][108.372s] GC(13) Pause Full (Metadata GC Threshold)
[2025-06-02T23:21:17.796+0530][108.373s] GC(14) Concurrent Clear Claimed Marks 1.857ms
[2025-06-02T23:21:17.796+0530][108.373s] GC(14) Concurrent Scan Root Regions
[2025-06-02T23:21:17.796+0530][108.374s] GC(14) Concurrent Scan Root Regions 0.040ms
[2025-06-02T23:21:17.796+0530][108.374s] GC(14) Concurrent Mark
[2025-06-02T23:21:17.796+0530][108.374s] GC(14) Concurrent Mark From Roots
[2025-06-02T23:21:17.796+0530][108.374s] GC(14) Using 2 workers of 2 for marking
[2025-06-02T23:21:17.798+0530][108.375s] GC(13) Phase 1: Mark live objects
[2025-06-02T23:21:17.804+0530][108.381s] GC(13) Skipped phase 1 of Reference Processing: no references
[2025-06-02T23:21:17.804+0530][108.381s] GC(13) ReferenceProcessor::execute queues: 2, RefProcThreadModel::Multi, marks_oops_alive: false
[2025-06-02T23:21:17.804+0530][108.381s] GC(13) Skipped phase 3 of Reference Processing: no references
[2025-06-02T23:21:17.804+0530][108.381s] GC(13) ReferenceProcessor::execute queues: 1, RefProcThreadModel::Single, marks_oops_alive: false
[2025-06-02T23:21:17.885+0530][108.462s] GC(13) Phase 1: Mark live objects 87.129ms
[2025-06-02T23:21:17.885+0530][108.462s] GC(13) Phase 2: Prepare for compaction
[2025-06-02T23:21:17.886+0530][108.463s] GC(13) Phase 2: Prepare for compaction 1.144ms
[2025-06-02T23:21:17.886+0530][108.463s] GC(13) Phase 3: Adjust pointers
[2025-06-02T23:21:17.890+0530][108.467s] GC(13) Phase 3: Adjust pointers 3.700ms
[2025-06-02T23:21:17.890+0530][108.467s] GC(13) Phase 4: Compact heap
[2025-06-02T23:21:17.891+0530][108.468s] GC(13) Phase 4: Compact heap 0.811ms
[2025-06-02T23:21:17.997+0530][108.574s] GC(13) Eden regions: 0->0(307)
[2025-06-02T23:21:17.997+0530][108.574s] GC(13) Survivor regions: 24->0(39)
[2025-06-02T23:21:17.997+0530][108.574s] GC(13) Old regions: 19->10
[2025-06-02T23:21:17.997+0530][108.574s] GC(13) Archive regions: 2->2
[2025-06-02T23:21:17.997+0530][108.574s] GC(13) Humongous regions: 0->0
[2025-06-02T23:21:17.997+0530][108.574s] GC(13) Metaspace: 37489K(131072K)->16155K(17664K) NonClass: 25584K(90688K)->14096K(15424K) Class: 11905K(40384K)->2058K(2240K)
[2025-06-02T23:21:17.997+0530][108.574s] GC(13) Pause Full (Metadata GC Threshold) 43M->6M(512M) 202.631ms
[2025-06-02T23:21:17.998+0530][108.575s] GC(13) User=0.21s Sys=0.03s Real=0.20s
[2025-06-02T23:21:17.998+0530][108.575s] GC(14) Concurrent Mark From Roots 201.677ms
[2025-06-02T23:21:17.998+0530][108.575s] GC(14) Concurrent Mark Abort
[2025-06-02T23:21:17.998+0530][108.575s] GC(14) Concurrent Mark Cycle 203.745ms
[2025-06-02T23:21:19.665+0530][110.243s] GC(15) Pause Young (Concurrent Start) (Metadata GC Threshold)
[2025-06-02T23:21:19.665+0530][110.243s] GC(15) Using 8 workers of 8 for evacuation
[2025-06-02T23:21:19.717+0530][110.294s] GC(15) Skipped phase 1 of Reference Processing: no references
[2025-06-02T23:21:19.717+0530][110.294s] GC(15) ReferenceProcessor::execute queues: 1, RefProcThreadModel::Single, marks_oops_alive: false
[2025-06-02T23:21:19.717+0530][110.294s] GC(15) Skipped phase 3 of Reference Processing: no references
[2025-06-02T23:21:19.717+0530][110.294s] GC(15) Skipped phase 4 of Reference Processing: no references
[2025-06-02T23:21:19.718+0530][110.296s] GC(15)   Pre Evacuate Collection Set: 1.8ms
[2025-06-02T23:21:19.718+0530][110.296s] GC(15)   Merge Heap Roots: 0.1ms
[2025-06-02T23:21:19.718+0530][110.296s] GC(15)   Evacuate Collection Set: 49.2ms
[2025-06-02T23:21:19.718+0530][110.296s] GC(15)   Post Evacuate Collection Set: 1.8ms
[2025-06-02T23:21:19.718+0530][110.296s] GC(15)   Other: 0.2ms
[2025-06-02T23:21:19.718+0530][110.296s] GC(15) Eden regions: 257->0(270)
[2025-06-02T23:21:19.718+0530][110.296s] GC(15) Survivor regions: 0->37(39)
[2025-06-02T23:21:19.719+0530][110.296s] GC(15) Old regions: 10->10
[2025-06-02T23:21:19.719+0530][110.296s] GC(15) Archive regions: 2->2
[2025-06-02T23:21:19.719+0530][110.296s] GC(15) Humongous regions: 0->0
[2025-06-02T23:21:19.719+0530][110.296s] GC(15) Metaspace: 37532K(131072K)->37532K(131072K) NonClass: 25627K(90688K)->25627K(90688K) Class: 11905K(40384K)->11905K(40384K)
[2025-06-02T23:21:19.719+0530][110.296s] GC(15) Pause Young (Concurrent Start) (Metadata GC Threshold) 262M->42M(512M) 53.202ms
[2025-06-02T23:21:19.719+0530][110.296s] GC(15) User=0.24s Sys=0.03s Real=0.05s
[2025-06-02T23:21:19.719+0530][110.296s] GC(16) Using 8 workers of 8 for full compaction
[2025-06-02T23:21:19.719+0530][110.296s] GC(17) Concurrent Mark Cycle
[2025-06-02T23:21:19.719+0530][110.296s] GC(17) Concurrent Clear Claimed Marks
[2025-06-02T23:21:19.719+0530][110.296s] GC(16) Pause Full (Metadata GC Threshold)
[2025-06-02T23:21:19.721+0530][110.298s] GC(17) Concurrent Clear Claimed Marks 2.052ms
[2025-06-02T23:21:19.721+0530][110.298s] GC(17) Concurrent Scan Root Regions
[2025-06-02T23:21:19.721+0530][110.298s] GC(17) Concurrent Scan Root Regions 0.078ms
[2025-06-02T23:21:19.721+0530][110.298s] GC(17) Concurrent Mark
[2025-06-02T23:21:19.721+0530][110.298s] GC(17) Concurrent Mark From Roots
[2025-06-02T23:21:19.721+0530][110.298s] GC(17) Using 2 workers of 2 for marking
[2025-06-02T23:21:19.721+0530][110.299s] GC(16) Phase 1: Mark live objects
[2025-06-02T23:21:19.728+0530][110.306s] GC(16) Skipped phase 1 of Reference Processing: no references
[2025-06-02T23:21:19.729+0530][110.306s] GC(16) ReferenceProcessor::execute queues: 2, RefProcThreadModel::Multi, marks_oops_alive: false
[2025-06-02T23:21:19.729+0530][110.306s] GC(16) Skipped phase 3 of Reference Processing: no references
[2025-06-02T23:21:19.729+0530][110.306s] GC(16) ReferenceProcessor::execute queues: 1, RefProcThreadModel::Single, marks_oops_alive: false
[2025-06-02T23:21:19.818+0530][110.395s] GC(16) Phase 1: Mark live objects 96.351ms
[2025-06-02T23:21:19.818+0530][110.395s] GC(16) Phase 2: Prepare for compaction
[2025-06-02T23:21:19.819+0530][110.396s] GC(16) Phase 2: Prepare for compaction 1.277ms
[2025-06-02T23:21:19.819+0530][110.396s] GC(16) Phase 3: Adjust pointers
[2025-06-02T23:21:19.823+0530][110.400s] GC(16) Phase 3: Adjust pointers 3.660ms
[2025-06-02T23:21:19.823+0530][110.400s] GC(16) Phase 4: Compact heap
[2025-06-02T23:21:19.823+0530][110.400s] GC(16) Phase 4: Compact heap 0.257ms
[2025-06-02T23:21:19.949+0530][110.526s] GC(16) Eden regions: 0->0(307)
[2025-06-02T23:21:19.949+0530][110.526s] GC(16) Survivor regions: 37->0(39)
[2025-06-02T23:21:19.949+0530][110.526s] GC(16) Old regions: 10->7
[2025-06-02T23:21:19.949+0530][110.526s] GC(16) Archive regions: 2->2
[2025-06-02T23:21:19.949+0530][110.527s] GC(16) Humongous regions: 0->0
[2025-06-02T23:21:19.949+0530][110.527s] GC(16) Metaspace: 37532K(131072K)->16156K(17664K) NonClass: 25627K(90688K)->14097K(15424K) Class: 11905K(40384K)->2058K(2240K)
[2025-06-02T23:21:19.949+0530][110.527s] GC(16) Pause Full (Metadata GC Threshold) 42M->6M(512M) 230.598ms
[2025-06-02T23:21:19.950+0530][110.527s] GC(16) User=0.24s Sys=0.03s Real=0.24s
[2025-06-02T23:21:19.950+0530][110.527s] GC(17) Concurrent Mark From Roots 228.968ms
[2025-06-02T23:21:19.950+0530][110.527s] GC(17) Concurrent Mark Abort
[2025-06-02T23:21:19.950+0530][110.527s] GC(17) Concurrent Mark Cycle 231.258ms
[2025-06-02T23:21:21.415+0530][111.992s] GC(18) Pause Young (Concurrent Start) (Metadata GC Threshold)
[2025-06-02T23:21:21.415+0530][111.992s] GC(18) Using 8 workers of 8 for evacuation
[2025-06-02T23:21:21.457+0530][112.034s] GC(18) Skipped phase 1 of Reference Processing: no references
[2025-06-02T23:21:21.457+0530][112.035s] GC(18) ReferenceProcessor::execute queues: 1, RefProcThreadModel::Single, marks_oops_alive: false
[2025-06-02T23:21:21.457+0530][112.035s] GC(18) Skipped phase 3 of Reference Processing: no references
[2025-06-02T23:21:21.457+0530][112.035s] GC(18) Skipped phase 4 of Reference Processing: no references
[2025-06-02T23:21:21.459+0530][112.036s] GC(18)   Pre Evacuate Collection Set: 1.8ms
[2025-06-02T23:21:21.459+0530][112.036s] GC(18)   Merge Heap Roots: 0.1ms
[2025-06-02T23:21:21.459+0530][112.036s] GC(18)   Evacuate Collection Set: 40.2ms
[2025-06-02T23:21:21.459+0530][112.036s] GC(18)   Post Evacuate Collection Set: 1.5ms
[2025-06-02T23:21:21.459+0530][112.036s] GC(18)   Other: 0.2ms
[2025-06-02T23:21:21.459+0530][112.036s] GC(18) Eden regions: 241->0(272)
[2025-06-02T23:21:21.459+0530][112.036s] GC(18) Survivor regions: 0->35(39)
[2025-06-02T23:21:21.459+0530][112.036s] GC(18) Old regions: 7->7
[2025-06-02T23:21:21.459+0530][112.036s] GC(18) Archive regions: 2->2
[2025-06-02T23:21:21.459+0530][112.036s] GC(18) Humongous regions: 0->0
[2025-06-02T23:21:21.459+0530][112.036s] GC(18) Metaspace: 36301K(123904K)->36301K(123904K) NonClass: 25009K(85888K)->25009K(85888K) Class: 11291K(38016K)->11291K(38016K)
[2025-06-02T23:21:21.459+0530][112.036s] GC(18) Pause Young (Concurrent Start) (Metadata GC Threshold) 247M->40M(512M) 43.944ms
[2025-06-02T23:21:21.459+0530][112.036s] GC(18) User=0.28s Sys=0.00s Real=0.04s
[2025-06-02T23:21:21.459+0530][112.036s] GC(19) Concurrent Mark Cycle
[2025-06-02T23:21:21.459+0530][112.036s] GC(19) Concurrent Clear Claimed Marks
[2025-06-02T23:21:21.461+0530][112.038s] GC(19) Concurrent Clear Claimed Marks 1.648ms
[2025-06-02T23:21:21.461+0530][112.038s] GC(19) Concurrent Scan Root Regions
[2025-06-02T23:21:21.477+0530][112.054s] GC(19) Concurrent Scan Root Regions 16.045ms
[2025-06-02T23:21:21.477+0530][112.054s] GC(19) Concurrent Mark
[2025-06-02T23:21:21.477+0530][112.054s] GC(19) Concurrent Mark From Roots
[2025-06-02T23:21:21.477+0530][112.054s] GC(19) Using 2 workers of 2 for marking
[2025-06-02T23:21:21.487+0530][112.065s] GC(19) Concurrent Mark From Roots 10.706ms
[2025-06-02T23:21:21.488+0530][112.065s] GC(19) Concurrent Preclean
[2025-06-02T23:21:21.488+0530][112.065s] GC(19) Preclean SoftReferences 0.006ms
[2025-06-02T23:21:21.488+0530][112.065s] GC(19) Preclean WeakReferences 0.014ms
[2025-06-02T23:21:21.488+0530][112.065s] GC(19) Preclean FinalReferences 0.004ms
[2025-06-02T23:21:21.488+0530][112.065s] GC(19) Preclean PhantomReferences 0.015ms
[2025-06-02T23:21:21.488+0530][112.065s] GC(19) Concurrent Preclean 0.096ms
[2025-06-02T23:21:21.488+0530][112.065s] GC(19) Pause Remark
[2025-06-02T23:21:21.488+0530][112.065s] GC(19) Skipped phase 1 of Reference Processing: no references
[2025-06-02T23:21:21.488+0530][112.065s] GC(19) Skipped phase 2 of Reference Processing: no references
[2025-06-02T23:21:21.488+0530][112.065s] GC(19) Skipped phase 3 of Reference Processing: no references
[2025-06-02T23:21:21.488+0530][112.065s] GC(19) Skipped phase 4 of Reference Processing: no references
[2025-06-02T23:21:21.491+0530][112.069s] GC(19) Pause Remark 44M->44M(512M) 3.508ms
[2025-06-02T23:21:21.491+0530][112.069s] GC(19) User=0.01s Sys=0.00s Real=0.01s
[2025-06-02T23:21:21.491+0530][112.069s] GC(19) Concurrent Mark 14.663ms
[2025-06-02T23:21:21.491+0530][112.069s] GC(19) Concurrent Rebuild Remembered Sets
[2025-06-02T23:21:21.495+0530][112.072s] GC(19) Concurrent Rebuild Remembered Sets 3.191ms
[2025-06-02T23:21:21.495+0530][112.072s] GC(19) Pause Cleanup
[2025-06-02T23:21:21.495+0530][112.072s] GC(19) Pause Cleanup 44M->44M(512M) 0.148ms
[2025-06-02T23:21:21.495+0530][112.072s] GC(19) User=0.00s Sys=0.01s Real=0.00s
[2025-06-02T23:21:21.495+0530][112.072s] GC(19) Concurrent Cleanup for Next Mark
[2025-06-02T23:21:21.495+0530][112.073s] GC(19) Concurrent Cleanup for Next Mark 0.512ms
[2025-06-02T23:21:21.495+0530][112.073s] GC(19) Concurrent Mark Cycle 36.558ms
[2025-06-02T23:21:21.563+0530][112.141s] GC(20) Pause Young (Concurrent Start) (Metadata GC Threshold)
[2025-06-02T23:21:21.563+0530][112.141s] GC(20) Using 8 workers of 8 for evacuation
[2025-06-02T23:21:21.608+0530][112.185s] GC(20) Skipped phase 1 of Reference Processing: no references
[2025-06-02T23:21:21.608+0530][112.185s] GC(20) ReferenceProcessor::execute queues: 1, RefProcThreadModel::Single, marks_oops_alive: false
[2025-06-02T23:21:21.608+0530][112.185s] GC(20) Skipped phase 3 of Reference Processing: no references
[2025-06-02T23:21:21.608+0530][112.185s] GC(20) Skipped phase 4 of Reference Processing: no references
[2025-06-02T23:21:21.609+0530][112.187s] GC(20)   Pre Evacuate Collection Set: 1.8ms
[2025-06-02T23:21:21.609+0530][112.187s] GC(20)   Merge Heap Roots: 0.1ms
[2025-06-02T23:21:21.609+0530][112.187s] GC(20)   Evacuate Collection Set: 42.6ms
[2025-06-02T23:21:21.609+0530][112.187s] GC(20)   Post Evacuate Collection Set: 1.4ms
[2025-06-02T23:21:21.609+0530][112.187s] GC(20)   Other: 0.2ms
[2025-06-02T23:21:21.609+0530][112.187s] GC(20) Eden regions: 16->0(303)
[2025-06-02T23:21:21.609+0530][112.187s] GC(20) Survivor regions: 35->4(39)
[2025-06-02T23:21:21.610+0530][112.187s] GC(20) Old regions: 7->40
[2025-06-02T23:21:21.610+0530][112.187s] GC(20) Archive regions: 2->2
[2025-06-02T23:21:21.610+0530][112.187s] GC(20) Humongous regions: 0->0
[2025-06-02T23:21:21.610+0530][112.187s] GC(20) Metaspace: 37639K(131072K)->37639K(131072K) NonClass: 25734K(90688K)->25734K(90688K) Class: 11905K(40384K)->11905K(40384K)
[2025-06-02T23:21:21.610+0530][112.187s] GC(20) Pause Young (Concurrent Start) (Metadata GC Threshold) 56M->42M(512M) 46.267ms
[2025-06-02T23:21:21.610+0530][112.187s] GC(20) User=0.31s Sys=0.02s Real=0.05s
[2025-06-02T23:21:21.610+0530][112.187s] GC(21) Using 8 workers of 8 for full compaction
[2025-06-02T23:21:21.610+0530][112.187s] GC(22) Concurrent Mark Cycle
[2025-06-02T23:21:21.610+0530][112.187s] GC(22) Concurrent Clear Claimed Marks
[2025-06-02T23:21:21.610+0530][112.187s] GC(21) Pause Full (Metadata GC Threshold)
[2025-06-02T23:21:21.612+0530][112.189s] GC(22) Concurrent Clear Claimed Marks 2.104ms
[2025-06-02T23:21:21.612+0530][112.189s] GC(22) Concurrent Scan Root Regions
[2025-06-02T23:21:21.612+0530][112.189s] GC(22) Concurrent Scan Root Regions 0.049ms
[2025-06-02T23:21:21.612+0530][112.189s] GC(22) Concurrent Mark
[2025-06-02T23:21:21.612+0530][112.189s] GC(22) Concurrent Mark From Roots
[2025-06-02T23:21:21.612+0530][112.189s] GC(22) Using 2 workers of 2 for marking
[2025-06-02T23:21:21.613+0530][112.190s] GC(21) Phase 1: Mark live objects
[2025-06-02T23:21:21.619+0530][112.196s] GC(21) Skipped phase 1 of Reference Processing: no references
[2025-06-02T23:21:21.619+0530][112.196s] GC(21) ReferenceProcessor::execute queues: 2, RefProcThreadModel::Multi, marks_oops_alive: false
[2025-06-02T23:21:21.619+0530][112.196s] GC(21) Skipped phase 3 of Reference Processing: no references
[2025-06-02T23:21:21.619+0530][112.196s] GC(21) ReferenceProcessor::execute queues: 1, RefProcThreadModel::Single, marks_oops_alive: false
[2025-06-02T23:21:21.688+0530][112.265s] GC(21) Phase 1: Mark live objects 75.464ms
[2025-06-02T23:21:21.688+0530][112.266s] GC(21) Phase 2: Prepare for compaction
[2025-06-02T23:21:21.689+0530][112.267s] GC(21) Phase 2: Prepare for compaction 1.041ms
[2025-06-02T23:21:21.689+0530][112.267s] GC(21) Phase 3: Adjust pointers
[2025-06-02T23:21:21.693+0530][112.270s] GC(21) Phase 3: Adjust pointers 3.664ms
[2025-06-02T23:21:21.693+0530][112.270s] GC(21) Phase 4: Compact heap
[2025-06-02T23:21:21.693+0530][112.271s] GC(21) Phase 4: Compact heap 0.272ms
[2025-06-02T23:21:21.813+0530][112.390s] GC(21) Eden regions: 0->0(307)
[2025-06-02T23:21:21.813+0530][112.390s] GC(21) Survivor regions: 4->0(39)
[2025-06-02T23:21:21.813+0530][112.390s] GC(21) Old regions: 40->9
[2025-06-02T23:21:21.813+0530][112.390s] GC(21) Archive regions: 2->2
[2025-06-02T23:21:21.813+0530][112.390s] GC(21) Humongous regions: 0->0
[2025-06-02T23:21:21.813+0530][112.390s] GC(21) Metaspace: 37639K(131072K)->16156K(17664K) NonClass: 25734K(90688K)->14097K(15424K) Class: 11905K(40384K)->2058K(2240K)
[2025-06-02T23:21:21.813+0530][112.390s] GC(21) Pause Full (Metadata GC Threshold) 42M->6M(512M) 203.233ms
[2025-06-02T23:21:21.813+0530][112.391s] GC(21) User=0.23s Sys=0.02s Real=0.20s
[2025-06-02T23:21:21.814+0530][112.391s] GC(22) Concurrent Mark From Roots 201.619ms
[2025-06-02T23:21:21.814+0530][112.391s] GC(22) Concurrent Mark Abort
[2025-06-02T23:21:21.814+0530][112.391s] GC(22) Concurrent Mark Cycle 203.905ms
[2025-06-02T23:21:23.101+0530][113.678s] GC(23) Pause Young (Concurrent Start) (Metadata GC Threshold)
[2025-06-02T23:21:23.101+0530][113.678s] GC(23) Using 8 workers of 8 for evacuation
[2025-06-02T23:21:23.150+0530][113.727s] GC(23) Skipped phase 1 of Reference Processing: no references
[2025-06-02T23:21:23.150+0530][113.727s] GC(23) ReferenceProcessor::execute queues: 1, RefProcThreadModel::Single, marks_oops_alive: false
[2025-06-02T23:21:23.150+0530][113.727s] GC(23) Skipped phase 3 of Reference Processing: no references
[2025-06-02T23:21:23.150+0530][113.727s] GC(23) Skipped phase 4 of Reference Processing: no references
[2025-06-02T23:21:23.152+0530][113.729s] GC(23)   Pre Evacuate Collection Set: 2.0ms
[2025-06-02T23:21:23.152+0530][113.729s] GC(23)   Merge Heap Roots: 0.1ms
[2025-06-02T23:21:23.152+0530][113.729s] GC(23)   Evacuate Collection Set: 47.2ms
[2025-06-02T23:21:23.152+0530][113.729s] GC(23)   Post Evacuate Collection Set: 1.8ms
[2025-06-02T23:21:23.152+0530][113.729s] GC(23)   Other: 0.2ms
[2025-06-02T23:21:23.152+0530][113.729s] GC(23) Eden regions: 257->0(271)
[2025-06-02T23:21:23.152+0530][113.729s] GC(23) Survivor regions: 0->36(39)
[2025-06-02T23:21:23.152+0530][113.729s] GC(23) Old regions: 9->9
[2025-06-02T23:21:23.152+0530][113.729s] GC(23) Archive regions: 2->2
[2025-06-02T23:21:23.152+0530][113.729s] GC(23) Humongous regions: 0->0
[2025-06-02T23:21:23.152+0530][113.729s] GC(23) Metaspace: 37642K(131072K)->37642K(131072K) NonClass: 25736K(90688K)->25736K(90688K) Class: 11905K(40384K)->11905K(40384K)
[2025-06-02T23:21:23.152+0530][113.729s] GC(23) Pause Young (Concurrent Start) (Metadata GC Threshold) 263M->41M(512M) 51.322ms
[2025-06-02T23:21:23.152+0530][113.729s] GC(23) User=0.25s Sys=0.02s Real=0.05s
[2025-06-02T23:21:23.152+0530][113.729s] GC(24) Using 8 workers of 8 for full compaction
[2025-06-02T23:21:23.152+0530][113.729s] GC(25) Concurrent Mark Cycle
[2025-06-02T23:21:23.152+0530][113.729s] GC(24) Pause Full (Metadata GC Threshold)
[2025-06-02T23:21:23.152+0530][113.729s] GC(25) Concurrent Clear Claimed Marks
[2025-06-02T23:21:23.154+0530][113.731s] GC(25) Concurrent Clear Claimed Marks 1.759ms
[2025-06-02T23:21:23.154+0530][113.731s] GC(25) Concurrent Scan Root Regions
[2025-06-02T23:21:23.154+0530][113.731s] GC(25) Concurrent Scan Root Regions 0.043ms
[2025-06-02T23:21:23.154+0530][113.731s] GC(25) Concurrent Mark
[2025-06-02T23:21:23.154+0530][113.731s] GC(25) Concurrent Mark From Roots
[2025-06-02T23:21:23.154+0530][113.731s] GC(25) Using 2 workers of 2 for marking
[2025-06-02T23:21:23.154+0530][113.732s] GC(24) Phase 1: Mark live objects
[2025-06-02T23:21:23.160+0530][113.737s] GC(24) Skipped phase 1 of Reference Processing: no references
[2025-06-02T23:21:23.160+0530][113.737s] GC(24) ReferenceProcessor::execute queues: 2, RefProcThreadModel::Multi, marks_oops_alive: false
[2025-06-02T23:21:23.160+0530][113.737s] GC(24) Skipped phase 3 of Reference Processing: no references
[2025-06-02T23:21:23.160+0530][113.737s] GC(24) ReferenceProcessor::execute queues: 1, RefProcThreadModel::Single, marks_oops_alive: false
[2025-06-02T23:21:23.247+0530][113.824s] GC(24) Phase 1: Mark live objects 92.617ms
[2025-06-02T23:21:23.247+0530][113.824s] GC(24) Phase 2: Prepare for compaction
[2025-06-02T23:21:23.248+0530][113.826s] GC(24) Phase 2: Prepare for compaction 1.202ms
[2025-06-02T23:21:23.248+0530][113.826s] GC(24) Phase 3: Adjust pointers
[2025-06-02T23:21:23.253+0530][113.830s] GC(24) Phase 3: Adjust pointers 4.479ms
[2025-06-02T23:21:23.253+0530][113.830s] GC(24) Phase 4: Compact heap
[2025-06-02T23:21:23.254+0530][113.831s] GC(24) Phase 4: Compact heap 0.751ms
[2025-06-02T23:21:23.374+0530][113.951s] GC(24) Eden regions: 0->0(307)
[2025-06-02T23:21:23.374+0530][113.951s] GC(24) Survivor regions: 36->0(39)
[2025-06-02T23:21:23.374+0530][113.951s] GC(24) Old regions: 9->8
[2025-06-02T23:21:23.374+0530][113.951s] GC(24) Archive regions: 2->2
[2025-06-02T23:21:23.374+0530][113.951s] GC(24) Humongous regions: 0->0
[2025-06-02T23:21:23.374+0530][113.951s] GC(24) Metaspace: 37642K(131072K)->16159K(17664K) NonClass: 25736K(90688K)->14100K(15424K) Class: 11905K(40384K)->2058K(2240K)
[2025-06-02T23:21:23.374+0530][113.951s] GC(24) Pause Full (Metadata GC Threshold) 41M->6M(512M) 221.960ms
[2025-06-02T23:21:23.374+0530][113.951s] GC(24) User=0.25s Sys=0.03s Real=0.22s
[2025-06-02T23:21:23.374+0530][113.952s] GC(25) Concurrent Mark From Roots 220.375ms
[2025-06-02T23:21:23.374+0530][113.952s] GC(25) Concurrent Mark Abort
[2025-06-02T23:21:23.374+0530][113.952s] GC(25) Concurrent Mark Cycle 222.295ms
[2025-06-02T23:21:24.585+0530][115.163s] GC(26) Pause Young (Concurrent Start) (Metadata GC Threshold)
[2025-06-02T23:21:24.586+0530][115.163s] GC(26) Using 8 workers of 8 for evacuation
[2025-06-02T23:21:24.626+0530][115.204s] GC(26) Skipped phase 1 of Reference Processing: no references
[2025-06-02T23:21:24.627+0530][115.204s] GC(26) ReferenceProcessor::execute queues: 1, RefProcThreadModel::Single, marks_oops_alive: false
[2025-06-02T23:21:24.627+0530][115.204s] GC(26) Skipped phase 3 of Reference Processing: no references
[2025-06-02T23:21:24.627+0530][115.204s] GC(26) Skipped phase 4 of Reference Processing: no references
[2025-06-02T23:21:24.631+0530][115.208s] GC(26)   Pre Evacuate Collection Set: 1.7ms
[2025-06-02T23:21:24.631+0530][115.208s] GC(26)   Merge Heap Roots: 0.1ms
[2025-06-02T23:21:24.631+0530][115.208s] GC(26)   Evacuate Collection Set: 39.1ms
[2025-06-02T23:21:24.631+0530][115.208s] GC(26)   Post Evacuate Collection Set: 4.3ms
[2025-06-02T23:21:24.631+0530][115.208s] GC(26)   Other: 0.2ms
[2025-06-02T23:21:24.631+0530][115.208s] GC(26) Eden regions: 241->0(641)
[2025-06-02T23:21:24.631+0530][115.208s] GC(26) Survivor regions: 0->35(39)
[2025-06-02T23:21:24.631+0530][115.208s] GC(26) Old regions: 8->8
[2025-06-02T23:21:24.631+0530][115.208s] GC(26) Archive regions: 2->2
[2025-06-02T23:21:24.631+0530][115.208s] GC(26) Humongous regions: 0->0
[2025-06-02T23:21:24.631+0530][115.208s] GC(26) Metaspace: 36303K(123904K)->36303K(123904K) NonClass: 25011K(85888K)->25011K(85888K) Class: 11291K(38016K)->11291K(38016K)
[2025-06-02T23:21:24.631+0530][115.208s] GC(26) Pause Young (Concurrent Start) (Metadata GC Threshold) 247M->41M(1127M) 45.532ms
[2025-06-02T23:21:24.631+0530][115.208s] GC(26) User=0.30s Sys=0.01s Real=0.05s
[2025-06-02T23:21:24.631+0530][115.208s] GC(27) Concurrent Mark Cycle
[2025-06-02T23:21:24.631+0530][115.209s] GC(27) Concurrent Clear Claimed Marks
[2025-06-02T23:21:24.633+0530][115.211s] GC(27) Concurrent Clear Claimed Marks 2.215ms
[2025-06-02T23:21:24.633+0530][115.211s] GC(27) Concurrent Scan Root Regions
[2025-06-02T23:21:24.646+0530][115.223s] GC(27) Concurrent Scan Root Regions 12.286ms
[2025-06-02T23:21:24.646+0530][115.223s] GC(27) Concurrent Mark
[2025-06-02T23:21:24.646+0530][115.223s] GC(27) Concurrent Mark From Roots
[2025-06-02T23:21:24.646+0530][115.223s] GC(27) Using 2 workers of 2 for marking
[2025-06-02T23:21:24.652+0530][115.230s] GC(27) Concurrent Mark From Roots 6.649ms
[2025-06-02T23:21:24.652+0530][115.230s] GC(27) Concurrent Preclean
[2025-06-02T23:21:24.652+0530][115.230s] GC(27) Preclean SoftReferences 0.006ms
[2025-06-02T23:21:24.652+0530][115.230s] GC(27) Preclean WeakReferences 0.010ms
[2025-06-02T23:21:24.652+0530][115.230s] GC(27) Preclean FinalReferences 0.004ms
[2025-06-02T23:21:24.652+0530][115.230s] GC(27) Preclean PhantomReferences 0.011ms
[2025-06-02T23:21:24.652+0530][115.230s] GC(27) Concurrent Preclean 0.080ms
[2025-06-02T23:21:24.653+0530][115.230s] GC(27) Pause Remark
[2025-06-02T23:21:24.653+0530][115.230s] GC(27) Skipped phase 1 of Reference Processing: no references
[2025-06-02T23:21:24.653+0530][115.230s] GC(27) Skipped phase 2 of Reference Processing: no references
[2025-06-02T23:21:24.653+0530][115.230s] GC(27) Skipped phase 3 of Reference Processing: no references
[2025-06-02T23:21:24.653+0530][115.230s] GC(27) Skipped phase 4 of Reference Processing: no references
[2025-06-02T23:21:24.656+0530][115.234s] GC(27) Pause Remark 44M->44M(512M) 3.564ms
[2025-06-02T23:21:24.656+0530][115.234s] GC(27) User=0.01s Sys=0.00s Real=0.00s
[2025-06-02T23:21:24.656+0530][115.234s] GC(27) Concurrent Mark 10.563ms
[2025-06-02T23:21:24.656+0530][115.234s] GC(27) Concurrent Rebuild Remembered Sets
[2025-06-02T23:21:24.660+0530][115.237s] GC(27) Concurrent Rebuild Remembered Sets 3.342ms
[2025-06-02T23:21:24.660+0530][115.237s] GC(27) Pause Cleanup
[2025-06-02T23:21:24.660+0530][115.237s] GC(27) Pause Cleanup 45M->45M(512M) 0.164ms
[2025-06-02T23:21:24.660+0530][115.237s] GC(27) User=0.00s Sys=0.00s Real=0.00s
[2025-06-02T23:21:24.660+0530][115.237s] GC(27) Concurrent Cleanup for Next Mark
[2025-06-02T23:21:24.661+0530][115.238s] GC(27) Concurrent Cleanup for Next Mark 0.584ms
[2025-06-02T23:21:24.661+0530][115.238s] GC(27) Concurrent Mark Cycle 29.611ms
[2025-06-02T23:21:24.723+0530][115.300s] GC(28) Pause Young (Concurrent Start) (Metadata GC Threshold)
[2025-06-02T23:21:24.723+0530][115.300s] GC(28) Using 8 workers of 8 for evacuation
[2025-06-02T23:21:24.767+0530][115.344s] GC(28) Skipped phase 1 of Reference Processing: no references
[2025-06-02T23:21:24.767+0530][115.344s] GC(28) ReferenceProcessor::execute queues: 1, RefProcThreadModel::Single, marks_oops_alive: false
[2025-06-02T23:21:24.767+0530][115.344s] GC(28) Skipped phase 3 of Reference Processing: no references
[2025-06-02T23:21:24.767+0530][115.344s] GC(28) Skipped phase 4 of Reference Processing: no references
[2025-06-02T23:21:24.768+0530][115.345s] GC(28)   Pre Evacuate Collection Set: 1.9ms
[2025-06-02T23:21:24.768+0530][115.345s] GC(28)   Merge Heap Roots: 0.1ms
[2025-06-02T23:21:24.768+0530][115.345s] GC(28)   Evacuate Collection Set: 41.6ms
[2025-06-02T23:21:24.768+0530][115.345s] GC(28)   Post Evacuate Collection Set: 1.0ms
[2025-06-02T23:21:24.768+0530][115.345s] GC(28)   Other: 0.2ms
[2025-06-02T23:21:24.768+0530][115.345s] GC(28) Eden regions: 16->0(271)
[2025-06-02T23:21:24.768+0530][115.345s] GC(28) Survivor regions: 35->36(85)
[2025-06-02T23:21:24.768+0530][115.345s] GC(28) Old regions: 8->8
[2025-06-02T23:21:24.768+0530][115.345s] GC(28) Archive regions: 2->2
[2025-06-02T23:21:24.768+0530][115.345s] GC(28) Humongous regions: 0->0
[2025-06-02T23:21:24.768+0530][115.345s] GC(28) Metaspace: 37642K(131072K)->37642K(131072K) NonClass: 25736K(90688K)->25736K(90688K) Class: 11905K(40384K)->11905K(40384K)
[2025-06-02T23:21:24.768+0530][115.345s] GC(28) Pause Young (Concurrent Start) (Metadata GC Threshold) 57M->42M(512M) 45.093ms
[2025-06-02T23:21:24.768+0530][115.345s] GC(28) User=0.31s Sys=0.00s Real=0.04s
[2025-06-02T23:21:24.768+0530][115.345s] GC(29) Concurrent Mark Cycle
[2025-06-02T23:21:24.768+0530][115.345s] GC(30) Using 8 workers of 8 for full compaction
[2025-06-02T23:21:24.768+0530][115.345s] GC(29) Concurrent Clear Claimed Marks
[2025-06-02T23:21:24.768+0530][115.345s] GC(30) Pause Full (Metadata GC Threshold)
[2025-06-02T23:21:24.770+0530][115.347s] GC(29) Concurrent Clear Claimed Marks 1.633ms
[2025-06-02T23:21:24.770+0530][115.347s] GC(29) Concurrent Scan Root Regions
[2025-06-02T23:21:24.770+0530][115.347s] GC(29) Concurrent Scan Root Regions 0.052ms
[2025-06-02T23:21:24.770+0530][115.347s] GC(29) Concurrent Mark
[2025-06-02T23:21:24.770+0530][115.347s] GC(29) Concurrent Mark From Roots
[2025-06-02T23:21:24.770+0530][115.347s] GC(29) Using 2 workers of 2 for marking
[2025-06-02T23:21:24.771+0530][115.349s] GC(30) Phase 1: Mark live objects
[2025-06-02T23:21:24.777+0530][115.354s] GC(30) Skipped phase 1 of Reference Processing: no references
[2025-06-02T23:21:24.777+0530][115.354s] GC(30) ReferenceProcessor::execute queues: 2, RefProcThreadModel::Multi, marks_oops_alive: false
[2025-06-02T23:21:24.777+0530][115.354s] GC(30) Skipped phase 3 of Reference Processing: no references
[2025-06-02T23:21:24.777+0530][115.354s] GC(30) ReferenceProcessor::execute queues: 1, RefProcThreadModel::Single, marks_oops_alive: false
[2025-06-02T23:21:24.888+0530][115.465s] GC(30) Phase 1: Mark live objects 116.726ms
[2025-06-02T23:21:24.888+0530][115.466s] GC(30) Phase 2: Prepare for compaction
[2025-06-02T23:21:24.889+0530][115.467s] GC(30) Phase 2: Prepare for compaction 1.244ms
[2025-06-02T23:21:24.889+0530][115.467s] GC(30) Phase 3: Adjust pointers
[2025-06-02T23:21:24.893+0530][115.471s] GC(30) Phase 3: Adjust pointers 3.867ms
[2025-06-02T23:21:24.893+0530][115.471s] GC(30) Phase 4: Compact heap
[2025-06-02T23:21:24.894+0530][115.471s] GC(30) Phase 4: Compact heap 0.389ms
[2025-06-02T23:21:25.035+0530][115.613s] GC(30) Eden regions: 0->0(307)
[2025-06-02T23:21:25.035+0530][115.613s] GC(30) Survivor regions: 36->0(85)
[2025-06-02T23:21:25.035+0530][115.613s] GC(30) Old regions: 8->8
[2025-06-02T23:21:25.035+0530][115.613s] GC(30) Archive regions: 2->2
[2025-06-02T23:21:25.035+0530][115.613s] GC(30) Humongous regions: 0->0
[2025-06-02T23:21:25.035+0530][115.613s] GC(30) Metaspace: 37642K(131072K)->16159K(17664K) NonClass: 25736K(90688K)->14100K(15424K) Class: 11905K(40384K)->2058K(2240K)
[2025-06-02T23:21:25.035+0530][115.613s] GC(30) Pause Full (Metadata GC Threshold) 42M->6M(512M) 267.505ms
[2025-06-02T23:21:25.036+0530][115.613s] GC(30) User=0.27s Sys=0.04s Real=0.27s
[2025-06-02T23:21:25.036+0530][115.613s] GC(29) Concurrent Mark From Roots 265.879ms
[2025-06-02T23:21:25.036+0530][115.613s] GC(29) Concurrent Mark Abort
[2025-06-02T23:21:25.036+0530][115.613s] GC(29) Concurrent Mark Cycle 267.882ms
[2025-06-02T23:21:26.473+0530][117.051s] GC(31) Pause Young (Concurrent Start) (Metadata GC Threshold)
[2025-06-02T23:21:26.473+0530][117.051s] GC(31) Using 8 workers of 8 for evacuation
[2025-06-02T23:21:26.528+0530][117.105s] GC(31) Skipped phase 1 of Reference Processing: no references
[2025-06-02T23:21:26.528+0530][117.105s] GC(31) ReferenceProcessor::execute queues: 1, RefProcThreadModel::Single, marks_oops_alive: false
[2025-06-02T23:21:26.528+0530][117.105s] GC(31) Skipped phase 3 of Reference Processing: no references
[2025-06-02T23:21:26.528+0530][117.105s] GC(31) Skipped phase 4 of Reference Processing: no references
[2025-06-02T23:21:26.529+0530][117.107s] GC(31)   Pre Evacuate Collection Set: 3.1ms
[2025-06-02T23:21:26.529+0530][117.107s] GC(31)   Merge Heap Roots: 0.1ms
[2025-06-02T23:21:26.530+0530][117.107s] GC(31)   Evacuate Collection Set: 50.8ms
[2025-06-02T23:21:26.530+0530][117.107s] GC(31)   Post Evacuate Collection Set: 1.8ms
[2025-06-02T23:21:26.530+0530][117.107s] GC(31)   Other: 0.5ms
[2025-06-02T23:21:26.530+0530][117.107s] GC(31) Eden regions: 257->0(270)
[2025-06-02T23:21:26.530+0530][117.107s] GC(31) Survivor regions: 0->37(39)
[2025-06-02T23:21:26.530+0530][117.107s] GC(31) Old regions: 8->8
[2025-06-02T23:21:26.530+0530][117.107s] GC(31) Archive regions: 2->2
[2025-06-02T23:21:26.530+0530][117.107s] GC(31) Humongous regions: 0->0
[2025-06-02T23:21:26.530+0530][117.107s] GC(31) Metaspace: 37642K(131072K)->37642K(131072K) NonClass: 25736K(90688K)->25736K(90688K) Class: 11905K(40384K)->11905K(40384K)
[2025-06-02T23:21:26.530+0530][117.107s] GC(31) Pause Young (Concurrent Start) (Metadata GC Threshold) 263M->42M(512M) 56.412ms
[2025-06-02T23:21:26.530+0530][117.107s] GC(31) User=0.27s Sys=0.01s Real=0.06s
[2025-06-02T23:21:26.530+0530][117.107s] GC(32) Concurrent Mark Cycle
[2025-06-02T23:21:26.530+0530][117.107s] GC(33) Using 8 workers of 8 for full compaction
[2025-06-02T23:21:26.530+0530][117.107s] GC(32) Concurrent Clear Claimed Marks
[2025-06-02T23:21:26.530+0530][117.107s] GC(33) Pause Full (Metadata GC Threshold)
[2025-06-02T23:21:26.532+0530][117.109s] GC(32) Concurrent Clear Claimed Marks 1.819ms
[2025-06-02T23:21:26.532+0530][117.109s] GC(32) Concurrent Scan Root Regions
[2025-06-02T23:21:26.532+0530][117.109s] GC(32) Concurrent Scan Root Regions 0.025ms
[2025-06-02T23:21:26.532+0530][117.109s] GC(32) Concurrent Mark
[2025-06-02T23:21:26.532+0530][117.109s] GC(32) Concurrent Mark From Roots
[2025-06-02T23:21:26.532+0530][117.109s] GC(32) Using 2 workers of 2 for marking
[2025-06-02T23:21:26.532+0530][117.110s] GC(33) Phase 1: Mark live objects
[2025-06-02T23:21:26.540+0530][117.118s] GC(33) Skipped phase 1 of Reference Processing: no references
[2025-06-02T23:21:26.541+0530][117.118s] GC(33) ReferenceProcessor::execute queues: 2, RefProcThreadModel::Multi, marks_oops_alive: false
[2025-06-02T23:21:26.541+0530][117.118s] GC(33) Skipped phase 3 of Reference Processing: no references
[2025-06-02T23:21:26.541+0530][117.118s] GC(33) ReferenceProcessor::execute queues: 1, RefProcThreadModel::Single, marks_oops_alive: false
[2025-06-02T23:21:26.627+0530][117.204s] GC(33) Phase 1: Mark live objects 94.507ms
[2025-06-02T23:21:26.627+0530][117.204s] GC(33) Phase 2: Prepare for compaction
[2025-06-02T23:21:26.628+0530][117.205s] GC(33) Phase 2: Prepare for compaction 0.821ms
[2025-06-02T23:21:26.628+0530][117.205s] GC(33) Phase 3: Adjust pointers
[2025-06-02T23:21:26.631+0530][117.209s] GC(33) Phase 3: Adjust pointers 3.566ms
[2025-06-02T23:21:26.631+0530][117.209s] GC(33) Phase 4: Compact heap
[2025-06-02T23:21:26.632+0530][117.209s] GC(33) Phase 4: Compact heap 0.274ms
[2025-06-02T23:21:26.763+0530][117.341s] GC(33) Eden regions: 0->0(307)
[2025-06-02T23:21:26.763+0530][117.341s] GC(33) Survivor regions: 37->0(39)
[2025-06-02T23:21:26.764+0530][117.341s] GC(33) Old regions: 8->10
[2025-06-02T23:21:26.764+0530][117.341s] GC(33) Archive regions: 2->2
[2025-06-02T23:21:26.764+0530][117.341s] GC(33) Humongous regions: 0->0
[2025-06-02T23:21:26.764+0530][117.341s] GC(33) Metaspace: 37642K(131072K)->16159K(17664K) NonClass: 25736K(90688K)->14100K(15424K) Class: 11905K(40384K)->2058K(2240K)
[2025-06-02T23:21:26.764+0530][117.341s] GC(33) Pause Full (Metadata GC Threshold) 42M->6M(512M) 233.671ms
[2025-06-02T23:21:26.764+0530][117.341s] GC(33) User=0.26s Sys=0.03s Real=0.23s
[2025-06-02T23:21:26.764+0530][117.341s] GC(32) Concurrent Mark From Roots 232.319ms
[2025-06-02T23:21:26.764+0530][117.341s] GC(32) Concurrent Mark Abort
[2025-06-02T23:21:26.764+0530][117.341s] GC(32) Concurrent Mark Cycle 234.289ms
[2025-06-02T23:21:28.156+0530][118.734s] GC(34) Pause Young (Concurrent Start) (Metadata GC Threshold)
[2025-06-02T23:21:28.156+0530][118.734s] GC(34) Using 8 workers of 8 for evacuation
[2025-06-02T23:21:28.213+0530][118.791s] GC(34) Skipped phase 1 of Reference Processing: no references
[2025-06-02T23:21:28.213+0530][118.791s] GC(34) ReferenceProcessor::execute queues: 1, RefProcThreadModel::Single, marks_oops_alive: false
[2025-06-02T23:21:28.213+0530][118.791s] GC(34) Skipped phase 3 of Reference Processing: no references
[2025-06-02T23:21:28.213+0530][118.791s] GC(34) Skipped phase 4 of Reference Processing: no references
[2025-06-02T23:21:28.215+0530][118.793s] GC(34)   Pre Evacuate Collection Set: 3.0ms
[2025-06-02T23:21:28.215+0530][118.793s] GC(34)   Merge Heap Roots: 0.1ms
[2025-06-02T23:21:28.215+0530][118.793s] GC(34)   Evacuate Collection Set: 53.5ms
[2025-06-02T23:21:28.215+0530][118.793s] GC(34)   Post Evacuate Collection Set: 1.9ms
[2025-06-02T23:21:28.215+0530][118.793s] GC(34)   Other: 0.3ms
[2025-06-02T23:21:28.215+0530][118.793s] GC(34) Eden regions: 241->0(272)
[2025-06-02T23:21:28.215+0530][118.793s] GC(34) Survivor regions: 0->35(39)
[2025-06-02T23:21:28.215+0530][118.793s] GC(34) Old regions: 10->10
[2025-06-02T23:21:28.215+0530][118.793s] GC(34) Archive regions: 2->2
[2025-06-02T23:21:28.215+0530][118.793s] GC(34) Humongous regions: 0->0
[2025-06-02T23:21:28.215+0530][118.793s] GC(34) Metaspace: 36303K(123904K)->36303K(123904K) NonClass: 25011K(85888K)->25011K(85888K) Class: 11291K(38016K)->11291K(38016K)
[2025-06-02T23:21:28.215+0530][118.793s] GC(34) Pause Young (Concurrent Start) (Metadata GC Threshold) 247M->41M(512M) 59.017ms
[2025-06-02T23:21:28.215+0530][118.793s] GC(34) User=0.29s Sys=0.01s Real=0.06s
[2025-06-02T23:21:28.215+0530][118.793s] GC(35) Concurrent Mark Cycle
[2025-06-02T23:21:28.215+0530][118.793s] GC(35) Concurrent Clear Claimed Marks
[2025-06-02T23:21:28.217+0530][118.795s] GC(35) Concurrent Clear Claimed Marks 1.869ms
[2025-06-02T23:21:28.217+0530][118.795s] GC(35) Concurrent Scan Root Regions
[2025-06-02T23:21:28.235+0530][118.813s] GC(35) Concurrent Scan Root Regions 17.557ms
[2025-06-02T23:21:28.235+0530][118.813s] GC(35) Concurrent Mark
[2025-06-02T23:21:28.235+0530][118.813s] GC(35) Concurrent Mark From Roots
[2025-06-02T23:21:28.235+0530][118.813s] GC(35) Using 2 workers of 2 for marking
[2025-06-02T23:21:28.246+0530][118.824s] GC(35) Concurrent Mark From Roots 10.970ms
[2025-06-02T23:21:28.246+0530][118.824s] GC(35) Concurrent Preclean
[2025-06-02T23:21:28.246+0530][118.824s] GC(35) Preclean SoftReferences 0.007ms
[2025-06-02T23:21:28.246+0530][118.824s] GC(35) Preclean WeakReferences 0.026ms
[2025-06-02T23:21:28.246+0530][118.824s] GC(35) Preclean FinalReferences 0.005ms
[2025-06-02T23:21:28.246+0530][118.824s] GC(35) Preclean PhantomReferences 0.019ms
[2025-06-02T23:21:28.246+0530][118.824s] GC(35) Concurrent Preclean 0.131ms
[2025-06-02T23:21:28.246+0530][118.824s] GC(35) Pause Remark
[2025-06-02T23:21:28.246+0530][118.824s] GC(35) Skipped phase 1 of Reference Processing: no references
[2025-06-02T23:21:28.246+0530][118.824s] GC(35) Skipped phase 2 of Reference Processing: no references
[2025-06-02T23:21:28.246+0530][118.824s] GC(35) Skipped phase 3 of Reference Processing: no references
[2025-06-02T23:21:28.246+0530][118.824s] GC(35) Skipped phase 4 of Reference Processing: no references
[2025-06-02T23:21:28.250+0530][118.828s] GC(35) Pause Remark 44M->44M(512M) 3.645ms
[2025-06-02T23:21:28.250+0530][118.828s] GC(35) User=0.01s Sys=0.00s Real=0.01s
[2025-06-02T23:21:28.250+0530][118.828s] GC(35) Concurrent Mark 15.037ms
[2025-06-02T23:21:28.250+0530][118.828s] GC(35) Concurrent Rebuild Remembered Sets
[2025-06-02T23:21:28.255+0530][118.832s] GC(35) Concurrent Rebuild Remembered Sets 4.634ms
[2025-06-02T23:21:28.255+0530][118.832s] GC(35) Pause Cleanup
[2025-06-02T23:21:28.255+0530][118.833s] GC(35) Pause Cleanup 45M->45M(512M) 0.214ms
[2025-06-02T23:21:28.255+0530][118.833s] GC(35) User=0.00s Sys=0.00s Real=0.00s
[2025-06-02T23:21:28.255+0530][118.833s] GC(35) Concurrent Cleanup for Next Mark
[2025-06-02T23:21:28.257+0530][118.835s] GC(35) Concurrent Cleanup for Next Mark 2.170ms
[2025-06-02T23:21:28.257+0530][118.835s] GC(35) Concurrent Mark Cycle 41.968ms
[2025-06-02T23:21:28.327+0530][118.904s] GC(36) Pause Young (Concurrent Start) (Metadata GC Threshold)
[2025-06-02T23:21:28.327+0530][118.904s] GC(36) Using 8 workers of 8 for evacuation
[2025-06-02T23:21:28.373+0530][118.951s] GC(36) Skipped phase 1 of Reference Processing: no references
[2025-06-02T23:21:28.373+0530][118.951s] GC(36) ReferenceProcessor::execute queues: 1, RefProcThreadModel::Single, marks_oops_alive: false
[2025-06-02T23:21:28.373+0530][118.951s] GC(36) Skipped phase 3 of Reference Processing: no references
[2025-06-02T23:21:28.373+0530][118.951s] GC(36) Skipped phase 4 of Reference Processing: no references
[2025-06-02T23:21:28.374+0530][118.952s] GC(36)   Pre Evacuate Collection Set: 2.1ms
[2025-06-02T23:21:28.374+0530][118.952s] GC(36)   Merge Heap Roots: 0.1ms
[2025-06-02T23:21:28.375+0530][118.952s] GC(36)   Evacuate Collection Set: 43.9ms
[2025-06-02T23:21:28.375+0530][118.952s] GC(36)   Post Evacuate Collection Set: 1.4ms
[2025-06-02T23:21:28.375+0530][118.952s] GC(36)   Other: 0.2ms
[2025-06-02T23:21:28.375+0530][118.952s] GC(36) Eden regions: 16->0(303)
[2025-06-02T23:21:28.375+0530][118.952s] GC(36) Survivor regions: 35->4(39)
[2025-06-02T23:21:28.375+0530][118.952s] GC(36) Old regions: 10->44
[2025-06-02T23:21:28.375+0530][118.952s] GC(36) Archive regions: 2->2
[2025-06-02T23:21:28.375+0530][118.952s] GC(36) Humongous regions: 0->0
[2025-06-02T23:21:28.375+0530][118.952s] GC(36) Metaspace: 37642K(131072K)->37642K(131072K) NonClass: 25736K(90688K)->25736K(90688K) Class: 11905K(40384K)->11905K(40384K)
[2025-06-02T23:21:28.375+0530][118.952s] GC(36) Pause Young (Concurrent Start) (Metadata GC Threshold) 57M->43M(512M) 47.869ms
[2025-06-02T23:21:28.375+0530][118.952s] GC(36) User=0.31s Sys=0.02s Real=0.05s
[2025-06-02T23:21:28.375+0530][118.952s] GC(37) Concurrent Mark Cycle
[2025-06-02T23:21:28.375+0530][118.952s] GC(38) Using 8 workers of 8 for full compaction
[2025-06-02T23:21:28.375+0530][118.952s] GC(37) Concurrent Clear Claimed Marks
[2025-06-02T23:21:28.375+0530][118.952s] GC(38) Pause Full (Metadata GC Threshold)
[2025-06-02T23:21:28.377+0530][118.955s] GC(37) Concurrent Clear Claimed Marks 2.158ms
[2025-06-02T23:21:28.377+0530][118.955s] GC(37) Concurrent Scan Root Regions
[2025-06-02T23:21:28.377+0530][118.955s] GC(37) Concurrent Scan Root Regions 0.052ms
[2025-06-02T23:21:28.377+0530][118.955s] GC(37) Concurrent Mark
[2025-06-02T23:21:28.377+0530][118.955s] GC(37) Concurrent Mark From Roots
[2025-06-02T23:21:28.377+0530][118.955s] GC(37) Using 2 workers of 2 for marking
[2025-06-02T23:21:28.378+0530][118.955s] GC(38) Phase 1: Mark live objects
[2025-06-02T23:21:28.383+0530][118.961s] GC(38) Skipped phase 1 of Reference Processing: no references
[2025-06-02T23:21:28.383+0530][118.961s] GC(38) ReferenceProcessor::execute queues: 2, RefProcThreadModel::Multi, marks_oops_alive: false
[2025-06-02T23:21:28.383+0530][118.961s] GC(38) Skipped phase 3 of Reference Processing: no references
[2025-06-02T23:21:28.384+0530][118.961s] GC(38) ReferenceProcessor::execute queues: 1, RefProcThreadModel::Single, marks_oops_alive: false
[2025-06-02T23:21:28.465+0530][119.042s] GC(38) Phase 1: Mark live objects 86.996ms
[2025-06-02T23:21:28.465+0530][119.042s] GC(38) Phase 2: Prepare for compaction
[2025-06-02T23:21:28.466+0530][119.044s] GC(38) Phase 2: Prepare for compaction 1.355ms
[2025-06-02T23:21:28.466+0530][119.044s] GC(38) Phase 3: Adjust pointers
[2025-06-02T23:21:28.470+0530][119.047s] GC(38) Phase 3: Adjust pointers 3.674ms
[2025-06-02T23:21:28.470+0530][119.047s] GC(38) Phase 4: Compact heap
[2025-06-02T23:21:28.470+0530][119.048s] GC(38) Phase 4: Compact heap 0.254ms
[2025-06-02T23:21:28.700+0530][119.277s] GC(38) Eden regions: 0->0(307)
[2025-06-02T23:21:28.700+0530][119.277s] GC(38) Survivor regions: 4->0(39)
[2025-06-02T23:21:28.700+0530][119.278s] GC(38) Old regions: 44->8
[2025-06-02T23:21:28.700+0530][119.278s] GC(38) Archive regions: 2->2
[2025-06-02T23:21:28.700+0530][119.278s] GC(38) Humongous regions: 0->0
[2025-06-02T23:21:28.700+0530][119.278s] GC(38) Metaspace: 37642K(131072K)->16159K(17664K) NonClass: 25736K(90688K)->14100K(15424K) Class: 11905K(40384K)->2058K(2240K)
[2025-06-02T23:21:28.700+0530][119.278s] GC(38) Pause Full (Metadata GC Threshold) 43M->6M(512M) 325.220ms
[2025-06-02T23:21:28.700+0530][119.278s] GC(38) User=0.25s Sys=0.03s Real=0.33s
[2025-06-02T23:21:28.701+0530][119.278s] GC(37) Concurrent Mark From Roots 323.535ms
[2025-06-02T23:21:28.701+0530][119.278s] GC(37) Concurrent Mark Abort
[2025-06-02T23:21:28.702+0530][119.280s] GC(37) Concurrent Mark Cycle 327.666ms
[2025-06-02T23:21:30.291+0530][120.869s] GC(39) Pause Young (Concurrent Start) (Metadata GC Threshold)
[2025-06-02T23:21:30.291+0530][120.869s] GC(39) Using 8 workers of 8 for evacuation
[2025-06-02T23:21:30.337+0530][120.914s] GC(39) Skipped phase 1 of Reference Processing: no references
[2025-06-02T23:21:30.337+0530][120.914s] GC(39) ReferenceProcessor::execute queues: 1, RefProcThreadModel::Single, marks_oops_alive: false
[2025-06-02T23:21:30.337+0530][120.914s] GC(39) Skipped phase 3 of Reference Processing: no references
[2025-06-02T23:21:30.337+0530][120.914s] GC(39) Skipped phase 4 of Reference Processing: no references
[2025-06-02T23:21:30.338+0530][120.915s] GC(39)   Pre Evacuate Collection Set: 1.8ms
[2025-06-02T23:21:30.338+0530][120.916s] GC(39)   Merge Heap Roots: 0.1ms
[2025-06-02T23:21:30.338+0530][120.916s] GC(39)   Evacuate Collection Set: 43.3ms
[2025-06-02T23:21:30.338+0530][120.916s] GC(39)   Post Evacuate Collection Set: 1.3ms
[2025-06-02T23:21:30.338+0530][120.916s] GC(39)   Other: 0.2ms
[2025-06-02T23:21:30.338+0530][120.916s] GC(39) Eden regions: 257->0(271)
[2025-06-02T23:21:30.338+0530][120.916s] GC(39) Survivor regions: 0->36(39)
[2025-06-02T23:21:30.338+0530][120.916s] GC(39) Old regions: 8->8
[2025-06-02T23:21:30.338+0530][120.916s] GC(39) Archive regions: 2->2
[2025-06-02T23:21:30.338+0530][120.916s] GC(39) Humongous regions: 0->0
[2025-06-02T23:21:30.338+0530][120.916s] GC(39) Metaspace: 37642K(131072K)->37642K(131072K) NonClass: 25736K(90688K)->25736K(90688K) Class: 11905K(40384K)->11905K(40384K)
[2025-06-02T23:21:30.338+0530][120.916s] GC(39) Pause Young (Concurrent Start) (Metadata GC Threshold) 263M->41M(512M) 46.812ms
[2025-06-02T23:21:30.338+0530][120.916s] GC(39) User=0.33s Sys=0.01s Real=0.04s
[2025-06-02T23:21:30.338+0530][120.916s] GC(40) Using 8 workers of 8 for full compaction
[2025-06-02T23:21:30.338+0530][120.916s] GC(41) Concurrent Mark Cycle
[2025-06-02T23:21:30.338+0530][120.916s] GC(41) Concurrent Clear Claimed Marks
[2025-06-02T23:21:30.338+0530][120.916s] GC(40) Pause Full (Metadata GC Threshold)
[2025-06-02T23:21:30.340+0530][120.918s] GC(41) Concurrent Clear Claimed Marks 2.082ms
[2025-06-02T23:21:30.340+0530][120.918s] GC(41) Concurrent Scan Root Regions
[2025-06-02T23:21:30.340+0530][120.918s] GC(41) Concurrent Scan Root Regions 0.048ms
[2025-06-02T23:21:30.340+0530][120.918s] GC(41) Concurrent Mark
[2025-06-02T23:21:30.340+0530][120.918s] GC(41) Concurrent Mark From Roots
[2025-06-02T23:21:30.340+0530][120.918s] GC(41) Using 2 workers of 2 for marking
[2025-06-02T23:21:30.341+0530][120.919s] GC(40) Phase 1: Mark live objects
[2025-06-02T23:21:30.348+0530][120.925s] GC(40) Skipped phase 1 of Reference Processing: no references
[2025-06-02T23:21:30.348+0530][120.925s] GC(40) ReferenceProcessor::execute queues: 2, RefProcThreadModel::Multi, marks_oops_alive: false
[2025-06-02T23:21:30.348+0530][120.925s] GC(40) Skipped phase 3 of Reference Processing: no references
[2025-06-02T23:21:30.348+0530][120.925s] GC(40) ReferenceProcessor::execute queues: 1, RefProcThreadModel::Single, marks_oops_alive: false
[2025-06-02T23:21:30.422+0530][120.999s] GC(40) Phase 1: Mark live objects 80.704ms
[2025-06-02T23:21:30.422+0530][120.999s] GC(40) Phase 2: Prepare for compaction
[2025-06-02T23:21:30.423+0530][121.000s] GC(40) Phase 2: Prepare for compaction 0.941ms
[2025-06-02T23:21:30.423+0530][121.000s] GC(40) Phase 3: Adjust pointers
[2025-06-02T23:21:30.427+0530][121.004s] GC(40) Phase 3: Adjust pointers 3.943ms
[2025-06-02T23:21:30.427+0530][121.004s] GC(40) Phase 4: Compact heap
[2025-06-02T23:21:30.427+0530][121.005s] GC(40) Phase 4: Compact heap 0.264ms
[2025-06-02T23:21:30.575+0530][121.152s] GC(40) Eden regions: 0->0(307)
[2025-06-02T23:21:30.575+0530][121.152s] GC(40) Survivor regions: 36->0(39)
[2025-06-02T23:21:30.575+0530][121.152s] GC(40) Old regions: 8->8
[2025-06-02T23:21:30.575+0530][121.152s] GC(40) Archive regions: 2->2
[2025-06-02T23:21:30.575+0530][121.153s] GC(40) Humongous regions: 0->0
[2025-06-02T23:21:30.575+0530][121.153s] GC(40) Metaspace: 37642K(131072K)->16159K(17664K) NonClass: 25736K(90688K)->14100K(15424K) Class: 11905K(40384K)->2058K(2240K)
[2025-06-02T23:21:30.575+0530][121.153s] GC(40) Pause Full (Metadata GC Threshold) 41M->6M(512M) 236.788ms
[2025-06-02T23:21:30.575+0530][121.153s] GC(40) User=0.25s Sys=0.03s Real=0.24s
[2025-06-02T23:21:30.575+0530][121.153s] GC(41) Concurrent Mark From Roots 234.868ms
[2025-06-02T23:21:30.575+0530][121.153s] GC(41) Concurrent Mark Abort
[2025-06-02T23:21:30.575+0530][121.153s] GC(41) Concurrent Mark Cycle 237.100ms
[2025-06-02T23:21:31.970+0530][122.548s] GC(42) Pause Young (Concurrent Start) (Metadata GC Threshold)
[2025-06-02T23:21:31.972+0530][122.550s] GC(42) Using 8 workers of 8 for evacuation
[2025-06-02T23:21:32.015+0530][122.593s] GC(42) Skipped phase 1 of Reference Processing: no references
[2025-06-02T23:21:32.015+0530][122.593s] GC(42) ReferenceProcessor::execute queues: 1, RefProcThreadModel::Single, marks_oops_alive: false
[2025-06-02T23:21:32.015+0530][122.593s] GC(42) Skipped phase 3 of Reference Processing: no references
[2025-06-02T23:21:32.015+0530][122.593s] GC(42) Skipped phase 4 of Reference Processing: no references
[2025-06-02T23:21:32.020+0530][122.598s] GC(42)   Pre Evacuate Collection Set: 1.9ms
[2025-06-02T23:21:32.020+0530][122.598s] GC(42)   Merge Heap Roots: 0.1ms
[2025-06-02T23:21:32.020+0530][122.598s] GC(42)   Evacuate Collection Set: 40.5ms
[2025-06-02T23:21:32.020+0530][122.598s] GC(42)   Post Evacuate Collection Set: 5.2ms
[2025-06-02T23:21:32.020+0530][122.598s] GC(42)   Other: 2.3ms
[2025-06-02T23:21:32.020+0530][122.598s] GC(42) Eden regions: 241->0(641)
[2025-06-02T23:21:32.020+0530][122.598s] GC(42) Survivor regions: 0->35(39)
[2025-06-02T23:21:32.020+0530][122.598s] GC(42) Old regions: 8->8
[2025-06-02T23:21:32.020+0530][122.598s] GC(42) Archive regions: 2->2
[2025-06-02T23:21:32.020+0530][122.598s] GC(42) Humongous regions: 0->0
[2025-06-02T23:21:32.020+0530][122.598s] GC(42) Metaspace: 36303K(123904K)->36303K(123904K) NonClass: 25011K(85888K)->25011K(85888K) Class: 11291K(38016K)->11291K(38016K)
[2025-06-02T23:21:32.020+0530][122.598s] GC(42) Pause Young (Concurrent Start) (Metadata GC Threshold) 247M->40M(1127M) 50.088ms
[2025-06-02T23:21:32.020+0530][122.598s] GC(42) User=0.31s Sys=0.01s Real=0.05s
[2025-06-02T23:21:32.021+0530][122.598s] GC(43) Concurrent Mark Cycle
[2025-06-02T23:21:32.021+0530][122.598s] GC(43) Concurrent Clear Claimed Marks
[2025-06-02T23:21:32.023+0530][122.600s] GC(43) Concurrent Clear Claimed Marks 1.945ms
[2025-06-02T23:21:32.023+0530][122.600s] GC(43) Concurrent Scan Root Regions
[2025-06-02T23:21:32.036+0530][122.613s] GC(43) Concurrent Scan Root Regions 13.041ms
[2025-06-02T23:21:32.036+0530][122.613s] GC(43) Concurrent Mark
[2025-06-02T23:21:32.036+0530][122.613s] GC(43) Concurrent Mark From Roots
[2025-06-02T23:21:32.036+0530][122.613s] GC(43) Using 2 workers of 2 for marking
[2025-06-02T23:21:32.042+0530][122.620s] GC(43) Concurrent Mark From Roots 6.691ms
[2025-06-02T23:21:32.042+0530][122.620s] GC(43) Concurrent Preclean
[2025-06-02T23:21:32.042+0530][122.620s] GC(43) Preclean SoftReferences 0.005ms
[2025-06-02T23:21:32.042+0530][122.620s] GC(43) Preclean WeakReferences 0.012ms
[2025-06-02T23:21:32.042+0530][122.620s] GC(43) Preclean FinalReferences 0.004ms
[2025-06-02T23:21:32.042+0530][122.620s] GC(43) Preclean PhantomReferences 0.011ms
[2025-06-02T23:21:32.042+0530][122.620s] GC(43) Concurrent Preclean 0.085ms
[2025-06-02T23:21:32.043+0530][122.620s] GC(43) Pause Remark
[2025-06-02T23:21:32.043+0530][122.620s] GC(43) Skipped phase 1 of Reference Processing: no references
[2025-06-02T23:21:32.043+0530][122.621s] GC(43) Skipped phase 2 of Reference Processing: no references
[2025-06-02T23:21:32.043+0530][122.621s] GC(43) Skipped phase 3 of Reference Processing: no references
[2025-06-02T23:21:32.043+0530][122.621s] GC(43) Skipped phase 4 of Reference Processing: no references
[2025-06-02T23:21:32.047+0530][122.625s] GC(43) Pause Remark 44M->44M(512M) 4.225ms
[2025-06-02T23:21:32.047+0530][122.625s] GC(43) User=0.01s Sys=0.00s Real=0.00s
[2025-06-02T23:21:32.047+0530][122.625s] GC(43) Concurrent Mark 11.301ms
[2025-06-02T23:21:32.047+0530][122.625s] GC(43) Concurrent Rebuild Remembered Sets
[2025-06-02T23:21:32.050+0530][122.628s] GC(43) Concurrent Rebuild Remembered Sets 3.371ms
[2025-06-02T23:21:32.051+0530][122.628s] GC(43) Pause Cleanup
[2025-06-02T23:21:32.051+0530][122.628s] GC(43) Pause Cleanup 45M->45M(512M) 0.153ms
[2025-06-02T23:21:32.051+0530][122.628s] GC(43) User=0.00s Sys=0.00s Real=0.00s
[2025-06-02T23:21:32.051+0530][122.628s] GC(43) Concurrent Cleanup for Next Mark
[2025-06-02T23:21:32.052+0530][122.629s] GC(43) Concurrent Cleanup for Next Mark 0.787ms
[2025-06-02T23:21:32.052+0530][122.629s] GC(43) Concurrent Mark Cycle 31.053ms
[2025-06-02T23:21:32.120+0530][122.697s] GC(44) Pause Young (Concurrent Start) (Metadata GC Threshold)
[2025-06-02T23:21:32.120+0530][122.697s] GC(44) Using 8 workers of 8 for evacuation
[2025-06-02T23:21:32.180+0530][122.758s] GC(44) Skipped phase 1 of Reference Processing: no references
[2025-06-02T23:21:32.181+0530][122.758s] GC(44) ReferenceProcessor::execute queues: 1, RefProcThreadModel::Single, marks_oops_alive: false
[2025-06-02T23:21:32.181+0530][122.758s] GC(44) Skipped phase 3 of Reference Processing: no references
[2025-06-02T23:21:32.181+0530][122.758s] GC(44) Skipped phase 4 of Reference Processing: no references
[2025-06-02T23:21:32.182+0530][122.760s] GC(44)   Pre Evacuate Collection Set: 7.4ms
[2025-06-02T23:21:32.182+0530][122.760s] GC(44)   Merge Heap Roots: 0.2ms
[2025-06-02T23:21:32.182+0530][122.760s] GC(44)   Evacuate Collection Set: 53.0ms
[2025-06-02T23:21:32.182+0530][122.760s] GC(44)   Post Evacuate Collection Set: 1.4ms
[2025-06-02T23:21:32.182+0530][122.760s] GC(44)   Other: 0.4ms
[2025-06-02T23:21:32.182+0530][122.760s] GC(44) Eden regions: 16->0(270)
[2025-06-02T23:21:32.182+0530][122.760s] GC(44) Survivor regions: 35->37(85)
[2025-06-02T23:21:32.182+0530][122.760s] GC(44) Old regions: 7->7
[2025-06-02T23:21:32.182+0530][122.760s] GC(44) Archive regions: 2->2
[2025-06-02T23:21:32.182+0530][122.760s] GC(44) Humongous regions: 0->0
[2025-06-02T23:21:32.182+0530][122.760s] GC(44) Metaspace: 37642K(131072K)->37642K(131072K) NonClass: 25736K(90688K)->25736K(90688K) Class: 11905K(40384K)->11905K(40384K)
[2025-06-02T23:21:32.182+0530][122.760s] GC(44) Pause Young (Concurrent Start) (Metadata GC Threshold) 56M->43M(512M) 62.513ms
[2025-06-02T23:21:32.182+0530][122.760s] GC(44) User=0.32s Sys=0.01s Real=0.07s
[2025-06-02T23:21:32.182+0530][122.760s] GC(45) Using 8 workers of 8 for full compaction
[2025-06-02T23:21:32.182+0530][122.760s] GC(46) Concurrent Mark Cycle
[2025-06-02T23:21:32.182+0530][122.760s] GC(46) Concurrent Clear Claimed Marks
[2025-06-02T23:21:32.182+0530][122.760s] GC(45) Pause Full (Metadata GC Threshold)
[2025-06-02T23:21:32.184+0530][122.762s] GC(46) Concurrent Clear Claimed Marks 1.667ms
[2025-06-02T23:21:32.184+0530][122.762s] GC(46) Concurrent Scan Root Regions
[2025-06-02T23:21:32.184+0530][122.762s] GC(46) Concurrent Scan Root Regions 0.026ms
[2025-06-02T23:21:32.184+0530][122.762s] GC(46) Concurrent Mark
[2025-06-02T23:21:32.184+0530][122.762s] GC(46) Concurrent Mark From Roots
[2025-06-02T23:21:32.184+0530][122.762s] GC(46) Using 2 workers of 2 for marking
[2025-06-02T23:21:32.185+0530][122.762s] GC(45) Phase 1: Mark live objects
[2025-06-02T23:21:32.194+0530][122.772s] GC(45) Skipped phase 1 of Reference Processing: no references
[2025-06-02T23:21:32.194+0530][122.772s] GC(45) ReferenceProcessor::execute queues: 2, RefProcThreadModel::Multi, marks_oops_alive: false
[2025-06-02T23:21:32.195+0530][122.772s] GC(45) Skipped phase 3 of Reference Processing: no references
[2025-06-02T23:21:32.195+0530][122.772s] GC(45) ReferenceProcessor::execute queues: 1, RefProcThreadModel::Single, marks_oops_alive: false
[2025-06-02T23:21:32.280+0530][122.857s] GC(45) Phase 1: Mark live objects 94.931ms
[2025-06-02T23:21:32.280+0530][122.857s] GC(45) Phase 2: Prepare for compaction
[2025-06-02T23:21:32.281+0530][122.858s] GC(45) Phase 2: Prepare for compaction 1.050ms
[2025-06-02T23:21:32.281+0530][122.858s] GC(45) Phase 3: Adjust pointers
[2025-06-02T23:21:32.285+0530][122.863s] GC(45) Phase 3: Adjust pointers 4.653ms
[2025-06-02T23:21:32.285+0530][122.863s] GC(45) Phase 4: Compact heap
[2025-06-02T23:21:32.286+0530][122.863s] GC(45) Phase 4: Compact heap 0.272ms
[2025-06-02T23:21:32.413+0530][122.991s] GC(45) Eden regions: 0->0(307)
[2025-06-02T23:21:32.413+0530][122.991s] GC(45) Survivor regions: 37->0(85)
[2025-06-02T23:21:32.413+0530][122.991s] GC(45) Old regions: 7->7
[2025-06-02T23:21:32.413+0530][122.991s] GC(45) Archive regions: 2->2
[2025-06-02T23:21:32.413+0530][122.991s] GC(45) Humongous regions: 0->0
[2025-06-02T23:21:32.413+0530][122.991s] GC(45) Metaspace: 37642K(131072K)->16159K(17664K) NonClass: 25736K(90688K)->14100K(15424K) Class: 11905K(40384K)->2058K(2240K)
[2025-06-02T23:21:32.413+0530][122.991s] GC(45) Pause Full (Metadata GC Threshold) 43M->6M(512M) 231.380ms
[2025-06-02T23:21:32.414+0530][122.991s] GC(45) User=0.28s Sys=0.03s Real=0.23s
[2025-06-02T23:21:32.414+0530][122.992s] GC(46) Concurrent Mark From Roots 229.961ms
[2025-06-02T23:21:32.414+0530][122.992s] GC(46) Concurrent Mark Abort
[2025-06-02T23:21:32.414+0530][122.992s] GC(46) Concurrent Mark Cycle 231.796ms
[2025-06-02T23:21:33.954+0530][124.531s] GC(47) Pause Young (Concurrent Start) (Metadata GC Threshold)
[2025-06-02T23:21:33.954+0530][124.532s] GC(47) Using 8 workers of 8 for evacuation
[2025-06-02T23:21:34.030+0530][124.608s] GC(47) Skipped phase 1 of Reference Processing: no references
[2025-06-02T23:21:34.030+0530][124.608s] GC(47) ReferenceProcessor::execute queues: 1, RefProcThreadModel::Single, marks_oops_alive: false
[2025-06-02T23:21:34.030+0530][124.608s] GC(47) Skipped phase 3 of Reference Processing: no references
[2025-06-02T23:21:34.030+0530][124.608s] GC(47) Skipped phase 4 of Reference Processing: no references
[2025-06-02T23:21:34.032+0530][124.609s] GC(47)   Pre Evacuate Collection Set: 5.2ms
[2025-06-02T23:21:34.032+0530][124.609s] GC(47)   Merge Heap Roots: 0.2ms
[2025-06-02T23:21:34.032+0530][124.609s] GC(47)   Evacuate Collection Set: 70.6ms
[2025-06-02T23:21:34.032+0530][124.609s] GC(47)   Post Evacuate Collection Set: 1.5ms
[2025-06-02T23:21:34.032+0530][124.609s] GC(47)   Other: 0.5ms
[2025-06-02T23:21:34.032+0530][124.609s] GC(47) Eden regions: 257->0(270)
[2025-06-02T23:21:34.032+0530][124.609s] GC(47) Survivor regions: 0->37(39)
[2025-06-02T23:21:34.032+0530][124.609s] GC(47) Old regions: 7->7
[2025-06-02T23:21:34.032+0530][124.609s] GC(47) Archive regions: 2->2
[2025-06-02T23:21:34.032+0530][124.610s] GC(47) Humongous regions: 0->0
[2025-06-02T23:21:34.032+0530][124.610s] GC(47) Metaspace: 37642K(131072K)->37642K(131072K) NonClass: 25736K(90688K)->25736K(90688K) Class: 11905K(40384K)->11905K(40384K)
[2025-06-02T23:21:34.032+0530][124.610s] GC(47) Pause Young (Concurrent Start) (Metadata GC Threshold) 263M->43M(512M) 78.128ms
[2025-06-02T23:21:34.032+0530][124.610s] GC(47) User=0.33s Sys=0.03s Real=0.08s
[2025-06-02T23:21:34.032+0530][124.610s] GC(49) Concurrent Mark Cycle
[2025-06-02T23:21:34.032+0530][124.610s] GC(48) Using 8 workers of 8 for full compaction
[2025-06-02T23:21:34.032+0530][124.610s] GC(49) Concurrent Clear Claimed Marks
[2025-06-02T23:21:34.032+0530][124.610s] GC(48) Pause Full (Metadata GC Threshold)
[2025-06-02T23:21:34.034+0530][124.612s] GC(49) Concurrent Clear Claimed Marks 2.128ms
[2025-06-02T23:21:34.034+0530][124.612s] GC(49) Concurrent Scan Root Regions
[2025-06-02T23:21:34.034+0530][124.612s] GC(49) Concurrent Scan Root Regions 0.050ms
[2025-06-02T23:21:34.034+0530][124.612s] GC(49) Concurrent Mark
[2025-06-02T23:21:34.034+0530][124.612s] GC(49) Concurrent Mark From Roots
[2025-06-02T23:21:34.034+0530][124.612s] GC(49) Using 2 workers of 2 for marking
[2025-06-02T23:21:34.035+0530][124.613s] GC(48) Phase 1: Mark live objects
[2025-06-02T23:21:34.046+0530][124.624s] GC(48) Skipped phase 1 of Reference Processing: no references
[2025-06-02T23:21:34.046+0530][124.624s] GC(48) ReferenceProcessor::execute queues: 2, RefProcThreadModel::Multi, marks_oops_alive: false
[2025-06-02T23:21:34.046+0530][124.624s] GC(48) Skipped phase 3 of Reference Processing: no references
[2025-06-02T23:21:34.046+0530][124.624s] GC(48) ReferenceProcessor::execute queues: 1, RefProcThreadModel::Single, marks_oops_alive: false
[2025-06-02T23:21:34.150+0530][124.728s] GC(48) Phase 1: Mark live objects 115.103ms
[2025-06-02T23:21:34.150+0530][124.728s] GC(48) Phase 2: Prepare for compaction
[2025-06-02T23:21:34.152+0530][124.729s] GC(48) Phase 2: Prepare for compaction 1.609ms
[2025-06-02T23:21:34.152+0530][124.730s] GC(48) Phase 3: Adjust pointers
[2025-06-02T23:21:34.158+0530][124.736s] GC(48) Phase 3: Adjust pointers 6.662ms
[2025-06-02T23:21:34.158+0530][124.736s] GC(48) Phase 4: Compact heap
[2025-06-02T23:21:34.159+0530][124.736s] GC(48) Phase 4: Compact heap 0.267ms
[2025-06-02T23:21:34.357+0530][124.934s] GC(48) Eden regions: 0->0(307)
[2025-06-02T23:21:34.357+0530][124.935s] GC(48) Survivor regions: 37->0(39)
[2025-06-02T23:21:34.357+0530][124.935s] GC(48) Old regions: 7->8
[2025-06-02T23:21:34.357+0530][124.935s] GC(48) Archive regions: 2->2
[2025-06-02T23:21:34.357+0530][124.935s] GC(48) Humongous regions: 0->0
[2025-06-02T23:21:34.357+0530][124.935s] GC(48) Metaspace: 37642K(131072K)->16159K(17664K) NonClass: 25736K(90688K)->14100K(15424K) Class: 11905K(40384K)->2058K(2240K)
[2025-06-02T23:21:34.357+0530][124.935s] GC(48) Pause Full (Metadata GC Threshold) 43M->6M(512M) 324.860ms
[2025-06-02T23:21:34.357+0530][124.935s] GC(48) User=0.34s Sys=0.04s Real=0.32s
[2025-06-02T23:21:34.357+0530][124.935s] GC(49) Concurrent Mark From Roots 323.183ms
[2025-06-02T23:21:34.357+0530][124.935s] GC(49) Concurrent Mark Abort
[2025-06-02T23:21:34.357+0530][124.935s] GC(49) Concurrent Mark Cycle 325.607ms
[2025-06-02T23:21:35.777+0530][126.355s] GC(50) Pause Young (Concurrent Start) (Metadata GC Threshold)
[2025-06-02T23:21:35.777+0530][126.355s] GC(50) Using 8 workers of 8 for evacuation
[2025-06-02T23:21:35.828+0530][126.406s] GC(50) Skipped phase 1 of Reference Processing: no references
[2025-06-02T23:21:35.828+0530][126.406s] GC(50) ReferenceProcessor::execute queues: 1, RefProcThreadModel::Single, marks_oops_alive: false
[2025-06-02T23:21:35.828+0530][126.406s] GC(50) Skipped phase 3 of Reference Processing: no references
[2025-06-02T23:21:35.828+0530][126.406s] GC(50) Skipped phase 4 of Reference Processing: no references
[2025-06-02T23:21:35.829+0530][126.407s] GC(50)   Pre Evacuate Collection Set: 2.6ms
[2025-06-02T23:21:35.829+0530][126.407s] GC(50)   Merge Heap Roots: 0.1ms
[2025-06-02T23:21:35.829+0530][126.407s] GC(50)   Evacuate Collection Set: 47.8ms
[2025-06-02T23:21:35.829+0530][126.407s] GC(50)   Post Evacuate Collection Set: 1.3ms
[2025-06-02T23:21:35.829+0530][126.407s] GC(50)   Other: 0.2ms
[2025-06-02T23:21:35.829+0530][126.407s] GC(50) Eden regions: 241->0(273)
[2025-06-02T23:21:35.829+0530][126.407s] GC(50) Survivor regions: 0->34(39)
[2025-06-02T23:21:35.829+0530][126.407s] GC(50) Old regions: 8->8
[2025-06-02T23:21:35.829+0530][126.407s] GC(50) Archive regions: 2->2
[2025-06-02T23:21:35.829+0530][126.407s] GC(50) Humongous regions: 0->0
[2025-06-02T23:21:35.829+0530][126.407s] GC(50) Metaspace: 36303K(123904K)->36303K(123904K) NonClass: 25011K(85888K)->25011K(85888K) Class: 11291K(38016K)->11291K(38016K)
[2025-06-02T23:21:35.829+0530][126.407s] GC(50) Pause Young (Concurrent Start) (Metadata GC Threshold) 247M->40M(512M) 52.128ms
[2025-06-02T23:21:35.829+0530][126.407s] GC(50) User=0.22s Sys=0.02s Real=0.05s
[2025-06-02T23:21:35.829+0530][126.407s] GC(51) Concurrent Mark Cycle
[2025-06-02T23:21:35.829+0530][126.407s] GC(51) Concurrent Clear Claimed Marks
[2025-06-02T23:21:35.831+0530][126.409s] GC(51) Concurrent Clear Claimed Marks 1.443ms
[2025-06-02T23:21:35.831+0530][126.409s] GC(51) Concurrent Scan Root Regions
[2025-06-02T23:21:35.845+0530][126.423s] GC(51) Concurrent Scan Root Regions 13.897ms
[2025-06-02T23:21:35.845+0530][126.423s] GC(51) Concurrent Mark
[2025-06-02T23:21:35.845+0530][126.423s] GC(51) Concurrent Mark From Roots
[2025-06-02T23:21:35.845+0530][126.423s] GC(51) Using 2 workers of 2 for marking
[2025-06-02T23:21:35.853+0530][126.431s] GC(51) Concurrent Mark From Roots 8.243ms
[2025-06-02T23:21:35.853+0530][126.431s] GC(51) Concurrent Preclean
[2025-06-02T23:21:35.853+0530][126.431s] GC(51) Preclean SoftReferences 0.006ms
[2025-06-02T23:21:35.853+0530][126.431s] GC(51) Preclean WeakReferences 0.014ms
[2025-06-02T23:21:35.853+0530][126.431s] GC(51) Preclean FinalReferences 0.004ms
[2025-06-02T23:21:35.853+0530][126.431s] GC(51) Preclean PhantomReferences 0.013ms
[2025-06-02T23:21:35.853+0530][126.431s] GC(51) Concurrent Preclean 0.090ms
[2025-06-02T23:21:35.853+0530][126.431s] GC(51) Pause Remark
[2025-06-02T23:21:35.854+0530][126.431s] GC(51) Skipped phase 1 of Reference Processing: no references
[2025-06-02T23:21:35.854+0530][126.431s] GC(51) Skipped phase 2 of Reference Processing: no references
[2025-06-02T23:21:35.854+0530][126.431s] GC(51) Skipped phase 3 of Reference Processing: no references
[2025-06-02T23:21:35.854+0530][126.431s] GC(51) Skipped phase 4 of Reference Processing: no references
[2025-06-02T23:21:35.858+0530][126.435s] GC(51) Pause Remark 44M->44M(512M) 4.126ms
[2025-06-02T23:21:35.858+0530][126.435s] GC(51) User=0.01s Sys=0.00s Real=0.00s
[2025-06-02T23:21:35.858+0530][126.436s] GC(51) Concurrent Mark 12.718ms
[2025-06-02T23:21:35.858+0530][126.436s] GC(51) Concurrent Rebuild Remembered Sets
[2025-06-02T23:21:35.861+0530][126.439s] GC(51) Concurrent Rebuild Remembered Sets 3.319ms
[2025-06-02T23:21:35.861+0530][126.439s] GC(51) Pause Cleanup
[2025-06-02T23:21:35.861+0530][126.439s] GC(51) Pause Cleanup 44M->44M(512M) 0.113ms
[2025-06-02T23:21:35.861+0530][126.439s] GC(51) User=0.00s Sys=0.00s Real=0.00s
[2025-06-02T23:21:35.861+0530][126.439s] GC(51) Concurrent Cleanup for Next Mark
[2025-06-02T23:21:35.862+0530][126.440s] GC(51) Concurrent Cleanup for Next Mark 0.535ms
[2025-06-02T23:21:35.862+0530][126.440s] GC(51) Concurrent Mark Cycle 32.417ms
[2025-06-02T23:21:35.925+0530][126.502s] GC(52) Pause Young (Concurrent Start) (Metadata GC Threshold)
[2025-06-02T23:21:35.925+0530][126.502s] GC(52) Using 8 workers of 8 for evacuation
[2025-06-02T23:21:35.968+0530][126.546s] GC(52) Skipped phase 1 of Reference Processing: no references
[2025-06-02T23:21:35.969+0530][126.546s] GC(52) ReferenceProcessor::execute queues: 1, RefProcThreadModel::Single, marks_oops_alive: false
[2025-06-02T23:21:35.969+0530][126.546s] GC(52) Skipped phase 3 of Reference Processing: no references
[2025-06-02T23:21:35.969+0530][126.546s] GC(52) Skipped phase 4 of Reference Processing: no references
[2025-06-02T23:21:35.970+0530][126.548s] GC(52)   Pre Evacuate Collection Set: 1.9ms
[2025-06-02T23:21:35.970+0530][126.548s] GC(52)   Merge Heap Roots: 0.1ms
[2025-06-02T23:21:35.970+0530][126.548s] GC(52)   Evacuate Collection Set: 41.9ms
[2025-06-02T23:21:35.970+0530][126.548s] GC(52)   Post Evacuate Collection Set: 1.6ms
[2025-06-02T23:21:35.970+0530][126.548s] GC(52)   Other: 0.2ms
[2025-06-02T23:21:35.970+0530][126.548s] GC(52) Eden regions: 16->0(303)
[2025-06-02T23:21:35.970+0530][126.548s] GC(52) Survivor regions: 34->4(39)
[2025-06-02T23:21:35.970+0530][126.548s] GC(52) Old regions: 7->41
[2025-06-02T23:21:35.970+0530][126.548s] GC(52) Archive regions: 2->2
[2025-06-02T23:21:35.970+0530][126.548s] GC(52) Humongous regions: 0->0
[2025-06-02T23:21:35.970+0530][126.548s] GC(52) Metaspace: 37642K(131072K)->37642K(131072K) NonClass: 25736K(90688K)->25736K(90688K) Class: 11905K(40384K)->11905K(40384K)
[2025-06-02T23:21:35.970+0530][126.548s] GC(52) Pause Young (Concurrent Start) (Metadata GC Threshold) 56M->43M(512M) 45.680ms
[2025-06-02T23:21:35.970+0530][126.548s] GC(52) User=0.27s Sys=0.01s Real=0.05s
[2025-06-02T23:21:35.970+0530][126.548s] GC(53) Concurrent Mark Cycle
[2025-06-02T23:21:35.970+0530][126.548s] GC(54) Using 8 workers of 8 for full compaction
[2025-06-02T23:21:35.970+0530][126.548s] GC(53) Concurrent Clear Claimed Marks
[2025-06-02T23:21:35.970+0530][126.548s] GC(54) Pause Full (Metadata GC Threshold)
[2025-06-02T23:21:35.972+0530][126.550s] GC(53) Concurrent Clear Claimed Marks 2.099ms
[2025-06-02T23:21:35.973+0530][126.550s] GC(53) Concurrent Scan Root Regions
[2025-06-02T23:21:35.973+0530][126.550s] GC(53) Concurrent Scan Root Regions 0.045ms
[2025-06-02T23:21:35.973+0530][126.550s] GC(53) Concurrent Mark
[2025-06-02T23:21:35.973+0530][126.551s] GC(53) Concurrent Mark From Roots
[2025-06-02T23:21:35.973+0530][126.551s] GC(53) Using 2 workers of 2 for marking
[2025-06-02T23:21:35.973+0530][126.551s] GC(54) Phase 1: Mark live objects
[2025-06-02T23:21:35.979+0530][126.557s] GC(54) Skipped phase 1 of Reference Processing: no references
[2025-06-02T23:21:35.979+0530][126.557s] GC(54) ReferenceProcessor::execute queues: 2, RefProcThreadModel::Multi, marks_oops_alive: false
[2025-06-02T23:21:35.979+0530][126.557s] GC(54) Skipped phase 3 of Reference Processing: no references
[2025-06-02T23:21:35.979+0530][126.557s] GC(54) ReferenceProcessor::execute queues: 1, RefProcThreadModel::Single, marks_oops_alive: false
[2025-06-02T23:21:36.110+0530][126.687s] GC(54) Phase 1: Mark live objects 136.450ms
[2025-06-02T23:21:36.110+0530][126.688s] GC(54) Phase 2: Prepare for compaction
[2025-06-02T23:21:36.137+0530][126.715s] GC(54) Phase 2: Prepare for compaction 27.408ms
[2025-06-02T23:21:36.137+0530][126.715s] GC(54) Phase 3: Adjust pointers
[2025-06-02T23:21:36.147+0530][126.725s] GC(54) Phase 3: Adjust pointers 9.653ms
[2025-06-02T23:21:36.147+0530][126.725s] GC(54) Phase 4: Compact heap
[2025-06-02T23:21:36.147+0530][126.725s] GC(54) Phase 4: Compact heap 0.243ms
[2025-06-02T23:21:36.306+0530][126.884s] GC(54) Eden regions: 0->0(307)
[2025-06-02T23:21:36.306+0530][126.884s] GC(54) Survivor regions: 4->0(39)
[2025-06-02T23:21:36.306+0530][126.884s] GC(54) Old regions: 41->9
[2025-06-02T23:21:36.306+0530][126.884s] GC(54) Archive regions: 2->2
[2025-06-02T23:21:36.306+0530][126.884s] GC(54) Humongous regions: 0->0
[2025-06-02T23:21:36.306+0530][126.884s] GC(54) Metaspace: 37642K(131072K)->16159K(17664K) NonClass: 25736K(90688K)->14100K(15424K) Class: 11905K(40384K)->2058K(2240K)
[2025-06-02T23:21:36.306+0530][126.884s] GC(54) Pause Full (Metadata GC Threshold) 43M->6M(512M) 335.583ms
[2025-06-02T23:21:36.306+0530][126.884s] GC(54) User=0.26s Sys=0.03s Real=0.33s
[2025-06-02T23:21:36.306+0530][126.884s] GC(53) Concurrent Mark From Roots 333.567ms
[2025-06-02T23:21:36.306+0530][126.884s] GC(53) Concurrent Mark Abort
[2025-06-02T23:21:36.306+0530][126.884s] GC(53) Concurrent Mark Cycle 336.027ms
[2025-06-02T23:21:38.083+0530][128.661s] GC(55) Pause Young (Concurrent Start) (Metadata GC Threshold)
[2025-06-02T23:21:38.083+0530][128.661s] GC(55) Using 8 workers of 8 for evacuation
[2025-06-02T23:21:38.131+0530][128.709s] GC(55) Skipped phase 1 of Reference Processing: no references
[2025-06-02T23:21:38.131+0530][128.709s] GC(55) ReferenceProcessor::execute queues: 1, RefProcThreadModel::Single, marks_oops_alive: false
[2025-06-02T23:21:38.131+0530][128.709s] GC(55) Skipped phase 3 of Reference Processing: no references
[2025-06-02T23:21:38.131+0530][128.709s] GC(55) Skipped phase 4 of Reference Processing: no references
[2025-06-02T23:21:38.133+0530][128.711s] GC(55)   Pre Evacuate Collection Set: 2.1ms
[2025-06-02T23:21:38.133+0530][128.711s] GC(55)   Merge Heap Roots: 0.1ms
[2025-06-02T23:21:38.133+0530][128.711s] GC(55)   Evacuate Collection Set: 45.4ms
[2025-06-02T23:21:38.133+0530][128.711s] GC(55)   Post Evacuate Collection Set: 2.2ms
[2025-06-02T23:21:38.133+0530][128.711s] GC(55)   Other: 0.2ms
[2025-06-02T23:21:38.133+0530][128.711s] GC(55) Eden regions: 257->0(271)
[2025-06-02T23:21:38.133+0530][128.711s] GC(55) Survivor regions: 0->36(39)
[2025-06-02T23:21:38.133+0530][128.711s] GC(55) Old regions: 9->9
[2025-06-02T23:21:38.133+0530][128.711s] GC(55) Archive regions: 2->2
[2025-06-02T23:21:38.133+0530][128.711s] GC(55) Humongous regions: 0->0
[2025-06-02T23:21:38.133+0530][128.711s] GC(55) Metaspace: 37642K(131072K)->37642K(131072K) NonClass: 25736K(90688K)->25736K(90688K) Class: 11905K(40384K)->11905K(40384K)
[2025-06-02T23:21:38.133+0530][128.711s] GC(55) Pause Young (Concurrent Start) (Metadata GC Threshold) 263M->41M(512M) 50.187ms
[2025-06-02T23:21:38.134+0530][128.711s] GC(55) User=0.30s Sys=0.01s Real=0.05s
[2025-06-02T23:21:38.134+0530][128.712s] GC(56) Concurrent Mark Cycle
[2025-06-02T23:21:38.134+0530][128.712s] GC(57) Using 8 workers of 8 for full compaction
[2025-06-02T23:21:38.134+0530][128.712s] GC(56) Concurrent Clear Claimed Marks
[2025-06-02T23:21:38.134+0530][128.712s] GC(57) Pause Full (Metadata GC Threshold)
[2025-06-02T23:21:38.135+0530][128.713s] GC(56) Concurrent Clear Claimed Marks 1.842ms
[2025-06-02T23:21:38.135+0530][128.713s] GC(56) Concurrent Scan Root Regions
[2025-06-02T23:21:38.135+0530][128.713s] GC(56) Concurrent Scan Root Regions 0.033ms
[2025-06-02T23:21:38.136+0530][128.713s] GC(56) Concurrent Mark
[2025-06-02T23:21:38.136+0530][128.713s] GC(56) Concurrent Mark From Roots
[2025-06-02T23:21:38.136+0530][128.714s] GC(56) Using 2 workers of 2 for marking
[2025-06-02T23:21:38.136+0530][128.714s] GC(57) Phase 1: Mark live objects
[2025-06-02T23:21:38.141+0530][128.719s] GC(57) Skipped phase 1 of Reference Processing: no references
[2025-06-02T23:21:38.141+0530][128.719s] GC(57) ReferenceProcessor::execute queues: 2, RefProcThreadModel::Multi, marks_oops_alive: false
[2025-06-02T23:21:38.142+0530][128.720s] GC(57) Skipped phase 3 of Reference Processing: no references
[2025-06-02T23:21:38.142+0530][128.720s] GC(57) ReferenceProcessor::execute queues: 1, RefProcThreadModel::Single, marks_oops_alive: false
[2025-06-02T23:21:38.228+0530][128.806s] GC(57) Phase 1: Mark live objects 92.122ms
[2025-06-02T23:21:38.228+0530][128.806s] GC(57) Phase 2: Prepare for compaction
[2025-06-02T23:21:38.230+0530][128.808s] GC(57) Phase 2: Prepare for compaction 1.698ms
[2025-06-02T23:21:38.230+0530][128.808s] GC(57) Phase 3: Adjust pointers
[2025-06-02T23:21:38.234+0530][128.812s] GC(57) Phase 3: Adjust pointers 4.299ms
[2025-06-02T23:21:38.234+0530][128.812s] GC(57) Phase 4: Compact heap
[2025-06-02T23:21:38.235+0530][128.813s] GC(57) Phase 4: Compact heap 0.263ms
[2025-06-02T23:21:38.371+0530][128.949s] GC(57) Eden regions: 0->0(307)
[2025-06-02T23:21:38.371+0530][128.949s] GC(57) Survivor regions: 36->0(39)
[2025-06-02T23:21:38.371+0530][128.949s] GC(57) Old regions: 9->8
[2025-06-02T23:21:38.371+0530][128.949s] GC(57) Archive regions: 2->2
[2025-06-02T23:21:38.371+0530][128.949s] GC(57) Humongous regions: 0->0
[2025-06-02T23:21:38.371+0530][128.949s] GC(57) Metaspace: 37642K(131072K)->16159K(17664K) NonClass: 25736K(90688K)->14100K(15424K) Class: 11905K(40384K)->2058K(2240K)
[2025-06-02T23:21:38.371+0530][128.949s] GC(57) Pause Full (Metadata GC Threshold) 41M->6M(512M) 237.347ms
[2025-06-02T23:21:38.371+0530][128.949s] GC(57) User=0.26s Sys=0.03s Real=0.24s
[2025-06-02T23:21:38.371+0530][128.949s] GC(56) Concurrent Mark From Roots 235.780ms
[2025-06-02T23:21:38.371+0530][128.949s] GC(56) Concurrent Mark Abort
[2025-06-02T23:21:38.371+0530][128.949s] GC(56) Concurrent Mark Cycle 237.811ms
[2025-06-02T23:21:39.691+0530][130.269s] GC(58) Pause Young (Concurrent Start) (Metadata GC Threshold)
[2025-06-02T23:21:39.691+0530][130.269s] GC(58) Using 8 workers of 8 for evacuation
[2025-06-02T23:21:39.733+0530][130.311s] GC(58) Skipped phase 1 of Reference Processing: no references
[2025-06-02T23:21:39.733+0530][130.311s] GC(58) ReferenceProcessor::execute queues: 1, RefProcThreadModel::Single, marks_oops_alive: false
[2025-06-02T23:21:39.733+0530][130.311s] GC(58) Skipped phase 3 of Reference Processing: no references
[2025-06-02T23:21:39.733+0530][130.311s] GC(58) Skipped phase 4 of Reference Processing: no references
[2025-06-02T23:21:39.739+0530][130.317s] GC(58)   Pre Evacuate Collection Set: 1.8ms
[2025-06-02T23:21:39.739+0530][130.317s] GC(58)   Merge Heap Roots: 0.1ms
[2025-06-02T23:21:39.739+0530][130.317s] GC(58)   Evacuate Collection Set: 39.9ms
[2025-06-02T23:21:39.739+0530][130.317s] GC(58)   Post Evacuate Collection Set: 5.2ms
[2025-06-02T23:21:39.739+0530][130.317s] GC(58)   Other: 0.2ms
[2025-06-02T23:21:39.739+0530][130.317s] GC(58) Eden regions: 241->0(641)
[2025-06-02T23:21:39.739+0530][130.317s] GC(58) Survivor regions: 0->35(39)
[2025-06-02T23:21:39.739+0530][130.317s] GC(58) Old regions: 8->8
[2025-06-02T23:21:39.739+0530][130.317s] GC(58) Archive regions: 2->2
[2025-06-02T23:21:39.739+0530][130.317s] GC(58) Humongous regions: 0->0
[2025-06-02T23:21:39.739+0530][130.317s] GC(58) Metaspace: 36303K(123904K)->36303K(123904K) NonClass: 25011K(85888K)->25011K(85888K) Class: 11291K(38016K)->11291K(38016K)
[2025-06-02T23:21:39.739+0530][130.317s] GC(58) Pause Young (Concurrent Start) (Metadata GC Threshold) 247M->41M(1127M) 47.365ms
[2025-06-02T23:21:39.739+0530][130.317s] GC(58) User=0.30s Sys=0.01s Real=0.04s
[2025-06-02T23:21:39.739+0530][130.317s] GC(59) Concurrent Mark Cycle
[2025-06-02T23:21:39.739+0530][130.317s] GC(59) Concurrent Clear Claimed Marks
[2025-06-02T23:21:39.741+0530][130.319s] GC(59) Concurrent Clear Claimed Marks 2.013ms
[2025-06-02T23:21:39.741+0530][130.319s] GC(59) Concurrent Scan Root Regions
[2025-06-02T23:21:39.754+0530][130.332s] GC(59) Concurrent Scan Root Regions 12.571ms
[2025-06-02T23:21:39.754+0530][130.332s] GC(59) Concurrent Mark
[2025-06-02T23:21:39.754+0530][130.332s] GC(59) Concurrent Mark From Roots
[2025-06-02T23:21:39.754+0530][130.332s] GC(59) Using 2 workers of 2 for marking
[2025-06-02T23:21:39.760+0530][130.338s] GC(59) Concurrent Mark From Roots 6.782ms
[2025-06-02T23:21:39.760+0530][130.338s] GC(59) Concurrent Preclean
[2025-06-02T23:21:39.760+0530][130.338s] GC(59) Preclean SoftReferences 0.006ms
[2025-06-02T23:21:39.760+0530][130.338s] GC(59) Preclean WeakReferences 0.014ms
[2025-06-02T23:21:39.760+0530][130.338s] GC(59) Preclean FinalReferences 0.004ms
[2025-06-02T23:21:39.760+0530][130.338s] GC(59) Preclean PhantomReferences 0.011ms
[2025-06-02T23:21:39.760+0530][130.339s] GC(59) Concurrent Preclean 0.084ms
[2025-06-02T23:21:39.761+0530][130.339s] GC(59) Pause Remark
[2025-06-02T23:21:39.761+0530][130.339s] GC(59) Skipped phase 1 of Reference Processing: no references
[2025-06-02T23:21:39.761+0530][130.339s] GC(59) Skipped phase 2 of Reference Processing: no references
[2025-06-02T23:21:39.761+0530][130.339s] GC(59) Skipped phase 3 of Reference Processing: no references
[2025-06-02T23:21:39.761+0530][130.339s] GC(59) Skipped phase 4 of Reference Processing: no references
[2025-06-02T23:21:39.765+0530][130.343s] GC(59) Pause Remark 45M->45M(512M) 3.930ms
[2025-06-02T23:21:39.765+0530][130.343s] GC(59) User=0.01s Sys=0.00s Real=0.00s
[2025-06-02T23:21:39.765+0530][130.343s] GC(59) Concurrent Mark 11.118ms
[2025-06-02T23:21:39.765+0530][130.343s] GC(59) Concurrent Rebuild Remembered Sets
[2025-06-02T23:21:39.768+0530][130.346s] GC(59) Concurrent Rebuild Remembered Sets 3.630ms
[2025-06-02T23:21:39.768+0530][130.346s] GC(59) Pause Cleanup
[2025-06-02T23:21:39.769+0530][130.347s] GC(59) Pause Cleanup 45M->45M(512M) 0.130ms
[2025-06-02T23:21:39.769+0530][130.347s] GC(59) User=0.00s Sys=0.00s Real=0.00s
[2025-06-02T23:21:39.769+0530][130.347s] GC(59) Concurrent Cleanup for Next Mark
[2025-06-02T23:21:39.769+0530][130.347s] GC(59) Concurrent Cleanup for Next Mark 0.506ms
[2025-06-02T23:21:39.769+0530][130.347s] GC(59) Concurrent Mark Cycle 30.361ms
[2025-06-02T23:21:39.831+0530][130.409s] GC(60) Pause Young (Concurrent Start) (Metadata GC Threshold)
[2025-06-02T23:21:39.831+0530][130.409s] GC(60) Using 8 workers of 8 for evacuation
[2025-06-02T23:21:39.875+0530][130.453s] GC(60) Skipped phase 1 of Reference Processing: no references
[2025-06-02T23:21:39.875+0530][130.453s] GC(60) ReferenceProcessor::execute queues: 1, RefProcThreadModel::Single, marks_oops_alive: false
[2025-06-02T23:21:39.875+0530][130.453s] GC(60) Skipped phase 3 of Reference Processing: no references
[2025-06-02T23:21:39.875+0530][130.453s] GC(60) Skipped phase 4 of Reference Processing: no references
[2025-06-02T23:21:39.876+0530][130.454s] GC(60)   Pre Evacuate Collection Set: 1.9ms
[2025-06-02T23:21:39.876+0530][130.454s] GC(60)   Merge Heap Roots: 0.1ms
[2025-06-02T23:21:39.876+0530][130.454s] GC(60)   Evacuate Collection Set: 42.2ms
[2025-06-02T23:21:39.876+0530][130.454s] GC(60)   Post Evacuate Collection Set: 1.3ms
[2025-06-02T23:21:39.876+0530][130.454s] GC(60)   Other: 0.2ms
[2025-06-02T23:21:39.876+0530][130.454s] GC(60) Eden regions: 16->0(270)
[2025-06-02T23:21:39.876+0530][130.454s] GC(60) Survivor regions: 35->37(85)
[2025-06-02T23:21:39.876+0530][130.454s] GC(60) Old regions: 7->7
[2025-06-02T23:21:39.876+0530][130.454s] GC(60) Archive regions: 2->2
[2025-06-02T23:21:39.876+0530][130.454s] GC(60) Humongous regions: 0->0
[2025-06-02T23:21:39.876+0530][130.454s] GC(60) Metaspace: 37642K(131072K)->37642K(131072K) NonClass: 25736K(90688K)->25736K(90688K) Class: 11905K(40384K)->11905K(40384K)
[2025-06-02T23:21:39.877+0530][130.455s] GC(60) Pause Young (Concurrent Start) (Metadata GC Threshold) 57M->42M(512M) 45.782ms
[2025-06-02T23:21:39.877+0530][130.455s] GC(60) User=0.31s Sys=0.00s Real=0.04s
[2025-06-02T23:21:39.877+0530][130.455s] GC(61) Using 8 workers of 8 for full compaction
[2025-06-02T23:21:39.877+0530][130.455s] GC(62) Concurrent Mark Cycle
[2025-06-02T23:21:39.877+0530][130.455s] GC(62) Concurrent Clear Claimed Marks
[2025-06-02T23:21:39.877+0530][130.455s] GC(61) Pause Full (Metadata GC Threshold)
[2025-06-02T23:21:39.879+0530][130.457s] GC(62) Concurrent Clear Claimed Marks 2.668ms
[2025-06-02T23:21:39.879+0530][130.457s] GC(62) Concurrent Scan Root Regions
[2025-06-02T23:21:39.879+0530][130.457s] GC(62) Concurrent Scan Root Regions 0.031ms
[2025-06-02T23:21:39.879+0530][130.457s] GC(62) Concurrent Mark
[2025-06-02T23:21:39.879+0530][130.457s] GC(62) Concurrent Mark From Roots
[2025-06-02T23:21:39.879+0530][130.457s] GC(62) Using 2 workers of 2 for marking
[2025-06-02T23:21:39.880+0530][130.458s] GC(61) Phase 1: Mark live objects
[2025-06-02T23:21:39.886+0530][130.464s] GC(61) Skipped phase 1 of Reference Processing: no references
[2025-06-02T23:21:39.886+0530][130.464s] GC(61) ReferenceProcessor::execute queues: 2, RefProcThreadModel::Multi, marks_oops_alive: false
[2025-06-02T23:21:39.886+0530][130.464s] GC(61) Skipped phase 3 of Reference Processing: no references
[2025-06-02T23:21:39.886+0530][130.464s] GC(61) ReferenceProcessor::execute queues: 1, RefProcThreadModel::Single, marks_oops_alive: false
[2025-06-02T23:21:39.966+0530][130.544s] GC(61) Phase 1: Mark live objects 85.740ms
[2025-06-02T23:21:39.966+0530][130.544s] GC(61) Phase 2: Prepare for compaction
[2025-06-02T23:21:39.967+0530][130.545s] GC(61) Phase 2: Prepare for compaction 1.075ms
[2025-06-02T23:21:39.967+0530][130.545s] GC(61) Phase 3: Adjust pointers
[2025-06-02T23:21:39.970+0530][130.549s] GC(61) Phase 3: Adjust pointers 3.463ms
[2025-06-02T23:21:39.971+0530][130.549s] GC(61) Phase 4: Compact heap
[2025-06-02T23:21:39.971+0530][130.549s] GC(61) Phase 4: Compact heap 0.246ms
[2025-06-02T23:21:40.111+0530][130.689s] GC(61) Eden regions: 0->0(307)
[2025-06-02T23:21:40.111+0530][130.689s] GC(61) Survivor regions: 37->0(85)
[2025-06-02T23:21:40.111+0530][130.689s] GC(61) Old regions: 7->8
[2025-06-02T23:21:40.111+0530][130.689s] GC(61) Archive regions: 2->2
[2025-06-02T23:21:40.111+0530][130.689s] GC(61) Humongous regions: 0->0
[2025-06-02T23:21:40.111+0530][130.689s] GC(61) Metaspace: 37642K(131072K)->16159K(17664K) NonClass: 25736K(90688K)->14100K(15424K) Class: 11905K(40384K)->2058K(2240K)
[2025-06-02T23:21:40.111+0530][130.689s] GC(61) Pause Full (Metadata GC Threshold) 42M->6M(512M) 234.066ms
[2025-06-02T23:21:40.111+0530][130.689s] GC(61) User=0.25s Sys=0.03s Real=0.24s
[2025-06-02T23:21:40.111+0530][130.689s] GC(62) Concurrent Mark From Roots 231.552ms
[2025-06-02T23:21:40.111+0530][130.689s] GC(62) Concurrent Mark Abort
[2025-06-02T23:21:40.111+0530][130.689s] GC(62) Concurrent Mark Cycle 234.442ms
[2025-06-02T23:21:41.620+0530][132.198s] GC(63) Pause Young (Concurrent Start) (Metadata GC Threshold)
[2025-06-02T23:21:41.620+0530][132.198s] GC(63) Using 8 workers of 8 for evacuation
[2025-06-02T23:21:41.666+0530][132.244s] GC(63) Skipped phase 1 of Reference Processing: no references
[2025-06-02T23:21:41.666+0530][132.244s] GC(63) ReferenceProcessor::execute queues: 1, RefProcThreadModel::Single, marks_oops_alive: false
[2025-06-02T23:21:41.666+0530][132.244s] GC(63) Skipped phase 3 of Reference Processing: no references
[2025-06-02T23:21:41.666+0530][132.244s] GC(63) Skipped phase 4 of Reference Processing: no references
[2025-06-02T23:21:41.667+0530][132.245s] GC(63)   Pre Evacuate Collection Set: 2.1ms
[2025-06-02T23:21:41.667+0530][132.245s] GC(63)   Merge Heap Roots: 0.1ms
[2025-06-02T23:21:41.667+0530][132.245s] GC(63)   Evacuate Collection Set: 43.5ms
[2025-06-02T23:21:41.667+0530][132.245s] GC(63)   Post Evacuate Collection Set: 1.4ms
[2025-06-02T23:21:41.667+0530][132.245s] GC(63)   Other: 0.2ms
[2025-06-02T23:21:41.667+0530][132.245s] GC(63) Eden regions: 257->0(270)
[2025-06-02T23:21:41.667+0530][132.245s] GC(63) Survivor regions: 0->37(39)
[2025-06-02T23:21:41.667+0530][132.245s] GC(63) Old regions: 8->8
[2025-06-02T23:21:41.667+0530][132.245s] GC(63) Archive regions: 2->2
[2025-06-02T23:21:41.667+0530][132.245s] GC(63) Humongous regions: 0->0
[2025-06-02T23:21:41.667+0530][132.245s] GC(63) Metaspace: 37642K(131072K)->37642K(131072K) NonClass: 25736K(90688K)->25736K(90688K) Class: 11905K(40384K)->11905K(40384K)
[2025-06-02T23:21:41.667+0530][132.245s] GC(63) Pause Young (Concurrent Start) (Metadata GC Threshold) 263M->42M(512M) 47.471ms
[2025-06-02T23:21:41.667+0530][132.245s] GC(63) User=0.31s Sys=0.01s Real=0.04s
[2025-06-02T23:21:41.667+0530][132.245s] GC(64) Using 8 workers of 8 for full compaction
[2025-06-02T23:21:41.667+0530][132.245s] GC(65) Concurrent Mark Cycle
[2025-06-02T23:21:41.667+0530][132.245s] GC(64) Pause Full (Metadata GC Threshold)
[2025-06-02T23:21:41.667+0530][132.245s] GC(65) Concurrent Clear Claimed Marks
[2025-06-02T23:21:41.669+0530][132.247s] GC(65) Concurrent Clear Claimed Marks 1.682ms
[2025-06-02T23:21:41.669+0530][132.247s] GC(65) Concurrent Scan Root Regions
[2025-06-02T23:21:41.669+0530][132.247s] GC(65) Concurrent Scan Root Regions 0.051ms
[2025-06-02T23:21:41.669+0530][132.247s] GC(65) Concurrent Mark
[2025-06-02T23:21:41.669+0530][132.247s] GC(65) Concurrent Mark From Roots
[2025-06-02T23:21:41.669+0530][132.247s] GC(65) Using 2 workers of 2 for marking
[2025-06-02T23:21:41.670+0530][132.248s] GC(64) Phase 1: Mark live objects
[2025-06-02T23:21:41.676+0530][132.254s] GC(64) Skipped phase 1 of Reference Processing: no references
[2025-06-02T23:21:41.676+0530][132.254s] GC(64) ReferenceProcessor::execute queues: 2, RefProcThreadModel::Multi, marks_oops_alive: false
[2025-06-02T23:21:41.676+0530][132.254s] GC(64) Skipped phase 3 of Reference Processing: no references
[2025-06-02T23:21:41.676+0530][132.254s] GC(64) ReferenceProcessor::execute queues: 1, RefProcThreadModel::Single, marks_oops_alive: false
[2025-06-02T23:21:41.767+0530][132.345s] GC(64) Phase 1: Mark live objects 97.233ms
[2025-06-02T23:21:41.767+0530][132.345s] GC(64) Phase 2: Prepare for compaction
[2025-06-02T23:21:41.770+0530][132.348s] GC(64) Phase 2: Prepare for compaction 3.264ms
[2025-06-02T23:21:41.772+0530][132.350s] GC(64) Phase 3: Adjust pointers
[2025-06-02T23:21:41.812+0530][132.390s] GC(64) Phase 3: Adjust pointers 40.261ms
[2025-06-02T23:21:41.812+0530][132.390s] GC(64) Phase 4: Compact heap
[2025-06-02T23:21:41.814+0530][132.392s] GC(64) Phase 4: Compact heap 2.159ms
[2025-06-02T23:21:42.035+0530][132.613s] GC(64) Eden regions: 0->0(307)
[2025-06-02T23:21:42.035+0530][132.613s] GC(64) Survivor regions: 37->0(39)
[2025-06-02T23:21:42.035+0530][132.613s] GC(64) Old regions: 8->7
[2025-06-02T23:21:42.035+0530][132.613s] GC(64) Archive regions: 2->2
[2025-06-02T23:21:42.035+0530][132.613s] GC(64) Humongous regions: 0->0
[2025-06-02T23:21:42.035+0530][132.613s] GC(64) Metaspace: 37642K(131072K)->16159K(17664K) NonClass: 25736K(90688K)->14100K(15424K) Class: 11905K(40384K)->2058K(2240K)
[2025-06-02T23:21:42.035+0530][132.613s] GC(64) Pause Full (Metadata GC Threshold) 42M->6M(512M) 367.961ms
[2025-06-02T23:21:42.036+0530][132.614s] GC(64) User=0.30s Sys=0.04s Real=0.37s
[2025-06-02T23:21:42.036+0530][132.614s] GC(65) Concurrent Mark From Roots 366.596ms
[2025-06-02T23:21:42.036+0530][132.614s] GC(65) Concurrent Mark Abort
[2025-06-02T23:21:42.036+0530][132.614s] GC(65) Concurrent Mark Cycle 368.453ms
[2025-06-02T23:21:43.809+0530][134.387s] GC(66) Pause Young (Concurrent Start) (Metadata GC Threshold)
[2025-06-02T23:21:43.809+0530][134.387s] GC(66) Using 8 workers of 8 for evacuation
[2025-06-02T23:21:43.859+0530][134.437s] GC(66) Skipped phase 1 of Reference Processing: no references
[2025-06-02T23:21:43.859+0530][134.437s] GC(66) ReferenceProcessor::execute queues: 1, RefProcThreadModel::Single, marks_oops_alive: false
[2025-06-02T23:21:43.859+0530][134.437s] GC(66) Skipped phase 3 of Reference Processing: no references
[2025-06-02T23:21:43.859+0530][134.437s] GC(66) Skipped phase 4 of Reference Processing: no references
[2025-06-02T23:21:43.860+0530][134.438s] GC(66)   Pre Evacuate Collection Set: 1.8ms
[2025-06-02T23:21:43.860+0530][134.438s] GC(66)   Merge Heap Roots: 0.1ms
[2025-06-02T23:21:43.860+0530][134.438s] GC(66)   Evacuate Collection Set: 47.4ms
[2025-06-02T23:21:43.860+0530][134.438s] GC(66)   Post Evacuate Collection Set: 1.5ms
[2025-06-02T23:21:43.860+0530][134.438s] GC(66)   Other: 0.2ms
[2025-06-02T23:21:43.860+0530][134.438s] GC(66) Eden regions: 241->0(272)
[2025-06-02T23:21:43.860+0530][134.438s] GC(66) Survivor regions: 0->35(39)
[2025-06-02T23:21:43.860+0530][134.438s] GC(66) Old regions: 7->7
[2025-06-02T23:21:43.860+0530][134.438s] GC(66) Archive regions: 2->2
[2025-06-02T23:21:43.860+0530][134.438s] GC(66) Humongous regions: 0->0
[2025-06-02T23:21:43.860+0530][134.438s] GC(66) Metaspace: 36303K(123904K)->36303K(123904K) NonClass: 25011K(85888K)->25011K(85888K) Class: 11291K(38016K)->11291K(38016K)
[2025-06-02T23:21:43.860+0530][134.438s] GC(66) Pause Young (Concurrent Start) (Metadata GC Threshold) 247M->40M(512M) 51.170ms
[2025-06-02T23:21:43.860+0530][134.438s] GC(66) User=0.27s Sys=0.01s Real=0.06s
[2025-06-02T23:21:43.860+0530][134.438s] GC(67) Concurrent Mark Cycle
[2025-06-02T23:21:43.860+0530][134.439s] GC(67) Concurrent Clear Claimed Marks
[2025-06-02T23:21:43.862+0530][134.440s] GC(67) Concurrent Clear Claimed Marks 1.858ms
[2025-06-02T23:21:43.862+0530][134.440s] GC(67) Concurrent Scan Root Regions
[2025-06-02T23:21:43.877+0530][134.456s] GC(67) Concurrent Scan Root Regions 15.172ms
[2025-06-02T23:21:43.877+0530][134.456s] GC(67) Concurrent Mark
[2025-06-02T23:21:43.878+0530][134.456s] GC(67) Concurrent Mark From Roots
[2025-06-02T23:21:43.878+0530][134.456s] GC(67) Using 2 workers of 2 for marking
[2025-06-02T23:21:43.887+0530][134.465s] GC(67) Concurrent Mark From Roots 9.665ms
[2025-06-02T23:21:43.887+0530][134.465s] GC(67) Concurrent Preclean
[2025-06-02T23:21:43.887+0530][134.465s] GC(67) Preclean SoftReferences 0.006ms
[2025-06-02T23:21:43.887+0530][134.465s] GC(67) Preclean WeakReferences 0.016ms
[2025-06-02T23:21:43.887+0530][134.466s] GC(67) Preclean FinalReferences 0.004ms
[2025-06-02T23:21:43.887+0530][134.466s] GC(67) Preclean PhantomReferences 0.016ms
[2025-06-02T23:21:43.887+0530][134.466s] GC(67) Concurrent Preclean 0.099ms
[2025-06-02T23:21:43.887+0530][134.466s] GC(67) Pause Remark
[2025-06-02T23:21:43.888+0530][134.466s] GC(67) Skipped phase 1 of Reference Processing: no references
[2025-06-02T23:21:43.888+0530][134.466s] GC(67) Skipped phase 2 of Reference Processing: no references
[2025-06-02T23:21:43.888+0530][134.466s] GC(67) Skipped phase 3 of Reference Processing: no references
[2025-06-02T23:21:43.888+0530][134.466s] GC(67) Skipped phase 4 of Reference Processing: no references
[2025-06-02T23:21:43.892+0530][134.470s] GC(67) Pause Remark 44M->44M(512M) 4.173ms
[2025-06-02T23:21:43.892+0530][134.470s] GC(67) User=0.01s Sys=0.01s Real=0.01s
[2025-06-02T23:21:43.892+0530][134.470s] GC(67) Concurrent Mark 14.334ms
[2025-06-02T23:21:43.892+0530][134.470s] GC(67) Concurrent Rebuild Remembered Sets
[2025-06-02T23:21:43.895+0530][134.473s] GC(67) Concurrent Rebuild Remembered Sets 3.258ms
[2025-06-02T23:21:43.895+0530][134.473s] GC(67) Pause Cleanup
[2025-06-02T23:21:43.895+0530][134.474s] GC(67) Pause Cleanup 45M->45M(512M) 0.131ms
[2025-06-02T23:21:43.895+0530][134.474s] GC(67) User=0.00s Sys=0.00s Real=0.00s
[2025-06-02T23:21:43.895+0530][134.474s] GC(67) Concurrent Cleanup for Next Mark
[2025-06-02T23:21:43.896+0530][134.474s] GC(67) Concurrent Cleanup for Next Mark 0.601ms
[2025-06-02T23:21:43.896+0530][134.474s] GC(67) Concurrent Mark Cycle 35.814ms
[2025-06-02T23:21:43.966+0530][134.545s] GC(68) Pause Young (Concurrent Start) (Metadata GC Threshold)
[2025-06-02T23:21:43.966+0530][134.545s] GC(68) Using 8 workers of 8 for evacuation
[2025-06-02T23:21:44.011+0530][134.590s] GC(68) Skipped phase 1 of Reference Processing: no references
[2025-06-02T23:21:44.011+0530][134.590s] GC(68) ReferenceProcessor::execute queues: 1, RefProcThreadModel::Single, marks_oops_alive: false
[2025-06-02T23:21:44.012+0530][134.590s] GC(68) Skipped phase 3 of Reference Processing: no references
[2025-06-02T23:21:44.012+0530][134.590s] GC(68) Skipped phase 4 of Reference Processing: no references
[2025-06-02T23:21:44.013+0530][134.591s] GC(68)   Pre Evacuate Collection Set: 1.9ms
[2025-06-02T23:21:44.013+0530][134.591s] GC(68)   Merge Heap Roots: 0.1ms
[2025-06-02T23:21:44.013+0530][134.591s] GC(68)   Evacuate Collection Set: 42.9ms
[2025-06-02T23:21:44.013+0530][134.591s] GC(68)   Post Evacuate Collection Set: 1.7ms
[2025-06-02T23:21:44.013+0530][134.591s] GC(68)   Other: 0.2ms
[2025-06-02T23:21:44.013+0530][134.591s] GC(68) Eden regions: 16->0(303)
[2025-06-02T23:21:44.013+0530][134.591s] GC(68) Survivor regions: 35->4(39)
[2025-06-02T23:21:44.013+0530][134.591s] GC(68) Old regions: 7->41
[2025-06-02T23:21:44.013+0530][134.591s] GC(68) Archive regions: 2->2
[2025-06-02T23:21:44.013+0530][134.591s] GC(68) Humongous regions: 0->0
[2025-06-02T23:21:44.013+0530][134.591s] GC(68) Metaspace: 37642K(131072K)->37642K(131072K) NonClass: 25736K(90688K)->25736K(90688K) Class: 11905K(40384K)->11905K(40384K)
[2025-06-02T23:21:44.013+0530][134.591s] GC(68) Pause Young (Concurrent Start) (Metadata GC Threshold) 56M->43M(512M) 46.807ms
[2025-06-02T23:21:44.013+0530][134.591s] GC(68) User=0.31s Sys=0.01s Real=0.05s
[2025-06-02T23:21:44.013+0530][134.591s] GC(69) Using 8 workers of 8 for full compaction
[2025-06-02T23:21:44.013+0530][134.592s] GC(70) Concurrent Mark Cycle
[2025-06-02T23:21:44.013+0530][134.592s] GC(70) Concurrent Clear Claimed Marks
[2025-06-02T23:21:44.013+0530][134.592s] GC(69) Pause Full (Metadata GC Threshold)
[2025-06-02T23:21:44.015+0530][134.593s] GC(70) Concurrent Clear Claimed Marks 1.830ms
[2025-06-02T23:21:44.015+0530][134.593s] GC(70) Concurrent Scan Root Regions
[2025-06-02T23:21:44.015+0530][134.593s] GC(70) Concurrent Scan Root Regions 0.047ms
[2025-06-02T23:21:44.015+0530][134.593s] GC(70) Concurrent Mark
[2025-06-02T23:21:44.015+0530][134.593s] GC(70) Concurrent Mark From Roots
[2025-06-02T23:21:44.015+0530][134.593s] GC(70) Using 2 workers of 2 for marking
[2025-06-02T23:21:44.016+0530][134.594s] GC(69) Phase 1: Mark live objects
[2025-06-02T23:21:44.023+0530][134.601s] GC(69) Skipped phase 1 of Reference Processing: no references
[2025-06-02T23:21:44.023+0530][134.601s] GC(69) ReferenceProcessor::execute queues: 2, RefProcThreadModel::Multi, marks_oops_alive: false
[2025-06-02T23:21:44.023+0530][134.602s] GC(69) Skipped phase 3 of Reference Processing: no references
[2025-06-02T23:21:44.023+0530][134.602s] GC(69) ReferenceProcessor::execute queues: 1, RefProcThreadModel::Single, marks_oops_alive: false
[2025-06-02T23:21:44.102+0530][134.681s] GC(69) Phase 1: Mark live objects 86.292ms
[2025-06-02T23:21:44.102+0530][134.681s] GC(69) Phase 2: Prepare for compaction
[2025-06-02T23:21:44.103+0530][134.682s] GC(69) Phase 2: Prepare for compaction 1.079ms
[2025-06-02T23:21:44.103+0530][134.682s] GC(69) Phase 3: Adjust pointers
[2025-06-02T23:21:44.107+0530][134.685s] GC(69) Phase 3: Adjust pointers 3.402ms
[2025-06-02T23:21:44.107+0530][134.685s] GC(69) Phase 4: Compact heap
[2025-06-02T23:21:44.107+0530][134.685s] GC(69) Phase 4: Compact heap 0.148ms
[2025-06-02T23:21:44.238+0530][134.816s] GC(69) Eden regions: 0->0(307)
[2025-06-02T23:21:44.238+0530][134.816s] GC(69) Survivor regions: 4->0(39)
[2025-06-02T23:21:44.238+0530][134.816s] GC(69) Old regions: 41->8
[2025-06-02T23:21:44.238+0530][134.816s] GC(69) Archive regions: 2->2
[2025-06-02T23:21:44.238+0530][134.816s] GC(69) Humongous regions: 0->0
[2025-06-02T23:21:44.238+0530][134.816s] GC(69) Metaspace: 37642K(131072K)->16159K(17664K) NonClass: 25736K(90688K)->14100K(15424K) Class: 11905K(40384K)->2058K(2240K)
[2025-06-02T23:21:44.238+0530][134.816s] GC(69) Pause Full (Metadata GC Threshold) 43M->6M(512M) 224.911ms
[2025-06-02T23:21:44.238+0530][134.817s] GC(69) User=0.25s Sys=0.03s Real=0.22s
[2025-06-02T23:21:44.239+0530][134.817s] GC(70) Concurrent Mark From Roots 223.255ms
[2025-06-02T23:21:44.239+0530][134.817s] GC(70) Concurrent Mark Abort
[2025-06-02T23:21:44.239+0530][134.817s] GC(70) Concurrent Mark Cycle 225.298ms
[2025-06-02T23:21:45.713+0530][136.292s] GC(71) Pause Young (Concurrent Start) (Metadata GC Threshold)
[2025-06-02T23:21:45.713+0530][136.292s] GC(71) Using 8 workers of 8 for evacuation
[2025-06-02T23:21:45.759+0530][136.337s] GC(71) Skipped phase 1 of Reference Processing: no references
[2025-06-02T23:21:45.759+0530][136.337s] GC(71) ReferenceProcessor::execute queues: 1, RefProcThreadModel::Single, marks_oops_alive: false
[2025-06-02T23:21:45.759+0530][136.337s] GC(71) Skipped phase 3 of Reference Processing: no references
[2025-06-02T23:21:45.759+0530][136.337s] GC(71) Skipped phase 4 of Reference Processing: no references
[2025-06-02T23:21:45.760+0530][136.339s] GC(71)   Pre Evacuate Collection Set: 1.8ms
[2025-06-02T23:21:45.760+0530][136.339s] GC(71)   Merge Heap Roots: 0.1ms
[2025-06-02T23:21:45.761+0530][136.339s] GC(71)   Evacuate Collection Set: 43.6ms
[2025-06-02T23:21:45.761+0530][136.339s] GC(71)   Post Evacuate Collection Set: 1.4ms
[2025-06-02T23:21:45.761+0530][136.339s] GC(71)   Other: 0.2ms
[2025-06-02T23:21:45.761+0530][136.339s] GC(71) Eden regions: 257->0(271)
[2025-06-02T23:21:45.761+0530][136.339s] GC(71) Survivor regions: 0->36(39)
[2025-06-02T23:21:45.761+0530][136.339s] GC(71) Old regions: 8->8
[2025-06-02T23:21:45.761+0530][136.339s] GC(71) Archive regions: 2->2
[2025-06-02T23:21:45.761+0530][136.339s] GC(71) Humongous regions: 0->0
[2025-06-02T23:21:45.761+0530][136.339s] GC(71) Metaspace: 37642K(131072K)->37642K(131072K) NonClass: 25736K(90688K)->25736K(90688K) Class: 11905K(40384K)->11905K(40384K)
[2025-06-02T23:21:45.761+0530][136.339s] GC(71) Pause Young (Concurrent Start) (Metadata GC Threshold) 263M->41M(512M) 47.238ms
[2025-06-02T23:21:45.761+0530][136.339s] GC(71) User=0.32s Sys=0.01s Real=0.05s
[2025-06-02T23:21:45.761+0530][136.339s] GC(72) Using 8 workers of 8 for full compaction
[2025-06-02T23:21:45.761+0530][136.339s] GC(73) Concurrent Mark Cycle
[2025-06-02T23:21:45.761+0530][136.339s] GC(72) Pause Full (Metadata GC Threshold)
[2025-06-02T23:21:45.761+0530][136.339s] GC(73) Concurrent Clear Claimed Marks
[2025-06-02T23:21:45.763+0530][136.341s] GC(73) Concurrent Clear Claimed Marks 1.949ms
[2025-06-02T23:21:45.763+0530][136.341s] GC(73) Concurrent Scan Root Regions
[2025-06-02T23:21:45.763+0530][136.341s] GC(73) Concurrent Scan Root Regions 0.041ms
[2025-06-02T23:21:45.763+0530][136.341s] GC(73) Concurrent Mark
[2025-06-02T23:21:45.763+0530][136.341s] GC(73) Concurrent Mark From Roots
[2025-06-02T23:21:45.763+0530][136.341s] GC(73) Using 2 workers of 2 for marking
[2025-06-02T23:21:45.764+0530][136.342s] GC(72) Phase 1: Mark live objects
[2025-06-02T23:21:45.771+0530][136.349s] GC(72) Skipped phase 1 of Reference Processing: no references
[2025-06-02T23:21:45.771+0530][136.349s] GC(72) ReferenceProcessor::execute queues: 2, RefProcThreadModel::Multi, marks_oops_alive: false
[2025-06-02T23:21:45.771+0530][136.349s] GC(72) Skipped phase 3 of Reference Processing: no references
[2025-06-02T23:21:45.771+0530][136.349s] GC(72) ReferenceProcessor::execute queues: 1, RefProcThreadModel::Single, marks_oops_alive: false
[2025-06-02T23:21:45.851+0530][136.429s] GC(72) Phase 1: Mark live objects 87.011ms
[2025-06-02T23:21:45.851+0530][136.429s] GC(72) Phase 2: Prepare for compaction
[2025-06-02T23:21:45.852+0530][136.430s] GC(72) Phase 2: Prepare for compaction 1.017ms
[2025-06-02T23:21:45.852+0530][136.430s] GC(72) Phase 3: Adjust pointers
[2025-06-02T23:21:45.855+0530][136.433s] GC(72) Phase 3: Adjust pointers 3.302ms
[2025-06-02T23:21:45.855+0530][136.433s] GC(72) Phase 4: Compact heap
[2025-06-02T23:21:45.855+0530][136.433s] GC(72) Phase 4: Compact heap 0.138ms
[2025-06-02T23:21:46.004+0530][136.583s] GC(72) Eden regions: 0->0(307)
[2025-06-02T23:21:46.004+0530][136.583s] GC(72) Survivor regions: 36->0(39)
[2025-06-02T23:21:46.004+0530][136.583s] GC(72) Old regions: 8->7
[2025-06-02T23:21:46.004+0530][136.583s] GC(72) Archive regions: 2->2
[2025-06-02T23:21:46.005+0530][136.583s] GC(72) Humongous regions: 0->0
[2025-06-02T23:21:46.005+0530][136.583s] GC(72) Metaspace: 37642K(131072K)->16159K(17664K) NonClass: 25736K(90688K)->14100K(15424K) Class: 11905K(40384K)->2058K(2240K)
[2025-06-02T23:21:46.005+0530][136.583s] GC(72) Pause Full (Metadata GC Threshold) 41M->6M(512M) 243.764ms
[2025-06-02T23:21:46.005+0530][136.583s] GC(72) User=0.24s Sys=0.03s Real=0.24s
[2025-06-02T23:21:46.005+0530][136.583s] GC(73) Concurrent Mark From Roots 241.987ms
[2025-06-02T23:21:46.005+0530][136.583s] GC(73) Concurrent Mark Abort
[2025-06-02T23:21:46.005+0530][136.583s] GC(73) Concurrent Mark Cycle 244.174ms
[2025-06-02T23:21:47.343+0530][137.921s] GC(74) Pause Young (Concurrent Start) (Metadata GC Threshold)
[2025-06-02T23:21:47.343+0530][137.921s] GC(74) Using 8 workers of 8 for evacuation
[2025-06-02T23:21:47.384+0530][137.962s] GC(74) Skipped phase 1 of Reference Processing: no references
[2025-06-02T23:21:47.384+0530][137.962s] GC(74) ReferenceProcessor::execute queues: 1, RefProcThreadModel::Single, marks_oops_alive: false
[2025-06-02T23:21:47.384+0530][137.962s] GC(74) Skipped phase 3 of Reference Processing: no references
[2025-06-02T23:21:47.384+0530][137.962s] GC(74) Skipped phase 4 of Reference Processing: no references
[2025-06-02T23:21:47.389+0530][137.967s] GC(74)   Pre Evacuate Collection Set: 1.7ms
[2025-06-02T23:21:47.389+0530][137.967s] GC(74)   Merge Heap Roots: 0.1ms
[2025-06-02T23:21:47.389+0530][137.967s] GC(74)   Evacuate Collection Set: 39.0ms
[2025-06-02T23:21:47.389+0530][137.967s] GC(74)   Post Evacuate Collection Set: 4.6ms
[2025-06-02T23:21:47.389+0530][137.967s] GC(74)   Other: 0.3ms
[2025-06-02T23:21:47.389+0530][137.967s] GC(74) Eden regions: 241->0(642)
[2025-06-02T23:21:47.389+0530][137.967s] GC(74) Survivor regions: 0->34(39)
[2025-06-02T23:21:47.389+0530][137.967s] GC(74) Old regions: 7->7
[2025-06-02T23:21:47.389+0530][137.967s] GC(74) Archive regions: 2->2
[2025-06-02T23:21:47.389+0530][137.967s] GC(74) Humongous regions: 0->0
[2025-06-02T23:21:47.389+0530][137.967s] GC(74) Metaspace: 36303K(123904K)->36303K(123904K) NonClass: 25011K(85888K)->25011K(85888K) Class: 11291K(38016K)->11291K(38016K)
[2025-06-02T23:21:47.389+0530][137.967s] GC(74) Pause Young (Concurrent Start) (Metadata GC Threshold) 247M->40M(1127M) 45.761ms
[2025-06-02T23:21:47.389+0530][137.967s] GC(74) User=0.31s Sys=0.00s Real=0.04s
[2025-06-02T23:21:47.389+0530][137.967s] GC(75) Concurrent Mark Cycle
[2025-06-02T23:21:47.389+0530][137.967s] GC(75) Concurrent Clear Claimed Marks
[2025-06-02T23:21:47.391+0530][137.969s] GC(75) Concurrent Clear Claimed Marks 2.010ms
[2025-06-02T23:21:47.391+0530][137.969s] GC(75) Concurrent Scan Root Regions
[2025-06-02T23:21:47.404+0530][137.982s] GC(75) Concurrent Scan Root Regions 13.125ms
[2025-06-02T23:21:47.404+0530][137.982s] GC(75) Concurrent Mark
[2025-06-02T23:21:47.404+0530][137.982s] GC(75) Concurrent Mark From Roots
[2025-06-02T23:21:47.404+0530][137.982s] GC(75) Using 2 workers of 2 for marking
[2025-06-02T23:21:47.411+0530][137.989s] GC(75) Concurrent Mark From Roots 6.786ms
[2025-06-02T23:21:47.411+0530][137.989s] GC(75) Concurrent Preclean
[2025-06-02T23:21:47.411+0530][137.989s] GC(75) Preclean SoftReferences 0.006ms
[2025-06-02T23:21:47.411+0530][137.989s] GC(75) Preclean WeakReferences 0.010ms
[2025-06-02T23:21:47.411+0530][137.989s] GC(75) Preclean FinalReferences 0.004ms
[2025-06-02T23:21:47.411+0530][137.989s] GC(75) Preclean PhantomReferences 0.011ms
[2025-06-02T23:21:47.411+0530][137.989s] GC(75) Concurrent Preclean 0.097ms
[2025-06-02T23:21:47.411+0530][137.990s] GC(75) Pause Remark
[2025-06-02T23:21:47.411+0530][137.990s] GC(75) Skipped phase 1 of Reference Processing: no references
[2025-06-02T23:21:47.411+0530][137.990s] GC(75) Skipped phase 2 of Reference Processing: no references
[2025-06-02T23:21:47.411+0530][137.990s] GC(75) Skipped phase 3 of Reference Processing: no references
[2025-06-02T23:21:47.411+0530][137.990s] GC(75) Skipped phase 4 of Reference Processing: no references
[2025-06-02T23:21:47.415+0530][137.993s] GC(75) Pause Remark 44M->44M(512M) 3.872ms
[2025-06-02T23:21:47.415+0530][137.993s] GC(75) User=0.01s Sys=0.00s Real=0.00s
[2025-06-02T23:21:47.415+0530][137.993s] GC(75) Concurrent Mark 11.052ms
[2025-06-02T23:21:47.415+0530][137.994s] GC(75) Concurrent Rebuild Remembered Sets
[2025-06-02T23:21:47.418+0530][137.996s] GC(75) Concurrent Rebuild Remembered Sets 2.974ms
[2025-06-02T23:21:47.418+0530][137.997s] GC(75) Pause Cleanup
[2025-06-02T23:21:47.418+0530][137.997s] GC(75) Pause Cleanup 44M->44M(512M) 0.137ms
[2025-06-02T23:21:47.418+0530][137.997s] GC(75) User=0.00s Sys=0.00s Real=0.00s
[2025-06-02T23:21:47.419+0530][137.997s] GC(75) Concurrent Cleanup for Next Mark
[2025-06-02T23:21:47.419+0530][137.997s] GC(75) Concurrent Cleanup for Next Mark 0.515ms
[2025-06-02T23:21:47.419+0530][137.997s] GC(75) Concurrent Mark Cycle 30.286ms
[2025-06-02T23:21:47.477+0530][138.055s] GC(76) Pause Young (Concurrent Start) (Metadata GC Threshold)
[2025-06-02T23:21:47.477+0530][138.056s] GC(76) Using 8 workers of 8 for evacuation
[2025-06-02T23:21:47.522+0530][138.100s] GC(76) Skipped phase 1 of Reference Processing: no references
[2025-06-02T23:21:47.522+0530][138.100s] GC(76) ReferenceProcessor::execute queues: 1, RefProcThreadModel::Single, marks_oops_alive: false
[2025-06-02T23:21:47.522+0530][138.100s] GC(76) Skipped phase 3 of Reference Processing: no references
[2025-06-02T23:21:47.522+0530][138.100s] GC(76) Skipped phase 4 of Reference Processing: no references
[2025-06-02T23:21:47.523+0530][138.101s] GC(76)   Pre Evacuate Collection Set: 2.3ms
[2025-06-02T23:21:47.523+0530][138.101s] GC(76)   Merge Heap Roots: 0.2ms
[2025-06-02T23:21:47.523+0530][138.101s] GC(76)   Evacuate Collection Set: 42.1ms
[2025-06-02T23:21:47.523+0530][138.101s] GC(76)   Post Evacuate Collection Set: 1.1ms
[2025-06-02T23:21:47.523+0530][138.101s] GC(76)   Other: 0.2ms
[2025-06-02T23:21:47.523+0530][138.101s] GC(76) Eden regions: 16->0(270)
[2025-06-02T23:21:47.523+0530][138.101s] GC(76) Survivor regions: 34->37(85)
[2025-06-02T23:21:47.523+0530][138.101s] GC(76) Old regions: 7->7
[2025-06-02T23:21:47.523+0530][138.101s] GC(76) Archive regions: 2->2
[2025-06-02T23:21:47.523+0530][138.101s] GC(76) Humongous regions: 0->0
[2025-06-02T23:21:47.523+0530][138.101s] GC(76) Metaspace: 37642K(131072K)->37642K(131072K) NonClass: 25736K(90688K)->25736K(90688K) Class: 11905K(40384K)->11905K(40384K)
[2025-06-02T23:21:47.523+0530][138.101s] GC(76) Pause Young (Concurrent Start) (Metadata GC Threshold) 56M->42M(512M) 46.030ms
[2025-06-02T23:21:47.523+0530][138.102s] GC(76) User=0.33s Sys=0.01s Real=0.05s
[2025-06-02T23:21:47.523+0530][138.102s] GC(77) Using 8 workers of 8 for full compaction
[2025-06-02T23:21:47.523+0530][138.102s] GC(78) Concurrent Mark Cycle
[2025-06-02T23:21:47.523+0530][138.102s] GC(78) Concurrent Clear Claimed Marks
[2025-06-02T23:21:47.523+0530][138.102s] GC(77) Pause Full (Metadata GC Threshold)
[2025-06-02T23:21:47.525+0530][138.103s] GC(78) Concurrent Clear Claimed Marks 1.811ms
[2025-06-02T23:21:47.525+0530][138.103s] GC(78) Concurrent Scan Root Regions
[2025-06-02T23:21:47.525+0530][138.103s] GC(78) Concurrent Scan Root Regions 0.032ms
[2025-06-02T23:21:47.525+0530][138.103s] GC(78) Concurrent Mark
[2025-06-02T23:21:47.525+0530][138.104s] GC(78) Concurrent Mark From Roots
[2025-06-02T23:21:47.525+0530][138.104s] GC(78) Using 2 workers of 2 for marking
[2025-06-02T23:21:47.526+0530][138.104s] GC(77) Phase 1: Mark live objects
[2025-06-02T23:21:47.531+0530][138.109s] GC(77) Skipped phase 1 of Reference Processing: no references
[2025-06-02T23:21:47.531+0530][138.109s] GC(77) ReferenceProcessor::execute queues: 2, RefProcThreadModel::Multi, marks_oops_alive: false
[2025-06-02T23:21:47.531+0530][138.109s] GC(77) Skipped phase 3 of Reference Processing: no references
[2025-06-02T23:21:47.531+0530][138.109s] GC(77) ReferenceProcessor::execute queues: 1, RefProcThreadModel::Single, marks_oops_alive: false
[2025-06-02T23:21:47.604+0530][138.182s] GC(77) Phase 1: Mark live objects 78.024ms
[2025-06-02T23:21:47.604+0530][138.182s] GC(77) Phase 2: Prepare for compaction
[2025-06-02T23:21:47.605+0530][138.183s] GC(77) Phase 2: Prepare for compaction 1.068ms
[2025-06-02T23:21:47.605+0530][138.183s] GC(77) Phase 3: Adjust pointers
[2025-06-02T23:21:47.608+0530][138.187s] GC(77) Phase 3: Adjust pointers 3.427ms
[2025-06-02T23:21:47.608+0530][138.187s] GC(77) Phase 4: Compact heap
[2025-06-02T23:21:47.608+0530][138.187s] GC(77) Phase 4: Compact heap 0.133ms
[2025-06-02T23:21:47.737+0530][138.315s] GC(77) Eden regions: 0->0(307)
[2025-06-02T23:21:47.737+0530][138.315s] GC(77) Survivor regions: 37->0(85)
[2025-06-02T23:21:47.737+0530][138.315s] GC(77) Old regions: 7->8
[2025-06-02T23:21:47.737+0530][138.315s] GC(77) Archive regions: 2->2
[2025-06-02T23:21:47.737+0530][138.315s] GC(77) Humongous regions: 0->0
[2025-06-02T23:21:47.737+0530][138.315s] GC(77) Metaspace: 37642K(131072K)->16159K(17664K) NonClass: 25736K(90688K)->14100K(15424K) Class: 11905K(40384K)->2058K(2240K)
[2025-06-02T23:21:47.737+0530][138.316s] GC(77) Pause Full (Metadata GC Threshold) 42M->6M(512M) 213.902ms
[2025-06-02T23:21:47.737+0530][138.316s] GC(77) User=0.23s Sys=0.02s Real=0.21s
[2025-06-02T23:21:47.737+0530][138.316s] GC(78) Concurrent Mark From Roots 212.257ms
[2025-06-02T23:21:47.738+0530][138.316s] GC(78) Concurrent Mark Abort
[2025-06-02T23:21:47.738+0530][138.316s] GC(78) Concurrent Mark Cycle 214.306ms
[2025-06-02T23:21:49.114+0530][139.692s] GC(79) Pause Young (Concurrent Start) (Metadata GC Threshold)
[2025-06-02T23:21:49.114+0530][139.692s] GC(79) Using 8 workers of 8 for evacuation
[2025-06-02T23:21:49.167+0530][139.746s] GC(79) Skipped phase 1 of Reference Processing: no references
[2025-06-02T23:21:49.167+0530][139.746s] GC(79) ReferenceProcessor::execute queues: 1, RefProcThreadModel::Single, marks_oops_alive: false
[2025-06-02T23:21:49.167+0530][139.746s] GC(79) Skipped phase 3 of Reference Processing: no references
[2025-06-02T23:21:49.167+0530][139.746s] GC(79) Skipped phase 4 of Reference Processing: no references
[2025-06-02T23:21:49.169+0530][139.747s] GC(79)   Pre Evacuate Collection Set: 2.1ms
[2025-06-02T23:21:49.169+0530][139.747s] GC(79)   Merge Heap Roots: 0.1ms
[2025-06-02T23:21:49.169+0530][139.747s] GC(79)   Evacuate Collection Set: 50.9ms
[2025-06-02T23:21:49.169+0530][139.747s] GC(79)   Post Evacuate Collection Set: 1.5ms
[2025-06-02T23:21:49.169+0530][139.747s] GC(79)   Other: 0.2ms
[2025-06-02T23:21:49.169+0530][139.747s] GC(79) Eden regions: 257->0(270)
[2025-06-02T23:21:49.169+0530][139.747s] GC(79) Survivor regions: 0->37(39)
[2025-06-02T23:21:49.169+0530][139.747s] GC(79) Old regions: 8->8
[2025-06-02T23:21:49.169+0530][139.747s] GC(79) Archive regions: 2->2
[2025-06-02T23:21:49.169+0530][139.747s] GC(79) Humongous regions: 0->0
[2025-06-02T23:21:49.169+0530][139.747s] GC(79) Metaspace: 37642K(131072K)->37642K(131072K) NonClass: 25736K(90688K)->25736K(90688K) Class: 11905K(40384K)->11905K(40384K)
[2025-06-02T23:21:49.169+0530][139.747s] GC(79) Pause Young (Concurrent Start) (Metadata GC Threshold) 263M->42M(512M) 54.956ms
[2025-06-02T23:21:49.169+0530][139.747s] GC(79) User=0.30s Sys=0.02s Real=0.05s
[2025-06-02T23:21:49.169+0530][139.747s] GC(80) Using 8 workers of 8 for full compaction
[2025-06-02T23:21:49.169+0530][139.747s] GC(81) Concurrent Mark Cycle
[2025-06-02T23:21:49.169+0530][139.747s] GC(80) Pause Full (Metadata GC Threshold)
[2025-06-02T23:21:49.169+0530][139.747s] GC(81) Concurrent Clear Claimed Marks
[2025-06-02T23:21:49.171+0530][139.749s] GC(81) Concurrent Clear Claimed Marks 1.811ms
[2025-06-02T23:21:49.171+0530][139.749s] GC(81) Concurrent Scan Root Regions
[2025-06-02T23:21:49.171+0530][139.749s] GC(81) Concurrent Scan Root Regions 0.036ms
[2025-06-02T23:21:49.171+0530][139.749s] GC(81) Concurrent Mark
[2025-06-02T23:21:49.171+0530][139.749s] GC(81) Concurrent Mark From Roots
[2025-06-02T23:21:49.171+0530][139.749s] GC(81) Using 2 workers of 2 for marking
[2025-06-02T23:21:49.172+0530][139.750s] GC(80) Phase 1: Mark live objects
[2025-06-02T23:21:49.178+0530][139.756s] GC(80) Skipped phase 1 of Reference Processing: no references
[2025-06-02T23:21:49.178+0530][139.756s] GC(80) ReferenceProcessor::execute queues: 2, RefProcThreadModel::Multi, marks_oops_alive: false
[2025-06-02T23:21:49.178+0530][139.756s] GC(80) Skipped phase 3 of Reference Processing: no references
[2025-06-02T23:21:49.178+0530][139.756s] GC(80) ReferenceProcessor::execute queues: 1, RefProcThreadModel::Single, marks_oops_alive: false
[2025-06-02T23:21:49.258+0530][139.836s] GC(80) Phase 1: Mark live objects 85.899ms
[2025-06-02T23:21:49.258+0530][139.836s] GC(80) Phase 2: Prepare for compaction
[2025-06-02T23:21:49.259+0530][139.837s] GC(80) Phase 2: Prepare for compaction 1.004ms
[2025-06-02T23:21:49.259+0530][139.837s] GC(80) Phase 3: Adjust pointers
[2025-06-02T23:21:49.263+0530][139.841s] GC(80) Phase 3: Adjust pointers 3.978ms
[2025-06-02T23:21:49.263+0530][139.841s] GC(80) Phase 4: Compact heap
[2025-06-02T23:21:49.263+0530][139.841s] GC(80) Phase 4: Compact heap 0.123ms
[2025-06-02T23:21:49.401+0530][139.979s] GC(80) Eden regions: 0->0(307)
[2025-06-02T23:21:49.401+0530][139.979s] GC(80) Survivor regions: 37->0(39)
[2025-06-02T23:21:49.401+0530][139.979s] GC(80) Old regions: 8->8
[2025-06-02T23:21:49.401+0530][139.979s] GC(80) Archive regions: 2->2
[2025-06-02T23:21:49.401+0530][139.979s] GC(80) Humongous regions: 0->0
[2025-06-02T23:21:49.401+0530][139.980s] GC(80) Metaspace: 37642K(131072K)->16159K(17664K) NonClass: 25736K(90688K)->14100K(15424K) Class: 11905K(40384K)->2058K(2240K)
[2025-06-02T23:21:49.401+0530][139.980s] GC(80) Pause Full (Metadata GC Threshold) 42M->6M(512M) 232.093ms
[2025-06-02T23:21:49.401+0530][139.980s] GC(80) User=0.24s Sys=0.03s Real=0.24s
[2025-06-02T23:21:49.401+0530][139.980s] GC(81) Concurrent Mark From Roots 230.484ms
[2025-06-02T23:21:49.401+0530][139.980s] GC(81) Concurrent Mark Abort
[2025-06-02T23:21:49.401+0530][139.980s] GC(81) Concurrent Mark Cycle 232.463ms
[2025-06-02T23:21:50.997+0530][141.576s] GC(82) Pause Young (Concurrent Start) (Metadata GC Threshold)
[2025-06-02T23:21:50.997+0530][141.576s] GC(82) Using 8 workers of 8 for evacuation
[2025-06-02T23:21:51.057+0530][141.636s] GC(82) Skipped phase 1 of Reference Processing: no references
[2025-06-02T23:21:51.057+0530][141.636s] GC(82) ReferenceProcessor::execute queues: 1, RefProcThreadModel::Single, marks_oops_alive: false
[2025-06-02T23:21:51.057+0530][141.636s] GC(82) Skipped phase 3 of Reference Processing: no references
[2025-06-02T23:21:51.057+0530][141.636s] GC(82) Skipped phase 4 of Reference Processing: no references
[2025-06-02T23:21:51.058+0530][141.637s] GC(82)   Pre Evacuate Collection Set: 2.1ms
[2025-06-02T23:21:51.058+0530][141.637s] GC(82)   Merge Heap Roots: 0.1ms
[2025-06-02T23:21:51.058+0530][141.637s] GC(82)   Evacuate Collection Set: 57.3ms
[2025-06-02T23:21:51.058+0530][141.637s] GC(82)   Post Evacuate Collection Set: 1.3ms
[2025-06-02T23:21:51.059+0530][141.637s] GC(82)   Other: 0.2ms
[2025-06-02T23:21:51.059+0530][141.637s] GC(82) Eden regions: 241->0(273)
[2025-06-02T23:21:51.059+0530][141.637s] GC(82) Survivor regions: 0->34(39)
[2025-06-02T23:21:51.059+0530][141.637s] GC(82) Old regions: 8->8
[2025-06-02T23:21:51.059+0530][141.637s] GC(82) Archive regions: 2->2
[2025-06-02T23:21:51.059+0530][141.637s] GC(82) Humongous regions: 0->0
[2025-06-02T23:21:51.059+0530][141.637s] GC(82) Metaspace: 36303K(123904K)->36303K(123904K) NonClass: 25011K(85888K)->25011K(85888K) Class: 11291K(38016K)->11291K(38016K)
[2025-06-02T23:21:51.059+0530][141.637s] GC(82) Pause Young (Concurrent Start) (Metadata GC Threshold) 247M->40M(512M) 61.236ms
[2025-06-02T23:21:51.059+0530][141.637s] GC(82) User=0.22s Sys=0.01s Real=0.06s
[2025-06-02T23:21:51.059+0530][141.637s] GC(83) Concurrent Mark Cycle
[2025-06-02T23:21:51.059+0530][141.637s] GC(83) Concurrent Clear Claimed Marks
[2025-06-02T23:21:51.061+0530][141.640s] GC(83) Concurrent Clear Claimed Marks 2.388ms
[2025-06-02T23:21:51.061+0530][141.640s] GC(83) Concurrent Scan Root Regions
[2025-06-02T23:21:51.077+0530][141.656s] GC(83) Concurrent Scan Root Regions 16.281ms
[2025-06-02T23:21:51.077+0530][141.656s] GC(83) Concurrent Mark
[2025-06-02T23:21:51.078+0530][141.656s] GC(83) Concurrent Mark From Roots
[2025-06-02T23:21:51.078+0530][141.656s] GC(83) Using 2 workers of 2 for marking
[2025-06-02T23:21:51.100+0530][141.679s] GC(83) Concurrent Mark From Roots 22.725ms
[2025-06-02T23:21:51.100+0530][141.679s] GC(83) Concurrent Preclean
[2025-06-02T23:21:51.100+0530][141.679s] GC(83) Preclean SoftReferences 0.009ms
[2025-06-02T23:21:51.100+0530][141.679s] GC(83) Preclean WeakReferences 0.026ms
[2025-06-02T23:21:51.100+0530][141.679s] GC(83) Preclean FinalReferences 0.006ms
[2025-06-02T23:21:51.100+0530][141.679s] GC(83) Preclean PhantomReferences 0.020ms
[2025-06-02T23:21:51.100+0530][141.679s] GC(83) Concurrent Preclean 0.168ms
[2025-06-02T23:21:51.101+0530][141.679s] GC(83) Pause Remark
[2025-06-02T23:21:51.101+0530][141.679s] GC(83) Skipped phase 1 of Reference Processing: no references
[2025-06-02T23:21:51.101+0530][141.679s] GC(83) Skipped phase 2 of Reference Processing: no references
[2025-06-02T23:21:51.101+0530][141.679s] GC(83) Skipped phase 3 of Reference Processing: no references
[2025-06-02T23:21:51.101+0530][141.679s] GC(83) Skipped phase 4 of Reference Processing: no references
[2025-06-02T23:21:51.105+0530][141.684s] GC(83) Pause Remark 44M->44M(512M) 4.595ms
[2025-06-02T23:21:51.105+0530][141.684s] GC(83) User=0.01s Sys=0.00s Real=0.00s
[2025-06-02T23:21:51.105+0530][141.684s] GC(83) Concurrent Mark 27.781ms
[2025-06-02T23:21:51.105+0530][141.684s] GC(83) Concurrent Rebuild Remembered Sets
[2025-06-02T23:21:51.111+0530][141.689s] GC(83) Concurrent Rebuild Remembered Sets 5.584ms
[2025-06-02T23:21:51.112+0530][141.690s] GC(83) Pause Cleanup
[2025-06-02T23:21:51.112+0530][141.690s] GC(83) Pause Cleanup 44M->44M(512M) 0.145ms
[2025-06-02T23:21:51.112+0530][141.690s] GC(83) User=0.00s Sys=0.00s Real=0.00s
[2025-06-02T23:21:51.112+0530][141.691s] GC(83) Concurrent Cleanup for Next Mark
[2025-06-02T23:21:51.114+0530][141.692s] GC(83) Concurrent Cleanup for Next Mark 1.416ms
[2025-06-02T23:21:51.114+0530][141.692s] GC(83) Concurrent Mark Cycle 54.930ms
[2025-06-02T23:21:51.200+0530][141.779s] GC(84) Pause Young (Concurrent Start) (Metadata GC Threshold)
[2025-06-02T23:21:51.200+0530][141.779s] GC(84) Using 8 workers of 8 for evacuation
[2025-06-02T23:21:51.249+0530][141.827s] GC(84) Skipped phase 1 of Reference Processing: no references
[2025-06-02T23:21:51.249+0530][141.827s] GC(84) ReferenceProcessor::execute queues: 1, RefProcThreadModel::Single, marks_oops_alive: false
[2025-06-02T23:21:51.249+0530][141.827s] GC(84) Skipped phase 3 of Reference Processing: no references
[2025-06-02T23:21:51.249+0530][141.827s] GC(84) Skipped phase 4 of Reference Processing: no references
[2025-06-02T23:21:51.250+0530][141.828s] GC(84)   Pre Evacuate Collection Set: 1.9ms
[2025-06-02T23:21:51.250+0530][141.828s] GC(84)   Merge Heap Roots: 0.1ms
[2025-06-02T23:21:51.250+0530][141.828s] GC(84)   Evacuate Collection Set: 46.1ms
[2025-06-02T23:21:51.250+0530][141.828s] GC(84)   Post Evacuate Collection Set: 1.0ms
[2025-06-02T23:21:51.250+0530][141.828s] GC(84)   Other: 0.2ms
[2025-06-02T23:21:51.250+0530][141.828s] GC(84) Eden regions: 16->0(303)
[2025-06-02T23:21:51.250+0530][141.828s] GC(84) Survivor regions: 34->4(39)
[2025-06-02T23:21:51.250+0530][141.828s] GC(84) Old regions: 8->42
[2025-06-02T23:21:51.250+0530][141.828s] GC(84) Archive regions: 2->2
[2025-06-02T23:21:51.250+0530][141.828s] GC(84) Humongous regions: 0->0
[2025-06-02T23:21:51.250+0530][141.828s] GC(84) Metaspace: 37642K(131072K)->37642K(131072K) NonClass: 25736K(90688K)->25736K(90688K) Class: 11905K(40384K)->11905K(40384K)
[2025-06-02T23:21:51.250+0530][141.828s] GC(84) Pause Young (Concurrent Start) (Metadata GC Threshold) 56M->43M(512M) 49.367ms
[2025-06-02T23:21:51.250+0530][141.828s] GC(84) User=0.32s Sys=0.02s Real=0.05s
[2025-06-02T23:21:51.250+0530][141.828s] GC(85) Concurrent Mark Cycle
[2025-06-02T23:21:51.250+0530][141.828s] GC(86) Using 8 workers of 8 for full compaction
[2025-06-02T23:21:51.250+0530][141.828s] GC(85) Concurrent Clear Claimed Marks
[2025-06-02T23:21:51.250+0530][141.828s] GC(86) Pause Full (Metadata GC Threshold)
[2025-06-02T23:21:51.252+0530][141.831s] GC(85) Concurrent Clear Claimed Marks 2.397ms
[2025-06-02T23:21:51.252+0530][141.831s] GC(85) Concurrent Scan Root Regions
[2025-06-02T23:21:51.252+0530][141.831s] GC(85) Concurrent Scan Root Regions 0.046ms
[2025-06-02T23:21:51.252+0530][141.831s] GC(85) Concurrent Mark
[2025-06-02T23:21:51.252+0530][141.831s] GC(85) Concurrent Mark From Roots
[2025-06-02T23:21:51.252+0530][141.831s] GC(85) Using 2 workers of 2 for marking
[2025-06-02T23:21:51.253+0530][141.831s] GC(86) Phase 1: Mark live objects
[2025-06-02T23:21:51.259+0530][141.838s] GC(86) Skipped phase 1 of Reference Processing: no references
[2025-06-02T23:21:51.260+0530][141.838s] GC(86) ReferenceProcessor::execute queues: 2, RefProcThreadModel::Multi, marks_oops_alive: false
[2025-06-02T23:21:51.260+0530][141.838s] GC(86) Skipped phase 3 of Reference Processing: no references
[2025-06-02T23:21:51.260+0530][141.838s] GC(86) ReferenceProcessor::execute queues: 1, RefProcThreadModel::Single, marks_oops_alive: false
[2025-06-02T23:21:51.354+0530][141.933s] GC(86) Phase 1: Mark live objects 101.312ms
[2025-06-02T23:21:51.354+0530][141.933s] GC(86) Phase 2: Prepare for compaction
[2025-06-02T23:21:51.355+0530][141.934s] GC(86) Phase 2: Prepare for compaction 1.006ms
[2025-06-02T23:21:51.355+0530][141.934s] GC(86) Phase 3: Adjust pointers
[2025-06-02T23:21:51.360+0530][141.938s] GC(86) Phase 3: Adjust pointers 4.746ms
[2025-06-02T23:21:51.360+0530][141.938s] GC(86) Phase 4: Compact heap
[2025-06-02T23:21:51.360+0530][141.939s] GC(86) Phase 4: Compact heap 0.123ms
[2025-06-02T23:21:51.507+0530][142.086s] GC(86) Eden regions: 0->0(307)
[2025-06-02T23:21:51.507+0530][142.086s] GC(86) Survivor regions: 4->0(39)
[2025-06-02T23:21:51.507+0530][142.086s] GC(86) Old regions: 42->9
[2025-06-02T23:21:51.507+0530][142.086s] GC(86) Archive regions: 2->2
[2025-06-02T23:21:51.507+0530][142.086s] GC(86) Humongous regions: 0->0
[2025-06-02T23:21:51.507+0530][142.086s] GC(86) Metaspace: 37642K(131072K)->16159K(17664K) NonClass: 25736K(90688K)->14100K(15424K) Class: 11905K(40384K)->2058K(2240K)
[2025-06-02T23:21:51.507+0530][142.086s] GC(86) Pause Full (Metadata GC Threshold) 43M->6M(512M) 257.586ms
[2025-06-02T23:21:51.508+0530][142.086s] GC(86) User=0.26s Sys=0.02s Real=0.25s
[2025-06-02T23:21:51.508+0530][142.086s] GC(85) Concurrent Mark From Roots 255.363ms
[2025-06-02T23:21:51.508+0530][142.086s] GC(85) Concurrent Mark Abort
[2025-06-02T23:21:51.508+0530][142.086s] GC(85) Concurrent Mark Cycle 258.150ms
[2025-06-02T23:21:53.580+0530][144.159s] GC(87) Pause Young (Concurrent Start) (Metadata GC Threshold)
[2025-06-02T23:21:53.580+0530][144.159s] GC(87) Using 8 workers of 8 for evacuation
[2025-06-02T23:21:53.638+0530][144.217s] GC(87) Skipped phase 1 of Reference Processing: no references
[2025-06-02T23:21:53.638+0530][144.217s] GC(87) ReferenceProcessor::execute queues: 1, RefProcThreadModel::Single, marks_oops_alive: false
[2025-06-02T23:21:53.638+0530][144.217s] GC(87) Skipped phase 3 of Reference Processing: no references
[2025-06-02T23:21:53.638+0530][144.217s] GC(87) Skipped phase 4 of Reference Processing: no references
[2025-06-02T23:21:53.642+0530][144.221s] GC(87)   Pre Evacuate Collection Set: 2.0ms
[2025-06-02T23:21:53.642+0530][144.221s] GC(87)   Merge Heap Roots: 0.1ms
[2025-06-02T23:21:53.642+0530][144.221s] GC(87)   Evacuate Collection Set: 55.6ms
[2025-06-02T23:21:53.642+0530][144.221s] GC(87)   Post Evacuate Collection Set: 4.0ms
[2025-06-02T23:21:53.642+0530][144.221s] GC(87)   Other: 0.3ms
[2025-06-02T23:21:53.642+0530][144.221s] GC(87) Eden regions: 257->0(271)
[2025-06-02T23:21:53.642+0530][144.221s] GC(87) Survivor regions: 0->36(39)
[2025-06-02T23:21:53.642+0530][144.221s] GC(87) Old regions: 9->9
[2025-06-02T23:21:53.642+0530][144.221s] GC(87) Archive regions: 2->2
[2025-06-02T23:21:53.642+0530][144.221s] GC(87) Humongous regions: 0->0
[2025-06-02T23:21:53.642+0530][144.221s] GC(87) Metaspace: 37651K(131072K)->37651K(131072K) NonClass: 25748K(90688K)->25748K(90688K) Class: 11902K(40384K)->11902K(40384K)
[2025-06-02T23:21:53.642+0530][144.221s] GC(87) Pause Young (Concurrent Start) (Metadata GC Threshold) 263M->41M(512M) 62.129ms
[2025-06-02T23:21:53.643+0530][144.221s] GC(87) User=0.31s Sys=0.01s Real=0.06s
[2025-06-02T23:21:53.643+0530][144.221s] GC(88) Concurrent Mark Cycle
[2025-06-02T23:21:53.643+0530][144.221s] GC(89) Using 8 workers of 8 for full compaction
[2025-06-02T23:21:53.643+0530][144.221s] GC(88) Concurrent Clear Claimed Marks
[2025-06-02T23:21:53.643+0530][144.221s] GC(89) Pause Full (Metadata GC Threshold)
[2025-06-02T23:21:53.645+0530][144.223s] GC(88) Concurrent Clear Claimed Marks 2.001ms
[2025-06-02T23:21:53.645+0530][144.223s] GC(88) Concurrent Scan Root Regions
[2025-06-02T23:21:53.645+0530][144.223s] GC(88) Concurrent Scan Root Regions 0.035ms
[2025-06-02T23:21:53.645+0530][144.223s] GC(88) Concurrent Mark
[2025-06-02T23:21:53.645+0530][144.223s] GC(88) Concurrent Mark From Roots
[2025-06-02T23:21:53.645+0530][144.223s] GC(88) Using 2 workers of 2 for marking
[2025-06-02T23:21:53.645+0530][144.224s] GC(89) Phase 1: Mark live objects
[2025-06-02T23:21:53.652+0530][144.230s] GC(89) Skipped phase 1 of Reference Processing: no references
[2025-06-02T23:21:53.652+0530][144.230s] GC(89) ReferenceProcessor::execute queues: 2, RefProcThreadModel::Multi, marks_oops_alive: false
[2025-06-02T23:21:53.652+0530][144.230s] GC(89) Skipped phase 3 of Reference Processing: no references
[2025-06-02T23:21:53.652+0530][144.231s] GC(89) ReferenceProcessor::execute queues: 1, RefProcThreadModel::Single, marks_oops_alive: false
[2025-06-02T23:21:53.754+0530][144.333s] GC(89) Phase 1: Mark live objects 108.977ms
[2025-06-02T23:21:53.754+0530][144.333s] GC(89) Phase 2: Prepare for compaction
[2025-06-02T23:21:53.755+0530][144.334s] GC(89) Phase 2: Prepare for compaction 1.086ms
[2025-06-02T23:21:53.756+0530][144.334s] GC(89) Phase 3: Adjust pointers
[2025-06-02T23:21:53.760+0530][144.339s] GC(89) Phase 3: Adjust pointers 4.433ms
[2025-06-02T23:21:53.760+0530][144.339s] GC(89) Phase 4: Compact heap
[2025-06-02T23:21:53.760+0530][144.339s] GC(89) Phase 4: Compact heap 0.144ms
[2025-06-02T23:21:53.941+0530][144.520s] GC(89) Eden regions: 0->0(307)
[2025-06-02T23:21:53.941+0530][144.520s] GC(89) Survivor regions: 36->0(39)
[2025-06-02T23:21:53.941+0530][144.520s] GC(89) Old regions: 9->7
[2025-06-02T23:21:53.941+0530][144.520s] GC(89) Archive regions: 2->2
[2025-06-02T23:21:53.941+0530][144.520s] GC(89) Humongous regions: 0->0
[2025-06-02T23:21:53.941+0530][144.520s] GC(89) Metaspace: 37651K(131072K)->16173K(17664K) NonClass: 25748K(90688K)->14115K(15424K) Class: 11902K(40384K)->2058K(2240K)
[2025-06-02T23:21:53.941+0530][144.520s] GC(89) Pause Full (Metadata GC Threshold) 41M->6M(512M) 298.591ms
[2025-06-02T23:21:53.941+0530][144.520s] GC(89) User=0.28s Sys=0.03s Real=0.30s
[2025-06-02T23:21:53.947+0530][144.525s] GC(88) Concurrent Mark From Roots 297.060ms
[2025-06-02T23:21:53.948+0530][144.527s] GC(88) Concurrent Mark Abort
[2025-06-02T23:21:53.948+0530][144.527s] GC(88) Concurrent Mark Cycle 305.852ms
[2025-06-02T23:21:55.565+0530][146.144s] GC(90) Pause Young (Concurrent Start) (Metadata GC Threshold)
[2025-06-02T23:21:55.565+0530][146.144s] GC(90) Using 8 workers of 8 for evacuation
[2025-06-02T23:21:55.638+0530][146.216s] GC(90) Skipped phase 1 of Reference Processing: no references
[2025-06-02T23:21:55.638+0530][146.216s] GC(90) ReferenceProcessor::execute queues: 1, RefProcThreadModel::Single, marks_oops_alive: false
[2025-06-02T23:21:55.638+0530][146.216s] GC(90) Skipped phase 3 of Reference Processing: no references
[2025-06-02T23:21:55.638+0530][146.216s] GC(90) Skipped phase 4 of Reference Processing: no references
[2025-06-02T23:21:55.647+0530][146.225s] GC(90)   Pre Evacuate Collection Set: 4.7ms
[2025-06-02T23:21:55.647+0530][146.225s] GC(90)   Merge Heap Roots: 0.1ms
[2025-06-02T23:21:55.647+0530][146.225s] GC(90)   Evacuate Collection Set: 67.4ms
[2025-06-02T23:21:55.647+0530][146.225s] GC(90)   Post Evacuate Collection Set: 8.8ms
[2025-06-02T23:21:55.647+0530][146.225s] GC(90)   Other: 0.3ms
[2025-06-02T23:21:55.647+0530][146.225s] GC(90) Eden regions: 241->0(642)
[2025-06-02T23:21:55.647+0530][146.225s] GC(90) Survivor regions: 0->34(39)
[2025-06-02T23:21:55.647+0530][146.225s] GC(90) Old regions: 7->7
[2025-06-02T23:21:55.647+0530][146.225s] GC(90) Archive regions: 2->2
[2025-06-02T23:21:55.647+0530][146.225s] GC(90) Humongous regions: 0->0
[2025-06-02T23:21:55.647+0530][146.225s] GC(90) Metaspace: 36301K(123904K)->36301K(123904K) NonClass: 25017K(85888K)->25017K(85888K) Class: 11283K(38016K)->11283K(38016K)
[2025-06-02T23:21:55.647+0530][146.225s] GC(90) Pause Young (Concurrent Start) (Metadata GC Threshold) 247M->40M(1127M) 81.485ms
[2025-06-02T23:21:55.647+0530][146.225s] GC(90) User=0.30s Sys=0.02s Real=0.08s
[2025-06-02T23:21:55.647+0530][146.226s] GC(91) Concurrent Mark Cycle
[2025-06-02T23:21:55.647+0530][146.226s] GC(91) Concurrent Clear Claimed Marks
[2025-06-02T23:21:55.650+0530][146.229s] GC(91) Concurrent Clear Claimed Marks 3.356ms
[2025-06-02T23:21:55.650+0530][146.229s] GC(91) Concurrent Scan Root Regions
[2025-06-02T23:21:55.675+0530][146.254s] GC(91) Concurrent Scan Root Regions 24.860ms
[2025-06-02T23:21:55.676+0530][146.254s] GC(91) Concurrent Mark
[2025-06-02T23:21:55.676+0530][146.254s] GC(91) Concurrent Mark From Roots
[2025-06-02T23:21:55.676+0530][146.254s] GC(91) Using 2 workers of 2 for marking
[2025-06-02T23:21:55.694+0530][146.272s] GC(91) Concurrent Mark From Roots 18.021ms
[2025-06-02T23:21:55.694+0530][146.272s] GC(91) Concurrent Preclean
[2025-06-02T23:21:55.694+0530][146.273s] GC(91) Preclean SoftReferences 0.011ms
[2025-06-02T23:21:55.694+0530][146.273s] GC(91) Preclean WeakReferences 0.020ms
[2025-06-02T23:21:55.694+0530][146.273s] GC(91) Preclean FinalReferences 0.005ms
[2025-06-02T23:21:55.694+0530][146.273s] GC(91) Preclean PhantomReferences 0.022ms
[2025-06-02T23:21:55.694+0530][146.273s] GC(91) Concurrent Preclean 0.227ms
[2025-06-02T23:21:55.694+0530][146.273s] GC(91) Pause Remark
[2025-06-02T23:21:55.694+0530][146.273s] GC(91) Skipped phase 1 of Reference Processing: no references
[2025-06-02T23:21:55.694+0530][146.273s] GC(91) Skipped phase 2 of Reference Processing: no references
[2025-06-02T23:21:55.694+0530][146.273s] GC(91) Skipped phase 3 of Reference Processing: no references
[2025-06-02T23:21:55.694+0530][146.273s] GC(91) Skipped phase 4 of Reference Processing: no references
[2025-06-02T23:21:55.700+0530][146.279s] GC(91) Pause Remark 44M->44M(512M) 6.089ms
[2025-06-02T23:21:55.700+0530][146.279s] GC(91) User=0.01s Sys=0.01s Real=0.01s
[2025-06-02T23:21:55.700+0530][146.279s] GC(91) Concurrent Mark 24.755ms
[2025-06-02T23:21:55.700+0530][146.279s] GC(91) Concurrent Rebuild Remembered Sets
[2025-06-02T23:21:55.711+0530][146.290s] GC(91) Concurrent Rebuild Remembered Sets 10.622ms
[2025-06-02T23:21:55.711+0530][146.290s] GC(91) Pause Cleanup
[2025-06-02T23:21:55.711+0530][146.290s] GC(91) Pause Cleanup 44M->44M(512M) 0.220ms
[2025-06-02T23:21:55.712+0530][146.290s] GC(91) User=0.00s Sys=0.00s Real=0.00s
[2025-06-02T23:21:55.712+0530][146.290s] GC(91) Concurrent Cleanup for Next Mark
[2025-06-02T23:21:55.714+0530][146.293s] GC(91) Concurrent Cleanup for Next Mark 2.791ms
[2025-06-02T23:21:55.714+0530][146.293s] GC(91) Concurrent Mark Cycle 67.581ms
[2025-06-02T23:21:55.861+0530][146.440s] GC(92) Pause Young (Concurrent Start) (Metadata GC Threshold)
[2025-06-02T23:21:55.861+0530][146.440s] GC(92) Using 8 workers of 8 for evacuation
[2025-06-02T23:21:55.939+0530][146.518s] GC(92) Skipped phase 1 of Reference Processing: no references
[2025-06-02T23:21:55.939+0530][146.518s] GC(92) ReferenceProcessor::execute queues: 1, RefProcThreadModel::Single, marks_oops_alive: false
[2025-06-02T23:21:55.939+0530][146.518s] GC(92) Skipped phase 3 of Reference Processing: no references
[2025-06-02T23:21:55.939+0530][146.518s] GC(92) Skipped phase 4 of Reference Processing: no references
[2025-06-02T23:21:55.942+0530][146.521s] GC(92)   Pre Evacuate Collection Set: 5.3ms
[2025-06-02T23:21:55.942+0530][146.521s] GC(92)   Merge Heap Roots: 0.1ms
[2025-06-02T23:21:55.942+0530][146.521s] GC(92)   Evacuate Collection Set: 72.1ms
[2025-06-02T23:21:55.942+0530][146.521s] GC(92)   Post Evacuate Collection Set: 3.0ms
[2025-06-02T23:21:55.942+0530][146.521s] GC(92)   Other: 0.5ms
[2025-06-02T23:21:55.942+0530][146.521s] GC(92) Eden regions: 17->0(269)
[2025-06-02T23:21:55.942+0530][146.521s] GC(92) Survivor regions: 34->38(85)
[2025-06-02T23:21:55.942+0530][146.521s] GC(92) Old regions: 7->7
[2025-06-02T23:21:55.942+0530][146.521s] GC(92) Archive regions: 2->2
[2025-06-02T23:21:55.942+0530][146.521s] GC(92) Humongous regions: 0->0
[2025-06-02T23:21:55.942+0530][146.521s] GC(92) Metaspace: 37651K(131072K)->37651K(131072K) NonClass: 25748K(90688K)->25748K(90688K) Class: 11902K(40384K)->11902K(40384K)
[2025-06-02T23:21:55.942+0530][146.521s] GC(92) Pause Young (Concurrent Start) (Metadata GC Threshold) 56M->43M(512M) 81.062ms
[2025-06-02T23:21:55.942+0530][146.521s] GC(92) User=0.15s Sys=0.00s Real=0.08s
[2025-06-02T23:21:55.942+0530][146.521s] GC(93) Concurrent Mark Cycle
[2025-06-02T23:21:55.942+0530][146.521s] GC(94) Using 8 workers of 8 for full compaction
[2025-06-02T23:21:55.942+0530][146.521s] GC(93) Concurrent Clear Claimed Marks
[2025-06-02T23:21:55.943+0530][146.521s] GC(94) Pause Full (Metadata GC Threshold)
[2025-06-02T23:21:55.945+0530][146.523s] GC(93) Concurrent Clear Claimed Marks 2.224ms
[2025-06-02T23:21:55.945+0530][146.523s] GC(93) Concurrent Scan Root Regions
[2025-06-02T23:21:55.945+0530][146.523s] GC(93) Concurrent Scan Root Regions 0.037ms
[2025-06-02T23:21:55.945+0530][146.523s] GC(93) Concurrent Mark
[2025-06-02T23:21:55.945+0530][146.523s] GC(93) Concurrent Mark From Roots
[2025-06-02T23:21:55.945+0530][146.523s] GC(93) Using 2 workers of 2 for marking
[2025-06-02T23:21:55.946+0530][146.525s] GC(94) Phase 1: Mark live objects
[2025-06-02T23:21:55.958+0530][146.536s] GC(94) Skipped phase 1 of Reference Processing: no references
[2025-06-02T23:21:55.958+0530][146.536s] GC(94) ReferenceProcessor::execute queues: 1, RefProcThreadModel::Single, marks_oops_alive: false
[2025-06-02T23:21:55.958+0530][146.536s] GC(94) Skipped phase 3 of Reference Processing: no references
[2025-06-02T23:21:55.958+0530][146.536s] GC(94) ReferenceProcessor::execute queues: 1, RefProcThreadModel::Single, marks_oops_alive: false
[2025-06-02T23:21:56.047+0530][146.626s] GC(94) Phase 1: Mark live objects 100.846ms
[2025-06-02T23:21:56.047+0530][146.626s] GC(94) Phase 2: Prepare for compaction
[2025-06-02T23:21:56.048+0530][146.627s] GC(94) Phase 2: Prepare for compaction 1.305ms
[2025-06-02T23:21:56.048+0530][146.627s] GC(94) Phase 3: Adjust pointers
[2025-06-02T23:21:56.054+0530][146.632s] GC(94) Phase 3: Adjust pointers 5.137ms
[2025-06-02T23:21:56.054+0530][146.632s] GC(94) Phase 4: Compact heap
[2025-06-02T23:21:56.054+0530][146.632s] GC(94) Phase 4: Compact heap 0.180ms
[2025-06-02T23:21:56.219+0530][146.798s] GC(94) Eden regions: 0->0(307)
[2025-06-02T23:21:56.219+0530][146.798s] GC(94) Survivor regions: 38->0(85)
[2025-06-02T23:21:56.219+0530][146.798s] GC(94) Old regions: 7->7
[2025-06-02T23:21:56.219+0530][146.798s] GC(94) Archive regions: 2->2
[2025-06-02T23:21:56.219+0530][146.798s] GC(94) Humongous regions: 0->0
[2025-06-02T23:21:56.219+0530][146.798s] GC(94) Metaspace: 37651K(131072K)->16173K(17664K) NonClass: 25748K(90688K)->14115K(15424K) Class: 11902K(40384K)->2058K(2240K)
[2025-06-02T23:21:56.219+0530][146.798s] GC(94) Pause Full (Metadata GC Threshold) 43M->6M(512M) 276.621ms
[2025-06-02T23:21:56.219+0530][146.798s] GC(94) User=0.25s Sys=0.03s Real=0.27s
[2025-06-02T23:21:56.220+0530][146.799s] GC(93) Concurrent Mark From Roots 275.477ms
[2025-06-02T23:21:56.220+0530][146.799s] GC(93) Concurrent Mark Abort
[2025-06-02T23:21:56.220+0530][146.799s] GC(93) Concurrent Mark Cycle 277.954ms
[2025-06-02T23:21:57.635+0530][148.214s] GC(95) Pause Young (Concurrent Start) (Metadata GC Threshold)
[2025-06-02T23:21:57.635+0530][148.214s] GC(95) Using 8 workers of 8 for evacuation
[2025-06-02T23:21:57.680+0530][148.259s] GC(95) Skipped phase 1 of Reference Processing: no references
[2025-06-02T23:21:57.680+0530][148.259s] GC(95) ReferenceProcessor::execute queues: 1, RefProcThreadModel::Single, marks_oops_alive: false
[2025-06-02T23:21:57.680+0530][148.259s] GC(95) Skipped phase 3 of Reference Processing: no references
[2025-06-02T23:21:57.680+0530][148.259s] GC(95) Skipped phase 4 of Reference Processing: no references
[2025-06-02T23:21:57.682+0530][148.260s] GC(95)   Pre Evacuate Collection Set: 1.9ms
[2025-06-02T23:21:57.682+0530][148.261s] GC(95)   Merge Heap Roots: 0.1ms
[2025-06-02T23:21:57.682+0530][148.261s] GC(95)   Evacuate Collection Set: 42.8ms
[2025-06-02T23:21:57.682+0530][148.261s] GC(95)   Post Evacuate Collection Set: 1.7ms
[2025-06-02T23:21:57.682+0530][148.261s] GC(95)   Other: 0.2ms
[2025-06-02T23:21:57.682+0530][148.261s] GC(95) Eden regions: 257->0(269)
[2025-06-02T23:21:57.682+0530][148.261s] GC(95) Survivor regions: 0->38(39)
[2025-06-02T23:21:57.682+0530][148.261s] GC(95) Old regions: 7->7
[2025-06-02T23:21:57.682+0530][148.261s] GC(95) Archive regions: 2->2
[2025-06-02T23:21:57.682+0530][148.261s] GC(95) Humongous regions: 0->0
[2025-06-02T23:21:57.682+0530][148.261s] GC(95) Metaspace: 37651K(131072K)->37651K(131072K) NonClass: 25748K(90688K)->25748K(90688K) Class: 11902K(40384K)->11902K(40384K)
[2025-06-02T23:21:57.682+0530][148.261s] GC(95) Pause Young (Concurrent Start) (Metadata GC Threshold) 263M->43M(512M) 46.836ms
[2025-06-02T23:21:57.682+0530][148.261s] GC(95) User=0.34s Sys=0.00s Real=0.05s
[2025-06-02T23:21:57.682+0530][148.261s] GC(96) Using 8 workers of 8 for full compaction
[2025-06-02T23:21:57.682+0530][148.261s] GC(97) Concurrent Mark Cycle
[2025-06-02T23:21:57.682+0530][148.261s] GC(97) Concurrent Clear Claimed Marks
[2025-06-02T23:21:57.682+0530][148.261s] GC(96) Pause Full (Metadata GC Threshold)
[2025-06-02T23:21:57.684+0530][148.263s] GC(97) Concurrent Clear Claimed Marks 1.892ms
[2025-06-02T23:21:57.684+0530][148.263s] GC(97) Concurrent Scan Root Regions
[2025-06-02T23:21:57.684+0530][148.263s] GC(97) Concurrent Scan Root Regions 0.026ms
[2025-06-02T23:21:57.684+0530][148.263s] GC(97) Concurrent Mark
[2025-06-02T23:21:57.684+0530][148.263s] GC(97) Concurrent Mark From Roots
[2025-06-02T23:21:57.684+0530][148.263s] GC(97) Using 2 workers of 2 for marking
[2025-06-02T23:21:57.685+0530][148.263s] GC(96) Phase 1: Mark live objects
[2025-06-02T23:21:57.691+0530][148.270s] GC(96) Skipped phase 1 of Reference Processing: no references
[2025-06-02T23:21:57.691+0530][148.270s] GC(96) ReferenceProcessor::execute queues: 2, RefProcThreadModel::Multi, marks_oops_alive: false
[2025-06-02T23:21:57.691+0530][148.270s] GC(96) Skipped phase 3 of Reference Processing: no references
[2025-06-02T23:21:57.691+0530][148.270s] GC(96) ReferenceProcessor::execute queues: 1, RefProcThreadModel::Single, marks_oops_alive: false
[2025-06-02T23:21:57.767+0530][148.345s] GC(96) Phase 1: Mark live objects 81.816ms
[2025-06-02T23:21:57.767+0530][148.345s] GC(96) Phase 2: Prepare for compaction
[2025-06-02T23:21:57.768+0530][148.346s] GC(96) Phase 2: Prepare for compaction 1.007ms
[2025-06-02T23:21:57.768+0530][148.346s] GC(96) Phase 3: Adjust pointers
[2025-06-02T23:21:57.771+0530][148.350s] GC(96) Phase 3: Adjust pointers 3.603ms
[2025-06-02T23:21:57.771+0530][148.350s] GC(96) Phase 4: Compact heap
[2025-06-02T23:21:57.771+0530][148.350s] GC(96) Phase 4: Compact heap 0.108ms
[2025-06-02T23:21:57.901+0530][148.480s] GC(96) Eden regions: 0->0(307)
[2025-06-02T23:21:57.901+0530][148.480s] GC(96) Survivor regions: 38->0(39)
[2025-06-02T23:21:57.901+0530][148.480s] GC(96) Old regions: 7->8
[2025-06-02T23:21:57.901+0530][148.480s] GC(96) Archive regions: 2->2
[2025-06-02T23:21:57.901+0530][148.480s] GC(96) Humongous regions: 0->0
[2025-06-02T23:21:57.901+0530][148.480s] GC(96) Metaspace: 37651K(131072K)->16173K(17664K) NonClass: 25748K(90688K)->14115K(15424K) Class: 11902K(40384K)->2058K(2240K)
[2025-06-02T23:21:57.901+0530][148.480s] GC(96) Pause Full (Metadata GC Threshold) 43M->6M(512M) 218.955ms
[2025-06-02T23:21:57.901+0530][148.480s] GC(96) User=0.24s Sys=0.03s Real=0.22s
[2025-06-02T23:21:57.901+0530][148.480s] GC(97) Concurrent Mark From Roots 217.289ms
[2025-06-02T23:21:57.901+0530][148.480s] GC(97) Concurrent Mark Abort
[2025-06-02T23:21:57.901+0530][148.480s] GC(97) Concurrent Mark Cycle 219.316ms
[2025-06-02T23:21:59.095+0530][149.674s] GC(98) Pause Young (Concurrent Start) (Metadata GC Threshold)
[2025-06-02T23:21:59.095+0530][149.674s] GC(98) Using 8 workers of 8 for evacuation
[2025-06-02T23:21:59.143+0530][149.722s] GC(98) Skipped phase 1 of Reference Processing: no references
[2025-06-02T23:21:59.143+0530][149.722s] GC(98) ReferenceProcessor::execute queues: 1, RefProcThreadModel::Single, marks_oops_alive: false
[2025-06-02T23:21:59.143+0530][149.722s] GC(98) Skipped phase 3 of Reference Processing: no references
[2025-06-02T23:21:59.143+0530][149.722s] GC(98) Skipped phase 4 of Reference Processing: no references
[2025-06-02T23:21:59.145+0530][149.724s] GC(98)   Pre Evacuate Collection Set: 1.8ms
[2025-06-02T23:21:59.145+0530][149.724s] GC(98)   Merge Heap Roots: 0.1ms
[2025-06-02T23:21:59.145+0530][149.724s] GC(98)   Evacuate Collection Set: 45.7ms
[2025-06-02T23:21:59.145+0530][149.724s] GC(98)   Post Evacuate Collection Set: 1.8ms
[2025-06-02T23:21:59.145+0530][149.724s] GC(98)   Other: 0.2ms
[2025-06-02T23:21:59.145+0530][149.724s] GC(98) Eden regions: 241->0(273)
[2025-06-02T23:21:59.145+0530][149.724s] GC(98) Survivor regions: 0->34(39)
[2025-06-02T23:21:59.145+0530][149.724s] GC(98) Old regions: 8->8
[2025-06-02T23:21:59.145+0530][149.724s] GC(98) Archive regions: 2->2
[2025-06-02T23:21:59.145+0530][149.724s] GC(98) Humongous regions: 0->0
[2025-06-02T23:21:59.145+0530][149.724s] GC(98) Metaspace: 36301K(123904K)->36301K(123904K) NonClass: 25017K(85888K)->25017K(85888K) Class: 11283K(38016K)->11283K(38016K)
[2025-06-02T23:21:59.145+0530][149.724s] GC(98) Pause Young (Concurrent Start) (Metadata GC Threshold) 247M->39M(512M) 49.646ms
[2025-06-02T23:21:59.145+0530][149.724s] GC(98) User=0.30s Sys=0.00s Real=0.05s
[2025-06-02T23:21:59.145+0530][149.724s] GC(99) Concurrent Mark Cycle
[2025-06-02T23:21:59.145+0530][149.724s] GC(99) Concurrent Clear Claimed Marks
[2025-06-02T23:21:59.147+0530][149.726s] GC(99) Concurrent Clear Claimed Marks 1.749ms
[2025-06-02T23:21:59.147+0530][149.726s] GC(99) Concurrent Scan Root Regions
[2025-06-02T23:21:59.160+0530][149.739s] GC(99) Concurrent Scan Root Regions 12.815ms
[2025-06-02T23:21:59.160+0530][149.739s] GC(99) Concurrent Mark
[2025-06-02T23:21:59.160+0530][149.739s] GC(99) Concurrent Mark From Roots
[2025-06-02T23:21:59.160+0530][149.739s] GC(99) Using 2 workers of 2 for marking
[2025-06-02T23:21:59.167+0530][149.746s] GC(99) Concurrent Mark From Roots 7.117ms
[2025-06-02T23:21:59.167+0530][149.746s] GC(99) Concurrent Preclean
[2025-06-02T23:21:59.167+0530][149.746s] GC(99) Preclean SoftReferences 0.006ms
[2025-06-02T23:21:59.167+0530][149.746s] GC(99) Preclean WeakReferences 0.011ms
[2025-06-02T23:21:59.167+0530][149.746s] GC(99) Preclean FinalReferences 0.004ms
[2025-06-02T23:21:59.167+0530][149.746s] GC(99) Preclean PhantomReferences 0.016ms
[2025-06-02T23:21:59.167+0530][149.746s] GC(99) Concurrent Preclean 0.094ms
[2025-06-02T23:21:59.167+0530][149.746s] GC(99) Pause Remark
[2025-06-02T23:21:59.167+0530][149.746s] GC(99) Skipped phase 1 of Reference Processing: no references
[2025-06-02T23:21:59.167+0530][149.746s] GC(99) Skipped phase 2 of Reference Processing: no references
[2025-06-02T23:21:59.167+0530][149.746s] GC(99) Skipped phase 3 of Reference Processing: no references
[2025-06-02T23:21:59.167+0530][149.746s] GC(99) Skipped phase 4 of Reference Processing: no references
[2025-06-02T23:21:59.171+0530][149.750s] GC(99) Pause Remark 43M->43M(512M) 3.770ms
[2025-06-02T23:21:59.171+0530][149.750s] GC(99) User=0.01s Sys=0.00s Real=0.01s
[2025-06-02T23:21:59.171+0530][149.750s] GC(99) Concurrent Mark 11.338ms
[2025-06-02T23:21:59.171+0530][149.750s] GC(99) Concurrent Rebuild Remembered Sets
[2025-06-02T23:21:59.174+0530][149.753s] GC(99) Concurrent Rebuild Remembered Sets 3.182ms
[2025-06-02T23:21:59.174+0530][149.753s] GC(99) Pause Cleanup
[2025-06-02T23:21:59.175+0530][149.753s] GC(99) Pause Cleanup 44M->44M(512M) 0.157ms
[2025-06-02T23:21:59.175+0530][149.753s] GC(99) User=0.00s Sys=0.00s Real=0.00s
[2025-06-02T23:21:59.175+0530][149.754s] GC(99) Concurrent Cleanup for Next Mark
[2025-06-02T23:21:59.175+0530][149.754s] GC(99) Concurrent Cleanup for Next Mark 0.512ms
[2025-06-02T23:21:59.175+0530][149.754s] GC(99) Concurrent Mark Cycle 30.178ms
[2025-06-02T23:21:59.236+0530][149.815s] GC(100) Pause Young (Concurrent Start) (Metadata GC Threshold)
[2025-06-02T23:21:59.236+0530][149.815s] GC(100) Using 8 workers of 8 for evacuation
[2025-06-02T23:21:59.281+0530][149.859s] GC(100) Skipped phase 1 of Reference Processing: no references
[2025-06-02T23:21:59.281+0530][149.860s] GC(100) ReferenceProcessor::execute queues: 1, RefProcThreadModel::Single, marks_oops_alive: false
[2025-06-02T23:21:59.281+0530][149.860s] GC(100) Skipped phase 3 of Reference Processing: no references
[2025-06-02T23:21:59.281+0530][149.860s] GC(100) Skipped phase 4 of Reference Processing: no references
[2025-06-02T23:21:59.282+0530][149.861s] GC(100)   Pre Evacuate Collection Set: 1.8ms
[2025-06-02T23:21:59.282+0530][149.861s] GC(100)   Merge Heap Roots: 0.1ms
[2025-06-02T23:21:59.282+0530][149.861s] GC(100)   Evacuate Collection Set: 42.9ms
[2025-06-02T23:21:59.282+0530][149.861s] GC(100)   Post Evacuate Collection Set: 1.2ms
[2025-06-02T23:21:59.282+0530][149.861s] GC(100)   Other: 0.2ms
[2025-06-02T23:21:59.282+0530][149.861s] GC(100) Eden regions: 17->0(303)
[2025-06-02T23:21:59.282+0530][149.861s] GC(100) Survivor regions: 34->4(39)
[2025-06-02T23:21:59.282+0530][149.861s] GC(100) Old regions: 8->42
[2025-06-02T23:21:59.282+0530][149.861s] GC(100) Archive regions: 2->2
[2025-06-02T23:21:59.282+0530][149.861s] GC(100) Humongous regions: 0->0
[2025-06-02T23:21:59.282+0530][149.861s] GC(100) Metaspace: 37651K(131072K)->37651K(131072K) NonClass: 25748K(90688K)->25748K(90688K) Class: 11902K(40384K)->11902K(40384K)
[2025-06-02T23:21:59.282+0530][149.861s] GC(100) Pause Young (Concurrent Start) (Metadata GC Threshold) 56M->43M(512M) 46.331ms
[2025-06-02T23:21:59.282+0530][149.861s] GC(100) User=0.33s Sys=0.01s Real=0.05s
[2025-06-02T23:21:59.282+0530][149.861s] GC(101) Concurrent Mark Cycle
[2025-06-02T23:21:59.282+0530][149.861s] GC(102) Using 8 workers of 8 for full compaction
[2025-06-02T23:21:59.282+0530][149.861s] GC(101) Concurrent Clear Claimed Marks
[2025-06-02T23:21:59.282+0530][149.861s] GC(102) Pause Full (Metadata GC Threshold)
[2025-06-02T23:21:59.284+0530][149.863s] GC(101) Concurrent Clear Claimed Marks 1.856ms
[2025-06-02T23:21:59.284+0530][149.863s] GC(101) Concurrent Scan Root Regions
[2025-06-02T23:21:59.284+0530][149.863s] GC(101) Concurrent Scan Root Regions 0.027ms
[2025-06-02T23:21:59.284+0530][149.863s] GC(101) Concurrent Mark
[2025-06-02T23:21:59.284+0530][149.863s] GC(101) Concurrent Mark From Roots
[2025-06-02T23:21:59.284+0530][149.863s] GC(101) Using 2 workers of 2 for marking
[2025-06-02T23:21:59.285+0530][149.863s] GC(102) Phase 1: Mark live objects
[2025-06-02T23:21:59.290+0530][149.869s] GC(102) Skipped phase 1 of Reference Processing: no references
[2025-06-02T23:21:59.291+0530][149.869s] GC(102) ReferenceProcessor::execute queues: 2, RefProcThreadModel::Multi, marks_oops_alive: false
[2025-06-02T23:21:59.291+0530][149.869s] GC(102) Skipped phase 3 of Reference Processing: no references
[2025-06-02T23:21:59.291+0530][149.869s] GC(102) ReferenceProcessor::execute queues: 1, RefProcThreadModel::Single, marks_oops_alive: false
[2025-06-02T23:21:59.365+0530][149.944s] GC(102) Phase 1: Mark live objects 80.128ms
[2025-06-02T23:21:59.365+0530][149.944s] GC(102) Phase 2: Prepare for compaction
[2025-06-02T23:21:59.366+0530][149.945s] GC(102) Phase 2: Prepare for compaction 1.032ms
[2025-06-02T23:21:59.366+0530][149.945s] GC(102) Phase 3: Adjust pointers
[2025-06-02T23:21:59.369+0530][149.948s] GC(102) Phase 3: Adjust pointers 3.576ms
[2025-06-02T23:21:59.369+0530][149.948s] GC(102) Phase 4: Compact heap
[2025-06-02T23:21:59.370+0530][149.948s] GC(102) Phase 4: Compact heap 0.104ms
[2025-06-02T23:21:59.506+0530][150.084s] GC(102) Eden regions: 0->0(307)
[2025-06-02T23:21:59.506+0530][150.085s] GC(102) Survivor regions: 4->0(39)
[2025-06-02T23:21:59.506+0530][150.085s] GC(102) Old regions: 42->7
[2025-06-02T23:21:59.506+0530][150.085s] GC(102) Archive regions: 2->2
[2025-06-02T23:21:59.506+0530][150.085s] GC(102) Humongous regions: 0->0
[2025-06-02T23:21:59.506+0530][150.085s] GC(102) Metaspace: 37651K(131072K)->16173K(17664K) NonClass: 25748K(90688K)->14115K(15424K) Class: 11902K(40384K)->2058K(2240K)
[2025-06-02T23:21:59.506+0530][150.085s] GC(102) Pause Full (Metadata GC Threshold) 43M->6M(512M) 223.488ms
[2025-06-02T23:21:59.506+0530][150.085s] GC(102) User=0.24s Sys=0.03s Real=0.22s
[2025-06-02T23:21:59.506+0530][150.085s] GC(101) Concurrent Mark From Roots 222.007ms
[2025-06-02T23:21:59.506+0530][150.085s] GC(101) Concurrent Mark Abort
[2025-06-02T23:21:59.506+0530][150.085s] GC(101) Concurrent Mark Cycle 224.038ms
[2025-06-02T23:22:00.824+0530][151.402s] GC(103) Pause Young (Concurrent Start) (Metadata GC Threshold)
[2025-06-02T23:22:00.824+0530][151.402s] GC(103) Using 8 workers of 8 for evacuation
[2025-06-02T23:22:00.869+0530][151.448s] GC(103) Skipped phase 1 of Reference Processing: no references
[2025-06-02T23:22:00.869+0530][151.448s] GC(103) ReferenceProcessor::execute queues: 1, RefProcThreadModel::Single, marks_oops_alive: false
[2025-06-02T23:22:00.869+0530][151.448s] GC(103) Skipped phase 3 of Reference Processing: no references
[2025-06-02T23:22:00.869+0530][151.448s] GC(103) Skipped phase 4 of Reference Processing: no references
[2025-06-02T23:22:00.871+0530][151.450s] GC(103)   Pre Evacuate Collection Set: 1.9ms
[2025-06-02T23:22:00.871+0530][151.450s] GC(103)   Merge Heap Roots: 0.1ms
[2025-06-02T23:22:00.871+0530][151.450s] GC(103)   Evacuate Collection Set: 43.3ms
[2025-06-02T23:22:00.871+0530][151.450s] GC(103)   Post Evacuate Collection Set: 1.8ms
[2025-06-02T23:22:00.871+0530][151.450s] GC(103)   Other: 0.2ms
[2025-06-02T23:22:00.871+0530][151.450s] GC(103) Eden regions: 257->0(271)
[2025-06-02T23:22:00.871+0530][151.450s] GC(103) Survivor regions: 0->36(39)
[2025-06-02T23:22:00.871+0530][151.450s] GC(103) Old regions: 7->7
[2025-06-02T23:22:00.871+0530][151.450s] GC(103) Archive regions: 2->2
[2025-06-02T23:22:00.871+0530][151.450s] GC(103) Humongous regions: 0->0
[2025-06-02T23:22:00.871+0530][151.450s] GC(103) Metaspace: 37651K(131072K)->37651K(131072K) NonClass: 25748K(90688K)->25748K(90688K) Class: 11902K(40384K)->11902K(40384K)
[2025-06-02T23:22:00.871+0530][151.450s] GC(103) Pause Young (Concurrent Start) (Metadata GC Threshold) 263M->42M(512M) 47.417ms
[2025-06-02T23:22:00.871+0530][151.450s] GC(103) User=0.33s Sys=0.01s Real=0.05s
[2025-06-02T23:22:00.871+0530][151.450s] GC(104) Using 8 workers of 8 for full compaction
[2025-06-02T23:22:00.871+0530][151.450s] GC(105) Concurrent Mark Cycle
[2025-06-02T23:22:00.871+0530][151.450s] GC(104) Pause Full (Metadata GC Threshold)
[2025-06-02T23:22:00.871+0530][151.450s] GC(105) Concurrent Clear Claimed Marks
[2025-06-02T23:22:00.873+0530][151.452s] GC(105) Concurrent Clear Claimed Marks 1.930ms
[2025-06-02T23:22:00.873+0530][151.452s] GC(105) Concurrent Scan Root Regions
[2025-06-02T23:22:00.873+0530][151.452s] GC(105) Concurrent Scan Root Regions 0.030ms
[2025-06-02T23:22:00.873+0530][151.452s] GC(105) Concurrent Mark
[2025-06-02T23:22:00.873+0530][151.452s] GC(105) Concurrent Mark From Roots
[2025-06-02T23:22:00.873+0530][151.452s] GC(105) Using 2 workers of 2 for marking
[2025-06-02T23:22:00.874+0530][151.453s] GC(104) Phase 1: Mark live objects
[2025-06-02T23:22:00.880+0530][151.459s] GC(104) Skipped phase 1 of Reference Processing: no references
[2025-06-02T23:22:00.880+0530][151.459s] GC(104) ReferenceProcessor::execute queues: 2, RefProcThreadModel::Multi, marks_oops_alive: false
[2025-06-02T23:22:00.880+0530][151.459s] GC(104) Skipped phase 3 of Reference Processing: no references
[2025-06-02T23:22:00.880+0530][151.459s] GC(104) ReferenceProcessor::execute queues: 1, RefProcThreadModel::Single, marks_oops_alive: false
[2025-06-02T23:22:00.953+0530][151.532s] GC(104) Phase 1: Mark live objects 78.893ms
[2025-06-02T23:22:00.953+0530][151.532s] GC(104) Phase 2: Prepare for compaction
[2025-06-02T23:22:00.954+0530][151.533s] GC(104) Phase 2: Prepare for compaction 1.102ms
[2025-06-02T23:22:00.954+0530][151.533s] GC(104) Phase 3: Adjust pointers
[2025-06-02T23:22:00.957+0530][151.536s] GC(104) Phase 3: Adjust pointers 3.468ms
[2025-06-02T23:22:00.957+0530][151.536s] GC(104) Phase 4: Compact heap
[2025-06-02T23:22:00.958+0530][151.536s] GC(104) Phase 4: Compact heap 0.146ms
[2025-06-02T23:22:01.084+0530][151.662s] GC(104) Eden regions: 0->0(307)
[2025-06-02T23:22:01.084+0530][151.663s] GC(104) Survivor regions: 36->0(39)
[2025-06-02T23:22:01.084+0530][151.663s] GC(104) Old regions: 7->8
[2025-06-02T23:22:01.084+0530][151.663s] GC(104) Archive regions: 2->2
[2025-06-02T23:22:01.084+0530][151.663s] GC(104) Humongous regions: 0->0
[2025-06-02T23:22:01.084+0530][151.663s] GC(104) Metaspace: 37651K(131072K)->16173K(17664K) NonClass: 25748K(90688K)->14115K(15424K) Class: 11902K(40384K)->2058K(2240K)
[2025-06-02T23:22:01.084+0530][151.663s] GC(104) Pause Full (Metadata GC Threshold) 42M->6M(512M) 212.635ms
[2025-06-02T23:22:01.084+0530][151.663s] GC(104) User=0.24s Sys=0.02s Real=0.21s
[2025-06-02T23:22:01.084+0530][151.663s] GC(105) Concurrent Mark From Roots 210.891ms
[2025-06-02T23:22:01.084+0530][151.663s] GC(105) Concurrent Mark Abort
[2025-06-02T23:22:01.084+0530][151.663s] GC(105) Concurrent Mark Cycle 212.990ms
[2025-06-02T23:22:02.307+0530][152.886s] GC(106) Pause Young (Concurrent Start) (Metadata GC Threshold)
[2025-06-02T23:22:02.307+0530][152.886s] GC(106) Using 8 workers of 8 for evacuation
[2025-06-02T23:22:02.350+0530][152.929s] GC(106) Skipped phase 1 of Reference Processing: no references
[2025-06-02T23:22:02.350+0530][152.929s] GC(106) ReferenceProcessor::execute queues: 1, RefProcThreadModel::Single, marks_oops_alive: false
[2025-06-02T23:22:02.351+0530][152.929s] GC(106) Skipped phase 3 of Reference Processing: no references
[2025-06-02T23:22:02.351+0530][152.929s] GC(106) Skipped phase 4 of Reference Processing: no references
[2025-06-02T23:22:02.355+0530][152.934s] GC(106)   Pre Evacuate Collection Set: 1.7ms
[2025-06-02T23:22:02.355+0530][152.934s] GC(106)   Merge Heap Roots: 0.1ms
[2025-06-02T23:22:02.355+0530][152.934s] GC(106)   Evacuate Collection Set: 41.6ms
[2025-06-02T23:22:02.355+0530][152.934s] GC(106)   Post Evacuate Collection Set: 4.7ms
[2025-06-02T23:22:02.355+0530][152.934s] GC(106)   Other: 0.2ms
[2025-06-02T23:22:02.355+0530][152.934s] GC(106) Eden regions: 241->0(641)
[2025-06-02T23:22:02.355+0530][152.934s] GC(106) Survivor regions: 0->35(39)
[2025-06-02T23:22:02.355+0530][152.934s] GC(106) Old regions: 8->8
[2025-06-02T23:22:02.355+0530][152.934s] GC(106) Archive regions: 2->2
[2025-06-02T23:22:02.355+0530][152.934s] GC(106) Humongous regions: 0->0
[2025-06-02T23:22:02.355+0530][152.934s] GC(106) Metaspace: 36301K(123904K)->36301K(123904K) NonClass: 25017K(85888K)->25017K(85888K) Class: 11283K(38016K)->11283K(38016K)
[2025-06-02T23:22:02.355+0530][152.934s] GC(106) Pause Young (Concurrent Start) (Metadata GC Threshold) 247M->41M(1127M) 48.381ms
[2025-06-02T23:22:02.355+0530][152.934s] GC(106) User=0.31s Sys=0.01s Real=0.05s
[2025-06-02T23:22:02.355+0530][152.934s] GC(107) Concurrent Mark Cycle
[2025-06-02T23:22:02.355+0530][152.934s] GC(107) Concurrent Clear Claimed Marks
[2025-06-02T23:22:02.357+0530][152.936s] GC(107) Concurrent Clear Claimed Marks 1.602ms
[2025-06-02T23:22:02.357+0530][152.936s] GC(107) Concurrent Scan Root Regions
[2025-06-02T23:22:02.370+0530][152.949s] GC(107) Concurrent Scan Root Regions 13.124ms
[2025-06-02T23:22:02.370+0530][152.949s] GC(107) Concurrent Mark
[2025-06-02T23:22:02.370+0530][152.949s] GC(107) Concurrent Mark From Roots
[2025-06-02T23:22:02.370+0530][152.949s] GC(107) Using 2 workers of 2 for marking
[2025-06-02T23:22:02.377+0530][152.956s] GC(107) Concurrent Mark From Roots 6.951ms
[2025-06-02T23:22:02.377+0530][152.956s] GC(107) Concurrent Preclean
[2025-06-02T23:22:02.377+0530][152.956s] GC(107) Preclean SoftReferences 0.006ms
[2025-06-02T23:22:02.377+0530][152.956s] GC(107) Preclean WeakReferences 0.011ms
[2025-06-02T23:22:02.377+0530][152.956s] GC(107) Preclean FinalReferences 0.004ms
[2025-06-02T23:22:02.377+0530][152.956s] GC(107) Preclean PhantomReferences 0.011ms
[2025-06-02T23:22:02.377+0530][152.956s] GC(107) Concurrent Preclean 0.080ms
[2025-06-02T23:22:02.378+0530][152.956s] GC(107) Pause Remark
[2025-06-02T23:22:02.378+0530][152.957s] GC(107) Skipped phase 1 of Reference Processing: no references
[2025-06-02T23:22:02.378+0530][152.957s] GC(107) Skipped phase 2 of Reference Processing: no references
[2025-06-02T23:22:02.378+0530][152.957s] GC(107) Skipped phase 3 of Reference Processing: no references
[2025-06-02T23:22:02.378+0530][152.957s] GC(107) Skipped phase 4 of Reference Processing: no references
[2025-06-02T23:22:02.381+0530][152.960s] GC(107) Pause Remark 45M->45M(512M) 3.651ms
[2025-06-02T23:22:02.381+0530][152.960s] GC(107) User=0.01s Sys=0.00s Real=0.01s
[2025-06-02T23:22:02.381+0530][152.960s] GC(107) Concurrent Mark 11.114ms
[2025-06-02T23:22:02.381+0530][152.960s] GC(107) Concurrent Rebuild Remembered Sets
[2025-06-02T23:22:02.384+0530][152.963s] GC(107) Concurrent Rebuild Remembered Sets 3.169ms
[2025-06-02T23:22:02.385+0530][152.964s] GC(107) Pause Cleanup
[2025-06-02T23:22:02.385+0530][152.964s] GC(107) Pause Cleanup 45M->45M(512M) 0.139ms
[2025-06-02T23:22:02.385+0530][152.964s] GC(107) User=0.00s Sys=0.00s Real=0.00s
[2025-06-02T23:22:02.385+0530][152.964s] GC(107) Concurrent Cleanup for Next Mark
[2025-06-02T23:22:02.385+0530][152.964s] GC(107) Concurrent Cleanup for Next Mark 0.509ms
[2025-06-02T23:22:02.385+0530][152.964s] GC(107) Concurrent Mark Cycle 30.104ms
[2025-06-02T23:22:02.451+0530][153.030s] GC(108) Pause Young (Concurrent Start) (Metadata GC Threshold)
[2025-06-02T23:22:02.451+0530][153.030s] GC(108) Using 8 workers of 8 for evacuation
[2025-06-02T23:22:02.512+0530][153.091s] GC(108) Skipped phase 1 of Reference Processing: no references
[2025-06-02T23:22:02.512+0530][153.091s] GC(108) ReferenceProcessor::execute queues: 1, RefProcThreadModel::Single, marks_oops_alive: false
[2025-06-02T23:22:02.512+0530][153.091s] GC(108) Skipped phase 3 of Reference Processing: no references
[2025-06-02T23:22:02.512+0530][153.091s] GC(108) Skipped phase 4 of Reference Processing: no references
[2025-06-02T23:22:02.514+0530][153.093s] GC(108)   Pre Evacuate Collection Set: 1.9ms
[2025-06-02T23:22:02.514+0530][153.093s] GC(108)   Merge Heap Roots: 0.1ms
[2025-06-02T23:22:02.514+0530][153.093s] GC(108)   Evacuate Collection Set: 59.0ms
[2025-06-02T23:22:02.514+0530][153.093s] GC(108)   Post Evacuate Collection Set: 1.8ms
[2025-06-02T23:22:02.514+0530][153.093s] GC(108)   Other: 0.2ms
[2025-06-02T23:22:02.514+0530][153.093s] GC(108) Eden regions: 17->0(270)
[2025-06-02T23:22:02.514+0530][153.093s] GC(108) Survivor regions: 35->37(85)
[2025-06-02T23:22:02.514+0530][153.093s] GC(108) Old regions: 8->8
[2025-06-02T23:22:02.514+0530][153.093s] GC(108) Archive regions: 2->2
[2025-06-02T23:22:02.514+0530][153.093s] GC(108) Humongous regions: 0->0
[2025-06-02T23:22:02.514+0530][153.093s] GC(108) Metaspace: 37651K(131072K)->37651K(131072K) NonClass: 25748K(90688K)->25748K(90688K) Class: 11902K(40384K)->11902K(40384K)
[2025-06-02T23:22:02.514+0530][153.093s] GC(108) Pause Young (Concurrent Start) (Metadata GC Threshold) 57M->42M(512M) 63.202ms
[2025-06-02T23:22:02.514+0530][153.093s] GC(108) User=0.29s Sys=0.03s Real=0.06s
[2025-06-02T23:22:02.514+0530][153.093s] GC(109) Using 8 workers of 8 for full compaction
[2025-06-02T23:22:02.514+0530][153.093s] GC(110) Concurrent Mark Cycle
[2025-06-02T23:22:02.514+0530][153.093s] GC(110) Concurrent Clear Claimed Marks
[2025-06-02T23:22:02.514+0530][153.093s] GC(109) Pause Full (Metadata GC Threshold)
[2025-06-02T23:22:02.517+0530][153.096s] GC(110) Concurrent Clear Claimed Marks 2.321ms
[2025-06-02T23:22:02.517+0530][153.096s] GC(110) Concurrent Scan Root Regions
[2025-06-02T23:22:02.517+0530][153.096s] GC(110) Concurrent Scan Root Regions 0.033ms
[2025-06-02T23:22:02.517+0530][153.096s] GC(110) Concurrent Mark
[2025-06-02T23:22:02.517+0530][153.096s] GC(110) Concurrent Mark From Roots
[2025-06-02T23:22:02.517+0530][153.096s] GC(110) Using 2 workers of 2 for marking
[2025-06-02T23:22:02.518+0530][153.097s] GC(109) Phase 1: Mark live objects
[2025-06-02T23:22:02.526+0530][153.105s] GC(109) Skipped phase 1 of Reference Processing: no references
[2025-06-02T23:22:02.526+0530][153.105s] GC(109) ReferenceProcessor::execute queues: 2, RefProcThreadModel::Multi, marks_oops_alive: false
[2025-06-02T23:22:02.526+0530][153.105s] GC(109) Skipped phase 3 of Reference Processing: no references
[2025-06-02T23:22:02.526+0530][153.105s] GC(109) ReferenceProcessor::execute queues: 1, RefProcThreadModel::Single, marks_oops_alive: false
[2025-06-02T23:22:02.616+0530][153.195s] GC(109) Phase 1: Mark live objects 98.738ms
[2025-06-02T23:22:02.616+0530][153.195s] GC(109) Phase 2: Prepare for compaction
[2025-06-02T23:22:02.618+0530][153.197s] GC(109) Phase 2: Prepare for compaction 1.235ms
[2025-06-02T23:22:02.618+0530][153.197s] GC(109) Phase 3: Adjust pointers
[2025-06-02T23:22:02.622+0530][153.201s] GC(109) Phase 3: Adjust pointers 4.203ms
[2025-06-02T23:22:02.622+0530][153.201s] GC(109) Phase 4: Compact heap
[2025-06-02T23:22:02.622+0530][153.201s] GC(109) Phase 4: Compact heap 0.166ms
[2025-06-02T23:22:02.767+0530][153.346s] GC(109) Eden regions: 0->0(307)
[2025-06-02T23:22:02.767+0530][153.346s] GC(109) Survivor regions: 37->0(85)
[2025-06-02T23:22:02.767+0530][153.346s] GC(109) Old regions: 8->8
[2025-06-02T23:22:02.767+0530][153.346s] GC(109) Archive regions: 2->2
[2025-06-02T23:22:02.767+0530][153.346s] GC(109) Humongous regions: 0->0
[2025-06-02T23:22:02.767+0530][153.346s] GC(109) Metaspace: 37651K(131072K)->16173K(17664K) NonClass: 25748K(90688K)->14115K(15424K) Class: 11902K(40384K)->2058K(2240K)
[2025-06-02T23:22:02.767+0530][153.346s] GC(109) Pause Full (Metadata GC Threshold) 42M->6M(512M) 252.537ms
[2025-06-02T23:22:02.767+0530][153.346s] GC(109) User=0.25s Sys=0.03s Real=0.25s
[2025-06-02T23:22:02.767+0530][153.346s] GC(110) Concurrent Mark From Roots 250.408ms
[2025-06-02T23:22:02.767+0530][153.346s] GC(110) Concurrent Mark Abort
[2025-06-02T23:22:02.767+0530][153.346s] GC(110) Concurrent Mark Cycle 252.948ms
[2025-06-02T23:22:04.564+0530][155.143s] GC(111) Pause Young (Concurrent Start) (Metadata GC Threshold)
[2025-06-02T23:22:04.564+0530][155.143s] GC(111) Using 8 workers of 8 for evacuation
[2025-06-02T23:22:04.619+0530][155.198s] GC(111) Skipped phase 1 of Reference Processing: no references
[2025-06-02T23:22:04.619+0530][155.198s] GC(111) ReferenceProcessor::execute queues: 1, RefProcThreadModel::Single, marks_oops_alive: false
[2025-06-02T23:22:04.619+0530][155.198s] GC(111) Skipped phase 3 of Reference Processing: no references
[2025-06-02T23:22:04.619+0530][155.198s] GC(111) Skipped phase 4 of Reference Processing: no references
[2025-06-02T23:22:04.621+0530][155.200s] GC(111)   Pre Evacuate Collection Set: 3.0ms
[2025-06-02T23:22:04.621+0530][155.200s] GC(111)   Merge Heap Roots: 0.1ms
[2025-06-02T23:22:04.621+0530][155.200s] GC(111)   Evacuate Collection Set: 52.5ms
[2025-06-02T23:22:04.621+0530][155.200s] GC(111)   Post Evacuate Collection Set: 1.5ms
[2025-06-02T23:22:04.621+0530][155.200s] GC(111)   Other: 0.3ms
[2025-06-02T23:22:04.621+0530][155.200s] GC(111) Eden regions: 257->0(270)
[2025-06-02T23:22:04.621+0530][155.200s] GC(111) Survivor regions: 0->37(39)
[2025-06-02T23:22:04.621+0530][155.200s] GC(111) Old regions: 8->8
[2025-06-02T23:22:04.621+0530][155.200s] GC(111) Archive regions: 2->2
[2025-06-02T23:22:04.621+0530][155.200s] GC(111) Humongous regions: 0->0
[2025-06-02T23:22:04.621+0530][155.200s] GC(111) Metaspace: 37651K(131072K)->37651K(131072K) NonClass: 25748K(90688K)->25748K(90688K) Class: 11902K(40384K)->11902K(40384K)
[2025-06-02T23:22:04.621+0530][155.200s] GC(111) Pause Young (Concurrent Start) (Metadata GC Threshold) 263M->42M(512M) 57.484ms
[2025-06-02T23:22:04.621+0530][155.200s] GC(111) User=0.30s Sys=0.01s Real=0.06s
[2025-06-02T23:22:04.621+0530][155.200s] GC(112) Using 8 workers of 8 for full compaction
[2025-06-02T23:22:04.621+0530][155.200s] GC(113) Concurrent Mark Cycle
[2025-06-02T23:22:04.621+0530][155.200s] GC(113) Concurrent Clear Claimed Marks
[2025-06-02T23:22:04.621+0530][155.200s] GC(112) Pause Full (Metadata GC Threshold)
[2025-06-02T23:22:04.623+0530][155.202s] GC(113) Concurrent Clear Claimed Marks 2.198ms
[2025-06-02T23:22:04.623+0530][155.202s] GC(113) Concurrent Scan Root Regions
[2025-06-02T23:22:04.623+0530][155.202s] GC(113) Concurrent Scan Root Regions 0.035ms
[2025-06-02T23:22:04.623+0530][155.202s] GC(113) Concurrent Mark
[2025-06-02T23:22:04.623+0530][155.202s] GC(113) Concurrent Mark From Roots
[2025-06-02T23:22:04.623+0530][155.202s] GC(113) Using 2 workers of 2 for marking
[2025-06-02T23:22:04.624+0530][155.203s] GC(112) Phase 1: Mark live objects
[2025-06-02T23:22:04.634+0530][155.213s] GC(112) Skipped phase 1 of Reference Processing: no references
[2025-06-02T23:22:04.634+0530][155.213s] GC(112) ReferenceProcessor::execute queues: 2, RefProcThreadModel::Multi, marks_oops_alive: false
[2025-06-02T23:22:04.634+0530][155.213s] GC(112) Skipped phase 3 of Reference Processing: no references
[2025-06-02T23:22:04.634+0530][155.214s] GC(112) ReferenceProcessor::execute queues: 1, RefProcThreadModel::Single, marks_oops_alive: false
[2025-06-02T23:22:04.748+0530][155.327s] GC(112) Phase 1: Mark live objects 123.851ms
[2025-06-02T23:22:04.748+0530][155.327s] GC(112) Phase 2: Prepare for compaction
[2025-06-02T23:22:04.750+0530][155.329s] GC(112) Phase 2: Prepare for compaction 1.530ms
[2025-06-02T23:22:04.750+0530][155.329s] GC(112) Phase 3: Adjust pointers
[2025-06-02T23:22:04.754+0530][155.333s] GC(112) Phase 3: Adjust pointers 4.244ms
[2025-06-02T23:22:04.754+0530][155.333s] GC(112) Phase 4: Compact heap
[2025-06-02T23:22:04.754+0530][155.333s] GC(112) Phase 4: Compact heap 0.122ms
[2025-06-02T23:22:04.970+0530][155.549s] GC(112) Eden regions: 0->0(307)
[2025-06-02T23:22:04.971+0530][155.550s] GC(112) Survivor regions: 37->0(39)
[2025-06-02T23:22:04.971+0530][155.550s] GC(112) Old regions: 8->10
[2025-06-02T23:22:04.971+0530][155.550s] GC(112) Archive regions: 2->2
[2025-06-02T23:22:04.971+0530][155.550s] GC(112) Humongous regions: 0->0
[2025-06-02T23:22:04.971+0530][155.550s] GC(112) Metaspace: 37651K(131072K)->16173K(17664K) NonClass: 25748K(90688K)->14115K(15424K) Class: 11902K(40384K)->2058K(2240K)
[2025-06-02T23:22:04.971+0530][155.550s] GC(112) Pause Full (Metadata GC Threshold) 42M->6M(512M) 349.750ms
[2025-06-02T23:22:04.971+0530][155.550s] GC(112) User=0.33s Sys=0.03s Real=0.35s
[2025-06-02T23:22:04.982+0530][155.561s] GC(113) Concurrent Mark From Roots 358.087ms
[2025-06-02T23:22:04.982+0530][155.561s] GC(113) Concurrent Mark Abort
[2025-06-02T23:22:04.982+0530][155.561s] GC(113) Concurrent Mark Cycle 360.519ms
[2025-06-02T23:22:06.486+0530][157.065s] GC(114) Pause Young (Concurrent Start) (Metadata GC Threshold)
[2025-06-02T23:22:06.486+0530][157.065s] GC(114) Using 8 workers of 8 for evacuation
[2025-06-02T23:22:06.538+0530][157.117s] GC(114) Skipped phase 1 of Reference Processing: no references
[2025-06-02T23:22:06.538+0530][157.117s] GC(114) ReferenceProcessor::execute queues: 1, RefProcThreadModel::Single, marks_oops_alive: false
[2025-06-02T23:22:06.538+0530][157.117s] GC(114) Skipped phase 3 of Reference Processing: no references
[2025-06-02T23:22:06.538+0530][157.117s] GC(114) Skipped phase 4 of Reference Processing: no references
[2025-06-02T23:22:06.539+0530][157.118s] GC(114)   Pre Evacuate Collection Set: 1.8ms
[2025-06-02T23:22:06.539+0530][157.119s] GC(114)   Merge Heap Roots: 0.1ms
[2025-06-02T23:22:06.539+0530][157.119s] GC(114)   Evacuate Collection Set: 49.9ms
[2025-06-02T23:22:06.539+0530][157.119s] GC(114)   Post Evacuate Collection Set: 1.4ms
[2025-06-02T23:22:06.539+0530][157.119s] GC(114)   Other: 0.2ms
[2025-06-02T23:22:06.539+0530][157.119s] GC(114) Eden regions: 241->0(272)
[2025-06-02T23:22:06.539+0530][157.119s] GC(114) Survivor regions: 0->35(39)
[2025-06-02T23:22:06.539+0530][157.119s] GC(114) Old regions: 10->10
[2025-06-02T23:22:06.539+0530][157.119s] GC(114) Archive regions: 2->2
[2025-06-02T23:22:06.539+0530][157.119s] GC(114) Humongous regions: 0->0
[2025-06-02T23:22:06.540+0530][157.119s] GC(114) Metaspace: 36304K(123904K)->36304K(123904K) NonClass: 25020K(85888K)->25020K(85888K) Class: 11283K(38016K)->11283K(38016K)
[2025-06-02T23:22:06.540+0530][157.119s] GC(114) Pause Young (Concurrent Start) (Metadata GC Threshold) 247M->40M(512M) 53.461ms
[2025-06-02T23:22:06.540+0530][157.119s] GC(114) User=0.25s Sys=0.02s Real=0.06s
[2025-06-02T23:22:06.540+0530][157.119s] GC(115) Concurrent Mark Cycle
[2025-06-02T23:22:06.540+0530][157.119s] GC(115) Concurrent Clear Claimed Marks
[2025-06-02T23:22:06.541+0530][157.120s] GC(115) Concurrent Clear Claimed Marks 1.687ms
[2025-06-02T23:22:06.541+0530][157.120s] GC(115) Concurrent Scan Root Regions
[2025-06-02T23:22:06.554+0530][157.133s] GC(115) Concurrent Scan Root Regions 12.741ms
[2025-06-02T23:22:06.554+0530][157.133s] GC(115) Concurrent Mark
[2025-06-02T23:22:06.554+0530][157.133s] GC(115) Concurrent Mark From Roots
[2025-06-02T23:22:06.554+0530][157.133s] GC(115) Using 2 workers of 2 for marking
[2025-06-02T23:22:06.562+0530][157.141s] GC(115) Concurrent Mark From Roots 7.994ms
[2025-06-02T23:22:06.562+0530][157.141s] GC(115) Concurrent Preclean
[2025-06-02T23:22:06.562+0530][157.141s] GC(115) Preclean SoftReferences 0.006ms
[2025-06-02T23:22:06.562+0530][157.141s] GC(115) Preclean WeakReferences 0.049ms
[2025-06-02T23:22:06.562+0530][157.141s] GC(115) Preclean FinalReferences 0.004ms
[2025-06-02T23:22:06.562+0530][157.141s] GC(115) Preclean PhantomReferences 0.011ms
[2025-06-02T23:22:06.562+0530][157.141s] GC(115) Concurrent Preclean 0.128ms
[2025-06-02T23:22:06.562+0530][157.142s] GC(115) Pause Remark
[2025-06-02T23:22:06.563+0530][157.142s] GC(115) Skipped phase 1 of Reference Processing: no references
[2025-06-02T23:22:06.563+0530][157.142s] GC(115) Skipped phase 2 of Reference Processing: no references
[2025-06-02T23:22:06.563+0530][157.142s] GC(115) Skipped phase 3 of Reference Processing: no references
[2025-06-02T23:22:06.563+0530][157.142s] GC(115) Skipped phase 4 of Reference Processing: no references
[2025-06-02T23:22:06.566+0530][157.145s] GC(115) Pause Remark 44M->44M(512M) 3.394ms
[2025-06-02T23:22:06.566+0530][157.145s] GC(115) User=0.01s Sys=0.00s Real=0.00s
[2025-06-02T23:22:06.566+0530][157.145s] GC(115) Concurrent Mark 11.772ms
[2025-06-02T23:22:06.566+0530][157.145s] GC(115) Concurrent Rebuild Remembered Sets
[2025-06-02T23:22:06.569+0530][157.148s] GC(115) Concurrent Rebuild Remembered Sets 3.082ms
[2025-06-02T23:22:06.569+0530][157.148s] GC(115) Pause Cleanup
[2025-06-02T23:22:06.569+0530][157.148s] GC(115) Pause Cleanup 45M->45M(512M) 0.133ms
[2025-06-02T23:22:06.569+0530][157.148s] GC(115) User=0.00s Sys=0.00s Real=0.00s
[2025-06-02T23:22:06.569+0530][157.149s] GC(115) Concurrent Cleanup for Next Mark
[2025-06-02T23:22:06.571+0530][157.150s] GC(115) Concurrent Cleanup for Next Mark 1.289ms
[2025-06-02T23:22:06.571+0530][157.150s] GC(115) Concurrent Mark Cycle 31.195ms
[2025-06-02T23:22:06.632+0530][157.211s] GC(116) Pause Young (Concurrent Start) (Metadata GC Threshold)
[2025-06-02T23:22:06.632+0530][157.211s] GC(116) Using 8 workers of 8 for evacuation
[2025-06-02T23:22:06.677+0530][157.257s] GC(116) Skipped phase 1 of Reference Processing: no references
[2025-06-02T23:22:06.677+0530][157.257s] GC(116) ReferenceProcessor::execute queues: 1, RefProcThreadModel::Single, marks_oops_alive: false
[2025-06-02T23:22:06.678+0530][157.257s] GC(116) Skipped phase 3 of Reference Processing: no references
[2025-06-02T23:22:06.678+0530][157.257s] GC(116) Skipped phase 4 of Reference Processing: no references
[2025-06-02T23:22:06.679+0530][157.258s] GC(116)   Pre Evacuate Collection Set: 1.9ms
[2025-06-02T23:22:06.679+0530][157.258s] GC(116)   Merge Heap Roots: 0.1ms
[2025-06-02T23:22:06.679+0530][157.258s] GC(116)   Evacuate Collection Set: 43.3ms
[2025-06-02T23:22:06.679+0530][157.258s] GC(116)   Post Evacuate Collection Set: 1.4ms
[2025-06-02T23:22:06.679+0530][157.258s] GC(116)   Other: 0.2ms
[2025-06-02T23:22:06.679+0530][157.258s] GC(116) Eden regions: 17->0(303)
[2025-06-02T23:22:06.679+0530][157.258s] GC(116) Survivor regions: 35->4(39)
[2025-06-02T23:22:06.679+0530][157.258s] GC(116) Old regions: 10->44
[2025-06-02T23:22:06.679+0530][157.258s] GC(116) Archive regions: 2->2
[2025-06-02T23:22:06.679+0530][157.258s] GC(116) Humongous regions: 0->0
[2025-06-02T23:22:06.679+0530][157.258s] GC(116) Metaspace: 37654K(131072K)->37654K(131072K) NonClass: 25751K(90688K)->25751K(90688K) Class: 11902K(40384K)->11902K(40384K)
[2025-06-02T23:22:06.679+0530][157.258s] GC(116) Pause Young (Concurrent Start) (Metadata GC Threshold) 57M->43M(512M) 46.991ms
[2025-06-02T23:22:06.679+0530][157.258s] GC(116) User=0.34s Sys=0.00s Real=0.04s
[2025-06-02T23:22:06.679+0530][157.258s] GC(117) Using 8 workers of 8 for full compaction
[2025-06-02T23:22:06.679+0530][157.258s] GC(118) Concurrent Mark Cycle
[2025-06-02T23:22:06.679+0530][157.258s] GC(118) Concurrent Clear Claimed Marks
[2025-06-02T23:22:06.679+0530][157.258s] GC(117) Pause Full (Metadata GC Threshold)
[2025-06-02T23:22:06.681+0530][157.260s] GC(118) Concurrent Clear Claimed Marks 1.517ms
[2025-06-02T23:22:06.681+0530][157.260s] GC(118) Concurrent Scan Root Regions
[2025-06-02T23:22:06.681+0530][157.260s] GC(118) Concurrent Scan Root Regions 0.028ms
[2025-06-02T23:22:06.681+0530][157.260s] GC(118) Concurrent Mark
[2025-06-02T23:22:06.681+0530][157.260s] GC(118) Concurrent Mark From Roots
[2025-06-02T23:22:06.681+0530][157.260s] GC(118) Using 2 workers of 2 for marking
[2025-06-02T23:22:06.681+0530][157.260s] GC(117) Phase 1: Mark live objects
[2025-06-02T23:22:06.687+0530][157.266s] GC(117) Skipped phase 1 of Reference Processing: no references
[2025-06-02T23:22:06.687+0530][157.266s] GC(117) ReferenceProcessor::execute queues: 2, RefProcThreadModel::Multi, marks_oops_alive: false
[2025-06-02T23:22:06.687+0530][157.266s] GC(117) Skipped phase 3 of Reference Processing: no references
[2025-06-02T23:22:06.687+0530][157.266s] GC(117) ReferenceProcessor::execute queues: 1, RefProcThreadModel::Single, marks_oops_alive: false
[2025-06-02T23:22:06.763+0530][157.342s] GC(117) Phase 1: Mark live objects 81.805ms
[2025-06-02T23:22:06.763+0530][157.342s] GC(117) Phase 2: Prepare for compaction
[2025-06-02T23:22:06.764+0530][157.343s] GC(117) Phase 2: Prepare for compaction 0.777ms
[2025-06-02T23:22:06.764+0530][157.343s] GC(117) Phase 3: Adjust pointers
[2025-06-02T23:22:06.767+0530][157.347s] GC(117) Phase 3: Adjust pointers 3.558ms
[2025-06-02T23:22:06.767+0530][157.347s] GC(117) Phase 4: Compact heap
[2025-06-02T23:22:06.768+0530][157.347s] GC(117) Phase 4: Compact heap 0.115ms
[2025-06-02T23:22:06.897+0530][157.477s] GC(117) Eden regions: 0->0(307)
[2025-06-02T23:22:06.897+0530][157.477s] GC(117) Survivor regions: 4->0(39)
[2025-06-02T23:22:06.897+0530][157.477s] GC(117) Old regions: 44->7
[2025-06-02T23:22:06.897+0530][157.477s] GC(117) Archive regions: 2->2
[2025-06-02T23:22:06.897+0530][157.477s] GC(117) Humongous regions: 0->0
[2025-06-02T23:22:06.897+0530][157.477s] GC(117) Metaspace: 37654K(131072K)->16176K(17664K) NonClass: 25751K(90688K)->14118K(15424K) Class: 11902K(40384K)->2058K(2240K)
[2025-06-02T23:22:06.898+0530][157.477s] GC(117) Pause Full (Metadata GC Threshold) 43M->6M(512M) 218.347ms
[2025-06-02T23:22:06.898+0530][157.477s] GC(117) User=0.24s Sys=0.03s Real=0.22s
[2025-06-02T23:22:06.898+0530][157.477s] GC(118) Concurrent Mark From Roots 217.153ms
[2025-06-02T23:22:06.898+0530][157.477s] GC(118) Concurrent Mark Abort
[2025-06-02T23:22:06.898+0530][157.477s] GC(118) Concurrent Mark Cycle 218.831ms
[2025-06-02T23:22:08.656+0530][159.235s] GC(119) Pause Young (Concurrent Start) (Metadata GC Threshold)
[2025-06-02T23:22:08.656+0530][159.235s] GC(119) Using 8 workers of 8 for evacuation
[2025-06-02T23:22:08.734+0530][159.314s] GC(119) Skipped phase 1 of Reference Processing: no references
[2025-06-02T23:22:08.735+0530][159.314s] GC(119) ReferenceProcessor::execute queues: 1, RefProcThreadModel::Single, marks_oops_alive: false
[2025-06-02T23:22:08.735+0530][159.314s] GC(119) Skipped phase 3 of Reference Processing: no references
[2025-06-02T23:22:08.735+0530][159.314s] GC(119) Skipped phase 4 of Reference Processing: no references
[2025-06-02T23:22:08.738+0530][159.317s] GC(119)   Pre Evacuate Collection Set: 10.6ms
[2025-06-02T23:22:08.738+0530][159.317s] GC(119)   Merge Heap Roots: 0.8ms
[2025-06-02T23:22:08.738+0530][159.317s] GC(119)   Evacuate Collection Set: 66.9ms
[2025-06-02T23:22:08.738+0530][159.317s] GC(119)   Post Evacuate Collection Set: 3.6ms
[2025-06-02T23:22:08.738+0530][159.317s] GC(119)   Other: 0.2ms
[2025-06-02T23:22:08.738+0530][159.317s] GC(119) Eden regions: 257->0(271)
[2025-06-02T23:22:08.738+0530][159.317s] GC(119) Survivor regions: 0->36(39)
[2025-06-02T23:22:08.738+0530][159.317s] GC(119) Old regions: 7->7
[2025-06-02T23:22:08.738+0530][159.317s] GC(119) Archive regions: 2->2
[2025-06-02T23:22:08.738+0530][159.317s] GC(119) Humongous regions: 0->0
[2025-06-02T23:22:08.738+0530][159.317s] GC(119) Metaspace: 37654K(131072K)->37654K(131072K) NonClass: 25751K(90688K)->25751K(90688K) Class: 11902K(40384K)->11902K(40384K)
[2025-06-02T23:22:08.738+0530][159.317s] GC(119) Pause Young (Concurrent Start) (Metadata GC Threshold) 263M->42M(512M) 82.328ms
[2025-06-02T23:22:08.738+0530][159.318s] GC(119) User=0.31s Sys=0.02s Real=0.08s
[2025-06-02T23:22:08.738+0530][159.318s] GC(120) Using 8 workers of 8 for full compaction
[2025-06-02T23:22:08.738+0530][159.318s] GC(121) Concurrent Mark Cycle
[2025-06-02T23:22:08.738+0530][159.318s] GC(121) Concurrent Clear Claimed Marks
[2025-06-02T23:22:08.738+0530][159.318s] GC(120) Pause Full (Metadata GC Threshold)
[2025-06-02T23:22:08.751+0530][159.330s] GC(121) Concurrent Clear Claimed Marks 12.250ms
[2025-06-02T23:22:08.751+0530][159.330s] GC(121) Concurrent Scan Root Regions
[2025-06-02T23:22:08.751+0530][159.330s] GC(121) Concurrent Scan Root Regions 0.167ms
[2025-06-02T23:22:08.752+0530][159.331s] GC(121) Concurrent Mark
[2025-06-02T23:22:08.752+0530][159.331s] GC(121) Concurrent Mark From Roots
[2025-06-02T23:22:08.752+0530][159.331s] GC(121) Using 2 workers of 2 for marking
[2025-06-02T23:22:08.752+0530][159.331s] GC(120) Phase 1: Mark live objects
[2025-06-02T23:22:08.762+0530][159.341s] GC(120) Skipped phase 1 of Reference Processing: no references
[2025-06-02T23:22:08.762+0530][159.341s] GC(120) ReferenceProcessor::execute queues: 2, RefProcThreadModel::Multi, marks_oops_alive: false
[2025-06-02T23:22:08.762+0530][159.341s] GC(120) Skipped phase 3 of Reference Processing: no references
[2025-06-02T23:22:08.762+0530][159.341s] GC(120) ReferenceProcessor::execute queues: 1, RefProcThreadModel::Single, marks_oops_alive: false
[2025-06-02T23:22:08.923+0530][159.502s] GC(120) Phase 1: Mark live objects 171.197ms
[2025-06-02T23:22:08.923+0530][159.502s] GC(120) Phase 2: Prepare for compaction
[2025-06-02T23:22:08.924+0530][159.504s] GC(120) Phase 2: Prepare for compaction 1.437ms
[2025-06-02T23:22:08.925+0530][159.504s] GC(120) Phase 3: Adjust pointers
[2025-06-02T23:22:08.930+0530][159.509s] GC(120) Phase 3: Adjust pointers 5.158ms
[2025-06-02T23:22:08.930+0530][159.509s] GC(120) Phase 4: Compact heap
[2025-06-02T23:22:08.930+0530][159.509s] GC(120) Phase 4: Compact heap 0.134ms
[2025-06-02T23:22:09.143+0530][159.722s] GC(120) Eden regions: 0->0(307)
[2025-06-02T23:22:09.143+0530][159.722s] GC(120) Survivor regions: 36->0(39)
[2025-06-02T23:22:09.143+0530][159.722s] GC(120) Old regions: 7->7
[2025-06-02T23:22:09.143+0530][159.722s] GC(120) Archive regions: 2->2
[2025-06-02T23:22:09.143+0530][159.722s] GC(120) Humongous regions: 0->0
[2025-06-02T23:22:09.143+0530][159.722s] GC(120) Metaspace: 37654K(131072K)->16176K(17664K) NonClass: 25751K(90688K)->14118K(15424K) Class: 11902K(40384K)->2058K(2240K)
[2025-06-02T23:22:09.143+0530][159.722s] GC(120) Pause Full (Metadata GC Threshold) 42M->6M(512M) 404.218ms
[2025-06-02T23:22:09.143+0530][159.722s] GC(120) User=0.33s Sys=0.04s Real=0.41s
[2025-06-02T23:22:09.143+0530][159.722s] GC(121) Concurrent Mark From Roots 391.208ms
[2025-06-02T23:22:09.143+0530][159.722s] GC(121) Concurrent Mark Abort
[2025-06-02T23:22:09.143+0530][159.722s] GC(121) Concurrent Mark Cycle 404.601ms
[2025-06-02T23:22:10.989+0530][161.569s] GC(122) Pause Young (Concurrent Start) (Metadata GC Threshold)
[2025-06-02T23:22:10.990+0530][161.569s] GC(122) Using 8 workers of 8 for evacuation
[2025-06-02T23:22:11.031+0530][161.610s] GC(122) Skipped phase 1 of Reference Processing: no references
[2025-06-02T23:22:11.031+0530][161.610s] GC(122) ReferenceProcessor::execute queues: 1, RefProcThreadModel::Single, marks_oops_alive: false
[2025-06-02T23:22:11.031+0530][161.610s] GC(122) Skipped phase 3 of Reference Processing: no references
[2025-06-02T23:22:11.031+0530][161.610s] GC(122) Skipped phase 4 of Reference Processing: no references
[2025-06-02T23:22:11.035+0530][161.615s] GC(122)   Pre Evacuate Collection Set: 1.9ms
[2025-06-02T23:22:11.035+0530][161.615s] GC(122)   Merge Heap Roots: 0.1ms
[2025-06-02T23:22:11.035+0530][161.615s] GC(122)   Evacuate Collection Set: 39.3ms
[2025-06-02T23:22:11.035+0530][161.615s] GC(122)   Post Evacuate Collection Set: 4.5ms
[2025-06-02T23:22:11.035+0530][161.615s] GC(122)   Other: 0.2ms
[2025-06-02T23:22:11.035+0530][161.615s] GC(122) Eden regions: 241->0(641)
[2025-06-02T23:22:11.035+0530][161.615s] GC(122) Survivor regions: 0->35(39)
[2025-06-02T23:22:11.035+0530][161.615s] GC(122) Old regions: 7->7
[2025-06-02T23:22:11.035+0530][161.615s] GC(122) Archive regions: 2->2
[2025-06-02T23:22:11.035+0530][161.615s] GC(122) Humongous regions: 0->0
[2025-06-02T23:22:11.035+0530][161.615s] GC(122) Metaspace: 36304K(123904K)->36304K(123904K) NonClass: 25020K(85888K)->25020K(85888K) Class: 11283K(38016K)->11283K(38016K)
[2025-06-02T23:22:11.035+0530][161.615s] GC(122) Pause Young (Concurrent Start) (Metadata GC Threshold) 247M->41M(1127M) 45.997ms
[2025-06-02T23:22:11.035+0530][161.615s] GC(122) User=0.30s Sys=0.01s Real=0.05s
[2025-06-02T23:22:11.036+0530][161.615s] GC(123) Concurrent Mark Cycle
[2025-06-02T23:22:11.036+0530][161.615s] GC(123) Concurrent Clear Claimed Marks
[2025-06-02T23:22:11.037+0530][161.617s] GC(123) Concurrent Clear Claimed Marks 1.664ms
[2025-06-02T23:22:11.037+0530][161.617s] GC(123) Concurrent Scan Root Regions
[2025-06-02T23:22:11.050+0530][161.629s] GC(123) Concurrent Scan Root Regions 12.951ms
[2025-06-02T23:22:11.050+0530][161.630s] GC(123) Concurrent Mark
[2025-06-02T23:22:11.050+0530][161.630s] GC(123) Concurrent Mark From Roots
[2025-06-02T23:22:11.050+0530][161.630s] GC(123) Using 2 workers of 2 for marking
[2025-06-02T23:22:11.057+0530][161.636s] GC(123) Concurrent Mark From Roots 6.679ms
[2025-06-02T23:22:11.057+0530][161.636s] GC(123) Concurrent Preclean
[2025-06-02T23:22:11.057+0530][161.636s] GC(123) Preclean SoftReferences 0.006ms
[2025-06-02T23:22:11.057+0530][161.636s] GC(123) Preclean WeakReferences 0.011ms
[2025-06-02T23:22:11.057+0530][161.636s] GC(123) Preclean FinalReferences 0.004ms
[2025-06-02T23:22:11.057+0530][161.636s] GC(123) Preclean PhantomReferences 0.011ms
[2025-06-02T23:22:11.057+0530][161.636s] GC(123) Concurrent Preclean 0.081ms
[2025-06-02T23:22:11.057+0530][161.637s] GC(123) Pause Remark
[2025-06-02T23:22:11.057+0530][161.637s] GC(123) Skipped phase 1 of Reference Processing: no references
[2025-06-02T23:22:11.057+0530][161.637s] GC(123) Skipped phase 2 of Reference Processing: no references
[2025-06-02T23:22:11.057+0530][161.637s] GC(123) Skipped phase 3 of Reference Processing: no references
[2025-06-02T23:22:11.057+0530][161.637s] GC(123) Skipped phase 4 of Reference Processing: no references
[2025-06-02T23:22:11.061+0530][161.640s] GC(123) Pause Remark 45M->45M(512M) 3.612ms
[2025-06-02T23:22:11.061+0530][161.640s] GC(123) User=0.01s Sys=0.00s Real=0.01s
[2025-06-02T23:22:11.061+0530][161.640s] GC(123) Concurrent Mark 10.692ms
[2025-06-02T23:22:11.061+0530][161.640s] GC(123) Concurrent Rebuild Remembered Sets
[2025-06-02T23:22:11.064+0530][161.643s] GC(123) Concurrent Rebuild Remembered Sets 2.982ms
[2025-06-02T23:22:11.064+0530][161.643s] GC(123) Pause Cleanup
[2025-06-02T23:22:11.064+0530][161.644s] GC(123) Pause Cleanup 45M->45M(512M) 0.142ms
[2025-06-02T23:22:11.064+0530][161.644s] GC(123) User=0.00s Sys=0.00s Real=0.00s
[2025-06-02T23:22:11.064+0530][161.644s] GC(123) Concurrent Cleanup for Next Mark
[2025-06-02T23:22:11.065+0530][161.644s] GC(123) Concurrent Cleanup for Next Mark 0.711ms
[2025-06-02T23:22:11.065+0530][161.644s] GC(123) Concurrent Mark Cycle 29.618ms
[2025-06-02T23:22:11.136+0530][161.715s] GC(124) Pause Young (Concurrent Start) (Metadata GC Threshold)
[2025-06-02T23:22:11.136+0530][161.715s] GC(124) Using 8 workers of 8 for evacuation
[2025-06-02T23:22:11.182+0530][161.761s] GC(124) Skipped phase 1 of Reference Processing: no references
[2025-06-02T23:22:11.182+0530][161.761s] GC(124) ReferenceProcessor::execute queues: 1, RefProcThreadModel::Single, marks_oops_alive: false
[2025-06-02T23:22:11.182+0530][161.761s] GC(124) Skipped phase 3 of Reference Processing: no references
[2025-06-02T23:22:11.182+0530][161.761s] GC(124) Skipped phase 4 of Reference Processing: no references
[2025-06-02T23:22:11.184+0530][161.763s] GC(124)   Pre Evacuate Collection Set: 2.5ms
[2025-06-02T23:22:11.184+0530][161.763s] GC(124)   Merge Heap Roots: 0.1ms
[2025-06-02T23:22:11.184+0530][161.763s] GC(124)   Evacuate Collection Set: 43.7ms
[2025-06-02T23:22:11.184+0530][161.763s] GC(124)   Post Evacuate Collection Set: 1.5ms
[2025-06-02T23:22:11.184+0530][161.763s] GC(124)   Other: 0.2ms
[2025-06-02T23:22:11.184+0530][161.763s] GC(124) Eden regions: 17->0(269)
[2025-06-02T23:22:11.184+0530][161.763s] GC(124) Survivor regions: 35->38(85)
[2025-06-02T23:22:11.184+0530][161.763s] GC(124) Old regions: 7->7
[2025-06-02T23:22:11.184+0530][161.763s] GC(124) Archive regions: 2->2
[2025-06-02T23:22:11.184+0530][161.763s] GC(124) Humongous regions: 0->0
[2025-06-02T23:22:11.184+0530][161.763s] GC(124) Metaspace: 37654K(131072K)->37654K(131072K) NonClass: 25751K(90688K)->25751K(90688K) Class: 11902K(40384K)->11902K(40384K)
[2025-06-02T23:22:11.184+0530][161.763s] GC(124) Pause Young (Concurrent Start) (Metadata GC Threshold) 57M->43M(512M) 48.154ms
[2025-06-02T23:22:11.184+0530][161.763s] GC(124) User=0.33s Sys=0.01s Real=0.05s
[2025-06-02T23:22:11.184+0530][161.763s] GC(125) Using 8 workers of 8 for full compaction
[2025-06-02T23:22:11.184+0530][161.763s] GC(126) Concurrent Mark Cycle
[2025-06-02T23:22:11.184+0530][161.763s] GC(125) Pause Full (Metadata GC Threshold)
[2025-06-02T23:22:11.184+0530][161.763s] GC(126) Concurrent Clear Claimed Marks
[2025-06-02T23:22:11.186+0530][161.765s] GC(126) Concurrent Clear Claimed Marks 2.040ms
[2025-06-02T23:22:11.186+0530][161.765s] GC(126) Concurrent Scan Root Regions
[2025-06-02T23:22:11.186+0530][161.765s] GC(126) Concurrent Scan Root Regions 0.064ms
[2025-06-02T23:22:11.186+0530][161.765s] GC(126) Concurrent Mark
[2025-06-02T23:22:11.186+0530][161.765s] GC(126) Concurrent Mark From Roots
[2025-06-02T23:22:11.186+0530][161.765s] GC(126) Using 2 workers of 2 for marking
[2025-06-02T23:22:11.186+0530][161.766s] GC(125) Phase 1: Mark live objects
[2025-06-02T23:22:11.192+0530][161.771s] GC(125) Skipped phase 1 of Reference Processing: no references
[2025-06-02T23:22:11.192+0530][161.771s] GC(125) ReferenceProcessor::execute queues: 2, RefProcThreadModel::Multi, marks_oops_alive: false
[2025-06-02T23:22:11.192+0530][161.771s] GC(125) Skipped phase 3 of Reference Processing: no references
[2025-06-02T23:22:11.192+0530][161.771s] GC(125) ReferenceProcessor::execute queues: 1, RefProcThreadModel::Single, marks_oops_alive: false
[2025-06-02T23:22:11.268+0530][161.848s] GC(125) Phase 1: Mark live objects 81.850ms
[2025-06-02T23:22:11.268+0530][161.848s] GC(125) Phase 2: Prepare for compaction
[2025-06-02T23:22:11.269+0530][161.849s] GC(125) Phase 2: Prepare for compaction 1.010ms
[2025-06-02T23:22:11.269+0530][161.849s] GC(125) Phase 3: Adjust pointers
[2025-06-02T23:22:11.273+0530][161.853s] GC(125) Phase 3: Adjust pointers 3.876ms
[2025-06-02T23:22:11.273+0530][161.853s] GC(125) Phase 4: Compact heap
[2025-06-02T23:22:11.273+0530][161.853s] GC(125) Phase 4: Compact heap 0.114ms
[2025-06-02T23:22:11.424+0530][162.004s] GC(125) Eden regions: 0->0(307)
[2025-06-02T23:22:11.425+0530][162.004s] GC(125) Survivor regions: 38->0(85)
[2025-06-02T23:22:11.425+0530][162.004s] GC(125) Old regions: 7->8
[2025-06-02T23:22:11.425+0530][162.004s] GC(125) Archive regions: 2->2
[2025-06-02T23:22:11.425+0530][162.004s] GC(125) Humongous regions: 0->0
[2025-06-02T23:22:11.425+0530][162.004s] GC(125) Metaspace: 37654K(131072K)->16176K(17664K) NonClass: 25751K(90688K)->14118K(15424K) Class: 11902K(40384K)->2058K(2240K)
[2025-06-02T23:22:11.425+0530][162.004s] GC(125) Pause Full (Metadata GC Threshold) 43M->6M(512M) 240.787ms
[2025-06-02T23:22:11.425+0530][162.004s] GC(125) User=0.25s Sys=0.03s Real=0.24s
[2025-06-02T23:22:11.425+0530][162.004s] GC(126) Concurrent Mark From Roots 238.895ms
[2025-06-02T23:22:11.425+0530][162.004s] GC(126) Concurrent Mark Abort
[2025-06-02T23:22:11.425+0530][162.004s] GC(126) Concurrent Mark Cycle 241.205ms
[2025-06-02T23:22:12.960+0530][163.539s] GC(127) Pause Young (Concurrent Start) (Metadata GC Threshold)
[2025-06-02T23:22:12.960+0530][163.539s] GC(127) Using 8 workers of 8 for evacuation
[2025-06-02T23:22:13.013+0530][163.592s] GC(127) Skipped phase 1 of Reference Processing: no references
[2025-06-02T23:22:13.013+0530][163.592s] GC(127) ReferenceProcessor::execute queues: 1, RefProcThreadModel::Single, marks_oops_alive: false
[2025-06-02T23:22:13.013+0530][163.592s] GC(127) Skipped phase 3 of Reference Processing: no references
[2025-06-02T23:22:13.013+0530][163.592s] GC(127) Skipped phase 4 of Reference Processing: no references
[2025-06-02T23:22:13.014+0530][163.594s] GC(127)   Pre Evacuate Collection Set: 2.2ms
[2025-06-02T23:22:13.014+0530][163.594s] GC(127)   Merge Heap Roots: 0.1ms
[2025-06-02T23:22:13.014+0530][163.594s] GC(127)   Evacuate Collection Set: 50.9ms
[2025-06-02T23:22:13.014+0530][163.594s] GC(127)   Post Evacuate Collection Set: 1.5ms
[2025-06-02T23:22:13.014+0530][163.594s] GC(127)   Other: 0.2ms
[2025-06-02T23:22:13.014+0530][163.594s] GC(127) Eden regions: 257->0(270)
[2025-06-02T23:22:13.014+0530][163.594s] GC(127) Survivor regions: 0->37(39)
[2025-06-02T23:22:13.014+0530][163.594s] GC(127) Old regions: 8->8
[2025-06-02T23:22:13.014+0530][163.594s] GC(127) Archive regions: 2->2
[2025-06-02T23:22:13.014+0530][163.594s] GC(127) Humongous regions: 0->0
[2025-06-02T23:22:13.015+0530][163.594s] GC(127) Metaspace: 37654K(131072K)->37654K(131072K) NonClass: 25751K(90688K)->25751K(90688K) Class: 11902K(40384K)->11902K(40384K)
[2025-06-02T23:22:13.015+0530][163.594s] GC(127) Pause Young (Concurrent Start) (Metadata GC Threshold) 263M->43M(512M) 54.991ms
[2025-06-02T23:22:13.015+0530][163.594s] GC(127) User=0.30s Sys=0.01s Real=0.05s
[2025-06-02T23:22:13.015+0530][163.594s] GC(128) Using 8 workers of 8 for full compaction
[2025-06-02T23:22:13.015+0530][163.594s] GC(129) Concurrent Mark Cycle
[2025-06-02T23:22:13.015+0530][163.594s] GC(129) Concurrent Clear Claimed Marks
[2025-06-02T23:22:13.015+0530][163.594s] GC(128) Pause Full (Metadata GC Threshold)
[2025-06-02T23:22:13.017+0530][163.596s] GC(129) Concurrent Clear Claimed Marks 1.938ms
[2025-06-02T23:22:13.017+0530][163.596s] GC(129) Concurrent Scan Root Regions
[2025-06-02T23:22:13.017+0530][163.596s] GC(129) Concurrent Scan Root Regions 0.039ms
[2025-06-02T23:22:13.017+0530][163.596s] GC(129) Concurrent Mark
[2025-06-02T23:22:13.017+0530][163.596s] GC(129) Concurrent Mark From Roots
[2025-06-02T23:22:13.017+0530][163.596s] GC(129) Using 2 workers of 2 for marking
[2025-06-02T23:22:13.017+0530][163.597s] GC(128) Phase 1: Mark live objects
[2025-06-02T23:22:13.024+0530][163.603s] GC(128) Skipped phase 1 of Reference Processing: no references
[2025-06-02T23:22:13.024+0530][163.603s] GC(128) ReferenceProcessor::execute queues: 2, RefProcThreadModel::Multi, marks_oops_alive: false
[2025-06-02T23:22:13.024+0530][163.603s] GC(128) Skipped phase 3 of Reference Processing: no references
[2025-06-02T23:22:13.024+0530][163.603s] GC(128) ReferenceProcessor::execute queues: 1, RefProcThreadModel::Single, marks_oops_alive: false
[2025-06-02T23:22:13.129+0530][163.709s] GC(128) Phase 1: Mark live objects 112.139ms
[2025-06-02T23:22:13.129+0530][163.709s] GC(128) Phase 2: Prepare for compaction
[2025-06-02T23:22:13.132+0530][163.711s] GC(128) Phase 2: Prepare for compaction 2.135ms
[2025-06-02T23:22:13.132+0530][163.711s] GC(128) Phase 3: Adjust pointers
[2025-06-02T23:22:13.141+0530][163.720s] GC(128) Phase 3: Adjust pointers 8.939ms
[2025-06-02T23:22:13.141+0530][163.720s] GC(128) Phase 4: Compact heap
[2025-06-02T23:22:13.141+0530][163.720s] GC(128) Phase 4: Compact heap 0.126ms
[2025-06-02T23:22:13.310+0530][163.890s] GC(128) Eden regions: 0->0(307)
[2025-06-02T23:22:13.310+0530][163.890s] GC(128) Survivor regions: 37->0(39)
[2025-06-02T23:22:13.310+0530][163.890s] GC(128) Old regions: 8->9
[2025-06-02T23:22:13.311+0530][163.890s] GC(128) Archive regions: 2->2
[2025-06-02T23:22:13.311+0530][163.890s] GC(128) Humongous regions: 0->0
[2025-06-02T23:22:13.311+0530][163.890s] GC(128) Metaspace: 37654K(131072K)->16176K(17664K) NonClass: 25751K(90688K)->14118K(15424K) Class: 11902K(40384K)->2058K(2240K)
[2025-06-02T23:22:13.311+0530][163.890s] GC(128) Pause Full (Metadata GC Threshold) 43M->6M(512M) 295.928ms
[2025-06-02T23:22:13.311+0530][163.890s] GC(128) User=0.28s Sys=0.04s Real=0.30s
[2025-06-02T23:22:13.311+0530][163.890s] GC(129) Concurrent Mark From Roots 294.149ms
[2025-06-02T23:22:13.311+0530][163.890s] GC(129) Concurrent Mark Abort
[2025-06-02T23:22:13.311+0530][163.890s] GC(129) Concurrent Mark Cycle 296.312ms
[2025-06-02T23:22:14.696+0530][165.275s] GC(130) Pause Young (Concurrent Start) (Metadata GC Threshold)
[2025-06-02T23:22:14.696+0530][165.275s] GC(130) Using 8 workers of 8 for evacuation
[2025-06-02T23:22:14.742+0530][165.321s] GC(130) Skipped phase 1 of Reference Processing: no references
[2025-06-02T23:22:14.742+0530][165.321s] GC(130) ReferenceProcessor::execute queues: 1, RefProcThreadModel::Single, marks_oops_alive: false
[2025-06-02T23:22:14.742+0530][165.321s] GC(130) Skipped phase 3 of Reference Processing: no references
[2025-06-02T23:22:14.742+0530][165.321s] GC(130) Skipped phase 4 of Reference Processing: no references
[2025-06-02T23:22:14.744+0530][165.323s] GC(130)   Pre Evacuate Collection Set: 1.7ms
[2025-06-02T23:22:14.744+0530][165.323s] GC(130)   Merge Heap Roots: 0.1ms
[2025-06-02T23:22:14.744+0530][165.323s] GC(130)   Evacuate Collection Set: 44.2ms
[2025-06-02T23:22:14.744+0530][165.323s] GC(130)   Post Evacuate Collection Set: 1.9ms
[2025-06-02T23:22:14.744+0530][165.323s] GC(130)   Other: 0.2ms
[2025-06-02T23:22:14.744+0530][165.323s] GC(130) Eden regions: 241->0(273)
[2025-06-02T23:22:14.744+0530][165.323s] GC(130) Survivor regions: 0->34(39)
[2025-06-02T23:22:14.744+0530][165.323s] GC(130) Old regions: 9->9
[2025-06-02T23:22:14.744+0530][165.323s] GC(130) Archive regions: 2->2
[2025-06-02T23:22:14.744+0530][165.323s] GC(130) Humongous regions: 0->0
[2025-06-02T23:22:14.744+0530][165.323s] GC(130) Metaspace: 36304K(123904K)->36304K(123904K) NonClass: 25020K(85888K)->25020K(85888K) Class: 11283K(38016K)->11283K(38016K)
[2025-06-02T23:22:14.744+0530][165.323s] GC(130) Pause Young (Concurrent Start) (Metadata GC Threshold) 247M->40M(512M) 48.179ms
[2025-06-02T23:22:14.744+0530][165.323s] GC(130) User=0.30s Sys=0.00s Real=0.05s
[2025-06-02T23:22:14.744+0530][165.323s] GC(131) Concurrent Mark Cycle
[2025-06-02T23:22:14.744+0530][165.323s] GC(131) Concurrent Clear Claimed Marks
[2025-06-02T23:22:14.746+0530][165.325s] GC(131) Concurrent Clear Claimed Marks 1.617ms
[2025-06-02T23:22:14.746+0530][165.325s] GC(131) Concurrent Scan Root Regions
[2025-06-02T23:22:14.763+0530][165.342s] GC(131) Concurrent Scan Root Regions 16.729ms
[2025-06-02T23:22:14.763+0530][165.342s] GC(131) Concurrent Mark
[2025-06-02T23:22:14.763+0530][165.342s] GC(131) Concurrent Mark From Roots
[2025-06-02T23:22:14.763+0530][165.342s] GC(131) Using 2 workers of 2 for marking
[2025-06-02T23:22:14.771+0530][165.350s] GC(131) Concurrent Mark From Roots 8.042ms
[2025-06-02T23:22:14.771+0530][165.350s] GC(131) Concurrent Preclean
[2025-06-02T23:22:14.771+0530][165.350s] GC(131) Preclean SoftReferences 0.007ms
[2025-06-02T23:22:14.771+0530][165.350s] GC(131) Preclean WeakReferences 0.019ms
[2025-06-02T23:22:14.771+0530][165.350s] GC(131) Preclean FinalReferences 0.004ms
[2025-06-02T23:22:14.771+0530][165.350s] GC(131) Preclean PhantomReferences 0.017ms
[2025-06-02T23:22:14.771+0530][165.350s] GC(131) Concurrent Preclean 0.108ms
[2025-06-02T23:22:14.771+0530][165.350s] GC(131) Pause Remark
[2025-06-02T23:22:14.771+0530][165.351s] GC(131) Skipped phase 1 of Reference Processing: no references
[2025-06-02T23:22:14.771+0530][165.351s] GC(131) Skipped phase 2 of Reference Processing: no references
[2025-06-02T23:22:14.771+0530][165.351s] GC(131) Skipped phase 3 of Reference Processing: no references
[2025-06-02T23:22:14.771+0530][165.351s] GC(131) Skipped phase 4 of Reference Processing: no references
[2025-06-02T23:22:14.775+0530][165.355s] GC(131) Pause Remark 43M->43M(512M) 4.191ms
[2025-06-02T23:22:14.775+0530][165.355s] GC(131) User=0.02s Sys=0.01s Real=0.00s
[2025-06-02T23:22:14.775+0530][165.355s] GC(131) Concurrent Mark 12.659ms
[2025-06-02T23:22:14.775+0530][165.355s] GC(131) Concurrent Rebuild Remembered Sets
[2025-06-02T23:22:14.779+0530][165.358s] GC(131) Concurrent Rebuild Remembered Sets 3.623ms
[2025-06-02T23:22:14.779+0530][165.358s] GC(131) Pause Cleanup
[2025-06-02T23:22:14.779+0530][165.359s] GC(131) Pause Cleanup 44M->44M(512M) 0.130ms
[2025-06-02T23:22:14.779+0530][165.359s] GC(131) User=0.00s Sys=0.00s Real=0.00s
[2025-06-02T23:22:14.779+0530][165.359s] GC(131) Concurrent Cleanup for Next Mark
[2025-06-02T23:22:14.780+0530][165.359s] GC(131) Concurrent Cleanup for Next Mark 0.561ms
[2025-06-02T23:22:14.780+0530][165.359s] GC(131) Concurrent Mark Cycle 35.863ms
[2025-06-02T23:22:14.872+0530][165.451s] GC(132) Pause Young (Concurrent Start) (Metadata GC Threshold)
[2025-06-02T23:22:14.872+0530][165.451s] GC(132) Using 8 workers of 8 for evacuation
[2025-06-02T23:22:14.936+0530][165.516s] GC(132) Skipped phase 1 of Reference Processing: no references
[2025-06-02T23:22:14.936+0530][165.516s] GC(132) ReferenceProcessor::execute queues: 1, RefProcThreadModel::Single, marks_oops_alive: false
[2025-06-02T23:22:14.936+0530][165.516s] GC(132) Skipped phase 3 of Reference Processing: no references
[2025-06-02T23:22:14.937+0530][165.516s] GC(132) Skipped phase 4 of Reference Processing: no references
[2025-06-02T23:22:14.938+0530][165.518s] GC(132)   Pre Evacuate Collection Set: 3.0ms
[2025-06-02T23:22:14.938+0530][165.518s] GC(132)   Merge Heap Roots: 0.7ms
[2025-06-02T23:22:14.938+0530][165.518s] GC(132)   Evacuate Collection Set: 60.5ms
[2025-06-02T23:22:14.938+0530][165.518s] GC(132)   Post Evacuate Collection Set: 1.8ms
[2025-06-02T23:22:14.938+0530][165.518s] GC(132)   Other: 0.2ms
[2025-06-02T23:22:14.938+0530][165.518s] GC(132) Eden regions: 17->0(302)
[2025-06-02T23:22:14.938+0530][165.518s] GC(132) Survivor regions: 34->5(39)
[2025-06-02T23:22:14.938+0530][165.518s] GC(132) Old regions: 8->42
[2025-06-02T23:22:14.938+0530][165.518s] GC(132) Archive regions: 2->2
[2025-06-02T23:22:14.938+0530][165.518s] GC(132) Humongous regions: 0->0
[2025-06-02T23:22:14.938+0530][165.518s] GC(132) Metaspace: 37654K(131072K)->37654K(131072K) NonClass: 25751K(90688K)->25751K(90688K) Class: 11902K(40384K)->11902K(40384K)
[2025-06-02T23:22:14.938+0530][165.518s] GC(132) Pause Young (Concurrent Start) (Metadata GC Threshold) 56M->44M(512M) 66.328ms
[2025-06-02T23:22:14.938+0530][165.518s] GC(132) User=0.24s Sys=0.01s Real=0.06s
[2025-06-02T23:22:14.938+0530][165.518s] GC(133) Using 8 workers of 8 for full compaction
[2025-06-02T23:22:14.938+0530][165.518s] GC(134) Concurrent Mark Cycle
[2025-06-02T23:22:14.938+0530][165.518s] GC(134) Concurrent Clear Claimed Marks
[2025-06-02T23:22:14.938+0530][165.518s] GC(133) Pause Full (Metadata GC Threshold)
[2025-06-02T23:22:14.940+0530][165.520s] GC(134) Concurrent Clear Claimed Marks 1.932ms
[2025-06-02T23:22:14.940+0530][165.520s] GC(134) Concurrent Scan Root Regions
[2025-06-02T23:22:14.940+0530][165.520s] GC(134) Concurrent Scan Root Regions 0.032ms
[2025-06-02T23:22:14.940+0530][165.520s] GC(134) Concurrent Mark
[2025-06-02T23:22:14.940+0530][165.520s] GC(134) Concurrent Mark From Roots
[2025-06-02T23:22:14.941+0530][165.520s] GC(134) Using 2 workers of 2 for marking
[2025-06-02T23:22:14.941+0530][165.520s] GC(133) Phase 1: Mark live objects
[2025-06-02T23:22:14.948+0530][165.528s] GC(133) Skipped phase 1 of Reference Processing: no references
[2025-06-02T23:22:14.948+0530][165.528s] GC(133) ReferenceProcessor::execute queues: 2, RefProcThreadModel::Multi, marks_oops_alive: false
[2025-06-02T23:22:14.948+0530][165.528s] GC(133) Skipped phase 3 of Reference Processing: no references
[2025-06-02T23:22:14.949+0530][165.528s] GC(133) ReferenceProcessor::execute queues: 1, RefProcThreadModel::Single, marks_oops_alive: false
[2025-06-02T23:22:15.043+0530][165.623s] GC(133) Phase 1: Mark live objects 102.440ms
[2025-06-02T23:22:15.043+0530][165.623s] GC(133) Phase 2: Prepare for compaction
[2025-06-02T23:22:15.044+0530][165.624s] GC(133) Phase 2: Prepare for compaction 0.913ms
[2025-06-02T23:22:15.044+0530][165.624s] GC(133) Phase 3: Adjust pointers
[2025-06-02T23:22:15.048+0530][165.628s] GC(133) Phase 3: Adjust pointers 3.766ms
[2025-06-02T23:22:15.048+0530][165.628s] GC(133) Phase 4: Compact heap
[2025-06-02T23:22:15.048+0530][165.628s] GC(133) Phase 4: Compact heap 0.121ms
[2025-06-02T23:22:15.191+0530][165.770s] GC(133) Eden regions: 0->0(307)
[2025-06-02T23:22:15.191+0530][165.770s] GC(133) Survivor regions: 5->0(39)
[2025-06-02T23:22:15.191+0530][165.770s] GC(133) Old regions: 42->7
[2025-06-02T23:22:15.191+0530][165.770s] GC(133) Archive regions: 2->2
[2025-06-02T23:22:15.191+0530][165.770s] GC(133) Humongous regions: 0->0
[2025-06-02T23:22:15.191+0530][165.770s] GC(133) Metaspace: 37654K(131072K)->16176K(17664K) NonClass: 25751K(90688K)->14118K(15424K) Class: 11902K(40384K)->2058K(2240K)
[2025-06-02T23:22:15.191+0530][165.770s] GC(133) Pause Full (Metadata GC Threshold) 44M->6M(512M) 252.203ms
[2025-06-02T23:22:15.191+0530][165.770s] GC(133) User=0.26s Sys=0.03s Real=0.26s
[2025-06-02T23:22:15.191+0530][165.770s] GC(134) Concurrent Mark From Roots 250.467ms
[2025-06-02T23:22:15.191+0530][165.770s] GC(134) Concurrent Mark Abort
[2025-06-02T23:22:15.191+0530][165.770s] GC(134) Concurrent Mark Cycle 252.592ms
[2025-06-02T23:22:17.468+0530][168.048s] GC(135) Pause Young (Concurrent Start) (Metadata GC Threshold)
[2025-06-02T23:22:17.468+0530][168.048s] GC(135) Using 8 workers of 8 for evacuation
[2025-06-02T23:22:17.526+0530][168.105s] GC(135) Skipped phase 1 of Reference Processing: no references
[2025-06-02T23:22:17.526+0530][168.106s] GC(135) ReferenceProcessor::execute queues: 1, RefProcThreadModel::Single, marks_oops_alive: false
[2025-06-02T23:22:17.526+0530][168.106s] GC(135) Skipped phase 3 of Reference Processing: no references
[2025-06-02T23:22:17.526+0530][168.106s] GC(135) Skipped phase 4 of Reference Processing: no references
[2025-06-02T23:22:17.528+0530][168.107s] GC(135)   Pre Evacuate Collection Set: 2.0ms
[2025-06-02T23:22:17.528+0530][168.107s] GC(135)   Merge Heap Roots: 0.1ms
[2025-06-02T23:22:17.528+0530][168.107s] GC(135)   Evacuate Collection Set: 55.3ms
[2025-06-02T23:22:17.528+0530][168.107s] GC(135)   Post Evacuate Collection Set: 1.8ms
[2025-06-02T23:22:17.528+0530][168.107s] GC(135)   Other: 0.2ms
[2025-06-02T23:22:17.528+0530][168.107s] GC(135) Eden regions: 257->0(271)
[2025-06-02T23:22:17.528+0530][168.107s] GC(135) Survivor regions: 0->36(39)
[2025-06-02T23:22:17.528+0530][168.107s] GC(135) Old regions: 7->7
[2025-06-02T23:22:17.528+0530][168.107s] GC(135) Archive regions: 2->2
[2025-06-02T23:22:17.528+0530][168.107s] GC(135) Humongous regions: 0->0
[2025-06-02T23:22:17.528+0530][168.107s] GC(135) Metaspace: 37654K(131072K)->37654K(131072K) NonClass: 25751K(90688K)->25751K(90688K) Class: 11902K(40384K)->11902K(40384K)
[2025-06-02T23:22:17.528+0530][168.107s] GC(135) Pause Young (Concurrent Start) (Metadata GC Threshold) 263M->41M(512M) 59.591ms
[2025-06-02T23:22:17.528+0530][168.108s] GC(135) User=0.27s Sys=0.02s Real=0.06s
[2025-06-02T23:22:17.528+0530][168.108s] GC(136) Using 8 workers of 8 for full compaction
[2025-06-02T23:22:17.528+0530][168.108s] GC(137) Concurrent Mark Cycle
[2025-06-02T23:22:17.528+0530][168.108s] GC(136) Pause Full (Metadata GC Threshold)
[2025-06-02T23:22:17.528+0530][168.108s] GC(137) Concurrent Clear Claimed Marks
[2025-06-02T23:22:17.530+0530][168.110s] GC(137) Concurrent Clear Claimed Marks 1.885ms
[2025-06-02T23:22:17.530+0530][168.110s] GC(137) Concurrent Scan Root Regions
[2025-06-02T23:22:17.530+0530][168.110s] GC(137) Concurrent Scan Root Regions 0.035ms
[2025-06-02T23:22:17.530+0530][168.110s] GC(137) Concurrent Mark
[2025-06-02T23:22:17.530+0530][168.110s] GC(137) Concurrent Mark From Roots
[2025-06-02T23:22:17.530+0530][168.110s] GC(137) Using 2 workers of 2 for marking
[2025-06-02T23:22:17.531+0530][168.110s] GC(136) Phase 1: Mark live objects
[2025-06-02T23:22:17.538+0530][168.118s] GC(136) Skipped phase 1 of Reference Processing: no references
[2025-06-02T23:22:17.538+0530][168.118s] GC(136) ReferenceProcessor::execute queues: 2, RefProcThreadModel::Multi, marks_oops_alive: false
[2025-06-02T23:22:17.538+0530][168.118s] GC(136) Skipped phase 3 of Reference Processing: no references
[2025-06-02T23:22:17.538+0530][168.118s] GC(136) ReferenceProcessor::execute queues: 1, RefProcThreadModel::Single, marks_oops_alive: false
[2025-06-02T23:22:17.655+0530][168.234s] GC(136) Phase 1: Mark live objects 123.633ms
[2025-06-02T23:22:17.655+0530][168.234s] GC(136) Phase 2: Prepare for compaction
[2025-06-02T23:22:17.656+0530][168.235s] GC(136) Phase 2: Prepare for compaction 1.120ms
[2025-06-02T23:22:17.656+0530][168.235s] GC(136) Phase 3: Adjust pointers
[2025-06-02T23:22:17.659+0530][168.239s] GC(136) Phase 3: Adjust pointers 3.700ms
[2025-06-02T23:22:17.660+0530][168.239s] GC(136) Phase 4: Compact heap
[2025-06-02T23:22:17.660+0530][168.239s] GC(136) Phase 4: Compact heap 0.155ms
[2025-06-02T23:22:17.808+0530][168.387s] GC(136) Eden regions: 0->0(307)
[2025-06-02T23:22:17.808+0530][168.387s] GC(136) Survivor regions: 36->0(39)
[2025-06-02T23:22:17.808+0530][168.387s] GC(136) Old regions: 7->8
[2025-06-02T23:22:17.808+0530][168.387s] GC(136) Archive regions: 2->2
[2025-06-02T23:22:17.808+0530][168.387s] GC(136) Humongous regions: 0->0
[2025-06-02T23:22:17.808+0530][168.387s] GC(136) Metaspace: 37654K(131072K)->16176K(17664K) NonClass: 25751K(90688K)->14118K(15424K) Class: 11902K(40384K)->2058K(2240K)
[2025-06-02T23:22:17.808+0530][168.387s] GC(136) Pause Full (Metadata GC Threshold) 41M->6M(512M) 279.719ms
[2025-06-02T23:22:17.808+0530][168.388s] GC(136) User=0.27s Sys=0.03s Real=0.28s
[2025-06-02T23:22:17.808+0530][168.388s] GC(137) Concurrent Mark From Roots 278.064ms
[2025-06-02T23:22:17.808+0530][168.388s] GC(137) Concurrent Mark Abort
[2025-06-02T23:22:17.808+0530][168.388s] GC(137) Concurrent Mark Cycle 280.182ms
[2025-06-02T23:22:19.128+0530][169.708s] GC(138) Pause Young (Concurrent Start) (Metadata GC Threshold)
[2025-06-02T23:22:19.128+0530][169.708s] GC(138) Using 8 workers of 8 for evacuation
[2025-06-02T23:22:19.175+0530][169.755s] GC(138) Skipped phase 1 of Reference Processing: no references
[2025-06-02T23:22:19.175+0530][169.755s] GC(138) ReferenceProcessor::execute queues: 1, RefProcThreadModel::Single, marks_oops_alive: false
[2025-06-02T23:22:19.175+0530][169.755s] GC(138) Skipped phase 3 of Reference Processing: no references
[2025-06-02T23:22:19.175+0530][169.755s] GC(138) Skipped phase 4 of Reference Processing: no references
[2025-06-02T23:22:19.181+0530][169.760s] GC(138)   Pre Evacuate Collection Set: 4.0ms
[2025-06-02T23:22:19.181+0530][169.760s] GC(138)   Merge Heap Roots: 0.1ms
[2025-06-02T23:22:19.181+0530][169.760s] GC(138)   Evacuate Collection Set: 42.9ms
[2025-06-02T23:22:19.181+0530][169.760s] GC(138)   Post Evacuate Collection Set: 5.3ms
[2025-06-02T23:22:19.181+0530][169.760s] GC(138)   Other: 0.4ms
[2025-06-02T23:22:19.181+0530][169.760s] GC(138) Eden regions: 241->0(641)
[2025-06-02T23:22:19.181+0530][169.760s] GC(138) Survivor regions: 0->35(39)
[2025-06-02T23:22:19.181+0530][169.760s] GC(138) Old regions: 8->8
[2025-06-02T23:22:19.181+0530][169.760s] GC(138) Archive regions: 2->2
[2025-06-02T23:22:19.181+0530][169.760s] GC(138) Humongous regions: 0->0
[2025-06-02T23:22:19.181+0530][169.760s] GC(138) Metaspace: 36304K(123904K)->36304K(123904K) NonClass: 25020K(85888K)->25020K(85888K) Class: 11283K(38016K)->11283K(38016K)
[2025-06-02T23:22:19.181+0530][169.760s] GC(138) Pause Young (Concurrent Start) (Metadata GC Threshold) 247M->40M(1127M) 52.869ms
[2025-06-02T23:22:19.181+0530][169.760s] GC(138) User=0.30s Sys=0.01s Real=0.06s
[2025-06-02T23:22:19.181+0530][169.761s] GC(139) Concurrent Mark Cycle
[2025-06-02T23:22:19.181+0530][169.761s] GC(139) Concurrent Clear Claimed Marks
[2025-06-02T23:22:19.183+0530][169.762s] GC(139) Concurrent Clear Claimed Marks 1.903ms
[2025-06-02T23:22:19.183+0530][169.763s] GC(139) Concurrent Scan Root Regions
[2025-06-02T23:22:19.196+0530][169.776s] GC(139) Concurrent Scan Root Regions 13.007ms
[2025-06-02T23:22:19.196+0530][169.776s] GC(139) Concurrent Mark
[2025-06-02T23:22:19.196+0530][169.776s] GC(139) Concurrent Mark From Roots
[2025-06-02T23:22:19.196+0530][169.776s] GC(139) Using 2 workers of 2 for marking
[2025-06-02T23:22:19.204+0530][169.784s] GC(139) Concurrent Mark From Roots 7.973ms
[2025-06-02T23:22:19.204+0530][169.784s] GC(139) Concurrent Preclean
[2025-06-02T23:22:19.204+0530][169.784s] GC(139) Preclean SoftReferences 0.007ms
[2025-06-02T23:22:19.204+0530][169.784s] GC(139) Preclean WeakReferences 0.017ms
[2025-06-02T23:22:19.204+0530][169.784s] GC(139) Preclean FinalReferences 0.004ms
[2025-06-02T23:22:19.204+0530][169.784s] GC(139) Preclean PhantomReferences 0.016ms
[2025-06-02T23:22:19.204+0530][169.784s] GC(139) Concurrent Preclean 0.118ms
[2025-06-02T23:22:19.204+0530][169.784s] GC(139) Pause Remark
[2025-06-02T23:22:19.204+0530][169.784s] GC(139) Skipped phase 1 of Reference Processing: no references
[2025-06-02T23:22:19.204+0530][169.784s] GC(139) Skipped phase 2 of Reference Processing: no references
[2025-06-02T23:22:19.204+0530][169.784s] GC(139) Skipped phase 3 of Reference Processing: no references
[2025-06-02T23:22:19.204+0530][169.784s] GC(139) Skipped phase 4 of Reference Processing: no references
[2025-06-02T23:22:19.208+0530][169.788s] GC(139) Pause Remark 44M->44M(512M) 3.805ms
[2025-06-02T23:22:19.208+0530][169.788s] GC(139) User=0.01s Sys=0.00s Real=0.00s
[2025-06-02T23:22:19.208+0530][169.788s] GC(139) Concurrent Mark 12.165ms
[2025-06-02T23:22:19.208+0530][169.788s] GC(139) Concurrent Rebuild Remembered Sets
[2025-06-02T23:22:19.211+0530][169.791s] GC(139) Concurrent Rebuild Remembered Sets 3.296ms
[2025-06-02T23:22:19.212+0530][169.791s] GC(139) Pause Cleanup
[2025-06-02T23:22:19.212+0530][169.791s] GC(139) Pause Cleanup 45M->45M(512M) 0.129ms
[2025-06-02T23:22:19.212+0530][169.791s] GC(139) User=0.00s Sys=0.00s Real=0.00s
[2025-06-02T23:22:19.212+0530][169.791s] GC(139) Concurrent Cleanup for Next Mark
[2025-06-02T23:22:19.212+0530][169.792s] GC(139) Concurrent Cleanup for Next Mark 0.513ms
[2025-06-02T23:22:19.212+0530][169.792s] GC(139) Concurrent Mark Cycle 31.486ms
[2025-06-02T23:22:19.272+0530][169.852s] GC(140) Pause Young (Concurrent Start) (Metadata GC Threshold)
[2025-06-02T23:22:19.272+0530][169.852s] GC(140) Using 8 workers of 8 for evacuation
[2025-06-02T23:22:19.317+0530][169.897s] GC(140) Skipped phase 1 of Reference Processing: no references
[2025-06-02T23:22:19.317+0530][169.897s] GC(140) ReferenceProcessor::execute queues: 1, RefProcThreadModel::Single, marks_oops_alive: false
[2025-06-02T23:22:19.318+0530][169.897s] GC(140) Skipped phase 3 of Reference Processing: no references
[2025-06-02T23:22:19.318+0530][169.897s] GC(140) Skipped phase 4 of Reference Processing: no references
[2025-06-02T23:22:19.319+0530][169.899s] GC(140)   Pre Evacuate Collection Set: 2.0ms
[2025-06-02T23:22:19.319+0530][169.899s] GC(140)   Merge Heap Roots: 0.1ms
[2025-06-02T23:22:19.319+0530][169.899s] GC(140)   Evacuate Collection Set: 43.0ms
[2025-06-02T23:22:19.320+0530][169.899s] GC(140)   Post Evacuate Collection Set: 2.0ms
[2025-06-02T23:22:19.320+0530][169.899s] GC(140)   Other: 0.2ms
[2025-06-02T23:22:19.320+0530][169.899s] GC(140) Eden regions: 17->0(270)
[2025-06-02T23:22:19.320+0530][169.899s] GC(140) Survivor regions: 35->37(85)
[2025-06-02T23:22:19.320+0530][169.899s] GC(140) Old regions: 7->7
[2025-06-02T23:22:19.320+0530][169.899s] GC(140) Archive regions: 2->2
[2025-06-02T23:22:19.320+0530][169.899s] GC(140) Humongous regions: 0->0
[2025-06-02T23:22:19.320+0530][169.899s] GC(140) Metaspace: 37654K(131072K)->37654K(131072K) NonClass: 25751K(90688K)->25751K(90688K) Class: 11902K(40384K)->11902K(40384K)
[2025-06-02T23:22:19.320+0530][169.899s] GC(140) Pause Young (Concurrent Start) (Metadata GC Threshold) 57M->42M(512M) 47.536ms
[2025-06-02T23:22:19.320+0530][169.899s] GC(140) User=0.32s Sys=0.00s Real=0.05s
[2025-06-02T23:22:19.320+0530][169.899s] GC(141) Using 8 workers of 8 for full compaction
[2025-06-02T23:22:19.320+0530][169.899s] GC(142) Concurrent Mark Cycle
[2025-06-02T23:22:19.320+0530][169.900s] GC(141) Pause Full (Metadata GC Threshold)
[2025-06-02T23:22:19.320+0530][169.900s] GC(142) Concurrent Clear Claimed Marks
[2025-06-02T23:22:19.322+0530][169.902s] GC(142) Concurrent Clear Claimed Marks 2.157ms
[2025-06-02T23:22:19.322+0530][169.902s] GC(142) Concurrent Scan Root Regions
[2025-06-02T23:22:19.322+0530][169.902s] GC(142) Concurrent Scan Root Regions 0.099ms
[2025-06-02T23:22:19.322+0530][169.902s] GC(142) Concurrent Mark
[2025-06-02T23:22:19.322+0530][169.902s] GC(142) Concurrent Mark From Roots
[2025-06-02T23:22:19.322+0530][169.902s] GC(142) Using 2 workers of 2 for marking
[2025-06-02T23:22:19.323+0530][169.903s] GC(141) Phase 1: Mark live objects
[2025-06-02T23:22:19.343+0530][169.922s] GC(141) Skipped phase 1 of Reference Processing: no references
[2025-06-02T23:22:19.343+0530][169.922s] GC(141) ReferenceProcessor::execute queues: 2, RefProcThreadModel::Multi, marks_oops_alive: false
[2025-06-02T23:22:19.343+0530][169.922s] GC(141) Skipped phase 3 of Reference Processing: no references
[2025-06-02T23:22:19.343+0530][169.922s] GC(141) ReferenceProcessor::execute queues: 1, RefProcThreadModel::Single, marks_oops_alive: false
[2025-06-02T23:22:19.456+0530][170.035s] GC(141) Phase 1: Mark live objects 132.618ms
[2025-06-02T23:22:19.456+0530][170.035s] GC(141) Phase 2: Prepare for compaction
[2025-06-02T23:22:19.457+0530][170.036s] GC(141) Phase 2: Prepare for compaction 0.893ms
[2025-06-02T23:22:19.457+0530][170.036s] GC(141) Phase 3: Adjust pointers
[2025-06-02T23:22:19.461+0530][170.041s] GC(141) Phase 3: Adjust pointers 4.177ms
[2025-06-02T23:22:19.461+0530][170.041s] GC(141) Phase 4: Compact heap
[2025-06-02T23:22:19.461+0530][170.041s] GC(141) Phase 4: Compact heap 0.173ms
[2025-06-02T23:22:19.595+0530][170.175s] GC(141) Eden regions: 0->0(307)
[2025-06-02T23:22:19.595+0530][170.175s] GC(141) Survivor regions: 37->0(85)
[2025-06-02T23:22:19.595+0530][170.175s] GC(141) Old regions: 7->8
[2025-06-02T23:22:19.595+0530][170.175s] GC(141) Archive regions: 2->2
[2025-06-02T23:22:19.595+0530][170.175s] GC(141) Humongous regions: 0->0
[2025-06-02T23:22:19.595+0530][170.175s] GC(141) Metaspace: 37654K(131072K)->16176K(17664K) NonClass: 25751K(90688K)->14118K(15424K) Class: 11902K(40384K)->2058K(2240K)
[2025-06-02T23:22:19.595+0530][170.175s] GC(141) Pause Full (Metadata GC Threshold) 42M->6M(512M) 275.596ms
[2025-06-02T23:22:19.596+0530][170.175s] GC(141) User=0.27s Sys=0.03s Real=0.27s
[2025-06-02T23:22:19.596+0530][170.175s] GC(142) Concurrent Mark From Roots 273.342ms
[2025-06-02T23:22:19.596+0530][170.175s] GC(142) Concurrent Mark Abort
[2025-06-02T23:22:19.596+0530][170.175s] GC(142) Concurrent Mark Cycle 276.032ms
[2025-06-02T23:22:20.921+0530][171.501s] GC(143) Pause Young (Concurrent Start) (Metadata GC Threshold)
[2025-06-02T23:22:20.921+0530][171.501s] GC(143) Using 8 workers of 8 for evacuation
[2025-06-02T23:22:20.967+0530][171.547s] GC(143) Skipped phase 1 of Reference Processing: no references
[2025-06-02T23:22:20.968+0530][171.547s] GC(143) ReferenceProcessor::execute queues: 1, RefProcThreadModel::Single, marks_oops_alive: false
[2025-06-02T23:22:20.968+0530][171.547s] GC(143) Skipped phase 3 of Reference Processing: no references
[2025-06-02T23:22:20.968+0530][171.547s] GC(143) Skipped phase 4 of Reference Processing: no references
[2025-06-02T23:22:20.969+0530][171.549s] GC(143)   Pre Evacuate Collection Set: 2.0ms
[2025-06-02T23:22:20.969+0530][171.549s] GC(143)   Merge Heap Roots: 0.1ms
[2025-06-02T23:22:20.969+0530][171.549s] GC(143)   Evacuate Collection Set: 44.1ms
[2025-06-02T23:22:20.970+0530][171.549s] GC(143)   Post Evacuate Collection Set: 1.9ms
[2025-06-02T23:22:20.970+0530][171.549s] GC(143)   Other: 0.2ms
[2025-06-02T23:22:20.970+0530][171.549s] GC(143) Eden regions: 257->0(270)
[2025-06-02T23:22:20.970+0530][171.549s] GC(143) Survivor regions: 0->37(39)
[2025-06-02T23:22:20.970+0530][171.549s] GC(143) Old regions: 8->8
[2025-06-02T23:22:20.970+0530][171.549s] GC(143) Archive regions: 2->2
[2025-06-02T23:22:20.970+0530][171.549s] GC(143) Humongous regions: 0->0
[2025-06-02T23:22:20.970+0530][171.549s] GC(143) Metaspace: 37654K(131072K)->37654K(131072K) NonClass: 25751K(90688K)->25751K(90688K) Class: 11902K(40384K)->11902K(40384K)
[2025-06-02T23:22:20.970+0530][171.549s] GC(143) Pause Young (Concurrent Start) (Metadata GC Threshold) 263M->42M(512M) 48.594ms
[2025-06-02T23:22:20.970+0530][171.549s] GC(143) User=0.32s Sys=0.00s Real=0.05s
[2025-06-02T23:22:20.970+0530][171.549s] GC(145) Using 8 workers of 8 for full compaction
[2025-06-02T23:22:20.970+0530][171.549s] GC(144) Concurrent Mark Cycle
[2025-06-02T23:22:20.970+0530][171.550s] GC(144) Concurrent Clear Claimed Marks
[2025-06-02T23:22:20.970+0530][171.550s] GC(145) Pause Full (Metadata GC Threshold)
[2025-06-02T23:22:20.972+0530][171.552s] GC(144) Concurrent Clear Claimed Marks 1.928ms
[2025-06-02T23:22:20.972+0530][171.552s] GC(144) Concurrent Scan Root Regions
[2025-06-02T23:22:20.972+0530][171.552s] GC(144) Concurrent Scan Root Regions 0.045ms
[2025-06-02T23:22:20.972+0530][171.552s] GC(144) Concurrent Mark
[2025-06-02T23:22:20.972+0530][171.552s] GC(144) Concurrent Mark From Roots
[2025-06-02T23:22:20.972+0530][171.552s] GC(144) Using 2 workers of 2 for marking
[2025-06-02T23:22:20.973+0530][171.552s] GC(145) Phase 1: Mark live objects
[2025-06-02T23:22:20.978+0530][171.558s] GC(145) Skipped phase 1 of Reference Processing: no references
[2025-06-02T23:22:20.978+0530][171.558s] GC(145) ReferenceProcessor::execute queues: 2, RefProcThreadModel::Multi, marks_oops_alive: false
[2025-06-02T23:22:20.978+0530][171.558s] GC(145) Skipped phase 3 of Reference Processing: no references
[2025-06-02T23:22:20.978+0530][171.558s] GC(145) ReferenceProcessor::execute queues: 1, RefProcThreadModel::Single, marks_oops_alive: false
[2025-06-02T23:22:21.055+0530][171.634s] GC(145) Phase 1: Mark live objects 82.233ms
[2025-06-02T23:22:21.055+0530][171.635s] GC(145) Phase 2: Prepare for compaction
[2025-06-02T23:22:21.056+0530][171.635s] GC(145) Phase 2: Prepare for compaction 0.959ms
[2025-06-02T23:22:21.056+0530][171.636s] GC(145) Phase 3: Adjust pointers
[2025-06-02T23:22:21.060+0530][171.639s] GC(145) Phase 3: Adjust pointers 3.809ms
[2025-06-02T23:22:21.060+0530][171.639s] GC(145) Phase 4: Compact heap
[2025-06-02T23:22:21.060+0530][171.639s] GC(145) Phase 4: Compact heap 0.127ms
[2025-06-02T23:22:21.207+0530][171.786s] GC(145) Eden regions: 0->0(307)
[2025-06-02T23:22:21.207+0530][171.786s] GC(145) Survivor regions: 37->0(39)
[2025-06-02T23:22:21.207+0530][171.786s] GC(145) Old regions: 8->9
[2025-06-02T23:22:21.207+0530][171.786s] GC(145) Archive regions: 2->2
[2025-06-02T23:22:21.207+0530][171.786s] GC(145) Humongous regions: 0->0
[2025-06-02T23:22:21.207+0530][171.786s] GC(145) Metaspace: 37654K(131072K)->16176K(17664K) NonClass: 25751K(90688K)->14118K(15424K) Class: 11902K(40384K)->2058K(2240K)
[2025-06-02T23:22:21.207+0530][171.787s] GC(145) Pause Full (Metadata GC Threshold) 42M->6M(512M) 236.910ms
[2025-06-02T23:22:21.207+0530][171.787s] GC(145) User=0.25s Sys=0.03s Real=0.23s
[2025-06-02T23:22:21.207+0530][171.787s] GC(144) Concurrent Mark From Roots 235.196ms
[2025-06-02T23:22:21.207+0530][171.787s] GC(144) Concurrent Mark Abort
[2025-06-02T23:22:21.207+0530][171.787s] GC(144) Concurrent Mark Cycle 237.393ms
[2025-06-02T23:22:22.913+0530][173.492s] GC(146) Pause Young (Concurrent Start) (Metadata GC Threshold)
[2025-06-02T23:22:22.913+0530][173.493s] GC(146) Using 8 workers of 8 for evacuation
[2025-06-02T23:22:22.962+0530][173.542s] GC(146) Skipped phase 1 of Reference Processing: no references
[2025-06-02T23:22:22.962+0530][173.542s] GC(146) ReferenceProcessor::execute queues: 1, RefProcThreadModel::Single, marks_oops_alive: false
[2025-06-02T23:22:22.962+0530][173.542s] GC(146) Skipped phase 3 of Reference Processing: no references
[2025-06-02T23:22:22.962+0530][173.542s] GC(146) Skipped phase 4 of Reference Processing: no references
[2025-06-02T23:22:22.964+0530][173.543s] GC(146)   Pre Evacuate Collection Set: 2.1ms
[2025-06-02T23:22:22.964+0530][173.544s] GC(146)   Merge Heap Roots: 0.1ms
[2025-06-02T23:22:22.964+0530][173.544s] GC(146)   Evacuate Collection Set: 47.1ms
[2025-06-02T23:22:22.964+0530][173.544s] GC(146)   Post Evacuate Collection Set: 1.3ms
[2025-06-02T23:22:22.964+0530][173.544s] GC(146)   Other: 0.3ms
[2025-06-02T23:22:22.964+0530][173.544s] GC(146) Eden regions: 241->0(272)
[2025-06-02T23:22:22.964+0530][173.544s] GC(146) Survivor regions: 0->35(39)
[2025-06-02T23:22:22.964+0530][173.544s] GC(146) Old regions: 9->9
[2025-06-02T23:22:22.964+0530][173.544s] GC(146) Archive regions: 2->2
[2025-06-02T23:22:22.964+0530][173.544s] GC(146) Humongous regions: 0->0
[2025-06-02T23:22:22.964+0530][173.544s] GC(146) Metaspace: 36304K(123904K)->36304K(123904K) NonClass: 25020K(85888K)->25020K(85888K) Class: 11283K(38016K)->11283K(38016K)
[2025-06-02T23:22:22.964+0530][173.544s] GC(146) Pause Young (Concurrent Start) (Metadata GC Threshold) 247M->41M(512M) 51.201ms
[2025-06-02T23:22:22.964+0530][173.544s] GC(146) User=0.28s Sys=0.02s Real=0.05s
[2025-06-02T23:22:22.964+0530][173.544s] GC(147) Concurrent Mark Cycle
[2025-06-02T23:22:22.964+0530][173.544s] GC(147) Concurrent Clear Claimed Marks
[2025-06-02T23:22:22.966+0530][173.546s] GC(147) Concurrent Clear Claimed Marks 2.233ms
[2025-06-02T23:22:22.966+0530][173.546s] GC(147) Concurrent Scan Root Regions
[2025-06-02T23:22:22.985+0530][173.564s] GC(147) Concurrent Scan Root Regions 18.221ms
[2025-06-02T23:22:22.985+0530][173.564s] GC(147) Concurrent Mark
[2025-06-02T23:22:22.985+0530][173.564s] GC(147) Concurrent Mark From Roots
[2025-06-02T23:22:22.985+0530][173.564s] GC(147) Using 2 workers of 2 for marking
[2025-06-02T23:22:22.993+0530][173.573s] GC(147) Concurrent Mark From Roots 8.482ms
[2025-06-02T23:22:22.993+0530][173.573s] GC(147) Concurrent Preclean
[2025-06-02T23:22:22.993+0530][173.573s] GC(147) Preclean SoftReferences 0.009ms
[2025-06-02T23:22:22.993+0530][173.573s] GC(147) Preclean WeakReferences 0.017ms
[2025-06-02T23:22:22.993+0530][173.573s] GC(147) Preclean FinalReferences 0.005ms
[2025-06-02T23:22:22.993+0530][173.573s] GC(147) Preclean PhantomReferences 0.018ms
[2025-06-02T23:22:22.993+0530][173.573s] GC(147) Concurrent Preclean 0.221ms
[2025-06-02T23:22:22.994+0530][173.573s] GC(147) Pause Remark
[2025-06-02T23:22:22.994+0530][173.574s] GC(147) Skipped phase 1 of Reference Processing: no references
[2025-06-02T23:22:22.994+0530][173.574s] GC(147) Skipped phase 2 of Reference Processing: no references
[2025-06-02T23:22:22.994+0530][173.574s] GC(147) Skipped phase 3 of Reference Processing: no references
[2025-06-02T23:22:22.994+0530][173.574s] GC(147) Skipped phase 4 of Reference Processing: no references
[2025-06-02T23:22:23.000+0530][173.580s] GC(147) Pause Remark 44M->44M(512M) 6.581ms
[2025-06-02T23:22:23.000+0530][173.580s] GC(147) User=0.02s Sys=0.00s Real=0.01s
[2025-06-02T23:22:23.000+0530][173.580s] GC(147) Concurrent Mark 15.693ms
[2025-06-02T23:22:23.000+0530][173.580s] GC(147) Concurrent Rebuild Remembered Sets
[2025-06-02T23:22:23.005+0530][173.584s] GC(147) Concurrent Rebuild Remembered Sets 4.320ms
[2025-06-02T23:22:23.005+0530][173.585s] GC(147) Pause Cleanup
[2025-06-02T23:22:23.005+0530][173.585s] GC(147) Pause Cleanup 45M->45M(512M) 0.118ms
[2025-06-02T23:22:23.005+0530][173.585s] GC(147) User=0.00s Sys=0.00s Real=0.00s
[2025-06-02T23:22:23.005+0530][173.585s] GC(147) Concurrent Cleanup for Next Mark
[2025-06-02T23:22:23.006+0530][173.585s] GC(147) Concurrent Cleanup for Next Mark 0.555ms
[2025-06-02T23:22:23.006+0530][173.585s] GC(147) Concurrent Mark Cycle 41.572ms
[2025-06-02T23:22:23.076+0530][173.655s] GC(148) Pause Young (Concurrent Start) (Metadata GC Threshold)
[2025-06-02T23:22:23.076+0530][173.655s] GC(148) Using 8 workers of 8 for evacuation
[2025-06-02T23:22:23.137+0530][173.717s] GC(148) Skipped phase 1 of Reference Processing: no references
[2025-06-02T23:22:23.137+0530][173.717s] GC(148) ReferenceProcessor::execute queues: 1, RefProcThreadModel::Single, marks_oops_alive: false
[2025-06-02T23:22:23.137+0530][173.717s] GC(148) Skipped phase 3 of Reference Processing: no references
[2025-06-02T23:22:23.137+0530][173.717s] GC(148) Skipped phase 4 of Reference Processing: no references
[2025-06-02T23:22:23.140+0530][173.720s] GC(148)   Pre Evacuate Collection Set: 2.0ms
[2025-06-02T23:22:23.141+0530][173.720s] GC(148)   Merge Heap Roots: 0.1ms
[2025-06-02T23:22:23.141+0530][173.720s] GC(148)   Evacuate Collection Set: 59.2ms
[2025-06-02T23:22:23.141+0530][173.720s] GC(148)   Post Evacuate Collection Set: 3.3ms
[2025-06-02T23:22:23.141+0530][173.720s] GC(148)   Other: 0.3ms
[2025-06-02T23:22:23.141+0530][173.720s] GC(148) Eden regions: 17->0(303)
[2025-06-02T23:22:23.141+0530][173.720s] GC(148) Survivor regions: 35->4(39)
[2025-06-02T23:22:23.141+0530][173.720s] GC(148) Old regions: 8->42
[2025-06-02T23:22:23.141+0530][173.720s] GC(148) Archive regions: 2->2
[2025-06-02T23:22:23.141+0530][173.720s] GC(148) Humongous regions: 0->0
[2025-06-02T23:22:23.141+0530][173.720s] GC(148) Metaspace: 37654K(131072K)->37654K(131072K) NonClass: 25751K(90688K)->25751K(90688K) Class: 11902K(40384K)->11902K(40384K)
[2025-06-02T23:22:23.141+0530][173.720s] GC(148) Pause Young (Concurrent Start) (Metadata GC Threshold) 57M->43M(512M) 65.079ms
[2025-06-02T23:22:23.141+0530][173.721s] GC(148) User=0.29s Sys=0.01s Real=0.07s
[2025-06-02T23:22:23.141+0530][173.721s] GC(149) Using 8 workers of 8 for full compaction
[2025-06-02T23:22:23.141+0530][173.721s] GC(150) Concurrent Mark Cycle
[2025-06-02T23:22:23.141+0530][173.721s] GC(149) Pause Full (Metadata GC Threshold)
[2025-06-02T23:22:23.141+0530][173.721s] GC(150) Concurrent Clear Claimed Marks
[2025-06-02T23:22:23.143+0530][173.723s] GC(150) Concurrent Clear Claimed Marks 2.125ms
[2025-06-02T23:22:23.143+0530][173.723s] GC(150) Concurrent Scan Root Regions
[2025-06-02T23:22:23.143+0530][173.723s] GC(150) Concurrent Scan Root Regions 0.033ms
[2025-06-02T23:22:23.143+0530][173.723s] GC(150) Concurrent Mark
[2025-06-02T23:22:23.143+0530][173.723s] GC(150) Concurrent Mark From Roots
[2025-06-02T23:22:23.143+0530][173.723s] GC(150) Using 2 workers of 2 for marking
[2025-06-02T23:22:23.144+0530][173.723s] GC(149) Phase 1: Mark live objects
[2025-06-02T23:22:23.150+0530][173.729s] GC(149) Skipped phase 1 of Reference Processing: no references
[2025-06-02T23:22:23.150+0530][173.730s] GC(149) ReferenceProcessor::execute queues: 2, RefProcThreadModel::Multi, marks_oops_alive: false
[2025-06-02T23:22:23.150+0530][173.730s] GC(149) Skipped phase 3 of Reference Processing: no references
[2025-06-02T23:22:23.150+0530][173.730s] GC(149) ReferenceProcessor::execute queues: 1, RefProcThreadModel::Single, marks_oops_alive: false
[2025-06-02T23:22:23.252+0530][173.832s] GC(149) Phase 1: Mark live objects 108.407ms
[2025-06-02T23:22:23.252+0530][173.832s] GC(149) Phase 2: Prepare for compaction
[2025-06-02T23:22:23.254+0530][173.834s] GC(149) Phase 2: Prepare for compaction 1.855ms
[2025-06-02T23:22:23.254+0530][173.834s] GC(149) Phase 3: Adjust pointers
[2025-06-02T23:22:23.259+0530][173.839s] GC(149) Phase 3: Adjust pointers 4.821ms
[2025-06-02T23:22:23.259+0530][173.839s] GC(149) Phase 4: Compact heap
[2025-06-02T23:22:23.259+0530][173.839s] GC(149) Phase 4: Compact heap 0.178ms
[2025-06-02T23:22:23.400+0530][173.980s] GC(149) Eden regions: 0->0(307)
[2025-06-02T23:22:23.400+0530][173.980s] GC(149) Survivor regions: 4->0(39)
[2025-06-02T23:22:23.400+0530][173.980s] GC(149) Old regions: 42->8
[2025-06-02T23:22:23.400+0530][173.980s] GC(149) Archive regions: 2->2
[2025-06-02T23:22:23.400+0530][173.980s] GC(149) Humongous regions: 0->0
[2025-06-02T23:22:23.400+0530][173.980s] GC(149) Metaspace: 37654K(131072K)->16176K(17664K) NonClass: 25751K(90688K)->14118K(15424K) Class: 11902K(40384K)->2058K(2240K)
[2025-06-02T23:22:23.400+0530][173.980s] GC(149) Pause Full (Metadata GC Threshold) 43M->6M(512M) 259.610ms
[2025-06-02T23:22:23.401+0530][173.980s] GC(149) User=0.26s Sys=0.04s Real=0.26s
[2025-06-02T23:22:23.401+0530][173.980s] GC(150) Concurrent Mark From Roots 257.633ms
[2025-06-02T23:22:23.401+0530][173.981s] GC(150) Concurrent Mark Abort
[2025-06-02T23:22:23.401+0530][173.981s] GC(150) Concurrent Mark Cycle 259.976ms
[2025-06-02T23:22:25.088+0530][175.668s] GC(151) Pause Young (Concurrent Start) (Metadata GC Threshold)
[2025-06-02T23:22:25.088+0530][175.668s] GC(151) Using 8 workers of 8 for evacuation
[2025-06-02T23:22:25.202+0530][175.782s] GC(151) Skipped phase 1 of Reference Processing: no references
[2025-06-02T23:22:25.202+0530][175.782s] GC(151) ReferenceProcessor::execute queues: 1, RefProcThreadModel::Single, marks_oops_alive: false
[2025-06-02T23:22:25.202+0530][175.782s] GC(151) Skipped phase 3 of Reference Processing: no references
[2025-06-02T23:22:25.202+0530][175.782s] GC(151) Skipped phase 4 of Reference Processing: no references
[2025-06-02T23:22:25.206+0530][175.786s] GC(151)   Pre Evacuate Collection Set: 2.1ms
[2025-06-02T23:22:25.206+0530][175.786s] GC(151)   Merge Heap Roots: 0.1ms
[2025-06-02T23:22:25.206+0530][175.786s] GC(151)   Evacuate Collection Set: 111.5ms
[2025-06-02T23:22:25.206+0530][175.786s] GC(151)   Post Evacuate Collection Set: 4.1ms
[2025-06-02T23:22:25.206+0530][175.786s] GC(151)   Other: 0.2ms
[2025-06-02T23:22:25.206+0530][175.786s] GC(151) Eden regions: 257->0(271)
[2025-06-02T23:22:25.206+0530][175.786s] GC(151) Survivor regions: 0->36(39)
[2025-06-02T23:22:25.206+0530][175.786s] GC(151) Old regions: 8->8
[2025-06-02T23:22:25.206+0530][175.786s] GC(151) Archive regions: 2->2
[2025-06-02T23:22:25.206+0530][175.786s] GC(151) Humongous regions: 0->0
[2025-06-02T23:22:25.206+0530][175.786s] GC(151) Metaspace: 37654K(131072K)->37654K(131072K) NonClass: 25751K(90688K)->25751K(90688K) Class: 11902K(40384K)->11902K(40384K)
[2025-06-02T23:22:25.206+0530][175.786s] GC(151) Pause Young (Concurrent Start) (Metadata GC Threshold) 263M->41M(512M) 118.188ms
[2025-06-02T23:22:25.206+0530][175.786s] GC(151) User=0.15s Sys=0.00s Real=0.12s
[2025-06-02T23:22:25.206+0530][175.786s] GC(152) Concurrent Mark Cycle
[2025-06-02T23:22:25.206+0530][175.786s] GC(153) Using 8 workers of 8 for full compaction
[2025-06-02T23:22:25.206+0530][175.786s] GC(152) Concurrent Clear Claimed Marks
[2025-06-02T23:22:25.206+0530][175.786s] GC(153) Pause Full (Metadata GC Threshold)
[2025-06-02T23:22:25.209+0530][175.789s] GC(152) Concurrent Clear Claimed Marks 3.052ms
[2025-06-02T23:22:25.209+0530][175.789s] GC(152) Concurrent Scan Root Regions
[2025-06-02T23:22:25.209+0530][175.789s] GC(152) Concurrent Scan Root Regions 0.108ms
[2025-06-02T23:22:25.210+0530][175.790s] GC(152) Concurrent Mark
[2025-06-02T23:22:25.211+0530][175.790s] GC(152) Concurrent Mark From Roots
[2025-06-02T23:22:25.211+0530][175.790s] GC(152) Using 2 workers of 2 for marking
[2025-06-02T23:22:25.211+0530][175.790s] GC(153) Phase 1: Mark live objects
[2025-06-02T23:22:25.222+0530][175.802s] GC(153) Skipped phase 1 of Reference Processing: no references
[2025-06-02T23:22:25.222+0530][175.802s] GC(153) ReferenceProcessor::execute queues: 1, RefProcThreadModel::Single, marks_oops_alive: false
[2025-06-02T23:22:25.222+0530][175.802s] GC(153) Skipped phase 3 of Reference Processing: no references
[2025-06-02T23:22:25.222+0530][175.802s] GC(153) ReferenceProcessor::execute queues: 1, RefProcThreadModel::Single, marks_oops_alive: false
[2025-06-02T23:22:25.343+0530][175.923s] GC(153) Phase 1: Mark live objects 132.108ms
[2025-06-02T23:22:25.343+0530][175.923s] GC(153) Phase 2: Prepare for compaction
[2025-06-02T23:22:25.344+0530][175.924s] GC(153) Phase 2: Prepare for compaction 1.160ms
[2025-06-02T23:22:25.344+0530][175.924s] GC(153) Phase 3: Adjust pointers
[2025-06-02T23:22:25.351+0530][175.931s] GC(153) Phase 3: Adjust pointers 6.671ms
[2025-06-02T23:22:25.351+0530][175.931s] GC(153) Phase 4: Compact heap
[2025-06-02T23:22:25.351+0530][175.931s] GC(153) Phase 4: Compact heap 0.191ms
[2025-06-02T23:22:25.543+0530][176.123s] GC(153) Eden regions: 0->0(307)
[2025-06-02T23:22:25.543+0530][176.123s] GC(153) Survivor regions: 36->0(39)
[2025-06-02T23:22:25.543+0530][176.123s] GC(153) Old regions: 8->6
[2025-06-02T23:22:25.543+0530][176.123s] GC(153) Archive regions: 2->2
[2025-06-02T23:22:25.543+0530][176.123s] GC(153) Humongous regions: 0->0
[2025-06-02T23:22:25.543+0530][176.123s] GC(153) Metaspace: 37654K(131072K)->16176K(17664K) NonClass: 25751K(90688K)->14118K(15424K) Class: 11902K(40384K)->2058K(2240K)
[2025-06-02T23:22:25.543+0530][176.123s] GC(153) Pause Full (Metadata GC Threshold) 41M->6M(512M) 336.837ms
[2025-06-02T23:22:25.543+0530][176.123s] GC(153) User=0.29s Sys=0.03s Real=0.34s
[2025-06-02T23:22:25.546+0530][176.126s] GC(152) Concurrent Mark From Roots 335.576ms
[2025-06-02T23:22:25.546+0530][176.126s] GC(152) Concurrent Mark Abort
[2025-06-02T23:22:25.546+0530][176.126s] GC(152) Concurrent Mark Cycle 340.126ms
[2025-06-02T23:22:27.270+0530][177.850s] GC(154) Pause Young (Concurrent Start) (Metadata GC Threshold)
[2025-06-02T23:22:27.270+0530][177.850s] GC(154) Using 8 workers of 8 for evacuation
[2025-06-02T23:22:27.312+0530][177.892s] GC(154) Skipped phase 1 of Reference Processing: no references
[2025-06-02T23:22:27.313+0530][177.892s] GC(154) ReferenceProcessor::execute queues: 1, RefProcThreadModel::Single, marks_oops_alive: false
[2025-06-02T23:22:27.313+0530][177.892s] GC(154) Skipped phase 3 of Reference Processing: no references
[2025-06-02T23:22:27.313+0530][177.892s] GC(154) Skipped phase 4 of Reference Processing: no references
[2025-06-02T23:22:27.317+0530][177.897s] GC(154)   Pre Evacuate Collection Set: 1.7ms
[2025-06-02T23:22:27.317+0530][177.897s] GC(154)   Merge Heap Roots: 0.1ms
[2025-06-02T23:22:27.317+0530][177.897s] GC(154)   Evacuate Collection Set: 40.8ms
[2025-06-02T23:22:27.317+0530][177.897s] GC(154)   Post Evacuate Collection Set: 4.5ms
[2025-06-02T23:22:27.317+0530][177.897s] GC(154)   Other: 0.2ms
[2025-06-02T23:22:27.317+0530][177.897s] GC(154) Eden regions: 241->0(641)
[2025-06-02T23:22:27.317+0530][177.897s] GC(154) Survivor regions: 0->35(39)
[2025-06-02T23:22:27.317+0530][177.897s] GC(154) Old regions: 6->6
[2025-06-02T23:22:27.317+0530][177.897s] GC(154) Archive regions: 2->2
[2025-06-02T23:22:27.317+0530][177.897s] GC(154) Humongous regions: 0->0
[2025-06-02T23:22:27.317+0530][177.897s] GC(154) Metaspace: 36304K(123904K)->36304K(123904K) NonClass: 25020K(85888K)->25020K(85888K) Class: 11283K(38016K)->11283K(38016K)
[2025-06-02T23:22:27.317+0530][177.897s] GC(154) Pause Young (Concurrent Start) (Metadata GC Threshold) 247M->40M(1127M) 47.486ms
[2025-06-02T23:22:27.317+0530][177.897s] GC(154) User=0.29s Sys=0.01s Real=0.04s
[2025-06-02T23:22:27.317+0530][177.897s] GC(155) Concurrent Mark Cycle
[2025-06-02T23:22:27.317+0530][177.897s] GC(155) Concurrent Clear Claimed Marks
[2025-06-02T23:22:27.319+0530][177.899s] GC(155) Concurrent Clear Claimed Marks 1.922ms
[2025-06-02T23:22:27.319+0530][177.899s] GC(155) Concurrent Scan Root Regions
[2025-06-02T23:22:27.333+0530][177.913s] GC(155) Concurrent Scan Root Regions 13.528ms
[2025-06-02T23:22:27.333+0530][177.913s] GC(155) Concurrent Mark
[2025-06-02T23:22:27.333+0530][177.913s] GC(155) Concurrent Mark From Roots
[2025-06-02T23:22:27.333+0530][177.913s] GC(155) Using 2 workers of 2 for marking
[2025-06-02T23:22:27.340+0530][177.920s] GC(155) Concurrent Mark From Roots 7.490ms
[2025-06-02T23:22:27.340+0530][177.920s] GC(155) Concurrent Preclean
[2025-06-02T23:22:27.340+0530][177.920s] GC(155) Preclean SoftReferences 0.007ms
[2025-06-02T23:22:27.340+0530][177.920s] GC(155) Preclean WeakReferences 0.013ms
[2025-06-02T23:22:27.340+0530][177.920s] GC(155) Preclean FinalReferences 0.014ms
[2025-06-02T23:22:27.341+0530][177.920s] GC(155) Preclean PhantomReferences 0.146ms
[2025-06-02T23:22:27.341+0530][177.921s] GC(155) Concurrent Preclean 0.258ms
[2025-06-02T23:22:27.341+0530][177.921s] GC(155) Pause Remark
[2025-06-02T23:22:27.341+0530][177.921s] GC(155) Skipped phase 1 of Reference Processing: no references
[2025-06-02T23:22:27.341+0530][177.921s] GC(155) Skipped phase 2 of Reference Processing: no references
[2025-06-02T23:22:27.341+0530][177.921s] GC(155) Skipped phase 3 of Reference Processing: no references
[2025-06-02T23:22:27.341+0530][177.921s] GC(155) Skipped phase 4 of Reference Processing: no references
[2025-06-02T23:22:27.345+0530][177.925s] GC(155) Pause Remark 44M->44M(512M) 3.943ms
[2025-06-02T23:22:27.345+0530][177.925s] GC(155) User=0.01s Sys=0.00s Real=0.00s
[2025-06-02T23:22:27.345+0530][177.925s] GC(155) Concurrent Mark 12.062ms
[2025-06-02T23:22:27.345+0530][177.925s] GC(155) Concurrent Rebuild Remembered Sets
[2025-06-02T23:22:27.348+0530][177.928s] GC(155) Concurrent Rebuild Remembered Sets 3.617ms
[2025-06-02T23:22:27.349+0530][177.929s] GC(155) Pause Cleanup
[2025-06-02T23:22:27.349+0530][177.929s] GC(155) Pause Cleanup 45M->45M(512M) 0.126ms
[2025-06-02T23:22:27.349+0530][177.929s] GC(155) User=0.00s Sys=0.00s Real=0.00s
[2025-06-02T23:22:27.349+0530][177.929s] GC(155) Concurrent Cleanup for Next Mark
[2025-06-02T23:22:27.349+0530][177.929s] GC(155) Concurrent Cleanup for Next Mark 0.512ms
[2025-06-02T23:22:27.349+0530][177.929s] GC(155) Concurrent Mark Cycle 32.243ms
[2025-06-02T23:22:27.413+0530][177.993s] GC(156) Pause Young (Prepare Mixed) (Metadata GC Threshold)
[2025-06-02T23:22:27.413+0530][177.993s] GC(156) Using 8 workers of 8 for evacuation
[2025-06-02T23:22:27.455+0530][178.035s] GC(156) Skipped phase 1 of Reference Processing: no references
[2025-06-02T23:22:27.455+0530][178.035s] GC(156) ReferenceProcessor::execute queues: 1, RefProcThreadModel::Single, marks_oops_alive: false
[2025-06-02T23:22:27.455+0530][178.035s] GC(156) Skipped phase 3 of Reference Processing: no references
[2025-06-02T23:22:27.455+0530][178.035s] GC(156) Skipped phase 4 of Reference Processing: no references
[2025-06-02T23:22:27.456+0530][178.036s] GC(156)   Pre Evacuate Collection Set: 0.1ms
[2025-06-02T23:22:27.457+0530][178.036s] GC(156)   Merge Heap Roots: 0.1ms
[2025-06-02T23:22:27.457+0530][178.036s] GC(156)   Evacuate Collection Set: 42.3ms
[2025-06-02T23:22:27.457+0530][178.036s] GC(156)   Post Evacuate Collection Set: 1.1ms
[2025-06-02T23:22:27.457+0530][178.036s] GC(156)   Other: 0.1ms
[2025-06-02T23:22:27.457+0530][178.036s] GC(156) Eden regions: 17->0(1)
[2025-06-02T23:22:27.457+0530][178.037s] GC(156) Survivor regions: 35->37(85)
[2025-06-02T23:22:27.457+0530][178.037s] GC(156) Old regions: 6->6
[2025-06-02T23:22:27.457+0530][178.037s] GC(156) Archive regions: 2->2
[2025-06-02T23:22:27.457+0530][178.037s] GC(156) Humongous regions: 0->0
[2025-06-02T23:22:27.457+0530][178.037s] GC(156) Metaspace: 37654K(131072K)->37654K(131072K) NonClass: 25751K(90688K)->25751K(90688K) Class: 11902K(40384K)->11902K(40384K)
[2025-06-02T23:22:27.457+0530][178.037s] GC(156) Pause Young (Prepare Mixed) (Metadata GC Threshold) 57M->43M(512M) 43.873ms
[2025-06-02T23:22:27.457+0530][178.037s] GC(156) User=0.32s Sys=0.00s Real=0.04s
[2025-06-02T23:22:27.457+0530][178.037s] GC(157) Using 8 workers of 8 for full compaction
[2025-06-02T23:22:27.457+0530][178.037s] GC(157) Pause Full (Metadata GC Threshold)
[2025-06-02T23:22:27.457+0530][178.037s] GC(157) Phase 1: Mark live objects
[2025-06-02T23:22:27.464+0530][178.044s] GC(157) Skipped phase 1 of Reference Processing: no references
[2025-06-02T23:22:27.464+0530][178.044s] GC(157) ReferenceProcessor::execute queues: 2, RefProcThreadModel::Multi, marks_oops_alive: false
[2025-06-02T23:22:27.464+0530][178.044s] GC(157) Skipped phase 3 of Reference Processing: no references
[2025-06-02T23:22:27.464+0530][178.044s] GC(157) ReferenceProcessor::execute queues: 1, RefProcThreadModel::Single, marks_oops_alive: false
[2025-06-02T23:22:27.549+0530][178.129s] GC(157) Phase 1: Mark live objects 92.318ms
[2025-06-02T23:22:27.549+0530][178.129s] GC(157) Phase 2: Prepare for compaction
[2025-06-02T23:22:27.550+0530][178.130s] GC(157) Phase 2: Prepare for compaction 0.826ms
[2025-06-02T23:22:27.550+0530][178.130s] GC(157) Phase 3: Adjust pointers
[2025-06-02T23:22:27.554+0530][178.133s] GC(157) Phase 3: Adjust pointers 3.545ms
[2025-06-02T23:22:27.554+0530][178.133s] GC(157) Phase 4: Compact heap
[2025-06-02T23:22:27.554+0530][178.134s] GC(157) Phase 4: Compact heap 0.124ms
[2025-06-02T23:22:27.692+0530][178.272s] GC(157) Eden regions: 0->0(307)
[2025-06-02T23:22:27.692+0530][178.272s] GC(157) Survivor regions: 37->0(85)
[2025-06-02T23:22:27.692+0530][178.272s] GC(157) Old regions: 6->9
[2025-06-02T23:22:27.692+0530][178.272s] GC(157) Archive regions: 2->2
[2025-06-02T23:22:27.692+0530][178.272s] GC(157) Humongous regions: 0->0
[2025-06-02T23:22:27.692+0530][178.272s] GC(157) Metaspace: 37654K(131072K)->16176K(17664K) NonClass: 25751K(90688K)->14118K(15424K) Class: 11902K(40384K)->2058K(2240K)
[2025-06-02T23:22:27.692+0530][178.272s] GC(157) Pause Full (Metadata GC Threshold) 43M->6M(512M) 235.088ms
[2025-06-02T23:22:27.692+0530][178.272s] GC(157) User=0.24s Sys=0.03s Real=0.24s
[2025-06-02T23:22:29.082+0530][179.662s] GC(158) Pause Young (Concurrent Start) (Metadata GC Threshold)
[2025-06-02T23:22:29.082+0530][179.662s] GC(158) Using 8 workers of 8 for evacuation
[2025-06-02T23:22:29.143+0530][179.723s] GC(158) Skipped phase 1 of Reference Processing: no references
[2025-06-02T23:22:29.143+0530][179.723s] GC(158) ReferenceProcessor::execute queues: 1, RefProcThreadModel::Single, marks_oops_alive: false
[2025-06-02T23:22:29.143+0530][179.723s] GC(158) Skipped phase 3 of Reference Processing: no references
[2025-06-02T23:22:29.143+0530][179.723s] GC(158) Skipped phase 4 of Reference Processing: no references
[2025-06-02T23:22:29.144+0530][179.724s] GC(158)   Pre Evacuate Collection Set: 2.4ms
[2025-06-02T23:22:29.144+0530][179.724s] GC(158)   Merge Heap Roots: 0.1ms
[2025-06-02T23:22:29.144+0530][179.724s] GC(158)   Evacuate Collection Set: 57.7ms
[2025-06-02T23:22:29.144+0530][179.724s] GC(158)   Post Evacuate Collection Set: 1.3ms
[2025-06-02T23:22:29.144+0530][179.724s] GC(158)   Other: 0.3ms
[2025-06-02T23:22:29.144+0530][179.724s] GC(158) Eden regions: 257->0(271)
[2025-06-02T23:22:29.144+0530][179.724s] GC(158) Survivor regions: 0->36(39)
[2025-06-02T23:22:29.144+0530][179.724s] GC(158) Old regions: 9->9
[2025-06-02T23:22:29.144+0530][179.724s] GC(158) Archive regions: 2->2
[2025-06-02T23:22:29.144+0530][179.724s] GC(158) Humongous regions: 0->0
[2025-06-02T23:22:29.144+0530][179.724s] GC(158) Metaspace: 37654K(131072K)->37654K(131072K) NonClass: 25751K(90688K)->25751K(90688K) Class: 11902K(40384K)->11902K(40384K)
[2025-06-02T23:22:29.144+0530][179.724s] GC(158) Pause Young (Concurrent Start) (Metadata GC Threshold) 263M->42M(512M) 61.936ms
[2025-06-02T23:22:29.144+0530][179.724s] GC(158) User=0.32s Sys=0.02s Real=0.06s
[2025-06-02T23:22:29.144+0530][179.724s] GC(159) Using 8 workers of 8 for full compaction
[2025-06-02T23:22:29.144+0530][179.724s] GC(160) Concurrent Mark Cycle
[2025-06-02T23:22:29.144+0530][179.724s] GC(160) Concurrent Clear Claimed Marks
[2025-06-02T23:22:29.144+0530][179.724s] GC(159) Pause Full (Metadata GC Threshold)
[2025-06-02T23:22:29.146+0530][179.726s] GC(160) Concurrent Clear Claimed Marks 1.758ms
[2025-06-02T23:22:29.146+0530][179.726s] GC(160) Concurrent Scan Root Regions
[2025-06-02T23:22:29.146+0530][179.726s] GC(160) Concurrent Scan Root Regions 0.027ms
[2025-06-02T23:22:29.146+0530][179.726s] GC(160) Concurrent Mark
[2025-06-02T23:22:29.146+0530][179.726s] GC(160) Concurrent Mark From Roots
[2025-06-02T23:22:29.146+0530][179.726s] GC(160) Using 2 workers of 2 for marking
[2025-06-02T23:22:29.147+0530][179.727s] GC(159) Phase 1: Mark live objects
[2025-06-02T23:22:29.153+0530][179.733s] GC(159) Skipped phase 1 of Reference Processing: no references
[2025-06-02T23:22:29.153+0530][179.733s] GC(159) ReferenceProcessor::execute queues: 2, RefProcThreadModel::Multi, marks_oops_alive: false
[2025-06-02T23:22:29.153+0530][179.733s] GC(159) Skipped phase 3 of Reference Processing: no references
[2025-06-02T23:22:29.153+0530][179.733s] GC(159) ReferenceProcessor::execute queues: 1, RefProcThreadModel::Single, marks_oops_alive: false
[2025-06-02T23:22:29.225+0530][179.805s] GC(159) Phase 1: Mark live objects 78.309ms
[2025-06-02T23:22:29.225+0530][179.805s] GC(159) Phase 2: Prepare for compaction
[2025-06-02T23:22:29.226+0530][179.806s] GC(159) Phase 2: Prepare for compaction 0.817ms
[2025-06-02T23:22:29.226+0530][179.806s] GC(159) Phase 3: Adjust pointers
[2025-06-02T23:22:29.230+0530][179.810s] GC(159) Phase 3: Adjust pointers 3.518ms
[2025-06-02T23:22:29.230+0530][179.810s] GC(159) Phase 4: Compact heap
[2025-06-02T23:22:29.230+0530][179.810s] GC(159) Phase 4: Compact heap 0.113ms
[2025-06-02T23:22:29.356+0530][179.936s] GC(159) Eden regions: 0->0(307)
[2025-06-02T23:22:29.356+0530][179.936s] GC(159) Survivor regions: 36->0(39)
[2025-06-02T23:22:29.356+0530][179.936s] GC(159) Old regions: 9->9
[2025-06-02T23:22:29.356+0530][179.936s] GC(159) Archive regions: 2->2
[2025-06-02T23:22:29.356+0530][179.936s] GC(159) Humongous regions: 0->0
[2025-06-02T23:22:29.356+0530][179.936s] GC(159) Metaspace: 37654K(131072K)->16176K(17664K) NonClass: 25751K(90688K)->14118K(15424K) Class: 11902K(40384K)->2058K(2240K)
[2025-06-02T23:22:29.356+0530][179.936s] GC(159) Pause Full (Metadata GC Threshold) 42M->6M(512M) 211.899ms
[2025-06-02T23:22:29.357+0530][179.937s] GC(159) User=0.24s Sys=0.02s Real=0.21s
[2025-06-02T23:22:29.357+0530][179.937s] GC(160) Concurrent Mark From Roots 210.385ms
[2025-06-02T23:22:29.357+0530][179.937s] GC(160) Concurrent Mark Abort
[2025-06-02T23:22:29.357+0530][179.937s] GC(160) Concurrent Mark Cycle 212.308ms
[2025-06-02T23:22:30.586+0530][181.166s] GC(161) Pause Young (Concurrent Start) (Metadata GC Threshold)
[2025-06-02T23:22:30.586+0530][181.166s] GC(161) Using 8 workers of 8 for evacuation
[2025-06-02T23:22:30.628+0530][181.208s] GC(161) Skipped phase 1 of Reference Processing: no references
[2025-06-02T23:22:30.628+0530][181.208s] GC(161) ReferenceProcessor::execute queues: 1, RefProcThreadModel::Single, marks_oops_alive: false
[2025-06-02T23:22:30.628+0530][181.208s] GC(161) Skipped phase 3 of Reference Processing: no references
[2025-06-02T23:22:30.628+0530][181.209s] GC(161) Skipped phase 4 of Reference Processing: no references
[2025-06-02T23:22:30.630+0530][181.210s] GC(161)   Pre Evacuate Collection Set: 1.8ms
[2025-06-02T23:22:30.630+0530][181.210s] GC(161)   Merge Heap Roots: 0.1ms
[2025-06-02T23:22:30.630+0530][181.210s] GC(161)   Evacuate Collection Set: 40.7ms
[2025-06-02T23:22:30.630+0530][181.210s] GC(161)   Post Evacuate Collection Set: 1.6ms
[2025-06-02T23:22:30.630+0530][181.210s] GC(161)   Other: 0.2ms
[2025-06-02T23:22:30.630+0530][181.210s] GC(161) Eden regions: 241->0(272)
[2025-06-02T23:22:30.630+0530][181.210s] GC(161) Survivor regions: 0->35(39)
[2025-06-02T23:22:30.630+0530][181.210s] GC(161) Old regions: 9->9
[2025-06-02T23:22:30.630+0530][181.210s] GC(161) Archive regions: 2->2
[2025-06-02T23:22:30.630+0530][181.210s] GC(161) Humongous regions: 0->0
[2025-06-02T23:22:30.630+0530][181.210s] GC(161) Metaspace: 36304K(123904K)->36304K(123904K) NonClass: 25020K(85888K)->25020K(85888K) Class: 11283K(38016K)->11283K(38016K)
[2025-06-02T23:22:30.630+0530][181.210s] GC(161) Pause Young (Concurrent Start) (Metadata GC Threshold) 247M->40M(512M) 44.386ms
[2025-06-02T23:22:30.630+0530][181.210s] GC(161) User=0.30s Sys=0.01s Real=0.05s
[2025-06-02T23:22:30.630+0530][181.210s] GC(162) Concurrent Mark Cycle
[2025-06-02T23:22:30.630+0530][181.210s] GC(162) Concurrent Clear Claimed Marks
[2025-06-02T23:22:30.632+0530][181.212s] GC(162) Concurrent Clear Claimed Marks 1.956ms
[2025-06-02T23:22:30.632+0530][181.212s] GC(162) Concurrent Scan Root Regions
[2025-06-02T23:22:30.646+0530][181.226s] GC(162) Concurrent Scan Root Regions 14.243ms
[2025-06-02T23:22:30.646+0530][181.227s] GC(162) Concurrent Mark
[2025-06-02T23:22:30.646+0530][181.227s] GC(162) Concurrent Mark From Roots
[2025-06-02T23:22:30.646+0530][181.227s] GC(162) Using 2 workers of 2 for marking
[2025-06-02T23:22:30.655+0530][181.235s] GC(162) Concurrent Mark From Roots 8.137ms
[2025-06-02T23:22:30.655+0530][181.235s] GC(162) Concurrent Preclean
[2025-06-02T23:22:30.655+0530][181.235s] GC(162) Preclean SoftReferences 0.006ms
[2025-06-02T23:22:30.655+0530][181.235s] GC(162) Preclean WeakReferences 0.011ms
[2025-06-02T23:22:30.655+0530][181.235s] GC(162) Preclean FinalReferences 0.004ms
[2025-06-02T23:22:30.655+0530][181.235s] GC(162) Preclean PhantomReferences 0.011ms
[2025-06-02T23:22:30.655+0530][181.235s] GC(162) Concurrent Preclean 0.082ms
[2025-06-02T23:22:30.655+0530][181.235s] GC(162) Pause Remark
[2025-06-02T23:22:30.655+0530][181.235s] GC(162) Skipped phase 1 of Reference Processing: no references
[2025-06-02T23:22:30.655+0530][181.235s] GC(162) Skipped phase 2 of Reference Processing: no references
[2025-06-02T23:22:30.655+0530][181.235s] GC(162) Skipped phase 3 of Reference Processing: no references
[2025-06-02T23:22:30.655+0530][181.235s] GC(162) Skipped phase 4 of Reference Processing: no references
[2025-06-02T23:22:30.658+0530][181.238s] GC(162) Pause Remark 44M->44M(512M) 3.454ms
[2025-06-02T23:22:30.658+0530][181.238s] GC(162) User=0.01s Sys=0.00s Real=0.00s
[2025-06-02T23:22:30.658+0530][181.239s] GC(162) Concurrent Mark 12.010ms
[2025-06-02T23:22:30.658+0530][181.239s] GC(162) Concurrent Rebuild Remembered Sets
[2025-06-02T23:22:30.662+0530][181.242s] GC(162) Concurrent Rebuild Remembered Sets 3.374ms
[2025-06-02T23:22:30.662+0530][181.242s] GC(162) Pause Cleanup
[2025-06-02T23:22:30.662+0530][181.242s] GC(162) Pause Cleanup 44M->44M(512M) 0.119ms
[2025-06-02T23:22:30.662+0530][181.242s] GC(162) User=0.00s Sys=0.00s Real=0.00s
[2025-06-02T23:22:30.662+0530][181.242s] GC(162) Concurrent Cleanup for Next Mark
[2025-06-02T23:22:30.663+0530][181.243s] GC(162) Concurrent Cleanup for Next Mark 0.561ms
[2025-06-02T23:22:30.663+0530][181.243s] GC(162) Concurrent Mark Cycle 32.646ms
[2025-06-02T23:22:30.730+0530][181.310s] GC(163) Pause Young (Concurrent Start) (Metadata GC Threshold)
[2025-06-02T23:22:30.730+0530][181.310s] GC(163) Using 8 workers of 8 for evacuation
[2025-06-02T23:22:30.777+0530][181.357s] GC(163) Skipped phase 1 of Reference Processing: no references
[2025-06-02T23:22:30.777+0530][181.357s] GC(163) ReferenceProcessor::execute queues: 1, RefProcThreadModel::Single, marks_oops_alive: false
[2025-06-02T23:22:30.777+0530][181.357s] GC(163) Skipped phase 3 of Reference Processing: no references
[2025-06-02T23:22:30.777+0530][181.357s] GC(163) Skipped phase 4 of Reference Processing: no references
[2025-06-02T23:22:30.778+0530][181.358s] GC(163)   Pre Evacuate Collection Set: 1.8ms
[2025-06-02T23:22:30.778+0530][181.358s] GC(163)   Merge Heap Roots: 0.1ms
[2025-06-02T23:22:30.778+0530][181.358s] GC(163)   Evacuate Collection Set: 44.4ms
[2025-06-02T23:22:30.778+0530][181.358s] GC(163)   Post Evacuate Collection Set: 1.4ms
[2025-06-02T23:22:30.778+0530][181.358s] GC(163)   Other: 0.2ms
[2025-06-02T23:22:30.778+0530][181.358s] GC(163) Eden regions: 17->0(303)
[2025-06-02T23:22:30.778+0530][181.358s] GC(163) Survivor regions: 35->4(39)
[2025-06-02T23:22:30.778+0530][181.358s] GC(163) Old regions: 8->42
[2025-06-02T23:22:30.778+0530][181.358s] GC(163) Archive regions: 2->2
[2025-06-02T23:22:30.778+0530][181.358s] GC(163) Humongous regions: 0->0
[2025-06-02T23:22:30.778+0530][181.358s] GC(163) Metaspace: 37654K(131072K)->37654K(131072K) NonClass: 25751K(90688K)->25751K(90688K) Class: 11902K(40384K)->11902K(40384K)
[2025-06-02T23:22:30.778+0530][181.358s] GC(163) Pause Young (Concurrent Start) (Metadata GC Threshold) 57M->43M(512M) 47.928ms
[2025-06-02T23:22:30.778+0530][181.358s] GC(163) User=0.31s Sys=0.01s Real=0.04s
[2025-06-02T23:22:30.778+0530][181.358s] GC(164) Using 8 workers of 8 for full compaction
[2025-06-02T23:22:30.778+0530][181.358s] GC(165) Concurrent Mark Cycle
[2025-06-02T23:22:30.778+0530][181.358s] GC(165) Concurrent Clear Claimed Marks
[2025-06-02T23:22:30.778+0530][181.358s] GC(164) Pause Full (Metadata GC Threshold)
[2025-06-02T23:22:30.780+0530][181.360s] GC(165) Concurrent Clear Claimed Marks 1.775ms
[2025-06-02T23:22:30.780+0530][181.360s] GC(165) Concurrent Scan Root Regions
[2025-06-02T23:22:30.780+0530][181.360s] GC(165) Concurrent Scan Root Regions 0.051ms
[2025-06-02T23:22:30.780+0530][181.360s] GC(165) Concurrent Mark
[2025-06-02T23:22:30.780+0530][181.360s] GC(165) Concurrent Mark From Roots
[2025-06-02T23:22:30.780+0530][181.360s] GC(165) Using 2 workers of 2 for marking
[2025-06-02T23:22:30.781+0530][181.361s] GC(164) Phase 1: Mark live objects
[2025-06-02T23:22:30.787+0530][181.367s] GC(164) Skipped phase 1 of Reference Processing: no references
[2025-06-02T23:22:30.787+0530][181.367s] GC(164) ReferenceProcessor::execute queues: 2, RefProcThreadModel::Multi, marks_oops_alive: false
[2025-06-02T23:22:30.787+0530][181.368s] GC(164) Skipped phase 3 of Reference Processing: no references
[2025-06-02T23:22:30.788+0530][181.368s] GC(164) ReferenceProcessor::execute queues: 1, RefProcThreadModel::Single, marks_oops_alive: false
[2025-06-02T23:22:30.863+0530][181.443s] GC(164) Phase 1: Mark live objects 82.013ms
[2025-06-02T23:22:30.863+0530][181.443s] GC(164) Phase 2: Prepare for compaction
[2025-06-02T23:22:30.864+0530][181.444s] GC(164) Phase 2: Prepare for compaction 1.159ms
[2025-06-02T23:22:30.864+0530][181.444s] GC(164) Phase 3: Adjust pointers
[2025-06-02T23:22:30.868+0530][181.448s] GC(164) Phase 3: Adjust pointers 3.513ms
[2025-06-02T23:22:30.868+0530][181.448s] GC(164) Phase 4: Compact heap
[2025-06-02T23:22:30.868+0530][181.448s] GC(164) Phase 4: Compact heap 0.130ms
[2025-06-02T23:22:30.996+0530][181.576s] GC(164) Eden regions: 0->0(307)
[2025-06-02T23:22:30.996+0530][181.576s] GC(164) Survivor regions: 4->0(39)
[2025-06-02T23:22:30.996+0530][181.576s] GC(164) Old regions: 42->10
[2025-06-02T23:22:30.996+0530][181.576s] GC(164) Archive regions: 2->2
[2025-06-02T23:22:30.996+0530][181.576s] GC(164) Humongous regions: 0->0
[2025-06-02T23:22:30.996+0530][181.576s] GC(164) Metaspace: 37654K(131072K)->16176K(17664K) NonClass: 25751K(90688K)->14118K(15424K) Class: 11902K(40384K)->2058K(2240K)
[2025-06-02T23:22:30.996+0530][181.576s] GC(164) Pause Full (Metadata GC Threshold) 43M->6M(512M) 218.029ms
[2025-06-02T23:22:30.997+0530][181.577s] GC(164) User=0.24s Sys=0.03s Real=0.22s
[2025-06-02T23:22:30.997+0530][181.577s] GC(165) Concurrent Mark From Roots 216.445ms
[2025-06-02T23:22:30.997+0530][181.577s] GC(165) Concurrent Mark Abort
[2025-06-02T23:22:30.997+0530][181.577s] GC(165) Concurrent Mark Cycle 218.378ms
[2025-06-02T23:22:32.321+0530][182.901s] GC(166) Pause Young (Concurrent Start) (Metadata GC Threshold)
[2025-06-02T23:22:32.321+0530][182.901s] GC(166) Using 8 workers of 8 for evacuation
[2025-06-02T23:22:32.365+0530][182.945s] GC(166) Skipped phase 1 of Reference Processing: no references
[2025-06-02T23:22:32.365+0530][182.945s] GC(166) ReferenceProcessor::execute queues: 1, RefProcThreadModel::Single, marks_oops_alive: false
[2025-06-02T23:22:32.365+0530][182.945s] GC(166) Skipped phase 3 of Reference Processing: no references
[2025-06-02T23:22:32.365+0530][182.945s] GC(166) Skipped phase 4 of Reference Processing: no references
[2025-06-02T23:22:32.366+0530][182.946s] GC(166)   Pre Evacuate Collection Set: 2.0ms
[2025-06-02T23:22:32.366+0530][182.946s] GC(166)   Merge Heap Roots: 0.1ms
[2025-06-02T23:22:32.366+0530][182.946s] GC(166)   Evacuate Collection Set: 41.6ms
[2025-06-02T23:22:32.366+0530][182.946s] GC(166)   Post Evacuate Collection Set: 1.6ms
[2025-06-02T23:22:32.366+0530][182.947s] GC(166)   Other: 0.2ms
[2025-06-02T23:22:32.366+0530][182.947s] GC(166) Eden regions: 257->0(271)
[2025-06-02T23:22:32.366+0530][182.947s] GC(166) Survivor regions: 0->36(39)
[2025-06-02T23:22:32.366+0530][182.947s] GC(166) Old regions: 10->10
[2025-06-02T23:22:32.366+0530][182.947s] GC(166) Archive regions: 2->2
[2025-06-02T23:22:32.366+0530][182.947s] GC(166) Humongous regions: 0->0
[2025-06-02T23:22:32.366+0530][182.947s] GC(166) Metaspace: 37654K(131072K)->37654K(131072K) NonClass: 25751K(90688K)->25751K(90688K) Class: 11902K(40384K)->11902K(40384K)
[2025-06-02T23:22:32.366+0530][182.947s] GC(166) Pause Young (Concurrent Start) (Metadata GC Threshold) 263M->42M(512M) 45.591ms
[2025-06-02T23:22:32.367+0530][182.947s] GC(166) User=0.33s Sys=0.00s Real=0.04s
[2025-06-02T23:22:32.367+0530][182.947s] GC(167) Using 8 workers of 8 for full compaction
[2025-06-02T23:22:32.367+0530][182.947s] GC(168) Concurrent Mark Cycle
[2025-06-02T23:22:32.367+0530][182.947s] GC(167) Pause Full (Metadata GC Threshold)
[2025-06-02T23:22:32.367+0530][182.947s] GC(168) Concurrent Clear Claimed Marks
[2025-06-02T23:22:32.368+0530][182.949s] GC(168) Concurrent Clear Claimed Marks 1.833ms
[2025-06-02T23:22:32.368+0530][182.949s] GC(168) Concurrent Scan Root Regions
[2025-06-02T23:22:32.368+0530][182.949s] GC(168) Concurrent Scan Root Regions 0.046ms
[2025-06-02T23:22:32.369+0530][182.949s] GC(168) Concurrent Mark
[2025-06-02T23:22:32.369+0530][182.949s] GC(168) Concurrent Mark From Roots
[2025-06-02T23:22:32.369+0530][182.949s] GC(168) Using 2 workers of 2 for marking
[2025-06-02T23:22:32.369+0530][182.949s] GC(167) Phase 1: Mark live objects
[2025-06-02T23:22:32.375+0530][182.955s] GC(167) Skipped phase 1 of Reference Processing: no references
[2025-06-02T23:22:32.375+0530][182.955s] GC(167) ReferenceProcessor::execute queues: 2, RefProcThreadModel::Multi, marks_oops_alive: false
[2025-06-02T23:22:32.375+0530][182.955s] GC(167) Skipped phase 3 of Reference Processing: no references
[2025-06-02T23:22:32.375+0530][182.956s] GC(167) ReferenceProcessor::execute queues: 1, RefProcThreadModel::Single, marks_oops_alive: false
[2025-06-02T23:22:32.446+0530][183.026s] GC(167) Phase 1: Mark live objects 76.443ms
[2025-06-02T23:22:32.446+0530][183.026s] GC(167) Phase 2: Prepare for compaction
[2025-06-02T23:22:32.447+0530][183.027s] GC(167) Phase 2: Prepare for compaction 0.834ms
[2025-06-02T23:22:32.447+0530][183.027s] GC(167) Phase 3: Adjust pointers
[2025-06-02T23:22:32.450+0530][183.030s] GC(167) Phase 3: Adjust pointers 3.218ms
[2025-06-02T23:22:32.450+0530][183.030s] GC(167) Phase 4: Compact heap
[2025-06-02T23:22:32.450+0530][183.030s] GC(167) Phase 4: Compact heap 0.139ms
[2025-06-02T23:22:32.578+0530][183.158s] GC(167) Eden regions: 0->0(307)
[2025-06-02T23:22:32.578+0530][183.158s] GC(167) Survivor regions: 36->0(39)
[2025-06-02T23:22:32.578+0530][183.158s] GC(167) Old regions: 10->7
[2025-06-02T23:22:32.578+0530][183.158s] GC(167) Archive regions: 2->2
[2025-06-02T23:22:32.578+0530][183.158s] GC(167) Humongous regions: 0->0
[2025-06-02T23:22:32.578+0530][183.158s] GC(167) Metaspace: 37654K(131072K)->16176K(17664K) NonClass: 25751K(90688K)->14118K(15424K) Class: 11902K(40384K)->2058K(2240K)
[2025-06-02T23:22:32.578+0530][183.158s] GC(167) Pause Full (Metadata GC Threshold) 42M->6M(512M) 211.239ms
[2025-06-02T23:22:32.578+0530][183.158s] GC(167) User=0.23s Sys=0.03s Real=0.21s
[2025-06-02T23:22:32.578+0530][183.158s] GC(168) Concurrent Mark From Roots 209.599ms
[2025-06-02T23:22:32.578+0530][183.158s] GC(168) Concurrent Mark Abort
[2025-06-02T23:22:32.578+0530][183.158s] GC(168) Concurrent Mark Cycle 211.600ms
[2025-06-02T23:22:33.742+0530][184.322s] GC(169) Pause Young (Concurrent Start) (Metadata GC Threshold)
[2025-06-02T23:22:33.742+0530][184.322s] GC(169) Using 8 workers of 8 for evacuation
[2025-06-02T23:22:33.784+0530][184.364s] GC(169) Skipped phase 1 of Reference Processing: no references
[2025-06-02T23:22:33.784+0530][184.364s] GC(169) ReferenceProcessor::execute queues: 1, RefProcThreadModel::Single, marks_oops_alive: false
[2025-06-02T23:22:33.784+0530][184.364s] GC(169) Skipped phase 3 of Reference Processing: no references
[2025-06-02T23:22:33.784+0530][184.364s] GC(169) Skipped phase 4 of Reference Processing: no references
[2025-06-02T23:22:33.789+0530][184.369s] GC(169)   Pre Evacuate Collection Set: 1.7ms
[2025-06-02T23:22:33.789+0530][184.369s] GC(169)   Merge Heap Roots: 0.1ms
[2025-06-02T23:22:33.789+0530][184.369s] GC(169)   Evacuate Collection Set: 40.3ms
[2025-06-02T23:22:33.789+0530][184.369s] GC(169)   Post Evacuate Collection Set: 4.9ms
[2025-06-02T23:22:33.789+0530][184.369s] GC(169)   Other: 0.2ms
[2025-06-02T23:22:33.789+0530][184.369s] GC(169) Eden regions: 241->0(642)
[2025-06-02T23:22:33.789+0530][184.369s] GC(169) Survivor regions: 0->34(39)
[2025-06-02T23:22:33.789+0530][184.369s] GC(169) Old regions: 7->7
[2025-06-02T23:22:33.789+0530][184.369s] GC(169) Archive regions: 2->2
[2025-06-02T23:22:33.789+0530][184.369s] GC(169) Humongous regions: 0->0
[2025-06-02T23:22:33.789+0530][184.369s] GC(169) Metaspace: 36304K(123904K)->36304K(123904K) NonClass: 25020K(85888K)->25020K(85888K) Class: 11283K(38016K)->11283K(38016K)
[2025-06-02T23:22:33.789+0530][184.369s] GC(169) Pause Young (Concurrent Start) (Metadata GC Threshold) 247M->40M(1127M) 47.223ms
[2025-06-02T23:22:33.789+0530][184.369s] GC(169) User=0.30s Sys=0.01s Real=0.04s
[2025-06-02T23:22:33.789+0530][184.369s] GC(170) Concurrent Mark Cycle
[2025-06-02T23:22:33.789+0530][184.369s] GC(170) Concurrent Clear Claimed Marks
[2025-06-02T23:22:33.791+0530][184.371s] GC(170) Concurrent Clear Claimed Marks 1.750ms
[2025-06-02T23:22:33.791+0530][184.371s] GC(170) Concurrent Scan Root Regions
[2025-06-02T23:22:33.804+0530][184.384s] GC(170) Concurrent Scan Root Regions 12.822ms
[2025-06-02T23:22:33.804+0530][184.384s] GC(170) Concurrent Mark
[2025-06-02T23:22:33.804+0530][184.384s] GC(170) Concurrent Mark From Roots
[2025-06-02T23:22:33.804+0530][184.384s] GC(170) Using 2 workers of 2 for marking
[2025-06-02T23:22:33.810+0530][184.391s] GC(170) Concurrent Mark From Roots 6.764ms
[2025-06-02T23:22:33.810+0530][184.391s] GC(170) Concurrent Preclean
[2025-06-02T23:22:33.810+0530][184.391s] GC(170) Preclean SoftReferences 0.006ms
[2025-06-02T23:22:33.810+0530][184.391s] GC(170) Preclean WeakReferences 0.011ms
[2025-06-02T23:22:33.810+0530][184.391s] GC(170) Preclean FinalReferences 0.004ms
[2025-06-02T23:22:33.811+0530][184.391s] GC(170) Preclean PhantomReferences 0.119ms
[2025-06-02T23:22:33.811+0530][184.391s] GC(170) Concurrent Preclean 0.221ms
[2025-06-02T23:22:33.811+0530][184.391s] GC(170) Pause Remark
[2025-06-02T23:22:33.811+0530][184.391s] GC(170) Skipped phase 1 of Reference Processing: no references
[2025-06-02T23:22:33.811+0530][184.391s] GC(170) Skipped phase 2 of Reference Processing: no references
[2025-06-02T23:22:33.811+0530][184.391s] GC(170) Skipped phase 3 of Reference Processing: no references
[2025-06-02T23:22:33.811+0530][184.391s] GC(170) Skipped phase 4 of Reference Processing: no references
[2025-06-02T23:22:33.815+0530][184.395s] GC(170) Pause Remark 44M->44M(512M) 4.076ms
[2025-06-02T23:22:33.815+0530][184.395s] GC(170) User=0.01s Sys=0.00s Real=0.00s
[2025-06-02T23:22:33.815+0530][184.395s] GC(170) Concurrent Mark 11.458ms
[2025-06-02T23:22:33.815+0530][184.395s] GC(170) Concurrent Rebuild Remembered Sets
[2025-06-02T23:22:33.818+0530][184.398s] GC(170) Concurrent Rebuild Remembered Sets 3.034ms
[2025-06-02T23:22:33.818+0530][184.398s] GC(170) Pause Cleanup
[2025-06-02T23:22:33.818+0530][184.399s] GC(170) Pause Cleanup 44M->44M(512M) 0.131ms
[2025-06-02T23:22:33.818+0530][184.399s] GC(170) User=0.00s Sys=0.00s Real=0.00s
[2025-06-02T23:22:33.818+0530][184.399s] GC(170) Concurrent Cleanup for Next Mark
[2025-06-02T23:22:33.819+0530][184.399s] GC(170) Concurrent Cleanup for Next Mark 0.590ms
[2025-06-02T23:22:33.819+0530][184.399s] GC(170) Concurrent Mark Cycle 30.212ms
[2025-06-02T23:22:33.879+0530][184.460s] GC(171) Pause Young (Concurrent Start) (Metadata GC Threshold)
[2025-06-02T23:22:33.879+0530][184.460s] GC(171) Using 8 workers of 8 for evacuation
[2025-06-02T23:22:33.922+0530][184.502s] GC(171) Skipped phase 1 of Reference Processing: no references
[2025-06-02T23:22:33.922+0530][184.502s] GC(171) ReferenceProcessor::execute queues: 1, RefProcThreadModel::Single, marks_oops_alive: false
[2025-06-02T23:22:33.922+0530][184.502s] GC(171) Skipped phase 3 of Reference Processing: no references
[2025-06-02T23:22:33.922+0530][184.502s] GC(171) Skipped phase 4 of Reference Processing: no references
[2025-06-02T23:22:33.923+0530][184.503s] GC(171)   Pre Evacuate Collection Set: 1.8ms
[2025-06-02T23:22:33.923+0530][184.503s] GC(171)   Merge Heap Roots: 0.1ms
[2025-06-02T23:22:33.923+0530][184.504s] GC(171)   Evacuate Collection Set: 40.8ms
[2025-06-02T23:22:33.923+0530][184.504s] GC(171)   Post Evacuate Collection Set: 1.1ms
[2025-06-02T23:22:33.923+0530][184.504s] GC(171)   Other: 0.2ms
[2025-06-02T23:22:33.923+0530][184.504s] GC(171) Eden regions: 17->0(270)
[2025-06-02T23:22:33.923+0530][184.504s] GC(171) Survivor regions: 34->37(85)
[2025-06-02T23:22:33.923+0530][184.504s] GC(171) Old regions: 7->7
[2025-06-02T23:22:33.923+0530][184.504s] GC(171) Archive regions: 2->2
[2025-06-02T23:22:33.923+0530][184.504s] GC(171) Humongous regions: 0->0
[2025-06-02T23:22:33.923+0530][184.504s] GC(171) Metaspace: 37654K(131072K)->37654K(131072K) NonClass: 25751K(90688K)->25751K(90688K) Class: 11902K(40384K)->11902K(40384K)
[2025-06-02T23:22:33.923+0530][184.504s] GC(171) Pause Young (Concurrent Start) (Metadata GC Threshold) 56M->42M(512M) 44.067ms
[2025-06-02T23:22:33.923+0530][184.504s] GC(171) User=0.32s Sys=0.01s Real=0.05s
[2025-06-02T23:22:33.923+0530][184.504s] GC(172) Using 8 workers of 8 for full compaction
[2025-06-02T23:22:33.923+0530][184.504s] GC(173) Concurrent Mark Cycle
[2025-06-02T23:22:33.924+0530][184.504s] GC(172) Pause Full (Metadata GC Threshold)
[2025-06-02T23:22:33.924+0530][184.504s] GC(173) Concurrent Clear Claimed Marks
[2025-06-02T23:22:33.925+0530][184.505s] GC(173) Concurrent Clear Claimed Marks 1.540ms
[2025-06-02T23:22:33.925+0530][184.505s] GC(173) Concurrent Scan Root Regions
[2025-06-02T23:22:33.925+0530][184.505s] GC(173) Concurrent Scan Root Regions 0.076ms
[2025-06-02T23:22:33.925+0530][184.505s] GC(173) Concurrent Mark
[2025-06-02T23:22:33.925+0530][184.505s] GC(173) Concurrent Mark From Roots
[2025-06-02T23:22:33.925+0530][184.505s] GC(173) Using 2 workers of 2 for marking
[2025-06-02T23:22:33.926+0530][184.506s] GC(172) Phase 1: Mark live objects
[2025-06-02T23:22:33.932+0530][184.512s] GC(172) Skipped phase 1 of Reference Processing: no references
[2025-06-02T23:22:33.932+0530][184.512s] GC(172) ReferenceProcessor::execute queues: 2, RefProcThreadModel::Multi, marks_oops_alive: false
[2025-06-02T23:22:33.932+0530][184.512s] GC(172) Skipped phase 3 of Reference Processing: no references
[2025-06-02T23:22:33.932+0530][184.512s] GC(172) ReferenceProcessor::execute queues: 1, RefProcThreadModel::Single, marks_oops_alive: false
[2025-06-02T23:22:34.003+0530][184.583s] GC(172) Phase 1: Mark live objects 77.187ms
[2025-06-02T23:22:34.003+0530][184.583s] GC(172) Phase 2: Prepare for compaction
[2025-06-02T23:22:34.004+0530][184.584s] GC(172) Phase 2: Prepare for compaction 0.983ms
[2025-06-02T23:22:34.004+0530][184.584s] GC(172) Phase 3: Adjust pointers
[2025-06-02T23:22:34.007+0530][184.588s] GC(172) Phase 3: Adjust pointers 3.448ms
[2025-06-02T23:22:34.008+0530][184.588s] GC(172) Phase 4: Compact heap
[2025-06-02T23:22:34.008+0530][184.588s] GC(172) Phase 4: Compact heap 0.110ms
[2025-06-02T23:22:34.130+0530][184.710s] GC(172) Eden regions: 0->0(307)
[2025-06-02T23:22:34.130+0530][184.710s] GC(172) Survivor regions: 37->0(85)
[2025-06-02T23:22:34.130+0530][184.710s] GC(172) Old regions: 7->8
[2025-06-02T23:22:34.130+0530][184.710s] GC(172) Archive regions: 2->2
[2025-06-02T23:22:34.130+0530][184.710s] GC(172) Humongous regions: 0->0
[2025-06-02T23:22:34.130+0530][184.710s] GC(172) Metaspace: 37654K(131072K)->16176K(17664K) NonClass: 25751K(90688K)->14118K(15424K) Class: 11902K(40384K)->2058K(2240K)
[2025-06-02T23:22:34.130+0530][184.710s] GC(172) Pause Full (Metadata GC Threshold) 42M->6M(512M) 206.488ms
[2025-06-02T23:22:34.130+0530][184.710s] GC(172) User=0.23s Sys=0.02s Real=0.21s
[2025-06-02T23:22:34.130+0530][184.710s] GC(173) Concurrent Mark From Roots 205.058ms
[2025-06-02T23:22:34.130+0530][184.711s] GC(173) Concurrent Mark Abort
[2025-06-02T23:22:34.130+0530][184.711s] GC(173) Concurrent Mark Cycle 206.913ms
[2025-06-02T23:22:35.420+0530][186.000s] GC(174) Pause Young (Concurrent Start) (Metadata GC Threshold)
[2025-06-02T23:22:35.420+0530][186.000s] GC(174) Using 8 workers of 8 for evacuation
[2025-06-02T23:22:35.465+0530][186.045s] GC(174) Skipped phase 1 of Reference Processing: no references
[2025-06-02T23:22:35.478+0530][186.058s] GC(174) ReferenceProcessor::execute queues: 1, RefProcThreadModel::Single, marks_oops_alive: false
[2025-06-02T23:22:35.478+0530][186.058s] GC(174) Skipped phase 3 of Reference Processing: no references
[2025-06-02T23:22:35.478+0530][186.058s] GC(174) Skipped phase 4 of Reference Processing: no references
[2025-06-02T23:22:35.480+0530][186.061s] GC(174)   Pre Evacuate Collection Set: 1.8ms
[2025-06-02T23:22:35.480+0530][186.061s] GC(174)   Merge Heap Roots: 0.1ms
[2025-06-02T23:22:35.480+0530][186.061s] GC(174)   Evacuate Collection Set: 42.7ms
[2025-06-02T23:22:35.480+0530][186.061s] GC(174)   Post Evacuate Collection Set: 15.8ms
[2025-06-02T23:22:35.480+0530][186.061s] GC(174)   Other: 0.3ms
[2025-06-02T23:22:35.480+0530][186.061s] GC(174) Eden regions: 257->0(270)
[2025-06-02T23:22:35.480+0530][186.061s] GC(174) Survivor regions: 0->37(39)
[2025-06-02T23:22:35.480+0530][186.061s] GC(174) Old regions: 8->8
[2025-06-02T23:22:35.481+0530][186.061s] GC(174) Archive regions: 2->2
[2025-06-02T23:22:35.481+0530][186.061s] GC(174) Humongous regions: 0->0
[2025-06-02T23:22:35.481+0530][186.061s] GC(174) Metaspace: 37654K(131072K)->37654K(131072K) NonClass: 25751K(90688K)->25751K(90688K) Class: 11902K(40384K)->11902K(40384K)
[2025-06-02T23:22:35.481+0530][186.061s] GC(174) Pause Young (Concurrent Start) (Metadata GC Threshold) 263M->42M(512M) 60.776ms
[2025-06-02T23:22:35.481+0530][186.061s] GC(174) User=0.31s Sys=0.00s Real=0.06s
[2025-06-02T23:22:35.481+0530][186.061s] GC(175) Using 8 workers of 8 for full compaction
[2025-06-02T23:22:35.481+0530][186.061s] GC(176) Concurrent Mark Cycle
[2025-06-02T23:22:35.481+0530][186.061s] GC(176) Concurrent Clear Claimed Marks
[2025-06-02T23:22:35.481+0530][186.061s] GC(175) Pause Full (Metadata GC Threshold)
[2025-06-02T23:22:35.482+0530][186.063s] GC(176) Concurrent Clear Claimed Marks 1.818ms
[2025-06-02T23:22:35.482+0530][186.063s] GC(176) Concurrent Scan Root Regions
[2025-06-02T23:22:35.483+0530][186.063s] GC(176) Concurrent Scan Root Regions 0.064ms
[2025-06-02T23:22:35.483+0530][186.063s] GC(176) Concurrent Mark
[2025-06-02T23:22:35.483+0530][186.063s] GC(176) Concurrent Mark From Roots
[2025-06-02T23:22:35.483+0530][186.063s] GC(176) Using 2 workers of 2 for marking
[2025-06-02T23:22:35.484+0530][186.064s] GC(175) Phase 1: Mark live objects
[2025-06-02T23:22:35.490+0530][186.070s] GC(175) Skipped phase 1 of Reference Processing: no references
[2025-06-02T23:22:35.490+0530][186.070s] GC(175) ReferenceProcessor::execute queues: 2, RefProcThreadModel::Multi, marks_oops_alive: false
[2025-06-02T23:22:35.490+0530][186.070s] GC(175) Skipped phase 3 of Reference Processing: no references
[2025-06-02T23:22:35.490+0530][186.070s] GC(175) ReferenceProcessor::execute queues: 1, RefProcThreadModel::Single, marks_oops_alive: false
[2025-06-02T23:22:35.566+0530][186.146s] GC(175) Phase 1: Mark live objects 82.621ms
[2025-06-02T23:22:35.566+0530][186.147s] GC(175) Phase 2: Prepare for compaction
[2025-06-02T23:22:35.567+0530][186.148s] GC(175) Phase 2: Prepare for compaction 1.089ms
[2025-06-02T23:22:35.567+0530][186.148s] GC(175) Phase 3: Adjust pointers
[2025-06-02T23:22:35.571+0530][186.151s] GC(175) Phase 3: Adjust pointers 3.699ms
[2025-06-02T23:22:35.571+0530][186.151s] GC(175) Phase 4: Compact heap
[2025-06-02T23:22:35.571+0530][186.151s] GC(175) Phase 4: Compact heap 0.101ms
[2025-06-02T23:22:35.696+0530][186.276s] GC(175) Eden regions: 0->0(307)
[2025-06-02T23:22:35.696+0530][186.276s] GC(175) Survivor regions: 37->0(39)
[2025-06-02T23:22:35.696+0530][186.276s] GC(175) Old regions: 8->8
[2025-06-02T23:22:35.696+0530][186.276s] GC(175) Archive regions: 2->2
[2025-06-02T23:22:35.696+0530][186.276s] GC(175) Humongous regions: 0->0
[2025-06-02T23:22:35.696+0530][186.276s] GC(175) Metaspace: 37654K(131072K)->16176K(17664K) NonClass: 25751K(90688K)->14118K(15424K) Class: 11902K(40384K)->2058K(2240K)
[2025-06-02T23:22:35.696+0530][186.276s] GC(175) Pause Full (Metadata GC Threshold) 42M->6M(512M) 215.562ms
[2025-06-02T23:22:35.696+0530][186.277s] GC(175) User=0.24s Sys=0.03s Real=0.21s
[2025-06-02T23:22:35.696+0530][186.277s] GC(176) Concurrent Mark From Roots 213.763ms
[2025-06-02T23:22:35.697+0530][186.277s] GC(176) Concurrent Mark Abort
[2025-06-02T23:22:35.697+0530][186.277s] GC(176) Concurrent Mark Cycle 215.935ms
[2025-06-02T23:22:37.026+0530][187.606s] GC(177) Pause Young (Concurrent Start) (Metadata GC Threshold)
[2025-06-02T23:22:37.026+0530][187.606s] GC(177) Using 8 workers of 8 for evacuation
[2025-06-02T23:22:37.068+0530][187.649s] GC(177) Skipped phase 1 of Reference Processing: no references
[2025-06-02T23:22:37.068+0530][187.649s] GC(177) ReferenceProcessor::execute queues: 1, RefProcThreadModel::Single, marks_oops_alive: false
[2025-06-02T23:22:37.068+0530][187.649s] GC(177) Skipped phase 3 of Reference Processing: no references
[2025-06-02T23:22:37.068+0530][187.649s] GC(177) Skipped phase 4 of Reference Processing: no references
[2025-06-02T23:22:37.070+0530][187.650s] GC(177)   Pre Evacuate Collection Set: 1.9ms
[2025-06-02T23:22:37.070+0530][187.650s] GC(177)   Merge Heap Roots: 0.1ms
[2025-06-02T23:22:37.070+0530][187.650s] GC(177)   Evacuate Collection Set: 40.4ms
[2025-06-02T23:22:37.070+0530][187.650s] GC(177)   Post Evacuate Collection Set: 1.5ms
[2025-06-02T23:22:37.070+0530][187.650s] GC(177)   Other: 0.2ms
[2025-06-02T23:22:37.070+0530][187.650s] GC(177) Eden regions: 241->0(273)
[2025-06-02T23:22:37.070+0530][187.650s] GC(177) Survivor regions: 0->34(39)
[2025-06-02T23:22:37.070+0530][187.650s] GC(177) Old regions: 8->8
[2025-06-02T23:22:37.070+0530][187.650s] GC(177) Archive regions: 2->2
[2025-06-02T23:22:37.070+0530][187.650s] GC(177) Humongous regions: 0->0
[2025-06-02T23:22:37.070+0530][187.650s] GC(177) Metaspace: 36304K(123904K)->36304K(123904K) NonClass: 25020K(85888K)->25020K(85888K) Class: 11283K(38016K)->11283K(38016K)
[2025-06-02T23:22:37.070+0530][187.650s] GC(177) Pause Young (Concurrent Start) (Metadata GC Threshold) 247M->40M(512M) 44.251ms
[2025-06-02T23:22:37.070+0530][187.650s] GC(177) User=0.31s Sys=0.01s Real=0.05s
[2025-06-02T23:22:37.070+0530][187.650s] GC(178) Concurrent Mark Cycle
[2025-06-02T23:22:37.070+0530][187.650s] GC(178) Concurrent Clear Claimed Marks
[2025-06-02T23:22:37.072+0530][187.652s] GC(178) Concurrent Clear Claimed Marks 2.014ms
[2025-06-02T23:22:37.072+0530][187.652s] GC(178) Concurrent Scan Root Regions
[2025-06-02T23:22:37.086+0530][187.666s] GC(178) Concurrent Scan Root Regions 14.011ms
[2025-06-02T23:22:37.086+0530][187.666s] GC(178) Concurrent Mark
[2025-06-02T23:22:37.086+0530][187.667s] GC(178) Concurrent Mark From Roots
[2025-06-02T23:22:37.086+0530][187.667s] GC(178) Using 2 workers of 2 for marking
[2025-06-02T23:22:37.093+0530][187.674s] GC(178) Concurrent Mark From Roots 7.017ms
[2025-06-02T23:22:37.093+0530][187.674s] GC(178) Concurrent Preclean
[2025-06-02T23:22:37.093+0530][187.674s] GC(178) Preclean SoftReferences 0.006ms
[2025-06-02T23:22:37.093+0530][187.674s] GC(178) Preclean WeakReferences 0.013ms
[2025-06-02T23:22:37.093+0530][187.674s] GC(178) Preclean FinalReferences 0.004ms
[2025-06-02T23:22:37.093+0530][187.674s] GC(178) Preclean PhantomReferences 0.011ms
[2025-06-02T23:22:37.093+0530][187.674s] GC(178) Concurrent Preclean 0.087ms
[2025-06-02T23:22:37.093+0530][187.674s] GC(178) Pause Remark
[2025-06-02T23:22:37.094+0530][187.674s] GC(178) Skipped phase 1 of Reference Processing: no references
[2025-06-02T23:22:37.094+0530][187.674s] GC(178) Skipped phase 2 of Reference Processing: no references
[2025-06-02T23:22:37.094+0530][187.674s] GC(178) Skipped phase 3 of Reference Processing: no references
[2025-06-02T23:22:37.094+0530][187.674s] GC(178) Skipped phase 4 of Reference Processing: no references
[2025-06-02T23:22:37.098+0530][187.678s] GC(178) Pause Remark 44M->44M(512M) 4.094ms
[2025-06-02T23:22:37.098+0530][187.678s] GC(178) User=0.02s Sys=0.00s Real=0.00s
[2025-06-02T23:22:37.098+0530][187.678s] GC(178) Concurrent Mark 11.498ms
[2025-06-02T23:22:37.098+0530][187.678s] GC(178) Concurrent Rebuild Remembered Sets
[2025-06-02T23:22:37.101+0530][187.681s] GC(178) Concurrent Rebuild Remembered Sets 2.997ms
[2025-06-02T23:22:37.101+0530][187.681s] GC(178) Pause Cleanup
[2025-06-02T23:22:37.101+0530][187.681s] GC(178) Pause Cleanup 44M->44M(512M) 0.141ms
[2025-06-02T23:22:37.101+0530][187.681s] GC(178) User=0.00s Sys=0.00s Real=0.00s
[2025-06-02T23:22:37.101+0530][187.681s] GC(178) Concurrent Cleanup for Next Mark
[2025-06-02T23:22:37.102+0530][187.682s] GC(178) Concurrent Cleanup for Next Mark 0.514ms
[2025-06-02T23:22:37.102+0530][187.682s] GC(178) Concurrent Mark Cycle 31.662ms
[2025-06-02T23:22:37.161+0530][187.741s] GC(179) Pause Young (Concurrent Start) (Metadata GC Threshold)
[2025-06-02T23:22:37.161+0530][187.741s] GC(179) Using 8 workers of 8 for evacuation
[2025-06-02T23:22:37.206+0530][187.787s] GC(179) Skipped phase 1 of Reference Processing: no references
[2025-06-02T23:22:37.206+0530][187.787s] GC(179) ReferenceProcessor::execute queues: 1, RefProcThreadModel::Single, marks_oops_alive: false
[2025-06-02T23:22:37.206+0530][187.787s] GC(179) Skipped phase 3 of Reference Processing: no references
[2025-06-02T23:22:37.206+0530][187.787s] GC(179) Skipped phase 4 of Reference Processing: no references
[2025-06-02T23:22:37.208+0530][187.788s] GC(179)   Pre Evacuate Collection Set: 1.8ms
[2025-06-02T23:22:37.208+0530][187.788s] GC(179)   Merge Heap Roots: 0.1ms
[2025-06-02T23:22:37.208+0530][187.788s] GC(179)   Evacuate Collection Set: 43.0ms
[2025-06-02T23:22:37.208+0530][187.788s] GC(179)   Post Evacuate Collection Set: 1.7ms
[2025-06-02T23:22:37.208+0530][187.788s] GC(179)   Other: 0.2ms
[2025-06-02T23:22:37.208+0530][187.788s] GC(179) Eden regions: 17->0(303)
[2025-06-02T23:22:37.208+0530][187.788s] GC(179) Survivor regions: 34->4(39)
[2025-06-02T23:22:37.208+0530][187.788s] GC(179) Old regions: 8->42
[2025-06-02T23:22:37.208+0530][187.788s] GC(179) Archive regions: 2->2
[2025-06-02T23:22:37.208+0530][187.788s] GC(179) Humongous regions: 0->0
[2025-06-02T23:22:37.208+0530][187.788s] GC(179) Metaspace: 37654K(131072K)->37654K(131072K) NonClass: 25751K(90688K)->25751K(90688K) Class: 11902K(40384K)->11902K(40384K)
[2025-06-02T23:22:37.208+0530][187.788s] GC(179) Pause Young (Concurrent Start) (Metadata GC Threshold) 56M->43M(512M) 46.981ms
[2025-06-02T23:22:37.208+0530][187.788s] GC(179) User=0.31s Sys=0.00s Real=0.04s
[2025-06-02T23:22:37.208+0530][187.788s] GC(180) Using 8 workers of 8 for full compaction
[2025-06-02T23:22:37.208+0530][187.789s] GC(181) Concurrent Mark Cycle
[2025-06-02T23:22:37.208+0530][187.789s] GC(181) Concurrent Clear Claimed Marks
[2025-06-02T23:22:37.208+0530][187.789s] GC(180) Pause Full (Metadata GC Threshold)
[2025-06-02T23:22:37.210+0530][187.791s] GC(181) Concurrent Clear Claimed Marks 1.991ms
[2025-06-02T23:22:37.210+0530][187.791s] GC(181) Concurrent Scan Root Regions
[2025-06-02T23:22:37.210+0530][187.791s] GC(181) Concurrent Scan Root Regions 0.028ms
[2025-06-02T23:22:37.210+0530][187.791s] GC(181) Concurrent Mark
[2025-06-02T23:22:37.210+0530][187.791s] GC(181) Concurrent Mark From Roots
[2025-06-02T23:22:37.210+0530][187.791s] GC(181) Using 2 workers of 2 for marking
[2025-06-02T23:22:37.211+0530][187.791s] GC(180) Phase 1: Mark live objects
[2025-06-02T23:22:37.217+0530][187.797s] GC(180) Skipped phase 1 of Reference Processing: no references
[2025-06-02T23:22:37.217+0530][187.798s] GC(180) ReferenceProcessor::execute queues: 2, RefProcThreadModel::Multi, marks_oops_alive: false
[2025-06-02T23:22:37.217+0530][187.798s] GC(180) Skipped phase 3 of Reference Processing: no references
[2025-06-02T23:22:37.217+0530][187.798s] GC(180) ReferenceProcessor::execute queues: 1, RefProcThreadModel::Single, marks_oops_alive: false
[2025-06-02T23:22:37.290+0530][187.870s] GC(180) Phase 1: Mark live objects 78.504ms
[2025-06-02T23:22:37.290+0530][187.870s] GC(180) Phase 2: Prepare for compaction
[2025-06-02T23:22:37.291+0530][187.871s] GC(180) Phase 2: Prepare for compaction 1.042ms
[2025-06-02T23:22:37.291+0530][187.871s] GC(180) Phase 3: Adjust pointers
[2025-06-02T23:22:37.294+0530][187.875s] GC(180) Phase 3: Adjust pointers 3.548ms
[2025-06-02T23:22:37.294+0530][187.875s] GC(180) Phase 4: Compact heap
[2025-06-02T23:22:37.294+0530][187.875s] GC(180) Phase 4: Compact heap 0.138ms
[2025-06-02T23:22:37.426+0530][188.006s] GC(180) Eden regions: 0->0(307)
[2025-06-02T23:22:37.426+0530][188.006s] GC(180) Survivor regions: 4->0(39)
[2025-06-02T23:22:37.426+0530][188.006s] GC(180) Old regions: 42->8
[2025-06-02T23:22:37.426+0530][188.006s] GC(180) Archive regions: 2->2
[2025-06-02T23:22:37.426+0530][188.006s] GC(180) Humongous regions: 0->0
[2025-06-02T23:22:37.426+0530][188.006s] GC(180) Metaspace: 37654K(131072K)->16176K(17664K) NonClass: 25751K(90688K)->14118K(15424K) Class: 11902K(40384K)->2058K(2240K)
[2025-06-02T23:22:37.426+0530][188.006s] GC(180) Pause Full (Metadata GC Threshold) 43M->6M(512M) 217.442ms
[2025-06-02T23:22:37.426+0530][188.006s] GC(180) User=0.24s Sys=0.03s Real=0.22s
[2025-06-02T23:22:37.426+0530][188.006s] GC(181) Concurrent Mark From Roots 215.660ms
[2025-06-02T23:22:37.426+0530][188.006s] GC(181) Concurrent Mark Abort
[2025-06-02T23:22:37.426+0530][188.006s] GC(181) Concurrent Mark Cycle 217.832ms
[2025-06-02T23:22:39.024+0530][189.604s] GC(182) Pause Young (Concurrent Start) (Metadata GC Threshold)
[2025-06-02T23:22:39.024+0530][189.604s] GC(182) Using 8 workers of 8 for evacuation
[2025-06-02T23:22:39.072+0530][189.652s] GC(182) Skipped phase 1 of Reference Processing: no references
[2025-06-02T23:22:39.072+0530][189.652s] GC(182) ReferenceProcessor::execute queues: 1, RefProcThreadModel::Single, marks_oops_alive: false
[2025-06-02T23:22:39.072+0530][189.652s] GC(182) Skipped phase 3 of Reference Processing: no references
[2025-06-02T23:22:39.072+0530][189.652s] GC(182) Skipped phase 4 of Reference Processing: no references
[2025-06-02T23:22:39.074+0530][189.654s] GC(182)   Pre Evacuate Collection Set: 1.9ms
[2025-06-02T23:22:39.074+0530][189.654s] GC(182)   Merge Heap Roots: 0.1ms
[2025-06-02T23:22:39.074+0530][189.654s] GC(182)   Evacuate Collection Set: 46.1ms
[2025-06-02T23:22:39.074+0530][189.654s] GC(182)   Post Evacuate Collection Set: 1.9ms
[2025-06-02T23:22:39.074+0530][189.654s] GC(182)   Other: 0.2ms
[2025-06-02T23:22:39.074+0530][189.654s] GC(182) Eden regions: 257->0(271)
[2025-06-02T23:22:39.074+0530][189.654s] GC(182) Survivor regions: 0->36(39)
[2025-06-02T23:22:39.074+0530][189.654s] GC(182) Old regions: 8->8
[2025-06-02T23:22:39.074+0530][189.654s] GC(182) Archive regions: 2->2
[2025-06-02T23:22:39.074+0530][189.654s] GC(182) Humongous regions: 0->0
[2025-06-02T23:22:39.074+0530][189.654s] GC(182) Metaspace: 37654K(131072K)->37654K(131072K) NonClass: 25751K(90688K)->25751K(90688K) Class: 11902K(40384K)->11902K(40384K)
[2025-06-02T23:22:39.074+0530][189.654s] GC(182) Pause Young (Concurrent Start) (Metadata GC Threshold) 263M->41M(512M) 50.273ms
[2025-06-02T23:22:39.074+0530][189.654s] GC(182) User=0.29s Sys=0.01s Real=0.05s
[2025-06-02T23:22:39.074+0530][189.654s] GC(183) Using 8 workers of 8 for full compaction
[2025-06-02T23:22:39.074+0530][189.654s] GC(184) Concurrent Mark Cycle
[2025-06-02T23:22:39.074+0530][189.654s] GC(184) Concurrent Clear Claimed Marks
[2025-06-02T23:22:39.074+0530][189.654s] GC(183) Pause Full (Metadata GC Threshold)
[2025-06-02T23:22:39.076+0530][189.656s] GC(184) Concurrent Clear Claimed Marks 1.747ms
[2025-06-02T23:22:39.076+0530][189.656s] GC(184) Concurrent Scan Root Regions
[2025-06-02T23:22:39.076+0530][189.656s] GC(184) Concurrent Scan Root Regions 0.027ms
[2025-06-02T23:22:39.076+0530][189.656s] GC(184) Concurrent Mark
[2025-06-02T23:22:39.076+0530][189.656s] GC(184) Concurrent Mark From Roots
[2025-06-02T23:22:39.076+0530][189.656s] GC(184) Using 2 workers of 2 for marking
[2025-06-02T23:22:39.076+0530][189.657s] GC(183) Phase 1: Mark live objects
[2025-06-02T23:22:39.084+0530][189.664s] GC(183) Skipped phase 1 of Reference Processing: no references
[2025-06-02T23:22:39.084+0530][189.664s] GC(183) ReferenceProcessor::execute queues: 2, RefProcThreadModel::Multi, marks_oops_alive: false
[2025-06-02T23:22:39.084+0530][189.665s] GC(183) Skipped phase 3 of Reference Processing: no references
[2025-06-02T23:22:39.084+0530][189.665s] GC(183) ReferenceProcessor::execute queues: 1, RefProcThreadModel::Single, marks_oops_alive: false
[2025-06-02T23:22:39.204+0530][189.784s] GC(183) Phase 1: Mark live objects 127.157ms
[2025-06-02T23:22:39.204+0530][189.784s] GC(183) Phase 2: Prepare for compaction
[2025-06-02T23:22:39.206+0530][189.786s] GC(183) Phase 2: Prepare for compaction 1.870ms
[2025-06-02T23:22:39.206+0530][189.786s] GC(183) Phase 3: Adjust pointers
[2025-06-02T23:22:39.210+0530][189.791s] GC(183) Phase 3: Adjust pointers 4.886ms
[2025-06-02T23:22:39.211+0530][189.791s] GC(183) Phase 4: Compact heap
[2025-06-02T23:22:39.211+0530][189.791s] GC(183) Phase 4: Compact heap 0.143ms
[2025-06-02T23:22:39.362+0530][189.943s] GC(183) Eden regions: 0->0(307)
[2025-06-02T23:22:39.362+0530][189.943s] GC(183) Survivor regions: 36->0(39)
[2025-06-02T23:22:39.362+0530][189.943s] GC(183) Old regions: 8->7
[2025-06-02T23:22:39.362+0530][189.943s] GC(183) Archive regions: 2->2
[2025-06-02T23:22:39.362+0530][189.943s] GC(183) Humongous regions: 0->0
[2025-06-02T23:22:39.362+0530][189.943s] GC(183) Metaspace: 37654K(131072K)->16176K(17664K) NonClass: 25751K(90688K)->14118K(15424K) Class: 11902K(40384K)->2058K(2240K)
[2025-06-02T23:22:39.362+0530][189.943s] GC(183) Pause Full (Metadata GC Threshold) 41M->6M(512M) 288.455ms
[2025-06-02T23:22:39.363+0530][189.943s] GC(183) User=0.29s Sys=0.04s Real=0.29s
[2025-06-02T23:22:39.363+0530][189.943s] GC(184) Concurrent Mark From Roots 286.919ms
[2025-06-02T23:22:39.363+0530][189.943s] GC(184) Concurrent Mark Abort
[2025-06-02T23:22:39.363+0530][189.943s] GC(184) Concurrent Mark Cycle 288.839ms
[2025-06-02T23:22:41.011+0530][191.591s] GC(185) Pause Young (Concurrent Start) (Metadata GC Threshold)
[2025-06-02T23:22:41.011+0530][191.591s] GC(185) Using 8 workers of 8 for evacuation
[2025-06-02T23:22:41.056+0530][191.636s] GC(185) Skipped phase 1 of Reference Processing: no references
[2025-06-02T23:22:41.056+0530][191.636s] GC(185) ReferenceProcessor::execute queues: 1, RefProcThreadModel::Single, marks_oops_alive: false
[2025-06-02T23:22:41.056+0530][191.636s] GC(185) Skipped phase 3 of Reference Processing: no references
[2025-06-02T23:22:41.056+0530][191.636s] GC(185) Skipped phase 4 of Reference Processing: no references
[2025-06-02T23:22:41.061+0530][191.642s] GC(185)   Pre Evacuate Collection Set: 1.9ms
[2025-06-02T23:22:41.061+0530][191.642s] GC(185)   Merge Heap Roots: 0.1ms
[2025-06-02T23:22:41.061+0530][191.642s] GC(185)   Evacuate Collection Set: 42.8ms
[2025-06-02T23:22:41.061+0530][191.642s] GC(185)   Post Evacuate Collection Set: 5.8ms
[2025-06-02T23:22:41.061+0530][191.642s] GC(185)   Other: 0.2ms
[2025-06-02T23:22:41.062+0530][191.642s] GC(185) Eden regions: 241->0(641)
[2025-06-02T23:22:41.062+0530][191.642s] GC(185) Survivor regions: 0->35(39)
[2025-06-02T23:22:41.062+0530][191.642s] GC(185) Old regions: 7->7
[2025-06-02T23:22:41.062+0530][191.642s] GC(185) Archive regions: 2->2
[2025-06-02T23:22:41.062+0530][191.642s] GC(185) Humongous regions: 0->0
[2025-06-02T23:22:41.062+0530][191.642s] GC(185) Metaspace: 36304K(123904K)->36304K(123904K) NonClass: 25020K(85888K)->25020K(85888K) Class: 11283K(38016K)->11283K(38016K)
[2025-06-02T23:22:41.062+0530][191.642s] GC(185) Pause Young (Concurrent Start) (Metadata GC Threshold) 247M->41M(1127M) 50.893ms
[2025-06-02T23:22:41.062+0530][191.642s] GC(185) User=0.28s Sys=0.02s Real=0.05s
[2025-06-02T23:22:41.062+0530][191.642s] GC(186) Concurrent Mark Cycle
[2025-06-02T23:22:41.062+0530][191.642s] GC(186) Concurrent Clear Claimed Marks
[2025-06-02T23:22:41.064+0530][191.644s] GC(186) Concurrent Clear Claimed Marks 1.895ms
[2025-06-02T23:22:41.064+0530][191.644s] GC(186) Concurrent Scan Root Regions
[2025-06-02T23:22:41.082+0530][191.662s] GC(186) Concurrent Scan Root Regions 17.976ms
[2025-06-02T23:22:41.082+0530][191.662s] GC(186) Concurrent Mark
[2025-06-02T23:22:41.082+0530][191.662s] GC(186) Concurrent Mark From Roots
[2025-06-02T23:22:41.082+0530][191.662s] GC(186) Using 2 workers of 2 for marking
[2025-06-02T23:22:41.093+0530][191.673s] GC(186) Concurrent Mark From Roots 11.075ms
[2025-06-02T23:22:41.093+0530][191.673s] GC(186) Concurrent Preclean
[2025-06-02T23:22:41.093+0530][191.673s] GC(186) Preclean SoftReferences 0.007ms
[2025-06-02T23:22:41.093+0530][191.673s] GC(186) Preclean WeakReferences 0.013ms
[2025-06-02T23:22:41.093+0530][191.673s] GC(186) Preclean FinalReferences 0.004ms
[2025-06-02T23:22:41.093+0530][191.673s] GC(186) Preclean PhantomReferences 0.012ms
[2025-06-02T23:22:41.093+0530][191.673s] GC(186) Concurrent Preclean 0.092ms
[2025-06-02T23:22:41.093+0530][191.673s] GC(186) Pause Remark
[2025-06-02T23:22:41.093+0530][191.674s] GC(186) Skipped phase 1 of Reference Processing: no references
[2025-06-02T23:22:41.093+0530][191.674s] GC(186) Skipped phase 2 of Reference Processing: no references
[2025-06-02T23:22:41.093+0530][191.674s] GC(186) Skipped phase 3 of Reference Processing: no references
[2025-06-02T23:22:41.093+0530][191.674s] GC(186) Skipped phase 4 of Reference Processing: no references
[2025-06-02T23:22:41.098+0530][191.678s] GC(186) Pause Remark 44M->44M(512M) 4.845ms
[2025-06-02T23:22:41.098+0530][191.678s] GC(186) User=0.02s Sys=0.01s Real=0.00s
[2025-06-02T23:22:41.098+0530][191.678s] GC(186) Concurrent Mark 16.312ms
[2025-06-02T23:22:41.098+0530][191.678s] GC(186) Concurrent Rebuild Remembered Sets
[2025-06-02T23:22:41.104+0530][191.684s] GC(186) Concurrent Rebuild Remembered Sets 5.588ms
[2025-06-02T23:22:41.104+0530][191.684s] GC(186) Pause Cleanup
[2025-06-02T23:22:41.104+0530][191.684s] GC(186) Pause Cleanup 44M->44M(512M) 0.154ms
[2025-06-02T23:22:41.104+0530][191.684s] GC(186) User=0.00s Sys=0.00s Real=0.00s
[2025-06-02T23:22:41.104+0530][191.685s] GC(186) Concurrent Cleanup for Next Mark
[2025-06-02T23:22:41.106+0530][191.686s] GC(186) Concurrent Cleanup for Next Mark 1.469ms
[2025-06-02T23:22:41.106+0530][191.686s] GC(186) Concurrent Mark Cycle 44.044ms
[2025-06-02T23:22:41.274+0530][191.854s] GC(187) Pause Young (Concurrent Start) (Metadata GC Threshold)
[2025-06-02T23:22:41.274+0530][191.854s] GC(187) Using 8 workers of 8 for evacuation
[2025-06-02T23:22:41.364+0530][191.945s] GC(187) Skipped phase 1 of Reference Processing: no references
[2025-06-02T23:22:41.364+0530][191.945s] GC(187) ReferenceProcessor::execute queues: 1, RefProcThreadModel::Single, marks_oops_alive: false
[2025-06-02T23:22:41.364+0530][191.945s] GC(187) Skipped phase 3 of Reference Processing: no references
[2025-06-02T23:22:41.364+0530][191.945s] GC(187) Skipped phase 4 of Reference Processing: no references
[2025-06-02T23:22:41.369+0530][191.949s] GC(187)   Pre Evacuate Collection Set: 3.2ms
[2025-06-02T23:22:41.369+0530][191.949s] GC(187)   Merge Heap Roots: 0.1ms
[2025-06-02T23:22:41.369+0530][191.949s] GC(187)   Evacuate Collection Set: 86.9ms
[2025-06-02T23:22:41.369+0530][191.949s] GC(187)   Post Evacuate Collection Set: 4.4ms
[2025-06-02T23:22:41.369+0530][191.949s] GC(187)   Other: 0.4ms
[2025-06-02T23:22:41.369+0530][191.949s] GC(187) Eden regions: 17->0(270)
[2025-06-02T23:22:41.369+0530][191.950s] GC(187) Survivor regions: 35->37(85)
[2025-06-02T23:22:41.369+0530][191.950s] GC(187) Old regions: 7->7
[2025-06-02T23:22:41.369+0530][191.950s] GC(187) Archive regions: 2->2
[2025-06-02T23:22:41.369+0530][191.950s] GC(187) Humongous regions: 0->0
[2025-06-02T23:22:41.369+0530][191.950s] GC(187) Metaspace: 37654K(131072K)->37654K(131072K) NonClass: 25751K(90688K)->25751K(90688K) Class: 11902K(40384K)->11902K(40384K)
[2025-06-02T23:22:41.369+0530][191.950s] GC(187) Pause Young (Concurrent Start) (Metadata GC Threshold) 57M->43M(512M) 95.491ms
[2025-06-02T23:22:41.369+0530][191.950s] GC(187) User=0.29s Sys=0.07s Real=0.09s
[2025-06-02T23:22:41.369+0530][191.950s] GC(188) Concurrent Mark Cycle
[2025-06-02T23:22:41.370+0530][191.950s] GC(188) Concurrent Clear Claimed Marks
[2025-06-02T23:22:41.370+0530][191.950s] GC(189) Using 8 workers of 8 for full compaction
[2025-06-02T23:22:41.370+0530][191.950s] GC(189) Pause Full (Metadata GC Threshold)
[2025-06-02T23:22:41.374+0530][191.954s] GC(188) Concurrent Clear Claimed Marks 4.409ms
[2025-06-02T23:22:41.374+0530][191.955s] GC(188) Concurrent Scan Root Regions
[2025-06-02T23:22:41.374+0530][191.955s] GC(188) Concurrent Scan Root Regions 0.166ms
[2025-06-02T23:22:41.374+0530][191.955s] GC(188) Concurrent Mark
[2025-06-02T23:22:41.374+0530][191.955s] GC(188) Concurrent Mark From Roots
[2025-06-02T23:22:41.374+0530][191.955s] GC(188) Using 2 workers of 2 for marking
[2025-06-02T23:22:41.375+0530][191.956s] GC(189) Phase 1: Mark live objects
[2025-06-02T23:22:41.385+0530][191.966s] GC(189) Skipped phase 1 of Reference Processing: no references
[2025-06-02T23:22:41.385+0530][191.966s] GC(189) ReferenceProcessor::execute queues: 2, RefProcThreadModel::Multi, marks_oops_alive: false
[2025-06-02T23:22:41.386+0530][191.966s] GC(189) Skipped phase 3 of Reference Processing: no references
[2025-06-02T23:22:41.386+0530][191.966s] GC(189) ReferenceProcessor::execute queues: 1, RefProcThreadModel::Single, marks_oops_alive: false
[2025-06-02T23:22:41.492+0530][192.073s] GC(189) Phase 1: Mark live objects 116.638ms
[2025-06-02T23:22:41.492+0530][192.073s] GC(189) Phase 2: Prepare for compaction
[2025-06-02T23:22:41.493+0530][192.074s] GC(189) Phase 2: Prepare for compaction 1.147ms
[2025-06-02T23:22:41.493+0530][192.074s] GC(189) Phase 3: Adjust pointers
[2025-06-02T23:22:41.499+0530][192.080s] GC(189) Phase 3: Adjust pointers 5.980ms
[2025-06-02T23:22:41.499+0530][192.080s] GC(189) Phase 4: Compact heap
[2025-06-02T23:22:41.500+0530][192.081s] GC(189) Phase 4: Compact heap 0.603ms
[2025-06-02T23:22:41.657+0530][192.238s] GC(189) Eden regions: 0->0(307)
[2025-06-02T23:22:41.657+0530][192.238s] GC(189) Survivor regions: 37->0(85)
[2025-06-02T23:22:41.657+0530][192.238s] GC(189) Old regions: 7->8
[2025-06-02T23:22:41.657+0530][192.238s] GC(189) Archive regions: 2->2
[2025-06-02T23:22:41.657+0530][192.238s] GC(189) Humongous regions: 0->0
[2025-06-02T23:22:41.657+0530][192.238s] GC(189) Metaspace: 37654K(131072K)->16176K(17664K) NonClass: 25751K(90688K)->14118K(15424K) Class: 11902K(40384K)->2058K(2240K)
[2025-06-02T23:22:41.657+0530][192.238s] GC(189) Pause Full (Metadata GC Threshold) 43M->6M(512M) 287.541ms
[2025-06-02T23:22:41.658+0530][192.238s] GC(189) User=0.31s Sys=0.03s Real=0.29s
[2025-06-02T23:22:41.658+0530][192.238s] GC(188) Concurrent Mark From Roots 283.310ms
[2025-06-02T23:22:41.658+0530][192.238s] GC(188) Concurrent Mark Abort
[2025-06-02T23:22:41.658+0530][192.238s] GC(188) Concurrent Mark Cycle 288.185ms
[2025-06-02T23:22:43.149+0530][193.730s] GC(190) Pause Young (Concurrent Start) (Metadata GC Threshold)
[2025-06-02T23:22:43.149+0530][193.730s] GC(190) Using 8 workers of 8 for evacuation
[2025-06-02T23:22:43.195+0530][193.775s] GC(190) Skipped phase 1 of Reference Processing: no references
[2025-06-02T23:22:43.195+0530][193.775s] GC(190) ReferenceProcessor::execute queues: 1, RefProcThreadModel::Single, marks_oops_alive: false
[2025-06-02T23:22:43.195+0530][193.775s] GC(190) Skipped phase 3 of Reference Processing: no references
[2025-06-02T23:22:43.195+0530][193.775s] GC(190) Skipped phase 4 of Reference Processing: no references
[2025-06-02T23:22:43.196+0530][193.777s] GC(190)   Pre Evacuate Collection Set: 2.0ms
[2025-06-02T23:22:43.196+0530][193.777s] GC(190)   Merge Heap Roots: 0.1ms
[2025-06-02T23:22:43.196+0530][193.777s] GC(190)   Evacuate Collection Set: 43.5ms
[2025-06-02T23:22:43.196+0530][193.777s] GC(190)   Post Evacuate Collection Set: 1.5ms
[2025-06-02T23:22:43.196+0530][193.777s] GC(190)   Other: 0.2ms
[2025-06-02T23:22:43.196+0530][193.777s] GC(190) Eden regions: 257->0(270)
[2025-06-02T23:22:43.196+0530][193.777s] GC(190) Survivor regions: 0->37(39)
[2025-06-02T23:22:43.196+0530][193.777s] GC(190) Old regions: 8->8
[2025-06-02T23:22:43.196+0530][193.777s] GC(190) Archive regions: 2->2
[2025-06-02T23:22:43.196+0530][193.777s] GC(190) Humongous regions: 0->0
[2025-06-02T23:22:43.196+0530][193.777s] GC(190) Metaspace: 37654K(131072K)->37654K(131072K) NonClass: 25751K(90688K)->25751K(90688K) Class: 11902K(40384K)->11902K(40384K)
[2025-06-02T23:22:43.196+0530][193.777s] GC(190) Pause Young (Concurrent Start) (Metadata GC Threshold) 263M->43M(512M) 47.365ms
[2025-06-02T23:22:43.197+0530][193.777s] GC(190) User=0.32s Sys=0.01s Real=0.05s
[2025-06-02T23:22:43.197+0530][193.777s] GC(191) Using 8 workers of 8 for full compaction
[2025-06-02T23:22:43.197+0530][193.777s] GC(192) Concurrent Mark Cycle
[2025-06-02T23:22:43.197+0530][193.777s] GC(192) Concurrent Clear Claimed Marks
[2025-06-02T23:22:43.197+0530][193.777s] GC(191) Pause Full (Metadata GC Threshold)
[2025-06-02T23:22:43.199+0530][193.779s] GC(192) Concurrent Clear Claimed Marks 2.042ms
[2025-06-02T23:22:43.199+0530][193.779s] GC(192) Concurrent Scan Root Regions
[2025-06-02T23:22:43.199+0530][193.779s] GC(192) Concurrent Scan Root Regions 0.047ms
[2025-06-02T23:22:43.199+0530][193.779s] GC(192) Concurrent Mark
[2025-06-02T23:22:43.199+0530][193.779s] GC(192) Concurrent Mark From Roots
[2025-06-02T23:22:43.199+0530][193.779s] GC(192) Using 2 workers of 2 for marking
[2025-06-02T23:22:43.199+0530][193.780s] GC(191) Phase 1: Mark live objects
[2025-06-02T23:22:43.204+0530][193.785s] GC(191) Skipped phase 1 of Reference Processing: no references
[2025-06-02T23:22:43.205+0530][193.785s] GC(191) ReferenceProcessor::execute queues: 2, RefProcThreadModel::Multi, marks_oops_alive: false
[2025-06-02T23:22:43.205+0530][193.785s] GC(191) Skipped phase 3 of Reference Processing: no references
[2025-06-02T23:22:43.205+0530][193.785s] GC(191) ReferenceProcessor::execute queues: 1, RefProcThreadModel::Single, marks_oops_alive: false
[2025-06-02T23:22:43.279+0530][193.859s] GC(191) Phase 1: Mark live objects 79.389ms
[2025-06-02T23:22:43.279+0530][193.859s] GC(191) Phase 2: Prepare for compaction
[2025-06-02T23:22:43.280+0530][193.860s] GC(191) Phase 2: Prepare for compaction 1.005ms
[2025-06-02T23:22:43.280+0530][193.860s] GC(191) Phase 3: Adjust pointers
[2025-06-02T23:22:43.283+0530][193.864s] GC(191) Phase 3: Adjust pointers 3.502ms
[2025-06-02T23:22:43.283+0530][193.864s] GC(191) Phase 4: Compact heap
[2025-06-02T23:22:43.283+0530][193.864s] GC(191) Phase 4: Compact heap 0.114ms
[2025-06-02T23:22:43.418+0530][193.999s] GC(191) Eden regions: 0->0(307)
[2025-06-02T23:22:43.418+0530][193.999s] GC(191) Survivor regions: 37->0(39)
[2025-06-02T23:22:43.418+0530][193.999s] GC(191) Old regions: 8->9
[2025-06-02T23:22:43.418+0530][193.999s] GC(191) Archive regions: 2->2
[2025-06-02T23:22:43.418+0530][193.999s] GC(191) Humongous regions: 0->0
[2025-06-02T23:22:43.418+0530][193.999s] GC(191) Metaspace: 37654K(131072K)->16176K(17664K) NonClass: 25751K(90688K)->14118K(15424K) Class: 11902K(40384K)->2058K(2240K)
[2025-06-02T23:22:43.418+0530][193.999s] GC(191) Pause Full (Metadata GC Threshold) 43M->6M(512M) 221.499ms
[2025-06-02T23:22:43.418+0530][193.999s] GC(191) User=0.24s Sys=0.03s Real=0.22s
[2025-06-02T23:22:43.418+0530][193.999s] GC(192) Concurrent Mark From Roots 219.633ms
[2025-06-02T23:22:43.418+0530][193.999s] GC(192) Concurrent Mark Abort
[2025-06-02T23:22:43.418+0530][193.999s] GC(192) Concurrent Mark Cycle 221.889ms
[2025-06-02T23:22:44.701+0530][195.282s] GC(193) Pause Young (Concurrent Start) (Metadata GC Threshold)
[2025-06-02T23:22:44.701+0530][195.282s] GC(193) Using 8 workers of 8 for evacuation
[2025-06-02T23:22:44.743+0530][195.324s] GC(193) Skipped phase 1 of Reference Processing: no references
[2025-06-02T23:22:44.743+0530][195.324s] GC(193) ReferenceProcessor::execute queues: 1, RefProcThreadModel::Single, marks_oops_alive: false
[2025-06-02T23:22:44.743+0530][195.324s] GC(193) Skipped phase 3 of Reference Processing: no references
[2025-06-02T23:22:44.743+0530][195.324s] GC(193) Skipped phase 4 of Reference Processing: no references
[2025-06-02T23:22:44.745+0530][195.325s] GC(193)   Pre Evacuate Collection Set: 1.8ms
[2025-06-02T23:22:44.745+0530][195.325s] GC(193)   Merge Heap Roots: 0.1ms
[2025-06-02T23:22:44.745+0530][195.325s] GC(193)   Evacuate Collection Set: 40.3ms
[2025-06-02T23:22:44.745+0530][195.325s] GC(193)   Post Evacuate Collection Set: 1.2ms
[2025-06-02T23:22:44.745+0530][195.325s] GC(193)   Other: 0.2ms
[2025-06-02T23:22:44.745+0530][195.325s] GC(193) Eden regions: 241->0(272)
[2025-06-02T23:22:44.745+0530][195.325s] GC(193) Survivor regions: 0->35(39)
[2025-06-02T23:22:44.745+0530][195.325s] GC(193) Old regions: 9->9
[2025-06-02T23:22:44.745+0530][195.325s] GC(193) Archive regions: 2->2
[2025-06-02T23:22:44.745+0530][195.325s] GC(193) Humongous regions: 0->0
[2025-06-02T23:22:44.745+0530][195.325s] GC(193) Metaspace: 36304K(123904K)->36304K(123904K) NonClass: 25020K(85888K)->25020K(85888K) Class: 11283K(38016K)->11283K(38016K)
[2025-06-02T23:22:44.745+0530][195.325s] GC(193) Pause Young (Concurrent Start) (Metadata GC Threshold) 247M->40M(512M) 43.556ms
[2025-06-02T23:22:44.745+0530][195.325s] GC(193) User=0.30s Sys=0.01s Real=0.04s
[2025-06-02T23:22:44.745+0530][195.325s] GC(194) Concurrent Mark Cycle
[2025-06-02T23:22:44.745+0530][195.325s] GC(194) Concurrent Clear Claimed Marks
[2025-06-02T23:22:44.747+0530][195.327s] GC(194) Concurrent Clear Claimed Marks 1.796ms
[2025-06-02T23:22:44.747+0530][195.327s] GC(194) Concurrent Scan Root Regions
[2025-06-02T23:22:44.759+0530][195.340s] GC(194) Concurrent Scan Root Regions 12.735ms
[2025-06-02T23:22:44.759+0530][195.340s] GC(194) Concurrent Mark
[2025-06-02T23:22:44.759+0530][195.340s] GC(194) Concurrent Mark From Roots
[2025-06-02T23:22:44.759+0530][195.340s] GC(194) Using 2 workers of 2 for marking
[2025-06-02T23:22:44.766+0530][195.347s] GC(194) Concurrent Mark From Roots 6.783ms
[2025-06-02T23:22:44.766+0530][195.347s] GC(194) Concurrent Preclean
[2025-06-02T23:22:44.766+0530][195.347s] GC(194) Preclean SoftReferences 0.006ms
[2025-06-02T23:22:44.766+0530][195.347s] GC(194) Preclean WeakReferences 0.010ms
[2025-06-02T23:22:44.766+0530][195.347s] GC(194) Preclean FinalReferences 0.004ms
[2025-06-02T23:22:44.766+0530][195.347s] GC(194) Preclean PhantomReferences 0.022ms
[2025-06-02T23:22:44.766+0530][195.347s] GC(194) Concurrent Preclean 0.101ms
[2025-06-02T23:22:44.766+0530][195.347s] GC(194) Pause Remark
[2025-06-02T23:22:44.767+0530][195.347s] GC(194) Skipped phase 1 of Reference Processing: no references
[2025-06-02T23:22:44.767+0530][195.347s] GC(194) Skipped phase 2 of Reference Processing: no references
[2025-06-02T23:22:44.767+0530][195.347s] GC(194) Skipped phase 3 of Reference Processing: no references
[2025-06-02T23:22:44.767+0530][195.347s] GC(194) Skipped phase 4 of Reference Processing: no references
[2025-06-02T23:22:44.770+0530][195.351s] GC(194) Pause Remark 44M->44M(512M) 3.580ms
[2025-06-02T23:22:44.770+0530][195.351s] GC(194) User=0.01s Sys=0.00s Real=0.01s
[2025-06-02T23:22:44.770+0530][195.351s] GC(194) Concurrent Mark 10.731ms
[2025-06-02T23:22:44.770+0530][195.351s] GC(194) Concurrent Rebuild Remembered Sets
[2025-06-02T23:22:44.773+0530][195.354s] GC(194) Concurrent Rebuild Remembered Sets 3.124ms
[2025-06-02T23:22:44.773+0530][195.354s] GC(194) Pause Cleanup
[2025-06-02T23:22:44.773+0530][195.354s] GC(194) Pause Cleanup 44M->44M(512M) 0.110ms
[2025-06-02T23:22:44.774+0530][195.354s] GC(194) User=0.00s Sys=0.00s Real=0.00s
[2025-06-02T23:22:44.774+0530][195.354s] GC(194) Concurrent Cleanup for Next Mark
[2025-06-02T23:22:44.774+0530][195.355s] GC(194) Concurrent Cleanup for Next Mark 0.805ms
[2025-06-02T23:22:44.774+0530][195.355s] GC(194) Concurrent Mark Cycle 29.753ms
[2025-06-02T23:22:44.835+0530][195.416s] GC(195) Pause Young (Concurrent Start) (Metadata GC Threshold)
[2025-06-02T23:22:44.835+0530][195.416s] GC(195) Using 8 workers of 8 for evacuation
[2025-06-02T23:22:44.881+0530][195.462s] GC(195) Skipped phase 1 of Reference Processing: no references
[2025-06-02T23:22:44.881+0530][195.462s] GC(195) ReferenceProcessor::execute queues: 1, RefProcThreadModel::Single, marks_oops_alive: false
[2025-06-02T23:22:44.881+0530][195.462s] GC(195) Skipped phase 3 of Reference Processing: no references
[2025-06-02T23:22:44.881+0530][195.462s] GC(195) Skipped phase 4 of Reference Processing: no references
[2025-06-02T23:22:44.883+0530][195.464s] GC(195)   Pre Evacuate Collection Set: 2.2ms
[2025-06-02T23:22:44.883+0530][195.464s] GC(195)   Merge Heap Roots: 0.1ms
[2025-06-02T23:22:44.883+0530][195.464s] GC(195)   Evacuate Collection Set: 43.8ms
[2025-06-02T23:22:44.883+0530][195.464s] GC(195)   Post Evacuate Collection Set: 1.7ms
[2025-06-02T23:22:44.883+0530][195.464s] GC(195)   Other: 0.2ms
[2025-06-02T23:22:44.883+0530][195.464s] GC(195) Eden regions: 17->0(303)
[2025-06-02T23:22:44.883+0530][195.464s] GC(195) Survivor regions: 35->4(39)
[2025-06-02T23:22:44.883+0530][195.464s] GC(195) Old regions: 8->42
[2025-06-02T23:22:44.883+0530][195.464s] GC(195) Archive regions: 2->2
[2025-06-02T23:22:44.883+0530][195.464s] GC(195) Humongous regions: 0->0
[2025-06-02T23:22:44.883+0530][195.464s] GC(195) Metaspace: 37654K(131072K)->37654K(131072K) NonClass: 25751K(90688K)->25751K(90688K) Class: 11902K(40384K)->11902K(40384K)
[2025-06-02T23:22:44.883+0530][195.464s] GC(195) Pause Young (Concurrent Start) (Metadata GC Threshold) 57M->43M(512M) 48.091ms
[2025-06-02T23:22:44.883+0530][195.464s] GC(195) User=0.31s Sys=0.01s Real=0.05s
[2025-06-02T23:22:44.883+0530][195.464s] GC(196) Using 8 workers of 8 for full compaction
[2025-06-02T23:22:44.883+0530][195.464s] GC(197) Concurrent Mark Cycle
[2025-06-02T23:22:44.883+0530][195.464s] GC(197) Concurrent Clear Claimed Marks
[2025-06-02T23:22:44.883+0530][195.464s] GC(196) Pause Full (Metadata GC Threshold)
[2025-06-02T23:22:44.885+0530][195.466s] GC(197) Concurrent Clear Claimed Marks 2.135ms
[2025-06-02T23:22:44.885+0530][195.466s] GC(197) Concurrent Scan Root Regions
[2025-06-02T23:22:44.886+0530][195.466s] GC(197) Concurrent Scan Root Regions 0.047ms
[2025-06-02T23:22:44.886+0530][195.466s] GC(197) Concurrent Mark
[2025-06-02T23:22:44.886+0530][195.466s] GC(197) Concurrent Mark From Roots
[2025-06-02T23:22:44.886+0530][195.466s] GC(197) Using 2 workers of 2 for marking
[2025-06-02T23:22:44.886+0530][195.467s] GC(196) Phase 1: Mark live objects
[2025-06-02T23:22:44.893+0530][195.474s] GC(196) Skipped phase 1 of Reference Processing: no references
[2025-06-02T23:22:44.893+0530][195.474s] GC(196) ReferenceProcessor::execute queues: 2, RefProcThreadModel::Multi, marks_oops_alive: false
[2025-06-02T23:22:44.893+0530][195.474s] GC(196) Skipped phase 3 of Reference Processing: no references
[2025-06-02T23:22:44.893+0530][195.474s] GC(196) ReferenceProcessor::execute queues: 1, RefProcThreadModel::Single, marks_oops_alive: false
[2025-06-02T23:22:44.970+0530][195.551s] GC(196) Phase 1: Mark live objects 83.583ms
[2025-06-02T23:22:44.970+0530][195.551s] GC(196) Phase 2: Prepare for compaction
[2025-06-02T23:22:44.971+0530][195.552s] GC(196) Phase 2: Prepare for compaction 1.008ms
[2025-06-02T23:22:44.971+0530][195.552s] GC(196) Phase 3: Adjust pointers
[2025-06-02T23:22:44.975+0530][195.555s] GC(196) Phase 3: Adjust pointers 3.779ms
[2025-06-02T23:22:44.975+0530][195.555s] GC(196) Phase 4: Compact heap
[2025-06-02T23:22:44.975+0530][195.556s] GC(196) Phase 4: Compact heap 0.129ms
[2025-06-02T23:22:45.100+0530][195.680s] GC(196) Eden regions: 0->0(307)
[2025-06-02T23:22:45.100+0530][195.680s] GC(196) Survivor regions: 4->0(39)
[2025-06-02T23:22:45.100+0530][195.680s] GC(196) Old regions: 42->9
[2025-06-02T23:22:45.100+0530][195.680s] GC(196) Archive regions: 2->2
[2025-06-02T23:22:45.100+0530][195.680s] GC(196) Humongous regions: 0->0
[2025-06-02T23:22:45.100+0530][195.680s] GC(196) Metaspace: 37654K(131072K)->16176K(17664K) NonClass: 25751K(90688K)->14118K(15424K) Class: 11902K(40384K)->2058K(2240K)
[2025-06-02T23:22:45.100+0530][195.680s] GC(196) Pause Full (Metadata GC Threshold) 43M->6M(512M) 216.518ms
[2025-06-02T23:22:45.100+0530][195.681s] GC(196) User=0.24s Sys=0.03s Real=0.22s
[2025-06-02T23:22:45.100+0530][195.681s] GC(197) Concurrent Mark From Roots 214.599ms
[2025-06-02T23:22:45.100+0530][195.681s] GC(197) Concurrent Mark Abort
[2025-06-02T23:22:45.100+0530][195.681s] GC(197) Concurrent Mark Cycle 216.947ms
[2025-06-02T23:22:46.463+0530][197.044s] GC(198) Pause Young (Concurrent Start) (Metadata GC Threshold)
[2025-06-02T23:22:46.463+0530][197.044s] GC(198) Using 8 workers of 8 for evacuation
[2025-06-02T23:22:46.509+0530][197.090s] GC(198) Skipped phase 1 of Reference Processing: no references
[2025-06-02T23:22:46.509+0530][197.090s] GC(198) ReferenceProcessor::execute queues: 1, RefProcThreadModel::Single, marks_oops_alive: false
[2025-06-02T23:22:46.509+0530][197.090s] GC(198) Skipped phase 3 of Reference Processing: no references
[2025-06-02T23:22:46.509+0530][197.090s] GC(198) Skipped phase 4 of Reference Processing: no references
[2025-06-02T23:22:46.511+0530][197.092s] GC(198)   Pre Evacuate Collection Set: 2.1ms
[2025-06-02T23:22:46.511+0530][197.092s] GC(198)   Merge Heap Roots: 0.1ms
[2025-06-02T23:22:46.511+0530][197.092s] GC(198)   Evacuate Collection Set: 43.6ms
[2025-06-02T23:22:46.511+0530][197.092s] GC(198)   Post Evacuate Collection Set: 1.7ms
[2025-06-02T23:22:46.511+0530][197.092s] GC(198)   Other: 0.2ms
[2025-06-02T23:22:46.511+0530][197.092s] GC(198) Eden regions: 257->0(271)
[2025-06-02T23:22:46.511+0530][197.092s] GC(198) Survivor regions: 0->36(39)
[2025-06-02T23:22:46.511+0530][197.092s] GC(198) Old regions: 9->9
[2025-06-02T23:22:46.511+0530][197.092s] GC(198) Archive regions: 2->2
[2025-06-02T23:22:46.511+0530][197.092s] GC(198) Humongous regions: 0->0
[2025-06-02T23:22:46.511+0530][197.092s] GC(198) Metaspace: 37654K(131072K)->37654K(131072K) NonClass: 25751K(90688K)->25751K(90688K) Class: 11902K(40384K)->11902K(40384K)
[2025-06-02T23:22:46.511+0530][197.092s] GC(198) Pause Young (Concurrent Start) (Metadata GC Threshold) 263M->41M(512M) 47.919ms
[2025-06-02T23:22:46.511+0530][197.092s] GC(198) User=0.27s Sys=0.01s Real=0.05s
[2025-06-02T23:22:46.511+0530][197.092s] GC(199) Concurrent Mark Cycle
[2025-06-02T23:22:46.511+0530][197.092s] GC(200) Using 8 workers of 8 for full compaction
[2025-06-02T23:22:46.511+0530][197.092s] GC(199) Concurrent Clear Claimed Marks
[2025-06-02T23:22:46.511+0530][197.092s] GC(200) Pause Full (Metadata GC Threshold)
[2025-06-02T23:22:46.513+0530][197.094s] GC(199) Concurrent Clear Claimed Marks 2.043ms
[2025-06-02T23:22:46.513+0530][197.094s] GC(199) Concurrent Scan Root Regions
[2025-06-02T23:22:46.513+0530][197.094s] GC(199) Concurrent Scan Root Regions 0.044ms
[2025-06-02T23:22:46.513+0530][197.094s] GC(199) Concurrent Mark
[2025-06-02T23:22:46.513+0530][197.094s] GC(199) Concurrent Mark From Roots
[2025-06-02T23:22:46.513+0530][197.094s] GC(199) Using 2 workers of 2 for marking
[2025-06-02T23:22:46.514+0530][197.095s] GC(200) Phase 1: Mark live objects
[2025-06-02T23:22:46.523+0530][197.103s] GC(200) Skipped phase 1 of Reference Processing: no references
[2025-06-02T23:22:46.523+0530][197.103s] GC(200) ReferenceProcessor::execute queues: 2, RefProcThreadModel::Multi, marks_oops_alive: false
[2025-06-02T23:22:46.523+0530][197.103s] GC(200) Skipped phase 3 of Reference Processing: no references
[2025-06-02T23:22:46.523+0530][197.103s] GC(200) ReferenceProcessor::execute queues: 1, RefProcThreadModel::Single, marks_oops_alive: false
[2025-06-02T23:22:46.606+0530][197.187s] GC(200) Phase 1: Mark live objects 91.699ms
[2025-06-02T23:22:46.606+0530][197.187s] GC(200) Phase 2: Prepare for compaction
[2025-06-02T23:22:46.607+0530][197.188s] GC(200) Phase 2: Prepare for compaction 0.831ms
[2025-06-02T23:22:46.607+0530][197.188s] GC(200) Phase 3: Adjust pointers
[2025-06-02T23:22:46.611+0530][197.192s] GC(200) Phase 3: Adjust pointers 4.380ms
[2025-06-02T23:22:46.611+0530][197.192s] GC(200) Phase 4: Compact heap
[2025-06-02T23:22:46.611+0530][197.192s] GC(200) Phase 4: Compact heap 0.117ms
[2025-06-02T23:22:46.739+0530][197.319s] GC(200) Eden regions: 0->0(307)
[2025-06-02T23:22:46.744+0530][197.324s] GC(200) Survivor regions: 36->0(39)
[2025-06-02T23:22:46.744+0530][197.324s] GC(200) Old regions: 9->7
[2025-06-02T23:22:46.744+0530][197.324s] GC(200) Archive regions: 2->2
[2025-06-02T23:22:46.744+0530][197.324s] GC(200) Humongous regions: 0->0
[2025-06-02T23:22:46.744+0530][197.324s] GC(200) Metaspace: 37654K(131072K)->16176K(17664K) NonClass: 25751K(90688K)->14118K(15424K) Class: 11902K(40384K)->2058K(2240K)
[2025-06-02T23:22:46.744+0530][197.324s] GC(200) Pause Full (Metadata GC Threshold) 41M->6M(512M) 232.366ms
[2025-06-02T23:22:46.744+0530][197.325s] GC(200) User=0.24s Sys=0.03s Real=0.23s
[2025-06-02T23:22:46.744+0530][197.325s] GC(199) Concurrent Mark From Roots 230.603ms
[2025-06-02T23:22:46.744+0530][197.325s] GC(199) Concurrent Mark Abort
[2025-06-02T23:22:46.744+0530][197.325s] GC(199) Concurrent Mark Cycle 232.939ms
[2025-06-02T23:22:48.053+0530][198.634s] GC(201) Pause Young (Concurrent Start) (Metadata GC Threshold)
[2025-06-02T23:22:48.054+0530][198.634s] GC(201) Using 8 workers of 8 for evacuation
[2025-06-02T23:22:48.095+0530][198.676s] GC(201) Skipped phase 1 of Reference Processing: no references
[2025-06-02T23:22:48.095+0530][198.676s] GC(201) ReferenceProcessor::execute queues: 1, RefProcThreadModel::Single, marks_oops_alive: false
[2025-06-02T23:22:48.095+0530][198.676s] GC(201) Skipped phase 3 of Reference Processing: no references
[2025-06-02T23:22:48.095+0530][198.676s] GC(201) Skipped phase 4 of Reference Processing: no references
[2025-06-02T23:22:48.100+0530][198.681s] GC(201)   Pre Evacuate Collection Set: 1.8ms
[2025-06-02T23:22:48.100+0530][198.681s] GC(201)   Merge Heap Roots: 0.1ms
[2025-06-02T23:22:48.100+0530][198.681s] GC(201)   Evacuate Collection Set: 39.7ms
[2025-06-02T23:22:48.100+0530][198.681s] GC(201)   Post Evacuate Collection Set: 5.0ms
[2025-06-02T23:22:48.100+0530][198.681s] GC(201)   Other: 0.2ms
[2025-06-02T23:22:48.100+0530][198.681s] GC(201) Eden regions: 241->0(641)
[2025-06-02T23:22:48.100+0530][198.681s] GC(201) Survivor regions: 0->35(39)
[2025-06-02T23:22:48.100+0530][198.681s] GC(201) Old regions: 7->7
[2025-06-02T23:22:48.100+0530][198.681s] GC(201) Archive regions: 2->2
[2025-06-02T23:22:48.100+0530][198.681s] GC(201) Humongous regions: 0->0
[2025-06-02T23:22:48.100+0530][198.681s] GC(201) Metaspace: 36304K(123904K)->36304K(123904K) NonClass: 25020K(85888K)->25020K(85888K) Class: 11283K(38016K)->11283K(38016K)
[2025-06-02T23:22:48.100+0530][198.681s] GC(201) Pause Young (Concurrent Start) (Metadata GC Threshold) 247M->40M(1127M) 46.927ms
[2025-06-02T23:22:48.100+0530][198.681s] GC(201) User=0.30s Sys=0.01s Real=0.05s
[2025-06-02T23:22:48.100+0530][198.681s] GC(202) Concurrent Mark Cycle
[2025-06-02T23:22:48.101+0530][198.681s] GC(202) Concurrent Clear Claimed Marks
[2025-06-02T23:22:48.102+0530][198.683s] GC(202) Concurrent Clear Claimed Marks 1.891ms
[2025-06-02T23:22:48.102+0530][198.683s] GC(202) Concurrent Scan Root Regions
[2025-06-02T23:22:48.115+0530][198.696s] GC(202) Concurrent Scan Root Regions 12.828ms
[2025-06-02T23:22:48.115+0530][198.696s] GC(202) Concurrent Mark
[2025-06-02T23:22:48.115+0530][198.696s] GC(202) Concurrent Mark From Roots
[2025-06-02T23:22:48.115+0530][198.696s] GC(202) Using 2 workers of 2 for marking
[2025-06-02T23:22:48.123+0530][198.704s] GC(202) Concurrent Mark From Roots 7.379ms
[2025-06-02T23:22:48.123+0530][198.704s] GC(202) Concurrent Preclean
[2025-06-02T23:22:48.123+0530][198.704s] GC(202) Preclean SoftReferences 0.006ms
[2025-06-02T23:22:48.123+0530][198.704s] GC(202) Preclean WeakReferences 0.029ms
[2025-06-02T23:22:48.123+0530][198.704s] GC(202) Preclean FinalReferences 0.004ms
[2025-06-02T23:22:48.123+0530][198.704s] GC(202) Preclean PhantomReferences 0.017ms
[2025-06-02T23:22:48.123+0530][198.704s] GC(202) Concurrent Preclean 0.122ms
[2025-06-02T23:22:48.123+0530][198.704s] GC(202) Pause Remark
[2025-06-02T23:22:48.123+0530][198.704s] GC(202) Skipped phase 1 of Reference Processing: no references
[2025-06-02T23:22:48.123+0530][198.704s] GC(202) Skipped phase 2 of Reference Processing: no references
[2025-06-02T23:22:48.123+0530][198.704s] GC(202) Skipped phase 3 of Reference Processing: no references
[2025-06-02T23:22:48.123+0530][198.704s] GC(202) Skipped phase 4 of Reference Processing: no references
[2025-06-02T23:22:48.128+0530][198.708s] GC(202) Pause Remark 44M->44M(512M) 4.453ms
[2025-06-02T23:22:48.128+0530][198.708s] GC(202) User=0.01s Sys=0.00s Real=0.00s
[2025-06-02T23:22:48.128+0530][198.708s] GC(202) Concurrent Mark 12.324ms
[2025-06-02T23:22:48.128+0530][198.708s] GC(202) Concurrent Rebuild Remembered Sets
[2025-06-02T23:22:48.131+0530][198.712s] GC(202) Concurrent Rebuild Remembered Sets 3.045ms
[2025-06-02T23:22:48.131+0530][198.712s] GC(202) Pause Cleanup
[2025-06-02T23:22:48.131+0530][198.712s] GC(202) Pause Cleanup 44M->44M(512M) 0.110ms
[2025-06-02T23:22:48.131+0530][198.712s] GC(202) User=0.00s Sys=0.00s Real=0.00s
[2025-06-02T23:22:48.131+0530][198.712s] GC(202) Concurrent Cleanup for Next Mark
[2025-06-02T23:22:48.132+0530][198.712s] GC(202) Concurrent Cleanup for Next Mark 0.506ms
[2025-06-02T23:22:48.132+0530][198.712s] GC(202) Concurrent Mark Cycle 31.135ms
[2025-06-02T23:22:48.197+0530][198.778s] GC(203) Pause Young (Prepare Mixed) (Metadata GC Threshold)
[2025-06-02T23:22:48.197+0530][198.778s] GC(203) Using 8 workers of 8 for evacuation
[2025-06-02T23:22:48.239+0530][198.820s] GC(203) Skipped phase 1 of Reference Processing: no references
[2025-06-02T23:22:48.239+0530][198.820s] GC(203) ReferenceProcessor::execute queues: 1, RefProcThreadModel::Single, marks_oops_alive: false
[2025-06-02T23:22:48.239+0530][198.820s] GC(203) Skipped phase 3 of Reference Processing: no references
[2025-06-02T23:22:48.239+0530][198.820s] GC(203) Skipped phase 4 of Reference Processing: no references
[2025-06-02T23:22:48.240+0530][198.821s] GC(203)   Pre Evacuate Collection Set: 0.1ms
[2025-06-02T23:22:48.240+0530][198.821s] GC(203)   Merge Heap Roots: 0.0ms
[2025-06-02T23:22:48.240+0530][198.821s] GC(203)   Evacuate Collection Set: 41.5ms
[2025-06-02T23:22:48.240+0530][198.821s] GC(203)   Post Evacuate Collection Set: 1.2ms
[2025-06-02T23:22:48.240+0530][198.821s] GC(203)   Other: 0.1ms
[2025-06-02T23:22:48.240+0530][198.821s] GC(203) Eden regions: 17->0(1)
[2025-06-02T23:22:48.240+0530][198.821s] GC(203) Survivor regions: 35->37(85)
[2025-06-02T23:22:48.240+0530][198.821s] GC(203) Old regions: 6->6
[2025-06-02T23:22:48.240+0530][198.821s] GC(203) Archive regions: 2->2
[2025-06-02T23:22:48.240+0530][198.821s] GC(203) Humongous regions: 0->0
[2025-06-02T23:22:48.240+0530][198.821s] GC(203) Metaspace: 37654K(131072K)->37654K(131072K) NonClass: 25751K(90688K)->25751K(90688K) Class: 11902K(40384K)->11902K(40384K)
[2025-06-02T23:22:48.240+0530][198.821s] GC(203) Pause Young (Prepare Mixed) (Metadata GC Threshold) 57M->43M(512M) 43.096ms
[2025-06-02T23:22:48.240+0530][198.821s] GC(203) User=0.32s Sys=0.00s Real=0.05s
[2025-06-02T23:22:48.240+0530][198.821s] GC(204) Using 8 workers of 8 for full compaction
[2025-06-02T23:22:48.240+0530][198.821s] GC(204) Pause Full (Metadata GC Threshold)
[2025-06-02T23:22:48.240+0530][198.821s] GC(204) Phase 1: Mark live objects
[2025-06-02T23:22:48.246+0530][198.827s] GC(204) Skipped phase 1 of Reference Processing: no references
[2025-06-02T23:22:48.247+0530][198.827s] GC(204) ReferenceProcessor::execute queues: 2, RefProcThreadModel::Multi, marks_oops_alive: false
[2025-06-02T23:22:48.247+0530][198.827s] GC(204) Skipped phase 3 of Reference Processing: no references
[2025-06-02T23:22:48.247+0530][198.827s] GC(204) ReferenceProcessor::execute queues: 1, RefProcThreadModel::Single, marks_oops_alive: false
[2025-06-02T23:22:48.321+0530][198.902s] GC(204) Phase 1: Mark live objects 80.984ms
[2025-06-02T23:22:48.321+0530][198.902s] GC(204) Phase 2: Prepare for compaction
[2025-06-02T23:22:48.322+0530][198.903s] GC(204) Phase 2: Prepare for compaction 0.804ms
[2025-06-02T23:22:48.322+0530][198.903s] GC(204) Phase 3: Adjust pointers
[2025-06-02T23:22:48.326+0530][198.906s] GC(204) Phase 3: Adjust pointers 3.374ms
[2025-06-02T23:22:48.326+0530][198.906s] GC(204) Phase 4: Compact heap
[2025-06-02T23:22:48.326+0530][198.907s] GC(204) Phase 4: Compact heap 0.112ms
[2025-06-02T23:22:48.457+0530][199.038s] GC(204) Eden regions: 0->0(307)
[2025-06-02T23:22:48.457+0530][199.038s] GC(204) Survivor regions: 37->0(85)
[2025-06-02T23:22:48.457+0530][199.038s] GC(204) Old regions: 6->8
[2025-06-02T23:22:48.457+0530][199.038s] GC(204) Archive regions: 2->2
[2025-06-02T23:22:48.457+0530][199.038s] GC(204) Humongous regions: 0->0
[2025-06-02T23:22:48.457+0530][199.038s] GC(204) Metaspace: 37654K(131072K)->16176K(17664K) NonClass: 25751K(90688K)->14118K(15424K) Class: 11902K(40384K)->2058K(2240K)
[2025-06-02T23:22:48.457+0530][199.038s] GC(204) Pause Full (Metadata GC Threshold) 43M->6M(512M) 216.923ms
[2025-06-02T23:22:48.457+0530][199.038s] GC(204) User=0.23s Sys=0.03s Real=0.21s
[2025-06-02T23:22:49.824+0530][200.405s] GC(205) Pause Young (Concurrent Start) (Metadata GC Threshold)
[2025-06-02T23:22:49.824+0530][200.405s] GC(205) Using 8 workers of 8 for evacuation
[2025-06-02T23:22:49.871+0530][200.452s] GC(205) Skipped phase 1 of Reference Processing: no references
[2025-06-02T23:22:49.871+0530][200.452s] GC(205) ReferenceProcessor::execute queues: 1, RefProcThreadModel::Single, marks_oops_alive: false
[2025-06-02T23:22:49.871+0530][200.452s] GC(205) Skipped phase 3 of Reference Processing: no references
[2025-06-02T23:22:49.871+0530][200.452s] GC(205) Skipped phase 4 of Reference Processing: no references
[2025-06-02T23:22:49.874+0530][200.455s] GC(205)   Pre Evacuate Collection Set: 1.9ms
[2025-06-02T23:22:49.875+0530][200.455s] GC(205)   Merge Heap Roots: 0.1ms
[2025-06-02T23:22:49.875+0530][200.455s] GC(205)   Evacuate Collection Set: 45.1ms
[2025-06-02T23:22:49.875+0530][200.455s] GC(205)   Post Evacuate Collection Set: 3.3ms
[2025-06-02T23:22:49.875+0530][200.456s] GC(205)   Other: 0.2ms
[2025-06-02T23:22:49.875+0530][200.456s] GC(205) Eden regions: 257->0(270)
[2025-06-02T23:22:49.875+0530][200.456s] GC(205) Survivor regions: 0->37(39)
[2025-06-02T23:22:49.875+0530][200.456s] GC(205) Old regions: 8->8
[2025-06-02T23:22:49.875+0530][200.456s] GC(205) Archive regions: 2->2
[2025-06-02T23:22:49.875+0530][200.456s] GC(205) Humongous regions: 0->0
[2025-06-02T23:22:49.875+0530][200.456s] GC(205) Metaspace: 37654K(131072K)->37654K(131072K) NonClass: 25751K(90688K)->25751K(90688K) Class: 11902K(40384K)->11902K(40384K)
[2025-06-02T23:22:49.875+0530][200.456s] GC(205) Pause Young (Concurrent Start) (Metadata GC Threshold) 263M->43M(512M) 51.081ms
[2025-06-02T23:22:49.875+0530][200.456s] GC(205) User=0.33s Sys=0.01s Real=0.05s
[2025-06-02T23:22:49.875+0530][200.456s] GC(206) Using 8 workers of 8 for full compaction
[2025-06-02T23:22:49.875+0530][200.456s] GC(207) Concurrent Mark Cycle
[2025-06-02T23:22:49.875+0530][200.456s] GC(207) Concurrent Clear Claimed Marks
[2025-06-02T23:22:49.875+0530][200.456s] GC(206) Pause Full (Metadata GC Threshold)
[2025-06-02T23:22:49.877+0530][200.458s] GC(207) Concurrent Clear Claimed Marks 2.265ms
[2025-06-02T23:22:49.877+0530][200.458s] GC(207) Concurrent Scan Root Regions
[2025-06-02T23:22:49.877+0530][200.458s] GC(207) Concurrent Scan Root Regions 0.048ms
[2025-06-02T23:22:49.877+0530][200.458s] GC(207) Concurrent Mark
[2025-06-02T23:22:49.877+0530][200.458s] GC(207) Concurrent Mark From Roots
[2025-06-02T23:22:49.877+0530][200.458s] GC(207) Using 2 workers of 2 for marking
[2025-06-02T23:22:49.878+0530][200.459s] GC(206) Phase 1: Mark live objects
[2025-06-02T23:22:49.884+0530][200.465s] GC(206) Skipped phase 1 of Reference Processing: no references
[2025-06-02T23:22:49.884+0530][200.465s] GC(206) ReferenceProcessor::execute queues: 2, RefProcThreadModel::Multi, marks_oops_alive: false
[2025-06-02T23:22:49.884+0530][200.465s] GC(206) Skipped phase 3 of Reference Processing: no references
[2025-06-02T23:22:49.884+0530][200.465s] GC(206) ReferenceProcessor::execute queues: 1, RefProcThreadModel::Single, marks_oops_alive: false
[2025-06-02T23:22:49.960+0530][200.540s] GC(206) Phase 1: Mark live objects 81.469ms
[2025-06-02T23:22:49.960+0530][200.540s] GC(206) Phase 2: Prepare for compaction
[2025-06-02T23:22:49.961+0530][200.541s] GC(206) Phase 2: Prepare for compaction 0.972ms
[2025-06-02T23:22:49.961+0530][200.541s] GC(206) Phase 3: Adjust pointers
[2025-06-02T23:22:49.964+0530][200.545s] GC(206) Phase 3: Adjust pointers 3.336ms
[2025-06-02T23:22:49.964+0530][200.545s] GC(206) Phase 4: Compact heap
[2025-06-02T23:22:49.964+0530][200.545s] GC(206) Phase 4: Compact heap 0.120ms
[2025-06-02T23:22:50.091+0530][200.672s] GC(206) Eden regions: 0->0(307)
[2025-06-02T23:22:50.091+0530][200.672s] GC(206) Survivor regions: 37->0(39)
[2025-06-02T23:22:50.091+0530][200.672s] GC(206) Old regions: 8->7
[2025-06-02T23:22:50.091+0530][200.672s] GC(206) Archive regions: 2->2
[2025-06-02T23:22:50.091+0530][200.672s] GC(206) Humongous regions: 0->0
[2025-06-02T23:22:50.091+0530][200.672s] GC(206) Metaspace: 37654K(131072K)->16176K(17664K) NonClass: 25751K(90688K)->14118K(15424K) Class: 11902K(40384K)->2058K(2240K)
[2025-06-02T23:22:50.091+0530][200.672s] GC(206) Pause Full (Metadata GC Threshold) 43M->6M(512M) 215.904ms
[2025-06-02T23:22:50.091+0530][200.672s] GC(206) User=0.23s Sys=0.03s Real=0.22s
[2025-06-02T23:22:50.091+0530][200.672s] GC(207) Concurrent Mark From Roots 213.787ms
[2025-06-02T23:22:50.091+0530][200.672s] GC(207) Concurrent Mark Abort
[2025-06-02T23:22:50.091+0530][200.672s] GC(207) Concurrent Mark Cycle 216.282ms
[2025-06-02T23:22:51.404+0530][201.985s] GC(208) Pause Young (Concurrent Start) (Metadata GC Threshold)
[2025-06-02T23:22:51.405+0530][201.986s] GC(208) Using 8 workers of 8 for evacuation
[2025-06-02T23:22:51.466+0530][202.047s] GC(208) Skipped phase 1 of Reference Processing: no references
[2025-06-02T23:22:51.466+0530][202.047s] GC(208) ReferenceProcessor::execute queues: 1, RefProcThreadModel::Single, marks_oops_alive: false
[2025-06-02T23:22:51.467+0530][202.047s] GC(208) Skipped phase 3 of Reference Processing: no references
[2025-06-02T23:22:51.467+0530][202.047s] GC(208) Skipped phase 4 of Reference Processing: no references
[2025-06-02T23:22:51.468+0530][202.049s] GC(208)   Pre Evacuate Collection Set: 5.1ms
[2025-06-02T23:22:51.468+0530][202.049s] GC(208)   Merge Heap Roots: 0.2ms
[2025-06-02T23:22:51.468+0530][202.049s] GC(208)   Evacuate Collection Set: 55.9ms
[2025-06-02T23:22:51.468+0530][202.049s] GC(208)   Post Evacuate Collection Set: 1.9ms
[2025-06-02T23:22:51.468+0530][202.049s] GC(208)   Other: 1.0ms
[2025-06-02T23:22:51.468+0530][202.049s] GC(208) Eden regions: 241->0(272)
[2025-06-02T23:22:51.469+0530][202.049s] GC(208) Survivor regions: 0->35(39)
[2025-06-02T23:22:51.469+0530][202.049s] GC(208) Old regions: 7->7
[2025-06-02T23:22:51.469+0530][202.049s] GC(208) Archive regions: 2->2
[2025-06-02T23:22:51.469+0530][202.049s] GC(208) Humongous regions: 0->0
[2025-06-02T23:22:51.469+0530][202.049s] GC(208) Metaspace: 36304K(123904K)->36304K(123904K) NonClass: 25020K(85888K)->25020K(85888K) Class: 11283K(38016K)->11283K(38016K)
[2025-06-02T23:22:51.469+0530][202.049s] GC(208) Pause Young (Concurrent Start) (Metadata GC Threshold) 247M->40M(512M) 64.246ms
[2025-06-02T23:22:51.469+0530][202.049s] GC(208) User=0.27s Sys=0.01s Real=0.06s
[2025-06-02T23:22:51.469+0530][202.050s] GC(209) Concurrent Mark Cycle
[2025-06-02T23:22:51.469+0530][202.050s] GC(209) Concurrent Clear Claimed Marks
[2025-06-02T23:22:51.475+0530][202.056s] GC(209) Concurrent Clear Claimed Marks 6.358ms
[2025-06-02T23:22:51.475+0530][202.056s] GC(209) Concurrent Scan Root Regions
[2025-06-02T23:22:51.495+0530][202.076s] GC(209) Concurrent Scan Root Regions 19.513ms
[2025-06-02T23:22:51.495+0530][202.076s] GC(209) Concurrent Mark
[2025-06-02T23:22:51.495+0530][202.076s] GC(209) Concurrent Mark From Roots
[2025-06-02T23:22:51.495+0530][202.076s] GC(209) Using 2 workers of 2 for marking
[2025-06-02T23:22:51.510+0530][202.091s] GC(209) Concurrent Mark From Roots 15.653ms
[2025-06-02T23:22:51.510+0530][202.091s] GC(209) Concurrent Preclean
[2025-06-02T23:22:51.510+0530][202.091s] GC(209) Preclean SoftReferences 0.008ms
[2025-06-02T23:22:51.511+0530][202.091s] GC(209) Preclean WeakReferences 0.015ms
[2025-06-02T23:22:51.511+0530][202.091s] GC(209) Preclean FinalReferences 0.004ms
[2025-06-02T23:22:51.511+0530][202.091s] GC(209) Preclean PhantomReferences 0.018ms
[2025-06-02T23:22:51.511+0530][202.091s] GC(209) Concurrent Preclean 0.121ms
[2025-06-02T23:22:51.511+0530][202.092s] GC(209) Pause Remark
[2025-06-02T23:22:51.511+0530][202.092s] GC(209) Skipped phase 1 of Reference Processing: no references
[2025-06-02T23:22:51.511+0530][202.092s] GC(209) Skipped phase 2 of Reference Processing: no references
[2025-06-02T23:22:51.511+0530][202.092s] GC(209) Skipped phase 3 of Reference Processing: no references
[2025-06-02T23:22:51.511+0530][202.092s] GC(209) Skipped phase 4 of Reference Processing: no references
[2025-06-02T23:22:51.515+0530][202.096s] GC(209) Pause Remark 43M->43M(512M) 4.088ms
[2025-06-02T23:22:51.515+0530][202.096s] GC(209) User=0.02s Sys=0.00s Real=0.00s
[2025-06-02T23:22:51.515+0530][202.096s] GC(209) Concurrent Mark 20.197ms
[2025-06-02T23:22:51.515+0530][202.096s] GC(209) Concurrent Rebuild Remembered Sets
[2025-06-02T23:22:51.519+0530][202.099s] GC(209) Concurrent Rebuild Remembered Sets 3.578ms
[2025-06-02T23:22:51.519+0530][202.100s] GC(209) Pause Cleanup
[2025-06-02T23:22:51.519+0530][202.100s] GC(209) Pause Cleanup 44M->44M(512M) 0.244ms
[2025-06-02T23:22:51.519+0530][202.100s] GC(209) User=0.00s Sys=0.00s Real=0.00s
[2025-06-02T23:22:51.519+0530][202.100s] GC(209) Concurrent Cleanup for Next Mark
[2025-06-02T23:22:51.523+0530][202.104s] GC(209) Concurrent Cleanup for Next Mark 3.880ms
[2025-06-02T23:22:51.523+0530][202.104s] GC(209) Concurrent Mark Cycle 54.619ms
[2025-06-02T23:22:51.642+0530][202.223s] GC(210) Pause Young (Concurrent Start) (Metadata GC Threshold)
[2025-06-02T23:22:51.642+0530][202.223s] GC(210) Using 8 workers of 8 for evacuation
[2025-06-02T23:22:51.712+0530][202.293s] GC(210) Skipped phase 1 of Reference Processing: no references
[2025-06-02T23:22:51.712+0530][202.293s] GC(210) ReferenceProcessor::execute queues: 1, RefProcThreadModel::Single, marks_oops_alive: false
[2025-06-02T23:22:51.712+0530][202.293s] GC(210) Skipped phase 3 of Reference Processing: no references
[2025-06-02T23:22:51.712+0530][202.293s] GC(210) Skipped phase 4 of Reference Processing: no references
[2025-06-02T23:22:51.714+0530][202.295s] GC(210)   Pre Evacuate Collection Set: 3.7ms
[2025-06-02T23:22:51.714+0530][202.295s] GC(210)   Merge Heap Roots: 0.1ms
[2025-06-02T23:22:51.714+0530][202.295s] GC(210)   Evacuate Collection Set: 65.8ms
[2025-06-02T23:22:51.714+0530][202.295s] GC(210)   Post Evacuate Collection Set: 1.6ms
[2025-06-02T23:22:51.714+0530][202.295s] GC(210)   Other: 0.4ms
[2025-06-02T23:22:51.714+0530][202.295s] GC(210) Eden regions: 17->0(302)
[2025-06-02T23:22:51.714+0530][202.295s] GC(210) Survivor regions: 35->5(39)
[2025-06-02T23:22:51.714+0530][202.295s] GC(210) Old regions: 7->41
[2025-06-02T23:22:51.714+0530][202.295s] GC(210) Archive regions: 2->2
[2025-06-02T23:22:51.714+0530][202.295s] GC(210) Humongous regions: 0->0
[2025-06-02T23:22:51.714+0530][202.295s] GC(210) Metaspace: 37654K(131072K)->37654K(131072K) NonClass: 25751K(90688K)->25751K(90688K) Class: 11902K(40384K)->11902K(40384K)
[2025-06-02T23:22:51.714+0530][202.295s] GC(210) Pause Young (Concurrent Start) (Metadata GC Threshold) 57M->43M(512M) 71.689ms
[2025-06-02T23:22:51.714+0530][202.295s] GC(210) User=0.26s Sys=0.02s Real=0.07s
[2025-06-02T23:22:51.714+0530][202.295s] GC(211) Concurrent Mark Cycle
[2025-06-02T23:22:51.714+0530][202.295s] GC(212) Using 8 workers of 8 for full compaction
[2025-06-02T23:22:51.714+0530][202.295s] GC(211) Concurrent Clear Claimed Marks
[2025-06-02T23:22:51.714+0530][202.295s] GC(212) Pause Full (Metadata GC Threshold)
[2025-06-02T23:22:51.716+0530][202.297s] GC(211) Concurrent Clear Claimed Marks 2.052ms
[2025-06-02T23:22:51.716+0530][202.297s] GC(211) Concurrent Scan Root Regions
[2025-06-02T23:22:51.716+0530][202.297s] GC(211) Concurrent Scan Root Regions 0.037ms
[2025-06-02T23:22:51.716+0530][202.297s] GC(211) Concurrent Mark
[2025-06-02T23:22:51.717+0530][202.298s] GC(211) Concurrent Mark From Roots
[2025-06-02T23:22:51.717+0530][202.298s] GC(211) Using 2 workers of 2 for marking
[2025-06-02T23:22:51.717+0530][202.298s] GC(212) Phase 1: Mark live objects
[2025-06-02T23:22:51.729+0530][202.309s] GC(212) Skipped phase 1 of Reference Processing: no references
[2025-06-02T23:22:51.729+0530][202.310s] GC(212) ReferenceProcessor::execute queues: 2, RefProcThreadModel::Multi, marks_oops_alive: false
[2025-06-02T23:22:51.729+0530][202.310s] GC(212) Skipped phase 3 of Reference Processing: no references
[2025-06-02T23:22:51.729+0530][202.310s] GC(212) ReferenceProcessor::execute queues: 1, RefProcThreadModel::Single, marks_oops_alive: false
[2025-06-02T23:22:51.820+0530][202.400s] GC(212) Phase 1: Mark live objects 102.527ms
[2025-06-02T23:22:51.820+0530][202.401s] GC(212) Phase 2: Prepare for compaction
[2025-06-02T23:22:51.822+0530][202.403s] GC(212) Phase 2: Prepare for compaction 2.377ms
[2025-06-02T23:22:51.822+0530][202.403s] GC(212) Phase 3: Adjust pointers
[2025-06-02T23:22:51.828+0530][202.409s] GC(212) Phase 3: Adjust pointers 6.196ms
[2025-06-02T23:22:51.829+0530][202.409s] GC(212) Phase 4: Compact heap
[2025-06-02T23:22:51.829+0530][202.410s] GC(212) Phase 4: Compact heap 0.154ms
[2025-06-02T23:22:52.009+0530][202.590s] GC(212) Eden regions: 0->0(307)
[2025-06-02T23:22:52.009+0530][202.590s] GC(212) Survivor regions: 5->0(39)
[2025-06-02T23:22:52.009+0530][202.590s] GC(212) Old regions: 41->8
[2025-06-02T23:22:52.009+0530][202.590s] GC(212) Archive regions: 2->2
[2025-06-02T23:22:52.009+0530][202.590s] GC(212) Humongous regions: 0->0
[2025-06-02T23:22:52.009+0530][202.590s] GC(212) Metaspace: 37654K(131072K)->16176K(17664K) NonClass: 25751K(90688K)->14118K(15424K) Class: 11902K(40384K)->2058K(2240K)
[2025-06-02T23:22:52.009+0530][202.590s] GC(212) Pause Full (Metadata GC Threshold) 43M->6M(512M) 295.352ms
[2025-06-02T23:22:52.010+0530][202.591s] GC(212) User=0.31s Sys=0.04s Real=0.30s
[2025-06-02T23:22:52.010+0530][202.591s] GC(211) Concurrent Mark From Roots 293.077ms
[2025-06-02T23:22:52.010+0530][202.591s] GC(211) Concurrent Mark Abort
[2025-06-02T23:22:52.010+0530][202.591s] GC(211) Concurrent Mark Cycle 295.803ms
[2025-06-02T23:22:53.413+0530][203.994s] GC(213) Pause Young (Concurrent Start) (Metadata GC Threshold)
[2025-06-02T23:22:53.413+0530][203.994s] GC(213) Using 8 workers of 8 for evacuation
[2025-06-02T23:22:53.458+0530][204.039s] GC(213) Skipped phase 1 of Reference Processing: no references
[2025-06-02T23:22:53.458+0530][204.039s] GC(213) ReferenceProcessor::execute queues: 1, RefProcThreadModel::Single, marks_oops_alive: false
[2025-06-02T23:22:53.458+0530][204.039s] GC(213) Skipped phase 3 of Reference Processing: no references
[2025-06-02T23:22:53.458+0530][204.039s] GC(213) Skipped phase 4 of Reference Processing: no references
[2025-06-02T23:22:53.463+0530][204.044s] GC(213)   Pre Evacuate Collection Set: 2.0ms
[2025-06-02T23:22:53.463+0530][204.044s] GC(213)   Merge Heap Roots: 0.1ms
[2025-06-02T23:22:53.463+0530][204.044s] GC(213)   Evacuate Collection Set: 43.3ms
[2025-06-02T23:22:53.463+0530][204.044s] GC(213)   Post Evacuate Collection Set: 4.8ms
[2025-06-02T23:22:53.463+0530][204.044s] GC(213)   Other: 0.2ms
[2025-06-02T23:22:53.463+0530][204.044s] GC(213) Eden regions: 257->0(640)
[2025-06-02T23:22:53.463+0530][204.044s] GC(213) Survivor regions: 0->36(39)
[2025-06-02T23:22:53.463+0530][204.044s] GC(213) Old regions: 8->8
[2025-06-02T23:22:53.463+0530][204.044s] GC(213) Archive regions: 2->2
[2025-06-02T23:22:53.463+0530][204.044s] GC(213) Humongous regions: 0->0
[2025-06-02T23:22:53.463+0530][204.044s] GC(213) Metaspace: 37654K(131072K)->37654K(131072K) NonClass: 25751K(90688K)->25751K(90688K) Class: 11902K(40384K)->11902K(40384K)
[2025-06-02T23:22:53.463+0530][204.044s] GC(213) Pause Young (Concurrent Start) (Metadata GC Threshold) 263M->41M(1127M) 50.440ms
[2025-06-02T23:22:53.463+0530][204.044s] GC(213) User=0.29s Sys=0.01s Real=0.05s
[2025-06-02T23:22:53.463+0530][204.044s] GC(214) Using 8 workers of 8 for full compaction
[2025-06-02T23:22:53.463+0530][204.044s] GC(215) Concurrent Mark Cycle
[2025-06-02T23:22:53.463+0530][204.044s] GC(214) Pause Full (Metadata GC Threshold)
[2025-06-02T23:22:53.463+0530][204.044s] GC(215) Concurrent Clear Claimed Marks
[2025-06-02T23:22:53.466+0530][204.046s] GC(215) Concurrent Clear Claimed Marks 2.080ms
[2025-06-02T23:22:53.466+0530][204.046s] GC(215) Concurrent Scan Root Regions
[2025-06-02T23:22:53.466+0530][204.047s] GC(215) Concurrent Scan Root Regions 0.038ms
[2025-06-02T23:22:53.466+0530][204.047s] GC(215) Concurrent Mark
[2025-06-02T23:22:53.466+0530][204.047s] GC(215) Concurrent Mark From Roots
[2025-06-02T23:22:53.466+0530][204.047s] GC(215) Using 2 workers of 2 for marking
[2025-06-02T23:22:53.471+0530][204.052s] GC(214) Phase 1: Mark live objects
[2025-06-02T23:22:53.477+0530][204.058s] GC(214) Skipped phase 1 of Reference Processing: no references
[2025-06-02T23:22:53.478+0530][204.059s] GC(214) ReferenceProcessor::execute queues: 2, RefProcThreadModel::Multi, marks_oops_alive: false
[2025-06-02T23:22:53.478+0530][204.059s] GC(214) Skipped phase 3 of Reference Processing: no references
[2025-06-02T23:22:53.478+0530][204.059s] GC(214) ReferenceProcessor::execute queues: 1, RefProcThreadModel::Single, marks_oops_alive: false
[2025-06-02T23:22:53.554+0530][204.135s] GC(214) Phase 1: Mark live objects 82.450ms
[2025-06-02T23:22:53.554+0530][204.135s] GC(214) Phase 2: Prepare for compaction
[2025-06-02T23:22:53.555+0530][204.136s] GC(214) Phase 2: Prepare for compaction 0.946ms
[2025-06-02T23:22:53.555+0530][204.136s] GC(214) Phase 3: Adjust pointers
[2025-06-02T23:22:53.558+0530][204.139s] GC(214) Phase 3: Adjust pointers 3.679ms
[2025-06-02T23:22:53.558+0530][204.139s] GC(214) Phase 4: Compact heap
[2025-06-02T23:22:53.558+0530][204.139s] GC(214) Phase 4: Compact heap 0.135ms
[2025-06-02T23:22:53.692+0530][204.273s] GC(214) Eden regions: 0->0(307)
[2025-06-02T23:22:53.692+0530][204.273s] GC(214) Survivor regions: 36->0(39)
[2025-06-02T23:22:53.692+0530][204.273s] GC(214) Old regions: 8->8
[2025-06-02T23:22:53.692+0530][204.273s] GC(214) Archive regions: 2->2
[2025-06-02T23:22:53.692+0530][204.273s] GC(214) Humongous regions: 0->0
[2025-06-02T23:22:53.692+0530][204.273s] GC(214) Metaspace: 37654K(131072K)->16176K(17664K) NonClass: 25751K(90688K)->14118K(15424K) Class: 11902K(40384K)->2058K(2240K)
[2025-06-02T23:22:53.692+0530][204.273s] GC(214) Pause Full (Metadata GC Threshold) 41M->6M(512M) 228.478ms
[2025-06-02T23:22:53.692+0530][204.273s] GC(214) User=0.24s Sys=0.08s Real=0.23s
[2025-06-02T23:22:53.692+0530][204.273s] GC(215) Concurrent Mark From Roots 226.503ms
[2025-06-02T23:22:53.692+0530][204.273s] GC(215) Concurrent Mark Abort
[2025-06-02T23:22:53.692+0530][204.273s] GC(215) Concurrent Mark Cycle 228.835ms
[2025-06-02T23:22:54.968+0530][205.549s] GC(216) Pause Young (Concurrent Start) (Metadata GC Threshold)
[2025-06-02T23:22:54.968+0530][205.549s] GC(216) Using 8 workers of 8 for evacuation
[2025-06-02T23:22:55.010+0530][205.591s] GC(216) Skipped phase 1 of Reference Processing: no references
[2025-06-02T23:22:55.010+0530][205.591s] GC(216) ReferenceProcessor::execute queues: 1, RefProcThreadModel::Single, marks_oops_alive: false
[2025-06-02T23:22:55.010+0530][205.591s] GC(216) Skipped phase 3 of Reference Processing: no references
[2025-06-02T23:22:55.010+0530][205.591s] GC(216) Skipped phase 4 of Reference Processing: no references
[2025-06-02T23:22:55.011+0530][205.592s] GC(216)   Pre Evacuate Collection Set: 1.8ms
[2025-06-02T23:22:55.011+0530][205.592s] GC(216)   Merge Heap Roots: 0.1ms
[2025-06-02T23:22:55.011+0530][205.592s] GC(216)   Evacuate Collection Set: 40.2ms
[2025-06-02T23:22:55.011+0530][205.593s] GC(216)   Post Evacuate Collection Set: 1.4ms
[2025-06-02T23:22:55.012+0530][205.593s] GC(216)   Other: 0.2ms
[2025-06-02T23:22:55.012+0530][205.593s] GC(216) Eden regions: 242->0(272)
[2025-06-02T23:22:55.012+0530][205.593s] GC(216) Survivor regions: 0->35(39)
[2025-06-02T23:22:55.012+0530][205.593s] GC(216) Old regions: 8->8
[2025-06-02T23:22:55.012+0530][205.593s] GC(216) Archive regions: 2->2
[2025-06-02T23:22:55.012+0530][205.593s] GC(216) Humongous regions: 0->0
[2025-06-02T23:22:55.012+0530][205.593s] GC(216) Metaspace: 36304K(123904K)->36304K(123904K) NonClass: 25020K(85888K)->25020K(85888K) Class: 11283K(38016K)->11283K(38016K)
[2025-06-02T23:22:55.012+0530][205.593s] GC(216) Pause Young (Concurrent Start) (Metadata GC Threshold) 247M->40M(512M) 43.771ms
[2025-06-02T23:22:55.012+0530][205.593s] GC(216) User=0.29s Sys=0.01s Real=0.05s
[2025-06-02T23:22:55.012+0530][205.593s] GC(217) Concurrent Mark Cycle
[2025-06-02T23:22:55.012+0530][205.593s] GC(217) Concurrent Clear Claimed Marks
[2025-06-02T23:22:55.013+0530][205.594s] GC(217) Concurrent Clear Claimed Marks 1.487ms
[2025-06-02T23:22:55.013+0530][205.594s] GC(217) Concurrent Scan Root Regions
[2025-06-02T23:22:55.026+0530][205.607s] GC(217) Concurrent Scan Root Regions 12.959ms
[2025-06-02T23:22:55.026+0530][205.607s] GC(217) Concurrent Mark
[2025-06-02T23:22:55.026+0530][205.607s] GC(217) Concurrent Mark From Roots
[2025-06-02T23:22:55.026+0530][205.607s] GC(217) Using 2 workers of 2 for marking
[2025-06-02T23:22:55.034+0530][205.615s] GC(217) Concurrent Mark From Roots 7.708ms
[2025-06-02T23:22:55.034+0530][205.615s] GC(217) Concurrent Preclean
[2025-06-02T23:22:55.034+0530][205.615s] GC(217) Preclean SoftReferences 0.006ms
[2025-06-02T23:22:55.034+0530][205.615s] GC(217) Preclean WeakReferences 0.030ms
[2025-06-02T23:22:55.034+0530][205.615s] GC(217) Preclean FinalReferences 0.004ms
[2025-06-02T23:22:55.034+0530][205.615s] GC(217) Preclean PhantomReferences 0.012ms
[2025-06-02T23:22:55.034+0530][205.615s] GC(217) Concurrent Preclean 0.117ms
[2025-06-02T23:22:55.034+0530][205.615s] GC(217) Pause Remark
[2025-06-02T23:22:55.035+0530][205.616s] GC(217) Skipped phase 1 of Reference Processing: no references
[2025-06-02T23:22:55.035+0530][205.616s] GC(217) Skipped phase 2 of Reference Processing: no references
[2025-06-02T23:22:55.035+0530][205.616s] GC(217) Skipped phase 3 of Reference Processing: no references
[2025-06-02T23:22:55.035+0530][205.616s] GC(217) Skipped phase 4 of Reference Processing: no references
[2025-06-02T23:22:55.038+0530][205.619s] GC(217) Pause Remark 44M->44M(512M) 3.596ms
[2025-06-02T23:22:55.038+0530][205.619s] GC(217) User=0.02s Sys=0.00s Real=0.00s
[2025-06-02T23:22:55.038+0530][205.619s] GC(217) Concurrent Mark 11.776ms
[2025-06-02T23:22:55.038+0530][205.619s] GC(217) Concurrent Rebuild Remembered Sets
[2025-06-02T23:22:55.041+0530][205.622s] GC(217) Concurrent Rebuild Remembered Sets 3.259ms
[2025-06-02T23:22:55.042+0530][205.623s] GC(217) Pause Cleanup
[2025-06-02T23:22:55.042+0530][205.623s] GC(217) Pause Cleanup 44M->44M(512M) 0.167ms
[2025-06-02T23:22:55.042+0530][205.623s] GC(217) User=0.00s Sys=0.00s Real=0.00s
[2025-06-02T23:22:55.042+0530][205.623s] GC(217) Concurrent Cleanup for Next Mark
[2025-06-02T23:22:55.043+0530][205.624s] GC(217) Concurrent Cleanup for Next Mark 0.925ms
[2025-06-02T23:22:55.043+0530][205.624s] GC(217) Concurrent Mark Cycle 31.087ms
[2025-06-02T23:22:55.111+0530][205.692s] GC(218) Pause Young (Concurrent Start) (Metadata GC Threshold)
[2025-06-02T23:22:55.111+0530][205.692s] GC(218) Using 8 workers of 8 for evacuation
[2025-06-02T23:22:55.156+0530][205.737s] GC(218) Skipped phase 1 of Reference Processing: no references
[2025-06-02T23:22:55.156+0530][205.737s] GC(218) ReferenceProcessor::execute queues: 1, RefProcThreadModel::Single, marks_oops_alive: false
[2025-06-02T23:22:55.156+0530][205.737s] GC(218) Skipped phase 3 of Reference Processing: no references
[2025-06-02T23:22:55.156+0530][205.737s] GC(218) Skipped phase 4 of Reference Processing: no references
[2025-06-02T23:22:55.157+0530][205.738s] GC(218)   Pre Evacuate Collection Set: 1.8ms
[2025-06-02T23:22:55.157+0530][205.738s] GC(218)   Merge Heap Roots: 0.1ms
[2025-06-02T23:22:55.157+0530][205.738s] GC(218)   Evacuate Collection Set: 42.9ms
[2025-06-02T23:22:55.157+0530][205.738s] GC(218)   Post Evacuate Collection Set: 1.4ms
[2025-06-02T23:22:55.157+0530][205.738s] GC(218)   Other: 0.2ms
[2025-06-02T23:22:55.157+0530][205.738s] GC(218) Eden regions: 17->0(303)
[2025-06-02T23:22:55.157+0530][205.738s] GC(218) Survivor regions: 35->4(39)
[2025-06-02T23:22:55.157+0530][205.738s] GC(218) Old regions: 8->41
[2025-06-02T23:22:55.157+0530][205.738s] GC(218) Archive regions: 2->2
[2025-06-02T23:22:55.157+0530][205.738s] GC(218) Humongous regions: 0->0
[2025-06-02T23:22:55.157+0530][205.738s] GC(218) Metaspace: 37654K(131072K)->37654K(131072K) NonClass: 25751K(90688K)->25751K(90688K) Class: 11902K(40384K)->11902K(40384K)
[2025-06-02T23:22:55.157+0530][205.738s] GC(218) Pause Young (Concurrent Start) (Metadata GC Threshold) 57M->42M(512M) 46.552ms
[2025-06-02T23:22:55.157+0530][205.738s] GC(218) User=0.31s Sys=0.01s Real=0.04s
[2025-06-02T23:22:55.157+0530][205.738s] GC(219) Using 8 workers of 8 for full compaction
[2025-06-02T23:22:55.157+0530][205.738s] GC(220) Concurrent Mark Cycle
[2025-06-02T23:22:55.157+0530][205.738s] GC(219) Pause Full (Metadata GC Threshold)
[2025-06-02T23:22:55.157+0530][205.738s] GC(220) Concurrent Clear Claimed Marks
[2025-06-02T23:22:55.159+0530][205.740s] GC(220) Concurrent Clear Claimed Marks 1.915ms
[2025-06-02T23:22:55.159+0530][205.740s] GC(220) Concurrent Scan Root Regions
[2025-06-02T23:22:55.159+0530][205.740s] GC(220) Concurrent Scan Root Regions 0.046ms
[2025-06-02T23:22:55.159+0530][205.740s] GC(220) Concurrent Mark
[2025-06-02T23:22:55.159+0530][205.740s] GC(220) Concurrent Mark From Roots
[2025-06-02T23:22:55.159+0530][205.741s] GC(220) Using 2 workers of 2 for marking
[2025-06-02T23:22:55.160+0530][205.741s] GC(219) Phase 1: Mark live objects
[2025-06-02T23:22:55.166+0530][205.747s] GC(219) Skipped phase 1 of Reference Processing: no references
[2025-06-02T23:22:55.166+0530][205.747s] GC(219) ReferenceProcessor::execute queues: 2, RefProcThreadModel::Multi, marks_oops_alive: false
[2025-06-02T23:22:55.166+0530][205.747s] GC(219) Skipped phase 3 of Reference Processing: no references
[2025-06-02T23:22:55.166+0530][205.747s] GC(219) ReferenceProcessor::execute queues: 1, RefProcThreadModel::Single, marks_oops_alive: false
[2025-06-02T23:22:55.246+0530][205.827s] GC(219) Phase 1: Mark live objects 85.930ms
[2025-06-02T23:22:55.246+0530][205.827s] GC(219) Phase 2: Prepare for compaction
[2025-06-02T23:22:55.247+0530][205.828s] GC(219) Phase 2: Prepare for compaction 1.060ms
[2025-06-02T23:22:55.247+0530][205.828s] GC(219) Phase 3: Adjust pointers
[2025-06-02T23:22:55.251+0530][205.832s] GC(219) Phase 3: Adjust pointers 3.576ms
[2025-06-02T23:22:55.251+0530][205.832s] GC(219) Phase 4: Compact heap
[2025-06-02T23:22:55.251+0530][205.832s] GC(219) Phase 4: Compact heap 0.115ms
[2025-06-02T23:22:55.377+0530][205.958s] GC(219) Eden regions: 0->0(307)
[2025-06-02T23:22:55.377+0530][205.958s] GC(219) Survivor regions: 4->0(39)
[2025-06-02T23:22:55.377+0530][205.958s] GC(219) Old regions: 41->8
[2025-06-02T23:22:55.377+0530][205.958s] GC(219) Archive regions: 2->2
[2025-06-02T23:22:55.377+0530][205.958s] GC(219) Humongous regions: 0->0
[2025-06-02T23:22:55.377+0530][205.958s] GC(219) Metaspace: 37654K(131072K)->16176K(17664K) NonClass: 25751K(90688K)->14118K(15424K) Class: 11902K(40384K)->2058K(2240K)
[2025-06-02T23:22:55.377+0530][205.958s] GC(219) Pause Full (Metadata GC Threshold) 42M->6M(512M) 219.740ms
[2025-06-02T23:22:55.377+0530][205.958s] GC(219) User=0.24s Sys=0.02s Real=0.22s
[2025-06-02T23:22:55.377+0530][205.958s] GC(220) Concurrent Mark From Roots 217.890ms
[2025-06-02T23:22:55.377+0530][205.958s] GC(220) Concurrent Mark Abort
[2025-06-02T23:22:55.377+0530][205.958s] GC(220) Concurrent Mark Cycle 220.144ms
[2025-06-02T23:22:56.994+0530][207.575s] GC(221) Pause Young (Concurrent Start) (Metadata GC Threshold)
[2025-06-02T23:22:56.994+0530][207.575s] GC(221) Using 8 workers of 8 for evacuation
[2025-06-02T23:22:57.050+0530][207.631s] GC(221) Skipped phase 1 of Reference Processing: no references
[2025-06-02T23:22:57.050+0530][207.631s] GC(221) ReferenceProcessor::execute queues: 1, RefProcThreadModel::Single, marks_oops_alive: false
[2025-06-02T23:22:57.050+0530][207.631s] GC(221) Skipped phase 3 of Reference Processing: no references
[2025-06-02T23:22:57.050+0530][207.631s] GC(221) Skipped phase 4 of Reference Processing: no references
[2025-06-02T23:22:57.051+0530][207.632s] GC(221)   Pre Evacuate Collection Set: 2.0ms
[2025-06-02T23:22:57.051+0530][207.632s] GC(221)   Merge Heap Roots: 0.1ms
[2025-06-02T23:22:57.051+0530][207.632s] GC(221)   Evacuate Collection Set: 53.9ms
[2025-06-02T23:22:57.051+0530][207.632s] GC(221)   Post Evacuate Collection Set: 1.4ms
[2025-06-02T23:22:57.051+0530][207.632s] GC(221)   Other: 0.3ms
[2025-06-02T23:22:57.051+0530][207.632s] GC(221) Eden regions: 259->0(271)
[2025-06-02T23:22:57.051+0530][207.632s] GC(221) Survivor regions: 0->36(39)
[2025-06-02T23:22:57.051+0530][207.632s] GC(221) Old regions: 8->8
[2025-06-02T23:22:57.051+0530][207.632s] GC(221) Archive regions: 2->2
[2025-06-02T23:22:57.051+0530][207.632s] GC(221) Humongous regions: 0->0
[2025-06-02T23:22:57.051+0530][207.633s] GC(221) Metaspace: 37654K(131072K)->37654K(131072K) NonClass: 25751K(90688K)->25751K(90688K) Class: 11902K(40384K)->11902K(40384K)
[2025-06-02T23:22:57.051+0530][207.633s] GC(221) Pause Young (Concurrent Start) (Metadata GC Threshold) 264M->41M(512M) 57.817ms
[2025-06-02T23:22:57.051+0530][207.633s] GC(221) User=0.26s Sys=0.02s Real=0.06s
[2025-06-02T23:22:57.051+0530][207.633s] GC(222) Using 8 workers of 8 for full compaction
[2025-06-02T23:22:57.052+0530][207.633s] GC(223) Concurrent Mark Cycle
[2025-06-02T23:22:57.052+0530][207.633s] GC(222) Pause Full (Metadata GC Threshold)
[2025-06-02T23:22:57.052+0530][207.633s] GC(223) Concurrent Clear Claimed Marks
[2025-06-02T23:22:57.053+0530][207.635s] GC(223) Concurrent Clear Claimed Marks 1.892ms
[2025-06-02T23:22:57.053+0530][207.635s] GC(223) Concurrent Scan Root Regions
[2025-06-02T23:22:57.054+0530][207.635s] GC(223) Concurrent Scan Root Regions 0.033ms
[2025-06-02T23:22:57.054+0530][207.635s] GC(223) Concurrent Mark
[2025-06-02T23:22:57.054+0530][207.635s] GC(223) Concurrent Mark From Roots
[2025-06-02T23:22:57.054+0530][207.635s] GC(223) Using 2 workers of 2 for marking
[2025-06-02T23:22:57.055+0530][207.636s] GC(222) Phase 1: Mark live objects
[2025-06-02T23:22:57.061+0530][207.642s] GC(222) Skipped phase 1 of Reference Processing: no references
[2025-06-02T23:22:57.061+0530][207.642s] GC(222) ReferenceProcessor::execute queues: 2, RefProcThreadModel::Multi, marks_oops_alive: false
[2025-06-02T23:22:57.061+0530][207.643s] GC(222) Skipped phase 3 of Reference Processing: no references
[2025-06-02T23:22:57.061+0530][207.643s] GC(222) ReferenceProcessor::execute queues: 1, RefProcThreadModel::Single, marks_oops_alive: false
[2025-06-02T23:22:57.144+0530][207.725s] GC(222) Phase 1: Mark live objects 88.948ms
[2025-06-02T23:22:57.144+0530][207.725s] GC(222) Phase 2: Prepare for compaction
[2025-06-02T23:22:57.145+0530][207.726s] GC(222) Phase 2: Prepare for compaction 1.156ms
[2025-06-02T23:22:57.145+0530][207.726s] GC(222) Phase 3: Adjust pointers
[2025-06-02T23:22:57.149+0530][207.730s] GC(222) Phase 3: Adjust pointers 3.951ms
[2025-06-02T23:22:57.149+0530][207.730s] GC(222) Phase 4: Compact heap
[2025-06-02T23:22:57.149+0530][207.730s] GC(222) Phase 4: Compact heap 0.163ms
[2025-06-02T23:22:57.288+0530][207.869s] GC(222) Eden regions: 0->0(307)
[2025-06-02T23:22:57.288+0530][207.870s] GC(222) Survivor regions: 36->0(39)
[2025-06-02T23:22:57.288+0530][207.870s] GC(222) Old regions: 8->7
[2025-06-02T23:22:57.288+0530][207.870s] GC(222) Archive regions: 2->2
[2025-06-02T23:22:57.288+0530][207.870s] GC(222) Humongous regions: 0->0
[2025-06-02T23:22:57.288+0530][207.870s] GC(222) Metaspace: 37654K(131072K)->16176K(17664K) NonClass: 25751K(90688K)->14118K(15424K) Class: 11902K(40384K)->2058K(2240K)
[2025-06-02T23:22:57.288+0530][207.870s] GC(222) Pause Full (Metadata GC Threshold) 41M->6M(512M) 236.916ms
[2025-06-02T23:22:57.289+0530][207.870s] GC(222) User=0.26s Sys=0.03s Real=0.23s
[2025-06-02T23:22:57.289+0530][207.870s] GC(223) Concurrent Mark From Roots 235.160ms
[2025-06-02T23:22:57.289+0530][207.870s] GC(223) Concurrent Mark Abort
[2025-06-02T23:22:57.289+0530][207.870s] GC(223) Concurrent Mark Cycle 237.255ms
[2025-06-02T23:22:58.727+0530][209.308s] GC(224) Pause Young (Concurrent Start) (Metadata GC Threshold)
[2025-06-02T23:22:58.727+0530][209.309s] GC(224) Using 8 workers of 8 for evacuation
[2025-06-02T23:22:58.772+0530][209.353s] GC(224) Skipped phase 1 of Reference Processing: no references
[2025-06-02T23:22:58.772+0530][209.353s] GC(224) ReferenceProcessor::execute queues: 1, RefProcThreadModel::Single, marks_oops_alive: false
[2025-06-02T23:22:58.772+0530][209.353s] GC(224) Skipped phase 3 of Reference Processing: no references
[2025-06-02T23:22:58.772+0530][209.353s] GC(224) Skipped phase 4 of Reference Processing: no references
[2025-06-02T23:22:58.774+0530][209.355s] GC(224)   Pre Evacuate Collection Set: 1.8ms
[2025-06-02T23:22:58.774+0530][209.355s] GC(224)   Merge Heap Roots: 0.1ms
[2025-06-02T23:22:58.774+0530][209.355s] GC(224)   Evacuate Collection Set: 42.9ms
[2025-06-02T23:22:58.774+0530][209.355s] GC(224)   Post Evacuate Collection Set: 1.4ms
[2025-06-02T23:22:58.774+0530][209.355s] GC(224)   Other: 0.2ms
[2025-06-02T23:22:58.774+0530][209.355s] GC(224) Eden regions: 242->0(273)
[2025-06-02T23:22:58.774+0530][209.355s] GC(224) Survivor regions: 0->34(39)
[2025-06-02T23:22:58.774+0530][209.355s] GC(224) Old regions: 7->7
[2025-06-02T23:22:58.774+0530][209.355s] GC(224) Archive regions: 2->2
[2025-06-02T23:22:58.774+0530][209.355s] GC(224) Humongous regions: 0->0
[2025-06-02T23:22:58.774+0530][209.355s] GC(224) Metaspace: 36304K(123904K)->36304K(123904K) NonClass: 25020K(85888K)->25020K(85888K) Class: 11283K(38016K)->11283K(38016K)
[2025-06-02T23:22:58.774+0530][209.355s] GC(224) Pause Young (Concurrent Start) (Metadata GC Threshold) 248M->40M(512M) 46.499ms
[2025-06-02T23:22:58.774+0530][209.355s] GC(224) User=0.29s Sys=0.01s Real=0.05s
[2025-06-02T23:22:58.774+0530][209.355s] GC(225) Concurrent Mark Cycle
[2025-06-02T23:22:58.774+0530][209.355s] GC(225) Concurrent Clear Claimed Marks
[2025-06-02T23:22:58.776+0530][209.357s] GC(225) Concurrent Clear Claimed Marks 1.845ms
[2025-06-02T23:22:58.776+0530][209.357s] GC(225) Concurrent Scan Root Regions
[2025-06-02T23:22:58.789+0530][209.370s] GC(225) Concurrent Scan Root Regions 12.907ms
[2025-06-02T23:22:58.789+0530][209.370s] GC(225) Concurrent Mark
[2025-06-02T23:22:58.789+0530][209.370s] GC(225) Concurrent Mark From Roots
[2025-06-02T23:22:58.789+0530][209.370s] GC(225) Using 2 workers of 2 for marking
[2025-06-02T23:22:58.797+0530][209.379s] GC(225) Concurrent Mark From Roots 8.628ms
[2025-06-02T23:22:58.797+0530][209.379s] GC(225) Concurrent Preclean
[2025-06-02T23:22:58.797+0530][209.379s] GC(225) Preclean SoftReferences 0.006ms
[2025-06-02T23:22:58.797+0530][209.379s] GC(225) Preclean WeakReferences 0.018ms
[2025-06-02T23:22:58.797+0530][209.379s] GC(225) Preclean FinalReferences 0.004ms
[2025-06-02T23:22:58.798+0530][209.379s] GC(225) Preclean PhantomReferences 0.015ms
[2025-06-02T23:22:58.798+0530][209.379s] GC(225) Concurrent Preclean 0.110ms
[2025-06-02T23:22:58.798+0530][209.379s] GC(225) Pause Remark
[2025-06-02T23:22:58.798+0530][209.379s] GC(225) Skipped phase 1 of Reference Processing: no references
[2025-06-02T23:22:58.798+0530][209.379s] GC(225) Skipped phase 2 of Reference Processing: no references
[2025-06-02T23:22:58.798+0530][209.379s] GC(225) Skipped phase 3 of Reference Processing: no references
[2025-06-02T23:22:58.798+0530][209.379s] GC(225) Skipped phase 4 of Reference Processing: no references
[2025-06-02T23:22:58.801+0530][209.382s] GC(225) Pause Remark 43M->43M(512M) 3.551ms
[2025-06-02T23:22:58.801+0530][209.382s] GC(225) User=0.02s Sys=0.00s Real=0.01s
[2025-06-02T23:22:58.801+0530][209.383s] GC(225) Concurrent Mark 12.612ms
[2025-06-02T23:22:58.801+0530][209.383s] GC(225) Concurrent Rebuild Remembered Sets
[2025-06-02T23:22:58.805+0530][209.386s] GC(225) Concurrent Rebuild Remembered Sets 3.353ms
[2025-06-02T23:22:58.805+0530][209.386s] GC(225) Pause Cleanup
[2025-06-02T23:22:58.805+0530][209.386s] GC(225) Pause Cleanup 44M->44M(512M) 0.121ms
[2025-06-02T23:22:58.805+0530][209.386s] GC(225) User=0.00s Sys=0.00s Real=0.00s
[2025-06-02T23:22:58.805+0530][209.386s] GC(225) Concurrent Cleanup for Next Mark
[2025-06-02T23:22:58.806+0530][209.387s] GC(225) Concurrent Cleanup for Next Mark 0.637ms
[2025-06-02T23:22:58.806+0530][209.387s] GC(225) Concurrent Mark Cycle 31.877ms
[2025-06-02T23:22:58.873+0530][209.454s] GC(226) Pause Young (Concurrent Start) (Metadata GC Threshold)
[2025-06-02T23:22:58.873+0530][209.454s] GC(226) Using 8 workers of 8 for evacuation
[2025-06-02T23:22:58.919+0530][209.500s] GC(226) Skipped phase 1 of Reference Processing: no references
[2025-06-02T23:22:58.919+0530][209.500s] GC(226) ReferenceProcessor::execute queues: 1, RefProcThreadModel::Single, marks_oops_alive: false
[2025-06-02T23:22:58.919+0530][209.500s] GC(226) Skipped phase 3 of Reference Processing: no references
[2025-06-02T23:22:58.919+0530][209.500s] GC(226) Skipped phase 4 of Reference Processing: no references
[2025-06-02T23:22:58.920+0530][209.501s] GC(226)   Pre Evacuate Collection Set: 2.4ms
[2025-06-02T23:22:58.920+0530][209.501s] GC(226)   Merge Heap Roots: 0.1ms
[2025-06-02T23:22:58.920+0530][209.501s] GC(226)   Evacuate Collection Set: 43.5ms
[2025-06-02T23:22:58.920+0530][209.501s] GC(226)   Post Evacuate Collection Set: 1.0ms
[2025-06-02T23:22:58.920+0530][209.501s] GC(226)   Other: 0.2ms
[2025-06-02T23:22:58.920+0530][209.501s] GC(226) Eden regions: 17->0(302)
[2025-06-02T23:22:58.920+0530][209.501s] GC(226) Survivor regions: 34->5(39)
[2025-06-02T23:22:58.920+0530][209.501s] GC(226) Old regions: 7->40
[2025-06-02T23:22:58.920+0530][209.501s] GC(226) Archive regions: 2->2
[2025-06-02T23:22:58.920+0530][209.501s] GC(226) Humongous regions: 0->0
[2025-06-02T23:22:58.920+0530][209.501s] GC(226) Metaspace: 37654K(131072K)->37654K(131072K) NonClass: 25751K(90688K)->25751K(90688K) Class: 11902K(40384K)->11902K(40384K)
[2025-06-02T23:22:58.920+0530][209.501s] GC(226) Pause Young (Concurrent Start) (Metadata GC Threshold) 56M->43M(512M) 47.295ms
[2025-06-02T23:22:58.920+0530][209.501s] GC(226) User=0.29s Sys=0.01s Real=0.05s
[2025-06-02T23:22:58.920+0530][209.501s] GC(227) Using 8 workers of 8 for full compaction
[2025-06-02T23:22:58.920+0530][209.501s] GC(228) Concurrent Mark Cycle
[2025-06-02T23:22:58.920+0530][209.501s] GC(227) Pause Full (Metadata GC Threshold)
[2025-06-02T23:22:58.920+0530][209.501s] GC(228) Concurrent Clear Claimed Marks
[2025-06-02T23:22:58.922+0530][209.504s] GC(228) Concurrent Clear Claimed Marks 2.262ms
[2025-06-02T23:22:58.922+0530][209.504s] GC(228) Concurrent Scan Root Regions
[2025-06-02T23:22:58.922+0530][209.504s] GC(228) Concurrent Scan Root Regions 0.061ms
[2025-06-02T23:22:58.923+0530][209.504s] GC(228) Concurrent Mark
[2025-06-02T23:22:58.923+0530][209.504s] GC(228) Concurrent Mark From Roots
[2025-06-02T23:22:58.923+0530][209.504s] GC(228) Using 2 workers of 2 for marking
[2025-06-02T23:22:58.923+0530][209.505s] GC(227) Phase 1: Mark live objects
[2025-06-02T23:22:58.931+0530][209.512s] GC(227) Skipped phase 1 of Reference Processing: no references
[2025-06-02T23:22:58.931+0530][209.512s] GC(227) ReferenceProcessor::execute queues: 2, RefProcThreadModel::Multi, marks_oops_alive: false
[2025-06-02T23:22:58.931+0530][209.512s] GC(227) Skipped phase 3 of Reference Processing: no references
[2025-06-02T23:22:58.931+0530][209.512s] GC(227) ReferenceProcessor::execute queues: 1, RefProcThreadModel::Single, marks_oops_alive: false
[2025-06-02T23:22:59.008+0530][209.589s] GC(227) Phase 1: Mark live objects 84.408ms
[2025-06-02T23:22:59.008+0530][209.589s] GC(227) Phase 2: Prepare for compaction
[2025-06-02T23:22:59.009+0530][209.590s] GC(227) Phase 2: Prepare for compaction 1.009ms
[2025-06-02T23:22:59.009+0530][209.590s] GC(227) Phase 3: Adjust pointers
[2025-06-02T23:22:59.013+0530][209.594s] GC(227) Phase 3: Adjust pointers 3.737ms
[2025-06-02T23:22:59.013+0530][209.594s] GC(227) Phase 4: Compact heap
[2025-06-02T23:22:59.013+0530][209.594s] GC(227) Phase 4: Compact heap 0.147ms
[2025-06-02T23:22:59.143+0530][209.725s] GC(227) Eden regions: 0->0(307)
[2025-06-02T23:22:59.144+0530][209.725s] GC(227) Survivor regions: 5->0(39)
[2025-06-02T23:22:59.144+0530][209.725s] GC(227) Old regions: 40->7
[2025-06-02T23:22:59.144+0530][209.725s] GC(227) Archive regions: 2->2
[2025-06-02T23:22:59.144+0530][209.725s] GC(227) Humongous regions: 0->0
[2025-06-02T23:22:59.144+0530][209.725s] GC(227) Metaspace: 37654K(131072K)->16176K(17664K) NonClass: 25751K(90688K)->14118K(15424K) Class: 11902K(40384K)->2058K(2240K)
[2025-06-02T23:22:59.144+0530][209.725s] GC(227) Pause Full (Metadata GC Threshold) 43M->6M(512M) 223.540ms
[2025-06-02T23:22:59.144+0530][209.725s] GC(227) User=0.25s Sys=0.02s Real=0.22s
[2025-06-02T23:22:59.144+0530][209.725s] GC(228) Concurrent Mark From Roots 221.401ms
[2025-06-02T23:22:59.144+0530][209.725s] GC(228) Concurrent Mark Abort
[2025-06-02T23:22:59.144+0530][209.725s] GC(228) Concurrent Mark Cycle 224.009ms
[2025-06-02T23:23:00.640+0530][211.221s] GC(229) Pause Young (Concurrent Start) (Metadata GC Threshold)
[2025-06-02T23:23:00.640+0530][211.221s] GC(229) Using 8 workers of 8 for evacuation
[2025-06-02T23:23:00.687+0530][211.269s] GC(229) Skipped phase 1 of Reference Processing: no references
[2025-06-02T23:23:00.687+0530][211.269s] GC(229) ReferenceProcessor::execute queues: 1, RefProcThreadModel::Single, marks_oops_alive: false
[2025-06-02T23:23:00.687+0530][211.269s] GC(229) Skipped phase 3 of Reference Processing: no references
[2025-06-02T23:23:00.687+0530][211.269s] GC(229) Skipped phase 4 of Reference Processing: no references
[2025-06-02T23:23:00.692+0530][211.273s] GC(229)   Pre Evacuate Collection Set: 2.0ms
[2025-06-02T23:23:00.692+0530][211.273s] GC(229)   Merge Heap Roots: 0.1ms
[2025-06-02T23:23:00.692+0530][211.273s] GC(229)   Evacuate Collection Set: 45.0ms
[2025-06-02T23:23:00.692+0530][211.273s] GC(229)   Post Evacuate Collection Set: 4.6ms
[2025-06-02T23:23:00.692+0530][211.273s] GC(229)   Other: 0.2ms
[2025-06-02T23:23:00.692+0530][211.273s] GC(229) Eden regions: 259->0(640)
[2025-06-02T23:23:00.692+0530][211.273s] GC(229) Survivor regions: 0->36(39)
[2025-06-02T23:23:00.692+0530][211.273s] GC(229) Old regions: 7->7
[2025-06-02T23:23:00.692+0530][211.273s] GC(229) Archive regions: 2->2
[2025-06-02T23:23:00.692+0530][211.273s] GC(229) Humongous regions: 0->0
[2025-06-02T23:23:00.692+0530][211.273s] GC(229) Metaspace: 37654K(131072K)->37654K(131072K) NonClass: 25751K(90688K)->25751K(90688K) Class: 11902K(40384K)->11902K(40384K)
[2025-06-02T23:23:00.692+0530][211.273s] GC(229) Pause Young (Concurrent Start) (Metadata GC Threshold) 264M->41M(1127M) 52.032ms
[2025-06-02T23:23:00.692+0530][211.274s] GC(229) User=0.29s Sys=0.02s Real=0.05s
[2025-06-02T23:23:00.692+0530][211.274s] GC(230) Concurrent Mark Cycle
[2025-06-02T23:23:00.692+0530][211.274s] GC(231) Using 8 workers of 8 for full compaction
[2025-06-02T23:23:00.692+0530][211.274s] GC(230) Concurrent Clear Claimed Marks
[2025-06-02T23:23:00.692+0530][211.274s] GC(231) Pause Full (Metadata GC Threshold)
[2025-06-02T23:23:00.695+0530][211.276s] GC(230) Concurrent Clear Claimed Marks 2.310ms
[2025-06-02T23:23:00.695+0530][211.276s] GC(230) Concurrent Scan Root Regions
[2025-06-02T23:23:00.695+0530][211.276s] GC(230) Concurrent Scan Root Regions 0.060ms
[2025-06-02T23:23:00.695+0530][211.276s] GC(230) Concurrent Mark
[2025-06-02T23:23:00.695+0530][211.276s] GC(230) Concurrent Mark From Roots
[2025-06-02T23:23:00.695+0530][211.276s] GC(230) Using 2 workers of 2 for marking
[2025-06-02T23:23:00.700+0530][211.281s] GC(231) Phase 1: Mark live objects
[2025-06-02T23:23:00.706+0530][211.287s] GC(231) Skipped phase 1 of Reference Processing: no references
[2025-06-02T23:23:00.706+0530][211.287s] GC(231) ReferenceProcessor::execute queues: 2, RefProcThreadModel::Multi, marks_oops_alive: false
[2025-06-02T23:23:00.706+0530][211.287s] GC(231) Skipped phase 3 of Reference Processing: no references
[2025-06-02T23:23:00.706+0530][211.287s] GC(231) ReferenceProcessor::execute queues: 1, RefProcThreadModel::Single, marks_oops_alive: false
[2025-06-02T23:23:00.787+0530][211.368s] GC(231) Phase 1: Mark live objects 87.010ms
[2025-06-02T23:23:00.787+0530][211.368s] GC(231) Phase 2: Prepare for compaction
[2025-06-02T23:23:00.788+0530][211.369s] GC(231) Phase 2: Prepare for compaction 1.541ms
[2025-06-02T23:23:00.788+0530][211.370s] GC(231) Phase 3: Adjust pointers
[2025-06-02T23:23:00.792+0530][211.374s] GC(231) Phase 3: Adjust pointers 4.016ms
[2025-06-02T23:23:00.792+0530][211.374s] GC(231) Phase 4: Compact heap
[2025-06-02T23:23:00.792+0530][211.374s] GC(231) Phase 4: Compact heap 0.169ms
[2025-06-02T23:23:00.932+0530][211.514s] GC(231) Eden regions: 0->0(307)
[2025-06-02T23:23:00.932+0530][211.514s] GC(231) Survivor regions: 36->0(39)
[2025-06-02T23:23:00.932+0530][211.514s] GC(231) Old regions: 7->7
[2025-06-02T23:23:00.932+0530][211.514s] GC(231) Archive regions: 2->2
[2025-06-02T23:23:00.932+0530][211.514s] GC(231) Humongous regions: 0->0
[2025-06-02T23:23:00.932+0530][211.514s] GC(231) Metaspace: 37654K(131072K)->16176K(17664K) NonClass: 25751K(90688K)->14118K(15424K) Class: 11902K(40384K)->2058K(2240K)
[2025-06-02T23:23:00.932+0530][211.514s] GC(231) Pause Full (Metadata GC Threshold) 41M->6M(512M) 240.063ms
[2025-06-02T23:23:00.933+0530][211.514s] GC(231) User=0.25s Sys=0.08s Real=0.24s
[2025-06-02T23:23:00.933+0530][211.514s] GC(230) Concurrent Mark From Roots 237.990ms
[2025-06-02T23:23:00.937+0530][211.518s] GC(230) Concurrent Mark Abort
[2025-06-02T23:23:00.937+0530][211.518s] GC(230) Concurrent Mark Cycle 244.556ms
[2025-06-02T23:23:02.285+0530][212.866s] GC(232) Pause Young (Concurrent Start) (Metadata GC Threshold)
[2025-06-02T23:23:02.285+0530][212.866s] GC(232) Using 8 workers of 8 for evacuation
[2025-06-02T23:23:02.329+0530][212.910s] GC(232) Skipped phase 1 of Reference Processing: no references
[2025-06-02T23:23:02.329+0530][212.910s] GC(232) ReferenceProcessor::execute queues: 1, RefProcThreadModel::Single, marks_oops_alive: false
[2025-06-02T23:23:02.329+0530][212.910s] GC(232) Skipped phase 3 of Reference Processing: no references
[2025-06-02T23:23:02.329+0530][212.910s] GC(232) Skipped phase 4 of Reference Processing: no references
[2025-06-02T23:23:02.330+0530][212.912s] GC(232)   Pre Evacuate Collection Set: 1.9ms
[2025-06-02T23:23:02.330+0530][212.912s] GC(232)   Merge Heap Roots: 0.1ms
[2025-06-02T23:23:02.330+0530][212.912s] GC(232)   Evacuate Collection Set: 41.8ms
[2025-06-02T23:23:02.330+0530][212.912s] GC(232)   Post Evacuate Collection Set: 1.9ms
[2025-06-02T23:23:02.331+0530][212.912s] GC(232)   Other: 0.2ms
[2025-06-02T23:23:02.331+0530][212.912s] GC(232) Eden regions: 242->0(272)
[2025-06-02T23:23:02.331+0530][212.912s] GC(232) Survivor regions: 0->35(39)
[2025-06-02T23:23:02.331+0530][212.912s] GC(232) Old regions: 7->7
[2025-06-02T23:23:02.331+0530][212.912s] GC(232) Archive regions: 2->2
[2025-06-02T23:23:02.331+0530][212.912s] GC(232) Humongous regions: 0->0
[2025-06-02T23:23:02.331+0530][212.912s] GC(232) Metaspace: 36304K(123904K)->36304K(123904K) NonClass: 25020K(85888K)->25020K(85888K) Class: 11283K(38016K)->11283K(38016K)
[2025-06-02T23:23:02.331+0530][212.912s] GC(232) Pause Young (Concurrent Start) (Metadata GC Threshold) 248M->40M(512M) 46.023ms
[2025-06-02T23:23:02.331+0530][212.912s] GC(232) User=0.30s Sys=0.01s Real=0.05s
[2025-06-02T23:23:02.331+0530][212.912s] GC(233) Concurrent Mark Cycle
[2025-06-02T23:23:02.331+0530][212.912s] GC(233) Concurrent Clear Claimed Marks
[2025-06-02T23:23:02.333+0530][212.914s] GC(233) Concurrent Clear Claimed Marks 1.826ms
[2025-06-02T23:23:02.333+0530][212.914s] GC(233) Concurrent Scan Root Regions
[2025-06-02T23:23:02.345+0530][212.926s] GC(233) Concurrent Scan Root Regions 12.443ms
[2025-06-02T23:23:02.345+0530][212.926s] GC(233) Concurrent Mark
[2025-06-02T23:23:02.345+0530][212.926s] GC(233) Concurrent Mark From Roots
[2025-06-02T23:23:02.345+0530][212.926s] GC(233) Using 2 workers of 2 for marking
[2025-06-02T23:23:02.353+0530][212.935s] GC(233) Concurrent Mark From Roots 8.221ms
[2025-06-02T23:23:02.353+0530][212.935s] GC(233) Concurrent Preclean
[2025-06-02T23:23:02.353+0530][212.935s] GC(233) Preclean SoftReferences 0.006ms
[2025-06-02T23:23:02.353+0530][212.935s] GC(233) Preclean WeakReferences 0.014ms
[2025-06-02T23:23:02.353+0530][212.935s] GC(233) Preclean FinalReferences 0.004ms
[2025-06-02T23:23:02.353+0530][212.935s] GC(233) Preclean PhantomReferences 0.016ms
[2025-06-02T23:23:02.353+0530][212.935s] GC(233) Concurrent Preclean 0.095ms
[2025-06-02T23:23:02.354+0530][212.935s] GC(233) Pause Remark
[2025-06-02T23:23:02.354+0530][212.935s] GC(233) Skipped phase 1 of Reference Processing: no references
[2025-06-02T23:23:02.354+0530][212.935s] GC(233) Skipped phase 2 of Reference Processing: no references
[2025-06-02T23:23:02.354+0530][212.935s] GC(233) Skipped phase 3 of Reference Processing: no references
[2025-06-02T23:23:02.354+0530][212.935s] GC(233) Skipped phase 4 of Reference Processing: no references
[2025-06-02T23:23:02.357+0530][212.939s] GC(233) Pause Remark 44M->44M(512M) 3.826ms
[2025-06-02T23:23:02.357+0530][212.939s] GC(233) User=0.01s Sys=0.00s Real=0.00s
[2025-06-02T23:23:02.357+0530][212.939s] GC(233) Concurrent Mark 12.391ms
[2025-06-02T23:23:02.357+0530][212.939s] GC(233) Concurrent Rebuild Remembered Sets
[2025-06-02T23:23:02.361+0530][212.942s] GC(233) Concurrent Rebuild Remembered Sets 3.213ms
[2025-06-02T23:23:02.361+0530][212.942s] GC(233) Pause Cleanup
[2025-06-02T23:23:02.361+0530][212.942s] GC(233) Pause Cleanup 45M->45M(512M) 0.132ms
[2025-06-02T23:23:02.361+0530][212.942s] GC(233) User=0.00s Sys=0.00s Real=0.00s
[2025-06-02T23:23:02.361+0530][212.942s] GC(233) Concurrent Cleanup for Next Mark
[2025-06-02T23:23:02.362+0530][212.943s] GC(233) Concurrent Cleanup for Next Mark 0.501ms
[2025-06-02T23:23:02.362+0530][212.943s] GC(233) Concurrent Mark Cycle 30.912ms
[2025-06-02T23:23:02.421+0530][213.002s] GC(234) Pause Young (Concurrent Start) (Metadata GC Threshold)
[2025-06-02T23:23:02.421+0530][213.002s] GC(234) Using 8 workers of 8 for evacuation
[2025-06-02T23:23:02.465+0530][213.046s] GC(234) Skipped phase 1 of Reference Processing: no references
[2025-06-02T23:23:02.465+0530][213.046s] GC(234) ReferenceProcessor::execute queues: 1, RefProcThreadModel::Single, marks_oops_alive: false
[2025-06-02T23:23:02.465+0530][213.046s] GC(234) Skipped phase 3 of Reference Processing: no references
[2025-06-02T23:23:02.465+0530][213.046s] GC(234) Skipped phase 4 of Reference Processing: no references
[2025-06-02T23:23:02.466+0530][213.047s] GC(234)   Pre Evacuate Collection Set: 2.1ms
[2025-06-02T23:23:02.466+0530][213.047s] GC(234)   Merge Heap Roots: 0.1ms
[2025-06-02T23:23:02.466+0530][213.047s] GC(234)   Evacuate Collection Set: 41.3ms
[2025-06-02T23:23:02.466+0530][213.047s] GC(234)   Post Evacuate Collection Set: 1.0ms
[2025-06-02T23:23:02.466+0530][213.047s] GC(234)   Other: 0.2ms
[2025-06-02T23:23:02.466+0530][213.047s] GC(234) Eden regions: 17->0(303)
[2025-06-02T23:23:02.466+0530][213.047s] GC(234) Survivor regions: 35->4(39)
[2025-06-02T23:23:02.466+0530][213.047s] GC(234) Old regions: 7->40
[2025-06-02T23:23:02.466+0530][213.047s] GC(234) Archive regions: 2->2
[2025-06-02T23:23:02.466+0530][213.047s] GC(234) Humongous regions: 0->0
[2025-06-02T23:23:02.466+0530][213.047s] GC(234) Metaspace: 37654K(131072K)->37654K(131072K) NonClass: 25751K(90688K)->25751K(90688K) Class: 11902K(40384K)->11902K(40384K)
[2025-06-02T23:23:02.466+0530][213.047s] GC(234) Pause Young (Concurrent Start) (Metadata GC Threshold) 57M->42M(512M) 44.868ms
[2025-06-02T23:23:02.466+0530][213.047s] GC(234) User=0.33s Sys=0.01s Real=0.04s
[2025-06-02T23:23:02.466+0530][213.047s] GC(235) Using 8 workers of 8 for full compaction
[2025-06-02T23:23:02.466+0530][213.047s] GC(236) Concurrent Mark Cycle
[2025-06-02T23:23:02.466+0530][213.047s] GC(236) Concurrent Clear Claimed Marks
[2025-06-02T23:23:02.466+0530][213.047s] GC(235) Pause Full (Metadata GC Threshold)
[2025-06-02T23:23:02.468+0530][213.049s] GC(236) Concurrent Clear Claimed Marks 1.756ms
[2025-06-02T23:23:02.468+0530][213.049s] GC(236) Concurrent Scan Root Regions
[2025-06-02T23:23:02.468+0530][213.049s] GC(236) Concurrent Scan Root Regions 0.035ms
[2025-06-02T23:23:02.468+0530][213.049s] GC(236) Concurrent Mark
[2025-06-02T23:23:02.468+0530][213.049s] GC(236) Concurrent Mark From Roots
[2025-06-02T23:23:02.468+0530][213.049s] GC(236) Using 2 workers of 2 for marking
[2025-06-02T23:23:02.468+0530][213.050s] GC(235) Phase 1: Mark live objects
[2025-06-02T23:23:02.473+0530][213.055s] GC(235) Skipped phase 1 of Reference Processing: no references
[2025-06-02T23:23:02.474+0530][213.055s] GC(235) ReferenceProcessor::execute queues: 2, RefProcThreadModel::Multi, marks_oops_alive: false
[2025-06-02T23:23:02.474+0530][213.055s] GC(235) Skipped phase 3 of Reference Processing: no references
[2025-06-02T23:23:02.474+0530][213.055s] GC(235) ReferenceProcessor::execute queues: 1, RefProcThreadModel::Single, marks_oops_alive: false
[2025-06-02T23:23:02.547+0530][213.128s] GC(235) Phase 1: Mark live objects 78.490ms
[2025-06-02T23:23:02.547+0530][213.128s] GC(235) Phase 2: Prepare for compaction
[2025-06-02T23:23:02.548+0530][213.129s] GC(235) Phase 2: Prepare for compaction 1.033ms
[2025-06-02T23:23:02.548+0530][213.129s] GC(235) Phase 3: Adjust pointers
[2025-06-02T23:23:02.551+0530][213.133s] GC(235) Phase 3: Adjust pointers 3.455ms
[2025-06-02T23:23:02.551+0530][213.133s] GC(235) Phase 4: Compact heap
[2025-06-02T23:23:02.552+0530][213.133s] GC(235) Phase 4: Compact heap 0.133ms
[2025-06-02T23:23:02.678+0530][213.259s] GC(235) Eden regions: 0->0(307)
[2025-06-02T23:23:02.678+0530][213.259s] GC(235) Survivor regions: 4->0(39)
[2025-06-02T23:23:02.678+0530][213.259s] GC(235) Old regions: 40->7
[2025-06-02T23:23:02.678+0530][213.259s] GC(235) Archive regions: 2->2
[2025-06-02T23:23:02.678+0530][213.259s] GC(235) Humongous regions: 0->0
[2025-06-02T23:23:02.678+0530][213.259s] GC(235) Metaspace: 37654K(131072K)->16176K(17664K) NonClass: 25751K(90688K)->14118K(15424K) Class: 11902K(40384K)->2058K(2240K)
[2025-06-02T23:23:02.678+0530][213.259s] GC(235) Pause Full (Metadata GC Threshold) 42M->6M(512M) 211.680ms
[2025-06-02T23:23:02.678+0530][213.259s] GC(235) User=0.23s Sys=0.02s Real=0.21s
[2025-06-02T23:23:02.678+0530][213.259s] GC(236) Concurrent Mark From Roots 210.170ms
[2025-06-02T23:23:02.678+0530][213.259s] GC(236) Concurrent Mark Abort
[2025-06-02T23:23:02.678+0530][213.259s] GC(236) Concurrent Mark Cycle 212.137ms
[2025-06-02T23:23:03.229+0530][213.810s] Heap
[2025-06-02T23:23:03.229+0530][213.810s]  garbage-first heap   total 524288K, used 115749K [0x0000000780000000, 0x0000000800000000)
[2025-06-02T23:23:03.229+0530][213.810s]   region size 1024K, 107 young (109568K), 0 survivors (0K)
[2025-06-02T23:23:03.229+0530][213.811s]  Metaspace       used 24977K, committed 63424K, reserved 180224K
[2025-06-02T23:23:03.229+0530][213.811s]   class space    used 6088K, committed 17856K, reserved 114688K
