[2025-06-02T23:24:57.129+0530][0.008s] Using G1
[2025-06-02T23:24:57.133+0530][0.012s] Version: 17.0.8+9-LTS-211 (release)
[2025-06-02T23:24:57.133+0530][0.012s] CPUs: 8 total, 8 available
[2025-06-02T23:24:57.133+0530][0.012s] Memory: 16384M
[2025-06-02T23:24:57.133+0530][0.012s] Large Page Support: Disabled
[2025-06-02T23:24:57.133+0530][0.012s] NUMA Support: Disabled
[2025-06-02T23:24:57.133+0530][0.012s] Compressed Oops: Enabled (Zero based)
[2025-06-02T23:24:57.133+0530][0.012s] Heap Region Size: 1M
[2025-06-02T23:24:57.133+0530][0.012s] Heap Min Capacity: 512M
[2025-06-02T23:24:57.133+0530][0.012s] Heap Initial Capacity: 512M
[2025-06-02T23:24:57.133+0530][0.012s] Heap Max Capacity: 2G
[2025-06-02T23:24:57.133+0530][0.012s] Pre-touch: Disabled
[2025-06-02T23:24:57.133+0530][0.012s] Parallel Workers: 8
[2025-06-02T23:24:57.133+0530][0.012s] Concurrent Workers: 2
[2025-06-02T23:24:57.133+0530][0.012s] Concurrent Refinement Workers: 8
[2025-06-02T23:24:57.133+0530][0.012s] Periodic GC: Disabled
[2025-06-02T23:24:57.141+0530][0.020s] CDS archive(s) mapped at: [0x0000000130000000-0x0000000130be4000-0x0000000130be4000), size 12468224, SharedBaseAddress: 0x0000000130000000, ArchiveRelocationMode: 1.
[2025-06-02T23:24:57.141+0530][0.020s] Compressed class space mapped at: 0x0000000131000000-0x0000000138000000, reserved size: 117440512
[2025-06-02T23:24:57.141+0530][0.020s] Narrow klass base: 0x0000000130000000, Narrow klass shift: 0, Narrow klass range: 0x100000000
[2025-06-02T23:24:57.811+0530][0.690s] GC(0) Pause Young (Normal) (G1 Evacuation Pause)
[2025-06-02T23:24:57.811+0530][0.690s] GC(0) Using 8 workers of 8 for evacuation
[2025-06-02T23:24:57.814+0530][0.693s] GC(0) Skipped phase 1 of Reference Processing: no references
[2025-06-02T23:24:57.814+0530][0.693s] GC(0) ReferenceProcessor::execute queues: 1, RefProcThreadModel::Single, marks_oops_alive: false
[2025-06-02T23:24:57.814+0530][0.693s] GC(0) Skipped phase 3 of Reference Processing: no references
[2025-06-02T23:24:57.814+0530][0.693s] GC(0) ReferenceProcessor::execute queues: 1, RefProcThreadModel::Single, marks_oops_alive: false
[2025-06-02T23:24:57.815+0530][0.694s] GC(0)   Pre Evacuate Collection Set: 0.1ms
[2025-06-02T23:24:57.815+0530][0.694s] GC(0)   Merge Heap Roots: 0.1ms
[2025-06-02T23:24:57.815+0530][0.694s] GC(0)   Evacuate Collection Set: 2.3ms
[2025-06-02T23:24:57.815+0530][0.694s] GC(0)   Post Evacuate Collection Set: 0.5ms
[2025-06-02T23:24:57.815+0530][0.694s] GC(0)   Other: 0.9ms
[2025-06-02T23:24:57.815+0530][0.694s] GC(0) Eden regions: 25->0(44)
[2025-06-02T23:24:57.815+0530][0.694s] GC(0) Survivor regions: 0->3(4)
[2025-06-02T23:24:57.815+0530][0.694s] GC(0) Old regions: 0->0
[2025-06-02T23:24:57.815+0530][0.694s] GC(0) Archive regions: 2->2
[2025-06-02T23:24:57.815+0530][0.694s] GC(0) Humongous regions: 0->0
[2025-06-02T23:24:57.815+0530][0.694s] GC(0) Metaspace: 5640K(5888K)->5640K(5888K) NonClass: 4955K(5056K)->4955K(5056K) Class: 684K(832K)->684K(832K)
[2025-06-02T23:24:57.815+0530][0.694s] GC(0) Pause Young (Normal) (G1 Evacuation Pause) 25M->3M(514M) 4.113ms
[2025-06-02T23:24:57.815+0530][0.694s] GC(0) User=0.02s Sys=0.00s Real=0.00s
[2025-06-02T23:24:58.549+0530][1.428s] GC(1) Pause Young (Normal) (G1 Evacuation Pause)
[2025-06-02T23:24:58.549+0530][1.428s] GC(1) Using 8 workers of 8 for evacuation
[2025-06-02T23:24:58.553+0530][1.432s] GC(1) Skipped phase 1 of Reference Processing: no references
[2025-06-02T23:24:58.553+0530][1.432s] GC(1) ReferenceProcessor::execute queues: 2, RefProcThreadModel::Multi, marks_oops_alive: false
[2025-06-02T23:24:58.554+0530][1.433s] GC(1) Skipped phase 3 of Reference Processing: no references
[2025-06-02T23:24:58.554+0530][1.433s] GC(1) ReferenceProcessor::execute queues: 2, RefProcThreadModel::Multi, marks_oops_alive: false
[2025-06-02T23:24:58.554+0530][1.433s] GC(1)   Pre Evacuate Collection Set: 0.1ms
[2025-06-02T23:24:58.554+0530][1.433s] GC(1)   Merge Heap Roots: 0.0ms
[2025-06-02T23:24:58.554+0530][1.433s] GC(1)   Evacuate Collection Set: 4.2ms
[2025-06-02T23:24:58.554+0530][1.433s] GC(1)   Post Evacuate Collection Set: 0.7ms
[2025-06-02T23:24:58.554+0530][1.433s] GC(1)   Other: 0.1ms
[2025-06-02T23:24:58.554+0530][1.433s] GC(1) Eden regions: 44->0(130)
[2025-06-02T23:24:58.554+0530][1.433s] GC(1) Survivor regions: 3->5(6)
[2025-06-02T23:24:58.554+0530][1.433s] GC(1) Old regions: 0->0
[2025-06-02T23:24:58.554+0530][1.433s] GC(1) Archive regions: 2->2
[2025-06-02T23:24:58.554+0530][1.433s] GC(1) Humongous regions: 0->0
[2025-06-02T23:24:58.554+0530][1.433s] GC(1) Metaspace: 12642K(12992K)->12642K(12992K) NonClass: 10963K(11136K)->10963K(11136K) Class: 1678K(1856K)->1678K(1856K)
[2025-06-02T23:24:58.554+0530][1.433s] GC(1) Pause Young (Normal) (G1 Evacuation Pause) 47M->5M(514M) 5.441ms
[2025-06-02T23:24:58.554+0530][1.433s] GC(1) User=0.04s Sys=0.01s Real=0.01s
[2025-06-02T23:26:28.337+0530][91.219s] GC(2) Pause Young (Concurrent Start) (Metadata GC Threshold)
[2025-06-02T23:26:28.337+0530][91.219s] GC(2) Using 8 workers of 8 for evacuation
[2025-06-02T23:26:28.345+0530][91.227s] GC(2) Skipped phase 1 of Reference Processing: no references
[2025-06-02T23:26:28.345+0530][91.228s] GC(2) ReferenceProcessor::execute queues: 2, RefProcThreadModel::Multi, marks_oops_alive: false
[2025-06-02T23:26:28.345+0530][91.228s] GC(2) Skipped phase 3 of Reference Processing: no references
[2025-06-02T23:26:28.345+0530][91.228s] GC(2) ReferenceProcessor::execute queues: 1, RefProcThreadModel::Single, marks_oops_alive: false
[2025-06-02T23:26:28.346+0530][91.228s] GC(2)   Pre Evacuate Collection Set: 0.1ms
[2025-06-02T23:26:28.346+0530][91.228s] GC(2)   Merge Heap Roots: 0.1ms
[2025-06-02T23:26:28.346+0530][91.228s] GC(2)   Evacuate Collection Set: 7.8ms
[2025-06-02T23:26:28.346+0530][91.228s] GC(2)   Post Evacuate Collection Set: 0.8ms
[2025-06-02T23:26:28.346+0530][91.228s] GC(2)   Other: 0.4ms
[2025-06-02T23:26:28.346+0530][91.228s] GC(2) Eden regions: 127->0(237)
[2025-06-02T23:26:28.346+0530][91.228s] GC(2) Survivor regions: 5->9(17)
[2025-06-02T23:26:28.346+0530][91.228s] GC(2) Old regions: 0->0
[2025-06-02T23:26:28.346+0530][91.228s] GC(2) Archive regions: 2->2
[2025-06-02T23:26:28.346+0530][91.228s] GC(2) Humongous regions: 0->0
[2025-06-02T23:26:28.346+0530][91.228s] GC(2) Metaspace: 21014K(21504K)->21014K(21504K) NonClass: 18342K(18560K)->18342K(18560K) Class: 2672K(2944K)->2672K(2944K)
[2025-06-02T23:26:28.346+0530][91.228s] GC(2) Pause Young (Concurrent Start) (Metadata GC Threshold) 132M->9M(514M) 9.249ms
[2025-06-02T23:26:28.346+0530][91.228s] GC(2) User=0.04s Sys=0.01s Real=0.01s
[2025-06-02T23:26:28.346+0530][91.229s] GC(3) Concurrent Mark Cycle
[2025-06-02T23:26:28.346+0530][91.229s] GC(3) Concurrent Clear Claimed Marks
[2025-06-02T23:26:28.346+0530][91.229s] GC(3) Concurrent Clear Claimed Marks 0.035ms
[2025-06-02T23:26:28.346+0530][91.229s] GC(3) Concurrent Scan Root Regions
[2025-06-02T23:26:28.352+0530][91.234s] GC(3) Concurrent Scan Root Regions 5.578ms
[2025-06-02T23:26:28.352+0530][91.234s] GC(3) Concurrent Mark
[2025-06-02T23:26:28.352+0530][91.234s] GC(3) Concurrent Mark From Roots
[2025-06-02T23:26:28.352+0530][91.234s] GC(3) Using 2 workers of 2 for marking
[2025-06-02T23:26:28.353+0530][91.236s] GC(3) Concurrent Mark From Roots 1.762ms
[2025-06-02T23:26:28.353+0530][91.236s] GC(3) Concurrent Preclean
[2025-06-02T23:26:28.354+0530][91.236s] GC(3) Preclean SoftReferences 0.013ms
[2025-06-02T23:26:28.354+0530][91.236s] GC(3) Preclean WeakReferences 0.006ms
[2025-06-02T23:26:28.354+0530][91.236s] GC(3) Preclean FinalReferences 0.004ms
[2025-06-02T23:26:28.354+0530][91.236s] GC(3) Preclean PhantomReferences 0.004ms
[2025-06-02T23:26:28.354+0530][91.236s] GC(3) Concurrent Preclean 0.128ms
[2025-06-02T23:26:28.354+0530][91.236s] GC(3) Pause Remark
[2025-06-02T23:26:28.354+0530][91.237s] GC(3) Skipped phase 1 of Reference Processing: no references
[2025-06-02T23:26:28.354+0530][91.237s] GC(3) Skipped phase 2 of Reference Processing: no references
[2025-06-02T23:26:28.354+0530][91.237s] GC(3) Skipped phase 3 of Reference Processing: no references
[2025-06-02T23:26:28.354+0530][91.237s] GC(3) Skipped phase 4 of Reference Processing: no references
[2025-06-02T23:26:28.355+0530][91.238s] GC(3) Pause Remark 12M->12M(512M) 1.537ms
[2025-06-02T23:26:28.355+0530][91.238s] GC(3) User=0.01s Sys=0.00s Real=0.00s
[2025-06-02T23:26:28.355+0530][91.238s] GC(3) Concurrent Mark 3.764ms
[2025-06-02T23:26:28.355+0530][91.238s] GC(3) Concurrent Rebuild Remembered Sets
[2025-06-02T23:26:28.355+0530][91.238s] GC(3) Concurrent Rebuild Remembered Sets 0.014ms
[2025-06-02T23:26:28.356+0530][91.238s] GC(3) Pause Cleanup
[2025-06-02T23:26:28.356+0530][91.238s] GC(3) Pause Cleanup 12M->12M(512M) 0.029ms
[2025-06-02T23:26:28.356+0530][91.238s] GC(3) User=0.00s Sys=0.00s Real=0.00s
[2025-06-02T23:26:28.356+0530][91.238s] GC(3) Concurrent Cleanup for Next Mark
[2025-06-02T23:26:28.360+0530][91.243s] GC(3) Concurrent Cleanup for Next Mark 4.288ms
[2025-06-02T23:26:28.360+0530][91.243s] GC(3) Concurrent Mark Cycle 14.175ms
[2025-06-02T23:30:29.034+0530][331.916s] GC(4) Pause Young (Normal) (G1 Evacuation Pause)
[2025-06-02T23:30:29.034+0530][331.916s] GC(4) Using 8 workers of 8 for evacuation
[2025-06-02T23:30:29.046+0530][331.928s] GC(4) Skipped phase 1 of Reference Processing: no references
[2025-06-02T23:30:29.047+0530][331.929s] GC(4) ReferenceProcessor::execute queues: 2, RefProcThreadModel::Multi, marks_oops_alive: false
[2025-06-02T23:30:29.047+0530][331.929s] GC(4) ReferenceProcessor::execute queues: 8, RefProcThreadModel::Multi, marks_oops_alive: true
[2025-06-02T23:30:29.047+0530][331.929s] GC(4) ReferenceProcessor::execute queues: 1, RefProcThreadModel::Single, marks_oops_alive: false
[2025-06-02T23:30:29.048+0530][331.930s] GC(4)   Pre Evacuate Collection Set: 0.1ms
[2025-06-02T23:30:29.049+0530][331.931s] GC(4)   Merge Heap Roots: 0.1ms
[2025-06-02T23:30:29.049+0530][331.931s] GC(4)   Evacuate Collection Set: 11.4ms
[2025-06-02T23:30:29.049+0530][331.931s] GC(4)   Post Evacuate Collection Set: 2.2ms
[2025-06-02T23:30:29.049+0530][331.931s] GC(4)   Other: 0.5ms
[2025-06-02T23:30:29.049+0530][331.931s] GC(4) Eden regions: 237->0(297)
[2025-06-02T23:30:29.049+0530][331.931s] GC(4) Survivor regions: 9->10(31)
[2025-06-02T23:30:29.049+0530][331.931s] GC(4) Old regions: 0->0
[2025-06-02T23:30:29.049+0530][331.931s] GC(4) Archive regions: 2->2
[2025-06-02T23:30:29.049+0530][331.931s] GC(4) Humongous regions: 0->0
[2025-06-02T23:30:29.049+0530][331.931s] GC(4) Metaspace: 21433K(21952K)->21433K(21952K) NonClass: 18747K(19008K)->18747K(19008K) Class: 2685K(2944K)->2685K(2944K)
[2025-06-02T23:30:29.049+0530][331.931s] GC(4) Pause Young (Normal) (G1 Evacuation Pause) 246M->10M(512M) 14.775ms
[2025-06-02T23:30:29.049+0530][331.931s] GC(4) User=0.05s Sys=0.01s Real=0.01s
[2025-06-02T23:33:39.176+0530][522.065s] Heap
[2025-06-02T23:33:39.178+0530][522.067s]  garbage-first heap   total 524288K, used 199000K [0x0000000780000000, 0x0000000800000000)
[2025-06-02T23:33:39.178+0530][522.068s]   region size 1024K, 194 young (198656K), 10 survivors (10240K)
[2025-06-02T23:33:39.178+0530][522.068s]  Metaspace       used 21519K, committed 22016K, reserved 180224K
[2025-06-02T23:33:39.178+0530][522.068s]   class space    used 2698K, committed 2944K, reserved 114688K
