[2025-06-03T11:04:25.970+0530][0.008s] Using G1
[2025-06-03T11:04:25.974+0530][0.013s] Version: 17.0.8+9-LTS-211 (release)
[2025-06-03T11:04:25.975+0530][0.013s] CPUs: 8 total, 8 available
[2025-06-03T11:04:25.975+0530][0.013s] Memory: 16384M
[2025-06-03T11:04:25.975+0530][0.013s] Large Page Support: Disabled
[2025-06-03T11:04:25.975+0530][0.013s] NUMA Support: Disabled
[2025-06-03T11:04:25.975+0530][0.013s] Compressed Oops: Enabled (Zero based)
[2025-06-03T11:04:25.975+0530][0.013s] Heap Region Size: 1M
[2025-06-03T11:04:25.975+0530][0.013s] Heap Min Capacity: 512M
[2025-06-03T11:04:25.975+0530][0.013s] Heap Initial Capacity: 512M
[2025-06-03T11:04:25.975+0530][0.013s] Heap Max Capacity: 2G
[2025-06-03T11:04:25.975+0530][0.013s] Pre-touch: Disabled
[2025-06-03T11:04:25.975+0530][0.013s] Parallel Workers: 8
[2025-06-03T11:04:25.975+0530][0.013s] Concurrent Workers: 2
[2025-06-03T11:04:25.975+0530][0.013s] Concurrent Refinement Workers: 8
[2025-06-03T11:04:25.975+0530][0.013s] Periodic GC: Disabled
[2025-06-03T11:04:25.983+0530][0.021s] CDS archive(s) mapped at: [0x0000000127000000-0x0000000127be4000-0x0000000127be4000), size 12468224, SharedBaseAddress: 0x0000000127000000, ArchiveRelocationMode: 1.
[2025-06-03T11:04:25.983+0530][0.021s] Compressed class space mapped at: 0x0000000128000000-0x000000012f000000, reserved size: 117440512
[2025-06-03T11:04:25.983+0530][0.021s] Narrow klass base: 0x0000000127000000, Narrow klass shift: 0, Narrow klass range: 0x100000000
[2025-06-03T11:04:26.511+0530][0.549s] GC(0) Pause Young (Normal) (G1 Evacuation Pause)
[2025-06-03T11:04:26.511+0530][0.550s] GC(0) Using 8 workers of 8 for evacuation
[2025-06-03T11:04:26.514+0530][0.552s] GC(0) Skipped phase 1 of Reference Processing: no references
[2025-06-03T11:04:26.514+0530][0.552s] GC(0) ReferenceProcessor::execute queues: 1, RefProcThreadModel::Single, marks_oops_alive: false
[2025-06-03T11:04:26.514+0530][0.552s] GC(0) Skipped phase 3 of Reference Processing: no references
[2025-06-03T11:04:26.514+0530][0.552s] GC(0) ReferenceProcessor::execute queues: 1, RefProcThreadModel::Single, marks_oops_alive: false
[2025-06-03T11:04:26.514+0530][0.552s] GC(0)   Pre Evacuate Collection Set: 0.1ms
[2025-06-03T11:04:26.514+0530][0.552s] GC(0)   Merge Heap Roots: 0.2ms
[2025-06-03T11:04:26.514+0530][0.552s] GC(0)   Evacuate Collection Set: 1.8ms
[2025-06-03T11:04:26.514+0530][0.552s] GC(0)   Post Evacuate Collection Set: 0.5ms
[2025-06-03T11:04:26.514+0530][0.552s] GC(0)   Other: 0.8ms
[2025-06-03T11:04:26.514+0530][0.552s] GC(0) Eden regions: 25->0(44)
[2025-06-03T11:04:26.514+0530][0.552s] GC(0) Survivor regions: 0->3(4)
[2025-06-03T11:04:26.514+0530][0.552s] GC(0) Old regions: 0->0
[2025-06-03T11:04:26.514+0530][0.552s] GC(0) Archive regions: 2->2
[2025-06-03T11:04:26.514+0530][0.552s] GC(0) Humongous regions: 0->0
[2025-06-03T11:04:26.514+0530][0.552s] GC(0) Metaspace: 5650K(5888K)->5650K(5888K) NonClass: 4964K(5056K)->4964K(5056K) Class: 686K(832K)->686K(832K)
[2025-06-03T11:04:26.514+0530][0.552s] GC(0) Pause Young (Normal) (G1 Evacuation Pause) 25M->3M(514M) 3.552ms
[2025-06-03T11:04:26.514+0530][0.553s] GC(0) User=0.01s Sys=0.00s Real=0.00s
[2025-06-03T11:04:27.236+0530][1.274s] GC(1) Pause Young (Normal) (G1 Evacuation Pause)
[2025-06-03T11:04:27.236+0530][1.274s] GC(1) Using 8 workers of 8 for evacuation
[2025-06-03T11:04:27.241+0530][1.279s] GC(1) Skipped phase 1 of Reference Processing: no references
[2025-06-03T11:04:27.241+0530][1.279s] GC(1) ReferenceProcessor::execute queues: 2, RefProcThreadModel::Multi, marks_oops_alive: false
[2025-06-03T11:04:27.241+0530][1.279s] GC(1) Skipped phase 3 of Reference Processing: no references
[2025-06-03T11:04:27.241+0530][1.279s] GC(1) ReferenceProcessor::execute queues: 2, RefProcThreadModel::Multi, marks_oops_alive: false
[2025-06-03T11:04:27.242+0530][1.280s] GC(1)   Pre Evacuate Collection Set: 0.1ms
[2025-06-03T11:04:27.242+0530][1.280s] GC(1)   Merge Heap Roots: 0.1ms
[2025-06-03T11:04:27.242+0530][1.280s] GC(1)   Evacuate Collection Set: 4.4ms
[2025-06-03T11:04:27.242+0530][1.280s] GC(1)   Post Evacuate Collection Set: 0.8ms
[2025-06-03T11:04:27.242+0530][1.280s] GC(1)   Other: 0.1ms
[2025-06-03T11:04:27.242+0530][1.280s] GC(1) Eden regions: 44->0(132)
[2025-06-03T11:04:27.242+0530][1.280s] GC(1) Survivor regions: 3->5(6)
[2025-06-03T11:04:27.242+0530][1.280s] GC(1) Old regions: 0->0
[2025-06-03T11:04:27.242+0530][1.280s] GC(1) Archive regions: 2->2
[2025-06-03T11:04:27.242+0530][1.280s] GC(1) Humongous regions: 0->0
[2025-06-03T11:04:27.242+0530][1.280s] GC(1) Metaspace: 12730K(13120K)->12730K(13120K) NonClass: 11039K(11264K)->11039K(11264K) Class: 1691K(1856K)->1691K(1856K)
[2025-06-03T11:04:27.242+0530][1.280s] GC(1) Pause Young (Normal) (G1 Evacuation Pause) 47M->5M(514M) 5.884ms
[2025-06-03T11:04:27.242+0530][1.280s] GC(1) User=0.04s Sys=0.00s Real=0.01s
[2025-06-03T11:04:41.059+0530][15.098s] Heap
[2025-06-03T11:04:41.059+0530][15.098s]  garbage-first heap   total 526336K, used 27331K [0x0000000780000000, 0x0000000800000000)
[2025-06-03T11:04:41.059+0530][15.098s]   region size 1024K, 26 young (26624K), 5 survivors (5120K)
[2025-06-03T11:04:41.059+0530][15.098s]  Metaspace       used 14339K, committed 14720K, reserved 180224K
[2025-06-03T11:04:41.059+0530][15.098s]   class space    used 1936K, committed 2112K, reserved 114688K
